--------- beginning of main
08-16 14:47:55.335 I/tvos    ( 1764): GetAudioOutputDevice, retval : 0
08-16 14:47:55.585 I/tvos    ( 1764): GetAudioOutputDevice, retval : 0
08-16 14:47:55.762 E/LetvRemoteupgradeManager-JNI( 2613): can't get LetvManager service!
08-16 14:47:55.836 I/tvos    ( 1764): GetAudioOutputDevice, retval : 0
08-16 14:47:56.086 I/tvos    ( 1764): GetAudioOutputDevice, retval : 0
08-16 14:47:56.218 I/Radio-JNI(24046): register_android_hardware_Radio DONE
--------- beginning of system
08-16 14:47:56.245 I/ActivityManager( 2207): Force stopping com.le.tcauto.uitest appid=10097 user=0: start instr
08-16 14:47:56.257 I/art     (24055): Late-enabling -Xcheck:jni
08-16 14:47:56.259 I/ActivityManager( 2207): Start proc 24055:com.le.tcauto.uitest/u0a97 for added application com.le.tcauto.uitest
08-16 14:47:56.301 W/System  (24055): ClassLoader referenced unknown path: /data/app/com.le.tcauto.uitest.test-1/lib/arm64
08-16 14:47:56.301 W/System  (24055): ClassLoader referenced unknown path: /data/app/com.le.tcauto.uitest-1/lib/arm64
08-16 14:47:56.316 I/MonitoringInstrumentation(24055): Instrumentation Started!
08-16 14:47:56.317 I/MonitoringInstrumentation(24055): Setting context classloader to 'dalvik.system.PathClassLoader[DexPathList[[zip file "/system/framework/android.test.runner.jar", zip file "/data/app/com.le.tcauto.uitest.test-1/base.apk", zip file "/data/app/com.le.tcauto.uitest-1/base.apk"],nativeLibraryDirectories=[/data/app/com.le.tcauto.uitest.test-1/lib/arm64, /data/app/com.le.tcauto.uitest-1/lib/arm64, /vendor/lib64, /system/lib64]]]', Original: 'dalvik.system.PathClassLoader[DexPathList[[zip file "/system/framework/android.test.runner.jar", zip file "/data/app/com.le.tcauto.uitest.test-1/base.apk", zip file "/data/app/com.le.tcauto.uitest-1/base.apk"],nativeLibraryDirectories=[/data/app/com.le.tcauto.uitest.test-1/lib/arm64, /data/app/com.le.tcauto.uitest-1/lib/arm64, /vendor/lib64, /system/lib64]]]'
08-16 14:47:56.320 I/MonitoringInstrumentation(24055): No JSBridge.
08-16 14:47:56.320 I/MonitoringInstrumentation(24055): java.lang.ClassNotFoundException: android.support.test.espresso.web.bridge.JavaScriptBridge
08-16 14:47:56.320 I/MonitoringInstrumentation(24055): 	at java.lang.Class.classForName(Native Method)
08-16 14:47:56.320 I/MonitoringInstrumentation(24055): 	at java.lang.Class.forName(Class.java:324)
08-16 14:47:56.320 I/MonitoringInstrumentation(24055): 	at java.lang.Class.forName(Class.java:285)
08-16 14:47:56.320 I/MonitoringInstrumentation(24055): 	at android.support.test.runner.MonitoringInstrumentation.tryLoadingJsBridge(MonitoringInstrumentation.java:612)
08-16 14:47:56.320 I/MonitoringInstrumentation(24055): 	at android.support.test.runner.MonitoringInstrumentation.access$100(MonitoringInstrumentation.java:88)
08-16 14:47:56.320 I/MonitoringInstrumentation(24055): 	at android.support.test.runner.MonitoringInstrumentation$3.run(MonitoringInstrumentation.java:223)
08-16 14:47:56.320 I/MonitoringInstrumentation(24055): 	at android.app.Instrumentation$SyncRunnable.run(Instrumentation.java:1897)
08-16 14:47:56.320 I/MonitoringInstrumentation(24055): 	at android.os.Handler.handleCallback(Handler.java:739)
08-16 14:47:56.320 I/MonitoringInstrumentation(24055): 	at android.os.Handler.dispatchMessage(Handler.java:95)
08-16 14:47:56.320 I/MonitoringInstrumentation(24055): 	at android.os.Looper.loop(Looper.java:148)
08-16 14:47:56.320 I/MonitoringInstrumentation(24055): 	at android.app.ActivityThread.main(ActivityThread.java:5423)
08-16 14:47:56.320 I/MonitoringInstrumentation(24055): 	at java.lang.reflect.Method.invoke(Native Method)
08-16 14:47:56.320 I/MonitoringInstrumentation(24055): 	at com.android.internal.os.ZygoteInit$MethodAndArgsCaller.run(ZygoteInit.java:744)
08-16 14:47:56.320 I/MonitoringInstrumentation(24055): 	at com.android.internal.os.ZygoteInit.main(ZygoteInit.java:634)
08-16 14:47:56.320 I/MonitoringInstrumentation(24055): Caused by: java.lang.ClassNotFoundException: Didn't find class "android.support.test.espresso.web.bridge.JavaScriptBridge" on path: DexPathList[[zip file "/system/framework/android.test.runner.jar", zip file "/data/app/com.le.tcauto.uitest.test-1/base.apk", zip file "/data/app/com.le.tcauto.uitest-1/base.apk"],nativeLibraryDirectories=[/data/app/com.le.tcauto.uitest.test-1/lib/arm64, /data/app/com.le.tcauto.uitest-1/lib/arm64, /vendor/lib64, /system/lib64]]
08-16 14:47:56.320 I/MonitoringInstrumentation(24055): 	at dalvik.system.BaseDexClassLoader.findClass(BaseDexClassLoader.java:56)
08-16 14:47:56.320 I/MonitoringInstrumentation(24055): 	at java.lang.ClassLoader.loadClass(ClassLoader.java:511)
08-16 14:47:56.320 I/MonitoringInstrumentation(24055): 	at java.lang.ClassLoader.loadClass(ClassLoader.java:469)
08-16 14:47:56.320 I/MonitoringInstrumentation(24055): 	... 14 more
08-16 14:47:56.320 I/MonitoringInstrumentation(24055): 	Suppressed: java.lang.ClassNotFoundException: android.support.test.espresso.web.bridge.JavaScriptBridge
08-16 14:47:56.320 I/MonitoringInstrumentation(24055): 		at java.lang.Class.classForName(Native Method)
08-16 14:47:56.320 I/MonitoringInstrumentation(24055): 		at java.lang.BootClassLoader.findClass(ClassLoader.java:781)
08-16 14:47:56.320 I/MonitoringInstrumentation(24055): 		at java.lang.BootClassLoader.loadClass(ClassLoader.java:841)
08-16 14:47:56.320 I/MonitoringInstrumentation(24055): 		at java.lang.ClassLoader.loadClass(ClassLoader.java:504)
08-16 14:47:56.320 I/MonitoringInstrumentation(24055): 		... 15 more
08-16 14:47:56.320 I/MonitoringInstrumentation(24055): 	Caused by: java.lang.NoClassDefFoundError: Class not found using the boot class loader; no stack trace available
08-16 14:47:56.337 I/tvos    ( 1764): GetAudioOutputDevice, retval : 0
08-16 14:47:56.357 I/TestRunner(24055): run started: 1 tests
08-16 14:47:56.360 I/TestRunner(24055): started: testTime24r(com.letv.cases.leui.SmokeSetting)
08-16 14:47:56.363 I/MonitoringInstrumentation(24055): Activities that are still in CREATED to STOPPED: 0
08-16 14:47:56.376 I/LetvTestCase(24055): =====================case start time is :2018-8-16-2-47-56
08-16 14:47:56.380 I/System.out(24055): The folder /sdcard/AutoSmoke_UI30/testTime24r_20180816_144750 has existed!
08-16 14:47:56.380 I/System.out(24055): current_case_root_folder=testTime24r_20180816_144750
08-16 14:47:56.587 I/tvos    ( 1764): GetAudioOutputDevice, retval : 0
08-16 14:47:56.837 I/tvos    ( 1764): GetAudioOutputDevice, retval : 0
08-16 14:47:56.881 W/InputDispatcher( 2207): findFocusedWindow finished: injectionResult=0, timeSpentWaitingForApplication=0.0ms
08-16 14:47:56.885 W/InputDispatcher( 2207): findFocusedWindow finished: injectionResult=0, timeSpentWaitingForApplication=0.0ms
08-16 14:47:57.088 I/tvos    ( 1764): GetAudioOutputDevice, retval : 0
08-16 14:47:57.338 I/tvos    ( 1764): GetAudioOutputDevice, retval : 0
08-16 14:47:57.395 I/WindowManager( 2207): startSettingMain------------------
08-16 14:47:57.395 I/SettingUtil( 2207):  startSettingMain
08-16 14:47:57.397 I/GlobalSettings( 2822): GlobalSettingService -- startSettingMain
08-16 14:47:57.397 I/GlobalSettings( 2822): SettingsApp -- updateStartTime time=1534402077397
08-16 14:47:57.397 I/GlobalSettings( 2822): GlobalSettingService -- isCanRecoverDialog=false
08-16 14:47:57.399 I/System.out( 2822): From style:
08-16 14:47:57.399 I/System.out( 2822): Attrs: 3010001=0.6 3010002=#0 3010003=null 3010004=true
08-16 14:47:57.407 W/InputDispatcher( 2207): findFocusedWindow finished: injectionResult=0, timeSpentWaitingForApplication=0.0ms
08-16 14:47:57.425 I/GlobalSettings( 2822): SettingDialog -- --------is main -------uiType:cibn
08-16 14:47:57.427 I/GlobalSettings( 2822): SettingDialog -- ---------LetvManager.getLetvDimensions()-----------2D
08-16 14:47:57.429 W/ContextImpl( 2822): Calling a method in the system process without a qualified user: android.app.ContextImpl.startService:1224 android.content.ContextWrapper.startService:581 com.stv.settingadapter.PqManager.updateBinder:2843 com.stv.settingadapter.PqManager.getInstance:616 com.stv.globalsetting.dialog.SettingDialog.onCreate:129 
08-16 14:47:57.491 W/InputDispatcher( 2207): Focus left window: Window{23c0535 u0 com.stv.launcher/com.stv.launcher.ui.activity.Launcher}
08-16 14:47:57.492 W/InputDispatcher( 2207): Focus entered window: Window{2b2cc17 u0 com.stv.globalsetting}
08-16 14:47:57.495 I/GlobalSettings( 2822): BaseMultiLayerDialogHelper -- setDisMissTime on start
08-16 14:47:57.496 W/ContextImpl( 2822): Calling a method in the system process without a qualified user: android.app.ContextImpl.sendBroadcast:766 android.content.ContextWrapper.sendBroadcast:396 com.stv.globalsetting.service.GlobalSettingService.sendSettingOpenMsg:433 com.stv.globalsetting.service.GlobalSettingService$ActionCreateAndShowDialog.run:321 android.os.Handler.handleCallback:739 
08-16 14:47:57.497 I/GlobalSettings( 2822): ReportEuiLog_U -- ReportEuiLog action is: tvaction and reportmsg is: action=quickSetOpen
08-16 14:47:57.499 I/GlobalSettings( 2822): GlobalSettingService -- quick_open_result is: true
08-16 14:47:57.515 E/BufferQueueProducer( 1749): [] connect(P): already connected (cur=1 req=1)
08-16 14:47:57.523 I/GlobalSettings( 2822): SettingDialog -- gain focus, report lunch time
08-16 14:47:57.523 I/GlobalSettings( 2822): SettingsApp -- reportStartTime time=1534402077523 lunch time=126
08-16 14:47:57.523 I/GlobalSettings( 2822): SettingsApp -- upload  boot time json {"app.launch_time":126,"attr":{"name":"com.stv.globalsetting"}}
08-16 14:47:57.555 W/InputMethodManagerService( 2207): Starting input on non-focused client com.android.internal.view.IInputMethodClient$Stub$Proxy@7163e83 (uid=1000 pid=3007)
08-16 14:47:57.562 W/ByMatcher(24055): Node returned null child: android.view.accessibility.AccessibilityNodeInfo@8000b558; boundsInParent: Rect(0, 0 - 1920, 1080); boundsInScreen: Rect(0, 0 - 1920, 1080); packageName: com.stv.plugin.app; className: android.widget.FrameLayout; text: null; error: null; maxTextLength: -1; contentDescription: null; viewIdResName: null; checkable: false; checked: false; focusable: false; focused: false; selected: false; clickable: false; longClickable: false; contextClickable: false; enabled: true; password: false; scrollable: false; actions: [AccessibilityAction: ACTION_SELECT - null, AccessibilityAction: ACTION_CLEAR_SELECTION - null, AccessibilityAction: ACTION_ACCESSIBILITY_FOCUS - null, AccessibilityAction: ACTION_UNKNOWN - null]
08-16 14:47:57.562 W/ByMatcher(24055): Skipping null child (0 of 1)
08-16 14:47:57.564 W/ByMatcher(24055): Node returned null child: android.view.accessibility.AccessibilityNodeInfo@80009b11; boundsInParent: Rect(0, 0 - 1920, 105); boundsInScreen: Rect(0, 78 - 1920, 183); packageName: com.stv.launcher; className: android.widget.RelativeLayout; text: null; error: null; maxTextLength: -1; contentDescription: null; viewIdResName: com.stv.launcher:id/tabspace; checkable: false; checked: false; focusable: false; focused: false; selected: false; clickable: false; longClickable: false; contextClickable: false; enabled: true; password: false; scrollable: false; actions: [AccessibilityAction: ACTION_SELECT - null, AccessibilityAction: ACTION_CLEAR_SELECTION - null, AccessibilityAction: ACTION_ACCESSIBILITY_FOCUS - null, AccessibilityAction: ACTION_UNKNOWN - null]
08-16 14:47:57.564 W/ByMatcher(24055): Skipping null child (0 of 2)
08-16 14:47:57.565 W/ByMatcher(24055): Skipping null child (1 of 2)
08-16 14:47:57.567 W/ByMatcher(24055): Node returned null child: android.view.accessibility.AccessibilityNodeInfo@8000b558; boundsInParent: Rect(0, 0 - 1920, 1080); boundsInScreen: Rect(0, 0 - 1920, 1080); packageName: com.stv.plugin.app; className: android.widget.FrameLayout; text: null; error: null; maxTextLength: -1; contentDescription: null; viewIdResName: null; checkable: false; checked: false; focusable: false; focused: false; selected: false; clickable: false; longClickable: false; contextClickable: false; enabled: true; password: false; scrollable: false; actions: [AccessibilityAction: ACTION_SELECT - null, AccessibilityAction: ACTION_CLEAR_SELECTION - null, AccessibilityAction: ACTION_ACCESSIBILITY_FOCUS - null, AccessibilityAction: ACTION_UNKNOWN - null]
08-16 14:47:57.567 W/ByMatcher(24055): Skipping null child (0 of 1)
08-16 14:47:57.570 W/ByMatcher(24055): Node returned null child: android.view.accessibility.AccessibilityNodeInfo@80009b11; boundsInParent: Rect(0, 0 - 1920, 105); boundsInScreen: Rect(0, 78 - 1920, 183); packageName: com.stv.launcher; className: android.widget.RelativeLayout; text: null; error: null; maxTextLength: -1; contentDescription: null; viewIdResName: com.stv.launcher:id/tabspace; checkable: false; checked: false; focusable: false; focused: false; selected: false; clickable: false; longClickable: false; contextClickable: false; enabled: true; password: false; scrollable: false; actions: [AccessibilityAction: ACTION_SELECT - null, AccessibilityAction: ACTION_CLEAR_SELECTION - null, AccessibilityAction: ACTION_ACCESSIBILITY_FOCUS - null, AccessibilityAction: ACTION_UNKNOWN - null]
08-16 14:47:57.570 W/ByMatcher(24055): Skipping null child (0 of 2)
08-16 14:47:57.573 W/ByMatcher(24055): Skipping null child (1 of 2)
08-16 14:47:57.575 W/ByMatcher(24055): Node returned null child: android.view.accessibility.AccessibilityNodeInfo@8000b558; boundsInParent: Rect(0, 0 - 1920, 1080); boundsInScreen: Rect(0, 0 - 1920, 1080); packageName: com.stv.plugin.app; className: android.widget.FrameLayout; text: null; error: null; maxTextLength: -1; contentDescription: null; viewIdResName: null; checkable: false; checked: false; focusable: false; focused: false; selected: false; clickable: false; longClickable: false; contextClickable: false; enabled: true; password: false; scrollable: false; actions: [AccessibilityAction: ACTION_SELECT - null, AccessibilityAction: ACTION_CLEAR_SELECTION - null, AccessibilityAction: ACTION_ACCESSIBILITY_FOCUS - null, AccessibilityAction: ACTION_UNKNOWN - null]
08-16 14:47:57.575 W/ByMatcher(24055): Skipping null child (0 of 1)
08-16 14:47:57.577 W/ByMatcher(24055): Node returned null child: android.view.accessibility.AccessibilityNodeInfo@80009b11; boundsInParent: Rect(0, 0 - 1920, 105); boundsInScreen: Rect(0, 78 - 1920, 183); packageName: com.stv.launcher; className: android.widget.RelativeLayout; text: null; error: null; maxTextLength: -1; contentDescription: null; viewIdResName: com.stv.launcher:id/tabspace; checkable: false; checked: false; focusable: false; focused: false; selected: false; clickable: false; longClickable: false; contextClickable: false; enabled: true; password: false; scrollable: false; actions: [AccessibilityAction: ACTION_SELECT - null, AccessibilityAction: ACTION_CLEAR_SELECTION - null, AccessibilityAction: ACTION_ACCESSIBILITY_FOCUS - null, AccessibilityAction: ACTION_UNKNOWN - null]
08-16 14:47:57.577 W/ByMatcher(24055): Skipping null child (0 of 2)
08-16 14:47:57.578 W/ByMatcher(24055): Skipping null child (1 of 2)
08-16 14:47:57.589 I/tvos    ( 1764): GetAudioOutputDevice, retval : 0
08-16 14:47:57.601 I/LetvManager-LogReport( 1780): [send_msg] line: 490 report url = http://log.hdtv.cp21.ott.cibntv.net:80/api/log/tvAction
08-16 14:47:57.839 I/tvos    ( 1764): GetAudioOutputDevice, retval : 0
08-16 14:47:58.090 I/tvos    ( 1764): GetAudioOutputDevice, retval : 0
08-16 14:47:58.340 I/tvos    ( 1764): GetAudioOutputDevice, retval : 0
08-16 14:47:58.586 W/InputDispatcher( 2207): findTouchedWindow finished: injectionResult=0, injectionPermission=1, timeSpentWaitingForApplication=0.0ms
08-16 14:47:58.589 W/InputDispatcher( 2207): findTouchedWindow finished: injectionResult=0, injectionPermission=1, timeSpentWaitingForApplication=0.0ms
08-16 14:47:58.591 I/SoundPool( 2207): enter : func play
08-16 14:47:58.591 I/tvos    ( 1764): GetAudioOutputDevice, retval : 0
08-16 14:47:58.597 I/APM::AudioPolicyEngine( 1758): getDeviceForStrategy, 359
08-16 14:47:58.597 I/audio_hw_primary( 1758): version:a00004 adev_create_audio_patch::mix->device 
08-16 14:47:58.597 I/audio_hw_primary( 1758): adev_create_audio_patch *handle=-1420227928 num_audio_patch=3
08-16 14:47:58.602 E/AudioManagerService( 1803): setAudioVolume(callingPid 1758, clientPid 1758, enSoundPath 0, volumn:0 )
08-16 14:47:58.604 I/tvos    ( 1764): SetVolume, subWooExist 0!
08-16 14:47:58.604 I/tvos    ( 1764): mapi_audio_customer::SetAbsoluteVolume: project name is X440M
08-16 14:47:58.604 I/tvos    ( 1764): SetAbsoluteVolume: uPercent : 0, path=52(speaker), VolumeInt=7f, VolumeFra=0
08-16 14:47:58.604 I/tvos    ( 1764): SetAbsoluteVolume: uPercent(currVol) : 0, realPath=52(default), VolumeInt=7f, VolumeFra=0
08-16 14:47:58.604 I/tvos    ( 1764): mapi_audio_customer::SetAbsoluteVolume: project name is X440M
08-16 14:47:58.604 I/tvos    ( 1764): SetAbsoluteVolume: uPercent : 0, path=49(HP), VolumeInt=7f, VolumeFra=0
08-16 14:47:58.604 I/tvos    ( 1764): SetAbsoluteVolume: uPercent(currVol) : 0, realPath=49(default), VolumeInt=7f, VolumeFra=0
08-16 14:47:58.604 I/tvos    ( 1764): mapi_audio_customer::SetAbsoluteVolume: project name is X440M
08-16 14:47:58.604 I/tvos    ( 1764): SetAbsoluteVolume, m_bBTDetect is false! 
08-16 14:47:58.604 I/tvos    ( 1764): mapi_audio_customer::SetAbsoluteVolume: project name is X440M
08-16 14:47:58.604 I/tvos    ( 1764): SetAbsoluteVolume: uPercent : 0, path=255(speaker), VolumeInt=7f, VolumeFra=0
08-16 14:47:58.604 I/tvos    ( 1764): SetAbsoluteVolume: uPercent(currVol) : 0, realPath=255(default), VolumeInt=7f, VolumeFra=0
08-16 14:47:58.604 I/tvos    ( 1764): [SetMuteStatus] call SetSoundMuteStatus, line : 10369, muteType: 4, onOff : 0 
08-16 14:47:58.604 I/tvos    ( 1764): [audioBSP] #1 m_internalMute : 0 ..
08-16 14:47:58.604 I/tvos    ( 1764): #1|->SDK_bPermanentAudioMute:0<-|->SDK_bMomentAudioMute:0 <-|->SDK_bBySyncAudioMute:0<-|->SDK_bByBlockAudioMute:0<-|->SDK_bByVChipAudioMute:0<-|
08-16 14:47:58.604 I/tvos    ( 1764): #1|->SDK_bInternal1AudioMute:0<-|->SDK_bInternal2AudioMute:0<-|->SDK_bInternal3AudioMute:0<-|->SDK_bInternal4AudioMute:0<-|
08-16 14:47:58.604 I/tvos    ( 1764): #1|->SDK_bByScanInOutchgCHchg:0<-|->SDK_bByDuringLimitedTimeAudioMute:0<-|->SDK_bSourceSwitchAudioMute:0<-|
08-16 14:47:58.605 I/tvos    ( 1764): #1|->SDK_bMHEGApMute:0<-|->SDK_bAllAudioMuteCtrl:0<-|->SDK_bPowerOnMute:0<-|->SDK_bNullSourceMute0<-|->SDK_bSetInputSourceAudioMute:0<-|
08-16 14:47:58.605 I/tvos    ( 1764): [audioBSP] #2 m_spkrMute : 0 ..|->SDK_bUsrSpkrAudioMute:0<-|->SDK_bPowerOnMute:0<-|->SDK_bByUserAudioMute:0<-|
08-16 14:47:58.605 I/tvos    ( 1764): [audioBSP] #3 m_PcmCapture2Mute:0 |->SDK_bByUserPcmCapture2Mute:0<-|->SDK_SUB_bByUserAudioMute:0<-|->SDK_bByUserAudioMute:0<-|
08-16 14:47:58.605 I/tvos    ( 1764): [audioBSP] #5 m_hpMute : 1 ..|->SDK_bUsrHpAudioMute:1<-|->SDK_bPowerOnMute:0<-|->SDK_bByUserAudioMute:0<-|
08-16 14:47:58.605 I/tvos    ( 1764): [audioBSP] #12 m_spdifMute : 1 ..
08-16 14:47:58.605 I/tvos    ( 1764): #12|->SDK_bPermanentAudioMute:0<-|->SDK_bMomentAudioMute:0<-|->SDK_bByBlockAudioMute:0<-|
08-16 14:47:58.605 I/tvos    ( 1764): #12|->SDK_bByVChipAudioMute:0<-|->SDK_bInternal1AudioMute:0<-|->SDK_bInternal4AudioMute:0<-|
08-16 14:47:58.605 I/tvos    ( 1764): #12|->SDK_bByDuringLimitedTimeAudioMute:0<-|->SDK_bSourceSwitchAudioMute:0<-|->SDK_bMHEGApMute:0<-|
08-16 14:47:58.605 I/tvos    ( 1764): #12|->SDK_bPowerOnMute:0<-|->SDK_bUsrSpdifAudioMute:1<-|->SDK_bNullSourceMute:0<-|->SDK_bByAppMute:0<-|
08-16 14:47:58.605 I/tvos    ( 1764): ---Amplifier_ALC1310_LR_SWMute(0)
08-16 14:47:58.605 I/tvos    ( 1764): ALC1310 unmute good, addr: 0x13 readbackvalue: 4 
08-16 14:47:58.607 I/tvos    ( 1764): SetSoundMuteStatus : m_hpMute : 1, m_spdifMute : 1, m_DataInMute : 0, m_channel7Mute : 0, m_internalMute : 0, m_spkrMute : 0, m_PcmCapture1Mute : 0, m_PcmCapture2Mute : 0 
08-16 14:47:58.607 I/AudioUtil( 1758): setParameters spk_volume=0
08-16 14:47:58.607 I/audio_hw_primary( 1758): adev_set_parameters: spk_volume=0
08-16 14:47:58.608 I/tvos    ( 1764): GetAudioOutputDevice, retval : 0
08-16 14:47:58.609 I/tvos    ( 1764): [SetMuteStatus] call SetSoundMuteStatus, line : 10369, muteType: 67108864, onOff : 1 
08-16 14:47:58.609 I/tvos    ( 1764): _TransMSrvMuteTypeToSDKMuteType: Err! muteType(67108864) is out of Range
08-16 14:47:58.612 I/tvos    ( 1764): [SetMuteStatus] call SetSoundMuteStatus, line : 10369, muteType: 4, onOff : 1 
08-16 14:47:58.612 I/tvos    ( 1764): [audioBSP] #1 m_internalMute : 0 ..
08-16 14:47:58.612 I/tvos    ( 1764): #1|->SDK_bPermanentAudioMute:0<-|->SDK_bMomentAudioMute:0 <-|->SDK_bBySyncAudioMute:0<-|->SDK_bByBlockAudioMute:0<-|->SDK_bByVChipAudioMute:0<-|
08-16 14:47:58.612 I/tvos    ( 1764): #1|->SDK_bInternal1AudioMute:0<-|->SDK_bInternal2AudioMute:0<-|->SDK_bInternal3AudioMute:0<-|->SDK_bInternal4AudioMute:0<-|
08-16 14:47:58.612 I/tvos    ( 1764): #1|->SDK_bByScanInOutchgCHchg:0<-|->SDK_bByDuringLimitedTimeAudioMute:0<-|->SDK_bSourceSwitchAudioMute:0<-|
08-16 14:47:58.612 I/tvos    ( 1764): #1|->SDK_bMHEGApMute:0<-|->SDK_bAllAudioMuteCtrl:0<-|->SDK_bPowerOnMute:0<-|->SDK_bNullSourceMute0<-|->SDK_bSetInputSourceAudioMute:0<-|
08-16 14:47:58.612 I/tvos    ( 1764): [audioBSP] #2 m_spkrMute : 1 ..|->SDK_bUsrSpkrAudioMute:0<-|->SDK_bPowerOnMute:0<-|->SDK_bByUserAudioMute:1<-|
08-16 14:47:58.612 I/tvos    ( 1764): [audioBSP] #3 m_PcmCapture2Mute:1 |->SDK_bByUserPcmCapture2Mute:0<-|->SDK_SUB_bByUserAudioMute:0<-|->SDK_bByUserAudioMute:1<-|
08-16 14:47:58.612 I/tvos    ( 1764): [audioBSP] #5 m_hpMute : 1 ..|->SDK_bUsrHpAudioMute:1<-|->SDK_bPowerOnMute:0<-|->SDK_bByUserAudioMute:1<-|
08-16 14:47:58.612 I/tvos    ( 1764): [audioBSP] #12 m_spdifMute : 1 ..
08-16 14:47:58.612 I/tvos    ( 1764): #12|->SDK_bPermanentAudioMute:0<-|->SDK_bMomentAudioMute:0<-|->SDK_bByBlockAudioMute:0<-|
08-16 14:47:58.612 I/tvos    ( 1764): #12|->SDK_bByVChipAudioMute:0<-|->SDK_bInternal1AudioMute:0<-|->SDK_bInternal4AudioMute:0<-|
08-16 14:47:58.612 I/tvos    ( 1764): #12|->SDK_bByDuringLimitedTimeAudioMute:0<-|->SDK_bSourceSwitchAudioMute:0<-|->SDK_bMHEGApMute:0<-|
08-16 14:47:58.612 I/tvos    ( 1764): #12|->SDK_bPowerOnMute:0<-|->SDK_bUsrSpdifAudioMute:1<-|->SDK_bNullSourceMute:0<-|->SDK_bByAppMute:0<-|
08-16 14:47:58.612 I/tvos    ( 1764): ---Amplifier_ALC1310_LR_SWMute(1)
08-16 14:47:58.612 I/tvos    ( 1764): ALC1310 mute write good, addr: 0x13, readback data : 49164, write cmd times : 1
08-16 14:47:58.614 I/tvos    ( 1764): SetSoundMuteStatus : m_hpMute : 1, m_spdifMute : 1, m_DataInMute : 0, m_channel7Mute : 0, m_internalMute : 0, m_spkrMute : 1, m_PcmCapture1Mute : 0, m_PcmCapture2Mute : 1 
08-16 14:47:58.628 E/audio_hw_primary( 1758): out_get_presentation_position pcm_get_htimestamp(pcm, &avail, timestamp) != 0!!!
08-16 14:47:58.762 E/LetvRemoteupgradeManager-JNI( 2613): can't get LetvManager service!
08-16 14:47:58.773 I/tvos    ( 1764): bq32kDriver:rtc_read_time.
08-16 14:47:58.773 I/tvos    ( 1764): [hq]rtc_read_time: read 0x58 0x47 0xc6 0x05 0x16 0x08 0x18
08-16 14:47:58.773 I/tvos    ( 1764): rtc_read_time: date 58s 47m 6h 16md 7m 118y
08-16 14:47:58.773 I/tvos    ( 1764): rtc read time:2018-8-16 6:47:58.
08-16 14:47:58.773 I/tvos    ( 1764): tm_year = 2018, tm_mon = 8, tm_mday = 16, tm_hour = 6,tm_min= 47,  tm_sec = 58
08-16 14:47:58.773 I/tvos    ( 1764): timeSeconds:1534402078 rtcTimeSeconds:1534402078.
08-16 14:47:58.841 I/tvos    ( 1764): GetAudioOutputDevice, retval : 0
08-16 14:47:58.843 I/System.out( 2822): From style:
08-16 14:47:58.843 I/System.out( 2822): Attrs: 3010001=0.6 3010002=#0 3010003=null 3010004=true
08-16 14:47:58.846 I/GlobalSettings( 2822): AdvanceDialog -- mFarSpeaker = 
08-16 14:47:58.850 W/InputDispatcher( 2207): Focus left window: Window{2b2cc17 u0 com.stv.globalsetting}
08-16 14:47:58.850 W/InputDispatcher( 2207): Focus entered window: Window{219d46e u0 com.stv.globalsetting}
08-16 14:47:58.852 I/GlobalSettings( 2822): BaseMultiLayerDialogHelper -- setDisMissTime on start
08-16 14:47:58.852 I/GlobalSettings( 2822): ReportEuiLog_U -- ReportEuiLog action is: tvaction and reportmsg is: action=perQuickSetClick&setModule=1
08-16 14:47:58.853 I/GlobalSettings( 2822): SettingDialog -- Open_SettingActivity_Result is: true
08-16 14:47:58.873 E/BufferQueueProducer( 1749): [] connect(P): already connected (cur=1 req=1)
08-16 14:47:58.957 E/BufferQueueProducer( 1749): [] connect(P): already connected (cur=1 req=1)
08-16 14:47:58.970 E/SurfaceFlinger( 1749): rejecting buffer: bufWidth=601, bufHeight=1080, front.active.{w=600, h=1080}
08-16 14:47:58.977 E/BufferQueueProducer( 1749): [] connect(P): already connected (cur=1 req=1)
08-16 14:47:59.008 I/LetvManager-LogReport( 1780): [send_msg] line: 490 report url = http://log.hdtv.cp21.ott.cibntv.net:80/api/log/tvAction
08-16 14:47:59.010 E/SurfaceFlinger( 1749): rejecting buffer: bufWidth=602, bufHeight=1080, front.active.{w=600, h=1080}
08-16 14:47:59.017 E/BufferQueueProducer( 1749): [] connect(P): already connected (cur=1 req=1)
08-16 14:47:59.050 E/SurfaceFlinger( 1749): rejecting buffer: bufWidth=604, bufHeight=1080, front.active.{w=600, h=1080}
08-16 14:47:59.056 E/BufferQueueProducer( 1749): [] connect(P): already connected (cur=1 req=1)
08-16 14:47:59.092 I/tvos    ( 1764): GetAudioOutputDevice, retval : 0
08-16 14:47:59.096 E/BufferQueueProducer( 1749): [] connect(P): already connected (cur=1 req=1)
08-16 14:47:59.129 I/APM::AudioPolicyEngine( 1758): getDeviceForStrategy, 359
08-16 14:47:59.135 E/BufferQueueProducer( 1749): [] connect(P): already connected (cur=1 req=1)
08-16 14:47:59.175 E/BufferQueueProducer( 1749): [] connect(P): already connected (cur=1 req=1)
08-16 14:47:59.190 E/SurfaceFlinger( 1749): rejecting buffer: bufWidth=627, bufHeight=1080, front.active.{w=622, h=1080}
08-16 14:47:59.197 E/BufferQueueProducer( 1749): [] connect(P): already connected (cur=1 req=1)
08-16 14:47:59.210 E/SurfaceFlinger( 1749): rejecting buffer: bufWidth=629, bufHeight=1080, front.active.{w=622, h=1080}
08-16 14:47:59.217 E/BufferQueueProducer( 1749): [] connect(P): already connected (cur=1 req=1)
08-16 14:47:59.342 I/tvos    ( 1764): GetAudioOutputDevice, retval : 0
08-16 14:47:59.593 I/tvos    ( 1764): GetAudioOutputDevice, retval : 0
08-16 14:47:59.639 W/InputDispatcher( 2207): findTouchedWindow finished: injectionResult=0, injectionPermission=1, timeSpentWaitingForApplication=0.0ms
08-16 14:47:59.643 W/InputDispatcher( 2207): findTouchedWindow finished: injectionResult=0, injectionPermission=1, timeSpentWaitingForApplication=0.0ms
08-16 14:47:59.644 I/SoundPool( 2207): enter : func play
08-16 14:47:59.651 I/APM::AudioPolicyEngine( 1758): getDeviceForStrategy, 359
08-16 14:47:59.655 W/InputDispatcher( 2207): findTouchedWindow finished: injectionResult=0, injectionPermission=1, timeSpentWaitingForApplication=0.0ms
08-16 14:47:59.657 W/InputDispatcher( 2207): findTouchedWindow finished: injectionResult=0, injectionPermission=1, timeSpentWaitingForApplication=0.0ms
08-16 14:47:59.661 I/audio_hw_primary( 1758): version:a00004 adev_create_audio_patch::mix->device 
08-16 14:47:59.661 I/audio_hw_primary( 1758): adev_create_audio_patch *handle=-1420227928 num_audio_patch=3
08-16 14:47:59.663 E/AudioManagerService( 1803): setAudioVolume(callingPid 1758, clientPid 1758, enSoundPath 0, volumn:0 )
08-16 14:47:59.665 I/tvos    ( 1764): SetVolume, subWooExist 0!
08-16 14:47:59.665 I/tvos    ( 1764): mapi_audio_customer::SetAbsoluteVolume: project name is X440M
08-16 14:47:59.665 I/tvos    ( 1764): SetAbsoluteVolume: uPercent : 0, path=52(speaker), VolumeInt=7f, VolumeFra=0
08-16 14:47:59.665 I/tvos    ( 1764): SetAbsoluteVolume: uPercent(currVol) : 0, realPath=52(default), VolumeInt=7f, VolumeFra=0
08-16 14:47:59.665 I/tvos    ( 1764): mapi_audio_customer::SetAbsoluteVolume: project name is X440M
08-16 14:47:59.665 I/tvos    ( 1764): SetAbsoluteVolume: uPercent : 0, path=49(HP), VolumeInt=7f, VolumeFra=0
08-16 14:47:59.665 I/tvos    ( 1764): SetAbsoluteVolume: uPercent(currVol) : 0, realPath=49(default), VolumeInt=7f, VolumeFra=0
08-16 14:47:59.665 I/tvos    ( 1764): mapi_audio_customer::SetAbsoluteVolume: project name is X440M
08-16 14:47:59.665 I/tvos    ( 1764): SetAbsoluteVolume, m_bBTDetect is false! 
08-16 14:47:59.665 I/tvos    ( 1764): mapi_audio_customer::SetAbsoluteVolume: project name is X440M
08-16 14:47:59.665 I/tvos    ( 1764): SetAbsoluteVolume: uPercent : 0, path=255(speaker), VolumeInt=7f, VolumeFra=0
08-16 14:47:59.665 I/tvos    ( 1764): SetAbsoluteVolume: uPercent(currVol) : 0, realPath=255(default), VolumeInt=7f, VolumeFra=0
08-16 14:47:59.665 I/tvos    ( 1764): [SetMuteStatus] call SetSoundMuteStatus, line : 10369, muteType: 4, onOff : 0 
08-16 14:47:59.665 I/tvos    ( 1764): [audioBSP] #1 m_internalMute : 0 ..
08-16 14:47:59.665 I/tvos    ( 1764): #1|->SDK_bPermanentAudioMute:0<-|->SDK_bMomentAudioMute:0 <-|->SDK_bBySyncAudioMute:0<-|->SDK_bByBlockAudioMute:0<-|->SDK_bByVChipAudioMute:0<-|
08-16 14:47:59.665 I/tvos    ( 1764): #1|->SDK_bInternal1AudioMute:0<-|->SDK_bInternal2AudioMute:0<-|->SDK_bInternal3AudioMute:0<-|->SDK_bInternal4AudioMute:0<-|
08-16 14:47:59.665 I/tvos    ( 1764): #1|->SDK_bByScanInOutchgCHchg:0<-|->SDK_bByDuringLimitedTimeAudioMute:0<-|->SDK_bSourceSwitchAudioMute:0<-|
08-16 14:47:59.665 I/tvos    ( 1764): #1|->SDK_bMHEGApMute:0<-|->SDK_bAllAudioMuteCtrl:0<-|->SDK_bPowerOnMute:0<-|->SDK_bNullSourceMute0<-|->SDK_bSetInputSourceAudioMute:0<-|
08-16 14:47:59.665 I/tvos    ( 1764): [audioBSP] #2 m_spkrMute : 0 ..|->SDK_bUsrSpkrAudioMute:0<-|->SDK_bPowerOnMute:0<-|->SDK_bByUserAudioMute:0<-|
08-16 14:47:59.665 I/tvos    ( 1764): [audioBSP] #3 m_PcmCapture2Mute:0 |->SDK_bByUserPcmCapture2Mute:0<-|->SDK_SUB_bByUserAudioMute:0<-|->SDK_bByUserAudioMute:0<-|
08-16 14:47:59.665 I/tvos    ( 1764): [audioBSP] #5 m_hpMute : 1 ..|->SDK_bUsrHpAudioMute:1<-|->SDK_bPowerOnMute:0<-|->SDK_bByUserAudioMute:0<-|
08-16 14:47:59.665 I/tvos    ( 1764): [audioBSP] #12 m_spdifMute : 1 ..
08-16 14:47:59.665 I/tvos    ( 1764): #12|->SDK_bPermanentAudioMute:0<-|->SDK_bMomentAudioMute:0<-|->SDK_bByBlockAudioMute:0<-|
08-16 14:47:59.665 I/tvos    ( 1764): #12|->SDK_bByVChipAudioMute:0<-|->SDK_bInternal1AudioMute:0<-|->SDK_bInternal4AudioMute:0<-|
08-16 14:47:59.665 I/tvos    ( 1764): #12|->SDK_bByDuringLimitedTimeAudioMute:0<-|->SDK_bSourceSwitchAudioMute:0<-|->SDK_bMHEGApMute:0<-|
08-16 14:47:59.665 I/tvos    ( 1764): #12|->SDK_bPowerOnMute:0<-|->SDK_bUsrSpdifAudioMute:1<-|->SDK_bNullSourceMute:0<-|->SDK_bByAppMute:0<-|
08-16 14:47:59.665 I/tvos    ( 1764): ---Amplifier_ALC1310_LR_SWMute(0)
08-16 14:47:59.665 I/tvos    ( 1764): ALC1310 unmute good, addr: 0x13 readbackvalue: 4 
08-16 14:47:59.667 I/AudioUtil( 1758): setParameters spk_volume=0
08-16 14:47:59.667 I/audio_hw_primary( 1758): adev_set_parameters: spk_volume=0
08-16 14:47:59.667 I/tvos    ( 1764): SetSoundMuteStatus : m_hpMute : 1, m_spdifMute : 1, m_DataInMute : 0, m_channel7Mute : 0, m_internalMute : 0, m_spkrMute : 0, m_PcmCapture1Mute : 0, m_PcmCapture2Mute : 0 
08-16 14:47:59.668 I/tvos    ( 1764): GetAudioOutputDevice, retval : 0
08-16 14:47:59.671 I/tvos    ( 1764): [SetMuteStatus] call SetSoundMuteStatus, line : 10369, muteType: 67108864, onOff : 1 
08-16 14:47:59.671 I/tvos    ( 1764): _TransMSrvMuteTypeToSDKMuteType: Err! muteType(67108864) is out of Range
08-16 14:47:59.671 I/tvos    ( 1764): [SetMuteStatus] call SetSoundMuteStatus, line : 10369, muteType: 4, onOff : 1 
08-16 14:47:59.671 I/tvos    ( 1764): [audioBSP] #1 m_internalMute : 0 ..
08-16 14:47:59.671 I/tvos    ( 1764): #1|->SDK_bPermanentAudioMute:0<-|->SDK_bMomentAudioMute:0 <-|->SDK_bBySyncAudioMute:0<-|->SDK_bByBlockAudioMute:0<-|->SDK_bByVChipAudioMute:0<-|
08-16 14:47:59.671 I/tvos    ( 1764): #1|->SDK_bInternal1AudioMute:0<-|->SDK_bInternal2AudioMute:0<-|->SDK_bInternal3AudioMute:0<-|->SDK_bInternal4AudioMute:0<-|
08-16 14:47:59.671 I/tvos    ( 1764): #1|->SDK_bByScanInOutchgCHchg:0<-|->SDK_bByDuringLimitedTimeAudioMute:0<-|->SDK_bSourceSwitchAudioMute:0<-|
08-16 14:47:59.671 I/tvos    ( 1764): #1|->SDK_bMHEGApMute:0<-|->SDK_bAllAudioMuteCtrl:0<-|->SDK_bPowerOnMute:0<-|->SDK_bNullSourceMute0<-|->SDK_bSetInputSourceAudioMute:0<-|
08-16 14:47:59.671 I/tvos    ( 1764): [audioBSP] #2 m_spkrMute : 1 ..|->SDK_bUsrSpkrAudioMute:0<-|->SDK_bPowerOnMute:0<-|->SDK_bByUserAudioMute:1<-|
08-16 14:47:59.671 I/tvos    ( 1764): [audioBSP] #3 m_PcmCapture2Mute:1 |->SDK_bByUserPcmCapture2Mute:0<-|->SDK_SUB_bByUserAudioMute:0<-|->SDK_bByUserAudioMute:1<-|
08-16 14:47:59.671 I/tvos    ( 1764): [audioBSP] #5 m_hpMute : 1 ..|->SDK_bUsrHpAudioMute:1<-|->SDK_bPowerOnMute:0<-|->SDK_bByUserAudioMute:1<-|
08-16 14:47:59.671 I/tvos    ( 1764): [audioBSP] #12 m_spdifMute : 1 ..
08-16 14:47:59.671 I/tvos    ( 1764): #12|->SDK_bPermanentAudioMute:0<-|->SDK_bMomentAudioMute:0<-|->SDK_bByBlockAudioMute:0<-|
08-16 14:47:59.671 I/tvos    ( 1764): #12|->SDK_bByVChipAudioMute:0<-|->SDK_bInternal1AudioMute:0<-|->SDK_bInternal4AudioMute:0<-|
08-16 14:47:59.671 I/tvos    ( 1764): #12|->SDK_bByDuringLimitedTimeAudioMute:0<-|->SDK_bSourceSwitchAudioMute:0<-|->SDK_bMHEGApMute:0<-|
08-16 14:47:59.671 I/tvos    ( 1764): #12|->SDK_bPowerOnMute:0<-|->SDK_bUsrSpdifAudioMute:1<-|->SDK_bNullSourceMute:0<-|->SDK_bByAppMute:0<-|
08-16 14:47:59.671 I/tvos    ( 1764): ---Amplifier_ALC1310_LR_SWMute(1)
08-16 14:47:59.671 I/tvos    ( 1764): ALC1310 mute write good, addr: 0x13, readback data : 49164, write cmd times : 1
08-16 14:47:59.673 I/tvos    ( 1764): SetSoundMuteStatus : m_hpMute : 1, m_spdifMute : 1, m_DataInMute : 0, m_channel7Mute : 0, m_internalMute : 0, m_spkrMute : 1, m_PcmCapture1Mute : 0, m_PcmCapture2Mute : 1 
08-16 14:47:59.675 I/SoundPool( 2207): enter : func play
08-16 14:47:59.843 I/tvos    ( 1764): GetAudioOutputDevice, retval : 0
08-16 14:47:59.902 I/GlobalSettings( 2822): ReportEuiLog_U -- ReportEuiLog action is: tvaction and reportmsg is: action=perSystemSetClick&setModule=5
08-16 14:47:59.904 I/GlobalSettings( 2822): AdvanceDialog -- Open_Advance_General_Result is: true
08-16 14:47:59.905 W/ContextImpl( 2822): Calling a method in the system process without a qualified user: android.app.ContextImpl.startActivity:659 android.content.ContextWrapper.startActivity:331 com.stv.globalsetting.dialog.AdvanceDialog.onKeyDown:111 com.stv.globalsetting.widget.LetvSettingAnimationLayout$OnMouseClickRunnable.run:565 android.os.Handler.handleCallback:739 
08-16 14:47:59.906 W/ContextImpl( 2822): Calling a method in the system process without a qualified user: android.app.ContextImpl.startActivity:671 android.app.ContextImpl.startActivity:660 android.content.ContextWrapper.startActivity:331 com.stv.globalsetting.dialog.AdvanceDialog.onKeyDown:111 com.stv.globalsetting.widget.LetvSettingAnimationLayout$OnMouseClickRunnable.run:565 
08-16 14:47:59.906 E/ContextImpl( 2822): startAdManager() action is null
08-16 14:47:59.907 I/ActivityManager( 2207): START u0 {flg=0x10008000 cmp=com.stv.globalsetting/.activity.UniversalActivity} from uid 1000 on display 0
08-16 14:47:59.913 I/System.out( 2207): From style:
08-16 14:47:59.913 I/System.out( 2207): Attrs: 3010001=0.6 3010002=res/drawable-hdpi-v4/ic_desk_app_bg.jpg 3010003=null 3010004=true
08-16 14:47:59.915 W/InputDispatcher( 2207): setFocusedApplication
08-16 14:47:59.915 I/TvLiveBaseFragment( 3007): onPause
08-16 14:47:59.915 I/ShoppingPlugin-stv-PluginFragment( 3007): onPause ->in
08-16 14:47:59.915 I/ShoppingPlugin-stv-PluginRootLayout( 3007): onFragmentPause ---> in
08-16 14:47:59.915 I/Launcher( 3007): [com.stv.launcher] LauncherActivity -- onPause  mBootSignalFirst=false sCurrentScreen = com.stv.plugin.app
08-16 14:47:59.919 I/Launcher( 3007): [com.stv.launcher] ===== enalbeAllKey =====
08-16 14:47:59.920 I/WindowManager( 2207): setBlockVoiceKey = false
08-16 14:47:59.923 I/WindowManager( 2207): setBlockSourceKey = false
08-16 14:47:59.923 I/WindowManager( 2207): setBlockSettingKey = false
08-16 14:47:59.923 I/WindowManager( 2207): setBlockFunctionKeys = false
08-16 14:47:59.924 I/WindowManager( 2207): setBlockHomeKey = false
08-16 14:47:59.925 W/InputDispatcher( 2207): Window went away: Window{2b2cc17 u0 com.stv.globalsetting}
08-16 14:47:59.935 I/ActivityManager( 2207): TR12) TaskRecord{f5a351e #34 A=com.stv.globalsetting U=0 sz=1}
08-16 14:47:59.935 I/ActivityManager( 2207): TR11) TaskRecord{14b0d11 #1 A=com.stv.launcher U=0 sz=1}
08-16 14:47:59.935 I/ActivityManager( 2207): accel TR12) TaskRecord{f5a351e #34 A=com.stv.globalsetting U=0 sz=1}
08-16 14:47:59.936 I/ActivityManager( 2207): accel TR11) TaskRecord{14b0d11 #1 A=com.stv.launcher U=0 sz=1}
08-16 14:47:59.947 E/LETV_DEVICE( 1780): no name sn for Mstar
08-16 14:47:59.947 W/InputDispatcher( 2207): Focus left window: Window{219d46e u0 com.stv.globalsetting}
08-16 14:47:59.947 W/InputDispatcher( 2207): Window went away: Window{219d46e u0 com.stv.globalsetting}
08-16 14:47:59.961 E/ActivityThread( 2837): Failed to find provider info for com.letv.agnes.InfoProvider
08-16 14:47:59.962 E/ActivityThread( 2837): Failed to find provider info for com.letv.agnes.InfoProvider
08-16 14:47:59.962 W/System.err( 2837): java.lang.IllegalArgumentException: Unknown URL content://com.letv.agnes.InfoProvider
08-16 14:47:59.963 W/System.err( 2837): 	at android.content.ContentResolver.insert(ContentResolver.java:1227)
08-16 14:47:59.963 W/System.err( 2837): 	at com.letv.tracker2.agnes.Configuration.addDebugInfo(Configuration.java:289)
08-16 14:47:59.963 W/System.err( 2837): 	at com.letv.tracker2.agnes.MessageProcessor$SendEnvMsgTr$1.handleMessage(MessageProcessor.java:661)
08-16 14:47:59.963 W/System.err( 2837): 	at android.os.Handler.dispatchMessage(Handler.java:102)
08-16 14:47:59.963 W/System.err( 2837): 	at android.os.Looper.loop(Looper.java:148)
08-16 14:47:59.963 W/System.err( 2837): 	at com.letv.tracker2.agnes.MessageProcessor$SendEnvMsgTr.run(MessageProcessor.java:665)
08-16 14:47:59.968 I/Launcher( 3007): [com.stv.launcher] LauncherApplication -- ========= tryTrimMemoryCache =========20
08-16 14:47:59.973 I/[T1.0.6.3]EuiAgnes_Server( 2837): resCode:1
08-16 14:47:59.973 I/[T1.0.6.3]EuiAgnes_Server( 2837): b[0]:0
08-16 14:48:00.010 I/StvLogReport( 2837): StargazerReportTask, action=appClose&name=æ¡Œé¢&packagename=com.stv.launcher&versionCode=20180321&appVersionName=1.0.5&appType=1&mark=82&totalTime=62
08-16 14:48:00.015 I/LetvManager-LogReport( 1780): [send_msg] line: 490 report url = http://log.hdtv.cp21.ott.cibntv.net:80/api/log/tvAction
08-16 14:48:00.020 I/StvLogReport( 2837): StargazerReportTask, reponse2 : {"status":"OK","statusCode":200,"message":"succeefully"}
08-16 14:48:00.020 I/System.out( 2822): From style:
08-16 14:48:00.020 I/System.out( 2822): Attrs: 3010001=0.6 3010002=res/drawable-hdpi-v4/ic_desk_app_bg.jpg 3010003=null 3010004=true
08-16 14:48:00.025 I/GlobalSettings( 2822): UniversalActivity --  is 8094 platform ?   false
08-16 14:48:00.037 I/tvos    ( 1764): [37m[INFO] Change to Voltage: 1150 mV (0x22)[m
08-16 14:48:00.038 I/tvos    ( 1764): [37m[INFO] Change to Voltage: 1150 mV (0x25)[m
08-16 14:48:00.038 I/tvos    ( 1764): [37m[INFO] Change to Voltage: 1150 mV (0x28)[m
08-16 14:48:00.040 I/GlobalSettings( 2822): BaseMultiLayerDialogHelper -- dialog is all dismiss,cancel timer
08-16 14:48:00.041 I/tvos    ( 1764): [37m[INFO] Change to Voltage: 1150 mV (0x2B)[m
08-16 14:48:00.041 E/LETV_DEVICE( 1780): no name sn for Mstar
08-16 14:48:00.042 I/tvos    ( 1764): [37m[INFO] Change to Voltage: 1150 mV (0x2E)[m
08-16 14:48:00.044 I/tvos    ( 1764): [37m[INFO] Change to Voltage: 1150 mV (0x2E)[m
08-16 14:48:00.051 W/InputDispatcher( 2207): Focus entered window: Window{15821f7 u0 com.stv.globalsetting/com.stv.globalsetting.activity.UniversalActivity}
08-16 14:48:00.061 E/BufferQueueProducer( 1749): [com.stv.globalsetting/com.stv.globalsetting.activity.UniversalActivity] connect(P): already connected (cur=1 req=1)
08-16 14:48:00.070 I/OMXClient( 2822): Using client-side OMX mux.
08-16 14:48:00.093 I/tvos    ( 1764): GetAudioOutputDevice, retval : 0
08-16 14:48:00.097 E/critical_path_log( 3007): superlive_7799adbbe191b8ab_onTrimMemory: level = 20
08-16 14:48:00.122 I/[T1.0.6.3]EuiAgnes_Server( 2837): resCode:1
08-16 14:48:00.122 I/[T1.0.6.3]EuiAgnes_Server( 2837): b[0]:0
08-16 14:48:00.145 E/ActivityThread( 2837): Failed to find provider info for com.letv.agnes.InfoProvider
08-16 14:48:00.147 E/ActivityThread( 2837): Failed to find provider info for com.letv.agnes.InfoProvider
08-16 14:48:00.147 W/System.err( 2837): java.lang.IllegalArgumentException: Unknown URL content://com.letv.agnes.InfoProvider
08-16 14:48:00.147 W/System.err( 2837): 	at android.content.ContentResolver.insert(ContentResolver.java:1227)
08-16 14:48:00.147 W/System.err( 2837): 	at com.letv.tracker2.agnes.Configuration.addDebugInfo(Configuration.java:289)
08-16 14:48:00.147 W/System.err( 2837): 	at com.letv.tracker2.agnes.MessageProcessor$SendEnvMsgTr$1.handleMessage(MessageProcessor.java:661)
08-16 14:48:00.147 W/System.err( 2837): 	at android.os.Handler.dispatchMessage(Handler.java:102)
08-16 14:48:00.148 W/System.err( 2837): 	at android.os.Looper.loop(Looper.java:148)
08-16 14:48:00.148 W/System.err( 2837): 	at com.letv.tracker2.agnes.MessageProcessor$SendEnvMsgTr.run(MessageProcessor.java:665)
08-16 14:48:00.165 I/StvLogReport( 2837): StargazerReportTask, action=appOpen&name=è®¾ç½®&packagename=com.stv.globalsetting&versionCode=1&appVersionName=1.0&appType=1&mark=83
08-16 14:48:00.168 W/ContextImpl( 2822): Calling a method in the system process without a qualified user: android.app.ContextImpl.startService:1224 android.content.ContextWrapper.startService:581 com.stv.settingadapter.PqManager.updateBinder:2843 com.stv.settingadapter.PqManager.getInstance:616 com.stv.globalsetting.fragment.BootFragment.initData:155 
08-16 14:48:00.178 I/StvLogReport( 2837): StargazerReportTask, reponse2 : {"status":"OK","statusCode":200,"message":"succeefully"}
08-16 14:48:00.220 I/LetvManager-LogReport( 1780): [send_msg] line: 490 report url = http://log.hdtv.cp21.ott.cibntv.net:80/api/log/tvAction
08-16 14:48:00.227 I/tvos    ( 1764): MSrv_Control_common::GetLedStandySwitch to 1
08-16 14:48:00.286 I/APM::AudioPolicyEngine( 1758): getDeviceForStrategy, 359
08-16 14:48:00.288 I/ActivityManager( 2207): Displayed com.stv.globalsetting/.activity.UniversalActivity: +358ms
08-16 14:48:00.288 W/ContextImpl( 2207): Calling a method in the system process without a qualified user: android.app.ContextImpl.sendBroadcast:766 com.android.server.am.ActivityRecord.reportLaunchTimeLocked:1056 com.android.server.am.ActivityRecord.windowsDrawnLocked:1080 com.android.server.am.ActivityRecord$Token.windowsDrawn:345 com.android.server.wm.WindowManagerService$H.handleMessage:8042 
08-16 14:48:00.300 W/InputDispatcher( 2207): Window went away: Window{6410ea3 u0 Starting com.stv.globalsetting}
08-16 14:48:00.344 I/tvos    ( 1764): GetAudioOutputDevice, retval : 0
08-16 14:48:00.411 I/AnalysisLog( 3007): Plugin:onFragmentShowChanged_hide:com.stv.plugin.app----start:time='512946845'
08-16 14:48:00.426 I/LetvManager-LogReport( 1780): [send_msg] line: 490 report url = http://log.hdtv.cp21.ott.cibntv.net:80/api/log/tvAction
08-16 14:48:00.427 I/AppPlugin( 3007): AppFragment -- onFragmentShowChanged gainSelect true screen = com.stv.plugin.app packageName = com.stv.plugin.app
08-16 14:48:00.428 I/AnalysisLog( 3007): Plugin:onFragmentShowChanged_hide:com.stv.plugin.app----end:time='512946862'
08-16 14:48:00.429 I/TvLiveBaseFragment( 3007): onStop
08-16 14:48:00.441 E/LETV_DEVICE( 1780): no name sn for Mstar
08-16 14:48:00.446 E/ActivityThread( 2837): Failed to find provider info for com.letv.agnes.InfoProvider
08-16 14:48:00.447 E/ActivityThread( 2837): Failed to find provider info for com.letv.agnes.InfoProvider
08-16 14:48:00.448 W/System.err( 2837): java.lang.IllegalArgumentException: Unknown URL content://com.letv.agnes.InfoProvider
08-16 14:48:00.448 W/System.err( 2837): 	at android.content.ContentResolver.insert(ContentResolver.java:1227)
08-16 14:48:00.448 W/System.err( 2837): 	at com.letv.tracker2.agnes.Configuration.addDebugInfo(Configuration.java:289)
08-16 14:48:00.448 W/System.err( 2837): 	at com.letv.tracker2.agnes.MessageProcessor$SendEnvMsgTr$1.handleMessage(MessageProcessor.java:661)
08-16 14:48:00.448 W/System.err( 2837): 	at android.os.Handler.dispatchMessage(Handler.java:102)
08-16 14:48:00.448 W/System.err( 2837): 	at android.os.Looper.loop(Looper.java:148)
08-16 14:48:00.448 W/System.err( 2837): 	at com.letv.tracker2.agnes.MessageProcessor$SendEnvMsgTr.run(MessageProcessor.java:665)
08-16 14:48:00.456 I/[T1.0.6.3]EuiAgnes_Server( 2837): resCode:1
08-16 14:48:00.456 I/[T1.0.6.3]EuiAgnes_Server( 2837): b[0]:0
08-16 14:48:00.594 I/tvos    ( 1764): GetAudioOutputDevice, retval : 0
08-16 14:48:00.633 I/LetvManager-LogReport( 1780): [send_msg] line: 490 report url = http://log.hdtv.cp21.ott.cibntv.net:80/api/log/tvAction
08-16 14:48:00.681 W/InputDispatcher( 2207): findTouchedWindow finished: injectionResult=0, injectionPermission=1, timeSpentWaitingForApplication=0.0ms
08-16 14:48:00.684 W/InputDispatcher( 2207): findTouchedWindow finished: injectionResult=0, injectionPermission=1, timeSpentWaitingForApplication=0.0ms
08-16 14:48:00.711 W/InputDispatcher( 2207): findTouchedWindow finished: injectionResult=0, injectionPermission=1, timeSpentWaitingForApplication=0.0ms
08-16 14:48:00.716 W/InputDispatcher( 2207): findTouchedWindow finished: injectionResult=0, injectionPermission=1, timeSpentWaitingForApplication=0.0ms
08-16 14:48:00.782 I/BrowseView( 2822): --onItemClick position : 1
08-16 14:48:00.782 I/SoundPool( 2207): enter : func play
08-16 14:48:00.783 I/APM::AudioPolicyEngine( 1758): getDeviceForStrategy, 359
08-16 14:48:00.787 I/audio_hw_primary( 1758): version:a00004 adev_create_audio_patch::mix->device 
08-16 14:48:00.787 I/audio_hw_primary( 1758): adev_create_audio_patch *handle=-1420227928 num_audio_patch=3
08-16 14:48:00.789 E/AudioManagerService( 1803): setAudioVolume(callingPid 1758, clientPid 1758, enSoundPath 0, volumn:0 )
08-16 14:48:00.790 I/tvos    ( 1764): SetVolume, subWooExist 0!
08-16 14:48:00.790 I/tvos    ( 1764): mapi_audio_customer::SetAbsoluteVolume: project name is X440M
08-16 14:48:00.790 I/tvos    ( 1764): SetAbsoluteVolume: uPercent : 0, path=52(speaker), VolumeInt=7f, VolumeFra=0
08-16 14:48:00.790 I/tvos    ( 1764): SetAbsoluteVolume: uPercent(currVol) : 0, realPath=52(default), VolumeInt=7f, VolumeFra=0
08-16 14:48:00.790 I/tvos    ( 1764): mapi_audio_customer::SetAbsoluteVolume: project name is X440M
08-16 14:48:00.790 I/tvos    ( 1764): SetAbsoluteVolume: uPercent : 0, path=49(HP), VolumeInt=7f, VolumeFra=0
08-16 14:48:00.790 I/tvos    ( 1764): SetAbsoluteVolume: uPercent(currVol) : 0, realPath=49(default), VolumeInt=7f, VolumeFra=0
08-16 14:48:00.790 I/tvos    ( 1764): mapi_audio_customer::SetAbsoluteVolume: project name is X440M
08-16 14:48:00.790 I/tvos    ( 1764): SetAbsoluteVolume, m_bBTDetect is false! 
08-16 14:48:00.790 I/tvos    ( 1764): mapi_audio_customer::SetAbsoluteVolume: project name is X440M
08-16 14:48:00.790 I/tvos    ( 1764): SetAbsoluteVolume: uPercent : 0, path=255(speaker), VolumeInt=7f, VolumeFra=0
08-16 14:48:00.790 I/tvos    ( 1764): SetAbsoluteVolume: uPercent(currVol) : 0, realPath=255(default), VolumeInt=7f, VolumeFra=0
08-16 14:48:00.790 I/tvos    ( 1764): [SetMuteStatus] call SetSoundMuteStatus, line : 10369, muteType: 4, onOff : 0 
08-16 14:48:00.790 I/tvos    ( 1764): [audioBSP] #1 m_internalMute : 0 ..
08-16 14:48:00.790 I/tvos    ( 1764): #1|->SDK_bPermanentAudioMute:0<-|->SDK_bMomentAudioMute:0 <-|->SDK_bBySyncAudioMute:0<-|->SDK_bByBlockAudioMute:0<-|->SDK_bByVChipAudioMute:0<-|
08-16 14:48:00.790 I/tvos    ( 1764): #1|->SDK_bInternal1AudioMute:0<-|->SDK_bInternal2AudioMute:0<-|->SDK_bInternal3AudioMute:0<-|->SDK_bInternal4AudioMute:0<-|
08-16 14:48:00.790 I/tvos    ( 1764): #1|->SDK_bByScanInOutchgCHchg:0<-|->SDK_bByDuringLimitedTimeAudioMute:0<-|->SDK_bSourceSwitchAudioMute:0<-|
08-16 14:48:00.790 I/tvos    ( 1764): #1|->SDK_bMHEGApMute:0<-|->SDK_bAllAudioMuteCtrl:0<-|->SDK_bPowerOnMute:0<-|->SDK_bNullSourceMute0<-|->SDK_bSetInputSourceAudioMute:0<-|
08-16 14:48:00.790 I/tvos    ( 1764): [audioBSP] #2 m_spkrMute : 0 ..|->SDK_bUsrSpkrAudioMute:0<-|->SDK_bPowerOnMute:0<-|->SDK_bByUserAudioMute:0<-|
08-16 14:48:00.790 I/tvos    ( 1764): [audioBSP] #3 m_PcmCapture2Mute:0 |->SDK_bByUserPcmCapture2Mute:0<-|->SDK_SUB_bByUserAudioMute:0<-|->SDK_bByUserAudioMute:0<-|
08-16 14:48:00.790 I/tvos    ( 1764): [audioBSP] #5 m_hpMute : 1 ..|->SDK_bUsrHpAudioMute:1<-|->SDK_bPowerOnMute:0<-|->SDK_bByUserAudioMute:0<-|
08-16 14:48:00.790 I/tvos    ( 1764): [audioBSP] #12 m_spdifMute : 1 ..
08-16 14:48:00.790 I/tvos    ( 1764): #12|->SDK_bPermanentAudioMute:0<-|->SDK_bMomentAudioMute:0<-|->SDK_bByBlockAudioMute:0<-|
08-16 14:48:00.790 I/tvos    ( 1764): #12|->SDK_bByVChipAudioMute:0<-|->SDK_bInternal1AudioMute:0<-|->SDK_bInternal4AudioMute:0<-|
08-16 14:48:00.790 I/tvos    ( 1764): #12|->SDK_bByDuringLimitedTimeAudioMute:0<-|->SDK_bSourceSwitchAudioMute:0<-|->SDK_bMHEGApMute:0<-|
08-16 14:48:00.790 I/tvos    ( 1764): #12|->SDK_bPowerOnMute:0<-|->SDK_bUsrSpdifAudioMute:1<-|->SDK_bNullSourceMute:0<-|->SDK_bByAppMute:0<-|
08-16 14:48:00.790 I/tvos    ( 1764): ---Amplifier_ALC1310_LR_SWMute(0)
08-16 14:48:00.793 I/tvos    ( 1764): ALC1310 unmute good, addr: 0x13 readbackvalue: 4 
08-16 14:48:00.796 I/AudioUtil( 1758): setParameters spk_volume=0
08-16 14:48:00.796 I/audio_hw_primary( 1758): adev_set_parameters: spk_volume=0
08-16 14:48:00.797 I/tvos    ( 1764): SetSoundMuteStatus : m_hpMute : 1, m_spdifMute : 1, m_DataInMute : 0, m_channel7Mute : 0, m_internalMute : 0, m_spkrMute : 0, m_PcmCapture1Mute : 0, m_PcmCapture2Mute : 0 
08-16 14:48:00.797 I/tvos    ( 1764): GetAudioOutputDevice, retval : 0
08-16 14:48:00.797 I/tvos    ( 1764): [SetMuteStatus] call SetSoundMuteStatus, line : 10369, muteType: 67108864, onOff : 1 
