08-16 14:48:11.733 I/Launcher( 3007): [com.stv.launcher] AdvertisingPresenter --  updateAdView end ---
08-16 14:48:11.853 I/Launcher( 3007): [com.stv.launcher] AdvertisingView -- ---show ----Background {mUrl = http://picture-scloud.cp21.ott.cibntv.net/stargazer/1532585612302_1103 isTimeOut = false type = 2 mPluginID = null isDied = false}
08-16 14:48:11.864 I/tvos    ( 1764): GetAudioOutputDevice, retval : 0
08-16 14:48:11.932 I/LetvManager-LogReport( 1780): [send_msg] line: 490 report url = http://log.hdtv.cp21.ott.cibntv.net:80/api/log/tvAction
08-16 14:48:12.114 I/tvos    ( 1764): GetAudioOutputDevice, retval : 0
08-16 14:48:12.135 I/LetvManager-LogReport( 1780): [send_msg] line: 490 report url = http://log.hdtv.cp21.ott.cibntv.net:80/api/log/tvAction
08-16 14:48:12.297 W/InputDispatcher( 2207): findFocusedWindow finished: injectionResult=0, timeSpentWaitingForApplication=0.0ms
08-16 14:48:12.302 W/InputDispatcher( 2207): findFocusedWindow finished: injectionResult=0, timeSpentWaitingForApplication=0.0ms
08-16 14:48:12.339 I/LetvManager-LogReport( 1780): [send_msg] line: 490 report url = http://log.hdtv.cp21.ott.cibntv.net:80/api/log/tvAction
08-16 14:48:12.365 I/tvos    ( 1764): GetAudioOutputDevice, retval : 0
08-16 14:48:12.544 I/LetvManager-LogReport( 1780): [send_msg] line: 490 report url = http://log.hdtv.cp21.ott.cibntv.net:80/api/log/tvAction
08-16 14:48:12.615 I/tvos    ( 1764): GetAudioOutputDevice, retval : 0
08-16 14:48:12.749 I/LetvManager-LogReport( 1780): [send_msg] line: 490 report url = http://log.hdtv.cp21.ott.cibntv.net:80/api/log/tvAction
08-16 14:48:12.866 I/tvos    ( 1764): GetAudioOutputDevice, retval : 0
08-16 14:48:12.956 I/LetvManager-LogReport( 1780): [send_msg] line: 490 report url = http://log.hdtv.cp21.ott.cibntv.net:80/api/log/tvAction
08-16 14:48:13.116 I/tvos    ( 1764): GetAudioOutputDevice, retval : 0
08-16 14:48:13.160 I/LetvManager-LogReport( 1780): [send_msg] line: 490 report url = http://log.hdtv.cp21.ott.cibntv.net:80/api/log/tvAction
08-16 14:48:13.365 I/LetvManager-LogReport( 1780): [send_msg] line: 490 report url = http://log.hdtv.cp21.ott.cibntv.net:80/api/log/tvAction
08-16 14:48:13.366 I/tvos    ( 1764): GetAudioOutputDevice, retval : 0
08-16 14:48:13.617 I/tvos    ( 1764): GetAudioOutputDevice, retval : 0
08-16 14:48:13.674 E/LETV_DEVICE( 1780): no name sn for Mstar
08-16 14:48:13.679 E/ActivityThread( 2837): Failed to find provider info for com.letv.agnes.InfoProvider
08-16 14:48:13.680 E/ActivityThread( 2837): Failed to find provider info for com.letv.agnes.InfoProvider
08-16 14:48:13.681 W/System.err( 2837): java.lang.IllegalArgumentException: Unknown URL content://com.letv.agnes.InfoProvider
08-16 14:48:13.681 W/System.err( 2837): 	at android.content.ContentResolver.insert(ContentResolver.java:1227)
08-16 14:48:13.681 W/System.err( 2837): 	at com.letv.tracker2.agnes.Configuration.addDebugInfo(Configuration.java:289)
08-16 14:48:13.681 W/System.err( 2837): 	at com.letv.tracker2.agnes.MessageProcessor$SendEnvMsgTr$1.handleMessage(MessageProcessor.java:661)
08-16 14:48:13.681 W/System.err( 2837): 	at android.os.Handler.dispatchMessage(Handler.java:102)
08-16 14:48:13.681 W/System.err( 2837): 	at android.os.Looper.loop(Looper.java:148)
08-16 14:48:13.681 W/System.err( 2837): 	at com.letv.tracker2.agnes.MessageProcessor$SendEnvMsgTr.run(MessageProcessor.java:665)
08-16 14:48:13.686 I/[T1.0.6.3]EuiAgnes_Server( 2837): resCode:1
08-16 14:48:13.687 I/[T1.0.6.3]EuiAgnes_Server( 2837): b[0]:0
08-16 14:48:13.766 E/LetvRemoteupgradeManager-JNI( 2613): can't get LetvManager service!
08-16 14:48:13.770 I/LetvManager-LogReport( 1780): [send_msg] line: 490 report url = http://log.hdtv.cp21.ott.cibntv.net:80/api/log/tvAction
08-16 14:48:13.786 I/tvos    ( 1764): [37m[INFO] Change to Voltage: 1030 mV (0x2E)[m
08-16 14:48:13.786 I/tvos    ( 1764): [37m[INFO] Change to Voltage: 1030 mV (0x2B)[m
08-16 14:48:13.786 I/tvos    ( 1764): [37m[INFO] Change to Voltage: 1030 mV (0x28)[m
08-16 14:48:13.786 I/tvos    ( 1764): [37m[INFO] Change to Voltage: 1030 mV (0x25)[m
08-16 14:48:13.786 I/tvos    ( 1764): [37m[INFO] Change to Voltage: 1030 mV (0x22)[m
08-16 14:48:13.787 I/tvos    ( 1764): [37m[INFO] Change to Voltage: 1030 mV (0x22)[m
08-16 14:48:13.867 I/tvos    ( 1764): GetAudioOutputDevice, retval : 0
08-16 14:48:13.976 I/LetvManager-LogReport( 1780): [send_msg] line: 490 report url = http://log.hdtv.cp21.ott.cibntv.net:80/api/log/tvAction
08-16 14:48:14.057 W/InputDispatcher( 2207): findFocusedWindow finished: injectionResult=0, timeSpentWaitingForApplication=0.0ms
08-16 14:48:14.063 W/InputDispatcher( 2207): findFocusedWindow finished: injectionResult=0, timeSpentWaitingForApplication=0.0ms
08-16 14:48:14.118 I/tvos    ( 1764): GetAudioOutputDevice, retval : 0
08-16 14:48:14.368 I/tvos    ( 1764): GetAudioOutputDevice, retval : 0
08-16 14:48:14.619 I/tvos    ( 1764): GetAudioOutputDevice, retval : 0
08-16 14:48:14.869 I/tvos    ( 1764): GetAudioOutputDevice, retval : 0
08-16 14:48:15.119 I/tvos    ( 1764): GetAudioOutputDevice, retval : 0
08-16 14:48:15.370 I/tvos    ( 1764): GetAudioOutputDevice, retval : 0
08-16 14:48:15.620 I/tvos    ( 1764): GetAudioOutputDevice, retval : 0
08-16 14:48:15.760 I/System.out(24055): The phone type is: X4-40M
08-16 14:48:15.760 I/LetvTestCase(24055): ==========================case end time is :2018-8-16-2-48-15
08-16 14:48:15.761 I/TestRunner(24055): finished: testTime24r(com.letv.cases.leui.SmokeSetting)
08-16 14:48:15.764 I/MonitoringInstrumentation(24055): Activities that are still in CREATED to STOPPED: 0
08-16 14:48:15.764 I/TestRunner(24055): run finished: 1 tests, 0 failed, 0 ignored
08-16 14:48:15.766 I/MonitoringInstrumentation(24055): waitForActivitiesToComplete() took: 0ms
08-16 14:48:15.766 I/MonitoringInstrumentation(24055): Activities that are still in CREATED to STOPPED: 0
08-16 14:48:15.767 W/WindowManager( 2207): Attempted to remove non-existing token: android.os.Binder@43dfbb1
08-16 14:48:15.871 I/tvos    ( 1764): GetAudioOutputDevice, retval : 0
08-16 14:48:16.033 I/ActivityManager( 2207): Force stopping com.le.tcauto.uitest appid=10097 user=0: finished inst
08-16 14:48:16.034 I/ActivityManager( 2207): Killing 24055:com.le.tcauto.uitest/u0a97 (adj 0): stop com.le.tcauto.uitest
08-16 14:48:16.041 W/ActivityManager( 2207): Error shutting down UiAutomationConnection
08-16 14:48:16.121 I/tvos    ( 1764): GetAudioOutputDevice, retval : 0
08-16 14:48:16.372 I/tvos    ( 1764): GetAudioOutputDevice, retval : 0
08-16 14:48:16.622 I/tvos    ( 1764): GetAudioOutputDevice, retval : 0
08-16 14:48:16.766 E/LetvRemoteupgradeManager-JNI( 2613): can't get LetvManager service!
08-16 14:48:16.872 I/tvos    ( 1764): GetAudioOutputDevice, retval : 0
08-16 14:48:17.123 I/tvos    ( 1764): GetAudioOutputDevice, retval : 0
08-16 14:48:17.373 I/tvos    ( 1764): GetAudioOutputDevice, retval : 0
08-16 14:48:17.624 I/tvos    ( 1764): GetAudioOutputDevice, retval : 0
08-16 14:48:17.874 I/tvos    ( 1764): GetAudioOutputDevice, retval : 0
08-16 14:48:18.124 I/tvos    ( 1764): GetAudioOutputDevice, retval : 0
08-16 14:48:18.375 I/tvos    ( 1764): GetAudioOutputDevice, retval : 0
08-16 14:48:18.625 I/tvos    ( 1764): GetAudioOutputDevice, retval : 0
08-16 14:48:18.876 I/tvos    ( 1764): GetAudioOutputDevice, retval : 0
08-16 14:48:19.126 I/tvos    ( 1764): GetAudioOutputDevice, retval : 0
08-16 14:48:19.377 I/tvos    ( 1764): GetAudioOutputDevice, retval : 0
08-16 14:48:19.627 I/tvos    ( 1764): GetAudioOutputDevice, retval : 0
08-16 14:48:19.725 I/reService( 2207): onReportKeyEvent  type=type0 keycode=23*23*23*23*23*23*23*4*4*4*4*4*4*4*4 
08-16 14:48:19.726 E/LETV_DEVICE( 1780): no name sn for Mstar
08-16 14:48:19.740 E/ActivityThread( 2837): Failed to find provider info for com.letv.agnes.InfoProvider
08-16 14:48:19.742 E/ActivityThread( 2837): Failed to find provider info for com.letv.agnes.InfoProvider
08-16 14:48:19.742 W/System.err( 2837): java.lang.IllegalArgumentException: Unknown URL content://com.letv.agnes.InfoProvider
08-16 14:48:19.742 W/System.err( 2837): 	at android.content.ContentResolver.insert(ContentResolver.java:1227)
08-16 14:48:19.742 W/System.err( 2837): 	at com.letv.tracker2.agnes.Configuration.addDebugInfo(Configuration.java:289)
08-16 14:48:19.742 W/System.err( 2837): 	at com.letv.tracker2.agnes.MessageProcessor$SendEnvMsgTr$1.handleMessage(MessageProcessor.java:661)
08-16 14:48:19.742 W/System.err( 2837): 	at android.os.Handler.dispatchMessage(Handler.java:102)
08-16 14:48:19.742 W/System.err( 2837): 	at android.os.Looper.loop(Looper.java:148)
08-16 14:48:19.742 W/System.err( 2837): 	at com.letv.tracker2.agnes.MessageProcessor$SendEnvMsgTr.run(MessageProcessor.java:665)
08-16 14:48:19.754 I/[T1.0.6.3]EuiAgnes_Server( 2837): resCode:1
08-16 14:48:19.754 I/[T1.0.6.3]EuiAgnes_Server( 2837): b[0]:0
08-16 14:48:19.766 E/LetvRemoteupgradeManager-JNI( 2613): can't get LetvManager service!
08-16 14:48:19.877 I/tvos    ( 1764): GetAudioOutputDevice, retval : 0
08-16 14:48:20.128 I/tvos    ( 1764): GetAudioOutputDevice, retval : 0
08-16 14:48:20.378 I/tvos    ( 1764): GetAudioOutputDevice, retval : 0
08-16 14:48:20.629 I/tvos    ( 1764): GetAudioOutputDevice, retval : 0
08-16 14:48:20.879 I/tvos    ( 1764): GetAudioOutputDevice, retval : 0
08-16 14:48:21.130 I/tvos    ( 1764): GetAudioOutputDevice, retval : 0
08-16 14:48:21.380 I/tvos    ( 1764): GetAudioOutputDevice, retval : 0
08-16 14:48:21.631 I/tvos    ( 1764): GetAudioOutputDevice, retval : 0
08-16 14:48:21.881 I/tvos    ( 1764): GetAudioOutputDevice, retval : 0
08-16 14:48:22.131 I/tvos    ( 1764): GetAudioOutputDevice, retval : 0
08-16 14:48:22.380 E/InternetUtils( 4594): java.net.SocketTimeoutException: failed to connect to www.cibn.com/61.133.127.115 (port 80) after 3000ms
08-16 14:48:22.382 I/tvos    ( 1764): GetAudioOutputDevice, retval : 0
08-16 14:48:22.632 I/tvos    ( 1764): GetAudioOutputDevice, retval : 0
08-16 14:48:22.767 E/LetvRemoteupgradeManager-JNI( 2613): can't get LetvManager service!
08-16 14:48:22.883 I/tvos    ( 1764): GetAudioOutputDevice, retval : 0
08-16 14:48:23.133 I/tvos    ( 1764): GetAudioOutputDevice, retval : 0
08-16 14:48:23.384 I/tvos    ( 1764): GetAudioOutputDevice, retval : 0
08-16 14:48:23.634 I/tvos    ( 1764): GetAudioOutputDevice, retval : 0
08-16 14:48:23.885 I/tvos    ( 1764): GetAudioOutputDevice, retval : 0
08-16 14:48:24.135 I/tvos    ( 1764): GetAudioOutputDevice, retval : 0
08-16 14:48:24.386 I/tvos    ( 1764): GetAudioOutputDevice, retval : 0
08-16 14:48:24.636 I/tvos    ( 1764): GetAudioOutputDevice, retval : 0
08-16 14:48:24.886 I/tvos    ( 1764): GetAudioOutputDevice, retval : 0
08-16 14:48:25.137 I/tvos    ( 1764): GetAudioOutputDevice, retval : 0
08-16 14:48:25.387 I/tvos    ( 1764): GetAudioOutputDevice, retval : 0
08-16 14:48:25.638 I/tvos    ( 1764): GetAudioOutputDevice, retval : 0
08-16 14:48:25.767 E/LetvRemoteupgradeManager-JNI( 2613): can't get LetvManager service!
08-16 14:48:25.888 I/tvos    ( 1764): GetAudioOutputDevice, retval : 0
08-16 14:48:26.138 I/tvos    ( 1764): GetAudioOutputDevice, retval : 0
08-16 14:48:26.389 I/tvos    ( 1764): GetAudioOutputDevice, retval : 0
08-16 14:48:26.639 I/tvos    ( 1764): GetAudioOutputDevice, retval : 0
08-16 14:48:26.890 I/tvos    ( 1764): GetAudioOutputDevice, retval : 0
08-16 14:48:27.140 I/tvos    ( 1764): GetAudioOutputDevice, retval : 0
08-16 14:48:27.391 I/tvos    ( 1764): GetAudioOutputDevice, retval : 0
08-16 14:48:27.641 I/tvos    ( 1764): GetAudioOutputDevice, retval : 0
08-16 14:48:27.892 I/tvos    ( 1764): GetAudioOutputDevice, retval : 0
08-16 14:48:28.142 I/tvos    ( 1764): GetAudioOutputDevice, retval : 0
08-16 14:48:28.392 I/tvos    ( 1764): GetAudioOutputDevice, retval : 0
08-16 14:48:28.643 I/tvos    ( 1764): GetAudioOutputDevice, retval : 0
08-16 14:48:28.768 E/LetvRemoteupgradeManager-JNI( 2613): can't get LetvManager service!
08-16 14:48:28.775 I/tvos    ( 1764): bq32kDriver:rtc_read_time.
08-16 14:48:28.775 I/tvos    ( 1764): [hq]rtc_read_time: read 0x28 0x48 0xc6 0x05 0x16 0x08 0x18
08-16 14:48:28.775 I/tvos    ( 1764): rtc_read_time: date 28s 48m 6h 16md 7m 118y
08-16 14:48:28.775 I/tvos    ( 1764): rtc read time:2018-8-16 6:48:28.
08-16 14:48:28.775 I/tvos    ( 1764): tm_year = 2018, tm_mon = 8, tm_mday = 16, tm_hour = 6,tm_min= 48,  tm_sec = 28
08-16 14:48:28.775 I/tvos    ( 1764): timeSeconds:1534402108 rtcTimeSeconds:1534402108.
08-16 14:48:28.893 I/tvos    ( 1764): GetAudioOutputDevice, retval : 0
08-16 14:48:29.144 I/tvos    ( 1764): GetAudioOutputDevice, retval : 0
08-16 14:48:29.394 I/tvos    ( 1764): GetAudioOutputDevice, retval : 0
08-16 14:48:29.644 I/tvos    ( 1764): GetAudioOutputDevice, retval : 0
08-16 14:48:29.895 I/tvos    ( 1764): GetAudioOutputDevice, retval : 0
08-16 14:48:30.145 I/tvos    ( 1764): GetAudioOutputDevice, retval : 0
08-16 14:48:30.396 I/tvos    ( 1764): GetAudioOutputDevice, retval : 0
08-16 14:48:30.646 I/tvos    ( 1764): GetAudioOutputDevice, retval : 0
08-16 14:48:30.897 I/tvos    ( 1764): GetAudioOutputDevice, retval : 0
08-16 14:48:31.147 I/tvos    ( 1764): GetAudioOutputDevice, retval : 0
08-16 14:48:31.398 I/tvos    ( 1764): GetAudioOutputDevice, retval : 0
08-16 14:48:31.648 I/tvos    ( 1764): GetAudioOutputDevice, retval : 0
08-16 14:48:31.768 E/LetvRemoteupgradeManager-JNI( 2613): can't get LetvManager service!
08-16 14:48:31.899 I/tvos    ( 1764): GetAudioOutputDevice, retval : 0
08-16 14:48:32.149 I/tvos    ( 1764): GetAudioOutputDevice, retval : 0
08-16 14:48:32.399 I/tvos    ( 1764): GetAudioOutputDevice, retval : 0
08-16 14:48:32.650 I/tvos    ( 1764): GetAudioOutputDevice, retval : 0
08-16 14:48:32.900 I/tvos    ( 1764): GetAudioOutputDevice, retval : 0
08-16 14:48:33.151 I/tvos    ( 1764): GetAudioOutputDevice, retval : 0
08-16 14:48:33.401 I/tvos    ( 1764): GetAudioOutputDevice, retval : 0
08-16 14:48:33.652 I/tvos    ( 1764): GetAudioOutputDevice, retval : 0
08-16 14:48:33.902 I/tvos    ( 1764): GetAudioOutputDevice, retval : 0
08-16 14:48:34.152 I/tvos    ( 1764): GetAudioOutputDevice, retval : 0
08-16 14:48:34.403 I/tvos    ( 1764): GetAudioOutputDevice, retval : 0
08-16 14:48:34.653 I/tvos    ( 1764): GetAudioOutputDevice, retval : 0
08-16 14:48:34.768 E/LetvRemoteupgradeManager-JNI( 2613): can't get LetvManager service!
08-16 14:48:34.904 I/tvos    ( 1764): GetAudioOutputDevice, retval : 0
08-16 14:48:35.154 I/tvos    ( 1764): GetAudioOutputDevice, retval : 0
08-16 14:48:35.404 I/tvos    ( 1764): GetAudioOutputDevice, retval : 0
08-16 14:48:35.655 I/tvos    ( 1764): GetAudioOutputDevice, retval : 0
08-16 14:48:35.905 I/tvos    ( 1764): GetAudioOutputDevice, retval : 0
08-16 14:48:36.156 I/tvos    ( 1764): GetAudioOutputDevice, retval : 0
08-16 14:48:36.406 I/tvos    ( 1764): GetAudioOutputDevice, retval : 0
08-16 14:48:36.656 I/tvos    ( 1764): GetAudioOutputDevice, retval : 0
08-16 14:48:36.907 I/tvos    ( 1764): GetAudioOutputDevice, retval : 0
08-16 14:48:37.157 I/tvos    ( 1764): GetAudioOutputDevice, retval : 0
08-16 14:48:37.408 I/tvos    ( 1764): GetAudioOutputDevice, retval : 0
08-16 14:48:37.658 I/tvos    ( 1764): GetAudioOutputDevice, retval : 0
08-16 14:48:37.769 E/LetvRemoteupgradeManager-JNI( 2613): can't get LetvManager service!
08-16 14:48:37.909 I/tvos    ( 1764): GetAudioOutputDevice, retval : 0
08-16 14:48:38.159 I/tvos    ( 1764): GetAudioOutputDevice, retval : 0
08-16 14:48:38.409 I/tvos    ( 1764): GetAudioOutputDevice, retval : 0
08-16 14:48:38.660 I/tvos    ( 1764): GetAudioOutputDevice, retval : 0
08-16 14:48:38.834 I/StvLogReport( 2837): Report Nielsen, handleMessage: 'send bd ok
08-16 14:48:38.834 I/StvLogReport( 2837): 6^C2014082201^X440M-b01bd2542d51-^A1A90F9A1254CF6F^^816B705A0F27D860^10.58.80.116^2018-08-16 14:48:27^1^2.57^5^I^^^^^^^^^-100^10.58.80.116^5CD612C8331^5CD612C8331^
08-16 14:48:38.834 I/StvLogReport( 2837): 6^C2014082201^X440M-b01bd2542d51-^A1A90F9A1254CF6F^^D91FC80E776BC550^10.58.81.96^2018-08-16 14:48:28^1^2.57^0^O^^^^^^^^^-100^10.58.81.96^^^
08-16 14:48:38.834 I/StvLogReport( 2837): 6^C2014082201^X440M-b01bd2542d51-^A1A90F9A1254CF6F^^3F852E744EAFFCFA^10.58.82.164^2018-08-16 14:48:28^1^2.57^5^O^^^^^^^^^-100^10.58.82.164^ANDROID_FAFCAF^ANDROID_FAFCAF^
08-16 14:48:38.834 I/StvLogReport( 2837): 6^C2014082201^X440M-b01bd2542d51-^A1A90F9A1254CF6F^^C12CB01BD251766B^10.58.81.28^2018-08-16 14:48:28^1^2.57^0^O^^^^^^^^^-100^10.58.81.28^^^
08-16 14:48:38.834 I/StvLogReport( 2837): 6^C2014082201^X440M-b01bd2542d51-^A1A90F9A1254CF6F^^C12CB01BD251770D^10.58.83.78^2018-08-16 14:48:28^1^2.57^0^O^^^^^^^^^-100^10.58.83.78^^^
08-16 14:48:38.834 I/StvLogReport( 2837): 6^C2014082201^X440M-b01bd2542d51-^A1A90F9A1254CF6F^^C12CB01BD25B6BC4^10.58.81.29^2018-08-16 14:48:28^1^2.57^0^O^^^^^^^^^-100^10.58.81.29^^^
08-16 14:48:38.834 I/StvLogReport( 2837): 6^C2014082201^X440M-b01bd2542d51-^A1A90F9A1254CF6F^^C12CB01BD270D165^10.58.83.11^2018-08-16 14:48:28^1^2.57^5^O^^^^^^^^^-100^10.58.83.11^ANDROID_65D170^ANDROID_65D170^
08-16 14:48:38.834 I/StvLogReport( 2837): 6^C2014082201^X440M-b01bd2542d51-^A1A90F9A1254CF6F^^11AF009EC8D6CF59^10.58.83.57^2018-08-16 14:48:28^1^2.57^0^O^^^^^^^^^-100^10.58.83.57^^^
08-16 14:48:38.834 I/StvLogReport( 2837): 6^C2014082201^X440M-b01bd2542d51-^A1A90F9A1254CF6F^^C12CB01BD2509651^10.58.81.27^2018-08-16 14:48:28^1^2.57^0^O^^^^^^^^^-100^10.58.81.27^^^
08-16 14:48:38.834 I/StvLogReport( 2837): 6^C2014082201^X440M-b01bd2542d51-^A1A90F9A1254CF6F^^C12CB01BD25AAF23^10.58.81.106^2018-08-16 14:48:28^1^2.57^0^O^^^^^^^^^-100^10.58.81.106^^^ (104)'.
08-16 14:48:38.910 I/tvos    ( 1764): GetAudioOutputDevice, retval : 0
08-16 14:48:39.161 I/tvos    ( 1764): GetAudioOutputDevice, retval : 0
08-16 14:48:39.411 I/tvos    ( 1764): GetAudioOutputDevice, retval : 0
08-16 14:48:39.662 I/tvos    ( 1764): GetAudioOutputDevice, retval : 0
08-16 14:48:39.912 I/tvos    ( 1764): GetAudioOutputDevice, retval : 0
08-16 14:48:40.162 I/tvos    ( 1764): GetAudioOutputDevice, retval : 0
08-16 14:48:40.413 I/tvos    ( 1764): GetAudioOutputDevice, retval : 0
08-16 14:48:40.663 I/tvos    ( 1764): GetAudioOutputDevice, retval : 0
08-16 14:48:40.769 E/LetvRemoteupgradeManager-JNI( 2613): can't get LetvManager service!
08-16 14:48:40.914 I/tvos    ( 1764): GetAudioOutputDevice, retval : 0
08-16 14:48:41.164 I/tvos    ( 1764): GetAudioOutputDevice, retval : 0
08-16 14:48:41.414 I/tvos    ( 1764): GetAudioOutputDevice, retval : 0
