08-16 14:50:44.605 I/cdelog  ( 3380): core::supernode::HttpDownloader(711)::[collector::report]Download OK : , channel(), url(http://s.webp2p.cp21.ott.cibntv.net/act/cde?act=chk), server(123.125.36.224:80), name(nginx/1.8.0), response code(200), version(HTTP/1.1), details(OK), data(0/0 Bytes), transfer(normal), encoding(), resolved time(10 ms), connected time(1 ms), responsed time(1 ms), total used time(14 ms), transfered time(13 ms), speed(12415 Byte/s), bytes(173), 0 alive times
08-16 14:50:44.606 I/cdelog  ( 3380): core::supernode::HttpDownloader(711)::[base::selector]Download OK : , channel(70f8798d72ff0ac99462999af2ba7c5d), url(http://selector.webp2p.cp21.ott.cibntv.net/query?groupId=E9A02811C6AF370AF8E65DE6CCEFD2CAver_00_221.3m3u8_12272000&type=liv&module=cde&version=CDE-1.1.17&geo=CN.1.5.666&isp=666&country=17230&province=1&city=5&area=0&appid=110&mac=B0-1B-D2-54-2D-51&hwtype=LETV%20X4-40M&custid=&p2pLimitParam=&appPackage=com.stv.cdeapk), server(123.125.47.215:80), name(Selector/2.0.1/2016-05-23 12:50/), response code(200), version(HTTP/1.1), details(OK), data(495/495 Bytes), transfer(normal), encoding(), resolved time(11 ms), connected time(3 ms), responsed time(4 ms), total used time(19 ms), transfered time(19 ms), speed(34324 Byte/s), bytes(660), 0 alive times
08-16 14:50:44.607 I/cdelog  ( 3380): protocol::base::Pool(188)::Http complete for tag(base::selector), channel(70f8798d72ff0ac99462999af2ba7c5d), response code(200), details(OK), size(495)
08-16 14:50:44.608 I/cdelog  ( 3380): protocol::base::Pool(259)::Query from selector successfully, gather(http://123.125.36.125:80), rtmfp(rtmfp://123.125.38.149:8124), tracker(http://123.125.36.125:80), max peers(25), urgent size(15), channel(70f8798d72ff0ac99462999af2ba7c5d), cdn(yes), rtmfp(yes), websocket(yes), webrtc(yes), p2p upload(yes), p2p download(yes), urgent upload(yes), range interval(5 s), upload limit(no), init throttle(100000 B/s), avg throttle(240000 B/s), max reserved(30000 B/s), force(yes), http info numbers(5), auto buffer(yes), auto buffer length(1200), enable support(no)
08-16 14:50:44.608 I/cdelog  ( 3380): logic::base::Channel(2967)::[live]Protocol selector(123.125.47.215:80) open, channel(70f8798d72ff0ac99462999af2ba7c5d), code(0), OK
08-16 14:50:44.610 I/cdelog  ( 3380): tools::collector::ReportClient(109)::Send report(stage report:sel), 1 pending item(s) to url(http://s.webp2p.cp21.ott.cibntv.net/act/cde?act=sel)
08-16 14:50:44.611 I/cdelog  ( 3380): tools::collector::ReportClient(124)::post param(act=sel&p1=2&p2=20&platid=10&splatid=1060704002&ch=&custid=&token=&time=1534402245&did=e092cc1f-9a33-3835-9689-a7a400e7ead2&appid=110&nt=wired&geo=CN.1.5.666&gid=E9A02811C6AF370AF8E65DE6CCEFD2CAver_00_221.3m3u8_12272000&lid=&sid=lb_zczb5_1800&st=lb_zczb5&type=liv&vt=&dur=0&cmfv=&plv=&cdev=cde.1.1.17.32&lsbv=2fn&uuid=9f73a8f0cdc54541bf695900b3446903&err=0&utime=19&r=0.73865&sn=4&termid=2&mac=B0-1B-D2-54-2D-51&srvver=Selector/2.0.1/2016-05-23 12:50/&stage=1&avgutime=19&errcnt=0&err5xxcnt=0&snrcnt=0&cip=10.58.80.199&sip=123.125.47.215&httpinfo={1,(200,2071801815:80,19,660,11,3,19)})
08-16 14:50:44.612 I/cdelog  ( 3380): core::supernode::HttpDownloader(527)::[collector::report]Start download method(POST), range(), server(s.webp2p.cp21.ott.cibntv.net:80), channel(), proxy(disabled), 1 addtional header(s) ...
08-16 14:50:44.612 I/cdelog  ( 3380): core::supernode::HttpDownloader(532)::[collector::report]Request url(http://s.webp2p.cp21.ott.cibntv.net/act/cde?act=sel)
08-16 14:50:44.613 I/cdelog  ( 3380): protocol::rtmfp::ManagerImpl(238)::Connect to rtmfp server 123.125.38.149:8124, for channel(70f8798d72ff0ac99462999af2ba7c5d)
08-16 14:50:44.614 I/cdelog  ( 3380): core::supernode::WebSocketServer(66)::[share]Listen at address 0.0.0.0:1443 successfully
08-16 14:50:44.615 I/cdelog  ( 3380): protocol::websocket::Manager(87)::Openning channel(70f8798d72ff0ac99462999af2ba7c5d), self inner ip(10.58.80.199), peer id(bc4d25902fe6262cdc92f9395b751ec4), share server port(1443) ...
08-16 14:50:44.617 I/cdelog  ( 3380): core::supernode::HttpDownloader(527)::[websocket::tracker]Start download method(GET), range(), server(123.125.36.125:80), channel(70f8798d72ff0ac99462999af2ba7c5d), proxy(disabled), 0 addtional header(s) ...
08-16 14:50:44.618 I/cdelog  ( 3380): core::supernode::HttpDownloader(532)::[websocket::tracker]Request url(http://123.125.36.125:80/cde?termid=2&format=1&ver=liv.CDE-1.1.17&op=3&ckey=E9A02811C6AF370AF8E65DE6CCEFD2CAver_00_221.3m3u8_12272000&inip=10.58.80.199&pid=33-bc4d25902fe6262cdc92f9395b751ec4-1443-1443&pos=0&ispId=666&neighbors=0&arealevel1=CN&arealevel2=1&arealevel3=5&expect=50&ulMark=-1&sentRatio=0&ulSpeed=0&did=74da97e8e680ec7ed8230e1139727a1a&transferProp=3&networkType=1&provider=0)
08-16 14:50:44.619 I/SpoPlayer( 3007): [37] onMediaEventUpdate: {"M3U8_VER":"ver_00_22","PROGRAM_ID":"E9A02811C6AF370AF8E65DE6CCEFD2CA","PLAYER_ARGS":"streamArgs=VklEPTI5NzgxMzkyJlRZUEU9MCY=&cdeVer=1117&auuid=74da97e8e680ec7ed8230e1139727a1a_70f8798d72ff0ac99462999af2ba7c5d_1500257572&monitorUrl=&adArgs="}
08-16 14:50:44.619 I/VideoViewTVWrapper( 3007): mIsRenderStart = false onMediaEventUpdate = {"M3U8_VER":"ver_00_22","PROGRAM_ID":"E9A02811C6AF370AF8E65DE6CCEFD2CA","PLAYER_ARGS":"streamArgs=VklEPTI5NzgxMzkyJlRZUEU9MCY=&cdeVer=1117&auuid=74da97e8e680ec7ed8230e1139727a1a_70f8798d72ff0ac99462999af2ba7c5d_1500257572&monitorUrl=&adArgs="}
08-16 14:50:44.619 I/SpoPlayer( 3007): [37] start download media file, index: 1500257572, startTimeMs=0, endTimeMs=10960
08-16 14:50:44.620 I/cdelog  ( 3380): core::supernode::HttpDownloader(527)::[abtest::query]Start download method(GET), range(), server(s.webp2p.cp21.ott.cibntv.net:80), channel(), proxy(disabled), 0 addtional header(s) ...
08-16 14:50:44.621 I/cdelog  ( 3380): core::supernode::HttpDownloader(532)::[abtest::query]Request url(http://s.webp2p.cp21.ott.cibntv.net/abtest/isNeedModifyParam?str={"did":"e092cc1f-9a33-3835-9689-a7a400e7ead2","sid":"lb_zczb5_1800","vid":"","vt":""})
08-16 14:50:44.622 I/cdelog  ( 3380): tools::speedtest::abtest(25)::Abtest starting~
08-16 14:50:44.636 I/cdelog  ( 3380): core::supernode::HttpConnection(345)::[HLS]Client(127.0.0.1:34304), query full url(/play/slices/1500257572.ts?id=70f8798d72ff0ac99462999af2ba7c5d&segment=1500257572), method(GET), 2 params, 5 header(s), content-length 0 bytes
08-16 14:50:44.638 I/cdelog  ( 3380): core::entrance::HlsServer(741)::Receive player request segment(1500257572), channel(70f8798d72ff0ac99462999af2ba7c5d)
08-16 14:50:44.644 I/cdelog  ( 3380): core::entrance::HlsServer(854)::Player request segment(1500257572), urgent(1500257572), dis(no), range() of channel(70f8798d72ff0ac99462999af2ba7c5d), response(-1, Pending(200), text/plain, data 0/0/1782992 byte(s)
08-16 14:50:44.646 I/cdelog  ( 3380): logic::base::Channel(967)::[live] get next stable(address(* 211.154.226.238:80), speed(200000), last segment id(1500257572), count(12/0/0/12);) for channel(70f8798d72ff0ac99462999af2ba7c5d)
08-16 14:50:44.648 I/cdelog  ( 3380): core::supernode::HttpDownloader(711)::[collector::report]Download OK : , channel(), url(http://s.webp2p.cp21.ott.cibntv.net/act/cde?act=sel), server(123.125.36.224:80), name(nginx/1.8.0), response code(200), version(HTTP/1.1), details(OK), data(0/0 Bytes), transfer(normal), encoding(), resolved time(10 ms), connected time(23 ms), responsed time(1 ms), total used time(36 ms), transfered time(36 ms), speed(4796 Byte/s), bytes(173), 0 alive times
08-16 14:50:44.649 I/cdelog  ( 3380): tools::collector::ReportClient(109)::Send report(stage report:cquery), 1 pending item(s) to url(http://s.webp2p.cp21.ott.cibntv.net/act/cde?act=cquery)
08-16 14:50:44.650 I/cdelog  ( 3380): tools::collector::ReportClient(124)::post param(act=cquery&p1=2&p2=20&platid=10&splatid=1060704002&ch=&custid=&token=&time=1534402245&did=e092cc1f-9a33-3835-9689-a7a400e7ead2&appid=110&nt=wired&geo=CN.1.5.666&gid=E9A02811C6AF370AF8E65DE6CCEFD2CAver_00_221.3m3u8_12272000&lid=&sid=lb_zczb5_1800&st=lb_zczb5&type=liv&vt=&dur=0&cmfv=&plv=&cdev=cde.1.1.17.32&lsbv=2fn&uuid=9f73a8f0cdc54541bf695900b3446903&err=0&utime=46&utime2=327&r=0.41643&sn=5&termid=2&mac=B0-1B-D2-54-2D-51&qos=3&srvver=&stage=0&avgutime=0&errcnt=0&cip=10.58.80.199)
08-16 14:50:44.650 I/cdelog  ( 3380): core::supernode::HttpDownloader(527)::[collector::report]Start download method(POST), range(), server(s.webp2p.cp21.ott.cibntv.net:80), channel(), proxy(disabled), 1 addtional header(s) ...
08-16 14:50:44.651 I/cdelog  ( 3380): core::supernode::HttpDownloader(532)::[collector::report]Request url(http://s.webp2p.cp21.ott.cibntv.net/act/cde?act=cquery)
08-16 14:50:44.655 I/cdelog  ( 3380): core::supernode::HttpDownloader(711)::[abtest::query]Download OK : , channel(), url(http://s.webp2p.cp21.ott.cibntv.net/abtest/isNeedModifyParam?str={"did":"e092cc1f-9a33-3835-9689-a7a400e7ead2","sid":"lb_zczb5_1800","vid":"","vt":""}), server(123.125.36.224:80), name(nginx/1.8.0), response code(200), version(HTTP/1.1), details(OK), data(14/14 Bytes), transfer(normal), encoding(), resolved time(25 ms), connected time(5 ms), responsed time(3 ms), total used time(35 ms), transfered time(35 ms), speed(4834 Byte/s), bytes(170), 0 alive times
08-16 14:50:44.655 I/cdelog  ( 3380): tools::speedtest::abtest(102)::Http complete for tag(abtest::query), response code(200), details(OK), data({"need":false}), size(14)
08-16 14:50:44.658 I/cdelog  ( 3380): core::supernode::HttpDownloader(711)::[collector::report]Download OK : , channel(), url(http://s.webp2p.cp21.ott.cibntv.net/act/cde?act=cquery), server(123.125.36.224:80), name(nginx/1.8.0), response code(200), version(HTTP/1.1), details(OK), data(0/0 Bytes), transfer(normal), encoding(), resolved time(2 ms), connected time(1 ms), responsed time(2 ms), total used time(6 ms), transfered time(6 ms), speed(26660 Byte/s), bytes(173), 0 alive times
08-16 14:50:44.664 I/cdelog  ( 3380): tools::collector::ReportClient(109)::Send report(stage report:cload), 1 pending item(s) to url(http://s.webp2p.cp21.ott.cibntv.net/act/cde?act=cload)
08-16 14:50:44.665 I/cdelog  ( 3380): tools::collector::ReportClient(124)::post param(act=cload&p1=2&p2=20&platid=10&splatid=1060704002&ch=&custid=&token=&time=1534402245&did=e092cc1f-9a33-3835-9689-a7a400e7ead2&appid=110&nt=wired&geo=CN.1.5.666&gid=E9A02811C6AF370AF8E65DE6CCEFD2CAver_00_221.3m3u8_12272000&lid=&sid=lb_zczb5_1800&st=lb_zczb5&type=liv&vt=&dur=0&cmfv=&plv=&cdev=cde.1.1.17.32&lsbv=2fn&uuid=9f73a8f0cdc54541bf695900b3446903&err=0&utime=82&r=0.32266&sn=6&termid=2&mac=B0-1B-D2-54-2D-51&qos=3&srvver=nginx/1.12.0&stage=1&avgutime=67&errcnt=0&cip=10.58.80.199&httpinfo={1,(200,3550143214:80,67,1448,5,1,67)})
08-16 14:50:44.666 I/cdelog  ( 3380): core::supernode::HttpDownloader(527)::[collector::report]Start download method(POST), range(), server(s.webp2p.cp21.ott.cibntv.net:80), channel(), proxy(disabled), 1 addtional header(s) ...
08-16 14:50:44.666 I/cdelog  ( 3380): core::supernode::HttpDownloader(532)::[collector::report]Request url(http://s.webp2p.cp21.ott.cibntv.net/act/cde?act=cload)
08-16 14:50:44.666 I/cdelog  ( 3380): core::storage::MemoryBucket(375)::new and open block when get block (channel://70f8798d72ff0ac99462999af2ba7c5d/1500257572)
08-16 14:50:44.667 I/cdelog  ( 3380): logic::base::Channel(967)::[live] get next stable(address(* 211.154.226.238:80), speed(200000), last segment id(1500257572), count(12/0/0/11);) for channel(70f8798d72ff0ac99462999af2ba7c5d)
08-16 14:50:44.669 I/cdelog  ( 3380): core::supernode::HttpDownloader(711)::[websocket::tracker]Download OK : , channel(70f8798d72ff0ac99462999af2ba7c5d), url(http://123.125.36.125:80/cde?termid=2&format=1&ver=liv.CDE-1.1.17&op=3&ckey=E9A02811C6AF370AF8E65DE6CCEFD2CAver_00_221.3m3u8_12272000&inip=10.58.80.199&pid=33-bc4d25902fe6262cdc92f9395b751ec4-1443-1443&pos=0&ispId=666&neighbors=0&arealevel1=CN&arealevel2=1&arealevel3=5&expect=50&ulMark=-1&sentRatio=0&ulSpeed=0&did=74da97e8e680ec7ed8230e1139727a1a&transferProp=3&networkType=1&provider=0), server(123.125.36.125:80), name(HttpTracker/2.1.0/2018-05-18 16:02), response code(200), version(HTTP/1.1), details(OK), data(1101/420 Bytes), transfer(normal), encoding(gzip), resolved time(7 ms), connected time(23 ms), responsed time(22 ms), total used time(53 ms), transfered time(52 ms), speed(11550 Byte/s), bytes(611), 0 alive times
08-16 14:50:44.670 I/cdelog  ( 3380): protocol::websocket::Manager(156)::Http complete for tag(websocket::tracker), channel(70f8798d72ff0ac99462999af2ba7c5d), response code(200), details(OK), size(1101)
08-16 14:50:44.671 I/cdelog  ( 3380): logic::base::Channel(3181)::[live]Protocol manager(websocket://bc4d25902fe6262cdc92f9395b751ec4) open, channel(70f8798d72ff0ac99462999af2ba7c5d), code(0), OK
08-16 14:50:44.672 I/cdelog  ( 3380): protocol::websocket::Manager(793)::Register to tracker successfully, self internet ip(10.58.80.199), load 6 peer(s), 6 peer(s) now, channel(70f8798d72ff0ac99462999af2ba7c5d)
08-16 14:50:44.694 I/cdelog  ( 3380): logic::base::Channel(967)::[live] get next stable(address(* 211.154.226.238:80), speed(2027074), last segment id(1500257572), count(12/0/0/10);) for channel(70f8798d72ff0ac99462999af2ba7c5d)
08-16 14:50:44.698 I/cdelog  ( 3380): logic::base::Channel(967)::[live] get next stable(address(* 211.154.226.238:80), speed(2069599), last segment id(1500257572), count(12/0/0/9);) for channel(70f8798d72ff0ac99462999af2ba7c5d)
08-16 14:50:44.699 I/SpoPlayer( 3007): [37] onTracksChanged
08-16 14:50:44.699 I/SpoPlayer( 3007): [37] onVideoEnabled
08-16 14:50:44.699 I/SpoPlayer( 3007): [37] audioEnabled
08-16 14:50:44.699 I/cdelog  ( 3380): core::supernode::HttpDownloader(711)::[collector::report]Download OK : , channel(), url(http://s.webp2p.cp21.ott.cibntv.net/act/cde?act=cload), server(123.125.36.224:80), name(nginx/1.8.0), response code(200), version(HTTP/1.1), details(OK), data(0/0 Bytes), transfer(normal), encoding(), resolved time(21 ms), connected time(8 ms), responsed time(3 ms), total used time(33 ms), transfered time(33 ms), speed(5174 Byte/s), bytes(173), 0 alive times
08-16 14:50:44.700 I/cdelog  ( 3380): tools::collector::ReportClient(109)::Send report(stage report:soc), 2 pending item(s) to url(http://s.webp2p.cp21.ott.cibntv.net/act/cde?act=soc)
08-16 14:50:44.701 I/cdelog  ( 3380): tools::collector::ReportClient(124)::post param(act=soc&p1=2&p2=20&platid=10&splatid=1060704002&ch=&custid=&token=&time=1534402245&did=e092cc1f-9a33-3835-9689-a7a400e7ead2&appid=110&nt=wired&geo=CN.1.5.666&gid=E9A02811C6AF370AF8E65DE6CCEFD2CAver_00_221.3m3u8_12272000&lid=&sid=lb_zczb5_1800&st=lb_zczb5&type=liv&vt=&dur=0&cmfv=&plv=&cdev=cde.1.1.17.32&lsbv=2fn&uuid=9f73a8f0cdc54541bf695900b3446903&err=0&utime=54&r=0.75935&sn=7&termid=2&mac=B0-1B-D2-54-2D-51&srvver=HttpTracker/2.1.0/2018-05-18 16:02&stage=1&avgutime=53&errcnt=0&err5xxcnt=0&snrcnt=0&gip=123.125.36.125&gport=80&cip=10.58.80.199&sip=123.125.36.125&httpinfo={1,(200,2071798909:80,53,611,7,23,52)})
08-16 14:50:44.702 I/cdelog  ( 3380): core::supernode::HttpDownloader(527)::[collector::report]Start download method(POST), range(), server(s.webp2p.cp21.ott.cibntv.net:80), channel(), proxy(disabled), 1 addtional header(s) ...
08-16 14:50:44.705 I/cdelog  ( 3380): core::supernode::HttpDownloader(532)::[collector::report]Request url(http://s.webp2p.cp21.ott.cibntv.net/act/cde?act=soc)
08-16 14:50:44.712 I/cdelog  ( 3380): logic::base::Channel(967)::[live] get next stable(address(* 211.154.226.238:80), speed(3588447), last segment id(1500257572), count(12/0/0/8);) for channel(70f8798d72ff0ac99462999af2ba7c5d)
08-16 14:50:44.716 I/cdelog  ( 3380): logic::base::Channel(967)::[live] get next stable(address(* 211.154.226.238:80), speed(5011388), last segment id(1500257572), count(12/0/0/7);) for channel(70f8798d72ff0ac99462999af2ba7c5d)
08-16 14:50:44.719 I/OMXClient( 3007): Using client-side OMX mux.
08-16 14:50:44.719 I/SpoPlayer( 3007): [37] onDownstreamFormatChanged, trackType: 0, startTimeMs: 0
08-16 14:50:44.719 I/SpoPlayer( 3007): [37] onSubtitleLanguageUpdated, size: 0
08-16 14:50:44.719 I/SpoPlayer( 3007): [37] update current ptsOffset: -2070765
08-16 14:50:44.721 I/cdelog  ( 3380): core::supernode::HttpDownloader(711)::[collector::report]Download OK : , channel(), url(http://s.webp2p.cp21.ott.cibntv.net/act/cde?act=soc), server(123.125.36.224:80), name(nginx/1.8.0), response code(200), version(HTTP/1.1), details(OK), data(0/0 Bytes), transfer(normal), encoding(), resolved time(7 ms), connected time(4 ms), responsed time(3 ms), total used time(15 ms), transfered time(15 ms), speed(11179 Byte/s), bytes(173), 0 alive times
08-16 14:50:44.721 I/MS_OMX_CORE( 1758): ComponentName : OMX.MS.AVC.Decoder, version -..
08-16 14:50:44.724 I/cdelog  ( 3380): tools::collector::ReportClient(109)::Send report(), 1 pending item(s) to url(http://s.webp2p.cp21.ott.cibntv.net/peer/query?str={"arealevel1":"CN","arealevel2":"1","arealevel3":"5","ckey":"E9A02811C6AF370AF8E65DE6CCEFD2CAver_00_221.3m3u8_12272000","did":"74da97e8e680ec7ed8230e1139727a1a","expect":"50","format":"1","inip":"10.58.80.199","ispId":"666","neighbors":"0","networkType":"1","op":"3","pid":"33-bc4d25902fe6262cdc92f9395b751ec4-1443-1443","pos":"0","provider":"0","sentRatio":"0","termid":"2","transferProp":"3","ulMark":"-1","ulSpeed":"0","ver":"liv.CDE-1.1.17"})
08-16 14:50:44.725 I/MediaCodec( 3007): [OMX.MS.AVC.Decoder] setting surface generation to 3079203
08-16 14:50:44.726 I/cdelog  ( 3380): core::supernode::HttpDownloader(527)::[collector::report]Start download method(GET), range(), server(s.webp2p.cp21.ott.cibntv.net:80), channel(), proxy(disabled), 0 addtional header(s) ...
08-16 14:50:44.726 E/OMXNodeInstance( 1758): getExtensionIndex(d3:MS.AVC.Decoder, OMX.google.android.index.storeMetaDataInBuffers) ERROR: BadParameter(0x80001005)
08-16 14:50:44.726 E/ACodec  ( 3007): [OMX.MS.AVC.Decoder] storeMetaDataInBuffers failed w/ err -2147483648
08-16 14:50:44.726 E/OMXNodeInstance( 1758): getExtensionIndex(d3:MS.AVC.Decoder, OMX.google.android.index.prepareForAdaptivePlayback) ERROR: BadParameter(0x80001005)
08-16 14:50:44.726 W/ACodec  ( 3007): [OMX.MS.AVC.Decoder] prepareForAdaptivePlayback failed w/ err -2147483648
08-16 14:50:44.728 E/ACodec  ( 3007): COMPONENT: OMX.MS.AVC.Decoder 1 1
08-16 14:50:44.730 I/ACodec  ( 3007): LoadedState::onStart RequestResources = 1
08-16 14:50:44.732 I/cdelog  ( 3380): core::supernode::HttpDownloader(532)::[collector::report]Request url(http://s.webp2p.cp21.ott.cibntv.net/peer/query?str={"arealevel1":"CN","arealevel2":"1","arealevel3":"5","ckey":"E9A02811C6AF370AF8E65DE6CCEFD2CAver_00_221.3m3u8_12272000","did":"74da97e8e680ec7ed8230e1139727a1a","expect":"50","format":"1","inip":"10.58.80.199","ispId":"666","neighbors":"0","networkType":"1","op":"3","pid":"33-bc4d25902fe6262cdc92f9395b751ec4-1443-1443","pos":"0","provider":"0","sentRatio":"0","termid":"2","transferProp":"3","ulMark":"-1","ulSpeed":"0","ver":"liv.CDE-1.1.17"})
08-16 14:50:44.739 I/cdelog  ( 3380): logic::base::Channel(967)::[live] get next stable(address(* 211.154.226.238:80), speed(5516057), last segment id(1500257572), count(12/0/0/6);) for channel(70f8798d72ff0ac99462999af2ba7c5d)
08-16 14:50:44.743 I/cdelog  ( 3380): core::supernode::HttpDownloader(711)::[collector::report]Download OK : , channel(), url(http://s.webp2p.cp21.ott.cibntv.net/peer/query?str={"arealevel1":"CN","arealevel2":"1","arealevel3":"5","ckey":"E9A02811C6AF370AF8E65DE6CCEFD2CAver_00_221.3m3u8_12272000","did":"74da97e8e680ec7ed8230e1139727a1a","expect":"50","format":"1","inip":"10.58.80.199","ispId":"666","neighbors":"0","networkType":"1","op":"3","pid":"33-bc4d25902fe6262cdc92f9395b751ec4-1443-1443","pos":"0","provider":"0","sentRatio":"0","termid":"2","transferProp":"3","ulMark":"-1","ulSpeed":"0","ver":"liv.CDE-1.1.17"}), server(123.125.36.224:80), name(nginx/1.8.0), response code(502), version(HTTP/1.1), details(Bad Gateway), data(0/0 Bytes), transfer(normal), encoding(), resolved time(9 ms), connected time(2 ms), responsed time(4 ms), total used time(15 ms), transfered time(15 ms), speed(11572 Byte/s), bytes(182), 0 alive times
08-16 14:50:44.746 I/RMAllocator( 1750): ClientInfo this=1656319408, mRMClient=1656322016. id=81
08-16 14:50:44.749 I/cdelog  ( 3380): protocol::rtmfp::ManagerImpl(325)::Connect to server, ID: 365ed7c5af71e038f248dc47ec1d781fed5a3ea0845ae18018e9940a65665f95; Listen with group id E9A02811C6AF370AF8E65DE6CCEFD2CAver_00_221.3m3u8_12272000, channel(70f8798d72ff0ac99462999af2ba7c5d)
08-16 14:50:44.753 I/tvos    ( 1764): [37m[INFO] Change to Voltage: 1130 mV (0x1F)[m
08-16 14:50:44.756 I/cdelog  ( 3380): core::supernode::HttpDownloader(527)::[]Start download method(GET), range(), server(123.125.36.125:80), channel(70f8798d72ff0ac99462999af2ba7c5d), proxy(disabled), 0 addtional header(s) ...
08-16 14:50:44.757 I/cdelog  ( 3380): core::supernode::HttpDownloader(532)::[]Request url(http://123.125.36.125:80/heartBeat?module=cde&tid=2&ver=liv.CDE-1.1.17&groupId=E9A02811C6AF370AF8E65DE6CCEFD2CAver_00_221.3m3u8_12272000&peerId=365ed7c5af71e038f248dc47ec1d781fed5a3ea0845ae18018e9940a65665f95&rtmfpId=123.125.38.149:8124&ispId=666&pos=1534402126&neighbors=0&arealevel1=CN&arealevel2=1&arealevel3=5&query=1&expect=50&ulMark=-1&sentRatio=0&ulSpeed=0&transferProp=3&networkType=1&provider=0)
08-16 14:50:44.759 I/cdelog  ( 3380): logic::base::Channel(3181)::[live]Protocol manager(rtmfp://365ed7c5af71e038f248dc47ec1d781fed5a3ea0845ae18018e9940a65665f95) open, channel(70f8798d72ff0ac99462999af2ba7c5d), code(0), OK
08-16 14:50:44.759 I/tvos    ( 1764): [37m[INFO] Change to Voltage: 1130 mV (0x22)[m
08-16 14:50:44.761 I/cdelog  ( 3380): tools::collector::ReportClient(109)::Send report(stage report:rtm), 1 pending item(s) to url(http://s.webp2p.cp21.ott.cibntv.net/act/cde?act=rtm)
08-16 14:50:44.761 I/tvos    ( 1764): [37m[INFO] Change to Voltage: 1130 mV (0x25)[m
08-16 14:50:44.763 I/tvos    ( 1764): [37m[INFO] Change to Voltage: 1130 mV (0x28)[m
08-16 14:50:44.764 I/tvos    ( 1764): [37m[INFO] Change to Voltage: 1130 mV (0x2B)[m
08-16 14:50:44.766 I/tvos    ( 1764): [37m[INFO] Change to Voltage: 1130 mV (0x2C)[m
08-16 14:50:44.766 I/cdelog  ( 3380): tools::collector::ReportClient(124)::post param(act=rtm&p1=2&p2=20&platid=10&splatid=1060704002&ch=&custid=&token=&time=1534402245&did=e092cc1f-9a33-3835-9689-a7a400e7ead2&appid=110&nt=wired&geo=CN.1.5.666&gid=E9A02811C6AF370AF8E65DE6CCEFD2CAver_00_221.3m3u8_12272000&lid=&sid=lb_zczb5_1800&st=lb_zczb5&type=liv&vt=&dur=0&cmfv=&plv=&cdev=cde.1.1.17.32&lsbv=2fn&uuid=9f73a8f0cdc54541bf695900b3446903&err=0&utime=136&r=0.36655&sn=8&termid=2&mac=B0-1B-D2-54-2D-51&srvver=&stage=1&avgutime=136&errcnt=0&rip=123.125.38.149&rport=8124&cip=10.58.80.199&sip=123.125.38.149&httpinfo={1,(0,2071799445:8124,136,0,0,0,0)})
08-16 14:50:44.767 I/cdelog  ( 3380): core::supernode::HttpDownloader(527)::[collector::report]Start download method(POST), range(), server(s.webp2p.cp21.ott.cibntv.net:80), channel(), proxy(disabled), 1 addtional header(s) ...
08-16 14:50:44.771 E/OMXNodeInstance( 1758): setParameter(d3:MS.AVC.Decoder, ParamPortDefinition(0x2000001)) ERROR: BadParameter(0x80001005)
08-16 14:50:44.771 W/ACodec  ( 3007): [OMX.MS.AVC.Decoder] setting nBufferCountActual to 6 failed: -2147483648
08-16 14:50:44.771 E/OMXNodeInstance( 1758): setParameter(d3:MS.AVC.Decoder, ParamPortDefinition(0x2000001)) ERROR: BadParameter(0x80001005)
08-16 14:50:44.771 W/ACodec  ( 3007): [OMX.MS.AVC.Decoder] setting nBufferCountActual to 5 failed: -2147483648
08-16 14:50:44.772 I/cdelog  ( 3380): core::supernode::HttpDownloader(532)::[collector::report]Request url(http://s.webp2p.cp21.ott.cibntv.net/act/cde?act=rtm)
08-16 14:50:44.777 I/cdelog  ( 3380): logic::base::Channel(967)::[live] get next stable(address(* 211.154.226.238:80), speed(4667491), last segment id(1500257572), count(12/0/0/5);) for channel(70f8798d72ff0ac99462999af2ba7c5d)
08-16 14:50:44.781 I/cdelog  ( 3380): core::supernode::HttpDownloader(711)::[]Download OK : , channel(70f8798d72ff0ac99462999af2ba7c5d), url(http://123.125.36.125:80/heartBeat?module=cde&tid=2&ver=liv.CDE-1.1.17&groupId=E9A02811C6AF370AF8E65DE6CCEFD2CAver_00_221.3m3u8_12272000&peerId=365ed7c5af71e038f248dc47ec1d781fed5a3ea0845ae18018e9940a65665f95&rtmfpId=123.125.38.149:8124&ispId=666&pos=1534402126&neighbors=0&arealevel1=CN&arealevel2=1&arealevel3=5&query=1&expect=50&ulMark=-1&sentRatio=0&ulSpeed=0&transferProp=3&networkType=1&provider=0), server(123.125.36.125:80), name(HttpTracker/2.1.0/2018-05-18 16:02), response code(200), version(HTTP/1.1), details(OK), data(605/398 Bytes), transfer(normal), encoding(gzip), resolved time(21 ms), connected time(5 ms), responsed time(2 ms), total used time(30 ms), transfered time(29 ms), speed(19757 Byte/s), bytes(589), 0 alive times
08-16 14:50:44.789 I/cdelog  ( 3380): core::supernode::HttpDownloader(711)::[collector::report]Download OK : , channel(), url(http://s.webp2p.cp21.ott.cibntv.net/act/cde?act=rtm), server(123.125.36.224:80), name(nginx/1.8.0), response code(200), version(HTTP/1.1), details(OK), data(0/0 Bytes), transfer(normal), encoding(), resolved time(11 ms), connected time(2 ms), responsed time(7 ms), total used time(22 ms), transfered time(20 ms), speed(8309 Byte/s), bytes(173), 0 alive times
08-16 14:50:44.790 I/MSTAR_VDEC_API( 1758): Open Stream State: 11 0x0
08-16 14:50:44.790 I/MSTAR_VDEC_API( 1758): Open Stream Type: 0, pid=1758
08-16 14:50:44.790 I/Utopia  ( 1758): [VDEC]E_VDEC_EX_V2_USER_CMD_DYNAMIC_CMA_MODE 0x1
08-16 14:50:44.790 I/MSTAR_VDEC_API( 1758): [0] MApi_VDEC_EX_GetFreeStream bResult = 1
08-16 14:50:44.790 I/MSTAR_VDEC_API( 1758): no stored streamIds
08-16 14:50:44.790 I/MSTAR_VDEC_API( 1758): no stored streamIds
08-16 14:50:44.790 I/MSTAR_VDEC_API( 1758): add StreamId: 0x4040
08-16 14:50:44.792 I/cdelog  ( 3380): tools::collector::ReportClient(109)::Send report(), 1 pending item(s) to url(http://s.webp2p.cp21.ott.cibntv.net/peer/query?str={"arealevel1":"CN","arealevel2":"1","arealevel3":"5","expect":"50","groupId":"E9A02811C6AF370AF8E65DE6CCEFD2CAver_00_221.3m3u8_12272000","ispId":"666","module":"cde","neighbors":"0","networkType":"1","peerId":"365ed7c5af71e038f248dc47ec1d781fed5a3ea0845ae18018e9940a65665f95","pos":"1534402126","provider":"0","query":"1","rtmfpId":"123.125.38.149:8124","sentRatio":"0","tid":"2","transferProp":"3","ulMark":"-1","ulSpeed":"0","ver":"liv.CDE-1.1.17"})
08-16 14:50:44.793 I/cdelog  ( 3380): core::supernode::HttpDownloader(527)::[collector::report]Start download method(GET), range(), server(s.webp2p.cp21.ott.cibntv.net:80), channel(), proxy(disabled), 0 addtional header(s) ...
08-16 14:50:44.794 I/cdelog  ( 3380): core::supernode::HttpDownloader(532)::[collector::report]Request url(http://s.webp2p.cp21.ott.cibntv.net/peer/query?str={"arealevel1":"CN","arealevel2":"1","arealevel3":"5","expect":"50","groupId":"E9A02811C6AF370AF8E65DE6CCEFD2CAver_00_221.3m3u8_12272000","ispId":"666","module":"cde","neighbors":"0","networkType":"1","peerId":"365ed7c5af71e038f248dc47ec1d781fed5a3ea0845ae18018e9940a65665f95","pos":"1534402126","provider":"0","query":"1","rtmfpId":"123.125.38.149:8124","sentRatio":"0","tid":"2","transferProp":"3","ulMark":"-1","ulSpeed":"0","ver":"liv.CDE-1.1.17"})
08-16 14:50:44.794 I/OMXClient( 3007): Using client-side OMX mux.
08-16 14:50:44.795 I/MS_OMX_CORE( 1758): ComponentName : OMX.MS.AAC.Decoder, version -..
08-16 14:50:44.797 I/apiMMAP ( 1758): get_info: E_MMAP_ID_VDEC_FRAMEBUFFER: not fount
08-16 14:50:44.797 W/MS_LOG  ( 1758): mmapInfo == NULL
08-16 14:50:44.797 I/Utopia  ( 1758): [VDEC]E_VDEC_EX_V2_USER_CMD_DYNAMIC_CMA_MODE 0x1
08-16 14:50:44.797 I/Utopia  ( 1758): [VDEC][NDec][ALLOC][0] In: Codec=11 SrcMode=2 CMA=1 bAlloc=1
08-16 14:50:44.797 I/Utopia  ( 1758): [VDEC][NDec][ALLOC][0] In: eOriStream=0 FBmono=0 BSmono=1
08-16 14:50:44.797 I/Utopia  ( 1758): [VDEC][NDec][ALLOC][0] In: FW addr=0x219C2000 size=0x00A00000
08-16 14:50:44.797 I/Utopia  ( 1758): [VDEC][NDec][ALLOC][0] In: FB addr=0x00000000 size=0x00000000
08-16 14:50:44.797 I/Utopia  ( 1758): [VDEC][NDec][ALLOC][0] In: BS addr=0x223C2000 size=0x02400000
08-16 14:50:44.797 I/Utopia  ( 1758): [VDEC][NDec][ALLOC][0] In: PB addr=0x223C2000 size=0x00080000
08-16 14:50:44.797 I/Utopia  ( 1758): [VDEC][NDec][ALLOC][DBG] stBufferInfo[0][0] Type = 0x01 Phy = 0x30800000, Size = 0x0F800000, Conf = 0x00000001
08-16 14:50:44.797 I/Utopia  ( 1758): [VDEC][NDec][ALLOC][DBG] stBufferInfo[0][2] Type = 0x03 Phy = 0x92000000, Size = 0x06800000, Conf = 0x00000001
08-16 14:50:44.797 I/Utopia  ( 1758): [VDEC][NDec][ALLOC][DBG][_VDEC_EX_NdecAllocator_FindNextBuffer][3947] use buffer 0x01 Phy = 0x30800000, Size = 0x0F800000, Conf = 0x00000001
08-16 14:50:44.797 I/Utopia  ( 1758): [VDEC][NDec][ALLOC][DBG][_VDEC_EX_NdecAllocator_CMAAlloc][3346] MApi_CMA_Pool_GetMem: heap_id=0x13, offset_in_pool=0x00000000, length=0x08200000
08-16 14:50:44.810 I/MS_OMX_AACDEC( 1758): AAC_Decode_PreSetADTSHeader: AACStreamFormat=5
08-16 14:50:44.810 I/MS_OMX_AACDEC( 1758): AAC_Decode_PreSetADTSHeader: AACProfile=2
08-16 14:50:44.810 I/MS_OMX_AACDEC( 1758): ParamAudio: Channels        2
08-16 14:50:44.810 I/MS_OMX_AACDEC( 1758): ParamAudio: SampleRate      44100
08-16 14:50:44.810 E/OMXNodeInstance( 1758): setParameter(d4:MS.AAC.Decoder, ParamAudioAndroidAacPresentation(0x6f400003)) ERROR: UnsupportedIndex(0x8000101a)
08-16 14:50:44.812 I/cdelog  ( 3380): core::supernode::HttpDownloader(711)::[collector::report]Download OK : , channel(), url(http://s.webp2p.cp21.ott.cibntv.net/peer/query?str={"arealevel1":"CN","arealevel2":"1","arealevel3":"5","expect":"50","groupId":"E9A02811C6AF370AF8E65DE6CCEFD2CAver_00_221.3m3u8_12272000","ispId":"666","module":"cde","neighbors":"0","networkType":"1","peerId":"365ed7c5af71e038f248dc47ec1d781fed5a3ea0845ae18018e9940a65665f95","pos":"1534402126","provider":"0","query":"1","rtmfpId":"123.125.38.149:8124","sentRatio":"0","tid":"2","transferProp":"3","ulMark":"-1","ulSpeed":"0","ver":"liv.CDE-1.1.17"}), server(123.125.36.224:80), name(nginx/1.8.0), response code(502), version(HTTP/1.1), details(Bad Gateway), data(0/0 Bytes), transfer(normal), encoding(), resolved time(13 ms), connected time(1 ms), responsed time(2 ms), total used time(17 ms), transfered time(17 ms), speed(10388 Byte/s), bytes(182), 0 alive times
08-16 14:50:44.815 I/cdelog  ( 3380): logic::base::Channel(967)::[live] get next stable(address(* 211.154.226.238:80), speed(4728219), last segment id(1500257572), count(12/0/0/4);) for channel(70f8798d72ff0ac99462999af2ba7c5d)
08-16 14:50:44.815 I/ACodec  ( 3007): LoadedState::onStart RequestResources = 2
08-16 14:50:44.838 I/tvos    ( 1764): GetAudioOutputDevice, retval : 0
08-16 14:50:44.840 I/SpoPlayer( 3007): [37] onVideoDecoderInitialized [OMX.MS.AVC.Decoder], initialization durationMs: 88
08-16 14:50:44.840 I/SpoPlayer( 3007): [37] videoFormatChanged [id=1/27, mimeType=video/avc, res=1280x720]
08-16 14:50:44.841 I/RMAllocator( 1750): ClientInfo this=1656324528, mRMClient=1656324032. id=82
08-16 14:50:44.849 I/cdelog  ( 3380): logic::base::Channel(967)::[live] get next stable(address(* 211.154.226.238:80), speed(4831246), last segment id(1500257572), count(12/0/0/3);) for channel(70f8798d72ff0ac99462999af2ba7c5d)
08-16 14:50:44.879 I/SpoPlayer( 3007): [37] onAudioDecoderInitialized [OMX.MS.AAC.Decoder], initialization durationMs: 71
08-16 14:50:44.879 I/SpoPlayer( 3007): [37] audioFormatChanged [id=1/15, mimeType=audio/mp4a-latm, channels=2, sample_rate=44100]
08-16 14:50:44.880 I/MSTAR_ADEC_API( 1758): ADEC ID 2 Reload decoder(AAC) OK !!
08-16 14:50:44.880 E/Utopia  ( 1758): [AUDIO]HAL_MAD_SetAudioParam2: DecId(1) disable Multi-Channel
08-16 14:50:44.880 E/Utopia  ( 1758): [AUDIO]HAL_MAD_SetAudioParam2: DecId(1) Enable Multi-Channel
08-16 14:50:44.880 I/MSTAR_ADEC_API( 1758): Support Multi Channel : Mode = 1   ( [0] r2 intellent mode    [1] force output multi-channel )
08-16 14:50:44.881 I/MSTAR_ADEC_API( 1758): ID 2 MAD base=0x1fe00000
08-16 14:50:44.881 I/MSTAR_ADEC_API( 1758): ID 2 ES  base=0x20820000, Size=0x20000 (131072)
08-16 14:50:44.881 I/MSTAR_ADEC_API( 1758): ID 2 PCM base=0x20948000, Size=0xff000 (1044480)
08-16 14:50:44.881 I/MS_OMX_ADEC( 1758): Audio_Decode_Reload: IsR2Decoder is true
08-16 14:50:44.890 I/Utopia  ( 1758): [VDEC][NDec][ALLOC][0] Out: FB  addr=0x30800000 size=0x08200000
08-16 14:50:44.890 I/Utopia  ( 1758): [VDEC][NDec][ALLOC][0] Out: BS  addr=0x223C2000 size=0x01000000
08-16 14:50:44.890 I/Utopia  ( 1758): [VDEC][NDec][ALLOC][0] Out: PB  addr=0x223C2000 size=0x00080000
08-16 14:50:44.890 I/Utopia  ( 1758): [VDEC][NDec][ALLOC][0] Out: bTS=0 bShareBBU=0 BBUAddr=0x223C2000 BBUSize=0x01000000
08-16 14:50:44.891 I/cdelog  ( 3380): logic::base::Channel(967)::[live] get next stable(address(* 211.154.226.238:80), speed(4921973), last segment id(1500257572), count(12/0/0/2);) for channel(70f8798d72ff0ac99462999af2ba7c5d)
08-16 14:50:44.900 I/Utopia  ( 1758): [VDEC][NDec][0x4040][0] bShareBBU 0, eStream 0 
08-16 14:50:44.907 I/MS_OMX_AACDEC( 1758): ADEC_AAC_Decode_CheckConfigData: AAC config size 2 eAACProfile=2, SmpRIndex=4, ChannelConfig=2 SmpRate=44100 !!
08-16 14:50:44.912 I/apiMMAP ( 1758): get_info: E_MMAP_ID_VDEC_FRAMEBUFFER_BALANCE_BW: not fount
08-16 14:50:44.912 W/MS_LOG  ( 1758): mmapInfo == NULL
08-16 14:50:44.922 I/MS_OMX_ADEC( 1758): Audio_Decode_PreprocessorInputData: startTS=60000000 us (60.000 secs), StartFlags=0x00000010
08-16 14:50:44.933 I/MS_OMX_ADEC( 1758): change output channel (2) to (6)
08-16 14:50:44.933 I/MS_OMX_ADEC( 1758): change foramt SamplingRate 44100, Channels 6
08-16 14:50:44.949 I/MS_OMX_BASEPORT( 1758): [OMX.MS.AAC.Decoder]MS_OMX_FlushPort: 1
08-16 14:50:44.972 I/cdelog  ( 3380): logic::base::Channel(967)::[live] get next stable(address(* 211.154.226.238:80), speed(4392770), last segment id(1500257572), count(12/0/0/1);) for channel(70f8798d72ff0ac99462999af2ba7c5d)
08-16 14:50:44.983 V/VideoSetService( 1803): VideoSetService::connect(callingPid 1749, client 0xd100f818)
08-16 14:50:44.983 V/VideoSetService( 1803): VideoSetService::Client constructor(callingPid 1749)
08-16 14:50:44.997 I/SpoPlayer( 3007): [37] onVideoSizeChanged, width: 1280, height: 720
08-16 14:50:44.997 I/BasePlayControllerImpl( 3007): OnVideoSizeChangedListener: what = com.letv.spo.mediaplayerex.SpoPlayer@14f6b14
08-16 14:50:44.997 I/ControllerCallbacks( 3007): onVideoSizeChanged() called with mp = [com.letv.spo.mediaplayerex.SpoPlayer@14f6b14], w = [1280], h = [720]
08-16 14:50:44.997 I/SettingMenuControl( 3007): resetVideoViewSize width=1280, height=720
08-16 14:50:44.997 I/SettingMenuControl( 3007): adjustScreenRatio --- type=SCALE_FULLSCREEN
08-16 14:50:44.998 I/SystemUtil( 3007): isSupportDisplayBySys: sSupportDisplayBySys = 1
08-16 14:50:44.998 I/BasePlayControllerImpl( 3007): adjust isSupportDisplayBuSys = true
08-16 14:50:44.998 I/SystemUtil( 3007): setVideoSizeProperty value = 2
08-16 14:50:44.998 I/BasePlayControllerImpl( 3007): setOnScreenPropChangeListener handleScreenPropChange
08-16 14:50:44.998 I/BaseMainManager( 3007): saveScreenProp value = 2
08-16 14:50:44.998 I/BasePlayControllerImpl( 3007): just set screendisplay by sys
08-16 14:50:44.998 I/SpoPlayer( 3007): [37] notifyOnPrepared
08-16 14:50:44.998 I/BasePlayControllerImpl( 3007): OnMediaStateTimeListener: stateType = PREPARED
08-16 14:50:44.999 I/Letv_player( 3007): [1]ç³»ç»Ÿå½“å‰æ—¶é—´:  2018-08-16 14:50:44(1534402244998) VideoViewTVWrapper(ä¹è§†ç”µè§†videoview)  onPrepared()
08-16 14:50:44.999 I/BasePlayControllerImpl( 3007): OnPreparedListener: what = com.media.threadedmediaplaye.AsyncMediaPlayer@6e8dfbd
08-16 14:50:44.999 I/PlayerStatusProvider( 3007): onStatusChanged: STARTED
08-16 14:50:44.999 I/Letv_player( 3007): pathDownload=/data/user/0/com.stv.launcher/files/plugins_data/com.letv.android.tv.letvlive/app_LetvLog
08-16 14:50:44.999 I/Feature_Seek_PauseViewControl( 3007): onPlayerStatusChanged newStatus: PREPARED
08-16 14:50:44.999 E/ViewManagerImpl( 3007): dismissView a for com.letv.android.letvlive.ac.d@685111d isDuringOneViewShown:false
08-16 14:50:44.999 I/ControllerCallbacks( 3007): onPreParedBeforeStart() called with: isInitialPrepare = [false]
08-16 14:50:44.999 I/ControllerManager( 3007): onPrePared(), now starting
08-16 14:50:44.999 I/TVlivePlayingManager( 3007): start
08-16 14:50:44.999 I/TVlivePlayingManager( 3007): performMediaPlay
08-16 14:50:44.999 I/SpoPlayer( 3007): [37] start
08-16 14:50:44.999 I/SpoPlayer( 3007): [37] start done
08-16 14:50:44.999 I/SpoPlayer( 3007): [37] Live playback
08-16 14:50:44.999 I/PlayerStatusProvider( 3007): onStatusChanged: PREPARED
08-16 14:50:44.999 I/Feature_Seek_PauseViewControl( 3007): onPlayerStatusChanged newStatus: STARTED
08-16 14:50:45.000 E/ViewManagerImpl( 3007): dismissView a for com.letv.android.letvlive.ac.d@685111d isDuringOneViewShown:false
08-16 14:50:45.000 I/WaterMarkControl2( 3007): status is started
08-16 14:50:45.000 I/Letv_player( 3007): [1]ç³»ç»Ÿå½“å‰æ—¶é—´:  2018-08-16 14:50:44(1534402244999) VideoViewTVWrapper(ä¹è§†ç”µè§†videoview)  start()
08-16 14:50:45.000 I/ControllerCallbacks( 3007): onPrePared() called with: initialPrepare = [false]
08-16 14:50:45.000 I/Letv_player( 3007): pathDownload=/data/user/0/com.stv.launcher/files/plugins_data/com.letv.android.tv.letvlive/app_LetvLog
08-16 14:50:45.002 I/Letv_player( 3007): saveScreenRadio value = 2
08-16 14:50:45.002 I/Letv_player( 3007): pathDownload=/data/user/0/com.stv.launcher/files/plugins_data/com.letv.android.tv.letvlive/app_LetvLog
08-16 14:50:45.005 I/DataUtils( 3007):  livePlayJumpModel.getLaunchMode() = 2
08-16 14:50:45.006 I/PlayerUtil( 3007):  buildParamsForPhonePush, info = ChannelInfo [channelId=2282, channelName=æ¬¢ä¹é¢‚, bkid=null, numericKeys=33, channelPic=http://i3.img.cp21.ott.cibntv.net/lc06_live/201705/11/14/25/a2c93017-1169-48f0-ab4c-b1413f106c6e.jpg, isPay=0, streams=[{"code":"720p","name":"è¶…æ¸…","order":4,"rateType":"flv_720p","streamId":"5402","streamName":"lb_zczb5_1800","streamUrl":"http://live.g3proxy.cp21.ott.cibntv.net/gslb?stream_id=lb_zczb5_1800&tag=live&ext=m3u8&sign=live_tv"},{"code":"1300","name":"é«˜æ¸…","order":3,"rateType":"flv_1300","streamId":"5401","streamName":"lb_zczb5_1300","streamUrl":"http://live.g3proxy.cp21.ott.cibntv.net/gslb?stream_id=lb_zczb5_1300&tag=live&ext=m3u8&sign=live_tv"},{"code":"1000","name":"æ ‡æ¸…","order":2,"rateType":"flv_1000","streamId":"5400","streamName":"lb_zczb5_800","streamUrl":"http://live.g3proxy.cp21.ott.cibntv.net/gslb?stream_id=lb_zczb5_800&tag=live&ext=m3u8&sign=live_tv"},{"code":"350","name":"æµç•…","order":1,"rateType":"flv_350","streamId":"5399","streamName":"lb_zczb5_350","streamUrl":"http://live.g3proxy.cp21.ott.cibntv.net/gslb?stream_id=lb_zczb5_350&tag=live&ext=m3u8&sign=live_tv"}], type=3, liveType=null, cdeStream_350=null, recordingId=null, categoryId=category_id_allcategoryName=, playType=0å…¨éƒ¨, cur=Cur{duration='null', endTime='null', playTime='null', title='æ¬¢ä¹é¢‚2 18', vid=null, category='null', aid=null, viewPic='http://i2.img.cp21.ott.cibntv.net/lc08_yunzhuanma/201705/27/17/57/16feedad044b751e3be8e67e89a84332_v2_MTI5ODc3NjAy/thumb/2_960_540.jpg', status='null', price='null', vipPrice='null', screenings='null', chatRoomNum='null', isChat=false, playTimeinMills=1534350008000, endTimeinMills=1534352641000, durationMills=0}, splatids=, multiProgram=null, videoType=0, multiParentCId=null, waterLogo=nullvipType= null]
08-16 14:50:45.006 I/PlayerUtil( 3007): buildParamsForPhonePush info.categoryId:category_id_all
08-16 14:50:45.006 I/pushPlayParamsToPhone( 3007): begin push
08-16 14:50:45.006 W/ContextImpl( 3007): Calling a method in the system process without a qualified user: android.app.ContextImpl.sendBroadcast:766 android.content.ContextWrapper.sendBroadcast:396 android.content.ContextWrapper.sendBroadcast:396 com.letv.android.letvlive.v.a.h:-1 com.letv.android.letvlive.playerlibs.a.onPrePared:-1 
08-16 14:50:45.010 I/BaseMainManager( 3007): isInitialPrepare false
08-16 14:50:45.011 I/PreAdPresenter( 3007): isAdPlaying isPlaying = false
08-16 14:50:45.011 I/MiddleAdPlayManager( 3007): isAdPlaying mIsPlayAd = false
08-16 14:50:45.011 I/WaterMarkControl2( 3007): update observable com.letv.android.letvlive.aj.e@566a219
08-16 14:50:45.011 I/WaterMarkControl2( 3007): current channel id 2282 type is 3 before null
08-16 14:50:45.011 I/WaterMarkControl2( 3007): cancel watermark request , current channelId is null
08-16 14:50:45.011 I/WaterMarkControl2( 3007): clear all data
08-16 14:50:45.011 I/WaterMarkControl2( 3007): notifyChannelChanged
08-16 14:50:45.011 I/WaterMarkControl2( 3007): dismissWaterMarkView
08-16 14:50:45.011 I/WaterMarkControl2( 3007): IWaterMarkViewController dismiss
08-16 14:50:45.011 I/WaterMarkControl2( 3007): create ProgramsDataController
08-16 14:50:45.011 I/WaterMarkControl2( 3007): programs data equal false
08-16 14:50:45.011 I/WaterMarkControl2( 3007): current program queue changed , now size is 14
08-16 14:50:45.011 I/WaterMarkControl2( 3007): send watermark request msg
08-16 14:50:45.011 I/WaterMarkControl2( 3007): the channel changed source channel null now is 2282 so send watermark request msg
08-16 14:50:45.011 I/WaterMarkControl2( 3007): playback changed observable state is 2
08-16 14:50:45.011 I/WaterMarkControl2( 3007): the playbackState start channelId is 2282 so send watermark request msg
08-16 14:50:45.011 I/WaterMarkControl2( 3007): channelId 2282 state 2
08-16 14:50:45.012 I/HomeDataPageMananger( 3007): notifyChannelInfoChanged
08-16 14:50:45.012 I/HomeDataPageMananger( 3007): homeDataPageManager notify channel changed
08-16 14:50:45.012 I/PlayerBlockHelper( 3007): reset
08-16 14:50:45.012 I/ProgramUpdateMonitorForLunBoLive( 3007): onChannelUpdate: 
08-16 14:50:45.012 I/ProgramUpdateMonitorForLunBoLive( 3007): reset
08-16 14:50:45.012 I/VideoJJControl( 3007): switch channel update, update video jj ad.
08-16 14:50:45.012 I/MultiProgramsControlVerticalGridView( 3007): main player update --- channel info=[channelId=2282, channelName=æ¬¢ä¹é¢‚]
08-16 14:50:45.012 I/MoreAdapterManager( 3007): set current main channel  ChannelInfo : [channelId=2282, channelName=æ¬¢ä¹é¢‚]
08-16 14:50:45.012 I/MoreAdapterManager( 3007): not Live Channel, clear set
08-16 14:50:45.012 I/AngleAdapterManager( 3007): new channel coming, it's NOT a multiStreamProgram: [channelId=2282, channelName=æ¬¢ä¹é¢‚]
08-16 14:50:45.012 I/Feature_Program_ProgramControl( 3007): PlayChannelChangedObservable update
08-16 14:50:45.012 I/WaterMarkControl2( 3007): update observable com.letv.android.letvlive.playerlibs.g@a6cd2de
08-16 14:50:45.012 I/ChannelInfoViewControl( 3007): update
08-16 14:50:45.012 I/ChannelInfoViewControl( 3007): setCurrentChannelInfo: channelInfo =  channelId = 2282 channelName = æ¬¢ä¹é¢‚ numberKeys = 33 type = 3 playType = 0 spuNo = null isCurNull = false
08-16 14:50:45.012 I/ChannelInfoViewControl( 3007): updateView
08-16 14:50:45.012 I/ChannelInfoViewPresenter( 3007): updateView: channelInfo =  channelId = 2282 channelName = æ¬¢ä¹é¢‚ numberKeys = 33 type = 3 playType = 0 spuNo = null isCurNull = false
08-16 14:50:45.012 I/Feature_Seek_PlayActionManager( 3007): mPlayProgramList size 0 mServerProgramList size 0
08-16 14:50:45.012 I/Feature_Seek_PlayActionManager( 3007): next program is  null
08-16 14:50:45.013 I/ChannelInfoViewPresenter( 3007): refreshPayInfo: isChannelPay = false
08-16 14:50:45.013 I/ChannelInfoViewPresenter( 3007): updateProgress cur_progress=100 originProgress = 100
08-16 14:50:45.013 I/ChannelInfoViewPresenter( 3007): update : streamName = lb_zczb5_1800 streamUrl = http://live.g3proxy.cp21.ott.cibntv.net/gslb?stream_id=lb_zczb5_1800&tag=live&ext=m3u8&sign=live_tv
08-16 14:50:45.013 I/ChannelInfoViewControl( 3007): update : streamName = lb_zczb5_1800 streamUrl = http://live.g3proxy.cp21.ott.cibntv.net/gslb?stream_id=lb_zczb5_1800&tag=live&ext=m3u8&sign=live_tv
08-16 14:50:45.013 I/ChannelInfoViewControl( 3007): update: channelInfo =  channelId = 2282 channelName = æ¬¢ä¹é¢‚ numberKeys = 33 type = 3 playType = 0 spuNo = null isCurNull = false
08-16 14:50:45.013 I/RMAllocator( 1750): ClientInfo this=1656322272, mRMClient=1656323328. id=28
08-16 14:50:45.013 I/ProgramTipControl( 3007): onProgramTipHide
08-16 14:50:45.013 I/ProgramTipControl( 3007): hide ProgramTipAd
08-16 14:50:45.013 I/ProgramTipControl( 3007): mIProgramTipAdView is null return
08-16 14:50:45.014 I/PreAdPresenter( 3007): isAdPlaying isPlaying = false
08-16 14:50:45.014 I/MiddleAdPlayManager( 3007): isAdPlaying mIsPlayAd = false
08-16 14:50:45.014 I/ProgramTipControl( 3007): update : streamName = lb_zczb5_1800 streamUrl = http://live.g3proxy.cp21.ott.cibntv.net/gslb?stream_id=lb_zczb5_1800&tag=live&ext=m3u8&sign=live_tv
08-16 14:50:45.014 I/MenuDataManager( 3007): onPlayChannelChanged
08-16 14:50:45.014 I/HomeDataPageMananger( 3007): [PlayeList] channelInfo.getChannelId() = 2282, channelInfo.getType() = 3
08-16 14:50:45.014 I/PlayerUtil( 3007): saveCurrentPlayChannelInfo: channelId = 2282, type = 3, categoryid = category_id_all
08-16 14:50:45.014 W/ContextImpl( 2837): Calling a method in the system process without a qualified user: android.app.ContextImpl.startService:1224 android.content.ContextWrapper.startService:581 android.content.ContextWrapper.startService:581 com.stv.reportlog.channel.stargazer.receiver.StargazerCustomReceiver.onReceive:18 android.app.ActivityThread.handleReceiver:2730 
08-16 14:50:45.014 I/AdTipViewControl( 3007): onPrePared
08-16 14:50:45.014 I/PreAdPresenter( 3007): isAdPlaying isPlaying = false
08-16 14:50:45.014 I/DataUtils( 3007):  livePlayJumpModel.getLaunchMode() = 2
08-16 14:50:45.014 I/VodAdPlayManager( 3007): onAfterPlay
08-16 14:50:45.014 I/VodAdPlayManager( 3007): [prepareAdData]
08-16 14:50:45.014 I/VodAdPlayManager( 3007): [prepareAdData] adStrategy change
08-16 14:50:45.018 E/AudioManagerService( 1803): setAudioVolume(callingPid 1758, clientPid 1758, enSoundPath 0, volumn:0 )
08-16 14:50:45.021 I/tvos    ( 1764): SetVolume, subWooExist 0!
08-16 14:50:45.021 I/tvos    ( 1764): mapi_audio_customer::SetAbsoluteVolume: project name is X440M
08-16 14:50:45.021 I/tvos    ( 1764): SetAbsoluteVolume: uPercent : 0, path=52(speaker), VolumeInt=7f, VolumeFra=0
08-16 14:50:45.021 I/tvos    ( 1764): SetAbsoluteVolume: uPercent(currVol) : 0, realPath=52(default), VolumeInt=7f, VolumeFra=0
08-16 14:50:45.021 I/tvos    ( 1764): mapi_audio_customer::SetAbsoluteVolume: project name is X440M
08-16 14:50:45.021 I/tvos    ( 1764): SetAbsoluteVolume: uPercent : 0, path=49(HP), VolumeInt=7f, VolumeFra=0
08-16 14:50:45.021 I/tvos    ( 1764): SetAbsoluteVolume: uPercent(currVol) : 0, realPath=49(default), VolumeInt=7f, VolumeFra=0
08-16 14:50:45.021 I/tvos    ( 1764): mapi_audio_customer::SetAbsoluteVolume: project name is X440M
08-16 14:50:45.021 I/tvos    ( 1764): SetAbsoluteVolume, m_bBTDetect is false! 
08-16 14:50:45.021 I/tvos    ( 1764): mapi_audio_customer::SetAbsoluteVolume: project name is X440M
08-16 14:50:45.021 I/tvos    ( 1764): SetAbsoluteVolume: uPercent : 0, path=255(speaker), VolumeInt=7f, VolumeFra=0
08-16 14:50:45.021 I/tvos    ( 1764): SetAbsoluteVolume: uPercent(currVol) : 0, realPath=255(default), VolumeInt=7f, VolumeFra=0
08-16 14:50:45.021 I/tvos    ( 1764): [SetMuteStatus] call SetSoundMuteStatus, line : 10369, muteType: 4, onOff : 0 
08-16 14:50:45.021 I/tvos    ( 1764): [audioBSP] #1 m_internalMute : 0 ..
08-16 14:50:45.021 I/tvos    ( 1764): #1|->SDK_bPermanentAudioMute:0<-|->SDK_bMomentAudioMute:0 <-|->SDK_bBySyncAudioMute:0<-|->SDK_bByBlockAudioMute:0<-|->SDK_bByVChipAudioMute:0<-|
08-16 14:50:45.021 I/tvos    ( 1764): #1|->SDK_bInternal1AudioMute:0<-|->SDK_bInternal2AudioMute:0<-|->SDK_bInternal3AudioMute:0<-|->SDK_bInternal4AudioMute:0<-|
08-16 14:50:45.021 I/tvos    ( 1764): #1|->SDK_bByScanInOutchgCHchg:0<-|->SDK_bByDuringLimitedTimeAudioMute:0<-|->SDK_bSourceSwitchAudioMute:0<-|
08-16 14:50:45.021 I/tvos    ( 1764): #1|->SDK_bMHEGApMute:0<-|->SDK_bAllAudioMuteCtrl:0<-|->SDK_bPowerOnMute:0<-|->SDK_bNullSourceMute0<-|->SDK_bSetInputSourceAudioMute:0<-|
08-16 14:50:45.021 I/tvos    ( 1764): [audioBSP] #2 m_spkrMute : 0 ..|->SDK_bUsrSpkrAudioMute:0<-|->SDK_bPowerOnMute:0<-|->SDK_bByUserAudioMute:0<-|
08-16 14:50:45.021 I/tvos    ( 1764): [audioBSP] #3 m_PcmCapture2Mute:0 |->SDK_bByUserPcmCapture2Mute:0<-|->SDK_SUB_bByUserAudioMute:0<-|->SDK_bByUserAudioMute:0<-|
08-16 14:50:45.021 I/tvos    ( 1764): [audioBSP] #5 m_hpMute : 1 ..|->SDK_bUsrHpAudioMute:1<-|->SDK_bPowerOnMute:0<-|->SDK_bByUserAudioMute:0<-|
08-16 14:50:45.021 I/tvos    ( 1764): [audioBSP] #12 m_spdifMute : 1 ..
08-16 14:50:45.021 I/tvos    ( 1764): #12|->SDK_bPermanentAudioMute:0<-|->SDK_bMomentAudioMute:0<-|->SDK_bByBlockAudioMute:0<-|
08-16 14:50:45.021 I/tvos    ( 1764): #12|->SDK_bByVChipAudioMute:0<-|->SDK_bInternal1AudioMute:0<-|->SDK_bInternal4AudioMute:0<-|
08-16 14:50:45.021 I/tvos    ( 1764): #12|->SDK_bByDuringLimitedTimeAudioMute:0<-|->SDK_bSourceSwitchAudioMute:0<-|->SDK_bMHEGApMute:0<-|
08-16 14:50:45.021 I/tvos    ( 1764): #12|->SDK_bPowerOnMute:0<-|->SDK_bUsrSpdifAudioMute:1<-|->SDK_bNullSourceMute:0<-|->SDK_bByAppMute:0<-|
08-16 14:50:45.021 I/tvos    ( 1764): ---Amplifier_ALC1310_LR_SWMute(0)
08-16 14:50:45.021 I/tvos    ( 1764): ALC1310 unmute good, addr: 0x13 readbackvalue: 4 
08-16 14:50:45.023 I/tvos    ( 1764): SetSoundMuteStatus : m_hpMute : 1, m_spdifMute : 1, m_DataInMute : 0, m_channel7Mute : 0, m_internalMute : 0, m_spkrMute : 0, m_PcmCapture1Mute : 0, m_PcmCapture2Mute : 0 
08-16 14:50:45.023 I/AudioUtil( 1758): setParameters spk_volume=0
08-16 14:50:45.023 I/audio_hw_primary( 1758): adev_set_parameters: spk_volume=0
08-16 14:50:45.025 I/tvos    ( 1764): GetAudioOutputDevice, retval : 0
08-16 14:50:45.025 I/tvos    ( 1764): [SetMuteStatus] call SetSoundMuteStatus, line : 10369, muteType: 67108864, onOff : 1 
08-16 14:50:45.025 I/tvos    ( 1764): _TransMSrvMuteTypeToSDKMuteType: Err! muteType(67108864) is out of Range
