08-16 14:50:45.029 I/tvos    ( 1764): [SetMuteStatus] call SetSoundMuteStatus, line : 10369, muteType: 4, onOff : 1 
08-16 14:50:45.029 I/tvos    ( 1764): [audioBSP] #1 m_internalMute : 0 ..
08-16 14:50:45.029 I/tvos    ( 1764): #1|->SDK_bPermanentAudioMute:0<-|->SDK_bMomentAudioMute:0 <-|->SDK_bBySyncAudioMute:0<-|->SDK_bByBlockAudioMute:0<-|->SDK_bByVChipAudioMute:0<-|
08-16 14:50:45.029 I/tvos    ( 1764): #1|->SDK_bInternal1AudioMute:0<-|->SDK_bInternal2AudioMute:0<-|->SDK_bInternal3AudioMute:0<-|->SDK_bInternal4AudioMute:0<-|
08-16 14:50:45.029 I/tvos    ( 1764): #1|->SDK_bByScanInOutchgCHchg:0<-|->SDK_bByDuringLimitedTimeAudioMute:0<-|->SDK_bSourceSwitchAudioMute:0<-|
08-16 14:50:45.029 I/tvos    ( 1764): #1|->SDK_bMHEGApMute:0<-|->SDK_bAllAudioMuteCtrl:0<-|->SDK_bPowerOnMute:0<-|->SDK_bNullSourceMute0<-|->SDK_bSetInputSourceAudioMute:0<-|
08-16 14:50:45.029 I/tvos    ( 1764): [audioBSP] #2 m_spkrMute : 1 ..|->SDK_bUsrSpkrAudioMute:0<-|->SDK_bPowerOnMute:0<-|->SDK_bByUserAudioMute:1<-|
08-16 14:50:45.029 I/tvos    ( 1764): [audioBSP] #3 m_PcmCapture2Mute:1 |->SDK_bByUserPcmCapture2Mute:0<-|->SDK_SUB_bByUserAudioMute:0<-|->SDK_bByUserAudioMute:1<-|
08-16 14:50:45.029 I/tvos    ( 1764): [audioBSP] #5 m_hpMute : 1 ..|->SDK_bUsrHpAudioMute:1<-|->SDK_bPowerOnMute:0<-|->SDK_bByUserAudioMute:1<-|
08-16 14:50:45.029 I/tvos    ( 1764): [audioBSP] #12 m_spdifMute : 1 ..
08-16 14:50:45.029 I/tvos    ( 1764): #12|->SDK_bPermanentAudioMute:0<-|->SDK_bMomentAudioMute:0<-|->SDK_bByBlockAudioMute:0<-|
08-16 14:50:45.029 I/tvos    ( 1764): #12|->SDK_bByVChipAudioMute:0<-|->SDK_bInternal1AudioMute:0<-|->SDK_bInternal4AudioMute:0<-|
08-16 14:50:45.029 I/tvos    ( 1764): #12|->SDK_bByDuringLimitedTimeAudioMute:0<-|->SDK_bSourceSwitchAudioMute:0<-|->SDK_bMHEGApMute:0<-|
08-16 14:50:45.029 I/tvos    ( 1764): #12|->SDK_bPowerOnMute:0<-|->SDK_bUsrSpdifAudioMute:1<-|->SDK_bNullSourceMute:0<-|->SDK_bByAppMute:0<-|
08-16 14:50:45.029 I/tvos    ( 1764): ---Amplifier_ALC1310_LR_SWMute(1)
08-16 14:50:45.029 I/tvos    ( 1764): ALC1310 mute write good, addr: 0x13, readback data : 49164, write cmd times : 1
08-16 14:50:45.030 I/tvos    ( 1764): SetSoundMuteStatus : m_hpMute : 1, m_spdifMute : 1, m_DataInMute : 0, m_channel7Mute : 0, m_internalMute : 0, m_spkrMute : 1, m_PcmCapture1Mute : 0, m_PcmCapture2Mute : 1 
08-16 14:50:45.032 I/APM::AudioPolicyEngine( 1758): getDeviceForStrategy, 350
08-16 14:50:45.032 I/APM::AudioPolicyEngine( 1758): getDeviceForStrategy, 350
08-16 14:50:45.034 E/audio_hw_primary( 1758): Garrison:out->driver_output_id < 0
08-16 14:50:45.034 I/audio_hw_primary( 1758): open output pcm for device [AUDIO_DEVICE_OUT_MULTI_CHANNEL], path[R2 DMA Reader2]
08-16 14:50:45.034 I/audio_hw_primary( 1758): pcm format:  ch[10], fs[48000], multi[1]
08-16 14:50:45.034 E/Utopia  ( 1758): [AUDIO]MDrv_AUDIO_PCM_Open: Open PCM device
08-16 14:50:45.034 E/Utopia  ( 1758): [AUDIO]HAL_AUDIO_PCM_R2Dma_Reader2_Open: Open R2 DMA Reader2
08-16 14:50:45.034 E/Utopia  ( 1758): [AUDIO]MDrv_AUDIO_PCM_Open: return device-id 3
08-16 14:50:45.034 E/Utopia  ( 1758): [AUDIO]HAL_MAD_DAP_Control(): u8ActiveDecoderCounter 1, u8PcmRenderControl 0!
08-16 14:50:45.034 E/audio_hw_primary( 1758): pcm output open ok,  device_id:3
08-16 14:50:45.034 E/Utopia  ( 1758): [AUDIO]MDrv_AUDIO_PCM_Start: Start PCM device-id 3
08-16 14:50:45.034 E/Utopia  ( 1758): [AUDIO]HAL_AUDIO_PCM_R2Dma_Reader2_Start: Start R2 DMA Reader2
08-16 14:50:45.034 E/Utopia  ( 1758): [AUDIO]HAL_AUDIO_PCM_R2Dma_Reader2_Write: Warning! PCM buffer empty!
08-16 14:50:45.034 E/Utopia  ( 1758): [AUDIO]HAL_AUDIO_PCM_R2Dma_Reader2_Write: Warning! PCM buffer :0 bytes !!!
08-16 14:50:45.037 I/ThreeDimensionManager( 1749): ThreeDimensionManager disconnect
08-16 14:50:45.037 I/ThreeDimensionManager( 1749): 
08-16 14:50:45.043 W/EventHub( 2207): disable kernel key repeat 1
08-16 14:50:45.043 W/EventHub( 2207): disable kernel key repeat
08-16 14:50:45.043 W/InputDispatcher( 2207): notifyKey - eventTime=513111510691000, deviceId=2, source=0x301, policyFlags=0x0, action=0x0, flags=0x8, keyCode=0x16, scanCode=0x6a, metaState=0x0, downTime=513111510691000
08-16 14:50:45.045 I/cdelog  ( 3380): core::entrance::HlsServer(2063)::Send end of piece(s) to player OK for channel(70f8798d72ff0ac99462999af2ba7c5d), segment id(1500257572), size(1782992) piece index(12/12)
08-16 14:50:45.046 I/cdelog  ( 3380): logic::base::Channel(1457)::[live]segment(1500257572/12) download finish for channel(70f8798d72ff0ac99462999af2ba7c5d)
08-16 14:50:45.046 I/cdelog  ( 3380): core::supernode::HttpDownloader(669)::[cdn::range-data]Download OK: , channel(70f8798d72ff0ac99462999af2ba7c5d:0-1500257572-27400-()), url(http://211.154.226.238/lb.videocache.lecloud.com/262/33/7/letv-uts/14/ver_00_22-1103918976-avc-1492376-aac-96000-2587960-517777794-2f79e80e65d05db0d9646866f25740b0-1496228923795_mp4/ver_00_22_210_577_3_1782992_435197628_0.ts?stream_id=lb_zczb5_1800&amltag=99&mltag=99&platid=10&splatid=1060704002&qos=3&fcheck=0&lsbv=2fn&uid=1754045746&keyitem=iDipdd1vuVFcNrewScXV_qA9anmyuuMxAiFPNbvcYujMEdbjduvlnqfflyUxsCMm&ntm=1534420800&nkey2=0a4aae13ef90c09268502310bd5729b1&nkey=e88c3467442d294471079d8451d060c4&auth_key=1534420800-2-0-10-1060704002-lb_zczb5_1800-d4f25805a80d15d085e35e0897f682d0&tag=live&video_type=m3u8&useloc=0&mslice=5&ffgname=streamGroup_323&ver=live_3&uidx=0&errc=0&gn=3001&ndtype=0&lrtmcd=104&buss=99&cips=10.58.80.199&geo=CN-1-5-666&tmn=1534402244&pnl=3001,3001,3334,497&ext=m3u8&sign=live_tv&playid=1&termid=2&pay=0&tm=1534402544&ostype=andriod&hwtype=un&app_name=tvliv
08-16 14:50:45.047 I/cdelog  ( 3380): core::supernode::HttpDownloader(684)::[cdn::range-data]Response channel(70f8798d72ff0ac99462999af2ba7c5d:0-1500257572-27400-()), server(211.154.226.238:80), name(nginx/1.12.0), response code(200), version(HTTP/1.1), details(OK), data(1782992/1782992 Bytes), transfer(normal), encoding(), resolved time(5 ms), connected time(1 ms), responsed time(57 ms), total used time(450 ms), transfered time(447 ms), speed(3985550 Byte/s), bytes(1783526), 0 alive times
08-16 14:50:45.048 I/cdelog  ( 3380): protocol::cdn::Session(775)::[live]Segment(1500257572) 12 range(s) data complete, piece used(12), code(200), url(http://211.154.226.238/lb.videocache.lecloud.com/262/33/7/letv-uts/14/ver_00_22-1103918976-avc-1492376-aac-96000-2587960-517777794-2f79e80e65d05db0d9646866f25740b0-1496228923795_mp4/ver_00_22_210_577_3_1782992_435197628_0.ts?stream_id=lb_zczb5_1800&amltag=99&mltag=99&platid=10&splatid=1060704002&qos=3&fcheck=0&lsbv=2fn&uid=1754045746&keyitem=iDipdd1vuVFcNrewScXV_qA9anmyuuMxAiFPNbvcYujMEdbjduvlnqfflyUxsCMm&ntm=1534420800&nkey2=0a4aae13ef90c09268502310bd5729b1&nkey=e88c3467442d294471079d8451d060c4&auth_key=1534420800-2-0-10-1060704002-lb_zczb5_1800-d4f25805a80d15d085e35e0897f682d0&tag=live&video_type=m3u8&useloc=0&mslice=5&ffgname=streamGroup_323&ver=live_3&uidx=0&errc=0&gn=3001&ndtype=0&lrtmcd=104&buss=99&cips=10.58.80.199&geo=CN-1-5-666&tmn=1534402244&pnl=3001,3001,3334,497&ext=m3u8&sign=live_tv&playid=1&termid=2&pay=0&tm=1534402544&ostype=andriod&hwtype=un&app_name=tvlive&app_ver=4.2.0.050&devid=
08-16 14:50:45.048 I/SpoPlayer( 3007): [37] audioSessionId [842]
08-16 14:50:45.048 I/SpoPlayer( 3007): [37] render start, first frame cost time 802 ms
08-16 14:50:45.048 I/SpoPlayer( 3007): [37] notify(3, 0)
08-16 14:50:45.048 I/BasePlayControllerImpl( 3007): OnInfoListener: what = 3; extra = 0
08-16 14:50:45.048 I/ControllerCallbacks( 3007): onInfo() called with arg1 = [3], arg2 = [0]
08-16 14:50:45.048 I/PlayLoadingView( 3007): hideView
08-16 14:50:45.049 I/ShimmerLine( 3007): onVisibilityChanged visibility = 8
08-16 14:50:45.049 I/ShimmerLine( 3007): onVisibilityChanged visibility = 8
08-16 14:50:45.049 E/ViewManagerImpl( 3007): dismissView a for com.letv.android.letvlive.y.d@75259ce isDuringOneViewShown:false
08-16 14:50:45.049 I/ShimmerLine( 3007): onDetachedFromWindow
08-16 14:50:45.049 I/ShimmerLine( 3007): onDetachedFromWindow
08-16 14:50:45.049 I/PlayLoadingView( 3007): hideView
08-16 14:50:45.049 E/ViewManagerImpl( 3007): dismissView a for com.letv.android.letvlive.y.d@75259ce isDuringOneViewShown:false
08-16 14:50:45.049 I/PlayLoadingViewControl( 3007): hideView
08-16 14:50:45.049 I/PlayLoadingViewControl( 3007): hideView
08-16 14:50:45.049 I/PreAdPresenter( 3007): isAdPlaying isPlaying = false
08-16 14:50:45.049 I/MiddleAdPlayManager( 3007): isAdPlaying mIsPlayAd = false
08-16 14:50:45.049 I/CdeUtil ( 3007): notifyCdePlayerState linkshellUrl = http://live.g3proxy.cp21.ott.cibntv.net/gslb?stream_id=lb_zczb5_1800&tag=live&ext=m3u8&sign=live_tv&splatid=1060704002&platid=10&playid=1&termid=2&pay=0&tm=1411974165&ostype=andriod&hwtype=un&expect=3&format=1&uid=1754045746&app_name=tvlive&app_ver=4.2.0.050&devid=macB01BD2542D51&uuid=B01BD2542D511534350373311_0&station=lb_zczb5&sign_dev=C0BC870D3EF4276126D66995020B0DBA&app_code=2018071917&liveId=2282&p1=2&p2=20&p3=20_tvlive_cibn&wmac=b8:fc:9b:04:68:2a&lstm=1fpycc&lsbv=2fn&lssv=1EcjuT_T1_S19mbZ4_ViRD_P7IOos4LsQanBscJQ9tFbRR3BYgBI_I0_M0&lsdg=340l6j7rHJ79SwmOX7N9ld4KhjMi&lsst=1&lsse=2Di0UF state = play
08-16 14:50:45.051 I/cdelog  ( 3380): core::supernode::HttpDownloader(489)::[cdn::range-data]Keep-alive Start request url(http://211.154.226.238/lb.videocache.lecloud.com/262/33/7/letv-uts/14/ver_00_22-1103918976-avc-1492376-aac-96000-2587960-517777794-2f79e80e65d05db0d9646866f25740b0-1496228923795_mp4/ver_00_22_211_580_4_1829052_436980620_0.ts?stream_id=lb_zczb5_1800&amltag=99&mltag=99&platid=10&splatid=1060704002&qos=3&fcheck=0&lsbv=2fn&uid=1754045746&keyitem=iDipdd1vuVFcNrewScXV_qA9anmyuuMxAiFPNbvcYujMEdbjduvlnqfflyUxsCMm&ntm=1534420800&nkey2=0a4aae13ef90c09268502310bd5729b1&nkey=e88c3467442d294471079d8451d060c4&auth_key=1534420800-2-0-10-1060704002-lb_zczb5_1800-d4f25805a80d15d085e35e0897f682d0&tag=live&video_type=m3u8&useloc=0&mslice=5&ffgname=streamGroup_323&ver=live_3&uidx=0&errc=0&gn=3001&ndtype=0&lrtmcd=104&buss=99&cips=10.58.80.199&geo=CN-1-5-666&tmn=1534402244&pnl=3001,3001,3334,497&ext=m3u8&sign=live_tv&playid=1&termid=2&pay=0&tm=1534402544&ostype=andriod&hwtype=un&app_name=tvlive&app_ver=4.2.0.050&devid=macB01BD2542D51&uuid=B01BD254
08-16 14:50:45.053 I/cdelog  ( 3380): core::supernode::HttpServer(137)::close connection(127.0.0.1:34304), url(/play/slices/1500257572.ts)
08-16 14:50:45.053 I/cdelog  ( 3380): logic::base::Channel(967)::[live] get next stable(address(* 211.154.226.238:80), speed(3985550), last segment id(1500257573), count(24/0/0/12);) for channel(70f8798d72ff0ac99462999af2ba7c5d)
08-16 14:50:45.057 I/remotestatus( 2207): Msg.what is 101
08-16 14:50:45.057 I/WindowManager( 2207): turn cursor off
08-16 14:50:45.057 E/RemoteManager( 2207): RemoteManager is no longer support in eui6.5
08-16 14:50:45.057 W/InputDispatcher( 2207): findFocusedWindow finished: injectionResult=0, timeSpentWaitingForApplication=0.0ms
08-16 14:50:45.066 D/VideoSetService( 1803): 
08-16 14:50:45.066 D/VideoSetService( 1803): VideoSetService.cpp,line:468,Enter video_setMode,enWin=0,currentInput=34,currentMainInput=34
08-16 14:50:45.066 I/tvos    ( 1764): VideoSetService::Client::video_setMode will SetInputSource eInputSrc = MAPI_INPUT_SOURCE_STORAGE 
08-16 14:50:45.067 I/ThreeDimensionManager( 1749): ~ThreeDimensionManager destructor
08-16 14:50:45.067 I/ThreeDimensionManager( 1749): 
08-16 14:50:45.067 I/ThreeDimensionManager( 1749): ThreeDimensionManager disconnect
08-16 14:50:45.067 I/ThreeDimensionManager( 1749): 
08-16 14:50:45.068 W/VIDEO   ( 1803): Initialize:3026 Video Init : Win Change[0->0], Source Change[44->34]
08-16 14:50:45.069 I/CdeUtil ( 3007): notifyCdePlayerState playerStateUrl = http://127.0.0.1:6990/frame/event?state=play&enc=base64&url=aHR0cDovL2xpdmUuZzNwcm94eS5jcDIxLm90dC5jaWJudHYubmV0L2dzbGI/c3RyZWFtX2lkPWxiX3pjemI1XzE4MDAmdGFnPWxpdmUmZXh0PW0zdTgmc2lnbj1saXZlX3R2JnNwbGF0aWQ9MTA2MDcwNDAwMiZwbGF0aWQ9MTAmcGxheWlkPTEmdGVybWlkPTImcGF5PTAmdG09MTQxMTk3NDE2NSZvc3R5cGU9YW5kcmlvZCZod3R5cGU9dW4mZXhwZWN0PTMmZm9ybWF0PTEmdWlkPTE3NTQwNDU3NDYmYXBwX25hbWU9dHZsaXZlJmFwcF92ZXI9NC4yLjAuMDUwJmRldmlkPW1hY0IwMUJEMjU0MkQ1MSZ1dWlkPUIwMUJEMjU0MkQ1MTE1MzQzNTAzNzMzMTFfMCZzdGF0aW9uPWxiX3pjemI1JnNpZ25fZGV2PUMwQkM4NzBEM0VGNDI3NjEyNkQ2Njk5NTAyMEIwREJBJmFwcF9jb2RlPTIwMTgwNzE5MTcmbGl2ZUlkPTIyODImcDE9MiZwMj0yMCZwMz0yMF90dmxpdmVfY2libiZ3bWFjPWI4OmZjOjliOjA0OjY4OjJhJmxzdG09MWZweWNjJmxzYnY9MmZuJmxzc3Y9MUVjanVUX1QxX1MxOW1iWjRfVmlSRF9QN0lPb3M0THNRYW5Cc2NKUTl0RmJSUjNCWWdCSV9JMF9NMCZsc2RnPTM0MGw2ajdySEo3OVN3bU9YN045bGQ0S2hqTWkmbHNzdD0xJmxzc2U9MkRpMFVG
08-16 14:50:45.069 I/tvos    ( 1764): mapi_video_base::Initialize lock m_u16TestCount: 0
08-16 14:50:45.069 I/tvos    ( 1764): [Hal_SC_mux_dispatch][686]src_port=100, dest_port=1
08-16 14:50:45.069 I/PlayerUtil( 3007): getCurrentPlayChannelInfo
08-16 14:50:45.069 I/PlayerUtil( 3007): getCurrentPlayChannelInfo: user memory cache
08-16 14:50:45.069 I/PlayLoadingView( 3007): hideView
08-16 14:50:45.069 E/ViewManagerImpl( 3007): dismissView a for com.letv.android.letvlive.y.d@75259ce isDuringOneViewShown:false
08-16 14:50:45.069 I/PlayLoadingViewControl( 3007): hideView
08-16 14:50:45.069 I/BaseMainManager( 3007): isChannelInfoViewShow : true
08-16 14:50:45.069 I/ChannelInfoViewControl( 3007): cancelDelayClose
08-16 14:50:45.069 I/ChannelInfoViewControl( 3007): delayClose
08-16 14:50:45.069 I/BaseMainManager( 3007): onPlayerInfo mChannelInfo = [channelId=2282, channelName=æ¬¢ä¹é¢‚]
08-16 14:50:45.069 I/CdeUtil ( 3007): doHttpGet url = http://127.0.0.1:6990/frame/event?state=play&enc=base64&url=aHR0cDovL2xpdmUuZzNwcm94eS5jcDIxLm90dC5jaWJudHYubmV0L2dzbGI/c3RyZWFtX2lkPWxiX3pjemI1XzE4MDAmdGFnPWxpdmUmZXh0PW0zdTgmc2lnbj1saXZlX3R2JnNwbGF0aWQ9MTA2MDcwNDAwMiZwbGF0aWQ9MTAmcGxheWlkPTEmdGVybWlkPTImcGF5PTAmdG09MTQxMTk3NDE2NSZvc3R5cGU9YW5kcmlvZCZod3R5cGU9dW4mZXhwZWN0PTMmZm9ybWF0PTEmdWlkPTE3NTQwNDU3NDYmYXBwX25hbWU9dHZsaXZlJmFwcF92ZXI9NC4yLjAuMDUwJmRldmlkPW1hY0IwMUJEMjU0MkQ1MSZ1dWlkPUIwMUJEMjU0MkQ1MTE1MzQzNTAzNzMzMTFfMCZzdGF0aW9uPWxiX3pjemI1JnNpZ25fZGV2PUMwQkM4NzBEM0VGNDI3NjEyNkQ2Njk5NTAyMEIwREJBJmFwcF9jb2RlPTIwMTgwNzE5MTcmbGl2ZUlkPTIyODImcDE9MiZwMj0yMCZwMz0yMF90dmxpdmVfY2libiZ3bWFjPWI4OmZjOjliOjA0OjY4OjJhJmxzdG09MWZweWNjJmxzYnY9MmZuJmxzc3Y9MUVjanVUX1QxX1MxOW1iWjRfVmlSRF9QN0lPb3M0THNRYW5Cc2NKUTl0RmJSUjNCWWdCSV9JMF9NMCZsc2RnPTM0MGw2ajdySEo3OVN3bU9YN045bGQ0S2hqTWkmbHNzdD0xJmxzc2U9MkRpMFVG
08-16 14:50:45.069 I/CdeUtil ( 3007): doHttpGet defaultHost = null
08-16 14:50:45.070 I/MediaFocusControl( 2207):  AudioFocus  requestAudioFocus() from android.media.AudioManager@2043d2acom.letv.android.letvlive.playerlibs.a$6@eed071b req=1flags=0x0
08-16 14:50:45.071 I/PlayErrorControl( 3007): isStateInErrorPlayNextChannel mPlayVideoState=0
08-16 14:50:45.071 I/PlayErrorControl( 3007): isStateInError mPlayVideoState=0
08-16 14:50:45.071 E/BaseMainManager( 3007): onPlayerInfo isPayChannel=false isStateInErrorPlayNextChannel = false isStateInError = false isPlayExtraAd =  mPlayItem = com.letv.android.letvlive.playerlibs.b.c@3b17b8d
08-16 14:50:45.071 I/LoadStatusMonitor( 3007): onShow: PLAYING
08-16 14:50:45.071 I/PreAdPresenter( 3007): isAdPlaying isPlaying = false
08-16 14:50:45.071 I/MiddleAdPlayManager( 3007): isAdPlaying mIsPlayAd = false
08-16 14:50:45.071 I/ChannelInfoViewControl( 3007): show channelInfo ad
08-16 14:50:45.071 I/ChannelInfoViewControl( 3007): showChannelInfoAdView streamName = lb_zczb5_1800
08-16 14:50:45.072 I/ChannelInfoViewControl( 3007): showChannelInfoAdView StreamUrl = http://live.g3proxy.cp21.ott.cibntv.net/gslb?stream_id=lb_zczb5_1800&tag=live&ext=m3u8&sign=live_tv
08-16 14:50:45.072 I/AdManager( 3007): fetch Channel Info Ad
08-16 14:50:45.072 I/ChannelInfoViewControl( 3007): onFetchStart
08-16 14:50:45.072 I/Feature_Pay_Channel_PaySuccessViewController( 3007): dismiss anim is start
08-16 14:50:45.072 I/Feature_Pay_Channel_PayTipControl( 3007): onInfo
08-16 14:50:45.072 I/Feature_Pay_Channel_PayTipControl( 3007): onInfo isPayChannel :false
08-16 14:50:45.072 I/Feature_Pay_Channel_PayTipControl( 3007): onInfo mPlayingItem :com.letv.android.letvlive.playerlibs.b.c@3b17b8d
08-16 14:50:45.072 I/BigNavigationControl( 3007): handleViewsForBurrow--showViews :0
08-16 14:50:45.072 I/AdTipViewControl( 3007): onInfo arg1 = 3 arg2 = 0
08-16 14:50:45.072 I/AdTipViewControl( 3007): setBlock block = false
08-16 14:50:45.072 I/PlayLoadingView( 3007): hideView
08-16 14:50:45.072 E/ViewManagerImpl( 3007): dismissView a for com.letv.android.letvlive.y.d@75259ce isDuringOneViewShown:false
08-16 14:50:45.072 I/PlayLoadingViewControl( 3007): hideView
08-16 14:50:45.072 I/PreAdPresenter( 3007): isAdPlaying isPlaying = false
08-16 14:50:45.072 I/PlaylistController( 3007): hideVideoCandidate
08-16 14:50:45.073 E/ViewManagerImpl( 3007): dismissView h for com.letv.android.letvlive.x.a@18e3623 isDuringOneViewShown:false
08-16 14:50:45.073 I/PlaylistController( 3007): isShowPlayResumeTip
08-16 14:50:45.073 I/PlayListPresenterProxy( 3007): [onPlayerInfo] channelInfo = ChannelInfo [channelId=2282, channelName=æ¬¢ä¹é¢‚, bkid=null, numericKeys=33, channelPic=http://i3.img.cp21.ott.cibntv.net/lc06_live/201705/11/14/25/a2c93017-1169-48f0-ab4c-b1413f106c6e.jpg, isPay=0, streams=[{"code":"720p","name":"è¶…æ¸…","order":4,"rateType":"flv_720p","streamId":"5402","streamName":"lb_zczb5_1800","streamUrl":"http://live.g3proxy.cp21.ott.cibntv.net/gslb?stream_id=lb_zczb5_1800&tag=live&ext=m3u8&sign=live_tv"},{"code":"1300","name":"é«˜æ¸…","order":3,"rateType":"flv_1300","streamId":"5401","streamName":"lb_zczb5_1300","streamUrl":"http://live.g3proxy.cp21.ott.cibntv.net/gslb?stream_id=lb_zczb5_1300&tag=live&ext=m3u8&sign=live_tv"},{"code":"1000","name":"æ ‡æ¸…","order":2,"rateType":"flv_1000","streamId":"5400","streamName":"lb_zczb5_800","streamUrl":"http://live.g3proxy.cp21.ott.cibntv.net/gslb?stream_id=lb_zczb5_800&tag=live&ext=m3u8&sign=live_tv"},{"code":"350","name":"æµç•…","order":1,"rateType":"flv_350","streamId":"5399","streamName":"lb_zczb5_350","streamUrl":"http://live.g3proxy.cp21.ott.cibntv.net/gslb?stream_id=lb_zczb5_350&tag=live&ext=m3u8&sign=live_tv"}], type=3, liveType=null, cdeStream_350=null, recordingId=null, categoryId=category_id_allcategoryName=, playType=0å…¨éƒ¨, cur=Cur{duration='null', endTime='null', playTime='null', title='æ¬¢ä¹é¢‚2 18', vid=null, category='null', aid=null, viewPic='http://i2.img.cp21.ott.cibntv.net/lc08_yunzhuanma/201705/27/17/57/16feedad044b751e3be8e67e89a84332_v2_MTI5ODc3NjAy/thumb/2_960_540.jpg', status='null', price='null', vipPrice='null', screenings='null', chatRoomNum='null', isChat=false, playTimeinMills=1534350008000, endTimeinMills=1534352641000, durationMills=0}, splatids=, multiProgram=null, videoType=0, multiParentCId=null, waterLogo=nullvipType= null]
08-16 14:50:45.073 I/PreAdPresenter( 3007): isAdPlaying isPlaying = false
08-16 14:50:45.073 E/PLAY_TIME_TAG( 3007): onInfo - play-page start to play Video
08-16 14:50:45.073 E/PLAY_TIME_TAG( 3007): onInfo - play-page start to play
08-16 14:50:45.073 E/PLAY_TIME_TAG( 3007): onInfo - total use time:814
08-16 14:50:45.073 I/PlayReportManager( 3007): isBigScreenPlay isBigScreenPlay = true
08-16 14:50:45.073 I/PreAdPresenter( 3007): isAdPlaying isPlaying = false
08-16 14:50:45.073 I/PlayReportManager( 3007): shouldNotReport : isNotNeedReport = false
08-16 14:50:45.073 I/PlayReportManager( 3007): reportActionPlay isNextReportPlayReFetchUuid = false
08-16 14:50:45.073 I/PlayReportManager( 3007): init payParams = 0
08-16 14:50:45.073 I/PlayReportManager( 3007): getPyString
08-16 14:50:45.073 I/PlayReportManager( 3007): getPyString mReplayType = 3
08-16 14:50:45.073 I/PlayReportManager( 3007): getPyString pyString = replaytype=3&totaltime=814
08-16 14:50:45.073 I/PlayReportManager( 3007): play pyStringEncode = replaytype=3&totaltime=814
08-16 14:50:45.073 I/cdelog  ( 3380): core::supernode::HttpConnection(345)::[HLS]Client(127.0.0.1:34939), query full url(/frame/event?state=play&enc=base64&url=aHR0cDovL2xpdmUuZzNwcm94eS5jcDIxLm90dC5jaWJudHYubmV0L2dzbGI/c3RyZWFtX2lkPWxiX3pjemI1XzE4MDAmdGFnPWxpdmUmZXh0PW0zdTgmc2lnbj1saXZlX3R2JnNwbGF0aWQ9MTA2MDcwNDAwMiZwbGF0aWQ9MTAmcGxheWlkPTEmdGVybWlkPTImcGF5PTAmdG09MTQxMTk3NDE2NSZvc3R5cGU9YW5kcmlvZCZod3R5cGU9dW4mZXhwZWN0PTMmZm9ybWF0PTEmdWlkPTE3NTQwNDU3NDYmYXBwX25hbWU9dHZsaXZlJmFwcF92ZXI9NC4yLjAuMDUwJmRldmlkPW1hY0IwMUJEMjU0MkQ1MSZ1dWlkPUIwMUJEMjU0MkQ1MTE1MzQzNTAzNzMzMTFfMCZzdGF0aW9uPWxiX3pjemI1JnNpZ25fZGV2PUMwQkM4NzBEM0VGNDI3NjEyNkQ2Njk5NTAyMEIwREJBJmFwcF9jb2RlPTIwMTgwNzE5MTcmbGl2ZUlkPTIyODImcDE9MiZwMj0yMCZwMz0yMF90dmxpdmVfY2libiZ3bWFjPWI4OmZjOjliOjA0OjY4OjJhJmxzdG09MWZweWNjJmxzYnY9MmZuJmxzc3Y9MUVjanVUX1QxX1MxOW1iWjRfVmlSRF9QN0lPb3M0THNRYW5Cc2NKUTl0RmJSUjNCWWdCSV9JMF9NMCZsc2RnPTM0MGw2ajdySEo3OVN3bU9YN045bGQ0S2hqTWkmbHNzdD0xJmxzc2U9MkRpMFVG), method(GET), 3 params, 5 header(s), content-length 0 bytes
08-16 14:50:45.073 I/PlayReportManager( 3007): reportActionPlay : source = CHANNEL_MENU_CHANNEL_KEY , uuid = B01BD2542D511534402245926_0
08-16 14:50:45.073 I/SlotAdStockReportController( 3007): onInfo start play
08-16 14:50:45.073 I/BufferTimeHolder( 3007): reset
08-16 14:50:45.073 I/PreAdPresenter( 3007): isAdPlaying isPlaying = false
08-16 14:50:45.074 I/SlotAdStockReportController( 3007): startCheckProcess
08-16 14:50:45.074 I/BufferTimeHolder( 3007): reset
08-16 14:50:45.074 I/SlotAdStockReportController( 3007): clearMessage
08-16 14:50:45.074 I/SlotAdStockReportController( 3007): sendCheckOrReportMessage what = 7001 delay = 5000
08-16 14:50:45.074 I/SlotAdStockReportController( 3007): sendCheckOrReportMessage what = 7002 delay = 5000
08-16 14:50:45.074 I/BasePlayControllerImpl( 3007): setOnMediaEventListener: what = {"M3U8_VER":"ver_00_22","PROGRAM_ID":"E9A02811C6AF370AF8E65DE6CCEFD2CA","PLAYER_ARGS":"streamArgs=VklEPTI5NzgxMzkyJlRZUEU9MCY=&cdeVer=1117&auuid=74da97e8e680ec7ed8230e1139727a1a_70f8798d72ff0ac99462999af2ba7c5d_1500257572&monitorUrl=&adArgs="}
08-16 14:50:45.074 I/VideoJJControl( 3007): onMediaEventUpdate  s = {"M3U8_VER":"ver_00_22","PROGRAM_ID":"E9A02811C6AF370AF8E65DE6CCEFD2CA","PLAYER_ARGS":"streamArgs=VklEPTI5NzgxMzkyJlRZUEU9MCY=&cdeVer=1117&auuid=74da97e8e680ec7ed8230e1139727a1a_70f8798d72ff0ac99462999af2ba7c5d_1500257572&monitorUrl=&adArgs="}
08-16 14:50:45.074 I/Letv_player( 3007): VideoViewTVWrapper callbackForMediaEventAfterRenderStart
08-16 14:50:45.074 I/VideoJJControl( 3007): onMediaUpdateEventForLow: type = TYPE_EXACT
08-16 14:50:45.074 I/Letv_player( 3007): pathDownload=/data/user/0/com.stv.launcher/files/plugins_data/com.letv.android.tv.letvlive/app_LetvLog
08-16 14:50:45.074 I/VideoJJControl( 3007): change program, update video_jj ad.
08-16 14:50:45.074 I/AdMediaUpdateUtil( 3007): vid: 29781392
08-16 14:50:45.074 E/ViewManagerImpl( 3007): dismissView IVideoJJView for com.letv.android.letvlive.VideoJJ.VideoJJControl@e0101f6 isDuringOneViewShown:false
08-16 14:50:45.074 I/VideoJJControl( 3007): hide video jj layout
08-16 14:50:45.074 I/Feature_Seek_PlaybackStatusControl( 3007): Feature_Programplayback status control, media update
08-16 14:50:45.074 I/AdMediaUpdateUtil( 3007): vid: 29781392
08-16 14:50:45.074 I/WaterMarkControl2( 3007): MediaEventUpdateObservable programVid is 29781392 vId is 29781392
08-16 14:50:45.074 I/Feature_Seek_PlayActionManager( 3007): dealMediaUpdate
08-16 14:50:45.074 I/AdMediaUpdateUtil( 3007): vid: 29781392
08-16 14:50:45.074 I/Feature_Seek_PlayActionManager( 3007): MediaEventUpdateObservable mProgramVid is null vId is 29781392
08-16 14:50:45.075 I/Feature_Seek_PlayActionManager( 3007): notifyProgramChanged post ProgramChangedEvent
08-16 14:50:45.075 I/CdeUtil ( 3007): doHttpGet responseCode = 200
08-16 14:50:45.075 I/Feature_Seek_PlayActionManager( 3007): mPlayProgramList is empty
08-16 14:50:45.075 I/Feature_Seek_PlayActionManager( 3007): update playback UI
08-16 14:50:45.075 I/AdTipViewControl( 3007): onMediaEventUpdate s = {"M3U8_VER":"ver_00_22","PROGRAM_ID":"E9A02811C6AF370AF8E65DE6CCEFD2CA","PLAYER_ARGS":"streamArgs=VklEPTI5NzgxMzkyJlRZUEU9MCY=&cdeVer=1117&auuid=74da97e8e680ec7ed8230e1139727a1a_70f8798d72ff0ac99462999af2ba7c5d_1500257572&monitorUrl=&adArgs="}
08-16 14:50:45.075 I/MiddleAdPlayManager( 3007): handleMediaEventForAd isBlock = false info = AdMediaUpdateInfo{M3U8_VER='ver_00_22', PROGRAM_ID='E9A02811C6AF370AF8E65DE6CCEFD2CA', AD_TS_FLAG='null', AD_DURATION='null', PLAYER_ARGS='streamArgs=VklEPTI5NzgxMzkyJlRZUEU9MCY=&cdeVer=1117&auuid=74da97e8e680ec7ed8230e1139727a1a_70f8798d72ff0ac99462999af2ba7c5d_1500257572&monitorUrl=&adArgs=', PLAYER_EVENT='null'}
08-16 14:50:45.075 I/MiddleAdPlayManager( 3007): handleMediaEventForAd isMiddleAd = false isPreEventTag = false
08-16 14:50:45.075 I/AdTipViewControl( 3007): onAdPlayStateChanged event = AdStateEvent{mStateId=4}
08-16 14:50:45.075 I/cdelog  ( 3380): core::entrance::HlsServer(705)::Request frame event  channel(http://live.g3proxy.cp21.ott.cibntv.net/gslb?stream_id=lb_zczb5_1800&tag=live&ext=m3u8&sign=live_tv&splatid=1060704002&platid=10&playid=1&termid=2&pay=0&tm=1411974165&ostype=andriod&hwtype=un&expect=3&format=1&uid=1754045746&app_name=tvlive&app_ver=4.2.0.050&devid=macB01BD2542D51&uuid=B01BD2542D511534350373311_0&station=lb_zczb5&sign_dev=C0BC870D3EF4276126D66995020B0DBA&app_code=2018071917&liveId=2282&p1=2&p2=20&p3=20_tvlive_cibn&wmac=b8:fc:9b:04:68:2a&lstm=1fpycc&lsbv=2fn&lssv=1EcjuT_T1_S19mbZ4_ViRD_P7IOos4LsQanBscJQ9tFbRR3BYgBI_I0_M0&lsdg=340l6j7rHJ79SwmOX7N9ld4KhjMi&lsst=1&lsse=2Di0UF), result(Pause OK)
08-16 14:50:45.075 I/ShowController( 3007): onAdPlayStateChanged stateId is 4
08-16 14:50:45.075 I/ProgramTipControl( 3007): show ProgramTipAd
08-16 14:50:45.075 I/ProgramTipControl( 3007): getCurrentStreamLevel order: 4
08-16 14:50:45.076 I/cdelog  ( 3380): core::supernode::HttpServer(137)::close connection(127.0.0.1:34939), url(/frame/event)
08-16 14:50:45.076 D/VideoSetService( 1803): ~~~@@@~~~ FUN:Initialize 11 ms win 0
08-16 14:50:45.076 E/Utopia  ( 1758): [AUDIO]HAL_AUDIO_PCM_R2Dma_Reader2_Write: Warning! PCM buffer :400 bytes !!!
08-16 14:50:45.076 I/tvos    ( 1764): mapi_video_base::Initialize unlock m_u16TestCount: 1
08-16 14:50:45.077 I/PreAdPresenter( 3007): isAdPlaying isPlaying = false
08-16 14:50:45.077 I/MiddleAdPlayManager( 3007): isAdPlaying mIsPlayAd = false
08-16 14:50:45.077 E/ViewManagerImpl( 3007):     KEEP_BOTH for c existing: com.letv.android.letvlive.ChannelInfoView.view.b@b8621f0
08-16 14:50:45.077 I/PreAdPresenter( 3007): isAdPlaying isPlaying = false
08-16 14:50:45.077 I/MiddleAdPlayManager( 3007): isAdPlaying mIsPlayAd = false
08-16 14:50:45.077 E/ViewManagerImpl( 3007):     KEEP_BOTH for c existing: com.letv.android.letvlive.programTipView.view.d@20cc09f
08-16 14:50:45.077 I/AdManager( 3007): fetch Program Tip Ad
08-16 14:50:45.077 I/ProgramTipControl( 3007):  ==  ==   == ProgramTip Ad onFetchStart==  ==  ==  ==  ==  ==  ==  == =
08-16 14:50:45.077 I/ShowController( 3007): onAdPlayStateChanged show waterMark
08-16 14:50:45.077 I/WaterMarkControl2( 3007): showController showView
08-16 14:50:45.077 I/WaterMarkControl2( 3007): showController mToShowControllerSet is null
08-16 14:50:45.077 I/PurchaseControl( 3007): onAdPlayStateChanged event = AdStateEvent{mStateId=4}
08-16 14:50:45.077 I/MiddleAdHandlePresenter( 3007): getExactAdCurPlayInfo isAdPlayArgsValid = false
08-16 14:50:45.077 I/MiddleAdPlayManager( 3007): onAdGroupPlayEnd isNeedHideView = false isCommercial = false
08-16 14:50:45.077 I/MiddleAdHandlePresenter( 3007): getExactAdCurPlayInfo isAdPlayArgsValid = false
08-16 14:50:45.077 I/MiddleAdPlayManager( 3007): getReportParamsForCurPreparedAd result = 
08-16 14:50:45.077 I/AdUtil  ( 3007): onSlotAdComplete hashMap = {slot_ad_args=, uid=1754045746, uuid=null, cp=, ty=2, py=}
08-16 14:50:45.077 E/AdSDKManager( 3007): ADEventListener onADEvent what=204
08-16 14:50:45.077 E/AdSDKManager( 3007): MSG_AD_PLAY_COMPLETE
08-16 14:50:45.077 E/AdSDKManager( 3007): MSG_AD_PLAY_COMPLETE parameters=slot_ad_args:,uid:1754045746,uuid:null,cp:,ty:2,py:,
08-16 14:50:45.077 E/AdStatisticsUtils( 3007): --->onSlotAdComplete
08-16 14:50:45.078 I/MiddleAdPlayManager( 3007): clearCurAdData
08-16 14:50:45.078 I/MiddleAdPlayManager( 3007): cancelDelayAdEndRunnable
08-16 14:50:45.078 I/MiddleAdFetchAndPostPresenter( 3007): clearAllData uuid = null
08-16 14:50:45.078 I/MiddleAdHandlePresenter( 3007): clearAdDataByUuid mAuuid = null
08-16 14:50:45.078 I/MiddleAdPlayManager( 3007): clearTimeOutReportData
08-16 14:50:45.078 I/MiddleAdPlayManager( 3007): clearTimeOutReportData over
08-16 14:50:45.078 I/SlotAdStockReportController( 3007): onMediaEventUpdate  s = {"M3U8_VER":"ver_00_22","PROGRAM_ID":"E9A02811C6AF370AF8E65DE6CCEFD2CA","PLAYER_ARGS":"streamArgs=VklEPTI5NzgxMzkyJlRZUEU9MCY=&cdeVer=1117&auuid=74da97e8e680ec7ed8230e1139727a1a_70f8798d72ff0ac99462999af2ba7c5d_1500257572&monitorUrl=&adArgs="}
08-16 14:50:45.078 I/PreAdPresenter( 3007): isAdPlaying isPlaying = false
08-16 14:50:45.078 I/SlotAdStockReportController( 3007): onMediaUpdateEvent
08-16 14:50:45.078 I/SlotAdStockReportController( 3007): startCheckProcess
08-16 14:50:45.078 I/BufferTimeHolder( 3007): reset
08-16 14:50:45.078 I/SlotAdStockReportController( 3007): clearMessage
08-16 14:50:45.078 I/SlotAdStockReportController( 3007): sendCheckOrReportMessage what = 7001 delay = 5000
08-16 14:50:45.078 I/SlotAdStockReportController( 3007): sendCheckOrReportMessage what = 7002 delay = 5000
08-16 14:50:45.078 I/PreAdPresenter( 3007): isAdPlaying isPlaying = false
08-16 14:50:45.078 I/MiddleAdPlayManager( 3007): isAdPlaying mIsPlayAd = false
08-16 14:50:45.078 I/HourViewControl( 3007): showView
08-16 14:50:45.078 I/PreAdPresenter( 3007): isAdPlaying isPlaying = false
08-16 14:50:45.078 I/MiddleAdPlayManager( 3007): isAdPlaying mIsPlayAd = false
08-16 14:50:45.078 I/PreAdPresenter( 3007): isAdPlaying isPlaying = false
08-16 14:50:45.078 I/MiddleAdPlayManager( 3007): isAdPlaying mIsPlayAd = false
08-16 14:50:45.078 E/ViewManagerImpl( 3007):     KEEP_BOTH for a existing: com.letv.android.letvlive.ChannelInfoView.view.b@b8621f0
08-16 14:50:45.078 I/PreAdPresenter( 3007): isAdPlaying isPlaying = false
08-16 14:50:45.078 I/MiddleAdPlayManager( 3007): isAdPlaying mIsPlayAd = false
08-16 14:50:45.078 I/PreAdPresenter( 3007): isAdPlaying isPlaying = false
08-16 14:50:45.078 I/MiddleAdPlayManager( 3007): isAdPlaying mIsPlayAd = false
08-16 14:50:45.078 E/ViewManagerImpl( 3007):     KEEP_BOTH for a existing: com.letv.android.letvlive.programTipView.view.d@20cc09f
08-16 14:50:45.078 I/HourViewControl( 3007): showHourView isneedShowView = false
08-16 14:50:45.078 I/AdUtil  ( 3007): createRParams: adType = PROGRAM_TIP_AD
08-16 14:50:45.078 I/Letv_player( 3007): VideoViewTVWrapper callbackForMediaEventAfterRenderStart
08-16 14:50:45.078 I/AdUtil  ( 3007): assembleAdInfoParams = {sid=lb_zczb5_1800, token=103XXXWLm5iFfp7oHVCl5Nm5QniTYMwRr1riQV7kzFHb0cKblm5JnT7VZ62yLz6NiwchqILK4Vglv7ZN0oREFxfOiiJUsxPtqnon9LQtCfSYWPGD5q0Qm4, codeRage=flv_720p, streamURL=http://live.g3proxy.cp21.ott.cibntv.net/gslb?stream_id=lb_zczb5_1800&tag=live&ext=m3u8&sign=live_tv, uuid=B01BD2542D511534402245926_0, adInfoType=15, startTime=0, adZoneType=7, isVIP=0, isTryLook=null, adReqType=1}
08-16 14:50:45.078 E/AdSDKManagerProxy( 3007):  getInstance 
08-16 14:50:45.078 E/ReflectionUtils( 3007): callADObjectMethod class=class com.letv.adsdk.AdSDKManager   methodName=getAD
08-16 14:50:45.078 E/AdSDKManager( 3007): getAD initComplete=true
08-16 14:50:45.079 I/Letv_player( 3007): pathDownload=/data/user/0/com.stv.launcher/files/plugins_data/com.letv.android.tv.letvlive/app_LetvLog
08-16 14:50:45.079 E/AdSDKManager( 3007): getAD parameters=sid:lb_zczb5_1800,token:103XXXWLm5iFfp7oHVCl5Nm5QniTYMwRr1riQV7kzFHb0cKblm5JnT7VZ62yLz6NiwchqILK4Vglv7ZN0oREFxfOiiJUsxPtqnon9LQtCfSYWPGD5q0Qm4,codeRage:flv_720p,streamURL:http://live.g3proxy.cp21.ott.cibntv.net/gslb?stream_id=lb_zczb5_1800&tag=live&ext=m3u8&sign=live_tv,uuid:B01BD2542D511534402245926_0,adInfoType:15,startTime:0,adZoneType:7,isVIP:0,isTryLook:null,adReqType:1,
08-16 14:50:45.079 E/AdSDKManager( 3007): getAD11 adZoneTypeStr:7
08-16 14:50:45.079 E/AdSDKManager( 3007): getAD ctStr:7,arkKey:c_l
08-16 14:50:45.079 E/AdSDKManager( 3007):  ad getCacheAdInfo=true
08-16 14:50:45.079 E/ads     ( 3007): adSdkReq ArkJniApi
08-16 14:50:45.079 D/VideoSetService( 1803): ~~~@@@~~~ FUN:SetSourceType 3 ms
08-16 14:50:45.079 V/VideoSetService( 1803): Win=0, CodecType=11, MIU=0, FrameRate=50000, Interlace=0, HSize=1280, VSize=720, top=0, bot=0, left=0, right=0,pVideo=0xdd61b8
08-16 14:50:45.079 D/VideoSetService( 1803): VideoSetService.cpp,video_setMode,708 : cMMData.u16HorSize = 1280,cMMData.u16VerSize = 720
08-16 14:50:45.079 D/VideoSetService( 1803): Expect input timing is a00, Expect VB is (3840, 2160).
08-16 14:50:45.079 D/VideoSetService( 1803): ~~~@@@~~~ FUN:SetOutputTiming 0 ms
08-16 14:50:45.080 I/tvos    ( 1764): MVOP switch to MIU 0.
08-16 14:50:45.080 I/tvos    ( 1764): [Warning] crop x size or start out of boundary.[Warning] crop y size or start out of boundary.->u16FrameRate = 50000
08-16 14:50:45.080 I/tvos    ( 1764): ->u8Interlace = 0
08-16 14:50:45.080 I/tvos    ( 1764): ->u16HorSize = 3840
08-16 14:50:45.080 I/tvos    ( 1764): ->u16VerSize = 2160
08-16 14:50:45.080 I/LetvHttp( 3007): LetvTeleHttpAsyncRequest requestData
08-16 14:50:45.081 I/AdUtil  ( 3007): createRParams: adType = CHANNEL_INFO_VIEW_AD
08-16 14:50:45.081 I/AdUtil  ( 3007): assembleAdInfoParams = {sid=lb_zczb5_1800, token=103XXXWLm5iFfp7oHVCl5Nm5QniTYMwRr1riQV7kzFHb0cKblm5JnT7VZ62yLz6NiwchqILK4Vglv7ZN0oREFxfOiiJUsxPtqnon9LQtCfSYWPGD5q0Qm4, codeRage=flv_720p, streamURL=http://live.g3proxy.cp21.ott.cibntv.net/gslb?stream_id=lb_zczb5_1800&tag=live&ext=m3u8&sign=live_tv, uuid=B01BD2542D511534402245926_0, adInfoType=15, adZoneType=27, isVIP=0, isTryLook=null, adReqType=1}
08-16 14:50:45.081 E/AdSDKManagerProxy( 3007):  getInstance 
08-16 14:50:45.081 I/LetvHttp( 3007): requestUrl = http://dc.cp21.ott.cibntv.net/pl/?vt=flv_720p&ch=letv&source=unknown&install_id=372990f9fdcb454a9b2c51d84a2891c8&pv=4.2.0.050&uuid=B01BD2542D511534402245926_0&prl=0&wmac=unknown&stime=1534402246733&ipt=0&auid=B01BD2542D51&app_name=superlive&joint=0&p2=20&nt=wired&lid=2282&caid=unknown&ref=10&p3=20_tvlive_cibn&cdev=unknown&serialno=b01bd2542d51&pcode=01001001000&ac=play&pay=0&py=replaytype%3D3%26totaltime%3D814&android_id=1254cf6fa1a90f9a&st=lb_zczb5&vid=unknown&p1=2&ty=2&mac=B01BD2542D51&cid=category_id_all&ctime=1534402246733&app=4.2.0.050&owner=1&apprunid=B01BD2542D51_1533889159020&pt=unknown&ilu=0&uid=1754045746&r=725578027211&ver=2.0
08-16 14:50:45.081 I/LetvHttp( 3007): LetvHttpClient requestData
08-16 14:50:45.086 D/VideoSetService( 1803): ~~~@@@~~~ FUN:SetMode 6 ms
08-16 14:50:45.086 D/VideoSetService( 1803): ~~~@@@~~~ ===TOTAL FUN:VideoSetService===::Client::video_setMode 20 ms
08-16 14:50:45.086 I/GlobalFocusChangedListe( 3007): com.stv.launcher.ui.widget.TabItemNew
08-16 14:50:45.093 I/tvos    ( 1764): GetAudioOutputDevice, retval : 0
08-16 14:50:45.095 W/VIDEO   ( 1803): Enter LockMuteStatus
08-16 14:50:45.095 W/VIDEO   ( 1803): bEnable: 1, getMuteFlag(engine, eWin): 1, 
08-16 14:50:45.095 W/VIDEO   ( 1803): Lock Mute Status => 
08-16 14:50:45.095 W/VIDEO   ( 1803): Lock Status: APP:LOCK, RESERVE_1:UNLOCK, RESERVE_2:UNLOCK, RESERVE_3:UNLOCK
08-16 14:50:45.095 W/VIDEO   ( 1803): enScalerWinType: MAIN, isLock: 1
08-16 14:50:45.095 W/VIDEO   ( 1803): Lock Status: APP:UNLOCK, RESERVE_1:UNLOCK, RESERVE_2:UNLOCK, RESERVE_3:UNLOCK
08-16 14:50:45.095 W/VIDEO   ( 1803): enScalerWinType: SUB, isLock: 0
08-16 14:50:45.095 I/tvos    ( 1764): TvManagerService::Client::setVideoMute  eSrcType = 34,bScreenMute= 1,enColor =0,screenUnMuteTime =0
08-16 14:50:45.095 I/tvos    ( 1764): TvManagerService::Client::setVideoMute  eSrcType = 34,bScreenMute= 1,engine =0
08-16 14:50:45.095 I/tvos    ( 1764): Enter LockMuteStatus =======>
08-16 14:50:45.098 E/InputManager-JNI( 2207): call nativeDisableCursor method with hideCursor
08-16 14:50:45.101 D/VideoSetService( 1803): ~~~@@@~~~ FUN:GetMSrvVideo()->SelectWindow 0 ms win 0
08-16 14:50:45.101 V/VideoSetService( 1803): input x=0, y=0, width=1920, height=1080, enWin=0
08-16 14:50:45.101 D/VideoSetService( 1803): ~~~@@@~~~ FUN:GetModuleParameter_bool 0 ms
08-16 14:50:45.101 V/VideoSetService( 1803): CropWin: x=0, y=0, w=1280, h=720, DispWin: x=0, y=0, w=1920, h=1080
08-16 14:50:45.101 D/VideoSetService( 1803): ~~~@@@~~~ FUN:SendEvent:EVENT_SEND_VIDEO_INFO 0 ms
08-16 14:50:45.101 D/VideoSetService( 1803): VIDEO is not Mute
08-16 14:50:45.101 E/VIDEO   ( 1803): This API will be removed in next version, please reduce use it. thanks!!
08-16 14:50:45.101 E/VIDEO   ( 1803): enable:1, u16VideoUnMuteTime: 0 
08-16 14:50:45.101 W/VIDEO   ( 1803): [36m Mute Engine is 0, engine is 0 [m
08-16 14:50:45.101 W/VIDEO   ( 1803): bEnable: 1, getMuteFlag(engine, eWin): 1, 
08-16 14:50:45.101 W/VIDEO   ( 1803): BACKEND engine is 0
08-16 14:50:45.101 W/VIDEO   ( 1803): BACKEND engine video only is 0
08-16 14:50:45.101 W/VIDEO   ( 1803): SOC engine is 0
08-16 14:50:45.101 W/VIDEO   ( 1803): XC engine (MAIN) is 1
08-16 14:50:45.101 W/VIDEO   ( 1803): XC engine (SUB) is 1
08-16 14:50:45.101 W/VIDEO   ( 1803): Lock Mute Status => 
08-16 14:50:45.101 W/VIDEO   ( 1803): Lock Status: APP:LOCK, RESERVE_1:UNLOCK, RESERVE_2:UNLOCK, RESERVE_3:UNLOCK
08-16 14:50:45.101 W/VIDEO   ( 1803): enScalerWinType: MAIN, isLock: 1
08-16 14:50:45.101 W/VIDEO   ( 1803): Lock Status: APP:UNLOCK, RESERVE_1:UNLOCK, RESERVE_2:UNLOCK, RESERVE_3:UNLOCK
08-16 14:50:45.101 W/VIDEO   ( 1803): enScalerWinType: SUB, isLock: 0
08-16 14:50:45.101 W/VIDEO   ( 1803): ==== Increase After ====
08-16 14:50:45.101 W/VIDEO   ( 1803): BACKEND engine is 0
08-16 14:50:45.101 W/VIDEO   ( 1803): BACKEND engine video only is 0
08-16 14:50:45.101 W/VIDEO   ( 1803): SOC engine is 0
08-16 14:50:45.101 W/VIDEO   ( 1803): XC engine (MAIN) is 1
08-16 14:50:45.101 W/VIDEO   ( 1803): XC engine (SUB) is 1
08-16 14:50:45.101 W/VIDEO   ( 1803): Lock Mute Status => 
08-16 14:50:45.101 W/VIDEO   ( 1803): Lock Status: APP:LOCK, RESERVE_1:UNLOCK, RESERVE_2:UNLOCK, RESERVE_3:UNLOCK
08-16 14:50:45.101 W/VIDEO   ( 1803): enScalerWinType: MAIN, isLock: 1
08-16 14:50:45.101 W/VIDEO   ( 1803): Lock Status: APP:UNLOCK, RESERVE_1:UNLOCK, RESERVE_2:UNLOCK, RESERVE_3:UNLOCK
08-16 14:50:45.101 W/VIDEO   ( 1803): enScalerWinType: SUB, isLock: 0
08-16 14:50:45.101 D/VideoSetService( 1803): Expect input timing is a00, Expect VB is (3840, 2160).
08-16 14:50:45.101 W/XCPERF  ( 1803): Start of SetWindow [513111569]
08-16 14:50:45.102 W/XCPERF  ( 1803): Start of FD_MASK [513111569]
08-16 14:50:45.102 W/XCPERF  ( 1803): End of FD_MASK [513111569]
08-16 14:50:45.102 I/tvos    ( 1764): =============Enter SetVideoMute =======>
08-16 14:50:45.102 W/MMVIDEO ( 1803): [ProgWin:872] Crop=0, 0, 0, 0 Mvop W=3840 H=2160 enMirror=3
08-16 14:50:45.102 W/MMVIDEO ( 1803): [ProgWin:931] m_bVirtualBox_En=1 Cap W=3840, H=2160
08-16 14:50:45.102 W/CROP    ( 1803): CropWin assigned: x,y,w,h=0,0,1280,720
08-16 14:50:45.102 W/CROP    ( 1803): DstWin assigned: x,y,w,h=0,0,1920,1080
08-16 14:50:45.102 W/CROP    ( 1803): SrcWin1[Win=0]: x,y,w,h=493,30,3840,2160
08-16 14:50:45.103 W/CROP    ( 1803): CropWin1: x,y,w,h=0,0,1280,720
08-16 14:50:45.103 W/CROP    ( 1803): DispWin1: x,y,w,h=0,0,1920,1080
08-16 14:50:45.103 W/CROP    ( 1803): CropWin1.1: x,y,w,h=0,0,1280,720
08-16 14:50:45.103 W/CROP    ( 1803): CropWin1.2: x,y,w,h=0,0,1280,720
08-16 14:50:45.103 W/CROP    ( 1803): SrcWin2: x,y,w,h=493,30,3840,2160
08-16 14:50:45.103 W/CROP    ( 1803): CropWin2: x,y,w,h=0,0,1280,720
08-16 14:50:45.103 W/CROP    ( 1803): DispWin2: x,y,w,h=0,0,1920,1080
08-16 14:50:45.103 W/CROP    ( 1803): SrcWin3: x,y,w,h=493,30,3840,2160
08-16 14:50:45.103 W/CROP    ( 1803): CropWin3: x,y,w,h=0,0,1280,720
08-16 14:50:45.103 W/CROP    ( 1803): DispWin3: x,y,w,h=0,0,1920,1080
08-16 14:50:45.103 W/CROP    ( 1803): SrcWin5[Win=0]: x,y,w,h=493,30,3840,2160
08-16 14:50:45.103 W/CROP    ( 1803): CropWin5: x,y,w,h=0,0,1280,720
08-16 14:50:45.103 W/CROP    ( 1803): DispWin5: x,y,w,h=0,0,1920,1080
08-16 14:50:45.103 W/XCPERF  ( 1803): Start of XC SetWindow [513111570]
08-16 14:50:45.104 I/tvos    ( 1764): ================ open 3D OverScan ===
08-16 14:50:45.104 I/tvos    ( 1764): [Load PQ] Panel index=0, Source index=149
08-16 14:50:45.104 I/tvos    ( 1764):  dirk=MDrv_PQ_GetBPPInfoFromMADi 48 5645
08-16 14:50:45.104 I/tvos    ( 1764):  dirk=MDrv_PQ_GetBPPInfoFromMADi _u8PQDelayCount=2 6441
08-16 14:50:45.105 D/VideoSetService( 1803): AsyncProcThread :: post evetn : 2
08-16 14:50:45.105 I/tvos    ( 1764): [WARNING]Post Event 2 but not registered, ignored!!!
08-16 14:50:45.105 W/XCPERF  ( 1803): End of XC SetWindow [513111573]
08-16 14:50:45.105 W/3D      ( 1803): [EnablePWMSimulateLRToggle:10816] enable: 0, Period: 0, Duty: 0, ShiftValue: 0
08-16 14:50:45.105 W/3D      ( 1803): [EnablePWMSimulateLRToggle:10817] freq * 100: 5000
08-16 14:50:45.106 W/XCPERF  ( 1803): Start of XC SetPanelTiming [513111573]
08-16 14:50:45.106 I/Letv_player( 3007): VideoViewTVWrapper callbackForMediaEventAfterRenderStart
08-16 14:50:45.106 I/Letv_player( 3007): pathDownload=/data/user/0/com.stv.launcher/files/plugins_data/com.letv.android.tv.letvlive/app_LetvLog
08-16 14:50:45.108 I/cdelog  ( 3380): core::supernode::HttpConnection(345)::[HLS]Client(127.0.0.1:38683), query full url(/play/slices/1500257573.ts?id=70f8798d72ff0ac99462999af2ba7c5d&segment=1500257573), method(GET), 2 params, 5 header(s), content-length 0 bytes
08-16 14:50:45.109 I/cdelog  ( 3380): core::entrance::HlsServer(741)::Receive player request segment(1500257573), channel(70f8798d72ff0ac99462999af2ba7c5d)
08-16 14:50:45.110 I/cdelog  ( 3380): core::entrance::HlsServer(854)::Player request segment(1500257573), urgent(1500257573), dis(no), range() of channel(70f8798d72ff0ac99462999af2ba7c5d), response(-1, Pending(200), text/plain, data 0/0/1829052 byte(s)
08-16 14:50:45.111 I/cdelog  ( 3380): logic::base::Channel(967)::[live] get next stable(address(* 211.154.226.238:80), speed(3985550), last segment id(1500257573), count(24/0/0/12);) for channel(70f8798d72ff0ac99462999af2ba7c5d)
08-16 14:50:45.119 E/Utopia  ( 1758): [AUDIO]HAL_AUDIO_PCM_R2Dma_Reader2_Write: Warning! PCM buffer :800 bytes !!!
08-16 14:50:45.119 I/cdelog  ( 3380): core::storage::MemoryBucket(375)::new and open block when get block (channel://70f8798d72ff0ac99462999af2ba7c5d/1500257573)
08-16 14:50:45.129 I/cdelog  ( 3380): logic::base::Channel(967)::[live] get next stable(address(* 211.154.226.238:80), speed(42203), last segment id(1500257573), count(24/0/0/11);) for channel(70f8798d72ff0ac99462999af2ba7c5d)
08-16 14:50:45.140 E/Utopia  ( 1758): [AUDIO]HAL_AUDIO_PCM_R2Dma_Reader2_Write: Warning! PCM buffer :1040 bytes !!!
08-16 14:50:45.140 W/XCPERF  ( 1803): End of XC SetPanelTiming [513111608]
08-16 14:50:45.140 W/XCPERF  ( 1803): Start of FD_MASK [513111608]
08-16 14:50:45.141 W/XCPERF  ( 1803): End of FD_MASK [513111608]
08-16 14:50:45.141 W/XCPERF  ( 1803): Start of PQ [513111608]
08-16 14:50:45.141 I/tvos    ( 1764): SetPictureOn [line:1256] SetInputSource eInputType =34
08-16 14:50:45.141 I/tvos    ( 1764): BW Window:0, PQSource:9, Hsize:3840, Vsize: 2160, interlace:0, Vfreq=500
08-16 14:50:45.141 I/tvos    ( 1764): Read Bandwidthtable.bin
08-16 14:50:45.157 I/tvos    ( 1764): [Load UFSC PQ] Source index=9
08-16 14:50:45.157 I/tvos    ( 1764):  Is This machine support new pq func :1 
08-16 14:50:45.157 I/tvos    ( 1764):  Is This machine unique or X5 :0 
08-16 14:50:45.157 I/tvos    ( 1764):  Is This machine unique or X5 :0 
08-16 14:50:45.157 I/tvos    ( 1764):  IsSwdrFuncSupported,5721, :0 
08-16 14:50:45.157 I/tvos    ( 1764):  Current Src:34, Pic.mode:1, enColorTemp:1, Backlight:100,Brightness:50,Contrast:50,           Sharpness:50,Color:50, Hue:50,NR:3,Lightsensor:0,eAdaptiveContrast:3,           eAutoBacklight:1,eMFC:3,eXvYCC:0,u8DLCCurve:0,u8SdrToHdr:0 
08-16 14:50:45.157 I/tvos    ( 1764): [york]SwitchDLCCurve(3)
08-16 14:50:45.157 I/tvos    ( 1764): get machine type is:0 
08-16 14:50:45.157 I/tvos    ( 1764): get machine type is:0 
08-16 14:50:45.157 I/tvos    ( 1764): get machine type is:0 
08-16 14:50:45.157 I/tvos    ( 1764): @@@MSrv_System_Database::GetVideoSetting
08-16 14:50:45.159 I/tvos    ( 1764): @@@MSrv_System_Database::GetVideoSetting
08-16 14:50:45.162 I/tvos    ( 1764): @@@MSrv_System_Database::GetVideoSettingget machine type is:0 
08-16 14:50:45.162 I/tvos    ( 1764): [SetBacklight] backlight value 100
08-16 14:50:45.162 I/tvos    ( 1764): get machine type is:0 
08-16 14:50:45.162 I/tvos    ( 1764): Go pql pwm 100 !!!!!
08-16 14:50:45.162 I/tvos    ( 1764): get machine type is:0 
08-16 14:50:45.166 I/tvos    ( 1764): @@@MSrv_System_Database::GetVideoSetting
08-16 14:50:45.168 I/cdelog  ( 3380): logic::base::Channel(967)::[live] get next stable(address(* 211.154.226.238:80), speed(1666769), last segment id(1500257573), count(24/0/0/10);) for channel(70f8798d72ff0ac99462999af2ba7c5d)
08-16 14:50:45.170 W/VIDEO   ( 1803): [setSwdrLevel:12664][SWDR] SWDR OFF u16DreIndex=0 u16SwdrIndex=0 bForceDisable=0 m_bEnablePCmode=0
08-16 14:50:45.170 W/VIDEO   ( 1803): [setSwdrLevel:12693][SWDR] u16DreIndex=0 u16SwdrIndex=0 bForceDisable=0 m_bEnablePCmode=0 bApplySetting=1bDRE_En=0 bDRE_SWDR_En=0 u32Version=0 u16Length=0 u16NumofData=0 eWindow=0
08-16 14:50:45.170 W/VIDEO   ( 1803): 
08-16 14:50:45.170 W/VIDEO   ( 1803):  applySwdrSetting 12791 bDLCStatus:1 ,bDRE_En=1, bDRE_SWDR_En=0 
08-16 14:50:45.170 I/tvos    ( 1764): @@@MSrv_System_Database::GetVideoSettingenPQMNRType is 3
08-16 14:50:45.170 I/tvos    ( 1764):  Is This machine unique or X5 :0 
08-16 14:50:45.171 I/StvLogReport( 2837): StargazerReportTask, {"seq":777,"devid":"X440M-b01bd2542d51-","mac":"b01bd2542d51","uid":"1754045746","clientVersion":"6.5.307D_0801","model":"X440M","time":1534402245,"app":"LIVE","signalType":"ç›´æ’­","status":"æ’­æ”¾","channleName":"æ¬¢ä¹é¢‚","channelType":"å…¨éƒ¨","channelId":"2282","videoAid":"null","videoVid":"null"}
08-16 14:50:45.177 I/cdelog  ( 3380): logic::base::Channel(967)::[live] get next stable(address(* 211.154.226.238:80), speed(1932722), last segment id(1500257573), count(24/0/0/9);) for channel(70f8798d72ff0ac99462999af2ba7c5d)
08-16 14:50:45.178 I/tvos    ( 1764):  tvos this machine do not support swdr,u8Reserve1:0 
08-16 14:50:45.178 I/tvos    ( 1764): get machine type is:0 
08-16 14:50:45.178 I/tvos    ( 1764): get machine type is:0 
08-16 14:50:45.178 I/tvos    ( 1764):  ---  Set_xvYCC_Mode is 2 
08-16 14:50:45.178 I/tvos    ( 1764): SetCustomer, 2915, bIsHdrVideo:0
08-16 14:50:45.178 I/tvos    ( 1764): (_MDrv_PQ_SetGRuleStatus, 7023)GRuleType(10) is bigger than STD PQ's(10), so consider it as CUSTOMER PQ's GRule Type
08-16 14:50:45.178 W/XCPERF  ( 1803): End of PQ [513111646]
08-16 14:50:45.178 W/XCPERF  ( 1803): End of SetWindow [513111646]
08-16 14:50:45.179 I/tvos    ( 1764): (_MDrv_PQ_SetGRuleStatus, 7023)GRuleType(10) is bigger than STD PQ's(10), so consider it as CUSTOMER PQ's GRule Type
08-16 14:50:45.179 I/tvos    ( 1764): mapi_video_base::FireCfd 34 
08-16 14:50:45.180 W/VIDEO   ( 1803): 
08-16 14:50:45.180 W/VIDEO   ( 1803):  applySwdrSetting 12791 bDLCStatus:1 ,bDRE_En=1, bDRE_SWDR_En=0 
08-16 14:50:45.181 E/PictureManagerService( 1803): EV_EVENT_VIDEO_STATUS, wParam is 0,  lParam is 0.
08-16 14:50:45.181 I/tvos    ( 1764): Send NOTIFY_CALLBACK
08-16 14:50:45.182 I/tvos    ( 1764): Send NOTIFY_CALLBACK
08-16 14:50:45.183 E/PictureManager_JNI( 2881): notifyCB event = -1610613699
08-16 14:50:45.183 I/StvLogReport( 2837): StargazerReportTask, reponse1 : {"status":"OK","statusCode":200,"message":"succeefully"}
08-16 14:50:45.184 I/tvos    ( 1764): Send NOTIFY_CALLBACK
08-16 14:50:45.185 E/com.mstar.android.tvapi.common.PictureManager.EventHandler( 2881): [PIC]video status change to :0
08-16 14:50:45.187 D/VideoSetService( 1803): u32DS_Info_BaseAddr = 0x21481000
08-16 14:50:45.187 D/VideoSetService( 1803): u8MIU_Select = 0x0
08-16 14:50:45.187 D/VideoSetService( 1803): u8DS_Index_Depth = 0x20
08-16 14:50:45.188 I/tvos    ( 1764): MSrv_Picture::On, enAssignedInputSrc = 44
08-16 14:50:45.188 I/tvos    ( 1764):  ******** MSrv_Picture::On  Skip *********** 
08-16 14:50:45.189 E/PictureManager_JNI( 2720): notifyCB event = -1610613699
08-16 14:50:45.190 I/tvos    ( 1764): @@@MSrv_System_Database::GetAudioSettingSend NOTIFY_CALLBACK
08-16 14:50:45.190 I/tvos    ( 1764): [SetSPDIFDelay], MUTE_Flag sora 0
08-16 14:50:45.191 E/PictureManager_JNI( 7791): notifyCB event = -1610613699
08-16 14:50:45.192 I/tvos    ( 1764): Send NOTIFY_CALLBACK
08-16 14:50:45.194 E/com.mstar.android.tvapi.common.PictureManager.EventHandler( 2720): [PIC]video status change to :0
08-16 14:50:45.198 E/PictureManager_JNI( 4876): notifyCB event = -1610613699
08-16 14:50:45.202 E/com.mstar.android.tvapi.common.PictureManager.EventHandler( 7791): [PIC]video status change to :0
08-16 14:50:45.203 E/com.mstar.android.tvapi.common.PictureManager.EventHandler( 4876): [PIC]video status change to :0
08-16 14:50:45.212 W/EventHub( 2207): disable kernel key repeat 1
08-16 14:50:45.213 W/EventHub( 2207): disable kernel key repeat
08-16 14:50:45.213 W/InputDispatcher( 2207): notifyKey - eventTime=513111680284000, deviceId=2, source=0x301, policyFlags=0x0, action=0x1, flags=0x8, keyCode=0x16, scanCode=0x6a, metaState=0x0, downTime=513111510691000
08-16 14:50:45.218 W/InputDispatcher( 2207): Waiting for application to become ready for input: AppWindowToken{f5017a7 token=Token{6764866 ActivityRecord{34dd8c1 u0 com.stv.launcher/.ui.activity.Launcher t1}}} - Window{23c0535 u0 com.stv.launcher/com.stv.launcher.ui.activity.Launcher}.  Reason: Waiting to send key event because the focused window has not finished processing all of the input events that were previously delivered to it.  Outbound queue length: 0.  Wait queue length: 1.
08-16 14:50:45.218 W/InputDispatcher( 2207): findFocusedWindow finished: injectionResult=-1, timeSpentWaitingForApplication=0.0ms
