08-16 14:50:45.219 I/cdelog  ( 3380): logic::base::Channel(967)::[live] get next stable(address(* 211.154.226.238:80), speed(2651017), last segment id(1500257573), count(24/0/0/8);) for channel(70f8798d72ff0ac99462999af2ba7c5d)
08-16 14:50:45.219 I/art     ( 3007): Background sticky concurrent mark sweep GC freed 250554(12MB) AllocSpace objects, 19(428KB) LOS objects, 10% free, 101MB/113MB, paused 7.233ms total 138.027ms
08-16 14:50:45.223 I/LetvHttp( 3007): responseCode = 200; baseUrl = http://dc.cp21.ott.cibntv.net/pl/?vt=flv_720p&ch=letv&source=unknown&install_id=372990f9fdcb454a9b2c51d84a2891c8&pv=4.2.0.050&uuid=B01BD2542D511534402245926_0&prl=0&wmac=unknown&stime=1534402246733&ipt=0&auid=B01BD2542D51&app_name=superlive&joint=0&p2=20&nt=wired&lid=2282&caid=unknown&ref=10&p3=20_tvlive_cibn&cdev=unknown&serialno=b01bd2542d51&pcode=01001001000&ac=play&pay=0&py=replaytype%3D3%26totaltime%3D814&android_id=1254cf6fa1a90f9a&st=lb_zczb5&vid=unknown&p1=2&ty=2&mac=B01BD2542D51&cid=category_id_all&ctime=1534402246733&app=4.2.0.050&owner=1&apprunid=B01BD2542D51_1533889159020&pt=unknown&ilu=0&uid=1754045746&r=725578027211&ver=2.0
08-16 14:50:45.226 I/LetvHttp( 3007): lastModified = null
08-16 14:50:45.229 I/LetvHttp( 3007): LetvHttpClient after dataHull.lastModified: null
08-16 14:50:45.232 I/LetvHttp( 3007): LetvHttpAsyncRequest after dataHull.lastModified = null
08-16 14:50:45.237 I/tvos    ( 1764):  Auto adjust audio delay [PQ] MADI: Frc delay = 80, XC delay = 60, u16FrameDelay = 140 !!!
08-16 14:50:45.237 I/tvos    ( 1764): [0;31m[VIDEO][DEBUG] GetVideoDelay:3478: [0m
08-16 14:50:45.237 I/tvos    ( 1764): [0;32;31m Auto adjust audio delay Current Info:u32PQDelayTime = 140,u32UrsaVideoDelay = 0[0m
08-16 14:50:45.237 I/tvos    ( 1764): [0;31m[VIDEO][DEBUG] GetVideoDelay:3479: [0m
08-16 14:50:45.237 I/tvos    ( 1764): [0;32;31m Auto adjust audio delay u32AllVideoDelay = 140[0m
08-16 14:50:45.237 I/tvos    ( 1764): 	---[mpai_audio.cpp]SetSPDIFDelay():
08-16 14:50:45.237 I/tvos    ( 1764): [0;32;31m u16AudioDelayUpperBound:700 u16AudioDelayLowerBound:0 s32AudioDelay=140[0m
08-16 14:50:45.237 I/tvos    ( 1764): [LETV_OUT]::letv save audio delay spdif 140 for restore it
08-16 14:50:45.237 I/tvos    ( 1764): GetAudioOutputDevice, retval : 0
08-16 14:50:45.237 I/tvos    ( 1764): [LETV_OUT]::audio output device is 0
08-16 14:50:45.237 I/tvos    ( 1764): 	---[mpai_audio.cpp]SetSPDIFDelay():
08-16 14:50:45.237 I/tvos    ( 1764): [0;32;31m Auto adjust audio delay spdif Current Info:delay =0,u32VideoDelay=140,m_s16SPDIFDelayOffset:0, u32AudioSystemDelay = 0, s32AudioDelay=140 s32ARCPCMDelay=0[0m
08-16 14:50:45.242 I/UcenterFragmentLog( 3007): [ucenter][2.4.1.016] : onAttach
08-16 14:50:45.242 I/AnalysisLog( 3007): Plugin:onAttach2onResume:com.stv.plugin.ucenter----start:time='513111709'
08-16 14:50:45.245 I/UcenterFragmentLog( 3007): [ucenter][2.4.1.016] : onCreate
08-16 14:50:45.245 E/ReflectionUtils( 3007): callADObjectMethod class=class com.letv.adsdk.AdSDKManager   methodName=getAD
08-16 14:50:45.246 E/AdSDKManager( 3007): getAD initComplete=true
08-16 14:50:45.246 E/AdSDKManager( 3007): getAD parameters=sid:lb_zczb5_1800,token:103XXXWLm5iFfp7oHVCl5Nm5QniTYMwRr1riQV7kzFHb0cKblm5JnT7VZ62yLz6NiwchqILK4Vglv7ZN0oREFxfOiiJUsxPtqnon9LQtCfSYWPGD5q0Qm4,codeRage:flv_720p,streamURL:http://live.g3proxy.cp21.ott.cibntv.net/gslb?stream_id=lb_zczb5_1800&tag=live&ext=m3u8&sign=live_tv,uuid:B01BD2542D511534402245926_0,adInfoType:15,adZoneType:27,isVIP:0,isTryLook:null,adReqType:1,
08-16 14:50:45.247 E/AdSDKManager( 3007): getAD11 adZoneTypeStr:27
08-16 14:50:45.247 E/AdSDKManager( 3007): getAD ctStr:0,arkKey:c_l
08-16 14:50:45.247 E/AdSDKManager( 3007):  ad getCacheAdInfo=true
08-16 14:50:45.257 I/cdelog  ( 3380): logic::base::Channel(967)::[live] get next stable(address(* 211.154.226.238:80), speed(2977072), last segment id(1500257573), count(24/0/0/7);) for channel(70f8798d72ff0ac99462999af2ba7c5d)
08-16 14:50:45.267 I/UcenterFragmentLog( 3007): [ucenter][2.4.1.016] : account changed, do not need to load
08-16 14:50:45.267 E/ads     ( 3007): adSdkReq ArkJniApi
08-16 14:50:45.270 I/CtrManager( 3007): [ucenter][2.4.1.016] : setDataReporter: com.stv.plugin.ucenter.ui.UcenterFragment$8@3f5009d
08-16 14:50:45.270 I/AnalysisLog( 3007): Plugin:onInflaterContent:com.stv.plugin.ucenter----start:time='513111737'
08-16 14:50:45.270 I/UcenterFragmentLog( 3007): [ucenter][2.4.1.016] : onInflaterContent
08-16 14:50:45.290 I/UcenterLoader( 3007): [ucenter][2.4.1.016] : get cache from exist data
08-16 14:50:45.290 I/UcenterFragmentLog( 3007): [ucenter][2.4.1.016] : show cache data
08-16 14:50:45.290 I/UcenterFragmentLog( 3007): [ucenter][2.4.1.016] : updateState() - show recycler view, itemCount:3
08-16 14:50:45.290 I/CtrManager( 3007): [ucenter][2.4.1.016] : notifyRefreshed
08-16 14:50:45.291 I/AnalysisLog( 3007): Plugin:onInflaterContent:com.stv.plugin.ucenter----end:time='513111758'
08-16 14:50:45.291 I/CtrManager( 3007): [ucenter][2.4.1.016] : setRecyclerView: com.stv.plugin.ucenter.ui.recyclerview.UcenterRecyclerView{a26e86a V.E...... ......I. 0,0-0,0 #7f090036 app:id/content_layout}
08-16 14:50:45.291 I/AnalysisLog( 3007): Plugin:onAttach2onResume:com.stv.plugin.ucenter----end:time='513111759'
08-16 14:50:45.292 I/AnalysisLog( 3007): Plugin:onFragmentSelectedPre_hide:com.letv.android.tv.letvlive----start:time='513111759'
08-16 14:50:45.292 I/LiveStatusManager( 3007): setSelected: false
08-16 14:50:45.292 I/TvLiveBaseFragment( 3007): onHiddenChanged
08-16 14:50:45.292 I/TvLiveBaseFragment( 3007): doOnHiddenChanged: hidden = true
08-16 14:50:45.292 I/PlayerMainFragment( 3007): PlayMainFragment onFragmentPause
08-16 14:50:45.292 I/TVlivePlayingManager( 3007): pause
08-16 14:50:45.292 I/SpoPlayer( 3007): [37] getCurrentPosition: 2071014
08-16 14:50:45.293 E/TVlivePlayingManager( 3007): Is playing master video, saving current position 2071014 to model
08-16 14:50:45.293 I/SpoPlayer( 3007): [37] getCurrentPosition: 2071014
08-16 14:50:45.293 I/BasePlayControllerImpl( 3007): pausePlay
08-16 14:50:45.293 I/SpoPlayer( 3007): [37] pause
08-16 14:50:45.294 I/SpoPlayer( 3007): [37] pause done
08-16 14:50:45.294 I/BasePlayControllerImpl( 3007): onPaused
08-16 14:50:45.294 I/ControllerCallbacks( 3007): onPlayPause() called with 
08-16 14:50:45.294 I/PlayerStatusProvider( 3007): onStatusChanged: STARTED
08-16 14:50:45.294 I/Feature_Seek_PauseViewControl( 3007): onPlayerStatusChanged newStatus: PAUSED
08-16 14:50:45.294 I/Feature_Seek_PauseViewControl( 3007): show , the play status is pause
08-16 14:50:45.294 I/Feature_Seek_PauseViewControl( 3007): showView
08-16 14:50:45.294 E/ViewManagerImpl( 3007): Trying to show view a for com.letv.android.letvlive.ac.d@685111d
08-16 14:50:45.294 I/PreAdPresenter( 3007): isAdPlaying isPlaying = false
08-16 14:50:45.294 I/MiddleAdPlayManager( 3007): isAdPlaying mIsPlayAd = false
08-16 14:50:45.294 E/ViewManagerImpl( 3007):     KEEP_BOTH for c existing: com.letv.android.letvlive.ChannelInfoView.view.b@b8621f0
08-16 14:50:45.294 I/PreAdPresenter( 3007): isAdPlaying isPlaying = false
08-16 14:50:45.294 I/MiddleAdPlayManager( 3007): isAdPlaying mIsPlayAd = false
08-16 14:50:45.294 E/ViewManagerImpl( 3007):     KEEP_BOTH for c existing: com.letv.android.letvlive.programTipView.view.d@20cc09f
08-16 14:50:45.294 E/ViewManagerImpl( 3007): Trying to show view end isDuringOneViewShown:false
08-16 14:50:45.294 I/Letv_player( 3007): [1]ç³»ç»Ÿå½“å‰æ—¶é—´:  2018-08-16 14:50:45(1534402245294) VideoViewTVWrapper(ä¹è§†ç”µè§†videoview)  pause()
08-16 14:50:45.295 I/VideoJJControl( 3007): onPause
08-16 14:50:45.295 I/BaseMainManager( 3007): pauseCde mLastLinkShellUrl = http://live.g3proxy.cp21.ott.cibntv.net/gslb?stream_id=lb_zczb5_1800&tag=live&ext=m3u8&sign=live_tv&splatid=1060704002&platid=10&playid=1&termid=2&pay=0&tm=1411974165&ostype=andriod&hwtype=un&expect=3&format=1&uid=1754045746&app_name=tvlive&app_ver=4.2.0.050&devid=macB01BD2542D51&uuid=B01BD2542D511534350373311_0&station=lb_zczb5&sign_dev=C0BC870D3EF4276126D66995020B0DBA&app_code=2018071917&liveId=2282&p1=2&p2=20&p3=20_tvlive_cibn&wmac=b8:fc:9b:04:68:2a&lstm=1fpycc&lsbv=2fn&lssv=1EcjuT_T1_S19mbZ4_ViRD_P7IOos4LsQanBscJQ9tFbRR3BYgBI_I0_M0&lsdg=340l6j7rHJ79SwmOX7N9ld4KhjMi&lsst=1&lsse=2Di0UF
08-16 14:50:45.295 I/Letv_player( 3007): pathDownload=/data/user/0/com.stv.launcher/files/plugins_data/com.letv.android.tv.letvlive/app_LetvLog
08-16 14:50:45.295 I/PlaylistController( 3007): onFragmentPause
08-16 14:50:45.295 I/PlayListPresenterProxy( 3007): onFragmentPause
08-16 14:50:45.295 I/PlaylistController( 3007): hidePlayResumeTip
08-16 14:50:45.295 I/PlaylistController( 3007): hideVideoCandidate
08-16 14:50:45.295 E/ViewManagerImpl( 3007): dismissView h for com.letv.android.letvlive.x.a@18e3623 isDuringOneViewShown:false
08-16 14:50:45.295 I/LiveVoice( 3007): exitScene
08-16 14:50:45.298 I/PlayLoadingView( 3007): hideView
08-16 14:50:45.298 E/ViewManagerImpl( 3007): dismissView a for com.letv.android.letvlive.y.d@75259ce isDuringOneViewShown:false
08-16 14:50:45.298 I/PlayLoadingViewControl( 3007): hideView
08-16 14:50:45.298 I/VideoJJControl( 3007): onStop
08-16 14:50:45.305 E/ViewManagerImpl( 3007): dismissView IVideoJJView for com.letv.android.letvlive.VideoJJ.VideoJJControl@e0101f6 isDuringOneViewShown:false
08-16 14:50:45.305 I/VideoJJControl( 3007): hide video jj layout
08-16 14:50:45.305 I/ProgramTipControl( 3007): onProgramTipHide
08-16 14:50:45.305 I/ProgramTipControl( 3007): hide ProgramTipAd
08-16 14:50:45.305 E/ViewManagerImpl( 3007): dismissView a for com.letv.android.letvlive.programTipView.a@90553fa isDuringOneViewShown:false
08-16 14:50:45.305 I/AdUtil  ( 3007): onArkAdDestory: adElementMime = null
08-16 14:50:45.305 I/cdeclientapi( 3007): [NetworkUtils] doHttpGet. url(http://127.0.0.1:6990/play/pause?enc=base64&url=aHR0cDovL2xpdmUuZzNwcm94eS5jcDIxLm90dC5jaWJudHYubmV0L2dzbGI/c3RyZWFtX2lkPWxiX3pjemI1XzE4MDAmdGFnPWxpdmUmZXh0PW0zdTgmc2lnbj1saXZlX3R2JnNwbGF0aWQ9MTA2MDcwNDAwMiZwbGF0aWQ9MTAmcGxheWlkPTEmdGVybWlkPTImcGF5PTAmdG09MTQxMTk3NDE2NSZvc3R5cGU9YW5kcmlvZCZod3R5cGU9dW4mZXhwZWN0PTMmZm9ybWF0PTEmdWlkPTE3NTQwNDU3NDYmYXBwX25hbWU9dHZsaXZlJmFwcF92ZXI9NC4yLjAuMDUwJmRldmlkPW1hY0IwMUJEMjU0MkQ1MSZ1dWlkPUIwMUJEMjU0MkQ1MTE1MzQzNTAzNzMzMTFfMCZzdGF0aW9uPWxiX3pjemI1JnNpZ25fZGV2PUMwQkM4NzBEM0VGNDI3NjEyNkQ2Njk5NTAyMEIwREJBJmFwcF9jb2RlPTIwMTgwNzE5MTcmbGl2ZUlkPTIyODImcDE9MiZwMj0yMCZwMz0yMF90dmxpdmVfY2libiZ3bWFjPWI4OmZjOjliOjA0OjY4OjJhJmxzdG09MWZweWNjJmxzYnY9MmZuJmxzc3Y9MUVjanVUX1QxX1MxOW1iWjRfVmlSRF9QN0lPb3M0THNRYW5Cc2NKUTl0RmJSUjNCWWdCSV9JMF9NMCZsc2RnPTM0MGw2ajdySEo3OVN3bU9YN045bGQ0S2hqTWkmbHNzdD0xJmxzc2U9MkRpMFVG&&mediatype=m3u8)
08-16 14:50:45.305 I/BaseMainManager( 3007): onFragmentStop
08-16 14:50:45.307 I/MediaFocusControl( 2207):  AudioFocus  abandonAudioFocus() from android.media.AudioManager@2043d2acom.letv.android.letvlive.playerlibs.a$6@eed071b
08-16 14:50:45.307 I/ControllerManager( 3007): onPlayStop
08-16 14:50:45.307 I/ProgramTipControl( 3007): onProgramTipHide
08-16 14:50:45.307 I/ProgramTipControl( 3007): hide ProgramTipAd
08-16 14:50:45.307 I/ProgramTipControl( 3007): mIProgramTipAdView is null return
08-16 14:50:45.310 I/MediaFocusControl( 2207):  AudioFocus  abandonAudioFocus() from android.media.AudioManager@2043d2acom.letv.android.letvlive.playerlibs.a$6@eed071b
08-16 14:50:45.310 I/cdelog  ( 3380): logic::base::Channel(967)::[live] get next stable(address(* 211.154.226.238:80), speed(3103844), last segment id(1500257573), count(24/0/0/6);) for channel(70f8798d72ff0ac99462999af2ba7c5d)
08-16 14:50:45.311 I/BaseMainManager( 3007): clear 446cache
08-16 14:50:45.311 I/AdTipViewControl( 3007): onPlayStop
08-16 14:50:45.311 I/AdTipViewControl( 3007): hideView
08-16 14:50:45.311 I/AdTipViewControl( 3007): hideAdTipView useAnim = false
08-16 14:50:45.311 I/AdTipViewControl( 3007): resetAdData
08-16 14:50:45.311 I/PurchaseAdUtil( 3007): isSupportOneKeyPurchase version = 2070
08-16 14:50:45.311 I/PlaylistController( 3007): onPlayStop
08-16 14:50:45.311 I/VideoUrlProcessor( 3007): cancelRequestingData
08-16 14:50:45.311 I/BasePlaylistPresenter( 3007): stopVodCde
08-16 14:50:45.311 I/BasePlaylistPresenter( 3007): stopCDE : urlFromCDE = null
08-16 14:50:45.311 I/BasePlaylistPresenter( 3007): stopCDE : urlFromCDE = null
08-16 14:50:45.311 I/ChainContext( 3007): setPrepareItemIndex channelId = 10108, position = 0
08-16 14:50:45.311 I/PlaylistController( 3007): hidePlayResumeTip
08-16 14:50:45.311 I/PlaylistController( 3007): hideVideoCandidate
08-16 14:50:45.311 E/ViewManagerImpl( 3007): dismissView h for com.letv.android.letvlive.x.a@18e3623 isDuringOneViewShown:false
08-16 14:50:45.312 I/PlayReportManager( 3007): isBigScreenPlay isBigScreenPlay = true
08-16 14:50:45.312 I/PreAdPresenter( 3007): isAdPlaying isPlaying = false
08-16 14:50:45.312 I/PlayReportManager( 3007): shouldNotReport : isNotNeedReport = false
08-16 14:50:45.312 I/PlayReportManager( 3007): isBigScreenPlay isBigScreenPlay = true
08-16 14:50:45.312 I/PreAdPresenter( 3007): isAdPlaying isPlaying = false
08-16 14:50:45.312 I/PlayReportManager( 3007): shouldNotReport : isNotNeedReport = false
08-16 14:50:45.312 I/PlayReportManager( 3007): getPyString
08-16 14:50:45.312 I/PlayReportManager( 3007): getPyString mReplayType = 3
08-16 14:50:45.312 I/PlayReportManager( 3007): getPyString pyString = replaytype=3&totaltime=814
08-16 14:50:45.312 I/PlayReportManager( 3007): block pyStringEncode = replaytype=3&totaltime=814
08-16 14:50:45.312 I/PlayReportManager( 3007): reportActionTime : source = CHANNEL_MENU_CHANNEL_KEY , pt = 0 , uuid = B01BD2542D511534402245926_0
08-16 14:50:45.313 I/PlayReportManager( 3007): reportActionEnd record.getLastReportAction = TIME
08-16 14:50:45.313 I/PlayReportManager( 3007): getPyString
08-16 14:50:45.313 I/PlayReportManager( 3007): getPyString mReplayType = 3
08-16 14:50:45.313 I/PlayReportManager( 3007): getPyString pyString = replaytype=3&totaltime=814
08-16 14:50:45.313 I/PlayReportManager( 3007): end pyStringEncode = replaytype=3&totaltime=814
08-16 14:50:45.313 I/PlayReportManager( 3007): reportActionEnd : source = CHANNEL_MENU_CHANNEL_KEY , uuid = B01BD2542D511534402245926_0
08-16 14:50:45.313 I/SlotAdStockReportController( 3007): clearMessage
08-16 14:50:45.314 I/cdelog  ( 3380): core::supernode::HttpConnection(345)::[HLS]Client(127.0.0.1:51608), query full url(/play/pause?enc=base64&url=aHR0cDovL2xpdmUuZzNwcm94eS5jcDIxLm90dC5jaWJudHYubmV0L2dzbGI/c3RyZWFtX2lkPWxiX3pjemI1XzE4MDAmdGFnPWxpdmUmZXh0PW0zdTgmc2lnbj1saXZlX3R2JnNwbGF0aWQ9MTA2MDcwNDAwMiZwbGF0aWQ9MTAmcGxheWlkPTEmdGVybWlkPTImcGF5PTAmdG09MTQxMTk3NDE2NSZvc3R5cGU9YW5kcmlvZCZod3R5cGU9dW4mZXhwZWN0PTMmZm9ybWF0PTEmdWlkPTE3NTQwNDU3NDYmYXBwX25hbWU9dHZsaXZlJmFwcF92ZXI9NC4yLjAuMDUwJmRldmlkPW1hY0IwMUJEMjU0MkQ1MSZ1dWlkPUIwMUJEMjU0MkQ1MTE1MzQzNTAzNzMzMTFfMCZzdGF0aW9uPWxiX3pjemI1JnNpZ25fZGV2PUMwQkM4NzBEM0VGNDI3NjEyNkQ2Njk5NTAyMEIwREJBJmFwcF9jb2RlPTIwMTgwNzE5MTcmbGl2ZUlkPTIyODImcDE9MiZwMj0yMCZwMz0yMF90dmxpdmVfY2libiZ3bWFjPWI4OmZjOjliOjA0OjY4OjJhJmxzdG09MWZweWNjJmxzYnY9MmZuJmxzc3Y9MUVjanVUX1QxX1MxOW1iWjRfVmlSRF9QN0lPb3M0THNRYW5Cc2NKUTl0RmJSUjNCWWdCSV9JMF9NMCZsc2RnPTM0MGw2ajdySEo3OVN3bU9YN045bGQ0S2hqTWkmbHNzdD0xJmxzc2U9MkRpMFVG&&mediatype=m3u8), method(GET), 3 params, 5 header(s), content-length 0 bytes
08-16 14:50:45.315 I/BasePlayControllerImpl( 3007): OnMediaStateTimeListener: stateType = RELEASE
08-16 14:50:45.315 I/SpoPlayer( 3007): [37] reset
08-16 14:50:45.315 I/cdelog  ( 3380): logic::base::Channel(413)::[live]Peer paused, peer id(http://211.154.226.238/live.videocache.lecloud.com/m3u8/lb_zczb5_1800/desc.m3u8?stream_id=lb_zczb5_1800&amltag=99&mltag=99&platid=10&splatid=1060704002&qos=3&fcheck=0&lsbv=2fn&uid=1754045746&keyitem=iDipdd1vuVFcNrewScXV_qA9anmyuuMxAiFPNbvcYujMEdbjduvlnqfflyUxsCMm&ntm=1534420800&nkey2=0a4aae13ef90c09268502310bd5729b1&nkey=e88c3467442d294471079d8451d060c4&auth_key=1534420800-2-0-10-1060704002-lb_zczb5_1800-d4f25805a80d15d085e35e0897f682d0&tag=live&video_type=m3u8&useloc=0&mslice=5&ffgname=streamGroup_323&ver=live_3&uidx=0&errc=0&gn=3001&ndtype=0&lrtmcd=104&buss=99&cips=10.58.80.199&geo=CN-1-5-666&tmn=1534402244&pnl=3001,3001,3334,497&ext=m3u8&sign=live_tv&playid=1&termid=2&pay=0&tm=1534402544&ostype=andriod&hwtype=un&app_name=tvlive&app_ver=4.2.0.050&devid=macB01BD2542D51&uuid=B01BD2542D511534350373311_0&station=lb_zczb5&sign_dev=C0BC870D3EF4276126D66995020B0DBA&app_code=2018071917&liveId=2282&p1=2&p2=20&p3=20_tvlive_cibn&wmac=b8:fc:9b:04:68:2a&lsse=2Di0UF&
08-16 14:50:45.315 I/cdeclientapi( 3007): [NetworkUtils] doHttpGet. url(http://127.0.0.1:6990/play/stop?enc=base64&url=aHR0cDovL2xpdmUuZzNwcm94eS5jcDIxLm90dC5jaWJudHYubmV0L2dzbGI/c3RyZWFtX2lkPWxiX3pjemI1XzE4MDAmdGFnPWxpdmUmZXh0PW0zdTgmc2lnbj1saXZlX3R2JnNwbGF0aWQ9MTA2MDcwNDAwMiZwbGF0aWQ9MTAmcGxheWlkPTEmdGVybWlkPTImcGF5PTAmdG09MTQxMTk3NDE2NSZvc3R5cGU9YW5kcmlvZCZod3R5cGU9dW4mZXhwZWN0PTMmZm9ybWF0PTEmdWlkPTE3NTQwNDU3NDYmYXBwX25hbWU9dHZsaXZlJmFwcF92ZXI9NC4yLjAuMDUwJmRldmlkPW1hY0IwMUJEMjU0MkQ1MSZ1dWlkPUIwMUJEMjU0MkQ1MTE1MzQzNTAzNzMzMTFfMCZzdGF0aW9uPWxiX3pjemI1JnNpZ25fZGV2PUMwQkM4NzBEM0VGNDI3NjEyNkQ2Njk5NTAyMEIwREJBJmFwcF9jb2RlPTIwMTgwNzE5MTcmbGl2ZUlkPTIyODImcDE9MiZwMj0yMCZwMz0yMF90dmxpdmVfY2libiZ3bWFjPWI4OmZjOjliOjA0OjY4OjJhJmxzdG09MWZweWNjJmxzYnY9MmZuJmxzc3Y9MUVjanVUX1QxX1MxOW1iWjRfVmlSRF9QN0lPb3M0THNRYW5Cc2NKUTl0RmJSUjNCWWdCSV9JMF9NMCZsc2RnPTM0MGw2ajdySEo3OVN3bU9YN045bGQ0S2hqTWkmbHNzdD0xJmxzc2U9MkRpMFVG&&mediatype=m3u8)
08-16 14:50:45.316 I/cdelog  ( 3380): core::supernode::HttpDownloader(669)::[cdn::range-data]Download clean: Unknown, channel(70f8798d72ff0ac99462999af2ba7c5d:0-1500257573-27800-()), url(http://211.154.226.238/lb.videocache.lecloud.com/262/33/7/letv-uts/14/ver_00_22-1103918976-avc-1492376-aac-96000-2587960-517777794-2f79e80e65d05db0d9646866f25740b0-1496228923795_mp4/ver_00_22_211_580_4_1829052_436980620_0.ts?stream_id=lb_zczb5_1800&amltag=99&mltag=99&platid=10&splatid=1060704002&qos=3&fcheck=0&lsbv=2fn&uid=1754045746&keyitem=iDipdd1vuVFcNrewScXV_qA9anmyuuMxAiFPNbvcYujMEdbjduvlnqfflyUxsCMm&ntm=1534420800&nkey2=0a4aae13ef90c09268502310bd5729b1&nkey=e88c3467442d294471079d8451d060c4&auth_key=1534420800-2-0-10-1060704002-lb_zczb5_1800-d4f25805a80d15d085e35e0897f682d0&tag=live&video_type=m3u8&useloc=0&mslice=5&ffgname=streamGroup_323&ver=live_3&uidx=0&errc=0&gn=3001&ndtype=0&lrtmcd=104&buss=99&cips=10.58.80.199&geo=CN-1-5-666&tmn=1534402244&pnl=3001,3001,3334,497&ext=m3u8&sign=live_tv&playid=1&termid=2&pay=0&tm=1534402544&ostype=andriod&hwtype=un&app_
08-16 14:50:45.318 I/cdelog  ( 3380): core::supernode::HttpDownloader(684)::[cdn::range-data]Response channel(70f8798d72ff0ac99462999af2ba7c5d:0-1500257573-27800-()), server(211.154.226.238:80), name(nginx/1.12.0), response code(200), version(HTTP/1.1), details(OK), data(808897/1829052 Bytes), transfer(normal), encoding(), resolved time(0 ms), connected time(0 ms), responsed time(66 ms), total used time(450 ms), transfered time(262 ms), speed(3081097 Byte/s), bytes(809432), 1 alive times
08-16 14:50:45.319 I/cdelog  ( 3380): logic::base::Manager(531)::Pause channel id(70f8798d72ff0ac99462999af2ba7c5d), need buffer(false), url(http://live.g3proxy.cp21.ott.cibntv.net/gslb?stream_id=lb_zczb5_1800&tag=live&ext=m3u8&sign=live_tv&splatid=1060704002&platid=10&playid=1&termid=2&pay=0&tm=1411974165&ostype=andriod&hwtype=un&expect=3&format=1&uid=1754045746&app_name=tvlive&app_ver=4.2.0.050&devid=macB01BD2542D51&uuid=B01BD2542D511534350373311_0&station=lb_zczb5&sign_dev=C0BC870D3EF4276126D66995020B0DBA&app_code=2018071917&liveId=2282&p1=2&p2=20&p3=20_tvlive_cibn&wmac=b8:fc:9b:04:68:2a&lstm=1fpycc&lsbv=2fn&lssv=1EcjuT_T1_S19mbZ4_ViRD_P7IOos4LsQanBscJQ9tFbRR3BYgBI_I0_M0&lsdg=340l6j7rHJ79SwmOX7N9ld4KhjMi&lsst=1&lsse=2Di0UF), total 1 channel(s) now
08-16 14:50:45.321 I/cdelog  ( 3380): core::entrance::HlsServer(678)::Request pause channel(http://live.g3proxy.cp21.ott.cibntv.net/gslb?stream_id=lb_zczb5_1800&tag=live&ext=m3u8&sign=live_tv&splatid=1060704002&platid=10&playid=1&termid=2&pay=0&tm=1411974165&ostype=andriod&hwtype=un&expect=3&format=1&uid=1754045746&app_name=tvlive&app_ver=4.2.0.050&devid=macB01BD2542D51&uuid=B01BD2542D511534350373311_0&station=lb_zczb5&sign_dev=C0BC870D3EF4276126D66995020B0DBA&app_code=2018071917&liveId=2282&p1=2&p2=20&p3=20_tvlive_cibn&wmac=b8:fc:9b:04:68:2a&lstm=1fpycc&lsbv=2fn&lssv=1EcjuT_T1_S19mbZ4_ViRD_P7IOos4LsQanBscJQ9tFbRR3BYgBI_I0_M0&lsdg=340l6j7rHJ79SwmOX7N9ld4KhjMi&lsst=1&lsse=2Di0UF), result(Pause OK)
08-16 14:50:45.323 I/LetvHttp( 3007): LetvTeleHttpAsyncRequest requestData
08-16 14:50:45.325 I/VideoViewTVWrapper( 3007): setOnDataSourceSwitchListener = com.media.threadedmediaplaye.AsyncMediaPlayer
08-16 14:50:45.325 I/Letv_player( 3007): [1]ç³»ç»Ÿå½“å‰æ—¶é—´:  2018-08-16 14:50:45(1534402245323)VideoViewTVWrapper release()
08-16 14:50:45.325 I/Letv_player( 3007): pathDownload=/data/user/0/com.stv.launcher/files/plugins_data/com.letv.android.tv.letvlive/app_LetvLog
08-16 14:50:45.326 I/LetvHttp( 3007): LetvTeleHttpAsyncRequest requestData
08-16 14:50:45.327 I/Letv_player( 3007): VideoViewTVWrapper clearCachePlayerData
08-16 14:50:45.327 I/Letv_player( 3007): pathDownload=/data/user/0/com.stv.launcher/files/plugins_data/com.letv.android.tv.letvlive/app_LetvLog
08-16 14:50:45.328 I/LetvHttp( 3007): requestUrl = http://dc.cp21.ott.cibntv.net/pl/?vt=flv_720p&ch=letv&source=unknown&install_id=372990f9fdcb454a9b2c51d84a2891c8&pv=4.2.0.050&uuid=B01BD2542D511534402245926_0&prl=unknown&wmac=unknown&stime=1534402246971&ipt=0&auid=B01BD2542D51&app_name=superlive&joint=unknown&p2=20&nt=wired&lid=2282&caid=unknown&ref=10&p3=20_tvlive_cibn&cdev=unknown&serialno=b01bd2542d51&pcode=01001001000&ac=time&pay=unknown&py=replaytype%3D3%26totaltime%3D814&android_id=1254cf6fa1a90f9a&st=lb_zczb5&vid=unknown&p1=2&ty=2&mac=B01BD2542D51&cid=category_id_all&ctime=1534402246971&app=4.2.0.050&owner=1&apprunid=B01BD2542D51_1533889159020&pt=0&ilu=0&uid=1754045746&r=020429927122&ver=2.0
08-16 14:50:45.328 I/LetvHttp( 3007): LetvHttpClient requestData
08-16 14:50:45.330 I/cdelog  ( 3380): core::supernode::HttpServer(137)::close connection(127.0.0.1:51608), url(/play/pause)
08-16 14:50:45.330 I/APM::AudioPolicyEngine( 1758): getDeviceForStrategy, 350
08-16 14:50:45.330 I/APM::AudioPolicyEngine( 1758): getDeviceForStrategy, 350
08-16 14:50:45.331 I/cdelog  ( 3380): core::supernode::HttpConnection(345)::[HLS]Client(127.0.0.1:43140), query full url(/play/stop?enc=base64&url=aHR0cDovL2xpdmUuZzNwcm94eS5jcDIxLm90dC5jaWJudHYubmV0L2dzbGI/c3RyZWFtX2lkPWxiX3pjemI1XzE4MDAmdGFnPWxpdmUmZXh0PW0zdTgmc2lnbj1saXZlX3R2JnNwbGF0aWQ9MTA2MDcwNDAwMiZwbGF0aWQ9MTAmcGxheWlkPTEmdGVybWlkPTImcGF5PTAmdG09MTQxMTk3NDE2NSZvc3R5cGU9YW5kcmlvZCZod3R5cGU9dW4mZXhwZWN0PTMmZm9ybWF0PTEmdWlkPTE3NTQwNDU3NDYmYXBwX25hbWU9dHZsaXZlJmFwcF92ZXI9NC4yLjAuMDUwJmRldmlkPW1hY0IwMUJEMjU0MkQ1MSZ1dWlkPUIwMUJEMjU0MkQ1MTE1MzQzNTAzNzMzMTFfMCZzdGF0aW9uPWxiX3pjemI1JnNpZ25fZGV2PUMwQkM4NzBEM0VGNDI3NjEyNkQ2Njk5NTAyMEIwREJBJmFwcF9jb2RlPTIwMTgwNzE5MTcmbGl2ZUlkPTIyODImcDE9MiZwMj0yMCZwMz0yMF90dmxpdmVfY2libiZ3bWFjPWI4OmZjOjliOjA0OjY4OjJhJmxzdG09MWZweWNjJmxzYnY9MmZuJmxzc3Y9MUVjanVUX1QxX1MxOW1iWjRfVmlSRF9QN0lPb3M0THNRYW5Cc2NKUTl0RmJSUjNCWWdCSV9JMF9NMCZsc2RnPTM0MGw2ajdySEo3OVN3bU9YN045bGQ0S2hqTWkmbHNzdD0xJmxzc2U9MkRpMFVG&&mediatype=m3u8), method(GET), 3 params, 5 header(s), content-length 0 bytes
08-16 14:50:45.336 I/cdelog  ( 3380): tools::collector::ReportClient(109)::Send report(traffic report), 1 pending item(s) to url(http://s.webp2p.cp21.ott.cibntv.net/hb?act=traffic)
08-16 14:50:45.337 D/VideoSetService( 1803): u32DSAddr = 0x21481000, u32DSSize = 0x0, u32XCAddr = 0x21abe398
08-16 14:50:45.337 I/cdelog  ( 3380): tools::collector::ReportClient(124)::post param(p1=2&p2=20&platid=10&splatid=1060704002&ch=&custid=&token=&time=1534402245&appid=110&nt=wired&geo=CN.1.5.666&iipl=10.58.80.199&dam=1372812&dco=18.19071004&aco=0&dmo=2162556&amo=50816&gid=E9A02811C6AF370AF8E65DE6CCEFD2CAver_00_221.3m3u8_12272000&cid=&pid=&vid=&lid=&sid=lb_zczb5_1800&st=lb_zczb5&zid=&type=liv&vt=&pay=&dur=0&cdev=cde.1.1.17.32&lsbv=2fn&cdeid=d2422c501bf3b3fcfb0d70a85b3d7c7e&uuid=9f73a8f0cdc54541bf695900b3446903&starttime=1534402242575&r=0.48661&sn=1&termid=2&p2p=1&p-cde=1&p-rtc=1&p-rtmfp=1&qos=3&bul=0&cabl=31&errcnt=0&csize=2578608&dsize=0&tsize=0&msize=0&bsize=0&dnode=0&lnode=0&tnode=0&up-rtmfp=0&up-rtc=0&up-cde=0&dsize-rtc=0&tsize-rtc=0&msize-rtc=0&bsize-rtc=0&dsize-cde=0&tsize-cde=0&msize-cde=0&bsize-cde=0&lsize-cde=0&dnode-rtc=0&lnode-rtc=0&tnode-rtc=0&dnode-cde=0&lnode-cde=0&tnode-cde=0&cshare-size=0&csharesizeOnething=0&lcsharesizeOnething=0&chk0=18&chk1=0&chk2=0&chk3=0&chk4=0&chk5=0&chk6=0&chk7=0&lcsize=0&lpsize=0&vf=lm3u8&pstat=1&pkg=com.s
08-16 14:50:45.337 E/VIDEO   ( 1803): This API will be removed in next version, please reduce use it. thanks!!
08-16 14:50:45.337 E/VIDEO   ( 1803): enable:0, u16VideoUnMuteTime: 50 
08-16 14:50:45.337 W/VIDEO   ( 1803): WaitFrameWrite2XC will modify from 0 to 50
08-16 14:50:45.337 W/VIDEO   ( 1803): [36m Mute Engine is 0, engine is 0 [m
08-16 14:50:45.337 W/VIDEO   ( 1803): bEnable: 0, getMuteFlag(engine, eWin): 1, 
08-16 14:50:45.337 W/VIDEO   ( 1803): BACKEND engine is 0
08-16 14:50:45.337 W/VIDEO   ( 1803): BACKEND engine video only is 0
08-16 14:50:45.337 W/VIDEO   ( 1803): SOC engine is 0
08-16 14:50:45.337 W/VIDEO   ( 1803): XC engine (MAIN) is 1
08-16 14:50:45.337 W/VIDEO   ( 1803): XC engine (SUB) is 1
08-16 14:50:45.337 W/VIDEO   ( 1803): Lock Mute Status => 
08-16 14:50:45.337 W/VIDEO   ( 1803): Lock Status: APP:LOCK, RESERVE_1:UNLOCK, RESERVE_2:UNLOCK, RESERVE_3:UNLOCK
08-16 14:50:45.337 W/VIDEO   ( 1803): enScalerWinType: MAIN, isLock: 1
08-16 14:50:45.337 W/VIDEO   ( 1803): Lock Status: APP:UNLOCK, RESERVE_1:UNLOCK, RESERVE_2:UNLOCK, RESERVE_3:UNLOCK
08-16 14:50:45.337 W/VIDEO   ( 1803): enScalerWinType: SUB, isLock: 0
08-16 14:50:45.337 W/VIDEO   ( 1803): ==== Decrease After ====
08-16 14:50:45.337 W/VIDEO   ( 1803): BACKEND engine is 0
08-16 14:50:45.337 W/VIDEO   ( 1803): BACKEND engine video only is 0
08-16 14:50:45.337 W/VIDEO   ( 1803): SOC engine is 0
08-16 14:50:45.337 W/VIDEO   ( 1803): XC engine (MAIN) is 0
08-16 14:50:45.337 W/VIDEO   ( 1803): XC engine (SUB) is 1
08-16 14:50:45.337 W/VIDEO   ( 1803): Lock Mute Status => 
08-16 14:50:45.337 W/VIDEO   ( 1803): Lock Status: APP:LOCK, RESERVE_1:UNLOCK, RESERVE_2:UNLOCK, RESERVE_3:UNLOCK
08-16 14:50:45.337 W/VIDEO   ( 1803): enScalerWinType: MAIN, isLock: 1
08-16 14:50:45.337 W/VIDEO   ( 1803): Lock Status: APP:UNLOCK, RESERVE_1:UNLOCK, RESERVE_2:UNLOCK, RESERVE_3:UNLOCK
08-16 14:50:45.337 W/VIDEO   ( 1803): enScalerWinType: SUB, isLock: 0
08-16 14:50:45.337 D/VideoSetService( 1803): ~~@@@~~ SetVideoMute:TRUE 1 ms
08-16 14:50:45.337 D/VideoSetService( 1803): ~~@@@~~ SetVirtualBox 0 ms
08-16 14:50:45.337 D/VideoSetService( 1803): ~~@@@~~ MApi_XC_Set_DSIndexSourceSelect 0 ms
08-16 14:50:45.337 D/VideoSetService( 1803): ~~@@@~~ MApi_XC_Set_DSForceIndex 0 ms
08-16 14:50:45.337 D/VideoSetService( 1803): ~~@@@~~ SetWindow 86 ms
08-16 14:50:45.337 D/VideoSetService( 1803): ~~@@@~~ setGameMode 0 ms
08-16 14:50:45.337 D/VideoSetService( 1803): ~~@@@~~ SetDynamicScaling 0 ms
08-16 14:50:45.337 D/VideoSetService( 1803): ~~@@@~~ PQ_SetDS_OnOFF 0 ms
08-16 14:50:45.337 D/VideoSetService( 1803): ~~@@@~~ GetMSrvPicture()->On() 0 ms
08-16 14:50:45.337 D/VideoSetService( 1803): ~~@@@~~ DS_SendXCStatus2Firmware 0 ms
08-16 14:50:45.337 D/VideoSetService( 1803): ~~@@@~~ SetVideoMute:FALSE 1 ms
08-16 14:50:45.337 D/VideoSetService( 1803): ~~@@@~~ SubSelectWindow 0 ms
08-16 14:50:45.337 D/VideoSetService( 1803): ~~@@@~~TOTAL FUN:VideoSetService::Client::video_setXCWin_nolock 237 ms
08-16 14:50:45.338 I/tvos    ( 1764):  Auto adjust audio delay [PQ] MADI: Frc delay = 80, XC delay = 60, u16FrameDelay = 140 !!!
08-16 14:50:45.338 I/tvos    ( 1764): [0;31m[VIDEO][DEBUG] GetVideoDelay:3478: [0m
08-16 14:50:45.338 I/tvos    ( 1764): [0;32;31m Auto adjust audio delay Current Info:u32PQDelayTime = 140,u32UrsaVideoDelay = 0[0m
08-16 14:50:45.338 I/tvos    ( 1764): [0;31m[VIDEO][DEBUG] GetVideoDelay:3479: [0m
08-16 14:50:45.338 I/tvos    ( 1764): [0;32;31m Auto adjust audio delay u32AllVideoDelay = 140[0m
08-16 14:50:45.338 I/tvos    ( 1764): [SetSNDSpeakerDelay], CurrentInputSrc 34, SetSNDSpeakerDelay sora 0,u32VideoDelay =140,m_s16AudioDelayOffset =0,u32AudioSystemDelay =0 
08-16 14:50:45.338 I/tvos    ( 1764): [SetSNDSpeakerDelay], SetSNDSpeakerDelay s32AudioDelay 140
08-16 14:50:45.338 I/tvos    ( 1764): 	---[mpai_audio.cpp]SetSNDSpeakerDelay():
08-16 14:50:45.338 I/tvos    ( 1764): [0;32;31m u16AudioDelayUpperBound:700 u16AudioDelayLowerBound:0 s32AudioDelay=140[0m
08-16 14:50:45.338 I/tvos    ( 1764): [LETV_OUT]::letv save audio dsp pm2201 delay speaker 140 for restore it 
08-16 14:50:45.338 I/tvos    ( 1764): GetAudioOutputDevice, retval : 0
08-16 14:50:45.338 I/tvos    ( 1764): [LETV_OUT]::audio output device is 0
08-16 14:50:45.338 I/tvos    ( 1764): 	---[mpai_audio.cpp]SetSNDSpeakerDelay():
08-16 14:50:45.338 I/tvos    ( 1764): [0;32;31m Auto adjust audio delay speaker Current Info:delay =0,u32VideoDelay=140,m_s16AudioDelayOffset:0, u32AudioSystemDelay = 0, s32AudioDelay=140 [0m
08-16 14:50:45.338 I/tvos    ( 1764): Enter SetVideoMute =======>
08-16 14:50:45.338 I/tvos    ( 1764): =============[3D]SetVideostartFlag(1)
08-16 14:50:45.338 V/VideoSetService( 1803): video_SurfaceVideoSizeChange(callingPid 1749, clientPid 1749)
08-16 14:50:45.339 W/libc    ( 1749): pthread_create sched_setscheduler call failed: Operation not permitted
08-16 14:50:45.339 I/LetvHttp( 3007): requestUrl = http://dc.cp21.ott.cibntv.net/pl/?vt=flv_720p&ch=letv&source=unknown&install_id=372990f9fdcb454a9b2c51d84a2891c8&pv=4.2.0.050&uuid=B01BD2542D511534402245926_0&prl=unknown&wmac=unknown&stime=1534402246972&ipt=0&auid=B01BD2542D51&app_name=superlive&joint=unknown&p2=20&nt=wired&lid=2282&caid=unknown&ref=10&p3=20_tvlive_cibn&cdev=unknown&serialno=b01bd2542d51&pcode=01001001000&ac=end&pay=unknown&py=replaytype%3D3%26totaltime%3D814&android_id=1254cf6fa1a90f9a&st=lb_zczb5&vid=unknown&p1=2&ty=2&mac=B01BD2542D51&cid=category_id_all&ctime=1534402246972&app=4.2.0.050&owner=1&apprunid=B01BD2542D51_1533889159020&pt=unknown&ilu=0&uid=1754045746&r=762673142983&ver=2.0
08-16 14:50:45.339 I/LetvHttp( 3007): LetvHttpClient requestData
08-16 14:50:45.339 I/cdelog  ( 3380): core::supernode::HttpDownloader(527)::[collector::report]Start download method(POST), range(), server(s.webp2p.cp21.ott.cibntv.net:80), channel(), proxy(disabled), 1 addtional header(s) ...
08-16 14:50:45.340 I/cdelog  ( 3380): core::supernode::HttpDownloader(532)::[collector::report]Request url(http://s.webp2p.cp21.ott.cibntv.net/hb?act=traffic)
08-16 14:50:45.342 I/PlayerStatusProvider( 3007): onStatusChanged: PAUSED
08-16 14:50:45.342 I/Feature_Seek_PauseViewControl( 3007): onPlayerStatusChanged newStatus: ILDE
08-16 14:50:45.342 E/ViewManagerImpl( 3007): dismissView a for com.letv.android.letvlive.ac.d@685111d isDuringOneViewShown:false
08-16 14:50:45.342 D/VideoSetService( 1803): AsyncProcThread :: post evetn : 2
08-16 14:50:45.343 I/cdelog  ( 3380): logic::base::BlockRequestSchedule(277)::Schedule module is notified to close
08-16 14:50:45.343 I/tvos    ( 1764): [WARNING]Post Event 2 but not registered, ignored!!!
08-16 14:50:45.344 I/tvos    ( 1764): GetAudioOutputDevice, retval : 0
08-16 14:50:45.344 I/cdelog  ( 3380): logic::base::Manager(511)::Close channel id(70f8798d72ff0ac99462999af2ba7c5d), url(http://live.g3proxy.cp21.ott.cibntv.net/gslb?stream_id=lb_zczb5_1800&tag=live&ext=m3u8&sign=live_tv&splatid=1060704002&platid=10&playid=1&termid=2&pay=0&tm=1411974165&ostype=andriod&hwtype=un&expect=3&format=1&uid=1754045746&app_name=tvlive&app_ver=4.2.0.050&devid=macB01BD2542D51&uuid=B01BD2542D511534350373311_0&station=lb_zczb5&sign_dev=C0BC870D3EF4276126D66995020B0DBA&app_code=2018071917&liveId=2282&p1=2&p2=20&p3=20_tvlive_cibn&wmac=b8:fc:9b:04:68:2a&lstm=1fpycc&lsbv=2fn&lssv=1EcjuT_T1_S19mbZ4_ViRD_P7IOos4LsQanBscJQ9tFbRR3BYgBI_I0_M0&lsdg=340l6j7rHJ79SwmOX7N9ld4KhjMi&lsst=1&lsse=2Di0UF), total 0 channel(s) now
08-16 14:50:45.345 W/InputDispatcher( 2207): findFocusedWindow finished: injectionResult=-1, timeSpentWaitingForApplication=126.6ms
08-16 14:50:45.345 I/cdelog  ( 3380): core::entrance::HlsServer(2153)::Force close inactive notifier connection(127.0.0.1:38683), channel(70f8798d72ff0ac99462999af2ba7c5d), request(/play/slices/1500257573.ts)
08-16 14:50:45.346 I/VideoViewTVWrapper( 3007): [1]surfaceDestroyed()
08-16 14:50:45.346 W/InputDispatcher( 2207): findFocusedWindow finished: injectionResult=-1, timeSpentWaitingForApplication=127.9ms
08-16 14:50:45.348 I/cdelog  ( 3380): core::entrance::HlsServer(654)::Request stop channel(http://live.g3proxy.cp21.ott.cibntv.net/gslb?stream_id=lb_zczb5_1800&tag=live&ext=m3u8&sign=live_tv&splatid=1060704002&platid=10&playid=1&termid=2&pay=0&tm=1411974165&ostype=andriod&hwtype=un&expect=3&format=1&uid=1754045746&app_name=tvlive&app_ver=4.2.0.050&devid=macB01BD2542D51&uuid=B01BD2542D511534350373311_0&station=lb_zczb5&sign_dev=C0BC870D3EF4276126D66995020B0DBA&app_code=2018071917&liveId=2282&p1=2&p2=20&p3=20_tvlive_cibn&wmac=b8:fc:9b:04:68:2a&lstm=1fpycc&lsbv=2fn&lssv=1EcjuT_T1_S19mbZ4_ViRD_P7IOos4LsQanBscJQ9tFbRR3BYgBI_I0_M0&lsdg=340l6j7rHJ79SwmOX7N9ld4KhjMi&lsst=1&lsse=2Di0UF), result(Stop OK)
08-16 14:50:45.350 I/cdelog  ( 3380): core::supernode::HttpServer(137)::close connection(127.0.0.1:43140), url(/play/stop)
08-16 14:50:45.354 I/SpoPlayer( 3007): [37] reset
08-16 14:50:45.355 I/SpoPlayer( 3007): [37] release from pid 3007
08-16 14:50:45.356 W/InputDispatcher( 2207): findFocusedWindow finished: injectionResult=-1, timeSpentWaitingForApplication=138.0ms
08-16 14:50:45.356 I/MS_OMX_BASEPORT( 1758): [OMX.MS.AVC.Decoder]MS_OMX_FlushPort: 0
08-16 14:50:45.359 I/MS_OMX_BASEPORT( 1758): [OMX.MS.AVC.Decoder]MS_OMX_FlushPort: 1
08-16 14:50:45.360 E/Utopia  ( 3007): [MSOS][003848]     MsOS_ReadMemory.3848 ioctl fail
08-16 14:50:45.362 I/LetvHttp( 3007): responseCode = 200; baseUrl = http://dc.cp21.ott.cibntv.net/pl/?vt=flv_720p&ch=letv&source=unknown&install_id=372990f9fdcb454a9b2c51d84a2891c8&pv=4.2.0.050&uuid=B01BD2542D511534402245926_0&prl=unknown&wmac=unknown&stime=1534402246972&ipt=0&auid=B01BD2542D51&app_name=superlive&joint=unknown&p2=20&nt=wired&lid=2282&caid=unknown&ref=10&p3=20_tvlive_cibn&cdev=unknown&serialno=b01bd2542d51&pcode=01001001000&ac=end&pay=unknown&py=replaytype%3D3%26totaltime%3D814&android_id=1254cf6fa1a90f9a&st=lb_zczb5&vid=unknown&p1=2&ty=2&mac=B01BD2542D51&cid=category_id_all&ctime=1534402246972&app=4.2.0.050&owner=1&apprunid=B01BD2542D51_1533889159020&pt=unknown&ilu=0&uid=1754045746&r=762673142983&ver=2.0
08-16 14:50:45.363 I/LetvHttp( 3007): lastModified = null
08-16 14:50:45.363 I/LetvHttp( 3007): LetvHttpClient after dataHull.lastModified: null
08-16 14:50:45.363 I/LetvHttp( 3007): LetvHttpAsyncRequest after dataHull.lastModified = null
08-16 14:50:45.364 I/LetvHttp( 3007): responseCode = 200; baseUrl = http://dc.cp21.ott.cibntv.net/pl/?vt=flv_720p&ch=letv&source=unknown&install_id=372990f9fdcb454a9b2c51d84a2891c8&pv=4.2.0.050&uuid=B01BD2542D511534402245926_0&prl=unknown&wmac=unknown&stime=1534402246971&ipt=0&auid=B01BD2542D51&app_name=superlive&joint=unknown&p2=20&nt=wired&lid=2282&caid=unknown&ref=10&p3=20_tvlive_cibn&cdev=unknown&serialno=b01bd2542d51&pcode=01001001000&ac=time&pay=unknown&py=replaytype%3D3%26totaltime%3D814&android_id=1254cf6fa1a90f9a&st=lb_zczb5&vid=unknown&p1=2&ty=2&mac=B01BD2542D51&cid=category_id_all&ctime=1534402246971&app=4.2.0.050&owner=1&apprunid=B01BD2542D51_1533889159020&pt=0&ilu=0&uid=1754045746&r=020429927122&ver=2.0
08-16 14:50:45.365 I/LetvHttp( 3007): lastModified = null
08-16 14:50:45.365 I/LetvHttp( 3007): LetvHttpClient after dataHull.lastModified: null
08-16 14:50:45.365 I/LetvHttp( 3007): LetvHttpAsyncRequest after dataHull.lastModified = null
08-16 14:50:45.381 I/MM_DIP  ( 1749): E_MMAP_ID_DIP_CAPTURE_MAIN_MM Start: 214ec000, size: 0x400000
08-16 14:50:45.381 I/Utopia  ( 1749): [DIP API]DIP already Opened
08-16 14:50:45.381 I/Utopia  ( 1749): [DIP API]DIP already Opened
08-16 14:50:45.381 I/Utopia  ( 1749): [DIP API]MDrv_CMD_DIP_GET_RESOURCE[0]   start
08-16 14:50:45.381 I/Utopia  ( 1749): [DIP API]MDrv_CMD_DIP_GET_RESOURCE[0]   end
08-16 14:50:45.381 I/Utopia  ( 1749): [DIP API]DIP already Opened
08-16 14:50:45.396 E/vsyncbridge( 1749): vsync_bridge_capture_video return fail 3 1 2
08-16 14:50:45.401 E/BufferQueueProducer( 1749): [SurfaceView] cancelBuffer: slot 1 is not owned by the producer (state = 3)
08-16 14:50:45.408 E/LETV_DEVICE( 1780): no name sn for Mstar
08-16 14:50:45.411 E/ActivityThread( 2837): Failed to find provider info for com.letv.agnes.InfoProvider
08-16 14:50:45.413 E/ActivityThread( 2837): Failed to find provider info for com.letv.agnes.InfoProvider
08-16 14:50:45.413 W/System.err( 2837): java.lang.IllegalArgumentException: Unknown URL content://com.letv.agnes.InfoProvider
08-16 14:50:45.413 I/Utopia  ( 1758): [VDEC][NDec][ALLOC][DBG][_VDEC_EX_NdecAllocator_CMAFree][3400] MApi_CMA_Pool_PutMem: heap_id=0x13, offset_in_pool=0x00000000, length=0x08200000
08-16 14:50:45.414 W/System.err( 2837): 	at android.content.ContentResolver.insert(ContentResolver.java:1227)
08-16 14:50:45.414 W/System.err( 2837): 	at com.letv.tracker2.agnes.Configuration.addDebugInfo(Configuration.java:289)
08-16 14:50:45.414 W/System.err( 2837): 	at com.letv.tracker2.agnes.MessageProcessor$SendEnvMsgTr$1.handleMessage(MessageProcessor.java:661)
08-16 14:50:45.414 W/System.err( 2837): 	at android.os.Handler.dispatchMessage(Handler.java:102)
08-16 14:50:45.414 W/System.err( 2837): 	at android.os.Looper.loop(Looper.java:148)
08-16 14:50:45.414 W/System.err( 2837): 	at com.letv.tracker2.agnes.MessageProcessor$SendEnvMsgTr.run(MessageProcessor.java:665)
08-16 14:50:45.416 E/LETV_DEVICE( 1780): no name sn for Mstar
08-16 14:50:45.422 I/[T1.0.6.3]EuiAgnes_Server( 2837): resCode:1
08-16 14:50:45.422 I/[T1.0.6.3]EuiAgnes_Server( 2837): b[0]:0
08-16 14:50:45.447 I/LetvManager-LogReport( 1780): [send_msg] line: 490 report url = http://log.hdtv.cp21.ott.cibntv.net:80/api/log/tvAction
08-16 14:50:45.447 I/Utopia  ( 1758): [VDEC][NDec][ALLOC][0] Used Allocators:2, Used Blocks:6
08-16 14:50:45.447 I/Utopia  ( 1758): [VDEC][NDec][ALLOC][0] Used Allocators:2, Used Blocks:6
08-16 14:50:45.447 I/Utopia  ( 1758): [VDEC][NDec][ALLOC][0] Used Allocators:1, Used Blocks:2
08-16 14:50:45.447 I/MSTAR_VDEC_API( 1758): stored streamId: 0:4040
08-16 14:50:45.447 I/MSTAR_VDEC_API( 1758): remove StreamId: 0x4040
08-16 14:50:45.448 I/ACodec  ( 3007): onShutdown ReleaseRM
08-16 14:50:45.450 I/RMAllocator( 1750): ~ClientInfo this=1656319408,mRMClient=1656322016. id=81
08-16 14:50:45.450 W/RMAllocator( 1750): returnAllResourcesFor: not registered, nothing to do
08-16 14:50:45.455 I/MS_OMX_BASEPORT( 1758): [OMX.MS.AAC.Decoder]MS_OMX_FlushPort: 0
08-16 14:50:45.483 E/Utopia  ( 1758): [AUDIO]HAL_MAD_SetAudioParam2: DecId(1) Enable Multi-Channel
08-16 14:50:45.499 I/MS_OMX_AACDEC( 1758): AAC_Decode_Reset: DecID=2 AUDIO FLUSH OK !!
08-16 14:50:45.499 I/MS_OMX_BASEPORT( 1758): [OMX.MS.AAC.Decoder]MS_OMX_FlushPort: 1
08-16 14:50:45.502 I/MSTAR_ADEC_API( 1758): ADEC ID 2 HandleId 0xab7ed6c8 Close audio utopia handle !!
08-16 14:50:45.503 I/ACodec  ( 3007): onShutdown ReleaseRM
08-16 14:50:45.504 I/RMAllocator( 1750): ~ClientInfo this=1656324528,mRMClient=1656324032. id=82
08-16 14:50:45.504 W/RMAllocator( 1750): returnAllResourcesFor: not registered, nothing to do
08-16 14:50:45.509 I/DeviceConfigUtil( 3007): DemeterFHD    maserati
08-16 14:50:45.509 I/SpoPlayer( 3007): [37] disconnect done
08-16 14:50:45.509 I/BasePlayControllerImpl( 3007): onSurfaceHolderStateChange type = 2
08-16 14:50:45.509 I/AdTipViewControl( 3007): onSurfaceEventReceived eventType = 2
08-16 14:50:45.512 I/SystemUtil( 3007): isSupportDisplayBySys: sSupportDisplayBySys = 1
08-16 14:50:45.512 I/PlayerUtil( 3007): setSystemScreenProp isFragmentStart = false isSupportDisplayBySys = true
08-16 14:50:45.513 I/SystemUtil( 3007): setVideoSizeProperty value = 0
08-16 14:50:45.513 I/PreviewPlayerManager( 3007): stop all preview player
08-16 14:50:45.513 I/ProgramUpdateMonitorForLunBoLive( 3007): reset
08-16 14:50:45.513 I/PlayerBlockHelper( 3007): reset
08-16 14:50:45.513 I/ChannelIconControl( 3007): onStop
08-16 14:50:45.513 I/ChannelInfoViewControl( 3007): cancelDelayClose
08-16 14:50:45.513 I/ChannelInfoViewControl( 3007): onVisibilityChanged: visibility = 8 channelInfo =  channelId = 2282 channelName = æ¬¢ä¹é¢‚ numberKeys = 33 type = 3 playType = 0 spuNo = null isCurNull = false
08-16 14:50:45.514 I/ChannelInfoViewPresenter( 3007): setSubTitleSelect: select = false
08-16 14:50:45.514 I/ChannelInfoViewControl( 3007): hideChannelInfoAdView
08-16 14:50:45.514 I/HourViewControl( 3007): hideView
08-16 14:50:45.514 E/ViewManagerImpl( 3007): dismissView b for com.letv.android.letvlive.hour.c@69967de isDuringOneViewShown:false
08-16 14:50:45.514 I/ChannelInfoViewControl( 3007): hideChannelInfoAdView
08-16 14:50:45.514 E/ViewManagerImpl( 3007): dismissView d for com.letv.android.letvlive.ChannelInfoView.a@1c7e987 isDuringOneViewShown:false
08-16 14:50:45.515 I/ChannelInfoViewControl( 3007): onVisibilityChanged: visibility = 8 channelInfo =  channelId = 2282 channelName = æ¬¢ä¹é¢‚ numberKeys = 33 type = 3 playType = 0 spuNo = null isCurNull = false
08-16 14:50:45.515 I/ChannelInfoViewPresenter( 3007): setSubTitleSelect: select = false
08-16 14:50:45.515 I/ChannelInfoViewControl( 3007): hideChannelInfoAdView
08-16 14:50:45.515 I/HourViewControl( 3007): hideView
08-16 14:50:45.515 E/ViewManagerImpl( 3007): dismissView b for com.letv.android.letvlive.hour.c@69967de isDuringOneViewShown:false
08-16 14:50:45.515 I/ChannelInfoViewControl( 3007): hideChannelInfoAdView
08-16 14:50:45.515 I/ChannelInfoViewControl( 3007): channelInfoView set GONE
08-16 14:50:45.515 I/Feature_Pay_Channel_PayCashierControl( 3007): dismiss
08-16 14:50:45.515 E/ViewManagerImpl( 3007): dismissView i for com.letv.android.letvlive.paylive.view.h@1448f13 isDuringOneViewShown:false
08-16 14:50:45.515 I/GuideViewsControl( 3007): View loop runnable stop
08-16 14:50:45.515 I/Feature_Pay_Channel_PayTipControl( 3007): hideView
08-16 14:50:45.515 I/Feature_Pay_Channel_PayTipControl( 3007): hidePayTip , isTemperary = false
08-16 14:50:45.515 E/ViewManagerImpl( 3007): dismissView f for com.letv.android.letvlive.paylive.view.n@cbb0a48 isDuringOneViewShown:false
08-16 14:50:45.515 E/ViewManagerImpl( 3007): dismissView c for com.letv.android.letvlive.paylive.view.j@47580e1 isDuringOneViewShown:false
08-16 14:50:45.515 I/Feature_Seek_PlayActionManager( 3007): clear
08-16 14:50:45.516 I/SubPlayerControl( 3007): isSubPlayerShowing: false
08-16 14:50:45.516 I/SubPlayerControl( 3007): onStop the sub Play set mNeedResume false:
08-16 14:50:45.516 I/MultiProgramsControlVerticalGridView( 3007): Life circle --------------- onStop, currentMainChannel=[channelId=2282, channelName=æ¬¢ä¹é¢‚]
08-16 14:50:45.516 I/BigNavigationControl( 3007): onStop: 
08-16 14:50:45.516 I/BigMenuPresentersManager( 3007): updateContentData: mContentPresenter == presenter true  mContentItem == contentItem true mContentShowed = true
08-16 14:50:45.516 I/RateTipController( 3007): cancelShowOrDismiss isShowing()false
08-16 14:50:45.516 I/AdTipViewControl( 3007): onFragmentStop
08-16 14:50:45.516 I/MiddleAdPlayManager( 3007): resetAd
08-16 14:50:45.516 I/MiddleAdPlayManager( 3007): cancelDelayAdEndRunnable
08-16 14:50:45.516 I/MiddleAdPlayManager( 3007): isAdPlaying mIsPlayAd = false
08-16 14:50:45.516 I/MiddleAdFetchAndPostPresenter( 3007): clearAllData
08-16 14:50:45.516 I/MiddleAdHandlePresenter( 3007): clearEventData
08-16 14:50:45.516 I/AdTipViewControl( 3007): resetAdData
08-16 14:50:45.516 I/PlaylistController( 3007): onFragmentStop
08-16 14:50:45.516 I/PlayReportManager( 3007): isBigScreenPlay isBigScreenPlay = true
08-16 14:50:45.516 I/PreAdPresenter( 3007): isAdPlaying isPlaying = false
08-16 14:50:45.516 I/PlayReportManager( 3007): shouldNotReport : isNotNeedReport = false
08-16 14:50:45.516 I/PlayReportManager( 3007): isBigScreenPlay isBigScreenPlay = true
08-16 14:50:45.516 I/PreAdPresenter( 3007): isAdPlaying isPlaying = false
08-16 14:50:45.516 I/PlayReportManager( 3007): shouldNotReport : isNotNeedReport = false
08-16 14:50:45.516 I/PlayReportManager( 3007): reportActionEnd record.getLastReportAction = END
08-16 14:50:45.516 I/PlayReportManager( 3007): reportActionEnd return
08-16 14:50:45.516 I/SlotAdStockReportController( 3007): onFragmentStop
08-16 14:50:45.516 I/SlotAdStockReportController( 3007): clearMessage
08-16 14:50:45.517 I/PurchaseAdManager( 3007): handleForceEnd mIsShow = false
08-16 14:50:45.517 I/PurchaseAdUtil( 3007): isSupportOneKeyPurchase version = 2070
08-16 14:50:45.517 I/HourViewControl( 3007): stop
08-16 14:50:45.519 W/VIDEO   ( 1803): Enter LockMuteStatus
08-16 14:50:45.519 W/VIDEO   ( 1803): bEnable: 0, getMuteFlag(engine, eWin): 0, 
08-16 14:50:45.519 W/VIDEO   ( 1803): WaitFrameWrite2XC will modify from 50 to 0
08-16 14:50:45.519 W/VIDEO   ( 1803): [36m Mute Engine is 0, engine is 0 [m
08-16 14:50:45.519 W/VIDEO   ( 1803): bEnable: 0, getMuteFlag(engine, eWin): 0, 
08-16 14:50:45.519 W/VIDEO   ( 1803): [Unmute By API]MuteEngine: 0,  u16WaitToDoTime :0 , tid: 3559 
08-16 14:50:45.519 W/VIDEO   ( 1803): u16PQDelayTime=140   win=main [_WaitVideoStable][1836]
08-16 14:50:45.519 I/tvos    ( 1764): TvManagerService::Client::setVideoMute  eSrcType = 34,bScreenMute= 0,enColor =0,screenUnMuteTime =0
08-16 14:50:45.519 I/tvos    ( 1764): TvManagerService::Client::setVideoMute  eSrcType = 34,bScreenMute= 0,engine =0
08-16 14:50:45.519 I/tvos    ( 1764): Enter LockMuteStatus =======>
08-16 14:50:45.519 I/tvos    ( 1764): =============
08-16 14:50:45.519 I/tvos    ( 1764):  dirk=MDrv_PQ_GetDelayTime _u8PQDelayCount=2 u8FrameNum=4 2230
08-16 14:50:45.519 I/tvos    ( 1764):  dirk=MDrv_PQ_GetDelayTime MApi_XC_GetWRBankMappingNum=1 2232
08-16 14:50:45.519 I/tvos    ( 1764):  dirk=MDrv_PQ_GetDelayTime u8PQDelayCountNum=3 2247
08-16 14:50:45.519 I/tvos    ( 1764):  dirk=MDrv_PQ_GetDelayTime u8PQDelayCountNum=3 2249
08-16 14:50:45.519 I/tvos    ( 1764):  dirk=MDrv_PQ_GetDelayTime u8PQDelayCountNum=3 QM_GetInputVFreq(eWindow)=500 2254
08-16 14:50:45.520 I/tvos    ( 1764):  dirk=MDrv_PQ_GetDelayTime _u16PQDelyaTime=140 2282
08-16 14:50:45.520 I/PlayerMainFragment( 3007): PlayMainFragment onFragmentStop
08-16 14:50:45.520 I/WaterMarkControl2( 3007): update observable com.letv.android.letvlive.aj.e@566a219
08-16 14:50:45.520 I/WaterMarkControl2( 3007): current channel id 2282 type is 3 before channelId is 2282channelType 3 playType 0
08-16 14:50:45.521 I/WaterMarkControl2( 3007): dismissWaterMarkView
08-16 14:50:45.521 I/WaterMarkControl2( 3007): IWaterMarkViewController dismiss
08-16 14:50:45.521 I/WaterMarkControl2( 3007): clear all data
08-16 14:50:45.521 I/WaterMarkControl2( 3007): channelId 2282 state 4
08-16 14:50:45.521 I/PlayerMainFragment( 3007): recommend stop
08-16 14:50:45.521 I/PlayerMainFragment( 3007): recommend cancel
08-16 14:50:45.521 I/AnalysisLog( 3007): Plugin:onFragmentSelectedPre_hide:com.letv.android.tv.letvlive----end:time='513111988'
08-16 14:50:45.526 I/Launcher( 3007): [com.stv.launcher] LauncherAdapterPresenter -- AdapterPosition : 1-- TabItem Position :2
08-16 14:50:45.540 I/SoundPool( 3007): enter : func play
08-16 14:50:45.541 I/APM::AudioPolicyEngine( 1758): getDeviceForStrategy, 350
08-16 14:50:45.543 E/LETV_DEVICE( 1780): no name sn for Mstar
08-16 14:50:45.544 I/audio_hw_primary( 1758): version:a00004 adev_create_audio_patch::mix->device 
08-16 14:50:45.544 I/audio_hw_primary( 1758): adev_create_audio_patch *handle=-1420227928 num_audio_patch=3
08-16 14:50:45.562 E/ActivityThread( 2837): Failed to find provider info for com.letv.agnes.InfoProvider
08-16 14:50:45.563 E/ActivityThread( 2837): Failed to find provider info for com.letv.agnes.InfoProvider
08-16 14:50:45.564 W/System.err( 2837): java.lang.IllegalArgumentException: Unknown URL content://com.letv.agnes.InfoProvider
08-16 14:50:45.564 W/System.err( 2837): 	at android.content.ContentResolver.insert(ContentResolver.java:1227)
08-16 14:50:45.564 W/System.err( 2837): 	at com.letv.tracker2.agnes.Configuration.addDebugInfo(Configuration.java:289)
08-16 14:50:45.564 W/System.err( 2837): 	at com.letv.tracker2.agnes.MessageProcessor$SendEnvMsgTr$1.handleMessage(MessageProcessor.java:661)
08-16 14:50:45.564 W/System.err( 2837): 	at android.os.Handler.dispatchMessage(Handler.java:102)
08-16 14:50:45.564 W/System.err( 2837): 	at android.os.Looper.loop(Looper.java:148)
08-16 14:50:45.564 W/System.err( 2837): 	at com.letv.tracker2.agnes.MessageProcessor$SendEnvMsgTr.run(MessageProcessor.java:665)
08-16 14:50:45.568 I/[T1.0.6.3]EuiAgnes_Server( 2837): resCode:1
08-16 14:50:45.568 I/[T1.0.6.3]EuiAgnes_Server( 2837): b[0]:0
08-16 14:50:45.599 I/tvos    ( 1764): GetAudioOutputDevice, retval : 0
08-16 14:50:45.652 I/LetvManager-LogReport( 1780): [send_msg] line: 490 report url = http://log.hdtv.cp21.ott.cibntv.net:80/api/log/tvAction
08-16 14:50:45.680 W/VIDEO   ( 1803): BACKEND engine is 0
08-16 14:50:45.680 W/VIDEO   ( 1803): BACKEND engine video only is 0
08-16 14:50:45.680 W/VIDEO   ( 1803): SOC engine is 0
08-16 14:50:45.680 W/VIDEO   ( 1803): XC engine (MAIN) is 0
08-16 14:50:45.680 W/VIDEO   ( 1803): XC engine (SUB) is 1
08-16 14:50:45.680 W/VIDEO   ( 1803): Lock Mute Status => 
08-16 14:50:45.680 W/VIDEO   ( 1803): Lock Status: APP:LOCK, RESERVE_1:UNLOCK, RESERVE_2:UNLOCK, RESERVE_3:UNLOCK
08-16 14:50:45.680 W/VIDEO   ( 1803): enScalerWinType: MAIN, isLock: 1
08-16 14:50:45.680 W/VIDEO   ( 1803): Lock Status: APP:UNLOCK, RESERVE_1:UNLOCK, RESERVE_2:UNLOCK, RESERVE_3:UNLOCK
08-16 14:50:45.680 W/VIDEO   ( 1803): enScalerWinType: SUB, isLock: 0
08-16 14:50:45.680 W/VIDEO   ( 1803): ==== Decrease After ====
08-16 14:50:45.680 W/VIDEO   ( 1803): BACKEND engine is 0
