08-16 14:50:49.052 W/System.err( 2837): 	at com.letv.tracker2.agnes.Configuration.addDebugInfo(Configuration.java:289)
08-16 14:50:49.052 W/System.err( 2837): 	at com.letv.tracker2.agnes.MessageProcessor$SendEnvMsgTr$1.handleMessage(MessageProcessor.java:661)
08-16 14:50:49.052 W/System.err( 2837): 	at android.os.Handler.dispatchMessage(Handler.java:102)
08-16 14:50:49.052 W/System.err( 2837): 	at android.os.Looper.loop(Looper.java:148)
08-16 14:50:49.052 W/System.err( 2837): 	at com.letv.tracker2.agnes.MessageProcessor$SendEnvMsgTr.run(MessageProcessor.java:665)
08-16 14:50:49.057 I/[T1.0.6.3]EuiAgnes_Server( 2837): resCode:1
08-16 14:50:49.057 I/[T1.0.6.3]EuiAgnes_Server( 2837): b[0]:0
08-16 14:50:49.117 I/tvos    ( 1764): GetAudioOutputDevice, retval : 0
08-16 14:50:49.199 E/ActivityThread( 2837): Failed to find provider info for com.letv.agnes.InfoProvider
08-16 14:50:49.201 E/ActivityThread( 2837): Failed to find provider info for com.letv.agnes.InfoProvider
08-16 14:50:49.202 W/System.err( 2837): java.lang.IllegalArgumentException: Unknown URL content://com.letv.agnes.InfoProvider
08-16 14:50:49.202 W/System.err( 2837): 	at android.content.ContentResolver.insert(ContentResolver.java:1227)
08-16 14:50:49.202 W/System.err( 2837): 	at com.letv.tracker2.agnes.Configuration.addDebugInfo(Configuration.java:289)
08-16 14:50:49.202 W/System.err( 2837): 	at com.letv.tracker2.agnes.MessageProcessor$SendEnvMsgTr$1.handleMessage(MessageProcessor.java:661)
08-16 14:50:49.202 W/System.err( 2837): 	at android.os.Handler.dispatchMessage(Handler.java:102)
08-16 14:50:49.202 W/System.err( 2837): 	at android.os.Looper.loop(Looper.java:148)
08-16 14:50:49.202 W/System.err( 2837): 	at com.letv.tracker2.agnes.MessageProcessor$SendEnvMsgTr.run(MessageProcessor.java:665)
08-16 14:50:49.213 I/[T1.0.6.3]EuiAgnes_Server( 2837): resCode:1
08-16 14:50:49.213 I/[T1.0.6.3]EuiAgnes_Server( 2837): b[0]:0
08-16 14:50:49.353 E/ActivityThread( 2837): Failed to find provider info for com.letv.agnes.InfoProvider
08-16 14:50:49.355 E/ActivityThread( 2837): Failed to find provider info for com.letv.agnes.InfoProvider
08-16 14:50:49.355 W/System.err( 2837): java.lang.IllegalArgumentException: Unknown URL content://com.letv.agnes.InfoProvider
08-16 14:50:49.355 W/System.err( 2837): 	at android.content.ContentResolver.insert(ContentResolver.java:1227)
08-16 14:50:49.355 W/System.err( 2837): 	at com.letv.tracker2.agnes.Configuration.addDebugInfo(Configuration.java:289)
08-16 14:50:49.355 W/System.err( 2837): 	at com.letv.tracker2.agnes.MessageProcessor$SendEnvMsgTr$1.handleMessage(MessageProcessor.java:661)
08-16 14:50:49.355 W/System.err( 2837): 	at android.os.Handler.dispatchMessage(Handler.java:102)
08-16 14:50:49.355 W/System.err( 2837): 	at android.os.Looper.loop(Looper.java:148)
08-16 14:50:49.355 W/System.err( 2837): 	at com.letv.tracker2.agnes.MessageProcessor$SendEnvMsgTr.run(MessageProcessor.java:665)
08-16 14:50:49.361 I/[T1.0.6.3]EuiAgnes_Server( 2837): resCode:1
08-16 14:50:49.362 I/[T1.0.6.3]EuiAgnes_Server( 2837): b[0]:0
08-16 14:50:49.368 I/tvos    ( 1764): GetAudioOutputDevice, retval : 0
08-16 14:50:49.506 E/ActivityThread( 2837): Failed to find provider info for com.letv.agnes.InfoProvider
08-16 14:50:49.508 E/ActivityThread( 2837): Failed to find provider info for com.letv.agnes.InfoProvider
08-16 14:50:49.508 W/System.err( 2837): java.lang.IllegalArgumentException: Unknown URL content://com.letv.agnes.InfoProvider
08-16 14:50:49.508 W/System.err( 2837): 	at android.content.ContentResolver.insert(ContentResolver.java:1227)
08-16 14:50:49.508 W/System.err( 2837): 	at com.letv.tracker2.agnes.Configuration.addDebugInfo(Configuration.java:289)
08-16 14:50:49.508 W/System.err( 2837): 	at com.letv.tracker2.agnes.MessageProcessor$SendEnvMsgTr$1.handleMessage(MessageProcessor.java:661)
08-16 14:50:49.508 W/System.err( 2837): 	at android.os.Handler.dispatchMessage(Handler.java:102)
08-16 14:50:49.508 W/System.err( 2837): 	at android.os.Looper.loop(Looper.java:148)
08-16 14:50:49.508 W/System.err( 2837): 	at com.letv.tracker2.agnes.MessageProcessor$SendEnvMsgTr.run(MessageProcessor.java:665)
08-16 14:50:49.514 I/[T1.0.6.3]EuiAgnes_Server( 2837): resCode:1
08-16 14:50:49.514 I/[T1.0.6.3]EuiAgnes_Server( 2837): b[0]:0
08-16 14:50:49.618 I/tvos    ( 1764): GetAudioOutputDevice, retval : 0
08-16 14:50:49.655 E/ActivityThread( 2837): Failed to find provider info for com.letv.agnes.InfoProvider
08-16 14:50:49.659 E/ActivityThread( 2837): Failed to find provider info for com.letv.agnes.InfoProvider
08-16 14:50:49.659 W/System.err( 2837): java.lang.IllegalArgumentException: Unknown URL content://com.letv.agnes.InfoProvider
08-16 14:50:49.660 W/System.err( 2837): 	at android.content.ContentResolver.insert(ContentResolver.java:1227)
08-16 14:50:49.660 W/System.err( 2837): 	at com.letv.tracker2.agnes.Configuration.addDebugInfo(Configuration.java:289)
08-16 14:50:49.661 W/System.err( 2837): 	at com.letv.tracker2.agnes.MessageProcessor$SendEnvMsgTr$1.handleMessage(MessageProcessor.java:661)
08-16 14:50:49.661 W/System.err( 2837): 	at android.os.Handler.dispatchMessage(Handler.java:102)
08-16 14:50:49.661 W/System.err( 2837): 	at android.os.Looper.loop(Looper.java:148)
08-16 14:50:49.661 W/System.err( 2837): 	at com.letv.tracker2.agnes.MessageProcessor$SendEnvMsgTr.run(MessageProcessor.java:665)
08-16 14:50:49.664 I/[T1.0.6.3]EuiAgnes_Server( 2837): resCode:1
08-16 14:50:49.664 I/[T1.0.6.3]EuiAgnes_Server( 2837): b[0]:0
08-16 14:50:49.751 E/LetvRemoteupgradeManager-JNI( 2613): can't get LetvManager service!
08-16 14:50:49.796 I/reService( 2207): onReportKeyEvent  type=type0 keycode=21*23*23*23*21*23*23*23*3*3*22*22 
08-16 14:50:49.798 E/LETV_DEVICE( 1780): no name sn for Mstar
08-16 14:50:49.807 E/ActivityThread( 2837): Failed to find provider info for com.letv.agnes.InfoProvider
08-16 14:50:49.809 E/ActivityThread( 2837): Failed to find provider info for com.letv.agnes.InfoProvider
08-16 14:50:49.810 W/System.err( 2837): java.lang.IllegalArgumentException: Unknown URL content://com.letv.agnes.InfoProvider
08-16 14:50:49.810 W/System.err( 2837): 	at android.content.ContentResolver.insert(ContentResolver.java:1227)
08-16 14:50:49.810 W/System.err( 2837): 	at com.letv.tracker2.agnes.Configuration.addDebugInfo(Configuration.java:289)
08-16 14:50:49.810 W/System.err( 2837): 	at com.letv.tracker2.agnes.MessageProcessor$SendEnvMsgTr$1.handleMessage(MessageProcessor.java:661)
08-16 14:50:49.810 W/System.err( 2837): 	at android.os.Handler.dispatchMessage(Handler.java:102)
08-16 14:50:49.810 W/System.err( 2837): 	at android.os.Looper.loop(Looper.java:148)
08-16 14:50:49.810 W/System.err( 2837): 	at com.letv.tracker2.agnes.MessageProcessor$SendEnvMsgTr.run(MessageProcessor.java:665)
08-16 14:50:49.817 I/[T1.0.6.3]EuiAgnes_Server( 2837): resCode:1
08-16 14:50:49.817 I/[T1.0.6.3]EuiAgnes_Server( 2837): b[0]:0
08-16 14:50:49.869 I/tvos    ( 1764): GetAudioOutputDevice, retval : 0
08-16 14:50:49.960 E/ActivityThread( 2837): Failed to find provider info for com.letv.agnes.InfoProvider
08-16 14:50:49.964 E/ActivityThread( 2837): Failed to find provider info for com.letv.agnes.InfoProvider
08-16 14:50:49.966 W/System.err( 2837): java.lang.IllegalArgumentException: Unknown URL content://com.letv.agnes.InfoProvider
08-16 14:50:49.967 W/System.err( 2837): 	at android.content.ContentResolver.insert(ContentResolver.java:1227)
08-16 14:50:49.967 W/System.err( 2837): 	at com.letv.tracker2.agnes.Configuration.addDebugInfo(Configuration.java:289)
08-16 14:50:49.967 W/System.err( 2837): 	at com.letv.tracker2.agnes.MessageProcessor$SendEnvMsgTr$1.handleMessage(MessageProcessor.java:661)
08-16 14:50:49.967 W/System.err( 2837): 	at android.os.Handler.dispatchMessage(Handler.java:102)
08-16 14:50:49.967 W/System.err( 2837): 	at android.os.Looper.loop(Looper.java:148)
08-16 14:50:49.967 W/System.err( 2837): 	at com.letv.tracker2.agnes.MessageProcessor$SendEnvMsgTr.run(MessageProcessor.java:665)
08-16 14:50:49.969 I/[T1.0.6.3]EuiAgnes_Server( 2837): resCode:1
08-16 14:50:49.969 I/[T1.0.6.3]EuiAgnes_Server( 2837): b[0]:0
08-16 14:50:50.111 E/ActivityThread( 2837): Failed to find provider info for com.letv.agnes.InfoProvider
08-16 14:50:50.114 E/ActivityThread( 2837): Failed to find provider info for com.letv.agnes.InfoProvider
08-16 14:50:50.114 W/System.err( 2837): java.lang.IllegalArgumentException: Unknown URL content://com.letv.agnes.InfoProvider
08-16 14:50:50.114 W/System.err( 2837): 	at android.content.ContentResolver.insert(ContentResolver.java:1227)
08-16 14:50:50.114 W/System.err( 2837): 	at com.letv.tracker2.agnes.Configuration.addDebugInfo(Configuration.java:289)
08-16 14:50:50.114 W/System.err( 2837): 	at com.letv.tracker2.agnes.MessageProcessor$SendEnvMsgTr$1.handleMessage(MessageProcessor.java:661)
08-16 14:50:50.114 W/System.err( 2837): 	at android.os.Handler.dispatchMessage(Handler.java:102)
08-16 14:50:50.114 W/System.err( 2837): 	at android.os.Looper.loop(Looper.java:148)
08-16 14:50:50.114 W/System.err( 2837): 	at com.letv.tracker2.agnes.MessageProcessor$SendEnvMsgTr.run(MessageProcessor.java:665)
08-16 14:50:50.119 I/tvos    ( 1764): GetAudioOutputDevice, retval : 0
08-16 14:50:50.121 I/[T1.0.6.3]EuiAgnes_Server( 2837): resCode:1
08-16 14:50:50.122 I/[T1.0.6.3]EuiAgnes_Server( 2837): b[0]:0
08-16 14:50:50.263 E/ActivityThread( 2837): Failed to find provider info for com.letv.agnes.InfoProvider
08-16 14:50:50.267 E/ActivityThread( 2837): Failed to find provider info for com.letv.agnes.InfoProvider
08-16 14:50:50.267 W/System.err( 2837): java.lang.IllegalArgumentException: Unknown URL content://com.letv.agnes.InfoProvider
08-16 14:50:50.267 W/System.err( 2837): 	at android.content.ContentResolver.insert(ContentResolver.java:1227)
08-16 14:50:50.267 W/System.err( 2837): 	at com.letv.tracker2.agnes.Configuration.addDebugInfo(Configuration.java:289)
08-16 14:50:50.267 W/System.err( 2837): 	at com.letv.tracker2.agnes.MessageProcessor$SendEnvMsgTr$1.handleMessage(MessageProcessor.java:661)
08-16 14:50:50.267 W/System.err( 2837): 	at android.os.Handler.dispatchMessage(Handler.java:102)
08-16 14:50:50.267 W/System.err( 2837): 	at android.os.Looper.loop(Looper.java:148)
08-16 14:50:50.267 W/System.err( 2837): 	at com.letv.tracker2.agnes.MessageProcessor$SendEnvMsgTr.run(MessageProcessor.java:665)
08-16 14:50:50.272 I/[T1.0.6.3]EuiAgnes_Server( 2837): resCode:1
08-16 14:50:50.272 I/[T1.0.6.3]EuiAgnes_Server( 2837): b[0]:0
08-16 14:50:50.370 I/tvos    ( 1764): GetAudioOutputDevice, retval : 0
08-16 14:50:50.572 I/LetvManager-LogReport( 1780): [send_msg] line: 490 report url = http://log.hdtv.cp21.ott.cibntv.net:80/api/log/tvAction
08-16 14:50:50.620 I/tvos    ( 1764): GetAudioOutputDevice, retval : 0
08-16 14:50:50.871 I/tvos    ( 1764): GetAudioOutputDevice, retval : 0
08-16 14:50:51.014 I/ProgramTipControl( 3007): showRunnable
08-16 14:50:51.014 E/ViewManagerImpl( 3007): Trying to show view b for com.letv.android.letvlive.programTipView.a@90553fa
08-16 14:50:51.014 I/ProgramTipControl( 3007): showView
08-16 14:50:51.014 I/ProgramFloatScheduler( 3007): startProgramFloatShow : title = æ¬¢ä¹é¢‚2 18, type = 3
08-16 14:50:51.014 I/Feature_Seek_PlayActionManager( 3007): mPlayProgramList size 0 mServerProgramList size 0
08-16 14:50:51.014 I/Feature_Seek_PlayActionManager( 3007): next program is  null
08-16 14:50:51.014 I/Feature_Seek_PlayActionManager( 3007): mPlayProgramList size 0 mServerProgramList size 0
08-16 14:50:51.014 I/Feature_Seek_PlayActionManager( 3007): next program is  null
08-16 14:50:51.085 E/LETV_DEVICE( 1780): no name sn for Mstar
08-16 14:50:51.103 E/ActivityThread( 2837): Failed to find provider info for com.letv.agnes.InfoProvider
08-16 14:50:51.107 E/ActivityThread( 2837): Failed to find provider info for com.letv.agnes.InfoProvider
08-16 14:50:51.107 W/System.err( 2837): java.lang.IllegalArgumentException: Unknown URL content://com.letv.agnes.InfoProvider
08-16 14:50:51.107 W/System.err( 2837): 	at android.content.ContentResolver.insert(ContentResolver.java:1227)
08-16 14:50:51.107 W/System.err( 2837): 	at com.letv.tracker2.agnes.Configuration.addDebugInfo(Configuration.java:289)
08-16 14:50:51.107 W/System.err( 2837): 	at com.letv.tracker2.agnes.MessageProcessor$SendEnvMsgTr$1.handleMessage(MessageProcessor.java:661)
08-16 14:50:51.107 W/System.err( 2837): 	at android.os.Handler.dispatchMessage(Handler.java:102)
08-16 14:50:51.107 W/System.err( 2837): 	at android.os.Looper.loop(Looper.java:148)
08-16 14:50:51.107 W/System.err( 2837): 	at com.letv.tracker2.agnes.MessageProcessor$SendEnvMsgTr.run(MessageProcessor.java:665)
08-16 14:50:51.111 I/[T1.0.6.3]EuiAgnes_Server( 2837): resCode:1
08-16 14:50:51.111 I/[T1.0.6.3]EuiAgnes_Server( 2837): b[0]:0
08-16 14:50:51.121 I/tvos    ( 1764): GetAudioOutputDevice, retval : 0
08-16 14:50:51.151 I/tvos    ( 1764): [37m[INFO] Change to Voltage: 1130 mV (0x1F)[m
08-16 14:50:51.151 I/tvos    ( 1764): [37m[INFO] Change to Voltage: 1130 mV (0x22)[m
08-16 14:50:51.151 I/tvos    ( 1764): [37m[INFO] Change to Voltage: 1130 mV (0x25)[m
08-16 14:50:51.152 I/tvos    ( 1764): [37m[INFO] Change to Voltage: 1130 mV (0x28)[m
08-16 14:50:51.153 I/tvos    ( 1764): [37m[INFO] Change to Voltage: 1130 mV (0x2B)[m
08-16 14:50:51.153 I/tvos    ( 1764): [37m[INFO] Change to Voltage: 1130 mV (0x2C)[m
08-16 14:50:51.175 I/LetvManager-LogReport( 1780): [send_msg] line: 490 report url = http://log.hdtv.cp21.ott.cibntv.net:80/api/log/tvAction
08-16 14:50:51.254 I/tvos    ( 1764): [37m[INFO] Change to Voltage: 1000 mV (0x2C)[m
08-16 14:50:51.254 I/tvos    ( 1764): [37m[INFO] Change to Voltage: 1000 mV (0x29)[m
08-16 14:50:51.254 I/tvos    ( 1764): [37m[INFO] Change to Voltage: 1000 mV (0x26)[m
08-16 14:50:51.254 I/tvos    ( 1764): [37m[INFO] Change to Voltage: 1000 mV (0x23)[m
08-16 14:50:51.254 I/tvos    ( 1764): [37m[INFO] Change to Voltage: 1000 mV (0x20)[m
08-16 14:50:51.254 I/tvos    ( 1764): [37m[INFO] Change to Voltage: 1000 mV (0x1F)[m
08-16 14:50:51.372 I/tvos    ( 1764): GetAudioOutputDevice, retval : 0
08-16 14:50:51.386 I/LetvManager-LogReport( 1780): [send_msg] line: 490 report url = http://log.hdtv.cp21.ott.cibntv.net:80/api/log/tvAction
08-16 14:50:51.622 I/tvos    ( 1764): GetAudioOutputDevice, retval : 0
08-16 14:50:51.873 I/tvos    ( 1764): GetAudioOutputDevice, retval : 0
08-16 14:50:51.904 W/ResourceType( 3007): No package identifier when getting value for resource number 0x00000000
08-16 14:50:51.904 I/ControllableEcoImageView( 3007): [com.stv.plugin.video][2.0.3.005] : setCommonPlaceHolderImage()-resource not find-resId=0
08-16 14:50:52.123 I/tvos    ( 1764): GetAudioOutputDevice, retval : 0
08-16 14:50:52.374 I/tvos    ( 1764): GetAudioOutputDevice, retval : 0
08-16 14:50:52.552 I/tvos    ( 1764): [37m[INFO] Change to Voltage: 1130 mV (0x1F)[m
08-16 14:50:52.552 I/tvos    ( 1764): [37m[INFO] Change to Voltage: 1130 mV (0x22)[m
08-16 14:50:52.552 I/tvos    ( 1764): [37m[INFO] Change to Voltage: 1130 mV (0x25)[m
08-16 14:50:52.552 I/tvos    ( 1764): [37m[INFO] Change to Voltage: 1130 mV (0x28)[m
08-16 14:50:52.567 I/tvos    ( 1764): [37m[INFO] Change to Voltage: 1130 mV (0x2B)[m
08-16 14:50:52.567 I/tvos    ( 1764): [37m[INFO] Change to Voltage: 1130 mV (0x2C)[m
08-16 14:50:52.624 I/tvos    ( 1764): GetAudioOutputDevice, retval : 0
08-16 14:50:52.652 I/tvos    ( 1764): [37m[INFO] Change to Voltage: 1000 mV (0x2C)[m
08-16 14:50:52.652 I/tvos    ( 1764): [37m[INFO] Change to Voltage: 1000 mV (0x29)[m
08-16 14:50:52.652 I/tvos    ( 1764): [37m[INFO] Change to Voltage: 1000 mV (0x26)[m
08-16 14:50:52.652 I/tvos    ( 1764): [37m[INFO] Change to Voltage: 1000 mV (0x23)[m
08-16 14:50:52.652 I/tvos    ( 1764): [37m[INFO] Change to Voltage: 1000 mV (0x20)[m
08-16 14:50:52.654 I/tvos    ( 1764): [37m[INFO] Change to Voltage: 1000 mV (0x1F)[m
08-16 14:50:52.752 E/LetvRemoteupgradeManager-JNI( 2613): can't get LetvManager service!
08-16 14:50:52.875 I/tvos    ( 1764): GetAudioOutputDevice, retval : 0
08-16 14:50:53.125 I/tvos    ( 1764): GetAudioOutputDevice, retval : 0
08-16 14:50:53.376 I/tvos    ( 1764): GetAudioOutputDevice, retval : 0
08-16 14:50:53.626 I/tvos    ( 1764): GetAudioOutputDevice, retval : 0
08-16 14:50:53.877 I/tvos    ( 1764): GetAudioOutputDevice, retval : 0
08-16 14:50:53.906 I/DataReporter( 3007): [com.stv.plugin.video][2.0.3.005] : {app_version=2.0.3, pos=1_1, datatype=2, src=2, letv_uid=1754045746, sub_src=tencent, cid=1, albumId=10025989, content=å¯‚é™ä¹‹åœ°, ischarge=1, type=1}
08-16 14:50:53.908 E/LETV_DEVICE( 1780): no name sn for Mstar
08-16 14:50:53.911 E/ActivityThread( 2837): Failed to find provider info for com.letv.agnes.InfoProvider
08-16 14:50:53.913 E/ActivityThread( 2837): Failed to find provider info for com.letv.agnes.InfoProvider
08-16 14:50:53.913 W/System.err( 2837): java.lang.IllegalArgumentException: Unknown URL content://com.letv.agnes.InfoProvider
08-16 14:50:53.913 W/System.err( 2837): 	at android.content.ContentResolver.insert(ContentResolver.java:1227)
08-16 14:50:53.913 W/System.err( 2837): 	at com.letv.tracker2.agnes.Configuration.addDebugInfo(Configuration.java:289)
08-16 14:50:53.913 W/System.err( 2837): 	at com.letv.tracker2.agnes.MessageProcessor$SendEnvMsgTr$1.handleMessage(MessageProcessor.java:661)
08-16 14:50:53.913 W/System.err( 2837): 	at android.os.Handler.dispatchMessage(Handler.java:102)
08-16 14:50:53.913 W/System.err( 2837): 	at android.os.Looper.loop(Looper.java:148)
08-16 14:50:53.913 W/System.err( 2837): 	at com.letv.tracker2.agnes.MessageProcessor$SendEnvMsgTr.run(MessageProcessor.java:665)
08-16 14:50:53.922 I/[T1.0.6.3]EuiAgnes_Server( 2837): resCode:1
08-16 14:50:53.922 I/[T1.0.6.3]EuiAgnes_Server( 2837): b[0]:0
08-16 14:50:54.127 I/tvos    ( 1764): GetAudioOutputDevice, retval : 0
08-16 14:50:54.378 I/tvos    ( 1764): GetAudioOutputDevice, retval : 0
08-16 14:50:54.628 I/tvos    ( 1764): GetAudioOutputDevice, retval : 0
08-16 14:50:54.879 I/tvos    ( 1764): GetAudioOutputDevice, retval : 0
08-16 14:50:54.956 I/tvos    ( 1764): [37m[INFO] Change to Voltage: 1130 mV (0x1F)[m
08-16 14:50:54.957 I/tvos    ( 1764): [37m[INFO] Change to Voltage: 1130 mV (0x22)[m
08-16 14:50:54.957 I/tvos    ( 1764): [37m[INFO] Change to Voltage: 1130 mV (0x25)[m
08-16 14:50:54.959 I/tvos    ( 1764): [37m[INFO] Change to Voltage: 1130 mV (0x28)[m
08-16 14:50:54.959 I/tvos    ( 1764): [37m[INFO] Change to Voltage: 1130 mV (0x2B)[m
08-16 14:50:54.960 I/tvos    ( 1764): [37m[INFO] Change to Voltage: 1130 mV (0x2C)[m
08-16 14:50:55.052 I/tvos    ( 1764): [37m[INFO] Change to Voltage: 1000 mV (0x2C)[m
08-16 14:50:55.052 I/tvos    ( 1764): [37m[INFO] Change to Voltage: 1000 mV (0x29)[m
08-16 14:50:55.052 I/tvos    ( 1764): [37m[INFO] Change to Voltage: 1000 mV (0x26)[m
08-16 14:50:55.052 I/tvos    ( 1764): [37m[INFO] Change to Voltage: 1000 mV (0x23)[m
08-16 14:50:55.053 I/tvos    ( 1764): [37m[INFO] Change to Voltage: 1000 mV (0x20)[m
08-16 14:50:55.053 I/tvos    ( 1764): [37m[INFO] Change to Voltage: 1000 mV (0x1F)[m
08-16 14:50:55.129 I/tvos    ( 1764): GetAudioOutputDevice, retval : 0
08-16 14:50:55.380 I/tvos    ( 1764): GetAudioOutputDevice, retval : 0
08-16 14:50:55.630 I/tvos    ( 1764): GetAudioOutputDevice, retval : 0
08-16 14:50:55.752 E/LetvRemoteupgradeManager-JNI( 2613): can't get LetvManager service!
08-16 14:50:55.881 I/tvos    ( 1764): GetAudioOutputDevice, retval : 0
08-16 14:50:56.131 I/tvos    ( 1764): GetAudioOutputDevice, retval : 0
08-16 14:50:56.152 I/tvos    ( 1764): [37m[INFO] Change to Voltage: 1130 mV (0x1F)[m
08-16 14:50:56.152 I/tvos    ( 1764): [37m[INFO] Change to Voltage: 1130 mV (0x22)[m
08-16 14:50:56.152 I/tvos    ( 1764): [37m[INFO] Change to Voltage: 1130 mV (0x25)[m
08-16 14:50:56.152 I/tvos    ( 1764): [37m[INFO] Change to Voltage: 1130 mV (0x28)[m
08-16 14:50:56.152 I/tvos    ( 1764): [37m[INFO] Change to Voltage: 1130 mV (0x2B)[m
08-16 14:50:56.153 I/tvos    ( 1764): [37m[INFO] Change to Voltage: 1130 mV (0x2C)[m
08-16 14:50:56.253 I/tvos    ( 1764): [37m[INFO] Change to Voltage: 1000 mV (0x2C)[m
08-16 14:50:56.253 I/tvos    ( 1764): [37m[INFO] Change to Voltage: 1000 mV (0x29)[m
08-16 14:50:56.253 I/tvos    ( 1764): [37m[INFO] Change to Voltage: 1000 mV (0x26)[m
08-16 14:50:56.253 I/tvos    ( 1764): [37m[INFO] Change to Voltage: 1000 mV (0x23)[m
08-16 14:50:56.253 I/tvos    ( 1764): [37m[INFO] Change to Voltage: 1000 mV (0x20)[m
08-16 14:50:56.253 I/tvos    ( 1764): [37m[INFO] Change to Voltage: 1000 mV (0x1F)[m
08-16 14:50:56.381 I/tvos    ( 1764): GetAudioOutputDevice, retval : 0
08-16 14:50:56.632 I/tvos    ( 1764): GetAudioOutputDevice, retval : 0
08-16 14:50:56.882 I/tvos    ( 1764): GetAudioOutputDevice, retval : 0
08-16 14:50:56.911 W/ResourceType( 3007): No package identifier when getting value for resource number 0x00000000
08-16 14:50:56.912 I/ControllableEcoImageView( 3007): [com.stv.plugin.video][2.0.3.005] : setCommonPlaceHolderImage()-resource not find-resId=0
08-16 14:50:57.133 I/tvos    ( 1764): GetAudioOutputDevice, retval : 0
08-16 14:50:57.389 I/tvos    ( 1764): GetAudioOutputDevice, retval : 0
08-16 14:50:57.639 I/tvos    ( 1764): GetAudioOutputDevice, retval : 0
08-16 14:50:57.890 I/tvos    ( 1764): GetAudioOutputDevice, retval : 0
08-16 14:50:58.140 I/tvos    ( 1764): GetAudioOutputDevice, retval : 0
08-16 14:50:58.390 I/tvos    ( 1764): GetAudioOutputDevice, retval : 0
08-16 14:50:58.551 I/tvos    ( 1764): [37m[INFO] Change to Voltage: 1130 mV (0x1F)[m
08-16 14:50:58.551 I/tvos    ( 1764): [37m[INFO] Change to Voltage: 1130 mV (0x22)[m
08-16 14:50:58.551 I/tvos    ( 1764): [37m[INFO] Change to Voltage: 1130 mV (0x25)[m
08-16 14:50:58.556 I/tvos    ( 1764): [37m[INFO] Change to Voltage: 1130 mV (0x28)[m
08-16 14:50:58.556 I/tvos    ( 1764): [37m[INFO] Change to Voltage: 1130 mV (0x2B)[m
08-16 14:50:58.556 I/tvos    ( 1764): [37m[INFO] Change to Voltage: 1130 mV (0x2C)[m
08-16 14:50:58.641 I/tvos    ( 1764): GetAudioOutputDevice, retval : 0
08-16 14:50:58.651 I/tvos    ( 1764): [37m[INFO] Change to Voltage: 1000 mV (0x2C)[m
08-16 14:50:58.651 I/tvos    ( 1764): [37m[INFO] Change to Voltage: 1000 mV (0x29)[m
08-16 14:50:58.651 I/tvos    ( 1764): [37m[INFO] Change to Voltage: 1000 mV (0x26)[m
08-16 14:50:58.652 I/tvos    ( 1764): [37m[INFO] Change to Voltage: 1000 mV (0x23)[m
08-16 14:50:58.653 I/tvos    ( 1764): [37m[INFO] Change to Voltage: 1000 mV (0x20)[m
08-16 14:50:58.654 I/tvos    ( 1764): [37m[INFO] Change to Voltage: 1000 mV (0x1F)[m
08-16 14:50:58.748 I/tvos    ( 1764): bq32kDriver:rtc_read_time.
08-16 14:50:58.748 I/tvos    ( 1764): [hq]rtc_read_time: read 0x58 0x50 0xc6 0x05 0x16 0x08 0x18
08-16 14:50:58.748 I/tvos    ( 1764): rtc_read_time: date 58s 50m 6h 16md 7m 118y
08-16 14:50:58.748 I/tvos    ( 1764): rtc read time:2018-8-16 6:50:58.
08-16 14:50:58.748 I/tvos    ( 1764): tm_year = 2018, tm_mon = 8, tm_mday = 16, tm_hour = 6,tm_min= 50,  tm_sec = 58
08-16 14:50:58.748 I/tvos    ( 1764): timeSeconds:1534402258 rtcTimeSeconds:1534402258.
08-16 14:50:58.753 E/LetvRemoteupgradeManager-JNI( 2613): can't get LetvManager service!
08-16 14:50:58.891 I/tvos    ( 1764): GetAudioOutputDevice, retval : 0
08-16 14:50:58.914 I/DataReporter( 3007): [com.stv.plugin.video][2.0.3.005] : {app_version=2.0.3, pos=1_2, datatype=2, src=2, letv_uid=1754045746, sub_src=mgtvott, cid=2, albumId=10025948, content=å¤©ç››é•¿æ­Œ, ischarge=1, type=1}
08-16 14:50:58.916 E/LETV_DEVICE( 1780): no name sn for Mstar
08-16 14:50:58.934 E/ActivityThread( 2837): Failed to find provider info for com.letv.agnes.InfoProvider
08-16 14:50:58.950 E/ActivityThread( 2837): Failed to find provider info for com.letv.agnes.InfoProvider
08-16 14:50:58.950 W/System.err( 2837): java.lang.IllegalArgumentException: Unknown URL content://com.letv.agnes.InfoProvider
08-16 14:50:58.950 W/System.err( 2837): 	at android.content.ContentResolver.insert(ContentResolver.java:1227)
08-16 14:50:58.950 W/System.err( 2837): 	at com.letv.tracker2.agnes.Configuration.addDebugInfo(Configuration.java:289)
08-16 14:50:58.950 W/System.err( 2837): 	at com.letv.tracker2.agnes.MessageProcessor$SendEnvMsgTr$1.handleMessage(MessageProcessor.java:661)
08-16 14:50:58.950 W/System.err( 2837): 	at android.os.Handler.dispatchMessage(Handler.java:102)
08-16 14:50:58.950 W/System.err( 2837): 	at android.os.Looper.loop(Looper.java:148)
08-16 14:50:58.950 W/System.err( 2837): 	at com.letv.tracker2.agnes.MessageProcessor$SendEnvMsgTr.run(MessageProcessor.java:665)
08-16 14:50:58.980 I/[T1.0.6.3]EuiAgnes_Server( 2837): resCode:1
08-16 14:50:58.980 I/[T1.0.6.3]EuiAgnes_Server( 2837): b[0]:0
08-16 14:50:59.142 I/tvos    ( 1764): GetAudioOutputDevice, retval : 0
08-16 14:50:59.392 I/tvos    ( 1764): GetAudioOutputDevice, retval : 0
08-16 14:50:59.661 I/tvos    ( 1764): GetAudioOutputDevice, retval : 0
08-16 14:50:59.661 I/tvos    ( 1764): [37m[INFO] Change to Voltage: 1130 mV (0x1F)[m
08-16 14:50:59.661 I/tvos    ( 1764): [37m[INFO] Change to Voltage: 1130 mV (0x22)[m
08-16 14:50:59.661 I/tvos    ( 1764): [37m[INFO] Change to Voltage: 1130 mV (0x25)[m
08-16 14:50:59.661 I/tvos    ( 1764): [37m[INFO] Change to Voltage: 1130 mV (0x28)[m
08-16 14:50:59.661 I/tvos    ( 1764): [37m[INFO] Change to Voltage: 1130 mV (0x2B)[m
08-16 14:50:59.661 I/tvos    ( 1764): [37m[INFO] Change to Voltage: 1130 mV (0x2C)[m
08-16 14:50:59.752 I/tvos    ( 1764): [37m[INFO] Change to Voltage: 1000 mV (0x2C)[m
08-16 14:50:59.752 I/tvos    ( 1764): [37m[INFO] Change to Voltage: 1000 mV (0x29)[m
08-16 14:50:59.752 I/tvos    ( 1764): [37m[INFO] Change to Voltage: 1000 mV (0x26)[m
08-16 14:50:59.752 I/tvos    ( 1764): [37m[INFO] Change to Voltage: 1000 mV (0x23)[m
08-16 14:50:59.753 I/tvos    ( 1764): [37m[INFO] Change to Voltage: 1000 mV (0x20)[m
08-16 14:50:59.754 I/tvos    ( 1764): [37m[INFO] Change to Voltage: 1000 mV (0x1F)[m
08-16 14:50:59.900 I/tvos    ( 1764): GetAudioOutputDevice, retval : 0
08-16 14:50:59.952 I/LetvTestCase(24495): screenShot: /sdcard/AutoSmoke_UI30/testUnkownApp_20180816_145016/1534402259952.png
08-16 14:50:59.954 I/System.out(24495): The folder /sdcard/AutoSmoke_UI30/testUnkownApp_20180816_145016/ has existed!
08-16 14:50:59.954 I/System.out(24495): current_case_root_folder=testUnkownApp_20180816_145016
08-16 14:50:59.954 I/LetvTestCase(24495): screenShot: /sdcard/AutoSmoke_UI30/testUnkownApp_20180816_145016/1534402259952.png
08-16 14:50:59.959 I/tvos    ( 1764): [37m[INFO] Change to Voltage: 1130 mV (0x1F)[m
08-16 14:50:59.959 I/tvos    ( 1764): [37m[INFO] Change to Voltage: 1130 mV (0x22)[m
08-16 14:50:59.959 I/tvos    ( 1764): [37m[INFO] Change to Voltage: 1130 mV (0x25)[m
08-16 14:50:59.961 I/tvos    ( 1764): [37m[INFO] Change to Voltage: 1130 mV (0x28)[m
08-16 14:50:59.962 I/tvos    ( 1764): [37m[INFO] Change to Voltage: 1130 mV (0x2B)[m
08-16 14:50:59.963 I/tvos    ( 1764): [37m[INFO] Change to Voltage: 1130 mV (0x2C)[m
08-16 14:51:00.052 I/tvos    ( 1764): [37m[INFO] Change to Voltage: 1000 mV (0x2C)[m
08-16 14:51:00.052 I/tvos    ( 1764): [37m[INFO] Change to Voltage: 1000 mV (0x29)[m
08-16 14:51:00.052 I/tvos    ( 1764): [37m[INFO] Change to Voltage: 1000 mV (0x26)[m
08-16 14:51:00.052 I/tvos    ( 1764): [37m[INFO] Change to Voltage: 1000 mV (0x23)[m
08-16 14:51:00.053 I/tvos    ( 1764): [37m[INFO] Change to Voltage: 1000 mV (0x20)[m
08-16 14:51:00.054 I/tvos    ( 1764): [37m[INFO] Change to Voltage: 1000 mV (0x1F)[m
08-16 14:51:00.150 I/tvos    ( 1764): GetAudioOutputDevice, retval : 0
08-16 14:51:00.401 I/tvos    ( 1764): GetAudioOutputDevice, retval : 0
08-16 14:51:00.651 I/tvos    ( 1764): GetAudioOutputDevice, retval : 0
08-16 14:51:00.902 I/tvos    ( 1764): GetAudioOutputDevice, retval : 0
08-16 14:51:01.153 I/tvos    ( 1764): GetAudioOutputDevice, retval : 0
08-16 14:51:01.403 I/tvos    ( 1764): GetAudioOutputDevice, retval : 0
08-16 14:51:01.553 I/tvos    ( 1764): [37m[INFO] Change to Voltage: 1130 mV (0x1F)[m
08-16 14:51:01.553 I/tvos    ( 1764): [37m[INFO] Change to Voltage: 1130 mV (0x22)[m
08-16 14:51:01.553 I/tvos    ( 1764): [37m[INFO] Change to Voltage: 1130 mV (0x25)[m
08-16 14:51:01.553 I/tvos    ( 1764): [37m[INFO] Change to Voltage: 1130 mV (0x28)[m
08-16 14:51:01.553 I/tvos    ( 1764): [37m[INFO] Change to Voltage: 1130 mV (0x2B)[m
08-16 14:51:01.554 I/tvos    ( 1764): [37m[INFO] Change to Voltage: 1130 mV (0x2C)[m
08-16 14:51:01.652 I/tvos    ( 1764): [37m[INFO] Change to Voltage: 1000 mV (0x2C)[m
08-16 14:51:01.652 I/tvos    ( 1764): [37m[INFO] Change to Voltage: 1000 mV (0x29)[m
08-16 14:51:01.652 I/tvos    ( 1764): [37m[INFO] Change to Voltage: 1000 mV (0x26)[m
08-16 14:51:01.652 I/tvos    ( 1764): [37m[INFO] Change to Voltage: 1000 mV (0x23)[m
08-16 14:51:01.652 I/tvos    ( 1764): [37m[INFO] Change to Voltage: 1000 mV (0x20)[m
08-16 14:51:01.654 I/tvos    ( 1764): GetAudioOutputDevice, retval : 0
08-16 14:51:01.654 I/tvos    ( 1764): [37m[INFO] Change to Voltage: 1000 mV (0x1F)[m
08-16 14:51:01.752 I/tvos    ( 1764): [37m[INFO] Change to Voltage: 1130 mV (0x1F)[m
08-16 14:51:01.752 I/tvos    ( 1764): [37m[INFO] Change to Voltage: 1130 mV (0x22)[m
08-16 14:51:01.752 I/tvos    ( 1764): [37m[INFO] Change to Voltage: 1130 mV (0x25)[m
08-16 14:51:01.752 I/tvos    ( 1764): [37m[INFO] Change to Voltage: 1130 mV (0x28)[m
08-16 14:51:01.752 I/tvos    ( 1764): [37m[INFO] Change to Voltage: 1130 mV (0x2B)[m
08-16 14:51:01.753 E/LetvRemoteupgradeManager-JNI( 2613): can't get LetvManager service!
08-16 14:51:01.754 I/tvos    ( 1764): [37m[INFO] Change to Voltage: 1130 mV (0x2C)[m
08-16 14:51:01.851 I/tvos    ( 1764): [37m[INFO] Change to Voltage: 1000 mV (0x2C)[m
08-16 14:51:01.851 I/tvos    ( 1764): [37m[INFO] Change to Voltage: 1000 mV (0x29)[m
08-16 14:51:01.851 I/tvos    ( 1764): [37m[INFO] Change to Voltage: 1000 mV (0x26)[m
08-16 14:51:01.852 I/tvos    ( 1764): [37m[INFO] Change to Voltage: 1000 mV (0x23)[m
08-16 14:51:01.853 I/tvos    ( 1764): [37m[INFO] Change to Voltage: 1000 mV (0x20)[m
08-16 14:51:01.853 I/tvos    ( 1764): [37m[INFO] Change to Voltage: 1000 mV (0x1F)[m
08-16 14:51:01.905 I/tvos    ( 1764): GetAudioOutputDevice, retval : 0
08-16 14:51:01.918 W/ResourceType( 3007): No package identifier when getting value for resource number 0x00000000
08-16 14:51:01.918 I/ControllableEcoImageView( 3007): [com.stv.plugin.video][2.0.3.005] : setCommonPlaceHolderImage()-resource not find-resId=0
08-16 14:51:02.154 I/tvos    ( 1764): GetAudioOutputDevice, retval : 0
08-16 14:51:02.351 I/tvos    ( 1764): [37m[INFO] Change to Voltage: 1130 mV (0x1F)[m
08-16 14:51:02.351 I/tvos    ( 1764): [37m[INFO] Change to Voltage: 1130 mV (0x22)[m
08-16 14:51:02.351 I/tvos    ( 1764): [37m[INFO] Change to Voltage: 1130 mV (0x25)[m
08-16 14:51:02.352 I/tvos    ( 1764): [37m[INFO] Change to Voltage: 1130 mV (0x28)[m
08-16 14:51:02.353 I/tvos    ( 1764): [37m[INFO] Change to Voltage: 1130 mV (0x2B)[m
08-16 14:51:02.354 I/tvos    ( 1764): [37m[INFO] Change to Voltage: 1130 mV (0x2C)[m
08-16 14:51:02.405 I/tvos    ( 1764): GetAudioOutputDevice, retval : 0
08-16 14:51:02.452 I/tvos    ( 1764): [37m[INFO] Change to Voltage: 1000 mV (0x2C)[m
08-16 14:51:02.452 I/tvos    ( 1764): [37m[INFO] Change to Voltage: 1000 mV (0x29)[m
08-16 14:51:02.452 I/tvos    ( 1764): [37m[INFO] Change to Voltage: 1000 mV (0x26)[m
08-16 14:51:02.452 I/tvos    ( 1764): [37m[INFO] Change to Voltage: 1000 mV (0x23)[m
08-16 14:51:02.452 I/tvos    ( 1764): [37m[INFO] Change to Voltage: 1000 mV (0x20)[m
08-16 14:51:02.453 I/tvos    ( 1764): [37m[INFO] Change to Voltage: 1000 mV (0x1F)[m
08-16 14:51:02.655 I/tvos    ( 1764): GetAudioOutputDevice, retval : 0
08-16 14:51:02.752 I/tvos    ( 1764): [37m[INFO] Change to Voltage: 1150 mV (0x22)[m
08-16 14:51:02.752 I/tvos    ( 1764): [37m[INFO] Change to Voltage: 1150 mV (0x25)[m
08-16 14:51:02.752 I/tvos    ( 1764): [37m[INFO] Change to Voltage: 1150 mV (0x28)[m
08-16 14:51:02.752 I/tvos    ( 1764): [37m[INFO] Change to Voltage: 1150 mV (0x2B)[m
08-16 14:51:02.752 I/tvos    ( 1764): [37m[INFO] Change to Voltage: 1150 mV (0x2E)[m
08-16 14:51:02.753 I/tvos    ( 1764): [37m[INFO] Change to Voltage: 1150 mV (0x2E)[m
08-16 14:51:02.906 I/tvos    ( 1764): GetAudioOutputDevice, retval : 0
08-16 14:51:02.951 I/tvos    ( 1764): [37m[INFO] Change to Voltage: 1130 mV (0x1F)[m
08-16 14:51:02.951 I/tvos    ( 1764): [37m[INFO] Change to Voltage: 1130 mV (0x22)[m
08-16 14:51:02.951 I/tvos    ( 1764): [37m[INFO] Change to Voltage: 1130 mV (0x25)[m
08-16 14:51:02.951 I/tvos    ( 1764): [37m[INFO] Change to Voltage: 1130 mV (0x28)[m
08-16 14:51:02.952 I/tvos    ( 1764): [37m[INFO] Change to Voltage: 1130 mV (0x2B)[m
08-16 14:51:02.953 I/tvos    ( 1764): [37m[INFO] Change to Voltage: 1130 mV (0x2C)[m
08-16 14:51:03.052 I/tvos    ( 1764): [37m[INFO] Change to Voltage: 1000 mV (0x2C)[m
08-16 14:51:03.052 I/tvos    ( 1764): [37m[INFO] Change to Voltage: 1000 mV (0x29)[m
08-16 14:51:03.052 I/tvos    ( 1764): [37m[INFO] Change to Voltage: 1000 mV (0x26)[m
08-16 14:51:03.052 I/tvos    ( 1764): [37m[INFO] Change to Voltage: 1000 mV (0x23)[m
08-16 14:51:03.052 I/tvos    ( 1764): [37m[INFO] Change to Voltage: 1000 mV (0x20)[m
08-16 14:51:03.053 I/tvos    ( 1764): [37m[INFO] Change to Voltage: 1000 mV (0x1F)[m
08-16 14:51:03.156 I/tvos    ( 1764): GetAudioOutputDevice, retval : 0
08-16 14:51:03.356 I/tvos    ( 1764): [37m[INFO] Change to Voltage: 1130 mV (0x1F)[m
08-16 14:51:03.356 I/tvos    ( 1764): [37m[INFO] Change to Voltage: 1130 mV (0x22)[m
08-16 14:51:03.356 I/tvos    ( 1764): [37m[INFO] Change to Voltage: 1130 mV (0x25)[m
08-16 14:51:03.356 I/tvos    ( 1764): [37m[INFO] Change to Voltage: 1130 mV (0x28)[m
08-16 14:51:03.356 I/tvos    ( 1764): [37m[INFO] Change to Voltage: 1130 mV (0x2B)[m
08-16 14:51:03.357 I/tvos    ( 1764): [37m[INFO] Change to Voltage: 1130 mV (0x2C)[m
08-16 14:51:03.407 I/tvos    ( 1764): GetAudioOutputDevice, retval : 0
08-16 14:51:03.450 I/Radio-JNI(24683): register_android_hardware_Radio DONE
08-16 14:51:03.451 I/tvos    ( 1764): [37m[INFO] Change to Voltage: 1000 mV (0x2C)[m
08-16 14:51:03.451 I/tvos    ( 1764): [37m[INFO] Change to Voltage: 1000 mV (0x29)[m
08-16 14:51:03.451 I/tvos    ( 1764): [37m[INFO] Change to Voltage: 1000 mV (0x26)[m
08-16 14:51:03.452 I/tvos    ( 1764): [37m[INFO] Change to Voltage: 1000 mV (0x23)[m
08-16 14:51:03.452 I/tvos    ( 1764): [37m[INFO] Change to Voltage: 1000 mV (0x20)[m
08-16 14:51:03.453 I/tvos    ( 1764): [37m[INFO] Change to Voltage: 1000 mV (0x1F)[m
08-16 14:51:03.551 I/tvos    ( 1764): [37m[INFO] Change to Voltage: 1130 mV (0x1F)[m
08-16 14:51:03.551 I/tvos    ( 1764): [37m[INFO] Change to Voltage: 1130 mV (0x22)[m
08-16 14:51:03.551 I/tvos    ( 1764): [37m[INFO] Change to Voltage: 1130 mV (0x25)[m
08-16 14:51:03.553 I/tvos    ( 1764): [37m[INFO] Change to Voltage: 1130 mV (0x28)[m
08-16 14:51:03.554 I/tvos    ( 1764): [37m[INFO] Change to Voltage: 1130 mV (0x2B)[m
08-16 14:51:03.555 I/tvos    ( 1764): [37m[INFO] Change to Voltage: 1130 mV (0x2C)[m
08-16 14:51:03.561 I/tvos    ( 1764): [37m[INFO] Change to Voltage: 1030 mV (0x2E)[m
08-16 14:51:03.561 I/tvos    ( 1764): [37m[INFO] Change to Voltage: 1030 mV (0x2B)[m
08-16 14:51:03.563 I/tvos    ( 1764): [37m[INFO] Change to Voltage: 1030 mV (0x28)[m
08-16 14:51:03.563 I/tvos    ( 1764): [37m[INFO] Change to Voltage: 1030 mV (0x25)[m
08-16 14:51:03.564 I/tvos    ( 1764): [37m[INFO] Change to Voltage: 1030 mV (0x22)[m
08-16 14:51:03.564 I/tvos    ( 1764): [37m[INFO] Change to Voltage: 1030 mV (0x22)[m
08-16 14:51:03.652 I/tvos    ( 1764): [37m[INFO] Change to Voltage: 1000 mV (0x2C)[m
08-16 14:51:03.652 I/tvos    ( 1764): [37m[INFO] Change to Voltage: 1000 mV (0x29)[m
08-16 14:51:03.652 I/tvos    ( 1764): [37m[INFO] Change to Voltage: 1000 mV (0x26)[m
08-16 14:51:03.654 I/tvos    ( 1764): [37m[INFO] Change to Voltage: 1000 mV (0x23)[m
08-16 14:51:03.654 I/tvos    ( 1764): [37m[INFO] Change to Voltage: 1000 mV (0x20)[m
08-16 14:51:03.654 I/tvos    ( 1764): [37m[INFO] Change to Voltage: 1000 mV (0x1F)[m
08-16 14:51:03.657 I/tvos    ( 1764): GetAudioOutputDevice, retval : 0
08-16 14:51:03.852 I/tvos    ( 1764): [37m[INFO] Change to Voltage: 1150 mV (0x22)[m
08-16 14:51:03.852 I/tvos    ( 1764): [37m[INFO] Change to Voltage: 1150 mV (0x25)[m
08-16 14:51:03.852 I/tvos    ( 1764): [37m[INFO] Change to Voltage: 1150 mV (0x28)[m
08-16 14:51:03.852 I/tvos    ( 1764): [37m[INFO] Change to Voltage: 1150 mV (0x2B)[m
08-16 14:51:03.852 I/tvos    ( 1764): [37m[INFO] Change to Voltage: 1150 mV (0x2E)[m
08-16 14:51:03.853 I/tvos    ( 1764): [37m[INFO] Change to Voltage: 1150 mV (0x2E)[m
08-16 14:51:03.908 I/tvos    ( 1764): GetAudioOutputDevice, retval : 0
08-16 14:51:04.159 I/tvos    ( 1764): GetAudioOutputDevice, retval : 0
08-16 14:51:04.409 I/tvos    ( 1764): GetAudioOutputDevice, retval : 0
08-16 14:51:04.659 I/tvos    ( 1764): GetAudioOutputDevice, retval : 0
08-16 14:51:04.754 E/LetvRemoteupgradeManager-JNI( 2613): can't get LetvManager service!
08-16 14:51:04.910 I/tvos    ( 1764): GetAudioOutputDevice, retval : 0
08-16 14:51:05.056 I/tvos    ( 1764): [37m[INFO] Change to Voltage: 1130 mV (0x1F)[m
08-16 14:51:05.056 I/tvos    ( 1764): [37m[INFO] Change to Voltage: 1130 mV (0x22)[m
08-16 14:51:05.056 I/tvos    ( 1764): [37m[INFO] Change to Voltage: 1130 mV (0x25)[m
08-16 14:51:05.056 I/tvos    ( 1764): [37m[INFO] Change to Voltage: 1130 mV (0x28)[m
08-16 14:51:05.056 I/tvos    ( 1764): [37m[INFO] Change to Voltage: 1130 mV (0x2B)[m
08-16 14:51:05.058 I/tvos    ( 1764): [37m[INFO] Change to Voltage: 1130 mV (0x2C)[m
08-16 14:51:05.150 I/tvos    ( 1764): [37m[INFO] Change to Voltage: 1000 mV (0x2C)[m
08-16 14:51:05.153 I/tvos    ( 1764): [37m[INFO] Change to Voltage: 1000 mV (0x29)[m
08-16 14:51:05.153 I/tvos    ( 1764): [37m[INFO] Change to Voltage: 1000 mV (0x26)[m
08-16 14:51:05.153 I/tvos    ( 1764): [37m[INFO] Change to Voltage: 1000 mV (0x23)[m
08-16 14:51:05.153 I/tvos    ( 1764): [37m[INFO] Change to Voltage: 1000 mV (0x20)[m
08-16 14:51:05.153 I/tvos    ( 1764): [37m[INFO] Change to Voltage: 1000 mV (0x1F)[m
08-16 14:51:05.161 I/tvos    ( 1764): GetAudioOutputDevice, retval : 0
08-16 14:51:05.411 I/tvos    ( 1764): GetAudioOutputDevice, retval : 0
08-16 14:51:05.552 I/tvos    ( 1764): [37m[INFO] Change to Voltage: 1130 mV (0x1F)[m
08-16 14:51:05.552 I/tvos    ( 1764): [37m[INFO] Change to Voltage: 1130 mV (0x22)[m
08-16 14:51:05.552 I/tvos    ( 1764): [37m[INFO] Change to Voltage: 1130 mV (0x25)[m
08-16 14:51:05.552 I/tvos    ( 1764): [37m[INFO] Change to Voltage: 1130 mV (0x28)[m
08-16 14:51:05.552 I/tvos    ( 1764): [37m[INFO] Change to Voltage: 1130 mV (0x2B)[m
08-16 14:51:05.553 I/tvos    ( 1764): [37m[INFO] Change to Voltage: 1130 mV (0x2C)[m
08-16 14:51:05.651 I/tvos    ( 1764): [37m[INFO] Change to Voltage: 1000 mV (0x2C)[m
08-16 14:51:05.651 I/tvos    ( 1764): [37m[INFO] Change to Voltage: 1000 mV (0x29)[m
08-16 14:51:05.652 I/tvos    ( 1764): [37m[INFO] Change to Voltage: 1000 mV (0x26)[m
08-16 14:51:05.652 I/tvos    ( 1764): [37m[INFO] Change to Voltage: 1000 mV (0x23)[m
08-16 14:51:05.653 I/tvos    ( 1764): [37m[INFO] Change to Voltage: 1000 mV (0x20)[m
08-16 14:51:05.653 I/tvos    ( 1764): [37m[INFO] Change to Voltage: 1000 mV (0x1F)[m
08-16 14:51:05.661 I/tvos    ( 1764): GetAudioOutputDevice, retval : 0
08-16 14:51:05.912 I/tvos    ( 1764): GetAudioOutputDevice, retval : 0
08-16 14:51:06.050 I/tvos    ( 1764): [37m[INFO] Change to Voltage: 1130 mV (0x1F)[m
08-16 14:51:06.051 I/tvos    ( 1764): [37m[INFO] Change to Voltage: 1130 mV (0x22)[m
08-16 14:51:06.052 I/tvos    ( 1764): [37m[INFO] Change to Voltage: 1130 mV (0x25)[m
08-16 14:51:06.053 I/tvos    ( 1764): [37m[INFO] Change to Voltage: 1130 mV (0x28)[m
08-16 14:51:06.054 I/tvos    ( 1764): [37m[INFO] Change to Voltage: 1130 mV (0x2B)[m
08-16 14:51:06.055 I/tvos    ( 1764): [37m[INFO] Change to Voltage: 1130 mV (0x2C)[m
08-16 14:51:06.121 I/ProgramTipControl( 3007): onProgramTipHide
08-16 14:51:06.121 I/ProgramTipControl( 3007): hide ProgramTipAd
08-16 14:51:06.121 I/ProgramTipControl( 3007): mIProgramTipAdView is null return
08-16 14:51:06.121 I/Feature_Seek_PlayActionManager( 3007): mPlayProgramList size 0 mServerProgramList size 0
08-16 14:51:06.121 I/Feature_Seek_PlayActionManager( 3007): next program is  null
08-16 14:51:06.122 I/ProgramFloatScheduler( 3007): CURRENT_PLAYING_SHOW_INTERVAL = 180000
08-16 14:51:06.122 I/ProgramFloatScheduler( 3007): end time = 2018-08-16 01:04:01
08-16 14:51:06.122 I/ProgramFloatScheduler( 3007): current time = Thu Aug 16 14:51:07 GMT+08:00 2018
08-16 14:51:06.122 I/ProgramFloatScheduler( 3007): left time ms = -49626781
08-16 14:51:06.152 I/tvos    ( 1764): [37m[INFO] Change to Voltage: 1000 mV (0x2C)[m
08-16 14:51:06.152 I/tvos    ( 1764): [37m[INFO] Change to Voltage: 1000 mV (0x29)[m
08-16 14:51:06.152 I/tvos    ( 1764): [37m[INFO] Change to Voltage: 1000 mV (0x26)[m
08-16 14:51:06.152 I/tvos    ( 1764): [37m[INFO] Change to Voltage: 1000 mV (0x23)[m
08-16 14:51:06.152 I/tvos    ( 1764): [37m[INFO] Change to Voltage: 1000 mV (0x20)[m
08-16 14:51:06.153 I/tvos    ( 1764): [37m[INFO] Change to Voltage: 1000 mV (0x1F)[m
08-16 14:51:06.162 I/tvos    ( 1764): GetAudioOutputDevice, retval : 0
08-16 14:51:06.250 I/tvos    ( 1764): [37m[INFO] Change to Voltage: 1130 mV (0x1F)[m
08-16 14:51:06.251 I/tvos    ( 1764): [37m[INFO] Change to Voltage: 1130 mV (0x22)[m
08-16 14:51:06.252 I/tvos    ( 1764): [37m[INFO] Change to Voltage: 1130 mV (0x25)[m
08-16 14:51:06.253 I/tvos    ( 1764): [37m[INFO] Change to Voltage: 1130 mV (0x28)[m
08-16 14:51:06.253 I/tvos    ( 1764): [37m[INFO] Change to Voltage: 1130 mV (0x2B)[m
08-16 14:51:06.254 I/tvos    ( 1764): [37m[INFO] Change to Voltage: 1130 mV (0x2C)[m
08-16 14:51:06.353 I/tvos    ( 1764): [37m[INFO] Change to Voltage: 1000 mV (0x2C)[m
08-16 14:51:06.353 I/tvos    ( 1764): [37m[INFO] Change to Voltage: 1000 mV (0x29)[m
08-16 14:51:06.353 I/tvos    ( 1764): [37m[INFO] Change to Voltage: 1000 mV (0x26)[m
08-16 14:51:06.353 I/tvos    ( 1764): [37m[INFO] Change to Voltage: 1000 mV (0x23)[m
08-16 14:51:06.353 I/tvos    ( 1764): [37m[INFO] Change to Voltage: 1000 mV (0x20)[m
08-16 14:51:06.353 I/tvos    ( 1764): [37m[INFO] Change to Voltage: 1000 mV (0x1F)[m
08-16 14:51:06.413 I/tvos    ( 1764): GetAudioOutputDevice, retval : 0
08-16 14:51:06.452 I/tvos    ( 1764): [37m[INFO] Change to Voltage: 1130 mV (0x1F)[m
08-16 14:51:06.452 I/tvos    ( 1764): [37m[INFO] Change to Voltage: 1130 mV (0x22)[m
08-16 14:51:06.452 I/tvos    ( 1764): [37m[INFO] Change to Voltage: 1130 mV (0x25)[m
08-16 14:51:06.452 I/tvos    ( 1764): [37m[INFO] Change to Voltage: 1130 mV (0x28)[m
08-16 14:51:06.452 I/tvos    ( 1764): [37m[INFO] Change to Voltage: 1130 mV (0x2B)[m
08-16 14:51:06.454 I/tvos    ( 1764): [37m[INFO] Change to Voltage: 1130 mV (0x2C)[m
08-16 14:51:06.552 I/tvos    ( 1764): [37m[INFO] Change to Voltage: 1030 mV (0x2E)[m
08-16 14:51:06.552 I/tvos    ( 1764): [37m[INFO] Change to Voltage: 1030 mV (0x2B)[m
08-16 14:51:06.552 I/tvos    ( 1764): [37m[INFO] Change to Voltage: 1030 mV (0x28)[m
08-16 14:51:06.552 I/tvos    ( 1764): [37m[INFO] Change to Voltage: 1030 mV (0x25)[m
08-16 14:51:06.552 I/tvos    ( 1764): [37m[INFO] Change to Voltage: 1030 mV (0x22)[m
08-16 14:51:06.552 I/tvos    ( 1764): [37m[INFO] Change to Voltage: 1030 mV (0x22)[m
08-16 14:51:06.555 I/tvos    ( 1764): [37m[INFO] Change to Voltage: 1000 mV (0x2C)[m
08-16 14:51:06.555 I/tvos    ( 1764): [37m[INFO] Change to Voltage: 1000 mV (0x29)[m
08-16 14:51:06.555 I/tvos    ( 1764): [37m[INFO] Change to Voltage: 1000 mV (0x26)[m
08-16 14:51:06.559 I/tvos    ( 1764): [37m[INFO] Change to Voltage: 1000 mV (0x23)[m
08-16 14:51:06.560 I/tvos    ( 1764): [37m[INFO] Change to Voltage: 1000 mV (0x20)[m
08-16 14:51:06.561 I/tvos    ( 1764): [37m[INFO] Change to Voltage: 1000 mV (0x1F)[m
08-16 14:51:06.651 I/tvos    ( 1764): [37m[INFO] Change to Voltage: 1130 mV (0x1F)[m
08-16 14:51:06.651 I/tvos    ( 1764): [37m[INFO] Change to Voltage: 1130 mV (0x22)[m
08-16 14:51:06.653 I/tvos    ( 1764): [37m[INFO] Change to Voltage: 1130 mV (0x25)[m
08-16 14:51:06.653 I/tvos    ( 1764): [37m[INFO] Change to Voltage: 1130 mV (0x28)[m
08-16 14:51:06.654 I/tvos    ( 1764): [37m[INFO] Change to Voltage: 1130 mV (0x2B)[m
08-16 14:51:06.655 I/tvos    ( 1764): [37m[INFO] Change to Voltage: 1130 mV (0x2C)[m
08-16 14:51:06.664 I/tvos    ( 1764): GetAudioOutputDevice, retval : 0
08-16 14:51:06.752 I/tvos    ( 1764): [37m[INFO] Change to Voltage: 1000 mV (0x2C)[m
08-16 14:51:06.752 I/tvos    ( 1764): [37m[INFO] Change to Voltage: 1000 mV (0x29)[m
08-16 14:51:06.752 I/tvos    ( 1764): [37m[INFO] Change to Voltage: 1000 mV (0x26)[m
08-16 14:51:06.752 I/tvos    ( 1764): [37m[INFO] Change to Voltage: 1000 mV (0x23)[m
08-16 14:51:06.752 I/tvos    ( 1764): [37m[INFO] Change to Voltage: 1000 mV (0x20)[m
08-16 14:51:06.753 I/tvos    ( 1764): [37m[INFO] Change to Voltage: 1000 mV (0x1F)[m
08-16 14:51:06.852 I/tvos    ( 1764): [37m[INFO] Change to Voltage: 1130 mV (0x1F)[m
08-16 14:51:06.852 I/tvos    ( 1764): [37m[INFO] Change to Voltage: 1130 mV (0x22)[m
08-16 14:51:06.852 I/tvos    ( 1764): [37m[INFO] Change to Voltage: 1130 mV (0x25)[m
08-16 14:51:06.852 I/tvos    ( 1764): [37m[INFO] Change to Voltage: 1130 mV (0x28)[m
08-16 14:51:06.852 I/tvos    ( 1764): [37m[INFO] Change to Voltage: 1130 mV (0x2B)[m
08-16 14:51:06.854 I/tvos    ( 1764): [37m[INFO] Change to Voltage: 1130 mV (0x2C)[m
08-16 14:51:06.914 I/tvos    ( 1764): GetAudioOutputDevice, retval : 0
08-16 14:51:06.923 W/ResourceType( 3007): No package identifier when getting value for resource number 0x00000000
08-16 14:51:06.923 I/ControllableEcoImageView( 3007): [com.stv.plugin.video][2.0.3.005] : setCommonPlaceHolderImage()-resource not find-resId=0
08-16 14:51:06.953 I/tvos    ( 1764): [37m[INFO] Change to Voltage: 1000 mV (0x2C)[m
08-16 14:51:06.953 I/tvos    ( 1764): [37m[INFO] Change to Voltage: 1000 mV (0x29)[m
08-16 14:51:06.953 I/tvos    ( 1764): [37m[INFO] Change to Voltage: 1000 mV (0x26)[m
08-16 14:51:06.953 I/tvos    ( 1764): [37m[INFO] Change to Voltage: 1000 mV (0x23)[m
08-16 14:51:06.954 I/tvos    ( 1764): [37m[INFO] Change to Voltage: 1000 mV (0x20)[m
08-16 14:51:06.954 I/tvos    ( 1764): [37m[INFO] Change to Voltage: 1000 mV (0x1F)[m
08-16 14:51:07.056 I/tvos    ( 1764): [37m[INFO] Change to Voltage: 1130 mV (0x1F)[m
08-16 14:51:07.056 I/tvos    ( 1764): [37m[INFO] Cha