--------- beginning of main
08-16 14:38:03.550 I/tvos    ( 1764): GetAudioOutputDevice, retval : 0
08-16 14:38:03.801 I/tvos    ( 1764): GetAudioOutputDevice, retval : 0
08-16 14:38:04.051 I/tvos    ( 1764): GetAudioOutputDevice, retval : 0
08-16 14:38:04.301 I/tvos    ( 1764): GetAudioOutputDevice, retval : 0
08-16 14:38:04.552 I/tvos    ( 1764): GetAudioOutputDevice, retval : 0
08-16 14:38:04.622 I/Radio-JNI(21645): register_android_hardware_Radio DONE
--------- beginning of system
08-16 14:38:04.649 I/ActivityManager( 2207): Force stopping com.le.tcauto.uitest appid=10097 user=0: start instr
08-16 14:38:04.660 I/art     (21654): Late-enabling -Xcheck:jni
08-16 14:38:04.663 I/ActivityManager( 2207): Start proc 21654:com.le.tcauto.uitest/u0a97 for added application com.le.tcauto.uitest
08-16 14:38:04.669 E/LetvRemoteupgradeManager-JNI( 2613): can't get LetvManager service!
08-16 14:38:04.703 W/System  (21654): ClassLoader referenced unknown path: /data/app/com.le.tcauto.uitest.test-1/lib/arm64
08-16 14:38:04.703 W/System  (21654): ClassLoader referenced unknown path: /data/app/com.le.tcauto.uitest-1/lib/arm64
08-16 14:38:04.717 I/MonitoringInstrumentation(21654): Instrumentation Started!
08-16 14:38:04.718 I/MonitoringInstrumentation(21654): Setting context classloader to 'dalvik.system.PathClassLoader[DexPathList[[zip file "/system/framework/android.test.runner.jar", zip file "/data/app/com.le.tcauto.uitest.test-1/base.apk", zip file "/data/app/com.le.tcauto.uitest-1/base.apk"],nativeLibraryDirectories=[/data/app/com.le.tcauto.uitest.test-1/lib/arm64, /data/app/com.le.tcauto.uitest-1/lib/arm64, /vendor/lib64, /system/lib64]]]', Original: 'dalvik.system.PathClassLoader[DexPathList[[zip file "/system/framework/android.test.runner.jar", zip file "/data/app/com.le.tcauto.uitest.test-1/base.apk", zip file "/data/app/com.le.tcauto.uitest-1/base.apk"],nativeLibraryDirectories=[/data/app/com.le.tcauto.uitest.test-1/lib/arm64, /data/app/com.le.tcauto.uitest-1/lib/arm64, /vendor/lib64, /system/lib64]]]'
08-16 14:38:04.721 I/MonitoringInstrumentation(21654): No JSBridge.
08-16 14:38:04.721 I/MonitoringInstrumentation(21654): java.lang.ClassNotFoundException: android.support.test.espresso.web.bridge.JavaScriptBridge
08-16 14:38:04.721 I/MonitoringInstrumentation(21654): 	at java.lang.Class.classForName(Native Method)
08-16 14:38:04.721 I/MonitoringInstrumentation(21654): 	at java.lang.Class.forName(Class.java:324)
08-16 14:38:04.721 I/MonitoringInstrumentation(21654): 	at java.lang.Class.forName(Class.java:285)
08-16 14:38:04.721 I/MonitoringInstrumentation(21654): 	at android.support.test.runner.MonitoringInstrumentation.tryLoadingJsBridge(MonitoringInstrumentation.java:612)
08-16 14:38:04.721 I/MonitoringInstrumentation(21654): 	at android.support.test.runner.MonitoringInstrumentation.access$100(MonitoringInstrumentation.java:88)
08-16 14:38:04.721 I/MonitoringInstrumentation(21654): 	at android.support.test.runner.MonitoringInstrumentation$3.run(MonitoringInstrumentation.java:223)
08-16 14:38:04.721 I/MonitoringInstrumentation(21654): 	at android.app.Instrumentation$SyncRunnable.run(Instrumentation.java:1897)
08-16 14:38:04.721 I/MonitoringInstrumentation(21654): 	at android.os.Handler.handleCallback(Handler.java:739)
08-16 14:38:04.721 I/MonitoringInstrumentation(21654): 	at android.os.Handler.dispatchMessage(Handler.java:95)
08-16 14:38:04.721 I/MonitoringInstrumentation(21654): 	at android.os.Looper.loop(Looper.java:148)
08-16 14:38:04.721 I/MonitoringInstrumentation(21654): 	at android.app.ActivityThread.main(ActivityThread.java:5423)
08-16 14:38:04.721 I/MonitoringInstrumentation(21654): 	at java.lang.reflect.Method.invoke(Native Method)
08-16 14:38:04.721 I/MonitoringInstrumentation(21654): 	at com.android.internal.os.ZygoteInit$MethodAndArgsCaller.run(ZygoteInit.java:744)
08-16 14:38:04.721 I/MonitoringInstrumentation(21654): 	at com.android.internal.os.ZygoteInit.main(ZygoteInit.java:634)
08-16 14:38:04.721 I/MonitoringInstrumentation(21654): Caused by: java.lang.ClassNotFoundException: Didn't find class "android.support.test.espresso.web.bridge.JavaScriptBridge" on path: DexPathList[[zip file "/system/framework/android.test.runner.jar", zip file "/data/app/com.le.tcauto.uitest.test-1/base.apk", zip file "/data/app/com.le.tcauto.uitest-1/base.apk"],nativeLibraryDirectories=[/data/app/com.le.tcauto.uitest.test-1/lib/arm64, /data/app/com.le.tcauto.uitest-1/lib/arm64, /vendor/lib64, /system/lib64]]
08-16 14:38:04.721 I/MonitoringInstrumentation(21654): 	at dalvik.system.BaseDexClassLoader.findClass(BaseDexClassLoader.java:56)
08-16 14:38:04.721 I/MonitoringInstrumentation(21654): 	at java.lang.ClassLoader.loadClass(ClassLoader.java:511)
08-16 14:38:04.721 I/MonitoringInstrumentation(21654): 	at java.lang.ClassLoader.loadClass(ClassLoader.java:469)
08-16 14:38:04.721 I/MonitoringInstrumentation(21654): 	... 14 more
08-16 14:38:04.721 I/MonitoringInstrumentation(21654): 	Suppressed: java.lang.ClassNotFoundException: android.support.test.espresso.web.bridge.JavaScriptBridge
08-16 14:38:04.721 I/MonitoringInstrumentation(21654): 		at java.lang.Class.classForName(Native Method)
08-16 14:38:04.721 I/MonitoringInstrumentation(21654): 		at java.lang.BootClassLoader.findClass(ClassLoader.java:781)
08-16 14:38:04.721 I/MonitoringInstrumentation(21654): 		at java.lang.BootClassLoader.loadClass(ClassLoader.java:841)
08-16 14:38:04.721 I/MonitoringInstrumentation(21654): 		at java.lang.ClassLoader.loadClass(ClassLoader.java:504)
08-16 14:38:04.721 I/MonitoringInstrumentation(21654): 		... 15 more
08-16 14:38:04.721 I/MonitoringInstrumentation(21654): 	Caused by: java.lang.NoClassDefFoundError: Class not found using the boot class loader; no stack trace available
08-16 14:38:04.756 I/TestRunner(21654): run started: 1 tests
08-16 14:38:04.760 I/TestRunner(21654): started: testScreenSaver(com.letv.cases.leui.SmokeSetting)
08-16 14:38:04.764 I/MonitoringInstrumentation(21654): Activities that are still in CREATED to STOPPED: 0
08-16 14:38:04.777 I/LetvTestCase(21654): =====================case start time is :2018-8-16-2-38-4
08-16 14:38:04.783 I/System.out(21654): The folder /sdcard/AutoSmoke_UI30/testScreenSaver_20180816_143758 has existed!
08-16 14:38:04.783 I/System.out(21654): current_case_root_folder=testScreenSaver_20180816_143758
08-16 14:38:04.802 I/tvos    ( 1764): GetAudioOutputDevice, retval : 0
08-16 14:38:04.987 I/tvos    ( 1764): [37m[INFO] Change to Voltage: 1150 mV (0x22)[m
08-16 14:38:04.987 I/tvos    ( 1764): [37m[INFO] Change to Voltage: 1150 mV (0x25)[m
08-16 14:38:04.987 I/tvos    ( 1764): [37m[INFO] Change to Voltage: 1150 mV (0x28)[m
08-16 14:38:04.987 I/tvos    ( 1764): [37m[INFO] Change to Voltage: 1150 mV (0x2B)[m
08-16 14:38:04.987 I/tvos    ( 1764): [37m[INFO] Change to Voltage: 1150 mV (0x2E)[m
08-16 14:38:04.987 I/tvos    ( 1764): [37m[INFO] Change to Voltage: 1150 mV (0x2E)[m
08-16 14:38:05.053 I/tvos    ( 1764): GetAudioOutputDevice, retval : 0
08-16 14:38:05.087 I/tvos    ( 1764): [37m[INFO] Change to Voltage: 1030 mV (0x2E)[m
08-16 14:38:05.087 I/tvos    ( 1764): [37m[INFO] Change to Voltage: 1030 mV (0x2B)[m
08-16 14:38:05.087 I/tvos    ( 1764): [37m[INFO] Change to Voltage: 1030 mV (0x28)[m
08-16 14:38:05.087 I/tvos    ( 1764): [37m[INFO] Change to Voltage: 1030 mV (0x25)[m
08-16 14:38:05.087 I/tvos    ( 1764): [37m[INFO] Change to Voltage: 1030 mV (0x22)[m
08-16 14:38:05.087 I/tvos    ( 1764): [37m[INFO] Change to Voltage: 1030 mV (0x22)[m
08-16 14:38:05.289 W/InputDispatcher( 2207): findFocusedWindow finished: injectionResult=0, timeSpentWaitingForApplication=0.0ms
08-16 14:38:05.293 W/InputDispatcher( 2207): findFocusedWindow finished: injectionResult=0, timeSpentWaitingForApplication=0.0ms
08-16 14:38:05.303 I/tvos    ( 1764): GetAudioOutputDevice, retval : 0
08-16 14:38:05.553 I/tvos    ( 1764): GetAudioOutputDevice, retval : 0
08-16 14:38:05.803 I/WindowManager( 2207): startSettingMain------------------
08-16 14:38:05.803 I/SettingUtil( 2207):  startSettingMain
08-16 14:38:05.804 I/tvos    ( 1764): GetAudioOutputDevice, retval : 0
08-16 14:38:05.805 I/GlobalSettings( 2822): GlobalSettingService -- startSettingMain
08-16 14:38:05.805 I/GlobalSettings( 2822): SettingsApp -- updateStartTime time=1534401485805
08-16 14:38:05.805 I/GlobalSettings( 2822): GlobalSettingService -- isCanRecoverDialog=false
08-16 14:38:05.807 I/System.out( 2822): From style:
08-16 14:38:05.807 I/System.out( 2822): Attrs: 3010001=0.6 3010002=#0 3010003=null 3010004=true
08-16 14:38:05.818 W/InputDispatcher( 2207): findFocusedWindow finished: injectionResult=0, timeSpentWaitingForApplication=0.0ms
08-16 14:38:05.831 I/GlobalSettings( 2822): SettingDialog -- --------is main -------uiType:cibn
08-16 14:38:05.834 I/GlobalSettings( 2822): SettingDialog -- ---------LetvManager.getLetvDimensions()-----------2D
08-16 14:38:05.837 W/ContextImpl( 2822): Calling a method in the system process without a qualified user: android.app.ContextImpl.startService:1224 android.content.ContextWrapper.startService:581 com.stv.settingadapter.PqManager.updateBinder:2843 com.stv.settingadapter.PqManager.getInstance:616 com.stv.globalsetting.dialog.SettingDialog.onCreate:129 
08-16 14:38:05.894 W/InputDispatcher( 2207): Focus left window: Window{23c0535 u0 com.stv.launcher/com.stv.launcher.ui.activity.Launcher}
08-16 14:38:05.894 W/InputDispatcher( 2207): Focus entered window: Window{b018ed4 u0 com.stv.globalsetting}
08-16 14:38:05.898 I/GlobalSettings( 2822): BaseMultiLayerDialogHelper -- setDisMissTime on start
08-16 14:38:05.899 W/ContextImpl( 2822): Calling a method in the system process without a qualified user: android.app.ContextImpl.sendBroadcast:766 android.content.ContextWrapper.sendBroadcast:396 com.stv.globalsetting.service.GlobalSettingService.sendSettingOpenMsg:433 com.stv.globalsetting.service.GlobalSettingService$ActionCreateAndShowDialog.run:321 android.os.Handler.handleCallback:739 
08-16 14:38:05.900 I/GlobalSettings( 2822): ReportEuiLog_U -- ReportEuiLog action is: tvaction and reportmsg is: action=quickSetOpen
08-16 14:38:05.902 I/GlobalSettings( 2822): GlobalSettingService -- quick_open_result is: true
08-16 14:38:05.934 E/BufferQueueProducer( 1749): [] connect(P): already connected (cur=1 req=1)
08-16 14:38:05.943 I/GlobalSettings( 2822): SettingDialog -- gain focus, report lunch time
08-16 14:38:05.943 I/GlobalSettings( 2822): SettingsApp -- reportStartTime time=1534401485943 lunch time=138
08-16 14:38:05.943 I/GlobalSettings( 2822): SettingsApp -- upload  boot time json {"app.launch_time":138,"attr":{"name":"com.stv.globalsetting"}}
08-16 14:38:05.954 W/InputMethodManagerService( 2207): Starting input on non-focused client com.android.internal.view.IInputMethodClient$Stub$Proxy@7163e83 (uid=1000 pid=3007)
08-16 14:38:06.026 I/LetvManager-LogReport( 1780): [send_msg] line: 490 report url = http://log.hdtv.cp21.ott.cibntv.net:80/api/log/tvAction
08-16 14:38:06.055 I/tvos    ( 1764): GetAudioOutputDevice, retval : 0
08-16 14:38:06.305 I/tvos    ( 1764): GetAudioOutputDevice, retval : 0
08-16 14:38:06.556 I/tvos    ( 1764): GetAudioOutputDevice, retval : 0
08-16 14:38:06.645 E/System  ( 2822): Uncaught exception thrown by finalizer
08-16 14:38:06.645 E/System  ( 2822): java.lang.IllegalStateException: Binder has been finalized!
08-16 14:38:06.645 E/System  ( 2822): 	at android.os.BinderProxy.transactNative(Native Method)
08-16 14:38:06.645 E/System  ( 2822): 	at android.os.BinderProxy.transact(Binder.java:503)
08-16 14:38:06.645 E/System  ( 2822): 	at com.android.internal.app.IAppOpsService$Stub$Proxy.stopWatchingMode(IAppOpsService.java:419)
08-16 14:38:06.645 E/System  ( 2822): 	at android.media.SoundPool.release(SoundPool.java:194)
08-16 14:38:06.645 E/System  ( 2822): 	at android.media.SoundPool.finalize(SoundPool.java:203)
08-16 14:38:06.645 E/System  ( 2822): 	at java.lang.Daemons$FinalizerDaemon.doFinalize(Daemons.java:202)
08-16 14:38:06.645 E/System  ( 2822): 	at java.lang.Daemons$FinalizerDaemon.run(Daemons.java:185)
08-16 14:38:06.645 E/System  ( 2822): 	at java.lang.Thread.run(Thread.java:818)
08-16 14:38:06.647 E/System  ( 2822): Uncaught exception thrown by finalizer
08-16 14:38:06.648 E/System  ( 2822): java.lang.IllegalStateException: Binder has been finalized!
08-16 14:38:06.648 E/System  ( 2822): 	at android.os.BinderProxy.transactNative(Native Method)
08-16 14:38:06.648 E/System  ( 2822): 	at android.os.BinderProxy.transact(Binder.java:503)
08-16 14:38:06.648 E/System  ( 2822): 	at com.android.internal.app.IAppOpsService$Stub$Proxy.stopWatchingMode(IAppOpsService.java:419)
08-16 14:38:06.648 E/System  ( 2822): 	at android.media.SoundPool.release(SoundPool.java:194)
08-16 14:38:06.648 E/System  ( 2822): 	at android.media.SoundPool.finalize(SoundPool.java:203)
08-16 14:38:06.648 E/System  ( 2822): 	at java.lang.Daemons$FinalizerDaemon.doFinalize(Daemons.java:202)
08-16 14:38:06.648 E/System  ( 2822): 	at java.lang.Daemons$FinalizerDaemon.run(Daemons.java:185)
08-16 14:38:06.648 E/System  ( 2822): 	at java.lang.Thread.run(Thread.java:818)
08-16 14:38:06.650 E/System  ( 2822): Uncaught exception thrown by finalizer
08-16 14:38:06.650 E/System  ( 2822): java.lang.IllegalStateException: Binder has been finalized!
08-16 14:38:06.650 E/System  ( 2822): 	at android.os.BinderProxy.transactNative(Native Method)
08-16 14:38:06.650 E/System  ( 2822): 	at android.os.BinderProxy.transact(Binder.java:503)
08-16 14:38:06.650 E/System  ( 2822): 	at com.android.internal.app.IAppOpsService$Stub$Proxy.stopWatchingMode(IAppOpsService.java:419)
08-16 14:38:06.650 E/System  ( 2822): 	at android.media.SoundPool.release(SoundPool.java:194)
08-16 14:38:06.650 E/System  ( 2822): 	at android.media.SoundPool.finalize(SoundPool.java:203)
08-16 14:38:06.650 E/System  ( 2822): 	at java.lang.Daemons$FinalizerDaemon.doFinalize(Daemons.java:202)
08-16 14:38:06.650 E/System  ( 2822): 	at java.lang.Daemons$FinalizerDaemon.run(Daemons.java:185)
08-16 14:38:06.650 E/System  ( 2822): 	at java.lang.Thread.run(Thread.java:818)
08-16 14:38:06.654 E/System  ( 2822): Uncaught exception thrown by finalizer
08-16 14:38:06.654 E/System  ( 2822): java.lang.IllegalStateException: Binder has been finalized!
08-16 14:38:06.654 E/System  ( 2822): 	at android.os.BinderProxy.transactNative(Native Method)
08-16 14:38:06.654 E/System  ( 2822): 	at android.os.BinderProxy.transact(Binder.java:503)
08-16 14:38:06.654 E/System  ( 2822): 	at com.android.internal.app.IAppOpsService$Stub$Proxy.stopWatchingMode(IAppOpsService.java:419)
08-16 14:38:06.654 E/System  ( 2822): 	at android.media.SoundPool.release(SoundPool.java:194)
08-16 14:38:06.654 E/System  ( 2822): 	at android.media.SoundPool.finalize(SoundPool.java:203)
08-16 14:38:06.654 E/System  ( 2822): 	at java.lang.Daemons$FinalizerDaemon.doFinalize(Daemons.java:202)
08-16 14:38:06.654 E/System  ( 2822): 	at java.lang.Daemons$FinalizerDaemon.run(Daemons.java:185)
08-16 14:38:06.654 E/System  ( 2822): 	at java.lang.Thread.run(Thread.java:818)
08-16 14:38:06.687 I/WifiStateMachine( 2207):  DisconnectedState !CMD_START_SCAN  rt=512353120/512353120 -2 34135 ic=1 proc(ms):15012 dur:2887 cnt=34135 rssi=-127 f=-1 sc=0 link=-1 tx=0.0, 0.0, 0.0  rx=0.0 fiv=20000 [on:0 tx:0 rx:0 period:15010] from screen [on:0 period:1098162015]
08-16 14:38:06.688 I/WifiStateMachine( 2207): handlescanrequest  starting scan for 
08-16 14:38:06.688 I/WifiStateMachine( 2207): startscannative  starting scan for 
08-16 14:38:06.806 I/tvos    ( 1764): GetAudioOutputDevice, retval : 0
08-16 14:38:06.827 I/remotestatus( 2207): Msg.what is 101
08-16 14:38:06.827 I/WindowManager( 2207): turn cursor off
08-16 14:38:06.827 E/RemoteManager( 2207): RemoteManager is no longer support in eui6.5
08-16 14:38:06.827 W/InputDispatcher( 2207): findFocusedWindow finished: injectionResult=0, timeSpentWaitingForApplication=0.0ms
08-16 14:38:06.828 E/InputManager-JNI( 2207): call nativeDisableCursor method with hideCursor
08-16 14:38:06.828 I/GlobalSettings( 2822): BaseMultiLayerDialogHelper -- setDisMissTime on start
08-16 14:38:06.828 W/ContextImpl( 2822): Calling a method in the system process without a qualified user: android.app.ContextImpl.startService:1224 android.content.ContextWrapper.startService:581 com.stv.settingadapter.EqManager.updateBinder:869 com.stv.settingadapter.EqManager.getInstance:176 com.stv.globalsetting.util.Util.playFocusSound:1074 
08-16 14:38:06.883 I/SoundPool( 2207): enter : func play
08-16 14:38:06.884 I/APM::AudioPolicyEngine( 1758): getDeviceForStrategy, 359
08-16 14:38:06.884 I/audio_hw_primary( 1758): version:a00004 adev_create_audio_patch::mix->device 
08-16 14:38:06.884 I/audio_hw_primary( 1758): adev_create_audio_patch *handle=-1420227928 num_audio_patch=3
08-16 14:38:06.885 E/AudioManagerService( 1803): setAudioVolume(callingPid 1758, clientPid 1758, enSoundPath 0, volumn:0 )
08-16 14:38:06.888 W/InputDispatcher( 2207): findFocusedWindow finished: injectionResult=0, timeSpentWaitingForApplication=0.0ms
08-16 14:38:06.888 I/tvos    ( 1764): SetVolume, subWooExist 0!
08-16 14:38:06.888 I/tvos    ( 1764): mapi_audio_customer::SetAbsoluteVolume: project name is X440M
08-16 14:38:06.888 I/tvos    ( 1764): SetAbsoluteVolume: uPercent : 0, path=52(speaker), VolumeInt=7f, VolumeFra=0
08-16 14:38:06.888 I/tvos    ( 1764): SetAbsoluteVolume: uPercent(currVol) : 0, realPath=52(default), VolumeInt=7f, VolumeFra=0
08-16 14:38:06.888 I/tvos    ( 1764): mapi_audio_customer::SetAbsoluteVolume: project name is X440M
08-16 14:38:06.888 I/tvos    ( 1764): SetAbsoluteVolume: uPercent : 0, path=49(HP), VolumeInt=7f, VolumeFra=0
08-16 14:38:06.888 I/tvos    ( 1764): SetAbsoluteVolume: uPercent(currVol) : 0, realPath=49(default), VolumeInt=7f, VolumeFra=0
08-16 14:38:06.888 I/tvos    ( 1764): mapi_audio_customer::SetAbsoluteVolume: project name is X440M
08-16 14:38:06.888 I/tvos    ( 1764): SetAbsoluteVolume, m_bBTDetect is false! 
08-16 14:38:06.888 I/tvos    ( 1764): mapi_audio_customer::SetAbsoluteVolume: project name is X440M
08-16 14:38:06.888 I/tvos    ( 1764): SetAbsoluteVolume: uPercent : 0, path=255(speaker), VolumeInt=7f, VolumeFra=0
08-16 14:38:06.888 I/tvos    ( 1764): SetAbsoluteVolume: uPercent(currVol) : 0, realPath=255(default), VolumeInt=7f, VolumeFra=0
08-16 14:38:06.888 I/tvos    ( 1764): [SetMuteStatus] call SetSoundMuteStatus, line : 10369, muteType: 4, onOff : 0 
08-16 14:38:06.888 I/tvos    ( 1764): [audioBSP] #1 m_internalMute : 0 ..
08-16 14:38:06.888 I/tvos    ( 1764): #1|->SDK_bPermanentAudioMute:0<-|->SDK_bMomentAudioMute:0 <-|->SDK_bBySyncAudioMute:0<-|->SDK_bByBlockAudioMute:0<-|->SDK_bByVChipAudioMute:0<-|
08-16 14:38:06.888 I/tvos    ( 1764): #1|->SDK_bInternal1AudioMute:0<-|->SDK_bInternal2AudioMute:0<-|->SDK_bInternal3AudioMute:0<-|->SDK_bInternal4AudioMute:0<-|
08-16 14:38:06.888 I/tvos    ( 1764): #1|->SDK_bByScanInOutchgCHchg:0<-|->SDK_bByDuringLimitedTimeAudioMute:0<-|->SDK_bSourceSwitchAudioMute:0<-|
08-16 14:38:06.888 I/tvos    ( 1764): #1|->SDK_bMHEGApMute:0<-|->SDK_bAllAudioMuteCtrl:0<-|->SDK_bPowerOnMute:0<-|->SDK_bNullSourceMute0<-|->SDK_bSetInputSourceAudioMute:0<-|
08-16 14:38:06.888 I/tvos    ( 1764): [audioBSP] #2 m_spkrMute : 0 ..|->SDK_bUsrSpkrAudioMute:0<-|->SDK_bPowerOnMute:0<-|->SDK_bByUserAudioMute:0<-|
08-16 14:38:06.888 I/tvos    ( 1764): [audioBSP] #3 m_PcmCapture2Mute:0 |->SDK_bByUserPcmCapture2Mute:0<-|->SDK_SUB_bByUserAudioMute:0<-|->SDK_bByUserAudioMute:0<-|
08-16 14:38:06.888 I/tvos    ( 1764): [audioBSP] #5 m_hpMute : 1 ..|->SDK_bUsrHpAudioMute:1<-|->SDK_bPowerOnMute:0<-|->SDK_bByUserAudioMute:0<-|
08-16 14:38:06.888 I/tvos    ( 1764): [audioBSP] #12 m_spdifMute : 1 ..
08-16 14:38:06.888 I/tvos    ( 1764): #12|->SDK_bPermanentAudioMute:0<-|->SDK_bMomentAudioMute:0<-|->SDK_bByBlockAudioMute:0<-|
08-16 14:38:06.888 I/tvos    ( 1764): #12|->SDK_bByVChipAudioMute:0<-|->SDK_bInternal1AudioMute:0<-|->SDK_bInternal4AudioMute:0<-|
08-16 14:38:06.888 I/tvos    ( 1764): #12|->SDK_bByDuringLimitedTimeAudioMute:0<-|->SDK_bSourceSwitchAudioMute:0<-|->SDK_bMHEGApMute:0<-|
08-16 14:38:06.888 I/tvos    ( 1764): #12|->SDK_bPowerOnMute:0<-|->SDK_bUsrSpdifAudioMute:1<-|->SDK_bNullSourceMute:0<-|->SDK_bByAppMute:0<-|
08-16 14:38:06.888 I/tvos    ( 1764): ---Amplifier_ALC1310_LR_SWMute(0)
08-16 14:38:06.888 I/GlobalSettings( 2822): BaseMultiLayerDialogHelper -- setDisMissTime on start
08-16 14:38:06.888 I/tvos    ( 1764): ALC1310 unmute good, addr: 0x13 readbackvalue: 4 
08-16 14:38:06.891 I/AudioUtil( 1758): setParameters spk_volume=0
08-16 14:38:06.891 I/audio_hw_primary( 1758): adev_set_parameters: spk_volume=0
08-16 14:38:06.891 I/tvos    ( 1764): SetSoundMuteStatus : m_hpMute : 1, m_spdifMute : 1, m_DataInMute : 0, m_channel7Mute : 0, m_internalMute : 0, m_spkrMute : 0, m_PcmCapture1Mute : 0, m_PcmCapture2Mute : 0 
08-16 14:38:06.891 I/tvos    ( 1764): GetAudioOutputDevice, retval : 0
08-16 14:38:06.891 I/tvos    ( 1764): [SetMuteStatus] call SetSoundMuteStatus, line : 10369, muteType: 67108864, onOff : 1 
08-16 14:38:06.891 I/tvos    ( 1764): _TransMSrvMuteTypeToSDKMuteType: Err! muteType(67108864) is out of Range
08-16 14:38:06.894 I/tvos    ( 1764): [SetMuteStatus] call SetSoundMuteStatus, line : 10369, muteType: 4, onOff : 1 
08-16 14:38:06.894 I/tvos    ( 1764): [audioBSP] #1 m_internalMute : 0 ..
08-16 14:38:06.894 I/tvos    ( 1764): #1|->SDK_bPermanentAudioMute:0<-|->SDK_bMomentAudioMute:0 <-|->SDK_bBySyncAudioMute:0<-|->SDK_bByBlockAudioMute:0<-|->SDK_bByVChipAudioMute:0<-|
08-16 14:38:06.894 I/tvos    ( 1764): #1|->SDK_bInternal1AudioMute:0<-|->SDK_bInternal2AudioMute:0<-|->SDK_bInternal3AudioMute:0<-|->SDK_bInternal4AudioMute:0<-|
08-16 14:38:06.894 I/tvos    ( 1764): #1|->SDK_bByScanInOutchgCHchg:0<-|->SDK_bByDuringLimitedTimeAudioMute:0<-|->SDK_bSourceSwitchAudioMute:0<-|
08-16 14:38:06.894 I/tvos    ( 1764): #1|->SDK_bMHEGApMute:0<-|->SDK_bAllAudioMuteCtrl:0<-|->SDK_bPowerOnMute:0<-|->SDK_bNullSourceMute0<-|->SDK_bSetInputSourceAudioMute:0<-|
08-16 14:38:06.894 I/tvos    ( 1764): [audioBSP] #2 m_spkrMute : 1 ..|->SDK_bUsrSpkrAudioMute:0<-|->SDK_bPowerOnMute:0<-|->SDK_bByUserAudioMute:1<-|
08-16 14:38:06.894 I/tvos    ( 1764): [audioBSP] #3 m_PcmCapture2Mute:1 |->SDK_bByUserPcmCapture2Mute:0<-|->SDK_SUB_bByUserAudioMute:0<-|->SDK_bByUserAudioMute:1<-|
08-16 14:38:06.894 I/tvos    ( 1764): [audioBSP] #5 m_hpMute : 1 ..|->SDK_bUsrHpAudioMute:1<-|->SDK_bPowerOnMute:0<-|->SDK_bByUserAudioMute:1<-|
08-16 14:38:06.894 I/tvos    ( 1764): [audioBSP] #12 m_spdifMute : 1 ..
08-16 14:38:06.894 I/tvos    ( 1764): #12|->SDK_bPermanentAudioMute:0<-|->SDK_bMomentAudioMute:0<-|->SDK_bByBlockAudioMute:0<-|
08-16 14:38:06.894 I/tvos    ( 1764): #12|->SDK_bByVChipAudioMute:0<-|->SDK_bInternal1AudioMute:0<-|->SDK_bInternal4AudioMute:0<-|
08-16 14:38:06.894 I/tvos    ( 1764): #12|->SDK_bByDuringLimitedTimeAudioMute:0<-|->SDK_bSourceSwitchAudioMute:0<-|->SDK_bMHEGApMute:0<-|
08-16 14:38:06.894 I/tvos    ( 1764): #12|->SDK_bPowerOnMute:0<-|->SDK_bUsrSpdifAudioMute:1<-|->SDK_bNullSourceMute:0<-|->SDK_bByAppMute:0<-|
08-16 14:38:06.894 I/tvos    ( 1764): ---Amplifier_ALC1310_LR_SWMute(1)
08-16 14:38:06.894 I/tvos    ( 1764): ALC1310 mute write good, addr: 0x13, readback data : 49164, write cmd times : 1
08-16 14:38:06.896 I/tvos    ( 1764): SetSoundMuteStatus : m_hpMute : 1, m_spdifMute : 1, m_DataInMute : 0, m_channel7Mute : 0, m_internalMute : 0, m_spkrMute : 1, m_PcmCapture1Mute : 0, m_PcmCapture2Mute : 1 
08-16 14:38:06.915 E/audio_hw_primary( 1758): out_get_presentation_position pcm_get_htimestamp(pcm, &avail, timestamp) != 0!!!
08-16 14:38:06.948 I/APM::AudioPolicyEngine( 1758): getDeviceForStrategy, 359
08-16 14:38:07.057 I/tvos    ( 1764): GetAudioOutputDevice, retval : 0
08-16 14:38:07.307 I/tvos    ( 1764): GetAudioOutputDevice, retval : 0
08-16 14:38:07.557 I/tvos    ( 1764): GetAudioOutputDevice, retval : 0
08-16 14:38:07.594 I/remotestatus( 2207): Msg.what is 101
08-16 14:38:07.594 I/WindowManager( 2207): turn cursor off
08-16 14:38:07.594 E/RemoteManager( 2207): RemoteManager is no longer support in eui6.5
08-16 14:38:07.594 W/InputDispatcher( 2207): findFocusedWindow finished: injectionResult=0, timeSpentWaitingForApplication=0.0ms
08-16 14:38:07.594 E/InputManager-JNI( 2207): call nativeDisableCursor method with hideCursor
08-16 14:38:07.594 I/GlobalSettings( 2822): BaseMultiLayerDialogHelper -- setDisMissTime on start
08-16 14:38:07.595 W/ContextImpl( 2822): Calling a method in the system process without a qualified user: android.app.ContextImpl.startService:1224 android.content.ContextWrapper.startService:581 com.stv.settingadapter.EqManager.updateBinder:869 com.stv.settingadapter.EqManager.getInstance:176 com.stv.globalsetting.util.Util.playFocusSound:1074 
08-16 14:38:07.648 I/SoundPool( 2207): enter : func play
08-16 14:38:07.649 I/APM::AudioPolicyEngine( 1758): getDeviceForStrategy, 359
08-16 14:38:07.653 W/InputDispatcher( 2207): findFocusedWindow finished: injectionResult=0, timeSpentWaitingForApplication=0.0ms
08-16 14:38:07.653 I/GlobalSettings( 2822): BaseMultiLayerDialogHelper -- setDisMissTime on start
08-16 14:38:07.657 I/audio_hw_primary( 1758): version:a00004 adev_create_audio_patch::mix->device 
08-16 14:38:07.657 I/audio_hw_primary( 1758): adev_create_audio_patch *handle=-1420227928 num_audio_patch=3
08-16 14:38:07.658 E/AudioManagerService( 1803): setAudioVolume(callingPid 1758, clientPid 1758, enSoundPath 0, volumn:0 )
08-16 14:38:07.661 I/tvos    ( 1764): SetVolume, subWooExist 0!
08-16 14:38:07.661 I/tvos    ( 1764): mapi_audio_customer::SetAbsoluteVolume: project name is X440M
08-16 14:38:07.661 I/tvos    ( 1764): SetAbsoluteVolume: uPercent : 0, path=52(speaker), VolumeInt=7f, VolumeFra=0
08-16 14:38:07.661 I/tvos    ( 1764): SetAbsoluteVolume: uPercent(currVol) : 0, realPath=52(default), VolumeInt=7f, VolumeFra=0
08-16 14:38:07.661 I/tvos    ( 1764): mapi_audio_customer::SetAbsoluteVolume: project name is X440M
08-16 14:38:07.661 I/tvos    ( 1764): SetAbsoluteVolume: uPercent : 0, path=49(HP), VolumeInt=7f, VolumeFra=0
08-16 14:38:07.661 I/tvos    ( 1764): SetAbsoluteVolume: uPercent(currVol) : 0, realPath=49(default), VolumeInt=7f, VolumeFra=0
08-16 14:38:07.661 I/tvos    ( 1764): mapi_audio_customer::SetAbsoluteVolume: project name is X440M
08-16 14:38:07.661 I/tvos    ( 1764): SetAbsoluteVolume, m_bBTDetect is false! 
08-16 14:38:07.661 I/tvos    ( 1764): mapi_audio_customer::SetAbsoluteVolume: project name is X440M
08-16 14:38:07.661 I/tvos    ( 1764): SetAbsoluteVolume: uPercent : 0, path=255(speaker), VolumeInt=7f, VolumeFra=0
08-16 14:38:07.661 I/tvos    ( 1764): SetAbsoluteVolume: uPercent(currVol) : 0, realPath=255(default), VolumeInt=7f, VolumeFra=0
08-16 14:38:07.661 I/tvos    ( 1764): [SetMuteStatus] call SetSoundMuteStatus, line : 10369, muteType: 4, onOff : 0 
08-16 14:38:07.661 I/tvos    ( 1764): [audioBSP] #1 m_internalMute : 0 ..
08-16 14:38:07.661 I/tvos    ( 1764): #1|->SDK_bPermanentAudioMute:0<-|->SDK_bMomentAudioMute:0 <-|->SDK_bBySyncAudioMute:0<-|->SDK_bByBlockAudioMute:0<-|->SDK_bByVChipAudioMute:0<-|
08-16 14:38:07.661 I/tvos    ( 1764): #1|->SDK_bInternal1AudioMute:0<-|->SDK_bInternal2AudioMute:0<-|->SDK_bInternal3AudioMute:0<-|->SDK_bInternal4AudioMute:0<-|
08-16 14:38:07.661 I/tvos    ( 1764): #1|->SDK_bByScanInOutchgCHchg:0<-|->SDK_bByDuringLimitedTimeAudioMute:0<-|->SDK_bSourceSwitchAudioMute:0<-|
08-16 14:38:07.661 I/tvos    ( 1764): #1|->SDK_bMHEGApMute:0<-|->SDK_bAllAudioMuteCtrl:0<-|->SDK_bPowerOnMute:0<-|->SDK_bNullSourceMute0<-|->SDK_bSetInputSourceAudioMute:0<-|
08-16 14:38:07.661 I/tvos    ( 1764): [audioBSP] #2 m_spkrMute : 0 ..|->SDK_bUsrSpkrAudioMute:0<-|->SDK_bPowerOnMute:0<-|->SDK_bByUserAudioMute:0<-|
08-16 14:38:07.661 I/tvos    ( 1764): [audioBSP] #3 m_PcmCapture2Mute:0 |->SDK_bByUserPcmCapture2Mute:0<-|->SDK_SUB_bByUserAudioMute:0<-|->SDK_bByUserAudioMute:0<-|
08-16 14:38:07.661 I/tvos    ( 1764): [audioBSP] #5 m_hpMute : 1 ..|->SDK_bUsrHpAudioMute:1<-|->SDK_bPowerOnMute:0<-|->SDK_bByUserAudioMute:0<-|
08-16 14:38:07.661 I/tvos    ( 1764): [audioBSP] #12 m_spdifMute : 1 ..
08-16 14:38:07.661 I/tvos    ( 1764): #12|->SDK_bPermanentAudioMute:0<-|->SDK_bMomentAudioMute:0<-|->SDK_bByBlockAudioMute:0<-|
08-16 14:38:07.661 I/tvos    ( 1764): #12|->SDK_bByVChipAudioMute:0<-|->SDK_bInternal1AudioMute:0<-|->SDK_bInternal4AudioMute:0<-|
08-16 14:38:07.661 I/tvos    ( 1764): #12|->SDK_bByDuringLimitedTimeAudioMute:0<-|->SDK_bSourceSwitchAudioMute:0<-|->SDK_bMHEGApMute:0<-|
08-16 14:38:07.661 I/tvos    ( 1764): #12|->SDK_bPowerOnMute:0<-|->SDK_bUsrSpdifAudioMute:1<-|->SDK_bNullSourceMute:0<-|->SDK_bByAppMute:0<-|
08-16 14:38:07.661 I/tvos    ( 1764): ---Amplifier_ALC1310_LR_SWMute(0)
08-16 14:38:07.661 I/tvos    ( 1764): ALC1310 unmute good, addr: 0x13 readbackvalue: 4 
08-16 14:38:07.663 I/AudioUtil( 1758): setParameters spk_volume=0
08-16 14:38:07.663 I/tvos    ( 1764): SetSoundMuteStatus : m_hpMute : 1, m_spdifMute : 1, m_DataInMute : 0, m_channel7Mute : 0, m_internalMute : 0, m_spkrMute : 0, m_PcmCapture1Mute : 0, m_PcmCapture2Mute : 0 
08-16 14:38:07.663 I/audio_hw_primary( 1758): adev_set_parameters: spk_volume=0
08-16 14:38:07.664 I/tvos    ( 1764): GetAudioOutputDevice, retval : 0
08-16 14:38:07.664 I/tvos    ( 1764): [SetMuteStatus] call SetSoundMuteStatus, line : 10369, muteType: 67108864, onOff : 1 
08-16 14:38:07.664 I/tvos    ( 1764): _TransMSrvMuteTypeToSDKMuteType: Err! muteType(67108864) is out of Range
08-16 14:38:07.666 I/tvos    ( 1764): [SetMuteStatus] call SetSoundMuteStatus, line : 10369, muteType: 4, onOff : 1 
08-16 14:38:07.666 I/tvos    ( 1764): [audioBSP] #1 m_internalMute : 0 ..
08-16 14:38:07.666 I/tvos    ( 1764): #1|->SDK_bPermanentAudioMute:0<-|->SDK_bMomentAudioMute:0 <-|->SDK_bBySyncAudioMute:0<-|->SDK_bByBlockAudioMute:0<-|->SDK_bByVChipAudioMute:0<-|
08-16 14:38:07.666 I/tvos    ( 1764): #1|->SDK_bInternal1AudioMute:0<-|->SDK_bInternal2AudioMute:0<-|->SDK_bInternal3AudioMute:0<-|->SDK_bInternal4AudioMute:0<-|
08-16 14:38:07.666 I/tvos    ( 1764): #1|->SDK_bByScanInOutchgCHchg:0<-|->SDK_bByDuringLimitedTimeAudioMute:0<-|->SDK_bSourceSwitchAudioMute:0<-|
08-16 14:38:07.666 I/tvos    ( 1764): #1|->SDK_bMHEGApMute:0<-|->SDK_bAllAudioMuteCtrl:0<-|->SDK_bPowerOnMute:0<-|->SDK_bNullSourceMute0<-|->SDK_bSetInputSourceAudioMute:0<-|
08-16 14:38:07.666 I/tvos    ( 1764): [audioBSP] #2 m_spkrMute : 1 ..|->SDK_bUsrSpkrAudioMute:0<-|->SDK_bPowerOnMute:0<-|->SDK_bByUserAudioMute:1<-|
08-16 14:38:07.666 I/tvos    ( 1764): [audioBSP] #3 m_PcmCapture2Mute:1 |->SDK_bByUserPcmCapture2Mute:0<-|->SDK_SUB_bByUserAudioMute:0<-|->SDK_bByUserAudioMute:1<-|
08-16 14:38:07.666 I/tvos    ( 1764): [audioBSP] #5 m_hpMute : 1 ..|->SDK_bUsrHpAudioMute:1<-|->SDK_bPowerOnMute:0<-|->SDK_bByUserAudioMute:1<-|
08-16 14:38:07.666 I/tvos    ( 1764): [audioBSP] #12 m_spdifMute : 1 ..
08-16 14:38:07.666 I/tvos    ( 1764): #12|->SDK_bPermanentAudioMute:0<-|->SDK_bMomentAudioMute:0<-|->SDK_bByBlockAudioMute:0<-|
08-16 14:38:07.666 I/tvos    ( 1764): #12|->SDK_bByVChipAudioMute:0<-|->SDK_bInternal1AudioMute:0<-|->SDK_bInternal4AudioMute:0<-|
08-16 14:38:07.666 I/tvos    ( 1764): #12|->SDK_bByDuringLimitedTimeAudioMute:0<-|->SDK_bSourceSwitchAudioMute:0<-|->SDK_bMHEGApMute:0<-|
08-16 14:38:07.667 I/tvos    ( 1764): #12|->SDK_bPowerOnMute:0<-|->SDK_bUsrSpdifAudioMute:1<-|->SDK_bNullSourceMute:0<-|->SDK_bByAppMute:0<-|
08-16 14:38:07.667 I/tvos    ( 1764): ---Amplifier_ALC1310_LR_SWMute(1)
08-16 14:38:07.667 I/tvos    ( 1764): ALC1310 mute write good, addr: 0x13, readback data : 49164, write cmd times : 1
08-16 14:38:07.669 I/tvos    ( 1764): SetSoundMuteStatus : m_hpMute : 1, m_spdifMute : 1, m_DataInMute : 0, m_channel7Mute : 0, m_internalMute : 0, m_spkrMute : 1, m_PcmCapture1Mute : 0, m_PcmCapture2Mute : 1 
08-16 14:38:07.670 E/LetvRemoteupgradeManager-JNI( 2613): can't get LetvManager service!
08-16 14:38:07.741 I/APM::AudioPolicyEngine( 1758): getDeviceForStrategy, 359
08-16 14:38:07.808 I/tvos    ( 1764): GetAudioOutputDevice, retval : 0
08-16 14:38:08.059 I/tvos    ( 1764): GetAudioOutputDevice, retval : 0
08-16 14:38:08.166 W/InputDispatcher( 2207): findTouchedWindow finished: injectionResult=0, injectionPermission=1, timeSpentWaitingForApplication=0.0ms
08-16 14:38:08.169 W/InputDispatcher( 2207): findTouchedWindow finished: injectionResult=0, injectionPermission=1, timeSpentWaitingForApplication=0.0ms
08-16 14:38:08.170 I/SoundPool( 2207): enter : func play
08-16 14:38:08.177 I/APM::AudioPolicyEngine( 1758): getDeviceForStrategy, 359
08-16 14:38:08.185 I/audio_hw_primary( 1758): version:a00004 adev_create_audio_patch::mix->device 
08-16 14:38:08.185 I/audio_hw_primary( 1758): adev_create_audio_patch *handle=-1420227928 num_audio_patch=3
08-16 14:38:08.186 E/AudioManagerService( 1803): setAudioVolume(callingPid 1758, clientPid 1758, enSoundPath 0, volumn:0 )
08-16 14:38:08.189 I/tvos    ( 1764): SetVolume, subWooExist 0!
08-16 14:38:08.189 I/tvos    ( 1764): mapi_audio_customer::SetAbsoluteVolume: project name is X440M
08-16 14:38:08.189 I/tvos    ( 1764): SetAbsoluteVolume: uPercent : 0, path=52(speaker), VolumeInt=7f, VolumeFra=0
08-16 14:38:08.189 I/tvos    ( 1764): SetAbsoluteVolume: uPercent(currVol) : 0, realPath=52(default), VolumeInt=7f, VolumeFra=0
08-16 14:38:08.189 I/tvos    ( 1764): mapi_audio_customer::SetAbsoluteVolume: project name is X440M
08-16 14:38:08.189 I/tvos    ( 1764): SetAbsoluteVolume: uPercent : 0, path=49(HP), VolumeInt=7f, VolumeFra=0
08-16 14:38:08.189 I/tvos    ( 1764): SetAbsoluteVolume: uPercent(currVol) : 0, realPath=49(default), VolumeInt=7f, VolumeFra=0
08-16 14:38:08.189 I/tvos    ( 1764): mapi_audio_customer::SetAbsoluteVolume: project name is X440M
08-16 14:38:08.189 I/tvos    ( 1764): SetAbsoluteVolume, m_bBTDetect is false! 
08-16 14:38:08.189 I/tvos    ( 1764): mapi_audio_customer::SetAbsoluteVolume: project name is X440M
08-16 14:38:08.189 I/tvos    ( 1764): SetAbsoluteVolume: uPercent : 0, path=255(speaker), VolumeInt=7f, VolumeFra=0
08-16 14:38:08.189 I/tvos    ( 1764): SetAbsoluteVolume: uPercent(currVol) : 0, realPath=255(default), VolumeInt=7f, VolumeFra=0
08-16 14:38:08.189 I/tvos    ( 1764): [SetMuteStatus] call SetSoundMuteStatus, line : 10369, muteType: 4, onOff : 0 
08-16 14:38:08.189 I/tvos    ( 1764): [audioBSP] #1 m_internalMute : 0 ..
08-16 14:38:08.189 I/tvos    ( 1764): #1|->SDK_bPermanentAudioMute:0<-|->SDK_bMomentAudioMute:0 <-|->SDK_bBySyncAudioMute:0<-|->SDK_bByBlockAudioMute:0<-|->SDK_bByVChipAudioMute:0<-|
08-16 14:38:08.189 I/tvos    ( 1764): #1|->SDK_bInternal1AudioMute:0<-|->SDK_bInternal2AudioMute:0<-|->SDK_bInternal3AudioMute:0<-|->SDK_bInternal4AudioMute:0<-|
08-16 14:38:08.189 I/tvos    ( 1764): #1|->SDK_bByScanInOutchgCHchg:0<-|->SDK_bByDuringLimitedTimeAudioMute:0<-|->SDK_bSourceSwitchAudioMute:0<-|
08-16 14:38:08.189 I/tvos    ( 1764): #1|->SDK_bMHEGApMute:0<-|->SDK_bAllAudioMuteCtrl:0<-|->SDK_bPowerOnMute:0<-|->SDK_bNullSourceMute0<-|->SDK_bSetInputSourceAudioMute:0<-|
08-16 14:38:08.189 I/tvos    ( 1764): [audioBSP] #2 m_spkrMute : 0 ..|->SDK_bUsrSpkrAudioMute:0<-|->SDK_bPowerOnMute:0<-|->SDK_bByUserAudioMute:0<-|
08-16 14:38:08.189 I/tvos    ( 1764): [audioBSP] #3 m_PcmCapture2Mute:0 |->SDK_bByUserPcmCapture2Mute:0<-|->SDK_SUB_bByUserAudioMute:0<-|->SDK_bByUserAudioMute:0<-|
08-16 14:38:08.189 I/tvos    ( 1764): [audioBSP] #5 m_hpMute : 1 ..|->SDK_bUsrHpAudioMute:1<-|->SDK_bPowerOnMute:0<-|->SDK_bByUserAudioMute:0<-|
08-16 14:38:08.189 I/tvos    ( 1764): [audioBSP] #12 m_spdifMute : 1 ..
08-16 14:38:08.189 I/tvos    ( 1764): #12|->SDK_bPermanentAudioMute:0<-|->SDK_bMomentAudioMute:0<-|->SDK_bByBlockAudioMute:0<-|
08-16 14:38:08.189 I/tvos    ( 1764): #12|->SDK_bByVChipAudioMute:0<-|->SDK_bInternal1AudioMute:0<-|->SDK_bInternal4AudioMute:0<-|
08-16 14:38:08.189 I/tvos    ( 1764): #12|->SDK_bByDuringLimitedTimeAudioMute:0<-|->SDK_bSourceSwitchAudioMute:0<-|->SDK_bMHEGApMute:0<-|
08-16 14:38:08.189 I/tvos    ( 1764): #12|->SDK_bPowerOnMute:0<-|->SDK_bUsrSpdifAudioMute:1<-|->SDK_bNullSourceMute:0<-|->SDK_bByAppMute:0<-|
08-16 14:38:08.189 I/tvos    ( 1764): ---Amplifier_ALC1310_LR_SWMute(0)
08-16 14:38:08.189 I/tvos    ( 1764): ALC1310 unmute good, addr: 0x13 readbackvalue: 4 
08-16 14:38:08.193 I/tvos    ( 1764): SetSoundMuteStatus : m_hpMute : 1, m_spdifMute : 1, m_DataInMute : 0, m_channel7Mute : 0, m_internalMute : 0, m_spkrMute : 0, m_PcmCapture1Mute : 0, m_PcmCapture2Mute : 0 
08-16 14:38:08.193 I/AudioUtil( 1758): setParameters spk_volume=0
08-16 14:38:08.193 I/audio_hw_primary( 1758): adev_set_parameters: spk_volume=0
08-16 14:38:08.194 I/tvos    ( 1764): GetAudioOutputDevice, retval : 0
08-16 14:38:08.195 I/tvos    ( 1764): [SetMuteStatus] call SetSoundMuteStatus, line : 10369, muteType: 67108864, onOff : 1 
08-16 14:38:08.195 I/tvos    ( 1764): _TransMSrvMuteTypeToSDKMuteType: Err! muteType(67108864) is out of Range
08-16 14:38:08.197 I/tvos    ( 1764): [SetMuteStatus] call SetSoundMuteStatus, line : 10369, muteType: 4, onOff : 1 
08-16 14:38:08.197 I/tvos    ( 1764): [audioBSP] #1 m_internalMute : 0 ..
08-16 14:38:08.197 I/tvos    ( 1764): #1|->SDK_bPermanentAudioMute:0<-|->SDK_bMomentAudioMute:0 <-|->SDK_bBySyncAudioMute:0<-|->SDK_bByBlockAudioMute:0<-|->SDK_bByVChipAudioMute:0<-|
08-16 14:38:08.197 I/tvos    ( 1764): #1|->SDK_bInternal1AudioMute:0<-|->SDK_bInternal2AudioMute:0<-|->SDK_bInternal3AudioMute:0<-|->SDK_bInternal4AudioMute:0<-|
08-16 14:38:08.197 I/tvos    ( 1764): #1|->SDK_bByScanInOutchgCHchg:0<-|->SDK_bByDuringLimitedTimeAudioMute:0<-|->SDK_bSourceSwitchAudioMute:0<-|
08-16 14:38:08.197 I/tvos    ( 1764): #1|->SDK_bMHEGApMute:0<-|->SDK_bAllAudioMuteCtrl:0<-|->SDK_bPowerOnMute:0<-|->SDK_bNullSourceMute0<-|->SDK_bSetInputSourceAudioMute:0<-|
08-16 14:38:08.197 I/tvos    ( 1764): [audioBSP] #2 m_spkrMute : 1 ..|->SDK_bUsrSpkrAudioMute:0<-|->SDK_bPowerOnMute:0<-|->SDK_bByUserAudioMute:1<-|
08-16 14:38:08.197 I/tvos    ( 1764): [audioBSP] #3 m_PcmCapture2Mute:1 |->SDK_bByUserPcmCapture2Mute:0<-|->SDK_SUB_bByUserAudioMute:0<-|->SDK_bByUserAudioMute:1<-|
08-16 14:38:08.197 I/tvos    ( 1764): [audioBSP] #5 m_hpMute : 1 ..|->SDK_bUsrHpAudioMute:1<-|->SDK_bPowerOnMute:0<-|->SDK_bByUserAudioMute:1<-|
08-16 14:38:08.197 I/tvos    ( 1764): [audioBSP] #12 m_spdifMute : 1 ..
08-16 14:38:08.197 I/tvos    ( 1764): #12|->SDK_bPermanentAudioMute:0<-|->SDK_bMomentAudioMute:0<-|->SDK_bByBlockAudioMute:0<-|
08-16 14:38:08.197 I/tvos    ( 1764): #12|->SDK_bByVChipAudioMute:0<-|->SDK_bInternal1AudioMute:0<-|->SDK_bInternal4AudioMute:0<-|
08-16 14:38:08.197 I/tvos    ( 1764): #12|->SDK_bByDuringLimitedTimeAudioMute:0<-|->SDK_bSourceSwitchAudioMute:0<-|->SDK_bMHEGApMute:0<-|
08-16 14:38:08.197 I/tvos    ( 1764): #12|->SDK_bPowerOnMute:0<-|->SDK_bUsrSpdifAudioMute:1<-|->SDK_bNullSourceMute:0<-|->SDK_bByAppMute:0<-|
08-16 14:38:08.197 I/tvos    ( 1764): ---Amplifier_ALC1310_LR_SWMute(1)
08-16 14:38:08.197 I/tvos    ( 1764): ALC1310 mute write good, addr: 0x13, readback data : 49164, write cmd times : 1
08-16 14:38:08.199 I/tvos    ( 1764): SetSoundMuteStatus : m_hpMute : 1, m_spdifMute : 1, m_DataInMute : 0, m_channel7Mute : 0, m_internalMute : 0, m_spkrMute : 1, m_PcmCapture1Mute : 0, m_PcmCapture2Mute : 1 
08-16 14:38:08.309 I/tvos    ( 1764): GetAudioOutputDevice, retval : 0
08-16 14:38:08.423 I/System.out( 2822): From style:
08-16 14:38:08.423 I/System.out( 2822): Attrs: 3010001=0.6 3010002=#0 3010003=null 3010004=true
08-16 14:38:08.426 I/GlobalSettings( 2822): AdvanceDialog -- mFarSpeaker = 
08-16 14:38:08.431 W/InputDispatcher( 2207): Focus left window: Window{b018ed4 u0 com.stv.globalsetting}
08-16 14:38:08.431 W/InputDispatcher( 2207): Focus entered window: Window{4e7e91f u0 com.stv.globalsetting}
08-16 14:38:08.434 I/GlobalSettings( 2822): BaseMultiLayerDialogHelper -- setDisMissTime on start
08-16 14:38:08.434 I/GlobalSettings( 2822): ReportEuiLog_U -- ReportEuiLog action is: tvaction and reportmsg is: action=perQuickSetClick&setModule=1
08-16 14:38:08.435 I/GlobalSettings( 2822): SettingDialog -- Open_SettingActivity_Result is: true
08-16 14:38:08.454 E/BufferQueueProducer( 1749): [] connect(P): already connected (cur=1 req=1)
08-16 14:38:08.536 E/BufferQueueProducer( 1749): [] connect(P): already connected (cur=1 req=1)
08-16 14:38:08.550 E/SurfaceFlinger( 1749): rejecting buffer: bufWidth=601, bufHeight=1080, front.active.{w=600, h=1080}
08-16 14:38:08.556 E/BufferQueueProducer( 1749): [] connect(P): already connected (cur=1 req=1)
08-16 14:38:08.560 I/tvos    ( 1764): GetAudioOutputDevice, retval : 0
08-16 14:38:08.590 E/SurfaceFlinger( 1749): rejecting buffer: bufWidth=602, bufHeight=1080, front.active.{w=600, h=1080}
08-16 14:38:08.596 E/BufferQueueProducer( 1749): [] connect(P): already connected (cur=1 req=1)
08-16 14:38:08.630 E/SurfaceFlinger( 1749): rejecting buffer: bufWidth=604, bufHeight=1080, front.active.{w=600, h=1080}
08-16 14:38:08.633 I/LetvManager-LogReport( 1780): [send_msg] line: 490 report url = http://log.hdtv.cp21.ott.cibntv.net:80/api/log/tvAction
08-16 14:38:08.638 E/BufferQueueProducer( 1749): [] connect(P): already connected (cur=1 req=1)
08-16 14:38:08.670 E/SurfaceFlinger( 1749): rejecting buffer: bufWidth=610, bufHeight=1080, front.active.{w=600, h=1080}
08-16 14:38:08.677 E/BufferQueueProducer( 1749): [] connect(P): already connected (cur=1 req=1)
08-16 14:38:08.710 E/SurfaceFlinger( 1749): rejecting buffer: bufWidth=616, bufHeight=1080, front.active.{w=600, h=1080}
08-16 14:38:08.717 E/BufferQueueProducer( 1749): [] connect(P): already connected (cur=1 req=1)
08-16 14:38:08.750 E/SurfaceFlinger( 1749): rejecting buffer: bufWidth=622, bufHeight=1080, front.active.{w=600, h=1080}
08-16 14:38:08.758 E/BufferQueueProducer( 1749): [] connect(P): already connected (cur=1 req=1)
08-16 14:38:08.770 E/SurfaceFlinger( 1749): rejecting buffer: bufWidth=627, bufHeight=1080, front.active.{w=600, h=1080}
08-16 14:38:08.776 E/BufferQueueProducer( 1749): [] connect(P): already connected (cur=1 req=1)
08-16 14:38:08.785 I/APM::AudioPolicyEngine( 1758): getDeviceForStrategy, 359
08-16 14:38:08.790 E/SurfaceFlinger( 1749): rejecting buffer: bufWidth=629, bufHeight=1080, front.active.{w=600, h=1080}
08-16 14:38:08.799 E/BufferQueueProducer( 1749): [] connect(P): already connected (cur=1 req=1)
08-16 14:38:08.810 I/tvos    ( 1764): GetAudioOutputDevice, retval : 0
08-16 14:38:09.061 I/tvos    ( 1764): GetAudioOutputDevice, retval : 0
08-16 14:38:09.307 I/remotestatus( 2207): Msg.what is 101
08-16 14:38:09.307 I/WindowManager( 2207): turn cursor off
08-16 14:38:09.307 E/RemoteManager( 2207): RemoteManager is no longer support in eui6.5
08-16 14:38:09.307 W/InputDispatcher( 2207): findFocusedWindow finished: injectionResult=0, timeSpentWaitingForApplication=0.0ms
08-16 14:38:09.309 E/InputManager-JNI( 2207): call nativeDisableCursor method with hideCursor
08-16 14:38:09.309 I/GlobalSettings( 2822): BaseMultiLayerDialogHelper -- setDisMissTime on start
08-16 14:38:09.313 W/ContextImpl( 2822): Calling a method in the system process without a qualified user: android.app.ContextImpl.startService:1224 android.content.ContextWrapper.startService:581 com.stv.settingadapter.EqManager.updateBinder:869 com.stv.settingadapter.EqManager.getInstance:176 com.stv.globalsetting.util.Util.playFocusSound:1074 
08-16 14:38:09.318 I/tvos    ( 1764): GetAudioOutputDevice, retval : 0
08-16 14:38:09.368 I/SoundPool( 2207): enter : func play
08-16 14:38:09.369 I/APM::AudioPolicyEngine( 1758): getDeviceForStrategy, 359
08-16 14:38:09.370 I/audio_hw_primary( 1758): version:a00004 adev_create_audio_patch::mix->device 
08-16 14:38:09.371 I/audio_hw_primary( 1758): adev_create_audio_patch *handle=-1420227928 num_audio_patch=3
08-16 14:38:09.374 W/InputDispatcher( 2207): findFocusedWindow finished: injectionResult=0, timeSpentWaitingForApplication=0.0ms
08-16 14:38:09.375 I/GlobalSettings( 2822): BaseMultiLayerDialogHelper -- setDisMissTime on start
08-16 14:38:09.375 E/AudioManagerService( 1803): setAudioVolume(callingPid 1758, clientPid 1758, enSoundPath 0, volumn:0 )
08-16 14:38:09.378 I/tvos    ( 1764): SetVolume, subWooExist 0!
08-16 14:38:09.378 I/tvos    ( 1764): mapi_audio_customer::SetAbsoluteVolume: project name is X440M
08-16 14:38:09.378 I/tvos    ( 1764): SetAbsoluteVolume: uPercent : 0, path=52(speaker), VolumeInt=7f, VolumeFra=0
08-16 14:38:09.378 I/tvos    ( 1764): SetAbsoluteVolume: uPercent(currVol) : 0, realPath=52(default), VolumeInt=7f, VolumeFra=0
08-16 14:38:09.378 I/tvos    ( 1764): mapi_audio_customer::SetAbsoluteVolume: project name is X440M
08-16 14:38:09.378 I/tvos    ( 1764): SetAbsoluteVolume: uPercent : 0, path=49(HP), VolumeInt=7f, VolumeFra=0
08-16 14:38:09.378 I/tvos    ( 1764): SetAbsoluteVolume: uPercent(currVol) : 0, realPath=49(default), VolumeInt=7f, VolumeFra=0
08-16 14:38:09.378 I/tvos    ( 1764): mapi_audio_customer::SetAbsoluteVolume: project name is X440M
08-16 14:38:09.378 I/tvos    ( 1764): SetAbsoluteVolume, m_bBTDetect is false! 
08-16 14:38:09.378 I/tvos    ( 1764): mapi_audio_customer::SetAbsoluteVolume: project name is X440M
08-16 14:38:09.378 I/tvos    ( 1764): SetAbsoluteVolume: uPercent : 0, path=255(speaker), VolumeInt=7f, VolumeFra=0
08-16 14:38:09.378 I/tvos    ( 1764): SetAbsoluteVolume: uPercent(currVol) : 0, realPath=255(default), VolumeInt=7f, VolumeFra=0
08-16 14:38:09.378 I/tvos    ( 1764): [SetMuteStatus] call SetSoundMuteStatus, line : 10369, muteType: 4, onOff : 0 
08-16 14:38:09.378 I/tvos    ( 1764): [audioBSP] #1 m_internalMute : 0 ..
08-16 14:38:09.378 I/tvos    ( 1764): #1|->SDK_bPermanentAudioMute:0<-|->SDK_bMomentAudioMute:0 <-|->SDK_bBySyncAudioMute:0<-|->SDK_bByBlockAudioMute:0<-|->SDK_bByVChipAudioMute:0<-|
08-16 14:38:09.378 I/tvos    ( 1764): #1|->SDK_bInternal1AudioMute:0<-|->SDK_bInternal2AudioMute:0<-|->SDK_bInternal3AudioMute:0<-|->SDK_bInternal4AudioMute:0<-|
08-16 14:38:09.378 I/tvos    ( 1764): #1|->SDK_bByScanInOutchgCHchg:0<-|->SDK_bByDuringLimitedTimeAudioMute:0<-|->SDK_bSourceSwitchAudioMute:0<-|
08-16 14:38:09.378 I/tvos    ( 1764): #1|->SDK_bMHEGApMute:0<-|->SDK_bAllAudioMuteCtrl:0<-|->SDK_bPowerOnMute:0<-|->SDK_bNullSourceMute0<-|->SDK_bSetInputSourceAudioMute:0<-|
08-16 14:38:09.378 I/tvos    ( 1764): [audioBSP] #2 m_spkrMute : 0 ..|->SDK_bUsrSpkrAudioMute:0<-|->SDK_bPowerOnMute:0<-|->SDK_bByUserAudioMute:0<-|
08-16 14:38:09.378 I/tvos    ( 1764): [audioBSP] #3 m_PcmCapture2Mute:0 |->SDK_bByUserPcmCapture2Mute:0<-|->SDK_SUB_bByUserAudioMute:0<-|->SDK_bByUserAudioMute:0<-|
08-16 14:38:09.378 I/tvos    ( 1764): [audioBSP] #5 m_hpMute : 1 ..|->SDK_bUsrHpAudioMute:1<-|->SDK_bPowerOnMute:0<-|->SDK_bByUserAudioMute:0<-|
08-16 14:38:09.378 I/tvos    ( 1764): [audioBSP] #12 m_spdifMute : 1 ..
08-16 14:38:09.378 I/tvos    ( 1764): #12|->SDK_bPermanentAudioMute:0<-|->SDK_bMomentAudioMute:0<-|->SDK_bByBlockAudioMute:0<-|
08-16 14:38:09.378 I/tvos    ( 1764): #12|->SDK_bByVChipAudioMute:0<-|->SDK_bInternal1AudioMute:0<-|->SDK_bInternal4AudioMute:0<-|
08-16 14:38:09.378 I/tvos    ( 1764): #12|->SDK_bByDuringLimitedTimeAudioMute:0<-|->SDK_bSourceSwitchAudioMute:0<-|->SDK_bMHEGApMute:0<-|
08-16 14:38:09.378 I/tvos    ( 1764): #12|->SDK_bPowerOnMute:0<-|->SDK_bUsrSpdifAudioMute:1<-|->SDK_bNullSourceMute:0<-|->SDK_bByAppMute:0<-|
08-16 14:38:09.378 I/tvos    ( 1764): ---Amplifier_ALC1310_LR_SWMute(0)
08-16 14:38:09.381 I/tvos    ( 1764): ALC1310 unmute good, addr: 0x13 readbackvalue: 4 
08-16 14:38:09.383 I/tvos    ( 1764): SetSoundMuteStatus : m_hpMute : 1, m_spdifMute : 1, m_DataInMute : 0, m_channel7Mute : 0, m_internalMute : 0, m_spkrMute : 0, m_PcmCapture1Mute : 0, m_PcmCapture2Mute : 0 
08-16 14:38:09.383 I/AudioUtil( 1758): setParameters spk_volume=0
08-16 14:38:09.383 I/audio_hw_primary( 1758): adev_set_parameters: spk_volume=0
08-16 14:38:09.384 I/tvos    ( 1764): GetAudioOutputDevice, retval : 0
08-16 14:38:09.384 I/tvos    ( 1764): [SetMuteStatus] call SetSoundMuteStatus, line : 10369, muteType: 67108864, onOff : 1 
08-16 14:38:09.384 I/tvos    ( 1764): _TransMSrvMuteTypeToSDKMuteType: Err! muteType(67108864) is out of Range
08-16 14:38:09.386 I/tvos    ( 1764): [SetMuteStatus] call SetSoundMuteStatus, line : 10369, muteType: 4, onOff : 1 
08-16 14:38:09.386 I/tvos    ( 1764): [audioBSP] #1 m_internalMute : 0 ..
08-16 14:38:09.386 I/tvos    ( 1764): #1|->SDK_bPermanentAudioMute:0<-|->SDK_bMomentAudioMute:0 <-|->SDK_bBySyncAudioMute:0<-|->SDK_bByBlockAudioMute:0<-|->SDK_bByVChipAudioMute:0<-|
08-16 14:38:09.386 I/tvos    ( 1764): #1|->SDK_bInternal1AudioMute:0<-|->SDK_bInternal2AudioMute:0<-|->SDK_bInternal3AudioMute:0<-|->SDK_bInternal4AudioMute:0<-|
08-16 14:38:09.386 I/tvos    ( 1764): #1|->SDK_bByScanInOutchgCHchg:0<-|->SDK_bByDuringLimitedTimeAudioMute:0<-|->SDK_bSourceSwitchAudioMute:0<-|
08-16 14:38:09.386 I/tvos    ( 1764): #1|->SDK_bMHEGApMute:0<-|->SDK_bAllAudioMuteCtrl:0<-|->SDK_bPowerOnMute:0<-|->SDK_bNullSourceMute0<-|->SDK_bSetInputSourceAudioMute:0<-|
08-16 14:38:09.386 I/tvos    ( 1764): [audioBSP] #2 m_spkrMute : 1 ..|->SDK_bUsrSpkrAudioMute:0<-|->SDK_bPowerOnMute:0<-|->SDK_bByUserAudioMute:1<-|
08-16 14:38:09.386 I/tvos    ( 1764): [audioBSP] #3 m_PcmCapture2Mute:1 |->SDK_bByUserPcmCapture2Mute:0<-|->SDK_SUB_bByUserAudioMute:0<-|->SDK_bByUserAudioMute:1<-|
08-16 14:38:09.386 I/tvos    ( 1764): [audioBSP] #5 m_hpMute : 1 ..|->SDK_bUsrHpAudioMute:1<-|->SDK_bPowerOnMute:0<-|->SDK_bByUserAudioMute:1<-|
08-16 14:38:09.386 I/tvos    ( 1764): [audioBSP] #12 m_spdifMute : 1 ..
08-16 14:38:09.386 I/tvos    ( 1764): #12|->SDK_bPermanentAudioMute:0<-|->SDK_bMomentAudioMute:0<-|->SDK_bByBlockAudioMute:0<-|
08-16 14:38:09.386 I/tvos    ( 1764): #12|->SDK_bByVChipAudioMute:0<-|->SDK_bInternal1AudioMute:0<-|->SDK_bInternal4AudioMute:0<-|
08-16 14:38:09.386 I/tvos    ( 1764): #12|->SDK_bByDuringLimitedTimeAudioMute:0<-|->SDK_bSourceSwitchAudioMute:0<-|->SDK_bMHEGApMute:0<-|
