08-16 14:38:42.074 W/InputDispatcher( 2207): findFocusedWindow finished: injectionResult=0, timeSpentWaitingForApplication=0.0ms
08-16 14:38:42.111 I/AppPlugin( 3007): ReportLogUtil -- startExposureReport
08-16 14:38:42.123 I/tvos    ( 1764): GetAudioOutputDevice, retval : 0
08-16 14:38:42.216 I/AppPlugin( 3007): AppFragment --  find index 0 view = Background {mUrl = http://picture-scloud.cp21.ott.cibntv.net/stargazer/1532585612302_1103 isTimeOut = false type = 2 mPluginID = null isDied = false}
08-16 14:38:42.216 I/AppPlugin( 3007): AppFragment --  remove bg 
08-16 14:38:42.374 I/tvos    ( 1764): GetAudioOutputDevice, retval : 0
08-16 14:38:42.624 I/tvos    ( 1764): GetAudioOutputDevice, retval : 0
08-16 14:38:42.719 W/InputDispatcher( 2207): findFocusedWindow finished: injectionResult=0, timeSpentWaitingForApplication=0.0ms
08-16 14:38:42.723 W/InputDispatcher( 2207): findFocusedWindow finished: injectionResult=0, timeSpentWaitingForApplication=0.0ms
08-16 14:38:42.875 I/tvos    ( 1764): GetAudioOutputDevice, retval : 0
08-16 14:38:43.125 I/tvos    ( 1764): GetAudioOutputDevice, retval : 0
08-16 14:38:43.207 E/LETV_DEVICE( 1780): no name sn for Mstar
08-16 14:38:43.212 I/StvLogReport( 2837): StargazerReportTask, action=desktopShow&desktop=5&packageName=com.stv.plugin.app
08-16 14:38:43.213 I/AppPlugin( 3007): AppFragment -- handlerData isRefreshedUI = true isCanUpdate() = true isCanInit() = true
08-16 14:38:43.222 I/StvLogReport( 2837): StargazerReportTask, reponse2 : {"status":"OK","statusCode":200,"message":"succeefully"}
08-16 14:38:43.222 E/ActivityThread( 2837): Failed to find provider info for com.letv.agnes.InfoProvider
08-16 14:38:43.223 E/ActivityThread( 2837): Failed to find provider info for com.letv.agnes.InfoProvider
08-16 14:38:43.223 W/System.err( 2837): java.lang.IllegalArgumentException: Unknown URL content://com.letv.agnes.InfoProvider
08-16 14:38:43.223 W/System.err( 2837): 	at android.content.ContentResolver.insert(ContentResolver.java:1227)
08-16 14:38:43.223 W/System.err( 2837): 	at com.letv.tracker2.agnes.Configuration.addDebugInfo(Configuration.java:289)
08-16 14:38:43.223 W/System.err( 2837): 	at com.letv.tracker2.agnes.MessageProcessor$SendEnvMsgTr$1.handleMessage(MessageProcessor.java:661)
08-16 14:38:43.223 W/System.err( 2837): 	at android.os.Handler.dispatchMessage(Handler.java:102)
08-16 14:38:43.223 W/System.err( 2837): 	at android.os.Looper.loop(Looper.java:148)
08-16 14:38:43.224 W/System.err( 2837): 	at com.letv.tracker2.agnes.MessageProcessor$SendEnvMsgTr.run(MessageProcessor.java:665)
08-16 14:38:43.228 W/InputDispatcher( 2207): findFocusedWindow finished: injectionResult=0, timeSpentWaitingForApplication=0.0ms
08-16 14:38:43.228 I/[T1.0.6.3]EuiAgnes_Server( 2837): resCode:1
08-16 14:38:43.228 I/[T1.0.6.3]EuiAgnes_Server( 2837): b[0]:0
08-16 14:38:43.236 W/InputDispatcher( 2207): findFocusedWindow finished: injectionResult=0, timeSpentWaitingForApplication=0.0ms
08-16 14:38:43.288 I/LetvManager-LogReport( 1780): [send_msg] line: 490 report url = http://log.hdtv.cp21.ott.cibntv.net:80/api/log/tvAction
08-16 14:38:43.376 I/tvos    ( 1764): GetAudioOutputDevice, retval : 0
08-16 14:38:43.626 I/tvos    ( 1764): GetAudioOutputDevice, retval : 0
08-16 14:38:43.679 E/LetvRemoteupgradeManager-JNI( 2613): can't get LetvManager service!
08-16 14:38:43.741 W/InputDispatcher( 2207): findFocusedWindow finished: injectionResult=0, timeSpentWaitingForApplication=0.0ms
08-16 14:38:43.746 W/InputDispatcher( 2207): findFocusedWindow finished: injectionResult=0, timeSpentWaitingForApplication=0.0ms
08-16 14:38:43.877 I/tvos    ( 1764): GetAudioOutputDevice, retval : 0
08-16 14:38:44.113 I/PluginFramework -- WidgetManager( 3007): getWidget id =#com.stv.plugin.app#
08-16 14:38:44.113 I/PluginFramework -- WidgetManager( 3007): getWidget widget = Widget{, mWidgetId=com.stv.plugin.app, mState=15, mLocation='/data/user/0/com.stv.launcher/files/plugins/com.stv.plugin.app_LetvAppPlugin_2.5.0.005_2018050710.apk', mVersionName='2.5.0.005', mVersionCode=2018050710, mName='LetvAppPlugin', mDexDir='/data/user/0/com.stv.launcher/files/plugins_data/com.stv.plugin.app/dex/', mLibDir='/data/user/0/com.stv.launcher/files/plugins_data/com.stv.plugin.app/libs/', mDataDir='/data/user/0/com.stv.launcher/files/plugins_data/com.stv.plugin.app'}
08-16 14:38:44.114 I/PluginFramework -- WidgetManager( 3007): getWidget id =#com.stv.plugin.app#
08-16 14:38:44.114 I/PluginFramework -- WidgetManager( 3007): getWidget widget = Widget{, mWidgetId=com.stv.plugin.app, mState=15, mLocation='/data/user/0/com.stv.launcher/files/plugins/com.stv.plugin.app_LetvAppPlugin_2.5.0.005_2018050710.apk', mVersionName='2.5.0.005', mVersionCode=2018050710, mName='LetvAppPlugin', mDexDir='/data/user/0/com.stv.launcher/files/plugins_data/com.stv.plugin.app/dex/', mLibDir='/data/user/0/com.stv.launcher/files/plugins_data/com.stv.plugin.app/libs/', mDataDir='/data/user/0/com.stv.launcher/files/plugins_data/com.stv.plugin.app'}
08-16 14:38:44.115 I/PluginFramework -- WidgetManager( 3007): getWidget id =#com.stv.plugin.app#
08-16 14:38:44.115 I/PluginFramework -- WidgetManager( 3007): getWidget widget = Widget{, mWidgetId=com.stv.plugin.app, mState=15, mLocation='/data/user/0/com.stv.launcher/files/plugins/com.stv.plugin.app_LetvAppPlugin_2.5.0.005_2018050710.apk', mVersionName='2.5.0.005', mVersionCode=2018050710, mName='LetvAppPlugin', mDexDir='/data/user/0/com.stv.launcher/files/plugins_data/com.stv.plugin.app/dex/', mLibDir='/data/user/0/com.stv.launcher/files/plugins_data/com.stv.plugin.app/libs/', mDataDir='/data/user/0/com.stv.launcher/files/plugins_data/com.stv.plugin.app'}
08-16 14:38:44.117 I/PluginFramework -- WidgetManager( 3007): getWidget id =#com.stv.plugin.app#
08-16 14:38:44.117 I/PluginFramework -- WidgetManager( 3007): getWidget widget = Widget{, mWidgetId=com.stv.plugin.app, mState=15, mLocation='/data/user/0/com.stv.launcher/files/plugins/com.stv.plugin.app_LetvAppPlugin_2.5.0.005_2018050710.apk', mVersionName='2.5.0.005', mVersionCode=2018050710, mName='LetvAppPlugin', mDexDir='/data/user/0/com.stv.launcher/files/plugins_data/com.stv.plugin.app/dex/', mLibDir='/data/user/0/com.stv.launcher/files/plugins_data/com.stv.plugin.app/libs/', mDataDir='/data/user/0/com.stv.launcher/files/plugins_data/com.stv.plugin.app'}
08-16 14:38:44.118 I/PluginFramework -- WidgetManager( 3007): getWidget id =#com.stv.plugin.app#
08-16 14:38:44.118 I/PluginFramework -- WidgetManager( 3007): getWidget widget = Widget{, mWidgetId=com.stv.plugin.app, mState=15, mLocation='/data/user/0/com.stv.launcher/files/plugins/com.stv.plugin.app_LetvAppPlugin_2.5.0.005_2018050710.apk', mVersionName='2.5.0.005', mVersionCode=2018050710, mName='LetvAppPlugin', mDexDir='/data/user/0/com.stv.launcher/files/plugins_data/com.stv.plugin.app/dex/', mLibDir='/data/user/0/com.stv.launcher/files/plugins_data/com.stv.plugin.app/libs/', mDataDir='/data/user/0/com.stv.launcher/files/plugins_data/com.stv.plugin.app'}
08-16 14:38:44.119 I/PluginFramework -- WidgetManager( 3007): getWidget id =#com.stv.plugin.app#
08-16 14:38:44.119 I/PluginFramework -- WidgetManager( 3007): getWidget widget = Widget{, mWidgetId=com.stv.plugin.app, mState=15, mLocation='/data/user/0/com.stv.launcher/files/plugins/com.stv.plugin.app_LetvAppPlugin_2.5.0.005_2018050710.apk', mVersionName='2.5.0.005', mVersionCode=2018050710, mName='LetvAppPlugin', mDexDir='/data/user/0/com.stv.launcher/files/plugins_data/com.stv.plugin.app/dex/', mLibDir='/data/user/0/com.stv.launcher/files/plugins_data/com.stv.plugin.app/libs/', mDataDir='/data/user/0/com.stv.launcher/files/plugins_data/com.stv.plugin.app'}
08-16 14:38:44.120 I/PluginFramework -- WidgetManager( 3007): getWidget id =#com.stv.plugin.app#
08-16 14:38:44.120 I/PluginFramework -- WidgetManager( 3007): getWidget widget = Widget{, mWidgetId=com.stv.plugin.app, mState=15, mLocation='/data/user/0/com.stv.launcher/files/plugins/com.stv.plugin.app_LetvAppPlugin_2.5.0.005_2018050710.apk', mVersionName='2.5.0.005', mVersionCode=2018050710, mName='LetvAppPlugin', mDexDir='/data/user/0/com.stv.launcher/files/plugins_data/com.stv.plugin.app/dex/', mLibDir='/data/user/0/com.stv.launcher/files/plugins_data/com.stv.plugin.app/libs/', mDataDir='/data/user/0/com.stv.launcher/files/plugins_data/com.stv.plugin.app'}
08-16 14:38:44.121 I/PluginFramework -- WidgetManager( 3007): getWidget id =#com.stv.plugin.app#
08-16 14:38:44.121 I/PluginFramework -- WidgetManager( 3007): getWidget widget = Widget{, mWidgetId=com.stv.plugin.app, mState=15, mLocation='/data/user/0/com.stv.launcher/files/plugins/com.stv.plugin.app_LetvAppPlugin_2.5.0.005_2018050710.apk', mVersionName='2.5.0.005', mVersionCode=2018050710, mName='LetvAppPlugin', mDexDir='/data/user/0/com.stv.launcher/files/plugins_data/com.stv.plugin.app/dex/', mLibDir='/data/user/0/com.stv.launcher/files/plugins_data/com.stv.plugin.app/libs/', mDataDir='/data/user/0/com.stv.launcher/files/plugins_data/com.stv.plugin.app'}
08-16 14:38:44.122 I/PluginFramework -- WidgetManager( 3007): getWidget id =#com.stv.plugin.app#
08-16 14:38:44.122 I/PluginFramework -- WidgetManager( 3007): getWidget widget = Widget{, mWidgetId=com.stv.plugin.app, mState=15, mLocation='/data/user/0/com.stv.launcher/files/plugins/com.stv.plugin.app_LetvAppPlugin_2.5.0.005_2018050710.apk', mVersionName='2.5.0.005', mVersionCode=2018050710, mName='LetvAppPlugin', mDexDir='/data/user/0/com.stv.launcher/files/plugins_data/com.stv.plugin.app/dex/', mLibDir='/data/user/0/com.stv.launcher/files/plugins_data/com.stv.plugin.app/libs/', mDataDir='/data/user/0/com.stv.launcher/files/plugins_data/com.stv.plugin.app'}
08-16 14:38:44.127 I/tvos    ( 1764): GetAudioOutputDevice, retval : 0
08-16 14:38:44.210 I/Launcher( 3007): [com.stv.launcher] AdvertisingModel -- getData fromCache = false
08-16 14:38:44.216 I/Launcher( 3007): [com.stv.launcher] AdvertisingModel -- getData url = http://stargazer-sandbox.scloud.cp21.ott.cibntv.net/proxy/api/v1/promotion?mac=b01bd2542d51&posid=launcher_tab,launcher_logo,launcher_background,launcher_tab_isnew
08-16 14:38:44.262 I/Launcher( 3007): [com.stv.launcher] AdvertisingPresenter -- launcher_logo beginTime :Wed Dec 13 00:00:00 GMT+08:00 2017 end :Thu Dec 14 14:00:00 GMT+08:00 2017 now :Thu Aug 16 14:38:44 GMT+08:00 2018 isTimeout :true
08-16 14:38:44.262 I/Launcher( 3007): [com.stv.launcher] AdvertisingPresenter -- launcher_tab beginTime :Tue Jul 17 00:00:00 GMT+08:00 2018 end :Mon Oct 01 00:00:00 GMT+08:00 2018 now :Thu Aug 16 14:38:44 GMT+08:00 2018 isTimeout :false
08-16 14:38:44.262 I/Launcher( 3007): [com.stv.launcher] AdvertisingPresenter -- launcher_background beginTime :Tue Jul 17 00:00:00 GMT+08:00 2018 end :Mon Oct 01 00:00:00 GMT+08:00 2018 now :Thu Aug 16 14:38:44 GMT+08:00 2018 isTimeout :false
08-16 14:38:44.262 I/Launcher( 3007): [com.stv.launcher] AdvertisingPresenter -- updateView dataList : [img_url = http://picture-scloud.cp21.ott.cibntv.net/stargazer/1531809918780_3441 begin_time = 1531756800000 end_time = 1538323200000 open = 0 tab_id = com.stv.local.tencent position = launcher_tab, img_url = http://picture-scloud.cp21.ott.cibntv.net/stargazer/1532585612302_1103 begin_time = 1531756800000 end_time = 1538323200000 open = 0 tab_id = null position = launcher_background]
08-16 14:38:44.267 I/Launcher( 3007): [com.stv.launcher] AdvertisingPresenter --  updateTab : img_url = http://picture-scloud.cp21.ott.cibntv.net/stargazer/1531809918780_3441 begin_time = 1531756800000 end_time = 1538323200000 open = 0 tab_id = com.stv.local.tencent position = launcher_tab
08-16 14:38:44.267 I/Launcher( 3007): [com.stv.launcher] AdvertisingPresenter --  updateBackground img_url = http://picture-scloud.cp21.ott.cibntv.net/stargazer/1532585612302_1103 begin_time = 1531756800000 end_time = 1538323200000 open = 0 tab_id = null position = launcher_background
08-16 14:38:44.273 I/Launcher( 3007): [com.stv.launcher] AdvertisingPresenter --  updateTab cachedView null
08-16 14:38:44.273 I/Launcher( 3007): [com.stv.launcher] AdvertisingPresenter --  updateTab pluginId = com.stv.local.tencent imageUrl = http://picture-scloud.cp21.ott.cibntv.net/stargazer/1531809918780_3441
08-16 14:38:44.273 I/Launcher( 3007): [com.stv.launcher] AdvertisingPresenter --  updateAdView begin ---
08-16 14:38:44.273 I/Launcher( 3007): [com.stv.launcher] AdvertisingPresenter --  setCacheViewDied type = 3
08-16 14:38:44.273 I/Launcher( 3007): [com.stv.launcher] AdvertisingPresenter -- TAB beginTime :Tue Jul 17 00:00:00 GMT+08:00 2018 end :Mon Oct 01 00:00:00 GMT+08:00 2018 now :Thu Aug 16 14:38:44 GMT+08:00 2018 isTimeout :false
08-16 14:38:44.273 I/Launcher( 3007): [com.stv.launcher] AdvertisingPresenter --  updateAdView  canNew = true now = 1534401524273 nowSecond = 1534401524
08-16 14:38:44.273 I/Launcher( 3007): [com.stv.launcher] AdvertisingPresenter --  updateAdView ,find tabAdView = null
08-16 14:38:44.273 I/Launcher( 3007): [com.stv.launcher] AdvertisingPresenter --  checkShowOrHide  
08-16 14:38:44.273 I/Launcher( 3007): [com.stv.launcher] AdvertisingPresenter --  updateAdView end ---
08-16 14:38:44.273 I/Launcher( 3007): [com.stv.launcher] AdvertisingPresenter --  updateBackground cachedView Background {mUrl = http://picture-scloud.cp21.ott.cibntv.net/stargazer/1532585612302_1103 isTimeOut = true type = 2 mPluginID = null isDied = false}
08-16 14:38:44.273 I/Launcher( 3007): [com.stv.launcher] AdvertisingPresenter --  updateAdView begin ---
08-16 14:38:44.273 I/Launcher( 3007): [com.stv.launcher] AdvertisingPresenter --  updateAdView  canNew = false now = 1534401524273 nowSecond = 1534401524
08-16 14:38:44.273 I/Launcher( 3007): [com.stv.launcher] AdvertisingPresenter --  checkShowOrHide  
08-16 14:38:44.274 I/Launcher( 3007): [com.stv.launcher] AdvertisingPresenter --  updateAdView end ---
08-16 14:38:44.295 I/LetvManager-LogReport( 1780): [send_msg] line: 490 report url = http://log.hdtv.cp21.ott.cibntv.net:80/api/log/tvAction
08-16 14:38:44.378 I/tvos    ( 1764): GetAudioOutputDevice, retval : 0
08-16 14:38:44.392 I/Launcher( 3007): [com.stv.launcher] AdvertisingView -- ---show ----Background {mUrl = http://picture-scloud.cp21.ott.cibntv.net/stargazer/1532585612302_1103 isTimeOut = false type = 2 mPluginID = null isDied = false}
08-16 14:38:44.499 I/LetvManager-LogReport( 1780): [send_msg] line: 490 report url = http://log.hdtv.cp21.ott.cibntv.net:80/api/log/tvAction
08-16 14:38:44.628 I/tvos    ( 1764): GetAudioOutputDevice, retval : 0
08-16 14:38:44.706 I/LetvManager-LogReport( 1780): [send_msg] line: 490 report url = http://log.hdtv.cp21.ott.cibntv.net:80/api/log/tvAction
08-16 14:38:44.837 W/InputDispatcher( 2207): findFocusedWindow finished: injectionResult=0, timeSpentWaitingForApplication=0.0ms
08-16 14:38:44.841 W/InputDispatcher( 2207): findFocusedWindow finished: injectionResult=0, timeSpentWaitingForApplication=0.0ms
08-16 14:38:44.878 I/tvos    ( 1764): GetAudioOutputDevice, retval : 0
08-16 14:38:44.913 I/LetvManager-LogReport( 1780): [send_msg] line: 490 report url = http://log.hdtv.cp21.ott.cibntv.net:80/api/log/tvAction
08-16 14:38:45.117 I/LetvManager-LogReport( 1780): [send_msg] line: 490 report url = http://log.hdtv.cp21.ott.cibntv.net:80/api/log/tvAction
08-16 14:38:45.129 I/tvos    ( 1764): GetAudioOutputDevice, retval : 0
08-16 14:38:45.324 I/LetvManager-LogReport( 1780): [send_msg] line: 490 report url = http://log.hdtv.cp21.ott.cibntv.net:80/api/log/tvAction
08-16 14:38:45.344 W/InputDispatcher( 2207): findFocusedWindow finished: injectionResult=0, timeSpentWaitingForApplication=0.0ms
08-16 14:38:45.348 W/InputDispatcher( 2207): findFocusedWindow finished: injectionResult=0, timeSpentWaitingForApplication=0.0ms
08-16 14:38:45.379 I/tvos    ( 1764): GetAudioOutputDevice, retval : 0
08-16 14:38:45.529 I/LetvManager-LogReport( 1780): [send_msg] line: 490 report url = http://log.hdtv.cp21.ott.cibntv.net:80/api/log/tvAction
08-16 14:38:45.630 I/tvos    ( 1764): GetAudioOutputDevice, retval : 0
08-16 14:38:45.733 I/LetvManager-LogReport( 1780): [send_msg] line: 490 report url = http://log.hdtv.cp21.ott.cibntv.net:80/api/log/tvAction
08-16 14:38:45.880 I/tvos    ( 1764): GetAudioOutputDevice, retval : 0
08-16 14:38:45.944 I/LetvManager-LogReport( 1780): [send_msg] line: 490 report url = http://log.hdtv.cp21.ott.cibntv.net:80/api/log/tvAction
08-16 14:38:46.131 I/tvos    ( 1764): GetAudioOutputDevice, retval : 0
08-16 14:38:46.209 E/LETV_DEVICE( 1780): no name sn for Mstar
08-16 14:38:46.225 E/ActivityThread( 2837): Failed to find provider info for com.letv.agnes.InfoProvider
08-16 14:38:46.226 E/ActivityThread( 2837): Failed to find provider info for com.letv.agnes.InfoProvider
08-16 14:38:46.226 W/System.err( 2837): java.lang.IllegalArgumentException: Unknown URL content://com.letv.agnes.InfoProvider
08-16 14:38:46.226 W/System.err( 2837): 	at android.content.ContentResolver.insert(ContentResolver.java:1227)
08-16 14:38:46.227 W/System.err( 2837): 	at com.letv.tracker2.agnes.Configuration.addDebugInfo(Configuration.java:289)
08-16 14:38:46.227 W/System.err( 2837): 	at com.letv.tracker2.agnes.MessageProcessor$SendEnvMsgTr$1.handleMessage(MessageProcessor.java:661)
08-16 14:38:46.227 W/System.err( 2837): 	at android.os.Handler.dispatchMessage(Handler.java:102)
08-16 14:38:46.227 W/System.err( 2837): 	at android.os.Looper.loop(Looper.java:148)
08-16 14:38:46.227 W/System.err( 2837): 	at com.letv.tracker2.agnes.MessageProcessor$SendEnvMsgTr.run(MessageProcessor.java:665)
08-16 14:38:46.237 I/[T1.0.6.3]EuiAgnes_Server( 2837): resCode:1
08-16 14:38:46.237 I/[T1.0.6.3]EuiAgnes_Server( 2837): b[0]:0
08-16 14:38:46.287 I/tvos    ( 1764): [37m[INFO] Change to Voltage: 1030 mV (0x2E)[m
08-16 14:38:46.287 I/tvos    ( 1764): [37m[INFO] Change to Voltage: 1030 mV (0x2B)[m
08-16 14:38:46.287 I/tvos    ( 1764): [37m[INFO] Change to Voltage: 1030 mV (0x28)[m
08-16 14:38:46.287 I/tvos    ( 1764): [37m[INFO] Change to Voltage: 1030 mV (0x25)[m
08-16 14:38:46.287 I/tvos    ( 1764): [37m[INFO] Change to Voltage: 1030 mV (0x22)[m
08-16 14:38:46.287 I/tvos    ( 1764): [37m[INFO] Change to Voltage: 1030 mV (0x22)[m
08-16 14:38:46.351 I/LetvManager-LogReport( 1780): [send_msg] line: 490 report url = http://log.hdtv.cp21.ott.cibntv.net:80/api/log/tvAction
08-16 14:38:46.381 I/tvos    ( 1764): GetAudioOutputDevice, retval : 0
08-16 14:38:46.557 I/LetvManager-LogReport( 1780): [send_msg] line: 490 report url = http://log.hdtv.cp21.ott.cibntv.net:80/api/log/tvAction
08-16 14:38:46.631 I/tvos    ( 1764): GetAudioOutputDevice, retval : 0
08-16 14:38:46.679 E/LetvRemoteupgradeManager-JNI( 2613): can't get LetvManager service!
08-16 14:38:46.882 I/tvos    ( 1764): GetAudioOutputDevice, retval : 0
08-16 14:38:47.094 I/tvos    ( 1764): [37m[INFO] Change to Voltage: 1150 mV (0x22)[m
08-16 14:38:47.094 I/tvos    ( 1764): [37m[INFO] Change to Voltage: 1150 mV (0x25)[m
08-16 14:38:47.094 I/tvos    ( 1764): [37m[INFO] Change to Voltage: 1150 mV (0x28)[m
08-16 14:38:47.094 I/tvos    ( 1764): [37m[INFO] Change to Voltage: 1150 mV (0x2B)[m
08-16 14:38:47.095 I/tvos    ( 1764): [37m[INFO] Change to Voltage: 1150 mV (0x2E)[m
08-16 14:38:47.095 I/tvos    ( 1764): [37m[INFO] Change to Voltage: 1150 mV (0x2E)[m
08-16 14:38:47.126 W/InputDispatcher( 2207): findFocusedWindow finished: injectionResult=0, timeSpentWaitingForApplication=0.0ms
08-16 14:38:47.130 W/InputDispatcher( 2207): findFocusedWindow finished: injectionResult=0, timeSpentWaitingForApplication=0.0ms
08-16 14:38:47.132 I/tvos    ( 1764): GetAudioOutputDevice, retval : 0
08-16 14:38:47.190 I/tvos    ( 1764): [37m[INFO] Change to Voltage: 1030 mV (0x2E)[m
08-16 14:38:47.190 I/tvos    ( 1764): [37m[INFO] Change to Voltage: 1030 mV (0x2B)[m
08-16 14:38:47.190 I/tvos    ( 1764): [37m[INFO] Change to Voltage: 1030 mV (0x28)[m
08-16 14:38:47.190 I/tvos    ( 1764): [37m[INFO] Change to Voltage: 1030 mV (0x25)[m
08-16 14:38:47.191 I/tvos    ( 1764): [37m[INFO] Change to Voltage: 1030 mV (0x22)[m
08-16 14:38:47.192 I/tvos    ( 1764): [37m[INFO] Change to Voltage: 1030 mV (0x22)[m
08-16 14:38:47.383 I/tvos    ( 1764): GetAudioOutputDevice, retval : 0
08-16 14:38:47.633 I/tvos    ( 1764): GetAudioOutputDevice, retval : 0
08-16 14:38:47.884 I/tvos    ( 1764): GetAudioOutputDevice, retval : 0
08-16 14:38:48.134 I/tvos    ( 1764): GetAudioOutputDevice, retval : 0
08-16 14:38:48.384 I/tvos    ( 1764): GetAudioOutputDevice, retval : 0
08-16 14:38:48.635 I/tvos    ( 1764): GetAudioOutputDevice, retval : 0
08-16 14:38:48.819 I/System.out(21654): The phone type is: X4-40M
08-16 14:38:48.819 I/LetvTestCase(21654): ==========================case end time is :2018-8-16-2-38-48
08-16 14:38:48.820 I/TestRunner(21654): finished: testScreenSaver(com.letv.cases.leui.SmokeSetting)
08-16 14:38:48.824 I/MonitoringInstrumentation(21654): Activities that are still in CREATED to STOPPED: 0
08-16 14:38:48.825 I/TestRunner(21654): run finished: 1 tests, 0 failed, 0 ignored
08-16 14:38:48.827 I/MonitoringInstrumentation(21654): waitForActivitiesToComplete() took: 0ms
08-16 14:38:48.827 I/MonitoringInstrumentation(21654): Activities that are still in CREATED to STOPPED: 0
08-16 14:38:48.828 W/WindowManager( 2207): Attempted to remove non-existing token: android.os.Binder@a150ee6
08-16 14:38:48.845 I/ActivityManager( 2207): Force stopping com.le.tcauto.uitest appid=10097 user=0: finished inst
08-16 14:38:48.846 I/ActivityManager( 2207): Killing 21654:com.le.tcauto.uitest/u0a97 (adj 0): stop com.le.tcauto.uitest
08-16 14:38:48.885 I/tvos    ( 1764): GetAudioOutputDevice, retval : 0
08-16 14:38:49.136 I/tvos    ( 1764): GetAudioOutputDevice, retval : 0
08-16 14:38:49.347 I/reService( 2207): onReportKeyEvent  type=type0 keycode=20*23*23*20*23*4*4*4*4*4*4*4*4 
08-16 14:38:49.349 E/LETV_DEVICE( 1780): no name sn for Mstar
08-16 14:38:49.365 E/ActivityThread( 2837): Failed to find provider info for com.letv.agnes.InfoProvider
08-16 14:38:49.368 E/ActivityThread( 2837): Failed to find provider info for com.letv.agnes.InfoProvider
08-16 14:38:49.368 W/System.err( 2837): java.lang.IllegalArgumentException: Unknown URL content://com.letv.agnes.InfoProvider
08-16 14:38:49.368 W/System.err( 2837): 	at android.content.ContentResolver.insert(ContentResolver.java:1227)
08-16 14:38:49.368 W/System.err( 2837): 	at com.letv.tracker2.agnes.Configuration.addDebugInfo(Configuration.java:289)
08-16 14:38:49.368 W/System.err( 2837): 	at com.letv.tracker2.agnes.MessageProcessor$SendEnvMsgTr$1.handleMessage(MessageProcessor.java:661)
08-16 14:38:49.368 W/System.err( 2837): 	at android.os.Handler.dispatchMessage(Handler.java:102)
08-16 14:38:49.368 W/System.err( 2837): 	at android.os.Looper.loop(Looper.java:148)
08-16 14:38:49.368 W/System.err( 2837): 	at com.letv.tracker2.agnes.MessageProcessor$SendEnvMsgTr.run(MessageProcessor.java:665)
08-16 14:38:49.371 I/[T1.0.6.3]EuiAgnes_Server( 2837): resCode:1
08-16 14:38:49.372 I/[T1.0.6.3]EuiAgnes_Server( 2837): b[0]:0
08-16 14:38:49.386 I/tvos    ( 1764): GetAudioOutputDevice, retval : 0
08-16 14:38:49.636 I/tvos    ( 1764): GetAudioOutputDevice, retval : 0
08-16 14:38:49.681 E/LetvRemoteupgradeManager-JNI( 2613): can't get LetvManager service!
08-16 14:38:49.887 I/tvos    ( 1764): GetAudioOutputDevice, retval : 0
08-16 14:38:50.138 I/tvos    ( 1764): GetAudioOutputDevice, retval : 0
08-16 14:38:50.389 I/tvos    ( 1764): GetAudioOutputDevice, retval : 0
08-16 14:38:50.639 I/tvos    ( 1764): GetAudioOutputDevice, retval : 0
08-16 14:38:50.889 I/tvos    ( 1764): GetAudioOutputDevice, retval : 0
08-16 14:38:51.140 I/tvos    ( 1764): GetAudioOutputDevice, retval : 0
08-16 14:38:51.391 I/tvos    ( 1764): GetAudioOutputDevice, retval : 0
08-16 14:38:51.641 I/tvos    ( 1764): GetAudioOutputDevice, retval : 0
08-16 14:38:51.723 I/WifiStateMachine( 2207):  DisconnectedState !CMD_START_SCAN  rt=512398156/512398156 -2 34138 ic=1 proc(ms):15012 dur:2853 cnt=34138 rssi=-127 f=-1 sc=0 link=-1 tx=0.0, 0.0, 0.0  rx=0.0 fiv=20000 [on:0 tx:0 rx:0 period:15010] from screen [on:0 period:1098207051]
08-16 14:38:51.724 I/WifiStateMachine( 2207): handlescanrequest  starting scan for 
08-16 14:38:51.724 I/WifiStateMachine( 2207): startscannative  starting scan for 
08-16 14:38:51.787 I/tvos    ( 1764): [37m[INFO] Change to Voltage: 1130 mV (0x1F)[m
08-16 14:38:51.787 I/tvos    ( 1764): [37m[INFO] Change to Voltage: 1130 mV (0x22)[m
08-16 14:38:51.787 I/tvos    ( 1764): [37m[INFO] Change to Voltage: 1130 mV (0x25)[m
08-16 14:38:51.787 I/tvos    ( 1764): [37m[INFO] Change to Voltage: 1130 mV (0x28)[m
08-16 14:38:51.787 I/tvos    ( 1764): [37m[INFO] Change to Voltage: 1130 mV (0x2B)[m
08-16 14:38:51.787 I/tvos    ( 1764): [37m[INFO] Change to Voltage: 1130 mV (0x2C)[m
08-16 14:38:51.887 I/tvos    ( 1764): [37m[INFO] Change to Voltage: 1000 mV (0x2C)[m
08-16 14:38:51.887 I/tvos    ( 1764): [37m[INFO] Change to Voltage: 1000 mV (0x29)[m
08-16 14:38:51.887 I/tvos    ( 1764): [37m[INFO] Change to Voltage: 1000 mV (0x26)[m
08-16 14:38:51.887 I/tvos    ( 1764): [37m[INFO] Change to Voltage: 1000 mV (0x23)[m
08-16 14:38:51.887 I/tvos    ( 1764): [37m[INFO] Change to Voltage: 1000 mV (0x20)[m
08-16 14:38:51.887 I/tvos    ( 1764): [37m[INFO] Change to Voltage: 1000 mV (0x1F)[m
08-16 14:38:51.894 I/tvos    ( 1764): GetAudioOutputDevice, retval : 0
08-16 14:38:52.142 I/tvos    ( 1764): GetAudioOutputDevice, retval : 0
08-16 14:38:52.286 I/tvos    ( 1764): [37m[INFO] Change to Voltage: 1130 mV (0x1F)[m
08-16 14:38:52.286 I/tvos    ( 1764): [37m[INFO] Change to Voltage: 1130 mV (0x22)[m
08-16 14:38:52.286 I/tvos    ( 1764): [37m[INFO] Change to Voltage: 1130 mV (0x25)[m
08-16 14:38:52.286 I/tvos    ( 1764): [37m[INFO] Change to Voltage: 1130 mV (0x28)[m
08-16 14:38:52.286 I/tvos    ( 1764): [37m[INFO] Change to Voltage: 1130 mV (0x2B)[m
08-16 14:38:52.287 I/tvos    ( 1764): [37m[INFO] Change to Voltage: 1130 mV (0x2C)[m
08-16 14:38:52.386 I/tvos    ( 1764): [37m[INFO] Change to Voltage: 1000 mV (0x2C)[m
08-16 14:38:52.386 I/tvos    ( 1764): [37m[INFO] Change to Voltage: 1000 mV (0x29)[m
08-16 14:38:52.386 I/tvos    ( 1764): [37m[INFO] Change to Voltage: 1000 mV (0x26)[m
08-16 14:38:52.386 I/tvos    ( 1764): [37m[INFO] Change to Voltage: 1000 mV (0x23)[m
08-16 14:38:52.387 I/tvos    ( 1764): [37m[INFO] Change to Voltage: 1000 mV (0x20)[m
08-16 14:38:52.388 I/tvos    ( 1764): [37m[INFO] Change to Voltage: 1000 mV (0x1F)[m
08-16 14:38:52.393 I/tvos    ( 1764): GetAudioOutputDevice, retval : 0
08-16 14:38:52.643 I/tvos    ( 1764): GetAudioOutputDevice, retval : 0
08-16 14:38:52.682 E/LetvRemoteupgradeManager-JNI( 2613): can't get LetvManager service!
08-16 14:38:52.893 I/tvos    ( 1764): GetAudioOutputDevice, retval : 0
08-16 14:38:52.985 I/tvos    ( 1764): [37m[INFO] Change to Voltage: 1130 mV (0x1F)[m
08-16 14:38:52.985 I/tvos    ( 1764): [37m[INFO] Change to Voltage: 1130 mV (0x22)[m
08-16 14:38:52.985 I/tvos    ( 1764): [37m[INFO] Change to Voltage: 1130 mV (0x25)[m
08-16 14:38:52.986 I/tvos    ( 1764): [37m[INFO] Change to Voltage: 1130 mV (0x28)[m
08-16 14:38:52.987 I/tvos    ( 1764): [37m[INFO] Change to Voltage: 1130 mV (0x2B)[m
08-16 14:38:52.987 I/tvos    ( 1764): [37m[INFO] Change to Voltage: 1130 mV (0x2C)[m
08-16 14:38:53.086 I/tvos    ( 1764): [37m[INFO] Change to Voltage: 1000 mV (0x2C)[m
08-16 14:38:53.086 I/tvos    ( 1764): [37m[INFO] Change to Voltage: 1000 mV (0x29)[m
08-16 14:38:53.086 I/tvos    ( 1764): [37m[INFO] Change to Voltage: 1000 mV (0x26)[m
08-16 14:38:53.086 I/tvos    ( 1764): [37m[INFO] Change to Voltage: 1000 mV (0x23)[m
08-16 14:38:53.087 I/tvos    ( 1764): [37m[INFO] Change to Voltage: 1000 mV (0x20)[m
08-16 14:38:53.087 I/tvos    ( 1764): [37m[INFO] Change to Voltage: 1000 mV (0x1F)[m
08-16 14:38:53.144 I/tvos    ( 1764): GetAudioOutputDevice, retval : 0
08-16 14:38:53.394 I/tvos    ( 1764): GetAudioOutputDevice, retval : 0
08-16 14:38:53.645 I/tvos    ( 1764): GetAudioOutputDevice, retval : 0
08-16 14:38:53.895 I/tvos    ( 1764): GetAudioOutputDevice, retval : 0
08-16 14:38:54.146 I/tvos    ( 1764): GetAudioOutputDevice, retval : 0
08-16 14:38:54.396 I/tvos    ( 1764): GetAudioOutputDevice, retval : 0
08-16 14:38:54.627 I/WifiStateMachine( 2207):  DisconnectedState !SCAN_RESULTS_EVENT  rt=512401060/512401060 0 0 found=189 known=0 got=189 bcn=0 con=0
08-16 14:38:54.628 I/WifiStateMachine( 2207):  ConnectModeState !SCAN_RESULTS_EVENT  rt=512401061/512401061 0 0 found=189 known=0 got=189 bcn=0 con=0
08-16 14:38:54.628 I/WifiStateMachine( 2207):  DriverStartedState !SCAN_RESULTS_EVENT  rt=512401061/512401061 0 0 found=189 known=0 got=189 bcn=0 con=0
08-16 14:38:54.629 I/WifiStateMachine( 2207):  SupplicantStartedState !SCAN_RESULTS_EVENT  rt=512401062/512401062 0 0 found=189 known=0 got=189 bcn=0 con=0
08-16 14:38:54.647 I/tvos    ( 1764): GetAudioOutputDevice, retval : 0
08-16 14:38:54.760 I/WifiStateMachine( 2207): setscanresults newsupplicantresult
08-16 14:38:54.898 I/tvos    ( 1764): GetAudioOutputDevice, retval : 0
08-16 14:38:55.148 I/tvos    ( 1764): GetAudioOutputDevice, retval : 0
08-16 14:38:55.399 I/tvos    ( 1764): GetAudioOutputDevice, retval : 0
08-16 14:38:55.650 I/tvos    ( 1764): GetAudioOutputDevice, retval : 0
08-16 14:38:55.682 E/LetvRemoteupgradeManager-JNI( 2613): can't get LetvManager service!
08-16 14:38:55.900 I/tvos    ( 1764): GetAudioOutputDevice, retval : 0
08-16 14:38:56.151 I/tvos    ( 1764): GetAudioOutputDevice, retval : 0
08-16 14:38:56.401 I/tvos    ( 1764): GetAudioOutputDevice, retval : 0
08-16 14:38:56.652 I/tvos    ( 1764): GetAudioOutputDevice, retval : 0
08-16 14:38:56.902 I/tvos    ( 1764): GetAudioOutputDevice, retval : 0
08-16 14:38:57.152 I/tvos    ( 1764): GetAudioOutputDevice, retval : 0
08-16 14:38:57.403 I/tvos    ( 1764): GetAudioOutputDevice, retval : 0
08-16 14:38:57.654 I/tvos    ( 1764): GetAudioOutputDevice, retval : 0
08-16 14:38:57.904 I/tvos    ( 1764): GetAudioOutputDevice, retval : 0
08-16 14:38:58.154 I/tvos    ( 1764): GetAudioOutputDevice, retval : 0
08-16 14:38:58.405 I/tvos    ( 1764): GetAudioOutputDevice, retval : 0
08-16 14:38:58.655 I/tvos    ( 1764): GetAudioOutputDevice, retval : 0
08-16 14:38:58.685 E/LetvRemoteupgradeManager-JNI( 2613): can't get LetvManager service!
08-16 14:38:58.749 I/tvos    ( 1764): bq32kDriver:rtc_read_time.
08-16 14:38:58.749 I/tvos    ( 1764): [hq]rtc_read_time: read 0x58 0x38 0xc6 0x05 0x16 0x08 0x18
08-16 14:38:58.749 I/tvos    ( 1764): rtc_read_time: date 58s 38m 6h 16md 7m 118y
08-16 14:38:58.749 I/tvos    ( 1764): rtc read time:2018-8-16 6:38:58.
08-16 14:38:58.749 I/tvos    ( 1764): tm_year = 2018, tm_mon = 8, tm_mday = 16, tm_hour = 6,tm_min= 38,  tm_sec = 58
08-16 14:38:58.749 I/tvos    ( 1764): timeSeconds:1534401538 rtcTimeSeconds:1534401538.
08-16 14:38:58.906 I/tvos    ( 1764): GetAudioOutputDevice, retval : 0
08-16 14:38:59.156 I/tvos    ( 1764): GetAudioOutputDevice, retval : 0
08-16 14:38:59.407 I/tvos    ( 1764): GetAudioOutputDevice, retval : 0
08-16 14:38:59.657 I/tvos    ( 1764): GetAudioOutputDevice, retval : 0
08-16 14:38:59.907 I/tvos    ( 1764): GetAudioOutputDevice, retval : 0
08-16 14:39:00.163 I/tvos    ( 1764): GetAudioOutputDevice, retval : 0
08-16 14:39:00.408 I/tvos    ( 1764): GetAudioOutputDevice, retval : 0
08-16 14:39:00.659 I/tvos    ( 1764): GetAudioOutputDevice, retval : 0
08-16 14:39:00.909 I/tvos    ( 1764): GetAudioOutputDevice, retval : 0
08-16 14:39:01.160 I/tvos    ( 1764): GetAudioOutputDevice, retval : 0
08-16 14:39:01.412 I/tvos    ( 1764): GetAudioOutputDevice, retval : 0
08-16 14:39:01.662 I/tvos    ( 1764): GetAudioOutputDevice, retval : 0
08-16 14:39:01.685 E/LetvRemoteupgradeManager-JNI( 2613): can't get LetvManager service!
08-16 14:39:01.913 I/tvos    ( 1764): GetAudioOutputDevice, retval : 0
08-16 14:39:02.163 I/tvos    ( 1764): GetAudioOutputDevice, retval : 0
08-16 14:39:02.414 I/tvos    ( 1764): GetAudioOutputDevice, retval : 0
08-16 14:39:02.664 I/tvos    ( 1764): GetAudioOutputDevice, retval : 0
08-16 14:39:02.915 I/tvos    ( 1764): GetAudioOutputDevice, retval : 0
08-16 14:39:03.165 I/tvos    ( 1764): GetAudioOutputDevice, retval : 0
08-16 14:39:03.415 I/tvos    ( 1764): GetAudioOutputDevice, retval : 0
08-16 14:39:03.666 I/tvos    ( 1764): GetAudioOutputDevice, retval : 0
08-16 14:39:03.917 I/tvos    ( 1764): GetAudioOutputDevice, retval : 0
08-16 14:39:04.167 I/tvos    ( 1764): GetAudioOutputDevice, retval : 0
08-16 14:39:04.418 I/tvos    ( 1764): GetAudioOutputDevice, retval : 0
08-16 14:39:04.668 I/tvos    ( 1764): GetAudioOutputDevice, retval : 0
08-16 14:39:04.686 E/LetvRemoteupgradeManager-JNI( 2613): can't get LetvManager service!
08-16 14:39:04.919 I/tvos    ( 1764): GetAudioOutputDevice, retval : 0
