08-16 14:24:17.488 I/TestRunner(16742): 	at org.junit.rules.RunRules.evaluate(RunRules.java:20)
08-16 14:24:17.488 I/TestRunner(16742): 	at org.junit.runners.ParentRunner.runLeaf(ParentRunner.java:325)
08-16 14:24:17.488 I/TestRunner(16742): 	at org.junit.runners.BlockJUnit4ClassRunner.runChild(BlockJUnit4ClassRunner.java:78)
08-16 14:24:17.488 I/TestRunner(16742): 	at org.junit.runners.BlockJUnit4ClassRunner.runChild(BlockJUnit4ClassRunner.java:57)
08-16 14:24:17.488 I/TestRunner(16742): 	at org.junit.runners.ParentRunner$3.run(ParentRunner.java:290)
08-16 14:24:17.488 I/TestRunner(16742): 	at org.junit.runners.ParentRunner$1.schedule(ParentRunner.java:71)
08-16 14:24:17.488 I/TestRunner(16742): 	at org.junit.runners.ParentRunner.runChildren(ParentRunner.java:288)
08-16 14:24:17.488 I/TestRunner(16742): 	at org.junit.runners.ParentRunner.access$000(ParentRunner.java:58)
08-16 14:24:17.488 I/TestRunner(16742): 	at org.junit.runners.ParentRunner$2.evaluate(ParentRunner.java:268)
08-16 14:24:17.488 I/TestRunner(16742): 	at org.junit.runners.ParentRunner.run(ParentRunner.java:363)
08-16 14:24:17.488 I/TestRunner(16742): 	at org.junit.runners.Suite.runChild(Suite.java:128)
08-16 14:24:17.488 I/TestRunner(16742): 	at org.junit.runners.Suite.runChild(Suite.java:27)
08-16 14:24:17.488 I/TestRunner(16742): 	at org.junit.runners.ParentRunner$3.run(ParentRunner.java:290)
08-16 14:24:17.488 I/TestRunner(16742): 	at org.junit.runners.ParentRunner$1.schedule(ParentRunner.java:71)
08-16 14:24:17.488 I/TestRunner(16742): 	at org.junit.runners.ParentRunner.runChildren(ParentRunner.java:288)
08-16 14:24:17.488 I/TestRunner(16742): 	at org.junit.runners.ParentRunner.access$000(ParentRunner.java:58)
08-16 14:24:17.488 I/TestRunner(16742): 	at org.junit.runners.ParentRunner$2.evaluate(ParentRunner.java:268)
08-16 14:24:17.488 I/TestRunner(16742): 	at org.junit.runners.ParentRunner.run(ParentRunner.java:363)
08-16 14:24:17.488 I/TestRunner(16742): 	at org.junit.runner.JUnitCore.run(JUnitCore.java:137)
08-16 14:24:17.488 I/TestRunner(16742): 	at org.junit.runner.JUnitCore.run(JUnitCore.java:115)
08-16 14:24:17.488 I/TestRunner(16742): 	at android.support.test.internal.runner.TestExecutor.execute(TestExecutor.java:54)
08-16 14:24:17.488 I/TestRunner(16742): 	at android.support.test.runner.AndroidJUnitRunner.onStart(AndroidJUnitRunner.java:240)
08-16 14:24:17.488 I/TestRunner(16742): 	at android.app.Instrumentation$InstrumentationThread.run(Instrumentation.java:1879)
08-16 14:24:17.488 I/TestRunner(16742): ----- end exception -----
08-16 14:24:17.489 I/TestRunner(16742): finished: testStatusBar(com.letv.cases.leui.SmokeMessage)
08-16 14:24:17.493 I/MonitoringInstrumentation(16742): Activities that are still in CREATED to STOPPED: 0
08-16 14:24:17.493 I/TestRunner(16742): run finished: 1 tests, 1 failed, 0 ignored
08-16 14:24:17.495 I/MonitoringInstrumentation(16742): waitForActivitiesToComplete() took: 0ms
08-16 14:24:17.495 I/MonitoringInstrumentation(16742): Activities that are still in CREATED to STOPPED: 0
08-16 14:24:17.497 W/WindowManager( 2207): Attempted to remove non-existing token: android.os.Binder@3f11dae
08-16 14:24:17.680 I/tvos    ( 1764): GetAudioOutputDevice, retval : 0
08-16 14:24:17.754 I/ActivityManager( 2207): Force stopping com.le.tcauto.uitest appid=10097 user=0: finished inst
08-16 14:24:17.754 I/ActivityManager( 2207): Killing 16742:com.le.tcauto.uitest/u0a97 (adj 0): stop com.le.tcauto.uitest
08-16 14:24:17.761 W/ActivityManager( 2207): Error shutting down UiAutomationConnection
08-16 14:24:17.931 I/tvos    ( 1764): GetAudioOutputDevice, retval : 0
08-16 14:24:18.181 I/tvos    ( 1764): GetAudioOutputDevice, retval : 0
08-16 14:24:18.432 I/tvos    ( 1764): GetAudioOutputDevice, retval : 0
08-16 14:24:18.682 I/tvos    ( 1764): GetAudioOutputDevice, retval : 0
08-16 14:24:18.744 I/reService( 2207): onReportKeyEvent  type=type0 keycode=4*4*4*4*4 
08-16 14:24:18.745 E/LETV_DEVICE( 1780): no name sn for Mstar
08-16 14:24:18.755 E/ActivityThread( 2837): Failed to find provider info for com.letv.agnes.InfoProvider
08-16 14:24:18.756 E/ActivityThread( 2837): Failed to find provider info for com.letv.agnes.InfoProvider
08-16 14:24:18.756 W/System.err( 2837): java.lang.IllegalArgumentException: Unknown URL content://com.letv.agnes.InfoProvider
08-16 14:24:18.756 W/System.err( 2837): 	at android.content.ContentResolver.insert(ContentResolver.java:1227)
08-16 14:24:18.756 W/System.err( 2837): 	at com.letv.tracker2.agnes.Configuration.addDebugInfo(Configuration.java:289)
08-16 14:24:18.756 W/System.err( 2837): 	at com.letv.tracker2.agnes.MessageProcessor$SendEnvMsgTr$1.handleMessage(MessageProcessor.java:661)
08-16 14:24:18.756 W/System.err( 2837): 	at android.os.Handler.dispatchMessage(Handler.java:102)
08-16 14:24:18.756 W/System.err( 2837): 	at android.os.Looper.loop(Looper.java:148)
08-16 14:24:18.756 W/System.err( 2837): 	at com.letv.tracker2.agnes.MessageProcessor$SendEnvMsgTr.run(MessageProcessor.java:665)
08-16 14:24:18.764 I/[T1.0.6.3]EuiAgnes_Server( 2837): resCode:1
08-16 14:24:18.764 I/[T1.0.6.3]EuiAgnes_Server( 2837): b[0]:0
08-16 14:24:18.932 I/tvos    ( 1764): GetAudioOutputDevice, retval : 0
08-16 14:24:19.183 I/tvos    ( 1764): GetAudioOutputDevice, retval : 0
08-16 14:24:19.433 I/tvos    ( 1764): GetAudioOutputDevice, retval : 0
08-16 14:24:19.527 E/LetvRemoteupgradeManager-JNI( 2613): can't get LetvManager service!
08-16 14:24:19.684 I/tvos    ( 1764): GetAudioOutputDevice, retval : 0
08-16 14:24:19.934 I/tvos    ( 1764): GetAudioOutputDevice, retval : 0
08-16 14:24:20.184 I/tvos    ( 1764): GetAudioOutputDevice, retval : 0
08-16 14:24:20.435 I/tvos    ( 1764): GetAudioOutputDevice, retval : 0
08-16 14:24:20.685 I/tvos    ( 1764): GetAudioOutputDevice, retval : 0
08-16 14:24:20.936 I/tvos    ( 1764): GetAudioOutputDevice, retval : 0
08-16 14:24:21.024 I/WifiStateMachine( 2207):  DisconnectedState !CMD_START_SCAN  rt=511527456/511527456 -2 34080 ic=1 proc(ms):15011 dur:2894 cnt=34080 rssi=-127 f=-1 sc=0 link=-1 tx=0.0, 0.0, 0.0  rx=0.0 fiv=20000 [on:0 tx:0 rx:0 period:15007] from screen [on:0 period:1097336351]
08-16 14:24:21.024 I/WifiStateMachine( 2207): handlescanrequest  starting scan for 
08-16 14:24:21.024 I/WifiStateMachine( 2207): startscannative  starting scan for 
08-16 14:24:21.186 I/tvos    ( 1764): GetAudioOutputDevice, retval : 0
08-16 14:24:21.437 I/tvos    ( 1764): GetAudioOutputDevice, retval : 0
08-16 14:24:21.687 I/tvos    ( 1764): GetAudioOutputDevice, retval : 0
08-16 14:24:21.937 I/tvos    ( 1764): GetAudioOutputDevice, retval : 0
08-16 14:24:22.188 I/tvos    ( 1764): GetAudioOutputDevice, retval : 0
08-16 14:24:22.438 I/tvos    ( 1764): GetAudioOutputDevice, retval : 0
08-16 14:24:22.527 E/LetvRemoteupgradeManager-JNI( 2613): can't get LetvManager service!
08-16 14:24:22.689 I/tvos    ( 1764): GetAudioOutputDevice, retval : 0
08-16 14:24:22.939 I/tvos    ( 1764): GetAudioOutputDevice, retval : 0
08-16 14:24:23.189 I/tvos    ( 1764): GetAudioOutputDevice, retval : 0
08-16 14:24:23.440 I/tvos    ( 1764): GetAudioOutputDevice, retval : 0
08-16 14:24:23.690 I/tvos    ( 1764): GetAudioOutputDevice, retval : 0
08-16 14:24:23.843 I/WifiStateMachine( 2207):  DisconnectedState !CMD_NO_NETWORKS_PERIODIC_SCAN  rt=511530276/511530276 1706 0
08-16 14:24:23.843 I/WifiStateMachine( 2207):  DisconnectedState !CMD_START_SCAN  rt=511530276/511530276 -1 -1 ic=1 proc(ms):0 onGoing full started:1534400661024,2819 cnt=34081 rssi=-127 f=-1 sc=0 link=-1 tx=0.0, 0.0, 0.0  rx=0.0 fiv=20000 [on:0 tx:0 rx:0 period:2818] from screen [on:0 period:1097339171]
08-16 14:24:23.844 I/WifiStateMachine( 2207):  ConnectModeState !CMD_START_SCAN  rt=511530277/511530277 -1 -1 ic=1 proc(ms):1 onGoing full started:1534400661024,2820 cnt=34081 rssi=-127 f=-1 sc=0 link=-1 tx=0.0, 0.0, 0.0  rx=0.0 fiv=20000 [on:0 tx:0 rx:0 period:1] from screen [on:0 period:1097339172]
08-16 14:24:23.844 I/WifiStateMachine( 2207):  DriverStartedState !CMD_START_SCAN  rt=511530277/511530278 -1 -1 ic=1 proc(ms):1 onGoing full started:1534400661024,2820 cnt=34081 rssi=-127 f=-1 sc=0 link=-1 tx=0.0, 0.0, 0.0  rx=0.0 fiv=20000 [on:0 tx:0 rx:0 period:0] from screen [on:0 period:1097339172]
08-16 14:24:23.844 I/WifiStateMachine( 2207): handlescanrequest  starting scan for 
08-16 14:24:23.845 I/WifiStateMachine( 2207): startscannative  starting scan for 
08-16 14:24:23.896 I/WifiStateMachine( 2207):  DisconnectedState !SCAN_RESULTS_EVENT  rt=511530329/511530329 0 0 found=143 known=0 got=143 bcn=0 con=0
08-16 14:24:23.896 I/WifiStateMachine( 2207):  ConnectModeState !SCAN_RESULTS_EVENT  rt=511530330/511530330 0 0 found=143 known=0 got=143 bcn=0 con=0
08-16 14:24:23.897 I/WifiStateMachine( 2207):  DriverStartedState !SCAN_RESULTS_EVENT  rt=511530330/511530330 0 0 found=143 known=0 got=143 bcn=0 con=0
08-16 14:24:23.897 I/WifiStateMachine( 2207):  SupplicantStartedState !SCAN_RESULTS_EVENT  rt=511530330/511530330 0 0 found=143 known=0 got=143 bcn=0 con=0
08-16 14:24:23.941 I/tvos    ( 1764): GetAudioOutputDevice, retval : 0
08-16 14:24:23.951 I/WifiStateMachine( 2207): setscanresults newsupplicantresult
08-16 14:24:24.191 I/tvos    ( 1764): GetAudioOutputDevice, retval : 0
08-16 14:24:24.442 I/tvos    ( 1764): GetAudioOutputDevice, retval : 0
08-16 14:24:24.692 I/tvos    ( 1764): GetAudioOutputDevice, retval : 0
08-16 14:24:24.942 I/tvos    ( 1764): GetAudioOutputDevice, retval : 0
08-16 14:24:25.193 I/tvos    ( 1764): GetAudioOutputDevice, retval : 0
08-16 14:24:25.443 I/tvos    ( 1764): GetAudioOutputDevice, retval : 0
08-16 14:24:25.527 E/LetvRemoteupgradeManager-JNI( 2613): can't get LetvManager service!
08-16 14:24:25.694 I/tvos    ( 1764): GetAudioOutputDevice, retval : 0
08-16 14:24:25.944 I/tvos    ( 1764): GetAudioOutputDevice, retval : 0
08-16 14:24:26.195 I/tvos    ( 1764): GetAudioOutputDevice, retval : 0
08-16 14:24:26.445 I/tvos    ( 1764): GetAudioOutputDevice, retval : 0
08-16 14:24:26.695 I/tvos    ( 1764): GetAudioOutputDevice, retval : 0
08-16 14:24:26.946 I/tvos    ( 1764): GetAudioOutputDevice, retval : 0
08-16 14:24:27.196 I/tvos    ( 1764): GetAudioOutputDevice, retval : 0
08-16 14:24:27.447 I/tvos    ( 1764): GetAudioOutputDevice, retval : 0
08-16 14:24:27.697 I/tvos    ( 1764): GetAudioOutputDevice, retval : 0
08-16 14:24:27.947 I/tvos    ( 1764): GetAudioOutputDevice, retval : 0
08-16 14:24:28.198 I/tvos    ( 1764): GetAudioOutputDevice, retval : 0
08-16 14:24:28.448 I/tvos    ( 1764): GetAudioOutputDevice, retval : 0
08-16 14:24:28.528 E/LetvRemoteupgradeManager-JNI( 2613): can't get LetvManager service!
08-16 14:24:28.699 I/tvos    ( 1764): GetAudioOutputDevice, retval : 0
08-16 14:24:28.708 I/tvos    ( 1764): bq32kDriver:rtc_read_time.
08-16 14:24:28.708 I/tvos    ( 1764): [hq]rtc_read_time: read 0x28 0x24 0xc6 0x05 0x16 0x08 0x18
08-16 14:24:28.708 I/tvos    ( 1764): rtc_read_time: date 28s 24m 6h 16md 7m 118y
08-16 14:24:28.708 I/tvos    ( 1764): rtc read time:2018-8-16 6:24:28.
08-16 14:24:28.708 I/tvos    ( 1764): tm_year = 2018, tm_mon = 8, tm_mday = 16, tm_hour = 6,tm_min= 24,  tm_sec = 28
08-16 14:24:28.708 I/tvos    ( 1764): timeSeconds:1534400668 rtcTimeSeconds:1534400668.
08-16 14:24:28.949 I/tvos    ( 1764): GetAudioOutputDevice, retval : 0
08-16 14:24:29.199 I/tvos    ( 1764): GetAudioOutputDevice, retval : 0
08-16 14:24:29.450 I/tvos    ( 1764): GetAudioOutputDevice, retval : 0
08-16 14:24:29.700 I/tvos    ( 1764): GetAudioOutputDevice, retval : 0
08-16 14:24:29.951 I/tvos    ( 1764): GetAudioOutputDevice, retval : 0
08-16 14:24:30.201 I/tvos    ( 1764): GetAudioOutputDevice, retval : 0
08-16 14:24:30.451 I/tvos    ( 1764): GetAudioOutputDevice, retval : 0
08-16 14:24:30.702 I/tvos    ( 1764): GetAudioOutputDevice, retval : 0
08-16 14:24:30.952 I/tvos    ( 1764): GetAudioOutputDevice, retval : 0
08-16 14:24:31.203 I/tvos    ( 1764): GetAudioOutputDevice, retval : 0
08-16 14:24:31.453 I/tvos    ( 1764): GetAudioOutputDevice, retval : 0
08-16 14:24:31.528 E/LetvRemoteupgradeManager-JNI( 2613): can't get LetvManager service!
08-16 14:24:31.703 I/tvos    ( 1764): GetAudioOutputDevice, retval : 0
08-16 14:24:31.954 I/tvos    ( 1764): GetAudioOutputDevice, retval : 0
08-16 14:24:32.204 I/tvos    ( 1764): GetAudioOutputDevice, retval : 0
08-16 14:24:32.455 I/tvos    ( 1764): GetAudioOutputDevice, retval : 0
08-16 14:24:32.705 I/tvos    ( 1764): GetAudioOutputDevice, retval : 0
08-16 14:24:32.956 I/tvos    ( 1764): GetAudioOutputDevice, retval : 0
08-16 14:24:33.206 I/tvos    ( 1764): GetAudioOutputDevice, retval : 0
08-16 14:24:33.456 I/tvos    ( 1764): GetAudioOutputDevice, retval : 0
08-16 14:24:33.707 I/tvos    ( 1764): GetAudioOutputDevice, retval : 0
08-16 14:24:33.957 I/tvos    ( 1764): GetAudioOutputDevice, retval : 0
08-16 14:24:34.208 I/tvos    ( 1764): GetAudioOutputDevice, retval : 0
08-16 14:24:34.458 I/tvos    ( 1764): GetAudioOutputDevice, retval : 0
08-16 14:24:34.529 E/LetvRemoteupgradeManager-JNI( 2613): can't get LetvManager service!
08-16 14:24:34.708 I/tvos    ( 1764): GetAudioOutputDevice, retval : 0
08-16 14:24:34.959 I/tvos    ( 1764): GetAudioOutputDevice, retval : 0
08-16 14:24:35.029 I/StvLogReport( 2837): Report Nielsen, handleMessage: 'send bd ok
08-16 14:24:35.029 I/StvLogReport( 2837): 6^C2014082201^X440M-b01bd2542d51-^A1A90F9A1254CF6F^C12CB01BD2542D51^^^2018-08-16 14:24:25^1^2.57^1^H^^^^^^^^^^^^^ (104)'.
08-16 14:24:35.209 I/tvos    ( 1764): GetAudioOutputDevice, retval : 0
08-16 14:24:35.460 I/tvos    ( 1764): GetAudioOutputDevice, retval : 0
08-16 14:24:35.710 I/tvos    ( 1764): GetAudioOutputDevice, retval : 0
08-16 14:24:35.961 I/tvos    ( 1764): GetAudioOutputDevice, retval : 0
08-16 14:24:36.035 I/WifiStateMachine( 2207):  DisconnectedState !CMD_START_SCAN  rt=511542468/511542468 -2 34081 ic=1 proc(ms):15011 dur:2873 cnt=34081 rssi=-127 f=-1 sc=0 link=-1 tx=0.0, 0.0, 0.0  rx=0.0 fiv=20000 [on:0 tx:0 rx:0 period:12190] from screen [on:0 period:1097351363]
08-16 14:24:36.035 I/WifiStateMachine( 2207): handlescanrequest  starting scan for 
08-16 14:24:36.036 I/WifiStateMachine( 2207): startscannative  starting scan for 
08-16 14:24:36.211 I/tvos    ( 1764): GetAudioOutputDevice, retval : 0
08-16 14:24:36.461 I/tvos    ( 1764): GetAudioOutputDevice, retval : 0
08-16 14:24:36.712 I/tvos    ( 1764): GetAudioOutputDevice, retval : 0
08-16 14:24:36.962 I/tvos    ( 1764): GetAudioOutputDevice, retval : 0
08-16 14:24:37.212 I/tvos    ( 1764): GetAudioOutputDevice, retval : 0
08-16 14:24:37.463 I/tvos    ( 1764): GetAudioOutputDevice, retval : 0
08-16 14:24:37.529 E/LetvRemoteupgradeManager-JNI( 2613): can't get LetvManager service!
08-16 14:24:37.713 I/tvos    ( 1764): GetAudioOutputDevice, retval : 0
08-16 14:24:37.964 I/tvos    ( 1764): GetAudioOutputDevice, retval : 0
08-16 14:24:38.214 I/tvos    ( 1764): GetAudioOutputDevice, retval : 0
08-16 14:24:38.465 I/tvos    ( 1764): GetAudioOutputDevice, retval : 0
08-16 14:24:38.715 I/tvos    ( 1764): GetAudioOutputDevice, retval : 0
08-16 14:24:38.887 I/WifiStateMachine( 2207):  DisconnectedState !SCAN_RESULTS_EVENT  rt=511545320/511545320 0 0 found=137 known=0 got=137 bcn=0 con=0
08-16 14:24:38.887 I/WifiStateMachine( 2207):  ConnectModeState !SCAN_RESULTS_EVENT  rt=511545320/511545320 0 0 found=137 known=0 got=137 bcn=0 con=0
08-16 14:24:38.887 I/WifiStateMachine( 2207):  DriverStartedState !SCAN_RESULTS_EVENT  rt=511545321/511545321 0 0 found=137 known=0 got=137 bcn=0 con=0
08-16 14:24:38.888 I/WifiStateMachine( 2207):  SupplicantStartedState !SCAN_RESULTS_EVENT  rt=511545321/511545321 0 0 found=137 known=0 got=137 bcn=0 con=0
08-16 14:24:38.945 I/WifiStateMachine( 2207): setscanresults newsupplicantresult
08-16 14:24:38.966 I/tvos    ( 1764): GetAudioOutputDevice, retval : 0
08-16 14:24:39.216 I/tvos    ( 1764): GetAudioOutputDevice, retval : 0
08-16 14:24:39.466 I/tvos    ( 1764): GetAudioOutputDevice, retval : 0
08-16 14:24:39.717 I/tvos    ( 1764): GetAudioOutputDevice, retval : 0
08-16 14:24:39.967 I/tvos    ( 1764): GetAudioOutputDevice, retval : 0
08-16 14:24:40.217 I/tvos    ( 1764): GetAudioOutputDevice, retval : 0
08-16 14:24:40.468 I/tvos    ( 1764): GetAudioOutputDevice, retval : 0
08-16 14:24:40.529 E/LetvRemoteupgradeManager-JNI( 2613): can't get LetvManager service!
08-16 14:24:40.718 I/tvos    ( 1764): GetAudioOutputDevice, retval : 0
08-16 14:24:40.969 I/tvos    ( 1764): GetAudioOutputDevice, retval : 0
08-16 14:24:41.219 I/tvos    ( 1764): GetAudioOutputDevice, retval : 0
08-16 14:24:41.470 I/tvos    ( 1764): GetAudioOutputDevice, retval : 0
08-16 14:24:41.720 I/tvos    ( 1764): GetAudioOutputDevice, retval : 0
08-16 14:24:41.970 I/tvos    ( 1764): GetAudioOutputDevice, retval : 0
08-16 14:24:42.221 I/tvos    ( 1764): GetAudioOutputDevice, retval : 0
08-16 14:24:42.471 I/tvos    ( 1764): GetAudioOutputDevice, retval : 0
08-16 14:24:42.722 I/tvos    ( 1764): GetAudioOutputDevice, retval : 0
08-16 14:24:42.972 I/tvos    ( 1764): GetAudioOutputDevice, retval : 0
08-16 14:24:43.223 I/tvos    ( 1764): GetAudioOutputDevice, retval : 0
08-16 14:24:43.473 I/tvos    ( 1764): GetAudioOutputDevice, retval : 0
08-16 14:24:43.530 E/LetvRemoteupgradeManager-JNI( 2613): can't get LetvManager service!
08-16 14:24:43.723 I/tvos    ( 1764): GetAudioOutputDevice, retval : 0
08-16 14:24:43.974 I/tvos    ( 1764): GetAudioOutputDevice, retval : 0
