08-16 14:28:36.889 W/System.err( 2837): 	at com.letv.tracker2.agnes.Configuration.addDebugInfo(Configuration.java:289)
08-16 14:28:36.889 W/System.err( 2837): 	at com.letv.tracker2.agnes.MessageProcessor$SendEnvMsgTr$1.handleMessage(MessageProcessor.java:661)
08-16 14:28:36.889 W/System.err( 2837): 	at android.os.Handler.dispatchMessage(Handler.java:102)
08-16 14:28:36.889 W/System.err( 2837): 	at android.os.Looper.loop(Looper.java:148)
08-16 14:28:36.889 W/System.err( 2837): 	at com.letv.tracker2.agnes.MessageProcessor$SendEnvMsgTr.run(MessageProcessor.java:665)
08-16 14:28:36.896 I/[T1.0.6.3]EuiAgnes_Server( 2837): resCode:1
08-16 14:28:36.896 I/[T1.0.6.3]EuiAgnes_Server( 2837): b[0]:0
08-16 14:28:36.924 I/LetvManager-LogReport( 1780): [send_msg] line: 490 report url = http://log.hdtv.cp21.ott.cibntv.net:80/api/log/tvAction
08-16 14:28:36.925 I/tvos    ( 1764): GetAudioOutputDevice, retval : 0
08-16 14:28:36.969 I/TVFeedback(18302): PermissionUtil -- no permission :[]
08-16 14:28:36.969 I/TVFeedback(18302): FeedbackActivity -- dataFromDesktop:null
08-16 14:28:36.971 I/TVFeedback(18302): FeedbackActivity -- onResume
08-16 14:28:36.971 I/TVFeedback(18302): FeedbackActivity -- dataFromDesktop:null
08-16 14:28:36.986 I/tvos    ( 1764): [37m[INFO] Change to Voltage: 1130 mV (0x1F)[m
08-16 14:28:36.986 I/tvos    ( 1764): [37m[INFO] Change to Voltage: 1130 mV (0x22)[m
08-16 14:28:36.986 I/tvos    ( 1764): [37m[INFO] Change to Voltage: 1130 mV (0x25)[m
08-16 14:28:36.986 I/tvos    ( 1764): [37m[INFO] Change to Voltage: 1130 mV (0x28)[m
08-16 14:28:36.987 I/CommonService( 2808): [GetDomain][DomainUtil]:internet label : xfeedback domain : xfeedback-scloud.cp21.ott.cibntv.net
08-16 14:28:36.988 I/tvos    ( 1764): [37m[INFO] Change to Voltage: 1130 mV (0x2B)[m
08-16 14:28:36.988 I/tvos    ( 1764): [37m[INFO] Change to Voltage: 1130 mV (0x2C)[m
08-16 14:28:36.991 I/CommonService( 2808): [Common][SystemCommonServcice]:label : xfeedback  domain: xfeedback-scloud.cp21.ott.cibntv.net
08-16 14:28:36.997 I/StvManager(18302): getDomain label : xfeedback domain : xfeedback-scloud.cp21.ott.cibntv.net
08-16 14:28:37.001 I/LetvAccount(14745): UserInfoProvider -- appName: com.stv.feedback, permission: system(true) app(true), match=1
08-16 14:28:37.002 I/AccountManagerService( 2207): getTypesVisibleToCaller: isPermitted? true
08-16 14:28:37.002 I/TVFeedback(18302): MyApplication -- registerId = 4815ec4a634422bc9e6df7c66ad50ade8511383b
08-16 14:28:37.017 I/TVFeedback(18302): FeedBackUtils -- getSystemUserId - ssoToken = 103XXXWLm5iFfp7oHVCl5Nm5QniTYMwRr1riQV7kzFHb0cKblm5JnT7VZ62yLz6NiwchqILK4Vglv7ZN0oREFxfOiiJUsxPtqnon9LQtCfSYWPGD5q0Qm4
08-16 14:28:37.024 I/TVFeedback(18302): UrlUtils -- getCrashUploadParams - params = platform=PLATFORM_6A938&model=X440M&sys_version=V2409RCN02C065307D08011D
08-16 14:28:37.025 I/TVFeedback(18302): UrlUtils -- getNoticeUrl - URL = http://xfeedback-scloud.cp21.ott.cibntv.net/api/v3/Tvnotice?platform=PLATFORM_6A938&model=X440M&sys_version=V2409RCN02C065307D08011D&sso_tk=103XXXWLm5iFfp7oHVCl5Nm5QniTYMwRr1riQV7kzFHb0cKblm5JnT7VZ62yLz6NiwchqILK4Vglv7ZN0oREFxfOiiJUsxPtqnon9LQtCfSYWPGD5q0Qm4&&_ak=akfileup_YHoqMHgt&_time=1534400917024&_sign=388af7e5158f1ac2041168b71e10f89a
08-16 14:28:37.041 E/WVMExtractor(18302): Failed to open libwvm.so: dlopen failed: library "libwvm.so" not found
08-16 14:28:37.062 W/InputDispatcher( 2207): Focus entered window: Window{c9ad8bd u0 com.stv.feedback/com.stv.feedback.FeedbackActivity}
08-16 14:28:37.066 I/OMXClient(18302): Using client-side OMX mux.
08-16 14:28:37.083 I/OpenGLRenderer(18302): Initialized EGL, version 1.4
08-16 14:28:37.087 I/tvos    ( 1764): [37m[INFO] Change to Voltage: 1000 mV (0x2C)[m
08-16 14:28:37.087 I/tvos    ( 1764): [37m[INFO] Change to Voltage: 1000 mV (0x29)[m
08-16 14:28:37.088 I/tvos    ( 1764): [37m[INFO] Change to Voltage: 1000 mV (0x26)[m
08-16 14:28:37.089 I/tvos    ( 1764): [37m[INFO] Change to Voltage: 1000 mV (0x23)[m
08-16 14:28:37.090 I/tvos    ( 1764): [37m[INFO] Change to Voltage: 1000 mV (0x20)[m
08-16 14:28:37.091 I/tvos    ( 1764): [37m[INFO] Change to Voltage: 1000 mV (0x1F)[m
08-16 14:28:37.099 E/BufferQueueProducer( 1749): [com.stv.feedback/com.stv.feedback.FeedbackActivity] connect(P): already connected (cur=1 req=1)
08-16 14:28:37.125 I/TVFeedback(18302): FeedbackActivity -- NoticeThread - response code = 200
08-16 14:28:37.126 I/TVFeedback(18302): FeedbackActivity -- notice list = null
08-16 14:28:37.176 I/tvos    ( 1764): GetAudioOutputDevice, retval : 0
08-16 14:28:37.217 E/LETV_DEVICE( 1780): no name sn for Mstar
08-16 14:28:37.224 E/ActivityThread( 2837): Failed to find provider info for com.letv.agnes.InfoProvider
08-16 14:28:37.225 E/ActivityThread( 2837): Failed to find provider info for com.letv.agnes.InfoProvider
08-16 14:28:37.225 W/System.err( 2837): java.lang.IllegalArgumentException: Unknown URL content://com.letv.agnes.InfoProvider
08-16 14:28:37.225 W/System.err( 2837): 	at android.content.ContentResolver.insert(ContentResolver.java:1227)
08-16 14:28:37.225 W/System.err( 2837): 	at com.letv.tracker2.agnes.Configuration.addDebugInfo(Configuration.java:289)
08-16 14:28:37.225 W/System.err( 2837): 	at com.letv.tracker2.agnes.MessageProcessor$SendEnvMsgTr$1.handleMessage(MessageProcessor.java:661)
08-16 14:28:37.225 W/System.err( 2837): 	at android.os.Handler.dispatchMessage(Handler.java:102)
08-16 14:28:37.225 W/System.err( 2837): 	at android.os.Looper.loop(Looper.java:148)
08-16 14:28:37.226 W/System.err( 2837): 	at com.letv.tracker2.agnes.MessageProcessor$SendEnvMsgTr.run(MessageProcessor.java:665)
08-16 14:28:37.229 I/TVFeedback(18302): LetvModelUtil -- getModel - X440M
08-16 14:28:37.231 I/TVFeedback(18302): AddReportFragment -- mUiType is: cibn
08-16 14:28:37.236 I/TVFeedback(18302): AddReportFragment -- ==========the log switch is: 0
08-16 14:28:37.238 E/LETV_DEVICE( 1780): no name sn for Mstar
08-16 14:28:37.245 I/TVFeedback(18302): AddReportFragment -- onResume
08-16 14:28:37.264 I/LetvAccount(14745): UserInfoProvider -- appName: com.stv.feedback, permission: system(true) app(true), match=1
08-16 14:28:37.266 I/AccountManagerService( 2207): getTypesVisibleToCaller: isPermitted? true
08-16 14:28:37.271 I/[T1.0.6.3]EuiAgnes_Server( 2837): resCode:1
08-16 14:28:37.271 I/[T1.0.6.3]EuiAgnes_Server( 2837): b[0]:0
08-16 14:28:37.289 I/ActivityManager( 2207): Start proc 18372:com.android.testing.dummyime/u0a93 for service com.android.testing.dummyime/.DummyIme
08-16 14:28:37.289 I/art     (18372): Late-enabling -Xcheck:jni
08-16 14:28:37.291 I/tvos    ( 1764): [37m[INFO] Change to Voltage: 1130 mV (0x1F)[m
08-16 14:28:37.291 I/tvos    ( 1764): [37m[INFO] Change to Voltage: 1130 mV (0x22)[m
08-16 14:28:37.291 I/tvos    ( 1764): [37m[INFO] Change to Voltage: 1130 mV (0x25)[m
08-16 14:28:37.291 I/tvos    ( 1764): [37m[INFO] Change to Voltage: 1130 mV (0x28)[m
08-16 14:28:37.293 I/tvos    ( 1764): [37m[INFO] Change to Voltage: 1130 mV (0x2B)[m
08-16 14:28:37.294 I/tvos    ( 1764): [37m[INFO] Change to Voltage: 1130 mV (0x2C)[m
08-16 14:28:37.298 I/BrowseView(18302): --onItemSelected i : 0
08-16 14:28:37.341 W/System  (18372): ClassLoader referenced unknown path: /data/app/com.android.testing.dummyime-2/lib/arm64
08-16 14:28:37.357 I/System.out(18372): From style:
08-16 14:28:37.358 I/System.out(18372): Attrs: 3010001=0.6 3010002=#0 3010003=null 3010004=true
08-16 14:28:37.383 I/TVFeedback(18302): FeedBackUtils -- getSystemUserId - ssoToken = 103XXXWLm5iFfp7oHVCl5Nm5QniTYMwRr1riQV7kzFHb0cKblm5JnT7VZ62yLz6NiwchqILK4Vglv7ZN0oREFxfOiiJUsxPtqnon9LQtCfSYWPGD5q0Qm4
08-16 14:28:37.386 I/TVFeedback(18302): UrlUtils -- getUniqueIDUrl - URL= http://xfeedback-scloud.cp21.ott.cibntv.net/api/v3/Tvfeedback?version=V2409RCN02C065307D08011D&versionName=6.5.307D_0801&model=X440M&ui=6.5&hwVersion=H5000&mac=b01bd2542d51&region=CN&user-prefer-language=zh-cn&sso_tk=103XXXWLm5iFfp7oHVCl5Nm5QniTYMwRr1riQV7kzFHb0cKblm5JnT7VZ62yLz6NiwchqILK4Vglv7ZN0oREFxfOiiJUsxPtqnon9LQtCfSYWPGD5q0Qm4&&_ak=akfileup_YHoqMHgt&_time=1534400917385&_sign=ff0979b2fc91db01ace34ca78f2caed7
08-16 14:28:37.427 I/tvos    ( 1764): GetAudioOutputDevice, retval : 0
08-16 14:28:37.432 I/TVFeedback(18302): FeedBackUtils -- get Id suc: 5b7519959aa9a
08-16 14:28:37.487 I/tvos    ( 1764): [37m[INFO] Change to Voltage: 1000 mV (0x2C)[m
08-16 14:28:37.487 I/tvos    ( 1764): [37m[INFO] Change to Voltage: 1000 mV (0x29)[m
08-16 14:28:37.487 I/tvos    ( 1764): [37m[INFO] Change to Voltage: 1000 mV (0x26)[m
08-16 14:28:37.487 I/tvos    ( 1764): [37m[INFO] Change to Voltage: 1000 mV (0x23)[m
08-16 14:28:37.487 I/tvos    ( 1764): [37m[INFO] Change to Voltage: 1000 mV (0x20)[m
08-16 14:28:37.487 I/tvos    ( 1764): [37m[INFO] Change to Voltage: 1000 mV (0x1F)[m
08-16 14:28:37.503 I/ActivityManager( 2207): Displayed com.stv.feedback/.FeedbackActivity: +1s124ms
08-16 14:28:37.504 W/ContextImpl( 2207): Calling a method in the system process without a qualified user: android.app.ContextImpl.sendBroadcast:766 com.android.server.am.ActivityRecord.reportLaunchTimeLocked:1056 com.android.server.am.ActivityRecord.windowsDrawnLocked:1080 com.android.server.am.ActivityRecord$Token.windowsDrawn:345 com.android.server.wm.WindowManagerService$H.handleMessage:8042 
08-16 14:28:37.505 W/ContextImpl( 2613): Calling a method in the system process without a qualified user: android.app.ContextImpl.startService:1224 android.content.ContextWrapper.startService:581 com.stv.helper.service.TvMasterService.noteLaunchTime:169 letv.tvmaster.ITvMasterService$Stub.onTransact:136 android.os.Binder.execTransact:453 
08-16 14:28:37.520 W/InputDispatcher( 2207): Window went away: Window{942b638 u0 Starting com.stv.feedback}
08-16 14:28:37.531 I/TVFeedback(18302): GetQRCodeSyncTask -- uniqID is: 5b7519959aa9a
08-16 14:28:37.536 I/TVFeedback(18302): UrlUtils -- getPhoneSubmitUrlParams - params = mac=b01bd2542d51&_id=5b7519959aa9a&device=X440M
08-16 14:28:37.536 I/TVFeedback(18302): UrlUtils -- getSubmitQuestionQRCodeImgUrl - URL= http://xfeedback-scloud.cp21.ott.cibntv.net/tvfeedbackweb?mac=b01bd2542d51&_id=5b7519959aa9a&device=X440M&_ak=akfileup_YHoqMHgt&_time=1534400917536&_sign=0f740a08e9853eccd47f439a3499366f
08-16 14:28:37.536 I/TVFeedback(18302): GetQRCodeSyncTask -- onPostExecute - QrCode URL = http://xfeedback-scloud.cp21.ott.cibntv.net/tvfeedbackweb?mac=b01bd2542d51&_id=5b7519959aa9a&device=X440M&_ak=akfileup_YHoqMHgt&_time=1534400917536&_sign=0f740a08e9853eccd47f439a3499366f
08-16 14:28:37.584 I/AnalysisLog( 3007): Plugin:onFragmentShowChanged_hide:com.stv.plugin.app----start:time='511784017'
08-16 14:28:37.584 I/AppPlugin( 3007): AppFragment -- onFragmentShowChanged gainSelect true screen = com.stv.plugin.app packageName = com.stv.plugin.app
08-16 14:28:37.587 E/LetvRemoteupgradeManager-JNI( 2613): can't get LetvManager service!
08-16 14:28:37.587 I/AnalysisLog( 3007): Plugin:onFragmentShowChanged_hide:com.stv.plugin.app----end:time='511784020'
08-16 14:28:37.587 I/TvLiveBaseFragment( 3007): onStop
08-16 14:28:37.627 E/LETV_DEVICE( 1780): no name sn for Mstar
08-16 14:28:37.657 E/ActivityThread( 2837): Failed to find provider info for com.letv.agnes.InfoProvider
08-16 14:28:37.659 E/ActivityThread( 2837): Failed to find provider info for com.letv.agnes.InfoProvider
08-16 14:28:37.659 W/System.err( 2837): java.lang.IllegalArgumentException: Unknown URL content://com.letv.agnes.InfoProvider
08-16 14:28:37.659 W/System.err( 2837): 	at android.content.ContentResolver.insert(ContentResolver.java:1227)
08-16 14:28:37.659 W/System.err( 2837): 	at com.letv.tracker2.agnes.Configuration.addDebugInfo(Configuration.java:289)
08-16 14:28:37.659 W/System.err( 2837): 	at com.letv.tracker2.agnes.MessageProcessor$SendEnvMsgTr$1.handleMessage(MessageProcessor.java:661)
08-16 14:28:37.659 W/System.err( 2837): 	at android.os.Handler.dispatchMessage(Handler.java:102)
08-16 14:28:37.659 W/System.err( 2837): 	at android.os.Looper.loop(Looper.java:148)
08-16 14:28:37.659 W/System.err( 2837): 	at com.letv.tracker2.agnes.MessageProcessor$SendEnvMsgTr.run(MessageProcessor.java:665)
08-16 14:28:37.665 I/[T1.0.6.3]EuiAgnes_Server( 2837): resCode:1
08-16 14:28:37.666 I/[T1.0.6.3]EuiAgnes_Server( 2837): b[0]:0
08-16 14:28:37.677 I/tvos    ( 1764): GetAudioOutputDevice, retval : 0
08-16 14:28:37.686 I/tvos    ( 1764): [37m[INFO] Change to Voltage: 1130 mV (0x1F)[m
08-16 14:28:37.687 I/tvos    ( 1764): [37m[INFO] Change to Voltage: 1130 mV (0x22)[m
08-16 14:28:37.687 I/tvos    ( 1764): [37m[INFO] Change to Voltage: 1130 mV (0x25)[m
08-16 14:28:37.687 I/tvos    ( 1764): [37m[INFO] Change to Voltage: 1130 mV (0x28)[m
08-16 14:28:37.687 I/tvos    ( 1764): [37m[INFO] Change to Voltage: 1130 mV (0x2B)[m
08-16 14:28:37.687 I/tvos    ( 1764): [37m[INFO] Change to Voltage: 1130 mV (0x2C)[m
08-16 14:28:37.729 I/LetvManager-LogReport( 1780): [send_msg] line: 490 report url = http://log.hdtv.cp21.ott.cibntv.net:80/api/log/tvAction
08-16 14:28:37.785 I/tvos    ( 1764): [37m[INFO] Change to Voltage: 1000 mV (0x2C)[m
08-16 14:28:37.785 I/tvos    ( 1764): [37m[INFO] Change to Voltage: 1000 mV (0x29)[m
08-16 14:28:37.786 I/tvos    ( 1764): [37m[INFO] Change to Voltage: 1000 mV (0x26)[m
08-16 14:28:37.786 I/tvos    ( 1764): [37m[INFO] Change to Voltage: 1000 mV (0x23)[m
08-16 14:28:37.787 I/tvos    ( 1764): [37m[INFO] Change to Voltage: 1000 mV (0x20)[m
08-16 14:28:37.788 I/tvos    ( 1764): [37m[INFO] Change to Voltage: 1000 mV (0x1F)[m
08-16 14:28:37.927 I/tvos    ( 1764): GetAudioOutputDevice, retval : 0
08-16 14:28:38.087 I/ActivityManager( 2207): Force stopping com.android.testing.dummyime appid=10093 user=0: from pid 2207
08-16 14:28:38.088 I/ActivityManager( 2207): Killing 18372:com.android.testing.dummyime/u0a93 (adj 2): stop com.android.testing.dummyime
08-16 14:28:38.127 W/ActivityManager( 2207): Scheduling restart of crashed service com.android.testing.dummyime/.DummyIme in 1000ms
08-16 14:28:38.128 I/ActivityManager( 2207):   Force stopping service ServiceRecord{e096275 u0 com.android.testing.dummyime/.DummyIme}
08-16 14:28:38.128 W/InputMethodManagerService( 2207): Session failed to close due to remote exception
08-16 14:28:38.128 W/InputMethodManagerService( 2207): android.os.DeadObjectException
08-16 14:28:38.128 W/InputMethodManagerService( 2207): 	at android.os.BinderProxy.transactNative(Native Method)
08-16 14:28:38.128 W/InputMethodManagerService( 2207): 	at android.os.BinderProxy.transact(Binder.java:503)
08-16 14:28:38.128 W/InputMethodManagerService( 2207): 	at com.android.internal.view.IInputMethodSession$Stub$Proxy.finishSession(IInputMethodSession.java:305)
08-16 14:28:38.128 W/InputMethodManagerService( 2207): 	at com.android.server.InputMethodManagerService.finishSessionLocked(InputMethodManagerService.java:1622)
08-16 14:28:38.128 W/InputMethodManagerService( 2207): 	at com.android.server.InputMethodManagerService.clearClientSessionLocked(InputMethodManagerService.java:1613)
08-16 14:28:38.128 W/InputMethodManagerService( 2207): 	at com.android.server.InputMethodManagerService.clearCurMethodLocked(InputMethodManagerService.java:1639)
08-16 14:28:38.128 W/InputMethodManagerService( 2207): 	at com.android.server.InputMethodManagerService.onServiceDisconnected(InputMethodManagerService.java:1658)
08-16 14:28:38.128 W/InputMethodManagerService( 2207): 	at android.app.LoadedApk$ServiceDispatcher.doDeath(LoadedApk.java:1228)
08-16 14:28:38.128 W/InputMethodManagerService( 2207): 	at android.app.LoadedApk$ServiceDispatcher$RunConnection.run(LoadedApk.java:1242)
08-16 14:28:38.128 W/InputMethodManagerService( 2207): 	at android.os.Handler.handleCallback(Handler.java:739)
08-16 14:28:38.128 W/InputMethodManagerService( 2207): 	at android.os.Handler.dispatchMessage(Handler.java:95)
08-16 14:28:38.128 W/InputMethodManagerService( 2207): 	at android.os.Looper.loop(Looper.java:148)
08-16 14:28:38.128 W/InputMethodManagerService( 2207): 	at com.android.server.SystemServer.run(SystemServer.java:309)
08-16 14:28:38.128 W/InputMethodManagerService( 2207): 	at com.android.server.SystemServer.main(SystemServer.java:179)
08-16 14:28:38.128 W/InputMethodManagerService( 2207): 	at java.lang.reflect.Method.invoke(Native Method)
08-16 14:28:38.128 W/InputMethodManagerService( 2207): 	at com.android.internal.os.ZygoteInit$MethodAndArgsCaller.run(ZygoteInit.java:744)
08-16 14:28:38.128 W/InputMethodManagerService( 2207): 	at com.android.internal.os.ZygoteInit.main(ZygoteInit.java:634)
08-16 14:28:38.129 W/ActivityManager( 2207): Spurious death for ProcessRecord{c2cf4d6 0:com.android.testing.dummyime/u0a93}, curProc for 18372: null
08-16 14:28:38.177 I/tvos    ( 1764): GetAudioOutputDevice, retval : 0
08-16 14:28:38.428 I/tvos    ( 1764): GetAudioOutputDevice, retval : 0
08-16 14:28:38.678 I/tvos    ( 1764): GetAudioOutputDevice, retval : 0
08-16 14:28:38.929 I/tvos    ( 1764): GetAudioOutputDevice, retval : 0
08-16 14:28:39.179 I/tvos    ( 1764): GetAudioOutputDevice, retval : 0
08-16 14:28:39.208 I/WifiStateMachine( 2207):  DisconnectedState !SCAN_RESULTS_EVENT  rt=511785641/511785641 0 0 found=160 known=0 got=160 bcn=0 con=0
08-16 14:28:39.209 I/WifiStateMachine( 2207):  ConnectModeState !SCAN_RESULTS_EVENT  rt=511785642/511785642 0 0 found=160 known=0 got=160 bcn=0 con=0
08-16 14:28:39.209 I/WifiStateMachine( 2207):  DriverStartedState !SCAN_RESULTS_EVENT  rt=511785642/511785642 0 0 found=160 known=0 got=160 bcn=0 con=0
08-16 14:28:39.210 I/WifiStateMachine( 2207):  SupplicantStartedState !SCAN_RESULTS_EVENT  rt=511785643/511785643 0 0 found=160 known=0 got=160 bcn=0 con=0
08-16 14:28:39.262 I/WifiStateMachine( 2207): setscanresults newsupplicantresult
08-16 14:28:39.429 I/tvos    ( 1764): GetAudioOutputDevice, retval : 0
08-16 14:28:39.680 I/tvos    ( 1764): GetAudioOutputDevice, retval : 0
08-16 14:28:39.930 I/tvos    ( 1764): GetAudioOutputDevice, retval : 0
08-16 14:28:40.181 I/tvos    ( 1764): GetAudioOutputDevice, retval : 0
08-16 14:28:40.431 I/tvos    ( 1764): GetAudioOutputDevice, retval : 0
08-16 14:28:40.587 E/LetvRemoteupgradeManager-JNI( 2613): can't get LetvManager service!
08-16 14:28:40.682 I/tvos    ( 1764): GetAudioOutputDevice, retval : 0
08-16 14:28:40.932 I/tvos    ( 1764): GetAudioOutputDevice, retval : 0
08-16 14:28:41.182 I/tvos    ( 1764): GetAudioOutputDevice, retval : 0
08-16 14:28:41.433 I/tvos    ( 1764): GetAudioOutputDevice, retval : 0
08-16 14:28:41.586 I/tvos    ( 1764): [37m[INFO] Change to Voltage: 1030 mV (0x2E)[m
08-16 14:28:41.586 I/tvos    ( 1764): [37m[INFO] Change to Voltage: 1030 mV (0x2B)[m
08-16 14:28:41.586 I/tvos    ( 1764): [37m[INFO] Change to Voltage: 1030 mV (0x28)[m
08-16 14:28:41.586 I/tvos    ( 1764): [37m[INFO] Change to Voltage: 1030 mV (0x25)[m
08-16 14:28:41.586 I/tvos    ( 1764): [37m[INFO] Change to Voltage: 1030 mV (0x22)[m
08-16 14:28:41.587 I/tvos    ( 1764): [37m[INFO] Change to Voltage: 1030 mV (0x22)[m
08-16 14:28:41.637 W/InputDispatcher( 2207): findFocusedWindow finished: injectionResult=0, timeSpentWaitingForApplication=0.0ms
08-16 14:28:41.641 W/InputDispatcher( 2207): findFocusedWindow finished: injectionResult=0, timeSpentWaitingForApplication=0.0ms
08-16 14:28:41.644 I/BrowseView(18302): --onItemClick position : 0
08-16 14:28:41.644 I/SoundPool( 2207): enter : func play
08-16 14:28:41.645 I/APM::AudioPolicyEngine( 1758): getDeviceForStrategy, 359
08-16 14:28:41.645 I/audio_hw_primary( 1758): version:a00004 adev_create_audio_patch::mix->device 
08-16 14:28:41.646 I/audio_hw_primary( 1758): adev_create_audio_patch *handle=-1420227928 num_audio_patch=3
08-16 14:28:41.652 E/AudioManagerService( 1803): setAudioVolume(callingPid 1758, clientPid 1758, enSoundPath 0, volumn:0 )
08-16 14:28:41.654 I/tvos    ( 1764): SetVolume, subWooExist 0!
08-16 14:28:41.654 I/tvos    ( 1764): mapi_audio_customer::SetAbsoluteVolume: project name is X440M
08-16 14:28:41.654 I/tvos    ( 1764): SetAbsoluteVolume: uPercent : 0, path=52(speaker), VolumeInt=7f, VolumeFra=0
08-16 14:28:41.654 I/tvos    ( 1764): SetAbsoluteVolume: uPercent(currVol) : 0, realPath=52(default), VolumeInt=7f, VolumeFra=0
08-16 14:28:41.654 I/tvos    ( 1764): mapi_audio_customer::SetAbsoluteVolume: project name is X440M
08-16 14:28:41.654 I/tvos    ( 1764): SetAbsoluteVolume: uPercent : 0, path=49(HP), VolumeInt=7f, VolumeFra=0
08-16 14:28:41.654 I/tvos    ( 1764): SetAbsoluteVolume: uPercent(currVol) : 0, realPath=49(default), VolumeInt=7f, VolumeFra=0
08-16 14:28:41.654 I/tvos    ( 1764): mapi_audio_customer::SetAbsoluteVolume: project name is X440M
08-16 14:28:41.655 I/tvos    ( 1764): SetAbsoluteVolume, m_bBTDetect is false! 
08-16 14:28:41.655 I/tvos    ( 1764): mapi_audio_customer::SetAbsoluteVolume: project name is X440M
08-16 14:28:41.655 I/tvos    ( 1764): SetAbsoluteVolume: uPercent : 0, path=255(speaker), VolumeInt=7f, VolumeFra=0
08-16 14:28:41.655 I/tvos    ( 1764): SetAbsoluteVolume: uPercent(currVol) : 0, realPath=255(default), VolumeInt=7f, VolumeFra=0
08-16 14:28:41.655 I/tvos    ( 1764): [SetMuteStatus] call SetSoundMuteStatus, line : 10369, muteType: 4, onOff : 0 
08-16 14:28:41.655 I/tvos    ( 1764): [audioBSP] #1 m_internalMute : 0 ..
08-16 14:28:41.655 I/tvos    ( 1764): #1|->SDK_bPermanentAudioMute:0<-|->SDK_bMomentAudioMute:0 <-|->SDK_bBySyncAudioMute:0<-|->SDK_bByBlockAudioMute:0<-|->SDK_bByVChipAudioMute:0<-|
08-16 14:28:41.655 I/tvos    ( 1764): #1|->SDK_bInternal1AudioMute:0<-|->SDK_bInternal2AudioMute:0<-|->SDK_bInternal3AudioMute:0<-|->SDK_bInternal4AudioMute:0<-|
08-16 14:28:41.655 I/tvos    ( 1764): #1|->SDK_bByScanInOutchgCHchg:0<-|->SDK_bByDuringLimitedTimeAudioMute:0<-|->SDK_bSourceSwitchAudioMute:0<-|
08-16 14:28:41.655 I/tvos    ( 1764): #1|->SDK_bMHEGApMute:0<-|->SDK_bAllAudioMuteCtrl:0<-|->SDK_bPowerOnMute:0<-|->SDK_bNullSourceMute0<-|->SDK_bSetInputSourceAudioMute:0<-|
08-16 14:28:41.655 I/tvos    ( 1764): [audioBSP] #2 m_spkrMute : 0 ..|->SDK_bUsrSpkrAudioMute:0<-|->SDK_bPowerOnMute:0<-|->SDK_bByUserAudioMute:0<-|
08-16 14:28:41.655 I/tvos    ( 1764): [audioBSP] #3 m_PcmCapture2Mute:0 |->SDK_bByUserPcmCapture2Mute:0<-|->SDK_SUB_bByUserAudioMute:0<-|->SDK_bByUserAudioMute:0<-|
08-16 14:28:41.655 I/tvos    ( 1764): [audioBSP] #5 m_hpMute : 1 ..|->SDK_bUsrHpAudioMute:1<-|->SDK_bPowerOnMute:0<-|->SDK_bByUserAudioMute:0<-|
08-16 14:28:41.655 I/tvos    ( 1764): [audioBSP] #12 m_spdifMute : 1 ..
08-16 14:28:41.655 I/tvos    ( 1764): #12|->SDK_bPermanentAudioMute:0<-|->SDK_bMomentAudioMute:0<-|->SDK_bByBlockAudioMute:0<-|
08-16 14:28:41.655 I/tvos    ( 1764): #12|->SDK_bByVChipAudioMute:0<-|->SDK_bInternal1AudioMute:0<-|->SDK_bInternal4AudioMute:0<-|
08-16 14:28:41.655 I/tvos    ( 1764): #12|->SDK_bByDuringLimitedTimeAudioMute:0<-|->SDK_bSourceSwitchAudioMute:0<-|->SDK_bMHEGApMute:0<-|
08-16 14:28:41.655 I/tvos    ( 1764): #12|->SDK_bPowerOnMute:0<-|->SDK_bUsrSpdifAudioMute:1<-|->SDK_bNullSourceMute:0<-|->SDK_bByAppMute:0<-|
08-16 14:28:41.655 I/tvos    ( 1764): ---Amplifier_ALC1310_LR_SWMute(0)
08-16 14:28:41.655 I/tvos    ( 1764): ALC1310 unmute good, addr: 0x13 readbackvalue: 4 
08-16 14:28:41.657 I/AudioUtil( 1758): setParameters spk_volume=0
08-16 14:28:41.657 I/tvos    ( 1764): SetSoundMuteStatus : m_hpMute : 1, m_spdifMute : 1, m_DataInMute : 0, m_channel7Mute : 0, m_internalMute : 0, m_spkrMute : 0, m_PcmCapture1Mute : 0, m_PcmCapture2Mute : 0 
08-16 14:28:41.657 I/audio_hw_primary( 1758): adev_set_parameters: spk_volume=0
08-16 14:28:41.657 I/tvos    ( 1764): GetAudioOutputDevice, retval : 0
08-16 14:28:41.658 I/tvos    ( 1764): [SetMuteStatus] call SetSoundMuteStatus, line : 10369, muteType: 67108864, onOff : 1 
08-16 14:28:41.658 I/tvos    ( 1764): _TransMSrvMuteTypeToSDKMuteType: Err! muteType(67108864) is out of Range
08-16 14:28:41.660 I/tvos    ( 1764): [SetMuteStatus] call SetSoundMuteStatus, line : 10369, muteType: 4, onOff : 1 
08-16 14:28:41.660 I/tvos    ( 1764): [audioBSP] #1 m_internalMute : 0 ..
08-16 14:28:41.660 I/tvos    ( 1764): #1|->SDK_bPermanentAudioMute:0<-|->SDK_bMomentAudioMute:0 <-|->SDK_bBySyncAudioMute:0<-|->SDK_bByBlockAudioMute:0<-|->SDK_bByVChipAudioMute:0<-|
08-16 14:28:41.660 I/tvos    ( 1764): #1|->SDK_bInternal1AudioMute:0<-|->SDK_bInternal2AudioMute:0<-|->SDK_bInternal3AudioMute:0<-|->SDK_bInternal4AudioMute:0<-|
08-16 14:28:41.660 I/tvos    ( 1764): #1|->SDK_bByScanInOutchgCHchg:0<-|->SDK_bByDuringLimitedTimeAudioMute:0<-|->SDK_bSourceSwitchAudioMute:0<-|
08-16 14:28:41.660 I/tvos    ( 1764): #1|->SDK_bMHEGApMute:0<-|->SDK_bAllAudioMuteCtrl:0<-|->SDK_bPowerOnMute:0<-|->SDK_bNullSourceMute0<-|->SDK_bSetInputSourceAudioMute:0<-|
08-16 14:28:41.660 I/tvos    ( 1764): [audioBSP] #2 m_spkrMute : 1 ..|->SDK_bUsrSpkrAudioMute:0<-|->SDK_bPowerOnMute:0<-|->SDK_bByUserAudioMute:1<-|
08-16 14:28:41.660 I/tvos    ( 1764): [audioBSP] #3 m_PcmCapture2Mute:1 |->SDK_bByUserPcmCapture2Mute:0<-|->SDK_SUB_bByUserAudioMute:0<-|->SDK_bByUserAudioMute:1<-|
08-16 14:28:41.660 I/tvos    ( 1764): [audioBSP] #5 m_hpMute : 1 ..|->SDK_bUsrHpAudioMute:1<-|->SDK_bPowerOnMute:0<-|->SDK_bByUserAudioMute:1<-|
08-16 14:28:41.660 I/tvos    ( 1764): [audioBSP] #12 m_spdifMute : 1 ..
08-16 14:28:41.660 I/tvos    ( 1764): #12|->SDK_bPermanentAudioMute:0<-|->SDK_bMomentAudioMute:0<-|->SDK_bByBlockAudioMute:0<-|
08-16 14:28:41.660 I/tvos    ( 1764): #12|->SDK_bByVChipAudioMute:0<-|->SDK_bInternal1AudioMute:0<-|->SDK_bInternal4AudioMute:0<-|
08-16 14:28:41.660 I/tvos    ( 1764): #12|->SDK_bByDuringLimitedTimeAudioMute:0<-|->SDK_bSourceSwitchAudioMute:0<-|->SDK_bMHEGApMute:0<-|
08-16 14:28:41.660 I/tvos    ( 1764): #12|->SDK_bPowerOnMute:0<-|->SDK_bUsrSpdifAudioMute:1<-|->SDK_bNullSourceMute:0<-|->SDK_bByAppMute:0<-|
08-16 14:28:41.660 I/tvos    ( 1764): ---Amplifier_ALC1310_LR_SWMute(1)
08-16 14:28:41.660 I/tvos    ( 1764): ALC1310 mute write good, addr: 0x13, readback data : 49164, write cmd times : 1
08-16 14:28:41.663 I/tvos    ( 1764): SetSoundMuteStatus : m_hpMute : 1, m_spdifMute : 1, m_DataInMute : 0, m_channel7Mute : 0, m_internalMute : 0, m_spkrMute : 1, m_PcmCapture1Mute : 0, m_PcmCapture2Mute : 1 
08-16 14:28:41.676 E/audio_hw_primary( 1758): out_get_presentation_position pcm_get_htimestamp(pcm, &avail, timestamp) != 0!!!
08-16 14:28:41.683 I/tvos    ( 1764): GetAudioOutputDevice, retval : 0
08-16 14:28:41.934 I/tvos    ( 1764): GetAudioOutputDevice, retval : 0
08-16 14:28:42.151 I/remotestatus( 2207): Msg.what is 101
08-16 14:28:42.151 I/WindowManager( 2207): turn cursor off
08-16 14:28:42.151 E/RemoteManager( 2207): RemoteManager is no longer support in eui6.5
08-16 14:28:42.151 W/InputDispatcher( 2207): findFocusedWindow finished: injectionResult=0, timeSpentWaitingForApplication=0.0ms
08-16 14:28:42.152 E/InputManager-JNI( 2207): call nativeDisableCursor method with hideCursor
08-16 14:28:42.158 I/TVFeedback(18302): BaseActivity -- onFocus: isFocused = false
08-16 14:28:42.161 I/BrowseView(18302): onSideTabExpand false
08-16 14:28:42.161 I/BrowseView(18302): onSideTabExpand false
08-16 14:28:42.168 I/SoundPool(18302): enter : func play
08-16 14:28:42.173 W/AudioTrack(18302): AUDIO_OUTPUT_FLAG_FAST denied by client; transfer 4, track 44100 Hz, output 48000 Hz
08-16 14:28:42.186 I/tvos    ( 1764): GetAudioOutputDevice, retval : 0
08-16 14:28:42.192 I/art     (18404): Late-enabling -Xcheck:jni
08-16 14:28:42.192 I/ActivityManager( 2207): Start proc 18404:com.android.testing.dummyime/u0a93 for service com.android.testing.dummyime/.DummyIme
08-16 14:28:42.193 W/InputDispatcher( 2207): findFocusedWindow finished: injectionResult=0, timeSpentWaitingForApplication=0.0ms
08-16 14:28:42.245 I/APM::AudioPolicyEngine( 1758): getDeviceForStrategy, 359
08-16 14:28:42.271 W/System  (18404): ClassLoader referenced unknown path: /data/app/com.android.testing.dummyime-2/lib/arm64
08-16 14:28:42.286 I/tvos    ( 1764): [37m[INFO] Change to Voltage: 1150 mV (0x22)[m
08-16 14:28:42.286 I/tvos    ( 1764): [37m[INFO] Change to Voltage: 1150 mV (0x25)[m
08-16 14:28:42.287 I/tvos    ( 1764): [37m[INFO] Change to Voltage: 1150 mV (0x28)[m
08-16 14:28:42.289 I/tvos    ( 1764): [37m[INFO] Change to Voltage: 1150 mV (0x2B)[m
08-16 14:28:42.291 I/tvos    ( 1764): [37m[INFO] Change to Voltage: 1150 mV (0x2E)[m
08-16 14:28:42.292 I/tvos    ( 1764): [37m[INFO] Change to Voltage: 1150 mV (0x2E)[m
08-16 14:28:42.300 I/System.out(18404): From style:
08-16 14:28:42.300 I/System.out(18404): Attrs: 3010001=0.6 3010002=#0 3010003=null 3010004=true
08-16 14:28:42.389 I/tvos    ( 1764): [37m[INFO] Change to Voltage: 1030 mV (0x2E)[m
08-16 14:28:42.389 I/tvos    ( 1764): [37m[INFO] Change to Voltage: 1030 mV (0x2B)[m
08-16 14:28:42.389 I/tvos    ( 1764): [37m[INFO] Change to Voltage: 1030 mV (0x28)[m
08-16 14:28:42.389 I/tvos    ( 1764): [37m[INFO] Change to Voltage: 1030 mV (0x25)[m
08-16 14:28:42.389 I/tvos    ( 1764): [37m[INFO] Change to Voltage: 1030 mV (0x22)[m
08-16 14:28:42.389 I/tvos    ( 1764): [37m[INFO] Change to Voltage: 1030 mV (0x22)[m
08-16 14:28:42.435 I/tvos    ( 1764): GetAudioOutputDevice, retval : 0
08-16 14:28:42.685 I/tvos    ( 1764): GetAudioOutputDevice, retval : 0
08-16 14:28:42.932 I/remotestatus( 2207): Msg.what is 101
08-16 14:28:42.932 I/WindowManager( 2207): turn cursor off
08-16 14:28:42.932 E/RemoteManager( 2207): RemoteManager is no longer support in eui6.5
08-16 14:28:42.932 W/InputDispatcher( 2207): findFocusedWindow finished: injectionResult=0, timeSpentWaitingForApplication=0.0ms
08-16 14:28:42.933 E/InputManager-JNI( 2207): call nativeDisableCursor method with hideCursor
08-16 14:28:42.935 I/tvos    ( 1764): GetAudioOutputDevice, retval : 0
08-16 14:28:42.946 I/TVFeedback(18302): BaseActivity -- onFocus: isFocused = true
08-16 14:28:42.948 I/BrowseView(18302): onSideTabExpand true
08-16 14:28:42.949 I/SoundPool(18302): enter : func play
08-16 14:28:42.949 I/APM::AudioPolicyEngine( 1758): getDeviceForStrategy, 359
08-16 14:28:42.954 I/audio_hw_primary( 1758): version:a00004 adev_create_audio_patch::mix->device 
08-16 14:28:42.955 I/audio_hw_primary( 1758): adev_create_audio_patch *handle=-1420227928 num_audio_patch=3
08-16 14:28:42.956 E/AudioManagerService( 1803): setAudioVolume(callingPid 1758, clientPid 1758, enSoundPath 0, volumn:0 )
08-16 14:28:42.959 I/tvos    ( 1764): SetVolume, subWooExist 0!
08-16 14:28:42.959 I/tvos    ( 1764): mapi_audio_customer::SetAbsoluteVolume: project name is X440M
08-16 14:28:42.959 I/tvos    ( 1764): SetAbsoluteVolume: uPercent : 0, path=52(speaker), VolumeInt=7f, VolumeFra=0
08-16 14:28:42.959 I/tvos    ( 1764): SetAbsoluteVolume: uPercent(currVol) : 0, realPath=52(default), VolumeInt=7f, VolumeFra=0
08-16 14:28:42.959 I/tvos    ( 1764): mapi_audio_customer::SetAbsoluteVolume: project name is X440M
08-16 14:28:42.959 I/tvos    ( 1764): SetAbsoluteVolume: uPercent : 0, path=49(HP), VolumeInt=7f, VolumeFra=0
08-16 14:28:42.959 I/tvos    ( 1764): SetAbsoluteVolume: uPercent(currVol) : 0, realPath=49(default), VolumeInt=7f, VolumeFra=0
08-16 14:28:42.959 I/tvos    ( 1764): mapi_audio_customer::SetAbsoluteVolume: project name is X440M
08-16 14:28:42.959 I/tvos    ( 1764): SetAbsoluteVolume, m_bBTDetect is false! 
08-16 14:28:42.959 I/tvos    ( 1764): mapi_audio_customer::SetAbsoluteVolume: project name is X440M
08-16 14:28:42.959 I/tvos    ( 1764): SetAbsoluteVolume: uPercent : 0, path=255(speaker), VolumeInt=7f, VolumeFra=0
08-16 14:28:42.959 I/tvos    ( 1764): SetAbsoluteVolume: uPercent(currVol) : 0, realPath=255(default), VolumeInt=7f, VolumeFra=0
08-16 14:28:42.959 I/tvos    ( 1764): [SetMuteStatus] call SetSoundMuteStatus, line : 10369, muteType: 4, onOff : 0 
08-16 14:28:42.959 I/tvos    ( 1764): [audioBSP] #1 m_internalMute : 0 ..
08-16 14:28:42.959 I/tvos    ( 1764): #1|->SDK_bPermanentAudioMute:0<-|->SDK_bMomentAudioMute:0 <-|->SDK_bBySyncAudioMute:0<-|->SDK_bByBlockAudioMute:0<-|->SDK_bByVChipAudioMute:0<-|
08-16 14:28:42.959 I/tvos    ( 1764): #1|->SDK_bInternal1AudioMute:0<-|->SDK_bInternal2AudioMute:0<-|->SDK_bInternal3AudioMute:0<-|->SDK_bInternal4AudioMute:0<-|
08-16 14:28:42.959 I/tvos    ( 1764): #1|->SDK_bByScanInOutchgCHchg:0<-|->SDK_bByDuringLimitedTimeAudioMute:0<-|->SDK_bSourceSwitchAudioMute:0<-|
08-16 14:28:42.959 I/tvos    ( 1764): #1|->SDK_bMHEGApMute:0<-|->SDK_bAllAudioMuteCtrl:0<-|->SDK_bPowerOnMute:0<-|->SDK_bNullSourceMute0<-|->SDK_bSetInputSourceAudioMute:0<-|
08-16 14:28:42.959 I/tvos    ( 1764): [audioBSP] #2 m_spkrMute : 0 ..|->SDK_bUsrSpkrAudioMute:0<-|->SDK_bPowerOnMute:0<-|->SDK_bByUserAudioMute:0<-|
08-16 14:28:42.959 I/tvos    ( 1764): [audioBSP] #3 m_PcmCapture2Mute:0 |->SDK_bByUserPcmCapture2Mute:0<-|->SDK_SUB_bByUserAudioMute:0<-|->SDK_bByUserAudioMute:0<-|
08-16 14:28:42.959 I/tvos    ( 1764): [audioBSP] #5 m_hpMute : 1 ..|->SDK_bUsrHpAudioMute:1<-|->SDK_bPowerOnMute:0<-|->SDK_bByUserAudioMute:0<-|
08-16 14:28:42.959 I/tvos    ( 1764): [audioBSP] #12 m_spdifMute : 1 ..
08-16 14:28:42.959 I/tvos    ( 1764): #12|->SDK_bPermanentAudioMute:0<-|->SDK_bMomentAudioMute:0<-|->SDK_bByBlockAudioMute:0<-|
08-16 14:28:42.959 I/tvos    ( 1764): #12|->SDK_bByVChipAudioMute:0<-|->SDK_bInternal1AudioMute:0<-|->SDK_bInternal4AudioMute:0<-|
08-16 14:28:42.959 I/tvos    ( 1764): #12|->SDK_bByDuringLimitedTimeAudioMute:0<-|->SDK_bSourceSwitchAudioMute:0<-|->SDK_bMHEGApMute:0<-|
08-16 14:28:42.959 I/tvos    ( 1764): #12|->SDK_bPowerOnMute:0<-|->SDK_bUsrSpdifAudioMute:1<-|->SDK_bNullSourceMute:0<-|->SDK_bByAppMute:0<-|
08-16 14:28:42.959 I/tvos    ( 1764): ---Amplifier_ALC1310_LR_SWMute(0)
08-16 14:28:42.959 I/tvos    ( 1764): ALC1310 unmute good, addr: 0x13 readbackvalue: 4 
08-16 14:28:42.961 I/AudioUtil( 1758): setParameters spk_volume=0
08-16 14:28:42.961 I/audio_hw_primary( 1758): adev_set_parameters: spk_volume=0
08-16 14:28:42.961 I/tvos    ( 1764): SetSoundMuteStatus : m_hpMute : 1, m_spdifMute : 1, m_DataInMute : 0, m_channel7Mute : 0, m_internalMute : 0, m_spkrMute : 0, m_PcmCapture1Mute : 0, m_PcmCapture2Mute : 0 
08-16 14:28:42.962 I/tvos    ( 1764): GetAudioOutputDevice, retval : 0
08-16 14:28:42.962 I/tvos    ( 1764): [SetMuteStatus] call SetSoundMuteStatus, line : 10369, muteType: 67108864, onOff : 1 
08-16 14:28:42.962 I/tvos    ( 1764): _TransMSrvMuteTypeToSDKMuteType: Err! muteType(67108864) is out of Range
08-16 14:28:42.964 I/tvos    ( 1764): [SetMuteStatus] call SetSoundMuteStatus, line : 10369, muteType: 4, onOff : 1 
08-16 14:28:42.964 I/tvos    ( 1764): [audioBSP] #1 m_internalMute : 0 ..
08-16 14:28:42.964 I/tvos    ( 1764): #1|->SDK_bPermanentAudioMute:0<-|->SDK_bMomentAudioMute:0 <-|->SDK_bBySyncAudioMute:0<-|->SDK_bByBlockAudioMute:0<-|->SDK_bByVChipAudioMute:0<-|
08-16 14:28:42.964 I/tvos    ( 1764): #1|->SDK_bInternal1AudioMute:0<-|->SDK_bInternal2AudioMute:0<-|->SDK_bInternal3AudioMute:0<-|->SDK_bInternal4AudioMute:0<-|
08-16 14:28:42.964 I/tvos    ( 1764): #1|->SDK_bByScanInOutchgCHchg:0<-|->SDK_bByDuringLimitedTimeAudioMute:0<-|->SDK_bSourceSwitchAudioMute:0<-|
08-16 14:28:42.964 I/tvos    ( 1764): #1|->SDK_bMHEGApMute:0<-|->SDK_bAllAudioMuteCtrl:0<-|->SDK_bPowerOnMute:0<-|->SDK_bNullSourceMute0<-|->SDK_bSetInputSourceAudioMute:0<-|
08-16 14:28:42.964 I/tvos    ( 1764): [audioBSP] #2 m_spkrMute : 1 ..|->SDK_bUsrSpkrAudioMute:0<-|->SDK_bPowerOnMute:0<-|->SDK_bByUserAudioMute:1<-|
08-16 14:28:42.964 I/tvos    ( 1764): [audioBSP] #3 m_PcmCapture2Mute:1 |->SDK_bByUserPcmCapture2Mute:0<-|->SDK_SUB_bByUserAudioMute:0<-|->SDK_bByUserAudioMute:1<-|
08-16 14:28:42.964 I/tvos    ( 1764): [audioBSP] #5 m_hpMute : 1 ..|->SDK_bUsrHpAudioMute:1<-|->SDK_bPowerOnMute:0<-|->SDK_bByUserAudioMute:1<-|
08-16 14:28:42.964 I/tvos    ( 1764): [audioBSP] #12 m_spdifMute : 1 ..
08-16 14:28:42.964 I/tvos    ( 1764): #12|->SDK_bPermanentAudioMute:0<-|->SDK_bMomentAudioMute:0<-|->SDK_bByBlockAudioMute:0<-|
08-16 14:28:42.964 I/tvos    ( 1764): #12|->SDK_bByVChipAudioMute:0<-|->SDK_bInternal1AudioMute:0<-|->SDK_bInternal4AudioMute:0<-|
08-16 14:28:42.964 I/tvos    ( 1764): #12|->SDK_bByDuringLimitedTimeAudioMute:0<-|->SDK_bSourceSwitchAudioMute:0<-|->SDK_bMHEGApMute:0<-|
08-16 14:28:42.964 I/tvos    ( 1764): #12|->SDK_bPowerOnMute:0<-|->SDK_bUsrSpdifAudioMute:1<-|->SDK_bNullSourceMute:0<-|->SDK_bByAppMute:0<-|
08-16 14:28:42.964 I/tvos    ( 1764): ---Amplifier_ALC1310_LR_SWMute(1)
08-16 14:28:42.964 I/tvos    ( 1764): ALC1310 mute write good, addr: 0x13, readback data : 49164, write cmd times : 1
08-16 14:28:42.966 I/tvos    ( 1764): SetSoundMuteStatus : m_hpMute : 1, m_spdifMute : 1, m_DataInMute : 0, m_channel7Mute : 0, m_internalMute : 0, m_spkrMute : 1, m_PcmCapture1Mute : 0, m_PcmCapture2Mute : 1 
08-16 14:28:42.971 W/InputDispatcher( 2207): findFocusedWindow finished: injectionResult=0, timeSpentWaitingForApplication=0.0ms
08-16 14:28:43.057 I/APM::AudioPolicyEngine( 1758): getDeviceForStrategy, 359
08-16 14:28:43.186 I/tvos    ( 1764): GetAudioOutputDevice, retval : 0
08-16 14:28:43.436 I/tvos    ( 1764): GetAudioOutputDevice, retval : 0
08-16 14:28:43.588 E/LetvRemoteupgradeManager-JNI( 2613): can't get LetvManager service!
08-16 14:28:43.687 I/tvos    ( 1764): GetAudioOutputDevice, retval : 0
08-16 14:28:43.716 I/remotestatus( 2207): Msg.what is 101
08-16 14:28:43.716 I/WindowManager( 2207): turn cursor off
08-16 14:28:43.716 E/RemoteManager( 2207): RemoteManager is no longer support in eui6.5
08-16 14:28:43.716 W/InputDispatcher( 2207): findFocusedWindow finished: injectionResult=0, timeSpentWaitingForApplication=0.0ms
08-16 14:28:43.717 E/InputManager-JNI( 2207): call nativeDisableCursor method with hideCursor
08-16 14:28:43.736 I/SoundPool( 2207): enter : func play
08-16 14:28:43.736 I/APM::AudioPolicyEngine( 1758): getDeviceForStrategy, 359
08-16 14:28:43.740 W/InputDispatcher( 2207): findFocusedWindow finished: injectionResult=0, timeSpentWaitingForApplication=0.0ms
08-16 14:28:43.740 I/BrowseView(18302): --onItemSelected i : 1
08-16 14:28:43.746 I/audio_hw_primary( 1758): version:a00004 adev_create_audio_patch::mix->device 
08-16 14:28:43.747 I/audio_hw_primary( 1758): adev_create_audio_patch *handle=-1420227928 num_audio_patch=3
08-16 14:28:43.748 E/AudioManagerService( 1803): setAudioVolume(callingPid 1758, clientPid 1758, enSoundPath 0, volumn:0 )
08-16 14:28:43.751 I/tvos    ( 1764): SetVolume, subWooExist 0!
08-16 14:28:43.751 I/tvos    ( 1764): mapi_audio_customer::SetAbsoluteVolume: project name is X440M
08-16 14:28:43.751 I/tvos    ( 1764): SetAbsoluteVolume: uPercent : 0, path=52(speaker), VolumeInt=7f, VolumeFra=0
08-16 14:28:43.751 I/tvos    ( 1764): SetAbsoluteVolume: uPercent(currVol) : 0, realPath=52(default), VolumeInt=7f, VolumeFra=0
08-16 14:28:43.751 I/tvos    ( 1764): mapi_audio_customer::SetAbsoluteVolume: project name is X440M
08-16 14:28:43.751 I/tvos    ( 1764): SetAbsoluteVolume: uPercent : 0, path=49(HP), VolumeInt=7f, VolumeFra=0
08-16 14:28:43.751 I/tvos    ( 1764): SetAbsoluteVolume: uPercent(currVol) : 0, realPath=49(default), VolumeInt=7f, VolumeFra=0
08-16 14:28:43.751 I/tvos    ( 1764): mapi_audio_customer::SetAbsoluteVolume: project name is X440M
08-16 14:28:43.751 I/tvos    ( 1764): SetAbsoluteVolume, m_bBTDetect is false! 
08-16 14:28:43.751 I/tvos    ( 1764): mapi_audio_customer::SetAbsoluteVolume: project name is X440M
08-16 14:28:43.751 I/tvos    ( 1764): SetAbsoluteVolume: uPercent : 0, path=255(speaker), VolumeInt=7f, VolumeFra=0
08-16 14:28:43.751 I/tvos    ( 1764): SetAbsoluteVolume: uPercent(currVol) : 0, realPath=255(default), VolumeInt=7f, VolumeFra=0
08-16 14:28:43.751 I/tvos    ( 1764): [SetMuteStatus] call SetSoundMuteStatus, line : 10369, muteType: 4, onOff : 0 
08-16 14:28:43.751 I/tvos    ( 1764): [audioBSP] #1 m_internalMute : 0 ..
08-16 14:28:43.751 I/tvos    ( 1764): #1|->SDK_bPermanentAudioMute:0<-|->SDK_bMomentAudioMute:0 <-|->SDK_bBySyncAudioMute:0<-|->SDK_bByBlockAudioMute:0<-|->SDK_bByVChipAudioMute:0<-|
08-16 14:28:43.751 I/tvos    ( 1764): #1|->SDK_bInternal1AudioMute:0<-|->SDK_bInternal2AudioMute:0<-|->SDK_bInternal3AudioMute:0<-|->SDK_bInternal4AudioMute:0<-|
08-16 14:28:43.751 I/tvos    ( 1764): #1|->SDK_bByScanInOutchgCHchg:0<-|->SDK_bByDuringLimitedTimeAudioMute:0<-|->SDK_bSourceSwitchAudioMute:0<-|
08-16 14:28:43.751 I/tvos    ( 1764): #1|->SDK_bMHEGApMute:0<-|->SDK_bAllAudioMuteCtrl:0<-|->SDK_bPowerOnMute:0<-|->SDK_bNullSourceMute0<-|->SDK_bSetInputSourceAudioMute:0<-|
08-16 14:28:43.751 I/tvos    ( 1764): [audioBSP] #2 m_spkrMute : 0 ..|->SDK_bUsrSpkrAudioMute:0<-|->SDK_bPowerOnMute:0<-|->SDK_bByUserAudioMute:0<-|
08-16 14:28:43.751 I/tvos    ( 1764): [audioBSP] #3 m_PcmCapture2Mute:0 |->SDK_bByUserPcmCapture2Mute:0<-|->SDK_SUB_bByUserAudioMute:0<-|->SDK_bByUserAudioMute:0<-|
08-16 14:28:43.751 I/tvos    ( 1764): [audioBSP] #5 m_hpMute : 1 ..|->SDK_bUsrHpAudioMute:1<-|->SDK_bPowerOnMute:0<-|->SDK_bByUserAudioMute:0<-|
08-16 14:28:43.751 I/tvos    ( 1764): [audioBSP] #12 m_spdifMute : 1 ..
08-16 14:28:43.751 I/tvos    ( 1764): #12|->SDK_bPermanentAudioMute:0<-|->SDK_bMomentAudioMute:0<-|->SDK_bByBlockAudioMute:0<-|
08-16 14:28:43.751 I/tvos    ( 1764): #12|->SDK_bByVChipAudioMute:0<-|->SDK_bInternal1AudioMute:0<-|->SDK_bInternal4AudioMute:0<-|
08-16 14:28:43.751 I/tvos    ( 1764): #12|->SDK_bByDuringLimitedTimeAudioMute:0<-|->SDK_bSourceSwitchAudioMute:0<-|->SDK_bMHEGApMute:0<-|
08-16 14:28:43.751 I/tvos    ( 1764): #12|->SDK_bPowerOnMute:0<-|->SDK_bUsrSpdifAudioMute:1<-|->SDK_bNullSourceMute:0<-|->SDK_bByAppMute:0<-|
08-16 14:28:43.751 I/tvos    ( 1764): ---Amplifier_ALC1310_LR_SWMute(0)
08-16 14:28:43.751 I/tvos    ( 1764): ALC1310 unmute good, addr: 0x13 readbackvalue: 4 
08-16 14:28:43.753 I/AudioUtil( 1758): setParameters spk_volume=0
08-16 14:28:43.753 I/audio_hw_primary( 1758): adev_set_parameters: spk_volume=0
08-16 14:28:43.753 I/tvos    ( 1764): SetSoundMuteStatus : m_hpMute : 1, m_spdifMute : 1, m_DataInMute : 0, m_channel7Mute : 0, m_internalMute : 0, m_spkrMute : 0, m_PcmCapture1Mute : 0, m_PcmCapture2Mute : 0 
08-16 14:28:43.754 I/tvos    ( 1764): GetAudioOutputDevice, retval : 0
08-16 14:28:43.754 I/tvos    ( 1764): [SetMuteStatus] call SetSoundMuteStatus, line : 10369, muteType: 67108864, onOff : 1 
08-16 14:28:43.754 I/tvos    ( 1764): _TransMSrvMuteTypeToSDKMuteType: Err! muteType(67108864) is out of Range
08-16 14:28:43.757 I/tvos    ( 1764): [SetMuteStatus] call SetSoundMuteStatus, line : 10369, muteType: 4, onOff : 1 
08-16 14:28:43.757 I/tvos    ( 1764): [audioBSP] #1 m_internalMute : 0 ..
08-16 14:28:43.757 I/tvos    ( 1764): #1|->SDK_bPermanentAudioMute:0<-|->SDK_bMomentAudioMute:0 <-|->SDK_bBySyncAudioMute:0<-|->SDK_bByBlockAudioMute:0<-|->SDK_bByVChipAudioMute:0<-|
08-16 14:28:43.757 I/tvos    ( 1764): #1|->SDK_bInternal1AudioMute:0<-|->SDK_bInternal2AudioMute:0<-|->SDK_bInternal3AudioMute:0<-|->SDK_bInternal4AudioMute:0<-|
08-16 14:28:43.757 I/tvos    ( 1764): #1|->SDK_bByScanInOutchgCHchg:0<-|->SDK_bByDuringLimitedTimeAudioMute:0<-|->SDK_bSourceSwitchAudioMute:0<-|
08-16 14:28:43.757 I/tvos    ( 1764): #1|->SDK_bMHEGApMute:0<-|->SDK_bAllAudioMuteCtrl:0<-|->SDK_bPowerOnMute:0<-|->SDK_bNullSourceMute0<-|->SDK_bSetInputSourceAudioMute:0<-|
08-16 14:28:43.757 I/tvos    ( 1764): [audioBSP] #2 m_spkrMute : 1 ..|->SDK_bUsrSpkrAudioMute:0<-|->SDK_bPowerOnMute:0<-|->SDK_bByUserAudioMute:1<-|
08-16 14:28:43.757 I/tvos    ( 1764): [audioBSP] #3 m_PcmCapture2Mute:1 |->SDK_bByUserPcmCapture2Mute:0<-|->SDK_SUB_bByUserAudioMute:0<-|->SDK_bByUserAudioMute:1<-|
08-16 14:28:43.757 I/tvos    ( 1764): [audioBSP] #5 m_hpMute : 1 ..|->SDK_bUsrHpAudioMute:1<-|->SDK_bPowerOnMute:0<-|->SDK_bByUserAudioMute:1<-|
08-16 14:28:43.757 I/tvos    ( 1764): [audioBSP] #12 m_spdifMute : 1 ..
08-16 14:28:43.757 I/tvos    ( 1764): #12|->SDK_bPermanentAudioMute:0<-|->SDK_bMomentAudioMute:0<-|->SDK_bByBlockAudioMute:0<-|
08-16 14:28:43.757 I/tvos    ( 1764): #12|->SDK_bByVChipAudioMute:0<-|->SDK_bInternal1AudioMute:0<-|->SDK_bInternal4AudioMute:0<-|
08-16 14:28:43.757 I/tvos    ( 1764): #12|->SDK_bByDuringLimitedTimeAudioMute:0<-|->SDK_bSourceSwitchAudioMute:0<-|->SDK_bMHEGApMute:0<-|
08-16 14:28:43.757 I/tvos    ( 1764): #12|->SDK_bPowerOnMute:0<-|->SDK_bUsrSpdifAudioMute:1<-|->SDK_bNullSourceMute:0<-|->SDK_bByAppMute:0<-|
08-16 14:28:43.757 I/tvos    ( 1764): ---Amplifier_ALC1310_LR_SWMute(1)
08-16 14:28:43.757 I/tvos    ( 1764): ALC1310 mute write good, addr: 0x13, readback data : 49164, write cmd times : 1
08-16 14:28:43.759 I/tvos    ( 1764): SetSoundMuteStatus : m_hpMute : 1, m_spdifMute : 1, m_DataInMute : 0, m_channel7Mute : 0, m_internalMute : 0, m_spkrMute : 1, m_PcmCapture1Mute : 0, m_PcmCapture2Mute : 1 
08-16 14:28:43.845 I/APM::AudioPolicyEngine( 1758): getDeviceForStrategy, 359
08-16 14:28:43.872 E/LETV_DEVICE( 1780): no name sn for Mstar
08-16 14:28:43.878 E/ActivityThread( 2837): Failed to find provider info for com.letv.agnes.InfoProvider
08-16 14:28:43.880 I/SettingUtil(18302): create instance
08-16 14:28:43.881 E/ActivityThread( 2837): Failed to find provider info for com.letv.agnes.InfoProvider
08-16 14:28:43.884 W/System.err( 2837): java.lang.IllegalArgumentException: Unknown URL content://com.letv.agnes.InfoProvider
08-16 14:28:43.884 W/System.err( 2837): 	at android.content.ContentResolver.insert(ContentResolver.java:1227)
08-16 14:28:43.884 W/System.err( 2837): 	at com.letv.tracker2.agnes.Configuration.addDebugInfo(Configuration.java:289)
08-16 14:28:43.884 W/System.err( 2837): 	at com.letv.tracker2.agnes.MessageProcessor$SendEnvMsgTr$1.handleMessage(MessageProcessor.java:661)
08-16 14:28:43.884 W/System.err( 2837): 	at android.os.Handler.dispatchMessage(Handler.java:102)
08-16 14:28:43.885 W/System.err( 2837): 	at android.os.Looper.loop(Looper.java:148)
08-16 14:28:43.885 W/System.err( 2837): 	at com.letv.tracker2.agnes.MessageProcessor$SendEnvMsgTr.run(MessageProcessor.java:665)
08-16 14:28:43.886 E/LETV_DEVICE( 1780): no name sn for Mstar
08-16 14:28:43.890 I/[T1.0.6.3]EuiAgnes_Server( 2837): resCode:1
08-16 14:28:43.890 I/[T1.0.6.3]EuiAgnes_Server( 2837): b[0]:0
08-16 14:28:43.896 I/LetvAccount(14745): UserInfoProvider -- appName: com.stv.feedback, permission: system(true) app(true), match=1
08-16 14:28:43.897 I/AccountManagerService( 2207): getTypesVisibleToCaller: isPermitted? true
08-16 14:28:43.904 I/TVFeedback(18302): FeedBackUtils -- getSystemUserId - ssoToken = 103XXXWLm5iFfp7oHVCl5Nm5QniTYMwRr1riQV7kzFHb0cKblm5JnT7VZ62yLz6NiwchqILK4Vglv7ZN0oREFxfOiiJUsxPtqnon9LQtCfSYWPGD5q0Qm4
08-16 14:28:43.905 I/TVFeedback(18302): UrlUtils -- getFeedbackListUrl - URL= http://xfeedback-scloud.cp21.ott.cibntv.net/api/v3/tvfeedbacklist?version=V2409RCN02C065307D08011D&versionName=6.5.307D_0801&model=X440M&ui=6.5&hwVersion=H5000&mac=b01bd2542d51&region=CN&user-prefer-language=zh-cn&sso_tk=103XXXWLm5iFfp7oHVCl5Nm5QniTYMwRr1riQV7kzFHb0cKblm5JnT7VZ62yLz6NiwchqILK4Vglv7ZN0oREFxfOiiJUsxPtqnon9LQtCfSYWPGD5q0Qm4&&_ak=akfileup_YHoqMHgt&_time=1534400923905&_sign=b13055342363f850d1c0be2ceeae14e3
08-16 14:28:43.937 I/tvos    ( 1764): GetAudioOutputDevice, retval : 0
