08-16 14:28:54.004 I/WindowManager( 2207): turn cursor off
08-16 14:28:54.004 E/RemoteManager( 2207): RemoteManager is no longer support in eui6.5
08-16 14:28:54.004 W/InputDispatcher( 2207): findFocusedWindow finished: injectionResult=0, timeSpentWaitingForApplication=0.0ms
08-16 14:28:54.004 E/InputManager-JNI( 2207): call nativeDisableCursor method with hideCursor
08-16 14:28:54.020 I/SoundPool( 2207): enter : func play
08-16 14:28:54.021 I/APM::AudioPolicyEngine( 1758): getDeviceForStrategy, 359
08-16 14:28:54.022 I/BrowseView(18302): --onItemSelected i : 0
08-16 14:28:54.024 W/InputDispatcher( 2207): findFocusedWindow finished: injectionResult=0, timeSpentWaitingForApplication=0.0ms
08-16 14:28:54.031 I/audio_hw_primary( 1758): version:a00004 adev_create_audio_patch::mix->device 
08-16 14:28:54.031 I/audio_hw_primary( 1758): adev_create_audio_patch *handle=-1420227928 num_audio_patch=3
08-16 14:28:54.032 E/AudioManagerService( 1803): setAudioVolume(callingPid 1758, clientPid 1758, enSoundPath 0, volumn:0 )
08-16 14:28:54.033 I/tvos    ( 1764): SetVolume, subWooExist 0!
08-16 14:28:54.033 I/tvos    ( 1764): mapi_audio_customer::SetAbsoluteVolume: project name is X440M
08-16 14:28:54.033 I/tvos    ( 1764): SetAbsoluteVolume: uPercent : 0, path=52(speaker), VolumeInt=7f, VolumeFra=0
08-16 14:28:54.033 I/tvos    ( 1764): SetAbsoluteVolume: uPercent(currVol) : 0, realPath=52(default), VolumeInt=7f, VolumeFra=0
08-16 14:28:54.033 I/tvos    ( 1764): mapi_audio_customer::SetAbsoluteVolume: project name is X440M
08-16 14:28:54.033 I/tvos    ( 1764): SetAbsoluteVolume: uPercent : 0, path=49(HP), VolumeInt=7f, VolumeFra=0
08-16 14:28:54.033 I/tvos    ( 1764): SetAbsoluteVolume: uPercent(currVol) : 0, realPath=49(default), VolumeInt=7f, VolumeFra=0
08-16 14:28:54.033 I/tvos    ( 1764): mapi_audio_customer::SetAbsoluteVolume: project name is X440M
08-16 14:28:54.033 I/tvos    ( 1764): SetAbsoluteVolume, m_bBTDetect is false! 
08-16 14:28:54.033 I/tvos    ( 1764): mapi_audio_customer::SetAbsoluteVolume: project name is X440M
08-16 14:28:54.033 I/tvos    ( 1764): SetAbsoluteVolume: uPercent : 0, path=255(speaker), VolumeInt=7f, VolumeFra=0
08-16 14:28:54.033 I/tvos    ( 1764): SetAbsoluteVolume: uPercent(currVol) : 0, realPath=255(default), VolumeInt=7f, VolumeFra=0
08-16 14:28:54.033 I/tvos    ( 1764): [SetMuteStatus] call SetSoundMuteStatus, line : 10369, muteType: 4, onOff : 0 
08-16 14:28:54.033 I/tvos    ( 1764): [audioBSP] #1 m_internalMute : 0 ..
08-16 14:28:54.033 I/tvos    ( 1764): #1|->SDK_bPermanentAudioMute:0<-|->SDK_bMomentAudioMute:0 <-|->SDK_bBySyncAudioMute:0<-|->SDK_bByBlockAudioMute:0<-|->SDK_bByVChipAudioMute:0<-|
08-16 14:28:54.033 I/tvos    ( 1764): #1|->SDK_bInternal1AudioMute:0<-|->SDK_bInternal2AudioMute:0<-|->SDK_bInternal3AudioMute:0<-|->SDK_bInternal4AudioMute:0<-|
08-16 14:28:54.033 I/tvos    ( 1764): #1|->SDK_bByScanInOutchgCHchg:0<-|->SDK_bByDuringLimitedTimeAudioMute:0<-|->SDK_bSourceSwitchAudioMute:0<-|
08-16 14:28:54.033 I/tvos    ( 1764): #1|->SDK_bMHEGApMute:0<-|->SDK_bAllAudioMuteCtrl:0<-|->SDK_bPowerOnMute:0<-|->SDK_bNullSourceMute0<-|->SDK_bSetInputSourceAudioMute:0<-|
08-16 14:28:54.035 I/tvos    ( 1764): [audioBSP] #2 m_spkrMute : 0 ..|->SDK_bUsrSpkrAudioMute:0<-|->SDK_bPowerOnMute:0<-|->SDK_bByUserAudioMute:0<-|
08-16 14:28:54.035 I/tvos    ( 1764): [audioBSP] #3 m_PcmCapture2Mute:0 |->SDK_bByUserPcmCapture2Mute:0<-|->SDK_SUB_bByUserAudioMute:0<-|->SDK_bByUserAudioMute:0<-|
08-16 14:28:54.035 I/tvos    ( 1764): [audioBSP] #5 m_hpMute : 1 ..|->SDK_bUsrHpAudioMute:1<-|->SDK_bPowerOnMute:0<-|->SDK_bByUserAudioMute:0<-|
08-16 14:28:54.035 I/tvos    ( 1764): [audioBSP] #12 m_spdifMute : 1 ..
08-16 14:28:54.035 I/tvos    ( 1764): #12|->SDK_bPermanentAudioMute:0<-|->SDK_bMomentAudioMute:0<-|->SDK_bByBlockAudioMute:0<-|
08-16 14:28:54.035 I/tvos    ( 1764): #12|->SDK_bByVChipAudioMute:0<-|->SDK_bInternal1AudioMute:0<-|->SDK_bInternal4AudioMute:0<-|
08-16 14:28:54.035 I/tvos    ( 1764): #12|->SDK_bByDuringLimitedTimeAudioMute:0<-|->SDK_bSourceSwitchAudioMute:0<-|->SDK_bMHEGApMute:0<-|
08-16 14:28:54.035 I/tvos    ( 1764): #12|->SDK_bPowerOnMute:0<-|->SDK_bUsrSpdifAudioMute:1<-|->SDK_bNullSourceMute:0<-|->SDK_bByAppMute:0<-|
08-16 14:28:54.035 I/tvos    ( 1764): ---Amplifier_ALC1310_LR_SWMute(0)
08-16 14:28:54.035 I/tvos    ( 1764): ALC1310 unmute good, addr: 0x13 readbackvalue: 4 
08-16 14:28:54.037 I/tvos    ( 1764): SetSoundMuteStatus : m_hpMute : 1, m_spdifMute : 1, m_DataInMute : 0, m_channel7Mute : 0, m_internalMute : 0, m_spkrMute : 0, m_PcmCapture1Mute : 0, m_PcmCapture2Mute : 0 
08-16 14:28:54.037 I/AudioUtil( 1758): setParameters spk_volume=0
08-16 14:28:54.037 I/audio_hw_primary( 1758): adev_set_parameters: spk_volume=0
08-16 14:28:54.038 I/tvos    ( 1764): GetAudioOutputDevice, retval : 0
08-16 14:28:54.038 I/tvos    ( 1764): [SetMuteStatus] call SetSoundMuteStatus, line : 10369, muteType: 67108864, onOff : 1 
08-16 14:28:54.038 I/tvos    ( 1764): _TransMSrvMuteTypeToSDKMuteType: Err! muteType(67108864) is out of Range
08-16 14:28:54.041 I/tvos    ( 1764): [SetMuteStatus] call SetSoundMuteStatus, line : 10369, muteType: 4, onOff : 1 
08-16 14:28:54.041 I/tvos    ( 1764): [audioBSP] #1 m_internalMute : 0 ..
08-16 14:28:54.041 I/tvos    ( 1764): #1|->SDK_bPermanentAudioMute:0<-|->SDK_bMomentAudioMute:0 <-|->SDK_bBySyncAudioMute:0<-|->SDK_bByBlockAudioMute:0<-|->SDK_bByVChipAudioMute:0<-|
08-16 14:28:54.041 I/tvos    ( 1764): #1|->SDK_bInternal1AudioMute:0<-|->SDK_bInternal2AudioMute:0<-|->SDK_bInternal3AudioMute:0<-|->SDK_bInternal4AudioMute:0<-|
08-16 14:28:54.041 I/tvos    ( 1764): #1|->SDK_bByScanInOutchgCHchg:0<-|->SDK_bByDuringLimitedTimeAudioMute:0<-|->SDK_bSourceSwitchAudioMute:0<-|
08-16 14:28:54.041 I/tvos    ( 1764): #1|->SDK_bMHEGApMute:0<-|->SDK_bAllAudioMuteCtrl:0<-|->SDK_bPowerOnMute:0<-|->SDK_bNullSourceMute0<-|->SDK_bSetInputSourceAudioMute:0<-|
08-16 14:28:54.041 I/tvos    ( 1764): [audioBSP] #2 m_spkrMute : 1 ..|->SDK_bUsrSpkrAudioMute:0<-|->SDK_bPowerOnMute:0<-|->SDK_bByUserAudioMute:1<-|
08-16 14:28:54.041 I/tvos    ( 1764): [audioBSP] #3 m_PcmCapture2Mute:1 |->SDK_bByUserPcmCapture2Mute:0<-|->SDK_SUB_bByUserAudioMute:0<-|->SDK_bByUserAudioMute:1<-|
08-16 14:28:54.041 I/tvos    ( 1764): [audioBSP] #5 m_hpMute : 1 ..|->SDK_bUsrHpAudioMute:1<-|->SDK_bPowerOnMute:0<-|->SDK_bByUserAudioMute:1<-|
08-16 14:28:54.041 I/tvos    ( 1764): [audioBSP] #12 m_spdifMute : 1 ..
08-16 14:28:54.041 I/tvos    ( 1764): #12|->SDK_bPermanentAudioMute:0<-|->SDK_bMomentAudioMute:0<-|->SDK_bByBlockAudioMute:0<-|
08-16 14:28:54.041 I/tvos    ( 1764): #12|->SDK_bByVChipAudioMute:0<-|->SDK_bInternal1AudioMute:0<-|->SDK_bInternal4AudioMute:0<-|
08-16 14:28:54.041 I/tvos    ( 1764): #12|->SDK_bByDuringLimitedTimeAudioMute:0<-|->SDK_bSourceSwitchAudioMute:0<-|->SDK_bMHEGApMute:0<-|
08-16 14:28:54.041 I/tvos    ( 1764): #12|->SDK_bPowerOnMute:0<-|->SDK_bUsrSpdifAudioMute:1<-|->SDK_bNullSourceMute:0<-|->SDK_bByAppMute:0<-|
08-16 14:28:54.041 I/tvos    ( 1764): ---Amplifier_ALC1310_LR_SWMute(1)
08-16 14:28:54.041 I/tvos    ( 1764): ALC1310 mute write good, addr: 0x13, readback data : 49164, write cmd times : 1
08-16 14:28:54.043 I/tvos    ( 1764): SetSoundMuteStatus : m_hpMute : 1, m_spdifMute : 1, m_DataInMute : 0, m_channel7Mute : 0, m_internalMute : 0, m_spkrMute : 1, m_PcmCapture1Mute : 0, m_PcmCapture2Mute : 1 
08-16 14:28:54.125 I/WifiStateMachine( 2207):  DisconnectedState !SCAN_RESULTS_EVENT  rt=511800558/511800558 0 0 found=158 known=0 got=158 bcn=0 con=0
08-16 14:28:54.125 I/WifiStateMachine( 2207):  ConnectModeState !SCAN_RESULTS_EVENT  rt=511800558/511800558 0 0 found=158 known=0 got=158 bcn=0 con=0
08-16 14:28:54.125 I/APM::AudioPolicyEngine( 1758): getDeviceForStrategy, 359
08-16 14:28:54.125 I/WifiStateMachine( 2207):  DriverStartedState !SCAN_RESULTS_EVENT  rt=511800559/511800559 0 0 found=158 known=0 got=158 bcn=0 con=0
08-16 14:28:54.126 I/WifiStateMachine( 2207):  SupplicantStartedState !SCAN_RESULTS_EVENT  rt=511800559/511800559 0 0 found=158 known=0 got=158 bcn=0 con=0
08-16 14:28:54.157 E/LETV_DEVICE( 1780): no name sn for Mstar
08-16 14:28:54.160 E/ActivityThread( 2837): Failed to find provider info for com.letv.agnes.InfoProvider
08-16 14:28:54.163 E/ActivityThread( 2837): Failed to find provider info for com.letv.agnes.InfoProvider
08-16 14:28:54.163 W/System.err( 2837): java.lang.IllegalArgumentException: Unknown URL content://com.letv.agnes.InfoProvider
08-16 14:28:54.163 W/System.err( 2837): 	at android.content.ContentResolver.insert(ContentResolver.java:1227)
08-16 14:28:54.163 W/System.err( 2837): 	at com.letv.tracker2.agnes.Configuration.addDebugInfo(Configuration.java:289)
08-16 14:28:54.163 W/System.err( 2837): 	at com.letv.tracker2.agnes.MessageProcessor$SendEnvMsgTr$1.handleMessage(MessageProcessor.java:661)
08-16 14:28:54.163 W/System.err( 2837): 	at android.os.Handler.dispatchMessage(Handler.java:102)
08-16 14:28:54.163 W/System.err( 2837): 	at android.os.Looper.loop(Looper.java:148)
08-16 14:28:54.163 W/System.err( 2837): 	at com.letv.tracker2.agnes.MessageProcessor$SendEnvMsgTr.run(MessageProcessor.java:665)
08-16 14:28:54.165 I/TVFeedback(18302): AddReportFragment -- mUiType is: cibn
08-16 14:28:54.168 I/TVFeedback(18302): AddReportFragment -- ==========the log switch is: 0
08-16 14:28:54.174 E/LETV_DEVICE( 1780): no name sn for Mstar
08-16 14:28:54.174 I/TVFeedback(18302): AddReportFragment -- onResume
08-16 14:28:54.200 I/LetvAccount(14745): UserInfoProvider -- appName: com.stv.feedback, permission: system(true) app(true), match=1
08-16 14:28:54.200 I/AccountManagerService( 2207): getTypesVisibleToCaller: isPermitted? true
08-16 14:28:54.206 I/tvos    ( 1764): GetAudioOutputDevice, retval : 0
08-16 14:28:54.222 I/WifiStateMachine( 2207): setscanresults newsupplicantresult
08-16 14:28:54.225 I/TVFeedback(18302): FeedBackUtils -- getSystemUserId - ssoToken = 103XXXWLm5iFfp7oHVCl5Nm5QniTYMwRr1riQV7kzFHb0cKblm5JnT7VZ62yLz6NiwchqILK4Vglv7ZN0oREFxfOiiJUsxPtqnon9LQtCfSYWPGD5q0Qm4
08-16 14:28:54.233 I/TVFeedback(18302): UrlUtils -- getUniqueIDUrl - URL= http://xfeedback-scloud.cp21.ott.cibntv.net/api/v3/Tvfeedback?version=V2409RCN02C065307D08011D&versionName=6.5.307D_0801&model=X440M&ui=6.5&hwVersion=H5000&mac=b01bd2542d51&region=CN&user-prefer-language=zh-cn&sso_tk=103XXXWLm5iFfp7oHVCl5Nm5QniTYMwRr1riQV7kzFHb0cKblm5JnT7VZ62yLz6NiwchqILK4Vglv7ZN0oREFxfOiiJUsxPtqnon9LQtCfSYWPGD5q0Qm4&&_ak=akfileup_YHoqMHgt&_time=1534400934232&_sign=c7858a54343a239705f314ac8be20808
08-16 14:28:54.254 I/[T1.0.6.3]EuiAgnes_Server( 2837): resCode:1
08-16 14:28:54.254 I/[T1.0.6.3]EuiAgnes_Server( 2837): b[0]:0
08-16 14:28:54.280 I/TVFeedback(18302): FeedBackUtils -- get Id suc: 5b7519a66fcf9
08-16 14:28:54.280 I/TVFeedback(18302): GetQRCodeSyncTask -- uniqID is: 5b7519a66fcf9
08-16 14:28:54.282 I/TVFeedback(18302): UrlUtils -- getPhoneSubmitUrlParams - params = mac=b01bd2542d51&_id=5b7519a66fcf9&device=X440M
08-16 14:28:54.282 I/TVFeedback(18302): UrlUtils -- getSubmitQuestionQRCodeImgUrl - URL= http://xfeedback-scloud.cp21.ott.cibntv.net/tvfeedbackweb?mac=b01bd2542d51&_id=5b7519a66fcf9&device=X440M&_ak=akfileup_YHoqMHgt&_time=1534400934282&_sign=b59330e138df56b896d519838cc416ed
08-16 14:28:54.282 I/TVFeedback(18302): GetQRCodeSyncTask -- onPostExecute - QrCode URL = http://xfeedback-scloud.cp21.ott.cibntv.net/tvfeedbackweb?mac=b01bd2542d51&_id=5b7519a66fcf9&device=X440M&_ak=akfileup_YHoqMHgt&_time=1534400934282&_sign=b59330e138df56b896d519838cc416ed
08-16 14:28:54.456 I/tvos    ( 1764): GetAudioOutputDevice, retval : 0
08-16 14:28:54.707 I/tvos    ( 1764): GetAudioOutputDevice, retval : 0
08-16 14:28:54.769 I/remotestatus( 2207): Msg.what is 101
08-16 14:28:54.769 I/WindowManager( 2207): turn cursor off
08-16 14:28:54.769 E/RemoteManager( 2207): RemoteManager is no longer support in eui6.5
08-16 14:28:54.769 W/InputDispatcher( 2207): findFocusedWindow finished: injectionResult=0, timeSpentWaitingForApplication=0.0ms
08-16 14:28:54.770 E/InputManager-JNI( 2207): call nativeDisableCursor method with hideCursor
08-16 14:28:54.771 I/SoundPool(18302): enter : func play
08-16 14:28:54.772 I/APM::AudioPolicyEngine( 1758): getDeviceForStrategy, 359
08-16 14:28:54.779 I/audio_hw_primary( 1758): version:a00004 adev_create_audio_patch::mix->device 
08-16 14:28:54.779 I/audio_hw_primary( 1758): adev_create_audio_patch *handle=-1420227928 num_audio_patch=3
08-16 14:28:54.781 E/AudioManagerService( 1803): setAudioVolume(callingPid 1758, clientPid 1758, enSoundPath 0, volumn:0 )
08-16 14:28:54.783 I/tvos    ( 1764): SetVolume, subWooExist 0!
08-16 14:28:54.783 I/tvos    ( 1764): mapi_audio_customer::SetAbsoluteVolume: project name is X440M
08-16 14:28:54.783 I/tvos    ( 1764): SetAbsoluteVolume: uPercent : 0, path=52(speaker), VolumeInt=7f, VolumeFra=0
08-16 14:28:54.783 I/tvos    ( 1764): SetAbsoluteVolume: uPercent(currVol) : 0, realPath=52(default), VolumeInt=7f, VolumeFra=0
08-16 14:28:54.783 I/tvos    ( 1764): mapi_audio_customer::SetAbsoluteVolume: project name is X440M
08-16 14:28:54.783 I/tvos    ( 1764): SetAbsoluteVolume: uPercent : 0, path=49(HP), VolumeInt=7f, VolumeFra=0
08-16 14:28:54.783 I/tvos    ( 1764): SetAbsoluteVolume: uPercent(currVol) : 0, realPath=49(default), VolumeInt=7f, VolumeFra=0
08-16 14:28:54.783 I/tvos    ( 1764): mapi_audio_customer::SetAbsoluteVolume: project name is X440M
08-16 14:28:54.783 I/tvos    ( 1764): SetAbsoluteVolume, m_bBTDetect is false! 
08-16 14:28:54.783 I/tvos    ( 1764): mapi_audio_customer::SetAbsoluteVolume: project name is X440M
08-16 14:28:54.783 I/tvos    ( 1764): SetAbsoluteVolume: uPercent : 0, path=255(speaker), VolumeInt=7f, VolumeFra=0
08-16 14:28:54.783 I/tvos    ( 1764): SetAbsoluteVolume: uPercent(currVol) : 0, realPath=255(default), VolumeInt=7f, VolumeFra=0
08-16 14:28:54.783 I/tvos    ( 1764): [SetMuteStatus] call SetSoundMuteStatus, line : 10369, muteType: 4, onOff : 0 
08-16 14:28:54.784 I/tvos    ( 1764): [audioBSP] #1 m_internalMute : 0 ..
08-16 14:28:54.784 I/tvos    ( 1764): #1|->SDK_bPermanentAudioMute:0<-|->SDK_bMomentAudioMute:0 <-|->SDK_bBySyncAudioMute:0<-|->SDK_bByBlockAudioMute:0<-|->SDK_bByVChipAudioMute:0<-|
08-16 14:28:54.784 I/tvos    ( 1764): #1|->SDK_bInternal1AudioMute:0<-|->SDK_bInternal2AudioMute:0<-|->SDK_bInternal3AudioMute:0<-|->SDK_bInternal4AudioMute:0<-|
08-16 14:28:54.784 I/tvos    ( 1764): #1|->SDK_bByScanInOutchgCHchg:0<-|->SDK_bByDuringLimitedTimeAudioMute:0<-|->SDK_bSourceSwitchAudioMute:0<-|
08-16 14:28:54.784 I/tvos    ( 1764): #1|->SDK_bMHEGApMute:0<-|->SDK_bAllAudioMuteCtrl:0<-|->SDK_bPowerOnMute:0<-|->SDK_bNullSourceMute0<-|->SDK_bSetInputSourceAudioMute:0<-|
08-16 14:28:54.784 I/tvos    ( 1764): [audioBSP] #2 m_spkrMute : 0 ..|->SDK_bUsrSpkrAudioMute:0<-|->SDK_bPowerOnMute:0<-|->SDK_bByUserAudioMute:0<-|
08-16 14:28:54.784 I/tvos    ( 1764): [audioBSP] #3 m_PcmCapture2Mute:0 |->SDK_bByUserPcmCapture2Mute:0<-|->SDK_SUB_bByUserAudioMute:0<-|->SDK_bByUserAudioMute:0<-|
08-16 14:28:54.784 I/tvos    ( 1764): [audioBSP] #5 m_hpMute : 1 ..|->SDK_bUsrHpAudioMute:1<-|->SDK_bPowerOnMute:0<-|->SDK_bByUserAudioMute:0<-|
08-16 14:28:54.784 I/tvos    ( 1764): [audioBSP] #12 m_spdifMute : 1 ..
08-16 14:28:54.784 I/tvos    ( 1764): #12|->SDK_bPermanentAudioMute:0<-|->SDK_bMomentAudioMute:0<-|->SDK_bByBlockAudioMute:0<-|
08-16 14:28:54.784 I/tvos    ( 1764): #12|->SDK_bByVChipAudioMute:0<-|->SDK_bInternal1AudioMute:0<-|->SDK_bInternal4AudioMute:0<-|
08-16 14:28:54.784 I/tvos    ( 1764): #12|->SDK_bByDuringLimitedTimeAudioMute:0<-|->SDK_bSourceSwitchAudioMute:0<-|->SDK_bMHEGApMute:0<-|
08-16 14:28:54.784 I/tvos    ( 1764): #12|->SDK_bPowerOnMute:0<-|->SDK_bUsrSpdifAudioMute:1<-|->SDK_bNullSourceMute:0<-|->SDK_bByAppMute:0<-|
08-16 14:28:54.784 I/tvos    ( 1764): ---Amplifier_ALC1310_LR_SWMute(0)
08-16 14:28:54.784 I/tvos    ( 1764): ALC1310 unmute good, addr: 0x13 readbackvalue: 4 
08-16 14:28:54.786 I/tvos    ( 1764): SetSoundMuteStatus : m_hpMute : 1, m_spdifMute : 1, m_DataInMute : 0, m_channel7Mute : 0, m_internalMute : 0, m_spkrMute : 0, m_PcmCapture1Mute : 0, m_PcmCapture2Mute : 0 
08-16 14:28:54.786 I/AudioUtil( 1758): setParameters spk_volume=0
08-16 14:28:54.786 I/audio_hw_primary( 1758): adev_set_parameters: spk_volume=0
08-16 14:28:54.786 I/tvos    ( 1764): GetAudioOutputDevice, retval : 0
08-16 14:28:54.786 I/tvos    ( 1764): [SetMuteStatus] call SetSoundMuteStatus, line : 10369, muteType: 67108864, onOff : 1 
08-16 14:28:54.786 I/tvos    ( 1764): _TransMSrvMuteTypeToSDKMuteType: Err! muteType(67108864) is out of Range
08-16 14:28:54.789 I/tvos    ( 1764): [SetMuteStatus] call SetSoundMuteStatus, line : 10369, muteType: 4, onOff : 1 
08-16 14:28:54.789 I/tvos    ( 1764): [audioBSP] #1 m_internalMute : 0 ..
08-16 14:28:54.789 I/tvos    ( 1764): #1|->SDK_bPermanentAudioMute:0<-|->SDK_bMomentAudioMute:0 <-|->SDK_bBySyncAudioMute:0<-|->SDK_bByBlockAudioMute:0<-|->SDK_bByVChipAudioMute:0<-|
08-16 14:28:54.789 I/tvos    ( 1764): #1|->SDK_bInternal1AudioMute:0<-|->SDK_bInternal2AudioMute:0<-|->SDK_bInternal3AudioMute:0<-|->SDK_bInternal4AudioMute:0<-|
08-16 14:28:54.789 I/tvos    ( 1764): #1|->SDK_bByScanInOutchgCHchg:0<-|->SDK_bByDuringLimitedTimeAudioMute:0<-|->SDK_bSourceSwitchAudioMute:0<-|
08-16 14:28:54.789 I/tvos    ( 1764): #1|->SDK_bMHEGApMute:0<-|->SDK_bAllAudioMuteCtrl:0<-|->SDK_bPowerOnMute:0<-|->SDK_bNullSourceMute0<-|->SDK_bSetInputSourceAudioMute:0<-|
08-16 14:28:54.789 I/tvos    ( 1764): [audioBSP] #2 m_spkrMute : 1 ..|->SDK_bUsrSpkrAudioMute:0<-|->SDK_bPowerOnMute:0<-|->SDK_bByUserAudioMute:1<-|
08-16 14:28:54.789 I/tvos    ( 1764): [audioBSP] #3 m_PcmCapture2Mute:1 |->SDK_bByUserPcmCapture2Mute:0<-|->SDK_SUB_bByUserAudioMute:0<-|->SDK_bByUserAudioMute:1<-|
08-16 14:28:54.789 I/tvos    ( 1764): [audioBSP] #5 m_hpMute : 1 ..|->SDK_bUsrHpAudioMute:1<-|->SDK_bPowerOnMute:0<-|->SDK_bByUserAudioMute:1<-|
08-16 14:28:54.789 I/tvos    ( 1764): [audioBSP] #12 m_spdifMute : 1 ..
08-16 14:28:54.789 I/tvos    ( 1764): #12|->SDK_bPermanentAudioMute:0<-|->SDK_bMomentAudioMute:0<-|->SDK_bByBlockAudioMute:0<-|
08-16 14:28:54.789 I/tvos    ( 1764): #12|->SDK_bByVChipAudioMute:0<-|->SDK_bInternal1AudioMute:0<-|->SDK_bInternal4AudioMute:0<-|
08-16 14:28:54.789 I/tvos    ( 1764): #12|->SDK_bByDuringLimitedTimeAudioMute:0<-|->SDK_bSourceSwitchAudioMute:0<-|->SDK_bMHEGApMute:0<-|
08-16 14:28:54.789 I/tvos    ( 1764): #12|->SDK_bPowerOnMute:0<-|->SDK_bUsrSpdifAudioMute:1<-|->SDK_bNullSourceMute:0<-|->SDK_bByAppMute:0<-|
08-16 14:28:54.789 I/tvos    ( 1764): ---Amplifier_ALC1310_LR_SWMute(1)
08-16 14:28:54.789 I/tvos    ( 1764): ALC1310 mute write good, addr: 0x13, readback data : 49164, write cmd times : 1
08-16 14:28:54.791 I/tvos    ( 1764): SetSoundMuteStatus : m_hpMute : 1, m_spdifMute : 1, m_DataInMute : 0, m_channel7Mute : 0, m_internalMute : 0, m_spkrMute : 1, m_PcmCapture1Mute : 0, m_PcmCapture2Mute : 1 
08-16 14:28:54.795 W/InputDispatcher( 2207): findFocusedWindow finished: injectionResult=0, timeSpentWaitingForApplication=0.0ms
08-16 14:28:54.869 I/APM::AudioPolicyEngine( 1758): getDeviceForStrategy, 359
08-16 14:28:54.957 I/tvos    ( 1764): GetAudioOutputDevice, retval : 0
08-16 14:28:55.208 I/tvos    ( 1764): GetAudioOutputDevice, retval : 0
08-16 14:28:55.458 I/tvos    ( 1764): GetAudioOutputDevice, retval : 0
08-16 14:28:55.589 E/LetvRemoteupgradeManager-JNI( 2613): can't get LetvManager service!
08-16 14:28:55.708 I/tvos    ( 1764): GetAudioOutputDevice, retval : 0
08-16 14:28:55.959 I/tvos    ( 1764): GetAudioOutputDevice, retval : 0
08-16 14:28:56.209 I/tvos    ( 1764): GetAudioOutputDevice, retval : 0
08-16 14:28:56.299 W/InputDispatcher( 2207): findFocusedWindow finished: injectionResult=0, timeSpentWaitingForApplication=0.0ms
08-16 14:28:56.302 W/InputDispatcher( 2207): findFocusedWindow finished: injectionResult=0, timeSpentWaitingForApplication=0.0ms
08-16 14:28:56.306 W/InputDispatcher( 2207): setFocusedApplication
08-16 14:28:56.308 W/InputDispatcher( 2207): Focus left window: Window{c9ad8bd u0 com.stv.feedback/com.stv.feedback.FeedbackActivity}
08-16 14:28:56.316 I/ActivityManager( 2207): TR12) TaskRecord{14b0d11 #1 A=com.stv.launcher U=0 sz=1}
08-16 14:28:56.316 I/ActivityManager( 2207): TR11) TaskRecord{86464d9 #27 A=com.stv.feedback U=0 sz=1}
08-16 14:28:56.317 I/ActivityManager( 2207): accel TR12) TaskRecord{14b0d11 #1 A=com.stv.launcher U=0 sz=1}
08-16 14:28:56.317 I/ActivityManager( 2207): accel TR11) TaskRecord{86464d9 #27 A=com.stv.feedback U=0 sz=1}
08-16 14:28:56.340 I/AnalysisLog( 3007): Activ:onStart----start:time='511802773'
08-16 14:28:56.340 I/TvLiveBaseFragment( 3007): onStart
08-16 14:28:56.343 I/Launcher( 3007): [com.stv.launcher] LauncherActivity -- onStart, switchByStr: false
08-16 14:28:56.343 I/AnalysisLog( 3007): Plugin:onFragmentShowChanged_show:com.stv.plugin.app----start:time='511802776'
08-16 14:28:56.343 I/AppPlugin( 3007): ReportLogUtil -- startExposureReport
08-16 14:28:56.345 I/AnalysisLog( 3007): Plugin:onFragmentShowChanged_show:com.stv.plugin.app----end:time='511802778'
08-16 14:28:56.347 I/AnalysisLog( 3007): Activ:onStart----end:time='511802780'
08-16 14:28:56.347 I/Launcher( 3007): [com.stv.launcher] LauncherActivity --  debug_tag onResume
08-16 14:28:56.348 I/AnalysisLog( 3007): Activ:onResume----start:time='511802781'
08-16 14:28:56.349 I/Launcher( 3007): [com.stv.launcher] boot video finished=1 bootAnifinished = 1 str =  strAdFinished = 3
08-16 14:28:56.349 I/Launcher( 3007): [com.stv.launcher] LauncherActivity -- onResume, switchByStr: false, bootAdFinish true
08-16 14:28:56.351 I/Launcher( 3007): [com.stv.launcher] LauncherActivity -- onResume mHandDetectStarted: false mHandDetectType: 0 mLastSelectedScreen = null
08-16 14:28:56.351 I/Launcher( 3007): [com.stv.launcher] PluginShell --  debug_tag  >>>>>> startLoadFirst <<<<<<
08-16 14:28:56.352 I/AnalysisLog( 3007): Activ:onResume----end:time='511802785'
08-16 14:28:56.352 I/AnalysisLog( 3007): Plugin:onAttach2onResume:com.letv.android.tv.letvlive----end:time='511802785'
08-16 14:28:56.352 I/TvLiveBaseFragment( 3007): onResume
08-16 14:28:56.352 I/AnalysisLog( 3007): Plugin:onAttach2onResume:com.stv.plugin.tencent----end:time='511802785'
08-16 14:28:56.352 I/AnalysisLog( 3007): Plugin:onAttach2onResume:com.stv.plugin.video----end:time='511802785'
08-16 14:28:56.352 I/AnalysisLog( 3007): Plugin:onAttach2onResume:com.stv.plugin.search----end:time='511802785'
08-16 14:28:56.352 I/ShoppingPlugin-stv-PluginFragment( 3007): onResume ->in
08-16 14:28:56.352 I/AnalysisLog( 3007): Plugin:onAttach2onResume:com.stv.shopping----end:time='511802785'
08-16 14:28:56.352 I/Launcher( 3007): [com.stv.launcher] PluginShell --  debug_tag  >>>>>> createPlugin <<<<<<
08-16 14:28:56.352 I/AnalysisLog( 3007): Plugin:onAttach2onResume:com.stv.plugin.kids----end:time='511802785'
08-16 14:28:56.352 I/Launcher( 3007): [com.stv.launcher] PluginShell --  debug_tag  ** createPlugin but current has empty **
08-16 14:28:56.352 I/AnalysisLog( 3007): Plugin:onAttach2onResume:com.stv.plugin.app----end:time='511802786'
08-16 14:28:56.352 I/AnalysisLog( 3007): Plugin:onAttach2onResume:com.stv.plugin.ucenter----end:time='511802786'
08-16 14:28:56.372 W/InputDispatcher( 2207): Focus entered window: Window{23c0535 u0 com.stv.launcher/com.stv.launcher.ui.activity.Launcher}
08-16 14:28:56.376 E/LETV_DEVICE( 1780): no name sn for Mstar
08-16 14:28:56.378 I/tvos    ( 1764): [37m[INFO] Change to Voltage: 1150 mV (0x22)[m
08-16 14:28:56.378 I/tvos    ( 1764): [37m[INFO] Change to Voltage: 1150 mV (0x25)[m
08-16 14:28:56.378 I/tvos    ( 1764): [37m[INFO] Change to Voltage: 1150 mV (0x28)[m
08-16 14:28:56.378 I/tvos    ( 1764): [37m[INFO] Change to Voltage: 1150 mV (0x2B)[m
08-16 14:28:56.378 I/tvos    ( 1764): [37m[INFO] Change to Voltage: 1150 mV (0x2E)[m
08-16 14:28:56.378 I/tvos    ( 1764): [37m[INFO] Change to Voltage: 1150 mV (0x2E)[m
08-16 14:28:56.382 E/BufferQueueProducer( 1749): [com.stv.launcher/com.stv.launcher.ui.activity.Launcher] connect(P): already connected (cur=1 req=1)
08-16 14:28:56.401 E/ActivityThread( 2837): Failed to find provider info for com.letv.agnes.InfoProvider
08-16 14:28:56.406 E/ActivityThread( 2837): Failed to find provider info for com.letv.agnes.InfoProvider
08-16 14:28:56.411 W/System.err( 2837): java.lang.IllegalArgumentException: Unknown URL content://com.letv.agnes.InfoProvider
08-16 14:28:56.411 W/System.err( 2837): 	at android.content.ContentResolver.insert(ContentResolver.java:1227)
08-16 14:28:56.411 W/System.err( 2837): 	at com.letv.tracker2.agnes.Configuration.addDebugInfo(Configuration.java:289)
08-16 14:28:56.411 W/System.err( 2837): 	at com.letv.tracker2.agnes.MessageProcessor$SendEnvMsgTr$1.handleMessage(MessageProcessor.java:661)
08-16 14:28:56.411 W/System.err( 2837): 	at android.os.Handler.dispatchMessage(Handler.java:102)
08-16 14:28:56.411 W/System.err( 2837): 	at android.os.Looper.loop(Looper.java:148)
08-16 14:28:56.411 W/System.err( 2837): 	at com.letv.tracker2.agnes.MessageProcessor$SendEnvMsgTr.run(MessageProcessor.java:665)
08-16 14:28:56.415 I/[T1.0.6.3]EuiAgnes_Server( 2837): resCode:1
08-16 14:28:56.415 I/[T1.0.6.3]EuiAgnes_Server( 2837): b[0]:0
08-16 14:28:56.437 I/StvLogReport( 2837): StargazerReportTask, action=appClose&name=问题反馈&packagename=com.stv.feedback&versionCode=1&appVersionName=1.0.0&appType=1&mark=67&totalTime=19
08-16 14:28:56.450 I/StvLogReport( 2837): StargazerReportTask, reponse2 : {"status":"OK","statusCode":200,"message":"succeefully"}
08-16 14:28:56.460 I/tvos    ( 1764): GetAudioOutputDevice, retval : 0
08-16 14:28:56.469 E/LETV_DEVICE( 1780): no name sn for Mstar
08-16 14:28:56.544 I/LetvManager-LogReport( 1780): [send_msg] line: 490 report url = http://log.hdtv.cp21.ott.cibntv.net:80/api/log/tvAction
08-16 14:28:56.556 E/ActivityThread( 2837): Failed to find provider info for com.letv.agnes.InfoProvider
08-16 14:28:56.557 E/ActivityThread( 2837): Failed to find provider info for com.letv.agnes.InfoProvider
08-16 14:28:56.557 W/System.err( 2837): java.lang.IllegalArgumentException: Unknown URL content://com.letv.agnes.InfoProvider
08-16 14:28:56.557 W/System.err( 2837): 	at android.content.ContentResolver.insert(ContentResolver.java:1227)
08-16 14:28:56.557 W/System.err( 2837): 	at com.letv.tracker2.agnes.Configuration.addDebugInfo(Configuration.java:289)
08-16 14:28:56.557 W/System.err( 2837): 	at com.letv.tracker2.agnes.MessageProcessor$SendEnvMsgTr$1.handleMessage(MessageProcessor.java:661)
08-16 14:28:56.557 W/System.err( 2837): 	at android.os.Handler.dispatchMessage(Handler.java:102)
08-16 14:28:56.557 W/System.err( 2837): 	at android.os.Looper.loop(Looper.java:148)
08-16 14:28:56.557 W/System.err( 2837): 	at com.letv.tracker2.agnes.MessageProcessor$SendEnvMsgTr.run(MessageProcessor.java:665)
08-16 14:28:56.566 I/[T1.0.6.3]EuiAgnes_Server( 2837): resCode:1
08-16 14:28:56.566 I/[T1.0.6.3]EuiAgnes_Server( 2837): b[0]:0
08-16 14:28:56.635 I/ActivityManager( 2207): Displayed com.stv.launcher/.ui.activity.Launcher: +320ms
08-16 14:28:56.635 W/ContextImpl( 2207): Calling a method in the system process without a qualified user: android.app.ContextImpl.sendBroadcast:766 com.android.server.am.ActivityRecord.reportLaunchTimeLocked:1056 com.android.server.am.ActivityRecord.windowsDrawnLocked:1080 com.android.server.am.ActivityRecord$Token.windowsDrawn:345 com.android.server.wm.WindowManagerService$H.handleMessage:8042 
08-16 14:28:56.637 W/ContextImpl( 2613): Calling a method in the system process without a qualified user: android.app.ContextImpl.startService:1224 android.content.ContextWrapper.startService:581 com.stv.helper.service.TvMasterService.noteLaunchTime:169 letv.tvmaster.ITvMasterService$Stub.onTransact:136 android.os.Binder.execTransact:453 
08-16 14:28:56.711 I/tvos    ( 1764): GetAudioOutputDevice, retval : 0
08-16 14:28:56.749 I/LetvManager-LogReport( 1780): [send_msg] line: 490 report url = http://log.hdtv.cp21.ott.cibntv.net:80/api/log/tvAction
08-16 14:28:56.962 I/tvos    ( 1764): GetAudioOutputDevice, retval : 0
08-16 14:28:57.060 I/TVFeedback(18302): FeedbackActivity -- onDestroy
08-16 14:28:57.060 I/TVFeedback(18302): BaseActivity -- onDestroy
08-16 14:28:57.060 I/TVFeedback(18302): MyApplication -- onActivityDestroyed mVisible = 0, mIsWorkInit = false
08-16 14:28:57.067 W/InputDispatcher( 2207): Window went away: Window{c9ad8bd u0 com.stv.feedback/com.stv.feedback.FeedbackActivity}
08-16 14:28:57.161 W/InputDispatcher( 2207): findFocusedWindow finished: injectionResult=0, timeSpentWaitingForApplication=0.0ms
08-16 14:28:57.164 I/AppPlugin( 3007): AppWorkspace -- dispatchKeyEvent folderWorkspace back event no respose,so force hide folderWorkspace.
08-16 14:28:57.166 I/GlobalFocusChangedListe( 3007): com.stv.launcher.ui.widget.TabItemNew
08-16 14:28:57.180 I/ActivityManager( 2207): Force stopping com.android.testing.dummyime appid=10093 user=0: from pid 2207
08-16 14:28:57.180 I/ActivityManager( 2207): Killing 18404:com.android.testing.dummyime/u0a93 (adj 2): stop com.android.testing.dummyime
08-16 14:28:57.195 W/InputDispatcher( 2207): findFocusedWindow finished: injectionResult=0, timeSpentWaitingForApplication=0.0ms
08-16 14:28:57.203 W/InputEventSender( 3007): Failed to send key event on channel 'ClientState{e956fe0 uid 1000 pid 3007} (server)'.  status=-32
08-16 14:28:57.203 W/InputMethodManager( 3007): Unable to send input event to IME: com.android.testing.dummyime/.DummyIme dropping: KeyEvent { action=ACTION_UP, keyCode=KEYCODE_BACK, scanCode=0, metaState=0, flags=0x0, repeatCount=0, eventTime=511803588, downTime=511803588, deviceId=-1, source=0x101 }
08-16 14:28:57.211 I/AppPlugin( 3007): ReportLogUtil -- startExposureReport
08-16 14:28:57.212 I/tvos    ( 1764): GetAudioOutputDevice, retval : 0
08-16 14:28:57.224 W/InputMethodManagerService( 2207): Session failed to close due to remote exception
08-16 14:28:57.224 W/InputMethodManagerService( 2207): android.os.DeadObjectException
08-16 14:28:57.224 W/InputMethodManagerService( 2207): 	at android.os.BinderProxy.transactNative(Native Method)
08-16 14:28:57.224 W/InputMethodManagerService( 2207): 	at android.os.BinderProxy.transact(Binder.java:503)
08-16 14:28:57.224 W/InputMethodManagerService( 2207): 	at com.android.internal.view.IInputMethodSession$Stub$Proxy.finishSession(IInputMethodSession.java:305)
08-16 14:28:57.224 W/InputMethodManagerService( 2207): 	at com.android.server.InputMethodManagerService.finishSessionLocked(InputMethodManagerService.java:1622)
08-16 14:28:57.224 W/InputMethodManagerService( 2207): 	at com.android.server.InputMethodManagerService.clearClientSessionLocked(InputMethodManagerService.java:1613)
08-16 14:28:57.224 W/InputMethodManagerService( 2207): 	at com.android.server.InputMethodManagerService.clearCurMethodLocked(InputMethodManagerService.java:1639)
08-16 14:28:57.224 W/InputMethodManagerService( 2207): 	at com.android.server.InputMethodManagerService.onServiceDisconnected(InputMethodManagerService.java:1658)
08-16 14:28:57.224 W/InputMethodManagerService( 2207): 	at android.app.LoadedApk$ServiceDispatcher.doDeath(LoadedApk.java:1228)
08-16 14:28:57.224 W/InputMethodManagerService( 2207): 	at android.app.LoadedApk$ServiceDispatcher$RunConnection.run(LoadedApk.java:1242)
08-16 14:28:57.224 W/InputMethodManagerService( 2207): 	at android.os.Handler.handleCallback(Handler.java:739)
08-16 14:28:57.224 W/InputMethodManagerService( 2207): 	at android.os.Handler.dispatchMessage(Handler.java:95)
08-16 14:28:57.224 W/InputMethodManagerService( 2207): 	at android.os.Looper.loop(Looper.java:148)
08-16 14:28:57.224 W/InputMethodManagerService( 2207): 	at com.android.server.SystemServer.run(SystemServer.java:309)
08-16 14:28:57.224 W/InputMethodManagerService( 2207): 	at com.android.server.SystemServer.main(SystemServer.java:179)
08-16 14:28:57.224 W/InputMethodManagerService( 2207): 	at java.lang.reflect.Method.invoke(Native Method)
08-16 14:28:57.224 W/InputMethodManagerService( 2207): 	at com.android.internal.os.ZygoteInit$MethodAndArgsCaller.run(ZygoteInit.java:744)
08-16 14:28:57.224 W/InputMethodManagerService( 2207): 	at com.android.internal.os.ZygoteInit.main(ZygoteInit.java:634)
08-16 14:28:57.225 W/ActivityManager( 2207): Scheduling restart of crashed service com.android.testing.dummyime/.DummyIme in 1000ms
08-16 14:28:57.227 I/ActivityManager( 2207):   Force stopping service ServiceRecord{3db8862 u0 com.android.testing.dummyime/.DummyIme}
08-16 14:28:57.228 W/ActivityManager( 2207): Spurious death for ProcessRecord{4f71299 0:com.android.testing.dummyime/u0a93}, curProc for 18404: null
08-16 14:28:57.235 W/InputMethodManagerService( 2207): Session failed to close due to remote exception
08-16 14:28:57.235 W/InputMethodManagerService( 2207): android.os.DeadObjectException
08-16 14:28:57.235 W/InputMethodManagerService( 2207): 	at android.os.BinderProxy.transactNative(Native Method)
08-16 14:28:57.235 W/InputMethodManagerService( 2207): 	at android.os.BinderProxy.transact(Binder.java:503)
08-16 14:28:57.235 W/InputMethodManagerService( 2207): 	at com.android.internal.view.IInputMethodSession$Stub$Proxy.finishSession(IInputMethodSession.java:305)
08-16 14:28:57.235 W/InputMethodManagerService( 2207): 	at com.android.server.InputMethodManagerService.finishSessionLocked(InputMethodManagerService.java:1622)
08-16 14:28:57.235 W/InputMethodManagerService( 2207): 	at com.android.server.InputMethodManagerService.clearClientSessionLocked(InputMethodManagerService.java:1613)
08-16 14:28:57.235 W/InputMethodManagerService( 2207): 	at com.android.server.InputMethodManagerService.clearCurMethodLocked(InputMethodManagerService.java:1639)
08-16 14:28:57.235 W/InputMethodManagerService( 2207): 	at com.android.server.InputMethodManagerService.onServiceDisconnected(InputMethodManagerService.java:1658)
08-16 14:28:57.235 W/InputMethodManagerService( 2207): 	at android.app.LoadedApk$ServiceDispatcher.doDeath(LoadedApk.java:1228)
08-16 14:28:57.235 W/InputMethodManagerService( 2207): 	at android.app.LoadedApk$ServiceDispatcher$RunConnection.run(LoadedApk.java:1242)
08-16 14:28:57.235 W/InputMethodManagerService( 2207): 	at android.os.Handler.handleCallback(Handler.java:739)
08-16 14:28:57.235 W/InputMethodManagerService( 2207): 	at android.os.Handler.dispatchMessage(Handler.java:95)
08-16 14:28:57.235 W/InputMethodManagerService( 2207): 	at android.os.Looper.loop(Looper.java:148)
08-16 14:28:57.235 W/InputMethodManagerService( 2207): 	at com.android.server.SystemServer.run(SystemServer.java:309)
08-16 14:28:57.235 W/InputMethodManagerService( 2207): 	at com.android.server.SystemServer.main(SystemServer.java:179)
08-16 14:28:57.235 W/InputMethodManagerService( 2207): 	at java.lang.reflect.Method.invoke(Native Method)
08-16 14:28:57.235 W/InputMethodManagerService( 2207): 	at com.android.internal.os.ZygoteInit$MethodAndArgsCaller.run(ZygoteInit.java:744)
08-16 14:28:57.235 W/InputMethodManagerService( 2207): 	at com.android.internal.os.ZygoteInit.main(ZygoteInit.java:634)
08-16 14:28:57.354 I/AppPlugin( 3007): AppFragment --  find index 0 view = Background {mUrl = http://picture-scloud.cp21.ott.cibntv.net/stargazer/1532585612302_1103 isTimeOut = false type = 2 mPluginID = null isDied = false}
08-16 14:28:57.354 I/AppPlugin( 3007): AppFragment --  remove bg 
08-16 14:28:57.462 I/tvos    ( 1764): GetAudioOutputDevice, retval : 0
08-16 14:28:57.713 I/tvos    ( 1764): GetAudioOutputDevice, retval : 0
08-16 14:28:57.763 E/InternetUtils( 4594): java.net.SocketTimeoutException: failed to connect to www.cibn.com/61.133.127.115 (port 80) after 3000ms
08-16 14:28:57.823 W/InputDispatcher( 2207): findFocusedWindow finished: injectionResult=0, timeSpentWaitingForApplication=0.0ms
08-16 14:28:57.828 W/InputDispatcher( 2207): findFocusedWindow finished: injectionResult=0, timeSpentWaitingForApplication=0.0ms
08-16 14:28:57.963 I/tvos    ( 1764): GetAudioOutputDevice, retval : 0
08-16 14:28:58.213 I/tvos    ( 1764): GetAudioOutputDevice, retval : 0
08-16 14:28:58.335 W/InputDispatcher( 2207): findFocusedWindow finished: injectionResult=0, timeSpentWaitingForApplication=0.0ms
08-16 14:28:58.341 W/InputDispatcher( 2207): findFocusedWindow finished: injectionResult=0, timeSpentWaitingForApplication=0.0ms
08-16 14:28:58.352 E/LETV_DEVICE( 1780): no name sn for Mstar
08-16 14:28:58.354 I/AppPlugin( 3007): AppFragment -- handlerData isRefreshedUI = true isCanUpdate() = true isCanInit() = true
08-16 14:28:58.356 I/LetvManager-LogReport( 1780): [send_msg] line: 490 report url = http://log.hdtv.cp21.ott.cibntv.net:80/api/log/tvAction
08-16 14:28:58.363 E/ActivityThread( 2837): Failed to find provider info for com.letv.agnes.InfoProvider
08-16 14:28:58.364 E/ActivityThread( 2837): Failed to find provider info for com.letv.agnes.InfoProvider
08-16 14:28:58.364 W/System.err( 2837): java.lang.IllegalArgumentException: Unknown URL content://com.letv.agnes.InfoProvider
08-16 14:28:58.364 W/System.err( 2837): 	at android.content.ContentResolver.insert(ContentResolver.java:1227)
08-16 14:28:58.364 W/System.err( 2837): 	at com.letv.tracker2.agnes.Configuration.addDebugInfo(Configuration.java:289)
08-16 14:28:58.364 W/System.err( 2837): 	at com.letv.tracker2.agnes.MessageProcessor$SendEnvMsgTr$1.handleMessage(MessageProcessor.java:661)
08-16 14:28:58.364 W/System.err( 2837): 	at android.os.Handler.dispatchMessage(Handler.java:102)
08-16 14:28:58.364 W/System.err( 2837): 	at android.os.Looper.loop(Looper.java:148)
08-16 14:28:58.364 W/System.err( 2837): 	at com.letv.tracker2.agnes.MessageProcessor$SendEnvMsgTr.run(MessageProcessor.java:665)
08-16 14:28:58.368 I/StvLogReport( 2837): StargazerReportTask, action=desktopShow&desktop=5&packageName=com.stv.plugin.app
08-16 14:28:58.370 I/[T1.0.6.3]EuiAgnes_Server( 2837): resCode:1
08-16 14:28:58.370 I/[T1.0.6.3]EuiAgnes_Server( 2837): b[0]:0
08-16 14:28:58.380 I/StvLogReport( 2837): StargazerReportTask, reponse2 : {"status":"OK","statusCode":200,"message":"succeefully"}
08-16 14:28:58.464 I/tvos    ( 1764): GetAudioOutputDevice, retval : 0
08-16 14:28:58.590 E/LetvRemoteupgradeManager-JNI( 2613): can't get LetvManager service!
08-16 14:28:58.714 I/tvos    ( 1764): GetAudioOutputDevice, retval : 0
08-16 14:28:58.721 I/tvos    ( 1764): bq32kDriver:rtc_read_time.
08-16 14:28:58.721 I/tvos    ( 1764): [hq]rtc_read_time: read 0x58 0x28 0xc6 0x05 0x16 0x08 0x18
08-16 14:28:58.721 I/tvos    ( 1764): rtc_read_time: date 58s 28m 6h 16md 7m 118y
08-16 14:28:58.721 I/tvos    ( 1764): rtc read time:2018-8-16 6:28:58.
08-16 14:28:58.721 I/tvos    ( 1764): tm_year = 2018, tm_mon = 8, tm_mday = 16, tm_hour = 6,tm_min= 28,  tm_sec = 58
08-16 14:28:58.721 I/tvos    ( 1764): timeSeconds:1534400938 rtcTimeSeconds:1534400938.
08-16 14:28:58.965 I/tvos    ( 1764): GetAudioOutputDevice, retval : 0
08-16 14:28:59.213 I/PluginFramework -- WidgetManager( 3007): getWidget id =#com.stv.plugin.app#
08-16 14:28:59.213 I/PluginFramework -- WidgetManager( 3007): getWidget widget = Widget{, mWidgetId=com.stv.plugin.app, mState=15, mLocation='/data/user/0/com.stv.launcher/files/plugins/com.stv.plugin.app_LetvAppPlugin_2.5.0.005_2018050710.apk', mVersionName='2.5.0.005', mVersionCode=2018050710, mName='LetvAppPlugin', mDexDir='/data/user/0/com.stv.launcher/files/plugins_data/com.stv.plugin.app/dex/', mLibDir='/data/user/0/com.stv.launcher/files/plugins_data/com.stv.plugin.app/libs/', mDataDir='/data/user/0/com.stv.launcher/files/plugins_data/com.stv.plugin.app'}
08-16 14:28:59.214 I/PluginFramework -- WidgetManager( 3007): getWidget id =#com.stv.plugin.app#
08-16 14:28:59.214 I/PluginFramework -- WidgetManager( 3007): getWidget widget = Widget{, mWidgetId=com.stv.plugin.app, mState=15, mLocation='/data/user/0/com.stv.launcher/files/plugins/com.stv.plugin.app_LetvAppPlugin_2.5.0.005_2018050710.apk', mVersionName='2.5.0.005', mVersionCode=2018050710, mName='LetvAppPlugin', mDexDir='/data/user/0/com.stv.launcher/files/plugins_data/com.stv.plugin.app/dex/', mLibDir='/data/user/0/com.stv.launcher/files/plugins_data/com.stv.plugin.app/libs/', mDataDir='/data/user/0/com.stv.launcher/files/plugins_data/com.stv.plugin.app'}
08-16 14:28:59.216 I/PluginFramework -- WidgetManager( 3007): getWidget id =#com.stv.plugin.app#
08-16 14:28:59.216 I/tvos    ( 1764): GetAudioOutputDevice, retval : 0
08-16 14:28:59.216 I/PluginFramework -- WidgetManager( 3007): getWidget widget = Widget{, mWidgetId=com.stv.plugin.app, mState=15, mLocation='/data/user/0/com.stv.launcher/files/plugins/com.stv.plugin.app_LetvAppPlugin_2.5.0.005_2018050710.apk', mVersionName='2.5.0.005', mVersionCode=2018050710, mName='LetvAppPlugin', mDexDir='/data/user/0/com.stv.launcher/files/plugins_data/com.stv.plugin.app/dex/', mLibDir='/data/user/0/com.stv.launcher/files/plugins_data/com.stv.plugin.app/libs/', mDataDir='/data/user/0/com.stv.launcher/files/plugins_data/com.stv.plugin.app'}
08-16 14:28:59.217 I/PluginFramework -- WidgetManager( 3007): getWidget id =#com.stv.plugin.app#
08-16 14:28:59.217 I/PluginFramework -- WidgetManager( 3007): getWidget widget = Widget{, mWidgetId=com.stv.plugin.app, mState=15, mLocation='/data/user/0/com.stv.launcher/files/plugins/com.stv.plugin.app_LetvAppPlugin_2.5.0.005_2018050710.apk', mVersionName='2.5.0.005', mVersionCode=2018050710, mName='LetvAppPlugin', mDexDir='/data/user/0/com.stv.launcher/files/plugins_data/com.stv.plugin.app/dex/', mLibDir='/data/user/0/com.stv.launcher/files/plugins_data/com.stv.plugin.app/libs/', mDataDir='/data/user/0/com.stv.launcher/files/plugins_data/com.stv.plugin.app'}
08-16 14:28:59.218 I/PluginFramework -- WidgetManager( 3007): getWidget id =#com.stv.plugin.app#
08-16 14:28:59.218 I/PluginFramework -- WidgetManager( 3007): getWidget widget = Widget{, mWidgetId=com.stv.plugin.app, mState=15, mLocation='/data/user/0/com.stv.launcher/files/plugins/com.stv.plugin.app_LetvAppPlugin_2.5.0.005_2018050710.apk', mVersionName='2.5.0.005', mVersionCode=2018050710, mName='LetvAppPlugin', mDexDir='/data/user/0/com.stv.launcher/files/plugins_data/com.stv.plugin.app/dex/', mLibDir='/data/user/0/com.stv.launcher/files/plugins_data/com.stv.plugin.app/libs/', mDataDir='/data/user/0/com.stv.launcher/files/plugins_data/com.stv.plugin.app'}
08-16 14:28:59.220 I/PluginFramework -- WidgetManager( 3007): getWidget id =#com.stv.plugin.app#
08-16 14:28:59.220 I/PluginFramework -- WidgetManager( 3007): getWidget widget = Widget{, mWidgetId=com.stv.plugin.app, mState=15, mLocation='/data/user/0/com.stv.launcher/files/plugins/com.stv.plugin.app_LetvAppPlugin_2.5.0.005_2018050710.apk', mVersionName='2.5.0.005', mVersionCode=2018050710, mName='LetvAppPlugin', mDexDir='/data/user/0/com.stv.launcher/files/plugins_data/com.stv.plugin.app/dex/', mLibDir='/data/user/0/com.stv.launcher/files/plugins_data/com.stv.plugin.app/libs/', mDataDir='/data/user/0/com.stv.launcher/files/plugins_data/com.stv.plugin.app'}
08-16 14:28:59.221 I/PluginFramework -- WidgetManager( 3007): getWidget id =#com.stv.plugin.app#
08-16 14:28:59.221 I/PluginFramework -- WidgetManager( 3007): getWidget widget = Widget{, mWidgetId=com.stv.plugin.app, mState=15, mLocation='/data/user/0/com.stv.launcher/files/plugins/com.stv.plugin.app_LetvAppPlugin_2.5.0.005_2018050710.apk', mVersionName='2.5.0.005', mVersionCode=2018050710, mName='LetvAppPlugin', mDexDir='/data/user/0/com.stv.launcher/files/plugins_data/com.stv.plugin.app/dex/', mLibDir='/data/user/0/com.stv.launcher/files/plugins_data/com.stv.plugin.app/libs/', mDataDir='/data/user/0/com.stv.launcher/files/plugins_data/com.stv.plugin.app'}
08-16 14:28:59.222 I/PluginFramework -- WidgetManager( 3007): getWidget id =#com.stv.plugin.app#
08-16 14:28:59.222 I/PluginFramework -- WidgetManager( 3007): getWidget widget = Widget{, mWidgetId=com.stv.plugin.app, mState=15, mLocation='/data/user/0/com.stv.launcher/files/plugins/com.stv.plugin.app_LetvAppPlugin_2.5.0.005_2018050710.apk', mVersionName='2.5.0.005', mVersionCode=2018050710, mName='LetvAppPlugin', mDexDir='/data/user/0/com.stv.launcher/files/plugins_data/com.stv.plugin.app/dex/', mLibDir='/data/user/0/com.stv.launcher/files/plugins_data/com.stv.plugin.app/libs/', mDataDir='/data/user/0/com.stv.launcher/files/plugins_data/com.stv.plugin.app'}
08-16 14:28:59.224 I/PluginFramework -- WidgetManager( 3007): getWidget id =#com.stv.plugin.app#
08-16 14:28:59.224 I/PluginFramework -- WidgetManager( 3007): getWidget widget = Widget{, mWidgetId=com.stv.plugin.app, mState=15, mLocation='/data/user/0/com.stv.launcher/files/plugins/com.stv.plugin.app_LetvAppPlugin_2.5.0.005_2018050710.apk', mVersionName='2.5.0.005', mVersionCode=2018050710, mName='LetvAppPlugin', mDexDir='/data/user/0/com.stv.launcher/files/plugins_data/com.stv.plugin.app/dex/', mLibDir='/data/user/0/com.stv.launcher/files/plugins_data/com.stv.plugin.app/libs/', mDataDir='/data/user/0/com.stv.launcher/files/plugins_data/com.stv.plugin.app'}
08-16 14:28:59.354 I/Launcher( 3007): [com.stv.launcher] AdvertisingModel -- getData fromCache = false
08-16 14:28:59.355 I/Launcher( 3007): [com.stv.launcher] AdvertisingModel -- getData url = http://stargazer-sandbox.scloud.cp21.ott.cibntv.net/proxy/api/v1/promotion?mac=b01bd2542d51&posid=launcher_tab,launcher_logo,launcher_background,launcher_tab_isnew
08-16 14:28:59.360 I/LetvManager-LogReport( 1780): [send_msg] line: 490 report url = http://log.hdtv.cp21.ott.cibntv.net:80/api/log/tvAction
08-16 14:28:59.392 I/Launcher( 3007): [com.stv.launcher] AdvertisingPresenter -- launcher_logo beginTime :Wed Dec 13 00:00:00 GMT+08:00 2017 end :Thu Dec 14 14:00:00 GMT+08:00 2017 now :Thu Aug 16 14:28:59 GMT+08:00 2018 isTimeout :true
08-16 14:28:59.392 I/Launcher( 3007): [com.stv.launcher] AdvertisingPresenter -- launcher_tab beginTime :Tue Jul 17 00:00:00 GMT+08:00 2018 end :Mon Oct 01 00:00:00 GMT+08:00 2018 now :Thu Aug 16 14:28:59 GMT+08:00 2018 isTimeout :false
08-16 14:28:59.393 I/Launcher( 3007): [com.stv.launcher] AdvertisingPresenter -- launcher_background beginTime :Tue Jul 17 00:00:00 GMT+08:00 2018 end :Mon Oct 01 00:00:00 GMT+08:00 2018 now :Thu Aug 16 14:28:59 GMT+08:00 2018 isTimeout :false
08-16 14:28:59.393 I/Launcher( 3007): [com.stv.launcher] AdvertisingPresenter -- updateView dataList : [img_url = http://picture-scloud.cp21.ott.cibntv.net/stargazer/1531809918780_3441 begin_time = 1531756800000 end_time = 1538323200000 open = 0 tab_id = com.stv.local.tencent position = launcher_tab, img_url = http://picture-scloud.cp21.ott.cibntv.net/stargazer/1532585612302_1103 begin_time = 1531756800000 end_time = 1538323200000 open = 0 tab_id = null position = launcher_background]
08-16 14:28:59.398 I/Launcher( 3007): [com.stv.launcher] AdvertisingPresenter --  updateTab : img_url = http://picture-scloud.cp21.ott.cibntv.net/stargazer/1531809918780_3441 begin_time = 1531756800000 end_time = 1538323200000 open = 0 tab_id = com.stv.local.tencent position = launcher_tab
08-16 14:28:59.398 I/Launcher( 3007): [com.stv.launcher] AdvertisingPresenter --  updateBackground img_url = http://picture-scloud.cp21.ott.cibntv.net/stargazer/1532585612302_1103 begin_time = 1531756800000 end_time = 1538323200000 open = 0 tab_id = null position = launcher_background
08-16 14:28:59.413 I/Launcher( 3007): [com.stv.launcher] AdvertisingPresenter --  updateTab cachedView null
08-16 14:28:59.413 I/Launcher( 3007): [com.stv.launcher] AdvertisingPresenter --  updateTab pluginId = com.stv.local.tencent imageUrl = http://picture-scloud.cp21.ott.cibntv.net/stargazer/1531809918780_3441
08-16 14:28:59.413 I/Launcher( 3007): [com.stv.launcher] AdvertisingPresenter --  updateAdView begin ---
08-16 14:28:59.413 I/Launcher( 3007): [com.stv.launcher] AdvertisingPresenter --  setCacheViewDied type = 3
08-16 14:28:59.414 I/Launcher( 3007): [com.stv.launcher] AdvertisingPresenter -- TAB beginTime :Tue Jul 17 00:00:00 GMT+08:00 2018 end :Mon Oct 01 00:00:00 GMT+08:00 2018 now :Thu Aug 16 14:28:59 GMT+08:00 2018 isTimeout :false
08-16 14:28:59.414 I/Launcher( 3007): [com.stv.launcher] AdvertisingPresenter --  updateAdView  canNew = true now = 1534400939413 nowSecond = 1534400939
08-16 14:28:59.414 I/Launcher( 3007): [com.stv.launcher] AdvertisingPresenter --  updateAdView ,find tabAdView = null
08-16 14:28:59.414 I/Launcher( 3007): [com.stv.launcher] AdvertisingPresenter --  checkShowOrHide  
08-16 14:28:59.414 I/Launcher( 3007): [com.stv.launcher] AdvertisingPresenter --  updateAdView end ---
08-16 14:28:59.414 I/Launcher( 3007): [com.stv.launcher] AdvertisingPresenter --  updateBackground cachedView Background {mUrl = http://picture-scloud.cp21.ott.cibntv.net/stargazer/1532585612302_1103 isTimeOut = true type = 2 mPluginID = null isDied = false}
08-16 14:28:59.414 I/Launcher( 3007): [com.stv.launcher] AdvertisingPresenter --  updateAdView begin ---
08-16 14:28:59.415 I/Launcher( 3007): [com.stv.launcher] AdvertisingPresenter --  updateAdView  canNew = false now = 1534400939414 nowSecond = 1534400939
08-16 14:28:59.415 I/Launcher( 3007): [com.stv.launcher] AdvertisingPresenter --  checkShowOrHide  
08-16 14:28:59.415 I/Launcher( 3007): [com.stv.launcher] AdvertisingPresenter --  updateAdView end ---
08-16 14:28:59.466 I/tvos    ( 1764): GetAudioOutputDevice, retval : 0
08-16 14:28:59.533 I/Launcher( 3007): [com.stv.launcher] AdvertisingView -- ---show ----Background {mUrl = http://picture-scloud.cp21.ott.cibntv.net/stargazer/1532585612302_1103 isTimeOut = false type = 2 mPluginID = null isDied = false}
08-16 14:28:59.564 I/LetvManager-LogReport( 1780): [send_msg] line: 490 report url = http://log.hdtv.cp21.ott.cibntv.net:80/api/log/tvAction
08-16 14:28:59.687 I/art     ( 3007): Background partial concurrent mark sweep GC freed 281857(14MB) AllocSpace objects, 112(43MB) LOS objects, 14% free, 97MB/113MB, paused 2.108ms total 151.890ms
08-16 14:28:59.716 I/tvos    ( 1764): GetAudioOutputDevice, retval : 0
08-16 14:28:59.771 I/LetvManager-LogReport( 1780): [send_msg] line: 490 report url = http://log.hdtv.cp21.ott.cibntv.net:80/api/log/tvAction
