08-16 14:28:49.655 I/SoundPool( 2207): enter : func play
08-16 14:28:49.655 I/APM::AudioPolicyEngine( 1758): getDeviceForStrategy, 359
08-16 14:28:49.656 I/BrowseView(18302): --onItemSelected i : 3
08-16 14:28:49.659 W/InputDispatcher( 2207): findFocusedWindow finished: injectionResult=0, timeSpentWaitingForApplication=0.0ms
08-16 14:28:49.665 I/audio_hw_primary( 1758): version:a00004 adev_create_audio_patch::mix->device 
08-16 14:28:49.665 I/audio_hw_primary( 1758): adev_create_audio_patch *handle=-1420227928 num_audio_patch=3
08-16 14:28:49.666 E/AudioManagerService( 1803): setAudioVolume(callingPid 1758, clientPid 1758, enSoundPath 0, volumn:0 )
08-16 14:28:49.669 I/tvos    ( 1764): SetVolume, subWooExist 0!
08-16 14:28:49.669 I/tvos    ( 1764): mapi_audio_customer::SetAbsoluteVolume: project name is X440M
08-16 14:28:49.669 I/tvos    ( 1764): SetAbsoluteVolume: uPercent : 0, path=52(speaker), VolumeInt=7f, VolumeFra=0
08-16 14:28:49.669 I/tvos    ( 1764): SetAbsoluteVolume: uPercent(currVol) : 0, realPath=52(default), VolumeInt=7f, VolumeFra=0
08-16 14:28:49.669 I/tvos    ( 1764): mapi_audio_customer::SetAbsoluteVolume: project name is X440M
08-16 14:28:49.669 I/tvos    ( 1764): SetAbsoluteVolume: uPercent : 0, path=49(HP), VolumeInt=7f, VolumeFra=0
08-16 14:28:49.669 I/tvos    ( 1764): SetAbsoluteVolume: uPercent(currVol) : 0, realPath=49(default), VolumeInt=7f, VolumeFra=0
08-16 14:28:49.669 I/tvos    ( 1764): mapi_audio_customer::SetAbsoluteVolume: project name is X440M
08-16 14:28:49.669 I/tvos    ( 1764): SetAbsoluteVolume, m_bBTDetect is false! 
08-16 14:28:49.669 I/tvos    ( 1764): mapi_audio_customer::SetAbsoluteVolume: project name is X440M
08-16 14:28:49.669 I/tvos    ( 1764): SetAbsoluteVolume: uPercent : 0, path=255(speaker), VolumeInt=7f, VolumeFra=0
08-16 14:28:49.669 I/tvos    ( 1764): SetAbsoluteVolume: uPercent(currVol) : 0, realPath=255(default), VolumeInt=7f, VolumeFra=0
08-16 14:28:49.669 I/tvos    ( 1764): [SetMuteStatus] call SetSoundMuteStatus, line : 10369, muteType: 4, onOff : 0 
08-16 14:28:49.669 I/tvos    ( 1764): [audioBSP] #1 m_internalMute : 0 ..
08-16 14:28:49.669 I/tvos    ( 1764): #1|->SDK_bPermanentAudioMute:0<-|->SDK_bMomentAudioMute:0 <-|->SDK_bBySyncAudioMute:0<-|->SDK_bByBlockAudioMute:0<-|->SDK_bByVChipAudioMute:0<-|
08-16 14:28:49.669 I/tvos    ( 1764): #1|->SDK_bInternal1AudioMute:0<-|->SDK_bInternal2AudioMute:0<-|->SDK_bInternal3AudioMute:0<-|->SDK_bInternal4AudioMute:0<-|
08-16 14:28:49.669 I/tvos    ( 1764): #1|->SDK_bByScanInOutchgCHchg:0<-|->SDK_bByDuringLimitedTimeAudioMute:0<-|->SDK_bSourceSwitchAudioMute:0<-|
08-16 14:28:49.669 I/tvos    ( 1764): #1|->SDK_bMHEGApMute:0<-|->SDK_bAllAudioMuteCtrl:0<-|->SDK_bPowerOnMute:0<-|->SDK_bNullSourceMute0<-|->SDK_bSetInputSourceAudioMute:0<-|
08-16 14:28:49.669 I/tvos    ( 1764): [audioBSP] #2 m_spkrMute : 0 ..|->SDK_bUsrSpkrAudioMute:0<-|->SDK_bPowerOnMute:0<-|->SDK_bByUserAudioMute:0<-|
08-16 14:28:49.669 I/tvos    ( 1764): [audioBSP] #3 m_PcmCapture2Mute:0 |->SDK_bByUserPcmCapture2Mute:0<-|->SDK_SUB_bByUserAudioMute:0<-|->SDK_bByUserAudioMute:0<-|
08-16 14:28:49.669 I/tvos    ( 1764): [audioBSP] #5 m_hpMute : 1 ..|->SDK_bUsrHpAudioMute:1<-|->SDK_bPowerOnMute:0<-|->SDK_bByUserAudioMute:0<-|
08-16 14:28:49.669 I/tvos    ( 1764): [audioBSP] #12 m_spdifMute : 1 ..
08-16 14:28:49.669 I/tvos    ( 1764): #12|->SDK_bPermanentAudioMute:0<-|->SDK_bMomentAudioMute:0<-|->SDK_bByBlockAudioMute:0<-|
08-16 14:28:49.669 I/tvos    ( 1764): #12|->SDK_bByVChipAudioMute:0<-|->SDK_bInternal1AudioMute:0<-|->SDK_bInternal4AudioMute:0<-|
08-16 14:28:49.669 I/tvos    ( 1764): #12|->SDK_bByDuringLimitedTimeAudioMute:0<-|->SDK_bSourceSwitchAudioMute:0<-|->SDK_bMHEGApMute:0<-|
08-16 14:28:49.669 I/tvos    ( 1764): #12|->SDK_bPowerOnMute:0<-|->SDK_bUsrSpdifAudioMute:1<-|->SDK_bNullSourceMute:0<-|->SDK_bByAppMute:0<-|
08-16 14:28:49.669 I/tvos    ( 1764): ---Amplifier_ALC1310_LR_SWMute(0)
08-16 14:28:49.669 I/tvos    ( 1764): ALC1310 unmute good, addr: 0x13 readbackvalue: 4 
08-16 14:28:49.672 I/tvos    ( 1764): SetSoundMuteStatus : m_hpMute : 1, m_spdifMute : 1, m_DataInMute : 0, m_channel7Mute : 0, m_internalMute : 0, m_spkrMute : 0, m_PcmCapture1Mute : 0, m_PcmCapture2Mute : 0 
08-16 14:28:49.672 I/AudioUtil( 1758): setParameters spk_volume=0
08-16 14:28:49.672 I/audio_hw_primary( 1758): adev_set_parameters: spk_volume=0
08-16 14:28:49.672 I/tvos    ( 1764): GetAudioOutputDevice, retval : 0
08-16 14:28:49.673 I/tvos    ( 1764): [SetMuteStatus] call SetSoundMuteStatus, line : 10369, muteType: 67108864, onOff : 1 
08-16 14:28:49.673 I/tvos    ( 1764): _TransMSrvMuteTypeToSDKMuteType: Err! muteType(67108864) is out of Range
08-16 14:28:49.675 I/tvos    ( 1764): [SetMuteStatus] call SetSoundMuteStatus, line : 10369, muteType: 4, onOff : 1 
08-16 14:28:49.675 I/tvos    ( 1764): [audioBSP] #1 m_internalMute : 0 ..
08-16 14:28:49.675 I/tvos    ( 1764): #1|->SDK_bPermanentAudioMute:0<-|->SDK_bMomentAudioMute:0 <-|->SDK_bBySyncAudioMute:0<-|->SDK_bByBlockAudioMute:0<-|->SDK_bByVChipAudioMute:0<-|
08-16 14:28:49.675 I/tvos    ( 1764): #1|->SDK_bInternal1AudioMute:0<-|->SDK_bInternal2AudioMute:0<-|->SDK_bInternal3AudioMute:0<-|->SDK_bInternal4AudioMute:0<-|
08-16 14:28:49.675 I/tvos    ( 1764): #1|->SDK_bByScanInOutchgCHchg:0<-|->SDK_bByDuringLimitedTimeAudioMute:0<-|->SDK_bSourceSwitchAudioMute:0<-|
08-16 14:28:49.675 I/tvos    ( 1764): #1|->SDK_bMHEGApMute:0<-|->SDK_bAllAudioMuteCtrl:0<-|->SDK_bPowerOnMute:0<-|->SDK_bNullSourceMute0<-|->SDK_bSetInputSourceAudioMute:0<-|
08-16 14:28:49.676 I/tvos    ( 1764): [audioBSP] #2 m_spkrMute : 1 ..|->SDK_bUsrSpkrAudioMute:0<-|->SDK_bPowerOnMute:0<-|->SDK_bByUserAudioMute:1<-|
08-16 14:28:49.676 I/tvos    ( 1764): [audioBSP] #3 m_PcmCapture2Mute:1 |->SDK_bByUserPcmCapture2Mute:0<-|->SDK_SUB_bByUserAudioMute:0<-|->SDK_bByUserAudioMute:1<-|
08-16 14:28:49.676 I/tvos    ( 1764): [audioBSP] #5 m_hpMute : 1 ..|->SDK_bUsrHpAudioMute:1<-|->SDK_bPowerOnMute:0<-|->SDK_bByUserAudioMute:1<-|
08-16 14:28:49.676 I/tvos    ( 1764): [audioBSP] #12 m_spdifMute : 1 ..
08-16 14:28:49.676 I/tvos    ( 1764): #12|->SDK_bPermanentAudioMute:0<-|->SDK_bMomentAudioMute:0<-|->SDK_bByBlockAudioMute:0<-|
08-16 14:28:49.676 I/tvos    ( 1764): #12|->SDK_bByVChipAudioMute:0<-|->SDK_bInternal1AudioMute:0<-|->SDK_bInternal4AudioMute:0<-|
08-16 14:28:49.676 I/tvos    ( 1764): #12|->SDK_bByDuringLimitedTimeAudioMute:0<-|->SDK_bSourceSwitchAudioMute:0<-|->SDK_bMHEGApMute:0<-|
08-16 14:28:49.676 I/tvos    ( 1764): #12|->SDK_bPowerOnMute:0<-|->SDK_bUsrSpdifAudioMute:1<-|->SDK_bNullSourceMute:0<-|->SDK_bByAppMute:0<-|
08-16 14:28:49.676 I/tvos    ( 1764): ---Amplifier_ALC1310_LR_SWMute(1)
08-16 14:28:49.676 I/tvos    ( 1764): ALC1310 mute write good, addr: 0x13, readback data : 49164, write cmd times : 1
08-16 14:28:49.678 I/tvos    ( 1764): SetSoundMuteStatus : m_hpMute : 1, m_spdifMute : 1, m_DataInMute : 0, m_channel7Mute : 0, m_internalMute : 0, m_spkrMute : 1, m_PcmCapture1Mute : 0, m_PcmCapture2Mute : 1 
08-16 14:28:49.698 I/tvos    ( 1764): GetAudioOutputDevice, retval : 0
08-16 14:28:49.749 I/APM::AudioPolicyEngine( 1758): getDeviceForStrategy, 359
08-16 14:28:49.820 E/LETV_DEVICE( 1780): no name sn for Mstar
08-16 14:28:49.826 E/ActivityThread( 2837): Failed to find provider info for com.letv.agnes.InfoProvider
08-16 14:28:49.827 E/ActivityThread( 2837): Failed to find provider info for com.letv.agnes.InfoProvider
08-16 14:28:49.827 W/System.err( 2837): java.lang.IllegalArgumentException: Unknown URL content://com.letv.agnes.InfoProvider
08-16 14:28:49.828 W/System.err( 2837): 	at android.content.ContentResolver.insert(ContentResolver.java:1227)
08-16 14:28:49.828 W/System.err( 2837): 	at com.letv.tracker2.agnes.Configuration.addDebugInfo(Configuration.java:289)
08-16 14:28:49.828 W/System.err( 2837): 	at com.letv.tracker2.agnes.MessageProcessor$SendEnvMsgTr$1.handleMessage(MessageProcessor.java:661)
08-16 14:28:49.828 W/System.err( 2837): 	at android.os.Handler.dispatchMessage(Handler.java:102)
08-16 14:28:49.828 W/System.err( 2837): 	at android.os.Looper.loop(Looper.java:148)
08-16 14:28:49.828 W/System.err( 2837): 	at com.letv.tracker2.agnes.MessageProcessor$SendEnvMsgTr.run(MessageProcessor.java:665)
08-16 14:28:49.834 I/[T1.0.6.3]EuiAgnes_Server( 2837): resCode:1
08-16 14:28:49.834 I/[T1.0.6.3]EuiAgnes_Server( 2837): b[0]:0
08-16 14:28:49.948 I/tvos    ( 1764): GetAudioOutputDevice, retval : 0
08-16 14:28:50.199 I/tvos    ( 1764): GetAudioOutputDevice, retval : 0
08-16 14:28:50.369 W/InputDispatcher( 2207): findFocusedWindow finished: injectionResult=0, timeSpentWaitingForApplication=0.0ms
08-16 14:28:50.373 W/InputDispatcher( 2207): findFocusedWindow finished: injectionResult=0, timeSpentWaitingForApplication=0.0ms
08-16 14:28:50.374 I/BrowseView(18302): --onItemClick position : 3
08-16 14:28:50.374 I/SoundPool( 2207): enter : func play
08-16 14:28:50.376 I/APM::AudioPolicyEngine( 1758): getDeviceForStrategy, 359
08-16 14:28:50.382 I/audio_hw_primary( 1758): version:a00004 adev_create_audio_patch::mix->device 
08-16 14:28:50.383 I/audio_hw_primary( 1758): adev_create_audio_patch *handle=-1420227928 num_audio_patch=3
08-16 14:28:50.384 E/AudioManagerService( 1803): setAudioVolume(callingPid 1758, clientPid 1758, enSoundPath 0, volumn:0 )
08-16 14:28:50.387 I/tvos    ( 1764): SetVolume, subWooExist 0!
08-16 14:28:50.387 I/tvos    ( 1764): mapi_audio_customer::SetAbsoluteVolume: project name is X440M
08-16 14:28:50.387 I/tvos    ( 1764): SetAbsoluteVolume: uPercent : 0, path=52(speaker), VolumeInt=7f, VolumeFra=0
08-16 14:28:50.387 I/tvos    ( 1764): SetAbsoluteVolume: uPercent(currVol) : 0, realPath=52(default), VolumeInt=7f, VolumeFra=0
08-16 14:28:50.387 I/tvos    ( 1764): mapi_audio_customer::SetAbsoluteVolume: project name is X440M
08-16 14:28:50.387 I/tvos    ( 1764): SetAbsoluteVolume: uPercent : 0, path=49(HP), VolumeInt=7f, VolumeFra=0
08-16 14:28:50.387 I/tvos    ( 1764): SetAbsoluteVolume: uPercent(currVol) : 0, realPath=49(default), VolumeInt=7f, VolumeFra=0
08-16 14:28:50.387 I/tvos    ( 1764): mapi_audio_customer::SetAbsoluteVolume: project name is X440M
08-16 14:28:50.387 I/tvos    ( 1764): SetAbsoluteVolume, m_bBTDetect is false! 
08-16 14:28:50.387 I/tvos    ( 1764): mapi_audio_customer::SetAbsoluteVolume: project name is X440M
08-16 14:28:50.387 I/tvos    ( 1764): SetAbsoluteVolume: uPercent : 0, path=255(speaker), VolumeInt=7f, VolumeFra=0
08-16 14:28:50.387 I/tvos    ( 1764): SetAbsoluteVolume: uPercent(currVol) : 0, realPath=255(default), VolumeInt=7f, VolumeFra=0
08-16 14:28:50.387 I/tvos    ( 1764): [SetMuteStatus] call SetSoundMuteStatus, line : 10369, muteType: 4, onOff : 0 
08-16 14:28:50.387 I/tvos    ( 1764): [audioBSP] #1 m_internalMute : 0 ..
08-16 14:28:50.387 I/tvos    ( 1764): #1|->SDK_bPermanentAudioMute:0<-|->SDK_bMomentAudioMute:0 <-|->SDK_bBySyncAudioMute:0<-|->SDK_bByBlockAudioMute:0<-|->SDK_bByVChipAudioMute:0<-|
08-16 14:28:50.387 I/tvos    ( 1764): #1|->SDK_bInternal1AudioMute:0<-|->SDK_bInternal2AudioMute:0<-|->SDK_bInternal3AudioMute:0<-|->SDK_bInternal4AudioMute:0<-|
08-16 14:28:50.387 I/tvos    ( 1764): #1|->SDK_bByScanInOutchgCHchg:0<-|->SDK_bByDuringLimitedTimeAudioMute:0<-|->SDK_bSourceSwitchAudioMute:0<-|
08-16 14:28:50.387 I/tvos    ( 1764): #1|->SDK_bMHEGApMute:0<-|->SDK_bAllAudioMuteCtrl:0<-|->SDK_bPowerOnMute:0<-|->SDK_bNullSourceMute0<-|->SDK_bSetInputSourceAudioMute:0<-|
08-16 14:28:50.387 I/tvos    ( 1764): [audioBSP] #2 m_spkrMute : 0 ..|->SDK_bUsrSpkrAudioMute:0<-|->SDK_bPowerOnMute:0<-|->SDK_bByUserAudioMute:0<-|
08-16 14:28:50.387 I/tvos    ( 1764): [audioBSP] #3 m_PcmCapture2Mute:0 |->SDK_bByUserPcmCapture2Mute:0<-|->SDK_SUB_bByUserAudioMute:0<-|->SDK_bByUserAudioMute:0<-|
08-16 14:28:50.387 I/tvos    ( 1764): [audioBSP] #5 m_hpMute : 1 ..|->SDK_bUsrHpAudioMute:1<-|->SDK_bPowerOnMute:0<-|->SDK_bByUserAudioMute:0<-|
08-16 14:28:50.387 I/tvos    ( 1764): [audioBSP] #12 m_spdifMute : 1 ..
08-16 14:28:50.387 I/tvos    ( 1764): #12|->SDK_bPermanentAudioMute:0<-|->SDK_bMomentAudioMute:0<-|->SDK_bByBlockAudioMute:0<-|
08-16 14:28:50.387 I/tvos    ( 1764): #12|->SDK_bByVChipAudioMute:0<-|->SDK_bInternal1AudioMute:0<-|->SDK_bInternal4AudioMute:0<-|
08-16 14:28:50.387 I/tvos    ( 1764): #12|->SDK_bByDuringLimitedTimeAudioMute:0<-|->SDK_bSourceSwitchAudioMute:0<-|->SDK_bMHEGApMute:0<-|
08-16 14:28:50.387 I/tvos    ( 1764): #12|->SDK_bPowerOnMute:0<-|->SDK_bUsrSpdifAudioMute:1<-|->SDK_bNullSourceMute:0<-|->SDK_bByAppMute:0<-|
08-16 14:28:50.387 I/tvos    ( 1764): ---Amplifier_ALC1310_LR_SWMute(0)
08-16 14:28:50.387 I/tvos    ( 1764): ALC1310 unmute good, addr: 0x13 readbackvalue: 4 
08-16 14:28:50.389 I/tvos    ( 1764): SetSoundMuteStatus : m_hpMute : 1, m_spdifMute : 1, m_DataInMute : 0, m_channel7Mute : 0, m_internalMute : 0, m_spkrMute : 0, m_PcmCapture1Mute : 0, m_PcmCapture2Mute : 0 
08-16 14:28:50.389 I/AudioUtil( 1758): setParameters spk_volume=0
08-16 14:28:50.389 I/audio_hw_primary( 1758): adev_set_parameters: spk_volume=0
08-16 14:28:50.389 I/tvos    ( 1764): GetAudioOutputDevice, retval : 0
08-16 14:28:50.390 I/tvos    ( 1764): [SetMuteStatus] call SetSoundMuteStatus, line : 10369, muteType: 67108864, onOff : 1 
08-16 14:28:50.390 I/tvos    ( 1764): _TransMSrvMuteTypeToSDKMuteType: Err! muteType(67108864) is out of Range
08-16 14:28:50.392 I/tvos    ( 1764): [SetMuteStatus] call SetSoundMuteStatus, line : 10369, muteType: 4, onOff : 1 
08-16 14:28:50.392 I/tvos    ( 1764): [audioBSP] #1 m_internalMute : 0 ..
08-16 14:28:50.392 I/tvos    ( 1764): #1|->SDK_bPermanentAudioMute:0<-|->SDK_bMomentAudioMute:0 <-|->SDK_bBySyncAudioMute:0<-|->SDK_bByBlockAudioMute:0<-|->SDK_bByVChipAudioMute:0<-|
08-16 14:28:50.392 I/tvos    ( 1764): #1|->SDK_bInternal1AudioMute:0<-|->SDK_bInternal2AudioMute:0<-|->SDK_bInternal3AudioMute:0<-|->SDK_bInternal4AudioMute:0<-|
08-16 14:28:50.392 I/tvos    ( 1764): #1|->SDK_bByScanInOutchgCHchg:0<-|->SDK_bByDuringLimitedTimeAudioMute:0<-|->SDK_bSourceSwitchAudioMute:0<-|
08-16 14:28:50.392 I/tvos    ( 1764): #1|->SDK_bMHEGApMute:0<-|->SDK_bAllAudioMuteCtrl:0<-|->SDK_bPowerOnMute:0<-|->SDK_bNullSourceMute0<-|->SDK_bSetInputSourceAudioMute:0<-|
08-16 14:28:50.392 I/tvos    ( 1764): [audioBSP] #2 m_spkrMute : 1 ..|->SDK_bUsrSpkrAudioMute:0<-|->SDK_bPowerOnMute:0<-|->SDK_bByUserAudioMute:1<-|
08-16 14:28:50.392 I/tvos    ( 1764): [audioBSP] #3 m_PcmCapture2Mute:1 |->SDK_bByUserPcmCapture2Mute:0<-|->SDK_SUB_bByUserAudioMute:0<-|->SDK_bByUserAudioMute:1<-|
08-16 14:28:50.392 I/tvos    ( 1764): [audioBSP] #5 m_hpMute : 1 ..|->SDK_bUsrHpAudioMute:1<-|->SDK_bPowerOnMute:0<-|->SDK_bByUserAudioMute:1<-|
08-16 14:28:50.392 I/tvos    ( 1764): [audioBSP] #12 m_spdifMute : 1 ..
08-16 14:28:50.392 I/tvos    ( 1764): #12|->SDK_bPermanentAudioMute:0<-|->SDK_bMomentAudioMute:0<-|->SDK_bByBlockAudioMute:0<-|
08-16 14:28:50.392 I/tvos    ( 1764): #12|->SDK_bByVChipAudioMute:0<-|->SDK_bInternal1AudioMute:0<-|->SDK_bInternal4AudioMute:0<-|
08-16 14:28:50.392 I/tvos    ( 1764): #12|->SDK_bByDuringLimitedTimeAudioMute:0<-|->SDK_bSourceSwitchAudioMute:0<-|->SDK_bMHEGApMute:0<-|
08-16 14:28:50.392 I/tvos    ( 1764): #12|->SDK_bPowerOnMute:0<-|->SDK_bUsrSpdifAudioMute:1<-|->SDK_bNullSourceMute:0<-|->SDK_bByAppMute:0<-|
08-16 14:28:50.392 I/tvos    ( 1764): ---Amplifier_ALC1310_LR_SWMute(1)
08-16 14:28:50.392 I/tvos    ( 1764): ALC1310 mute write good, addr: 0x13, readback data : 49164, write cmd times : 1
08-16 14:28:50.395 I/tvos    ( 1764): SetSoundMuteStatus : m_hpMute : 1, m_spdifMute : 1, m_DataInMute : 0, m_channel7Mute : 0, m_internalMute : 0, m_spkrMute : 1, m_PcmCapture1Mute : 0, m_PcmCapture2Mute : 1 
08-16 14:28:50.449 I/tvos    ( 1764): GetAudioOutputDevice, retval : 0
08-16 14:28:50.700 I/tvos    ( 1764): GetAudioOutputDevice, retval : 0
08-16 14:28:50.878 I/remotestatus( 2207): Msg.what is 101
08-16 14:28:50.878 I/WindowManager( 2207): turn cursor off
08-16 14:28:50.878 E/RemoteManager( 2207): RemoteManager is no longer support in eui6.5
08-16 14:28:50.878 W/InputDispatcher( 2207): findFocusedWindow finished: injectionResult=0, timeSpentWaitingForApplication=0.0ms
08-16 14:28:50.879 E/InputManager-JNI( 2207): call nativeDisableCursor method with hideCursor
08-16 14:28:50.882 W/InputDispatcher( 2207): findFocusedWindow finished: injectionResult=0, timeSpentWaitingForApplication=0.0ms
08-16 14:28:50.951 I/tvos    ( 1764): GetAudioOutputDevice, retval : 0
08-16 14:28:50.993 I/APM::AudioPolicyEngine( 1758): getDeviceForStrategy, 359
08-16 14:28:51.201 I/tvos    ( 1764): GetAudioOutputDevice, retval : 0
08-16 14:28:51.243 I/WifiStateMachine( 2207):  DisconnectedState !CMD_START_SCAN  rt=511797676/511797676 -2 34098 ic=1 proc(ms):15012 dur:2978 cnt=34098 rssi=-127 f=-1 sc=0 link=-1 tx=0.0, 0.0, 0.0  rx=0.0 fiv=20000 [on:0 tx:0 rx:0 period:15009] from screen [on:0 period:1097606571]
08-16 14:28:51.243 I/WifiStateMachine( 2207): handlescanrequest  starting scan for 
08-16 14:28:51.243 I/WifiStateMachine( 2207): startscannative  starting scan for 
08-16 14:28:51.386 I/remotestatus( 2207): Msg.what is 101
08-16 14:28:51.386 I/WindowManager( 2207): turn cursor off
08-16 14:28:51.386 E/RemoteManager( 2207): RemoteManager is no longer support in eui6.5
08-16 14:28:51.386 W/InputDispatcher( 2207): findFocusedWindow finished: injectionResult=0, timeSpentWaitingForApplication=0.0ms
08-16 14:28:51.386 E/InputManager-JNI( 2207): call nativeDisableCursor method with hideCursor
08-16 14:28:51.390 W/InputDispatcher( 2207): findFocusedWindow finished: injectionResult=0, timeSpentWaitingForApplication=0.0ms
08-16 14:28:51.451 I/tvos    ( 1764): GetAudioOutputDevice, retval : 0
08-16 14:28:51.702 I/tvos    ( 1764): GetAudioOutputDevice, retval : 0
08-16 14:28:51.894 I/remotestatus( 2207): Msg.what is 101
08-16 14:28:51.894 I/WindowManager( 2207): turn cursor off
08-16 14:28:51.894 E/RemoteManager( 2207): RemoteManager is no longer support in eui6.5
08-16 14:28:51.894 W/InputDispatcher( 2207): findFocusedWindow finished: injectionResult=0, timeSpentWaitingForApplication=0.0ms
08-16 14:28:51.895 E/InputManager-JNI( 2207): call nativeDisableCursor method with hideCursor
08-16 14:28:51.896 I/SoundPool(18302): enter : func play
08-16 14:28:51.897 I/APM::AudioPolicyEngine( 1758): getDeviceForStrategy, 359
08-16 14:28:51.905 I/audio_hw_primary( 1758): version:a00004 adev_create_audio_patch::mix->device 
08-16 14:28:51.905 I/audio_hw_primary( 1758): adev_create_audio_patch *handle=-1420227928 num_audio_patch=3
08-16 14:28:51.907 E/AudioManagerService( 1803): setAudioVolume(callingPid 1758, clientPid 1758, enSoundPath 0, volumn:0 )
08-16 14:28:51.909 I/tvos    ( 1764): SetVolume, subWooExist 0!
08-16 14:28:51.909 I/tvos    ( 1764): mapi_audio_customer::SetAbsoluteVolume: project name is X440M
08-16 14:28:51.909 I/tvos    ( 1764): SetAbsoluteVolume: uPercent : 0, path=52(speaker), VolumeInt=7f, VolumeFra=0
08-16 14:28:51.909 I/tvos    ( 1764): SetAbsoluteVolume: uPercent(currVol) : 0, realPath=52(default), VolumeInt=7f, VolumeFra=0
08-16 14:28:51.909 I/tvos    ( 1764): mapi_audio_customer::SetAbsoluteVolume: project name is X440M
08-16 14:28:51.909 I/tvos    ( 1764): SetAbsoluteVolume: uPercent : 0, path=49(HP), VolumeInt=7f, VolumeFra=0
08-16 14:28:51.909 I/tvos    ( 1764): SetAbsoluteVolume: uPercent(currVol) : 0, realPath=49(default), VolumeInt=7f, VolumeFra=0
08-16 14:28:51.909 I/tvos    ( 1764): mapi_audio_customer::SetAbsoluteVolume: project name is X440M
08-16 14:28:51.909 I/tvos    ( 1764): SetAbsoluteVolume, m_bBTDetect is false! 
08-16 14:28:51.909 I/tvos    ( 1764): mapi_audio_customer::SetAbsoluteVolume: project name is X440M
08-16 14:28:51.909 I/tvos    ( 1764): SetAbsoluteVolume: uPercent : 0, path=255(speaker), VolumeInt=7f, VolumeFra=0
08-16 14:28:51.909 I/tvos    ( 1764): SetAbsoluteVolume: uPercent(currVol) : 0, realPath=255(default), VolumeInt=7f, VolumeFra=0
08-16 14:28:51.909 I/tvos    ( 1764): [SetMuteStatus] call SetSoundMuteStatus, line : 10369, muteType: 4, onOff : 0 
08-16 14:28:51.909 I/tvos    ( 1764): [audioBSP] #1 m_internalMute : 0 ..
08-16 14:28:51.909 I/tvos    ( 1764): #1|->SDK_bPermanentAudioMute:0<-|->SDK_bMomentAudioMute:0 <-|->SDK_bBySyncAudioMute:0<-|->SDK_bByBlockAudioMute:0<-|->SDK_bByVChipAudioMute:0<-|
08-16 14:28:51.909 I/tvos    ( 1764): #1|->SDK_bInternal1AudioMute:0<-|->SDK_bInternal2AudioMute:0<-|->SDK_bInternal3AudioMute:0<-|->SDK_bInternal4AudioMute:0<-|
08-16 14:28:51.909 I/tvos    ( 1764): #1|->SDK_bByScanInOutchgCHchg:0<-|->SDK_bByDuringLimitedTimeAudioMute:0<-|->SDK_bSourceSwitchAudioMute:0<-|
08-16 14:28:51.909 I/tvos    ( 1764): #1|->SDK_bMHEGApMute:0<-|->SDK_bAllAudioMuteCtrl:0<-|->SDK_bPowerOnMute:0<-|->SDK_bNullSourceMute0<-|->SDK_bSetInputSourceAudioMute:0<-|
08-16 14:28:51.909 I/tvos    ( 1764): [audioBSP] #2 m_spkrMute : 0 ..|->SDK_bUsrSpkrAudioMute:0<-|->SDK_bPowerOnMute:0<-|->SDK_bByUserAudioMute:0<-|
08-16 14:28:51.909 I/tvos    ( 1764): [audioBSP] #3 m_PcmCapture2Mute:0 |->SDK_bByUserPcmCapture2Mute:0<-|->SDK_SUB_bByUserAudioMute:0<-|->SDK_bByUserAudioMute:0<-|
08-16 14:28:51.909 I/tvos    ( 1764): [audioBSP] #5 m_hpMute : 1 ..|->SDK_bUsrHpAudioMute:1<-|->SDK_bPowerOnMute:0<-|->SDK_bByUserAudioMute:0<-|
08-16 14:28:51.909 I/tvos    ( 1764): [audioBSP] #12 m_spdifMute : 1 ..
08-16 14:28:51.909 I/tvos    ( 1764): #12|->SDK_bPermanentAudioMute:0<-|->SDK_bMomentAudioMute:0<-|->SDK_bByBlockAudioMute:0<-|
08-16 14:28:51.909 I/tvos    ( 1764): #12|->SDK_bByVChipAudioMute:0<-|->SDK_bInternal1AudioMute:0<-|->SDK_bInternal4AudioMute:0<-|
08-16 14:28:51.909 I/tvos    ( 1764): #12|->SDK_bByDuringLimitedTimeAudioMute:0<-|->SDK_bSourceSwitchAudioMute:0<-|->SDK_bMHEGApMute:0<-|
08-16 14:28:51.909 I/tvos    ( 1764): #12|->SDK_bPowerOnMute:0<-|->SDK_bUsrSpdifAudioMute:1<-|->SDK_bNullSourceMute:0<-|->SDK_bByAppMute:0<-|
08-16 14:28:51.909 I/tvos    ( 1764): ---Amplifier_ALC1310_LR_SWMute(0)
08-16 14:28:51.909 I/tvos    ( 1764): ALC1310 unmute good, addr: 0x13 readbackvalue: 4 
08-16 14:28:51.911 I/tvos    ( 1764): SetSoundMuteStatus : m_hpMute : 1, m_spdifMute : 1, m_DataInMute : 0, m_channel7Mute : 0, m_internalMute : 0, m_spkrMute : 0, m_PcmCapture1Mute : 0, m_PcmCapture2Mute : 0 
08-16 14:28:51.912 I/AudioUtil( 1758): setParameters spk_volume=0
08-16 14:28:51.912 I/audio_hw_primary( 1758): adev_set_parameters: spk_volume=0
08-16 14:28:51.912 I/tvos    ( 1764): GetAudioOutputDevice, retval : 0
08-16 14:28:51.912 I/tvos    ( 1764): [SetMuteStatus] call SetSoundMuteStatus, line : 10369, muteType: 67108864, onOff : 1 
08-16 14:28:51.912 I/tvos    ( 1764): _TransMSrvMuteTypeToSDKMuteType: Err! muteType(67108864) is out of Range
08-16 14:28:51.914 I/tvos    ( 1764): [SetMuteStatus] call SetSoundMuteStatus, line : 10369, muteType: 4, onOff : 1 
08-16 14:28:51.914 I/tvos    ( 1764): [audioBSP] #1 m_internalMute : 0 ..
08-16 14:28:51.914 I/tvos    ( 1764): #1|->SDK_bPermanentAudioMute:0<-|->SDK_bMomentAudioMute:0 <-|->SDK_bBySyncAudioMute:0<-|->SDK_bByBlockAudioMute:0<-|->SDK_bByVChipAudioMute:0<-|
08-16 14:28:51.914 I/tvos    ( 1764): #1|->SDK_bInternal1AudioMute:0<-|->SDK_bInternal2AudioMute:0<-|->SDK_bInternal3AudioMute:0<-|->SDK_bInternal4AudioMute:0<-|
08-16 14:28:51.914 I/tvos    ( 1764): #1|->SDK_bByScanInOutchgCHchg:0<-|->SDK_bByDuringLimitedTimeAudioMute:0<-|->SDK_bSourceSwitchAudioMute:0<-|
08-16 14:28:51.914 I/tvos    ( 1764): #1|->SDK_bMHEGApMute:0<-|->SDK_bAllAudioMuteCtrl:0<-|->SDK_bPowerOnMute:0<-|->SDK_bNullSourceMute0<-|->SDK_bSetInputSourceAudioMute:0<-|
08-16 14:28:51.914 I/tvos    ( 1764): [audioBSP] #2 m_spkrMute : 1 ..|->SDK_bUsrSpkrAudioMute:0<-|->SDK_bPowerOnMute:0<-|->SDK_bByUserAudioMute:1<-|
08-16 14:28:51.914 I/tvos    ( 1764): [audioBSP] #3 m_PcmCapture2Mute:1 |->SDK_bByUserPcmCapture2Mute:0<-|->SDK_SUB_bByUserAudioMute:0<-|->SDK_bByUserAudioMute:1<-|
08-16 14:28:51.914 I/tvos    ( 1764): [audioBSP] #5 m_hpMute : 1 ..|->SDK_bUsrHpAudioMute:1<-|->SDK_bPowerOnMute:0<-|->SDK_bByUserAudioMute:1<-|
08-16 14:28:51.914 I/tvos    ( 1764): [audioBSP] #12 m_spdifMute : 1 ..
08-16 14:28:51.914 I/tvos    ( 1764): #12|->SDK_bPermanentAudioMute:0<-|->SDK_bMomentAudioMute:0<-|->SDK_bByBlockAudioMute:0<-|
08-16 14:28:51.914 I/tvos    ( 1764): #12|->SDK_bByVChipAudioMute:0<-|->SDK_bInternal1AudioMute:0<-|->SDK_bInternal4AudioMute:0<-|
08-16 14:28:51.914 I/tvos    ( 1764): #12|->SDK_bByDuringLimitedTimeAudioMute:0<-|->SDK_bSourceSwitchAudioMute:0<-|->SDK_bMHEGApMute:0<-|
08-16 14:28:51.914 I/tvos    ( 1764): #12|->SDK_bPowerOnMute:0<-|->SDK_bUsrSpdifAudioMute:1<-|->SDK_bNullSourceMute:0<-|->SDK_bByAppMute:0<-|
08-16 14:28:51.914 I/tvos    ( 1764): ---Amplifier_ALC1310_LR_SWMute(1)
08-16 14:28:51.914 I/tvos    ( 1764): ALC1310 mute write good, addr: 0x13, readback data : 49164, write cmd times : 1
08-16 14:28:51.916 I/tvos    ( 1764): SetSoundMuteStatus : m_hpMute : 1, m_spdifMute : 1, m_DataInMute : 0, m_channel7Mute : 0, m_internalMute : 0, m_spkrMute : 1, m_PcmCapture1Mute : 0, m_PcmCapture2Mute : 1 
08-16 14:28:51.920 W/InputDispatcher( 2207): findFocusedWindow finished: injectionResult=0, timeSpentWaitingForApplication=0.0ms
08-16 14:28:51.952 I/tvos    ( 1764): GetAudioOutputDevice, retval : 0
08-16 14:28:51.993 I/APM::AudioPolicyEngine( 1758): getDeviceForStrategy, 359
08-16 14:28:52.203 I/tvos    ( 1764): GetAudioOutputDevice, retval : 0
08-16 14:28:52.426 I/remotestatus( 2207): Msg.what is 101
08-16 14:28:52.426 I/WindowManager( 2207): turn cursor off
08-16 14:28:52.426 E/RemoteManager( 2207): RemoteManager is no longer support in eui6.5
08-16 14:28:52.426 W/InputDispatcher( 2207): findFocusedWindow finished: injectionResult=0, timeSpentWaitingForApplication=0.0ms
08-16 14:28:52.426 E/InputManager-JNI( 2207): call nativeDisableCursor method with hideCursor
08-16 14:28:52.444 I/SoundPool( 2207): enter : func play
08-16 14:28:52.445 I/APM::AudioPolicyEngine( 1758): getDeviceForStrategy, 359
08-16 14:28:52.447 I/BrowseView(18302): --onItemSelected i : 2
08-16 14:28:52.448 W/InputDispatcher( 2207): findFocusedWindow finished: injectionResult=0, timeSpentWaitingForApplication=0.0ms
08-16 14:28:52.453 I/tvos    ( 1764): GetAudioOutputDevice, retval : 0
08-16 14:28:52.455 I/audio_hw_primary( 1758): version:a00004 adev_create_audio_patch::mix->device 
08-16 14:28:52.455 I/audio_hw_primary( 1758): adev_create_audio_patch *handle=-1420227928 num_audio_patch=3
08-16 14:28:52.457 E/AudioManagerService( 1803): setAudioVolume(callingPid 1758, clientPid 1758, enSoundPath 0, volumn:0 )
08-16 14:28:52.460 I/tvos    ( 1764): SetVolume, subWooExist 0!
08-16 14:28:52.460 I/tvos    ( 1764): mapi_audio_customer::SetAbsoluteVolume: project name is X440M
08-16 14:28:52.460 I/tvos    ( 1764): SetAbsoluteVolume: uPercent : 0, path=52(speaker), VolumeInt=7f, VolumeFra=0
08-16 14:28:52.460 I/tvos    ( 1764): SetAbsoluteVolume: uPercent(currVol) : 0, realPath=52(default), VolumeInt=7f, VolumeFra=0
08-16 14:28:52.460 I/tvos    ( 1764): mapi_audio_customer::SetAbsoluteVolume: project name is X440M
08-16 14:28:52.460 I/tvos    ( 1764): SetAbsoluteVolume: uPercent : 0, path=49(HP), VolumeInt=7f, VolumeFra=0
08-16 14:28:52.460 I/tvos    ( 1764): SetAbsoluteVolume: uPercent(currVol) : 0, realPath=49(default), VolumeInt=7f, VolumeFra=0
08-16 14:28:52.460 I/tvos    ( 1764): mapi_audio_customer::SetAbsoluteVolume: project name is X440M
08-16 14:28:52.460 I/tvos    ( 1764): SetAbsoluteVolume, m_bBTDetect is false! 
08-16 14:28:52.460 I/tvos    ( 1764): mapi_audio_customer::SetAbsoluteVolume: project name is X440M
08-16 14:28:52.461 I/tvos    ( 1764): SetAbsoluteVolume: uPercent : 0, path=255(speaker), VolumeInt=7f, VolumeFra=0
08-16 14:28:52.461 I/tvos    ( 1764): SetAbsoluteVolume: uPercent(currVol) : 0, realPath=255(default), VolumeInt=7f, VolumeFra=0
08-16 14:28:52.461 I/tvos    ( 1764): [SetMuteStatus] call SetSoundMuteStatus, line : 10369, muteType: 4, onOff : 0 
08-16 14:28:52.461 I/tvos    ( 1764): [audioBSP] #1 m_internalMute : 0 ..
08-16 14:28:52.461 I/tvos    ( 1764): #1|->SDK_bPermanentAudioMute:0<-|->SDK_bMomentAudioMute:0 <-|->SDK_bBySyncAudioMute:0<-|->SDK_bByBlockAudioMute:0<-|->SDK_bByVChipAudioMute:0<-|
08-16 14:28:52.461 I/tvos    ( 1764): #1|->SDK_bInternal1AudioMute:0<-|->SDK_bInternal2AudioMute:0<-|->SDK_bInternal3AudioMute:0<-|->SDK_bInternal4AudioMute:0<-|
08-16 14:28:52.461 I/tvos    ( 1764): #1|->SDK_bByScanInOutchgCHchg:0<-|->SDK_bByDuringLimitedTimeAudioMute:0<-|->SDK_bSourceSwitchAudioMute:0<-|
08-16 14:28:52.461 I/tvos    ( 1764): #1|->SDK_bMHEGApMute:0<-|->SDK_bAllAudioMuteCtrl:0<-|->SDK_bPowerOnMute:0<-|->SDK_bNullSourceMute0<-|->SDK_bSetInputSourceAudioMute:0<-|
08-16 14:28:52.461 I/tvos    ( 1764): [audioBSP] #2 m_spkrMute : 0 ..|->SDK_bUsrSpkrAudioMute:0<-|->SDK_bPowerOnMute:0<-|->SDK_bByUserAudioMute:0<-|
08-16 14:28:52.461 I/tvos    ( 1764): [audioBSP] #3 m_PcmCapture2Mute:0 |->SDK_bByUserPcmCapture2Mute:0<-|->SDK_SUB_bByUserAudioMute:0<-|->SDK_bByUserAudioMute:0<-|
08-16 14:28:52.461 I/tvos    ( 1764): [audioBSP] #5 m_hpMute : 1 ..|->SDK_bUsrHpAudioMute:1<-|->SDK_bPowerOnMute:0<-|->SDK_bByUserAudioMute:0<-|
08-16 14:28:52.461 I/tvos    ( 1764): [audioBSP] #12 m_spdifMute : 1 ..
08-16 14:28:52.461 I/tvos    ( 1764): #12|->SDK_bPermanentAudioMute:0<-|->SDK_bMomentAudioMute:0<-|->SDK_bByBlockAudioMute:0<-|
08-16 14:28:52.461 I/tvos    ( 1764): #12|->SDK_bByVChipAudioMute:0<-|->SDK_bInternal1AudioMute:0<-|->SDK_bInternal4AudioMute:0<-|
08-16 14:28:52.461 I/tvos    ( 1764): #12|->SDK_bByDuringLimitedTimeAudioMute:0<-|->SDK_bSourceSwitchAudioMute:0<-|->SDK_bMHEGApMute:0<-|
08-16 14:28:52.461 I/tvos    ( 1764): #12|->SDK_bPowerOnMute:0<-|->SDK_bUsrSpdifAudioMute:1<-|->SDK_bNullSourceMute:0<-|->SDK_bByAppMute:0<-|
08-16 14:28:52.461 I/tvos    ( 1764): ---Amplifier_ALC1310_LR_SWMute(0)
08-16 14:28:52.461 I/tvos    ( 1764): ALC1310 unmute good, addr: 0x13 readbackvalue: 4 
08-16 14:28:52.463 I/tvos    ( 1764): SetSoundMuteStatus : m_hpMute : 1, m_spdifMute : 1, m_DataInMute : 0, m_channel7Mute : 0, m_internalMute : 0, m_spkrMute : 0, m_PcmCapture1Mute : 0, m_PcmCapture2Mute : 0 
08-16 14:28:52.463 I/AudioUtil( 1758): setParameters spk_volume=0
08-16 14:28:52.463 I/audio_hw_primary( 1758): adev_set_parameters: spk_volume=0
08-16 14:28:52.463 I/tvos    ( 1764): GetAudioOutputDevice, retval : 0
08-16 14:28:52.464 I/tvos    ( 1764): [SetMuteStatus] call SetSoundMuteStatus, line : 10369, muteType: 67108864, onOff : 1 
08-16 14:28:52.464 I/tvos    ( 1764): _TransMSrvMuteTypeToSDKMuteType: Err! muteType(67108864) is out of Range
08-16 14:28:52.466 I/tvos    ( 1764): [SetMuteStatus] call SetSoundMuteStatus, line : 10369, muteType: 4, onOff : 1 
08-16 14:28:52.466 I/tvos    ( 1764): [audioBSP] #1 m_internalMute : 0 ..
08-16 14:28:52.466 I/tvos    ( 1764): #1|->SDK_bPermanentAudioMute:0<-|->SDK_bMomentAudioMute:0 <-|->SDK_bBySyncAudioMute:0<-|->SDK_bByBlockAudioMute:0<-|->SDK_bByVChipAudioMute:0<-|
08-16 14:28:52.466 I/tvos    ( 1764): #1|->SDK_bInternal1AudioMute:0<-|->SDK_bInternal2AudioMute:0<-|->SDK_bInternal3AudioMute:0<-|->SDK_bInternal4AudioMute:0<-|
08-16 14:28:52.466 I/tvos    ( 1764): #1|->SDK_bByScanInOutchgCHchg:0<-|->SDK_bByDuringLimitedTimeAudioMute:0<-|->SDK_bSourceSwitchAudioMute:0<-|
08-16 14:28:52.466 I/tvos    ( 1764): #1|->SDK_bMHEGApMute:0<-|->SDK_bAllAudioMuteCtrl:0<-|->SDK_bPowerOnMute:0<-|->SDK_bNullSourceMute0<-|->SDK_bSetInputSourceAudioMute:0<-|
08-16 14:28:52.466 I/tvos    ( 1764): [audioBSP] #2 m_spkrMute : 1 ..|->SDK_bUsrSpkrAudioMute:0<-|->SDK_bPowerOnMute:0<-|->SDK_bByUserAudioMute:1<-|
08-16 14:28:52.466 I/tvos    ( 1764): [audioBSP] #3 m_PcmCapture2Mute:1 |->SDK_bByUserPcmCapture2Mute:0<-|->SDK_SUB_bByUserAudioMute:0<-|->SDK_bByUserAudioMute:1<-|
08-16 14:28:52.466 I/tvos    ( 1764): [audioBSP] #5 m_hpMute : 1 ..|->SDK_bUsrHpAudioMute:1<-|->SDK_bPowerOnMute:0<-|->SDK_bByUserAudioMute:1<-|
08-16 14:28:52.466 I/tvos    ( 1764): [audioBSP] #12 m_spdifMute : 1 ..
08-16 14:28:52.466 I/tvos    ( 1764): #12|->SDK_bPermanentAudioMute:0<-|->SDK_bMomentAudioMute:0<-|->SDK_bByBlockAudioMute:0<-|
08-16 14:28:52.466 I/tvos    ( 1764): #12|->SDK_bByVChipAudioMute:0<-|->SDK_bInternal1AudioMute:0<-|->SDK_bInternal4AudioMute:0<-|
08-16 14:28:52.466 I/tvos    ( 1764): #12|->SDK_bByDuringLimitedTimeAudioMute:0<-|->SDK_bSourceSwitchAudioMute:0<-|->SDK_bMHEGApMute:0<-|
08-16 14:28:52.466 I/tvos    ( 1764): #12|->SDK_bPowerOnMute:0<-|->SDK_bUsrSpdifAudioMute:1<-|->SDK_bNullSourceMute:0<-|->SDK_bByAppMute:0<-|
08-16 14:28:52.466 I/tvos    ( 1764): ---Amplifier_ALC1310_LR_SWMute(1)
08-16 14:28:52.466 I/tvos    ( 1764): ALC1310 mute write good, addr: 0x13, readback data : 49164, write cmd times : 1
08-16 14:28:52.468 I/tvos    ( 1764): SetSoundMuteStatus : m_hpMute : 1, m_spdifMute : 1, m_DataInMute : 0, m_channel7Mute : 0, m_internalMute : 0, m_spkrMute : 1, m_PcmCapture1Mute : 0, m_PcmCapture2Mute : 1 
08-16 14:28:52.545 I/APM::AudioPolicyEngine( 1758): getDeviceForStrategy, 359
08-16 14:28:52.562 E/LETV_DEVICE( 1780): no name sn for Mstar
08-16 14:28:52.564 E/ActivityThread( 2837): Failed to find provider info for com.letv.agnes.InfoProvider
08-16 14:28:52.568 E/LETV_DEVICE( 1780): no name sn for Mstar
08-16 14:28:52.575 I/TVFeedback(18302): UrlUtils -- getCommonIssueParams - params = version=V2409RCN02C065307D08011D&versionName=6.5.307D_0801&model=X440M&ui=6.5&hwVersion=H5000&mac=b01bd2542d51&region=CN&user-prefer-language=zh-cn&sys_version=6.5.307D_0801&device=X440M&area=CN&source_package=com.stv.feedback&source_version=1
08-16 14:28:52.578 E/ActivityThread( 2837): Failed to find provider info for com.letv.agnes.InfoProvider
08-16 14:28:52.579 I/LetvAccount(14745): UserInfoProvider -- appName: com.stv.feedback, permission: system(true) app(true), match=1
08-16 14:28:52.580 I/AccountManagerService( 2207): getTypesVisibleToCaller: isPermitted? true
08-16 14:28:52.584 W/System.err( 2837): java.lang.IllegalArgumentException: Unknown URL content://com.letv.agnes.InfoProvider
08-16 14:28:52.584 W/System.err( 2837): 	at android.content.ContentResolver.insert(ContentResolver.java:1227)
08-16 14:28:52.584 W/System.err( 2837): 	at com.letv.tracker2.agnes.Configuration.addDebugInfo(Configuration.java:289)
08-16 14:28:52.584 W/System.err( 2837): 	at com.letv.tracker2.agnes.MessageProcessor$SendEnvMsgTr$1.handleMessage(MessageProcessor.java:661)
08-16 14:28:52.584 W/System.err( 2837): 	at android.os.Handler.dispatchMessage(Handler.java:102)
08-16 14:28:52.584 W/System.err( 2837): 	at android.os.Looper.loop(Looper.java:148)
08-16 14:28:52.584 W/System.err( 2837): 	at com.letv.tracker2.agnes.MessageProcessor$SendEnvMsgTr.run(MessageProcessor.java:665)
08-16 14:28:52.589 E/LetvRemoteupgradeManager-JNI( 2613): can't get LetvManager service!
08-16 14:28:52.591 I/[T1.0.6.3]EuiAgnes_Server( 2837): resCode:1
08-16 14:28:52.592 I/[T1.0.6.3]EuiAgnes_Server( 2837): b[0]:0
08-16 14:28:52.600 I/TVFeedback(18302): FeedBackUtils -- getSystemUserId - ssoToken = 103XXXWLm5iFfp7oHVCl5Nm5QniTYMwRr1riQV7kzFHb0cKblm5JnT7VZ62yLz6NiwchqILK4Vglv7ZN0oREFxfOiiJUsxPtqnon9LQtCfSYWPGD5q0Qm4
08-16 14:28:52.602 I/TVFeedback(18302): UrlUtils -- getCommonIssueUrl - URL= http://xfeedback-scloud.cp21.ott.cibntv.net/api/v3/tvfeedbacklist/commonlist?version=V2409RCN02C065307D08011D&versionName=6.5.307D_0801&model=X440M&ui=6.5&hwVersion=H5000&mac=b01bd2542d51&region=CN&user-prefer-language=zh-cn&sys_version=6.5.307D_0801&device=X440M&area=CN&source_package=com.stv.feedback&source_version=1&sso_tk=103XXXWLm5iFfp7oHVCl5Nm5QniTYMwRr1riQV7kzFHb0cKblm5JnT7VZ62yLz6NiwchqILK4Vglv7ZN0oREFxfOiiJUsxPtqnon9LQtCfSYWPGD5q0Qm4&&_ak=akfileup_YHoqMHgt&_time=1534400932602&_sign=169bd60f7c7efdd6f90df03cbd16b804
08-16 14:28:52.704 I/tvos    ( 1764): GetAudioOutputDevice, retval : 0
08-16 14:28:52.954 I/tvos    ( 1764): GetAudioOutputDevice, retval : 0
08-16 14:28:53.204 I/tvos    ( 1764): GetAudioOutputDevice, retval : 0
08-16 14:28:53.259 I/remotestatus( 2207): Msg.what is 101
08-16 14:28:53.259 I/WindowManager( 2207): turn cursor off
08-16 14:28:53.259 E/RemoteManager( 2207): RemoteManager is no longer support in eui6.5
08-16 14:28:53.259 W/InputDispatcher( 2207): findFocusedWindow finished: injectionResult=0, timeSpentWaitingForApplication=0.0ms
08-16 14:28:53.260 E/InputManager-JNI( 2207): call nativeDisableCursor method with hideCursor
08-16 14:28:53.277 I/SoundPool( 2207): enter : func play
08-16 14:28:53.280 I/BrowseView(18302): --onItemSelected i : 1
08-16 14:28:53.281 W/InputDispatcher( 2207): findFocusedWindow finished: injectionResult=0, timeSpentWaitingForApplication=0.0ms
08-16 14:28:53.282 I/APM::AudioPolicyEngine( 1758): getDeviceForStrategy, 359
08-16 14:28:53.283 I/audio_hw_primary( 1758): version:a00004 adev_create_audio_patch::mix->device 
08-16 14:28:53.283 I/audio_hw_primary( 1758): adev_create_audio_patch *handle=-1420227928 num_audio_patch=3
08-16 14:28:53.286 E/AudioManagerService( 1803): setAudioVolume(callingPid 1758, clientPid 1758, enSoundPath 0, volumn:0 )
08-16 14:28:53.288 I/tvos    ( 1764): SetVolume, subWooExist 0!
08-16 14:28:53.289 I/tvos    ( 1764): mapi_audio_customer::SetAbsoluteVolume: project name is X440M
08-16 14:28:53.289 I/tvos    ( 1764): SetAbsoluteVolume: uPercent : 0, path=52(speaker), VolumeInt=7f, VolumeFra=0
08-16 14:28:53.289 I/tvos    ( 1764): SetAbsoluteVolume: uPercent(currVol) : 0, realPath=52(default), VolumeInt=7f, VolumeFra=0
08-16 14:28:53.289 I/tvos    ( 1764): mapi_audio_customer::SetAbsoluteVolume: project name is X440M
08-16 14:28:53.289 I/tvos    ( 1764): SetAbsoluteVolume: uPercent : 0, path=49(HP), VolumeInt=7f, VolumeFra=0
08-16 14:28:53.289 I/tvos    ( 1764): SetAbsoluteVolume: uPercent(currVol) : 0, realPath=49(default), VolumeInt=7f, VolumeFra=0
08-16 14:28:53.289 I/tvos    ( 1764): mapi_audio_customer::SetAbsoluteVolume: project name is X440M
08-16 14:28:53.289 I/tvos    ( 1764): SetAbsoluteVolume, m_bBTDetect is false! 
08-16 14:28:53.289 I/tvos    ( 1764): mapi_audio_customer::SetAbsoluteVolume: project name is X440M
08-16 14:28:53.289 I/tvos    ( 1764): SetAbsoluteVolume: uPercent : 0, path=255(speaker), VolumeInt=7f, VolumeFra=0
08-16 14:28:53.289 I/tvos    ( 1764): SetAbsoluteVolume: uPercent(currVol) : 0, realPath=255(default), VolumeInt=7f, VolumeFra=0
08-16 14:28:53.289 I/tvos    ( 1764): [SetMuteStatus] call SetSoundMuteStatus, line : 10369, muteType: 4, onOff : 0 
08-16 14:28:53.289 I/tvos    ( 1764): [audioBSP] #1 m_internalMute : 0 ..
08-16 14:28:53.289 I/tvos    ( 1764): #1|->SDK_bPermanentAudioMute:0<-|->SDK_bMomentAudioMute:0 <-|->SDK_bBySyncAudioMute:0<-|->SDK_bByBlockAudioMute:0<-|->SDK_bByVChipAudioMute:0<-|
08-16 14:28:53.289 I/tvos    ( 1764): #1|->SDK_bInternal1AudioMute:0<-|->SDK_bInternal2AudioMute:0<-|->SDK_bInternal3AudioMute:0<-|->SDK_bInternal4AudioMute:0<-|
08-16 14:28:53.289 I/tvos    ( 1764): #1|->SDK_bByScanInOutchgCHchg:0<-|->SDK_bByDuringLimitedTimeAudioMute:0<-|->SDK_bSourceSwitchAudioMute:0<-|
08-16 14:28:53.289 I/tvos    ( 1764): #1|->SDK_bMHEGApMute:0<-|->SDK_bAllAudioMuteCtrl:0<-|->SDK_bPowerOnMute:0<-|->SDK_bNullSourceMute0<-|->SDK_bSetInputSourceAudioMute:0<-|
08-16 14:28:53.289 I/tvos    ( 1764): [audioBSP] #2 m_spkrMute : 0 ..|->SDK_bUsrSpkrAudioMute:0<-|->SDK_bPowerOnMute:0<-|->SDK_bByUserAudioMute:0<-|
08-16 14:28:53.289 I/tvos    ( 1764): [audioBSP] #3 m_PcmCapture2Mute:0 |->SDK_bByUserPcmCapture2Mute:0<-|->SDK_SUB_bByUserAudioMute:0<-|->SDK_bByUserAudioMute:0<-|
08-16 14:28:53.289 I/tvos    ( 1764): [audioBSP] #5 m_hpMute : 1 ..|->SDK_bUsrHpAudioMute:1<-|->SDK_bPowerOnMute:0<-|->SDK_bByUserAudioMute:0<-|
08-16 14:28:53.289 I/tvos    ( 1764): [audioBSP] #12 m_spdifMute : 1 ..
08-16 14:28:53.289 I/tvos    ( 1764): #12|->SDK_bPermanentAudioMute:0<-|->SDK_bMomentAudioMute:0<-|->SDK_bByBlockAudioMute:0<-|
08-16 14:28:53.289 I/tvos    ( 1764): #12|->SDK_bByVChipAudioMute:0<-|->SDK_bInternal1AudioMute:0<-|->SDK_bInternal4AudioMute:0<-|
08-16 14:28:53.289 I/tvos    ( 1764): #12|->SDK_bByDuringLimitedTimeAudioMute:0<-|->SDK_bSourceSwitchAudioMute:0<-|->SDK_bMHEGApMute:0<-|
08-16 14:28:53.289 I/tvos    ( 1764): #12|->SDK_bPowerOnMute:0<-|->SDK_bUsrSpdifAudioMute:1<-|->SDK_bNullSourceMute:0<-|->SDK_bByAppMute:0<-|
08-16 14:28:53.289 I/tvos    ( 1764): ---Amplifier_ALC1310_LR_SWMute(0)
08-16 14:28:53.289 I/tvos    ( 1764): ALC1310 unmute good, addr: 0x13 readbackvalue: 4 
08-16 14:28:53.292 I/tvos    ( 1764): SetSoundMuteStatus : m_hpMute : 1, m_spdifMute : 1, m_DataInMute : 0, m_channel7Mute : 0, m_internalMute : 0, m_spkrMute : 0, m_PcmCapture1Mute : 0, m_PcmCapture2Mute : 0 
08-16 14:28:53.293 I/AudioUtil( 1758): setParameters spk_volume=0
08-16 14:28:53.293 I/audio_hw_primary( 1758): adev_set_parameters: spk_volume=0
08-16 14:28:53.293 I/tvos    ( 1764): GetAudioOutputDevice, retval : 0
08-16 14:28:53.293 I/tvos    ( 1764): [SetMuteStatus] call SetSoundMuteStatus, line : 10369, muteType: 67108864, onOff : 1 
08-16 14:28:53.293 I/tvos    ( 1764): _TransMSrvMuteTypeToSDKMuteType: Err! muteType(67108864) is out of Range
08-16 14:28:53.296 I/tvos    ( 1764): [SetMuteStatus] call SetSoundMuteStatus, line : 10369, muteType: 4, onOff : 1 
08-16 14:28:53.296 I/tvos    ( 1764): [audioBSP] #1 m_internalMute : 0 ..
08-16 14:28:53.296 I/tvos    ( 1764): #1|->SDK_bPermanentAudioMute:0<-|->SDK_bMomentAudioMute:0 <-|->SDK_bBySyncAudioMute:0<-|->SDK_bByBlockAudioMute:0<-|->SDK_bByVChipAudioMute:0<-|
08-16 14:28:53.296 I/tvos    ( 1764): #1|->SDK_bInternal1AudioMute:0<-|->SDK_bInternal2AudioMute:0<-|->SDK_bInternal3AudioMute:0<-|->SDK_bInternal4AudioMute:0<-|
08-16 14:28:53.296 I/tvos    ( 1764): #1|->SDK_bByScanInOutchgCHchg:0<-|->SDK_bByDuringLimitedTimeAudioMute:0<-|->SDK_bSourceSwitchAudioMute:0<-|
08-16 14:28:53.296 I/tvos    ( 1764): #1|->SDK_bMHEGApMute:0<-|->SDK_bAllAudioMuteCtrl:0<-|->SDK_bPowerOnMute:0<-|->SDK_bNullSourceMute0<-|->SDK_bSetInputSourceAudioMute:0<-|
08-16 14:28:53.296 I/tvos    ( 1764): [audioBSP] #2 m_spkrMute : 1 ..|->SDK_bUsrSpkrAudioMute:0<-|->SDK_bPowerOnMute:0<-|->SDK_bByUserAudioMute:1<-|
08-16 14:28:53.296 I/tvos    ( 1764): [audioBSP] #3 m_PcmCapture2Mute:1 |->SDK_bByUserPcmCapture2Mute:0<-|->SDK_SUB_bByUserAudioMute:0<-|->SDK_bByUserAudioMute:1<-|
08-16 14:28:53.296 I/tvos    ( 1764): [audioBSP] #5 m_hpMute : 1 ..|->SDK_bUsrHpAudioMute:1<-|->SDK_bPowerOnMute:0<-|->SDK_bByUserAudioMute:1<-|
08-16 14:28:53.296 I/tvos    ( 1764): [audioBSP] #12 m_spdifMute : 1 ..
08-16 14:28:53.296 I/tvos    ( 1764): #12|->SDK_bPermanentAudioMute:0<-|->SDK_bMomentAudioMute:0<-|->SDK_bByBlockAudioMute:0<-|
08-16 14:28:53.296 I/tvos    ( 1764): #12|->SDK_bByVChipAudioMute:0<-|->SDK_bInternal1AudioMute:0<-|->SDK_bInternal4AudioMute:0<-|
08-16 14:28:53.296 I/tvos    ( 1764): #12|->SDK_bByDuringLimitedTimeAudioMute:0<-|->SDK_bSourceSwitchAudioMute:0<-|->SDK_bMHEGApMute:0<-|
08-16 14:28:53.296 I/tvos    ( 1764): #12|->SDK_bPowerOnMute:0<-|->SDK_bUsrSpdifAudioMute:1<-|->SDK_bNullSourceMute:0<-|->SDK_bByAppMute:0<-|
08-16 14:28:53.296 I/tvos    ( 1764): ---Amplifier_ALC1310_LR_SWMute(1)
08-16 14:28:53.296 I/tvos    ( 1764): ALC1310 mute write good, addr: 0x13, readback data : 49164, write cmd times : 1
08-16 14:28:53.298 I/tvos    ( 1764): SetSoundMuteStatus : m_hpMute : 1, m_spdifMute : 1, m_DataInMute : 0, m_channel7Mute : 0, m_internalMute : 0, m_spkrMute : 1, m_PcmCapture1Mute : 0, m_PcmCapture2Mute : 1 
08-16 14:28:53.381 I/APM::AudioPolicyEngine( 1758): getDeviceForStrategy, 359
08-16 14:28:53.403 E/LETV_DEVICE( 1780): no name sn for Mstar
08-16 14:28:53.405 E/ActivityThread( 2837): Failed to find provider info for com.letv.agnes.InfoProvider
08-16 14:28:53.406 E/ActivityThread( 2837): Failed to find provider info for com.letv.agnes.InfoProvider
08-16 14:28:53.407 W/System.err( 2837): java.lang.IllegalArgumentException: Unknown URL content://com.letv.agnes.InfoProvider
08-16 14:28:53.407 W/System.err( 2837): 	at android.content.ContentResolver.insert(ContentResolver.java:1227)
08-16 14:28:53.407 W/System.err( 2837): 	at com.letv.tracker2.agnes.Configuration.addDebugInfo(Configuration.java:289)
08-16 14:28:53.407 W/System.err( 2837): 	at com.letv.tracker2.agnes.MessageProcessor$SendEnvMsgTr$1.handleMessage(MessageProcessor.java:661)
08-16 14:28:53.407 W/System.err( 2837): 	at android.os.Handler.dispatchMessage(Handler.java:102)
08-16 14:28:53.407 W/System.err( 2837): 	at android.os.Looper.loop(Looper.java:148)
08-16 14:28:53.407 W/System.err( 2837): 	at com.letv.tracker2.agnes.MessageProcessor$SendEnvMsgTr.run(MessageProcessor.java:665)
08-16 14:28:53.407 E/LETV_DEVICE( 1780): no name sn for Mstar
08-16 14:28:53.413 I/[T1.0.6.3]EuiAgnes_Server( 2837): resCode:1
08-16 14:28:53.413 I/[T1.0.6.3]EuiAgnes_Server( 2837): b[0]:0
08-16 14:28:53.417 I/LetvAccount(14745): UserInfoProvider -- appName: com.stv.feedback, permission: system(true) app(true), match=1
08-16 14:28:53.418 I/AccountManagerService( 2207): getTypesVisibleToCaller: isPermitted? true
08-16 14:28:53.425 I/TVFeedback(18302): FeedBackUtils -- getSystemUserId - ssoToken = 103XXXWLm5iFfp7oHVCl5Nm5QniTYMwRr1riQV7kzFHb0cKblm5JnT7VZ62yLz6NiwchqILK4Vglv7ZN0oREFxfOiiJUsxPtqnon9LQtCfSYWPGD5q0Qm4
08-16 14:28:53.426 I/TVFeedback(18302): UrlUtils -- getFeedbackListUrl - URL= http://xfeedback-scloud.cp21.ott.cibntv.net/api/v3/tvfeedbacklist?version=V2409RCN02C065307D08011D&versionName=6.5.307D_0801&model=X440M&ui=6.5&hwVersion=H5000&mac=b01bd2542d51&region=CN&user-prefer-language=zh-cn&sso_tk=103XXXWLm5iFfp7oHVCl5Nm5QniTYMwRr1riQV7kzFHb0cKblm5JnT7VZ62yLz6NiwchqILK4Vglv7ZN0oREFxfOiiJUsxPtqnon9LQtCfSYWPGD5q0Qm4&&_ak=akfileup_YHoqMHgt&_time=1534400933425&_sign=315b877739186fb0ec9ffe5bd7e03807
08-16 14:28:53.455 I/tvos    ( 1764): GetAudioOutputDevice, retval : 0
08-16 14:28:53.458 I/TVFeedback(18302): FeedBackUtils -- getFeedbackList - resuls is: {"data":{"list":[{"_id":"5b61fa18db47b5e45b425910","order_id":"18810023037","uniq_id":"5b61fa3a737a0","assess_des":"2586 quickly feedback.no description","status":"\u5904\u7406\u4e2d","assess_time":"2018-08-02 02:21"},{"_id":"5b61f911db47b5e45b42590d","order_id":"18375109686","uniq_id":"5b61f90065956","assess_des":"110","status":"\u5904\u7406\u4e2d","assess_time":"2018-08-02 02:16"},{"_id":"5b5f6bbedb47b5e45b423d20","order_id":"18139551463","uniq_id":"5b5f6bb28fee7","assess_des":"2586 quickly feedback.no description","status":"\u5904\u7406\u4e2d","assess_time":"2018-07-31 03:49"},{"_id":"5b5f6ac4db47b5e45b423d1a","order_id":"18719774248","uniq_id":"5b5f6ae0bad5e","assess_des":"110","status":"\u5904\u7406\u4e2d","assess_time":"2018-07-31 03:45"},{"_id":"5b5b68ebdb47b5e45b421f0e","order_id":"18244272084","uniq_id":"5b5b68e13327f","assess_des":"2586 quickly feedback.no description","status":"\u5904\u7406\u4e2d","assess_time":"2018-07-28 02:46"},{"_id":"5b5b67f2db47b5e45b421f0c","order_id":"18156949049","uniq_id":"5b5b67e0b6360","assess_des":"110","status":"\u5904\u7406\u4e2d","assess_time":"2018-07-28 02:44"},{"_id":"5b58c8b8db47b5e45b420c7d","order_id":"18970989629","uniq_id":"5b58c8accfc0b","assess_des":"2586 quickly feedback.no description","status":"\u5904\u7406\u4e2d","assess_time":"2018-07-26 02:58"},{"_id":"5b58c7bfdb47b5e45b420c7a","order_id":"18750592805","uniq_id":"5b58c7ae93e21","assess_des":"110","status":"\u5904\u7406\u4e2d","assess_time":"2018-07-26 02:55"},{"_id":"5b56261cdb47b5e45b41f96d","order_id":"18600417074","uniq_id":"5b56261113b1c","assess_des":"2586 quickly feedback.no description","status":"\u5904\u7406\u4e2d","assess_time":"2018-07-24 03:01"},{"_id":"5b562522db47b5e45b41f969","order_id":"18633773379","uniq_id":"5b56251344e52","assess_des":"110","status":"\u5904\u7406\u4e2d","assess_time":"2018-07-24 02:57"},{"_id":"5b524aa0db47b5e45b41da04","order_id":"18800361488","uniq_id":"5b524a974f16b","assess_des":"2586 quickly feedback.no description","status":"\u5904\u7406\u4e2d","assess_time":"2018-07-21 04:48"},{"_id":"5b524998db47b5e45b41da03","order_id":"18190369817","uniq_id":"5b524988b8f8a","assess_des":"110","status":"\u5904\u7406\u4e2d","assess_time":"2018-07-21 04:44"},{"_id":"5b4f8efcdb47b5e45b41c4d2","order_id":"18462248626","uniq_id":"5b4f8ef38f949","assess_des":"2586 quickly feedback.no description","status":"\u5904\u7406\u4e2d","assess_time":"2018-07-19 03:03"},{"_id":"5b4f8df6db47b5e45b41c4cf","order_id":"18240452431","uniq_id":"5b4f8de4db0d7","assess_des":"110","status":"\u5904\u7406\u4e2d","assess_time":"2018-07-19 02:59"},{"_id":"5b4ce8e9db47b5e45b41af43","order_id":"18927560460","uniq_id":"5b4ce8dd571e4","assess_des":"2586 quickly feedback.no description","status":"\u5904\u7406\u4e2d","assess_time":"2018-07-17 02:50"},{"_id":"5b4ce7efdb47b5e45b41af41","order_id":"18248331257","uniq_id":"5b4ce7edd01aa","assess_des":"110","status":"\u5904\u7406\u4e2d","assess_time":"2018-07-17 02:44"},{"_id":"5b464e26db47b5e45b417117","order_id":"18278934942","uniq_id":"5b464e1b60c46","assess_des":"2586 quickly feedback.no description","status":"\u5904\u7406\u4e2d","assess_time":"2018-07-12 02:36"},{"_id":"5b464d20db47b5e45b417112","order_id":"18827363222","uniq_id":"5b464d0e34a16","assess_des":"110","status":"\u5904\u7406\u4e2d","assess_time":"2018-07-12 02:32"},{"_id":"5b43aac2db47b5e45b415a23","order_id":"18664339154","uniq_id":"5b43aa6ce1f24","assess_des":"2586 quickly feedback.no description","status":"\u5904\u7406\u4e2d","assess_time":"2018-07-10 02:34"},{"_id":"5b43a9a9db47b5e45b415a1d","order_id":"18357235919","uniq_id":"5b43a94fdc9dc","assess_des":"110","status":"\u5904\u7406\u4e2d","assess_time":"2018-07-10 02:30"},{"_id":"5b3fb8c4db47b5e45b413311","order_id":"18117637479","uniq_id":"5b3fb83c9666d","assess_des":"2586 quickly feedback.no description","status":"\u5904\u7406\u4e2d","assess_time":"2018-07-07 02:46"},{"_id":"5b3fb79ddb47b5e45b41330d","order_id":"18834296133","uniq_id":"5b3fb7a3cc187","assess_des":"110","stat
08-16 14:28:53.461 I/TVFeedback(18302): FeedBackUtils -- datalist size is:50
08-16 14:28:53.705 I/tvos    ( 1764): GetAudioOutputDevice, retval : 0
08-16 14:28:53.956 I/tvos    ( 1764): GetAudioOutputDevice, retval : 0
08-16 14:28:54.004 I/remotestatus( 2207): Msg.what is 101
