08-16 14:28:59.967 I/tvos    ( 1764): GetAudioOutputDevice, retval : 0
08-16 14:28:59.975 I/LetvManager-LogReport( 1780): [send_msg] line: 490 report url = http://log.hdtv.cp21.ott.cibntv.net:80/api/log/tvAction
08-16 14:29:00.117 W/InputDispatcher( 2207): findFocusedWindow finished: injectionResult=0, timeSpentWaitingForApplication=0.0ms
08-16 14:29:00.123 W/InputDispatcher( 2207): findFocusedWindow finished: injectionResult=0, timeSpentWaitingForApplication=0.0ms
08-16 14:29:00.180 I/LetvManager-LogReport( 1780): [send_msg] line: 490 report url = http://log.hdtv.cp21.ott.cibntv.net:80/api/log/tvAction
08-16 14:29:00.217 I/tvos    ( 1764): GetAudioOutputDevice, retval : 0
08-16 14:29:00.468 I/tvos    ( 1764): GetAudioOutputDevice, retval : 0
08-16 14:29:00.587 I/LetvManager-LogReport( 1780): [send_msg] line: 490 report url = http://log.hdtv.cp21.ott.cibntv.net:80/api/log/tvAction
08-16 14:29:00.718 I/tvos    ( 1764): GetAudioOutputDevice, retval : 0
08-16 14:29:00.792 I/LetvManager-LogReport( 1780): [send_msg] line: 490 report url = http://log.hdtv.cp21.ott.cibntv.net:80/api/log/tvAction
08-16 14:29:00.968 I/tvos    ( 1764): GetAudioOutputDevice, retval : 0
08-16 14:29:00.997 I/LetvManager-LogReport( 1780): [send_msg] line: 490 report url = http://log.hdtv.cp21.ott.cibntv.net:80/api/log/tvAction
08-16 14:29:01.203 I/LetvManager-LogReport( 1780): [send_msg] line: 490 report url = http://log.hdtv.cp21.ott.cibntv.net:80/api/log/tvAction
08-16 14:29:01.219 I/tvos    ( 1764): GetAudioOutputDevice, retval : 0
08-16 14:29:01.359 E/LETV_DEVICE( 1780): no name sn for Mstar
08-16 14:29:01.362 E/ActivityThread( 2837): Failed to find provider info for com.letv.agnes.InfoProvider
08-16 14:29:01.364 E/ActivityThread( 2837): Failed to find provider info for com.letv.agnes.InfoProvider
08-16 14:29:01.364 W/System.err( 2837): java.lang.IllegalArgumentException: Unknown URL content://com.letv.agnes.InfoProvider
08-16 14:29:01.364 W/System.err( 2837): 	at android.content.ContentResolver.insert(ContentResolver.java:1227)
08-16 14:29:01.364 W/System.err( 2837): 	at com.letv.tracker2.agnes.Configuration.addDebugInfo(Configuration.java:289)
08-16 14:29:01.365 W/System.err( 2837): 	at com.letv.tracker2.agnes.MessageProcessor$SendEnvMsgTr$1.handleMessage(MessageProcessor.java:661)
08-16 14:29:01.365 W/System.err( 2837): 	at android.os.Handler.dispatchMessage(Handler.java:102)
08-16 14:29:01.365 W/System.err( 2837): 	at android.os.Looper.loop(Looper.java:148)
08-16 14:29:01.365 W/System.err( 2837): 	at com.letv.tracker2.agnes.MessageProcessor$SendEnvMsgTr.run(MessageProcessor.java:665)
08-16 14:29:01.375 I/[T1.0.6.3]EuiAgnes_Server( 2837): resCode:1
08-16 14:29:01.375 I/[T1.0.6.3]EuiAgnes_Server( 2837): b[0]:0
08-16 14:29:01.406 I/LetvManager-LogReport( 1780): [send_msg] line: 490 report url = http://log.hdtv.cp21.ott.cibntv.net:80/api/log/tvAction
08-16 14:29:01.469 I/tvos    ( 1764): GetAudioOutputDevice, retval : 0
08-16 14:29:01.491 I/tvos    ( 1764): [37m[INFO] Change to Voltage: 1030 mV (0x2E)[m
08-16 14:29:01.491 I/tvos    ( 1764): [37m[INFO] Change to Voltage: 1030 mV (0x2B)[m
08-16 14:29:01.491 I/tvos    ( 1764): [37m[INFO] Change to Voltage: 1030 mV (0x28)[m
08-16 14:29:01.491 I/tvos    ( 1764): [37m[INFO] Change to Voltage: 1030 mV (0x25)[m
08-16 14:29:01.492 I/tvos    ( 1764): [37m[INFO] Change to Voltage: 1030 mV (0x22)[m
08-16 14:29:01.494 I/tvos    ( 1764): [37m[INFO] Change to Voltage: 1030 mV (0x22)[m
08-16 14:29:01.590 E/LetvRemoteupgradeManager-JNI( 2613): can't get LetvManager service!
08-16 14:29:01.611 I/LetvManager-LogReport( 1780): [send_msg] line: 490 report url = http://log.hdtv.cp21.ott.cibntv.net:80/api/log/tvAction
08-16 14:29:01.720 I/tvos    ( 1764): GetAudioOutputDevice, retval : 0
08-16 14:29:01.814 I/System.out(18254): The phone type is: X4-40M
08-16 14:29:01.815 I/LetvTestCase(18254): ==========================case end time is :2018-8-16-2-29-1
08-16 14:29:01.816 I/TestRunner(18254): finished: testFeedbackLabel(com.letv.cases.leui.SmokeFeedback)
08-16 14:29:01.821 I/MonitoringInstrumentation(18254): Activities that are still in CREATED to STOPPED: 0
08-16 14:29:01.821 I/TestRunner(18254): run finished: 1 tests, 0 failed, 0 ignored
08-16 14:29:01.824 I/MonitoringInstrumentation(18254): waitForActivitiesToComplete() took: 0ms
08-16 14:29:01.824 I/MonitoringInstrumentation(18254): Activities that are still in CREATED to STOPPED: 0
08-16 14:29:01.825 W/WindowManager( 2207): Attempted to remove non-existing token: android.os.Binder@1f02a1
08-16 14:29:01.886 I/tvos    ( 1764): [37m[INFO] Change to Voltage: 1130 mV (0x1F)[m
08-16 14:29:01.887 I/tvos    ( 1764): [37m[INFO] Change to Voltage: 1130 mV (0x22)[m
08-16 14:29:01.887 I/tvos    ( 1764): [37m[INFO] Change to Voltage: 1130 mV (0x25)[m
08-16 14:29:01.887 I/tvos    ( 1764): [37m[INFO] Change to Voltage: 1130 mV (0x28)[m
08-16 14:29:01.887 I/tvos    ( 1764): [37m[INFO] Change to Voltage: 1130 mV (0x2B)[m
08-16 14:29:01.888 I/tvos    ( 1764): [37m[INFO] Change to Voltage: 1130 mV (0x2C)[m
08-16 14:29:01.970 I/tvos    ( 1764): GetAudioOutputDevice, retval : 0
08-16 14:29:01.987 I/tvos    ( 1764): [37m[INFO] Change to Voltage: 1000 mV (0x2C)[m
08-16 14:29:01.987 I/tvos    ( 1764): [37m[INFO] Change to Voltage: 1000 mV (0x29)[m
08-16 14:29:01.987 I/tvos    ( 1764): [37m[INFO] Change to Voltage: 1000 mV (0x26)[m
08-16 14:29:01.987 I/tvos    ( 1764): [37m[INFO] Change to Voltage: 1000 mV (0x23)[m
08-16 14:29:01.987 I/tvos    ( 1764): [37m[INFO] Change to Voltage: 1000 mV (0x20)[m
08-16 14:29:01.987 I/tvos    ( 1764): [37m[INFO] Change to Voltage: 1000 mV (0x1F)[m
08-16 14:29:02.121 I/ActivityManager( 2207): Force stopping com.le.tcauto.uitest appid=10097 user=0: finished inst
08-16 14:29:02.122 I/ActivityManager( 2207): Killing 18254:com.le.tcauto.uitest/u0a97 (adj 0): stop com.le.tcauto.uitest
08-16 14:29:02.134 W/ActivityManager( 2207): Error shutting down UiAutomationConnection
08-16 14:29:02.221 I/tvos    ( 1764): GetAudioOutputDevice, retval : 0
08-16 14:29:02.471 I/tvos    ( 1764): GetAudioOutputDevice, retval : 0
08-16 14:29:02.722 I/tvos    ( 1764): GetAudioOutputDevice, retval : 0
08-16 14:29:02.973 I/tvos    ( 1764): GetAudioOutputDevice, retval : 0
08-16 14:29:03.223 I/tvos    ( 1764): GetAudioOutputDevice, retval : 0
08-16 14:29:03.473 I/tvos    ( 1764): GetAudioOutputDevice, retval : 0
08-16 14:29:03.723 I/tvos    ( 1764): GetAudioOutputDevice, retval : 0
08-16 14:29:03.953 I/reService( 2207): onReportKeyEvent  type=type0 keycode=20*23*22*21*20*19*19*19*19*4*4*4*4*4 
08-16 14:29:03.954 E/LETV_DEVICE( 1780): no name sn for Mstar
08-16 14:29:03.961 E/ActivityThread( 2837): Failed to find provider info for com.letv.agnes.InfoProvider
08-16 14:29:03.962 E/ActivityThread( 2837): Failed to find provider info for com.letv.agnes.InfoProvider
08-16 14:29:03.962 W/System.err( 2837): java.lang.IllegalArgumentException: Unknown URL content://com.letv.agnes.InfoProvider
08-16 14:29:03.962 W/System.err( 2837): 	at android.content.ContentResolver.insert(ContentResolver.java:1227)
08-16 14:29:03.962 W/System.err( 2837): 	at com.letv.tracker2.agnes.Configuration.addDebugInfo(Configuration.java:289)
08-16 14:29:03.962 W/System.err( 2837): 	at com.letv.tracker2.agnes.MessageProcessor$SendEnvMsgTr$1.handleMessage(MessageProcessor.java:661)
08-16 14:29:03.962 W/System.err( 2837): 	at android.os.Handler.dispatchMessage(Handler.java:102)
08-16 14:29:03.962 W/System.err( 2837): 	at android.os.Looper.loop(Looper.java:148)
08-16 14:29:03.962 W/System.err( 2837): 	at com.letv.tracker2.agnes.MessageProcessor$SendEnvMsgTr.run(MessageProcessor.java:665)
08-16 14:29:03.971 I/[T1.0.6.3]EuiAgnes_Server( 2837): resCode:1
08-16 14:29:03.971 I/[T1.0.6.3]EuiAgnes_Server( 2837): b[0]:0
08-16 14:29:03.975 I/tvos    ( 1764): GetAudioOutputDevice, retval : 0
08-16 14:29:04.225 I/tvos    ( 1764): GetAudioOutputDevice, retval : 0
08-16 14:29:04.475 I/tvos    ( 1764): GetAudioOutputDevice, retval : 0
08-16 14:29:04.591 E/LetvRemoteupgradeManager-JNI( 2613): can't get LetvManager service!
08-16 14:29:04.726 I/tvos    ( 1764): GetAudioOutputDevice, retval : 0
08-16 14:29:04.977 I/tvos    ( 1764): GetAudioOutputDevice, retval : 0
08-16 14:29:05.227 I/tvos    ( 1764): GetAudioOutputDevice, retval : 0
08-16 14:29:05.477 I/tvos    ( 1764): GetAudioOutputDevice, retval : 0
08-16 14:29:05.728 I/tvos    ( 1764): GetAudioOutputDevice, retval : 0
08-16 14:29:05.978 I/tvos    ( 1764): GetAudioOutputDevice, retval : 0
08-16 14:29:06.229 I/tvos    ( 1764): GetAudioOutputDevice, retval : 0
08-16 14:29:06.256 I/WifiStateMachine( 2207):  DisconnectedState !CMD_START_SCAN  rt=511812688/511812688 -2 34099 ic=1 proc(ms):15012 dur:2882 cnt=34099 rssi=-127 f=-1 sc=0 link=-1 tx=0.0, 0.0, 0.0  rx=0.0 fiv=20000 [on:0 tx:0 rx:0 period:15010] from screen [on:0 period:1097621583]
08-16 14:29:06.259 I/WifiStateMachine( 2207): handlescanrequest  starting scan for 
08-16 14:29:06.259 I/WifiStateMachine( 2207): startscannative  starting scan for 
08-16 14:29:06.479 I/tvos    ( 1764): GetAudioOutputDevice, retval : 0
08-16 14:29:06.730 I/tvos    ( 1764): GetAudioOutputDevice, retval : 0
08-16 14:29:06.980 I/tvos    ( 1764): GetAudioOutputDevice, retval : 0
08-16 14:29:07.231 I/tvos    ( 1764): GetAudioOutputDevice, retval : 0
08-16 14:29:07.481 I/tvos    ( 1764): GetAudioOutputDevice, retval : 0
08-16 14:29:07.592 E/LetvRemoteupgradeManager-JNI( 2613): can't get LetvManager service!
08-16 14:29:07.732 I/tvos    ( 1764): GetAudioOutputDevice, retval : 0
08-16 14:29:07.827 E/InternetUtils( 4594): java.net.SocketTimeoutException: failed to connect to www.cibn.com/61.133.127.115 (port 80) after 3000ms
08-16 14:29:07.982 I/tvos    ( 1764): GetAudioOutputDevice, retval : 0
08-16 14:29:08.234 I/tvos    ( 1764): GetAudioOutputDevice, retval : 0
08-16 14:29:08.485 I/tvos    ( 1764): GetAudioOutputDevice, retval : 0
08-16 14:29:08.735 I/tvos    ( 1764): GetAudioOutputDevice, retval : 0
08-16 14:29:08.986 I/tvos    ( 1764): [37m[INFO] Change to Voltage: 1130 mV (0x1F)[m
08-16 14:29:08.986 I/tvos    ( 1764): [37m[INFO] Change to Voltage: 1130 mV (0x22)[m
08-16 14:29:08.986 I/tvos    ( 1764): [37m[INFO] Change to Voltage: 1130 mV (0x25)[m
08-16 14:29:08.986 I/tvos    ( 1764): [37m[INFO] Change to Voltage: 1130 mV (0x28)[m
08-16 14:29:08.986 I/tvos    ( 1764): GetAudioOutputDevice, retval : 0
08-16 14:29:08.986 I/tvos    ( 1764): [37m[INFO] Change to Voltage: 1130 mV (0x2B)[m
08-16 14:29:08.988 I/tvos    ( 1764): [37m[INFO] Change to Voltage: 1130 mV (0x2C)[m
08-16 14:29:09.086 I/tvos    ( 1764): [37m[INFO] Change to Voltage: 1000 mV (0x2C)[m
08-16 14:29:09.086 I/tvos    ( 1764): [37m[INFO] Change to Voltage: 1000 mV (0x29)[m
08-16 14:29:09.086 I/tvos    ( 1764): [37m[INFO] Change to Voltage: 1000 mV (0x26)[m
08-16 14:29:09.086 I/tvos    ( 1764): [37m[INFO] Change to Voltage: 1000 mV (0x23)[m
08-16 14:29:09.087 I/tvos    ( 1764): [37m[INFO] Change to Voltage: 1000 mV (0x20)[m
08-16 14:29:09.088 I/tvos    ( 1764): [37m[INFO] Change to Voltage: 1000 mV (0x1F)[m
08-16 14:29:09.172 I/WifiStateMachine( 2207):  DisconnectedState !SCAN_RESULTS_EVENT  rt=511815605/511815605 0 0 found=168 known=0 got=168 bcn=0 con=0
08-16 14:29:09.172 I/WifiStateMachine( 2207):  ConnectModeState !SCAN_RESULTS_EVENT  rt=511815606/511815606 0 0 found=168 known=0 got=168 bcn=0 con=0
08-16 14:29:09.173 I/WifiStateMachine( 2207):  DriverStartedState !SCAN_RESULTS_EVENT  rt=511815606/511815606 0 0 found=168 known=0 got=168 bcn=0 con=0
08-16 14:29:09.174 I/WifiStateMachine( 2207):  SupplicantStartedState !SCAN_RESULTS_EVENT  rt=511815607/511815607 0 0 found=168 known=0 got=168 bcn=0 con=0
08-16 14:29:09.237 I/tvos    ( 1764): GetAudioOutputDevice, retval : 0
08-16 14:29:09.300 I/WifiStateMachine( 2207): setscanresults newsupplicantresult
08-16 14:29:09.487 I/tvos    ( 1764): GetAudioOutputDevice, retval : 0
08-16 14:29:09.738 I/tvos    ( 1764): GetAudioOutputDevice, retval : 0
08-16 14:29:09.988 I/tvos    ( 1764): GetAudioOutputDevice, retval : 0
08-16 14:29:10.239 I/tvos    ( 1764): GetAudioOutputDevice, retval : 0
08-16 14:29:10.489 I/tvos    ( 1764): GetAudioOutputDevice, retval : 0
08-16 14:29:10.592 E/LetvRemoteupgradeManager-JNI( 2613): can't get LetvManager service!
08-16 14:29:10.740 I/tvos    ( 1764): GetAudioOutputDevice, retval : 0
08-16 14:29:10.990 I/tvos    ( 1764): GetAudioOutputDevice, retval : 0
08-16 14:29:11.241 I/tvos    ( 1764): GetAudioOutputDevice, retval : 0
08-16 14:29:11.491 I/tvos    ( 1764): GetAudioOutputDevice, retval : 0
08-16 14:29:11.742 I/tvos    ( 1764): GetAudioOutputDevice, retval : 0
08-16 14:29:11.994 I/tvos    ( 1764): GetAudioOutputDevice, retval : 0
08-16 14:29:12.245 I/tvos    ( 1764): GetAudioOutputDevice, retval : 0
08-16 14:29:12.495 I/tvos    ( 1764): GetAudioOutputDevice, retval : 0
08-16 14:29:12.745 I/tvos    ( 1764): GetAudioOutputDevice, retval : 0
08-16 14:29:12.996 I/tvos    ( 1764): GetAudioOutputDevice, retval : 0
08-16 14:29:13.246 I/tvos    ( 1764): GetAudioOutputDevice, retval : 0
08-16 14:29:13.497 I/tvos    ( 1764): GetAudioOutputDevice, retval : 0
08-16 14:29:13.598 E/LetvRemoteupgradeManager-JNI( 2613): can't get LetvManager service!
08-16 14:29:13.747 I/tvos    ( 1764): GetAudioOutputDevice, retval : 0
08-16 14:29:13.998 I/tvos    ( 1764): GetAudioOutputDevice, retval : 0
08-16 14:29:14.248 I/tvos    ( 1764): GetAudioOutputDevice, retval : 0
08-16 14:29:14.499 I/tvos    ( 1764): GetAudioOutputDevice, retval : 0
08-16 14:29:14.749 I/tvos    ( 1764): GetAudioOutputDevice, retval : 0
08-16 14:29:15.000 I/tvos    ( 1764): GetAudioOutputDevice, retval : 0
08-16 14:29:15.252 I/tvos    ( 1764): GetAudioOutputDevice, retval : 0
08-16 14:29:15.502 I/tvos    ( 1764): GetAudioOutputDevice, retval : 0
08-16 14:29:15.752 I/tvos    ( 1764): GetAudioOutputDevice, retval : 0
08-16 14:29:16.003 I/tvos    ( 1764): GetAudioOutputDevice, retval : 0
08-16 14:29:16.253 I/tvos    ( 1764): GetAudioOutputDevice, retval : 0
08-16 14:29:16.504 I/tvos    ( 1764): GetAudioOutputDevice, retval : 0
08-16 14:29:16.598 E/LetvRemoteupgradeManager-JNI( 2613): can't get LetvManager service!
08-16 14:29:16.754 I/tvos    ( 1764): GetAudioOutputDevice, retval : 0
08-16 14:29:17.005 I/tvos    ( 1764): GetAudioOutputDevice, retval : 0
08-16 14:29:17.255 I/tvos    ( 1764): GetAudioOutputDevice, retval : 0
08-16 14:29:17.289 I/tvos    ( 1764): [37m[INFO] Change to Voltage: 1130 mV (0x1F)[m
08-16 14:29:17.289 I/tvos    ( 1764): [37m[INFO] Change to Voltage: 1130 mV (0x22)[m
08-16 14:29:17.289 I/tvos    ( 1764): [37m[INFO] Change to Voltage: 1130 mV (0x25)[m
08-16 14:29:17.289 I/tvos    ( 1764): [37m[INFO] Change to Voltage: 1130 mV (0x28)[m
08-16 14:29:17.289 I/tvos    ( 1764): [37m[INFO] Change to Voltage: 1130 mV (0x2B)[m
08-16 14:29:17.290 I/tvos    ( 1764): [37m[INFO] Change to Voltage: 1130 mV (0x2C)[m
08-16 14:29:17.341 I/lbplayer( 4071): [main]:ServiceDOWN:dlnaRender is running
08-16 14:29:17.341 I/lbplayer( 4071): [main]:ServiceDOWN:LeLinkService is running
08-16 14:29:17.341 I/lbplayer( 4071): [main]:ServiceDOWN:mainServer is running
08-16 14:29:17.387 I/tvos    ( 1764): [37m[INFO] Change to Voltage: 1000 mV (0x2C)[m
08-16 14:29:17.387 I/tvos    ( 1764): [37m[INFO] Change to Voltage: 1000 mV (0x29)[m
08-16 14:29:17.387 I/tvos    ( 1764): [37m[INFO] Change to Voltage: 1000 mV (0x26)[m
08-16 14:29:17.387 I/tvos    ( 1764): [37m[INFO] Change to Voltage: 1000 mV (0x23)[m
08-16 14:29:17.388 I/tvos    ( 1764): [37m[INFO] Change to Voltage: 1000 mV (0x20)[m
08-16 14:29:17.388 I/tvos    ( 1764): [37m[INFO] Change to Voltage: 1000 mV (0x1F)[m
08-16 14:29:17.506 I/tvos    ( 1764): GetAudioOutputDevice, retval : 0
08-16 14:29:17.756 I/tvos    ( 1764): GetAudioOutputDevice, retval : 0
08-16 14:29:17.898 E/InternetUtils( 4594): java.net.SocketTimeoutException: failed to connect to www.cibn.com/61.133.127.115 (port 80) after 3000ms
08-16 14:29:18.007 I/tvos    ( 1764): GetAudioOutputDevice, retval : 0
08-16 14:29:18.257 I/tvos    ( 1764): GetAudioOutputDevice, retval : 0
08-16 14:29:18.508 I/tvos    ( 1764): GetAudioOutputDevice, retval : 0
08-16 14:29:18.758 I/tvos    ( 1764): GetAudioOutputDevice, retval : 0
08-16 14:29:19.009 I/tvos    ( 1764): GetAudioOutputDevice, retval : 0
08-16 14:29:19.259 I/tvos    ( 1764): GetAudioOutputDevice, retval : 0
08-16 14:29:19.510 I/tvos    ( 1764): GetAudioOutputDevice, retval : 0
08-16 14:29:19.598 E/LetvRemoteupgradeManager-JNI( 2613): can't get LetvManager service!
08-16 14:29:19.760 I/tvos    ( 1764): GetAudioOutputDevice, retval : 0
08-16 14:29:20.011 I/tvos    ( 1764): GetAudioOutputDevice, retval : 0
08-16 14:29:20.261 I/tvos    ( 1764): GetAudioOutputDevice, retval : 0
08-16 14:29:20.512 I/tvos    ( 1764): GetAudioOutputDevice, retval : 0
08-16 14:29:20.762 I/tvos    ( 1764): GetAudioOutputDevice, retval : 0
08-16 14:29:21.013 I/tvos    ( 1764): GetAudioOutputDevice, retval : 0
08-16 14:29:21.263 I/tvos    ( 1764): GetAudioOutputDevice, retval : 0
08-16 14:29:21.268 I/WifiStateMachine( 2207):  DisconnectedState !CMD_START_SCAN  rt=511827701/511827701 -2 34100 ic=1 proc(ms):15012 dur:2914 cnt=34100 rssi=-127 f=-1 sc=0 link=-1 tx=0.0, 0.0, 0.0  rx=0.0 fiv=20000 [on:0 tx:0 rx:0 period:15007] from screen [on:0 period:1097636596]
08-16 14:29:21.269 I/WifiStateMachine( 2207): handlescanrequest  starting scan for 
08-16 14:29:21.269 I/WifiStateMachine( 2207): startscannative  starting scan for 
08-16 14:29:21.514 I/tvos    ( 1764): GetAudioOutputDevice, retval : 0
08-16 14:29:21.764 I/tvos    ( 1764): GetAudioOutputDevice, retval : 0
08-16 14:29:22.014 I/tvos    ( 1764): GetAudioOutputDevice, retval : 0
08-16 14:29:22.265 I/tvos    ( 1764): GetAudioOutputDevice, retval : 0
08-16 14:29:22.515 I/tvos    ( 1764): GetAudioOutputDevice, retval : 0
08-16 14:29:22.599 E/LetvRemoteupgradeManager-JNI( 2613): can't get LetvManager service!
08-16 14:29:22.766 I/tvos    ( 1764): GetAudioOutputDevice, retval : 0
08-16 14:29:23.016 I/tvos    ( 1764): GetAudioOutputDevice, retval : 0
08-16 14:29:23.266 I/tvos    ( 1764): GetAudioOutputDevice, retval : 0
08-16 14:29:23.517 I/tvos    ( 1764): GetAudioOutputDevice, retval : 0
08-16 14:29:23.767 I/tvos    ( 1764): GetAudioOutputDevice, retval : 0
08-16 14:29:23.844 I/WifiStateMachine( 2207):  DisconnectedState !CMD_NO_NETWORKS_PERIODIC_SCAN  rt=511830277/511830277 1707 0
08-16 14:29:23.845 I/WifiStateMachine( 2207):  DisconnectedState !CMD_START_SCAN  rt=511830278/511830278 -1 -1 ic=1 proc(ms):0 onGoing full started:1534400961271,2573 cnt=34101 rssi=-127 f=-1 sc=0 link=-1 tx=0.0, 0.0, 0.0  rx=0.0 fiv=20000 [on:0 tx:0 rx:0 period:2571] from screen [on:0 period:1097639173]
08-16 14:29:23.847 I/WifiStateMachine( 2207):  ConnectModeState !CMD_START_SCAN  rt=511830279/511830279 -1 -1 ic=1 proc(ms):2 onGoing full started:1534400961271,2575 cnt=34101 rssi=-127 f=-1 sc=0 link=-1 tx=0.0, 0.0, 0.0  rx=0.0 fiv=20000 [on:0 tx:0 rx:0 period:2] from screen [on:0 period:1097639175]
08-16 14:29:23.848 I/WifiStateMachine( 2207):  DriverStartedState !CMD_START_SCAN  rt=511830280/511830280 -1 -1 ic=1 proc(ms):3 onGoing full started:1534400961271,2576 cnt=34101 rssi=-127 f=-1 sc=0 link=-1 tx=0.0, 0.0, 0.0  rx=0.0 fiv=20000 [on:0 tx:0 rx:0 period:1] from screen [on:0 period:1097639176]
08-16 14:29:23.848 I/WifiStateMachine( 2207): handlescanrequest  starting scan for 
08-16 14:29:23.848 I/WifiStateMachine( 2207): startscannative  starting scan for 
08-16 14:29:24.018 I/tvos    ( 1764): GetAudioOutputDevice, retval : 0
08-16 14:29:24.169 I/WifiStateMachine( 2207):  DisconnectedState !SCAN_RESULTS_EVENT  rt=511830603/511830603 0 0 found=175 known=0 got=175 bcn=0 con=0
08-16 14:29:24.171 I/WifiStateMachine( 2207):  ConnectModeState !SCAN_RESULTS_EVENT  rt=511830604/511830604 0 0 found=175 known=0 got=175 bcn=0 con=0
08-16 14:29:24.171 I/WifiStateMachine( 2207):  DriverStartedState !SCAN_RESULTS_EVENT  rt=511830604/511830604 0 0 found=175 known=0 got=175 bcn=0 con=0
08-16 14:29:24.172 I/WifiStateMachine( 2207):  SupplicantStartedState !SCAN_RESULTS_EVENT  rt=511830605/511830605 0 0 found=175 known=0 got=175 bcn=0 con=0
08-16 14:29:24.261 I/WifiStateMachine( 2207): setscanresults newsupplicantresult
08-16 14:29:24.268 I/tvos    ( 1764): GetAudioOutputDevice, retval : 0
08-16 14:29:24.519 I/tvos    ( 1764): GetAudioOutputDevice, retval : 0
08-16 14:29:24.769 I/tvos    ( 1764): GetAudioOutputDevice, retval : 0
08-16 14:29:25.019 I/tvos    ( 1764): GetAudioOutputDevice, retval : 0
08-16 14:29:25.270 I/tvos    ( 1764): GetAudioOutputDevice, retval : 0
08-16 14:29:25.520 I/tvos    ( 1764): GetAudioOutputDevice, retval : 0
08-16 14:29:25.599 E/LetvRemoteupgradeManager-JNI( 2613): can't get LetvManager service!
08-16 14:29:25.771 I/tvos    ( 1764): GetAudioOutputDevice, retval : 0
08-16 14:29:26.021 I/tvos    ( 1764): GetAudioOutputDevice, retval : 0
08-16 14:29:26.272 I/tvos    ( 1764): GetAudioOutputDevice, retval : 0
