--------- beginning of main
08-16 14:36:34.657 E/LetvRemoteupgradeManager-JNI( 2613): can't get LetvManager service!
08-16 14:36:34.851 I/tvos    ( 1764): GetAudioOutputDevice, retval : 0
08-16 14:36:34.887 I/tvos    ( 1764): [37m[INFO] Change to Voltage: 1150 mV (0x22)[m
08-16 14:36:34.887 I/tvos    ( 1764): [37m[INFO] Change to Voltage: 1150 mV (0x25)[m
08-16 14:36:34.887 I/tvos    ( 1764): [37m[INFO] Change to Voltage: 1150 mV (0x28)[m
08-16 14:36:34.887 I/tvos    ( 1764): [37m[INFO] Change to Voltage: 1150 mV (0x2B)[m
08-16 14:36:34.887 I/tvos    ( 1764): [37m[INFO] Change to Voltage: 1150 mV (0x2E)[m
08-16 14:36:34.887 I/tvos    ( 1764): [37m[INFO] Change to Voltage: 1150 mV (0x2E)[m
08-16 14:36:35.102 I/tvos    ( 1764): GetAudioOutputDevice, retval : 0
08-16 14:36:35.352 I/tvos    ( 1764): GetAudioOutputDevice, retval : 0
08-16 14:36:35.471 I/Radio-JNI(21317): register_android_hardware_Radio DONE
08-16 14:36:35.486 I/tvos    ( 1764): [37m[INFO] Change to Voltage: 1030 mV (0x2E)[m
08-16 14:36:35.486 I/tvos    ( 1764): [37m[INFO] Change to Voltage: 1030 mV (0x2B)[m
08-16 14:36:35.486 I/tvos    ( 1764): [37m[INFO] Change to Voltage: 1030 mV (0x28)[m
08-16 14:36:35.486 I/tvos    ( 1764): [37m[INFO] Change to Voltage: 1030 mV (0x25)[m
08-16 14:36:35.486 I/tvos    ( 1764): [37m[INFO] Change to Voltage: 1030 mV (0x22)[m
08-16 14:36:35.487 I/tvos    ( 1764): [37m[INFO] Change to Voltage: 1030 mV (0x22)[m
--------- beginning of system
08-16 14:36:35.498 I/ActivityManager( 2207): Force stopping com.le.tcauto.uitest appid=10097 user=0: start instr
08-16 14:36:35.511 I/art     (21326): Late-enabling -Xcheck:jni
08-16 14:36:35.512 I/ActivityManager( 2207): Start proc 21326:com.le.tcauto.uitest/u0a97 for added application com.le.tcauto.uitest
08-16 14:36:35.556 W/System  (21326): ClassLoader referenced unknown path: /data/app/com.le.tcauto.uitest.test-1/lib/arm64
08-16 14:36:35.556 W/System  (21326): ClassLoader referenced unknown path: /data/app/com.le.tcauto.uitest-1/lib/arm64
08-16 14:36:35.570 I/MonitoringInstrumentation(21326): Instrumentation Started!
08-16 14:36:35.571 I/MonitoringInstrumentation(21326): Setting context classloader to 'dalvik.system.PathClassLoader[DexPathList[[zip file "/system/framework/android.test.runner.jar", zip file "/data/app/com.le.tcauto.uitest.test-1/base.apk", zip file "/data/app/com.le.tcauto.uitest-1/base.apk"],nativeLibraryDirectories=[/data/app/com.le.tcauto.uitest.test-1/lib/arm64, /data/app/com.le.tcauto.uitest-1/lib/arm64, /vendor/lib64, /system/lib64]]]', Original: 'dalvik.system.PathClassLoader[DexPathList[[zip file "/system/framework/android.test.runner.jar", zip file "/data/app/com.le.tcauto.uitest.test-1/base.apk", zip file "/data/app/com.le.tcauto.uitest-1/base.apk"],nativeLibraryDirectories=[/data/app/com.le.tcauto.uitest.test-1/lib/arm64, /data/app/com.le.tcauto.uitest-1/lib/arm64, /vendor/lib64, /system/lib64]]]'
08-16 14:36:35.575 I/MonitoringInstrumentation(21326): No JSBridge.
08-16 14:36:35.575 I/MonitoringInstrumentation(21326): java.lang.ClassNotFoundException: android.support.test.espresso.web.bridge.JavaScriptBridge
08-16 14:36:35.575 I/MonitoringInstrumentation(21326): 	at java.lang.Class.classForName(Native Method)
08-16 14:36:35.575 I/MonitoringInstrumentation(21326): 	at java.lang.Class.forName(Class.java:324)
08-16 14:36:35.575 I/MonitoringInstrumentation(21326): 	at java.lang.Class.forName(Class.java:285)
08-16 14:36:35.575 I/MonitoringInstrumentation(21326): 	at android.support.test.runner.MonitoringInstrumentation.tryLoadingJsBridge(MonitoringInstrumentation.java:612)
08-16 14:36:35.575 I/MonitoringInstrumentation(21326): 	at android.support.test.runner.MonitoringInstrumentation.access$100(MonitoringInstrumentation.java:88)
08-16 14:36:35.575 I/MonitoringInstrumentation(21326): 	at android.support.test.runner.MonitoringInstrumentation$3.run(MonitoringInstrumentation.java:223)
08-16 14:36:35.575 I/MonitoringInstrumentation(21326): 	at android.app.Instrumentation$SyncRunnable.run(Instrumentation.java:1897)
08-16 14:36:35.575 I/MonitoringInstrumentation(21326): 	at android.os.Handler.handleCallback(Handler.java:739)
08-16 14:36:35.575 I/MonitoringInstrumentation(21326): 	at android.os.Handler.dispatchMessage(Handler.java:95)
08-16 14:36:35.575 I/MonitoringInstrumentation(21326): 	at android.os.Looper.loop(Looper.java:148)
08-16 14:36:35.575 I/MonitoringInstrumentation(21326): 	at android.app.ActivityThread.main(ActivityThread.java:5423)
08-16 14:36:35.575 I/MonitoringInstrumentation(21326): 	at java.lang.reflect.Method.invoke(Native Method)
08-16 14:36:35.575 I/MonitoringInstrumentation(21326): 	at com.android.internal.os.ZygoteInit$MethodAndArgsCaller.run(ZygoteInit.java:744)
08-16 14:36:35.575 I/MonitoringInstrumentation(21326): 	at com.android.internal.os.ZygoteInit.main(ZygoteInit.java:634)
08-16 14:36:35.575 I/MonitoringInstrumentation(21326): Caused by: java.lang.ClassNotFoundException: Didn't find class "android.support.test.espresso.web.bridge.JavaScriptBridge" on path: DexPathList[[zip file "/system/framework/android.test.runner.jar", zip file "/data/app/com.le.tcauto.uitest.test-1/base.apk", zip file "/data/app/com.le.tcauto.uitest-1/base.apk"],nativeLibraryDirectories=[/data/app/com.le.tcauto.uitest.test-1/lib/arm64, /data/app/com.le.tcauto.uitest-1/lib/arm64, /vendor/lib64, /system/lib64]]
08-16 14:36:35.575 I/MonitoringInstrumentation(21326): 	at dalvik.system.BaseDexClassLoader.findClass(BaseDexClassLoader.java:56)
08-16 14:36:35.575 I/MonitoringInstrumentation(21326): 	at java.lang.ClassLoader.loadClass(ClassLoader.java:511)
08-16 14:36:35.575 I/MonitoringInstrumentation(21326): 	at java.lang.ClassLoader.loadClass(ClassLoader.java:469)
08-16 14:36:35.575 I/MonitoringInstrumentation(21326): 	... 14 more
08-16 14:36:35.575 I/MonitoringInstrumentation(21326): 	Suppressed: java.lang.ClassNotFoundException: android.support.test.espresso.web.bridge.JavaScriptBridge
08-16 14:36:35.575 I/MonitoringInstrumentation(21326): 		at java.lang.Class.classForName(Native Method)
08-16 14:36:35.575 I/MonitoringInstrumentation(21326): 		at java.lang.BootClassLoader.findClass(ClassLoader.java:781)
08-16 14:36:35.575 I/MonitoringInstrumentation(21326): 		at java.lang.BootClassLoader.loadClass(ClassLoader.java:841)
08-16 14:36:35.575 I/MonitoringInstrumentation(21326): 		at java.lang.ClassLoader.loadClass(ClassLoader.java:504)
08-16 14:36:35.575 I/MonitoringInstrumentation(21326): 		... 15 more
08-16 14:36:35.575 I/MonitoringInstrumentation(21326): 	Caused by: java.lang.NoClassDefFoundError: Class not found using the boot class loader; no stack trace available
08-16 14:36:35.603 I/tvos    ( 1764): GetAudioOutputDevice, retval : 0
08-16 14:36:35.613 I/TestRunner(21326): run started: 1 tests
08-16 14:36:35.618 I/TestRunner(21326): started: testSetting(com.letv.cases.leui.SmokeSetting)
08-16 14:36:35.621 I/MonitoringInstrumentation(21326): Activities that are still in CREATED to STOPPED: 0
08-16 14:36:35.636 I/LetvTestCase(21326): =====================case start time is :2018-8-16-2-36-35
08-16 14:36:35.638 I/System.out(21326): The folder /sdcard/AutoSmoke_UI30/testSetting_20180816_143629 has existed!
08-16 14:36:35.638 I/System.out(21326): current_case_root_folder=testSetting_20180816_143629
08-16 14:36:35.853 I/tvos    ( 1764): GetAudioOutputDevice, retval : 0
08-16 14:36:36.104 I/tvos    ( 1764): GetAudioOutputDevice, retval : 0
08-16 14:36:36.139 W/InputDispatcher( 2207): findFocusedWindow finished: injectionResult=0, timeSpentWaitingForApplication=0.0ms
08-16 14:36:36.143 W/InputDispatcher( 2207): findFocusedWindow finished: injectionResult=0, timeSpentWaitingForApplication=0.0ms
08-16 14:36:36.354 I/tvos    ( 1764): GetAudioOutputDevice, retval : 0
08-16 14:36:36.605 I/tvos    ( 1764): GetAudioOutputDevice, retval : 0
08-16 14:36:36.615 I/WifiStateMachine( 2207):  DisconnectedState !CMD_START_SCAN  rt=512263048/512263048 -2 34129 ic=1 proc(ms):15012 dur:2888 cnt=34129 rssi=-127 f=-1 sc=0 link=-1 tx=0.0, 0.0, 0.0  rx=0.0 fiv=20000 [on:0 tx:0 rx:0 period:15010] from screen [on:0 period:1098071943]
08-16 14:36:36.615 I/WifiStateMachine( 2207): handlescanrequest  starting scan for 
08-16 14:36:36.615 I/WifiStateMachine( 2207): startscannative  starting scan for 
08-16 14:36:36.658 I/WindowManager( 2207): startSettingMain------------------
08-16 14:36:36.659 I/SettingUtil( 2207):  startSettingMain
08-16 14:36:36.660 I/GlobalSettings( 2822): GlobalSettingService -- startSettingMain
08-16 14:36:36.660 I/GlobalSettings( 2822): SettingsApp -- updateStartTime time=1534401396660
08-16 14:36:36.662 I/System.out( 2822): From style:
08-16 14:36:36.663 I/System.out( 2822): Attrs: 3010001=0.6 3010002=#0 3010003=null 3010004=true
08-16 14:36:36.668 W/InputDispatcher( 2207): findFocusedWindow finished: injectionResult=0, timeSpentWaitingForApplication=0.0ms
08-16 14:36:36.682 I/GlobalSettings( 2822): SettingDialog -- --------is main -------uiType:cibn
08-16 14:36:36.684 I/GlobalSettings( 2822): SettingDialog -- ---------LetvManager.getLetvDimensions()-----------2D
08-16 14:36:36.686 W/ContextImpl( 2822): Calling a method in the system process without a qualified user: android.app.ContextImpl.startService:1224 android.content.ContextWrapper.startService:581 com.stv.settingadapter.PqManager.updateBinder:2843 com.stv.settingadapter.PqManager.getInstance:616 com.stv.globalsetting.dialog.SettingDialog.onCreate:129 
08-16 14:36:36.742 W/InputDispatcher( 2207): Focus left window: Window{23c0535 u0 com.stv.launcher/com.stv.launcher.ui.activity.Launcher}
08-16 14:36:36.742 W/InputDispatcher( 2207): Focus entered window: Window{632f14a u0 com.stv.globalsetting}
08-16 14:36:36.745 I/GlobalSettings( 2822): BaseMultiLayerDialogHelper -- setDisMissTime on start
08-16 14:36:36.746 W/ContextImpl( 2822): Calling a method in the system process without a qualified user: android.app.ContextImpl.sendBroadcast:766 android.content.ContextWrapper.sendBroadcast:396 com.stv.globalsetting.service.GlobalSettingService.sendSettingOpenMsg:433 com.stv.globalsetting.service.GlobalSettingService$ActionCreateAndShowDialog.run:321 android.os.Handler.handleCallback:739 
08-16 14:36:36.747 I/GlobalSettings( 2822): ReportEuiLog_U -- ReportEuiLog action is: tvaction and reportmsg is: action=quickSetOpen
08-16 14:36:36.748 I/GlobalSettings( 2822): GlobalSettingService -- quick_open_result is: true
08-16 14:36:36.775 E/BufferQueueProducer( 1749): [] connect(P): already connected (cur=1 req=1)
08-16 14:36:36.783 I/GlobalSettings( 2822): SettingDialog -- gain focus, report lunch time
08-16 14:36:36.784 I/GlobalSettings( 2822): SettingsApp -- reportStartTime time=1534401396783 lunch time=123
08-16 14:36:36.784 I/GlobalSettings( 2822): SettingsApp -- upload  boot time json {"app.launch_time":123,"attr":{"name":"com.stv.globalsetting"}}
08-16 14:36:36.789 W/InputMethodManagerService( 2207): Starting input on non-focused client com.android.internal.view.IInputMethodClient$Stub$Proxy@7163e83 (uid=1000 pid=3007)
08-16 14:36:36.855 I/tvos    ( 1764): GetAudioOutputDevice, retval : 0
08-16 14:36:36.896 I/LetvManager-LogReport( 1780): [send_msg] line: 490 report url = http://log.hdtv.cp21.ott.cibntv.net:80/api/log/tvAction
08-16 14:36:37.106 I/tvos    ( 1764): GetAudioOutputDevice, retval : 0
08-16 14:36:37.356 I/tvos    ( 1764): GetAudioOutputDevice, retval : 0
08-16 14:36:37.607 I/tvos    ( 1764): GetAudioOutputDevice, retval : 0
08-16 14:36:37.658 E/LetvRemoteupgradeManager-JNI( 2613): can't get LetvManager service!
08-16 14:36:37.674 I/remotestatus( 2207): Msg.what is 101
08-16 14:36:37.674 I/WindowManager( 2207): turn cursor off
08-16 14:36:37.674 E/RemoteManager( 2207): RemoteManager is no longer support in eui6.5
08-16 14:36:37.674 W/InputDispatcher( 2207): findFocusedWindow finished: injectionResult=0, timeSpentWaitingForApplication=0.0ms
08-16 14:36:37.674 E/InputManager-JNI( 2207): call nativeDisableCursor method with hideCursor
08-16 14:36:37.675 I/GlobalSettings( 2822): BaseMultiLayerDialogHelper -- setDisMissTime on start
08-16 14:36:37.676 W/ContextImpl( 2822): Calling a method in the system process without a qualified user: android.app.ContextImpl.startService:1224 android.content.ContextWrapper.startService:581 com.stv.settingadapter.EqManager.updateBinder:869 com.stv.settingadapter.EqManager.getInstance:176 com.stv.globalsetting.util.Util.playFocusSound:1074 
08-16 14:36:37.728 I/SoundPool( 2207): enter : func play
08-16 14:36:37.734 W/InputDispatcher( 2207): findFocusedWindow finished: injectionResult=0, timeSpentWaitingForApplication=0.0ms
08-16 14:36:37.735 I/GlobalSettings( 2822): BaseMultiLayerDialogHelper -- setDisMissTime on start
08-16 14:36:37.736 I/APM::AudioPolicyEngine( 1758): getDeviceForStrategy, 359
08-16 14:36:37.736 I/audio_hw_primary( 1758): version:a00004 adev_create_audio_patch::mix->device 
08-16 14:36:37.736 I/audio_hw_primary( 1758): adev_create_audio_patch *handle=-1420227928 num_audio_patch=3
08-16 14:36:37.738 E/AudioManagerService( 1803): setAudioVolume(callingPid 1758, clientPid 1758, enSoundPath 0, volumn:0 )
08-16 14:36:37.741 I/tvos    ( 1764): SetVolume, subWooExist 0!
08-16 14:36:37.741 I/tvos    ( 1764): mapi_audio_customer::SetAbsoluteVolume: project name is X440M
08-16 14:36:37.741 I/tvos    ( 1764): SetAbsoluteVolume: uPercent : 0, path=52(speaker), VolumeInt=7f, VolumeFra=0
08-16 14:36:37.741 I/tvos    ( 1764): SetAbsoluteVolume: uPercent(currVol) : 0, realPath=52(default), VolumeInt=7f, VolumeFra=0
08-16 14:36:37.741 I/tvos    ( 1764): mapi_audio_customer::SetAbsoluteVolume: project name is X440M
08-16 14:36:37.741 I/tvos    ( 1764): SetAbsoluteVolume: uPercent : 0, path=49(HP), VolumeInt=7f, VolumeFra=0
08-16 14:36:37.741 I/tvos    ( 1764): SetAbsoluteVolume: uPercent(currVol) : 0, realPath=49(default), VolumeInt=7f, VolumeFra=0
08-16 14:36:37.741 I/tvos    ( 1764): mapi_audio_customer::SetAbsoluteVolume: project name is X440M
08-16 14:36:37.741 I/tvos    ( 1764): SetAbsoluteVolume, m_bBTDetect is false! 
08-16 14:36:37.741 I/tvos    ( 1764): mapi_audio_customer::SetAbsoluteVolume: project name is X440M
08-16 14:36:37.741 I/tvos    ( 1764): SetAbsoluteVolume: uPercent : 0, path=255(speaker), VolumeInt=7f, VolumeFra=0
08-16 14:36:37.741 I/tvos    ( 1764): SetAbsoluteVolume: uPercent(currVol) : 0, realPath=255(default), VolumeInt=7f, VolumeFra=0
08-16 14:36:37.741 I/tvos    ( 1764): [SetMuteStatus] call SetSoundMuteStatus, line : 10369, muteType: 4, onOff : 0 
08-16 14:36:37.741 I/tvos    ( 1764): [audioBSP] #1 m_internalMute : 0 ..
08-16 14:36:37.741 I/tvos    ( 1764): #1|->SDK_bPermanentAudioMute:0<-|->SDK_bMomentAudioMute:0 <-|->SDK_bBySyncAudioMute:0<-|->SDK_bByBlockAudioMute:0<-|->SDK_bByVChipAudioMute:0<-|
08-16 14:36:37.741 I/tvos    ( 1764): #1|->SDK_bInternal1AudioMute:0<-|->SDK_bInternal2AudioMute:0<-|->SDK_bInternal3AudioMute:0<-|->SDK_bInternal4AudioMute:0<-|
08-16 14:36:37.741 I/tvos    ( 1764): #1|->SDK_bByScanInOutchgCHchg:0<-|->SDK_bByDuringLimitedTimeAudioMute:0<-|->SDK_bSourceSwitchAudioMute:0<-|
08-16 14:36:37.741 I/tvos    ( 1764): #1|->SDK_bMHEGApMute:0<-|->SDK_bAllAudioMuteCtrl:0<-|->SDK_bPowerOnMute:0<-|->SDK_bNullSourceMute0<-|->SDK_bSetInputSourceAudioMute:0<-|
08-16 14:36:37.741 I/tvos    ( 1764): [audioBSP] #2 m_spkrMute : 0 ..|->SDK_bUsrSpkrAudioMute:0<-|->SDK_bPowerOnMute:0<-|->SDK_bByUserAudioMute:0<-|
08-16 14:36:37.741 I/tvos    ( 1764): [audioBSP] #3 m_PcmCapture2Mute:0 |->SDK_bByUserPcmCapture2Mute:0<-|->SDK_SUB_bByUserAudioMute:0<-|->SDK_bByUserAudioMute:0<-|
08-16 14:36:37.741 I/tvos    ( 1764): [audioBSP] #5 m_hpMute : 1 ..|->SDK_bUsrHpAudioMute:1<-|->SDK_bPowerOnMute:0<-|->SDK_bByUserAudioMute:0<-|
08-16 14:36:37.741 I/tvos    ( 1764): [audioBSP] #12 m_spdifMute : 1 ..
08-16 14:36:37.741 I/tvos    ( 1764): #12|->SDK_bPermanentAudioMute:0<-|->SDK_bMomentAudioMute:0<-|->SDK_bByBlockAudioMute:0<-|
08-16 14:36:37.741 I/tvos    ( 1764): #12|->SDK_bByVChipAudioMute:0<-|->SDK_bInternal1AudioMute:0<-|->SDK_bInternal4AudioMute:0<-|
08-16 14:36:37.741 I/tvos    ( 1764): #12|->SDK_bByDuringLimitedTimeAudioMute:0<-|->SDK_bSourceSwitchAudioMute:0<-|->SDK_bMHEGApMute:0<-|
08-16 14:36:37.741 I/tvos    ( 1764): #12|->SDK_bPowerOnMute:0<-|->SDK_bUsrSpdifAudioMute:1<-|->SDK_bNullSourceMute:0<-|->SDK_bByAppMute:0<-|
08-16 14:36:37.741 I/tvos    ( 1764): ---Amplifier_ALC1310_LR_SWMute(0)
08-16 14:36:37.741 I/tvos    ( 1764): ALC1310 unmute good, addr: 0x13 readbackvalue: 4 
08-16 14:36:37.743 I/AudioUtil( 1758): setParameters spk_volume=0
08-16 14:36:37.743 I/tvos    ( 1764): SetSoundMuteStatus : m_hpMute : 1, m_spdifMute : 1, m_DataInMute : 0, m_channel7Mute : 0, m_internalMute : 0, m_spkrMute : 0, m_PcmCapture1Mute : 0, m_PcmCapture2Mute : 0 
08-16 14:36:37.743 I/audio_hw_primary( 1758): adev_set_parameters: spk_volume=0
08-16 14:36:37.746 I/tvos    ( 1764): GetAudioOutputDevice, retval : 0
08-16 14:36:37.747 I/tvos    ( 1764): [SetMuteStatus] call SetSoundMuteStatus, line : 10369, muteType: 67108864, onOff : 1 
08-16 14:36:37.747 I/tvos    ( 1764): _TransMSrvMuteTypeToSDKMuteType: Err! muteType(67108864) is out of Range
08-16 14:36:37.749 I/tvos    ( 1764): [SetMuteStatus] call SetSoundMuteStatus, line : 10369, muteType: 4, onOff : 1 
08-16 14:36:37.749 I/tvos    ( 1764): [audioBSP] #1 m_internalMute : 0 ..
08-16 14:36:37.749 I/tvos    ( 1764): #1|->SDK_bPermanentAudioMute:0<-|->SDK_bMomentAudioMute:0 <-|->SDK_bBySyncAudioMute:0<-|->SDK_bByBlockAudioMute:0<-|->SDK_bByVChipAudioMute:0<-|
08-16 14:36:37.749 I/tvos    ( 1764): #1|->SDK_bInternal1AudioMute:0<-|->SDK_bInternal2AudioMute:0<-|->SDK_bInternal3AudioMute:0<-|->SDK_bInternal4AudioMute:0<-|
08-16 14:36:37.749 I/tvos    ( 1764): #1|->SDK_bByScanInOutchgCHchg:0<-|->SDK_bByDuringLimitedTimeAudioMute:0<-|->SDK_bSourceSwitchAudioMute:0<-|
08-16 14:36:37.749 I/tvos    ( 1764): #1|->SDK_bMHEGApMute:0<-|->SDK_bAllAudioMuteCtrl:0<-|->SDK_bPowerOnMute:0<-|->SDK_bNullSourceMute0<-|->SDK_bSetInputSourceAudioMute:0<-|
08-16 14:36:37.749 I/tvos    ( 1764): [audioBSP] #2 m_spkrMute : 1 ..|->SDK_bUsrSpkrAudioMute:0<-|->SDK_bPowerOnMute:0<-|->SDK_bByUserAudioMute:1<-|
08-16 14:36:37.749 I/tvos    ( 1764): [audioBSP] #3 m_PcmCapture2Mute:1 |->SDK_bByUserPcmCapture2Mute:0<-|->SDK_SUB_bByUserAudioMute:0<-|->SDK_bByUserAudioMute:1<-|
08-16 14:36:37.749 I/tvos    ( 1764): [audioBSP] #5 m_hpMute : 1 ..|->SDK_bUsrHpAudioMute:1<-|->SDK_bPowerOnMute:0<-|->SDK_bByUserAudioMute:1<-|
08-16 14:36:37.749 I/tvos    ( 1764): [audioBSP] #12 m_spdifMute : 1 ..
08-16 14:36:37.749 I/tvos    ( 1764): #12|->SDK_bPermanentAudioMute:0<-|->SDK_bMomentAudioMute:0<-|->SDK_bByBlockAudioMute:0<-|
08-16 14:36:37.749 I/tvos    ( 1764): #12|->SDK_bByVChipAudioMute:0<-|->SDK_bInternal1AudioMute:0<-|->SDK_bInternal4AudioMute:0<-|
08-16 14:36:37.749 I/tvos    ( 1764): #12|->SDK_bByDuringLimitedTimeAudioMute:0<-|->SDK_bSourceSwitchAudioMute:0<-|->SDK_bMHEGApMute:0<-|
08-16 14:36:37.749 I/tvos    ( 1764): #12|->SDK_bPowerOnMute:0<-|->SDK_bUsrSpdifAudioMute:1<-|->SDK_bNullSourceMute:0<-|->SDK_bByAppMute:0<-|
08-16 14:36:37.749 I/tvos    ( 1764): ---Amplifier_ALC1310_LR_SWMute(1)
08-16 14:36:37.749 I/tvos    ( 1764): ALC1310 mute write good, addr: 0x13, readback data : 49164, write cmd times : 1
08-16 14:36:37.751 I/tvos    ( 1764): SetSoundMuteStatus : m_hpMute : 1, m_spdifMute : 1, m_DataInMute : 0, m_channel7Mute : 0, m_internalMute : 0, m_spkrMute : 1, m_PcmCapture1Mute : 0, m_PcmCapture2Mute : 1 
08-16 14:36:37.767 E/audio_hw_primary( 1758): out_get_presentation_position pcm_get_htimestamp(pcm, &avail, timestamp) != 0!!!
08-16 14:36:37.800 I/APM::AudioPolicyEngine( 1758): getDeviceForStrategy, 359
08-16 14:36:37.857 I/tvos    ( 1764): GetAudioOutputDevice, retval : 0
08-16 14:36:38.108 I/tvos    ( 1764): GetAudioOutputDevice, retval : 0
08-16 14:36:38.255 W/InputDispatcher( 2207): findTouchedWindow finished: injectionResult=0, injectionPermission=1, timeSpentWaitingForApplication=0.0ms
08-16 14:36:38.258 W/InputDispatcher( 2207): findTouchedWindow finished: injectionResult=0, injectionPermission=1, timeSpentWaitingForApplication=0.0ms
08-16 14:36:38.260 I/SoundPool( 2207): enter : func play
08-16 14:36:38.263 I/APM::AudioPolicyEngine( 1758): getDeviceForStrategy, 359
08-16 14:36:38.269 I/audio_hw_primary( 1758): version:a00004 adev_create_audio_patch::mix->device 
08-16 14:36:38.269 I/audio_hw_primary( 1758): adev_create_audio_patch *handle=-1420227928 num_audio_patch=3
08-16 14:36:38.273 E/AudioManagerService( 1803): setAudioVolume(callingPid 1758, clientPid 1758, enSoundPath 0, volumn:0 )
08-16 14:36:38.275 I/tvos    ( 1764): SetVolume, subWooExist 0!
08-16 14:36:38.275 I/tvos    ( 1764): mapi_audio_customer::SetAbsoluteVolume: project name is X440M
08-16 14:36:38.275 I/tvos    ( 1764): SetAbsoluteVolume: uPercent : 0, path=52(speaker), VolumeInt=7f, VolumeFra=0
08-16 14:36:38.275 I/tvos    ( 1764): SetAbsoluteVolume: uPercent(currVol) : 0, realPath=52(default), VolumeInt=7f, VolumeFra=0
08-16 14:36:38.275 I/tvos    ( 1764): mapi_audio_customer::SetAbsoluteVolume: project name is X440M
08-16 14:36:38.275 I/tvos    ( 1764): SetAbsoluteVolume: uPercent : 0, path=49(HP), VolumeInt=7f, VolumeFra=0
08-16 14:36:38.275 I/tvos    ( 1764): SetAbsoluteVolume: uPercent(currVol) : 0, realPath=49(default), VolumeInt=7f, VolumeFra=0
08-16 14:36:38.275 I/tvos    ( 1764): mapi_audio_customer::SetAbsoluteVolume: project name is X440M
08-16 14:36:38.275 I/tvos    ( 1764): SetAbsoluteVolume, m_bBTDetect is false! 
08-16 14:36:38.275 I/tvos    ( 1764): mapi_audio_customer::SetAbsoluteVolume: project name is X440M
08-16 14:36:38.275 I/tvos    ( 1764): SetAbsoluteVolume: uPercent : 0, path=255(speaker), VolumeInt=7f, VolumeFra=0
08-16 14:36:38.275 I/tvos    ( 1764): SetAbsoluteVolume: uPercent(currVol) : 0, realPath=255(default), VolumeInt=7f, VolumeFra=0
08-16 14:36:38.275 I/tvos    ( 1764): [SetMuteStatus] call SetSoundMuteStatus, line : 10369, muteType: 4, onOff : 0 
08-16 14:36:38.275 I/tvos    ( 1764): [audioBSP] #1 m_internalMute : 0 ..
08-16 14:36:38.275 I/tvos    ( 1764): #1|->SDK_bPermanentAudioMute:0<-|->SDK_bMomentAudioMute:0 <-|->SDK_bBySyncAudioMute:0<-|->SDK_bByBlockAudioMute:0<-|->SDK_bByVChipAudioMute:0<-|
08-16 14:36:38.276 I/tvos    ( 1764): #1|->SDK_bInternal1AudioMute:0<-|->SDK_bInternal2AudioMute:0<-|->SDK_bInternal3AudioMute:0<-|->SDK_bInternal4AudioMute:0<-|
08-16 14:36:38.276 I/tvos    ( 1764): #1|->SDK_bByScanInOutchgCHchg:0<-|->SDK_bByDuringLimitedTimeAudioMute:0<-|->SDK_bSourceSwitchAudioMute:0<-|
08-16 14:36:38.276 I/tvos    ( 1764): #1|->SDK_bMHEGApMute:0<-|->SDK_bAllAudioMuteCtrl:0<-|->SDK_bPowerOnMute:0<-|->SDK_bNullSourceMute0<-|->SDK_bSetInputSourceAudioMute:0<-|
08-16 14:36:38.276 I/tvos    ( 1764): [audioBSP] #2 m_spkrMute : 0 ..|->SDK_bUsrSpkrAudioMute:0<-|->SDK_bPowerOnMute:0<-|->SDK_bByUserAudioMute:0<-|
08-16 14:36:38.276 I/tvos    ( 1764): [audioBSP] #3 m_PcmCapture2Mute:0 |->SDK_bByUserPcmCapture2Mute:0<-|->SDK_SUB_bByUserAudioMute:0<-|->SDK_bByUserAudioMute:0<-|
08-16 14:36:38.276 I/tvos    ( 1764): [audioBSP] #5 m_hpMute : 1 ..|->SDK_bUsrHpAudioMute:1<-|->SDK_bPowerOnMute:0<-|->SDK_bByUserAudioMute:0<-|
08-16 14:36:38.276 I/tvos    ( 1764): [audioBSP] #12 m_spdifMute : 1 ..
08-16 14:36:38.276 I/tvos    ( 1764): #12|->SDK_bPermanentAudioMute:0<-|->SDK_bMomentAudioMute:0<-|->SDK_bByBlockAudioMute:0<-|
08-16 14:36:38.276 I/tvos    ( 1764): #12|->SDK_bByVChipAudioMute:0<-|->SDK_bInternal1AudioMute:0<-|->SDK_bInternal4AudioMute:0<-|
08-16 14:36:38.276 I/tvos    ( 1764): #12|->SDK_bByDuringLimitedTimeAudioMute:0<-|->SDK_bSourceSwitchAudioMute:0<-|->SDK_bMHEGApMute:0<-|
08-16 14:36:38.276 I/tvos    ( 1764): #12|->SDK_bPowerOnMute:0<-|->SDK_bUsrSpdifAudioMute:1<-|->SDK_bNullSourceMute:0<-|->SDK_bByAppMute:0<-|
08-16 14:36:38.276 I/tvos    ( 1764): ---Amplifier_ALC1310_LR_SWMute(0)
08-16 14:36:38.277 I/tvos    ( 1764): ALC1310 unmute good, addr: 0x13 readbackvalue: 4 
08-16 14:36:38.279 I/tvos    ( 1764): SetSoundMuteStatus : m_hpMute : 1, m_spdifMute : 1, m_DataInMute : 0, m_channel7Mute : 0, m_internalMute : 0, m_spkrMute : 0, m_PcmCapture1Mute : 0, m_PcmCapture2Mute : 0 
08-16 14:36:38.281 I/AudioUtil( 1758): setParameters spk_volume=0
08-16 14:36:38.281 I/audio_hw_primary( 1758): adev_set_parameters: spk_volume=0
08-16 14:36:38.282 I/tvos    ( 1764): GetAudioOutputDevice, retval : 0
08-16 14:36:38.283 I/tvos    ( 1764): [SetMuteStatus] call SetSoundMuteStatus, line : 10369, muteType: 67108864, onOff : 1 
08-16 14:36:38.283 I/tvos    ( 1764): _TransMSrvMuteTypeToSDKMuteType: Err! muteType(67108864) is out of Range
08-16 14:36:38.286 I/tvos    ( 1764): [SetMuteStatus] call SetSoundMuteStatus, line : 10369, muteType: 4, onOff : 1 
08-16 14:36:38.286 I/tvos    ( 1764): [audioBSP] #1 m_internalMute : 0 ..
08-16 14:36:38.286 I/tvos    ( 1764): #1|->SDK_bPermanentAudioMute:0<-|->SDK_bMomentAudioMute:0 <-|->SDK_bBySyncAudioMute:0<-|->SDK_bByBlockAudioMute:0<-|->SDK_bByVChipAudioMute:0<-|
08-16 14:36:38.286 I/tvos    ( 1764): #1|->SDK_bInternal1AudioMute:0<-|->SDK_bInternal2AudioMute:0<-|->SDK_bInternal3AudioMute:0<-|->SDK_bInternal4AudioMute:0<-|
08-16 14:36:38.286 I/tvos    ( 1764): #1|->SDK_bByScanInOutchgCHchg:0<-|->SDK_bByDuringLimitedTimeAudioMute:0<-|->SDK_bSourceSwitchAudioMute:0<-|
08-16 14:36:38.286 I/tvos    ( 1764): #1|->SDK_bMHEGApMute:0<-|->SDK_bAllAudioMuteCtrl:0<-|->SDK_bPowerOnMute:0<-|->SDK_bNullSourceMute0<-|->SDK_bSetInputSourceAudioMute:0<-|
08-16 14:36:38.286 I/tvos    ( 1764): [audioBSP] #2 m_spkrMute : 1 ..|->SDK_bUsrSpkrAudioMute:0<-|->SDK_bPowerOnMute:0<-|->SDK_bByUserAudioMute:1<-|
08-16 14:36:38.286 I/tvos    ( 1764): [audioBSP] #3 m_PcmCapture2Mute:1 |->SDK_bByUserPcmCapture2Mute:0<-|->SDK_SUB_bByUserAudioMute:0<-|->SDK_bByUserAudioMute:1<-|
08-16 14:36:38.286 I/tvos    ( 1764): [audioBSP] #5 m_hpMute : 1 ..|->SDK_bUsrHpAudioMute:1<-|->SDK_bPowerOnMute:0<-|->SDK_bByUserAudioMute:1<-|
08-16 14:36:38.286 I/tvos    ( 1764): [audioBSP] #12 m_spdifMute : 1 ..
08-16 14:36:38.286 I/tvos    ( 1764): #12|->SDK_bPermanentAudioMute:0<-|->SDK_bMomentAudioMute:0<-|->SDK_bByBlockAudioMute:0<-|
08-16 14:36:38.286 I/tvos    ( 1764): #12|->SDK_bByVChipAudioMute:0<-|->SDK_bInternal1AudioMute:0<-|->SDK_bInternal4AudioMute:0<-|
08-16 14:36:38.286 I/tvos    ( 1764): #12|->SDK_bByDuringLimitedTimeAudioMute:0<-|->SDK_bSourceSwitchAudioMute:0<-|->SDK_bMHEGApMute:0<-|
08-16 14:36:38.286 I/tvos    ( 1764): #12|->SDK_bPowerOnMute:0<-|->SDK_bUsrSpdifAudioMute:1<-|->SDK_bNullSourceMute:0<-|->SDK_bByAppMute:0<-|
08-16 14:36:38.286 I/tvos    ( 1764): ---Amplifier_ALC1310_LR_SWMute(1)
08-16 14:36:38.286 I/tvos    ( 1764): ALC1310 mute write good, addr: 0x13, readback data : 49164, write cmd times : 1
08-16 14:36:38.288 I/tvos    ( 1764): SetSoundMuteStatus : m_hpMute : 1, m_spdifMute : 1, m_DataInMute : 0, m_channel7Mute : 0, m_internalMute : 0, m_spkrMute : 1, m_PcmCapture1Mute : 0, m_PcmCapture2Mute : 1 
08-16 14:36:38.292 W/InputDispatcher( 2207): findTouchedWindow finished: injectionResult=0, injectionPermission=1, timeSpentWaitingForApplication=0.0ms
08-16 14:36:38.301 W/InputDispatcher( 2207): findTouchedWindow finished: injectionResult=0, injectionPermission=1, timeSpentWaitingForApplication=0.0ms
08-16 14:36:38.302 I/SoundPool( 2207): enter : func play
08-16 14:36:38.358 I/tvos    ( 1764): GetAudioOutputDevice, retval : 0
08-16 14:36:38.541 I/PictureManager_JNI( 2720): getHdrAttributes
08-16 14:36:38.542 E/PictureManager( 2720): ret = true
08-16 14:36:38.558 I/System.out( 2822): From style:
08-16 14:36:38.558 I/System.out( 2822): Attrs: 3010001=0.6 3010002=#0 3010003=null 3010004=true
08-16 14:36:38.571 I/StvLogReport( 2837): Report Nielsen, handleMessage: 'send bd ok
08-16 14:36:38.571 I/StvLogReport( 2837): 6^C2014082201^X440M-b01bd2542d51-^A1A90F9A1254CF6F^^111F000EC6A87799^10.58.81.132^2018-08-16 14:35:46^1^2.57^5^O^^^^^^^^^-100^10.58.81.132^WORKGROUP^LETV-PC^
08-16 14:36:38.571 I/StvLogReport( 2837): 6^C2014082201^X440M-b01bd2542d51-^A1A90F9A1254CF6F^^ED5BDC4A3EECCB4D^10.58.81.231^2018-08-16 14:35:46^1^2.57^0^O^^^^^^^^^-100^10.58.81.231^^^
08-16 14:36:38.571 I/StvLogReport( 2837): 6^C2014082201^X440M-b01bd2542d51-^A1A90F9A1254CF6F^^E170D06F4A641BF7^10.58.81.81^2018-08-16 14:35:46^1^2.57^0^O^^^^^^^^^-100^10.58.81.81^^^
08-16 14:36:38.571 I/StvLogReport( 2837): 6^C2014082201^X440M-b01bd2542d51-^A1A90F9A1254CF6F^^61765065F33C0638^10.58.81.124^2018-08-16 14:35:46^1^2.57^5^O^^^^^^^^^-100^10.58.81.124^HSR^HSR^
08-16 14:36:38.571 I/StvLogReport( 2837): 6^C2014082201^X440M-b01bd2542d51-^A1A90F9A1254CF6F^^E5FFD4EE07369963^10.58.81.176^2018-08-16 14:35:46^1^2.57^0^O^^^^^^^^^-100^10.58.81.176^^^
08-16 14:36:38.571 I/StvLogReport( 2837): 6^C2014082201^X440M-b01bd2542d51-^A1A90F9A1254CF6F^^61765065F321A8D3^10.58.81.125^2018-08-16 14:35:46^1^2.57^5^O^^^^^^^^^-100^10.58.81.125^LIXIN-HP-Z440-W^LIXIN-HP-Z440-W^
08-16 14:36:38.571 I/StvLogReport( 2837): 6^C2014082201^X440M-b01bd2542d51-^A1A90F9A1254CF6F^^111D000C29227B7C^10.58.81.76^2018-08-16 14:35:46^1^2.57^0^O^^^^^^^^^-100^10.58.81.76^^^
08-16 14:36:38.571 I/StvLogReport( 2837): 6^C2014082201^X440M-b01bd2542d51-^A1A90F9A1254CF6F^^C16BB05ADADC87F2^10.58.81.104^2018-08-16 14:35:46^1^2.57^5^O^^^^^^^^^-100^10.58.81.104^MIYD9RPXWIWMFVS^MIYD9RPXWIWMFVS^
08-16 14:36:38.571 I/StvLogReport( 2837): 6^C2014082201^X440M-b01bd2542d51-^A1A90F9A1254CF6F^^111D000C291F5F50^10.58.81.74^2018-08-16 14:35:46^1^2.57^0^O^^^^^^^^^-100^10.58.81.74^^^
08-16 14:36:38.571 I/StvLogReport( 2837): 6^C2014082201^X440M-b01bd2542d51-^A1A90F9A1254CF6F^^111D000C29A8331D^10.58.81.75^2018-08-16 14:35:46^1^2.57^0^O^^^^^^^^^-100^10.58.81.75^^^ (104)'.
08-16 14:36:38.573 W/ContextImpl( 2822): Calling a method in the system process without a qualified user: android.app.ContextImpl.startService:1224 android.content.ContextWrapper.startService:581 com.stv.settingadapter.PqManager.updateBinder:2843 com.stv.settingadapter.PqManager.getInstance:616 com.stv.globalsetting.dialog.PictureDialog.initData:137 
08-16 14:36:38.608 I/tvos    ( 1764): GetAudioOutputDevice, retval : 0
08-16 14:36:38.626 I/PictureManager_JNI( 2720): getHdrAttributes
08-16 14:36:38.626 E/PictureManager( 2720): ret = true
08-16 14:36:38.629 I/tvos    ( 1764):  Is This machine unique or X5 :0 
08-16 14:36:38.634 I/PictureManager_JNI( 2720): getHdrAttributes
08-16 14:36:38.634 E/PictureManager( 2720): ret = true
08-16 14:36:38.647 W/ContextImpl( 2822): Calling a method in the system process without a qualified user: android.app.ContextImpl.startService:1224 android.content.ContextWrapper.startService:581 com.stv.settingadapter.PqManager.updateBinder:2843 com.stv.settingadapter.PqManager.getInstance:616 com.stv.globalsetting.util.Util.getPicModeName:1184 
08-16 14:36:38.699 I/PictureManager_JNI( 2720): getHdrAttributes
08-16 14:36:38.700 E/PictureManager( 2720): ret = true
08-16 14:36:38.700 I/tvos    ( 1764):  Is This machine unique or X5 :0 
08-16 14:36:38.701 I/tvos    ( 1764):  Is This machine support new pq func :1 
08-16 14:36:38.703 I/tvos    ( 1764):  Is This machine unique or X5 :0 
08-16 14:36:38.703 E/GlobalSettings( 2822): Utils -- GetCurrentInputSource:E_INPUT_SOURCE_STORAGE
08-16 14:36:38.706 I/ThreeDimensionManager_JNI( 2881): getCurrent3dFormat
08-16 14:36:38.708 I/PictureManager_JNI( 2720): getHdrAttributes
08-16 14:36:38.709 E/PictureManager( 2720): ret = true
08-16 14:36:38.724 I/PictureManager_JNI( 2720): getHdrAttributes
08-16 14:36:38.725 E/PictureManager( 2720): ret = true
08-16 14:36:38.738 I/PictureManager_JNI( 2720): getHdrAttributes
08-16 14:36:38.738 E/PictureManager( 2720): ret = true
08-16 14:36:38.752 I/PictureManager_JNI( 2720): getHdrAttributes
08-16 14:36:38.753 E/PictureManager( 2720): ret = true
08-16 14:36:38.768 I/PictureManager_JNI( 2720): getHdrAttributes
08-16 14:36:38.769 E/PictureManager( 2720): ret = true
08-16 14:36:38.784 I/PictureManager_JNI( 2720): getHdrAttributes
08-16 14:36:38.784 E/PictureManager( 2720): ret = true
08-16 14:36:38.800 I/PictureManager_JNI( 2720): getHdrAttributes
08-16 14:36:38.801 E/PictureManager( 2720): ret = true
08-16 14:36:38.813 I/PictureManager_JNI( 2720): getHdrAttributes
08-16 14:36:38.813 E/PictureManager( 2720): ret = true
08-16 14:36:38.828 I/PictureManager_JNI( 2720): getHdrAttributes
08-16 14:36:38.828 E/PictureManager( 2720): ret = true
08-16 14:36:38.844 I/PictureManager_JNI( 2881): getAspectRatio
08-16 14:36:38.847 I/tvos    ( 1764):  Is This machine unique or X5 :0 
08-16 14:36:38.847 I/tvos    ( 1764):  IsSwdrFuncSupported,5721, :0 
08-16 14:36:38.852 W/InputDispatcher( 2207): Focus left window: Window{632f14a u0 com.stv.globalsetting}
08-16 14:36:38.852 W/InputDispatcher( 2207): Focus entered window: Window{cc05fa2 u0 com.stv.globalsetting}
08-16 14:36:38.854 I/GlobalSettings( 2822): BaseMultiLayerDialogHelper -- setDisMissTime on start
08-16 14:36:38.854 I/GlobalSettings( 2822): ReportEuiLog_U -- ReportEuiLog action is: tvaction and reportmsg is: action=perQuickSetClick&setModule=6
08-16 14:36:38.856 I/GlobalSettings( 2822): SettingDialog -- Open_DisplayDialog_Result is: true
08-16 14:36:38.864 I/tvos    ( 1764): GetAudioOutputDevice, retval : 0
08-16 14:36:38.894 E/BufferQueueProducer( 1749): [] connect(P): already connected (cur=1 req=1)
08-16 14:36:38.903 I/LetvManager-LogReport( 1780): [send_msg] line: 490 report url = http://log.hdtv.cp21.ott.cibntv.net:80/api/log/tvAction
08-16 14:36:38.913 I/APM::AudioPolicyEngine( 1758): getDeviceForStrategy, 359
08-16 14:36:38.977 E/BufferQueueProducer( 1749): [] connect(P): already connected (cur=1 req=1)
08-16 14:36:38.990 E/SurfaceFlinger( 1749): rejecting buffer: bufWidth=601, bufHeight=1080, front.active.{w=600, h=1080}
08-16 14:36:38.997 E/BufferQueueProducer( 1749): [] connect(P): already connected (cur=1 req=1)
08-16 14:36:39.030 E/SurfaceFlinger( 1749): rejecting buffer: bufWidth=602, bufHeight=1080, front.active.{w=600, h=1080}
08-16 14:36:39.037 E/BufferQueueProducer( 1749): [] connect(P): already connected (cur=1 req=1)
08-16 14:36:39.070 E/SurfaceFlinger( 1749): rejecting buffer: bufWidth=604, bufHeight=1080, front.active.{w=600, h=1080}
08-16 14:36:39.078 E/BufferQueueProducer( 1749): [] connect(P): already connected (cur=1 req=1)
08-16 14:36:39.110 E/SurfaceFlinger( 1749): rejecting buffer: bufWidth=610, bufHeight=1080, front.active.{w=600, h=1080}
08-16 14:36:39.113 I/tvos    ( 1764): GetAudioOutputDevice, retval : 0
08-16 14:36:39.117 E/BufferQueueProducer( 1749): [] connect(P): already connected (cur=1 req=1)
08-16 14:36:39.150 E/SurfaceFlinger( 1749): rejecting buffer: bufWidth=616, bufHeight=1080, front.active.{w=600, h=1080}
08-16 14:36:39.157 E/BufferQueueProducer( 1749): [] connect(P): already connected (cur=1 req=1)
08-16 14:36:39.190 E/SurfaceFlinger( 1749): rejecting buffer: bufWidth=622, bufHeight=1080, front.active.{w=600, h=1080}
08-16 14:36:39.197 E/BufferQueueProducer( 1749): [] connect(P): already connected (cur=1 req=1)
08-16 14:36:39.210 E/SurfaceFlinger( 1749): rejecting buffer: bufWidth=627, bufHeight=1080, front.active.{w=600, h=1080}
08-16 14:36:39.217 E/BufferQueueProducer( 1749): [] connect(P): already connected (cur=1 req=1)
08-16 14:36:39.230 E/SurfaceFlinger( 1749): rejecting buffer: bufWidth=629, bufHeight=1080, front.active.{w=600, h=1080}
08-16 14:36:39.237 E/BufferQueueProducer( 1749): [] connect(P): already connected (cur=1 req=1)
08-16 14:36:39.364 I/tvos    ( 1764): GetAudioOutputDevice, retval : 0
08-16 14:36:39.534 I/WifiStateMachine( 2207):  DisconnectedState !SCAN_RESULTS_EVENT  rt=512265967/512265967 0 0 found=174 known=0 got=174 bcn=0 con=0
08-16 14:36:39.535 I/WifiStateMachine( 2207):  ConnectModeState !SCAN_RESULTS_EVENT  rt=512265968/512265968 0 0 found=174 known=0 got=174 bcn=0 con=0
08-16 14:36:39.535 I/WifiStateMachine( 2207):  DriverStartedState !SCAN_RESULTS_EVENT  rt=512265968/512265968 0 0 found=174 known=0 got=174 bcn=0 con=0
08-16 14:36:39.536 I/WifiStateMachine( 2207):  SupplicantStartedState !SCAN_RESULTS_EVENT  rt=512265969/512265969 0 0 found=174 known=0 got=174 bcn=0 con=0
08-16 14:36:39.614 I/tvos    ( 1764): GetAudioOutputDevice, retval : 0
08-16 14:36:39.622 I/WifiStateMachine( 2207): setscanresults newsupplicantresult
08-16 14:36:39.744 W/InputDispatcher( 2207): findFocusedWindow finished: injectionResult=0, timeSpentWaitingForApplication=0.0ms
08-16 14:36:39.746 I/GlobalSettings( 2822): BaseMultiLayerDialogHelper -- setDisMissTime on start
08-16 14:36:39.748 I/System.out( 2822): From style:
08-16 14:36:39.749 I/System.out( 2822): Attrs: 3010001=0.6 3010002=#0 3010003=null 3010004=true
08-16 14:36:39.755 E/InternetUtils( 4594): java.net.SocketTimeoutException: failed to connect to www.cibn.com/61.133.127.115 (port 80) after 3000ms
08-16 14:36:39.756 W/ContextImpl( 2822): Calling a method in the system process without a qualified user: android.app.ContextImpl.startService:1224 android.content.ContextWrapper.startService:581 com.stv.settingadapter.PqManager.updateBinder:2843 com.stv.settingadapter.PqManager.getInstance:616 com.stv.globalsetting.dialog.PicModeSettingDialog.initData:84 
08-16 14:36:39.811 I/PictureManager_JNI( 2720): getHdrAttributes
08-16 14:36:39.811 E/PictureManager( 2720): ret = true
08-16 14:36:39.812 I/tvos    ( 1764):  Is This machine unique or X5 :0 
08-16 14:36:39.813 W/ContextImpl( 2822): Calling a method in the system process without a qualified user: android.app.ContextImpl.startService:1224 android.content.ContextWrapper.startService:581 com.stv.settingadapter.PqManager.updateBinder:2843 com.stv.settingadapter.PqManager.getInstance:616 com.stv.globalsetting.util.Util.getPicModeName:1184 
08-16 14:36:39.864 I/tvos    ( 1764): GetAudioOutputDevice, retval : 0
08-16 14:36:39.867 I/PictureManager_JNI( 2720): getHdrAttributes
08-16 14:36:39.868 E/PictureManager( 2720): ret = true
08-16 14:36:39.868 I/tvos    ( 1764):  Is This machine unique or X5 :0 
08-16 14:36:39.870 I/tvos    ( 1764):  Is This machine support new pq func :1 
08-16 14:36:39.872 I/tvos    ( 1764):  Is This machine unique or X5 :0 
08-16 14:36:39.873 I/PictureManager_JNI( 2720): getHdrAttributes
08-16 14:36:39.873 E/PictureManager( 2720): ret = true
08-16 14:36:39.884 I/PictureManager_JNI( 2720): getHdrAttributes
08-16 14:36:39.885 E/PictureManager( 2720): ret = true
08-16 14:36:39.886 I/tvos    ( 1764):  Is This machine unique or X5 :0 
08-16 14:36:39.889 I/PictureManager_JNI( 2720): getHdrAttributes
08-16 14:36:39.889 E/PictureManager( 2720): ret = true
08-16 14:36:39.897 I/PictureManager_JNI( 2881): setBacklight
08-16 14:36:39.899 I/tvos    ( 1764): [SetBacklight] backlight value 100
08-16 14:36:39.899 I/tvos    ( 1764): get machine type is:0 
08-16 14:36:39.899 I/tvos    ( 1764): Go pql pwm 100 !!!!!
08-16 14:36:39.899 I/tvos    ( 1764): get machine type is:0 
08-16 14:36:39.900 I/PictureManager_JNI( 2720): getHdrAttributes
08-16 14:36:39.900 E/PictureManager( 2720): ret = true
08-16 14:36:39.914 I/PictureManager_JNI( 2881): setColorTemperature
08-16 14:36:39.916 I/PictureManager_JNI( 2881): setPictureModeColor
08-16 14:36:39.916 I/tvos    ( 1764): get machine type is:0 
08-16 14:36:39.916 I/tvos    ( 1764): get machine type is:0 
08-16 14:36:39.924 I/PictureManager_JNI( 2881): setPictureModeBrightness
08-16 14:36:39.927 I/tvos    ( 1764): @@@MSrv_System_Database::GetVideoSetting
08-16 14:36:39.954 I/PictureManager_JNI( 2881): setPictureModeContrast
08-16 14:36:39.958 I/tvos    ( 1764): @@@MSrv_System_Database::GetVideoSetting
08-16 14:36:39.961 I/tvos    ( 1764): @@@MSrv_System_Database::GetVideoSettingget machine type is:0 
08-16 14:36:39.961 I/PictureManager_JNI( 2881): setPictureModeSharpness
08-16 14:36:39.975 I/PictureManager_JNI( 2881): getAspectRatio
08-16 14:36:39.976 I/PictureManager_JNI( 2881): setMfc
08-16 14:36:39.976 E/PictureManagerService( 1803): PictureManagerService::Client::setMfc 3
08-16 14:36:39.976 I/tvos    ( 1764): @@@MSrv_System_Database::GetVideoSettingget machine type is:0 
08-16 14:36:39.976 I/tvos    ( 1764): get machine type is:0 
08-16 14:36:39.977 I/tvos    ( 1764):  Is This machine support new pq func :1 
08-16 14:36:39.984 I/PictureManager_JNI( 2720): setxvYCCEnable
08-16 14:36:39.986 I/tvos    ( 1764):  ---  Set_xvYCC_Mode is 2 
08-16 14:36:39.989 I/DatabaseManager_JNI( 2720): setDatabaseDirtyByApplication
08-16 14:36:39.991 I/tvos    ( 1764):  Is This machine unique or X5 :0 
08-16 14:36:39.992 I/tvos    ( 1764):  Is This machine unique or X5 :0 
08-16 14:36:39.992 I/tvos    ( 1764):  IsSwdrFuncSupported,5721, :0 
08-16 14:36:39.998 I/tvos    ( 1764):  SQL_Step Row error:5
08-16 14:36:40.011 I/DatabaseManager_JNI( 3538): setDatabaseDirtyByApplication
08-16 14:36:40.016 E/DataBaseDeskImpl( 4876): ===========>>>> now change Index = 25
08-16 14:36:40.020 W/InputDispatcher( 2207): Focus left window: Window{cc05fa2 u0 com.stv.globalsetting}
08-16 14:36:40.020 W/InputDispatcher( 2207): Focus entered window: Window{ffac725 u0 com.stv.globalsetting}
08-16 14:36:40.026 I/GlobalSettings( 2822): BaseMultiLayerDialogHelper -- setDisMissTime on start
08-16 14:36:40.038 W/InputDispatcher( 2207): findFocusedWindow finished: injectionResult=0, timeSpentWaitingForApplication=0.0ms
08-16 14:36:40.054 E/BufferQueueProducer( 1749): [] connect(P): already connected (cur=1 req=1)
08-16 14:36:40.062 W/ViewRootImpl( 2822): Cancelling event due to no window focus: KeyEvent { action=ACTION_UP, keyCode=KEYCODE_DPAD_CENTER, scanCode=0, metaState=0, flags=0x20, repeatCount=0, eventTime=512266173, downTime=512266173, deviceId=-1, source=0x101 }
08-16 14:36:40.062 W/ViewRootImpl( 2822): Cancelling event due to no window focus: KeyEvent { action=ACTION_UP, keyCode=KEYCODE_DPAD_CENTER, scanCode=0, metaState=0, flags=0x20, repeatCount=0, eventTime=512266173, downTime=512266173, deviceId=-1, source=0x101 }
08-16 14:36:40.062 W/ViewRootImpl( 2822): Cancelling event due to no window focus: KeyEvent { action=ACTION_UP, keyCode=KEYCODE_DPAD_CENTER, scanCode=0, metaState=0, flags=0x20, repeatCount=0, eventTime=512266173, downTime=512266173, deviceId=-1, source=0x101 }
08-16 14:36:40.062 W/ViewRootImpl( 2822): Cancelling event due to no window focus: KeyEvent { action=ACTION_UP, keyCode=KEYCODE_DPAD_CENTER, scanCode=0, metaState=0, flags=0x20, repeatCount=0, eventTime=512266173, downTime=512266173, deviceId=-1, source=0x101 }
08-16 14:36:40.062 W/ViewRootImpl( 2822): Cancelling event due to no window focus: KeyEvent { action=ACTION_UP, keyCode=KEYCODE_DPAD_CENTER, scanCode=0, metaState=0, flags=0x20, repeatCount=0, eventTime=512266173, downTime=512266173, deviceId=-1, source=0x101 }
08-16 14:36:40.062 W/ViewRootImpl( 2822): Cancelling event due to no window focus: KeyEvent { action=ACTION_UP, keyCode=KEYCODE_DPAD_CENTER, scanCode=0, metaState=0, flags=0x20, repeatCount=0, eventTime=512266173, downTime=512266173, deviceId=-1, source=0x101 }
08-16 14:36:40.086 I/tvos    ( 1764): [37m[INFO] Change to Voltage: 1130 mV (0x1F)[m
08-16 14:36:40.087 I/tvos    ( 1764): [37m[INFO] Change to Voltage: 1130 mV (0x22)[m
08-16 14:36:40.087 I/tvos    ( 1764): [37m[INFO] Change to Voltage: 1130 mV (0x25)[m
08-16 14:36:40.088 I/tvos    ( 1764): [37m[INFO] Change to Voltage: 1130 mV (0x28)[m
08-16 14:36:40.088 I/tvos    ( 1764): [37m[INFO] Change to Voltage: 1130 mV (0x2B)[m
08-16 14:36:40.089 I/tvos    ( 1764): [37m[INFO] Change to Voltage: 1130 mV (0x2C)[m
08-16 14:36:40.136 E/BufferQueueProducer( 1749): [] connect(P): already connected (cur=1 req=1)
08-16 14:36:40.141 I/tvos    ( 1764): SQL_Step Retry cnt:59
08-16 14:36:40.157 E/BufferQueueProducer( 1749): [] connect(P): already connected (cur=1 req=1)
08-16 14:36:40.159 I/tvos    ( 1764): GetAudioOutputDevice, retval : 0
08-16 14:36:40.177 E/BufferQueueProducer( 1749): [] connect(P): already connected (cur=1 req=1)
08-16 14:36:40.187 I/tvos    ( 1764): [37m[INFO] Change to Voltage: 1000 mV (0x2C)[m
08-16 14:36:40.187 I/tvos    ( 1764): [37m[INFO] Change to Voltage: 1000 mV (0x29)[m
08-16 14:36:40.187 I/tvos    ( 1764): [37m[INFO] Change to Voltage: 1000 mV (0x26)[m
08-16 14:36:40.187 I/tvos    ( 1764): [37m[INFO] Change to Voltage: 1000 mV (0x23)[m
08-16 14:36:40.187 I/tvos    ( 1764): [37m[INFO] Change to Voltage: 1000 mV (0x20)[m
08-16 14:36:40.187 I/tvos    ( 1764): [37m[INFO] Change to Voltage: 1000 mV (0x1F)[m
08-16 14:36:40.198 E/BufferQueueProducer( 1749): [] connect(P): already connected (cur=1 req=1)
08-16 14:36:40.224 E/BufferQueueProducer( 1749): [] connect(P): already connected (cur=1 req=1)
08-16 14:36:40.255 E/BufferQueueProducer( 1749): [] connect(P): already connected (cur=1 req=1)
08-16 14:36:40.278 E/BufferQueueProducer( 1749): [] connect(P): already connected (cur=1 req=1)
08-16 14:36:40.296 E/BufferQueueProducer( 1749): [] connect(P): already connected (cur=1 req=1)
08-16 14:36:40.336 E/BufferQueueProducer( 1749): [] connect(P): already connected (cur=1 req=1)
08-16 14:36:40.357 E/BufferQueueProducer( 1749): [] connect(P): already connected (cur=1 req=1)
08-16 14:36:40.378 E/BufferQueueProducer( 1749): [] connect(P): already connected (cur=1 req=1)
08-16 14:36:40.398 E/BufferQueueProducer( 1749): [] connect(P): already connected (cur=1 req=1)
08-16 14:36:40.408 I/tvos    ( 1764): GetAudioOutputDevice, retval : 0
08-16 14:36:40.417 E/BufferQueueProducer( 1749): [] connect(P): already connected (cur=1 req=1)
08-16 14:36:40.437 E/BufferQueueProducer( 1749): [] connect(P): already connected (cur=1 req=1)
08-16 14:36:40.658 E/LetvRemoteupgradeManager-JNI( 2613): can't get LetvManager service!
08-16 14:36:40.659 I/tvos    ( 1764): GetAudioOutputDevice, retval : 0
08-16 14:36:40.909 I/tvos    ( 1764): GetAudioOutputDevice, retval : 0
08-16 14:36:41.160 I/tvos    ( 1764): GetAudioOutputDevice, retval : 0
08-16 14:36:41.411 I/tvos    ( 1764): GetAudioOutputDevice, retval : 0
08-16 14:36:41.567 W/InputDispatcher( 2207): findFocusedWindow finished: injectionResult=0, timeSpentWaitingForApplication=0.0ms
08-16 14:36:41.567 I/GlobalSettings( 2822): BaseMultiLayerDialogHelper -- setDisMissTime on start
08-16 14:36:41.568 I/PictureManager_JNI( 2720): getHdrAttributes
08-16 14:36:41.569 E/PictureManager( 2720): ret = true
08-16 14:36:41.570 I/tvos    ( 1764):  Is This machine unique or X5 :0 
08-16 14:36:41.571 I/PictureManager_JNI( 2720): getHdrAttributes
08-16 14:36:41.572 E/PictureManager( 2720): ret = true
08-16 14:36:41.579 I/DatabaseManager_JNI( 3538): setDatabaseDirtyByApplication
08-16 14:36:41.580 E/DataBaseDeskImpl( 4876): ===========>>>> now change Index = 34
08-16 14:36:41.589 I/PictureManager_JNI( 2881): setBacklight
08-16 14:36:41.590 I/tvos    ( 1764): [SetBacklight] backlight value 100
08-16 14:36:41.590 I/tvos    ( 1764): get machine type is:0 
08-16 14:36:41.590 I/tvos    ( 1764): Go pql pwm 100 !!!!!
08-16 14:36:41.590 I/tvos    ( 1764): get machine type is:0 
08-16 14:36:41.591 I/PictureManager_JNI( 2720): getHdrAttributes
08-16 14:36:41.591 E/PictureManager( 2720): ret = true
08-16 14:36:41.606 I/PictureManager_JNI( 2881): setColorTemperature
08-16 14:36:41.607 I/tvos    ( 1764): get machine type is:0 
08-16 14:36:41.607 I/tvos    ( 1764): get machine type is:0 
08-16 14:36:41.607 I/PictureManager_JNI( 2881): setPictureModeColor
08-16 14:36:41.619 I/PictureManager_JNI( 2881): setPictureModeBrightness
08-16 14:36:41.623 I/tvos    ( 1764): @@@MSrv_System_Database::GetVideoSetting
08-16 14:36:41.635 I/PictureManager_JNI( 2881): setPictureModeContrast
08-16 14:36:41.639 I/tvos    ( 1764): @@@MSrv_System_Database::GetVideoSetting
08-16 14:36:41.649 I/PictureManager_JNI( 2881): setPictureModeSharpness
08-16 14:36:41.650 I/tvos    ( 1764): @@@MSrv_System_Database::GetVideoSettingget machine type is:0 
08-16 14:36:41.661 I/tvos    ( 1764): @@@MSrv_System_Database::GetVideoSettingGetAudioOutputDevice, retval : 0
08-16 14:36:41.674 I/PictureManager_JNI( 2881): getAspectRatio
08-16 14:36:41.675 I/PictureManager_JNI( 2881): setMfc
08-16 14:36:41.675 E/PictureManagerService( 1803): PictureManagerService::Client::setMfc 3
08-16 14:36:41.675 I/tvos    ( 1764): get machine type is:0 
08-16 14:36:41.675 I/tvos    ( 1764): get machine type is:0 
08-16 14:36:41.676 I/tvos    ( 1764):  Is This machine support new pq func :1 
08-16 14:36:41.676 I/PictureManager_JNI( 2720): setxvYCCEnable
08-16 14:36:41.677 I/tvos    ( 1764):  ---  Set_xvYCC_Mode is 2 
08-16 14:36:41.678 I/DatabaseManager_JNI( 2720): setDatabaseDirtyByApplication
08-16 14:36:41.680 I/tvos    ( 1764):  Is This machine unique or X5 :0 
08-16 14:36:41.681 I/tvos    ( 1764):  Is This machine unique or X5 :0 
08-16 14:36:41.681 I/tvos    ( 1764):  IsSwdrFuncSupported,5721, :0 
08-16 14:36:41.684 I/PictureManager_JNI( 2720): getHdrAttributes
08-16 14:36:41.684 E/PictureManager( 2720): ret = true
08-16 14:36:41.687 I/DatabaseManager_JNI( 3538): setDatabaseDirtyByApplication
08-16 14:36:41.688 E/DataBaseDeskImpl( 4876): ===========>>>> now change Index = 25
08-16 14:36:41.699 I/PictureManager_JNI( 2720): getHdrAttributes
08-16 14:36:41.700 E/PictureManager( 2720): ret = true
08-16 14:36:41.715 I/PictureManager_JNI( 2720): getHdrAttributes
08-16 14:36:41.716 E/PictureManager( 2720): ret = true
08-16 14:36:41.731 I/PictureManager_JNI( 2720): getHdrAttributes
08-16 14:36:41.731 E/PictureManager( 2720): ret = true
08-16 14:36:41.747 I/PictureManager_JNI( 2720): getHdrAttributes
08-16 14:36:41.747 E/PictureManager( 2720): ret = true
08-16 14:36:41.762 I/PictureManager_JNI( 2720): getHdrAttributes
08-16 14:36:41.762 E/PictureManager( 2720): ret = true
08-16 14:36:41.775 I/PictureManager_JNI( 2720): getHdrAttributes
08-16 14:36:41.775 E/PictureManager( 2720): ret = true
08-16 14:36:41.788 I/PictureManager_JNI( 2720): getHdrAttributes
08-16 14:36:41.788 E/PictureManager( 2720): ret = true
08-16 14:36:41.801 I/PictureManager_JNI( 2720): getHdrAttributes
08-16 14:36:41.801 E/PictureManager( 2720): ret = true
08-16 14:36:41.813 I/PictureManager_JNI( 2720): getHdrAttributes
08-16 14:36:41.813 E/PictureManager( 2720): ret = true
