08-16 14:37:08.209 I/tvos    ( 1764): SetSoundMuteStatus : m_hpMute : 1, m_spdifMute : 1, m_DataInMute : 0, m_channel7Mute : 0, m_internalMute : 0, m_spkrMute : 1, m_PcmCapture1Mute : 0, m_PcmCapture2Mute : 1 
08-16 14:37:08.210 I/DatabaseManager_JNI( 3538): setDatabaseDirtyByApplication
08-16 14:37:08.212 E/DataBaseDeskImpl( 4876): ===========>>>> now change Index = 34
08-16 14:37:08.216 I/PictureManager_JNI( 2881): setBacklight
08-16 14:37:08.217 I/tvos    ( 1764): [SetBacklight] backlight value 100
08-16 14:37:08.217 I/tvos    ( 1764): get machine type is:0 
08-16 14:37:08.217 I/tvos    ( 1764): Go pql pwm 100 !!!!!
08-16 14:37:08.217 I/tvos    ( 1764): get machine type is:0 
08-16 14:37:08.217 I/PictureManager_JNI( 2720): getHdrAttributes
08-16 14:37:08.218 E/PictureManager( 2720): ret = true
08-16 14:37:08.223 I/PictureManager_JNI( 2881): setColorTemperature
08-16 14:37:08.224 I/PictureManager_JNI( 2881): setPictureModeColor
08-16 14:37:08.224 I/tvos    ( 1764): get machine type is:0 
08-16 14:37:08.224 I/tvos    ( 1764): get machine type is:0 
08-16 14:37:08.236 I/PictureManager_JNI( 2881): setPictureModeBrightness
08-16 14:37:08.238 I/tvos    ( 1764): @@@MSrv_System_Database::GetVideoSetting
08-16 14:37:08.255 I/PictureManager_JNI( 2881): setPictureModeContrast
08-16 14:37:08.258 I/tvos    ( 1764): @@@MSrv_System_Database::GetVideoSetting
08-16 14:37:08.259 I/PictureManager_JNI( 2881): setPictureModeSharpness
08-16 14:37:08.259 I/tvos    ( 1764): @@@MSrv_System_Database::GetVideoSettingget machine type is:0 
08-16 14:37:08.274 I/PictureManager_JNI( 2881): getAspectRatio
08-16 14:37:08.275 I/PictureManager_JNI( 2881): setMfc
08-16 14:37:08.275 E/PictureManagerService( 1803): PictureManagerService::Client::setMfc 3
08-16 14:37:08.276 I/tvos    ( 1764): @@@MSrv_System_Database::GetVideoSettingget machine type is:0 
08-16 14:37:08.276 I/tvos    ( 1764): get machine type is:0 
08-16 14:37:08.276 I/tvos    ( 1764):  Is This machine support new pq func :1 
08-16 14:37:08.276 I/PictureManager_JNI( 2720): setxvYCCEnable
08-16 14:37:08.277 I/tvos    ( 1764):  ---  Set_xvYCC_Mode is 2 
08-16 14:37:08.278 I/DatabaseManager_JNI( 2720): setDatabaseDirtyByApplication
08-16 14:37:08.279 I/tvos    ( 1764):  Is This machine unique or X5 :0 
08-16 14:37:08.280 I/tvos    ( 1764):  Is This machine unique or X5 :0 
08-16 14:37:08.280 I/tvos    ( 1764):  IsSwdrFuncSupported,5721, :0 
08-16 14:37:08.285 I/tvos    ( 1764): @@@MSrv_System_Database::GetUserSystemSetting
08-16 14:37:08.285 I/tvos    ( 1764):  SQL_Step Row error:5
08-16 14:37:08.286 I/PictureManager_JNI( 2720): getHdrAttributes
08-16 14:37:08.288 I/DatabaseManager_JNI( 3538): setDatabaseDirtyByApplication
08-16 14:37:08.289 E/PictureManager( 2720): ret = true
08-16 14:37:08.289 E/DataBaseDeskImpl( 4876): ===========>>>> now change Index = 25
08-16 14:37:08.304 I/PictureManager_JNI( 2720): getHdrAttributes
08-16 14:37:08.305 E/PictureManager( 2720): ret = true
08-16 14:37:08.317 I/PictureManager_JNI( 2720): getHdrAttributes
08-16 14:37:08.317 E/PictureManager( 2720): ret = true
08-16 14:37:08.328 I/PictureManager_JNI( 2720): getHdrAttributes
08-16 14:37:08.328 E/PictureManager( 2720): ret = true
08-16 14:37:08.342 I/PictureManager_JNI( 2720): getHdrAttributes
08-16 14:37:08.342 E/PictureManager( 2720): ret = true
08-16 14:37:08.353 I/PictureManager_JNI( 2720): getHdrAttributes
08-16 14:37:08.353 E/PictureManager( 2720): ret = true
08-16 14:37:08.368 I/PictureManager_JNI( 2720): getHdrAttributes
08-16 14:37:08.368 E/PictureManager( 2720): ret = true
08-16 14:37:08.380 I/PictureManager_JNI( 2720): getHdrAttributes
08-16 14:37:08.381 E/PictureManager( 2720): ret = true
08-16 14:37:08.392 I/PictureManager_JNI( 2720): getHdrAttributes
08-16 14:37:08.392 E/PictureManager( 2720): ret = true
08-16 14:37:08.402 I/tvos    ( 1764): SQL_Step Retry cnt:59
08-16 14:37:08.412 W/InputDispatcher( 2207): Focus left window: Window{c75b4a4 u0 com.stv.globalsetting}
08-16 14:37:08.412 W/InputDispatcher( 2207): Focus entered window: Window{cc05fa2 u0 com.stv.globalsetting}
08-16 14:37:08.412 W/InputDispatcher( 2207): Window went away: Window{c75b4a4 u0 com.stv.globalsetting}
08-16 14:37:08.413 W/InputEventReceiver( 2822): Attempted to finish an input event but the input event receiver has already been disposed.
08-16 14:37:08.457 I/tvos    ( 1764): GetAudioOutputDevice, retval : 0
08-16 14:37:08.486 I/tvos    ( 1764): [37m[INFO] Change to Voltage: 1150 mV (0x22)[m
08-16 14:37:08.487 I/tvos    ( 1764): [37m[INFO] Change to Voltage: 1150 mV (0x25)[m
08-16 14:37:08.487 I/tvos    ( 1764): [37m[INFO] Change to Voltage: 1150 mV (0x28)[m
08-16 14:37:08.487 I/tvos    ( 1764): [37m[INFO] Change to Voltage: 1150 mV (0x2B)[m
08-16 14:37:08.487 I/tvos    ( 1764): [37m[INFO] Change to Voltage: 1150 mV (0x2E)[m
08-16 14:37:08.487 I/tvos    ( 1764): [37m[INFO] Change to Voltage: 1150 mV (0x2E)[m
08-16 14:37:08.585 I/tvos    ( 1764): [37m[INFO] Change to Voltage: 1030 mV (0x2E)[m
08-16 14:37:08.586 I/tvos    ( 1764): [37m[INFO] Change to Voltage: 1030 mV (0x2B)[m
08-16 14:37:08.586 I/tvos    ( 1764): [37m[INFO] Change to Voltage: 1030 mV (0x28)[m
08-16 14:37:08.587 I/tvos    ( 1764): [37m[INFO] Change to Voltage: 1030 mV (0x25)[m
08-16 14:37:08.587 I/tvos    ( 1764): [37m[INFO] Change to Voltage: 1030 mV (0x22)[m
08-16 14:37:08.588 I/tvos    ( 1764): [37m[INFO] Change to Voltage: 1030 mV (0x22)[m
08-16 14:37:08.633 W/AppOps  ( 2207): Finishing op nesting under-run: uid 1000 pkg com.stv.globalsetting code 24 time=0 duration=0 nesting=0
08-16 14:37:08.707 I/tvos    ( 1764): GetAudioOutputDevice, retval : 0
08-16 14:37:08.797 I/APM::AudioPolicyEngine( 1758): getDeviceForStrategy, 359
08-16 14:37:08.953 I/remotestatus( 2207): Msg.what is 101
08-16 14:37:08.953 I/WindowManager( 2207): turn cursor off
08-16 14:37:08.953 E/RemoteManager( 2207): RemoteManager is no longer support in eui6.5
08-16 14:37:08.953 W/InputDispatcher( 2207): findFocusedWindow finished: injectionResult=0, timeSpentWaitingForApplication=0.0ms
08-16 14:37:08.953 I/GlobalSettings( 2822): BaseMultiLayerDialogHelper -- setDisMissTime on start
08-16 14:37:08.953 E/InputManager-JNI( 2207): call nativeDisableCursor method with hideCursor
08-16 14:37:08.956 W/InputDispatcher( 2207): findFocusedWindow finished: injectionResult=0, timeSpentWaitingForApplication=0.0ms
08-16 14:37:08.957 I/GlobalSettings( 2822): BaseMultiLayerDialogHelper -- setDisMissTime on start
08-16 14:37:08.958 I/tvos    ( 1764): GetAudioOutputDevice, retval : 0
08-16 14:37:09.209 I/tvos    ( 1764): GetAudioOutputDevice, retval : 0
08-16 14:37:09.459 I/tvos    ( 1764): GetAudioOutputDevice, retval : 0
08-16 14:37:09.460 W/InputDispatcher( 2207): findFocusedWindow finished: injectionResult=0, timeSpentWaitingForApplication=0.0ms
08-16 14:37:09.460 I/GlobalSettings( 2822): BaseMultiLayerDialogHelper -- setDisMissTime on start
08-16 14:37:09.480 I/LetvDialog( 2822): checkColorPrimaryDefault colorPrimaryMaterialDark : -14606047, colorPrimaryLegacy : -1644826, colorPrimary : -14606047
08-16 14:37:09.482 W/InputDispatcher( 2207): findFocusedWindow finished: injectionResult=0, timeSpentWaitingForApplication=0.0ms
08-16 14:37:09.484 I/System.out( 2822): From style:
08-16 14:37:09.484 I/System.out( 2822): Attrs: 3010001=0.6 3010002=#cc000000 3010003=null 3010004=true
08-16 14:37:09.489 I/WifiStateMachine( 2207):  DisconnectedState !SCAN_RESULTS_EVENT  rt=512295922/512295922 0 0 found=183 known=0 got=183 bcn=0 con=0
08-16 14:37:09.490 I/WifiStateMachine( 2207):  ConnectModeState !SCAN_RESULTS_EVENT  rt=512295923/512295923 0 0 found=183 known=0 got=183 bcn=0 con=0
08-16 14:37:09.491 I/WifiStateMachine( 2207):  DriverStartedState !SCAN_RESULTS_EVENT  rt=512295924/512295924 0 0 found=183 known=0 got=183 bcn=0 con=0
08-16 14:37:09.491 I/WifiStateMachine( 2207):  SupplicantStartedState !SCAN_RESULTS_EVENT  rt=512295924/512295924 0 0 found=183 known=0 got=183 bcn=0 con=0
08-16 14:37:09.492 W/InputDispatcher( 2207): Focus left window: Window{cc05fa2 u0 com.stv.globalsetting}
08-16 14:37:09.492 W/InputDispatcher( 2207): Focus entered window: Window{b1275c5 u0 com.stv.globalsetting}
08-16 14:37:09.515 E/BufferQueueProducer( 1749): [] connect(P): already connected (cur=1 req=1)
08-16 14:37:09.577 I/WifiStateMachine( 2207): setscanresults newsupplicantresult
08-16 14:37:09.709 I/tvos    ( 1764): GetAudioOutputDevice, retval : 0
08-16 14:37:09.960 I/tvos    ( 1764): GetAudioOutputDevice, retval : 0
08-16 14:37:10.210 I/tvos    ( 1764): GetAudioOutputDevice, retval : 0
08-16 14:37:10.461 I/tvos    ( 1764): GetAudioOutputDevice, retval : 0
08-16 14:37:10.662 E/LetvRemoteupgradeManager-JNI( 2613): can't get LetvManager service!
08-16 14:37:10.711 I/tvos    ( 1764): GetAudioOutputDevice, retval : 0
08-16 14:37:10.962 I/tvos    ( 1764): GetAudioOutputDevice, retval : 0
08-16 14:37:10.990 W/InputDispatcher( 2207): findFocusedWindow finished: injectionResult=0, timeSpentWaitingForApplication=0.0ms
08-16 14:37:10.994 W/InputDispatcher( 2207): findFocusedWindow finished: injectionResult=0, timeSpentWaitingForApplication=0.0ms
08-16 14:37:10.994 I/SoundPool( 2207): enter : func play
08-16 14:37:10.999 I/APM::AudioPolicyEngine( 1758): getDeviceForStrategy, 359
08-16 14:37:11.002 I/PictureManager_JNI( 2720): getHdrAttributes
08-16 14:37:11.003 E/PictureManager( 2720): ret = true
08-16 14:37:11.006 I/audio_hw_primary( 1758): version:a00004 adev_create_audio_patch::mix->device 
08-16 14:37:11.007 I/audio_hw_primary( 1758): adev_create_audio_patch *handle=-1420227928 num_audio_patch=3
08-16 14:37:11.007 I/DatabaseManager_JNI( 3538): setDatabaseDirtyByApplication
08-16 14:37:11.008 E/AudioManagerService( 1803): setAudioVolume(callingPid 1758, clientPid 1758, enSoundPath 0, volumn:0 )
08-16 14:37:11.009 E/DataBaseDeskImpl( 4876): ===========>>>> now change Index = 34
08-16 14:37:11.011 I/tvos    ( 1764): SetVolume, subWooExist 0!
08-16 14:37:11.011 I/tvos    ( 1764): mapi_audio_customer::SetAbsoluteVolume: project name is X440M
08-16 14:37:11.011 I/tvos    ( 1764): SetAbsoluteVolume: uPercent : 0, path=52(speaker), VolumeInt=7f, VolumeFra=0
08-16 14:37:11.011 I/tvos    ( 1764): SetAbsoluteVolume: uPercent(currVol) : 0, realPath=52(default), VolumeInt=7f, VolumeFra=0
08-16 14:37:11.011 I/tvos    ( 1764): mapi_audio_customer::SetAbsoluteVolume: project name is X440M
08-16 14:37:11.011 I/tvos    ( 1764): SetAbsoluteVolume: uPercent : 0, path=49(HP), VolumeInt=7f, VolumeFra=0
08-16 14:37:11.011 I/tvos    ( 1764): SetAbsoluteVolume: uPercent(currVol) : 0, realPath=49(default), VolumeInt=7f, VolumeFra=0
08-16 14:37:11.011 I/tvos    ( 1764): mapi_audio_customer::SetAbsoluteVolume: project name is X440M
08-16 14:37:11.011 I/tvos    ( 1764): SetAbsoluteVolume, m_bBTDetect is false! 
08-16 14:37:11.011 I/tvos    ( 1764): mapi_audio_customer::SetAbsoluteVolume: project name is X440M
08-16 14:37:11.011 I/tvos    ( 1764): SetAbsoluteVolume: uPercent : 0, path=255(speaker), VolumeInt=7f, VolumeFra=0
08-16 14:37:11.011 I/tvos    ( 1764): SetAbsoluteVolume: uPercent(currVol) : 0, realPath=255(default), VolumeInt=7f, VolumeFra=0
08-16 14:37:11.011 I/tvos    ( 1764): [SetMuteStatus] call SetSoundMuteStatus, line : 10369, muteType: 4, onOff : 0 
08-16 14:37:11.011 I/tvos    ( 1764): [audioBSP] #1 m_internalMute : 0 ..
08-16 14:37:11.011 I/tvos    ( 1764): #1|->SDK_bPermanentAudioMute:0<-|->SDK_bMomentAudioMute:0 <-|->SDK_bBySyncAudioMute:0<-|->SDK_bByBlockAudioMute:0<-|->SDK_bByVChipAudioMute:0<-|
08-16 14:37:11.011 I/tvos    ( 1764): #1|->SDK_bInternal1AudioMute:0<-|->SDK_bInternal2AudioMute:0<-|->SDK_bInternal3AudioMute:0<-|->SDK_bInternal4AudioMute:0<-|
08-16 14:37:11.011 I/tvos    ( 1764): #1|->SDK_bByScanInOutchgCHchg:0<-|->SDK_bByDuringLimitedTimeAudioMute:0<-|->SDK_bSourceSwitchAudioMute:0<-|
08-16 14:37:11.011 I/tvos    ( 1764): #1|->SDK_bMHEGApMute:0<-|->SDK_bAllAudioMuteCtrl:0<-|->SDK_bPowerOnMute:0<-|->SDK_bNullSourceMute0<-|->SDK_bSetInputSourceAudioMute:0<-|
08-16 14:37:11.011 I/tvos    ( 1764): [audioBSP] #2 m_spkrMute : 0 ..|->SDK_bUsrSpkrAudioMute:0<-|->SDK_bPowerOnMute:0<-|->SDK_bByUserAudioMute:0<-|
08-16 14:37:11.011 I/tvos    ( 1764): [audioBSP] #3 m_PcmCapture2Mute:0 |->SDK_bByUserPcmCapture2Mute:0<-|->SDK_SUB_bByUserAudioMute:0<-|->SDK_bByUserAudioMute:0<-|
08-16 14:37:11.011 I/tvos    ( 1764): [audioBSP] #5 m_hpMute : 1 ..|->SDK_bUsrHpAudioMute:1<-|->SDK_bPowerOnMute:0<-|->SDK_bByUserAudioMute:0<-|
08-16 14:37:11.011 I/tvos    ( 1764): [audioBSP] #12 m_spdifMute : 1 ..
08-16 14:37:11.011 I/tvos    ( 1764): #12|->SDK_bPermanentAudioMute:0<-|->SDK_bMomentAudioMute:0<-|->SDK_bByBlockAudioMute:0<-|
08-16 14:37:11.011 I/tvos    ( 1764): #12|->SDK_bByVChipAudioMute:0<-|->SDK_bInternal1AudioMute:0<-|->SDK_bInternal4AudioMute:0<-|
08-16 14:37:11.011 I/tvos    ( 1764): #12|->SDK_bByDuringLimitedTimeAudioMute:0<-|->SDK_bSourceSwitchAudioMute:0<-|->SDK_bMHEGApMute:0<-|
08-16 14:37:11.011 I/tvos    ( 1764): #12|->SDK_bPowerOnMute:0<-|->SDK_bUsrSpdifAudioMute:1<-|->SDK_bNullSourceMute:0<-|->SDK_bByAppMute:0<-|
08-16 14:37:11.011 I/tvos    ( 1764): ---Amplifier_ALC1310_LR_SWMute(0)
08-16 14:37:11.011 I/tvos    ( 1764): ALC1310 unmute good, addr: 0x13 readbackvalue: 4 
08-16 14:37:11.014 I/tvos    ( 1764): SetSoundMuteStatus : m_hpMute : 1, m_spdifMute : 1, m_DataInMute : 0, m_channel7Mute : 0, m_internalMute : 0, m_spkrMute : 0, m_PcmCapture1Mute : 0, m_PcmCapture2Mute : 0 
08-16 14:37:11.014 I/AudioUtil( 1758): setParameters spk_volume=0
08-16 14:37:11.014 I/audio_hw_primary( 1758): adev_set_parameters: spk_volume=0
08-16 14:37:11.015 I/tvos    ( 1764): GetAudioOutputDevice, retval : 0
08-16 14:37:11.015 I/tvos    ( 1764): [SetMuteStatus] call SetSoundMuteStatus, line : 10369, muteType: 67108864, onOff : 1 
08-16 14:37:11.015 I/tvos    ( 1764): _TransMSrvMuteTypeToSDKMuteType: Err! muteType(67108864) is out of Range
08-16 14:37:11.016 I/PictureManager_JNI( 2881): setBacklight
08-16 14:37:11.016 I/PictureManager_JNI( 2720): getHdrAttributes
08-16 14:37:11.018 I/tvos    ( 1764): [SetMuteStatus] call SetSoundMuteStatus, line : 10369, muteType: 4, onOff : 1 
08-16 14:37:11.018 I/tvos    ( 1764): [audioBSP] #1 m_internalMute : 0 ..
08-16 14:37:11.018 I/tvos    ( 1764): #1|->SDK_bPermanentAudioMute:0<-|->SDK_bMomentAudioMute:0 <-|->SDK_bBySyncAudioMute:0<-|->SDK_bByBlockAudioMute:0<-|->SDK_bByVChipAudioMute:0<-|
08-16 14:37:11.018 I/tvos    ( 1764): #1|->SDK_bInternal1AudioMute:0<-|->SDK_bInternal2AudioMute:0<-|->SDK_bInternal3AudioMute:0<-|->SDK_bInternal4AudioMute:0<-|
08-16 14:37:11.018 I/tvos    ( 1764): #1|->SDK_bByScanInOutchgCHchg:0<-|->SDK_bByDuringLimitedTimeAudioMute:0<-|->SDK_bSourceSwitchAudioMute:0<-|
08-16 14:37:11.018 I/tvos    ( 1764): #1|->SDK_bMHEGApMute:0<-|->SDK_bAllAudioMuteCtrl:0<-|->SDK_bPowerOnMute:0<-|->SDK_bNullSourceMute0<-|->SDK_bSetInputSourceAudioMute:0<-|
08-16 14:37:11.018 I/tvos    ( 1764): [audioBSP] #2 m_spkrMute : 1 ..|->SDK_bUsrSpkrAudioMute:0<-|->SDK_bPowerOnMute:0<-|->SDK_bByUserAudioMute:1<-|
08-16 14:37:11.018 I/tvos    ( 1764): [audioBSP] #3 m_PcmCapture2Mute:1 |->SDK_bByUserPcmCapture2Mute:0<-|->SDK_SUB_bByUserAudioMute:0<-|->SDK_bByUserAudioMute:1<-|
08-16 14:37:11.018 I/tvos    ( 1764): [audioBSP] #5 m_hpMute : 1 ..|->SDK_bUsrHpAudioMute:1<-|->SDK_bPowerOnMute:0<-|->SDK_bByUserAudioMute:1<-|
08-16 14:37:11.018 I/tvos    ( 1764): [audioBSP] #12 m_spdifMute : 1 ..
08-16 14:37:11.018 I/tvos    ( 1764): #12|->SDK_bPermanentAudioMute:0<-|->SDK_bMomentAudioMute:0<-|->SDK_bByBlockAudioMute:0<-|
08-16 14:37:11.018 I/tvos    ( 1764): #12|->SDK_bByVChipAudioMute:0<-|->SDK_bInternal1AudioMute:0<-|->SDK_bInternal4AudioMute:0<-|
08-16 14:37:11.018 I/tvos    ( 1764): #12|->SDK_bByDuringLimitedTimeAudioMute:0<-|->SDK_bSourceSwitchAudioMute:0<-|->SDK_bMHEGApMute:0<-|
08-16 14:37:11.018 I/tvos    ( 1764): #12|->SDK_bPowerOnMute:0<-|->SDK_bUsrSpdifAudioMute:1<-|->SDK_bNullSourceMute:0<-|->SDK_bByAppMute:0<-|
08-16 14:37:11.018 I/tvos    ( 1764): ---Amplifier_ALC1310_LR_SWMute(1)
08-16 14:37:11.018 I/tvos    ( 1764): [SetBacklight] backlight value 100
08-16 14:37:11.018 I/tvos    ( 1764): get machine type is:0 
08-16 14:37:11.018 I/tvos    ( 1764): Go pql pwm 100 !!!!!
08-16 14:37:11.018 I/tvos    ( 1764): get machine type is:0 
08-16 14:37:11.018 I/tvos    ( 1764): ALC1310 mute write good, addr: 0x13, readback data : 49164, write cmd times : 1
08-16 14:37:11.018 E/PictureManager( 2720): ret = true
08-16 14:37:11.020 I/tvos    ( 1764): SetSoundMuteStatus : m_hpMute : 1, m_spdifMute : 1, m_DataInMute : 0, m_channel7Mute : 0, m_internalMute : 0, m_spkrMute : 1, m_PcmCapture1Mute : 0, m_PcmCapture2Mute : 1 
08-16 14:37:11.025 I/PictureManager_JNI( 2881): setColorTemperature
08-16 14:37:11.026 I/PictureManager_JNI( 2881): setPictureModeColor
08-16 14:37:11.026 I/tvos    ( 1764): get machine type is:0 
08-16 14:37:11.026 I/tvos    ( 1764): get machine type is:0 
08-16 14:37:11.030 I/PictureManager_JNI( 2881): setPictureModeBrightness
08-16 14:37:11.033 I/tvos    ( 1764): @@@MSrv_System_Database::GetVideoSetting
08-16 14:37:11.035 I/PictureManager_JNI( 2881): setPictureModeContrast
08-16 14:37:11.038 I/tvos    ( 1764): @@@MSrv_System_Database::GetVideoSetting
08-16 14:37:11.043 I/PictureManager_JNI( 2881): setPictureModeSharpness
08-16 14:37:11.043 I/tvos    ( 1764): @@@MSrv_System_Database::GetVideoSettingget machine type is:0 
08-16 14:37:11.054 I/PictureManager_JNI( 2881): getAspectRatio
08-16 14:37:11.056 I/PictureManager_JNI( 2881): setMfc
08-16 14:37:11.056 E/PictureManagerService( 1803): PictureManagerService::Client::setMfc 3
08-16 14:37:11.056 I/tvos    ( 1764): @@@MSrv_System_Database::GetVideoSettingget machine type is:0 
08-16 14:37:11.056 I/tvos    ( 1764): get machine type is:0 
08-16 14:37:11.057 I/tvos    ( 1764):  Is This machine support new pq func :1 
08-16 14:37:11.060 I/PictureManager_JNI( 2720): setxvYCCEnable
08-16 14:37:11.060 I/tvos    ( 1764):  ---  Set_xvYCC_Mode is 2 
08-16 14:37:11.062 I/DatabaseManager_JNI( 2720): setDatabaseDirtyByApplication
08-16 14:37:11.063 I/tvos    ( 1764):  Is This machine unique or X5 :0 
08-16 14:37:11.064 I/tvos    ( 1764):  Is This machine unique or X5 :0 
08-16 14:37:11.064 I/tvos    ( 1764):  IsSwdrFuncSupported,5721, :0 
08-16 14:37:11.067 I/DatabaseManager_JNI( 3538): setDatabaseDirtyByApplication
08-16 14:37:11.068 I/PictureManager_JNI( 2720): getHdrAttributes
08-16 14:37:11.068 E/PictureManager( 2720): ret = true
08-16 14:37:11.071 E/DataBaseDeskImpl( 4876): ===========>>>> now change Index = 25
08-16 14:37:11.082 I/PictureManager_JNI( 2720): getHdrAttributes
08-16 14:37:11.082 E/PictureManager( 2720): ret = true
08-16 14:37:11.094 I/PictureManager_JNI( 2720): getHdrAttributes
08-16 14:37:11.094 E/PictureManager( 2720): ret = true
08-16 14:37:11.106 I/PictureManager_JNI( 2720): getHdrAttributes
08-16 14:37:11.106 E/PictureManager( 2720): ret = true
08-16 14:37:11.117 I/PictureManager_JNI( 2720): getHdrAttributes
08-16 14:37:11.117 E/PictureManager( 2720): ret = true
08-16 14:37:11.129 I/PictureManager_JNI( 2720): getHdrAttributes
08-16 14:37:11.130 E/PictureManager( 2720): ret = true
08-16 14:37:11.140 I/PictureManager_JNI( 2720): getHdrAttributes
08-16 14:37:11.140 E/PictureManager( 2720): ret = true
08-16 14:37:11.152 I/PictureManager_JNI( 2720): getHdrAttributes
08-16 14:37:11.152 E/PictureManager( 2720): ret = true
08-16 14:37:11.164 I/PictureManager_JNI( 2720): getHdrAttributes
08-16 14:37:11.164 E/PictureManager( 2720): ret = true
08-16 14:37:11.183 W/InputDispatcher( 2207): Focus left window: Window{b1275c5 u0 com.stv.globalsetting}
08-16 14:37:11.183 W/InputDispatcher( 2207): Focus entered window: Window{cc05fa2 u0 com.stv.globalsetting}
08-16 14:37:11.183 W/InputDispatcher( 2207): Window went away: Window{b1275c5 u0 com.stv.globalsetting}
08-16 14:37:11.184 W/InputEventReceiver( 2822): Attempted to finish an input event but the input event receiver has already been disposed.
08-16 14:37:11.212 I/tvos    ( 1764): @@@MSrv_System_Database::GetUserSystemSettingGetAudioOutputDevice, retval : 0
08-16 14:37:11.393 W/AppOps  ( 2207): Finishing op nesting under-run: uid 1000 pkg com.stv.globalsetting code 24 time=0 duration=0 nesting=0
08-16 14:37:11.462 I/tvos    ( 1764): GetAudioOutputDevice, retval : 0
08-16 14:37:11.613 I/APM::AudioPolicyEngine( 1758): getDeviceForStrategy, 359
08-16 14:37:11.695 I/remotestatus( 2207): Msg.what is 101
08-16 14:37:11.695 I/WindowManager( 2207): turn cursor off
08-16 14:37:11.695 E/RemoteManager( 2207): RemoteManager is no longer support in eui6.5
08-16 14:37:11.695 W/InputDispatcher( 2207): findFocusedWindow finished: injectionResult=0, timeSpentWaitingForApplication=0.0ms
08-16 14:37:11.695 I/GlobalSettings( 2822): BaseMultiLayerDialogHelper -- setDisMissTime on start
08-16 14:37:11.695 E/InputManager-JNI( 2207): call nativeDisableCursor method with hideCursor
08-16 14:37:11.698 W/InputDispatcher( 2207): findFocusedWindow finished: injectionResult=0, timeSpentWaitingForApplication=0.0ms
08-16 14:37:11.699 I/GlobalSettings( 2822): BaseMultiLayerDialogHelper -- setDisMissTime on start
08-16 14:37:11.713 I/tvos    ( 1764): GetAudioOutputDevice, retval : 0
08-16 14:37:11.963 I/tvos    ( 1764): GetAudioOutputDevice, retval : 0
08-16 14:37:12.202 W/InputDispatcher( 2207): findFocusedWindow finished: injectionResult=0, timeSpentWaitingForApplication=0.0ms
08-16 14:37:12.202 I/GlobalSettings( 2822): BaseMultiLayerDialogHelper -- setDisMissTime on start
08-16 14:37:12.205 W/InputDispatcher( 2207): findFocusedWindow finished: injectionResult=0, timeSpentWaitingForApplication=0.0ms
08-16 14:37:12.205 I/GlobalSettings( 2822): BaseMultiLayerDialogHelper -- setDisMissTime on start
08-16 14:37:12.210 W/InputDispatcher( 2207): Focus left window: Window{cc05fa2 u0 com.stv.globalsetting}
08-16 14:37:12.210 W/InputDispatcher( 2207): Focus entered window: Window{632f14a u0 com.stv.globalsetting}
08-16 14:37:12.210 W/InputDispatcher( 2207): Window went away: Window{cc05fa2 u0 com.stv.globalsetting}
08-16 14:37:12.212 W/InputEventReceiver( 2822): Attempted to finish an input event but the input event receiver has already been disposed.
08-16 14:37:12.214 I/tvos    ( 1764): GetAudioOutputDevice, retval : 0
08-16 14:37:12.278 E/BufferQueueProducer( 1749): [] connect(P): already connected (cur=1 req=1)
08-16 14:37:12.290 E/SurfaceFlinger( 1749): rejecting buffer: bufWidth=608, bufHeight=1080, front.active.{w=630, h=1080}
08-16 14:37:12.297 E/BufferQueueProducer( 1749): [] connect(P): already connected (cur=1 req=1)
08-16 14:37:12.464 I/tvos    ( 1764): GetAudioOutputDevice, retval : 0
08-16 14:37:12.715 I/tvos    ( 1764): GetAudioOutputDevice, retval : 0
08-16 14:37:12.839 W/InputDispatcher( 2207): findFocusedWindow finished: injectionResult=0, timeSpentWaitingForApplication=0.0ms
08-16 14:37:12.839 I/GlobalSettings( 2822): BaseMultiLayerDialogHelper -- setDisMissTime on start
08-16 14:37:12.842 W/InputDispatcher( 2207): findFocusedWindow finished: injectionResult=0, timeSpentWaitingForApplication=0.0ms
08-16 14:37:12.842 I/GlobalSettings( 2822): BaseMultiLayerDialogHelper -- setDisMissTime on start
08-16 14:37:12.848 W/InputDispatcher( 2207): Focus left window: Window{632f14a u0 com.stv.globalsetting}
08-16 14:37:12.848 W/InputDispatcher( 2207): Focus entered window: Window{23c0535 u0 com.stv.launcher/com.stv.launcher.ui.activity.Launcher}
08-16 14:37:12.848 W/InputDispatcher( 2207): Window went away: Window{632f14a u0 com.stv.globalsetting}
08-16 14:37:12.856 I/GlobalSettings( 2822): SettingDialog --  onBackPressed 
08-16 14:37:12.856 W/InputEventReceiver( 2822): Attempted to finish an input event but the input event receiver has already been disposed.
08-16 14:37:12.856 I/GlobalSettings( 2822): BaseMultiLayerDialogHelper -- dialog is all dismiss,cancel timer
08-16 14:37:12.965 I/tvos    ( 1764): GetAudioOutputDevice, retval : 0
08-16 14:37:13.215 I/tvos    ( 1764): GetAudioOutputDevice, retval : 0
08-16 14:37:13.361 W/InputDispatcher( 2207): findFocusedWindow finished: injectionResult=0, timeSpentWaitingForApplication=0.0ms
08-16 14:37:13.361 I/AppPlugin( 3007): AppWorkspace -- dispatchKeyEvent folderWorkspace back event no respose,so force hide folderWorkspace.
08-16 14:37:13.362 I/GlobalFocusChangedListe( 3007): com.stv.launcher.ui.widget.TabItemNew
08-16 14:37:13.370 W/InputDispatcher( 2207): findFocusedWindow finished: injectionResult=0, timeSpentWaitingForApplication=0.0ms
08-16 14:37:13.410 I/AppPlugin( 3007): ReportLogUtil -- startExposureReport
08-16 14:37:13.466 I/tvos    ( 1764): GetAudioOutputDevice, retval : 0
08-16 14:37:13.662 E/LetvRemoteupgradeManager-JNI( 2613): can't get LetvManager service!
08-16 14:37:13.716 I/tvos    ( 1764): GetAudioOutputDevice, retval : 0
08-16 14:37:13.967 I/tvos    ( 1764): GetAudioOutputDevice, retval : 0
08-16 14:37:13.997 W/InputDispatcher( 2207): findFocusedWindow finished: injectionResult=0, timeSpentWaitingForApplication=0.0ms
08-16 14:37:14.000 W/InputDispatcher( 2207): findFocusedWindow finished: injectionResult=0, timeSpentWaitingForApplication=0.0ms
08-16 14:37:14.217 I/tvos    ( 1764): GetAudioOutputDevice, retval : 0
08-16 14:37:14.467 I/tvos    ( 1764): GetAudioOutputDevice, retval : 0
08-16 14:37:14.504 W/InputDispatcher( 2207): findFocusedWindow finished: injectionResult=0, timeSpentWaitingForApplication=0.0ms
08-16 14:37:14.507 W/InputDispatcher( 2207): findFocusedWindow finished: injectionResult=0, timeSpentWaitingForApplication=0.0ms
08-16 14:37:14.718 I/tvos    ( 1764): GetAudioOutputDevice, retval : 0
08-16 14:37:14.968 I/tvos    ( 1764): GetAudioOutputDevice, retval : 0
08-16 14:37:15.011 W/InputDispatcher( 2207): findFocusedWindow finished: injectionResult=0, timeSpentWaitingForApplication=0.0ms
08-16 14:37:15.015 W/InputDispatcher( 2207): findFocusedWindow finished: injectionResult=0, timeSpentWaitingForApplication=0.0ms
08-16 14:37:15.219 I/tvos    ( 1764): GetAudioOutputDevice, retval : 0
08-16 14:37:15.469 I/tvos    ( 1764): GetAudioOutputDevice, retval : 0
08-16 14:37:15.720 I/tvos    ( 1764): GetAudioOutputDevice, retval : 0
08-16 14:37:15.970 I/tvos    ( 1764): GetAudioOutputDevice, retval : 0
08-16 14:37:16.220 I/tvos    ( 1764): GetAudioOutputDevice, retval : 0
08-16 14:37:16.471 I/tvos    ( 1764): GetAudioOutputDevice, retval : 0
08-16 14:37:16.663 E/LetvRemoteupgradeManager-JNI( 2613): can't get LetvManager service!
08-16 14:37:16.721 I/tvos    ( 1764): GetAudioOutputDevice, retval : 0
08-16 14:37:16.723 W/InputDispatcher( 2207): findFocusedWindow finished: injectionResult=0, timeSpentWaitingForApplication=0.0ms
08-16 14:37:16.726 W/InputDispatcher( 2207): findFocusedWindow finished: injectionResult=0, timeSpentWaitingForApplication=0.0ms
08-16 14:37:16.972 I/tvos    ( 1764): GetAudioOutputDevice, retval : 0
08-16 14:37:17.222 I/tvos    ( 1764): GetAudioOutputDevice, retval : 0
08-16 14:37:17.473 I/tvos    ( 1764): GetAudioOutputDevice, retval : 0
08-16 14:37:17.723 I/tvos    ( 1764): GetAudioOutputDevice, retval : 0
08-16 14:37:17.973 I/tvos    ( 1764): GetAudioOutputDevice, retval : 0
08-16 14:37:18.224 I/tvos    ( 1764): GetAudioOutputDevice, retval : 0
08-16 14:37:18.359 I/System.out(21326): The phone type is: X4-40M
08-16 14:37:18.359 I/LetvTestCase(21326): ==========================case end time is :2018-8-16-2-37-18
08-16 14:37:18.359 I/TestRunner(21326): finished: testSetting(com.letv.cases.leui.SmokeSetting)
08-16 14:37:18.362 I/MonitoringInstrumentation(21326): Activities that are still in CREATED to STOPPED: 0
08-16 14:37:18.362 I/TestRunner(21326): run finished: 1 tests, 0 failed, 0 ignored
08-16 14:37:18.364 I/MonitoringInstrumentation(21326): waitForActivitiesToComplete() took: 0ms
08-16 14:37:18.364 I/MonitoringInstrumentation(21326): Activities that are still in CREATED to STOPPED: 0
08-16 14:37:18.365 W/WindowManager( 2207): Attempted to remove non-existing token: android.os.Binder@70832ec
08-16 14:37:18.385 I/tvos    ( 1764): [37m[INFO] Change to Voltage: 1150 mV (0x22)[m
08-16 14:37:18.385 I/tvos    ( 1764): [37m[INFO] Change to Voltage: 1150 mV (0x25)[m
08-16 14:37:18.385 I/tvos    ( 1764): [37m[INFO] Change to Voltage: 1150 mV (0x28)[m
08-16 14:37:18.387 I/tvos    ( 1764): [37m[INFO] Change to Voltage: 1150 mV (0x2B)[m
08-16 14:37:18.388 I/tvos    ( 1764): [37m[INFO] Change to Voltage: 1150 mV (0x2E)[m
08-16 14:37:18.388 I/tvos    ( 1764): [37m[INFO] Change to Voltage: 1150 mV (0x2E)[m
08-16 14:37:18.474 I/tvos    ( 1764): GetAudioOutputDevice, retval : 0
08-16 14:37:18.487 I/tvos    ( 1764): [37m[INFO] Change to Voltage: 1030 mV (0x2E)[m
08-16 14:37:18.487 I/tvos    ( 1764): [37m[INFO] Change to Voltage: 1030 mV (0x2B)[m
08-16 14:37:18.487 I/tvos    ( 1764): [37m[INFO] Change to Voltage: 1030 mV (0x28)[m
08-16 14:37:18.487 I/tvos    ( 1764): [37m[INFO] Change to Voltage: 1030 mV (0x25)[m
08-16 14:37:18.487 I/tvos    ( 1764): [37m[INFO] Change to Voltage: 1030 mV (0x22)[m
08-16 14:37:18.487 I/tvos    ( 1764): [37m[INFO] Change to Voltage: 1030 mV (0x22)[m
08-16 14:37:18.639 I/ActivityManager( 2207): Force stopping com.le.tcauto.uitest appid=10097 user=0: finished inst
08-16 14:37:18.640 I/ActivityManager( 2207): Killing 21326:com.le.tcauto.uitest/u0a97 (adj 0): stop com.le.tcauto.uitest
08-16 14:37:18.646 W/ActivityManager( 2207): Error shutting down UiAutomationConnection
08-16 14:37:18.688 W/art     ( 2207): Long monitor contention event with owner method=void com.android.server.am.ActivityManagerService.finishInstrumentation(android.app.IApplicationThread, int, android.os.Bundle) from ActivityManagerService.java:17778 waiters=0 for 288ms
08-16 14:37:18.725 I/tvos    ( 1764): GetAudioOutputDevice, retval : 0
08-16 14:37:18.728 I/lbplayer( 4071): [main]:ServiceDOWN:dlnaRender is running
08-16 14:37:18.728 I/lbplayer( 4071): [main]:ServiceDOWN:LeLinkService is running
08-16 14:37:18.728 I/lbplayer( 4071): [main]:ServiceDOWN:mainServer is running
08-16 14:37:18.975 I/tvos    ( 1764): GetAudioOutputDevice, retval : 0
08-16 14:37:19.225 I/tvos    ( 1764): GetAudioOutputDevice, retval : 0
08-16 14:37:19.311 I/reService( 2207): onReportKeyEvent  type=type0 keycode=23*20*23*23*20*23*23*20*4*4*4*4*4*4*4 
08-16 14:37:19.312 E/LETV_DEVICE( 1780): no name sn for Mstar
08-16 14:37:19.318 E/ActivityThread( 2837): Failed to find provider info for com.letv.agnes.InfoProvider
08-16 14:37:19.319 E/ActivityThread( 2837): Failed to find provider info for com.letv.agnes.InfoProvider
08-16 14:37:19.319 W/System.err( 2837): java.lang.IllegalArgumentException: Unknown URL content://com.letv.agnes.InfoProvider
08-16 14:37:19.319 W/System.err( 2837): 	at android.content.ContentResolver.insert(ContentResolver.java:1227)
08-16 14:37:19.319 W/System.err( 2837): 	at com.letv.tracker2.agnes.Configuration.addDebugInfo(Configuration.java:289)
08-16 14:37:19.319 W/System.err( 2837): 	at com.letv.tracker2.agnes.MessageProcessor$SendEnvMsgTr$1.handleMessage(MessageProcessor.java:661)
08-16 14:37:19.319 W/System.err( 2837): 	at android.os.Handler.dispatchMessage(Handler.java:102)
08-16 14:37:19.319 W/System.err( 2837): 	at android.os.Looper.loop(Looper.java:148)
08-16 14:37:19.319 W/System.err( 2837): 	at com.letv.tracker2.agnes.MessageProcessor$SendEnvMsgTr.run(MessageProcessor.java:665)
08-16 14:37:19.323 I/[T1.0.6.3]EuiAgnes_Server( 2837): resCode:1
08-16 14:37:19.323 I/[T1.0.6.3]EuiAgnes_Server( 2837): b[0]:0
08-16 14:37:19.476 I/tvos    ( 1764): GetAudioOutputDevice, retval : 0
08-16 14:37:19.663 E/LetvRemoteupgradeManager-JNI( 2613): can't get LetvManager service!
08-16 14:37:19.726 I/tvos    ( 1764): GetAudioOutputDevice, retval : 0
08-16 14:37:19.977 I/tvos    ( 1764): GetAudioOutputDevice, retval : 0
08-16 14:37:20.227 I/tvos    ( 1764): GetAudioOutputDevice, retval : 0
08-16 14:37:20.478 I/tvos    ( 1764): GetAudioOutputDevice, retval : 0
08-16 14:37:20.728 I/tvos    ( 1764): GetAudioOutputDevice, retval : 0
08-16 14:37:20.979 I/tvos    ( 1764): GetAudioOutputDevice, retval : 0
08-16 14:37:21.229 I/tvos    ( 1764): GetAudioOutputDevice, retval : 0
08-16 14:37:21.479 I/tvos    ( 1764): GetAudioOutputDevice, retval : 0
08-16 14:37:21.651 I/WifiStateMachine( 2207):  DisconnectedState !CMD_START_SCAN  rt=512308084/512308084 -2 34132 ic=1 proc(ms):15012 dur:2851 cnt=34132 rssi=-127 f=-1 sc=0 link=-1 tx=0.0, 0.0, 0.0  rx=0.0 fiv=20000 [on:0 tx:0 rx:0 period:15010] from screen [on:0 period:1098116979]
08-16 14:37:21.652 I/WifiStateMachine( 2207): handlescanrequest  starting scan for 
08-16 14:37:21.652 I/WifiStateMachine( 2207): startscannative  starting scan for 
08-16 14:37:21.730 I/tvos    ( 1764): GetAudioOutputDevice, retval : 0
08-16 14:37:21.980 I/tvos    ( 1764): GetAudioOutputDevice, retval : 0
08-16 14:37:22.231 I/tvos    ( 1764): GetAudioOutputDevice, retval : 0
08-16 14:37:22.481 I/tvos    ( 1764): GetAudioOutputDevice, retval : 0
08-16 14:37:22.664 E/LetvRemoteupgradeManager-JNI( 2613): can't get LetvManager service!
08-16 14:37:22.731 I/tvos    ( 1764): GetAudioOutputDevice, retval : 0
08-16 14:37:22.982 I/tvos    ( 1764): GetAudioOutputDevice, retval : 0
08-16 14:37:23.232 I/tvos    ( 1764): GetAudioOutputDevice, retval : 0
08-16 14:37:23.483 I/tvos    ( 1764): GetAudioOutputDevice, retval : 0
08-16 14:37:23.733 I/tvos    ( 1764): GetAudioOutputDevice, retval : 0
08-16 14:37:23.984 I/tvos    ( 1764): GetAudioOutputDevice, retval : 0
08-16 14:37:24.234 I/tvos    ( 1764): GetAudioOutputDevice, retval : 0
08-16 14:37:24.485 I/tvos    ( 1764): GetAudioOutputDevice, retval : 0
08-16 14:37:24.500 I/WifiStateMachine( 2207):  DisconnectedState !SCAN_RESULTS_EVENT  rt=512310933/512310933 0 0 found=163 known=0 got=163 bcn=0 con=0
08-16 14:37:24.500 I/WifiStateMachine( 2207):  ConnectModeState !SCAN_RESULTS_EVENT  rt=512310934/512310934 0 0 found=163 known=0 got=163 bcn=0 con=0
08-16 14:37:24.501 I/WifiStateMachine( 2207):  DriverStartedState !SCAN_RESULTS_EVENT  rt=512310934/512310934 0 0 found=163 known=0 got=163 bcn=0 con=0
08-16 14:37:24.501 I/WifiStateMachine( 2207):  SupplicantStartedState !SCAN_RESULTS_EVENT  rt=512310934/512310934 0 0 found=163 known=0 got=163 bcn=0 con=0
08-16 14:37:24.582 I/WifiStateMachine( 2207): setscanresults newsupplicantresult
08-16 14:37:24.735 I/tvos    ( 1764): GetAudioOutputDevice, retval : 0
08-16 14:37:24.985 I/tvos    ( 1764): GetAudioOutputDevice, retval : 0
08-16 14:37:25.236 I/tvos    ( 1764): GetAudioOutputDevice, retval : 0
08-16 14:37:25.486 I/tvos    ( 1764): GetAudioOutputDevice, retval : 0
08-16 14:37:25.664 E/LetvRemoteupgradeManager-JNI( 2613): can't get LetvManager service!
08-16 14:37:25.737 I/tvos    ( 1764): GetAudioOutputDevice, retval : 0
08-16 14:37:25.987 I/tvos    ( 1764): GetAudioOutputDevice, retval : 0
08-16 14:37:26.237 I/tvos    ( 1764): GetAudioOutputDevice, retval : 0
08-16 14:37:26.488 I/tvos    ( 1764): GetAudioOutputDevice, retval : 0
08-16 14:37:26.738 I/tvos    ( 1764): GetAudioOutputDevice, retval : 0
08-16 14:37:26.988 I/tvos    ( 1764): GetAudioOutputDevice, retval : 0
08-16 14:37:27.239 I/tvos    ( 1764): GetAudioOutputDevice, retval : 0
08-16 14:37:27.489 I/tvos    ( 1764): GetAudioOutputDevice, retval : 0
08-16 14:37:27.740 I/tvos    ( 1764): GetAudioOutputDevice, retval : 0
08-16 14:37:27.990 I/tvos    ( 1764): GetAudioOutputDevice, retval : 0
08-16 14:37:28.241 I/tvos    ( 1764): GetAudioOutputDevice, retval : 0
08-16 14:37:28.491 I/tvos    ( 1764): GetAudioOutputDevice, retval : 0
08-16 14:37:28.664 E/LetvRemoteupgradeManager-JNI( 2613): can't get LetvManager service!
08-16 14:37:28.741 I/tvos    ( 1764): GetAudioOutputDevice, retval : 0
08-16 14:37:28.745 I/tvos    ( 1764): bq32kDriver:rtc_read_time.
08-16 14:37:28.745 I/tvos    ( 1764): [hq]rtc_read_time: read 0x28 0x37 0xc6 0x05 0x16 0x08 0x18
08-16 14:37:28.745 I/tvos    ( 1764): rtc_read_time: date 28s 37m 6h 16md 7m 118y
08-16 14:37:28.745 I/tvos    ( 1764): rtc read time:2018-8-16 6:37:28.
08-16 14:37:28.745 I/tvos    ( 1764): tm_year = 2018, tm_mon = 8, tm_mday = 16, tm_hour = 6,tm_min= 37,  tm_sec = 28
08-16 14:37:28.745 I/tvos    ( 1764): timeSeconds:1534401448 rtcTimeSeconds:1534401448.
08-16 14:37:28.992 I/tvos    ( 1764): GetAudioOutputDevice, retval : 0
08-16 14:37:29.242 I/tvos    ( 1764): GetAudioOutputDevice, retval : 0
08-16 14:37:29.493 I/tvos    ( 1764): GetAudioOutputDevice, retval : 0
08-16 14:37:29.743 I/tvos    ( 1764): GetAudioOutputDevice, retval : 0
08-16 14:37:29.993 I/tvos    ( 1764): GetAudioOutputDevice, retval : 0
08-16 14:37:30.244 I/tvos    ( 1764): GetAudioOutputDevice, retval : 0
08-16 14:37:30.494 I/tvos    ( 1764): GetAudioOutputDevice, retval : 0
08-16 14:37:30.745 I/tvos    ( 1764): GetAudioOutputDevice, retval : 0
08-16 14:37:30.995 I/tvos    ( 1764): GetAudioOutputDevice, retval : 0
08-16 14:37:31.245 I/tvos    ( 1764): GetAudioOutputDevice, retval : 0
08-16 14:37:31.496 I/tvos    ( 1764): GetAudioOutputDevice, retval : 0
08-16 14:37:31.665 E/LetvRemoteupgradeManager-JNI( 2613): can't get LetvManager service!
08-16 14:37:31.746 I/tvos    ( 1764): GetAudioOutputDevice, retval : 0
08-16 14:37:31.997 I/tvos    ( 1764): GetAudioOutputDevice, retval : 0
08-16 14:37:32.247 I/tvos    ( 1764): GetAudioOutputDevice, retval : 0
08-16 14:37:32.498 I/tvos    ( 1764): GetAudioOutputDevice, retval : 0
08-16 14:37:32.748 I/tvos    ( 1764): GetAudioOutputDevice, retval : 0
08-16 14:37:32.998 I/tvos    ( 1764): GetAudioOutputDevice, retval : 0
08-16 14:37:33.249 I/tvos    ( 1764): GetAudioOutputDevice, retval : 0
08-16 14:37:33.499 I/tvos    ( 1764): GetAudioOutputDevice, retval : 0
08-16 14:37:33.749 I/tvos    ( 1764): GetAudioOutputDevice, retval : 0
08-16 14:37:34.000 I/tvos    ( 1764): GetAudioOutputDevice, retval : 0
08-16 14:37:34.250 I/tvos    ( 1764): GetAudioOutputDevice, retval : 0
08-16 14:37:34.501 I/tvos    ( 1764): GetAudioOutputDevice, retval : 0
08-16 14:37:34.665 E/LetvRemoteupgradeManager-JNI( 2613): can't get LetvManager service!
08-16 14:37:34.751 I/tvos    ( 1764): GetAudioOutputDevice, retval : 0
08-16 14:37:35.002 I/tvos    ( 1764): GetAudioOutputDevice, retval : 0
08-16 14:37:35.252 I/tvos    ( 1764): GetAudioOutputDevice, retval : 0
08-16 14:37:35.502 I/tvos    ( 1764): GetAudioOutputDevice, retval : 0
08-16 14:37:35.753 I/tvos    ( 1764): GetAudioOutputDevice, retval : 0
08-16 14:37:36.003 I/tvos    ( 1764): GetAudioOutputDevice, retval : 0
