08-16 14:36:59.536 W/ViewRootImpl( 3007): Cancelling event due to no window focus: KeyEvent { action=ACTION_UP, keyCode=KEYCODE_DPAD_CENTER, scanCode=0, metaState=0, flags=0x20, repeatCount=0, eventTime=512285956, downTime=512285956, deviceId=-1, source=0x101 }
08-16 14:36:59.536 W/ViewRootImpl( 3007): Cancelling event due to no window focus: KeyEvent { action=ACTION_UP, keyCode=KEYCODE_DPAD_CENTER, scanCode=0, metaState=0, flags=0x20, repeatCount=0, eventTime=512285956, downTime=512285956, deviceId=-1, source=0x101 }
08-16 14:36:59.536 W/ViewRootImpl( 3007): Cancelling event due to no window focus: KeyEvent { action=ACTION_UP, keyCode=KEYCODE_DPAD_CENTER, scanCode=0, metaState=0, flags=0x20, repeatCount=0, eventTime=512285956, downTime=512285956, deviceId=-1, source=0x101 }
08-16 14:36:59.536 W/ViewRootImpl( 3007): Cancelling event due to no window focus: KeyEvent { action=ACTION_UP, keyCode=KEYCODE_DPAD_CENTER, scanCode=0, metaState=0, flags=0x20, repeatCount=0, eventTime=512285956, downTime=512285956, deviceId=-1, source=0x101 }
08-16 14:36:59.536 W/ViewRootImpl( 3007): Cancelling event due to no window focus: KeyEvent { action=ACTION_UP, keyCode=KEYCODE_DPAD_CENTER, scanCode=0, metaState=0, flags=0x20, repeatCount=0, eventTime=512285956, downTime=512285956, deviceId=-1, source=0x101 }
08-16 14:36:59.537 W/ViewRootImpl( 3007): Cancelling event due to no window focus: KeyEvent { action=ACTION_UP, keyCode=KEYCODE_DPAD_CENTER, scanCode=0, metaState=0, flags=0x20, repeatCount=0, eventTime=512285956, downTime=512285956, deviceId=-1, source=0x101 }
08-16 14:36:59.537 W/ViewRootImpl( 3007): Cancelling event due to no window focus: KeyEvent { action=ACTION_UP, keyCode=KEYCODE_DPAD_CENTER, scanCode=0, metaState=0, flags=0x20, repeatCount=0, eventTime=512285956, downTime=512285956, deviceId=-1, source=0x101 }
08-16 14:36:59.537 W/ViewRootImpl( 3007): Cancelling event due to no window focus: KeyEvent { action=ACTION_UP, keyCode=KEYCODE_DPAD_CENTER, scanCode=0, metaState=0, flags=0x20, repeatCount=0, eventTime=512285956, downTime=512285956, deviceId=-1, source=0x101 }
08-16 14:36:59.551 I/GlobalSettings( 2822): BaseMultiLayerDialogHelper -- setDisMissTime on start
08-16 14:36:59.554 I/GlobalSettings( 2822): BaseMultiLayerDialogHelper -- setDisMissTime on start
08-16 14:36:59.554 W/InputEventReceiver( 2822): Attempted to finish an input event but the input event receiver has already been disposed.
08-16 14:36:59.558 W/InputDispatcher( 2207): Focus left window: Window{23c0535 u0 com.stv.launcher/com.stv.launcher.ui.activity.Launcher}
08-16 14:36:59.558 W/InputDispatcher( 2207): Focus entered window: Window{632f14a u0 com.stv.globalsetting}
08-16 14:36:59.560 E/BufferQueueProducer( 1749): [] connect(P): already connected (cur=1 req=1)
08-16 14:36:59.563 E/InternetUtils( 4594): java.net.SocketTimeoutException: failed to connect to www.cibn.com/61.133.127.115 (port 80) after 3000ms
08-16 14:36:59.566 W/InputDispatcher( 2207): Focus left window: Window{632f14a u0 com.stv.globalsetting}
08-16 14:36:59.566 W/InputDispatcher( 2207): Focus entered window: Window{cc05fa2 u0 com.stv.globalsetting}
08-16 14:36:59.568 E/BufferQueueProducer( 1749): [] connect(P): already connected (cur=1 req=1)
08-16 14:36:59.576 W/InputMethodManagerService( 2207): Starting input on non-focused client com.android.internal.view.IInputMethodClient$Stub$Proxy@7163e83 (uid=1000 pid=3007)
08-16 14:36:59.692 I/tvos    ( 1764): GetAudioOutputDevice, retval : 0
08-16 14:36:59.753 W/AppOps  ( 2207): Finishing op nesting under-run: uid 1000 pkg com.stv.globalsetting code 24 time=0 duration=0 nesting=0
08-16 14:36:59.943 I/tvos    ( 1764): GetAudioOutputDevice, retval : 0
08-16 14:37:00.193 I/tvos    ( 1764): GetAudioOutputDevice, retval : 0
08-16 14:37:00.444 I/tvos    ( 1764): GetAudioOutputDevice, retval : 0
08-16 14:37:00.529 I/remotestatus( 2207): Msg.what is 101
08-16 14:37:00.529 I/WindowManager( 2207): turn cursor off
08-16 14:37:00.529 E/RemoteManager( 2207): RemoteManager is no longer support in eui6.5
08-16 14:37:00.529 W/InputDispatcher( 2207): findFocusedWindow finished: injectionResult=0, timeSpentWaitingForApplication=0.0ms
08-16 14:37:00.529 I/GlobalSettings( 2822): BaseMultiLayerDialogHelper -- setDisMissTime on start
08-16 14:37:00.529 E/InputManager-JNI( 2207): call nativeDisableCursor method with hideCursor
08-16 14:37:00.533 W/ContextImpl( 2822): Calling a method in the system process without a qualified user: android.app.ContextImpl.startService:1224 android.content.ContextWrapper.startService:581 com.stv.settingadapter.EqManager.updateBinder:869 com.stv.settingadapter.EqManager.getInstance:176 com.stv.globalsetting.util.Util.playFocusSound:1074 
08-16 14:37:00.586 I/SoundPool( 2207): enter : func play
08-16 14:37:00.589 W/InputDispatcher( 2207): findFocusedWindow finished: injectionResult=0, timeSpentWaitingForApplication=0.0ms
08-16 14:37:00.589 I/APM::AudioPolicyEngine( 1758): getDeviceForStrategy, 359
08-16 14:37:00.590 I/audio_hw_primary( 1758): version:a00004 adev_create_audio_patch::mix->device 
08-16 14:37:00.590 I/audio_hw_primary( 1758): adev_create_audio_patch *handle=-1420227928 num_audio_patch=3
08-16 14:37:00.591 E/AudioManagerService( 1803): setAudioVolume(callingPid 1758, clientPid 1758, enSoundPath 0, volumn:0 )
08-16 14:37:00.594 I/tvos    ( 1764): SetVolume, subWooExist 0!
08-16 14:37:00.594 I/tvos    ( 1764): mapi_audio_customer::SetAbsoluteVolume: project name is X440M
08-16 14:37:00.594 I/tvos    ( 1764): SetAbsoluteVolume: uPercent : 0, path=52(speaker), VolumeInt=7f, VolumeFra=0
08-16 14:37:00.594 I/tvos    ( 1764): SetAbsoluteVolume: uPercent(currVol) : 0, realPath=52(default), VolumeInt=7f, VolumeFra=0
08-16 14:37:00.594 I/tvos    ( 1764): mapi_audio_customer::SetAbsoluteVolume: project name is X440M
08-16 14:37:00.594 I/tvos    ( 1764): SetAbsoluteVolume: uPercent : 0, path=49(HP), VolumeInt=7f, VolumeFra=0
08-16 14:37:00.594 I/tvos    ( 1764): SetAbsoluteVolume: uPercent(currVol) : 0, realPath=49(default), VolumeInt=7f, VolumeFra=0
08-16 14:37:00.594 I/tvos    ( 1764): mapi_audio_customer::SetAbsoluteVolume: project name is X440M
08-16 14:37:00.594 I/tvos    ( 1764): SetAbsoluteVolume, m_bBTDetect is false! 
08-16 14:37:00.594 I/tvos    ( 1764): mapi_audio_customer::SetAbsoluteVolume: project name is X440M
08-16 14:37:00.594 I/tvos    ( 1764): SetAbsoluteVolume: uPercent : 0, path=255(speaker), VolumeInt=7f, VolumeFra=0
08-16 14:37:00.594 I/tvos    ( 1764): SetAbsoluteVolume: uPercent(currVol) : 0, realPath=255(default), VolumeInt=7f, VolumeFra=0
08-16 14:37:00.594 I/tvos    ( 1764): [SetMuteStatus] call SetSoundMuteStatus, line : 10369, muteType: 4, onOff : 0 
08-16 14:37:00.594 I/tvos    ( 1764): [audioBSP] #1 m_internalMute : 0 ..
08-16 14:37:00.594 I/tvos    ( 1764): #1|->SDK_bPermanentAudioMute:0<-|->SDK_bMomentAudioMute:0 <-|->SDK_bBySyncAudioMute:0<-|->SDK_bByBlockAudioMute:0<-|->SDK_bByVChipAudioMute:0<-|
08-16 14:37:00.594 I/tvos    ( 1764): #1|->SDK_bInternal1AudioMute:0<-|->SDK_bInternal2AudioMute:0<-|->SDK_bInternal3AudioMute:0<-|->SDK_bInternal4AudioMute:0<-|
08-16 14:37:00.594 I/tvos    ( 1764): #1|->SDK_bByScanInOutchgCHchg:0<-|->SDK_bByDuringLimitedTimeAudioMute:0<-|->SDK_bSourceSwitchAudioMute:0<-|
08-16 14:37:00.594 I/tvos    ( 1764): #1|->SDK_bMHEGApMute:0<-|->SDK_bAllAudioMuteCtrl:0<-|->SDK_bPowerOnMute:0<-|->SDK_bNullSourceMute0<-|->SDK_bSetInputSourceAudioMute:0<-|
08-16 14:37:00.594 I/tvos    ( 1764): [audioBSP] #2 m_spkrMute : 0 ..|->SDK_bUsrSpkrAudioMute:0<-|->SDK_bPowerOnMute:0<-|->SDK_bByUserAudioMute:0<-|
08-16 14:37:00.594 I/tvos    ( 1764): [audioBSP] #3 m_PcmCapture2Mute:0 |->SDK_bByUserPcmCapture2Mute:0<-|->SDK_SUB_bByUserAudioMute:0<-|->SDK_bByUserAudioMute:0<-|
08-16 14:37:00.594 I/tvos    ( 1764): [audioBSP] #5 m_hpMute : 1 ..|->SDK_bUsrHpAudioMute:1<-|->SDK_bPowerOnMute:0<-|->SDK_bByUserAudioMute:0<-|
08-16 14:37:00.594 I/tvos    ( 1764): [audioBSP] #12 m_spdifMute : 1 ..
08-16 14:37:00.594 I/tvos    ( 1764): #12|->SDK_bPermanentAudioMute:0<-|->SDK_bMomentAudioMute:0<-|->SDK_bByBlockAudioMute:0<-|
08-16 14:37:00.594 I/tvos    ( 1764): #12|->SDK_bByVChipAudioMute:0<-|->SDK_bInternal1AudioMute:0<-|->SDK_bInternal4AudioMute:0<-|
08-16 14:37:00.594 I/tvos    ( 1764): #12|->SDK_bByDuringLimitedTimeAudioMute:0<-|->SDK_bSourceSwitchAudioMute:0<-|->SDK_bMHEGApMute:0<-|
08-16 14:37:00.594 I/tvos    ( 1764): #12|->SDK_bPowerOnMute:0<-|->SDK_bUsrSpdifAudioMute:1<-|->SDK_bNullSourceMute:0<-|->SDK_bByAppMute:0<-|
08-16 14:37:00.594 I/tvos    ( 1764): ---Amplifier_ALC1310_LR_SWMute(0)
08-16 14:37:00.594 I/tvos    ( 1764): ALC1310 unmute good, addr: 0x13 readbackvalue: 4 
08-16 14:37:00.596 I/tvos    ( 1764): SetSoundMuteStatus : m_hpMute : 1, m_spdifMute : 1, m_DataInMute : 0, m_channel7Mute : 0, m_internalMute : 0, m_spkrMute : 0, m_PcmCapture1Mute : 0, m_PcmCapture2Mute : 0 
08-16 14:37:00.596 I/AudioUtil( 1758): setParameters spk_volume=0
08-16 14:37:00.596 I/audio_hw_primary( 1758): adev_set_parameters: spk_volume=0
08-16 14:37:00.596 I/tvos    ( 1764): GetAudioOutputDevice, retval : 0
08-16 14:37:00.597 I/tvos    ( 1764): [SetMuteStatus] call SetSoundMuteStatus, line : 10369, muteType: 67108864, onOff : 1 
08-16 14:37:00.597 I/tvos    ( 1764): _TransMSrvMuteTypeToSDKMuteType: Err! muteType(67108864) is out of Range
08-16 14:37:00.599 I/tvos    ( 1764): [SetMuteStatus] call SetSoundMuteStatus, line : 10369, muteType: 4, onOff : 1 
08-16 14:37:00.599 I/tvos    ( 1764): [audioBSP] #1 m_internalMute : 0 ..
08-16 14:37:00.599 I/tvos    ( 1764): #1|->SDK_bPermanentAudioMute:0<-|->SDK_bMomentAudioMute:0 <-|->SDK_bBySyncAudioMute:0<-|->SDK_bByBlockAudioMute:0<-|->SDK_bByVChipAudioMute:0<-|
08-16 14:37:00.599 I/tvos    ( 1764): #1|->SDK_bInternal1AudioMute:0<-|->SDK_bInternal2AudioMute:0<-|->SDK_bInternal3AudioMute:0<-|->SDK_bInternal4AudioMute:0<-|
08-16 14:37:00.599 I/GlobalSettings( 2822): BaseMultiLayerDialogHelper -- setDisMissTime on start
08-16 14:37:00.599 I/tvos    ( 1764): #1|->SDK_bByScanInOutchgCHchg:0<-|->SDK_bByDuringLimitedTimeAudioMute:0<-|->SDK_bSourceSwitchAudioMute:0<-|
08-16 14:37:00.600 I/tvos    ( 1764): #1|->SDK_bMHEGApMute:0<-|->SDK_bAllAudioMuteCtrl:0<-|->SDK_bPowerOnMute:0<-|->SDK_bNullSourceMute0<-|->SDK_bSetInputSourceAudioMute:0<-|
08-16 14:37:00.600 I/tvos    ( 1764): [audioBSP] #2 m_spkrMute : 1 ..|->SDK_bUsrSpkrAudioMute:0<-|->SDK_bPowerOnMute:0<-|->SDK_bByUserAudioMute:1<-|
08-16 14:37:00.600 I/tvos    ( 1764): [audioBSP] #3 m_PcmCapture2Mute:1 |->SDK_bByUserPcmCapture2Mute:0<-|->SDK_SUB_bByUserAudioMute:0<-|->SDK_bByUserAudioMute:1<-|
08-16 14:37:00.600 I/tvos    ( 1764): [audioBSP] #5 m_hpMute : 1 ..|->SDK_bUsrHpAudioMute:1<-|->SDK_bPowerOnMute:0<-|->SDK_bByUserAudioMute:1<-|
08-16 14:37:00.600 I/tvos    ( 1764): [audioBSP] #12 m_spdifMute : 1 ..
08-16 14:37:00.600 I/tvos    ( 1764): #12|->SDK_bPermanentAudioMute:0<-|->SDK_bMomentAudioMute:0<-|->SDK_bByBlockAudioMute:0<-|
08-16 14:37:00.600 I/tvos    ( 1764): #12|->SDK_bByVChipAudioMute:0<-|->SDK_bInternal1AudioMute:0<-|->SDK_bInternal4AudioMute:0<-|
08-16 14:37:00.600 I/tvos    ( 1764): #12|->SDK_bByDuringLimitedTimeAudioMute:0<-|->SDK_bSourceSwitchAudioMute:0<-|->SDK_bMHEGApMute:0<-|
08-16 14:37:00.600 I/tvos    ( 1764): #12|->SDK_bPowerOnMute:0<-|->SDK_bUsrSpdifAudioMute:1<-|->SDK_bNullSourceMute:0<-|->SDK_bByAppMute:0<-|
08-16 14:37:00.600 I/tvos    ( 1764): ---Amplifier_ALC1310_LR_SWMute(1)
08-16 14:37:00.600 I/tvos    ( 1764): ALC1310 mute write good, addr: 0x13, readback data : 49164, write cmd times : 1
08-16 14:37:00.601 I/tvos    ( 1764): SetSoundMuteStatus : m_hpMute : 1, m_spdifMute : 1, m_DataInMute : 0, m_channel7Mute : 0, m_internalMute : 0, m_spkrMute : 1, m_PcmCapture1Mute : 0, m_PcmCapture2Mute : 1 
08-16 14:37:00.613 E/audio_hw_primary( 1758): out_get_presentation_position pcm_get_htimestamp(pcm, &avail, timestamp) != 0!!!
08-16 14:37:00.653 I/APM::AudioPolicyEngine( 1758): getDeviceForStrategy, 359
08-16 14:37:00.694 I/tvos    ( 1764): GetAudioOutputDevice, retval : 0
08-16 14:37:00.944 I/tvos    ( 1764): GetAudioOutputDevice, retval : 0
08-16 14:37:01.135 W/InputDispatcher( 2207): findFocusedWindow finished: injectionResult=0, timeSpentWaitingForApplication=0.0ms
08-16 14:37:01.135 I/GlobalSettings( 2822): BaseMultiLayerDialogHelper -- setDisMissTime on start
08-16 14:37:01.137 I/System.out( 2822): From style:
08-16 14:37:01.137 I/System.out( 2822): Attrs: 3010001=0.6 3010002=#0 3010003=null 3010004=true
08-16 14:37:01.147 W/InputDispatcher( 2207): Focus left window: Window{cc05fa2 u0 com.stv.globalsetting}
08-16 14:37:01.147 W/InputDispatcher( 2207): Focus entered window: Window{3b4436a u0 com.stv.globalsetting}
08-16 14:37:01.150 I/GlobalSettings( 2822): BaseMultiLayerDialogHelper -- setDisMissTime on start
08-16 14:37:01.153 W/InputDispatcher( 2207): findFocusedWindow finished: injectionResult=0, timeSpentWaitingForApplication=0.0ms
08-16 14:37:01.175 E/BufferQueueProducer( 1749): [] connect(P): already connected (cur=1 req=1)
08-16 14:37:01.181 W/ViewRootImpl( 2822): Cancelling event due to no window focus: KeyEvent { action=ACTION_UP, keyCode=KEYCODE_DPAD_CENTER, scanCode=0, metaState=0, flags=0x20, repeatCount=0, eventTime=512287565, downTime=512287565, deviceId=-1, source=0x101 }
08-16 14:37:01.181 W/ViewRootImpl( 2822): Cancelling event due to no window focus: KeyEvent { action=ACTION_UP, keyCode=KEYCODE_DPAD_CENTER, scanCode=0, metaState=0, flags=0x20, repeatCount=0, eventTime=512287565, downTime=512287565, deviceId=-1, source=0x101 }
08-16 14:37:01.181 W/ViewRootImpl( 2822): Cancelling event due to no window focus: KeyEvent { action=ACTION_UP, keyCode=KEYCODE_DPAD_CENTER, scanCode=0, metaState=0, flags=0x20, repeatCount=0, eventTime=512287565, downTime=512287565, deviceId=-1, source=0x101 }
08-16 14:37:01.181 W/ViewRootImpl( 2822): Cancelling event due to no window focus: KeyEvent { action=ACTION_UP, keyCode=KEYCODE_DPAD_CENTER, scanCode=0, metaState=0, flags=0x20, repeatCount=0, eventTime=512287565, downTime=512287565, deviceId=-1, source=0x101 }
08-16 14:37:01.181 W/ViewRootImpl( 2822): Cancelling event due to no window focus: KeyEvent { action=ACTION_UP, keyCode=KEYCODE_DPAD_CENTER, scanCode=0, metaState=0, flags=0x20, repeatCount=0, eventTime=512287565, downTime=512287565, deviceId=-1, source=0x101 }
08-16 14:37:01.181 W/ViewRootImpl( 2822): Cancelling event due to no window focus: KeyEvent { action=ACTION_UP, keyCode=KEYCODE_DPAD_CENTER, scanCode=0, metaState=0, flags=0x20, repeatCount=0, eventTime=512287565, downTime=512287565, deviceId=-1, source=0x101 }
08-16 14:37:01.195 I/tvos    ( 1764): GetAudioOutputDevice, retval : 0
08-16 14:37:01.258 E/BufferQueueProducer( 1749): [] connect(P): already connected (cur=1 req=1)
08-16 14:37:01.278 E/BufferQueueProducer( 1749): [] connect(P): already connected (cur=1 req=1)
08-16 14:37:01.299 E/BufferQueueProducer( 1749): [] connect(P): already connected (cur=1 req=1)
08-16 14:37:01.318 E/BufferQueueProducer( 1749): [] connect(P): already connected (cur=1 req=1)
08-16 14:37:01.338 E/BufferQueueProducer( 1749): [] connect(P): already connected (cur=1 req=1)
08-16 14:37:01.356 E/BufferQueueProducer( 1749): [] connect(P): already connected (cur=1 req=1)
08-16 14:37:01.396 E/BufferQueueProducer( 1749): [] connect(P): already connected (cur=1 req=1)
08-16 14:37:01.417 E/BufferQueueProducer( 1749): [] connect(P): already connected (cur=1 req=1)
08-16 14:37:01.445 I/tvos    ( 1764): GetAudioOutputDevice, retval : 0
08-16 14:37:01.456 E/BufferQueueProducer( 1749): [] connect(P): already connected (cur=1 req=1)
08-16 14:37:01.478 E/BufferQueueProducer( 1749): [] connect(P): already connected (cur=1 req=1)
08-16 14:37:01.498 E/BufferQueueProducer( 1749): [] connect(P): already connected (cur=1 req=1)
08-16 14:37:01.517 E/BufferQueueProducer( 1749): [] connect(P): already connected (cur=1 req=1)
08-16 14:37:01.537 E/BufferQueueProducer( 1749): [] connect(P): already connected (cur=1 req=1)
08-16 14:37:01.556 E/BufferQueueProducer( 1749): [] connect(P): already connected (cur=1 req=1)
08-16 14:37:01.661 E/LetvRemoteupgradeManager-JNI( 2613): can't get LetvManager service!
08-16 14:37:01.696 I/tvos    ( 1764): GetAudioOutputDevice, retval : 0
08-16 14:37:01.946 I/tvos    ( 1764): GetAudioOutputDevice, retval : 0
08-16 14:37:02.196 I/tvos    ( 1764): GetAudioOutputDevice, retval : 0
08-16 14:37:02.447 I/tvos    ( 1764): GetAudioOutputDevice, retval : 0
08-16 14:37:02.685 W/InputDispatcher( 2207): findFocusedWindow finished: injectionResult=0, timeSpentWaitingForApplication=0.0ms
08-16 14:37:02.685 I/GlobalSettings( 2822): BaseMultiLayerDialogHelper -- setDisMissTime on start
08-16 14:37:02.686 I/PictureManager_JNI( 2881): getAspectRatio
08-16 14:37:02.687 I/PictureManager_JNI( 2720): getHdrAttributes
08-16 14:37:02.688 E/PictureManager( 2720): ret = true
08-16 14:37:02.697 I/tvos    ( 1764): GetAudioOutputDevice, retval : 0
08-16 14:37:02.701 I/PictureManager_JNI( 2881): setMfc
08-16 14:37:02.701 E/PictureManagerService( 1803): PictureManagerService::Client::setMfc 3
08-16 14:37:02.701 I/tvos    ( 1764): get machine type is:0 
08-16 14:37:02.701 I/tvos    ( 1764): get machine type is:0 
08-16 14:37:02.709 W/InputDispatcher( 2207): Focus left window: Window{3b4436a u0 com.stv.globalsetting}
08-16 14:37:02.709 W/InputDispatcher( 2207): Focus entered window: Window{cc05fa2 u0 com.stv.globalsetting}
08-16 14:37:02.709 W/InputDispatcher( 2207): Window went away: Window{3b4436a u0 com.stv.globalsetting}
08-16 14:37:02.710 I/DatabaseManager_JNI( 3538): setDatabaseDirtyByApplication
08-16 14:37:02.711 W/InputDispatcher( 2207): findFocusedWindow finished: injectionResult=0, timeSpentWaitingForApplication=0.0ms
08-16 14:37:02.711 W/ViewRootImpl( 2822): Dropping event due to root view being removed: KeyEvent { action=ACTION_DOWN, keyCode=KEYCODE_DPAD_CENTER, scanCode=0, metaState=0, flags=0x0, repeatCount=0, eventTime=512289116, downTime=512289116, deviceId=-1, source=0x101 }
08-16 14:37:02.712 W/InputEventReceiver( 2822): Attempted to finish an input event but the input event receiver has already been disposed.
08-16 14:37:02.716 E/DataBaseDeskImpl( 4876): ===========>>>> now change Index = 34
08-16 14:37:02.719 W/ViewRootImpl( 2822): Cancelling event due to no window focus: KeyEvent { action=ACTION_UP, keyCode=KEYCODE_DPAD_CENTER, scanCode=0, metaState=0, flags=0x20, repeatCount=0, eventTime=512289116, downTime=512289116, deviceId=-1, source=0x101 }
08-16 14:37:02.719 W/ViewRootImpl( 2822): Cancelling event due to no window focus: KeyEvent { action=ACTION_UP, keyCode=KEYCODE_DPAD_CENTER, scanCode=0, metaState=0, flags=0x20, repeatCount=0, eventTime=512289116, downTime=512289116, deviceId=-1, source=0x101 }
08-16 14:37:02.719 W/ViewRootImpl( 2822): Cancelling event due to no window focus: KeyEvent { action=ACTION_UP, keyCode=KEYCODE_DPAD_CENTER, scanCode=0, metaState=0, flags=0x20, repeatCount=0, eventTime=512289116, downTime=512289116, deviceId=-1, source=0x101 }
08-16 14:37:02.719 W/ViewRootImpl( 2822): Cancelling event due to no window focus: KeyEvent { action=ACTION_UP, keyCode=KEYCODE_DPAD_CENTER, scanCode=0, metaState=0, flags=0x20, repeatCount=0, eventTime=512289116, downTime=512289116, deviceId=-1, source=0x101 }
08-16 14:37:02.719 W/ViewRootImpl( 2822): Cancelling event due to no window focus: KeyEvent { action=ACTION_UP, keyCode=KEYCODE_DPAD_CENTER, scanCode=0, metaState=0, flags=0x20, repeatCount=0, eventTime=512289116, downTime=512289116, deviceId=-1, source=0x101 }
08-16 14:37:02.719 W/ViewRootImpl( 2822): Cancelling event due to no window focus: KeyEvent { action=ACTION_UP, keyCode=KEYCODE_DPAD_CENTER, scanCode=0, metaState=0, flags=0x20, repeatCount=0, eventTime=512289116, downTime=512289116, deviceId=-1, source=0x101 }
08-16 14:37:02.778 E/BufferQueueProducer( 1749): [] connect(P): already connected (cur=1 req=1)
08-16 14:37:02.799 E/BufferQueueProducer( 1749): [] connect(P): already connected (cur=1 req=1)
08-16 14:37:02.817 E/BufferQueueProducer( 1749): [] connect(P): already connected (cur=1 req=1)
08-16 14:37:02.855 E/BufferQueueProducer( 1749): [] connect(P): already connected (cur=1 req=1)
08-16 14:37:02.948 I/tvos    ( 1764): GetAudioOutputDevice, retval : 0
08-16 14:37:03.198 I/tvos    ( 1764): GetAudioOutputDevice, retval : 0
08-16 14:37:03.401 I/remotestatus( 2207): Msg.what is 101
08-16 14:37:03.401 I/WindowManager( 2207): turn cursor off
08-16 14:37:03.401 E/RemoteManager( 2207): RemoteManager is no longer support in eui6.5
08-16 14:37:03.401 W/InputDispatcher( 2207): findFocusedWindow finished: injectionResult=0, timeSpentWaitingForApplication=0.0ms
08-16 14:37:03.402 E/InputManager-JNI( 2207): call nativeDisableCursor method with hideCursor
08-16 14:37:03.402 I/GlobalSettings( 2822): BaseMultiLayerDialogHelper -- setDisMissTime on start
08-16 14:37:03.405 W/ContextImpl( 2822): Calling a method in the system process without a qualified user: android.app.ContextImpl.startService:1224 android.content.ContextWrapper.startService:581 com.stv.settingadapter.EqManager.updateBinder:869 com.stv.settingadapter.EqManager.getInstance:176 com.stv.globalsetting.util.Util.playFocusSound:1074 
08-16 14:37:03.449 I/tvos    ( 1764): GetAudioOutputDevice, retval : 0
08-16 14:37:03.457 I/SoundPool( 2207): enter : func play
08-16 14:37:03.459 I/APM::AudioPolicyEngine( 1758): getDeviceForStrategy, 359
08-16 14:37:03.461 W/InputDispatcher( 2207): findFocusedWindow finished: injectionResult=0, timeSpentWaitingForApplication=0.0ms
08-16 14:37:03.461 I/audio_hw_primary( 1758): version:a00004 adev_create_audio_patch::mix->device 
08-16 14:37:03.461 I/audio_hw_primary( 1758): adev_create_audio_patch *handle=-1420227928 num_audio_patch=3
08-16 14:37:03.463 E/AudioManagerService( 1803): setAudioVolume(callingPid 1758, clientPid 1758, enSoundPath 0, volumn:0 )
08-16 14:37:03.465 I/tvos    ( 1764): SetVolume, subWooExist 0!
08-16 14:37:03.465 I/tvos    ( 1764): mapi_audio_customer::SetAbsoluteVolume: project name is X440M
08-16 14:37:03.466 I/tvos    ( 1764): SetAbsoluteVolume: uPercent : 0, path=52(speaker), VolumeInt=7f, VolumeFra=0
08-16 14:37:03.466 I/tvos    ( 1764): SetAbsoluteVolume: uPercent(currVol) : 0, realPath=52(default), VolumeInt=7f, VolumeFra=0
08-16 14:37:03.466 I/tvos    ( 1764): mapi_audio_customer::SetAbsoluteVolume: project name is X440M
08-16 14:37:03.466 I/tvos    ( 1764): SetAbsoluteVolume: uPercent : 0, path=49(HP), VolumeInt=7f, VolumeFra=0
08-16 14:37:03.466 I/tvos    ( 1764): SetAbsoluteVolume: uPercent(currVol) : 0, realPath=49(default), VolumeInt=7f, VolumeFra=0
08-16 14:37:03.466 I/tvos    ( 1764): mapi_audio_customer::SetAbsoluteVolume: project name is X440M
08-16 14:37:03.466 I/tvos    ( 1764): SetAbsoluteVolume, m_bBTDetect is false! 
08-16 14:37:03.466 I/tvos    ( 1764): mapi_audio_customer::SetAbsoluteVolume: project name is X440M
08-16 14:37:03.466 I/tvos    ( 1764): SetAbsoluteVolume: uPercent : 0, path=255(speaker), VolumeInt=7f, VolumeFra=0
08-16 14:37:03.466 I/tvos    ( 1764): SetAbsoluteVolume: uPercent(currVol) : 0, realPath=255(default), VolumeInt=7f, VolumeFra=0
08-16 14:37:03.466 I/tvos    ( 1764): [SetMuteStatus] call SetSoundMuteStatus, line : 10369, muteType: 4, onOff : 0 
08-16 14:37:03.466 I/tvos    ( 1764): [audioBSP] #1 m_internalMute : 0 ..
08-16 14:37:03.466 I/tvos    ( 1764): #1|->SDK_bPermanentAudioMute:0<-|->SDK_bMomentAudioMute:0 <-|->SDK_bBySyncAudioMute:0<-|->SDK_bByBlockAudioMute:0<-|->SDK_bByVChipAudioMute:0<-|
08-16 14:37:03.466 I/tvos    ( 1764): #1|->SDK_bInternal1AudioMute:0<-|->SDK_bInternal2AudioMute:0<-|->SDK_bInternal3AudioMute:0<-|->SDK_bInternal4AudioMute:0<-|
08-16 14:37:03.466 I/tvos    ( 1764): #1|->SDK_bByScanInOutchgCHchg:0<-|->SDK_bByDuringLimitedTimeAudioMute:0<-|->SDK_bSourceSwitchAudioMute:0<-|
08-16 14:37:03.466 I/tvos    ( 1764): #1|->SDK_bMHEGApMute:0<-|->SDK_bAllAudioMuteCtrl:0<-|->SDK_bPowerOnMute:0<-|->SDK_bNullSourceMute0<-|->SDK_bSetInputSourceAudioMute:0<-|
08-16 14:37:03.466 I/tvos    ( 1764): [audioBSP] #2 m_spkrMute : 0 ..|->SDK_bUsrSpkrAudioMute:0<-|->SDK_bPowerOnMute:0<-|->SDK_bByUserAudioMute:0<-|
08-16 14:37:03.466 I/tvos    ( 1764): [audioBSP] #3 m_PcmCapture2Mute:0 |->SDK_bByUserPcmCapture2Mute:0<-|->SDK_SUB_bByUserAudioMute:0<-|->SDK_bByUserAudioMute:0<-|
08-16 14:37:03.466 I/tvos    ( 1764): [audioBSP] #5 m_hpMute : 1 ..|->SDK_bUsrHpAudioMute:1<-|->SDK_bPowerOnMute:0<-|->SDK_bByUserAudioMute:0<-|
08-16 14:37:03.466 I/tvos    ( 1764): [audioBSP] #12 m_spdifMute : 1 ..
08-16 14:37:03.466 I/tvos    ( 1764): #12|->SDK_bPermanentAudioMute:0<-|->SDK_bMomentAudioMute:0<-|->SDK_bByBlockAudioMute:0<-|
08-16 14:37:03.466 I/tvos    ( 1764): #12|->SDK_bByVChipAudioMute:0<-|->SDK_bInternal1AudioMute:0<-|->SDK_bInternal4AudioMute:0<-|
08-16 14:37:03.466 I/tvos    ( 1764): #12|->SDK_bByDuringLimitedTimeAudioMute:0<-|->SDK_bSourceSwitchAudioMute:0<-|->SDK_bMHEGApMute:0<-|
08-16 14:37:03.466 I/tvos    ( 1764): #12|->SDK_bPowerOnMute:0<-|->SDK_bUsrSpdifAudioMute:1<-|->SDK_bNullSourceMute:0<-|->SDK_bByAppMute:0<-|
08-16 14:37:03.466 I/tvos    ( 1764): ---Amplifier_ALC1310_LR_SWMute(0)
08-16 14:37:03.466 I/tvos    ( 1764): ALC1310 unmute good, addr: 0x13 readbackvalue: 4 
08-16 14:37:03.468 I/GlobalSettings( 2822): BaseMultiLayerDialogHelper -- setDisMissTime on start
08-16 14:37:03.468 I/AudioUtil( 1758): setParameters spk_volume=0
08-16 14:37:03.468 I/audio_hw_primary( 1758): adev_set_parameters: spk_volume=0
08-16 14:37:03.472 I/tvos    ( 1764): SetSoundMuteStatus : m_hpMute : 1, m_spdifMute : 1, m_DataInMute : 0, m_channel7Mute : 0, m_internalMute : 0, m_spkrMute : 0, m_PcmCapture1Mute : 0, m_PcmCapture2Mute : 0 
08-16 14:37:03.472 I/tvos    ( 1764): GetAudioOutputDevice, retval : 0
08-16 14:37:03.472 I/tvos    ( 1764): [SetMuteStatus] call SetSoundMuteStatus, line : 10369, muteType: 67108864, onOff : 1 
08-16 14:37:03.472 I/tvos    ( 1764): _TransMSrvMuteTypeToSDKMuteType: Err! muteType(67108864) is out of Range
08-16 14:37:03.472 I/tvos    ( 1764): [SetMuteStatus] call SetSoundMuteStatus, line : 10369, muteType: 4, onOff : 1 
08-16 14:37:03.472 I/tvos    ( 1764): [audioBSP] #1 m_internalMute : 0 ..
08-16 14:37:03.472 I/tvos    ( 1764): #1|->SDK_bPermanentAudioMute:0<-|->SDK_bMomentAudioMute:0 <-|->SDK_bBySyncAudioMute:0<-|->SDK_bByBlockAudioMute:0<-|->SDK_bByVChipAudioMute:0<-|
08-16 14:37:03.472 I/tvos    ( 1764): #1|->SDK_bInternal1AudioMute:0<-|->SDK_bInternal2AudioMute:0<-|->SDK_bInternal3AudioMute:0<-|->SDK_bInternal4AudioMute:0<-|
08-16 14:37:03.472 I/tvos    ( 1764): #1|->SDK_bByScanInOutchgCHchg:0<-|->SDK_bByDuringLimitedTimeAudioMute:0<-|->SDK_bSourceSwitchAudioMute:0<-|
08-16 14:37:03.472 I/tvos    ( 1764): #1|->SDK_bMHEGApMute:0<-|->SDK_bAllAudioMuteCtrl:0<-|->SDK_bPowerOnMute:0<-|->SDK_bNullSourceMute0<-|->SDK_bSetInputSourceAudioMute:0<-|
08-16 14:37:03.472 I/tvos    ( 1764): [audioBSP] #2 m_spkrMute : 1 ..|->SDK_bUsrSpkrAudioMute:0<-|->SDK_bPowerOnMute:0<-|->SDK_bByUserAudioMute:1<-|
08-16 14:37:03.472 I/tvos    ( 1764): [audioBSP] #3 m_PcmCapture2Mute:1 |->SDK_bByUserPcmCapture2Mute:0<-|->SDK_SUB_bByUserAudioMute:0<-|->SDK_bByUserAudioMute:1<-|
08-16 14:37:03.472 I/tvos    ( 1764): [audioBSP] #5 m_hpMute : 1 ..|->SDK_bUsrHpAudioMute:1<-|->SDK_bPowerOnMute:0<-|->SDK_bByUserAudioMute:1<-|
08-16 14:37:03.472 I/tvos    ( 1764): [audioBSP] #12 m_spdifMute : 1 ..
08-16 14:37:03.472 I/tvos    ( 1764): #12|->SDK_bPermanentAudioMute:0<-|->SDK_bMomentAudioMute:0<-|->SDK_bByBlockAudioMute:0<-|
08-16 14:37:03.472 I/tvos    ( 1764): #12|->SDK_bByVChipAudioMute:0<-|->SDK_bInternal1AudioMute:0<-|->SDK_bInternal4AudioMute:0<-|
08-16 14:37:03.472 I/tvos    ( 1764): #12|->SDK_bByDuringLimitedTimeAudioMute:0<-|->SDK_bSourceSwitchAudioMute:0<-|->SDK_bMHEGApMute:0<-|
08-16 14:37:03.472 I/tvos    ( 1764): #12|->SDK_bPowerOnMute:0<-|->SDK_bUsrSpdifAudioMute:1<-|->SDK_bNullSourceMute:0<-|->SDK_bByAppMute:0<-|
08-16 14:37:03.472 I/tvos    ( 1764): ---Amplifier_ALC1310_LR_SWMute(1)
08-16 14:37:03.472 I/tvos    ( 1764): ALC1310 mute write good, addr: 0x13, readback data : 49164, write cmd times : 1
08-16 14:37:03.473 I/tvos    ( 1764): SetSoundMuteStatus : m_hpMute : 1, m_spdifMute : 1, m_DataInMute : 0, m_channel7Mute : 0, m_internalMute : 0, m_spkrMute : 1, m_PcmCapture1Mute : 0, m_PcmCapture2Mute : 1 
08-16 14:37:03.545 I/APM::AudioPolicyEngine( 1758): getDeviceForStrategy, 359
08-16 14:37:03.699 I/tvos    ( 1764): GetAudioOutputDevice, retval : 0
08-16 14:37:03.949 I/tvos    ( 1764): GetAudioOutputDevice, retval : 0
08-16 14:37:04.006 W/InputDispatcher( 2207): findFocusedWindow finished: injectionResult=0, timeSpentWaitingForApplication=0.0ms
08-16 14:37:04.007 I/GlobalSettings( 2822): BaseMultiLayerDialogHelper -- setDisMissTime on start
08-16 14:37:04.008 I/PictureManager_JNI( 2720): getHdrAttributes
08-16 14:37:04.008 E/PictureManager( 2720): ret = true
08-16 14:37:04.018 I/tvos    ( 1764): get machine type is:0 
08-16 14:37:04.020 I/GlobalSettings( 2822): ReportEuiLog_U -- ReportEuiLog action is: tvaction and reportmsg is: action=userdefImageModeClick&userdefModule=9
08-16 14:37:04.021 I/GlobalSettings( 2822): PictrueDialog -- Open_DYNAMIC_BACKLIGHT_Value_Result is: true and value is: 0
08-16 14:37:04.027 I/DatabaseManager_JNI( 3538): setDatabaseDirtyByApplication
08-16 14:37:04.027 W/InputDispatcher( 2207): findFocusedWindow finished: injectionResult=0, timeSpentWaitingForApplication=0.0ms
08-16 14:37:04.028 E/DataBaseDeskImpl( 4876): ===========>>>> now change Index = 34
08-16 14:37:04.195 I/LetvManager-LogReport( 1780): [send_msg] line: 490 report url = http://log.hdtv.cp21.ott.cibntv.net:80/api/log/tvAction
08-16 14:37:04.200 I/tvos    ( 1764): GetAudioOutputDevice, retval : 0
08-16 14:37:04.294 I/reService( 2207): onReportKeyEvent  type=type0 keycode=23*20*23*23*20*23*23*20*23*23*20*23*23*20*23 
08-16 14:37:04.296 E/LETV_DEVICE( 1780): no name sn for Mstar
08-16 14:37:04.312 E/ActivityThread( 2837): Failed to find provider info for com.letv.agnes.InfoProvider
08-16 14:37:04.313 E/ActivityThread( 2837): Failed to find provider info for com.letv.agnes.InfoProvider
08-16 14:37:04.313 W/System.err( 2837): java.lang.IllegalArgumentException: Unknown URL content://com.letv.agnes.InfoProvider
08-16 14:37:04.313 W/System.err( 2837): 	at android.content.ContentResolver.insert(ContentResolver.java:1227)
08-16 14:37:04.313 W/System.err( 2837): 	at com.letv.tracker2.agnes.Configuration.addDebugInfo(Configuration.java:289)
08-16 14:37:04.313 W/System.err( 2837): 	at com.letv.tracker2.agnes.MessageProcessor$SendEnvMsgTr$1.handleMessage(MessageProcessor.java:661)
08-16 14:37:04.313 W/System.err( 2837): 	at android.os.Handler.dispatchMessage(Handler.java:102)
08-16 14:37:04.314 W/System.err( 2837): 	at android.os.Looper.loop(Looper.java:148)
08-16 14:37:04.314 W/System.err( 2837): 	at com.letv.tracker2.agnes.MessageProcessor$SendEnvMsgTr.run(MessageProcessor.java:665)
08-16 14:37:04.353 I/[T1.0.6.3]EuiAgnes_Server( 2837): resCode:1
08-16 14:37:04.353 I/[T1.0.6.3]EuiAgnes_Server( 2837): b[0]:0
08-16 14:37:04.451 I/tvos    ( 1764): GetAudioOutputDevice, retval : 0
08-16 14:37:04.661 E/LetvRemoteupgradeManager-JNI( 2613): can't get LetvManager service!
08-16 14:37:04.701 I/tvos    ( 1764): GetAudioOutputDevice, retval : 0
08-16 14:37:04.951 I/tvos    ( 1764): GetAudioOutputDevice, retval : 0
08-16 14:37:05.202 I/tvos    ( 1764): GetAudioOutputDevice, retval : 0
08-16 14:37:05.452 I/tvos    ( 1764): GetAudioOutputDevice, retval : 0
08-16 14:37:05.531 W/InputDispatcher( 2207): findFocusedWindow finished: injectionResult=0, timeSpentWaitingForApplication=0.0ms
08-16 14:37:05.532 I/GlobalSettings( 2822): BaseMultiLayerDialogHelper -- setDisMissTime on start
08-16 14:37:05.532 I/PictureManager_JNI( 2720): getHdrAttributes
08-16 14:37:05.533 E/PictureManager( 2720): ret = true
08-16 14:37:05.542 I/tvos    ( 1764): get machine type is:0 
08-16 14:37:05.544 I/GlobalSettings( 2822): ReportEuiLog_U -- ReportEuiLog action is: tvaction and reportmsg is: action=userdefImageModeClick&userdefModule=9
08-16 14:37:05.545 I/GlobalSettings( 2822): PictrueDialog -- Open_DYNAMIC_BACKLIGHT_Value_Result is: true and value is: 1
08-16 14:37:05.549 W/InputDispatcher( 2207): findFocusedWindow finished: injectionResult=0, timeSpentWaitingForApplication=0.0ms
08-16 14:37:05.549 I/DatabaseManager_JNI( 3538): setDatabaseDirtyByApplication
08-16 14:37:05.551 E/DataBaseDeskImpl( 4876): ===========>>>> now change Index = 34
08-16 14:37:05.600 I/LetvManager-LogReport( 1780): [send_msg] line: 490 report url = http://log.hdtv.cp21.ott.cibntv.net:80/api/log/tvAction
08-16 14:37:05.703 I/tvos    ( 1764): GetAudioOutputDevice, retval : 0
08-16 14:37:05.953 I/tvos    ( 1764): GetAudioOutputDevice, retval : 0
08-16 14:37:06.052 I/remotestatus( 2207): Msg.what is 101
08-16 14:37:06.052 I/WindowManager( 2207): turn cursor off
08-16 14:37:06.052 W/InputDispatcher( 2207): findFocusedWindow finished: injectionResult=0, timeSpentWaitingForApplication=0.0ms
08-16 14:37:06.052 E/RemoteManager( 2207): RemoteManager is no longer support in eui6.5
08-16 14:37:06.052 I/GlobalSettings( 2822): BaseMultiLayerDialogHelper -- setDisMissTime on start
08-16 14:37:06.052 E/InputManager-JNI( 2207): call nativeDisableCursor method with hideCursor
08-16 14:37:06.056 W/ContextImpl( 2822): Calling a method in the system process without a qualified user: android.app.ContextImpl.startService:1224 android.content.ContextWrapper.startService:581 com.stv.settingadapter.EqManager.updateBinder:869 com.stv.settingadapter.EqManager.getInstance:176 com.stv.globalsetting.util.Util.playFocusSound:1074 
08-16 14:37:06.108 I/SoundPool( 2207): enter : func play
08-16 14:37:06.110 I/APM::AudioPolicyEngine( 1758): getDeviceForStrategy, 359
08-16 14:37:06.112 W/InputDispatcher( 2207): findFocusedWindow finished: injectionResult=0, timeSpentWaitingForApplication=0.0ms
08-16 14:37:06.117 I/GlobalSettings( 2822): BaseMultiLayerDialogHelper -- setDisMissTime on start
08-16 14:37:06.118 I/audio_hw_primary( 1758): version:a00004 adev_create_audio_patch::mix->device 
08-16 14:37:06.119 I/audio_hw_primary( 1758): adev_create_audio_patch *handle=-1420227928 num_audio_patch=3
08-16 14:37:06.120 E/AudioManagerService( 1803): setAudioVolume(callingPid 1758, clientPid 1758, enSoundPath 0, volumn:0 )
08-16 14:37:06.123 I/tvos    ( 1764): SetVolume, subWooExist 0!
08-16 14:37:06.123 I/tvos    ( 1764): mapi_audio_customer::SetAbsoluteVolume: project name is X440M
08-16 14:37:06.123 I/tvos    ( 1764): SetAbsoluteVolume: uPercent : 0, path=52(speaker), VolumeInt=7f, VolumeFra=0
08-16 14:37:06.123 I/tvos    ( 1764): SetAbsoluteVolume: uPercent(currVol) : 0, realPath=52(default), VolumeInt=7f, VolumeFra=0
08-16 14:37:06.123 I/tvos    ( 1764): mapi_audio_customer::SetAbsoluteVolume: project name is X440M
08-16 14:37:06.123 I/tvos    ( 1764): SetAbsoluteVolume: uPercent : 0, path=49(HP), VolumeInt=7f, VolumeFra=0
08-16 14:37:06.123 I/tvos    ( 1764): SetAbsoluteVolume: uPercent(currVol) : 0, realPath=49(default), VolumeInt=7f, VolumeFra=0
08-16 14:37:06.123 I/tvos    ( 1764): mapi_audio_customer::SetAbsoluteVolume: project name is X440M
08-16 14:37:06.123 I/tvos    ( 1764): SetAbsoluteVolume, m_bBTDetect is false! 
08-16 14:37:06.123 I/tvos    ( 1764): mapi_audio_customer::SetAbsoluteVolume: project name is X440M
08-16 14:37:06.123 I/tvos    ( 1764): SetAbsoluteVolume: uPercent : 0, path=255(speaker), VolumeInt=7f, VolumeFra=0
08-16 14:37:06.123 I/tvos    ( 1764): SetAbsoluteVolume: uPercent(currVol) : 0, realPath=255(default), VolumeInt=7f, VolumeFra=0
08-16 14:37:06.123 I/tvos    ( 1764): [SetMuteStatus] call SetSoundMuteStatus, line : 10369, muteType: 4, onOff : 0 
08-16 14:37:06.123 I/tvos    ( 1764): [audioBSP] #1 m_internalMute : 0 ..
08-16 14:37:06.123 I/tvos    ( 1764): #1|->SDK_bPermanentAudioMute:0<-|->SDK_bMomentAudioMute:0 <-|->SDK_bBySyncAudioMute:0<-|->SDK_bByBlockAudioMute:0<-|->SDK_bByVChipAudioMute:0<-|
08-16 14:37:06.123 I/tvos    ( 1764): #1|->SDK_bInternal1AudioMute:0<-|->SDK_bInternal2AudioMute:0<-|->SDK_bInternal3AudioMute:0<-|->SDK_bInternal4AudioMute:0<-|
08-16 14:37:06.123 I/tvos    ( 1764): #1|->SDK_bByScanInOutchgCHchg:0<-|->SDK_bByDuringLimitedTimeAudioMute:0<-|->SDK_bSourceSwitchAudioMute:0<-|
08-16 14:37:06.123 I/tvos    ( 1764): #1|->SDK_bMHEGApMute:0<-|->SDK_bAllAudioMuteCtrl:0<-|->SDK_bPowerOnMute:0<-|->SDK_bNullSourceMute0<-|->SDK_bSetInputSourceAudioMute:0<-|
08-16 14:37:06.123 I/tvos    ( 1764): [audioBSP] #2 m_spkrMute : 0 ..|->SDK_bUsrSpkrAudioMute:0<-|->SDK_bPowerOnMute:0<-|->SDK_bByUserAudioMute:0<-|
08-16 14:37:06.123 I/tvos    ( 1764): [audioBSP] #3 m_PcmCapture2Mute:0 |->SDK_bByUserPcmCapture2Mute:0<-|->SDK_SUB_bByUserAudioMute:0<-|->SDK_bByUserAudioMute:0<-|
08-16 14:37:06.123 I/tvos    ( 1764): [audioBSP] #5 m_hpMute : 1 ..|->SDK_bUsrHpAudioMute:1<-|->SDK_bPowerOnMute:0<-|->SDK_bByUserAudioMute:0<-|
08-16 14:37:06.123 I/tvos    ( 1764): [audioBSP] #12 m_spdifMute : 1 ..
08-16 14:37:06.123 I/tvos    ( 1764): #12|->SDK_bPermanentAudioMute:0<-|->SDK_bMomentAudioMute:0<-|->SDK_bByBlockAudioMute:0<-|
08-16 14:37:06.123 I/tvos    ( 1764): #12|->SDK_bByVChipAudioMute:0<-|->SDK_bInternal1AudioMute:0<-|->SDK_bInternal4AudioMute:0<-|
08-16 14:37:06.123 I/tvos    ( 1764): #12|->SDK_bByDuringLimitedTimeAudioMute:0<-|->SDK_bSourceSwitchAudioMute:0<-|->SDK_bMHEGApMute:0<-|
08-16 14:37:06.123 I/tvos    ( 1764): #12|->SDK_bPowerOnMute:0<-|->SDK_bUsrSpdifAudioMute:1<-|->SDK_bNullSourceMute:0<-|->SDK_bByAppMute:0<-|
08-16 14:37:06.123 I/tvos    ( 1764): ---Amplifier_ALC1310_LR_SWMute(0)
08-16 14:37:06.123 I/tvos    ( 1764): ALC1310 unmute good, addr: 0x13 readbackvalue: 4 
08-16 14:37:06.125 I/tvos    ( 1764): SetSoundMuteStatus : m_hpMute : 1, m_spdifMute : 1, m_DataInMute : 0, m_channel7Mute : 0, m_internalMute : 0, m_spkrMute : 0, m_PcmCapture1Mute : 0, m_PcmCapture2Mute : 0 
08-16 14:37:06.125 I/AudioUtil( 1758): setParameters spk_volume=0
08-16 14:37:06.125 I/audio_hw_primary( 1758): adev_set_parameters: spk_volume=0
08-16 14:37:06.125 I/tvos    ( 1764): GetAudioOutputDevice, retval : 0
08-16 14:37:06.125 I/tvos    ( 1764): [SetMuteStatus] call SetSoundMuteStatus, line : 10369, muteType: 67108864, onOff : 1 
08-16 14:37:06.125 I/tvos    ( 1764): _TransMSrvMuteTypeToSDKMuteType: Err! muteType(67108864) is out of Range
08-16 14:37:06.128 I/tvos    ( 1764): [SetMuteStatus] call SetSoundMuteStatus, line : 10369, muteType: 4, onOff : 1 
08-16 14:37:06.128 I/tvos    ( 1764): [audioBSP] #1 m_internalMute : 0 ..
08-16 14:37:06.128 I/tvos    ( 1764): #1|->SDK_bPermanentAudioMute:0<-|->SDK_bMomentAudioMute:0 <-|->SDK_bBySyncAudioMute:0<-|->SDK_bByBlockAudioMute:0<-|->SDK_bByVChipAudioMute:0<-|
08-16 14:37:06.128 I/tvos    ( 1764): #1|->SDK_bInternal1AudioMute:0<-|->SDK_bInternal2AudioMute:0<-|->SDK_bInternal3AudioMute:0<-|->SDK_bInternal4AudioMute:0<-|
08-16 14:37:06.128 I/tvos    ( 1764): #1|->SDK_bByScanInOutchgCHchg:0<-|->SDK_bByDuringLimitedTimeAudioMute:0<-|->SDK_bSourceSwitchAudioMute:0<-|
08-16 14:37:06.128 I/tvos    ( 1764): #1|->SDK_bMHEGApMute:0<-|->SDK_bAllAudioMuteCtrl:0<-|->SDK_bPowerOnMute:0<-|->SDK_bNullSourceMute0<-|->SDK_bSetInputSourceAudioMute:0<-|
08-16 14:37:06.128 I/tvos    ( 1764): [audioBSP] #2 m_spkrMute : 1 ..|->SDK_bUsrSpkrAudioMute:0<-|->SDK_bPowerOnMute:0<-|->SDK_bByUserAudioMute:1<-|
08-16 14:37:06.128 I/tvos    ( 1764): [audioBSP] #3 m_PcmCapture2Mute:1 |->SDK_bByUserPcmCapture2Mute:0<-|->SDK_SUB_bByUserAudioMute:0<-|->SDK_bByUserAudioMute:1<-|
08-16 14:37:06.128 I/tvos    ( 1764): [audioBSP] #5 m_hpMute : 1 ..|->SDK_bUsrHpAudioMute:1<-|->SDK_bPowerOnMute:0<-|->SDK_bByUserAudioMute:1<-|
08-16 14:37:06.128 I/tvos    ( 1764): [audioBSP] #12 m_spdifMute : 1 ..
08-16 14:37:06.128 I/tvos    ( 1764): #12|->SDK_bPermanentAudioMute:0<-|->SDK_bMomentAudioMute:0<-|->SDK_bByBlockAudioMute:0<-|
08-16 14:37:06.128 I/tvos    ( 1764): #12|->SDK_bByVChipAudioMute:0<-|->SDK_bInternal1AudioMute:0<-|->SDK_bInternal4AudioMute:0<-|
08-16 14:37:06.128 I/tvos    ( 1764): #12|->SDK_bByDuringLimitedTimeAudioMute:0<-|->SDK_bSourceSwitchAudioMute:0<-|->SDK_bMHEGApMute:0<-|
08-16 14:37:06.128 I/tvos    ( 1764): #12|->SDK_bPowerOnMute:0<-|->SDK_bUsrSpdifAudioMute:1<-|->SDK_bNullSourceMute:0<-|->SDK_bByAppMute:0<-|
08-16 14:37:06.128 I/tvos    ( 1764): ---Amplifier_ALC1310_LR_SWMute(1)
08-16 14:37:06.128 I/tvos    ( 1764): ALC1310 mute write good, addr: 0x13, readback data : 49164, write cmd times : 1
08-16 14:37:06.130 I/tvos    ( 1764): SetSoundMuteStatus : m_hpMute : 1, m_spdifMute : 1, m_DataInMute : 0, m_channel7Mute : 0, m_internalMute : 0, m_spkrMute : 1, m_PcmCapture1Mute : 0, m_PcmCapture2Mute : 1 
08-16 14:37:06.203 I/tvos    ( 1764): GetAudioOutputDevice, retval : 0
08-16 14:37:06.217 I/APM::AudioPolicyEngine( 1758): getDeviceForStrategy, 359
08-16 14:37:06.454 I/tvos    ( 1764): GetAudioOutputDevice, retval : 0
08-16 14:37:06.639 I/WifiStateMachine( 2207):  DisconnectedState !CMD_START_SCAN  rt=512293072/512293072 -2 34131 ic=1 proc(ms):15012 dur:2861 cnt=34131 rssi=-127 f=-1 sc=0 link=-1 tx=0.0, 0.0, 0.0  rx=0.0 fiv=20000 [on:0 tx:0 rx:0 period:15010] from screen [on:0 period:1098101967]
08-16 14:37:06.639 I/WifiStateMachine( 2207): handlescanrequest  starting scan for 
08-16 14:37:06.639 I/WifiStateMachine( 2207): startscannative  starting scan for 
08-16 14:37:06.658 W/InputDispatcher( 2207): findFocusedWindow finished: injectionResult=0, timeSpentWaitingForApplication=0.0ms
08-16 14:37:06.659 I/GlobalSettings( 2822): BaseMultiLayerDialogHelper -- setDisMissTime on start
08-16 14:37:06.673 I/LetvDialog( 2822): checkColorPrimaryDefault colorPrimaryMaterialDark : -14606047, colorPrimaryLegacy : -1644826, colorPrimary : -14606047
08-16 14:37:06.677 W/InputDispatcher( 2207): findFocusedWindow finished: injectionResult=0, timeSpentWaitingForApplication=0.0ms
08-16 14:37:06.679 I/System.out( 2822): From style:
08-16 14:37:06.679 I/System.out( 2822): Attrs: 3010001=0.6 3010002=#cc000000 3010003=null 3010004=true
08-16 14:37:06.685 W/InputDispatcher( 2207): Focus left window: Window{cc05fa2 u0 com.stv.globalsetting}
08-16 14:37:06.685 W/InputDispatcher( 2207): Focus entered window: Window{c75b4a4 u0 com.stv.globalsetting}
08-16 14:37:06.704 I/tvos    ( 1764): GetAudioOutputDevice, retval : 0
08-16 14:37:06.714 E/BufferQueueProducer( 1749): [] connect(P): already connected (cur=1 req=1)
08-16 14:37:06.955 I/tvos    ( 1764): GetAudioOutputDevice, retval : 0
08-16 14:37:07.205 I/tvos    ( 1764): GetAudioOutputDevice, retval : 0
08-16 14:37:07.455 I/tvos    ( 1764): GetAudioOutputDevice, retval : 0
08-16 14:37:07.662 E/LetvRemoteupgradeManager-JNI( 2613): can't get LetvManager service!
08-16 14:37:07.706 I/tvos    ( 1764): GetAudioOutputDevice, retval : 0
08-16 14:37:07.956 I/tvos    ( 1764): GetAudioOutputDevice, retval : 0
08-16 14:37:08.184 W/InputDispatcher( 2207): findFocusedWindow finished: injectionResult=0, timeSpentWaitingForApplication=0.0ms
08-16 14:37:08.189 W/InputDispatcher( 2207): findFocusedWindow finished: injectionResult=0, timeSpentWaitingForApplication=0.0ms
08-16 14:37:08.190 I/SoundPool( 2207): enter : func play
08-16 14:37:08.191 I/APM::AudioPolicyEngine( 1758): getDeviceForStrategy, 359
08-16 14:37:08.197 I/audio_hw_primary( 1758): version:a00004 adev_create_audio_patch::mix->device 
08-16 14:37:08.197 I/audio_hw_primary( 1758): adev_create_audio_patch *handle=-1420227928 num_audio_patch=3
08-16 14:37:08.199 E/AudioManagerService( 1803): setAudioVolume(callingPid 1758, clientPid 1758, enSoundPath 0, volumn:0 )
08-16 14:37:08.201 I/tvos    ( 1764): SetVolume, subWooExist 0!
08-16 14:37:08.201 I/tvos    ( 1764): mapi_audio_customer::SetAbsoluteVolume: project name is X440M
08-16 14:37:08.201 I/tvos    ( 1764): SetAbsoluteVolume: uPercent : 0, path=52(speaker), VolumeInt=7f, VolumeFra=0
08-16 14:37:08.201 I/tvos    ( 1764): SetAbsoluteVolume: uPercent(currVol) : 0, realPath=52(default), VolumeInt=7f, VolumeFra=0
08-16 14:37:08.201 I/tvos    ( 1764): mapi_audio_customer::SetAbsoluteVolume: project name is X440M
08-16 14:37:08.201 I/tvos    ( 1764): SetAbsoluteVolume: uPercent : 0, path=49(HP), VolumeInt=7f, VolumeFra=0
08-16 14:37:08.201 I/tvos    ( 1764): SetAbsoluteVolume: uPercent(currVol) : 0, realPath=49(default), VolumeInt=7f, VolumeFra=0
08-16 14:37:08.201 I/tvos    ( 1764): mapi_audio_customer::SetAbsoluteVolume: project name is X440M
08-16 14:37:08.201 I/tvos    ( 1764): SetAbsoluteVolume, m_bBTDetect is false! 
08-16 14:37:08.201 I/tvos    ( 1764): mapi_audio_customer::SetAbsoluteVolume: project name is X440M
08-16 14:37:08.201 I/tvos    ( 1764): SetAbsoluteVolume: uPercent : 0, path=255(speaker), VolumeInt=7f, VolumeFra=0
08-16 14:37:08.201 I/tvos    ( 1764): SetAbsoluteVolume: uPercent(currVol) : 0, realPath=255(default), VolumeInt=7f, VolumeFra=0
08-16 14:37:08.201 I/tvos    ( 1764): [SetMuteStatus] call SetSoundMuteStatus, line : 10369, muteType: 4, onOff : 0 
08-16 14:37:08.201 I/tvos    ( 1764): [audioBSP] #1 m_internalMute : 0 ..
08-16 14:37:08.201 I/tvos    ( 1764): #1|->SDK_bPermanentAudioMute:0<-|->SDK_bMomentAudioMute:0 <-|->SDK_bBySyncAudioMute:0<-|->SDK_bByBlockAudioMute:0<-|->SDK_bByVChipAudioMute:0<-|
08-16 14:37:08.201 I/tvos    ( 1764): #1|->SDK_bInternal1AudioMute:0<-|->SDK_bInternal2AudioMute:0<-|->SDK_bInternal3AudioMute:0<-|->SDK_bInternal4AudioMute:0<-|
08-16 14:37:08.201 I/tvos    ( 1764): #1|->SDK_bByScanInOutchgCHchg:0<-|->SDK_bByDuringLimitedTimeAudioMute:0<-|->SDK_bSourceSwitchAudioMute:0<-|
08-16 14:37:08.201 I/tvos    ( 1764): #1|->SDK_bMHEGApMute:0<-|->SDK_bAllAudioMuteCtrl:0<-|->SDK_bPowerOnMute:0<-|->SDK_bNullSourceMute0<-|->SDK_bSetInputSourceAudioMute:0<-|
08-16 14:37:08.201 I/tvos    ( 1764): [audioBSP] #2 m_spkrMute : 0 ..|->SDK_bUsrSpkrAudioMute:0<-|->SDK_bPowerOnMute:0<-|->SDK_bByUserAudioMute:0<-|
08-16 14:37:08.201 I/tvos    ( 1764): [audioBSP] #3 m_PcmCapture2Mute:0 |->SDK_bByUserPcmCapture2Mute:0<-|->SDK_SUB_bByUserAudioMute:0<-|->SDK_bByUserAudioMute:0<-|
08-16 14:37:08.201 I/tvos    ( 1764): [audioBSP] #5 m_hpMute : 1 ..|->SDK_bUsrHpAudioMute:1<-|->SDK_bPowerOnMute:0<-|->SDK_bByUserAudioMute:0<-|
08-16 14:37:08.201 I/tvos    ( 1764): [audioBSP] #12 m_spdifMute : 1 ..
08-16 14:37:08.201 I/tvos    ( 1764): #12|->SDK_bPermanentAudioMute:0<-|->SDK_bMomentAudioMute:0<-|->SDK_bByBlockAudioMute:0<-|
08-16 14:37:08.201 I/tvos    ( 1764): #12|->SDK_bByVChipAudioMute:0<-|->SDK_bInternal1AudioMute:0<-|->SDK_bInternal4AudioMute:0<-|
08-16 14:37:08.201 I/tvos    ( 1764): #12|->SDK_bByDuringLimitedTimeAudioMute:0<-|->SDK_bSourceSwitchAudioMute:0<-|->SDK_bMHEGApMute:0<-|
08-16 14:37:08.201 I/tvos    ( 1764): #12|->SDK_bPowerOnMute:0<-|->SDK_bUsrSpdifAudioMute:1<-|->SDK_bNullSourceMute:0<-|->SDK_bByAppMute:0<-|
08-16 14:37:08.201 I/tvos    ( 1764): ---Amplifier_ALC1310_LR_SWMute(0)
08-16 14:37:08.201 I/tvos    ( 1764): ALC1310 unmute good, addr: 0x13 readbackvalue: 4 
08-16 14:37:08.203 I/AudioUtil( 1758): setParameters spk_volume=0
08-16 14:37:08.203 I/tvos    ( 1764): SetSoundMuteStatus : m_hpMute : 1, m_spdifMute : 1, m_DataInMute : 0, m_channel7Mute : 0, m_internalMute : 0, m_spkrMute : 0, m_PcmCapture1Mute : 0, m_PcmCapture2Mute : 0 
08-16 14:37:08.204 I/audio_hw_primary( 1758): adev_set_parameters: spk_volume=0
08-16 14:37:08.204 I/tvos    ( 1764): GetAudioOutputDevice, retval : 0
08-16 14:37:08.204 I/PictureManager_JNI( 2720): getHdrAttributes
08-16 14:37:08.204 I/tvos    ( 1764): [SetMuteStatus] call SetSoundMuteStatus, line : 10369, muteType: 67108864, onOff : 1 
08-16 14:37:08.204 I/tvos    ( 1764): _TransMSrvMuteTypeToSDKMuteType: Err! muteType(67108864) is out of Range
08-16 14:37:08.205 E/PictureManager( 2720): ret = true
08-16 14:37:08.207 I/tvos    ( 1764): [SetMuteStatus] call SetSoundMuteStatus, line : 10369, muteType: 4, onOff : 1 
08-16 14:37:08.207 I/tvos    ( 1764): [audioBSP] #1 m_internalMute : 0 ..
08-16 14:37:08.207 I/tvos    ( 1764): #1|->SDK_bPermanentAudioMute:0<-|->SDK_bMomentAudioMute:0 <-|->SDK_bBySyncAudioMute:0<-|->SDK_bByBlockAudioMute:0<-|->SDK_bByVChipAudioMute:0<-|
08-16 14:37:08.207 I/tvos    ( 1764): #1|->SDK_bInternal1AudioMute:0<-|->SDK_bInternal2AudioMute:0<-|->SDK_bInternal3AudioMute:0<-|->SDK_bInternal4AudioMute:0<-|
08-16 14:37:08.207 I/tvos    ( 1764): #1|->SDK_bByScanInOutchgCHchg:0<-|->SDK_bByDuringLimitedTimeAudioMute:0<-|->SDK_bSourceSwitchAudioMute:0<-|
08-16 14:37:08.207 I/tvos    ( 1764): #1|->SDK_bMHEGApMute:0<-|->SDK_bAllAudioMuteCtrl:0<-|->SDK_bPowerOnMute:0<-|->SDK_bNullSourceMute0<-|->SDK_bSetInputSourceAudioMute:0<-|
08-16 14:37:08.207 I/tvos    ( 1764): [audioBSP] #2 m_spkrMute : 1 ..|->SDK_bUsrSpkrAudioMute:0<-|->SDK_bPowerOnMute:0<-|->SDK_bByUserAudioMute:1<-|
08-16 14:37:08.207 I/tvos    ( 1764): [audioBSP] #3 m_PcmCapture2Mute:1 |->SDK_bByUserPcmCapture2Mute:0<-|->SDK_SUB_bByUserAudioMute:0<-|->SDK_bByUserAudioMute:1<-|
08-16 14:37:08.207 I/tvos    ( 1764): [audioBSP] #5 m_hpMute : 1 ..|->SDK_bUsrHpAudioMute:1<-|->SDK_bPowerOnMute:0<-|->SDK_bByUserAudioMute:1<-|
08-16 14:37:08.207 I/tvos    ( 1764): [audioBSP] #12 m_spdifMute : 1 ..
08-16 14:37:08.207 I/tvos    ( 1764): #12|->SDK_bPermanentAudioMute:0<-|->SDK_bMomentAudioMute:0<-|->SDK_bByBlockAudioMute:0<-|
08-16 14:37:08.207 I/tvos    ( 1764): #12|->SDK_bByVChipAudioMute:0<-|->SDK_bInternal1AudioMute:0<-|->SDK_bInternal4AudioMute:0<-|
08-16 14:37:08.207 I/tvos    ( 1764): #12|->SDK_bByDuringLimitedTimeAudioMute:0<-|->SDK_bSourceSwitchAudioMute:0<-|->SDK_bMHEGApMute:0<-|
08-16 14:37:08.207 I/tvos    ( 1764): #12|->SDK_bPowerOnMute:0<-|->SDK_bUsrSpdifAudioMute:1<-|->SDK_bNullSourceMute:0<-|->SDK_bByAppMute:0<-|
08-16 14:37:08.207 I/tvos    ( 1764): ---Amplifier_ALC1310_LR_SWMute(1)
08-16 14:37:08.207 I/tvos    ( 1764): GetAudioOutputDevice, retval : 0
08-16 14:37:08.207 I/tvos    ( 1764): ALC1310 mute write good, addr: 0x13, readback data : 49164, write cmd times : 1
