08-16 14:36:41.830 W/InputDispatcher( 2207): findFocusedWindow finished: injectionResult=0, timeSpentWaitingForApplication=0.0ms
08-16 14:36:41.912 I/tvos    ( 1764): GetAudioOutputDevice, retval : 0
08-16 14:36:41.931 W/InputDispatcher( 2207): Focus left window: Window{ffac725 u0 com.stv.globalsetting}
08-16 14:36:41.931 W/InputDispatcher( 2207): Focus entered window: Window{cc05fa2 u0 com.stv.globalsetting}
08-16 14:36:41.931 W/InputDispatcher( 2207): Window went away: Window{ffac725 u0 com.stv.globalsetting}
08-16 14:36:41.932 I/GlobalSettings( 2822): ReportEuiLog_U -- ReportEuiLog action is: tvaction and reportmsg is: action=imageModeQuit&imageModule=1
08-16 14:36:41.934 I/GlobalSettings( 2822): PicModeSettingDialog -- Set_PICMode_Value_Result is: true and value is: 1
08-16 14:36:41.998 E/BufferQueueProducer( 1749): [] connect(P): already connected (cur=1 req=1)
08-16 14:36:42.018 E/BufferQueueProducer( 1749): [] connect(P): already connected (cur=1 req=1)
08-16 14:36:42.037 E/BufferQueueProducer( 1749): [] connect(P): already connected (cur=1 req=1)
08-16 14:36:42.058 E/BufferQueueProducer( 1749): [] connect(P): already connected (cur=1 req=1)
08-16 14:36:42.109 I/LetvManager-LogReport( 1780): [send_msg] line: 490 report url = http://log.hdtv.cp21.ott.cibntv.net:80/api/log/tvAction
08-16 14:36:42.162 I/tvos    ( 1764): GetAudioOutputDevice, retval : 0
08-16 14:36:42.413 I/tvos    ( 1764): GetAudioOutputDevice, retval : 0
08-16 14:36:42.621 I/remotestatus( 2207): Msg.what is 101
08-16 14:36:42.621 I/WindowManager( 2207): turn cursor off
08-16 14:36:42.621 E/RemoteManager( 2207): RemoteManager is no longer support in eui6.5
08-16 14:36:42.621 W/InputDispatcher( 2207): findFocusedWindow finished: injectionResult=0, timeSpentWaitingForApplication=0.0ms
08-16 14:36:42.622 E/InputManager-JNI( 2207): call nativeDisableCursor method with hideCursor
08-16 14:36:42.622 I/GlobalSettings( 2822): BaseMultiLayerDialogHelper -- setDisMissTime on start
08-16 14:36:42.622 W/ContextImpl( 2822): Calling a method in the system process without a qualified user: android.app.ContextImpl.startService:1224 android.content.ContextWrapper.startService:581 com.stv.settingadapter.EqManager.updateBinder:869 com.stv.settingadapter.EqManager.getInstance:176 com.stv.globalsetting.util.Util.playFocusSound:1074 
08-16 14:36:42.663 I/tvos    ( 1764): GetAudioOutputDevice, retval : 0
08-16 14:36:42.675 I/SoundPool( 2207): enter : func play
08-16 14:36:42.677 I/APM::AudioPolicyEngine( 1758): getDeviceForStrategy, 359
08-16 14:36:42.677 I/audio_hw_primary( 1758): version:a00004 adev_create_audio_patch::mix->device 
08-16 14:36:42.677 I/audio_hw_primary( 1758): adev_create_audio_patch *handle=-1420227928 num_audio_patch=3
08-16 14:36:42.680 W/InputDispatcher( 2207): findFocusedWindow finished: injectionResult=0, timeSpentWaitingForApplication=0.0ms
08-16 14:36:42.680 I/GlobalSettings( 2822): BaseMultiLayerDialogHelper -- setDisMissTime on start
08-16 14:36:42.680 E/AudioManagerService( 1803): setAudioVolume(callingPid 1758, clientPid 1758, enSoundPath 0, volumn:0 )
08-16 14:36:42.683 I/tvos    ( 1764): SetVolume, subWooExist 0!
08-16 14:36:42.683 I/tvos    ( 1764): mapi_audio_customer::SetAbsoluteVolume: project name is X440M
08-16 14:36:42.683 I/tvos    ( 1764): SetAbsoluteVolume: uPercent : 0, path=52(speaker), VolumeInt=7f, VolumeFra=0
08-16 14:36:42.683 I/tvos    ( 1764): SetAbsoluteVolume: uPercent(currVol) : 0, realPath=52(default), VolumeInt=7f, VolumeFra=0
08-16 14:36:42.683 I/tvos    ( 1764): mapi_audio_customer::SetAbsoluteVolume: project name is X440M
08-16 14:36:42.683 I/tvos    ( 1764): SetAbsoluteVolume: uPercent : 0, path=49(HP), VolumeInt=7f, VolumeFra=0
08-16 14:36:42.683 I/tvos    ( 1764): SetAbsoluteVolume: uPercent(currVol) : 0, realPath=49(default), VolumeInt=7f, VolumeFra=0
08-16 14:36:42.683 I/tvos    ( 1764): mapi_audio_customer::SetAbsoluteVolume: project name is X440M
08-16 14:36:42.683 I/tvos    ( 1764): SetAbsoluteVolume, m_bBTDetect is false! 
08-16 14:36:42.683 I/tvos    ( 1764): mapi_audio_customer::SetAbsoluteVolume: project name is X440M
08-16 14:36:42.683 I/tvos    ( 1764): SetAbsoluteVolume: uPercent : 0, path=255(speaker), VolumeInt=7f, VolumeFra=0
08-16 14:36:42.683 I/tvos    ( 1764): SetAbsoluteVolume: uPercent(currVol) : 0, realPath=255(default), VolumeInt=7f, VolumeFra=0
08-16 14:36:42.683 I/tvos    ( 1764): [SetMuteStatus] call SetSoundMuteStatus, line : 10369, muteType: 4, onOff : 0 
08-16 14:36:42.683 I/tvos    ( 1764): [audioBSP] #1 m_internalMute : 0 ..
08-16 14:36:42.683 I/tvos    ( 1764): #1|->SDK_bPermanentAudioMute:0<-|->SDK_bMomentAudioMute:0 <-|->SDK_bBySyncAudioMute:0<-|->SDK_bByBlockAudioMute:0<-|->SDK_bByVChipAudioMute:0<-|
08-16 14:36:42.683 I/tvos    ( 1764): #1|->SDK_bInternal1AudioMute:0<-|->SDK_bInternal2AudioMute:0<-|->SDK_bInternal3AudioMute:0<-|->SDK_bInternal4AudioMute:0<-|
08-16 14:36:42.683 I/tvos    ( 1764): #1|->SDK_bByScanInOutchgCHchg:0<-|->SDK_bByDuringLimitedTimeAudioMute:0<-|->SDK_bSourceSwitchAudioMute:0<-|
08-16 14:36:42.683 I/tvos    ( 1764): #1|->SDK_bMHEGApMute:0<-|->SDK_bAllAudioMuteCtrl:0<-|->SDK_bPowerOnMute:0<-|->SDK_bNullSourceMute0<-|->SDK_bSetInputSourceAudioMute:0<-|
08-16 14:36:42.683 I/tvos    ( 1764): [audioBSP] #2 m_spkrMute : 0 ..|->SDK_bUsrSpkrAudioMute:0<-|->SDK_bPowerOnMute:0<-|->SDK_bByUserAudioMute:0<-|
08-16 14:36:42.683 I/tvos    ( 1764): [audioBSP] #3 m_PcmCapture2Mute:0 |->SDK_bByUserPcmCapture2Mute:0<-|->SDK_SUB_bByUserAudioMute:0<-|->SDK_bByUserAudioMute:0<-|
08-16 14:36:42.683 I/tvos    ( 1764): [audioBSP] #5 m_hpMute : 1 ..|->SDK_bUsrHpAudioMute:1<-|->SDK_bPowerOnMute:0<-|->SDK_bByUserAudioMute:0<-|
08-16 14:36:42.683 I/tvos    ( 1764): [audioBSP] #12 m_spdifMute : 1 ..
08-16 14:36:42.683 I/tvos    ( 1764): #12|->SDK_bPermanentAudioMute:0<-|->SDK_bMomentAudioMute:0<-|->SDK_bByBlockAudioMute:0<-|
08-16 14:36:42.683 I/tvos    ( 1764): #12|->SDK_bByVChipAudioMute:0<-|->SDK_bInternal1AudioMute:0<-|->SDK_bInternal4AudioMute:0<-|
08-16 14:36:42.683 I/tvos    ( 1764): #12|->SDK_bByDuringLimitedTimeAudioMute:0<-|->SDK_bSourceSwitchAudioMute:0<-|->SDK_bMHEGApMute:0<-|
08-16 14:36:42.683 I/tvos    ( 1764): #12|->SDK_bPowerOnMute:0<-|->SDK_bUsrSpdifAudioMute:1<-|->SDK_bNullSourceMute:0<-|->SDK_bByAppMute:0<-|
08-16 14:36:42.683 I/tvos    ( 1764): ---Amplifier_ALC1310_LR_SWMute(0)
08-16 14:36:42.683 I/tvos    ( 1764): ALC1310 unmute good, addr: 0x13 readbackvalue: 4 
08-16 14:36:42.686 I/AudioUtil( 1758): setParameters spk_volume=0
08-16 14:36:42.686 I/tvos    ( 1764): SetSoundMuteStatus : m_hpMute : 1, m_spdifMute : 1, m_DataInMute : 0, m_channel7Mute : 0, m_internalMute : 0, m_spkrMute : 0, m_PcmCapture1Mute : 0, m_PcmCapture2Mute : 0 
08-16 14:36:42.686 I/audio_hw_primary( 1758): adev_set_parameters: spk_volume=0
08-16 14:36:42.686 I/tvos    ( 1764): GetAudioOutputDevice, retval : 0
08-16 14:36:42.686 I/tvos    ( 1764): [SetMuteStatus] call SetSoundMuteStatus, line : 10369, muteType: 67108864, onOff : 1 
08-16 14:36:42.686 I/tvos    ( 1764): _TransMSrvMuteTypeToSDKMuteType: Err! muteType(67108864) is out of Range
08-16 14:36:42.689 I/tvos    ( 1764): [SetMuteStatus] call SetSoundMuteStatus, line : 10369, muteType: 4, onOff : 1 
08-16 14:36:42.689 I/tvos    ( 1764): [audioBSP] #1 m_internalMute : 0 ..
08-16 14:36:42.689 I/tvos    ( 1764): #1|->SDK_bPermanentAudioMute:0<-|->SDK_bMomentAudioMute:0 <-|->SDK_bBySyncAudioMute:0<-|->SDK_bByBlockAudioMute:0<-|->SDK_bByVChipAudioMute:0<-|
08-16 14:36:42.689 I/tvos    ( 1764): #1|->SDK_bInternal1AudioMute:0<-|->SDK_bInternal2AudioMute:0<-|->SDK_bInternal3AudioMute:0<-|->SDK_bInternal4AudioMute:0<-|
08-16 14:36:42.689 I/tvos    ( 1764): #1|->SDK_bByScanInOutchgCHchg:0<-|->SDK_bByDuringLimitedTimeAudioMute:0<-|->SDK_bSourceSwitchAudioMute:0<-|
08-16 14:36:42.689 I/tvos    ( 1764): #1|->SDK_bMHEGApMute:0<-|->SDK_bAllAudioMuteCtrl:0<-|->SDK_bPowerOnMute:0<-|->SDK_bNullSourceMute0<-|->SDK_bSetInputSourceAudioMute:0<-|
08-16 14:36:42.689 I/tvos    ( 1764): [audioBSP] #2 m_spkrMute : 1 ..|->SDK_bUsrSpkrAudioMute:0<-|->SDK_bPowerOnMute:0<-|->SDK_bByUserAudioMute:1<-|
08-16 14:36:42.689 I/tvos    ( 1764): [audioBSP] #3 m_PcmCapture2Mute:1 |->SDK_bByUserPcmCapture2Mute:0<-|->SDK_SUB_bByUserAudioMute:0<-|->SDK_bByUserAudioMute:1<-|
08-16 14:36:42.689 I/tvos    ( 1764): [audioBSP] #5 m_hpMute : 1 ..|->SDK_bUsrHpAudioMute:1<-|->SDK_bPowerOnMute:0<-|->SDK_bByUserAudioMute:1<-|
08-16 14:36:42.689 I/tvos    ( 1764): [audioBSP] #12 m_spdifMute : 1 ..
08-16 14:36:42.689 I/tvos    ( 1764): #12|->SDK_bPermanentAudioMute:0<-|->SDK_bMomentAudioMute:0<-|->SDK_bByBlockAudioMute:0<-|
08-16 14:36:42.689 I/tvos    ( 1764): #12|->SDK_bByVChipAudioMute:0<-|->SDK_bInternal1AudioMute:0<-|->SDK_bInternal4AudioMute:0<-|
08-16 14:36:42.689 I/tvos    ( 1764): #12|->SDK_bByDuringLimitedTimeAudioMute:0<-|->SDK_bSourceSwitchAudioMute:0<-|->SDK_bMHEGApMute:0<-|
08-16 14:36:42.689 I/tvos    ( 1764): #12|->SDK_bPowerOnMute:0<-|->SDK_bUsrSpdifAudioMute:1<-|->SDK_bNullSourceMute:0<-|->SDK_bByAppMute:0<-|
08-16 14:36:42.689 I/tvos    ( 1764): ---Amplifier_ALC1310_LR_SWMute(1)
08-16 14:36:42.689 I/tvos    ( 1764): ALC1310 mute write good, addr: 0x13, readback data : 49164, write cmd times : 1
08-16 14:36:42.691 I/tvos    ( 1764): SetSoundMuteStatus : m_hpMute : 1, m_spdifMute : 1, m_DataInMute : 0, m_channel7Mute : 0, m_internalMute : 0, m_spkrMute : 1, m_PcmCapture1Mute : 0, m_PcmCapture2Mute : 1 
08-16 14:36:42.708 E/audio_hw_primary( 1758): out_get_presentation_position pcm_get_htimestamp(pcm, &avail, timestamp) != 0!!!
08-16 14:36:42.741 I/APM::AudioPolicyEngine( 1758): getDeviceForStrategy, 359
08-16 14:36:42.914 I/tvos    ( 1764): GetAudioOutputDevice, retval : 0
08-16 14:36:43.164 I/tvos    ( 1764): GetAudioOutputDevice, retval : 0
08-16 14:36:43.393 W/InputDispatcher( 2207): findFocusedWindow finished: injectionResult=0, timeSpentWaitingForApplication=0.0ms
08-16 14:36:43.393 I/GlobalSettings( 2822): BaseMultiLayerDialogHelper -- setDisMissTime on start
08-16 14:36:43.397 I/GlobalSettings( 2822): ReportEuiLog_U -- ReportEuiLog action is: tvaction and reportmsg is: action=userdefImageModeClick&userdefModule=1
08-16 14:36:43.398 I/GlobalSettings( 2822): PictrueDialog -- Open_BACKLIGHT_Value_Result is: true and value is: 100
08-16 14:36:43.402 W/InputDispatcher( 2207): findFocusedWindow finished: injectionResult=0, timeSpentWaitingForApplication=0.0ms
08-16 14:36:43.414 I/tvos    ( 1764): GetAudioOutputDevice, retval : 0
08-16 14:36:43.448 W/InputDispatcher( 2207): Focus left window: Window{cc05fa2 u0 com.stv.globalsetting EXITING}
08-16 14:36:43.448 W/InputDispatcher( 2207): Focus entered window: Window{23c0535 u0 com.stv.launcher/com.stv.launcher.ui.activity.Launcher}
08-16 14:36:43.450 I/AppPlugin( 3007): AppRecyclerView -- onTouchModeChanged itemInfo = [ title = 超级影视 packageName = com.letv.tv className = com.letv.tv.player.PlayActivity type = 0 flags = 953728709 ]
08-16 14:36:43.450 I/LetvDialog( 2822): checkColorPrimaryDefault colorPrimaryMaterialDark : -14606047, colorPrimaryLegacy : -1644826, colorPrimary : -14606047
08-16 14:36:43.452 I/GlobalFocusChangedListe( 3007): com.stv.plugin.app.widget.AppCellView
08-16 14:36:43.455 I/System.out( 2822): From style:
08-16 14:36:43.455 I/System.out( 2822): Attrs: 3010001=0.6 3010002=#cc000000 3010003=null 3010004=true
08-16 14:36:43.459 I/OMXClient( 2822): Using client-side OMX mux.
08-16 14:36:43.479 W/InputDispatcher( 2207): Focus left window: Window{23c0535 u0 com.stv.launcher/com.stv.launcher.ui.activity.Launcher}
08-16 14:36:43.479 W/InputDispatcher( 2207): Focus entered window: Window{ecd45b4 u0 com.stv.globalsetting}
08-16 14:36:43.522 I/LetvManager-LogReport( 1780): [send_msg] line: 490 report url = http://log.hdtv.cp21.ott.cibntv.net:80/api/log/tvAction
08-16 14:36:43.524 E/BufferQueueProducer( 1749): [] connect(P): already connected (cur=1 req=1)
08-16 14:36:43.554 W/InputMethodManagerService( 2207): Starting input on non-focused client com.android.internal.view.IInputMethodClient$Stub$Proxy@7163e83 (uid=1000 pid=3007)
08-16 14:36:43.555 I/AppPlugin( 3007): AppFolderItem --  updateSuperscriptView msg count = -1type = -1
08-16 14:36:43.555 I/AppPlugin( 3007): AppFolderItem --  updateSuperscriptView msg count = -1type = -1
08-16 14:36:43.555 I/AppPlugin( 3007): AppFolderItem --  updateSuperscriptView msg count = -1type = -1
08-16 14:36:43.555 I/AppPlugin( 3007): CellView --  updateSuperscriptView msg count = -1type = -1
08-16 14:36:43.556 I/AppPlugin( 3007): CellView --  updateSuperscriptView msg count = -1type = -1
08-16 14:36:43.586 I/tvos    ( 1764): [37m[INFO] Change to Voltage: 1150 mV (0x22)[m
08-16 14:36:43.586 I/tvos    ( 1764): [37m[INFO] Change to Voltage: 1150 mV (0x25)[m
08-16 14:36:43.586 I/tvos    ( 1764): [37m[INFO] Change to Voltage: 1150 mV (0x28)[m
08-16 14:36:43.586 I/tvos    ( 1764): [37m[INFO] Change to Voltage: 1150 mV (0x2B)[m
08-16 14:36:43.586 I/tvos    ( 1764): [37m[INFO] Change to Voltage: 1150 mV (0x2E)[m
08-16 14:36:43.588 I/tvos    ( 1764): [37m[INFO] Change to Voltage: 1150 mV (0x2E)[m
08-16 14:36:43.658 E/LetvRemoteupgradeManager-JNI( 2613): can't get LetvManager service!
08-16 14:36:43.665 I/tvos    ( 1764): GetAudioOutputDevice, retval : 0
08-16 14:36:43.687 I/tvos    ( 1764): [37m[INFO] Change to Voltage: 1030 mV (0x2E)[m
08-16 14:36:43.687 I/tvos    ( 1764): [37m[INFO] Change to Voltage: 1030 mV (0x2B)[m
08-16 14:36:43.687 I/tvos    ( 1764): [37m[INFO] Change to Voltage: 1030 mV (0x28)[m
08-16 14:36:43.687 I/tvos    ( 1764): [37m[INFO] Change to Voltage: 1030 mV (0x25)[m
08-16 14:36:43.687 I/tvos    ( 1764): [37m[INFO] Change to Voltage: 1030 mV (0x22)[m
08-16 14:36:43.687 I/tvos    ( 1764): [37m[INFO] Change to Voltage: 1030 mV (0x22)[m
08-16 14:36:43.790 I/AppPlugin( 3007): ReportLogUtil -- startExposureReport
08-16 14:36:43.915 I/tvos    ( 1764): GetAudioOutputDevice, retval : 0
08-16 14:36:44.108 I/LePush  ( 3655): [CommonService] Handle intent: com.stv.stvpush.ACTION_HEART_BEAT
08-16 14:36:44.112 I/LePush  ( 3655): [LeSocket] SEND HEARTBEAT
08-16 14:36:44.115 I/LePush  ( 3655): [MessageReceiver] RECV HEARTBEAT: 0
08-16 14:36:44.115 I/LePush  ( 3655): [AesUtils] get decrypt is null.
08-16 14:36:44.117 I/LePush  ( 3655): [HeartbeatHandler] State: ACTIVE; Send next heartbeat 480s later. Thread:113
08-16 14:36:44.165 I/tvos    ( 1764): GetAudioOutputDevice, retval : 0
08-16 14:36:44.416 I/tvos    ( 1764): GetAudioOutputDevice, retval : 0
08-16 14:36:44.634 I/StvLogReport( 2837): Report Nielsen, handleMessage: 'send bd ok
08-16 14:36:44.634 I/StvLogReport( 2837): 6^C2014082201^X440M-b01bd2542d51-^A1A90F9A1254CF6F^^7DB96CA8498527CB^10.58.81.170^2018-08-16 14:35:46^1^2.57^0^O^^^^^^^^^-100^10.58.81.170^^^
08-16 14:36:44.634 I/StvLogReport( 2837): 6^C2014082201^X440M-b01bd2542d51-^A1A90F9A1254CF6F^^111D000C29A0A465^10.58.81.73^2018-08-16 14:35:46^1^2.57^0^O^^^^^^^^^-100^10.58.81.73^^^
08-16 14:36:44.634 I/StvLogReport( 2837): 6^C2014082201^X440M-b01bd2542d51-^A1A90F9A1254CF6F^^61765065F32A00FA^10.58.81.119^2018-08-16 14:35:46^1^2.57^5^O^^^^^^^^^-100^10.58.81.119^6CR538869G-^6CR538869G-^
08-16 14:36:44.634 I/StvLogReport( 2837): 6^C2014082201^X440M-b01bd2542d51-^A1A90F9A1254CF6F^^C16BB05ADA59930F^10.58.81.154^2018-08-16 14:35:46^1^2.57^0^O^^^^^^^^^-100^10.58.81.154^^^ (104)'.
08-16 14:36:44.666 I/tvos    ( 1764): GetAudioOutputDevice, retval : 0
08-16 14:36:44.917 I/tvos    ( 1764): GetAudioOutputDevice, retval : 0
08-16 14:36:44.938 W/InputDispatcher( 2207): findFocusedWindow finished: injectionResult=0, timeSpentWaitingForApplication=0.0ms
08-16 14:36:44.947 W/InputDispatcher( 2207): Focus left window: Window{ecd45b4 u0 com.stv.globalsetting}
08-16 14:36:44.947 W/InputDispatcher( 2207): Focus entered window: Window{23c0535 u0 com.stv.launcher/com.stv.launcher.ui.activity.Launcher}
08-16 14:36:44.947 W/InputDispatcher( 2207): Window went away: Window{ecd45b4 u0 com.stv.globalsetting}
08-16 14:36:44.948 W/InputDispatcher( 2207): findFocusedWindow finished: injectionResult=0, timeSpentWaitingForApplication=0.0ms
08-16 14:36:44.948 W/ViewRootImpl( 3007): Cancelling event due to no window focus: KeyEvent { action=ACTION_UP, keyCode=KEYCODE_DPAD_CENTER, scanCode=0, metaState=0, flags=0x20, repeatCount=0, eventTime=512271368, downTime=512271368, deviceId=-1, source=0x101 }
08-16 14:36:44.948 W/ViewRootImpl( 3007): Cancelling event due to no window focus: KeyEvent { action=ACTION_UP, keyCode=KEYCODE_DPAD_CENTER, scanCode=0, metaState=0, flags=0x20, repeatCount=0, eventTime=512271368, downTime=512271368, deviceId=-1, source=0x101 }
08-16 14:36:44.948 W/ViewRootImpl( 3007): Cancelling event due to no window focus: KeyEvent { action=ACTION_UP, keyCode=KEYCODE_DPAD_CENTER, scanCode=0, metaState=0, flags=0x20, repeatCount=0, eventTime=512271368, downTime=512271368, deviceId=-1, source=0x101 }
08-16 14:36:44.948 W/ViewRootImpl( 3007): Cancelling event due to no window focus: KeyEvent { action=ACTION_UP, keyCode=KEYCODE_DPAD_CENTER, scanCode=0, metaState=0, flags=0x20, repeatCount=0, eventTime=512271368, downTime=512271368, deviceId=-1, source=0x101 }
08-16 14:36:44.948 W/ViewRootImpl( 3007): Cancelling event due to no window focus: KeyEvent { action=ACTION_UP, keyCode=KEYCODE_DPAD_CENTER, scanCode=0, metaState=0, flags=0x20, repeatCount=0, eventTime=512271368, downTime=512271368, deviceId=-1, source=0x101 }
08-16 14:36:44.948 W/ViewRootImpl( 3007): Cancelling event due to no window focus: KeyEvent { action=ACTION_UP, keyCode=KEYCODE_DPAD_CENTER, scanCode=0, metaState=0, flags=0x20, repeatCount=0, eventTime=512271368, downTime=512271368, deviceId=-1, source=0x101 }
08-16 14:36:44.963 I/GlobalSettings( 2822): BaseMultiLayerDialogHelper -- setDisMissTime on start
08-16 14:36:44.965 I/GlobalSettings( 2822): BaseMultiLayerDialogHelper -- setDisMissTime on start
08-16 14:36:44.967 W/InputEventReceiver( 2822): Attempted to finish an input event but the input event receiver has already been disposed.
08-16 14:36:44.970 W/InputDispatcher( 2207): Focus left window: Window{23c0535 u0 com.stv.launcher/com.stv.launcher.ui.activity.Launcher}
08-16 14:36:44.970 W/InputDispatcher( 2207): Focus entered window: Window{632f14a u0 com.stv.globalsetting}
08-16 14:36:44.973 E/BufferQueueProducer( 1749): [] connect(P): already connected (cur=1 req=1)
08-16 14:36:44.980 W/InputDispatcher( 2207): Focus left window: Window{632f14a u0 com.stv.globalsetting}
08-16 14:36:44.980 W/InputDispatcher( 2207): Focus entered window: Window{cc05fa2 u0 com.stv.globalsetting}
08-16 14:36:44.982 E/BufferQueueProducer( 1749): [] connect(P): already connected (cur=1 req=1)
08-16 14:36:44.990 W/InputMethodManagerService( 2207): Starting input on non-focused client com.android.internal.view.IInputMethodClient$Stub$Proxy@7163e83 (uid=1000 pid=3007)
08-16 14:36:45.167 I/tvos    ( 1764): GetAudioOutputDevice, retval : 0
08-16 14:36:45.173 W/AppOps  ( 2207): Finishing op nesting under-run: uid 1000 pkg com.stv.globalsetting code 24 time=0 duration=0 nesting=0
08-16 14:36:45.417 I/tvos    ( 1764): GetAudioOutputDevice, retval : 0
08-16 14:36:45.513 I/remotestatus( 2207): Msg.what is 101
08-16 14:36:45.513 I/WindowManager( 2207): turn cursor off
08-16 14:36:45.513 E/RemoteManager( 2207): RemoteManager is no longer support in eui6.5
08-16 14:36:45.513 W/InputDispatcher( 2207): findFocusedWindow finished: injectionResult=0, timeSpentWaitingForApplication=0.0ms
08-16 14:36:45.513 E/InputManager-JNI( 2207): call nativeDisableCursor method with hideCursor
08-16 14:36:45.513 I/GlobalSettings( 2822): BaseMultiLayerDialogHelper -- setDisMissTime on start
08-16 14:36:45.514 W/ContextImpl( 2822): Calling a method in the system process without a qualified user: android.app.ContextImpl.startService:1224 android.content.ContextWrapper.startService:581 com.stv.settingadapter.EqManager.updateBinder:869 com.stv.settingadapter.EqManager.getInstance:176 com.stv.globalsetting.util.Util.playFocusSound:1074 
08-16 14:36:45.567 I/SoundPool( 2207): enter : func play
08-16 14:36:45.569 I/APM::AudioPolicyEngine( 1758): getDeviceForStrategy, 359
08-16 14:36:45.571 I/audio_hw_primary( 1758): version:a00004 adev_create_audio_patch::mix->device 
08-16 14:36:45.571 I/audio_hw_primary( 1758): adev_create_audio_patch *handle=-1420227928 num_audio_patch=3
08-16 14:36:45.572 W/InputDispatcher( 2207): findFocusedWindow finished: injectionResult=0, timeSpentWaitingForApplication=0.0ms
08-16 14:36:45.573 E/AudioManagerService( 1803): setAudioVolume(callingPid 1758, clientPid 1758, enSoundPath 0, volumn:0 )
08-16 14:36:45.573 I/GlobalSettings( 2822): BaseMultiLayerDialogHelper -- setDisMissTime on start
08-16 14:36:45.577 I/tvos    ( 1764): SetVolume, subWooExist 0!
08-16 14:36:45.577 I/tvos    ( 1764): mapi_audio_customer::SetAbsoluteVolume: project name is X440M
08-16 14:36:45.577 I/tvos    ( 1764): SetAbsoluteVolume: uPercent : 0, path=52(speaker), VolumeInt=7f, VolumeFra=0
08-16 14:36:45.578 I/tvos    ( 1764): SetAbsoluteVolume: uPercent(currVol) : 0, realPath=52(default), VolumeInt=7f, VolumeFra=0
08-16 14:36:45.578 I/tvos    ( 1764): mapi_audio_customer::SetAbsoluteVolume: project name is X440M
08-16 14:36:45.578 I/tvos    ( 1764): SetAbsoluteVolume: uPercent : 0, path=49(HP), VolumeInt=7f, VolumeFra=0
08-16 14:36:45.578 I/tvos    ( 1764): SetAbsoluteVolume: uPercent(currVol) : 0, realPath=49(default), VolumeInt=7f, VolumeFra=0
08-16 14:36:45.578 I/tvos    ( 1764): mapi_audio_customer::SetAbsoluteVolume: project name is X440M
08-16 14:36:45.578 I/tvos    ( 1764): SetAbsoluteVolume, m_bBTDetect is false! 
08-16 14:36:45.578 I/tvos    ( 1764): mapi_audio_customer::SetAbsoluteVolume: project name is X440M
08-16 14:36:45.578 I/tvos    ( 1764): SetAbsoluteVolume: uPercent : 0, path=255(speaker), VolumeInt=7f, VolumeFra=0
08-16 14:36:45.578 I/tvos    ( 1764): SetAbsoluteVolume: uPercent(currVol) : 0, realPath=255(default), VolumeInt=7f, VolumeFra=0
08-16 14:36:45.578 I/tvos    ( 1764): [SetMuteStatus] call SetSoundMuteStatus, line : 10369, muteType: 4, onOff : 0 
08-16 14:36:45.578 I/tvos    ( 1764): [audioBSP] #1 m_internalMute : 0 ..
08-16 14:36:45.578 I/tvos    ( 1764): #1|->SDK_bPermanentAudioMute:0<-|->SDK_bMomentAudioMute:0 <-|->SDK_bBySyncAudioMute:0<-|->SDK_bByBlockAudioMute:0<-|->SDK_bByVChipAudioMute:0<-|
08-16 14:36:45.578 I/tvos    ( 1764): #1|->SDK_bInternal1AudioMute:0<-|->SDK_bInternal2AudioMute:0<-|->SDK_bInternal3AudioMute:0<-|->SDK_bInternal4AudioMute:0<-|
08-16 14:36:45.578 I/tvos    ( 1764): #1|->SDK_bByScanInOutchgCHchg:0<-|->SDK_bByDuringLimitedTimeAudioMute:0<-|->SDK_bSourceSwitchAudioMute:0<-|
08-16 14:36:45.578 I/tvos    ( 1764): #1|->SDK_bMHEGApMute:0<-|->SDK_bAllAudioMuteCtrl:0<-|->SDK_bPowerOnMute:0<-|->SDK_bNullSourceMute0<-|->SDK_bSetInputSourceAudioMute:0<-|
08-16 14:36:45.578 I/tvos    ( 1764): [audioBSP] #2 m_spkrMute : 0 ..|->SDK_bUsrSpkrAudioMute:0<-|->SDK_bPowerOnMute:0<-|->SDK_bByUserAudioMute:0<-|
08-16 14:36:45.578 I/tvos    ( 1764): [audioBSP] #3 m_PcmCapture2Mute:0 |->SDK_bByUserPcmCapture2Mute:0<-|->SDK_SUB_bByUserAudioMute:0<-|->SDK_bByUserAudioMute:0<-|
08-16 14:36:45.578 I/tvos    ( 1764): [audioBSP] #5 m_hpMute : 1 ..|->SDK_bUsrHpAudioMute:1<-|->SDK_bPowerOnMute:0<-|->SDK_bByUserAudioMute:0<-|
08-16 14:36:45.578 I/tvos    ( 1764): [audioBSP] #12 m_spdifMute : 1 ..
08-16 14:36:45.578 I/tvos    ( 1764): #12|->SDK_bPermanentAudioMute:0<-|->SDK_bMomentAudioMute:0<-|->SDK_bByBlockAudioMute:0<-|
08-16 14:36:45.578 I/tvos    ( 1764): #12|->SDK_bByVChipAudioMute:0<-|->SDK_bInternal1AudioMute:0<-|->SDK_bInternal4AudioMute:0<-|
08-16 14:36:45.578 I/tvos    ( 1764): #12|->SDK_bByDuringLimitedTimeAudioMute:0<-|->SDK_bSourceSwitchAudioMute:0<-|->SDK_bMHEGApMute:0<-|
08-16 14:36:45.578 I/tvos    ( 1764): #12|->SDK_bPowerOnMute:0<-|->SDK_bUsrSpdifAudioMute:1<-|->SDK_bNullSourceMute:0<-|->SDK_bByAppMute:0<-|
08-16 14:36:45.578 I/tvos    ( 1764): ---Amplifier_ALC1310_LR_SWMute(0)
08-16 14:36:45.578 I/tvos    ( 1764): ALC1310 unmute good, addr: 0x13 readbackvalue: 4 
08-16 14:36:45.578 I/tvos    ( 1764): SetSoundMuteStatus : m_hpMute : 1, m_spdifMute : 1, m_DataInMute : 0, m_channel7Mute : 0, m_internalMute : 0, m_spkrMute : 0, m_PcmCapture1Mute : 0, m_PcmCapture2Mute : 0 
08-16 14:36:45.578 I/AudioUtil( 1758): setParameters spk_volume=0
08-16 14:36:45.578 I/audio_hw_primary( 1758): adev_set_parameters: spk_volume=0
08-16 14:36:45.579 I/tvos    ( 1764): GetAudioOutputDevice, retval : 0
08-16 14:36:45.579 I/tvos    ( 1764): [SetMuteStatus] call SetSoundMuteStatus, line : 10369, muteType: 67108864, onOff : 1 
08-16 14:36:45.579 I/tvos    ( 1764): _TransMSrvMuteTypeToSDKMuteType: Err! muteType(67108864) is out of Range
08-16 14:36:45.581 I/tvos    ( 1764): [SetMuteStatus] call SetSoundMuteStatus, line : 10369, muteType: 4, onOff : 1 
08-16 14:36:45.581 I/tvos    ( 1764): [audioBSP] #1 m_internalMute : 0 ..
08-16 14:36:45.581 I/tvos    ( 1764): #1|->SDK_bPermanentAudioMute:0<-|->SDK_bMomentAudioMute:0 <-|->SDK_bBySyncAudioMute:0<-|->SDK_bByBlockAudioMute:0<-|->SDK_bByVChipAudioMute:0<-|
08-16 14:36:45.581 I/tvos    ( 1764): #1|->SDK_bInternal1AudioMute:0<-|->SDK_bInternal2AudioMute:0<-|->SDK_bInternal3AudioMute:0<-|->SDK_bInternal4AudioMute:0<-|
08-16 14:36:45.581 I/tvos    ( 1764): #1|->SDK_bByScanInOutchgCHchg:0<-|->SDK_bByDuringLimitedTimeAudioMute:0<-|->SDK_bSourceSwitchAudioMute:0<-|
08-16 14:36:45.581 I/tvos    ( 1764): #1|->SDK_bMHEGApMute:0<-|->SDK_bAllAudioMuteCtrl:0<-|->SDK_bPowerOnMute:0<-|->SDK_bNullSourceMute0<-|->SDK_bSetInputSourceAudioMute:0<-|
08-16 14:36:45.581 I/tvos    ( 1764): [audioBSP] #2 m_spkrMute : 1 ..|->SDK_bUsrSpkrAudioMute:0<-|->SDK_bPowerOnMute:0<-|->SDK_bByUserAudioMute:1<-|
08-16 14:36:45.581 I/tvos    ( 1764): [audioBSP] #3 m_PcmCapture2Mute:1 |->SDK_bByUserPcmCapture2Mute:0<-|->SDK_SUB_bByUserAudioMute:0<-|->SDK_bByUserAudioMute:1<-|
08-16 14:36:45.581 I/tvos    ( 1764): [audioBSP] #5 m_hpMute : 1 ..|->SDK_bUsrHpAudioMute:1<-|->SDK_bPowerOnMute:0<-|->SDK_bByUserAudioMute:1<-|
08-16 14:36:45.581 I/tvos    ( 1764): [audioBSP] #12 m_spdifMute : 1 ..
08-16 14:36:45.581 I/tvos    ( 1764): #12|->SDK_bPermanentAudioMute:0<-|->SDK_bMomentAudioMute:0<-|->SDK_bByBlockAudioMute:0<-|
08-16 14:36:45.581 I/tvos    ( 1764): #12|->SDK_bByVChipAudioMute:0<-|->SDK_bInternal1AudioMute:0<-|->SDK_bInternal4AudioMute:0<-|
08-16 14:36:45.581 I/tvos    ( 1764): #12|->SDK_bByDuringLimitedTimeAudioMute:0<-|->SDK_bSourceSwitchAudioMute:0<-|->SDK_bMHEGApMute:0<-|
08-16 14:36:45.581 I/tvos    ( 1764): #12|->SDK_bPowerOnMute:0<-|->SDK_bUsrSpdifAudioMute:1<-|->SDK_bNullSourceMute:0<-|->SDK_bByAppMute:0<-|
08-16 14:36:45.581 I/tvos    ( 1764): ---Amplifier_ALC1310_LR_SWMute(1)
08-16 14:36:45.581 I/tvos    ( 1764): ALC1310 mute write good, addr: 0x13, readback data : 49164, write cmd times : 1
08-16 14:36:45.584 I/tvos    ( 1764): SetSoundMuteStatus : m_hpMute : 1, m_spdifMute : 1, m_DataInMute : 0, m_channel7Mute : 0, m_internalMute : 0, m_spkrMute : 1, m_PcmCapture1Mute : 0, m_PcmCapture2Mute : 1 
08-16 14:36:45.661 I/APM::AudioPolicyEngine( 1758): getDeviceForStrategy, 359
08-16 14:36:45.668 I/tvos    ( 1764): GetAudioOutputDevice, retval : 0
08-16 14:36:45.793 I/PluginFramework -- WidgetManager( 3007): getWidget id =#com.stv.plugin.app#
08-16 14:36:45.793 I/PluginFramework -- WidgetManager( 3007): getWidget widget = Widget{, mWidgetId=com.stv.plugin.app, mState=15, mLocation='/data/user/0/com.stv.launcher/files/plugins/com.stv.plugin.app_LetvAppPlugin_2.5.0.005_2018050710.apk', mVersionName='2.5.0.005', mVersionCode=2018050710, mName='LetvAppPlugin', mDexDir='/data/user/0/com.stv.launcher/files/plugins_data/com.stv.plugin.app/dex/', mLibDir='/data/user/0/com.stv.launcher/files/plugins_data/com.stv.plugin.app/libs/', mDataDir='/data/user/0/com.stv.launcher/files/plugins_data/com.stv.plugin.app'}
08-16 14:36:45.794 I/PluginFramework -- WidgetManager( 3007): getWidget id =#com.stv.plugin.app#
08-16 14:36:45.794 I/PluginFramework -- WidgetManager( 3007): getWidget widget = Widget{, mWidgetId=com.stv.plugin.app, mState=15, mLocation='/data/user/0/com.stv.launcher/files/plugins/com.stv.plugin.app_LetvAppPlugin_2.5.0.005_2018050710.apk', mVersionName='2.5.0.005', mVersionCode=2018050710, mName='LetvAppPlugin', mDexDir='/data/user/0/com.stv.launcher/files/plugins_data/com.stv.plugin.app/dex/', mLibDir='/data/user/0/com.stv.launcher/files/plugins_data/com.stv.plugin.app/libs/', mDataDir='/data/user/0/com.stv.launcher/files/plugins_data/com.stv.plugin.app'}
08-16 14:36:45.796 I/PluginFramework -- WidgetManager( 3007): getWidget id =#com.stv.plugin.app#
08-16 14:36:45.796 I/PluginFramework -- WidgetManager( 3007): getWidget widget = Widget{, mWidgetId=com.stv.plugin.app, mState=15, mLocation='/data/user/0/com.stv.launcher/files/plugins/com.stv.plugin.app_LetvAppPlugin_2.5.0.005_2018050710.apk', mVersionName='2.5.0.005', mVersionCode=2018050710, mName='LetvAppPlugin', mDexDir='/data/user/0/com.stv.launcher/files/plugins_data/com.stv.plugin.app/dex/', mLibDir='/data/user/0/com.stv.launcher/files/plugins_data/com.stv.plugin.app/libs/', mDataDir='/data/user/0/com.stv.launcher/files/plugins_data/com.stv.plugin.app'}
08-16 14:36:45.797 I/PluginFramework -- WidgetManager( 3007): getWidget id =#com.stv.plugin.app#
08-16 14:36:45.797 I/PluginFramework -- WidgetManager( 3007): getWidget widget = Widget{, mWidgetId=com.stv.plugin.app, mState=15, mLocation='/data/user/0/com.stv.launcher/files/plugins/com.stv.plugin.app_LetvAppPlugin_2.5.0.005_2018050710.apk', mVersionName='2.5.0.005', mVersionCode=2018050710, mName='LetvAppPlugin', mDexDir='/data/user/0/com.stv.launcher/files/plugins_data/com.stv.plugin.app/dex/', mLibDir='/data/user/0/com.stv.launcher/files/plugins_data/com.stv.plugin.app/libs/', mDataDir='/data/user/0/com.stv.launcher/files/plugins_data/com.stv.plugin.app'}
08-16 14:36:45.800 I/PluginFramework -- WidgetManager( 3007): getWidget id =#com.stv.plugin.app#
08-16 14:36:45.800 I/PluginFramework -- WidgetManager( 3007): getWidget widget = Widget{, mWidgetId=com.stv.plugin.app, mState=15, mLocation='/data/user/0/com.stv.launcher/files/plugins/com.stv.plugin.app_LetvAppPlugin_2.5.0.005_2018050710.apk', mVersionName='2.5.0.005', mVersionCode=2018050710, mName='LetvAppPlugin', mDexDir='/data/user/0/com.stv.launcher/files/plugins_data/com.stv.plugin.app/dex/', mLibDir='/data/user/0/com.stv.launcher/files/plugins_data/com.stv.plugin.app/libs/', mDataDir='/data/user/0/com.stv.launcher/files/plugins_data/com.stv.plugin.app'}
08-16 14:36:45.918 I/tvos    ( 1764): GetAudioOutputDevice, retval : 0
08-16 14:36:45.929 I/LetvManager-LogReport( 1780): [send_msg] line: 490 report url = http://log.hdtv.cp21.ott.cibntv.net:80/api/log/tvAction
08-16 14:36:46.136 I/LetvManager-LogReport( 1780): [send_msg] line: 490 report url = http://log.hdtv.cp21.ott.cibntv.net:80/api/log/tvAction
08-16 14:36:46.169 I/tvos    ( 1764): GetAudioOutputDevice, retval : 0
08-16 14:36:46.275 W/InputDispatcher( 2207): findFocusedWindow finished: injectionResult=0, timeSpentWaitingForApplication=0.0ms
08-16 14:36:46.275 I/GlobalSettings( 2822): BaseMultiLayerDialogHelper -- setDisMissTime on start
08-16 14:36:46.277 I/GlobalSettings( 2822): ReportEuiLog_U -- ReportEuiLog action is: tvaction and reportmsg is: action=userdefImageModeClick&userdefModule=2
08-16 14:36:46.278 I/GlobalSettings( 2822): PictrueDialog -- Open_BRIGHTNESS_Value_Result is: true and value is: 50
08-16 14:36:46.281 W/InputDispatcher( 2207): findFocusedWindow finished: injectionResult=0, timeSpentWaitingForApplication=0.0ms
08-16 14:36:46.320 I/OMXClient( 2822): Using client-side OMX mux.
08-16 14:36:46.320 W/InputDispatcher( 2207): Focus left window: Window{cc05fa2 u0 com.stv.globalsetting EXITING}
08-16 14:36:46.320 W/InputDispatcher( 2207): Focus entered window: Window{23c0535 u0 com.stv.launcher/com.stv.launcher.ui.activity.Launcher}
08-16 14:36:46.329 I/LetvDialog( 2822): checkColorPrimaryDefault colorPrimaryMaterialDark : -14606047, colorPrimaryLegacy : -1644826, colorPrimary : -14606047
08-16 14:36:46.336 I/System.out( 2822): From style:
08-16 14:36:46.337 I/System.out( 2822): Attrs: 3010001=0.6 3010002=#cc000000 3010003=null 3010004=true
08-16 14:36:46.343 I/LetvManager-LogReport( 1780): [send_msg] line: 490 report url = http://log.hdtv.cp21.ott.cibntv.net:80/api/log/tvAction
08-16 14:36:46.348 W/InputDispatcher( 2207): Focus left window: Window{23c0535 u0 com.stv.launcher/com.stv.launcher.ui.activity.Launcher}
08-16 14:36:46.348 W/InputDispatcher( 2207): Focus entered window: Window{7e4fb77 u0 com.stv.globalsetting}
08-16 14:36:46.374 E/BufferQueueProducer( 1749): [] connect(P): already connected (cur=1 req=1)
08-16 14:36:46.388 W/InputMethodManagerService( 2207): Starting input on non-focused client com.android.internal.view.IInputMethodClient$Stub$Proxy@7163e83 (uid=1000 pid=3007)
08-16 14:36:46.419 I/tvos    ( 1764): GetAudioOutputDevice, retval : 0
08-16 14:36:46.548 I/LetvManager-LogReport( 1780): [send_msg] line: 490 report url = http://log.hdtv.cp21.ott.cibntv.net:80/api/log/tvAction
08-16 14:36:46.659 E/LetvRemoteupgradeManager-JNI( 2613): can't get LetvManager service!
08-16 14:36:46.669 I/tvos    ( 1764): GetAudioOutputDevice, retval : 0
08-16 14:36:46.752 I/LetvManager-LogReport( 1780): [send_msg] line: 490 report url = http://log.hdtv.cp21.ott.cibntv.net:80/api/log/tvAction
08-16 14:36:46.920 I/tvos    ( 1764): GetAudioOutputDevice, retval : 0
08-16 14:36:46.957 I/LetvManager-LogReport( 1780): [send_msg] line: 490 report url = http://log.hdtv.cp21.ott.cibntv.net:80/api/log/tvAction
08-16 14:36:47.170 I/tvos    ( 1764): GetAudioOutputDevice, retval : 0
08-16 14:36:47.421 I/tvos    ( 1764): GetAudioOutputDevice, retval : 0
08-16 14:36:47.671 I/tvos    ( 1764): GetAudioOutputDevice, retval : 0
08-16 14:36:47.808 W/InputDispatcher( 2207): findFocusedWindow finished: injectionResult=0, timeSpentWaitingForApplication=0.0ms
08-16 14:36:47.817 W/InputDispatcher( 2207): Focus left window: Window{7e4fb77 u0 com.stv.globalsetting}
08-16 14:36:47.817 W/InputDispatcher( 2207): Focus entered window: Window{23c0535 u0 com.stv.launcher/com.stv.launcher.ui.activity.Launcher}
08-16 14:36:47.817 W/InputDispatcher( 2207): Window went away: Window{7e4fb77 u0 com.stv.globalsetting}
08-16 14:36:47.818 W/InputDispatcher( 2207): findFocusedWindow finished: injectionResult=0, timeSpentWaitingForApplication=0.0ms
08-16 14:36:47.818 W/ViewRootImpl( 3007): Cancelling event due to no window focus: KeyEvent { action=ACTION_UP, keyCode=KEYCODE_DPAD_CENTER, scanCode=0, metaState=0, flags=0x20, repeatCount=0, eventTime=512274239, downTime=512274239, deviceId=-1, source=0x101 }
08-16 14:36:47.818 W/ViewRootImpl( 3007): Cancelling event due to no window focus: KeyEvent { action=ACTION_UP, keyCode=KEYCODE_DPAD_CENTER, scanCode=0, metaState=0, flags=0x20, repeatCount=0, eventTime=512274239, downTime=512274239, deviceId=-1, source=0x101 }
08-16 14:36:47.818 W/ViewRootImpl( 3007): Cancelling event due to no window focus: KeyEvent { action=ACTION_UP, keyCode=KEYCODE_DPAD_CENTER, scanCode=0, metaState=0, flags=0x20, repeatCount=0, eventTime=512274239, downTime=512274239, deviceId=-1, source=0x101 }
08-16 14:36:47.818 W/ViewRootImpl( 3007): Cancelling event due to no window focus: KeyEvent { action=ACTION_UP, keyCode=KEYCODE_DPAD_CENTER, scanCode=0, metaState=0, flags=0x20, repeatCount=0, eventTime=512274239, downTime=512274239, deviceId=-1, source=0x101 }
08-16 14:36:47.818 W/ViewRootImpl( 3007): Cancelling event due to no window focus: KeyEvent { action=ACTION_UP, keyCode=KEYCODE_DPAD_CENTER, scanCode=0, metaState=0, flags=0x20, repeatCount=0, eventTime=512274239, downTime=512274239, deviceId=-1, source=0x101 }
08-16 14:36:47.818 W/ViewRootImpl( 3007): Cancelling event due to no window focus: KeyEvent { action=ACTION_UP, keyCode=KEYCODE_DPAD_CENTER, scanCode=0, metaState=0, flags=0x20, repeatCount=0, eventTime=512274239, downTime=512274239, deviceId=-1, source=0x101 }
08-16 14:36:47.818 W/ViewRootImpl( 3007): Cancelling event due to no window focus: KeyEvent { action=ACTION_UP, keyCode=KEYCODE_DPAD_CENTER, scanCode=0, metaState=0, flags=0x20, repeatCount=0, eventTime=512274239, downTime=512274239, deviceId=-1, source=0x101 }
08-16 14:36:47.818 W/ViewRootImpl( 3007): Cancelling event due to no window focus: KeyEvent { action=ACTION_UP, keyCode=KEYCODE_DPAD_CENTER, scanCode=0, metaState=0, flags=0x20, repeatCount=0, eventTime=512274239, downTime=512274239, deviceId=-1, source=0x101 }
08-16 14:36:47.818 W/ViewRootImpl( 3007): Cancelling event due to no window focus: KeyEvent { action=ACTION_UP, keyCode=KEYCODE_DPAD_CENTER, scanCode=0, metaState=0, flags=0x20, repeatCount=0, eventTime=512274239, downTime=512274239, deviceId=-1, source=0x101 }
08-16 14:36:47.827 I/GlobalSettings( 2822): BaseMultiLayerDialogHelper -- setDisMissTime on start
08-16 14:36:47.831 I/GlobalSettings( 2822): BaseMultiLayerDialogHelper -- setDisMissTime on start
08-16 14:36:47.832 W/InputEventReceiver( 2822): Attempted to finish an input event but the input event receiver has already been disposed.
08-16 14:36:47.837 W/InputDispatcher( 2207): Focus left window: Window{23c0535 u0 com.stv.launcher/com.stv.launcher.ui.activity.Launcher}
08-16 14:36:47.837 W/InputDispatcher( 2207): Focus entered window: Window{632f14a u0 com.stv.globalsetting}
08-16 14:36:47.839 E/BufferQueueProducer( 1749): [] connect(P): already connected (cur=1 req=1)
08-16 14:36:47.845 W/InputDispatcher( 2207): Focus left window: Window{632f14a u0 com.stv.globalsetting}
08-16 14:36:47.845 W/InputDispatcher( 2207): Focus entered window: Window{cc05fa2 u0 com.stv.globalsetting}
08-16 14:36:47.848 E/BufferQueueProducer( 1749): [] connect(P): already connected (cur=1 req=1)
08-16 14:36:47.855 W/InputMethodManagerService( 2207): Starting input on non-focused client com.android.internal.view.IInputMethodClient$Stub$Proxy@7163e83 (uid=1000 pid=3007)
08-16 14:36:47.922 I/tvos    ( 1764): GetAudioOutputDevice, retval : 0
08-16 14:36:48.032 W/AppOps  ( 2207): Finishing op nesting under-run: uid 1000 pkg com.stv.globalsetting code 24 time=0 duration=0 nesting=0
08-16 14:36:48.172 I/tvos    ( 1764): GetAudioOutputDevice, retval : 0
08-16 14:36:48.379 I/remotestatus( 2207): Msg.what is 101
08-16 14:36:48.379 I/WindowManager( 2207): turn cursor off
08-16 14:36:48.379 E/RemoteManager( 2207): RemoteManager is no longer support in eui6.5
08-16 14:36:48.379 W/InputDispatcher( 2207): findFocusedWindow finished: injectionResult=0, timeSpentWaitingForApplication=0.0ms
08-16 14:36:48.380 E/InputManager-JNI( 2207): call nativeDisableCursor method with hideCursor
08-16 14:36:48.380 I/GlobalSettings( 2822): BaseMultiLayerDialogHelper -- setDisMissTime on start
08-16 14:36:48.381 W/ContextImpl( 2822): Calling a method in the system process without a qualified user: android.app.ContextImpl.startService:1224 android.content.ContextWrapper.startService:581 com.stv.settingadapter.EqManager.updateBinder:869 com.stv.settingadapter.EqManager.getInstance:176 com.stv.globalsetting.util.Util.playFocusSound:1074 
08-16 14:36:48.423 I/tvos    ( 1764): GetAudioOutputDevice, retval : 0
08-16 14:36:48.434 I/SoundPool( 2207): enter : func play
08-16 14:36:48.437 W/InputDispatcher( 2207): findFocusedWindow finished: injectionResult=0, timeSpentWaitingForApplication=0.0ms
08-16 14:36:48.437 I/APM::AudioPolicyEngine( 1758): getDeviceForStrategy, 359
08-16 14:36:48.438 I/GlobalSettings( 2822): BaseMultiLayerDialogHelper -- setDisMissTime on start
08-16 14:36:48.446 I/audio_hw_primary( 1758): version:a00004 adev_create_audio_patch::mix->device 
08-16 14:36:48.447 I/audio_hw_primary( 1758): adev_create_audio_patch *handle=-1420227928 num_audio_patch=3
08-16 14:36:48.448 E/AudioManagerService( 1803): setAudioVolume(callingPid 1758, clientPid 1758, enSoundPath 0, volumn:0 )
08-16 14:36:48.450 I/tvos    ( 1764): SetVolume, subWooExist 0!
08-16 14:36:48.450 I/tvos    ( 1764): mapi_audio_customer::SetAbsoluteVolume: project name is X440M
08-16 14:36:48.450 I/tvos    ( 1764): SetAbsoluteVolume: uPercent : 0, path=52(speaker), VolumeInt=7f, VolumeFra=0
08-16 14:36:48.450 I/tvos    ( 1764): SetAbsoluteVolume: uPercent(currVol) : 0, realPath=52(default), VolumeInt=7f, VolumeFra=0
08-16 14:36:48.450 I/tvos    ( 1764): mapi_audio_customer::SetAbsoluteVolume: project name is X440M
08-16 14:36:48.450 I/tvos    ( 1764): SetAbsoluteVolume: uPercent : 0, path=49(HP), VolumeInt=7f, VolumeFra=0
08-16 14:36:48.450 I/tvos    ( 1764): SetAbsoluteVolume: uPercent(currVol) : 0, realPath=49(default), VolumeInt=7f, VolumeFra=0
08-16 14:36:48.450 I/tvos    ( 1764): mapi_audio_customer::SetAbsoluteVolume: project name is X440M
08-16 14:36:48.450 I/tvos    ( 1764): SetAbsoluteVolume, m_bBTDetect is false! 
08-16 14:36:48.450 I/tvos    ( 1764): mapi_audio_customer::SetAbsoluteVolume: project name is X440M
08-16 14:36:48.450 I/tvos    ( 1764): SetAbsoluteVolume: uPercent : 0, path=255(speaker), VolumeInt=7f, VolumeFra=0
08-16 14:36:48.450 I/tvos    ( 1764): SetAbsoluteVolume: uPercent(currVol) : 0, realPath=255(default), VolumeInt=7f, VolumeFra=0
08-16 14:36:48.450 I/tvos    ( 1764): [SetMuteStatus] call SetSoundMuteStatus, line : 10369, muteType: 4, onOff : 0 
08-16 14:36:48.450 I/tvos    ( 1764): [audioBSP] #1 m_internalMute : 0 ..
08-16 14:36:48.450 I/tvos    ( 1764): #1|->SDK_bPermanentAudioMute:0<-|->SDK_bMomentAudioMute:0 <-|->SDK_bBySyncAudioMute:0<-|->SDK_bByBlockAudioMute:0<-|->SDK_bByVChipAudioMute:0<-|
08-16 14:36:48.450 I/tvos    ( 1764): #1|->SDK_bInternal1AudioMute:0<-|->SDK_bInternal2AudioMute:0<-|->SDK_bInternal3AudioMute:0<-|->SDK_bInternal4AudioMute:0<-|
08-16 14:36:48.450 I/tvos    ( 1764): #1|->SDK_bByScanInOutchgCHchg:0<-|->SDK_bByDuringLimitedTimeAudioMute:0<-|->SDK_bSourceSwitchAudioMute:0<-|
08-16 14:36:48.450 I/tvos    ( 1764): #1|->SDK_bMHEGApMute:0<-|->SDK_bAllAudioMuteCtrl:0<-|->SDK_bPowerOnMute:0<-|->SDK_bNullSourceMute0<-|->SDK_bSetInputSourceAudioMute:0<-|
08-16 14:36:48.450 I/tvos    ( 1764): [audioBSP] #2 m_spkrMute : 0 ..|->SDK_bUsrSpkrAudioMute:0<-|->SDK_bPowerOnMute:0<-|->SDK_bByUserAudioMute:0<-|
08-16 14:36:48.450 I/tvos    ( 1764): [audioBSP] #3 m_PcmCapture2Mute:0 |->SDK_bByUserPcmCapture2Mute:0<-|->SDK_SUB_bByUserAudioMute:0<-|->SDK_bByUserAudioMute:0<-|
08-16 14:36:48.450 I/tvos    ( 1764): [audioBSP] #5 m_hpMute : 1 ..|->SDK_bUsrHpAudioMute:1<-|->SDK_bPowerOnMute:0<-|->SDK_bByUserAudioMute:0<-|
08-16 14:36:48.450 I/tvos    ( 1764): [audioBSP] #12 m_spdifMute : 1 ..
08-16 14:36:48.450 I/tvos    ( 1764): #12|->SDK_bPermanentAudioMute:0<-|->SDK_bMomentAudioMute:0<-|->SDK_bByBlockAudioMute:0<-|
08-16 14:36:48.450 I/tvos    ( 1764): #12|->SDK_bByVChipAudioMute:0<-|->SDK_bInternal1AudioMute:0<-|->SDK_bInternal4AudioMute:0<-|
08-16 14:36:48.450 I/tvos    ( 1764): #12|->SDK_bByDuringLimitedTimeAudioMute:0<-|->SDK_bSourceSwitchAudioMute:0<-|->SDK_bMHEGApMute:0<-|
08-16 14:36:48.450 I/tvos    ( 1764): #12|->SDK_bPowerOnMute:0<-|->SDK_bUsrSpdifAudioMute:1<-|->SDK_bNullSourceMute:0<-|->SDK_bByAppMute:0<-|
08-16 14:36:48.450 I/tvos    ( 1764): ---Amplifier_ALC1310_LR_SWMute(0)
08-16 14:36:48.452 I/tvos    ( 1764): ALC1310 unmute good, addr: 0x13 readbackvalue: 4 
08-16 14:36:48.454 I/tvos    ( 1764): SetSoundMuteStatus : m_hpMute : 1, m_spdifMute : 1, m_DataInMute : 0, m_channel7Mute : 0, m_internalMute : 0, m_spkrMute : 0, m_PcmCapture1Mute : 0, m_PcmCapture2Mute : 0 
08-16 14:36:48.454 I/AudioUtil( 1758): setParameters spk_volume=0
08-16 14:36:48.454 I/audio_hw_primary( 1758): adev_set_parameters: spk_volume=0
08-16 14:36:48.455 I/tvos    ( 1764): GetAudioOutputDevice, retval : 0
08-16 14:36:48.455 I/tvos    ( 1764): [SetMuteStatus] call SetSoundMuteStatus, line : 10369, muteType: 67108864, onOff : 1 
08-16 14:36:48.455 I/tvos    ( 1764): _TransMSrvMuteTypeToSDKMuteType: Err! muteType(67108864) is out of Range
08-16 14:36:48.458 I/tvos    ( 1764): [SetMuteStatus] call SetSoundMuteStatus, line : 10369, muteType: 4, onOff : 1 
08-16 14:36:48.458 I/tvos    ( 1764): [audioBSP] #1 m_internalMute : 0 ..
08-16 14:36:48.458 I/tvos    ( 1764): #1|->SDK_bPermanentAudioMute:0<-|->SDK_bMomentAudioMute:0 <-|->SDK_bBySyncAudioMute:0<-|->SDK_bByBlockAudioMute:0<-|->SDK_bByVChipAudioMute:0<-|
08-16 14:36:48.458 I/tvos    ( 1764): #1|->SDK_bInternal1AudioMute:0<-|->SDK_bInternal2AudioMute:0<-|->SDK_bInternal3AudioMute:0<-|->SDK_bInternal4AudioMute:0<-|
08-16 14:36:48.458 I/tvos    ( 1764): #1|->SDK_bByScanInOutchgCHchg:0<-|->SDK_bByDuringLimitedTimeAudioMute:0<-|->SDK_bSourceSwitchAudioMute:0<-|
08-16 14:36:48.458 I/tvos    ( 1764): #1|->SDK_bMHEGApMute:0<-|->SDK_bAllAudioMuteCtrl:0<-|->SDK_bPowerOnMute:0<-|->SDK_bNullSourceMute0<-|->SDK_bSetInputSourceAudioMute:0<-|
08-16 14:36:48.458 I/tvos    ( 1764): [audioBSP] #2 m_spkrMute : 1 ..|->SDK_bUsrSpkrAudioMute:0<-|->SDK_bPowerOnMute:0<-|->SDK_bByUserAudioMute:1<-|
08-16 14:36:48.458 I/tvos    ( 1764): [audioBSP] #3 m_PcmCapture2Mute:1 |->SDK_bByUserPcmCapture2Mute:0<-|->SDK_SUB_bByUserAudioMute:0<-|->SDK_bByUserAudioMute:1<-|
08-16 14:36:48.458 I/tvos    ( 1764): [audioBSP] #5 m_hpMute : 1 ..|->SDK_bUsrHpAudioMute:1<-|->SDK_bPowerOnMute:0<-|->SDK_bByUserAudioMute:1<-|
08-16 14:36:48.458 I/tvos    ( 1764): [audioBSP] #12 m_spdifMute : 1 ..
08-16 14:36:48.458 I/tvos    ( 1764): #12|->SDK_bPermanentAudioMute:0<-|->SDK_bMomentAudioMute:0<-|->SDK_bByBlockAudioMute:0<-|
08-16 14:36:48.458 I/tvos    ( 1764): #12|->SDK_bByVChipAudioMute:0<-|->SDK_bInternal1AudioMute:0<-|->SDK_bInternal4AudioMute:0<-|
08-16 14:36:48.458 I/tvos    ( 1764): #12|->SDK_bByDuringLimitedTimeAudioMute:0<-|->SDK_bSourceSwitchAudioMute:0<-|->SDK_bMHEGApMute:0<-|
08-16 14:36:48.458 I/tvos    ( 1764): #12|->SDK_bPowerOnMute:0<-|->SDK_bUsrSpdifAudioMute:1<-|->SDK_bNullSourceMute:0<-|->SDK_bByAppMute:0<-|
08-16 14:36:48.458 I/tvos    ( 1764): ---Amplifier_ALC1310_LR_SWMute(1)
08-16 14:36:48.458 I/tvos    ( 1764): ALC1310 mute write good, addr: 0x13, readback data : 49164, write cmd times : 1
08-16 14:36:48.460 I/tvos    ( 1764): SetSoundMuteStatus : m_hpMute : 1, m_spdifMute : 1, m_DataInMute : 0, m_channel7Mute : 0, m_internalMute : 0, m_spkrMute : 1, m_PcmCapture1Mute : 0, m_PcmCapture2Mute : 1 
08-16 14:36:48.545 I/APM::AudioPolicyEngine( 1758): getDeviceForStrategy, 359
08-16 14:36:48.673 I/tvos    ( 1764): GetAudioOutputDevice, retval : 0
08-16 14:36:48.923 I/tvos    ( 1764): GetAudioOutputDevice, retval : 0
08-16 14:36:49.153 W/InputDispatcher( 2207): findFocusedWindow finished: injectionResult=0, timeSpentWaitingForApplication=0.0ms
08-16 14:36:49.153 I/GlobalSettings( 2822): BaseMultiLayerDialogHelper -- setDisMissTime on start
08-16 14:36:49.155 I/GlobalSettings( 2822): ReportEuiLog_U -- ReportEuiLog action is: tvaction and reportmsg is: action=userdefImageModeClick&userdefModule=3
08-16 14:36:49.157 I/GlobalSettings( 2822): PictrueDialog -- Open_CONTRAST_Value_Result is: true and value is: 50
08-16 14:36:49.162 W/InputDispatcher( 2207): findFocusedWindow finished: injectionResult=0, timeSpentWaitingForApplication=0.0ms
08-16 14:36:49.162 I/LetvManager-LogReport( 1780): [send_msg] line: 490 report url = http://log.hdtv.cp21.ott.cibntv.net:80/api/log/tvAction
08-16 14:36:49.174 I/tvos    ( 1764): GetAudioOutputDevice, retval : 0
08-16 14:36:49.217 I/OMXClient( 2822): Using client-side OMX mux.
08-16 14:36:49.223 W/InputDispatcher( 2207): Focus left window: Window{cc05fa2 u0 com.stv.globalsetting EXITING}
08-16 14:36:49.224 W/InputDispatcher( 2207): Focus entered window: Window{23c0535 u0 com.stv.launcher/com.stv.launcher.ui.activity.Launcher}
08-16 14:36:49.230 I/LetvDialog( 2822): checkColorPrimaryDefault colorPrimaryMaterialDark : -14606047, colorPrimaryLegacy : -1644826, colorPrimary : -14606047
08-16 14:36:49.234 I/System.out( 2822): From style:
08-16 14:36:49.234 I/System.out( 2822): Attrs: 3010001=0.6 3010002=#cc000000 3010003=null 3010004=true
08-16 14:36:49.259 W/InputDispatcher( 2207): Focus left window: Window{23c0535 u0 com.stv.launcher/com.stv.launcher.ui.activity.Launcher}
08-16 14:36:49.259 W/InputDispatcher( 2207): Focus entered window: Window{8741381 u0 com.stv.globalsetting}
08-16 14:36:49.271 I/reService( 2207): onReportKeyEvent  type=type0 keycode=4*176*20*23*23*20*23*23*20*23*23*20*23 
08-16 14:36:49.278 E/LETV_DEVICE( 1780): no name sn for Mstar
08-16 14:36:49.285 I/tvos    ( 1764): [37m[INFO] Change to Voltage: 1150 mV (0x22)[m
08-16 14:36:49.285 I/tvos    ( 1764): [37m[INFO] Change to Voltage: 1150 mV (0x25)[m
08-16 14:36:49.285 I/tvos    ( 1764): [37m[INFO] Change to Voltage: 1150 mV (0x28)[m
08-16 14:36:49.287 I/tvos    ( 1764): [37m[INFO] Change to Voltage: 1150 mV (0x2B)[m
08-16 14:36:49.288 I/tvos    ( 1764): [37m[INFO] Change to Voltage: 1150 mV (0x2E)[m
08-16 14:36:49.288 I/tvos    ( 1764): [37m[INFO] Change to Voltage: 1150 mV (0x2E)[m
08-16 14:36:49.297 E/BufferQueueProducer( 1749): [] connect(P): already connected (cur=1 req=1)
08-16 14:36:49.297 E/ActivityThread( 2837): Failed to find provider info for com.letv.agnes.InfoProvider
08-16 14:36:49.301 E/ActivityThread( 2837): Failed to find provider info for com.letv.agnes.InfoProvider
08-16 14:36:49.302 W/System.err( 2837): java.lang.IllegalArgumentException: Unknown URL content://com.letv.agnes.InfoProvider
08-16 14:36:49.302 W/System.err( 2837): 	at android.content.ContentResolver.insert(ContentResolver.java:1227)
08-16 14:36:49.302 W/System.err( 2837): 	at com.letv.tracker2.agnes.Configuration.addDebugInfo(Configuration.java:289)
08-16 14:36:49.302 W/System.err( 2837): 	at com.letv.tracker2.agnes.MessageProcessor$SendEnvMsgTr$1.handleMessage(MessageProcessor.java:661)
08-16 14:36:49.302 W/System.err( 2837): 	at android.os.Handler.dispatchMessage(Handler.java:102)
08-16 14:36:49.302 W/System.err( 2837): 	at android.os.Looper.loop(Looper.java:148)
08-16 14:36:49.302 W/System.err( 2837): 	at com.letv.tracker2.agnes.MessageProcessor$SendEnvMsgTr.run(MessageProcessor.java:665)
