08-16 14:52:21.404 I/cdelog  ( 3380): core::supernode::HttpConnection(345)::[HLS]Client(127.0.0.1:60024), query full url(/play/stop?enc=base64&url=aHR0cDovL2xpdmUuZzNwcm94eS5jcDIxLm90dC5jaWJudHYubmV0L2dzbGI/c3RyZWFtX2lkPWxiX3pjemI1XzE4MDAmdGFnPWxpdmUmZXh0PW0zdTgmc2lnbj1saXZlX3R2JnNwbGF0aWQ9MTA2MDcwNDAwMiZwbGF0aWQ9MTAmcGxheWlkPTEmdGVybWlkPTImcGF5PTAmdG09MTQxMTk3NDE2NSZvc3R5cGU9YW5kcmlvZCZod3R5cGU9dW4mZXhwZWN0PTMmZm9ybWF0PTEmdWlkPTE3NTQwNDU3NDYmYXBwX25hbWU9dHZsaXZlJmFwcF92ZXI9NC4yLjAuMDUwJmRldmlkPW1hY0IwMUJEMjU0MkQ1MSZ1dWlkPUIwMUJEMjU0MkQ1MTE1MzQzNTAzNzMzMTFfMCZzdGF0aW9uPWxiX3pjemI1JnNpZ25fZGV2PUMwQkM4NzBEM0VGNDI3NjEyNkQ2Njk5NTAyMEIwREJBJmFwcF9jb2RlPTIwMTgwNzE5MTcmbGl2ZUlkPTIyODImcDE9MiZwMj0yMCZwMz0yMF90dmxpdmVfY2libiZ3bWFjPWI4OmZjOjliOjA0OjY4OjJhJmxzdG09MWZweWNjJmxzYnY9MmZuJmxzc3Y9MUVjanVUX1QxX1MxOW1iWjRfVmlSRF9QN0lPb3M0THNRYW5Cc2NKUTl0RmJSUjNCWWdCSV9JMF9NMCZsc2RnPTM0MGw2ajdySEo3OVN3bU9YN045bGQ0S2hqTWkmbHNzdD0xJmxzc2U9MkRpMFVG&&mediatype=m3u8), method(GET), 3 params, 5 header(s), content-length 0 bytes
08-16 14:52:21.405 I/MS_OMX_BASEPORT( 1758): [OMX.MS.AVC.Decoder]MS_OMX_FlushPort: 1
08-16 14:52:21.409 E/Utopia  ( 3007): [MSOS][003848]     MsOS_ReadMemory.3848 ioctl fail
08-16 14:52:21.410 E/LETV_DEVICE( 1780): no name sn for Mstar
08-16 14:52:21.415 I/cdelog  ( 3380): tools::collector::ReportClient(109)::Send report(traffic report), 1 pending item(s) to url(http://s.webp2p.cp21.ott.cibntv.net/hb?act=traffic)
08-16 14:52:21.416 I/cdelog  ( 3380): tools::collector::ReportClient(124)::post param(p1=2&p2=20&platid=10&splatid=1060704002&ch=&custid=&token=&time=1534402341&appid=110&nt=wired&geo=CN.1.5.666&iipl=10.58.80.199&dam=1366092&dco=25.76744186&aco=0.4651162791&dmo=2169276&amo=55432&gid=E9A02811C6AF370AF8E65DE6CCEFD2CAver_00_221.3m3u8_12272000&cid=&pid=&vid=&lid=&sid=lb_zczb5_1800&st=lb_zczb5&zid=&type=liv&vt=&pay=&dur=0&cdev=cde.1.1.17.32&lsbv=2fn&cdeid=d2422c501bf3b3fcfb0d70a85b3d7c7e&uuid=9f73a8f0cdc54541bf695900b3446903&starttime=1534402331014&r=0.27326&sn=1&termid=2&p2p=1&p-cde=1&p-rtc=1&p-rtmfp=1&qos=3&bul=30&cabl=30&errcnt=0&csize=7849000&dsize=0&tsize=0&msize=0&bsize=0&dnode=0&lnode=0&tnode=0&up-rtmfp=0&up-rtc=0&up-cde=0&dsize-rtc=0&tsize-rtc=0&msize-rtc=0&bsize-rtc=0&dsize-cde=0&tsize-cde=0&msize-cde=0&bsize-cde=0&lsize-cde=0&dnode-rtc=0&lnode-rtc=0&tnode-rtc=0&dnode-cde=0&lnode-cde=0&tnode-cde=0&cshare-size=0&csharesizeOnething=0&lcsharesizeOnething=0&chk0=52&chk1=0&chk2=0&chk3=0&chk4=0&chk5=0&chk6=0&chk7=0&lcsize=0&lpsize=0&vf=lm3u8&pstat
08-16 14:52:21.416 I/cdelog  ( 3380): core::supernode::HttpDownloader(527)::[collector::report]Start download method(POST), range(), server(s.webp2p.cp21.ott.cibntv.net:80), channel(), proxy(disabled), 1 addtional header(s) ...
08-16 14:52:21.417 I/cdelog  ( 3380): core::supernode::HttpDownloader(532)::[collector::report]Request url(http://s.webp2p.cp21.ott.cibntv.net/hb?act=traffic)
08-16 14:52:21.418 I/APM::AudioPolicyEngine( 1758): getDeviceForStrategy, 350
08-16 14:52:21.418 I/APM::AudioPolicyEngine( 1758): getDeviceForStrategy, 350
08-16 14:52:21.419 I/cdelog  ( 3380): logic::base::BlockRequestSchedule(277)::Schedule module is notified to close
08-16 14:52:21.423 I/cdelog  ( 3380): logic::base::Manager(511)::Close channel id(70f8798d72ff0ac99462999af2ba7c5d), url(http://live.g3proxy.cp21.ott.cibntv.net/gslb?stream_id=lb_zczb5_1800&tag=live&ext=m3u8&sign=live_tv&splatid=1060704002&platid=10&playid=1&termid=2&pay=0&tm=1411974165&ostype=andriod&hwtype=un&expect=3&format=1&uid=1754045746&app_name=tvlive&app_ver=4.2.0.050&devid=macB01BD2542D51&uuid=B01BD2542D511534350373311_0&station=lb_zczb5&sign_dev=C0BC870D3EF4276126D66995020B0DBA&app_code=2018071917&liveId=2282&p1=2&p2=20&p3=20_tvlive_cibn&wmac=b8:fc:9b:04:68:2a&lstm=1fpycc&lsbv=2fn&lssv=1EcjuT_T1_S19mbZ4_ViRD_P7IOos4LsQanBscJQ9tFbRR3BYgBI_I0_M0&lsdg=340l6j7rHJ79SwmOX7N9ld4KhjMi&lsst=1&lsse=2Di0UF), total 0 channel(s) now
08-16 14:52:21.425 I/cdelog  ( 3380): core::entrance::HlsServer(654)::Request stop channel(http://live.g3proxy.cp21.ott.cibntv.net/gslb?stream_id=lb_zczb5_1800&tag=live&ext=m3u8&sign=live_tv&splatid=1060704002&platid=10&playid=1&termid=2&pay=0&tm=1411974165&ostype=andriod&hwtype=un&expect=3&format=1&uid=1754045746&app_name=tvlive&app_ver=4.2.0.050&devid=macB01BD2542D51&uuid=B01BD2542D511534350373311_0&station=lb_zczb5&sign_dev=C0BC870D3EF4276126D66995020B0DBA&app_code=2018071917&liveId=2282&p1=2&p2=20&p3=20_tvlive_cibn&wmac=b8:fc:9b:04:68:2a&lstm=1fpycc&lsbv=2fn&lssv=1EcjuT_T1_S19mbZ4_ViRD_P7IOos4LsQanBscJQ9tFbRR3BYgBI_I0_M0&lsdg=340l6j7rHJ79SwmOX7N9ld4KhjMi&lsst=1&lsse=2Di0UF), result(Stop OK)
08-16 14:52:21.426 I/cdelog  ( 3380): core::supernode::HttpServer(137)::close connection(127.0.0.1:60024), url(/play/stop)
08-16 14:52:21.438 E/ActivityThread( 2837): Failed to find provider info for com.letv.agnes.InfoProvider
08-16 14:52:21.441 E/ActivityThread( 2837): Failed to find provider info for com.letv.agnes.InfoProvider
08-16 14:52:21.441 W/System.err( 2837): java.lang.IllegalArgumentException: Unknown URL content://com.letv.agnes.InfoProvider
08-16 14:52:21.441 W/System.err( 2837): 	at android.content.ContentResolver.insert(ContentResolver.java:1227)
08-16 14:52:21.441 W/System.err( 2837): 	at com.letv.tracker2.agnes.Configuration.addDebugInfo(Configuration.java:289)
08-16 14:52:21.442 W/System.err( 2837): 	at com.letv.tracker2.agnes.MessageProcessor$SendEnvMsgTr$1.handleMessage(MessageProcessor.java:661)
08-16 14:52:21.442 W/System.err( 2837): 	at android.os.Handler.dispatchMessage(Handler.java:102)
08-16 14:52:21.442 W/System.err( 2837): 	at android.os.Looper.loop(Looper.java:148)
08-16 14:52:21.442 W/System.err( 2837): 	at com.letv.tracker2.agnes.MessageProcessor$SendEnvMsgTr.run(MessageProcessor.java:665)
08-16 14:52:21.447 I/[T1.0.6.3]EuiAgnes_Server( 2837): resCode:1
08-16 14:52:21.447 I/[T1.0.6.3]EuiAgnes_Server( 2837): b[0]:0
08-16 14:52:21.452 I/tvos    ( 1764): [37m[INFO] Change to Voltage: 1130 mV (0x1F)[m
08-16 14:52:21.452 I/tvos    ( 1764): [37m[INFO] Change to Voltage: 1130 mV (0x22)[m
08-16 14:52:21.452 I/tvos    ( 1764): [37m[INFO] Change to Voltage: 1130 mV (0x25)[m
08-16 14:52:21.452 I/tvos    ( 1764): [37m[INFO] Change to Voltage: 1130 mV (0x28)[m
08-16 14:52:21.452 I/tvos    ( 1764): [37m[INFO] Change to Voltage: 1130 mV (0x2B)[m
08-16 14:52:21.452 I/tvos    ( 1764): [37m[INFO] Change to Voltage: 1130 mV (0x2C)[m
08-16 14:52:21.480 I/MM_DIP  ( 1749): E_MMAP_ID_DIP_CAPTURE_MAIN_MM Start: 214ec000, size: 0x400000
08-16 14:52:21.480 I/Utopia  ( 1749): [DIP API]DIP already Opened
08-16 14:52:21.480 I/Utopia  ( 1749): [DIP API]DIP already Opened
08-16 14:52:21.480 I/Utopia  ( 1749): [DIP API]MDrv_CMD_DIP_GET_RESOURCE[0]   start
08-16 14:52:21.480 I/LetvManager-LogReport( 1780): [send_msg] line: 490 report url = http://log.hdtv.cp21.ott.cibntv.net:80/api/log/tvAction
08-16 14:52:21.480 I/Utopia  ( 1749): [DIP API]MDrv_CMD_DIP_GET_RESOURCE[0]   end
08-16 14:52:21.480 I/Utopia  ( 1749): [DIP API]DIP already Opened
08-16 14:52:21.480 E/vsyncbridge( 1749): vsync_bridge_capture_video return fail 3 1 2
08-16 14:52:21.486 E/BufferQueueProducer( 1749): [SurfaceView] cancelBuffer: slot 2 is not owned by the producer (state = 3)
08-16 14:52:21.499 I/Utopia  ( 1758): [VDEC][NDec][ALLOC][DBG][_VDEC_EX_NdecAllocator_CMAFree][3400] MApi_CMA_Pool_PutMem: heap_id=0x13, offset_in_pool=0x00000000, length=0x08200000
08-16 14:52:21.537 I/Utopia  ( 1758): [VDEC][NDec][ALLOC][0] Used Allocators:2, Used Blocks:6
08-16 14:52:21.537 I/Utopia  ( 1758): [VDEC][NDec][ALLOC][0] Used Allocators:2, Used Blocks:6
08-16 14:52:21.537 I/Utopia  ( 1758): [VDEC][NDec][ALLOC][0] Used Allocators:1, Used Blocks:2
08-16 14:52:21.537 I/MSTAR_VDEC_API( 1758): stored streamId: 0:4040
08-16 14:52:21.537 I/MSTAR_VDEC_API( 1758): remove StreamId: 0x4040
08-16 14:52:21.538 I/ACodec  ( 3007): onShutdown ReleaseRM
08-16 14:52:21.538 I/RMAllocator( 1750): ~ClientInfo this=1656328384,mRMClient=1656327888. id=83
08-16 14:52:21.538 W/RMAllocator( 1750): returnAllResourcesFor: not registered, nothing to do
08-16 14:52:21.544 I/MS_OMX_BASEPORT( 1758): [OMX.MS.AAC.Decoder]MS_OMX_FlushPort: 0
08-16 14:52:21.553 I/tvos    ( 1764): [37m[INFO] Change to Voltage: 1000 mV (0x2C)[m
08-16 14:52:21.553 I/tvos    ( 1764): [37m[INFO] Change to Voltage: 1000 mV (0x29)[m
08-16 14:52:21.553 I/tvos    ( 1764): [37m[INFO] Change to Voltage: 1000 mV (0x26)[m
08-16 14:52:21.553 I/tvos    ( 1764): [37m[INFO] Change to Voltage: 1000 mV (0x23)[m
08-16 14:52:21.553 I/tvos    ( 1764): [37m[INFO] Change to Voltage: 1000 mV (0x20)[m
08-16 14:52:21.553 I/tvos    ( 1764): [37m[INFO] Change to Voltage: 1000 mV (0x1F)[m
08-16 14:52:21.565 I/tvos    ( 1764): GetAudioOutputDevice, retval : 0
08-16 14:52:21.572 E/Utopia  ( 1758): [AUDIO]HAL_MAD_SetAudioParam2: DecId(1) Enable Multi-Channel
08-16 14:52:21.587 I/MS_OMX_AACDEC( 1758): AAC_Decode_Reset: DecID=2 AUDIO FLUSH OK !!
08-16 14:52:21.587 I/MS_OMX_BASEPORT( 1758): [OMX.MS.AAC.Decoder]MS_OMX_FlushPort: 1
08-16 14:52:21.590 I/MSTAR_ADEC_API( 1758): ADEC ID 2 HandleId 0xab78b5b8 Close audio utopia handle !!
08-16 14:52:21.590 I/ACodec  ( 3007): onShutdown ReleaseRM
08-16 14:52:21.591 I/RMAllocator( 1750): ~ClientInfo this=1656326496,mRMClient=1656322144. id=84
08-16 14:52:21.591 W/RMAllocator( 1750): returnAllResourcesFor: not registered, nothing to do
08-16 14:52:21.598 I/DeviceConfigUtil( 3007): DemeterFHD    maserati
08-16 14:52:21.598 I/SpoPlayer( 3007): [38] disconnect done
08-16 14:52:21.598 W/art     ( 3007): Long monitor contention event with owner method=void com.media.threadedmediaplaye.PlayerZygote$1.run() from :4294967295 waiters=0 for 222ms
08-16 14:52:21.599 I/BasePlayControllerImpl( 3007): onSurfaceHolderStateChange type = 2
08-16 14:52:21.599 I/AdTipViewControl( 3007): onSurfaceEventReceived eventType = 2
08-16 14:52:21.603 I/SystemUtil( 3007): isSupportDisplayBySys: sSupportDisplayBySys = 1
08-16 14:52:21.603 I/PlayerUtil( 3007): setSystemScreenProp isFragmentStart = false isSupportDisplayBySys = true
08-16 14:52:21.603 I/SystemUtil( 3007): setVideoSizeProperty value = 0
08-16 14:52:21.603 I/PreviewPlayerManager( 3007): stop all preview player
08-16 14:52:21.604 I/ProgramUpdateMonitorForLunBoLive( 3007): reset
08-16 14:52:21.604 I/PlayerBlockHelper( 3007): reset
08-16 14:52:21.604 I/ChannelIconControl( 3007): onStop
08-16 14:52:21.604 I/ChannelInfoViewControl( 3007): cancelDelayClose
08-16 14:52:21.604 I/Feature_Pay_Channel_PayCashierControl( 3007): dismiss
08-16 14:52:21.604 E/ViewManagerImpl( 3007): dismissView i for com.letv.android.letvlive.paylive.view.h@1448f13 isDuringOneViewShown:false
08-16 14:52:21.604 I/GuideViewsControl( 3007): View loop runnable stop
08-16 14:52:21.604 I/Feature_Pay_Channel_PayTipControl( 3007): hideView
08-16 14:52:21.604 I/Feature_Pay_Channel_PayTipControl( 3007): hidePayTip , isTemperary = false
08-16 14:52:21.604 E/ViewManagerImpl( 3007): dismissView f for com.letv.android.letvlive.paylive.view.n@cbb0a48 isDuringOneViewShown:false
08-16 14:52:21.604 E/ViewManagerImpl( 3007): dismissView c for com.letv.android.letvlive.paylive.view.j@47580e1 isDuringOneViewShown:false
08-16 14:52:21.604 I/Feature_Seek_PlayActionManager( 3007): clear
08-16 14:52:21.604 I/Feature_Program_NewStyleProgramController( 3007): release
08-16 14:52:21.604 I/Feature_Program_NewStyleProgramController( 3007): clear
08-16 14:52:21.604 I/Feature_Program_NewStyleProgramController( 3007): updateCurrentShowData
08-16 14:52:21.604 I/Feature_Program_ProgramControllerView( 3007): notifyDataChanged mSlideDownState false
08-16 14:52:21.604 I/Feature_Program_ProgramControllerView( 3007): update program list data , the list adapter size is 9
08-16 14:52:21.604 I/Feature_Program_ProgramControllerView( 3007): isViewShow false isShowLoading false
08-16 14:52:21.604 I/Feature_Seek_PlayActionManager( 3007): mPlayProgramList is empty
08-16 14:52:21.604 I/Feature_Program_ProgramControllerView( 3007): reset
08-16 14:52:21.604 I/Feature_Program_ProgramControllerView( 3007): hide view false
08-16 14:52:21.604 I/Feature_Seek_PlayActionManager( 3007): mPlayProgramList is empty
08-16 14:52:21.605 I/Feature_Program_ProgramControllerView( 3007): release
08-16 14:52:21.605 I/Feature_Program_ProgramControllerView( 3007): reset
08-16 14:52:21.605 I/Feature_Program_ProgramControllerView( 3007): hide view false
08-16 14:52:21.605 I/Feature_Seek_PlayActionManager( 3007): mPlayProgramList is empty
08-16 14:52:21.605 I/Feature_Program_ProgramListDataDealController( 3007): release
08-16 14:52:21.605 I/Feature_Program_ProgramListDataDealController( 3007): cancel recently program request
08-16 14:52:21.605 I/SubPlayerControl( 3007): isSubPlayerShowing: false
08-16 14:52:21.605 I/SubPlayerControl( 3007): onStop the sub Play set mNeedResume false:
08-16 14:52:21.605 I/MultiProgramsControlVerticalGridView( 3007): Life circle --------------- onStop, currentMainChannel=[channelId=2282, channelName=欢乐颂]
08-16 14:52:21.605 I/BigNavigationControl( 3007): onStop: 
08-16 14:52:21.605 I/BigMenuPresentersManager( 3007): updateContentData: mContentPresenter == presenter true  mContentItem == contentItem true mContentShowed = true
08-16 14:52:21.605 I/RateTipController( 3007): cancelShowOrDismiss isShowing()false
08-16 14:52:21.605 I/AdTipViewControl( 3007): onFragmentStop
08-16 14:52:21.605 I/MiddleAdPlayManager( 3007): resetAd
08-16 14:52:21.605 I/MiddleAdPlayManager( 3007): cancelDelayAdEndRunnable
08-16 14:52:21.605 I/MiddleAdPlayManager( 3007): isAdPlaying mIsPlayAd = false
08-16 14:52:21.605 I/MiddleAdFetchAndPostPresenter( 3007): clearAllData
08-16 14:52:21.605 I/MiddleAdHandlePresenter( 3007): clearEventData
08-16 14:52:21.605 I/AdTipViewControl( 3007): resetAdData
08-16 14:52:21.605 I/PlaylistController( 3007): onFragmentStop
08-16 14:52:21.605 I/PlayReportManager( 3007): isBigScreenPlay isBigScreenPlay = true
08-16 14:52:21.605 I/PreAdPresenter( 3007): isAdPlaying isPlaying = false
08-16 14:52:21.605 I/PlayReportManager( 3007): shouldNotReport : isNotNeedReport = false
08-16 14:52:21.605 I/PlayReportManager( 3007): isBigScreenPlay isBigScreenPlay = true
08-16 14:52:21.605 I/PreAdPresenter( 3007): isAdPlaying isPlaying = false
08-16 14:52:21.605 I/PlayReportManager( 3007): shouldNotReport : isNotNeedReport = false
08-16 14:52:21.606 I/PlayReportManager( 3007): reportActionEnd record.getLastReportAction = END
08-16 14:52:21.606 I/PlayReportManager( 3007): reportActionEnd return
08-16 14:52:21.606 I/SlotAdStockReportController( 3007): onFragmentStop
08-16 14:52:21.606 I/SlotAdStockReportController( 3007): clearMessage
08-16 14:52:21.606 I/PurchaseAdManager( 3007): handleForceEnd mIsShow = false
08-16 14:52:21.606 I/PurchaseAdUtil( 3007): isSupportOneKeyPurchase version = 2070
08-16 14:52:21.606 I/HourViewControl( 3007): stop
08-16 14:52:21.608 I/PlayerMainFragment( 3007): PlayMainFragment onFragmentStop
08-16 14:52:21.609 I/WaterMarkControl2( 3007): update observable com.letv.android.letvlive.aj.e@566a219
08-16 14:52:21.609 I/WaterMarkControl2( 3007): current channel id 2282 type is 3 before channelId is 2282channelType 3 playType 0
08-16 14:52:21.609 I/WaterMarkControl2( 3007): dismissWaterMarkView
08-16 14:52:21.609 I/WaterMarkControl2( 3007): IWaterMarkViewController dismiss
08-16 14:52:21.609 I/WaterMarkControl2( 3007): clear all data
08-16 14:52:21.609 I/WaterMarkControl2( 3007): channelId 2282 state 4
08-16 14:52:21.609 I/PlayerMainFragment( 3007): recommend stop
08-16 14:52:21.609 I/PlayerMainFragment( 3007): recommend cancel
08-16 14:52:21.609 I/KuYunStatusSender( 3007): onExitLive
08-16 14:52:21.609 I/KuYunStatusSender( 3007): sendMessageByProvider
08-16 14:52:21.609 I/ControllerManager( 3007): onPlayStop
08-16 14:52:21.609 I/ProgramTipControl( 3007): onProgramTipHide
08-16 14:52:21.609 I/ProgramTipControl( 3007): hide ProgramTipAd
08-16 14:52:21.609 I/ProgramTipControl( 3007): mIProgramTipAdView is null return
08-16 14:52:21.610 I/MediaFocusControl( 2207):  AudioFocus  abandonAudioFocus() from android.media.AudioManager@2043d2acom.letv.android.letvlive.playerlibs.a$6@eed071b
08-16 14:52:21.612 I/BaseMainManager( 3007): clear 446cache
08-16 14:52:21.612 I/AdTipViewControl( 3007): onPlayStop
08-16 14:52:21.612 I/AdTipViewControl( 3007): hideView
08-16 14:52:21.612 I/AdTipViewControl( 3007): hideAdTipView useAnim = false
08-16 14:52:21.612 I/AdTipViewControl( 3007): resetAdData
08-16 14:52:21.612 I/PurchaseAdManager( 3007): handleForceEnd mIsShow = false
08-16 14:52:21.612 I/PurchaseAdUtil( 3007): isSupportOneKeyPurchase version = 2070
08-16 14:52:21.612 I/PlaylistController( 3007): onPlayStop
08-16 14:52:21.612 I/VideoUrlProcessor( 3007): cancelRequestingData
08-16 14:52:21.612 I/BasePlaylistPresenter( 3007): stopVodCde
08-16 14:52:21.612 I/BasePlaylistPresenter( 3007): stopCDE : urlFromCDE = null
08-16 14:52:21.612 I/BasePlaylistPresenter( 3007): stopCDE : urlFromCDE = null
08-16 14:52:21.612 I/ChainContext( 3007): setPrepareItemIndex channelId = 10108, position = 0
08-16 14:52:21.612 I/PlaylistController( 3007): hidePlayResumeTip
08-16 14:52:21.612 I/PlaylistController( 3007): hideVideoCandidate
08-16 14:52:21.612 E/ViewManagerImpl( 3007): dismissView h for com.letv.android.letvlive.x.a@18e3623 isDuringOneViewShown:false
08-16 14:52:21.612 I/PlayReportManager( 3007): isBigScreenPlay isBigScreenPlay = true
08-16 14:52:21.612 I/PreAdPresenter( 3007): isAdPlaying isPlaying = false
08-16 14:52:21.612 I/PlayReportManager( 3007): shouldNotReport : isNotNeedReport = false
08-16 14:52:21.612 I/PlayReportManager( 3007): isBigScreenPlay isBigScreenPlay = true
08-16 14:52:21.612 I/PreAdPresenter( 3007): isAdPlaying isPlaying = false
08-16 14:52:21.613 I/PlayReportManager( 3007): shouldNotReport : isNotNeedReport = false
08-16 14:52:21.613 I/PlayReportManager( 3007): reportActionEnd record.getLastReportAction = END
08-16 14:52:21.613 I/PlayReportManager( 3007): reportActionEnd return
08-16 14:52:21.613 I/SlotAdStockReportController( 3007): clearMessage
08-16 14:52:21.613 I/TvLiveBaseFragment( 3007): onHiddenChanged
08-16 14:52:21.613 I/TvLiveBaseFragment( 3007): onHiddenChanged: live is not showing, ignore this call
08-16 14:52:21.613 I/PlayReportManager( 3007): markUuidInvalidForNextReportPlay
08-16 14:52:21.613 I/GlobalFocusChangedListe( 3007): android.widget.LinearLayout
08-16 14:52:21.614 I/cdeclientapi( 3007): [NetworkUtils] doHttpGet. url(http://127.0.0.1:6990/play/stop?enc=base64&url=aHR0cDovL2xpdmUuZzNwcm94eS5jcDIxLm90dC5jaWJudHYubmV0L2dzbGI/c3RyZWFtX2lkPWxiX3pjemI1XzE4MDAmdGFnPWxpdmUmZXh0PW0zdTgmc2lnbj1saXZlX3R2JnNwbGF0aWQ9MTA2MDcwNDAwMiZwbGF0aWQ9MTAmcGxheWlkPTEmdGVybWlkPTImcGF5PTAmdG09MTQxMTk3NDE2NSZvc3R5cGU9YW5kcmlvZCZod3R5cGU9dW4mZXhwZWN0PTMmZm9ybWF0PTEmdWlkPTE3NTQwNDU3NDYmYXBwX25hbWU9dHZsaXZlJmFwcF92ZXI9NC4yLjAuMDUwJmRldmlkPW1hY0IwMUJEMjU0MkQ1MSZ1dWlkPUIwMUJEMjU0MkQ1MTE1MzQzNTAzNzMzMTFfMCZzdGF0aW9uPWxiX3pjemI1JnNpZ25fZGV2PUMwQkM4NzBEM0VGNDI3NjEyNkQ2Njk5NTAyMEIwREJBJmFwcF9jb2RlPTIwMTgwNzE5MTcmbGl2ZUlkPTIyODImcDE9MiZwMj0yMCZwMz0yMF90dmxpdmVfY2libiZ3bWFjPWI4OmZjOjliOjA0OjY4OjJhJmxzdG09MWZweWNjJmxzYnY9MmZuJmxzc3Y9MUVjanVUX1QxX1MxOW1iWjRfVmlSRF9QN0lPb3M0THNRYW5Cc2NKUTl0RmJSUjNCWWdCSV9JMF9NMCZsc2RnPTM0MGw2ajdySEo3OVN3bU9YN045bGQ0S2hqTWkmbHNzdD0xJmxzc2U9MkRpMFVG&&mediatype=m3u8)
08-16 14:52:21.616 W/VIDEO   ( 1803): Enter LockMuteStatus
08-16 14:52:21.616 W/VIDEO   ( 1803): Lock Status: APP:UNLOCK, RESERVE_1:UNLOCK, RESERVE_2:UNLOCK, RESERVE_3:UNLOCK
08-16 14:52:21.616 W/VIDEO   ( 1803): enScalerWinType: MAIN, isLock: 0
08-16 14:52:21.616 W/VIDEO   ( 1803): bEnable: 1, getMuteFlag(engine, eWin): 0, 
08-16 14:52:21.616 W/VIDEO   ( 1803): [36m Mute Engine is 0, engine is 0 [m
08-16 14:52:21.616 W/VIDEO   ( 1803): Lock Status: APP:UNLOCK, RESERVE_1:UNLOCK, RESERVE_2:UNLOCK, RESERVE_3:UNLOCK
08-16 14:52:21.616 W/VIDEO   ( 1803): enScalerWinType: MAIN, isLock: 0
08-16 14:52:21.616 W/VIDEO   ( 1803): bEnable: 1, getMuteFlag(engine, eWin): 0, 
08-16 14:52:21.616 W/VIDEO   ( 1803): BACKEND engine is 0
08-16 14:52:21.616 W/VIDEO   ( 1803): BACKEND engine video only is 0
08-16 14:52:21.616 W/VIDEO   ( 1803): SOC engine is 0
08-16 14:52:21.616 W/VIDEO   ( 1803): XC engine (MAIN) is 0
08-16 14:52:21.616 W/VIDEO   ( 1803): XC engine (SUB) is 1
08-16 14:52:21.616 W/VIDEO   ( 1803): Lock Mute Status => 
08-16 14:52:21.616 W/VIDEO   ( 1803): Lock Status: APP:UNLOCK, RESERVE_1:UNLOCK, RESERVE_2:UNLOCK, RESERVE_3:UNLOCK
08-16 14:52:21.616 W/VIDEO   ( 1803): enScalerWinType: MAIN, isLock: 0
08-16 14:52:21.616 W/VIDEO   ( 1803): Lock Status: APP:UNLOCK, RESERVE_1:UNLOCK, RESERVE_2:UNLOCK, RESERVE_3:UNLOCK
08-16 14:52:21.616 W/VIDEO   ( 1803): enScalerWinType: SUB, isLock: 0
08-16 14:52:21.616 W/VIDEO   ( 1803): ==== Increase After ====
08-16 14:52:21.616 W/VIDEO   ( 1803): BACKEND engine is 0
08-16 14:52:21.616 W/VIDEO   ( 1803): BACKEND engine video only is 0
08-16 14:52:21.616 W/VIDEO   ( 1803): SOC engine is 0
08-16 14:52:21.617 W/VIDEO   ( 1803): XC engine (MAIN) is 0
08-16 14:52:21.617 W/VIDEO   ( 1803): XC engine (SUB) is 1
08-16 14:52:21.617 W/VIDEO   ( 1803): Lock Mute Status => 
08-16 14:52:21.617 W/VIDEO   ( 1803): Lock Status: APP:UNLOCK, RESERVE_1:UNLOCK, RESERVE_2:UNLOCK, RESERVE_3:UNLOCK
08-16 14:52:21.617 W/VIDEO   ( 1803): enScalerWinType: MAIN, isLock: 0
08-16 14:52:21.617 W/VIDEO   ( 1803): Lock Status: APP:UNLOCK, RESERVE_1:UNLOCK, RESERVE_2:UNLOCK, RESERVE_3:UNLOCK
08-16 14:52:21.617 I/tvos    ( 1764): TvManagerService::Client::setVideoMute  eSrcType = 34,bScreenMute= 1,enColor =0,screenUnMuteTime =0
08-16 14:52:21.617 I/tvos    ( 1764): TvManagerService::Client::setVideoMute  eSrcType = 34,bScreenMute= 1,engine =0
08-16 14:52:21.617 I/tvos    ( 1764): Enter LockMuteStatus =======>
08-16 14:52:21.617 W/VIDEO   ( 1803): enScalerWinType: SUB, isLock: 0
08-16 14:52:21.617 W/VIDEO   ( 1803): [Mute By API]MuteEngine: 0, u16WaitToDoTime :0 , tid: 3707 
08-16 14:52:21.624 I/cdelog  ( 3380): core::supernode::HttpConnection(345)::[HLS]Client(127.0.0.1:47148), query full url(/play/stop?enc=base64&url=aHR0cDovL2xpdmUuZzNwcm94eS5jcDIxLm90dC5jaWJudHYubmV0L2dzbGI/c3RyZWFtX2lkPWxiX3pjemI1XzE4MDAmdGFnPWxpdmUmZXh0PW0zdTgmc2lnbj1saXZlX3R2JnNwbGF0aWQ9MTA2MDcwNDAwMiZwbGF0aWQ9MTAmcGxheWlkPTEmdGVybWlkPTImcGF5PTAmdG09MTQxMTk3NDE2NSZvc3R5cGU9YW5kcmlvZCZod3R5cGU9dW4mZXhwZWN0PTMmZm9ybWF0PTEmdWlkPTE3NTQwNDU3NDYmYXBwX25hbWU9dHZsaXZlJmFwcF92ZXI9NC4yLjAuMDUwJmRldmlkPW1hY0IwMUJEMjU0MkQ1MSZ1dWlkPUIwMUJEMjU0MkQ1MTE1MzQzNTAzNzMzMTFfMCZzdGF0aW9uPWxiX3pjemI1JnNpZ25fZGV2PUMwQkM4NzBEM0VGNDI3NjEyNkQ2Njk5NTAyMEIwREJBJmFwcF9jb2RlPTIwMTgwNzE5MTcmbGl2ZUlkPTIyODImcDE9MiZwMj0yMCZwMz0yMF90dmxpdmVfY2libiZ3bWFjPWI4OmZjOjliOjA0OjY4OjJhJmxzdG09MWZweWNjJmxzYnY9MmZuJmxzc3Y9MUVjanVUX1QxX1MxOW1iWjRfVmlSRF9QN0lPb3M0THNRYW5Cc2NKUTl0RmJSUjNCWWdCSV9JMF9NMCZsc2RnPTM0MGw2ajdySEo3OVN3bU9YN045bGQ0S2hqTWkmbHNzdD0xJmxzc2U9MkRpMFVG&&mediatype=m3u8), method(GET), 3 params, 5 header(s), content-length 0 bytes
08-16 14:52:21.626 W/cdeclientapi( 3007): [NetworkUtils] doHttpGet. abnormal response code(404), url(http://127.0.0.1:6990/play/stop?enc=base64&url=aHR0cDovL2xpdmUuZzNwcm94eS5jcDIxLm90dC5jaWJudHYubmV0L2dzbGI/c3RyZWFtX2lkPWxiX3pjemI1XzE4MDAmdGFnPWxpdmUmZXh0PW0zdTgmc2lnbj1saXZlX3R2JnNwbGF0aWQ9MTA2MDcwNDAwMiZwbGF0aWQ9MTAmcGxheWlkPTEmdGVybWlkPTImcGF5PTAmdG09MTQxMTk3NDE2NSZvc3R5cGU9YW5kcmlvZCZod3R5cGU9dW4mZXhwZWN0PTMmZm9ybWF0PTEmdWlkPTE3NTQwNDU3NDYmYXBwX25hbWU9dHZsaXZlJmFwcF92ZXI9NC4yLjAuMDUwJmRldmlkPW1hY0IwMUJEMjU0MkQ1MSZ1dWlkPUIwMUJEMjU0MkQ1MTE1MzQzNTAzNzMzMTFfMCZzdGF0aW9uPWxiX3pjemI1JnNpZ25fZGV2PUMwQkM4NzBEM0VGNDI3NjEyNkQ2Njk5NTAyMEIwREJBJmFwcF9jb2RlPTIwMTgwNzE5MTcmbGl2ZUlkPTIyODImcDE9MiZwMj0yMCZwMz0yMF90dmxpdmVfY2libiZ3bWFjPWI4OmZjOjliOjA0OjY4OjJhJmxzdG09MWZweWNjJmxzYnY9MmZuJmxzc3Y9MUVjanVUX1QxX1MxOW1iWjRfVmlSRF9QN0lPb3M0THNRYW5Cc2NKUTl0RmJSUjNCWWdCSV9JMF9NMCZsc2RnPTM0MGw2ajdySEo3OVN3bU9YN045bGQ0S2hqTWkmbHNzdD0xJmxzc2U9MkRpMFVG&&mediatype=m3u8)
08-16 14:52:21.627 I/AnalysisLog( 3007): Plugin:onFragmentShowChanged_hide:com.letv.android.tv.letvlive----end:time='513208095'
08-16 14:52:21.628 I/cdelog  ( 3380): core::entrance::HlsServer(654)::Request stop channel(http://live.g3proxy.cp21.ott.cibntv.net/gslb?stream_id=lb_zczb5_1800&tag=live&ext=m3u8&sign=live_tv&splatid=1060704002&platid=10&playid=1&termid=2&pay=0&tm=1411974165&ostype=andriod&hwtype=un&expect=3&format=1&uid=1754045746&app_name=tvlive&app_ver=4.2.0.050&devid=macB01BD2542D51&uuid=B01BD2542D511534350373311_0&station=lb_zczb5&sign_dev=C0BC870D3EF4276126D66995020B0DBA&app_code=2018071917&liveId=2282&p1=2&p2=20&p3=20_tvlive_cibn&wmac=b8:fc:9b:04:68:2a&lstm=1fpycc&lsbv=2fn&lssv=1EcjuT_T1_S19mbZ4_ViRD_P7IOos4LsQanBscJQ9tFbRR3BYgBI_I0_M0&lsdg=340l6j7rHJ79SwmOX7N9ld4KhjMi&lsst=1&lsse=2Di0UF), result(404 - Channel Close Failed)
08-16 14:52:21.628 I/AppPlugin( 3007): AppFragment -- handlerData isRefreshedUI = true isCanUpdate() = false isCanInit() = false
08-16 14:52:21.633 I/KuYunStatusSender( 3007): sendMessageByProvider: use time = 22ms, value = {"currentScreen":"launcher","status":"leave"}
08-16 14:52:21.633 I/OrderedSingleThreadPool( 3007): KuYunStatusSender:wait
08-16 14:52:21.633 W/InputDispatcher( 2207): Waiting for application to become ready for input: AppWindowToken{ba06999 token=Token{141c2e0 ActivityRecord{d2d28e3 u0 com.stv.signalsourcemanager/.MainActivity t3}}}.  Reason: Waiting because no window has focus but there is a focused application that may eventually add a window when it finishes starting up.
08-16 14:52:21.633 W/InputDispatcher( 2207): findFocusedWindow finished: injectionResult=-1, timeSpentWaitingForApplication=0.0ms
08-16 14:52:21.634 W/InputDispatcher( 2207): findFocusedWindow finished: injectionResult=-1, timeSpentWaitingForApplication=1.1ms
08-16 14:52:21.635 W/InputDispatcher( 2207): findFocusedWindow finished: injectionResult=-1, timeSpentWaitingForApplication=2.4ms
08-16 14:52:21.636 I/cdelog  ( 3380): core::supernode::HttpServer(137)::close connection(127.0.0.1:47148), url(/play/stop)
08-16 14:52:21.638 W/VIDEO   ( 1803): Lock Mute Status => 
08-16 14:52:21.638 W/VIDEO   ( 1803): Lock Status: APP:LOCK, RESERVE_1:UNLOCK, RESERVE_2:UNLOCK, RESERVE_3:UNLOCK
08-16 14:52:21.638 W/VIDEO   ( 1803): enScalerWinType: MAIN, isLock: 1
08-16 14:52:21.638 W/VIDEO   ( 1803): Lock Status: APP:UNLOCK, RESERVE_1:UNLOCK, RESERVE_2:UNLOCK, RESERVE_3:UNLOCK
08-16 14:52:21.638 W/VIDEO   ( 1803): enScalerWinType: SUB, isLock: 0
08-16 14:52:21.648 I/TvLiveBaseFragment( 3007): onPause
08-16 14:52:21.648 I/ShoppingPlugin-stv-PluginFragment( 3007): onPause ->in
08-16 14:52:21.648 I/ShoppingPlugin-stv-PluginRootLayout( 3007): onFragmentPause ---> in
08-16 14:52:21.648 I/Launcher( 3007): [com.stv.launcher] LauncherActivity -- onPause  mBootSignalFirst=false sCurrentScreen = signal
08-16 14:52:21.649 I/Launcher( 3007): [com.stv.launcher] ===== enalbeAllKey =====
08-16 14:52:21.650 I/WindowManager( 2207): setBlockVoiceKey = false
08-16 14:52:21.651 I/WindowManager( 2207): setBlockSourceKey = false
08-16 14:52:21.653 I/WindowManager( 2207): setBlockSettingKey = false
08-16 14:52:21.654 I/WindowManager( 2207): setBlockFunctionKeys = false
08-16 14:52:21.654 I/WindowManager( 2207): setBlockHomeKey = false
08-16 14:52:21.660 I/Utopia  ( 1749): [DIP API]DIP already Opened
08-16 14:52:21.660 I/Utopia  ( 1749): [DIP API]MDrv_CMD_DIP_RELEASE_RESOURCE[0]   start
08-16 14:52:21.660 I/Utopia  ( 1749): [DIP API]MDrv_CMD_DIP_RELEASE_RESOURCE[0]   end
08-16 14:52:21.662 I/ActivityManager( 2207): TR12) TaskRecord{93ba410 #3 A=com.stv.signalsourcemanager U=0 sz=1}
08-16 14:52:21.662 I/ActivityManager( 2207): TR11) TaskRecord{14b0d11 #1 A=com.stv.launcher U=0 sz=1}
08-16 14:52:21.663 I/ActivityManager( 2207): accel TR12) TaskRecord{93ba410 #3 A=com.stv.signalsourcemanager U=0 sz=1}
08-16 14:52:21.663 I/ActivityManager( 2207): accel TR11) TaskRecord{14b0d11 #1 A=com.stv.launcher U=0 sz=1}
08-16 14:52:21.675 W/InputDispatcher( 2207): findFocusedWindow finished: injectionResult=-1, timeSpentWaitingForApplication=42.0ms
08-16 14:52:21.680 I/SpoPlayer( 3007): [38] onVideoDisabled
08-16 14:52:21.680 I/SpoPlayer( 3007): [38] onAudioDisabled
08-16 14:52:21.681 I/TvLiveBaseFragment( 3007): onHiddenChanged
08-16 14:52:21.681 I/TvLiveBaseFragment( 3007): onHiddenChanged: live is not showing, ignore this call
08-16 14:52:21.681 D/IVideoSet( 1803): Receive VIDEO_CLOSEWIN
08-16 14:52:21.681 E/VIDEO   ( 1803): This API will be removed in next version, please reduce use it. thanks!!
08-16 14:52:21.681 E/VIDEO   ( 1803): enable:1, u16VideoUnMuteTime: 0 
08-16 14:52:21.681 W/InputDispatcher( 2207): findFocusedWindow finished: injectionResult=-1, timeSpentWaitingForApplication=48.4ms
08-16 14:52:21.682 W/VIDEO   ( 1803): [36m Mute Engine is 0, engine is 0 [m
08-16 14:52:21.682 W/VIDEO   ( 1803): Lock Status: APP:LOCK, RESERVE_1:UNLOCK, RESERVE_2:UNLOCK, RESERVE_3:UNLOCK
08-16 14:52:21.682 W/VIDEO   ( 1803): enScalerWinType: MAIN, isLock: 1
08-16 14:52:21.682 W/VIDEO   ( 1803): bEnable: 1, getMuteFlag(engine, eWin): 0, 
08-16 14:52:21.682 W/VIDEO   ( 1803): BACKEND engine is 0
08-16 14:52:21.682 W/VIDEO   ( 1803): BACKEND engine video only is 0
08-16 14:52:21.682 W/VIDEO   ( 1803): SOC engine is 0
08-16 14:52:21.682 W/VIDEO   ( 1803): XC engine (MAIN) is 0
08-16 14:52:21.682 W/VIDEO   ( 1803): XC engine (SUB) is 1
08-16 14:52:21.682 W/VIDEO   ( 1803): Lock Mute Status => 
08-16 14:52:21.682 W/VIDEO   ( 1803): Lock Status: APP:LOCK, RESERVE_1:UNLOCK, RESERVE_2:UNLOCK, RESERVE_3:UNLOCK
08-16 14:52:21.682 W/VIDEO   ( 1803): enScalerWinType: MAIN, isLock: 1
08-16 14:52:21.682 W/VIDEO   ( 1803): Lock Status: APP:UNLOCK, RESERVE_1:UNLOCK, RESERVE_2:UNLOCK, RESERVE_3:UNLOCK
08-16 14:52:21.682 W/VIDEO   ( 1803): enScalerWinType: SUB, isLock: 0
08-16 14:52:21.682 W/VIDEO   ( 1803): ==== Increase After ====
08-16 14:52:21.682 W/VIDEO   ( 1803): BACKEND engine is 0
08-16 14:52:21.682 W/VIDEO   ( 1803): BACKEND engine video only is 0
08-16 14:52:21.682 W/VIDEO   ( 1803): SOC engine is 0
08-16 14:52:21.682 W/VIDEO   ( 1803): XC engine (MAIN) is 1
08-16 14:52:21.682 W/VIDEO   ( 1803): XC engine (SUB) is 1
08-16 14:52:21.682 W/VIDEO   ( 1803): Lock Mute Status => 
08-16 14:52:21.682 W/VIDEO   ( 1803): Lock Status: APP:LOCK, RESERVE_1:UNLOCK, RESERVE_2:UNLOCK, RESERVE_3:UNLOCK
08-16 14:52:21.682 W/VIDEO   ( 1803): enScalerWinType: MAIN, isLock: 1
08-16 14:52:21.682 W/VIDEO   ( 1803): Lock Status: APP:UNLOCK, RESERVE_1:UNLOCK, RESERVE_2:UNLOCK, RESERVE_3:UNLOCK
08-16 14:52:21.682 W/VIDEO   ( 1803): enScalerWinType: SUB, isLock: 0
08-16 14:52:21.682 W/HDR     ( 1803): [SetHdrMetadata][11085] HDR metadata type is 0.
08-16 14:52:21.683 I/tvos    ( 1764): =============Enter SetVideoMute =======>
08-16 14:52:21.683 I/tvos    ( 1764): =============
08-16 14:52:21.683 I/tvos    ( 1764): [SetBacklight] backlight value 100
08-16 14:52:21.683 I/tvos    ( 1764): get machine type is:0 
08-16 14:52:21.683 I/tvos    ( 1764): Go pql pwm 100 !!!!!
08-16 14:52:21.683 I/tvos    ( 1764): get machine type is:0 
08-16 14:52:21.683 I/tvos    ( 1764): [3D]SetVideostartFlag(0)
08-16 14:52:21.684 D/VideoSetService( 1803): AsyncProcThread :: post evetn : 4
08-16 14:52:21.684 I/tvos    ( 1764): [WARNING]Post Event 4 but not registered, ignored!!!
08-16 14:52:21.684 W/InputDispatcher( 2207): findFocusedWindow finished: injectionResult=-1, timeSpentWaitingForApplication=51.1ms
08-16 14:52:21.686 W/VIDEO   ( 1803): Finalize:3269 Video Finalize : Win[0], Source[34]
08-16 14:52:21.686 I/tvos    ( 1764): mapi_video_base::Finalize lock m_u16TestCount: 1
08-16 14:52:21.686 W/InputMethodManagerService( 2207): Starting input on non-focused client com.android.internal.view.IInputMethodClient$Stub$Proxy@7163e83 (uid=1000 pid=3007)
08-16 14:52:21.687 E/PictureManagerService( 1803): EV_EVENT_VIDEO_STATUS, wParam is 0,  lParam is 0.
08-16 14:52:21.687 I/tvos    ( 1764): Send NOTIFY_CALLBACK
08-16 14:52:21.687 E/PictureManager_JNI( 2881): notifyCB event = -1610613699
08-16 14:52:21.688 I/tvos    ( 1764): Send NOTIFY_CALLBACK
08-16 14:52:21.688 E/PictureManager_JNI( 2720): notifyCB event = -1610613699
08-16 14:52:21.690 I/tvos    ( 1764): Send NOTIFY_CALLBACK
08-16 14:52:21.691 E/com.mstar.android.tvapi.common.PictureManager.EventHandler( 2881): [PIC]video status change to :0
08-16 14:52:21.693 I/tvos    ( 1764): Send NOTIFY_CALLBACK
08-16 14:52:21.694 E/com.mstar.android.tvapi.common.PictureManager.EventHandler( 2720): [PIC]video status change to :0
08-16 14:52:21.694 E/PictureManager_JNI( 7791): notifyCB event = -1610613699
08-16 14:52:21.695 I/tvos    ( 1764): Send NOTIFY_CALLBACK
08-16 14:52:21.696 E/PictureManager_JNI( 4876): notifyCB event = -1610613699
08-16 14:52:21.697 E/com.mstar.android.tvapi.common.PictureManager.EventHandler( 7791): [PIC]video status change to :0
08-16 14:52:21.699 W/InputDispatcher( 2207): findFocusedWindow finished: injectionResult=-1, timeSpentWaitingForApplication=66.1ms
08-16 14:52:21.700 I/tvos    ( 1764): Unknow Input Type 
08-16 14:52:21.700 W/InputDispatcher( 2207): findFocusedWindow finished: injectionResult=-1, timeSpentWaitingForApplication=67.2ms
08-16 14:52:21.702 E/LETV_DEVICE( 1780): no name sn for Mstar
08-16 14:52:21.704 E/VIDEO   ( 1803): This API will be removed in next version, please reduce use it. thanks!!
08-16 14:52:21.704 E/VIDEO   ( 1803): enable:0, u16VideoUnMuteTime: 0 
08-16 14:52:21.710 I/tvos    ( 1764): mapi_video_base::Finalize unlock m_u16TestCount: 0
08-16 14:52:21.710 I/tvos    ( 1764): Enter SetVideoMute =======>
08-16 14:52:21.710 I/tvos    ( 1764): =============BW Window:0, PQSource:9, Hsize:3840, Vsize: 2160, interlace:0, Vfreq=500
08-16 14:52:21.710 I/tvos    ( 1764): Read Bandwidthtable.bin
08-16 14:52:21.710 V/VideoSetService( 1803): disconnect (callingPid 1749, clientPid 1749)
08-16 14:52:21.710 V/VideoSetService( 1803): removeClient(callingPid 1749)
08-16 14:52:21.711 W/VIDEO   ( 1803): Enter LockMuteStatus
08-16 14:52:21.711 W/VIDEO   ( 1803): bEnable: 0, getMuteFlag(engine, eWin): 1, 
08-16 14:52:21.711 W/VIDEO   ( 1803): Lock Mute Status => 
08-16 14:52:21.711 W/VIDEO   ( 1803): Lock Status: APP:UNLOCK, RESERVE_1:UNLOCK, RESERVE_2:UNLOCK, RESERVE_3:UNLOCK
08-16 14:52:21.711 W/VIDEO   ( 1803): enScalerWinType: MAIN, isLock: 0
08-16 14:52:21.711 W/VIDEO   ( 1803): Lock Status: APP:UNLOCK, RESERVE_1:UNLOCK, RESERVE_2:UNLOCK, RESERVE_3:UNLOCK
08-16 14:52:21.711 W/VIDEO   ( 1803): enScalerWinType: SUB, isLock: 0
08-16 14:52:21.711 I/tvos    ( 1764): TvManagerService::Client::setVideoMute  eSrcType = 34,bScreenMute= 0,enColor =0,screenUnMuteTime =0
08-16 14:52:21.711 I/tvos    ( 1764): TvManagerService::Client::setVideoMute  eSrcType = 34,bScreenMute= 0,engine =0
08-16 14:52:21.711 I/tvos    ( 1764): Enter LockMuteStatus =======>
08-16 14:52:21.716 I/ThreeDimensionManager( 1749): ThreeDimensionManager disconnect
08-16 14:52:21.716 I/ThreeDimensionManager( 1749): 
08-16 14:52:21.717 I/ThreeDimensionManager( 1749): ~ThreeDimensionManager destructor
08-16 14:52:21.717 I/ThreeDimensionManager( 1749): 
08-16 14:52:21.717 I/ThreeDimensionManager( 1749): ThreeDimensionManager disconnect
08-16 14:52:21.717 I/ThreeDimensionManager( 1749): 
08-16 14:52:21.717 V/VideoSetService( 1803): VideoSetService::Client destructor(callingPid 1749)
08-16 14:52:21.717 V/VideoSetService( 1803): disconnect (callingPid 1803, clientPid 1749)
08-16 14:52:21.717 V/VideoSetService( 1803): removeClient(callingPid 1803)
08-16 14:52:21.725 I/tvos    ( 1764): =============[37m[INFO] Change to Voltage: 1150 mV (0x22)[m
08-16 14:52:21.725 I/tvos    ( 1764): [37m[INFO] Change to Voltage: 1150 mV (0x25)[m
08-16 14:52:21.725 I/tvos    ( 1764): [37m[INFO] Change to Voltage: 1150 mV (0x28)[m
08-16 14:52:21.725 I/RMAllocator( 1750): ~ClientInfo this=1656319408,mRMClient=1656328832. id=29
08-16 14:52:21.725 W/RMAllocator( 1750): returnAllResourcesFor: not registered, nothing to do
08-16 14:52:21.726 I/tvos    ( 1764): [37m[INFO] Change to Voltage: 1150 mV (0x2B)[m
08-16 14:52:21.726 I/tvos    ( 1764): [37m[INFO] Change to Voltage: 1150 mV (0x2E)[m
08-16 14:52:21.727 I/tvos    ( 1764): [37m[INFO] Change to Voltage: 1150 mV (0x2E)[m
08-16 14:52:21.731 E/ActivityThread( 2837): Failed to find provider info for com.letv.agnes.InfoProvider
08-16 14:52:21.734 W/ContextImpl( 4876): Calling a method in the system process without a qualified user: android.app.ContextImpl.sendStickyBroadcast:1015 android.content.ContextWrapper.sendStickyBroadcast:509 com.stv.signalsourcemanager.BaseActivity.onStart:110 com.stv.signalsourcemanager.BaseUIActivity.onStart:240 com.stv.signalsourcemanager.MainActivity.onStart:182 
08-16 14:52:21.737 E/ActivityThread( 2837): Failed to find provider info for com.letv.agnes.InfoProvider
08-16 14:52:21.737 W/System.err( 2837): java.lang.IllegalArgumentException: Unknown URL content://com.letv.agnes.InfoProvider
08-16 14:52:21.737 W/System.err( 2837): 	at android.content.ContentResolver.insert(ContentResolver.java:1227)
08-16 14:52:21.737 W/System.err( 2837): 	at com.letv.tracker2.agnes.Configuration.addDebugInfo(Configuration.java:289)
08-16 14:52:21.737 W/System.err( 2837): 	at com.letv.tracker2.agnes.MessageProcessor$SendEnvMsgTr$1.handleMessage(MessageProcessor.java:661)
08-16 14:52:21.737 W/System.err( 2837): 	at android.os.Handler.dispatchMessage(Handler.java:102)
08-16 14:52:21.737 W/System.err( 2837): 	at android.os.Looper.loop(Looper.java:148)
08-16 14:52:21.737 W/System.err( 2837): 	at com.letv.tracker2.agnes.MessageProcessor$SendEnvMsgTr.run(MessageProcessor.java:665)
08-16 14:52:21.742 W/ContextImpl( 4876): Calling a method in the system process without a qualified user: android.app.ContextImpl.sendBroadcast:766 android.content.ContextWrapper.sendBroadcast:396 com.stv.signalsourcemanager.BaseActivity.onStart:119 com.stv.signalsourcemanager.BaseUIActivity.onStart:240 com.stv.signalsourcemanager.MainActivity.onStart:182 
08-16 14:52:21.743 W/ContextImpl( 4876): Calling a method in the system process without a qualified user: android.app.ContextImpl.sendBroadcast:766 android.content.ContextWrapper.sendBroadcast:396 com.stv.signalsourcemanager.BaseActivity.onStart:125 com.stv.signalsourcemanager.BaseUIActivity.onStart:240 com.stv.signalsourcemanager.MainActivity.onStart:182 
08-16 14:52:21.748 I/MediaFocusControl( 2207):  AudioFocus  requestAudioFocus() from android.media.AudioManager@ea278bacom.stv.signalsourcemanager.BaseActivity$1@5d2436b req=1flags=0x0
08-16 14:52:21.752 I/tvos    ( 1764): [37m[INFO] Change to Voltage: 1130 mV (0x1F)[m
08-16 14:52:21.753 I/tvos    ( 1764): [37m[INFO] Change to Voltage: 1130 mV (0x22)[m
08-16 14:52:21.753 I/tvos    ( 1764): [37m[INFO] Change to Voltage: 1130 mV (0x25)[m
08-16 14:52:21.753 I/tvos    ( 1764): [37m[INFO] Change to Voltage: 1130 mV (0x28)[m
08-16 14:52:21.756 W/ContextImpl( 4876): Calling a method in the system process without a qualified user: android.app.ContextImpl.startService:1224 android.content.ContextWrapper.startService:581 com.stv.signalsourcemanager.SourceBase.startReportService:1072 com.stv.signalsourcemanager.SourceBase.onStart:149 com.stv.signalsourcemanager.mstar.MstarSource.onStart:24 
08-16 14:52:21.760 I/[T1.0.6.3]EuiAgnes_Server( 2837): resCode:1
08-16 14:52:21.760 I/[T1.0.6.3]EuiAgnes_Server( 2837): b[0]:0
08-16 14:52:21.761 I/tvos    ( 1764): Attention! Should enable input source when do auto detect 3d
08-16 14:52:21.761 I/tvos    ( 1764): Attention! Should enable input source when do auto detect 3d
08-16 14:52:21.761 I/tvos    ( 1764): Attention! Should enable input source when do auto detect 3d
08-16 14:52:21.761 I/tvos    ( 1764): Attention! Should enable input source when do auto detect 3d
08-16 14:52:21.761 I/tvos    ( 1764): Detect3DFormat when is not auto detect=======
08-16 14:52:21.765 I/tvos    ( 1764): [37m[INFO] Change to Voltage: 1130 mV (0x2B)[m
08-16 14:52:21.765 I/LetvHelperService( 2613): [com.stv.helper.service] TvMasterService -- listenActivityChanged callback = android.os.BinderProxy@c0ad104
08-16 14:52:21.766 I/tvos    ( 1764): [37m[INFO] Change to Voltage: 1130 mV (0x2C)[m
08-16 14:52:21.767 I/columnmanager( 4326): changeTV:null,curent tvid:null
08-16 14:52:21.767 I/columnmanager( 4326): set tvid:null
08-16 14:52:21.772 I/columnmanager( 4326): set tvid:null
08-16 14:52:21.777 W/ContextImpl( 2837): Calling a method in the system process without a qualified user: android.app.ContextImpl.startService:1224 android.content.ContextWrapper.startService:581 android.content.ContextWrapper.startService:581 com.stv.reportlog.channel.stargazer.receiver.StargazerCustomReceiver.onReceive:18 android.app.ActivityThread.handleReceiver:2730 
08-16 14:52:21.782 I/tvos    ( 1764): get TvEventListenerReady
08-16 14:52:21.788 I/StvLogReport( 2837): StargazerReportTask, {"seq":780,"devid":"X440M-b01bd2542d51-","mac":"b01bd2542d51","uid":"1754045746","clientVersion":"6.5.307D_0801","model":"X440M","time":1534402341,"app":"信号源","status":"播放","signalType":"直播","channelName":""}
08-16 14:52:21.797 I/StvLogReport( 2837): StargazerReportTask, reponse1 : {"status":"OK","statusCode":200,"message":"succeefully"}
08-16 14:52:21.807 I/StvLogReport( 2837): StargazerReportTask, action=appClose&name=桌面&packagename=com.stv.launcher&versionCode=20180321&appVersionName=1.0.5&appType=1&mark=88&totalTime=98
08-16 14:52:21.812 W/InputDispatcher( 2207): findFocusedWindow finished: injectionResult=-1, timeSpentWaitingForApplication=179.2ms
08-16 14:52:21.813 E/LETV_DEVICE( 1780): no name sn for Mstar
08-16 14:52:21.813 W/InputDispatcher( 2207): findFocusedWindow finished: injectionResult=-1, timeSpentWaitingForApplication=180.3ms
08-16 14:52:21.816 I/tvos    ( 1764): GetAudioOutputDevice, retval : 0
08-16 14:52:21.819 I/StvLogReport( 2837): StargazerReportTask, reponse2 : {"status":"OK","statusCode":200,"message":"succeefully"}
08-16 14:52:21.823 W/InputDispatcher( 2207): findFocusedWindow finished: injectionResult=-1, timeSpentWaitingForApplication=190.2ms
08-16 14:52:21.830 W/InputDispatcher( 2207): Focus entered window: Window{3a28d46 u0 com.stv.signalsourcemanager/com.stv.signalsourcemanager.MainActivity}
08-16 14:52:21.830 W/InputDispatcher( 2207): findFocusedWindow finished: injectionResult=0, timeSpentWaitingForApplication=196.9ms
08-16 14:52:21.834 E/critical_path_log( 3007): superlive_7799adbbe191b8ab_onTrimMemory: level = 20
08-16 14:52:21.840 E/BufferQueueProducer( 1749): [com.stv.signalsourcemanager/com.stv.signalsourcemanager.MainActivity] connect(P): already connected (cur=1 req=1)
08-16 14:52:21.844 W/ViewRootImpl( 4876): Cancelling event due to no window focus: KeyEvent { action=ACTION_UP, keyCode=KEYCODE_DPAD_LEFT, scanCode=0, metaState=0, flags=0x20, repeatCount=0, eventTime=513207765, downTime=513207765, deviceId=-1, source=0x101 }
08-16 14:52:21.844 W/ViewRootImpl( 4876): Cancelling event due to no window focus: KeyEvent { action=ACTION_UP, keyCode=KEYCODE_DPAD_LEFT, scanCode=0, metaState=0, flags=0x20, repeatCount=0, eventTime=513207765, downTime=513207765, deviceId=-1, source=0x101 }
08-16 14:52:21.844 W/ViewRootImpl( 4876): Cancelling event due to no window focus: KeyEvent { action=ACTION_UP, keyCode=KEYCODE_DPAD_LEFT, scanCode=0, metaState=0, flags=0x20, repeatCount=0, eventTime=513207765, downTime=513207765, deviceId=-1, source=0x101 }
08-16 14:52:21.844 W/ViewRootImpl( 4876): Cancelling event due to no window focus: KeyEvent { action=ACTION_UP, keyCode=KEYCODE_DPAD_LEFT, scanCode=0, metaState=0, flags=0x20, repeatCount=0, eventTime=513207765, downTime=513207765, deviceId=-1, source=0x101 }
08-16 14:52:21.844 W/ViewRootImpl( 4876): Cancelling event due to no window focus: KeyEvent { action=ACTION_UP, keyCode=KEYCODE_DPAD_LEFT, scanCode=0, metaState=0, flags=0x20, repeatCount=0, eventTime=513207765, downTime=513207765, deviceId=-1, source=0x101 }
08-16 14:52:21.844 W/ViewRootImpl( 4876): Cancelling event due to no window focus: KeyEvent { action=ACTION_UP, keyCode=KEYCODE_DPAD_LEFT, scanCode=0, metaState=0, flags=0x20, repeatCount=0, eventTime=513207765, downTime=513207765, deviceId=-1, source=0x101 }
08-16 14:52:21.845 W/ViewRootImpl( 4876): Cancelling event due to no window focus: KeyEvent { action=ACTION_UP, keyCode=KEYCODE_DPAD_LEFT, scanCode=0, metaState=0, flags=0x20, repeatCount=0, eventTime=513207765, downTime=513207765, deviceId=-1, source=0x101 }
08-16 14:52:21.845 W/ViewRootImpl( 4876): Cancelling event due to no window focus: KeyEvent { action=ACTION_UP, keyCode=KEYCODE_DPAD_LEFT, scanCode=0, metaState=0, flags=0x20, repeatCount=0, eventTime=513207765, downTime=513207765, deviceId=-1, source=0x101 }
08-16 14:52:21.845 W/ViewRootImpl( 4876): Cancelling event due to no window focus: KeyEvent { action=ACTION_UP, keyCode=KEYCODE_DPAD_LEFT, scanCode=0, metaState=0, flags=0x20, repeatCount=0, eventTime=513207765, downTime=513207765, deviceId=-1, source=0x101 }
08-16 14:52:21.845 E/com.mstar.android.tvapi.common.PictureManager.EventHandler( 4876): [PIC]video status change to :0
08-16 14:52:21.886 I/LetvManager-LogReport( 1780): [send_msg] line: 490 report url = http://log.hdtv.cp21.ott.cibntv.net:80/api/log/tvAction
08-16 14:52:21.910 I/ActivityManager( 2207): Displayed com.stv.signalsourcemanager/.MainActivity: +254ms
08-16 14:52:21.911 W/ContextImpl( 2207): Calling a method in the system process without a qualified user: android.app.ContextImpl.sendBroadcast:766 com.android.server.am.ActivityRecord.reportLaunchTimeLocked:1056 com.android.server.am.ActivityRecord.windowsDrawnLocked:1080 com.android.server.am.ActivityRecord$Token.windowsDrawn:345 com.android.server.wm.WindowManagerService$H.handleMessage:8042 
08-16 14:52:21.912 W/ContextImpl( 2613): Calling a method in the system process without a qualified user: android.app.ContextImpl.startService:1224 android.content.ContextWrapper.startService:581 com.stv.helper.service.TvMasterService.noteLaunchTime:169 letv.tvmaster.ITvMasterService$Stub.onTransact:136 android.os.Binder.execTransact:453 
08-16 14:52:21.920 I/[T1.0.6.3]EuiAgnes_Server( 2837): resCode:1
08-16 14:52:21.920 I/[T1.0.6.3]EuiAgnes_Server( 2837): b[0]:0
08-16 14:52:21.931 E/ActivityThread( 2837): Failed to find provider info for com.letv.agnes.InfoProvider
08-16 14:52:21.932 E/ActivityThread( 2837): Failed to find provider info for com.letv.agnes.InfoProvider
08-16 14:52:21.932 W/System.err( 2837): java.lang.IllegalArgumentException: Unknown URL content://com.letv.agnes.InfoProvider
08-16 14:52:21.932 W/System.err( 2837): 	at android.content.ContentResolver.insert(ContentResolver.java:1227)
08-16 14:52:21.932 W/System.err( 2837): 	at com.letv.tracker2.agnes.Configuration.addDebugInfo(Configuration.java:289)
08-16 14:52:21.932 W/System.err( 2837): 	at com.letv.tracker2.agnes.MessageProcessor$SendEnvMsgTr$1.handleMessage(MessageProcessor.java:661)
08-16 14:52:21.932 W/System.err( 2837): 	at android.os.Handler.dispatchMessage(Handler.java:102)
08-16 14:52:21.932 W/System.err( 2837): 	at android.os.Looper.loop(Looper.java:148)
08-16 14:52:21.932 W/System.err( 2837): 	at com.letv.tracker2.agnes.MessageProcessor$SendEnvMsgTr.run(MessageProcessor.java:665)
08-16 14:52:21.974 E/TvApp   ( 4876): SetSourceType:E_INPUT_SOURCE_DTV
08-16 14:52:21.977 D/TvManagerService( 1803): IsSourceChanging-check switch inputsource ret=0!
08-16 14:52:21.979 I/RMAllocator( 1750): ClientInfo this=1656319408, mRMClient=1656325008. id=1
08-16 14:52:21.981 I/tvos    ( 1764): ./src/MSrv_Control_common.cpp,line:3117 eInputSrc =28,eWin =0,bForceSet =0
08-16 14:52:21.981 I/tvos    ( 1764): TvManagerService::PostEvent, nEvt is 536875018.
08-16 14:52:21.982 I/tvos    ( 1764): @@@MSrv_System_Database::GetVideoSetting
08-16 14:52:21.982 I/tvos    ( 1764):  SQL_Step Row error:5
08-16 14:52:21.982 I/tvos    ( 1764): No power-off timer be trigger!!!
08-16 14:52:21.982 I/tvos    ( 1764): MonitorOffModeTimer:ts.tv_sec = 2147483647
08-16 14:52:21.983 I/tvos    ( 1764): init device_pcb and SetTunerWakeUp 
08-16 14:52:21.983 I/tvos    ( 1764): caigang 11301715 device_tuner_R846: SetTunerWakeUp
08-16 14:52:21.985 I/DatabaseManager_JNI(22042): setDatabaseDirtyByApplication
08-16 14:52:21.985 E/TvManager_JNI( 4876): notifyCB event = 536875018
08-16 14:52:21.986 E/TvManager_JNI( 2207): notifyCB event = 536875018
08-16 14:52:21.986 E/TvManager_JNI( 2822): notifyCB event = 536875018
08-16 14:52:21.987 E/TvManager_JNI(22042): notifyCB event = 536875018
08-16 14:52:21.987 E/TvManager_JNI( 2720): notifyCB event = 536875018
08-16 14:52:21.988 E/TvManager_JNI( 2881): notifyCB event = 536875018
08-16 14:52:21.989 E/TvManager_JNI( 7791): notifyCB event = 536875018
08-16 14:52:21.989 E/TvManager_JNI(14251): notifyCB event = 536875018
08-16 14:52:22.000 I/tvos    ( 1764): threadMonitor,line:595..will call SetInputSourceCmd 
08-16 14:52:22.000 I/tvos    ( 1764): [AutoTest][SourceChange][SetInputSourceCmd  28 START][513208467]
08-16 14:52:22.004 I/TvLiveBaseFragment( 3007): onStop
08-16 14:52:22.053 I/tvos    ( 1764): [37m[INFO] Change to Voltage: 1000 mV (0x2C)[m
08-16 14:52:22.053 I/tvos    ( 1764): [37m[INFO] Change to Voltage: 1000 mV (0x29)[m
08-16 14:52:22.053 I/tvos    ( 1764): [37m[INFO] Change to Voltage: 1000 mV (0x26)[m
08-16 14:52:22.053 I/tvos    ( 1764): [37m[INFO] Change to Voltage: 1000 mV (0x23)[m
08-16 14:52:22.053 I/tvos    ( 1764): [37m[INFO] Change to Voltage: 1000 mV (0x20)[m
08-16 14:52:22.053 I/tvos    ( 1764): [37m[INFO] Change to Voltage: 1000 mV (0x1F)[m
08-16 14:52:22.093 I/LetvManager-LogReport( 1780): [send_msg] line: 490 report url = http://log.hdtv.cp21.ott.cibntv.net:80/api/log/tvAction
08-16 14:52:22.095 I/tvos    ( 1764): SQL_Step Retry cnt:59
08-16 14:52:22.099 I/tvos    ( 1764): [SetBacklight] backlight value 100
08-16 14:52:22.100 I/tvos    ( 1764): get machine type is:0 
08-16 14:52:22.100 I/tvos    ( 1764): Go pql pwm 100 !!!!!
08-16 14:52:22.100 I/tvos    ( 1764): get machine type is:0 
08-16 14:52:22.120 I/tvos    ( 1764): [SetInputSourceCmd] call SetSoundMuteStatus, Line :1180
