08-16 14:52:12.727 I/cdelog  ( 3380): logic::base::Manager(379)::Open new live channel id(70f8798d72ff0ac99462999af2ba7c5d), group(850), url(http://live.g3proxy.cp21.ott.cibntv.net/gslb?stream_id=lb_zczb5_1800&tag=live&ext=m3u8&sign=live_tv&splatid=1060704002&platid=10&playid=1&termid=2&pay=0&tm=1411974165&ostype=andriod&hwtype=un&expect=3&format=1&uid=1754045746&app_name=tvlive&app_ver=4.2.0.050&devid=macB01BD2542D51&uuid=B01BD2542D511534350373311_0&station=lb_zczb5&sign_dev=C0BC870D3EF4276126D66995020B0DBA&app_code=2018071917&liveId=2282&p1=2&p2=20&p3=20_tvlive_cibn&wmac=b8:fc:9b:04:68:2a&lstm=1fpycc&lsbv=2fn&lssv=1EcjuT_T1_S19mbZ4_ViRD_P7IOos4LsQanBscJQ9tFbRR3BYgBI_I0_M0&lsdg=340l6j7rHJ79SwmOX7N9ld4KhjMi&lsst=1&lsse=2Di0UF), player task() OK, total 1 channel(s) now
08-16 14:52:12.732 I/cdelog  ( 3380): core::supernode::HttpConnection(345)::[HLS]Client(127.0.0.1:47162), query full url(/play/resume?enc=base64&url=aHR0cDovL2xpdmUuZzNwcm94eS5jcDIxLm90dC5jaWJudHYubmV0L2dzbGI/c3RyZWFtX2lkPWxiX3pjemI1XzE4MDAmdGFnPWxpdmUmZXh0PW0zdTgmc2lnbj1saXZlX3R2JnNwbGF0aWQ9MTA2MDcwNDAwMiZwbGF0aWQ9MTAmcGxheWlkPTEmdGVybWlkPTImcGF5PTAmdG09MTQxMTk3NDE2NSZvc3R5cGU9YW5kcmlvZCZod3R5cGU9dW4mZXhwZWN0PTMmZm9ybWF0PTEmdWlkPTE3NTQwNDU3NDYmYXBwX25hbWU9dHZsaXZlJmFwcF92ZXI9NC4yLjAuMDUwJmRldmlkPW1hY0IwMUJEMjU0MkQ1MSZ1dWlkPUIwMUJEMjU0MkQ1MTE1MzQzNTAzNzMzMTFfMCZzdGF0aW9uPWxiX3pjemI1JnNpZ25fZGV2PUMwQkM4NzBEM0VGNDI3NjEyNkQ2Njk5NTAyMEIwREJBJmFwcF9jb2RlPTIwMTgwNzE5MTcmbGl2ZUlkPTIyODImcDE9MiZwMj0yMCZwMz0yMF90dmxpdmVfY2libiZ3bWFjPWI4OmZjOjliOjA0OjY4OjJhJmxzdG09MWZweWNjJmxzYnY9MmZuJmxzc3Y9MUVjanVUX1QxX1MxOW1iWjRfVmlSRF9QN0lPb3M0THNRYW5Cc2NKUTl0RmJSUjNCWWdCSV9JMF9NMCZsc2RnPTM0MGw2ajdySEo3OVN3bU9YN045bGQ0S2hqTWkmbHNzdD0xJmxzc2U9MkRpMFVG&&mediatype=m3u8), method(GET), 3 params, 5 header(s), content-length 0 bytes
08-16 14:52:12.733 I/cdelog  ( 3380): logic::base::Manager(563)::Resume channel id(70f8798d72ff0ac99462999af2ba7c5d), need buffer(false), url(http://live.g3proxy.cp21.ott.cibntv.net/gslb?stream_id=lb_zczb5_1800&tag=live&ext=m3u8&sign=live_tv&splatid=1060704002&platid=10&playid=1&termid=2&pay=0&tm=1411974165&ostype=andriod&hwtype=un&expect=3&format=1&uid=1754045746&app_name=tvlive&app_ver=4.2.0.050&devid=macB01BD2542D51&uuid=B01BD2542D511534350373311_0&station=lb_zczb5&sign_dev=C0BC870D3EF4276126D66995020B0DBA&app_code=2018071917&liveId=2282&p1=2&p2=20&p3=20_tvlive_cibn&wmac=b8:fc:9b:04:68:2a&lstm=1fpycc&lsbv=2fn&lssv=1EcjuT_T1_S19mbZ4_ViRD_P7IOos4LsQanBscJQ9tFbRR3BYgBI_I0_M0&lsdg=340l6j7rHJ79SwmOX7N9ld4KhjMi&lsst=1&lsse=2Di0UF), total 1 channel(s) now
08-16 14:52:12.735 I/cdelog  ( 3380): core::entrance::HlsServer(729)::Request resume channel(http://live.g3proxy.cp21.ott.cibntv.net/gslb?stream_id=lb_zczb5_1800&tag=live&ext=m3u8&sign=live_tv&splatid=1060704002&platid=10&playid=1&termid=2&pay=0&tm=1411974165&ostype=andriod&hwtype=un&expect=3&format=1&uid=1754045746&app_name=tvlive&app_ver=4.2.0.050&devid=macB01BD2542D51&uuid=B01BD2542D511534350373311_0&station=lb_zczb5&sign_dev=C0BC870D3EF4276126D66995020B0DBA&app_code=2018071917&liveId=2282&p1=2&p2=20&p3=20_tvlive_cibn&wmac=b8:fc:9b:04:68:2a&lstm=1fpycc&lsbv=2fn&lssv=1EcjuT_T1_S19mbZ4_ViRD_P7IOos4LsQanBscJQ9tFbRR3BYgBI_I0_M0&lsdg=340l6j7rHJ79SwmOX7N9ld4KhjMi&lsst=1&lsse=2Di0UF), result(Resume OK)
08-16 14:52:12.735 I/PreAdPresenter( 3007): isAdPlaying isPlaying = false
08-16 14:52:12.735 I/MiddleAdPlayManager( 3007): isAdPlaying mIsPlayAd = false
08-16 14:52:12.735 I/LiveViewPolicy( 3007): SubViewShowing: true
08-16 14:52:12.735 E/ViewManagerImpl( 3007):     REFUSE for a existing: com.letv.android.letvlive.ChannelInfoView.view.b@b8621f0
08-16 14:52:12.736 I/GuideViewsControl( 3007): loopRunnable running, canShowGuide = false
08-16 14:52:12.737 I/cdelog  ( 3380): core::supernode::HttpServer(137)::close connection(127.0.0.1:47162), url(/play/resume)
08-16 14:52:12.738 I/cdelog  ( 3380): core::supernode::HttpDownloader(711)::[collector::report]Download OK : , channel(), url(http://s.webp2p.cp21.ott.cibntv.net/index?act=index), server(123.125.36.224:80), name(nginx/1.8.0), response code(200), version(HTTP/1.1), details(OK), data(0/0 Bytes), transfer(normal), encoding(), resolved time(13 ms), connected time(2 ms), responsed time(7 ms), total used time(23 ms), transfered time(23 ms), speed(7356 Byte/s), bytes(173), 0 alive times
08-16 14:52:12.740 I/cdelog  ( 3380): tools::collector::ReportClient(109)::Send report(stage report:init), 1 pending item(s) to url(http://s.webp2p.cp21.ott.cibntv.net/act/cde?act=init)
08-16 14:52:12.741 I/cdelog  ( 3380): tools::collector::ReportClient(124)::post param(act=init&p1=2&p2=20&platid=10&splatid=1060704002&ch=&custid=&uid=1754045746&cdeport=6990&token=&time=1534402333&did=e092cc1f-9a33-3835-9689-a7a400e7ead2&appid=110&nt=wired&lid=&sid=lb_zczb5_1800&st=lb_zczb5&type=liv&vt=&cmfv=&plv=&cdev=cde.1.1.17.32&uuid=9f73a8f0cdc54541bf695900b3446903&ccid=46&err=0&r=0.89890&sn=1&termid=2&mac=B0-1B-D2-54-2D-51&prel=0&ad=0&cip=10.58.80.199)
08-16 14:52:12.744 I/cdelog  ( 3380): core::supernode::HttpDownloader(527)::[collector::report]Start download method(POST), range(), server(s.webp2p.cp21.ott.cibntv.net:80), channel(), proxy(disabled), 1 addtional header(s) ...
08-16 14:52:12.746 I/cdelog  ( 3380): core::supernode::HttpDownloader(532)::[collector::report]Request url(http://s.webp2p.cp21.ott.cibntv.net/act/cde?act=init)
08-16 14:52:12.767 I/cdelog  ( 3380): core::supernode::HttpDownloader(669)::[base::gslb]Download OK: , channel(70f8798d72ff0ac99462999af2ba7c5d), url(http://live.g3proxy.cp21.ott.cibntv.net/gslb?stream_id=lb_zczb5_1800&tag=live&ext=m3u8&sign=live_tv&splatid=1060704002&platid=10&playid=1&termid=2&pay=0&tm=1534402633&ostype=andriod&hwtype=un&expect=3&format=1&uid=1754045746&app_name=tvlive&app_ver=4.2.0.050&devid=macB01BD2542D51&uuid=B01BD2542D511534350373311_0&station=lb_zczb5&sign_dev=C0BC870D3EF4276126D66995020B0DBA&app_code=2018071917&liveId=2282&p1=2&p2=20&p3=20_tvlive_cibn&wmac=b8:fc:9b:04:68:2a&lstm=1fqC8j&lsbv=2fn&lssv=29KexI_T0_S19mbZ4_ViRD_P7IOos4LsQanBscJQ9tFbRR3BYgBI_I0_M0&lsdg=36DgF5gnwNx4OLl6j3hjYF1ZLC3P&lsst=0&lsse=2Di0UF&cde=1117&cdeid=d2422c501bf3b3fcfb0d70a85b3d7c7e&appid=110&cdetm=1534402633&cdekey=34deac47beb196b1282e293baeb18d69&tss=tvts&m3v=1&mslice=5&utp=701&key=a859a2dfcba886330d1c34bb4f85d4d4)
08-16 14:52:12.768 I/cdelog  ( 3380): core::supernode::HttpDownloader(684)::[base::gslb]Response channel(70f8798d72ff0ac99462999af2ba7c5d), server(123.125.36.251:80), name(nginx), response code(200), version(HTTP/1.1), details(OK), data(6578/6578 Bytes), transfer(normal), encoding(), resolved time(11 ms), connected time(11 ms), responsed time(19 ms), total used time(42 ms), transfered time(42 ms), speed(159483 Byte/s), bytes(6783), 0 alive times
08-16 14:52:12.769 I/cdelog  ( 3380): logic::gslb::GslbLetv(95)::[live]Http complete for tag(base::gslb), channel(70f8798d72ff0ac99462999af2ba7c5d), response code(200), details(OK), size(6578)
08-16 14:52:12.772 I/cdelog  ( 3380): logic::gslb::GslbLetv(48)::[live]Gslb responsed, error code(0), details(), url(http://live.g3proxy.cp21.ott.cibntv.net/gslb?stream_id=lb_zczb5_1800&tag=live&ext=m3u8&sign=live_tv&splatid=1060704002&platid=10&playid=1&termid=2&pay=0&tm=1534402633&ostype=andriod&hwtype=un&expect=3&format=1&uid=1754045746&app_name=tvlive&app_ver=4.2.0.050&devid=macB01BD2542D51&uuid=B01BD2542D511534350373311_0&station=lb_zczb5&sign_dev=C0BC870D3EF4276126D66995020B0DBA&app_code=2018071917&liveId=2282&p1=2&p2=20&p3=20_tvlive_cibn&wmac=b8:fc:9b:04:68:2a&lstm=1fqC8j&lsbv=2fn&lssv=29KexI_T0_S19mbZ4_ViRD_P7IOos4LsQanBscJQ9tFbRR3BYgBI_I0_M0&lsdg=36DgF5gnwNx4OLl6j3hjYF1ZLC3P&lsst=0&lsse=2Di0UF&cde=1117&cdeid=d2422c501bf3b3fcfb0d70a85b3d7c7e&appid=110&cdetm=1534402633&cdekey=34deac47beb196b1282e293baeb18d69&tss=tvts&m3v=1&mslice=5&utp=701&key=a859a2dfcba886330d1c34bb4f85d4d4), channel(70f8798d72ff0ac99462999af2ba7c5d)
08-16 14:52:12.773 I/cdelog  ( 3380): logic::gslb::GslbLetv(60)::[live]Gslb cdn node(1), url(http://211.154.226.238/live.videocache.lecloud.com/m3u8/lb_zczb5_1800/desc.m3u8?stream_id=lb_zczb5_1800&amltag=99&mltag=99&platid=10&splatid=1060704002&qos=3&fcheck=0&lsbv=2fn&uid=1754045746&keyitem=iDipdd1vuVFcNrewScXV_qA9anmyuuMxAiFPNbvcYujMEdbjduvlnqfflyUxsCMm&ntm=1534420800&nkey2=0a4aae13ef90c09268502310bd5729b1&nkey=e88c3467442d294471079d8451d060c4&auth_key=1534420800-2-0-10-1060704002-lb_zczb5_1800-d4f25805a80d15d085e35e0897f682d0&tag=live&video_type=m3u8&useloc=0&mslice=5&ffgname=streamGroup_323&ver=live_3&uidx=0&errc=0&gn=3001&ndtype=0&lrtmcd=104&buss=99&cips=10.58.80.199&geo=CN-1-5-666&tmn=1534402332&pnl=3001,3001,3334,497&ext=m3u8&sign=live_tv&playid=1&termid=2&pay=0&tm=1534402633&ostype=andriod&hwtype=un&app_name=tvlive&app_ver=4.2.0.050&devid=macB01BD2542D51&uuid=B01BD2542D511534350373311_0&station=lb_zczb5&sign_dev=C0BC870D3EF4276126D66995020B0DBA&app_code=2018071917&liveId=2282&p1=2&p2=20&p3=20_tvlive_cibn&wmac=b8:fc:9b:04:68:2a&lsse=2Di0UF
08-16 14:52:12.773 I/cdelog  ( 3380): logic::gslb::GslbLetv(60)::[live]Gslb cdn node(2), url(http://123.125.39.231/live.videocache.lecloud.com/m3u8/lb_zczb5_1800/desc.m3u8?stream_id=lb_zczb5_1800&amltag=99&mltag=99&platid=10&splatid=1060704002&qos=3&fcheck=0&lsbv=2fn&uid=1754045746&keyitem=iDipdd1vuVFcNrewScXV_qA9anmyuuMxAiFPNbvcYujMEdbjduvlnqfflyUxsCMm&ntm=1534420800&nkey2=0a4aae13ef90c09268502310bd5729b1&nkey=e88c3467442d294471079d8451d060c4&auth_key=1534420800-2-0-10-1060704002-lb_zczb5_1800-d4f25805a80d15d085e35e0897f682d0&tag=live&video_type=m3u8&useloc=0&mslice=5&ffgname=streamGroup_323&ver=live_3&uidx=1&errc=0&gn=3334&ndtype=0&lrtmcd=104&buss=99&cips=10.58.80.199&geo=CN-1-5-666&tmn=1534402332&pnl=3334,3334,3334,497&ext=m3u8&sign=live_tv&playid=1&termid=2&pay=0&tm=1534402633&ostype=andriod&hwtype=un&app_name=tvlive&app_ver=4.2.0.050&devid=macB01BD2542D51&uuid=B01BD2542D511534350373311_0&station=lb_zczb5&sign_dev=C0BC870D3EF4276126D66995020B0DBA&app_code=2018071917&liveId=2282&p1=2&p2=20&p3=20_tvlive_cibn&wmac=b8:fc:9b:04:68:2a&lsse=2Di0UF&
08-16 14:52:12.774 I/cdelog  ( 3380): logic::gslb::GslbLetv(60)::[live]Gslb cdn node(3), url(http://27.221.33.29/live.videocache.lecloud.com/m3u8/lb_zczb5_1800/desc.m3u8?stream_id=lb_zczb5_1800&amltag=99&mltag=99&platid=10&splatid=1060704002&qos=3&fcheck=0&lsbv=2fn&uid=1754045746&keyitem=iDipdd1vuVFcNrewScXV_qA9anmyuuMxAiFPNbvcYujMEdbjduvlnqfflyUxsCMm&ntm=1534420800&nkey2=0a4aae13ef90c09268502310bd5729b1&nkey=e88c3467442d294471079d8451d060c4&auth_key=1534420800-2-0-10-1060704002-lb_zczb5_1800-d4f25805a80d15d085e35e0897f682d0&tag=live&video_type=m3u8&useloc=0&mslice=5&ffgname=streamGroup_323&ver=live_3&uidx=2&errc=0&gn=3313&ndtype=0&lrtmcd=201&buss=99&cips=10.58.80.199&geo=CN-1-5-666&tmn=1534402332&pnl=3313,3313,3334,497&ext=m3u8&sign=live_tv&playid=1&termid=2&pay=0&tm=1534402633&ostype=andriod&hwtype=un&app_name=tvlive&app_ver=4.2.0.050&devid=macB01BD2542D51&uuid=B01BD2542D511534350373311_0&station=lb_zczb5&sign_dev=C0BC870D3EF4276126D66995020B0DBA&app_code=2018071917&liveId=2282&p1=2&p2=20&p3=20_tvlive_cibn&wmac=b8:fc:9b:04:68:2a&lsse=2Di0UF&cd
08-16 14:52:12.780 I/LetvHttp( 3007): responseCode = 200; baseUrl = http://dc.cp21.ott.cibntv.net/pl/?vt=flv_720p&ch=letv&source=unknown&install_id=372990f9fdcb454a9b2c51d84a2891c8&pv=4.2.0.050&uuid=B01BD2542D511534402334376_0&prl=unknown&wmac=unknown&stime=1534402334376&ipt=0&auid=B01BD2542D51&app_name=superlive&joint=unknown&p2=20&nt=wired&lid=2282&caid=1009&ref=10&p3=20_tvlive_cibn&cdev=1.1.17&serialno=b01bd2542d51&pcode=01001001000&ac=init&pay=unknown&py=replaytype%3D3%26totaltime%3D814&android_id=1254cf6fa1a90f9a&st=lb_zczb5&vid=unknown&p1=2&ty=2&mac=B01BD2542D51&cid=category_id_all&ctime=1534402334376&app=4.2.0.050&owner=1&apprunid=B01BD2542D51_1533889159020&pt=unknown&ilu=0&uid=1754045746&r=736370604483&ver=2.0
08-16 14:52:12.781 I/LetvHttp( 3007): lastModified = null
08-16 14:52:12.781 I/LetvHttp( 3007): LetvHttpClient after dataHull.lastModified: null
08-16 14:52:12.781 I/LetvHttp( 3007): LetvHttpAsyncRequest after dataHull.lastModified = null
08-16 14:52:12.785 I/cdelog  ( 3380): logic::live::Channel(372)::Detect channel(70f8798d72ff0ac99462999af2ba7c5d), time shift(120 sec), gslb reload(10800 sec), current time(1534402332/2018-08-16 14:52:12), start time(1970-01-01 08:00:00), direct meta(false)
08-16 14:52:12.787 I/tvos    ( 1764): GetAudioOutputDevice, retval : 0
08-16 14:52:12.788 I/cdelog  ( 3380): core::supernode::HttpDownloader(527)::[base::meta]Start download method(GET), range(), server(211.154.226.238:80), channel(70f8798d72ff0ac99462999af2ba7c5d), proxy(disabled), 0 addtional header(s) ...
08-16 14:52:12.789 I/cdelog  ( 3380): core::supernode::HttpDownloader(532)::[base::meta]Request url(http://211.154.226.238/live.videocache.lecloud.com/m3u8/lb_zczb5_1800/desc.m3u8?stream_id=lb_zczb5_1800&amltag=99&mltag=99&platid=10&splatid=1060704002&qos=3&fcheck=0&lsbv=2fn&uid=1754045746&keyitem=iDipdd1vuVFcNrewScXV_qA9anmyuuMxAiFPNbvcYujMEdbjduvlnqfflyUxsCMm&ntm=1534420800&nkey2=0a4aae13ef90c09268502310bd5729b1&nkey=e88c3467442d294471079d8451d060c4&auth_key=1534420800-2-0-10-1060704002-lb_zczb5_1800-d4f25805a80d15d085e35e0897f682d0&tag=live&video_type=m3u8&useloc=0&mslice=5&ffgname=streamGroup_323&ver=live_3&uidx=0&errc=0&gn=3001&ndtype=0&lrtmcd=104&buss=99&cips=10.58.80.199&geo=CN-1-5-666&tmn=1534402332&pnl=3001,3001,3334,497&ext=m3u8&sign=live_tv&playid=1&termid=2&pay=0&tm=1534402633&ostype=andriod&hwtype=un&app_name=tvlive&app_ver=4.2.0.050&devid=macB01BD2542D51&uuid=B01BD2542D511534350373311_0&station=lb_zczb5&sign_dev=C0BC870D3EF4276126D66995020B0DBA&app_code=2018071917&liveId=2282&p1=2&p2=20&p3=20_tvlive_cibn&wmac=b8:fc:9b:04:68:2a&lsse
08-16 14:52:12.790 I/cdelog  ( 3380): core::supernode::HttpDownloader(711)::[collector::report]Download OK : , channel(), url(http://s.webp2p.cp21.ott.cibntv.net/act/cde?act=init), server(123.125.36.224:80), name(nginx/1.8.0), response code(200), version(HTTP/1.1), details(OK), data(0/0 Bytes), transfer(normal), encoding(), resolved time(16 ms), connected time(6 ms), responsed time(24 ms), total used time(47 ms), transfered time(47 ms), speed(3651 Byte/s), bytes(173), 0 alive times
08-16 14:52:12.790 I/cdelog  ( 3380): tools::collector::ReportClient(109)::Send report(stage report:gslb), 1 pending item(s) to url(http://s.webp2p.cp21.ott.cibntv.net/act/cde?act=gslb)
08-16 14:52:12.791 I/cdelog  ( 3380): tools::collector::ReportClient(124)::post param(act=gslb&p1=2&p2=20&platid=10&splatid=1060704002&ch=&custid=&ilu=&token=&time=1534402333&did=e092cc1f-9a33-3835-9689-a7a400e7ead2&appid=110&nt=wired&geo=CN.1.5.666&lid=&sid=lb_zczb5_1800&st=lb_zczb5&type=liv&vt=&cmfv=&plv=&cdev=cde.1.1.17.32&lsbv=2fn&uuid=9f73a8f0cdc54541bf695900b3446903&err=0&utime=66&r=0.89898&sn=2&termid=2&mac=B0-1B-D2-54-2D-51&qos=3&srvver=&stage=1&avgutime=42&errcnt=0&cip=10.58.80.199&httpinfo={1,(200,2071799035:80,42,6783,11,11,42)})
08-16 14:52:12.791 I/cdelog  ( 3380): core::supernode::HttpDownloader(527)::[collector::report]Start download method(POST), range(), server(s.webp2p.cp21.ott.cibntv.net:80), channel(), proxy(disabled), 1 addtional header(s) ...
08-16 14:52:12.792 I/cdelog  ( 3380): core::supernode::HttpDownloader(532)::[collector::report]Request url(http://s.webp2p.cp21.ott.cibntv.net/act/cde?act=gslb)
08-16 14:52:12.798 I/ChannelInfoViewControl( 3007): onFetchEmpty
08-16 14:52:12.798 I/ChannelInfoViewControl( 3007): hideChannelInfoAdView
08-16 14:52:12.804 I/cdelog  ( 3380): core::supernode::HttpDownloader(711)::[collector::report]Download OK : , channel(), url(http://s.webp2p.cp21.ott.cibntv.net/act/cde?act=gslb), server(123.125.36.224:80), name(nginx/1.8.0), response code(200), version(HTTP/1.1), details(OK), data(0/0 Bytes), transfer(normal), encoding(), resolved time(2 ms), connected time(1 ms), responsed time(7 ms), total used time(11 ms), transfered time(11 ms), speed(15021 Byte/s), bytes(173), 0 alive times
08-16 14:52:13.003 I/cdelog  ( 3380): core::supernode::HttpDownloader(669)::[base::meta]Download OK: , channel(70f8798d72ff0ac99462999af2ba7c5d), url(http://211.154.226.238/live.videocache.lecloud.com/m3u8/lb_zczb5_1800/desc.m3u8?stream_id=lb_zczb5_1800&amltag=99&mltag=99&platid=10&splatid=1060704002&qos=3&fcheck=0&lsbv=2fn&uid=1754045746&keyitem=iDipdd1vuVFcNrewScXV_qA9anmyuuMxAiFPNbvcYujMEdbjduvlnqfflyUxsCMm&ntm=1534420800&nkey2=0a4aae13ef90c09268502310bd5729b1&nkey=e88c3467442d294471079d8451d060c4&auth_key=1534420800-2-0-10-1060704002-lb_zczb5_1800-d4f25805a80d15d085e35e0897f682d0&tag=live&video_type=m3u8&useloc=0&mslice=5&ffgname=streamGroup_323&ver=live_3&uidx=0&errc=0&gn=3001&ndtype=0&lrtmcd=104&buss=99&cips=10.58.80.199&geo=CN-1-5-666&tmn=1534402332&pnl=3001,3001,3334,497&ext=m3u8&sign=live_tv&playid=1&termid=2&pay=0&tm=1534402633&ostype=andriod&hwtype=un&app_name=tvlive&app_ver=4.2.0.050&devid=macB01BD2542D51&uuid=B01BD2542D511534350373311_0&station=lb_zczb5&sign_dev=C0BC870D3EF4276126D66995020B0DBA&app_code=2018071917&liveId=2282&p1=2&p
08-16 14:52:13.005 I/cdelog  ( 3380): core::supernode::HttpDownloader(684)::[base::meta]Response channel(70f8798d72ff0ac99462999af2ba7c5d), server(211.154.226.238:80), name(nginx/1.12.0), response code(200), version(HTTP/1.1), details(OK), data(10629/-1 Bytes), transfer(chunked), encoding(), resolved time(5 ms), connected time(1 ms), responsed time(208 ms), total used time(215 ms), transfered time(215 ms), speed(51625 Byte/s), bytes(11124), 0 alive times
08-16 14:52:13.006 I/cdelog  ( 3380): logic::base::Channel(2846)::[live]Http complete for tag(base::meta), channel(70f8798d72ff0ac99462999af2ba7c5d), response code(200), details(OK), size(10629)
08-16 14:52:13.008 I/cdelog  ( 3380): core::supernode::MetaData(614)::generate auuid(74da97e8e680ec7ed8230e1139727a1a_70f8798d72ff0ac99462999af2ba7c5d_1500257581), segment(1500257581) for channel(70f8798d72ff0ac99462999af2ba7c5d)
08-16 14:52:13.022 I/cdelog  ( 3380): core::supernode::MetaData(572)::update segment count(5), segments(1500257581/0/0/0/0/0/,1500257582/0/0/0/0/0/,1500257583/0/0/0/0/0/,1500257584/0/0/0/0/0/,1500257585/0/0/0/0/0/), adjust(0), auuid(74da97e8e680ec7ed8230e1139727a1a_70f8798d72ff0ac99462999af2ba7c5d_1500257581) for channel(70f8798d72ff0ac99462999af2ba7c5d)
08-16 14:52:13.024 E/cdelog  ( 3380): core::etn::LetvETNMeta(263)::Update pieces from meta fail: metaPieceIterator(118)::relocate piece 0 fail
08-16 14:52:13.026 E/cdelog  ( 3380): core::etn::LetvETNMeta(263)::Update pieces from meta fail: metaPieceIterator(118)::relocate piece 0 fail
08-16 14:52:13.027 I/cdelog  ( 3380): logic::base::Channel(2432)::start segment count(5), segments(1500257581/1534402218/11.720,1500257582/1534402230/10.400,1500257583/1534402240/11.400,1500257584/1534402251/9.920,1500257585/1534402261/8.160) for channel(70f8798d72ff0ac99462999af2ba7c5d)
08-16 14:52:13.029 I/cdelog  ( 3380): logic::base::Channel(2437)::[live]Parsed file meta response OK, 5 segment(s), duration 51600 msec, data size 9180604 byte(s), url(http://211.154.226.238/live.videocache.lecloud.com/m3u8/lb_zczb5_1800/desc.m3u8?stream_id=lb_zczb5_1800&amltag=99&mltag=99&platid=10&splatid=1060704002&qos=3&fcheck=0&lsbv=2fn&uid=1754045746&keyitem=iDipdd1vuVFcNrewScXV_qA9anmyuuMxAiFPNbvcYujMEdbjduvlnqfflyUxsCMm&ntm=1534420800&nkey2=0a4aae13ef90c09268502310bd5729b1&nkey=e88c3467442d294471079d8451d060c4&auth_key=1534420800-2-0-10-1060704002-lb_zczb5_1800-d4f25805a80d15d085e35e0897f682d0&tag=live&video_type=m3u8&useloc=0&mslice=5&ffgname=streamGroup_323&ver=live_3&uidx=0&errc=0&gn=3001&ndtype=0&lrtmcd=104&buss=99&cips=10.58.80.199&geo=CN-1-5-666&tmn=1534402332&pnl=3001,3001,3334,497&ext=m3u8&sign=live_tv&playid=1&termid=2&pay=0&tm=1534402633&ostype=andriod&hwtype=un&app_name=tvlive&app_ver=4.2.0.050&devid=macB01BD2542D51&uuid=B01BD2542D511534350373311_0&station=lb_zczb5&sign_dev=C0BC870D3EF4276126D66995020B0DBA&app_code=2018071917&
08-16 14:52:13.030 I/cdelog  ( 3380): logic::live::Channel(778)::Detect channel(70f8798d72ff0ac99462999af2ba7c5d), live(1534402348)
08-16 14:52:13.030 I/cdelog  ( 3380): protocol::base::Pool(51)::Intialize pool for type(live), p2p group id(E9A02811C6AF370AF8E65DE6CCEFD2CAver_00_221.3m3u8_12272000), channel(70f8798d72ff0ac99462999af2ba7c5d)
08-16 14:52:13.037 I/tvos    ( 1764): GetAudioOutputDevice, retval : 0
08-16 14:52:13.039 I/cdelog  ( 3380): protocol::cdn::Manager(153)::Intialize total 3 session(s) for channel(70f8798d72ff0ac99462999af2ba7c5d)
08-16 14:52:13.040 I/cdelog  ( 3380): core::supernode::HttpDownloader(527)::[base::selector]Start download method(GET), range(), server(selector.webp2p.cp21.ott.cibntv.net:80), channel(70f8798d72ff0ac99462999af2ba7c5d), proxy(disabled), 0 addtional header(s) ...
08-16 14:52:13.041 I/cdelog  ( 3380): core::supernode::HttpDownloader(532)::[base::selector]Request url(http://selector.webp2p.cp21.ott.cibntv.net/query?groupId=E9A02811C6AF370AF8E65DE6CCEFD2CAver_00_221.3m3u8_12272000&type=liv&module=cde&version=CDE-1.1.17&geo=CN.1.5.666&isp=666&country=17230&province=1&city=5&area=0&appid=110&mac=B0-1B-D2-54-2D-51&hwtype=LETV%20X4-40M&custid=&p2pLimitParam=&appPackage=com.stv.cdeapk)
08-16 14:52:13.044 I/cdelog  ( 3380): tools::collector::ReportClient(109)::Send report(stage report:chk), 1 pending item(s) to url(http://s.webp2p.cp21.ott.cibntv.net/act/cde?act=chk)
08-16 14:52:13.045 I/cdelog  ( 3380): tools::collector::ReportClient(124)::post param(act=chk&p1=2&p2=20&platid=10&splatid=1060704002&ch=&custid=&token=&time=1534402333&did=e092cc1f-9a33-3835-9689-a7a400e7ead2&appid=110&nt=wired&geo=CN.1.5.666&gid=E9A02811C6AF370AF8E65DE6CCEFD2CAver_00_221.3m3u8_12272000&lid=&sid=lb_zczb5_1800&st=lb_zczb5&type=liv&vt=&dur=0&cmfv=&plv=&cdev=cde.1.1.17.32&lsbv=2fn&uuid=9f73a8f0cdc54541bf695900b3446903&err=0&utime=236&utime2=35&r=0.76427&sn=3&termid=2&mac=B0-1B-D2-54-2D-51&qos=3&srvver=nginx/1.12.0&stage=1&avgutime=215&errcnt=0&cip=10.58.80.199&httpinfo={1,(200,3550143214:80,215,11124,5,1,215)})
08-16 14:52:13.046 I/cdelog  ( 3380): core::supernode::HttpDownloader(527)::[collector::report]Start download method(POST), range(), server(s.webp2p.cp21.ott.cibntv.net:80), channel(), proxy(disabled), 1 addtional header(s) ...
08-16 14:52:13.047 I/cdelog  ( 3380): core::supernode::HttpDownloader(532)::[collector::report]Request url(http://s.webp2p.cp21.ott.cibntv.net/act/cde?act=chk)
08-16 14:52:13.048 I/cdelog  ( 3380): logic::base::Channel(2782)::[live]Channel(70f8798d72ff0ac99462999af2ba7c5d) open successfully, response 200, m3u8, 0 bytes meta to player, used 344 ms
08-16 14:52:13.049 I/cdelog  ( 3380): logic::live::Channel(199)::channel(70f8798d72ff0ac99462999af2ba7c5d), getPseudoPlayTime, creat(1534402331/2), live(1534402348), 1534402331/1534402331/0, pseudoTime(1534402348), offset(120/0), gap(0), skip(0),val(1534402228)
08-16 14:52:13.050 I/cdelog  ( 3380): core::entrance::HlsServer(1981)::channel(70f8798d72ff0ac99462999af2ba7c5d), first play list(1500257581,1500257582 end time:2018-08-16 14:50:28, lost(0), total duration(22400/22120/0/22/30), gap(101360/103360), point(5/5/3), segments(1500257581/1500257585))
08-16 14:52:13.053 I/cdelog  ( 3380): core::supernode::HttpDownloader(527)::[cdn::range-data]Start download method(GET), range(), server(211.154.226.238:80), channel(70f8798d72ff0ac99462999af2ba7c5d:0-1500257581-29300-()), proxy(disabled), 0 addtional header(s) ...
08-16 14:52:13.054 I/cdelog  ( 3380): core::supernode::HttpDownloader(532)::[cdn::range-data]Request url(http://211.154.226.238/lb.videocache.lecloud.com/262/33/7/letv-uts/14/ver_00_22-1103918976-avc-1492376-aac-96000-2587960-517777794-2f79e80e65d05db0d9646866f25740b0-1496228923795_mp4/ver_00_22_219_602_3_1909328_451997684_0.ts?stream_id=lb_zczb5_1800&amltag=99&mltag=99&platid=10&splatid=1060704002&qos=3&fcheck=0&lsbv=2fn&uid=1754045746&keyitem=iDipdd1vuVFcNrewScXV_qA9anmyuuMxAiFPNbvcYujMEdbjduvlnqfflyUxsCMm&ntm=1534420800&nkey2=0a4aae13ef90c09268502310bd5729b1&nkey=e88c3467442d294471079d8451d060c4&auth_key=1534420800-2-0-10-1060704002-lb_zczb5_1800-d4f25805a80d15d085e35e0897f682d0&tag=live&video_type=m3u8&useloc=0&mslice=5&ffgname=streamGroup_323&ver=live_3&uidx=0&errc=0&gn=3001&ndtype=0&lrtmcd=104&buss=99&cips=10.58.80.199&geo=CN-1-5-666&tmn=1534402332&pnl=3001,3001,3334,497&ext=m3u8&sign=live_tv&playid=1&termid=2&pay=0&tm=1534402633&ostype=andriod&hwtype=un&app_name=tvlive&app_ver=4.2.0.050&devid=macB01BD2542D51&uuid=B01BD2542D511534350373311
08-16 14:52:13.055 I/cdelog  ( 3380): core::supernode::HttpServer(137)::close connection(127.0.0.1:44824), url(/play)
08-16 14:52:13.059 I/SpoPlayer( 3007): [38] download playlist complete, cost time: 355ms
08-16 14:52:13.059 I/SpoPlayer( 3007): [38] onTimelineChanged [periodCount=1, windowCount=1]
08-16 14:52:13.067 I/cdelog  ( 3380): core::supernode::HttpConnection(345)::[HLS]Client(127.0.0.1:33337), query full url(/play/slices/1500257581.ts?id=70f8798d72ff0ac99462999af2ba7c5d&segment=1500257581), method(GET), 2 params, 5 header(s), content-length 0 bytes
08-16 14:52:13.068 I/cdelog  ( 3380): core::entrance::HlsServer(741)::Receive player request segment(1500257581), channel(70f8798d72ff0ac99462999af2ba7c5d)
08-16 14:52:13.070 I/cdelog  ( 3380): core::entrance::HlsServer(854)::Player request segment(1500257581), urgent(1500257581), dis(no), range() of channel(70f8798d72ff0ac99462999af2ba7c5d), response(-1, Pending(200), text/plain, data 0/0/1909328 byte(s)
08-16 14:52:13.071 I/cdelog  ( 3380): logic::base::Channel(967)::[live] get next stable(address(* 211.154.226.238:80), speed(200000), last segment id(1500257581), count(13/0/0/13);) for channel(70f8798d72ff0ac99462999af2ba7c5d)
08-16 14:52:13.079 I/SpoPlayer( 3007): [38] onMediaEventUpdate: {"M3U8_VER":"ver_00_22","PROGRAM_ID":"E9A02811C6AF370AF8E65DE6CCEFD2CA","PLAYER_ARGS":"streamArgs=VklEPTI5NzgxMzkyJlRZUEU9MCY=&cdeVer=1117&auuid=74da97e8e680ec7ed8230e1139727a1a_70f8798d72ff0ac99462999af2ba7c5d_1500257581&monitorUrl=&adArgs="}
08-16 14:52:13.079 I/VideoViewTVWrapper( 3007): mIsRenderStart = false onMediaEventUpdate = {"M3U8_VER":"ver_00_22","PROGRAM_ID":"E9A02811C6AF370AF8E65DE6CCEFD2CA","PLAYER_ARGS":"streamArgs=VklEPTI5NzgxMzkyJlRZUEU9MCY=&cdeVer=1117&auuid=74da97e8e680ec7ed8230e1139727a1a_70f8798d72ff0ac99462999af2ba7c5d_1500257581&monitorUrl=&adArgs="}
08-16 14:52:13.079 I/SpoPlayer( 3007): [38] start download media file, index: 1500257581, startTimeMs=0, endTimeMs=11720
08-16 14:52:13.154 I/cdelog  ( 3380): core::supernode::HttpDownloader(711)::[collector::report]Download OK : , channel(), url(http://s.webp2p.cp21.ott.cibntv.net/act/cde?act=chk), server(123.125.36.224:80), name(nginx/1.8.0), response code(200), version(HTTP/1.1), details(OK), data(0/0 Bytes), transfer(normal), encoding(), resolved time(104 ms), connected time(1 ms), responsed time(1 ms), total used time(107 ms), transfered time(107 ms), speed(1612 Byte/s), bytes(173), 0 alive times
08-16 14:52:13.155 I/cdelog  ( 3380): tools::collector::ReportClient(109)::Send report(stage report:cquery), 1 pending item(s) to url(http://s.webp2p.cp21.ott.cibntv.net/act/cde?act=cquery)
08-16 14:52:13.155 I/cdelog  ( 3380): tools::collector::ReportClient(124)::post param(act=cquery&p1=2&p2=20&platid=10&splatid=1060704002&ch=&custid=&token=&time=1534402333&did=e092cc1f-9a33-3835-9689-a7a400e7ead2&appid=110&nt=wired&geo=CN.1.5.666&gid=E9A02811C6AF370AF8E65DE6CCEFD2CAver_00_221.3m3u8_12272000&lid=&sid=lb_zczb5_1800&st=lb_zczb5&type=liv&vt=&dur=0&cmfv=&plv=&cdev=cde.1.1.17.32&lsbv=2fn&uuid=9f73a8f0cdc54541bf695900b3446903&err=0&utime=20&utime2=344&r=0.36910&sn=4&termid=2&mac=B0-1B-D2-54-2D-51&qos=3&srvver=&stage=0&avgutime=0&errcnt=0&cip=10.58.80.199)
08-16 14:52:13.158 I/cdelog  ( 3380): core::supernode::HttpDownloader(527)::[collector::report]Start download method(POST), range(), server(s.webp2p.cp21.ott.cibntv.net:80), channel(), proxy(disabled), 1 addtional header(s) ...
08-16 14:52:13.159 I/cdelog  ( 3380): core::supernode::HttpDownloader(532)::[collector::report]Request url(http://s.webp2p.cp21.ott.cibntv.net/act/cde?act=cquery)
08-16 14:52:13.169 I/cdelog  ( 3380): core::supernode::HttpDownloader(711)::[collector::report]Download OK : , channel(), url(http://s.webp2p.cp21.ott.cibntv.net/act/cde?act=cquery), server(123.125.36.224:80), name(nginx/1.8.0), response code(200), version(HTTP/1.1), details(OK), data(0/0 Bytes), transfer(normal), encoding(), resolved time(4 ms), connected time(3 ms), responsed time(2 ms), total used time(10 ms), transfered time(10 ms), speed(16435 Byte/s), bytes(173), 0 alive times
08-16 14:52:13.222 I/cdelog  ( 3380): tools::collector::ReportClient(109)::Send report(stage report:cload), 1 pending item(s) to url(http://s.webp2p.cp21.ott.cibntv.net/act/cde?act=cload)
08-16 14:52:13.227 I/cdelog  ( 3380): tools::collector::ReportClient(124)::post param(act=cload&p1=2&p2=20&platid=10&splatid=1060704002&ch=&custid=&token=&time=1534402333&did=e092cc1f-9a33-3835-9689-a7a400e7ead2&appid=110&nt=wired&geo=CN.1.5.666&gid=E9A02811C6AF370AF8E65DE6CCEFD2CAver_00_221.3m3u8_12272000&lid=&sid=lb_zczb5_1800&st=lb_zczb5&type=liv&vt=&dur=0&cmfv=&plv=&cdev=cde.1.1.17.32&lsbv=2fn&uuid=9f73a8f0cdc54541bf695900b3446903&err=0&utime=180&r=0.10561&sn=5&termid=2&mac=B0-1B-D2-54-2D-51&qos=3&srvver=nginx/1.12.0&stage=1&avgutime=156&errcnt=0&cip=10.58.80.199&httpinfo={1,(200,3550143214:80,156,10240,97,1,156)})
08-16 14:52:13.228 I/cdelog  ( 3380): core::supernode::HttpDownloader(527)::[collector::report]Start download method(POST), range(), server(s.webp2p.cp21.ott.cibntv.net:80), channel(), proxy(disabled), 1 addtional header(s) ...
08-16 14:52:13.229 I/cdelog  ( 3380): core::supernode::HttpDownloader(532)::[collector::report]Request url(http://s.webp2p.cp21.ott.cibntv.net/act/cde?act=cload)
08-16 14:52:13.231 I/cdelog  ( 3380): core::storage::MemoryBucket(375)::new and open block when get block (channel://70f8798d72ff0ac99462999af2ba7c5d/1500257581)
08-16 14:52:13.234 I/cdelog  ( 3380): logic::base::Channel(967)::[live] get next stable(address(* 211.154.226.238:80), speed(65585), last segment id(1500257581), count(13/0/0/12);) for channel(70f8798d72ff0ac99462999af2ba7c5d)
08-16 14:52:13.239 I/cdelog  ( 3380): core::supernode::HttpDownloader(711)::[base::selector]Download OK : , channel(70f8798d72ff0ac99462999af2ba7c5d), url(http://selector.webp2p.cp21.ott.cibntv.net/query?groupId=E9A02811C6AF370AF8E65DE6CCEFD2CAver_00_221.3m3u8_12272000&type=liv&module=cde&version=CDE-1.1.17&geo=CN.1.5.666&isp=666&country=17230&province=1&city=5&area=0&appid=110&mac=B0-1B-D2-54-2D-51&hwtype=LETV%20X4-40M&custid=&p2pLimitParam=&appPackage=com.stv.cdeapk), server(123.125.47.215:80), name(Selector/2.0.1/2016-05-23 12:50/), response code(200), version(HTTP/1.1), details(OK), data(560/560 Bytes), transfer(normal), encoding(), resolved time(109 ms), connected time(86 ms), responsed time(3 ms), total used time(198 ms), transfered time(198 ms), speed(3653 Byte/s), bytes(725), 0 alive times
08-16 14:52:13.240 I/cdelog  ( 3380): protocol::base::Pool(188)::Http complete for tag(base::selector), channel(70f8798d72ff0ac99462999af2ba7c5d), response code(200), details(OK), size(560)
08-16 14:52:13.241 I/cdelog  ( 3380): protocol::base::Pool(259)::Query from selector successfully, gather(http://123.125.36.135:80), rtmfp(rtmfp://123.125.38.149:8124), tracker(http://123.125.36.135:80), max peers(25), urgent size(15), channel(70f8798d72ff0ac99462999af2ba7c5d), cdn(yes), rtmfp(yes), websocket(yes), webrtc(yes), p2p upload(yes), p2p download(yes), urgent upload(yes), range interval(5 s), upload limit(no), init throttle(100000 B/s), avg throttle(240000 B/s), max reserved(30000 B/s), force(yes), http info numbers(5), auto buffer(yes), auto buffer length(1200), enable support(no)
08-16 14:52:13.244 I/cdelog  ( 3380): logic::base::Channel(2967)::[live]Protocol selector(123.125.47.215:80) open, channel(70f8798d72ff0ac99462999af2ba7c5d), code(0), OK
08-16 14:52:13.247 I/cdelog  ( 3380): protocol::rtmfp::ManagerImpl(238)::Connect to rtmfp server 123.125.38.149:8124, for channel(70f8798d72ff0ac99462999af2ba7c5d)
08-16 14:52:13.253 I/cdelog  ( 3380): core::supernode::WebSocketServer(66)::[share]Listen at address 0.0.0.0:1443 successfully
08-16 14:52:13.254 I/cdelog  ( 3380): protocol::websocket::Manager(87)::Openning channel(70f8798d72ff0ac99462999af2ba7c5d), self inner ip(10.58.80.199), peer id(9d0c649e160a2229097011585b751f1d), share server port(1443) ...
08-16 14:52:13.255 I/cdelog  ( 3380): core::supernode::HttpDownloader(527)::[websocket::tracker]Start download method(GET), range(), server(123.125.36.135:80), channel(70f8798d72ff0ac99462999af2ba7c5d), proxy(disabled), 0 addtional header(s) ...
08-16 14:52:13.257 I/cdelog  ( 3380): core::supernode::HttpDownloader(532)::[websocket::tracker]Request url(http://123.125.36.135:80/cde?termid=2&format=1&ver=liv.CDE-1.1.17&op=3&ckey=E9A02811C6AF370AF8E65DE6CCEFD2CAver_00_221.3m3u8_12272000&inip=10.58.80.199&pid=33-9d0c649e160a2229097011585b751f1d-1443-1443&pos=1534402218&ispId=666&neighbors=0&arealevel1=CN&arealevel2=1&arealevel3=5&expect=50&ulMark=-1&sentRatio=0&ulSpeed=0&did=74da97e8e680ec7ed8230e1139727a1a&transferProp=3&networkType=1&provider=0)
08-16 14:52:13.261 I/cdelog  ( 3380): core::supernode::HttpDownloader(527)::[abtest::query]Start download method(GET), range(), server(s.webp2p.cp21.ott.cibntv.net:80), channel(), proxy(disabled), 0 addtional header(s) ...
08-16 14:52:13.262 I/cdelog  ( 3380): core::supernode::HttpDownloader(532)::[abtest::query]Request url(http://s.webp2p.cp21.ott.cibntv.net/abtest/isNeedModifyParam?str={"did":"e092cc1f-9a33-3835-9689-a7a400e7ead2","sid":"lb_zczb5_1800","vid":"","vt":""})
08-16 14:52:13.266 I/cdelog  ( 3380): tools::speedtest::abtest(25)::Abtest starting~
08-16 14:52:13.273 W/TelecomManager( 2207): Telecom Service not found.
08-16 14:52:13.279 E/DesktopManager( 2207): startDockOrHome, mDm=letv.desktop.DesktopManagerService@442694d
08-16 14:52:13.279 I/TencentReportManagers( 7946): home key pressed
08-16 14:52:13.280 W/ContextImpl( 2207): Calling a method in the system process without a qualified user: android.app.ContextImpl.startActivity:659 letv.desktop.DesktopManagerService.startActivity:922 letv.desktop.DesktopManagerService.startDockOrHome:956 letv.desktop.DesktopManager.startDockOrHome:783 com.android.server.policy.PhoneWindowManager.startDockOrHome:8954 
08-16 14:52:13.280 W/ContextImpl( 2207): Calling a method in the system process without a qualified user: android.app.ContextImpl.startActivity:671 android.app.ContextImpl.startActivity:660 letv.desktop.DesktopManagerService.startActivity:922 letv.desktop.DesktopManagerService.startDockOrHome:956 letv.desktop.DesktopManager.startDockOrHome:783 
08-16 14:52:13.281 E/ContextImpl( 2207): startAdManager() intent contains not android.intent.category.LAUNCHER
08-16 14:52:13.281 I/ActivityManager( 2207): START u0 {act=android.intent.action.MAIN cat=[android.intent.category.HOME] flg=0x10200000 pkg=com.stv.launcher cmp=com.stv.launcher/.ui.activity.Launcher} from uid 1000 on display 0
08-16 14:52:13.287 I/cdelog  ( 3380): core::supernode::HttpDownloader(711)::[collector::report]Download OK : , channel(), url(http://s.webp2p.cp21.ott.cibntv.net/act/cde?act=cload), server(123.125.36.224:80), name(nginx/1.8.0), response code(200), version(HTTP/1.1), details(OK), data(0/0 Bytes), transfer(normal), encoding(), resolved time(7 ms), connected time(32 ms), responsed time(17 ms), total used time(58 ms), transfered time(57 ms), speed(2989 Byte/s), bytes(173), 0 alive times
08-16 14:52:13.288 I/tvos    ( 1764): GetAudioOutputDevice, retval : 0
08-16 14:52:13.289 I/cdelog  ( 3380): tools::collector::ReportClient(109)::Send report(stage report:sel), 1 pending item(s) to url(http://s.webp2p.cp21.ott.cibntv.net/act/cde?act=sel)
08-16 14:52:13.290 I/cdelog  ( 3380): tools::collector::ReportClient(124)::post param(act=sel&p1=2&p2=20&platid=10&splatid=1060704002&ch=&custid=&token=&time=1534402333&did=e092cc1f-9a33-3835-9689-a7a400e7ead2&appid=110&nt=wired&geo=CN.1.5.666&gid=E9A02811C6AF370AF8E65DE6CCEFD2CAver_00_221.3m3u8_12272000&lid=&sid=lb_zczb5_1800&st=lb_zczb5&type=liv&vt=&dur=0&cmfv=&plv=&cdev=cde.1.1.17.32&lsbv=2fn&uuid=9f73a8f0cdc54541bf695900b3446903&err=0&utime=198&r=0.5649&sn=6&termid=2&mac=B0-1B-D2-54-2D-51&srvver=Selector/2.0.1/2016-05-23 12:50/&stage=1&avgutime=198&errcnt=0&err5xxcnt=0&snrcnt=0&cip=10.58.80.199&sip=123.125.47.215&httpinfo={1,(200,2071801815:80,198,725,109,86,198)})
08-16 14:52:13.292 I/cdelog  ( 3380): core::supernode::HttpDownloader(527)::[collector::report]Start download method(POST), range(), server(s.webp2p.cp21.ott.cibntv.net:80), channel(), proxy(disabled), 1 addtional header(s) ...
08-16 14:52:13.292 I/cdelog  ( 3380): core::supernode::HttpDownloader(532)::[collector::report]Request url(http://s.webp2p.cp21.ott.cibntv.net/act/cde?act=sel)
08-16 14:52:13.294 I/cdelog  ( 3380): core::supernode::HttpDownloader(711)::[websocket::tracker]Download OK : , channel(70f8798d72ff0ac99462999af2ba7c5d), url(http://123.125.36.135:80/cde?termid=2&format=1&ver=liv.CDE-1.1.17&op=3&ckey=E9A02811C6AF370AF8E65DE6CCEFD2CAver_00_221.3m3u8_12272000&inip=10.58.80.199&pid=33-9d0c649e160a2229097011585b751f1d-1443-1443&pos=1534402218&ispId=666&neighbors=0&arealevel1=CN&arealevel2=1&arealevel3=5&expect=50&ulMark=-1&sentRatio=0&ulSpeed=0&did=74da97e8e680ec7ed8230e1139727a1a&transferProp=3&networkType=1&provider=0), server(123.125.36.135:80), name(HttpTracker/2.1.0/2018-05-18 16:02), response code(200), version(HTTP/1.1), details(OK), data(1101/420 Bytes), transfer(normal), encoding(gzip), resolved time(12 ms), connected time(17 ms), responsed time(8 ms), total used time(38 ms), transfered time(38 ms), speed(15771 Byte/s), bytes(611), 0 alive times
08-16 14:52:13.295 I/cdelog  ( 3380): protocol::websocket::Manager(156)::Http complete for tag(websocket::tracker), channel(70f8798d72ff0ac99462999af2ba7c5d), response code(200), details(OK), size(1101)
08-16 14:52:13.299 I/cdelog  ( 3380): logic::base::Channel(3181)::[live]Protocol manager(websocket://9d0c649e160a2229097011585b751f1d) open, channel(70f8798d72ff0ac99462999af2ba7c5d), code(0), OK
08-16 14:52:13.300 I/TvLiveBaseFragment( 3007): onPause
08-16 14:52:13.300 I/ShoppingPlugin-stv-PluginFragment( 3007): onPause ->in
08-16 14:52:13.300 I/ShoppingPlugin-stv-PluginRootLayout( 3007): onFragmentPause ---> in
08-16 14:52:13.301 I/Launcher( 3007): [com.stv.launcher] LauncherActivity -- onPause  mBootSignalFirst=false sCurrentScreen = com.letv.android.tv.letvlive
08-16 14:52:13.301 I/Launcher( 3007): [com.stv.launcher] ===== enalbeAllKey =====
08-16 14:52:13.302 I/WindowManager( 2207): setBlockVoiceKey = false
08-16 14:52:13.302 I/WindowManager( 2207): setBlockSourceKey = false
08-16 14:52:13.303 I/WindowManager( 2207): setBlockSettingKey = false
08-16 14:52:13.303 I/cdelog  ( 3380): protocol::websocket::Manager(793)::Register to tracker successfully, self internet ip(10.58.80.199), load 6 peer(s), 6 peer(s) now, channel(70f8798d72ff0ac99462999af2ba7c5d)
08-16 14:52:13.303 I/WindowManager( 2207): setBlockFunctionKeys = false
08-16 14:52:13.304 I/WindowManager( 2207): setBlockHomeKey = false
08-16 14:52:13.308 I/cdelog  ( 3380): logic::base::Channel(967)::[live] get next stable(address(* 211.154.226.238:80), speed(775383), last segment id(1500257581), count(13/0/0/11);) for channel(70f8798d72ff0ac99462999af2ba7c5d)
08-16 14:52:13.309 I/cdelog  ( 3380): core::supernode::HttpDownloader(711)::[abtest::query]Download OK : , channel(), url(http://s.webp2p.cp21.ott.cibntv.net/abtest/isNeedModifyParam?str={"did":"e092cc1f-9a33-3835-9689-a7a400e7ead2","sid":"lb_zczb5_1800","vid":"","vt":""}), server(123.125.36.224:80), name(nginx/1.8.0), response code(200), version(HTTP/1.1), details(OK), data(14/14 Bytes), transfer(normal), encoding(), resolved time(25 ms), connected time(19 ms), responsed time(5 ms), total used time(50 ms), transfered time(50 ms), speed(3376 Byte/s), bytes(170), 0 alive times
08-16 14:52:13.311 W/ContextImpl( 3007): Calling a method in the system process without a qualified user: android.app.ContextImpl.sendBroadcast:766 android.content.ContextWrapper.sendBroadcast:396 com.stv.launcher.ui.activity.Launcher.onNewIntent:646 android.app.Instrumentation.callActivityOnNewIntent:1212 android.app.Instrumentation.callActivityOnNewIntent:1224 
08-16 14:52:13.312 I/cdelog  ( 3380): tools::speedtest::abtest(102)::Http complete for tag(abtest::query), response code(200), details(OK), data({"need":false}), size(14)
08-16 14:52:13.313 I/Launcher( 3007): [com.stv.launcher] LauncherActivity -- onNewIntent [caller=DesktopManager, current=com.letv.android.tv.letvlive, to=null, jumpParams=, jumpType=, mStopped=false, mIsTopActivity=true, mBlockKeyEvent=false]
08-16 14:52:13.314 I/TVliveControllerPlayer( 3007): shouldBlockKeyWhileLoadingShowing type = LOADING_CHANGE_CHANNEL
08-16 14:52:13.314 I/BlockKeyWhileLoadingShowing( 3007): is not channel key
08-16 14:52:13.314 I/Launcher( 3007): [com.stv.launcher] LauncherActivity --  debug_tag onResume
08-16 14:52:13.315 I/AnalysisLog( 3007): Activ:onResume----start:time='513199783'
08-16 14:52:13.315 I/cdelog  ( 3380): logic::base::Channel(967)::[live] get next stable(address(* 211.154.226.238:80), speed(1493960), last segment id(1500257581), count(13/0/0/10);) for channel(70f8798d72ff0ac99462999af2ba7c5d)
08-16 14:52:13.316 I/Launcher( 3007): [com.stv.launcher] boot video finished=1 bootAnifinished = 1 str =  strAdFinished = 3
08-16 14:52:13.317 I/Launcher( 3007): [com.stv.launcher] LauncherActivity -- onResume, switchByStr: false, bootAdFinish true
08-16 14:52:13.317 I/Launcher( 3007): [com.stv.launcher] LauncherActivity -- onResume mHandDetectStarted: false mHandDetectType: 0 mLastSelectedScreen = null
08-16 14:52:13.317 I/Launcher( 3007): [com.stv.launcher] PluginShell --  debug_tag  >>>>>> startLoadFirst <<<<<<
08-16 14:52:13.318 I/AnalysisLog( 3007): Activ:onResume----end:time='513199785'
08-16 14:52:13.318 I/AnalysisLog( 3007): Plugin:onAttach2onResume:com.letv.android.tv.letvlive----end:time='513199785'
08-16 14:52:13.318 I/TvLiveBaseFragment( 3007): onResume
08-16 14:52:13.318 I/AnalysisLog( 3007): Plugin:onAttach2onResume:com.stv.plugin.tencent----end:time='513199785'
08-16 14:52:13.318 I/AnalysisLog( 3007): Plugin:onAttach2onResume:com.stv.plugin.video----end:time='513199785'
08-16 14:52:13.318 I/AnalysisLog( 3007): Plugin:onAttach2onResume:com.stv.plugin.search----end:time='513199786'
08-16 14:52:13.318 I/ShoppingPlugin-stv-PluginFragment( 3007): onResume ->in
08-16 14:52:13.318 I/AnalysisLog( 3007): Plugin:onAttach2onResume:com.stv.shopping----end:time='513199786'
08-16 14:52:13.318 I/AnalysisLog( 3007): Plugin:onAttach2onResume:com.stv.plugin.kids----end:time='513199786'
08-16 14:52:13.318 I/AnalysisLog( 3007): Plugin:onAttach2onResume:com.stv.plugin.app----end:time='513199786'
08-16 14:52:13.319 I/Launcher( 3007): [com.stv.launcher] PluginShell --  debug_tag  >>>>>> createPlugin <<<<<<
08-16 14:52:13.319 I/Launcher( 3007): [com.stv.launcher] PluginShell --  debug_tag  ** createPlugin but current has empty **
08-16 14:52:13.321 I/cdelog  ( 3380): logic::base::Channel(967)::[live] get next stable(address(* 211.154.226.238:80), speed(2199180), last segment id(1500257581), count(13/0/0/9);) for channel(70f8798d72ff0ac99462999af2ba7c5d)
08-16 14:52:13.332 I/OMXClient( 3007): Using client-side OMX mux.
08-16 14:52:13.333 I/MS_OMX_CORE( 1758): ComponentName : OMX.MS.AVC.Decoder, version -..
08-16 14:52:13.335 I/SpoPlayer( 3007): [38] onTracksChanged
08-16 14:52:13.335 I/SpoPlayer( 3007): [38] onVideoEnabled
08-16 14:52:13.335 I/SpoPlayer( 3007): [38] audioEnabled
08-16 14:52:13.335 I/SpoPlayer( 3007): [38] onDownstreamFormatChanged, trackType: 0, startTimeMs: 0
08-16 14:52:13.337 I/SpoPlayer( 3007): [38] onSubtitleLanguageUpdated, size: 0
08-16 14:52:13.337 I/SpoPlayer( 3007): [38] update current ptsOffset: -2162740
08-16 14:52:13.342 I/MediaCodec( 3007): [OMX.MS.AVC.Decoder] setting surface generation to 3079204
08-16 14:52:13.344 E/OMXNodeInstance( 1758): getExtensionIndex(d5:MS.AVC.Decoder, OMX.google.android.index.storeMetaDataInBuffers) ERROR: BadParameter(0x80001005)
08-16 14:52:13.344 E/ACodec  ( 3007): [OMX.MS.AVC.Decoder] storeMetaDataInBuffers failed w/ err -2147483648
08-16 14:52:13.345 E/OMXNodeInstance( 1758): getExtensionIndex(d5:MS.AVC.Decoder, OMX.google.android.index.prepareForAdaptivePlayback) ERROR: BadParameter(0x80001005)
08-16 14:52:13.345 W/ACodec  ( 3007): [OMX.MS.AVC.Decoder] prepareForAdaptivePlayback failed w/ err -2147483648
08-16 14:52:13.348 E/ACodec  ( 3007): COMPONENT: OMX.MS.AVC.Decoder 1 1
08-16 14:52:13.351 I/cdelog  ( 3380): logic::base::Channel(967)::[live] get next stable(address(* 211.154.226.238:80), speed(2685215), last segment id(1500257581), count(13/0/0/8);) for channel(70f8798d72ff0ac99462999af2ba7c5d)
08-16 14:52:13.352 I/tvos    ( 1764): [37m[INFO] Change to Voltage: 1130 mV (0x1F)[m
08-16 14:52:13.353 I/tvos    ( 1764): [37m[INFO] Change to Voltage: 1130 mV (0x22)[m
08-16 14:52:13.354 I/tvos    ( 1764): [37m[INFO] Change to Voltage: 1130 mV (0x25)[m
08-16 14:52:13.358 I/tvos    ( 1764): [37m[INFO] Change to Voltage: 1130 mV (0x28)[m
08-16 14:52:13.358 I/ACodec  ( 3007): LoadedState::onStart RequestResources = 1
08-16 14:52:13.360 I/tvos    ( 1764): [37m[INFO] Change to Voltage: 1130 mV (0x2B)[m
08-16 14:52:13.362 I/tvos    ( 1764): [37m[INFO] Change to Voltage: 1130 mV (0x2C)[m
08-16 14:52:13.380 I/RMAllocator( 1750): ClientInfo this=1656328384, mRMClient=1656327888. id=83
08-16 14:52:13.388 I/cdelog  ( 3380): logic::base::Channel(967)::[live] get next stable(address(* 211.154.226.238:80), speed(2654294), last segment id(1500257581), count(13/0/0/7);) for channel(70f8798d72ff0ac99462999af2ba7c5d)
08-16 14:52:13.394 E/InternetUtils( 4594): java.net.SocketTimeoutException: failed to connect to www.cibn.com/61.133.127.115 (port 80) after 3000ms
08-16 14:52:13.402 E/OMXNodeInstance( 1758): setParameter(d5:MS.AVC.Decoder, ParamPortDefinition(0x2000001)) ERROR: BadParameter(0x80001005)
08-16 14:52:13.403 W/ACodec  ( 3007): [OMX.MS.AVC.Decoder] setting nBufferCountActual to 6 failed: -2147483648
08-16 14:52:13.403 E/OMXNodeInstance( 1758): setParameter(d5:MS.AVC.Decoder, ParamPortDefinition(0x2000001)) ERROR: BadParameter(0x80001005)
08-16 14:52:13.403 W/ACodec  ( 3007): [OMX.MS.AVC.Decoder] setting nBufferCountActual to 5 failed: -2147483648
08-16 14:52:13.415 I/MSTAR_VDEC_API( 1758): Open Stream State: 11 0x0
08-16 14:52:13.415 I/MSTAR_VDEC_API( 1758): Open Stream Type: 0, pid=1758
08-16 14:52:13.416 I/Utopia  ( 1758): [VDEC]E_VDEC_EX_V2_USER_CMD_DYNAMIC_CMA_MODE 0x1
08-16 14:52:13.416 I/MSTAR_VDEC_API( 1758): [0] MApi_VDEC_EX_GetFreeStream bResult = 1
08-16 14:52:13.416 I/MSTAR_VDEC_API( 1758): no stored streamIds
08-16 14:52:13.416 I/MSTAR_VDEC_API( 1758): no stored streamIds
08-16 14:52:13.416 I/MSTAR_VDEC_API( 1758): add StreamId: 0x4040
08-16 14:52:13.419 I/apiMMAP ( 1758): get_info: E_MMAP_ID_VDEC_FRAMEBUFFER: not fount
08-16 14:52:13.419 W/MS_LOG  ( 1758): mmapInfo == NULL
08-16 14:52:13.419 I/Utopia  ( 1758): [VDEC]E_VDEC_EX_V2_USER_CMD_DYNAMIC_CMA_MODE 0x1
08-16 14:52:13.419 I/Utopia  ( 1758): [VDEC][NDec][ALLOC][0] In: Codec=11 SrcMode=2 CMA=1 bAlloc=1
08-16 14:52:13.419 I/Utopia  ( 1758): [VDEC][NDec][ALLOC][0] In: eOriStream=0 FBmono=0 BSmono=1
08-16 14:52:13.419 I/Utopia  ( 1758): [VDEC][NDec][ALLOC][0] In: FW addr=0x219C2000 size=0x00A00000
08-16 14:52:13.419 I/Utopia  ( 1758): [VDEC][NDec][ALLOC][0] In: FB addr=0x00000000 size=0x00000000
08-16 14:52:13.419 I/Utopia  ( 1758): [VDEC][NDec][ALLOC][0] In: BS addr=0x223C2000 size=0x02400000
08-16 14:52:13.419 I/Utopia  ( 1758): [VDEC][NDec][ALLOC][0] In: PB addr=0x223C2000 size=0x00080000
08-16 14:52:13.419 I/Utopia  ( 1758): [VDEC][NDec][ALLOC][DBG] stBufferInfo[0][0] Type = 0x01 Phy = 0x30800000, Size = 0x0F800000, Conf = 0x00000001
08-16 14:52:13.419 I/Utopia  ( 1758): [VDEC][NDec][ALLOC][DBG] stBufferInfo[0][2] Type = 0x03 Phy = 0x92000000, Size = 0x06800000, Conf = 0x00000001
08-16 14:52:13.419 I/Utopia  ( 1758): [VDEC][NDec][ALLOC][DBG][_VDEC_EX_NdecAllocator_FindNextBuffer][3947] use buffer 0x01 Phy = 0x30800000, Size = 0x0F800000, Conf = 0x00000001
08-16 14:52:13.419 I/Utopia  ( 1758): [VDEC][NDec][ALLOC][DBG][_VDEC_EX_NdecAllocator_CMAAlloc][3346] MApi_CMA_Pool_GetMem: heap_id=0x13, offset_in_pool=0x00000000, length=0x08200000
08-16 14:52:13.429 I/cdelog  ( 3380): protocol::rtmfp::ManagerImpl(325)::Connect to server, ID: c462c44010d2e902c0ea2cfd495a972d81d34671457af1061cfbb911cf3b6b91; Listen with group id E9A02811C6AF370AF8E65DE6CCEFD2CAver_00_221.3m3u8_12272000, channel(70f8798d72ff0ac99462999af2ba7c5d)
08-16 14:52:13.432 I/cdelog  ( 3380): core::supernode::HttpDownloader(527)::[]Start download method(GET), range(), server(123.125.36.135:80), channel(70f8798d72ff0ac99462999af2ba7c5d), proxy(disabled), 0 addtional header(s) ...
08-16 14:52:13.433 I/cdelog  ( 3380): core::supernode::HttpDownloader(532)::[]Request url(http://123.125.36.135:80/heartBeat?module=cde&tid=2&ver=liv.CDE-1.1.17&groupId=E9A02811C6AF370AF8E65DE6CCEFD2CAver_00_221.3m3u8_12272000&peerId=c462c44010d2e902c0ea2cfd495a972d81d34671457af1061cfbb911cf3b6b91&rtmfpId=123.125.38.149:8124&ispId=666&pos=1534402218&neighbors=0&arealevel1=CN&arealevel2=1&arealevel3=5&query=1&expect=50&ulMark=-1&sentRatio=0&ulSpeed=0&transferProp=3&networkType=1&provider=0)
08-16 14:52:13.434 I/cdelog  ( 3380): logic::base::Channel(3181)::[live]Protocol manager(rtmfp://c462c44010d2e902c0ea2cfd495a972d81d34671457af1061cfbb911cf3b6b91) open, channel(70f8798d72ff0ac99462999af2ba7c5d), code(0), OK
