08-16 14:52:13.664 W/CROP    ( 1803): SrcWin1[Win=0]: x,y,w,h=493,30,3840,2160
08-16 14:52:13.664 W/CROP    ( 1803): CropWin1: x,y,w,h=0,0,1280,720
08-16 14:52:13.664 W/CROP    ( 1803): DispWin1: x,y,w,h=0,0,1920,1080
08-16 14:52:13.664 W/CROP    ( 1803): CropWin1.1: x,y,w,h=0,0,1280,720
08-16 14:52:13.664 W/CROP    ( 1803): CropWin1.2: x,y,w,h=0,0,1280,720
08-16 14:52:13.664 W/CROP    ( 1803): SrcWin2: x,y,w,h=493,30,3840,2160
08-16 14:52:13.664 W/CROP    ( 1803): CropWin2: x,y,w,h=0,0,1280,720
08-16 14:52:13.664 W/CROP    ( 1803): DispWin2: x,y,w,h=0,0,1920,1080
08-16 14:52:13.664 W/CROP    ( 1803): SrcWin3: x,y,w,h=493,30,3840,2160
08-16 14:52:13.664 W/CROP    ( 1803): CropWin3: x,y,w,h=0,0,1280,720
08-16 14:52:13.664 W/CROP    ( 1803): DispWin3: x,y,w,h=0,0,1920,1080
08-16 14:52:13.664 W/CROP    ( 1803): SrcWin5[Win=0]: x,y,w,h=493,30,3840,2160
08-16 14:52:13.664 W/CROP    ( 1803): CropWin5: x,y,w,h=0,0,1280,720
08-16 14:52:13.664 W/CROP    ( 1803): DispWin5: x,y,w,h=0,0,1920,1080
08-16 14:52:13.664 W/XCPERF  ( 1803): Start of XC SetWindow [513200132]
08-16 14:52:13.665 I/cdelog  ( 3380): core::supernode::HttpDownloader(527)::[collector::report]Start download method(POST), range(), server(s.webp2p.cp21.ott.cibntv.net:80), channel(), proxy(disabled), 1 addtional header(s) ...
08-16 14:52:13.665 D/VideoSetService( 1803): AsyncProcThread :: post evetn : 2
08-16 14:52:13.666 I/cdelog  ( 3380): core::supernode::HttpDownloader(532)::[collector::report]Request url(http://s.webp2p.cp21.ott.cibntv.net/act/cde?act=soc)
08-16 14:52:13.666 W/XCPERF  ( 1803): End of XC SetWindow [513200134]
08-16 14:52:13.667 W/3D      ( 1803): [EnablePWMSimulateLRToggle:10816] enable: 0, Period: 0, Duty: 0, ShiftValue: 0
08-16 14:52:13.667 W/3D      ( 1803): [EnablePWMSimulateLRToggle:10817] freq * 100: 5000
08-16 14:52:13.667 W/XCPERF  ( 1803): Start of XC SetPanelTiming [513200134]
08-16 14:52:13.669 I/tvos    ( 1764): =============Enter SetVideoMute =======>
08-16 14:52:13.669 I/tvos    ( 1764): =============[37m[INFO] Change to Voltage: 1130 mV (0x2C)[m
08-16 14:52:13.669 I/tvos    ( 1764): === open 3D OverScan ===
08-16 14:52:13.669 I/tvos    ( 1764): [Load PQ] Panel index=0, Source index=149
08-16 14:52:13.669 I/tvos    ( 1764):  dirk=MDrv_PQ_GetBPPInfoFromMADi 48 5645
08-16 14:52:13.669 I/tvos    ( 1764):  dirk=MDrv_PQ_GetBPPInfoFromMADi _u8PQDelayCount=2 6441
08-16 14:52:13.669 I/tvos    ( 1764): [WARNING]Post Event 2 but not registered, ignored!!!
08-16 14:52:13.672 I/cdelog  ( 3380): logic::base::Channel(967)::[live] get next stable(address(* 211.154.226.238:80), speed(2990454), last segment id(1500257581), count(13/0/0/1);) for channel(70f8798d72ff0ac99462999af2ba7c5d)
08-16 14:52:13.677 W/ContextImpl( 2837): Calling a method in the system process without a qualified user: android.app.ContextImpl.startService:1224 android.content.ContextWrapper.startService:581 android.content.ContextWrapper.startService:581 com.stv.reportlog.channel.stargazer.receiver.StargazerCustomReceiver.onReceive:18 android.app.ActivityThread.handleReceiver:2730 
08-16 14:52:13.681 I/SpoPlayer( 3007): [38] audioSessionId [847]
08-16 14:52:13.684 I/cdelog  ( 3380): core::supernode::HttpDownloader(711)::[collector::report]Download OK : , channel(), url(http://s.webp2p.cp21.ott.cibntv.net/act/cde?act=soc), server(123.125.36.224:80), name(nginx/1.8.0), response code(200), version(HTTP/1.1), details(OK), data(0/0 Bytes), transfer(normal), encoding(), resolved time(10 ms), connected time(3 ms), responsed time(1 ms), total used time(17 ms), transfered time(16 ms), speed(10297 Byte/s), bytes(173), 0 alive times
08-16 14:52:13.688 I/cdelog  ( 3380): tools::collector::ReportClient(109)::Send report(), 2 pending item(s) to url(http://s.webp2p.cp21.ott.cibntv.net/peer/query?str={"arealevel1":"CN","arealevel2":"1","arealevel3":"5","ckey":"E9A02811C6AF370AF8E65DE6CCEFD2CAver_00_221.3m3u8_12272000","did":"74da97e8e680ec7ed8230e1139727a1a","expect":"50","format":"1","inip":"10.58.80.199","ispId":"666","neighbors":"0","networkType":"1","op":"3","pid":"33-9d0c649e160a2229097011585b751f1d-1443-1443","pos":"1534402218","provider":"0","sentRatio":"0","termid":"2","transferProp":"3","ulMark":"-1","ulSpeed":"0","ver":"liv.CDE-1.1.17"})
08-16 14:52:13.689 I/cdelog  ( 3380): core::supernode::HttpDownloader(527)::[collector::report]Start download method(GET), range(), server(s.webp2p.cp21.ott.cibntv.net:80), channel(), proxy(disabled), 0 addtional header(s) ...
08-16 14:52:13.690 I/cdelog  ( 3380): core::supernode::HttpDownloader(532)::[collector::report]Request url(http://s.webp2p.cp21.ott.cibntv.net/peer/query?str={"arealevel1":"CN","arealevel2":"1","arealevel3":"5","ckey":"E9A02811C6AF370AF8E65DE6CCEFD2CAver_00_221.3m3u8_12272000","did":"74da97e8e680ec7ed8230e1139727a1a","expect":"50","format":"1","inip":"10.58.80.199","ispId":"666","neighbors":"0","networkType":"1","op":"3","pid":"33-9d0c649e160a2229097011585b751f1d-1443-1443","pos":"1534402218","provider":"0","sentRatio":"0","termid":"2","transferProp":"3","ulMark":"-1","ulSpeed":"0","ver":"liv.CDE-1.1.17"})
08-16 14:52:13.691 I/LetvHttp( 3007): responseCode = 200; baseUrl = http://dc.cp21.ott.cibntv.net/pl/?vt=flv_720p&ch=letv&source=unknown&install_id=372990f9fdcb454a9b2c51d84a2891c8&pv=4.2.0.050&uuid=B01BD2542D511534402334376_0&prl=0&wmac=unknown&stime=1534402335290&ipt=0&auid=B01BD2542D51&app_name=superlive&joint=0&p2=20&nt=wired&lid=2282&caid=unknown&ref=10&p3=20_tvlive_cibn&cdev=unknown&serialno=b01bd2542d51&pcode=01001001000&ac=play&pay=0&py=replaytype%3D3%26totaltime%3D926&android_id=1254cf6fa1a90f9a&st=lb_zczb5&vid=unknown&p1=2&ty=2&mac=B01BD2542D51&cid=category_id_all&ctime=1534402335290&app=4.2.0.050&owner=1&apprunid=B01BD2542D51_1533889159020&pt=unknown&ilu=0&uid=1754045746&r=195153307657&ver=2.0
08-16 14:52:13.691 I/cdelog  ( 3380): core::entrance::HlsServer(2063)::Send end of piece(s) to player OK for channel(70f8798d72ff0ac99462999af2ba7c5d), segment id(1500257581), size(1909328) piece index(13/13)
08-16 14:52:13.692 I/LetvHttp( 3007): lastModified = null
08-16 14:52:13.693 I/LetvHttp( 3007): LetvHttpClient after dataHull.lastModified: null
08-16 14:52:13.693 I/LetvHttp( 3007): LetvHttpAsyncRequest after dataHull.lastModified = null
08-16 14:52:13.694 I/cdelog  ( 3380): logic::base::Channel(1457)::[live]segment(1500257581/13) download finish for channel(70f8798d72ff0ac99462999af2ba7c5d)
08-16 14:52:13.700 I/cdelog  ( 3380): core::supernode::HttpDownloader(669)::[cdn::range-data]Download OK: , channel(70f8798d72ff0ac99462999af2ba7c5d:0-1500257581-29300-()), url(http://211.154.226.238/lb.videocache.lecloud.com/262/33/7/letv-uts/14/ver_00_22-1103918976-avc-1492376-aac-96000-2587960-517777794-2f79e80e65d05db0d9646866f25740b0-1496228923795_mp4/ver_00_22_219_602_3_1909328_451997684_0.ts?stream_id=lb_zczb5_1800&amltag=99&mltag=99&platid=10&splatid=1060704002&qos=3&fcheck=0&lsbv=2fn&uid=1754045746&keyitem=iDipdd1vuVFcNrewScXV_qA9anmyuuMxAiFPNbvcYujMEdbjduvlnqfflyUxsCMm&ntm=1534420800&nkey2=0a4aae13ef90c09268502310bd5729b1&nkey=e88c3467442d294471079d8451d060c4&auth_key=1534420800-2-0-10-1060704002-lb_zczb5_1800-d4f25805a80d15d085e35e0897f682d0&tag=live&video_type=m3u8&useloc=0&mslice=5&ffgname=streamGroup_323&ver=live_3&uidx=0&errc=0&gn=3001&ndtype=0&lrtmcd=104&buss=99&cips=10.58.80.199&geo=CN-1-5-666&tmn=1534402332&pnl=3001,3001,3334,497&ext=m3u8&sign=live_tv&playid=1&termid=2&pay=0&tm=1534402633&ostype=andriod&hwtype=un&app_name=tvliv
08-16 14:52:13.701 I/cdelog  ( 3380): core::supernode::HttpDownloader(684)::[cdn::range-data]Response channel(70f8798d72ff0ac99462999af2ba7c5d:0-1500257581-29300-()), server(211.154.226.238:80), name(nginx/1.12.0), response code(200), version(HTTP/1.1), details(OK), data(1909328/1909328 Bytes), transfer(normal), encoding(), resolved time(97 ms), connected time(1 ms), responsed time(56 ms), total used time(642 ms), transfered time(637 ms), speed(2996405 Byte/s), bytes(1909864), 0 alive times
08-16 14:52:13.702 I/cdelog  ( 3380): protocol::cdn::Session(775)::[live]Segment(1500257581) 13 range(s) data complete, piece used(13), code(200), url(http://211.154.226.238/lb.videocache.lecloud.com/262/33/7/letv-uts/14/ver_00_22-1103918976-avc-1492376-aac-96000-2587960-517777794-2f79e80e65d05db0d9646866f25740b0-1496228923795_mp4/ver_00_22_219_602_3_1909328_451997684_0.ts?stream_id=lb_zczb5_1800&amltag=99&mltag=99&platid=10&splatid=1060704002&qos=3&fcheck=0&lsbv=2fn&uid=1754045746&keyitem=iDipdd1vuVFcNrewScXV_qA9anmyuuMxAiFPNbvcYujMEdbjduvlnqfflyUxsCMm&ntm=1534420800&nkey2=0a4aae13ef90c09268502310bd5729b1&nkey=e88c3467442d294471079d8451d060c4&auth_key=1534420800-2-0-10-1060704002-lb_zczb5_1800-d4f25805a80d15d085e35e0897f682d0&tag=live&video_type=m3u8&useloc=0&mslice=5&ffgname=streamGroup_323&ver=live_3&uidx=0&errc=0&gn=3001&ndtype=0&lrtmcd=104&buss=99&cips=10.58.80.199&geo=CN-1-5-666&tmn=1534402332&pnl=3001,3001,3334,497&ext=m3u8&sign=live_tv&playid=1&termid=2&pay=0&tm=1534402633&ostype=andriod&hwtype=un&app_name=tvlive&app_ver=4.2.0.050&devid=
08-16 14:52:13.704 I/Feature_Program( 3007): createProgramController channelInfo is  channelId = 2282 channelName = 欢乐颂 numberKeys = 33 type = 3 playType = 0 spuNo = null isCurNull = false
08-16 14:52:13.705 I/cdelog  ( 3380): core::supernode::HttpDownloader(489)::[cdn::range-data]Keep-alive Start request url(http://211.154.226.238/lb.videocache.lecloud.com/262/33/7/letv-uts/14/ver_00_22-1103918976-avc-1492376-aac-96000-2587960-517777794-2f79e80e65d05db0d9646866f25740b0-1496228923795_mp4/ver_00_22_220_605_3_2163316_453907012_0.ts?stream_id=lb_zczb5_1800&amltag=99&mltag=99&platid=10&splatid=1060704002&qos=3&fcheck=0&lsbv=2fn&uid=1754045746&keyitem=iDipdd1vuVFcNrewScXV_qA9anmyuuMxAiFPNbvcYujMEdbjduvlnqfflyUxsCMm&ntm=1534420800&nkey2=0a4aae13ef90c09268502310bd5729b1&nkey=e88c3467442d294471079d8451d060c4&auth_key=1534420800-2-0-10-1060704002-lb_zczb5_1800-d4f25805a80d15d085e35e0897f682d0&tag=live&video_type=m3u8&useloc=0&mslice=5&ffgname=streamGroup_323&ver=live_3&uidx=0&errc=0&gn=3001&ndtype=0&lrtmcd=104&buss=99&cips=10.58.80.199&geo=CN-1-5-666&tmn=1534402332&pnl=3001,3001,3334,497&ext=m3u8&sign=live_tv&playid=1&termid=2&pay=0&tm=1534402633&ostype=andriod&hwtype=un&app_name=tvlive&app_ver=4.2.0.050&devid=macB01BD2542D51&uuid=B01BD254
08-16 14:52:13.707 I/cdelog  ( 3380): core::supernode::HttpServer(137)::close connection(127.0.0.1:33337), url(/play/slices/1500257581.ts)
08-16 14:52:13.708 I/cdelog  ( 3380): logic::base::Channel(967)::[live] get next stable(address(* 211.154.226.238:80), speed(2996405), last segment id(1500257582), count(27/0/0/14);) for channel(70f8798d72ff0ac99462999af2ba7c5d)
08-16 14:52:13.714 I/cdelog  ( 3380): core::supernode::HttpDownloader(711)::[collector::report]Download OK : , channel(), url(http://s.webp2p.cp21.ott.cibntv.net/peer/query?str={"arealevel1":"CN","arealevel2":"1","arealevel3":"5","ckey":"E9A02811C6AF370AF8E65DE6CCEFD2CAver_00_221.3m3u8_12272000","did":"74da97e8e680ec7ed8230e1139727a1a","expect":"50","format":"1","inip":"10.58.80.199","ispId":"666","neighbors":"0","networkType":"1","op":"3","pid":"33-9d0c649e160a2229097011585b751f1d-1443-1443","pos":"1534402218","provider":"0","sentRatio":"0","termid":"2","transferProp":"3","ulMark":"-1","ulSpeed":"0","ver":"liv.CDE-1.1.17"}), server(123.125.36.224:80), name(nginx/1.8.0), response code(502), version(HTTP/1.1), details(Bad Gateway), data(0/0 Bytes), transfer(normal), encoding(), resolved time(19 ms), connected time(2 ms), responsed time(2 ms), total used time(24 ms), transfered time(24 ms), speed(7503 Byte/s), bytes(182), 0 alive times
08-16 14:52:13.715 I/cdelog  ( 3380): tools::collector::ReportClient(109)::Send report(), 1 pending item(s) to url(http://s.webp2p.cp21.ott.cibntv.net/peer/query?str={"arealevel1":"CN","arealevel2":"1","arealevel3":"5","expect":"50","groupId":"E9A02811C6AF370AF8E65DE6CCEFD2CAver_00_221.3m3u8_12272000","ispId":"666","module":"cde","neighbors":"0","networkType":"1","peerId":"c462c44010d2e902c0ea2cfd495a972d81d34671457af1061cfbb911cf3b6b91","pos":"1534402218","provider":"0","query":"1","rtmfpId":"123.125.38.149:8124","sentRatio":"0","tid":"2","transferProp":"3","ulMark":"-1","ulSpeed":"0","ver":"liv.CDE-1.1.17"})
08-16 14:52:13.716 I/cdelog  ( 3380): core::supernode::HttpDownloader(527)::[collector::report]Start download method(GET), range(), server(s.webp2p.cp21.ott.cibntv.net:80), channel(), proxy(disabled), 0 addtional header(s) ...
08-16 14:52:13.720 I/cdelog  ( 3380): core::supernode::HttpDownloader(532)::[collector::report]Request url(http://s.webp2p.cp21.ott.cibntv.net/peer/query?str={"arealevel1":"CN","arealevel2":"1","arealevel3":"5","expect":"50","groupId":"E9A02811C6AF370AF8E65DE6CCEFD2CAver_00_221.3m3u8_12272000","ispId":"666","module":"cde","neighbors":"0","networkType":"1","peerId":"c462c44010d2e902c0ea2cfd495a972d81d34671457af1061cfbb911cf3b6b91","pos":"1534402218","provider":"0","query":"1","rtmfpId":"123.125.38.149:8124","sentRatio":"0","tid":"2","transferProp":"3","ulMark":"-1","ulSpeed":"0","ver":"liv.CDE-1.1.17"})
08-16 14:52:13.722 I/StvLogReport( 2837): StargazerReportTask, {"seq":779,"devid":"X440M-b01bd2542d51-","mac":"b01bd2542d51","uid":"1754045746","clientVersion":"6.5.307D_0801","model":"X440M","time":1534402333,"app":"LIVE","signalType":"直播","status":"播放","channleName":"欢乐颂","channelType":"全部","channelId":"2282","videoAid":"null","videoVid":"null"}
08-16 14:52:13.729 I/cdelog  ( 3380): core::supernode::HttpDownloader(711)::[collector::report]Download OK : , channel(), url(http://s.webp2p.cp21.ott.cibntv.net/peer/query?str={"arealevel1":"CN","arealevel2":"1","arealevel3":"5","expect":"50","groupId":"E9A02811C6AF370AF8E65DE6CCEFD2CAver_00_221.3m3u8_12272000","ispId":"666","module":"cde","neighbors":"0","networkType":"1","peerId":"c462c44010d2e902c0ea2cfd495a972d81d34671457af1061cfbb911cf3b6b91","pos":"1534402218","provider":"0","query":"1","rtmfpId":"123.125.38.149:8124","sentRatio":"0","tid":"2","transferProp":"3","ulMark":"-1","ulSpeed":"0","ver":"liv.CDE-1.1.17"}), server(123.125.36.224:80), name(nginx/1.8.0), response code(502), version(HTTP/1.1), details(Bad Gateway), data(0/0 Bytes), transfer(normal), encoding(), resolved time(8 ms), connected time(2 ms), responsed time(2 ms), total used time(13 ms), transfered time(13 ms), speed(13903 Byte/s), bytes(182), 0 alive times
08-16 14:52:13.731 I/StvLogReport( 2837): StargazerReportTask, reponse1 : {"status":"OK","statusCode":200,"message":"succeefully"}
08-16 14:52:13.751 I/Feature_Program_NewStyleProgramController( 3007): deal channel info action
08-16 14:52:13.751 I/Feature_Program_NewStyleProgramController( 3007): clear
08-16 14:52:13.751 I/Feature_Program_NewStyleProgramController( 3007): updateCurrentShowData
08-16 14:52:13.751 I/Feature_Program_ProgramControllerView( 3007): notifyDataChanged mSlideDownState false
08-16 14:52:13.751 I/Feature_Program_ProgramControllerView( 3007): update program list data , the list adapter size is 0
08-16 14:52:13.751 I/Feature_Program_ProgramControllerView( 3007): isViewShow false isShowLoading false
08-16 14:52:13.751 I/Feature_Seek_PlayActionManager( 3007): mPlayProgramList is empty
08-16 14:52:13.751 I/Feature_Program_ProgramControllerView( 3007): reset
08-16 14:52:13.751 I/Feature_Program_ProgramControllerView( 3007): hide view false
08-16 14:52:13.751 I/Feature_Seek_PlayActionManager( 3007): mPlayProgramList is empty
08-16 14:52:13.751 I/Feature_Program_ProgramListDataDealController( 3007): check and deal channel changed now is 欢乐颂
08-16 14:52:13.751 I/Feature_Program_ProgramListDataDealController( 3007): the before channel is null now is 欢乐颂
08-16 14:52:13.751 I/Feature_Program_ProgramListDataDealController( 3007): cancel recently program request
08-16 14:52:13.751 I/PlayerUtil( 3007): [isPlayAsPlayListChannel] channelInfo is null
08-16 14:52:13.752 I/tvos    ( 1764): [37m[INFO] Change to Voltage: 1150 mV (0x22)[m
08-16 14:52:13.752 I/tvos    ( 1764): [37m[INFO] Change to Voltage: 1150 mV (0x25)[m
08-16 14:52:13.752 I/tvos    ( 1764): [37m[INFO] Change to Voltage: 1150 mV (0x28)[m
08-16 14:52:13.753 I/tvos    ( 1764): [37m[INFO] Change to Voltage: 1150 mV (0x2B)[m
08-16 14:52:13.754 I/tvos    ( 1764): [37m[INFO] Change to Voltage: 1150 mV (0x2E)[m
08-16 14:52:13.754 I/tvos    ( 1764): [37m[INFO] Change to Voltage: 1150 mV (0x2E)[m
08-16 14:52:13.760 W/XCPERF  ( 1803): End of XC SetPanelTiming [513200227]
08-16 14:52:13.760 W/XCPERF  ( 1803): Start of FD_MASK [513200228]
08-16 14:52:13.760 W/XCPERF  ( 1803): End of FD_MASK [513200228]
08-16 14:52:13.760 W/XCPERF  ( 1803): Start of PQ [513200228]
08-16 14:52:13.766 E/LetvRemoteupgradeManager-JNI( 2613): can't get LetvManager service!
08-16 14:52:13.769 I/tvos    ( 1764): SetPictureOn [line:1256] SetInputSource eInputType =34
08-16 14:52:13.769 I/tvos    ( 1764): BW Window:0, PQSource:9, Hsize:3840, Vsize: 2160, interlace:0, Vfreq=500
08-16 14:52:13.769 I/tvos    ( 1764): Read Bandwidthtable.bin
08-16 14:52:13.769 I/tvos    ( 1764): [Load UFSC PQ] Source index=9
08-16 14:52:13.769 I/tvos    ( 1764):  Is This machine support new pq func :1 
08-16 14:52:13.769 I/tvos    ( 1764):  Is This machine unique or X5 :0 
08-16 14:52:13.769 I/tvos    ( 1764):  Is This machine unique or X5 :0 
08-16 14:52:13.769 I/tvos    ( 1764):  IsSwdrFuncSupported,5721, :0 
08-16 14:52:13.769 I/tvos    ( 1764):  Current Src:34, Pic.mode:1, enColorTemp:1, Backlight:100,Brightness:50,Contrast:50,           Sharpness:50,Color:50, Hue:50,NR:3,Lightsensor:0,eAdaptiveContrast:3,           eAutoBacklight:1,eMFC:3,eXvYCC:0,u8DLCCurve:0,u8SdrToHdr:0 
08-16 14:52:13.769 I/tvos    ( 1764): [york]SwitchDLCCurve(3)
08-16 14:52:13.772 I/cdelog  ( 3380): core::storage::MemoryBucket(375)::new and open block when get block (channel://70f8798d72ff0ac99462999af2ba7c5d/1500257582)
08-16 14:52:13.773 I/cdelog  ( 3380): logic::base::Channel(967)::[live] get next stable(address(* 211.154.226.238:80), speed(2996405), last segment id(1500257582), count(27/0/0/13);) for channel(70f8798d72ff0ac99462999af2ba7c5d)
08-16 14:52:13.776 I/tvos    ( 1764): get machine type is:0 
08-16 14:52:13.776 I/tvos    ( 1764): get machine type is:0 
08-16 14:52:13.776 I/tvos    ( 1764): get machine type is:0 
08-16 14:52:13.776 I/tvos    ( 1764): @@@MSrv_System_Database::GetVideoSetting
08-16 14:52:13.776 I/tvos    ( 1764): @@@MSrv_System_Database::GetVideoSetting
08-16 14:52:13.777 I/tvos    ( 1764): @@@MSrv_System_Database::GetVideoSettingget machine type is:0 
08-16 14:52:13.777 I/tvos    ( 1764): [SetBacklight] backlight value 100
08-16 14:52:13.777 I/tvos    ( 1764): get machine type is:0 
08-16 14:52:13.777 I/tvos    ( 1764): Go pql pwm 100 !!!!!
08-16 14:52:13.777 I/tvos    ( 1764): get machine type is:0 
08-16 14:52:13.779 I/ChannelInfoViewControl( 3007): onFetchEmpty
08-16 14:52:13.779 I/ChannelInfoViewControl( 3007): hideChannelInfoAdView
08-16 14:52:13.780 I/tvos    ( 1764): @@@MSrv_System_Database::GetVideoSetting
08-16 14:52:13.782 W/VIDEO   ( 1803): [setSwdrLevel:12664][SWDR] SWDR OFF u16DreIndex=0 u16SwdrIndex=0 bForceDisable=0 m_bEnablePCmode=0
08-16 14:52:13.782 W/VIDEO   ( 1803): [setSwdrLevel:12693][SWDR] u16DreIndex=0 u16SwdrIndex=0 bForceDisable=0 m_bEnablePCmode=0 bApplySetting=1bDRE_En=0 bDRE_SWDR_En=0 u32Version=0 u16Length=0 u16NumofData=0 eWindow=0
08-16 14:52:13.782 W/VIDEO   ( 1803): 
08-16 14:52:13.782 W/VIDEO   ( 1803):  applySwdrSetting 12791 bDLCStatus:1 ,bDRE_En=1, bDRE_SWDR_En=0 
08-16 14:52:13.782 I/tvos    ( 1764): @@@MSrv_System_Database::GetVideoSettingenPQMNRType is 3
08-16 14:52:13.782 I/tvos    ( 1764):  Is This machine unique or X5 :0 
08-16 14:52:13.790 I/tvos    ( 1764):  tvos this machine do not support swdr,u8Reserve1:0 
08-16 14:52:13.790 I/tvos    ( 1764): get machine type is:0 
08-16 14:52:13.790 I/tvos    ( 1764): get machine type is:0 
08-16 14:52:13.790 I/tvos    ( 1764):  ---  Set_xvYCC_Mode is 2 
08-16 14:52:13.790 I/tvos    ( 1764): SetCustomer, 2915, bIsHdrVideo:0
08-16 14:52:13.790 I/tvos    ( 1764): (_MDrv_PQ_SetGRuleStatus, 7023)GRuleType(10) is bigger than STD PQ's(10), so consider it as CUSTOMER PQ's GRule Type
08-16 14:52:13.790 W/XCPERF  ( 1803): End of PQ [513200257]
08-16 14:52:13.790 W/XCPERF  ( 1803): End of SetWindow [513200257]
08-16 14:52:13.790 I/tvos    ( 1764): (_MDrv_PQ_SetGRuleStatus, 7023)GRuleType(10) is bigger than STD PQ's(10), so consider it as CUSTOMER PQ's GRule Type
08-16 14:52:13.790 I/tvos    ( 1764): mapi_video_base::FireCfd 34 
08-16 14:52:13.791 W/VIDEO   ( 1803): 
08-16 14:52:13.791 W/VIDEO   ( 1803):  applySwdrSetting 12791 bDLCStatus:1 ,bDRE_En=1, bDRE_SWDR_En=0 
08-16 14:52:13.794 E/PictureManagerService( 1803): EV_EVENT_VIDEO_STATUS, wParam is 0,  lParam is 0.
08-16 14:52:13.794 E/PictureManager_JNI( 2881): notifyCB event = -1610613699
08-16 14:52:13.794 I/tvos    ( 1764): Send NOTIFY_CALLBACK
08-16 14:52:13.794 I/tvos    ( 1764): Send NOTIFY_CALLBACK
08-16 14:52:13.794 I/tvos    ( 1764): GetAudioOutputDevice, retval : 0
08-16 14:52:13.795 E/PictureManager_JNI( 2720): notifyCB event = -1610613699
08-16 14:52:13.795 I/tvos    ( 1764): Send NOTIFY_CALLBACK
08-16 14:52:13.796 E/com.mstar.android.tvapi.common.PictureManager.EventHandler( 2720): [PIC]video status change to :0
08-16 14:52:13.797 E/com.mstar.android.tvapi.common.PictureManager.EventHandler( 2881): [PIC]video status change to :0
08-16 14:52:13.798 E/ReflectionUtils( 3007): callADObjectMethod class=class com.letv.adsdk.AdSDKManager   methodName=getAD
08-16 14:52:13.798 E/AdSDKManager( 3007): getAD initComplete=true
08-16 14:52:13.798 E/AdSDKManager( 3007): getAD parameters=sid:lb_zczb5_1800,token:103XXXWLm5iFfp7oHVCl5Nm5QniTYMwRr1riQV7kzFHb0cKblm5JnT7VZ62yLz6NiwchqILK4Vglv7ZN0oREFxfOiiJUsxPtqnon9LQtCfSYWPGD5q0Qm4,codeRage:flv_720p,streamURL:http://live.g3proxy.cp21.ott.cibntv.net/gslb?stream_id=lb_zczb5_1800&tag=live&ext=m3u8&sign=live_tv,uuid:B01BD2542D511534402334376_0,adInfoType:15,startTime:0,adZoneType:7,isVIP:0,isTryLook:null,adReqType:1,
08-16 14:52:13.798 E/AdSDKManager( 3007): getAD11 adZoneTypeStr:7
08-16 14:52:13.798 E/AdSDKManager( 3007): getAD ctStr:7,arkKey:c_l
08-16 14:52:13.798 E/AdSDKManager( 3007):  ad getCacheAdInfo=true
08-16 14:52:13.798 E/ads     ( 3007): adSdkReq ArkJniApi
08-16 14:52:13.798 D/VideoSetService( 1803): u32DS_Info_BaseAddr = 0x21481000
08-16 14:52:13.798 D/VideoSetService( 1803): u8MIU_Select = 0x0
08-16 14:52:13.798 D/VideoSetService( 1803): u8DS_Index_Depth = 0x20
08-16 14:52:13.799 I/tvos    ( 1764): Send NOTIFY_CALLBACK
08-16 14:52:13.799 I/tvos    ( 1764): MSrv_Picture::On, enAssignedInputSrc = 44
08-16 14:52:13.799 I/tvos    ( 1764):  ******** MSrv_Picture::On  Skip *********** 
08-16 14:52:13.799 I/tvos    ( 1764): [SetSPDIFDelay], MUTE_Flag sora 0
08-16 14:52:13.799 E/PictureManager_JNI( 7791): notifyCB event = -1610613699
08-16 14:52:13.799 E/PictureManager_JNI( 4876): notifyCB event = -1610613699
08-16 14:52:13.799 I/tvos    ( 1764): Send NOTIFY_CALLBACK
08-16 14:52:13.804 E/com.mstar.android.tvapi.common.PictureManager.EventHandler( 4876): [PIC]video status change to :0
08-16 14:52:13.804 E/com.mstar.android.tvapi.common.PictureManager.EventHandler( 7791): [PIC]video status change to :0
08-16 14:52:13.805 I/cdelog  ( 3380): logic::base::Channel(967)::[live] get next stable(address(* 211.154.226.238:80), speed(1997474), last segment id(1500257582), count(27/0/0/12);) for channel(70f8798d72ff0ac99462999af2ba7c5d)
08-16 14:52:13.815 I/tvos    ( 1764):  Auto adjust audio delay [PQ] MADI: Frc delay = 80, XC delay = 60, u16FrameDelay = 140 !!!
08-16 14:52:13.815 I/tvos    ( 1764): [0;31m[VIDEO][DEBUG] GetVideoDelay:3478: [0m
08-16 14:52:13.815 I/tvos    ( 1764): [0;32;31m Auto adjust audio delay Current Info:u32PQDelayTime = 140,u32UrsaVideoDelay = 0[0m
08-16 14:52:13.815 I/tvos    ( 1764): [0;31m[VIDEO][DEBUG] GetVideoDelay:3479: [0m
08-16 14:52:13.815 I/tvos    ( 1764): [0;32;31m Auto adjust audio delay u32AllVideoDelay = 140[0m
08-16 14:52:13.815 I/tvos    ( 1764): 	---[mpai_audio.cpp]SetSPDIFDelay():
08-16 14:52:13.815 I/tvos    ( 1764): [0;32;31m u16AudioDelayUpperBound:700 u16AudioDelayLowerBound:0 s32AudioDelay=140[0m
08-16 14:52:13.815 I/tvos    ( 1764): [LETV_OUT]::letv save audio delay spdif 140 for restore it
08-16 14:52:13.815 I/tvos    ( 1764): GetAudioOutputDevice, retval : 0
08-16 14:52:13.815 I/tvos    ( 1764): [LETV_OUT]::audio output device is 0
08-16 14:52:13.815 I/tvos    ( 1764): 	---[mpai_audio.cpp]SetSPDIFDelay():
08-16 14:52:13.815 I/tvos    ( 1764): [0;32;31m Auto adjust audio delay spdif Current Info:delay =0,u32VideoDelay=140,m_s16SPDIFDelayOffset:0, u32AudioSystemDelay = 0, s32AudioDelay=140 s32ARCPCMDelay=0[0m
08-16 14:52:13.842 I/AppPlugin( 3007): AppFragment -- handlerData isRefreshedUI = true isCanUpdate() = false isCanInit() = false
08-16 14:52:13.847 I/WaterMarkControl( 3007): stopProcedure
08-16 14:52:13.847 I/WaterMarkControl( 3007): stopPlayWaterMark
08-16 14:52:13.847 I/WaterMarkControl( 3007): initProcedure
08-16 14:52:13.847 E/WaterMarkControl( 3007): initProcedure --- data error from SERVER, waterMarks have no data
08-16 14:52:13.847 I/cdelog  ( 3380): logic::base::Channel(967)::[live] get next stable(address(* 211.154.226.238:80), speed(2802762), last segment id(1500257582), count(27/0/0/11);) for channel(70f8798d72ff0ac99462999af2ba7c5d)
08-16 14:52:13.849 E/LETV_DEVICE( 1780): no name sn for Mstar
08-16 14:52:13.856 I/tvos    ( 1764): [37m[INFO] Change to Voltage: 1030 mV (0x2E)[m
08-16 14:52:13.856 I/tvos    ( 1764): [37m[INFO] Change to Voltage: 1030 mV (0x2B)[m
08-16 14:52:13.856 I/tvos    ( 1764): [37m[INFO] Change to Voltage: 1030 mV (0x28)[m
08-16 14:52:13.856 I/tvos    ( 1764): [37m[INFO] Change to Voltage: 1030 mV (0x25)[m
08-16 14:52:13.856 I/tvos    ( 1764): [37m[INFO] Change to Voltage: 1030 mV (0x22)[m
08-16 14:52:13.857 I/tvos    ( 1764): [37m[INFO] Change to Voltage: 1030 mV (0x22)[m
08-16 14:52:13.858 E/ActivityThread( 2837): Failed to find provider info for com.letv.agnes.InfoProvider
08-16 14:52:13.858 I/LetvManager-LogReport( 1780): [send_msg] line: 490 report url = http://log.hdtv.cp21.ott.cibntv.net:80/api/log/tvAction
08-16 14:52:13.862 E/LETV_DEVICE( 1780): no name sn for Mstar
08-16 14:52:13.862 E/ActivityThread( 2837): Failed to find provider info for com.letv.agnes.InfoProvider
08-16 14:52:13.864 W/System.err( 2837): java.lang.IllegalArgumentException: Unknown URL content://com.letv.agnes.InfoProvider
08-16 14:52:13.864 W/System.err( 2837): 	at android.content.ContentResolver.insert(ContentResolver.java:1227)
08-16 14:52:13.864 W/System.err( 2837): 	at com.letv.tracker2.agnes.Configuration.addDebugInfo(Configuration.java:289)
08-16 14:52:13.864 W/System.err( 2837): 	at com.letv.tracker2.agnes.MessageProcessor$SendEnvMsgTr$1.handleMessage(MessageProcessor.java:661)
08-16 14:52:13.864 W/System.err( 2837): 	at android.os.Handler.dispatchMessage(Handler.java:102)
08-16 14:52:13.865 I/[T1.0.6.3]EuiAgnes_Server( 2837): resCode:1
08-16 14:52:13.865 I/[T1.0.6.3]EuiAgnes_Server( 2837): b[0]:0
08-16 14:52:13.865 W/System.err( 2837): 	at android.os.Looper.loop(Looper.java:148)
08-16 14:52:13.865 W/System.err( 2837): 	at com.letv.tracker2.agnes.MessageProcessor$SendEnvMsgTr.run(MessageProcessor.java:665)
08-16 14:52:13.875 I/ProgramTipControl( 3007):  ==  ==   == ProgramTip Ad onFetchEmpty==  ==  ==  ==  ==  ==  ==  == =
08-16 14:52:13.880 I/cdelog  ( 3380): logic::base::Channel(967)::[live] get next stable(address(* 211.154.226.238:80), speed(3331671), last segment id(1500257582), count(27/0/0/10);) for channel(70f8798d72ff0ac99462999af2ba7c5d)
08-16 14:52:13.896 I/cdelog  ( 3380): logic::base::Channel(967)::[live] get next stable(address(* 211.154.226.238:80), speed(3635138), last segment id(1500257582), count(27/0/0/9);) for channel(70f8798d72ff0ac99462999af2ba7c5d)
08-16 14:52:13.896 D/VideoSetService( 1803): u32DSAddr = 0x21481000, u32DSSize = 0x0, u32XCAddr = 0x21abe398
08-16 14:52:13.896 E/VIDEO   ( 1803): This API will be removed in next version, please reduce use it. thanks!!
08-16 14:52:13.896 E/VIDEO   ( 1803): enable:0, u16VideoUnMuteTime: 50 
08-16 14:52:13.896 W/VIDEO   ( 1803): WaitFrameWrite2XC will modify from 0 to 50
08-16 14:52:13.896 W/VIDEO   ( 1803): [36m Mute Engine is 0, engine is 0 [m
08-16 14:52:13.896 W/VIDEO   ( 1803): bEnable: 0, getMuteFlag(engine, eWin): 1, 
08-16 14:52:13.897 W/VIDEO   ( 1803): BACKEND engine is 0
08-16 14:52:13.897 W/VIDEO   ( 1803): BACKEND engine video only is 0
08-16 14:52:13.897 W/VIDEO   ( 1803): SOC engine is 0
08-16 14:52:13.897 W/VIDEO   ( 1803): XC engine (MAIN) is 1
08-16 14:52:13.897 W/VIDEO   ( 1803): XC engine (SUB) is 1
08-16 14:52:13.897 W/VIDEO   ( 1803): Lock Mute Status => 
08-16 14:52:13.897 W/VIDEO   ( 1803): Lock Status: APP:LOCK, RESERVE_1:UNLOCK, RESERVE_2:UNLOCK, RESERVE_3:UNLOCK
08-16 14:52:13.897 W/VIDEO   ( 1803): enScalerWinType: MAIN, isLock: 1
08-16 14:52:13.897 W/VIDEO   ( 1803): Lock Status: APP:UNLOCK, RESERVE_1:UNLOCK, RESERVE_2:UNLOCK, RESERVE_3:UNLOCK
08-16 14:52:13.897 W/VIDEO   ( 1803): enScalerWinType: SUB, isLock: 0
08-16 14:52:13.897 W/VIDEO   ( 1803): ==== Decrease After ====
08-16 14:52:13.897 W/VIDEO   ( 1803): BACKEND engine is 0
08-16 14:52:13.897 W/VIDEO   ( 1803): BACKEND engine video only is 0
08-16 14:52:13.897 W/VIDEO   ( 1803): SOC engine is 0
08-16 14:52:13.897 W/VIDEO   ( 1803): XC engine (MAIN) is 0
08-16 14:52:13.897 W/VIDEO   ( 1803): XC engine (SUB) is 1
08-16 14:52:13.897 W/VIDEO   ( 1803): Lock Mute Status => 
08-16 14:52:13.897 W/VIDEO   ( 1803): Lock Status: APP:LOCK, RESERVE_1:UNLOCK, RESERVE_2:UNLOCK, RESERVE_3:UNLOCK
08-16 14:52:13.897 W/VIDEO   ( 1803): enScalerWinType: MAIN, isLock: 1
08-16 14:52:13.897 W/VIDEO   ( 1803): Lock Status: APP:UNLOCK, RESERVE_1:UNLOCK, RESERVE_2:UNLOCK, RESERVE_3:UNLOCK
08-16 14:52:13.897 W/VIDEO   ( 1803): enScalerWinType: SUB, isLock: 0
08-16 14:52:13.897 D/VideoSetService( 1803): ~~@@@~~ SetVideoMute:TRUE 0 ms
08-16 14:52:13.897 D/VideoSetService( 1803): ~~@@@~~ SetVirtualBox 0 ms
08-16 14:52:13.897 D/VideoSetService( 1803): ~~@@@~~ MApi_XC_Set_DSIndexSourceSelect 1 ms
08-16 14:52:13.897 D/VideoSetService( 1803): ~~@@@~~ MApi_XC_Set_DSForceIndex 0 ms
08-16 14:52:13.897 D/VideoSetService( 1803): ~~@@@~~ SetWindow 135 ms
08-16 14:52:13.897 D/VideoSetService( 1803): ~~@@@~~ setGameMode 0 ms
08-16 14:52:13.897 D/VideoSetService( 1803): ~~@@@~~ SetDynamicScaling 0 ms
08-16 14:52:13.897 D/VideoSetService( 1803): ~~@@@~~ PQ_SetDS_OnOFF 0 ms
08-16 14:52:13.897 D/VideoSetService( 1803): ~~@@@~~ GetMSrvPicture()->On() 0 ms
08-16 14:52:13.897 D/VideoSetService( 1803): ~~@@@~~ DS_SendXCStatus2Firmware 0 ms
08-16 14:52:13.897 D/VideoSetService( 1803): ~~@@@~~ SetVideoMute:FALSE 0 ms
08-16 14:52:13.897 D/VideoSetService( 1803): ~~@@@~~ SubSelectWindow 0 ms
08-16 14:52:13.897 D/VideoSetService( 1803): ~~@@@~~TOTAL FUN:VideoSetService::Client::video_setXCWin_nolock 234 ms
08-16 14:52:13.897 I/tvos    ( 1764):  Auto adjust audio delay [PQ] MADI: Frc delay = 80, XC delay = 60, u16FrameDelay = 140 !!!
08-16 14:52:13.897 I/tvos    ( 1764): [0;31m[VIDEO][DEBUG] GetVideoDelay:3478: [0m
08-16 14:52:13.897 I/tvos    ( 1764): [0;32;31m Auto adjust audio delay Current Info:u32PQDelayTime = 140,u32UrsaVideoDelay = 0[0m
08-16 14:52:13.897 I/tvos    ( 1764): [0;31m[VIDEO][DEBUG] GetVideoDelay:3479: [0m
08-16 14:52:13.897 I/tvos    ( 1764): [0;32;31m Auto adjust audio delay u32AllVideoDelay = 140[0m
08-16 14:52:13.897 I/tvos    ( 1764): [SetSNDSpeakerDelay], CurrentInputSrc 34, SetSNDSpeakerDelay sora 0,u32VideoDelay =140,m_s16AudioDelayOffset =0,u32AudioSystemDelay =0 
08-16 14:52:13.897 I/tvos    ( 1764): [SetSNDSpeakerDelay], SetSNDSpeakerDelay s32AudioDelay 140
08-16 14:52:13.897 I/tvos    ( 1764): 	---[mpai_audio.cpp]SetSNDSpeakerDelay():
08-16 14:52:13.897 I/tvos    ( 1764): [0;32;31m u16AudioDelayUpperBound:700 u16AudioDelayLowerBound:0 s32AudioDelay=140[0m
08-16 14:52:13.897 I/tvos    ( 1764): [LETV_OUT]::letv save audio dsp pm2201 delay speaker 140 for restore it 
08-16 14:52:13.897 I/tvos    ( 1764): GetAudioOutputDevice, retval : 0
08-16 14:52:13.897 I/tvos    ( 1764): [LETV_OUT]::audio output device is 0
08-16 14:52:13.897 I/tvos    ( 1764): 	---[mpai_audio.cpp]SetSNDSpeakerDelay():
08-16 14:52:13.897 I/tvos    ( 1764): [0;32;31m Auto adjust audio delay speaker Current Info:delay =0,u32VideoDelay=140,m_s16AudioDelayOffset:0, u32AudioSystemDelay = 0, s32AudioDelay=140 [0m
08-16 14:52:13.897 I/tvos    ( 1764): Enter SetVideoMute =======>
08-16 14:52:13.897 I/tvos    ( 1764): =============[3D]SetVideostartFlag(1)
08-16 14:52:13.898 V/VideoSetService( 1803): video_SurfaceVideoSizeChange(callingPid 1749, clientPid 1749)
08-16 14:52:13.898 D/VideoSetService( 1803): AsyncProcThread :: post evetn : 2
08-16 14:52:13.898 E/AudioManagerService( 1803): setAudioVolume(callingPid 1758, clientPid 1758, enSoundPath 0, volumn:0 )
08-16 14:52:13.899 W/libc    ( 1749): pthread_create sched_setscheduler call failed: Operation not permitted
08-16 14:52:13.900 I/tvos    ( 1764): [WARNING]Post Event 2 but not registered, ignored!!!
08-16 14:52:13.900 I/tvos    ( 1764): SetVolume, subWooExist 0!
08-16 14:52:13.900 I/tvos    ( 1764): mapi_audio_customer::SetAbsoluteVolume: project name is X440M
08-16 14:52:13.900 I/tvos    ( 1764): SetAbsoluteVolume: uPercent : 0, path=52(speaker), VolumeInt=7f, VolumeFra=0
08-16 14:52:13.900 I/tvos    ( 1764): SetAbsoluteVolume: uPercent(currVol) : 0, realPath=52(default), VolumeInt=7f, VolumeFra=0
08-16 14:52:13.900 I/tvos    ( 1764): mapi_audio_customer::SetAbsoluteVolume: project name is X440M
08-16 14:52:13.900 I/tvos    ( 1764): SetAbsoluteVolume: uPercent : 0, path=49(HP), VolumeInt=7f, VolumeFra=0
08-16 14:52:13.901 I/tvos    ( 1764): SetAbsoluteVolume: uPercent(currVol) : 0, realPath=49(default), VolumeInt=7f, VolumeFra=0
08-16 14:52:13.901 I/tvos    ( 1764): mapi_audio_customer::SetAbsoluteVolume: project name is X440M
08-16 14:52:13.901 I/tvos    ( 1764): SetAbsoluteVolume, m_bBTDetect is false! 
08-16 14:52:13.901 I/tvos    ( 1764): mapi_audio_customer::SetAbsoluteVolume: project name is X440M
08-16 14:52:13.901 I/tvos    ( 1764): SetAbsoluteVolume: uPercent : 0, path=255(speaker), VolumeInt=7f, VolumeFra=0
08-16 14:52:13.901 I/tvos    ( 1764): SetAbsoluteVolume: uPercent(currVol) : 0, realPath=255(default), VolumeInt=7f, VolumeFra=0
08-16 14:52:13.901 I/tvos    ( 1764): [SetMuteStatus] call SetSoundMuteStatus, line : 10369, muteType: 4, onOff : 0 
08-16 14:52:13.901 I/tvos    ( 1764): [audioBSP] #1 m_internalMute : 0 ..
08-16 14:52:13.901 I/tvos    ( 1764): #1|->SDK_bPermanentAudioMute:0<-|->SDK_bMomentAudioMute:0 <-|->SDK_bBySyncAudioMute:0<-|->SDK_bByBlockAudioMute:0<-|->SDK_bByVChipAudioMute:0<-|
08-16 14:52:13.901 I/tvos    ( 1764): #1|->SDK_bInternal1AudioMute:0<-|->SDK_bInternal2AudioMute:0<-|->SDK_bInternal3AudioMute:0<-|->SDK_bInternal4AudioMute:0<-|
08-16 14:52:13.901 I/tvos    ( 1764): #1|->SDK_bByScanInOutchgCHchg:0<-|->SDK_bByDuringLimitedTimeAudioMute:0<-|->SDK_bSourceSwitchAudioMute:0<-|
08-16 14:52:13.901 I/tvos    ( 1764): #1|->SDK_bMHEGApMute:0<-|->SDK_bAllAudioMuteCtrl:0<-|->SDK_bPowerOnMute:0<-|->SDK_bNullSourceMute0<-|->SDK_bSetInputSourceAudioMute:0<-|
08-16 14:52:13.901 I/tvos    ( 1764): [audioBSP] #2 m_spkrMute : 0 ..|->SDK_bUsrSpkrAudioMute:0<-|->SDK_bPowerOnMute:0<-|->SDK_bByUserAudioMute:0<-|
08-16 14:52:13.901 I/tvos    ( 1764): [audioBSP] #3 m_PcmCapture2Mute:0 |->SDK_bByUserPcmCapture2Mute:0<-|->SDK_SUB_bByUserAudioMute:0<-|->SDK_bByUserAudioMute:0<-|
08-16 14:52:13.901 I/tvos    ( 1764): [audioBSP] #5 m_hpMute : 1 ..|->SDK_bUsrHpAudioMute:1<-|->SDK_bPowerOnMute:0<-|->SDK_bByUserAudioMute:0<-|
08-16 14:52:13.901 I/tvos    ( 1764): [audioBSP] #12 m_spdifMute : 1 ..
08-16 14:52:13.901 I/tvos    ( 1764): #12|->SDK_bPermanentAudioMute:0<-|->SDK_bMomentAudioMute:0<-|->SDK_bByBlockAudioMute:0<-|
08-16 14:52:13.901 I/tvos    ( 1764): #12|->SDK_bByVChipAudioMute:0<-|->SDK_bInternal1AudioMute:0<-|->SDK_bInternal4AudioMute:0<-|
08-16 14:52:13.901 I/tvos    ( 1764): #12|->SDK_bByDuringLimitedTimeAudioMute:0<-|->SDK_bSourceSwitchAudioMute:0<-|->SDK_bMHEGApMute:0<-|
08-16 14:52:13.901 I/tvos    ( 1764): #12|->SDK_bPowerOnMute:0<-|->SDK_bUsrSpdifAudioMute:1<-|->SDK_bNullSourceMute:0<-|->SDK_bByAppMute:0<-|
08-16 14:52:13.901 I/tvos    ( 1764): ---Amplifier_ALC1310_LR_SWMute(0)
08-16 14:52:13.901 I/tvos    ( 1764): ALC1310 unmute good, addr: 0x13 readbackvalue: 4 
08-16 14:52:13.903 I/AudioUtil( 1758): setParameters spk_volume=0
08-16 14:52:13.903 I/audio_hw_primary( 1758): adev_set_parameters: spk_volume=0
08-16 14:52:13.903 I/tvos    ( 1764): SetSoundMuteStatus : m_hpMute : 1, m_spdifMute : 1, m_DataInMute : 0, m_channel7Mute : 0, m_internalMute : 0, m_spkrMute : 0, m_PcmCapture1Mute : 0, m_PcmCapture2Mute : 0 
08-16 14:52:13.904 I/tvos    ( 1764): GetAudioOutputDevice, retval : 0
08-16 14:52:13.904 I/tvos    ( 1764): [SetMuteStatus] call SetSoundMuteStatus, line : 10369, muteType: 67108864, onOff : 1 
08-16 14:52:13.904 I/tvos    ( 1764): _TransMSrvMuteTypeToSDKMuteType: Err! muteType(67108864) is out of Range
08-16 14:52:13.905 I/tvos    ( 1764): [SetMuteStatus] call SetSoundMuteStatus, line : 10369, muteType: 4, onOff : 1 
08-16 14:52:13.905 I/tvos    ( 1764): [audioBSP] #1 m_internalMute : 0 ..
08-16 14:52:13.905 I/tvos    ( 1764): #1|->SDK_bPermanentAudioMute:0<-|->SDK_bMomentAudioMute:0 <-|->SDK_bBySyncAudioMute:0<-|->SDK_bByBlockAudioMute:0<-|->SDK_bByVChipAudioMute:0<-|
08-16 14:52:13.905 I/tvos    ( 1764): #1|->SDK_bInternal1AudioMute:0<-|->SDK_bInternal2AudioMute:0<-|->SDK_bInternal3AudioMute:0<-|->SDK_bInternal4AudioMute:0<-|
08-16 14:52:13.905 I/tvos    ( 1764): #1|->SDK_bByScanInOutchgCHchg:0<-|->SDK_bByDuringLimitedTimeAudioMute:0<-|->SDK_bSourceSwitchAudioMute:0<-|
08-16 14:52:13.905 I/tvos    ( 1764): #1|->SDK_bMHEGApMute:0<-|->SDK_bAllAudioMuteCtrl:0<-|->SDK_bPowerOnMute:0<-|->SDK_bNullSourceMute0<-|->SDK_bSetInputSourceAudioMute:0<-|
08-16 14:52:13.905 I/tvos    ( 1764): [audioBSP] #2 m_spkrMute : 1 ..|->SDK_bUsrSpkrAudioMute:0<-|->SDK_bPowerOnMute:0<-|->SDK_bByUserAudioMute:1<-|
08-16 14:52:13.905 I/tvos    ( 1764): [audioBSP] #3 m_PcmCapture2Mute:1 |->SDK_bByUserPcmCapture2Mute:0<-|->SDK_SUB_bByUserAudioMute:0<-|->SDK_bByUserAudioMute:1<-|
08-16 14:52:13.905 I/tvos    ( 1764): [audioBSP] #5 m_hpMute : 1 ..|->SDK_bUsrHpAudioMute:1<-|->SDK_bPowerOnMute:0<-|->SDK_bByUserAudioMute:1<-|
08-16 14:52:13.905 I/tvos    ( 1764): [audioBSP] #12 m_spdifMute : 1 ..
08-16 14:52:13.905 I/tvos    ( 1764): #12|->SDK_bPermanentAudioMute:0<-|->SDK_bMomentAudioMute:0<-|->SDK_bByBlockAudioMute:0<-|
08-16 14:52:13.905 I/tvos    ( 1764): #12|->SDK_bByVChipAudioMute:0<-|->SDK_bInternal1AudioMute:0<-|->SDK_bInternal4AudioMute:0<-|
08-16 14:52:13.905 I/tvos    ( 1764): #12|->SDK_bByDuringLimitedTimeAudioMute:0<-|->SDK_bSourceSwitchAudioMute:0<-|->SDK_bMHEGApMute:0<-|
08-16 14:52:13.905 I/tvos    ( 1764): #12|->SDK_bPowerOnMute:0<-|->SDK_bUsrSpdifAudioMute:1<-|->SDK_bNullSourceMute:0<-|->SDK_bByAppMute:0<-|
08-16 14:52:13.905 I/tvos    ( 1764): ---Amplifier_ALC1310_LR_SWMute(1)
08-16 14:52:13.905 I/tvos    ( 1764): ALC1310 mute write good, addr: 0x13, readback data : 49164, write cmd times : 1
08-16 14:52:13.908 I/APM::AudioPolicyEngine( 1758): getDeviceForStrategy, 350
08-16 14:52:13.908 I/APM::AudioPolicyEngine( 1758): getDeviceForStrategy, 350
08-16 14:52:13.908 I/tvos    ( 1764): SetSoundMuteStatus : m_hpMute : 1, m_spdifMute : 1, m_DataInMute : 0, m_channel7Mute : 0, m_internalMute : 0, m_spkrMute : 1, m_PcmCapture1Mute : 0, m_PcmCapture2Mute : 1 
08-16 14:52:13.908 E/audio_hw_primary( 1758): Garrison:out->driver_output_id < 0
08-16 14:52:13.908 I/audio_hw_primary( 1758): open output pcm for device [AUDIO_DEVICE_OUT_MULTI_CHANNEL], path[R2 DMA Reader2]
08-16 14:52:13.908 I/audio_hw_primary( 1758): pcm format:  ch[10], fs[48000], multi[1]
08-16 14:52:13.908 E/Utopia  ( 1758): [AUDIO]MDrv_AUDIO_PCM_Open: Open PCM device
08-16 14:52:13.908 E/Utopia  ( 1758): [AUDIO]HAL_AUDIO_PCM_R2Dma_Reader2_Open: Open R2 DMA Reader2
08-16 14:52:13.908 E/Utopia  ( 1758): [AUDIO]MDrv_AUDIO_PCM_Open: return device-id 3
08-16 14:52:13.908 E/Utopia  ( 1758): [AUDIO]HAL_MAD_DAP_Control(): u8ActiveDecoderCounter 1, u8PcmRenderControl 0!
08-16 14:52:13.908 E/audio_hw_primary( 1758): pcm output open ok,  device_id:3
08-16 14:52:13.908 E/Utopia  ( 1758): [AUDIO]MDrv_AUDIO_PCM_Start: Start PCM device-id 3
08-16 14:52:13.908 E/Utopia  ( 1758): [AUDIO]HAL_AUDIO_PCM_R2Dma_Reader2_Start: Start R2 DMA Reader2
08-16 14:52:13.908 E/Utopia  ( 1758): [AUDIO]HAL_AUDIO_PCM_R2Dma_Reader2_Write: Warning! PCM buffer empty!
08-16 14:52:13.908 E/Utopia  ( 1758): [AUDIO]HAL_AUDIO_PCM_R2Dma_Reader2_Write: Warning! PCM buffer :0 bytes !!!
08-16 14:52:13.910 I/SpoPlayer( 3007): [38] download media file complete, startTimeMs=0, endTimeMs=11720, cost time=845ms, percent: 0
08-16 14:52:13.913 I/SpoPlayer( 3007): [38] start download media file, index: 1500257582, startTimeMs=11720, endTimeMs=22120
08-16 14:52:13.916 I/cdelog  ( 3380): core::supernode::HttpConnection(345)::[HLS]Client(127.0.0.1:57085), query full url(/play/slices/1500257582.ts?id=70f8798d72ff0ac99462999af2ba7c5d&segment=1500257582), method(GET), 2 params, 5 header(s), content-length 0 bytes
08-16 14:52:13.916 I/cdelog  ( 3380): core::entrance::HlsServer(741)::Receive player request segment(1500257582), channel(70f8798d72ff0ac99462999af2ba7c5d)
08-16 14:52:13.922 I/cdelog  ( 3380): core::entrance::HlsServer(854)::Player request segment(1500257582), urgent(1500257582), dis(no), range() of channel(70f8798d72ff0ac99462999af2ba7c5d), response(-1, Pending(200), text/plain, data 682628/682628/2163316 byte(s)
08-16 14:52:13.923 I/cdelog  ( 3380): logic::base::Channel(967)::[live] get next stable(address(* 211.154.226.238:80), speed(3757739), last segment id(1500257582), count(27/0/0/9);) for channel(70f8798d72ff0ac99462999af2ba7c5d)
08-16 14:52:13.934 I/cdelog  ( 3380): logic::base::Channel(967)::[live] get next stable(address(* 211.154.226.238:80), speed(3912153), last segment id(1500257582), count(27/0/0/8);) for channel(70f8798d72ff0ac99462999af2ba7c5d)
08-16 14:52:13.967 I/cdelog  ( 3380): logic::base::Channel(967)::[live] get next stable(address(* 211.154.226.238:80), speed(4126162), last segment id(1500257582), count(27/0/0/7);) for channel(70f8798d72ff0ac99462999af2ba7c5d)
08-16 14:52:13.974 I/cdelog  ( 3380): logic::base::Channel(967)::[live] get next stable(address(* 211.154.226.238:80), speed(4038984), last segment id(1500257582), count(27/0/0/6);) for channel(70f8798d72ff0ac99462999af2ba7c5d)
08-16 14:52:14.006 E/ActivityThread( 2837): Failed to find provider info for com.letv.agnes.InfoProvider
08-16 14:52:14.008 I/cdelog  ( 3380): logic::base::Channel(967)::[live] get next stable(address(* 211.154.226.238:80), speed(4216642), last segment id(1500257582), count(27/0/0/5);) for channel(70f8798d72ff0ac99462999af2ba7c5d)
08-16 14:52:14.009 E/ActivityThread( 2837): Failed to find provider info for com.letv.agnes.InfoProvider
08-16 14:52:14.009 W/System.err( 2837): java.lang.IllegalArgumentException: Unknown URL content://com.letv.agnes.InfoProvider
08-16 14:52:14.009 W/System.err( 2837): 	at android.content.ContentResolver.insert(ContentResolver.java:1227)
08-16 14:52:14.010 W/System.err( 2837): 	at com.letv.tracker2.agnes.Configuration.addDebugInfo(Configuration.java:289)
08-16 14:52:14.010 W/System.err( 2837): 	at com.letv.tracker2.agnes.MessageProcessor$SendEnvMsgTr$1.handleMessage(MessageProcessor.java:661)
08-16 14:52:14.010 W/System.err( 2837): 	at android.os.Handler.dispatchMessage(Handler.java:102)
08-16 14:52:14.010 W/System.err( 2837): 	at android.os.Looper.loop(Looper.java:148)
08-16 14:52:14.010 W/System.err( 2837): 	at com.letv.tracker2.agnes.MessageProcessor$SendEnvMsgTr.run(MessageProcessor.java:665)
08-16 14:52:14.027 I/[T1.0.6.3]EuiAgnes_Server( 2837): resCode:1
08-16 14:52:14.027 I/[T1.0.6.3]EuiAgnes_Server( 2837): b[0]:0
08-16 14:52:14.039 V/VideoSetService( 1803): video_SurfaceVideoSizeChange(callingPid 1749, clientPid 1749)
08-16 14:52:14.045 I/tvos    ( 1764): GetAudioOutputDevice, retval : 0
08-16 14:52:14.052 I/tvos    ( 1764): [37m[INFO] Change to Voltage: 1000 mV (0x2C)[m
08-16 14:52:14.052 I/tvos    ( 1764): [37m[INFO] Change to Voltage: 1000 mV (0x29)[m
08-16 14:52:14.052 I/tvos    ( 1764): [37m[INFO] Change to Voltage: 1000 mV (0x26)[m
08-16 14:52:14.052 I/tvos    ( 1764): [37m[INFO] Change to Voltage: 1000 mV (0x23)[m
08-16 14:52:14.053 I/tvos    ( 1764): [37m[INFO] Change to Voltage: 1000 mV (0x20)[m
08-16 14:52:14.054 D/VideoSetService( 1803): AsyncProcThread :: post evetn : 2
08-16 14:52:14.054 I/tvos    ( 1764): [WARNING]Post Event 2 but not registered, ignored!!!
08-16 14:52:14.055 I/cdelog  ( 3380): logic::base::Channel(967)::[live] get next stable(address(* 211.154.226.238:80), speed(4196627), last segment id(1500257582), count(27/0/0/4);) for channel(70f8798d72ff0ac99462999af2ba7c5d)
08-16 14:52:14.058 I/tvos    ( 1764): [37m[INFO] Change to Voltage: 1000 mV (0x1F)[m
08-16 14:52:14.063 I/LetvManager-LogReport( 1780): [send_msg] line: 490 report url = http://log.hdtv.cp21.ott.cibntv.net:80/api/log/tvAction
08-16 14:52:14.094 I/cdelog  ( 3380): logic::base::Channel(967)::[live] get next stable(address(* 211.154.226.238:80), speed(4296242), last segment id(1500257582), count(27/0/0/3);) for channel(70f8798d72ff0ac99462999af2ba7c5d)
08-16 14:52:14.097 W/VIDEO   ( 1803): Enter LockMuteStatus
08-16 14:52:14.097 W/VIDEO   ( 1803): bEnable: 0, getMuteFlag(engine, eWin): 0, 
08-16 14:52:14.097 W/VIDEO   ( 1803): WaitFrameWrite2XC will modify from 50 to 0
08-16 14:52:14.097 W/VIDEO   ( 1803): [36m Mute Engine is 0, engine is 0 [m
08-16 14:52:14.098 W/VIDEO   ( 1803): bEnable: 0, getMuteFlag(engine, eWin): 0, 
08-16 14:52:14.098 W/VIDEO   ( 1803): [Unmute By API]MuteEngine: 0,  u16WaitToDoTime :0 , tid: 14448 
08-16 14:52:14.098 I/tvos    ( 1764): TvManagerService::Client::setVideoMute  eSrcType = 34,bScreenMute= 0,enColor =0,screenUnMuteTime =0
08-16 14:52:14.098 I/tvos    ( 1764): TvManagerService::Client::setVideoMute  eSrcType = 34,bScreenMute= 0,engine =0
08-16 14:52:14.098 I/tvos    ( 1764): Enter LockMuteStatus =======>
08-16 14:52:14.099 W/VIDEO   ( 1803): u16PQDelayTime=140   win=main [_WaitVideoStable][1836]
08-16 14:52:14.099 I/tvos    ( 1764): =============
08-16 14:52:14.099 I/tvos    ( 1764):  dirk=MDrv_PQ_GetDelayTime _u8PQDelayCount=2 u8FrameNum=4 2230
08-16 14:52:14.099 I/tvos    ( 1764):  dirk=MDrv_PQ_GetDelayTime MApi_XC_GetWRBankMappingNum=1 2232
08-16 14:52:14.099 I/tvos    ( 1764):  dirk=MDrv_PQ_GetDelayTime u8PQDelayCountNum=3 2247
08-16 14:52:14.099 I/tvos    ( 1764):  dirk=MDrv_PQ_GetDelayTime u8PQDelayCountNum=3 2249
08-16 14:52:14.099 I/tvos    ( 1764):  dirk=MDrv_PQ_GetDelayTime u8PQDelayCountNum=3 QM_GetInputVFreq(eWindow)=500 2254
08-16 14:52:14.099 I/tvos    ( 1764):  dirk=MDrv_PQ_GetDelayTime _u16PQDelyaTime=140 2282
08-16 14:52:14.104 I/PreAdPresenter( 3007): isAdPlaying isPlaying = false
08-16 14:52:14.104 I/MiddleAdPlayManager( 3007): isAdPlaying mIsPlayAd = false
08-16 14:52:14.104 I/tvlive_pwd( 3007): getPassword: start
08-16 14:52:14.104 I/tvlive_pwd( 3007): getSign start
08-16 14:52:14.107 I/PluginFramework -- WidgetManager( 3007): getWidget id =#com.stv.launcher#
08-16 14:52:14.107 I/PluginFramework -- WidgetManager( 3007): getWidget widget = null
08-16 14:52:14.107 I/PackageManagerHookHandle( 3007): getPackageInfo(com.stv.launcher) fail ,packageInfo is null
08-16 14:52:14.124 I/tvlive_pwd( 3007): getSign convert to 0x
08-16 14:52:14.124 I/tvlive_pwd( 3007): getSign finish
08-16 14:52:14.124 I/tvlive_pwd( 3007): getPassword: appSign = 27:19:6E:38:6B:87:5E:76:AD:F7:00:E7:EA:84:E4:C6:EE:E3:3D:FA
08-16 14:52:14.124 I/tvlive_pwd( 3007): isSignRight: case 2
08-16 14:52:14.124 I/tvlive_pwd( 3007): getPassword: check app
08-16 14:52:14.124 I/tvlive_pwd( 3007): tvliveCheck: start
08-16 14:52:14.128 I/tvlive_pwd( 3007): tvliveCheck: finish
08-16 14:52:14.128 I/tvlive_pwd( 3007): getPassword: app flag = 1
08-16 14:52:14.128 I/tvlive_pwd( 3007): getPassword: a
08-16 14:52:14.128 I/tvlive_pwd( 3007): getPassword: 1.1
08-16 14:52:14.128 I/tvlive_pwd( 3007): getPassword: 1.2
08-16 14:52:14.128 I/tvlive_pwd( 3007): getPassword: 1.3
08-16 14:52:14.128 I/tvlive_pwd( 3007): getPassword: 1.4
08-16 14:52:14.128 I/tvlive_pwd( 3007): getPassword: 1.5
08-16 14:52:14.128 I/tvlive_pwd( 3007): getPassword: 1.7
08-16 14:52:14.128 I/tvlive_pwd( 3007): getPassword: 1.8, 6c1e562a414c2716a2a533d4592699c5
08-16 14:52:14.128 I/WaterMarkControl2( 3007): send net water mark request ,canCache true
08-16 14:52:14.128 I/LetvHttp( 3007): LetvTeleHttpAsyncRequest requestData
08-16 14:52:14.129 I/LetvHttp( 3007): requestUrl = https://123.125.38.247/live/tv-channel/watermark/get.json?countryArea=CN&terminalApplication=tvlive&appCode=2018071917&token=103XXXWLm5iFfp7oHVCl5Nm5QniTYMwRr1riQV7kzFHb0cKblm5JnT7VZ62yLz6NiwchqILK4Vglv7ZN0oREFxfOiiJUsxPtqnon9LQtCfSYWPGD5q0Qm4&userId=1754045746&sign_ts=1534402335763&sign_dev=C0BC870D3EF4276126D66995020B0DBA&channelId=2282&appVersion=4.2.0.050&splatClient=tvlive&terminalBrand=letv&deviceModel=X440M&pcode=160110000&terminalSeries=X4-40M&locationCode=1-9%E5%8C%97%E4%BA%AC%E5%B8%82%E6%9C%9D%E9%98%B3%E5%8C%BA&broadcastId=2&langcode=zh_CN&salesArea=CN&sign=6c1e562a414c2716a2a533d4592699c5&mac=B01BD2542D51&bsChannel=tvlive&playbillId=&playController=cibn&uid=1754045746&deviceKey=33f24e8e7145eLE101B2016040000001&p_devType=2&wcode=cn&devId=8A232AF4DDD3997E543ACDEFE5F11D7A
08-16 14:52:14.138 I/LetvHttp( 3007): LetvHttpAsyncRequest dataHull == null
08-16 14:52:14.139 I/LetvHttp( 3007): LetvHttpClient requestData
08-16 14:52:14.152 I/tvos    ( 1764): [37m[INFO] Change to Voltage: 1130 mV (0x1F)[m
08-16 14:52:14.152 I/tvos    ( 1764): [37m[INFO] Change to Voltage: 1130 mV (0x22)[m
