08-16 14:52:16.868 I/LetvManager-LogReport( 1780): [send_msg] line: 490 report url = http://log.hdtv.cp21.ott.cibntv.net:80/api/log/tvAction
08-16 14:52:17.052 I/tvos    ( 1764): GetAudioOutputDevice, retval : 0
08-16 14:52:17.072 I/LetvManager-LogReport( 1780): [send_msg] line: 490 report url = http://log.hdtv.cp21.ott.cibntv.net:80/api/log/tvAction
08-16 14:52:17.303 I/tvos    ( 1764): GetAudioOutputDevice, retval : 0
08-16 14:52:17.553 I/tvos    ( 1764): GetAudioOutputDevice, retval : 0
08-16 14:52:17.803 I/tvos    ( 1764): GetAudioOutputDevice, retval : 0
08-16 14:52:18.040 I/cdelog  ( 3380): core::supernode::HttpDownloader(527)::[cdn::meta]Start download method(GET), range(), server(123.125.39.231:80), channel(70f8798d72ff0ac99462999af2ba7c5d), proxy(disabled), 0 addtional header(s) ...
08-16 14:52:18.042 I/cdelog  ( 3380): core::supernode::HttpDownloader(532)::[cdn::meta]Request url(http://123.125.39.231/live.videocache.lecloud.com/m3u8/lb_zczb5_1800/desc.m3u8?stream_id=lb_zczb5_1800&amltag=99&mltag=99&platid=10&splatid=1060704002&qos=3&fcheck=0&lsbv=2fn&uid=1754045746&keyitem=iDipdd1vuVFcNrewScXV_qA9anmyuuMxAiFPNbvcYujMEdbjduvlnqfflyUxsCMm&ntm=1534420800&nkey2=0a4aae13ef90c09268502310bd5729b1&nkey=e88c3467442d294471079d8451d060c4&auth_key=1534420800-2-0-10-1060704002-lb_zczb5_1800-d4f25805a80d15d085e35e0897f682d0&tag=live&video_type=m3u8&useloc=0&mslice=5&ffgname=streamGroup_323&ver=live_3&uidx=1&errc=0&gn=3334&ndtype=0&lrtmcd=104&buss=99&cips=10.58.80.199&geo=CN-1-5-666&tmn=1534402332&pnl=3334,3334,3334,497&ext=m3u8&sign=live_tv&playid=1&termid=2&pay=0&tm=1534402633&ostype=andriod&hwtype=un&app_name=tvlive&app_ver=4.2.0.050&devid=macB01BD2542D51&uuid=B01BD2542D511534350373311_0&station=lb_zczb5&sign_dev=C0BC870D3EF4276126D66995020B0DBA&app_code=2018071917&liveId=2282&p1=2&p2=20&p3=20_tvlive_cibn&wmac=b8:fc:9b:04:68:2a&lsse=2
08-16 14:52:18.044 I/cdelog  ( 3380): core::supernode::HttpDownloader(527)::[cdn::meta]Start download method(GET), range(), server(27.221.33.29:80), channel(70f8798d72ff0ac99462999af2ba7c5d), proxy(disabled), 0 addtional header(s) ...
08-16 14:52:18.044 I/cdelog  ( 3380): core::supernode::HttpDownloader(532)::[cdn::meta]Request url(http://27.221.33.29/live.videocache.lecloud.com/m3u8/lb_zczb5_1800/desc.m3u8?stream_id=lb_zczb5_1800&amltag=99&mltag=99&platid=10&splatid=1060704002&qos=3&fcheck=0&lsbv=2fn&uid=1754045746&keyitem=iDipdd1vuVFcNrewScXV_qA9anmyuuMxAiFPNbvcYujMEdbjduvlnqfflyUxsCMm&ntm=1534420800&nkey2=0a4aae13ef90c09268502310bd5729b1&nkey=e88c3467442d294471079d8451d060c4&auth_key=1534420800-2-0-10-1060704002-lb_zczb5_1800-d4f25805a80d15d085e35e0897f682d0&tag=live&video_type=m3u8&useloc=0&mslice=5&ffgname=streamGroup_323&ver=live_3&uidx=2&errc=0&gn=3313&ndtype=0&lrtmcd=201&buss=99&cips=10.58.80.199&geo=CN-1-5-666&tmn=1534402332&pnl=3313,3313,3334,497&ext=m3u8&sign=live_tv&playid=1&termid=2&pay=0&tm=1534402633&ostype=andriod&hwtype=un&app_name=tvlive&app_ver=4.2.0.050&devid=macB01BD2542D51&uuid=B01BD2542D511534350373311_0&station=lb_zczb5&sign_dev=C0BC870D3EF4276126D66995020B0DBA&app_code=2018071917&liveId=2282&p1=2&p2=20&p3=20_tvlive_cibn&wmac=b8:fc:9b:04:68:2a&lsse=2Di
08-16 14:52:18.053 I/cdelog  ( 3380): core::supernode::HttpDownloader(669)::[cdn::meta]Download OK: , channel(70f8798d72ff0ac99462999af2ba7c5d), url(http://123.125.39.231/live.videocache.lecloud.com/m3u8/lb_zczb5_1800/desc.m3u8?stream_id=lb_zczb5_1800&amltag=99&mltag=99&platid=10&splatid=1060704002&qos=3&fcheck=0&lsbv=2fn&uid=1754045746&keyitem=iDipdd1vuVFcNrewScXV_qA9anmyuuMxAiFPNbvcYujMEdbjduvlnqfflyUxsCMm&ntm=1534420800&nkey2=0a4aae13ef90c09268502310bd5729b1&nkey=e88c3467442d294471079d8451d060c4&auth_key=1534420800-2-0-10-1060704002-lb_zczb5_1800-d4f25805a80d15d085e35e0897f682d0&tag=live&video_type=m3u8&useloc=0&mslice=5&ffgname=streamGroup_323&ver=live_3&uidx=1&errc=0&gn=3334&ndtype=0&lrtmcd=104&buss=99&cips=10.58.80.199&geo=CN-1-5-666&tmn=1534402332&pnl=3334,3334,3334,497&ext=m3u8&sign=live_tv&playid=1&termid=2&pay=0&tm=1534402633&ostype=andriod&hwtype=un&app_name=tvlive&app_ver=4.2.0.050&devid=macB01BD2542D51&uuid=B01BD2542D511534350373311_0&station=lb_zczb5&sign_dev=C0BC870D3EF4276126D66995020B0DBA&app_code=2018071917&liveId=2282&p1=2&p2=
08-16 14:52:18.054 I/tvos    ( 1764): GetAudioOutputDevice, retval : 0
08-16 14:52:18.054 I/cdelog  ( 3380): core::supernode::HttpDownloader(684)::[cdn::meta]Response channel(70f8798d72ff0ac99462999af2ba7c5d), server(123.125.39.231:80), name(nginx/1.12.0), response code(200), version(HTTP/1.1), details(OK), data(10220/-1 Bytes), transfer(chunked), encoding(), resolved time(5 ms), connected time(2 ms), responsed time(5 ms), total used time(13 ms), transfered time(13 ms), speed(789621 Byte/s), bytes(10712), 0 alive times
08-16 14:52:18.055 I/cdelog  ( 3380): protocol::cdn::Session(733)::[live]Meta complete OK, url(http://123.125.39.231/live.videocache.lecloud.com/m3u8/lb_zczb5_1800/desc.m3u8?stream_id=lb_zczb5_1800&amltag=99&mltag=99&platid=10&splatid=1060704002&qos=3&fcheck=0&lsbv=2fn&uid=1754045746&keyitem=iDipdd1vuVFcNrewScXV_qA9anmyuuMxAiFPNbvcYujMEdbjduvlnqfflyUxsCMm&ntm=1534420800&nkey2=0a4aae13ef90c09268502310bd5729b1&nkey=e88c3467442d294471079d8451d060c4&auth_key=1534420800-2-0-10-1060704002-lb_zczb5_1800-d4f25805a80d15d085e35e0897f682d0&tag=live&video_type=m3u8&useloc=0&mslice=5&ffgname=streamGroup_323&ver=live_3&uidx=1&errc=0&gn=3334&ndtype=0&lrtmcd=104&buss=99&cips=10.58.80.199&geo=CN-1-5-666&tmn=1534402332&pnl=3334,3334,3334,497&ext=m3u8&sign=live_tv&playid=1&termid=2&pay=0&tm=1534402633&ostype=andriod&hwtype=un&app_name=tvlive&app_ver=4.2.0.050&devid=macB01BD2542D51&uuid=B01BD2542D511534350373311_0&station=lb_zczb5&sign_dev=C0BC870D3EF4276126D66995020B0DBA&app_code=2018071917&liveId=2282&p1=2&p2=20&p3=20_tvlive_cibn&wmac=b8:fc:9b:04:68:2a&lsse=2Di0U
08-16 14:52:18.062 E/cdelog  ( 3380): core::etn::LetvETNMeta(263)::Update pieces from meta fail: metaPieceIterator(118)::relocate piece 0 fail
08-16 14:52:18.063 E/cdelog  ( 3380): core::etn::LetvETNMeta(263)::Update pieces from meta fail: metaPieceIterator(118)::relocate piece 0 fail
08-16 14:52:18.102 I/cdelog  ( 3380): core::supernode::HttpDownloader(669)::[cdn::meta]Download OK: , channel(70f8798d72ff0ac99462999af2ba7c5d), url(http://27.221.33.29/live.videocache.lecloud.com/m3u8/lb_zczb5_1800/desc.m3u8?stream_id=lb_zczb5_1800&amltag=99&mltag=99&platid=10&splatid=1060704002&qos=3&fcheck=0&lsbv=2fn&uid=1754045746&keyitem=iDipdd1vuVFcNrewScXV_qA9anmyuuMxAiFPNbvcYujMEdbjduvlnqfflyUxsCMm&ntm=1534420800&nkey2=0a4aae13ef90c09268502310bd5729b1&nkey=e88c3467442d294471079d8451d060c4&auth_key=1534420800-2-0-10-1060704002-lb_zczb5_1800-d4f25805a80d15d085e35e0897f682d0&tag=live&video_type=m3u8&useloc=0&mslice=5&ffgname=streamGroup_323&ver=live_3&uidx=2&errc=0&gn=3313&ndtype=0&lrtmcd=201&buss=99&cips=10.58.80.199&geo=CN-1-5-666&tmn=1534402332&pnl=3313,3313,3334,497&ext=m3u8&sign=live_tv&playid=1&termid=2&pay=0&tm=1534402633&ostype=andriod&hwtype=un&app_name=tvlive&app_ver=4.2.0.050&devid=macB01BD2542D51&uuid=B01BD2542D511534350373311_0&station=lb_zczb5&sign_dev=C0BC870D3EF4276126D66995020B0DBA&app_code=2018071917&liveId=2282&p1=2&p2=20
08-16 14:52:18.103 I/cdelog  ( 3380): core::supernode::HttpDownloader(684)::[cdn::meta]Response channel(70f8798d72ff0ac99462999af2ba7c5d), server(27.221.33.29:80), name(nginx/1.12.0), response code(200), version(HTTP/1.1), details(OK), data(10435/-1 Bytes), transfer(chunked), encoding(), resolved time(2 ms), connected time(17 ms), responsed time(36 ms), total used time(58 ms), transfered time(58 ms), speed(188026 Byte/s), bytes(10927), 0 alive times
08-16 14:52:18.104 I/cdelog  ( 3380): protocol::cdn::Session(733)::[live]Meta complete OK, url(http://27.221.33.29/live.videocache.lecloud.com/m3u8/lb_zczb5_1800/desc.m3u8?stream_id=lb_zczb5_1800&amltag=99&mltag=99&platid=10&splatid=1060704002&qos=3&fcheck=0&lsbv=2fn&uid=1754045746&keyitem=iDipdd1vuVFcNrewScXV_qA9anmyuuMxAiFPNbvcYujMEdbjduvlnqfflyUxsCMm&ntm=1534420800&nkey2=0a4aae13ef90c09268502310bd5729b1&nkey=e88c3467442d294471079d8451d060c4&auth_key=1534420800-2-0-10-1060704002-lb_zczb5_1800-d4f25805a80d15d085e35e0897f682d0&tag=live&video_type=m3u8&useloc=0&mslice=5&ffgname=streamGroup_323&ver=live_3&uidx=2&errc=0&gn=3313&ndtype=0&lrtmcd=201&buss=99&cips=10.58.80.199&geo=CN-1-5-666&tmn=1534402332&pnl=3313,3313,3334,497&ext=m3u8&sign=live_tv&playid=1&termid=2&pay=0&tm=1534402633&ostype=andriod&hwtype=un&app_name=tvlive&app_ver=4.2.0.050&devid=macB01BD2542D51&uuid=B01BD2542D511534350373311_0&station=lb_zczb5&sign_dev=C0BC870D3EF4276126D66995020B0DBA&app_code=2018071917&liveId=2282&p1=2&p2=20&p3=20_tvlive_cibn&wmac=b8:fc:9b:04:68:2a&lsse=2Di0UF&
08-16 14:52:18.110 E/cdelog  ( 3380): core::etn::LetvETNMeta(263)::Update pieces from meta fail: metaPieceIterator(118)::relocate piece 0 fail
08-16 14:52:18.110 E/cdelog  ( 3380): core::etn::LetvETNMeta(263)::Update pieces from meta fail: metaPieceIterator(118)::relocate piece 0 fail
08-16 14:52:18.304 I/tvos    ( 1764): GetAudioOutputDevice, retval : 0
08-16 14:52:18.555 I/tvos    ( 1764): GetAudioOutputDevice, retval : 0
08-16 14:52:18.621 I/ChannelInfoViewControl( 3007): hideView from handler
08-16 14:52:18.622 I/ChannelInfoViewControl( 3007): onVisibilityChanged: visibility = 8 channelInfo =  channelId = 2282 channelName = 欢乐颂 numberKeys = 33 type = 3 playType = 0 spuNo = null isCurNull = false
08-16 14:52:18.622 I/ChannelInfoViewPresenter( 3007): setSubTitleSelect: select = false
08-16 14:52:18.622 I/ChannelInfoViewControl( 3007): hideChannelInfoAdView
08-16 14:52:18.622 I/ChannelIconControl( 3007): onChannelInfoShowEvent
08-16 14:52:18.622 E/ViewManagerImpl( 3007): dismissView d for com.letv.android.letvlive.d.a@2861fa1 isDuringOneViewShown:false
08-16 14:52:18.623 I/HourViewControl( 3007): hideView
08-16 14:52:18.623 E/ViewManagerImpl( 3007): dismissView b for com.letv.android.letvlive.hour.c@69967de isDuringOneViewShown:false
08-16 14:52:18.623 I/ChannelInfoViewControl( 3007): hideChannelInfoAdView
08-16 14:52:18.623 E/ViewManagerImpl( 3007): dismissView d for com.letv.android.letvlive.ChannelInfoView.a@1c7e987 isDuringOneViewShown:false
08-16 14:52:18.623 I/ChannelInfoViewControl( 3007): onVisibilityChanged: visibility = 8 channelInfo =  channelId = 2282 channelName = 欢乐颂 numberKeys = 33 type = 3 playType = 0 spuNo = null isCurNull = false
08-16 14:52:18.623 I/ChannelInfoViewPresenter( 3007): setSubTitleSelect: select = false
08-16 14:52:18.623 I/ChannelInfoViewControl( 3007): hideChannelInfoAdView
08-16 14:52:18.623 I/ChannelIconControl( 3007): onChannelInfoShowEvent
08-16 14:52:18.623 E/ViewManagerImpl( 3007): dismissView d for com.letv.android.letvlive.d.a@2861fa1 isDuringOneViewShown:false
08-16 14:52:18.623 I/HourViewControl( 3007): hideView
08-16 14:52:18.623 E/ViewManagerImpl( 3007): dismissView b for com.letv.android.letvlive.hour.c@69967de isDuringOneViewShown:false
08-16 14:52:18.623 I/ChannelInfoViewControl( 3007): hideChannelInfoAdView
08-16 14:52:18.623 I/ChannelInfoViewControl( 3007): channelInfoView set GONE
08-16 14:52:18.642 I/SpoPlayer( 3007): [38] getCurrentPosition: 2167443
08-16 14:52:18.642 I/PreAdPresenter( 3007): isAdPlaying isPlaying = false
08-16 14:52:18.642 I/MiddleAdPlayManager( 3007): isAdPlaying mIsPlayAd = false
08-16 14:52:18.642 I/SlotAdStockReportController( 3007): delay report stock for PreAd:delayReportTime = -1
08-16 14:52:18.642 I/SpoPlayer( 3007): [38] getCurrentPosition: 2167443
08-16 14:52:18.642 I/BufferTimeHolder( 3007): getTotalBufferTime totalBuffer = 0
08-16 14:52:18.642 I/PreAdPresenter( 3007): isAdPlaying isPlaying = false
08-16 14:52:18.642 I/MiddleAdPlayManager( 3007): isAdPlaying mIsPlayAd = false
08-16 14:52:18.642 I/SlotAdStockReportController( 3007): delay report stock for MiddleAd:delayReportTime = -1
08-16 14:52:18.737 I/PreAdPresenter( 3007): isAdPlaying isPlaying = false
08-16 14:52:18.737 I/MiddleAdPlayManager( 3007): isAdPlaying mIsPlayAd = false
08-16 14:52:18.737 E/ViewManagerImpl( 3007):     KEEP_BOTH for a existing: com.letv.android.letvlive.programTipView.view.d@20cc09f
08-16 14:52:18.737 I/GuideViewsControl( 3007): loopRunnable running, canShowGuide = true
08-16 14:52:18.737 I/GuideViewsControl( 3007): getDelayShowDuration:isGuideTypeChanged:false loopDelayMills:15000
08-16 14:52:18.805 I/tvos    ( 1764): GetAudioOutputDevice, retval : 0
08-16 14:52:19.045 I/cdelog  ( 3380): core::supernode::HttpDownloader(489)::[live::meta]Keep-alive Start request url(http://211.154.226.238/live.videocache.lecloud.com/m3u8/lb_zczb5_1800/desc.m3u8?stream_id=lb_zczb5_1800&amltag=99&mltag=99&platid=10&splatid=1060704002&qos=3&fcheck=0&lsbv=2fn&uid=1754045746&keyitem=iDipdd1vuVFcNrewScXV_qA9anmyuuMxAiFPNbvcYujMEdbjduvlnqfflyUxsCMm&ntm=1534420800&nkey2=0a4aae13ef90c09268502310bd5729b1&nkey=e88c3467442d294471079d8451d060c4&auth_key=1534420800-2-0-10-1060704002-lb_zczb5_1800-d4f25805a80d15d085e35e0897f682d0&tag=live&video_type=m3u8&useloc=0&mslice=5&ffgname=streamGroup_323&ver=live_3&uidx=0&errc=0&gn=3001&ndtype=0&lrtmcd=104&buss=99&cips=10.58.80.199&geo=CN-1-5-666&tmn=1534402332&pnl=3001,3001,3334,497&ext=m3u8&sign=live_tv&playid=1&termid=2&pay=0&tm=1534402633&ostype=andriod&hwtype=un&app_name=tvlive&app_ver=4.2.0.050&devid=macB01BD2542D51&uuid=B01BD2542D511534350373311_0&station=lb_zczb5&sign_dev=C0BC870D3EF4276126D66995020B0DBA&app_code=2018071917&liveId=2282&p1=2&p2=20&p3=20_tvlive_cibn&wmac=b8:fc
08-16 14:52:19.056 I/tvos    ( 1764): GetAudioOutputDevice, retval : 0
08-16 14:52:19.306 I/tvos    ( 1764): GetAudioOutputDevice, retval : 0
08-16 14:52:19.461 I/cdelog  ( 3380): core::supernode::HttpDownloader(669)::[live::meta]Download OK: , channel(70f8798d72ff0ac99462999af2ba7c5d-3000), url(http://211.154.226.238/live.videocache.lecloud.com/m3u8/lb_zczb5_1800/desc.m3u8?stream_id=lb_zczb5_1800&amltag=99&mltag=99&platid=10&splatid=1060704002&qos=3&fcheck=0&lsbv=2fn&uid=1754045746&keyitem=iDipdd1vuVFcNrewScXV_qA9anmyuuMxAiFPNbvcYujMEdbjduvlnqfflyUxsCMm&ntm=1534420800&nkey2=0a4aae13ef90c09268502310bd5729b1&nkey=e88c3467442d294471079d8451d060c4&auth_key=1534420800-2-0-10-1060704002-lb_zczb5_1800-d4f25805a80d15d085e35e0897f682d0&tag=live&video_type=m3u8&useloc=0&mslice=5&ffgname=streamGroup_323&ver=live_3&uidx=0&errc=0&gn=3001&ndtype=0&lrtmcd=104&buss=99&cips=10.58.80.199&geo=CN-1-5-666&tmn=1534402332&pnl=3001,3001,3334,497&ext=m3u8&sign=live_tv&playid=1&termid=2&pay=0&tm=1534402633&ostype=andriod&hwtype=un&app_name=tvlive&app_ver=4.2.0.050&devid=macB01BD2542D51&uuid=B01BD2542D511534350373311_0&station=lb_zczb5&sign_dev=C0BC870D3EF4276126D66995020B0DBA&app_code=2018071917&liveId=2282&p
08-16 14:52:19.462 I/cdelog  ( 3380): core::supernode::HttpDownloader(684)::[live::meta]Response channel(70f8798d72ff0ac99462999af2ba7c5d-3000), server(211.154.226.238:80), name(nginx/1.12.0), response code(200), version(HTTP/1.1), details(OK), data(10670/-1 Bytes), transfer(chunked), encoding(), resolved time(0 ms), connected time(0 ms), responsed time(208 ms), total used time(415 ms), transfered time(415 ms), speed(26868 Byte/s), bytes(11165), 1 alive times
08-16 14:52:19.463 I/cdelog  ( 3380): logic::base::Channel(2846)::[live]Http complete for tag(live::meta), channel(70f8798d72ff0ac99462999af2ba7c5d), response code(200), details(OK), size(10670)
08-16 14:52:19.474 I/cdelog  ( 3380): core::supernode::MetaData(572)::update segment count(5), segments(1500257589/0/0/0/0/0/,1500257590/0/0/0/0/0/,1500257591/0/0/0/0/0/,1500257592/0/0/0/0/0/,1500257593/0/0/0/0/0/), adjust(0), auuid(74da97e8e680ec7ed8230e1139727a1a_70f8798d72ff0ac99462999af2ba7c5d_1500257581) for channel(70f8798d72ff0ac99462999af2ba7c5d)
08-16 14:52:19.475 I/cdelog  ( 3380): core::supernode::MetaData(1031)::new segment count(4), segments(1500257590/1534402307/9.240/0/32,1500257591/1534402316/9.720/0/23,1500257592/1534402326/10.680/0/13,1500257593/1534402336/11.280/0/3) combineWith for channel(70f8798d72ff0ac99462999af2ba7c5d)
08-16 14:52:19.476 I/cdelog  ( 3380): logic::live::Channel(659)::p2p group changed(false), server time(1534402339), max start time(1534402336), auto delay(false)
08-16 14:52:19.517 I/tvos    ( 1764): Detect3DFormat when is not auto detect=======
08-16 14:52:19.556 I/tvos    ( 1764): GetAudioOutputDevice, retval : 0
08-16 14:52:19.610 I/ProgramTipControl( 3007): showRunnable
08-16 14:52:19.610 E/ViewManagerImpl( 3007): Trying to show view b for com.letv.android.letvlive.programTipView.a@90553fa
08-16 14:52:19.610 I/ProgramTipControl( 3007): showView
08-16 14:52:19.610 I/ProgramFloatScheduler( 3007): startProgramFloatShow : title = 欢乐颂2 18, type = 3
08-16 14:52:19.610 I/Feature_Seek_PlayActionManager( 3007): mPlayProgramList size 8 mServerProgramList size 15
08-16 14:52:19.610 I/Feature_Seek_PlayActionManager( 3007): next program is 欢乐颂2 38
08-16 14:52:19.610 I/CurrentProgramScheduler( 3007): Feature_Program nextPlayProgram is  欢乐颂2 38
08-16 14:52:19.611 I/CurrentProgramScheduler( 3007): Feature_Program curItem 欢乐颂2 37
08-16 14:52:19.611 I/Feature_Seek_PlayActionManager( 3007): mPlayProgramList size 8 mServerProgramList size 15
08-16 14:52:19.611 I/Feature_Seek_PlayActionManager( 3007): next program is 欢乐颂2 39
08-16 14:52:19.611 I/CurrentProgramScheduler( 3007): Feature_Program afterNextProgramItem 欢乐颂2 39
08-16 14:52:19.647 E/ViewManagerImpl( 3007): Trying to show view b for com.letv.android.letvlive.programTipView.a@90553fa
08-16 14:52:19.647 I/ProgramTipControl( 3007): showView
08-16 14:52:19.647 I/ProgramFloatScheduler( 3007): startProgramFloatShow : title = 欢乐颂2 18, type = 3
08-16 14:52:19.647 I/Feature_Seek_PlayActionManager( 3007): mPlayProgramList size 8 mServerProgramList size 15
08-16 14:52:19.647 I/Feature_Seek_PlayActionManager( 3007): next program is 欢乐颂2 38
08-16 14:52:19.647 I/CurrentProgramScheduler( 3007): Feature_Program nextPlayProgram is  欢乐颂2 38
08-16 14:52:19.648 I/CurrentProgramScheduler( 3007): Feature_Program curItem 欢乐颂2 37
08-16 14:52:19.648 I/Feature_Seek_PlayActionManager( 3007): mPlayProgramList size 8 mServerProgramList size 15
08-16 14:52:19.648 I/Feature_Seek_PlayActionManager( 3007): next program is 欢乐颂2 39
08-16 14:52:19.648 I/CurrentProgramScheduler( 3007): Feature_Program afterNextProgramItem 欢乐颂2 39
08-16 14:52:19.767 E/LetvRemoteupgradeManager-JNI( 2613): can't get LetvManager service!
08-16 14:52:19.807 I/tvos    ( 1764): GetAudioOutputDevice, retval : 0
08-16 14:52:19.864 I/reService( 2207): onReportKeyEvent  type=type0 keycode=4*3*3 
08-16 14:52:19.866 E/LETV_DEVICE( 1780): no name sn for Mstar
08-16 14:52:19.879 E/ActivityThread( 2837): Failed to find provider info for com.letv.agnes.InfoProvider
08-16 14:52:19.881 E/ActivityThread( 2837): Failed to find provider info for com.letv.agnes.InfoProvider
08-16 14:52:19.881 W/System.err( 2837): java.lang.IllegalArgumentException: Unknown URL content://com.letv.agnes.InfoProvider
08-16 14:52:19.882 W/System.err( 2837): 	at android.content.ContentResolver.insert(ContentResolver.java:1227)
08-16 14:52:19.882 W/System.err( 2837): 	at com.letv.tracker2.agnes.Configuration.addDebugInfo(Configuration.java:289)
08-16 14:52:19.882 W/System.err( 2837): 	at com.letv.tracker2.agnes.MessageProcessor$SendEnvMsgTr$1.handleMessage(MessageProcessor.java:661)
08-16 14:52:19.882 W/System.err( 2837): 	at android.os.Handler.dispatchMessage(Handler.java:102)
08-16 14:52:19.882 W/System.err( 2837): 	at android.os.Looper.loop(Looper.java:148)
08-16 14:52:19.882 W/System.err( 2837): 	at com.letv.tracker2.agnes.MessageProcessor$SendEnvMsgTr.run(MessageProcessor.java:665)
08-16 14:52:19.889 I/[T1.0.6.3]EuiAgnes_Server( 2837): resCode:1
08-16 14:52:19.889 I/[T1.0.6.3]EuiAgnes_Server( 2837): b[0]:0
08-16 14:52:20.057 I/tvos    ( 1764): GetAudioOutputDevice, retval : 0
08-16 14:52:20.308 I/tvos    ( 1764): GetAudioOutputDevice, retval : 0
08-16 14:52:20.558 I/tvos    ( 1764): GetAudioOutputDevice, retval : 0
08-16 14:52:20.809 I/tvos    ( 1764): GetAudioOutputDevice, retval : 0
08-16 14:52:21.059 I/tvos    ( 1764): GetAudioOutputDevice, retval : 0
08-16 14:52:21.304 I/remotestatus( 2207): Msg.what is 101
08-16 14:52:21.304 I/WindowManager( 2207): turn cursor off
08-16 14:52:21.304 E/RemoteManager( 2207): RemoteManager is no longer support in eui6.5
08-16 14:52:21.304 W/InputDispatcher( 2207): findFocusedWindow finished: injectionResult=0, timeSpentWaitingForApplication=0.0ms
08-16 14:52:21.304 E/InputManager-JNI( 2207): call nativeDisableCursor method with hideCursor
08-16 14:52:21.304 I/LauncherFragment( 3007): keycode = 21
08-16 14:52:21.304 I/ControllerCallbacks( 3007): onKeyEvent() called with event = [KeyEvent { action=ACTION_DOWN, keyCode=KEYCODE_DPAD_LEFT, scanCode=0, metaState=0, flags=0x0, repeatCount=0, eventTime=513207765, downTime=513207765, deviceId=-1, source=0x101 }]
08-16 14:52:21.305 I/VideoJJControl( 3007): onKeyEvent event = 21
08-16 14:52:21.305 I/PurchaseAdManager( 3007): isQrcodeShow mQrState = -1
08-16 14:52:21.305 I/PurchaseControl( 3007): interceptKeyEvent result = false
08-16 14:52:21.305 I/SettingMenuControl( 3007): onKeyEvent eventKeyEvent { action=ACTION_DOWN, keyCode=KEYCODE_DPAD_LEFT, scanCode=0, metaState=0, flags=0x0, repeatCount=0, eventTime=513207765, downTime=513207765, deviceId=-1, source=0x101 }
08-16 14:52:21.305 I/PurchaseAdManager( 3007): isQrcodeShow mQrState = -1
08-16 14:52:21.305 I/PurchaseControl( 3007): interceptKeyEvent result = false
08-16 14:52:21.305 I/VideoJJControl( 3007): interceptKeyEvent result = false
08-16 14:52:21.305 I/BaseMainManager( 3007): onPlayActivityKeyDown: keyCode=21
08-16 14:52:21.305 I/VideoJJControl( 3007): interceptKeyEvent result = false
08-16 14:52:21.305 I/VideoJJControl( 3007): interceptKeyEvent result = false
08-16 14:52:21.305 I/PurchaseAdManager( 3007): isQrcodeShow mQrState = -1
08-16 14:52:21.305 I/PurchaseControl( 3007): interceptKeyEvent result = false
08-16 14:52:21.305 I/VideoJJControl( 3007): interceptKeyEvent result = false
08-16 14:52:21.305 I/RateTipController( 3007): onKeyEvent event:KeyEvent { action=ACTION_DOWN, keyCode=KEYCODE_DPAD_LEFT, scanCode=0, metaState=0, flags=0x0, repeatCount=0, eventTime=513207765, downTime=513207765, deviceId=-1, source=0x101 }
08-16 14:52:21.305 I/PurchaseAdUtil( 3007): isSupportOneKeyPurchase version = 2070
08-16 14:52:21.305 I/PurchaseAdManager( 3007): send data = {"event":"endAD","pkg":"com.letv.android.tv.letvlive"}
08-16 14:52:21.305 I/PluginFramework -- WidgetManager( 3007): getWidget id =#com.letv.android.tv.letvlive#
08-16 14:52:21.306 I/PluginFramework -- WidgetManager( 3007): getWidget widget = Widget{, mWidgetId=com.letv.android.tv.letvlive, mState=15, mLocation='/data/user/0/com.stv.launcher/files/plugins/com.stv.plugin.tvlive_tvlive-cibn_4.2.0.050_2018071917.apk', mVersionName='4.2.0.050', mVersionCode=2018071917, mName='LIVE', mDexDir='/data/user/0/com.stv.launcher/files/plugins_data/com.letv.android.tv.letvlive/dex/', mLibDir='/data/user/0/com.stv.launcher/files/plugins_data/com.letv.android.tv.letvlive/libs/', mDataDir='/data/user/0/com.stv.launcher/files/plugins_data/com.letv.android.tv.letvlive'}
08-16 14:52:21.306 W/PluginFramework -- WidgetContextWrapper( 3007): Start other app Service for intent: Intent { act=com.stv.admanager.action.SHOPPING_JD pkg=com.stv.bootadmanager (has extras) }
08-16 14:52:21.310 I/tvos    ( 1764): GetAudioOutputDevice, retval : 0
08-16 14:52:21.314 W/ContextImpl( 3007): Calling a method in the system process without a qualified user: android.app.ContextImpl.startService:1224 letv.plugin.framework.core.WidgetContextWrapper.startService:200 android.content.ContextWrapper.startService:581 com.letv.android.letvlive.purchase.b.a:-1 com.letv.android.letvlive.purchase.b.xF:-1 
08-16 14:52:21.319 I/ControllerCallbacks( 3007): onKeyEventBeforePlayView() called with: event = [KeyEvent { action=ACTION_DOWN, keyCode=KEYCODE_DPAD_LEFT, scanCode=0, metaState=0, flags=0x0, repeatCount=0, eventTime=513207765, downTime=513207765, deviceId=-1, source=0x101 }]
08-16 14:52:21.319 I/BaseMainManager( 3007): isMultiProgramShow : false
08-16 14:52:21.319 I/BaseMainManager( 3007): isProgramsViewShow : false
08-16 14:52:21.319 I/BaseMainManager( 3007): isSettingShow : false
08-16 14:52:21.319 I/BaseMainManager( 3007): isChannelMenuShow : false
08-16 14:52:21.319 I/BaseMainManager( 3007): isMultiProgramShow : false
08-16 14:52:21.320 I/BaseMainManager( 3007): isProgramsViewShow : false
08-16 14:52:21.320 I/BaseMainManager( 3007): isSettingShow : false
08-16 14:52:21.320 I/BaseMainManager( 3007): isChannelMenuShow : false
08-16 14:52:21.320 I/SoundPool( 3007): enter : func play
08-16 14:52:21.321 I/APM::AudioPolicyEngine( 1758): getDeviceForStrategy, 350
08-16 14:52:21.321 I/audio_hw_primary( 1758): version:a00004 adev_create_audio_patch::mix->device 
08-16 14:52:21.321 I/audio_hw_primary( 1758): adev_create_audio_patch *handle=-1420227928 num_audio_patch=3
08-16 14:52:21.322 I/STVADLOG3:UI(17329): UIService, ***** onCreate() *****
08-16 14:52:21.322 I/STVADLOG3:UI(17329): UIService, process action: com.stv.admanager.action.SHOPPING_JD
08-16 14:52:21.325 E/AudioManagerService( 1803): setAudioVolume(callingPid 1758, clientPid 1758, enSoundPath 0, volumn:0 )
08-16 14:52:21.328 I/tvos    ( 1764): SetVolume, subWooExist 0!
08-16 14:52:21.328 I/tvos    ( 1764): mapi_audio_customer::SetAbsoluteVolume: project name is X440M
08-16 14:52:21.328 I/tvos    ( 1764): SetAbsoluteVolume: uPercent : 0, path=52(speaker), VolumeInt=7f, VolumeFra=0
08-16 14:52:21.328 I/tvos    ( 1764): SetAbsoluteVolume: uPercent(currVol) : 0, realPath=52(default), VolumeInt=7f, VolumeFra=0
08-16 14:52:21.328 I/tvos    ( 1764): mapi_audio_customer::SetAbsoluteVolume: project name is X440M
08-16 14:52:21.328 I/tvos    ( 1764): SetAbsoluteVolume: uPercent : 0, path=49(HP), VolumeInt=7f, VolumeFra=0
08-16 14:52:21.328 I/tvos    ( 1764): SetAbsoluteVolume: uPercent(currVol) : 0, realPath=49(default), VolumeInt=7f, VolumeFra=0
08-16 14:52:21.328 I/tvos    ( 1764): mapi_audio_customer::SetAbsoluteVolume: project name is X440M
08-16 14:52:21.328 I/tvos    ( 1764): SetAbsoluteVolume, m_bBTDetect is false! 
08-16 14:52:21.328 I/tvos    ( 1764): mapi_audio_customer::SetAbsoluteVolume: project name is X440M
08-16 14:52:21.328 I/tvos    ( 1764): SetAbsoluteVolume: uPercent : 0, path=255(speaker), VolumeInt=7f, VolumeFra=0
08-16 14:52:21.328 I/tvos    ( 1764): SetAbsoluteVolume: uPercent(currVol) : 0, realPath=255(default), VolumeInt=7f, VolumeFra=0
08-16 14:52:21.328 I/tvos    ( 1764): [SetMuteStatus] call SetSoundMuteStatus, line : 10369, muteType: 4, onOff : 0 
08-16 14:52:21.328 I/tvos    ( 1764): [audioBSP] #1 m_internalMute : 0 ..
08-16 14:52:21.328 I/tvos    ( 1764): #1|->SDK_bPermanentAudioMute:0<-|->SDK_bMomentAudioMute:0 <-|->SDK_bBySyncAudioMute:0<-|->SDK_bByBlockAudioMute:0<-|->SDK_bByVChipAudioMute:0<-|
08-16 14:52:21.328 I/tvos    ( 1764): #1|->SDK_bInternal1AudioMute:0<-|->SDK_bInternal2AudioMute:0<-|->SDK_bInternal3AudioMute:0<-|->SDK_bInternal4AudioMute:0<-|
08-16 14:52:21.328 I/tvos    ( 1764): #1|->SDK_bByScanInOutchgCHchg:0<-|->SDK_bByDuringLimitedTimeAudioMute:0<-|->SDK_bSourceSwitchAudioMute:0<-|
08-16 14:52:21.328 I/tvos    ( 1764): #1|->SDK_bMHEGApMute:0<-|->SDK_bAllAudioMuteCtrl:0<-|->SDK_bPowerOnMute:0<-|->SDK_bNullSourceMute0<-|->SDK_bSetInputSourceAudioMute:0<-|
08-16 14:52:21.328 I/tvos    ( 1764): [audioBSP] #2 m_spkrMute : 0 ..|->SDK_bUsrSpkrAudioMute:0<-|->SDK_bPowerOnMute:0<-|->SDK_bByUserAudioMute:0<-|
08-16 14:52:21.328 I/tvos    ( 1764): [audioBSP] #3 m_PcmCapture2Mute:0 |->SDK_bByUserPcmCapture2Mute:0<-|->SDK_SUB_bByUserAudioMute:0<-|->SDK_bByUserAudioMute:0<-|
08-16 14:52:21.328 I/tvos    ( 1764): [audioBSP] #5 m_hpMute : 1 ..|->SDK_bUsrHpAudioMute:1<-|->SDK_bPowerOnMute:0<-|->SDK_bByUserAudioMute:0<-|
08-16 14:52:21.328 I/tvos    ( 1764): [audioBSP] #12 m_spdifMute : 1 ..
08-16 14:52:21.328 I/tvos    ( 1764): #12|->SDK_bPermanentAudioMute:0<-|->SDK_bMomentAudioMute:0<-|->SDK_bByBlockAudioMute:0<-|
08-16 14:52:21.328 I/tvos    ( 1764): #12|->SDK_bByVChipAudioMute:0<-|->SDK_bInternal1AudioMute:0<-|->SDK_bInternal4AudioMute:0<-|
08-16 14:52:21.328 I/tvos    ( 1764): #12|->SDK_bByDuringLimitedTimeAudioMute:0<-|->SDK_bSourceSwitchAudioMute:0<-|->SDK_bMHEGApMute:0<-|
08-16 14:52:21.328 I/tvos    ( 1764): #12|->SDK_bPowerOnMute:0<-|->SDK_bUsrSpdifAudioMute:1<-|->SDK_bNullSourceMute:0<-|->SDK_bByAppMute:0<-|
08-16 14:52:21.328 I/tvos    ( 1764): ---Amplifier_ALC1310_LR_SWMute(0)
08-16 14:52:21.328 I/tvos    ( 1764): ALC1310 unmute good, addr: 0x13 readbackvalue: 4 
08-16 14:52:21.330 I/tvos    ( 1764): SetSoundMuteStatus : m_hpMute : 1, m_spdifMute : 1, m_DataInMute : 0, m_channel7Mute : 0, m_internalMute : 0, m_spkrMute : 0, m_PcmCapture1Mute : 0, m_PcmCapture2Mute : 0 
08-16 14:52:21.330 I/AudioUtil( 1758): setParameters spk_volume=0
08-16 14:52:21.330 I/audio_hw_primary( 1758): adev_set_parameters: spk_volume=0
08-16 14:52:21.330 I/tvos    ( 1764): GetAudioOutputDevice, retval : 0
08-16 14:52:21.331 I/tvos    ( 1764): [SetMuteStatus] call SetSoundMuteStatus, line : 10369, muteType: 67108864, onOff : 1 
08-16 14:52:21.331 I/tvos    ( 1764): _TransMSrvMuteTypeToSDKMuteType: Err! muteType(67108864) is out of Range
08-16 14:52:21.333 I/tvos    ( 1764): [SetMuteStatus] call SetSoundMuteStatus, line : 10369, muteType: 4, onOff : 1 
08-16 14:52:21.333 I/tvos    ( 1764): [audioBSP] #1 m_internalMute : 0 ..
08-16 14:52:21.333 I/tvos    ( 1764): #1|->SDK_bPermanentAudioMute:0<-|->SDK_bMomentAudioMute:0 <-|->SDK_bBySyncAudioMute:0<-|->SDK_bByBlockAudioMute:0<-|->SDK_bByVChipAudioMute:0<-|
08-16 14:52:21.333 I/tvos    ( 1764): #1|->SDK_bInternal1AudioMute:0<-|->SDK_bInternal2AudioMute:0<-|->SDK_bInternal3AudioMute:0<-|->SDK_bInternal4AudioMute:0<-|
08-16 14:52:21.333 I/tvos    ( 1764): #1|->SDK_bByScanInOutchgCHchg:0<-|->SDK_bByDuringLimitedTimeAudioMute:0<-|->SDK_bSourceSwitchAudioMute:0<-|
08-16 14:52:21.333 I/tvos    ( 1764): #1|->SDK_bMHEGApMute:0<-|->SDK_bAllAudioMuteCtrl:0<-|->SDK_bPowerOnMute:0<-|->SDK_bNullSourceMute0<-|->SDK_bSetInputSourceAudioMute:0<-|
08-16 14:52:21.333 I/tvos    ( 1764): [audioBSP] #2 m_spkrMute : 1 ..|->SDK_bUsrSpkrAudioMute:0<-|->SDK_bPowerOnMute:0<-|->SDK_bByUserAudioMute:1<-|
08-16 14:52:21.333 I/tvos    ( 1764): [audioBSP] #3 m_PcmCapture2Mute:1 |->SDK_bByUserPcmCapture2Mute:0<-|->SDK_SUB_bByUserAudioMute:0<-|->SDK_bByUserAudioMute:1<-|
08-16 14:52:21.333 I/tvos    ( 1764): [audioBSP] #5 m_hpMute : 1 ..|->SDK_bUsrHpAudioMute:1<-|->SDK_bPowerOnMute:0<-|->SDK_bByUserAudioMute:1<-|
08-16 14:52:21.333 I/tvos    ( 1764): [audioBSP] #12 m_spdifMute : 1 ..
08-16 14:52:21.333 I/tvos    ( 1764): #12|->SDK_bPermanentAudioMute:0<-|->SDK_bMomentAudioMute:0<-|->SDK_bByBlockAudioMute:0<-|
08-16 14:52:21.333 I/tvos    ( 1764): #12|->SDK_bByVChipAudioMute:0<-|->SDK_bInternal1AudioMute:0<-|->SDK_bInternal4AudioMute:0<-|
08-16 14:52:21.333 I/tvos    ( 1764): #12|->SDK_bByDuringLimitedTimeAudioMute:0<-|->SDK_bSourceSwitchAudioMute:0<-|->SDK_bMHEGApMute:0<-|
08-16 14:52:21.333 I/tvos    ( 1764): #12|->SDK_bPowerOnMute:0<-|->SDK_bUsrSpdifAudioMute:1<-|->SDK_bNullSourceMute:0<-|->SDK_bByAppMute:0<-|
08-16 14:52:21.333 I/tvos    ( 1764): ---Amplifier_ALC1310_LR_SWMute(1)
08-16 14:52:21.333 I/tvos    ( 1764): ALC1310 mute write good, addr: 0x13, readback data : 49164, write cmd times : 1
08-16 14:52:21.337 I/tvos    ( 1764): SetSoundMuteStatus : m_hpMute : 1, m_spdifMute : 1, m_DataInMute : 0, m_channel7Mute : 0, m_internalMute : 0, m_spkrMute : 1, m_PcmCapture1Mute : 0, m_PcmCapture2Mute : 1 
08-16 14:52:21.341 I/ActivityManager( 2207): START u0 {cmp=com.stv.signalsourcemanager/.MainActivity} from uid 1000 on display 0
08-16 14:52:21.345 W/InputDispatcher( 2207): setFocusedApplication
08-16 14:52:21.346 W/InputDispatcher( 2207): Focus left window: Window{23c0535 u0 com.stv.launcher/com.stv.launcher.ui.activity.Launcher}
08-16 14:52:21.351 I/AnalysisLog( 3007): Plugin:onFragmentShowChanged_hide:com.letv.android.tv.letvlive----start:time='513207818'
08-16 14:52:21.351 I/LauncherFragment( 3007): Show Flag:1
08-16 14:52:21.351 I/LiveStatusManager( 3007): setShowing: false
08-16 14:52:21.351 I/AdStatusObservable( 3007): live status changed
08-16 14:52:21.351 I/PurchaseAdManager( 3007): handleForceEnd mIsShow = false
08-16 14:52:21.351 I/PurchaseAdUtil( 3007): isSupportOneKeyPurchase version = 2070
08-16 14:52:21.351 I/TvLiveBaseFragment( 3007): live status changed
08-16 14:52:21.351 I/TvLiveBaseFragment( 3007): doOnHiddenChanged: hidden = true
08-16 14:52:21.351 I/PlayerMainFragment( 3007): PlayMainFragment onFragmentPause
08-16 14:52:21.351 I/TVlivePlayingManager( 3007): pause
08-16 14:52:21.351 I/SpoPlayer( 3007): [38] getCurrentPosition: 2170159
08-16 14:52:21.352 E/TVlivePlayingManager( 3007): Is playing master video, saving current position 2170159 to model
08-16 14:52:21.352 I/SpoPlayer( 3007): [38] getCurrentPosition: 2170159
08-16 14:52:21.352 I/BasePlayControllerImpl( 3007): pausePlay
08-16 14:52:21.352 I/SpoPlayer( 3007): [38] pause
08-16 14:52:21.352 I/SpoPlayer( 3007): [38] pause done
08-16 14:52:21.352 I/BasePlayControllerImpl( 3007): onPaused
08-16 14:52:21.352 I/ControllerCallbacks( 3007): onPlayPause() called with 
08-16 14:52:21.352 I/PlayerStatusProvider( 3007): onStatusChanged: STARTED
08-16 14:52:21.352 I/Feature_Seek_PauseViewControl( 3007): onPlayerStatusChanged newStatus: PAUSED
08-16 14:52:21.352 I/Feature_Seek_PauseViewControl( 3007): show , the play status is pause
08-16 14:52:21.352 I/Feature_Seek_PauseViewControl( 3007): showView
08-16 14:52:21.352 E/ViewManagerImpl( 3007): Trying to show view a for com.letv.android.letvlive.ac.d@685111d
08-16 14:52:21.352 E/audio_hw_primary( 1758): out_get_presentation_position pcm_get_htimestamp(pcm, &avail, timestamp) != 0!!!
08-16 14:52:21.352 I/PreAdPresenter( 3007): isAdPlaying isPlaying = false
08-16 14:52:21.352 I/MiddleAdPlayManager( 3007): isAdPlaying mIsPlayAd = false
08-16 14:52:21.352 I/Letv_player( 3007): [1]系统当前时间:  2018-08-16 14:52:21(1534402341352) VideoViewTVWrapper(乐视电视videoview)  pause()
08-16 14:52:21.352 E/ViewManagerImpl( 3007):     KEEP_BOTH for c existing: com.letv.android.letvlive.programTipView.view.d@20cc09f
08-16 14:52:21.352 I/Letv_player( 3007): pathDownload=/data/user/0/com.stv.launcher/files/plugins_data/com.letv.android.tv.letvlive/app_LetvLog
08-16 14:52:21.355 E/ViewManagerImpl( 3007): Trying to show view end isDuringOneViewShown:false
08-16 14:52:21.355 I/VideoJJControl( 3007): onPause
08-16 14:52:21.355 I/BaseMainManager( 3007): pauseCde mLastLinkShellUrl = http://live.g3proxy.cp21.ott.cibntv.net/gslb?stream_id=lb_zczb5_1800&tag=live&ext=m3u8&sign=live_tv&splatid=1060704002&platid=10&playid=1&termid=2&pay=0&tm=1411974165&ostype=andriod&hwtype=un&expect=3&format=1&uid=1754045746&app_name=tvlive&app_ver=4.2.0.050&devid=macB01BD2542D51&uuid=B01BD2542D511534350373311_0&station=lb_zczb5&sign_dev=C0BC870D3EF4276126D66995020B0DBA&app_code=2018071917&liveId=2282&p1=2&p2=20&p3=20_tvlive_cibn&wmac=b8:fc:9b:04:68:2a&lstm=1fpycc&lsbv=2fn&lssv=1EcjuT_T1_S19mbZ4_ViRD_P7IOos4LsQanBscJQ9tFbRR3BYgBI_I0_M0&lsdg=340l6j7rHJ79SwmOX7N9ld4KhjMi&lsst=1&lsse=2Di0UF
08-16 14:52:21.355 I/PlaylistController( 3007): onFragmentPause
08-16 14:52:21.355 I/PlayListPresenterProxy( 3007): onFragmentPause
08-16 14:52:21.355 I/PlaylistController( 3007): hidePlayResumeTip
08-16 14:52:21.355 I/PlaylistController( 3007): hideVideoCandidate
08-16 14:52:21.355 E/ViewManagerImpl( 3007): dismissView h for com.letv.android.letvlive.x.a@18e3623 isDuringOneViewShown:false
08-16 14:52:21.356 I/LiveVoice( 3007): exitScene
08-16 14:52:21.357 I/PlayLoadingView( 3007): hideView
08-16 14:52:21.357 E/ViewManagerImpl( 3007): dismissView a for com.letv.android.letvlive.y.d@75259ce isDuringOneViewShown:false
08-16 14:52:21.357 I/PlayLoadingViewControl( 3007): hideView
08-16 14:52:21.357 I/VideoJJControl( 3007): onStop
08-16 14:52:21.357 E/ViewManagerImpl( 3007): dismissView IVideoJJView for com.letv.android.letvlive.VideoJJ.VideoJJControl@e0101f6 isDuringOneViewShown:false
08-16 14:52:21.357 I/VideoJJControl( 3007): hide video jj layout
08-16 14:52:21.358 I/ProgramTipControl( 3007): onProgramTipHide
08-16 14:52:21.358 I/ProgramTipControl( 3007): hide ProgramTipAd
08-16 14:52:21.358 E/ViewManagerImpl( 3007): dismissView a for com.letv.android.letvlive.programTipView.a@90553fa isDuringOneViewShown:false
08-16 14:52:21.358 I/AdUtil  ( 3007): onArkAdDestory: adElementMime = null
08-16 14:52:21.358 I/BaseMainManager( 3007): onFragmentStop
08-16 14:52:21.358 I/STVADLOG3:UI(17329): JdShopManager, RapidShoppingSDK end.
08-16 14:52:21.359 I/MediaFocusControl( 2207):  AudioFocus  abandonAudioFocus() from android.media.AudioManager@2043d2acom.letv.android.letvlive.playerlibs.a$6@eed071b
08-16 14:52:21.359 I/ControllerManager( 3007): onPlayStop
08-16 14:52:21.360 I/ProgramTipControl( 3007): onProgramTipHide
08-16 14:52:21.360 I/ProgramTipControl( 3007): hide ProgramTipAd
08-16 14:52:21.360 I/ProgramTipControl( 3007): mIProgramTipAdView is null return
08-16 14:52:21.361 I/MediaFocusControl( 2207):  AudioFocus  abandonAudioFocus() from android.media.AudioManager@2043d2acom.letv.android.letvlive.playerlibs.a$6@eed071b
08-16 14:52:21.361 I/BaseMainManager( 3007): clear 446cache
08-16 14:52:21.361 I/AdTipViewControl( 3007): onPlayStop
08-16 14:52:21.361 I/AdTipViewControl( 3007): hideView
08-16 14:52:21.361 I/AdTipViewControl( 3007): hideAdTipView useAnim = false
08-16 14:52:21.361 I/AdTipViewControl( 3007): resetAdData
08-16 14:52:21.361 I/PurchaseAdManager( 3007): handleForceEnd mIsShow = false
08-16 14:52:21.362 I/PurchaseAdUtil( 3007): isSupportOneKeyPurchase version = 2070
08-16 14:52:21.362 I/PlaylistController( 3007): onPlayStop
08-16 14:52:21.362 I/VideoUrlProcessor( 3007): cancelRequestingData
08-16 14:52:21.362 I/BasePlaylistPresenter( 3007): stopVodCde
08-16 14:52:21.362 I/BasePlaylistPresenter( 3007): stopCDE : urlFromCDE = null
08-16 14:52:21.362 I/BasePlaylistPresenter( 3007): stopCDE : urlFromCDE = null
08-16 14:52:21.362 I/ChainContext( 3007): setPrepareItemIndex channelId = 10108, position = 0
08-16 14:52:21.362 I/PlaylistController( 3007): hidePlayResumeTip
08-16 14:52:21.362 I/PlaylistController( 3007): hideVideoCandidate
08-16 14:52:21.362 E/ViewManagerImpl( 3007): dismissView h for com.letv.android.letvlive.x.a@18e3623 isDuringOneViewShown:false
08-16 14:52:21.362 I/PlayReportManager( 3007): isBigScreenPlay isBigScreenPlay = true
08-16 14:52:21.362 I/PreAdPresenter( 3007): isAdPlaying isPlaying = false
08-16 14:52:21.362 I/PlayReportManager( 3007): shouldNotReport : isNotNeedReport = false
08-16 14:52:21.362 I/PlayReportManager( 3007): isBigScreenPlay isBigScreenPlay = true
08-16 14:52:21.362 I/PreAdPresenter( 3007): isAdPlaying isPlaying = false
08-16 14:52:21.362 I/PlayReportManager( 3007): shouldNotReport : isNotNeedReport = false
08-16 14:52:21.362 I/PlayReportManager( 3007): getPyString
08-16 14:52:21.362 I/PlayReportManager( 3007): getPyString mReplayType = 3
08-16 14:52:21.362 I/PlayReportManager( 3007): getPyString pyString = replaytype=3&totaltime=926
08-16 14:52:21.362 I/PlayReportManager( 3007): block pyStringEncode = replaytype=3&totaltime=926
08-16 14:52:21.363 I/PlayReportManager( 3007): reportActionTime : source = CHANNEL_MENU_CHANNEL_KEY , pt = 7 , uuid = B01BD2542D511534402334376_0
08-16 14:52:21.363 I/PlayReportManager( 3007): reportActionEnd record.getLastReportAction = TIME
08-16 14:52:21.363 I/LetvHttp( 3007): LetvTeleHttpAsyncRequest requestData
08-16 14:52:21.363 I/PlayReportManager( 3007): getPyString
08-16 14:52:21.363 I/PlayReportManager( 3007): getPyString mReplayType = 3
08-16 14:52:21.363 I/PlayReportManager( 3007): getPyString pyString = replaytype=3&totaltime=926
08-16 14:52:21.363 I/PlayReportManager( 3007): end pyStringEncode = replaytype=3&totaltime=926
08-16 14:52:21.363 I/LetvHttp( 3007): requestUrl = http://dc.cp21.ott.cibntv.net/pl/?vt=flv_720p&ch=letv&source=unknown&install_id=372990f9fdcb454a9b2c51d84a2891c8&pv=4.2.0.050&uuid=B01BD2542D511534402334376_0&prl=unknown&wmac=unknown&stime=1534402343022&ipt=0&auid=B01BD2542D51&app_name=superlive&joint=unknown&p2=20&nt=wired&lid=2282&caid=unknown&ref=10&p3=20_tvlive_cibn&cdev=unknown&serialno=b01bd2542d51&pcode=01001001000&ac=time&pay=unknown&py=replaytype%3D3%26totaltime%3D926&android_id=1254cf6fa1a90f9a&st=lb_zczb5&vid=unknown&p1=2&ty=2&mac=B01BD2542D51&cid=category_id_all&ctime=1534402343022&app=4.2.0.050&owner=1&apprunid=B01BD2542D51_1533889159020&pt=7&ilu=0&uid=1754045746&r=865239906050&ver=2.0
08-16 14:52:21.363 I/LetvHttp( 3007): LetvHttpClient requestData
08-16 14:52:21.363 I/PlayReportManager( 3007): reportActionEnd : source = CHANNEL_MENU_CHANNEL_KEY , uuid = B01BD2542D511534402334376_0
08-16 14:52:21.364 I/SlotAdStockReportController( 3007): clearMessage
08-16 14:52:21.364 I/BasePlayControllerImpl( 3007): OnMediaStateTimeListener: stateType = RELEASE
08-16 14:52:21.364 I/SpoPlayer( 3007): [38] reset
08-16 14:52:21.364 I/VideoViewTVWrapper( 3007): setOnDataSourceSwitchListener = com.media.threadedmediaplaye.AsyncMediaPlayer
08-16 14:52:21.364 I/Letv_player( 3007): [1]系统当前时间:  2018-08-16 14:52:21(1534402341364)VideoViewTVWrapper release()
08-16 14:52:21.364 I/PlayerStatusProvider( 3007): onStatusChanged: PAUSED
08-16 14:52:21.364 I/Letv_player( 3007): pathDownload=/data/user/0/com.stv.launcher/files/plugins_data/com.letv.android.tv.letvlive/app_LetvLog
08-16 14:52:21.364 I/Feature_Seek_PauseViewControl( 3007): onPlayerStatusChanged newStatus: ILDE
08-16 14:52:21.364 I/LetvHttp( 3007): LetvTeleHttpAsyncRequest requestData
08-16 14:52:21.364 E/ViewManagerImpl( 3007): dismissView a for com.letv.android.letvlive.ac.d@685111d isDuringOneViewShown:false
08-16 14:52:21.365 I/LetvHttp( 3007): requestUrl = http://dc.cp21.ott.cibntv.net/pl/?vt=flv_720p&ch=letv&source=unknown&install_id=372990f9fdcb454a9b2c51d84a2891c8&pv=4.2.0.050&uuid=B01BD2542D511534402334376_0&prl=unknown&wmac=unknown&stime=1534402343023&ipt=0&auid=B01BD2542D51&app_name=superlive&joint=unknown&p2=20&nt=wired&lid=2282&caid=unknown&ref=10&p3=20_tvlive_cibn&cdev=unknown&serialno=b01bd2542d51&pcode=01001001000&ac=end&pay=unknown&py=replaytype%3D3%26totaltime%3D926&android_id=1254cf6fa1a90f9a&st=lb_zczb5&vid=unknown&p1=2&ty=2&mac=B01BD2542D51&cid=category_id_all&ctime=1534402343023&app=4.2.0.050&owner=1&apprunid=B01BD2542D51_1533889159020&pt=unknown&ilu=0&uid=1754045746&r=889746682724&ver=2.0
08-16 14:52:21.365 I/GlobalFocusChangedListe( 3007): null
08-16 14:52:21.365 I/LetvHttp( 3007): LetvHttpClient requestData
08-16 14:52:21.365 I/SpoPlayer( 3007): [38] reset
08-16 14:52:21.365 I/Letv_player( 3007): VideoViewTVWrapper clearCachePlayerData
08-16 14:52:21.366 I/Letv_player( 3007): pathDownload=/data/user/0/com.stv.launcher/files/plugins_data/com.letv.android.tv.letvlive/app_LetvLog
08-16 14:52:21.376 I/VideoViewTVWrapper( 3007): [1]surfaceDestroyed()
08-16 14:52:21.377 I/cdeclientapi( 3007): [NetworkUtils] doHttpGet. url(http://127.0.0.1:6990/play/pause?enc=base64&url=aHR0cDovL2xpdmUuZzNwcm94eS5jcDIxLm90dC5jaWJudHYubmV0L2dzbGI/c3RyZWFtX2lkPWxiX3pjemI1XzE4MDAmdGFnPWxpdmUmZXh0PW0zdTgmc2lnbj1saXZlX3R2JnNwbGF0aWQ9MTA2MDcwNDAwMiZwbGF0aWQ9MTAmcGxheWlkPTEmdGVybWlkPTImcGF5PTAmdG09MTQxMTk3NDE2NSZvc3R5cGU9YW5kcmlvZCZod3R5cGU9dW4mZXhwZWN0PTMmZm9ybWF0PTEmdWlkPTE3NTQwNDU3NDYmYXBwX25hbWU9dHZsaXZlJmFwcF92ZXI9NC4yLjAuMDUwJmRldmlkPW1hY0IwMUJEMjU0MkQ1MSZ1dWlkPUIwMUJEMjU0MkQ1MTE1MzQzNTAzNzMzMTFfMCZzdGF0aW9uPWxiX3pjemI1JnNpZ25fZGV2PUMwQkM4NzBEM0VGNDI3NjEyNkQ2Njk5NTAyMEIwREJBJmFwcF9jb2RlPTIwMTgwNzE5MTcmbGl2ZUlkPTIyODImcDE9MiZwMj0yMCZwMz0yMF90dmxpdmVfY2libiZ3bWFjPWI4OmZjOjliOjA0OjY4OjJhJmxzdG09MWZweWNjJmxzYnY9MmZuJmxzc3Y9MUVjanVUX1QxX1MxOW1iWjRfVmlSRF9QN0lPb3M0THNRYW5Cc2NKUTl0RmJSUjNCWWdCSV9JMF9NMCZsc2RnPTM0MGw2ajdySEo3OVN3bU9YN045bGQ0S2hqTWkmbHNzdD0xJmxzc2U9MkRpMFVG&&mediatype=m3u8)
08-16 14:52:21.378 I/SpoPlayer( 3007): [38] release from pid 3007
08-16 14:52:21.383 I/cdeclientapi( 3007): [NetworkUtils] doHttpGet. url(http://127.0.0.1:6990/play/stop?enc=base64&url=aHR0cDovL2xpdmUuZzNwcm94eS5jcDIxLm90dC5jaWJudHYubmV0L2dzbGI/c3RyZWFtX2lkPWxiX3pjemI1XzE4MDAmdGFnPWxpdmUmZXh0PW0zdTgmc2lnbj1saXZlX3R2JnNwbGF0aWQ9MTA2MDcwNDAwMiZwbGF0aWQ9MTAmcGxheWlkPTEmdGVybWlkPTImcGF5PTAmdG09MTQxMTk3NDE2NSZvc3R5cGU9YW5kcmlvZCZod3R5cGU9dW4mZXhwZWN0PTMmZm9ybWF0PTEmdWlkPTE3NTQwNDU3NDYmYXBwX25hbWU9dHZsaXZlJmFwcF92ZXI9NC4yLjAuMDUwJmRldmlkPW1hY0IwMUJEMjU0MkQ1MSZ1dWlkPUIwMUJEMjU0MkQ1MTE1MzQzNTAzNzMzMTFfMCZzdGF0aW9uPWxiX3pjemI1JnNpZ25fZGV2PUMwQkM4NzBEM0VGNDI3NjEyNkQ2Njk5NTAyMEIwREJBJmFwcF9jb2RlPTIwMTgwNzE5MTcmbGl2ZUlkPTIyODImcDE9MiZwMj0yMCZwMz0yMF90dmxpdmVfY2libiZ3bWFjPWI4OmZjOjliOjA0OjY4OjJhJmxzdG09MWZweWNjJmxzYnY9MmZuJmxzc3Y9MUVjanVUX1QxX1MxOW1iWjRfVmlSRF9QN0lPb3M0THNRYW5Cc2NKUTl0RmJSUjNCWWdCSV9JMF9NMCZsc2RnPTM0MGw2ajdySEo3OVN3bU9YN045bGQ0S2hqTWkmbHNzdD0xJmxzc2U9MkRpMFVG&&mediatype=m3u8)
08-16 14:52:21.385 I/cdelog  ( 3380): core::supernode::HttpConnection(345)::[HLS]Client(127.0.0.1:46074), query full url(/play/pause?enc=base64&url=aHR0cDovL2xpdmUuZzNwcm94eS5jcDIxLm90dC5jaWJudHYubmV0L2dzbGI/c3RyZWFtX2lkPWxiX3pjemI1XzE4MDAmdGFnPWxpdmUmZXh0PW0zdTgmc2lnbj1saXZlX3R2JnNwbGF0aWQ9MTA2MDcwNDAwMiZwbGF0aWQ9MTAmcGxheWlkPTEmdGVybWlkPTImcGF5PTAmdG09MTQxMTk3NDE2NSZvc3R5cGU9YW5kcmlvZCZod3R5cGU9dW4mZXhwZWN0PTMmZm9ybWF0PTEmdWlkPTE3NTQwNDU3NDYmYXBwX25hbWU9dHZsaXZlJmFwcF92ZXI9NC4yLjAuMDUwJmRldmlkPW1hY0IwMUJEMjU0MkQ1MSZ1dWlkPUIwMUJEMjU0MkQ1MTE1MzQzNTAzNzMzMTFfMCZzdGF0aW9uPWxiX3pjemI1JnNpZ25fZGV2PUMwQkM4NzBEM0VGNDI3NjEyNkQ2Njk5NTAyMEIwREJBJmFwcF9jb2RlPTIwMTgwNzE5MTcmbGl2ZUlkPTIyODImcDE9MiZwMj0yMCZwMz0yMF90dmxpdmVfY2libiZ3bWFjPWI4OmZjOjliOjA0OjY4OjJhJmxzdG09MWZweWNjJmxzYnY9MmZuJmxzc3Y9MUVjanVUX1QxX1MxOW1iWjRfVmlSRF9QN0lPb3M0THNRYW5Cc2NKUTl0RmJSUjNCWWdCSV9JMF9NMCZsc2RnPTM0MGw2ajdySEo3OVN3bU9YN045bGQ0S2hqTWkmbHNzdD0xJmxzc2U9MkRpMFVG&&mediatype=m3u8), method(GET), 3 params, 5 header(s), content-length 0 bytes
08-16 14:52:21.385 I/APM::AudioPolicyEngine( 1758): getDeviceForStrategy, 350
08-16 14:52:21.387 I/cdelog  ( 3380): logic::base::Manager(531)::Pause channel id(70f8798d72ff0ac99462999af2ba7c5d), need buffer(false), url(http://live.g3proxy.cp21.ott.cibntv.net/gslb?stream_id=lb_zczb5_1800&tag=live&ext=m3u8&sign=live_tv&splatid=1060704002&platid=10&playid=1&termid=2&pay=0&tm=1411974165&ostype=andriod&hwtype=un&expect=3&format=1&uid=1754045746&app_name=tvlive&app_ver=4.2.0.050&devid=macB01BD2542D51&uuid=B01BD2542D511534350373311_0&station=lb_zczb5&sign_dev=C0BC870D3EF4276126D66995020B0DBA&app_code=2018071917&liveId=2282&p1=2&p2=20&p3=20_tvlive_cibn&wmac=b8:fc:9b:04:68:2a&lstm=1fpycc&lsbv=2fn&lssv=1EcjuT_T1_S19mbZ4_ViRD_P7IOos4LsQanBscJQ9tFbRR3BYgBI_I0_M0&lsdg=340l6j7rHJ79SwmOX7N9ld4KhjMi&lsst=1&lsse=2Di0UF), total 1 channel(s) now
08-16 14:52:21.389 I/cdelog  ( 3380): core::entrance::HlsServer(678)::Request pause channel(http://live.g3proxy.cp21.ott.cibntv.net/gslb?stream_id=lb_zczb5_1800&tag=live&ext=m3u8&sign=live_tv&splatid=1060704002&platid=10&playid=1&termid=2&pay=0&tm=1411974165&ostype=andriod&hwtype=un&expect=3&format=1&uid=1754045746&app_name=tvlive&app_ver=4.2.0.050&devid=macB01BD2542D51&uuid=B01BD2542D511534350373311_0&station=lb_zczb5&sign_dev=C0BC870D3EF4276126D66995020B0DBA&app_code=2018071917&liveId=2282&p1=2&p2=20&p3=20_tvlive_cibn&wmac=b8:fc:9b:04:68:2a&lstm=1fpycc&lsbv=2fn&lssv=1EcjuT_T1_S19mbZ4_ViRD_P7IOos4LsQanBscJQ9tFbRR3BYgBI_I0_M0&lsdg=340l6j7rHJ79SwmOX7N9ld4KhjMi&lsst=1&lsse=2Di0UF), result(Pause OK)
08-16 14:52:21.396 I/LetvHttp( 3007): responseCode = 200; baseUrl = http://dc.cp21.ott.cibntv.net/pl/?vt=flv_720p&ch=letv&source=unknown&install_id=372990f9fdcb454a9b2c51d84a2891c8&pv=4.2.0.050&uuid=B01BD2542D511534402334376_0&prl=unknown&wmac=unknown&stime=1534402343022&ipt=0&auid=B01BD2542D51&app_name=superlive&joint=unknown&p2=20&nt=wired&lid=2282&caid=unknown&ref=10&p3=20_tvlive_cibn&cdev=unknown&serialno=b01bd2542d51&pcode=01001001000&ac=time&pay=unknown&py=replaytype%3D3%26totaltime%3D926&android_id=1254cf6fa1a90f9a&st=lb_zczb5&vid=unknown&p1=2&ty=2&mac=B01BD2542D51&cid=category_id_all&ctime=1534402343022&app=4.2.0.050&owner=1&apprunid=B01BD2542D51_1533889159020&pt=7&ilu=0&uid=1754045746&r=865239906050&ver=2.0
08-16 14:52:21.397 I/LetvHttp( 3007): lastModified = null
08-16 14:52:21.397 I/LetvHttp( 3007): LetvHttpClient after dataHull.lastModified: null
08-16 14:52:21.397 I/LetvHttp( 3007): LetvHttpAsyncRequest after dataHull.lastModified = null
08-16 14:52:21.399 I/cdelog  ( 3380): core::supernode::HttpServer(137)::close connection(127.0.0.1:46074), url(/play/pause)
08-16 14:52:21.401 I/LetvHttp( 3007): responseCode = 200; baseUrl = http://dc.cp21.ott.cibntv.net/pl/?vt=flv_720p&ch=letv&source=unknown&install_id=372990f9fdcb454a9b2c51d84a2891c8&pv=4.2.0.050&uuid=B01BD2542D511534402334376_0&prl=unknown&wmac=unknown&stime=1534402343023&ipt=0&auid=B01BD2542D51&app_name=superlive&joint=unknown&p2=20&nt=wired&lid=2282&caid=unknown&ref=10&p3=20_tvlive_cibn&cdev=unknown&serialno=b01bd2542d51&pcode=01001001000&ac=end&pay=unknown&py=replaytype%3D3%26totaltime%3D926&android_id=1254cf6fa1a90f9a&st=lb_zczb5&vid=unknown&p1=2&ty=2&mac=B01BD2542D51&cid=category_id_all&ctime=1534402343023&app=4.2.0.050&owner=1&apprunid=B01BD2542D51_1533889159020&pt=unknown&ilu=0&uid=1754045746&r=889746682724&ver=2.0
08-16 14:52:21.401 I/LetvHttp( 3007): lastModified = null
08-16 14:52:21.401 I/LetvHttp( 3007): LetvHttpClient after dataHull.lastModified: null
08-16 14:52:21.401 I/LetvHttp( 3007): LetvHttpAsyncRequest after dataHull.lastModified = null
08-16 14:52:21.403 I/MS_OMX_BASEPORT( 1758): [OMX.MS.AVC.Decoder]MS_OMX_FlushPort: 0
