08-16 14:14:12.460 E/Utopia  ( 3007): [MSOS][003848]     MsOS_ReadMemory.3848 ioctl fail
08-16 14:14:12.460 I/cdelog  ( 3380): core::supernode::HttpDownloader(527)::[collector::report]Start download method(POST), range(), server(s.webp2p.cp21.ott.cibntv.net:80), channel(), proxy(disabled), 1 addtional header(s) ...
08-16 14:14:12.461 I/cdelog  ( 3380): core::supernode::HttpDownloader(532)::[collector::report]Request url(http://s.webp2p.cp21.ott.cibntv.net/hb?act=traffic)
08-16 14:14:12.464 I/cdelog  ( 3380): logic::base::BlockRequestSchedule(277)::Schedule module is notified to close
08-16 14:14:12.470 I/cdelog  ( 3380): logic::base::Manager(511)::Close channel id(70f8798d72ff0ac99462999af2ba7c5d), url(http://live.g3proxy.cp21.ott.cibntv.net/gslb?stream_id=lb_zczb5_1800&tag=live&ext=m3u8&sign=live_tv&splatid=1060704002&platid=10&playid=1&termid=2&pay=0&tm=1411974165&ostype=andriod&hwtype=un&expect=3&format=1&uid=1754045746&app_name=tvlive&app_ver=4.2.0.050&devid=macB01BD2542D51&uuid=B01BD2542D511534350373311_0&station=lb_zczb5&sign_dev=C0BC870D3EF4276126D66995020B0DBA&app_code=2018071917&liveId=2282&p1=2&p2=20&p3=20_tvlive_cibn&wmac=b8:fc:9b:04:68:2a&lstm=1fpycc&lsbv=2fn&lssv=1EcjuT_T1_S19mbZ4_ViRD_P7IOos4LsQanBscJQ9tFbRR3BYgBI_I0_M0&lsdg=340l6j7rHJ79SwmOX7N9ld4KhjMi&lsst=1&lsse=2Di0UF), total 0 channel(s) now
08-16 14:14:12.471 I/cdelog  ( 3380): core::entrance::HlsServer(654)::Request stop channel(http://live.g3proxy.cp21.ott.cibntv.net/gslb?stream_id=lb_zczb5_1800&tag=live&ext=m3u8&sign=live_tv&splatid=1060704002&platid=10&playid=1&termid=2&pay=0&tm=1411974165&ostype=andriod&hwtype=un&expect=3&format=1&uid=1754045746&app_name=tvlive&app_ver=4.2.0.050&devid=macB01BD2542D51&uuid=B01BD2542D511534350373311_0&station=lb_zczb5&sign_dev=C0BC870D3EF4276126D66995020B0DBA&app_code=2018071917&liveId=2282&p1=2&p2=20&p3=20_tvlive_cibn&wmac=b8:fc:9b:04:68:2a&lstm=1fpycc&lsbv=2fn&lssv=1EcjuT_T1_S19mbZ4_ViRD_P7IOos4LsQanBscJQ9tFbRR3BYgBI_I0_M0&lsdg=340l6j7rHJ79SwmOX7N9ld4KhjMi&lsst=1&lsse=2Di0UF), result(Stop OK)
08-16 14:14:12.473 I/cdelog  ( 3380): core::supernode::HttpServer(137)::close connection(127.0.0.1:48562), url(/play/stop)
08-16 14:14:12.474 E/ActivityThread( 2837): Failed to find provider info for com.letv.agnes.InfoProvider
08-16 14:14:12.476 E/ActivityThread( 2837): Failed to find provider info for com.letv.agnes.InfoProvider
08-16 14:14:12.476 W/System.err( 2837): java.lang.IllegalArgumentException: Unknown URL content://com.letv.agnes.InfoProvider
08-16 14:14:12.476 W/System.err( 2837): 	at android.content.ContentResolver.insert(ContentResolver.java:1227)
08-16 14:14:12.476 W/System.err( 2837): 	at com.letv.tracker2.agnes.Configuration.addDebugInfo(Configuration.java:289)
08-16 14:14:12.476 W/System.err( 2837): 	at com.letv.tracker2.agnes.MessageProcessor$SendEnvMsgTr$1.handleMessage(MessageProcessor.java:661)
08-16 14:14:12.476 W/System.err( 2837): 	at android.os.Handler.dispatchMessage(Handler.java:102)
08-16 14:14:12.476 W/System.err( 2837): 	at android.os.Looper.loop(Looper.java:148)
08-16 14:14:12.476 W/System.err( 2837): 	at com.letv.tracker2.agnes.MessageProcessor$SendEnvMsgTr.run(MessageProcessor.java:665)
08-16 14:14:12.477 I/LetvHttp( 3007): responseCode = 200; baseUrl = http://dc.cp21.ott.cibntv.net/pl/?vt=flv_720p&ch=letv&source=unknown&install_id=372990f9fdcb454a9b2c51d84a2891c8&pv=4.2.0.050&uuid=B01BD2542D511534400037857_0&prl=unknown&wmac=unknown&stime=1534400054063&ipt=0&auid=B01BD2542D51&app_name=superlive&joint=unknown&p2=20&nt=wired&lid=2282&caid=unknown&ref=10&p3=20_tvlive_cibn&cdev=unknown&serialno=b01bd2542d51&pcode=01001001000&ac=end&pay=unknown&py=replaytype%3D3%26totaltime%3D704&android_id=1254cf6fa1a90f9a&st=lb_zczb5&vid=unknown&p1=2&ty=2&mac=B01BD2542D51&cid=category_id_all&ctime=1534400054063&app=4.2.0.050&owner=1&apprunid=B01BD2542D51_1533889159020&pt=unknown&ilu=0&uid=1754045746&r=385655532562&ver=2.0
08-16 14:14:12.477 I/LetvHttp( 3007): lastModified = null
08-16 14:14:12.477 I/LetvHttp( 3007): LetvHttpClient after dataHull.lastModified: null
08-16 14:14:12.477 I/LetvHttp( 3007): LetvHttpAsyncRequest after dataHull.lastModified = null
08-16 14:14:12.482 I/[T1.0.6.3]EuiAgnes_Server( 2837): resCode:1
08-16 14:14:12.482 I/[T1.0.6.3]EuiAgnes_Server( 2837): b[0]:0
08-16 14:14:12.495 I/tvos    ( 1764): GetAudioOutputDevice, retval : 0
08-16 14:14:12.496 I/APM::AudioPolicyEngine( 1758): getDeviceForStrategy, 350
08-16 14:14:12.496 I/APM::AudioPolicyEngine( 1758): getDeviceForStrategy, 350
08-16 14:14:12.531 I/MM_DIP  ( 1749): E_MMAP_ID_DIP_CAPTURE_MAIN_MM Start: 214ec000, size: 0x400000
08-16 14:14:12.531 I/Utopia  ( 1749): [DIP API]DIP already Opened
08-16 14:14:12.531 I/Utopia  ( 1749): [DIP API]DIP already Opened
08-16 14:14:12.531 I/Utopia  ( 1749): [DIP API]MDrv_CMD_DIP_GET_RESOURCE[0]   start
08-16 14:14:12.531 I/Utopia  ( 1749): [DIP API]MDrv_CMD_DIP_GET_RESOURCE[0]   end
08-16 14:14:12.531 I/Utopia  ( 1749): [DIP API]DIP already Opened
08-16 14:14:12.532 E/vsyncbridge( 1749): vsync_bridge_capture_video return fail 3 1 2
08-16 14:14:12.533 I/MS_OMX_VDEC( 1758): [OMX.MS.AVC.Decoder]MS_OMX_BufferProcess: ...resumed
08-16 14:14:12.539 E/BufferQueueProducer( 1749): [SurfaceView] cancelBuffer: slot 0 is not owned by the producer (state = 3)
08-16 14:14:12.551 I/Utopia  ( 1758): [VDEC][NDec][ALLOC][DBG][_VDEC_EX_NdecAllocator_CMAFree][3400] MApi_CMA_Pool_PutMem: heap_id=0x13, offset_in_pool=0x00000000, length=0x08200000
08-16 14:14:12.588 I/Utopia  ( 1758): [VDEC][NDec][ALLOC][0] Used Allocators:2, Used Blocks:6
08-16 14:14:12.588 I/Utopia  ( 1758): [VDEC][NDec][ALLOC][0] Used Allocators:2, Used Blocks:6
08-16 14:14:12.588 I/Utopia  ( 1758): [VDEC][NDec][ALLOC][0] Used Allocators:1, Used Blocks:2
08-16 14:14:12.588 I/MSTAR_VDEC_API( 1758): stored streamId: 0:4040
08-16 14:14:12.588 I/MSTAR_VDEC_API( 1758): remove StreamId: 0x4040
08-16 14:14:12.589 I/ACodec  ( 3007): onShutdown ReleaseRM
08-16 14:14:12.590 I/RMAllocator( 1750): ~ClientInfo this=1656324688,mRMClient=1656326688. id=60
08-16 14:14:12.590 W/RMAllocator( 1750): returnAllResourcesFor: not registered, nothing to do
08-16 14:14:12.596 I/MS_OMX_BASEPORT( 1758): [OMX.MS.AAC.Decoder]MS_OMX_FlushPort: 0
08-16 14:14:12.623 E/Utopia  ( 1758): [AUDIO]HAL_MAD_SetAudioParam2: DecId(1) Enable Multi-Channel
08-16 14:14:12.639 I/MS_OMX_AACDEC( 1758): AAC_Decode_Reset: DecID=2 AUDIO FLUSH OK !!
08-16 14:14:12.639 I/MS_OMX_BASEPORT( 1758): [OMX.MS.AAC.Decoder]MS_OMX_FlushPort: 1
08-16 14:14:12.641 I/LetvManager-LogReport( 1780): [send_msg] line: 490 report url = http://log.hdtv.cp21.ott.cibntv.net:80/api/log/tvAction
08-16 14:14:12.642 I/MSTAR_ADEC_API( 1758): ADEC ID 2 HandleId 0xab714d48 Close audio utopia handle !!
08-16 14:14:12.643 I/ACodec  ( 3007): onShutdown ReleaseRM
08-16 14:14:12.644 I/RMAllocator( 1750): ~ClientInfo this=1656319408,mRMClient=1656324816. id=61
08-16 14:14:12.644 W/RMAllocator( 1750): returnAllResourcesFor: not registered, nothing to do
08-16 14:14:12.648 I/DeviceConfigUtil( 3007): DemeterFHD    maserati
08-16 14:14:12.648 I/SpoPlayer( 3007): [27] disconnect done
08-16 14:14:12.648 W/art     ( 3007): Long monitor contention event with owner method=void com.media.threadedmediaplaye.PlayerZygote$1.run() from :4294967295 waiters=0 for 205ms
08-16 14:14:12.648 I/BasePlayControllerImpl( 3007): onSurfaceHolderStateChange type = 2
08-16 14:14:12.648 I/AdTipViewControl( 3007): onSurfaceEventReceived eventType = 2
08-16 14:14:12.652 I/SystemUtil( 3007): isSupportDisplayBySys: sSupportDisplayBySys = 1
08-16 14:14:12.652 I/PlayerUtil( 3007): setSystemScreenProp isFragmentStart = false isSupportDisplayBySys = true
08-16 14:14:12.652 I/SystemUtil( 3007): setVideoSizeProperty value = 0
08-16 14:14:12.652 I/PreviewPlayerManager( 3007): stop all preview player
08-16 14:14:12.652 I/ProgramUpdateMonitorForLunBoLive( 3007): reset
08-16 14:14:12.652 I/PlayerBlockHelper( 3007): reset
08-16 14:14:12.652 I/ChannelIconControl( 3007): onStop
08-16 14:14:12.652 I/ChannelInfoViewControl( 3007): cancelDelayClose
08-16 14:14:12.652 I/Feature_Pay_Channel_PayCashierControl( 3007): dismiss
08-16 14:14:12.653 E/ViewManagerImpl( 3007): dismissView i for com.letv.android.letvlive.paylive.view.h@1448f13 isDuringOneViewShown:false
08-16 14:14:12.653 I/GuideViewsControl( 3007): View loop runnable stop
08-16 14:14:12.653 I/Feature_Pay_Channel_PayTipControl( 3007): hideView
08-16 14:14:12.653 I/Feature_Pay_Channel_PayTipControl( 3007): hidePayTip , isTemperary = false
08-16 14:14:12.653 E/ViewManagerImpl( 3007): dismissView f for com.letv.android.letvlive.paylive.view.n@cbb0a48 isDuringOneViewShown:false
08-16 14:14:12.653 E/ViewManagerImpl( 3007): dismissView c for com.letv.android.letvlive.paylive.view.j@47580e1 isDuringOneViewShown:false
08-16 14:14:12.653 I/Feature_Seek_PlayActionManager( 3007): clear
08-16 14:14:12.653 I/Feature_Program_NewStyleProgramController( 3007): release
08-16 14:14:12.653 I/Feature_Program_NewStyleProgramController( 3007): clear
08-16 14:14:12.653 I/Feature_Program_NewStyleProgramController( 3007): updateCurrentShowData
08-16 14:14:12.653 I/Feature_Program_ProgramControllerView( 3007): notifyDataChanged mSlideDownState false
08-16 14:14:12.653 I/Feature_Program_ProgramControllerView( 3007): update program list data , the list adapter size is 9
08-16 14:14:12.653 I/Feature_Program_ProgramControllerView( 3007): isViewShow false isShowLoading false
08-16 14:14:12.653 I/Feature_Seek_PlayActionManager( 3007): mPlayProgramList is empty
08-16 14:14:12.653 I/Feature_Program_ProgramControllerView( 3007): reset
08-16 14:14:12.653 I/Feature_Program_ProgramControllerView( 3007): hide view false
08-16 14:14:12.653 I/Feature_Seek_PlayActionManager( 3007): mPlayProgramList is empty
08-16 14:14:12.653 I/Feature_Program_ProgramControllerView( 3007): release
08-16 14:14:12.653 I/Feature_Program_ProgramControllerView( 3007): reset
08-16 14:14:12.653 I/Feature_Program_ProgramControllerView( 3007): hide view false
08-16 14:14:12.653 I/Feature_Seek_PlayActionManager( 3007): mPlayProgramList is empty
08-16 14:14:12.653 I/Feature_Program_ProgramListDataDealController( 3007): release
08-16 14:14:12.653 I/Feature_Program_ProgramListDataDealController( 3007): cancel recently program request
08-16 14:14:12.653 I/SubPlayerControl( 3007): isSubPlayerShowing: false
08-16 14:14:12.653 I/SubPlayerControl( 3007): onStop the sub Play set mNeedResume false:
08-16 14:14:12.653 I/MultiProgramsControlVerticalGridView( 3007): Life circle --------------- onStop, currentMainChannel=[channelId=2282, channelName=欢乐颂]
08-16 14:14:12.653 I/BigNavigationControl( 3007): onStop: 
08-16 14:14:12.653 I/BigMenuPresentersManager( 3007): updateContentData: mContentPresenter == presenter true  mContentItem == contentItem true mContentShowed = true
08-16 14:14:12.653 I/RateTipController( 3007): cancelShowOrDismiss isShowing()false
08-16 14:14:12.653 I/AdTipViewControl( 3007): onFragmentStop
08-16 14:14:12.653 I/MiddleAdPlayManager( 3007): resetAd
08-16 14:14:12.653 I/MiddleAdPlayManager( 3007): cancelDelayAdEndRunnable
08-16 14:14:12.653 I/MiddleAdPlayManager( 3007): isAdPlaying mIsPlayAd = false
08-16 14:14:12.653 I/MiddleAdFetchAndPostPresenter( 3007): clearAllData
08-16 14:14:12.654 I/MiddleAdHandlePresenter( 3007): clearEventData
08-16 14:14:12.654 I/AdTipViewControl( 3007): resetAdData
08-16 14:14:12.654 I/PlaylistController( 3007): onFragmentStop
08-16 14:14:12.654 I/PlayReportManager( 3007): isBigScreenPlay isBigScreenPlay = true
08-16 14:14:12.654 I/PreAdPresenter( 3007): isAdPlaying isPlaying = false
08-16 14:14:12.654 I/PlayReportManager( 3007): shouldNotReport : isNotNeedReport = false
08-16 14:14:12.654 I/PlayReportManager( 3007): isBigScreenPlay isBigScreenPlay = true
08-16 14:14:12.654 I/PreAdPresenter( 3007): isAdPlaying isPlaying = false
08-16 14:14:12.654 I/PlayReportManager( 3007): shouldNotReport : isNotNeedReport = false
08-16 14:14:12.654 I/PlayReportManager( 3007): reportActionEnd record.getLastReportAction = END
08-16 14:14:12.654 I/PlayReportManager( 3007): reportActionEnd return
08-16 14:14:12.654 I/SlotAdStockReportController( 3007): onFragmentStop
08-16 14:14:12.654 I/SlotAdStockReportController( 3007): clearMessage
08-16 14:14:12.654 I/PurchaseAdManager( 3007): handleForceEnd mIsShow = false
08-16 14:14:12.654 I/PurchaseAdUtil( 3007): isSupportOneKeyPurchase version = 2070
08-16 14:14:12.654 I/HourViewControl( 3007): stop
08-16 14:14:12.656 I/PlayerMainFragment( 3007): PlayMainFragment onFragmentStop
08-16 14:14:12.656 I/WaterMarkControl2( 3007): update observable com.letv.android.letvlive.aj.e@566a219
08-16 14:14:12.656 I/WaterMarkControl2( 3007): current channel id 2282 type is 3 before channelId is 2282channelType 3 playType 0
08-16 14:14:12.656 I/WaterMarkControl2( 3007): dismissWaterMarkView
08-16 14:14:12.656 I/WaterMarkControl2( 3007): IWaterMarkViewController dismiss
08-16 14:14:12.656 I/WaterMarkControl2( 3007): clear all data
08-16 14:14:12.656 I/WaterMarkControl2( 3007): channelId 2282 state 4
08-16 14:14:12.656 I/PlayerMainFragment( 3007): recommend stop
08-16 14:14:12.656 I/PlayerMainFragment( 3007): recommend cancel
08-16 14:14:12.656 I/KuYunStatusSender( 3007): onExitLive
08-16 14:14:12.656 I/KuYunStatusSender( 3007): sendMessageByProvider
08-16 14:14:12.656 I/ControllerManager( 3007): onPlayStop
08-16 14:14:12.657 I/ProgramTipControl( 3007): onProgramTipHide
08-16 14:14:12.657 I/ProgramTipControl( 3007): hide ProgramTipAd
08-16 14:14:12.657 I/ProgramTipControl( 3007): mIProgramTipAdView is null return
08-16 14:14:12.657 I/MediaFocusControl( 2207):  AudioFocus  abandonAudioFocus() from android.media.AudioManager@2043d2acom.letv.android.letvlive.playerlibs.a$6@eed071b
08-16 14:14:12.657 I/BaseMainManager( 3007): clear 446cache
08-16 14:14:12.657 I/AdTipViewControl( 3007): onPlayStop
08-16 14:14:12.658 I/AdTipViewControl( 3007): hideView
08-16 14:14:12.658 I/AdTipViewControl( 3007): hideAdTipView useAnim = false
08-16 14:14:12.658 I/AdTipViewControl( 3007): resetAdData
08-16 14:14:12.658 I/PurchaseAdManager( 3007): handleForceEnd mIsShow = false
08-16 14:14:12.658 I/PurchaseAdUtil( 3007): isSupportOneKeyPurchase version = 2070
08-16 14:14:12.658 I/PlaylistController( 3007): onPlayStop
08-16 14:14:12.658 I/VideoUrlProcessor( 3007): cancelRequestingData
08-16 14:14:12.658 I/BasePlaylistPresenter( 3007): stopVodCde
08-16 14:14:12.658 I/BasePlaylistPresenter( 3007): stopCDE : urlFromCDE = null
08-16 14:14:12.658 I/BasePlaylistPresenter( 3007): stopCDE : urlFromCDE = null
08-16 14:14:12.658 I/ChainContext( 3007): setPrepareItemIndex channelId = 10108, position = 0
08-16 14:14:12.658 I/PlaylistController( 3007): hidePlayResumeTip
08-16 14:14:12.658 I/PlaylistController( 3007): hideVideoCandidate
08-16 14:14:12.658 E/ViewManagerImpl( 3007): dismissView h for com.letv.android.letvlive.x.a@18e3623 isDuringOneViewShown:false
08-16 14:14:12.658 I/PlayReportManager( 3007): isBigScreenPlay isBigScreenPlay = true
08-16 14:14:12.658 I/PreAdPresenter( 3007): isAdPlaying isPlaying = false
08-16 14:14:12.658 I/PlayReportManager( 3007): shouldNotReport : isNotNeedReport = false
08-16 14:14:12.658 I/PlayReportManager( 3007): isBigScreenPlay isBigScreenPlay = true
08-16 14:14:12.658 I/PreAdPresenter( 3007): isAdPlaying isPlaying = false
08-16 14:14:12.658 I/PlayReportManager( 3007): shouldNotReport : isNotNeedReport = false
08-16 14:14:12.658 I/PlayReportManager( 3007): reportActionEnd record.getLastReportAction = END
08-16 14:14:12.658 I/PlayReportManager( 3007): reportActionEnd return
08-16 14:14:12.658 I/SlotAdStockReportController( 3007): clearMessage
08-16 14:14:12.658 I/TvLiveBaseFragment( 3007): onHiddenChanged
08-16 14:14:12.658 I/TvLiveBaseFragment( 3007): onHiddenChanged: live is not showing, ignore this call
08-16 14:14:12.658 I/PlayReportManager( 3007): markUuidInvalidForNextReportPlay
08-16 14:14:12.658 I/GlobalFocusChangedListe( 3007): android.widget.LinearLayout
08-16 14:14:12.659 I/KuYunStatusSender( 3007): sendMessageByProvider: use time = 2ms, value = {"currentScreen":"launcher","status":"leave"}
08-16 14:14:12.659 I/OrderedSingleThreadPool( 3007): KuYunStatusSender:wait
08-16 14:14:12.665 I/cdeclientapi( 3007): [NetworkUtils] doHttpGet. url(http://127.0.0.1:6990/play/stop?enc=base64&url=aHR0cDovL2xpdmUuZzNwcm94eS5jcDIxLm90dC5jaWJudHYubmV0L2dzbGI/c3RyZWFtX2lkPWxiX3pjemI1XzE4MDAmdGFnPWxpdmUmZXh0PW0zdTgmc2lnbj1saXZlX3R2JnNwbGF0aWQ9MTA2MDcwNDAwMiZwbGF0aWQ9MTAmcGxheWlkPTEmdGVybWlkPTImcGF5PTAmdG09MTQxMTk3NDE2NSZvc3R5cGU9YW5kcmlvZCZod3R5cGU9dW4mZXhwZWN0PTMmZm9ybWF0PTEmdWlkPTE3NTQwNDU3NDYmYXBwX25hbWU9dHZsaXZlJmFwcF92ZXI9NC4yLjAuMDUwJmRldmlkPW1hY0IwMUJEMjU0MkQ1MSZ1dWlkPUIwMUJEMjU0MkQ1MTE1MzQzNTAzNzMzMTFfMCZzdGF0aW9uPWxiX3pjemI1JnNpZ25fZGV2PUMwQkM4NzBEM0VGNDI3NjEyNkQ2Njk5NTAyMEIwREJBJmFwcF9jb2RlPTIwMTgwNzE5MTcmbGl2ZUlkPTIyODImcDE9MiZwMj0yMCZwMz0yMF90dmxpdmVfY2libiZ3bWFjPWI4OmZjOjliOjA0OjY4OjJhJmxzdG09MWZweWNjJmxzYnY9MmZuJmxzc3Y9MUVjanVUX1QxX1MxOW1iWjRfVmlSRF9QN0lPb3M0THNRYW5Cc2NKUTl0RmJSUjNCWWdCSV9JMF9NMCZsc2RnPTM0MGw2ajdySEo3OVN3bU9YN045bGQ0S2hqTWkmbHNzdD0xJmxzc2U9MkRpMFVG&&mediatype=m3u8)
08-16 14:14:12.668 I/AnalysisLog( 3007): Plugin:onFragmentShowChanged_hide:com.letv.android.tv.letvlive----end:time='510919101'
08-16 14:14:12.668 I/AppPlugin( 3007): AppFragment -- handlerData isRefreshedUI = true isCanUpdate() = false isCanInit() = false
08-16 14:14:12.669 I/cdelog  ( 3380): core::supernode::HttpConnection(345)::[HLS]Client(127.0.0.1:52711), query full url(/play/stop?enc=base64&url=aHR0cDovL2xpdmUuZzNwcm94eS5jcDIxLm90dC5jaWJudHYubmV0L2dzbGI/c3RyZWFtX2lkPWxiX3pjemI1XzE4MDAmdGFnPWxpdmUmZXh0PW0zdTgmc2lnbj1saXZlX3R2JnNwbGF0aWQ9MTA2MDcwNDAwMiZwbGF0aWQ9MTAmcGxheWlkPTEmdGVybWlkPTImcGF5PTAmdG09MTQxMTk3NDE2NSZvc3R5cGU9YW5kcmlvZCZod3R5cGU9dW4mZXhwZWN0PTMmZm9ybWF0PTEmdWlkPTE3NTQwNDU3NDYmYXBwX25hbWU9dHZsaXZlJmFwcF92ZXI9NC4yLjAuMDUwJmRldmlkPW1hY0IwMUJEMjU0MkQ1MSZ1dWlkPUIwMUJEMjU0MkQ1MTE1MzQzNTAzNzMzMTFfMCZzdGF0aW9uPWxiX3pjemI1JnNpZ25fZGV2PUMwQkM4NzBEM0VGNDI3NjEyNkQ2Njk5NTAyMEIwREJBJmFwcF9jb2RlPTIwMTgwNzE5MTcmbGl2ZUlkPTIyODImcDE9MiZwMj0yMCZwMz0yMF90dmxpdmVfY2libiZ3bWFjPWI4OmZjOjliOjA0OjY4OjJhJmxzdG09MWZweWNjJmxzYnY9MmZuJmxzc3Y9MUVjanVUX1QxX1MxOW1iWjRfVmlSRF9QN0lPb3M0THNRYW5Cc2NKUTl0RmJSUjNCWWdCSV9JMF9NMCZsc2RnPTM0MGw2ajdySEo3OVN3bU9YN045bGQ0S2hqTWkmbHNzdD0xJmxzc2U9MkRpMFVG&&mediatype=m3u8), method(GET), 3 params, 5 header(s), content-length 0 bytes
08-16 14:14:12.670 W/cdeclientapi( 3007): [NetworkUtils] doHttpGet. abnormal response code(404), url(http://127.0.0.1:6990/play/stop?enc=base64&url=aHR0cDovL2xpdmUuZzNwcm94eS5jcDIxLm90dC5jaWJudHYubmV0L2dzbGI/c3RyZWFtX2lkPWxiX3pjemI1XzE4MDAmdGFnPWxpdmUmZXh0PW0zdTgmc2lnbj1saXZlX3R2JnNwbGF0aWQ9MTA2MDcwNDAwMiZwbGF0aWQ9MTAmcGxheWlkPTEmdGVybWlkPTImcGF5PTAmdG09MTQxMTk3NDE2NSZvc3R5cGU9YW5kcmlvZCZod3R5cGU9dW4mZXhwZWN0PTMmZm9ybWF0PTEmdWlkPTE3NTQwNDU3NDYmYXBwX25hbWU9dHZsaXZlJmFwcF92ZXI9NC4yLjAuMDUwJmRldmlkPW1hY0IwMUJEMjU0MkQ1MSZ1dWlkPUIwMUJEMjU0MkQ1MTE1MzQzNTAzNzMzMTFfMCZzdGF0aW9uPWxiX3pjemI1JnNpZ25fZGV2PUMwQkM4NzBEM0VGNDI3NjEyNkQ2Njk5NTAyMEIwREJBJmFwcF9jb2RlPTIwMTgwNzE5MTcmbGl2ZUlkPTIyODImcDE9MiZwMj0yMCZwMz0yMF90dmxpdmVfY2libiZ3bWFjPWI4OmZjOjliOjA0OjY4OjJhJmxzdG09MWZweWNjJmxzYnY9MmZuJmxzc3Y9MUVjanVUX1QxX1MxOW1iWjRfVmlSRF9QN0lPb3M0THNRYW5Cc2NKUTl0RmJSUjNCWWdCSV9JMF9NMCZsc2RnPTM0MGw2ajdySEo3OVN3bU9YN045bGQ0S2hqTWkmbHNzdD0xJmxzc2U9MkRpMFVG&&mediatype=m3u8)
08-16 14:14:12.673 W/InputDispatcher( 2207): Waiting for application to become ready for input: AppWindowToken{ba06999 token=Token{141c2e0 ActivityRecord{d2d28e3 u0 com.stv.signalsourcemanager/.MainActivity t3}}}.  Reason: Waiting because no window has focus but there is a focused application that may eventually add a window when it finishes starting up.
08-16 14:14:12.673 W/InputDispatcher( 2207): findFocusedWindow finished: injectionResult=-1, timeSpentWaitingForApplication=0.0ms
08-16 14:14:12.673 W/VIDEO   ( 1803): Enter LockMuteStatus
08-16 14:14:12.673 W/VIDEO   ( 1803): Lock Status: APP:UNLOCK, RESERVE_1:UNLOCK, RESERVE_2:UNLOCK, RESERVE_3:UNLOCK
08-16 14:14:12.673 W/VIDEO   ( 1803): enScalerWinType: MAIN, isLock: 0
08-16 14:14:12.673 W/VIDEO   ( 1803): bEnable: 1, getMuteFlag(engine, eWin): 0, 
08-16 14:14:12.673 W/VIDEO   ( 1803): [36m Mute Engine is 0, engine is 0 [m
08-16 14:14:12.673 I/cdelog  ( 3380): core::entrance::HlsServer(654)::Request stop channel(http://live.g3proxy.cp21.ott.cibntv.net/gslb?stream_id=lb_zczb5_1800&tag=live&ext=m3u8&sign=live_tv&splatid=1060704002&platid=10&playid=1&termid=2&pay=0&tm=1411974165&ostype=andriod&hwtype=un&expect=3&format=1&uid=1754045746&app_name=tvlive&app_ver=4.2.0.050&devid=macB01BD2542D51&uuid=B01BD2542D511534350373311_0&station=lb_zczb5&sign_dev=C0BC870D3EF4276126D66995020B0DBA&app_code=2018071917&liveId=2282&p1=2&p2=20&p3=20_tvlive_cibn&wmac=b8:fc:9b:04:68:2a&lstm=1fpycc&lsbv=2fn&lssv=1EcjuT_T1_S19mbZ4_ViRD_P7IOos4LsQanBscJQ9tFbRR3BYgBI_I0_M0&lsdg=340l6j7rHJ79SwmOX7N9ld4KhjMi&lsst=1&lsse=2Di0UF), result(404 - Channel Close Failed)
08-16 14:14:12.673 W/VIDEO   ( 1803): Lock Status: APP:UNLOCK, RESERVE_1:UNLOCK, RESERVE_2:UNLOCK, RESERVE_3:UNLOCK
08-16 14:14:12.673 W/VIDEO   ( 1803): enScalerWinType: MAIN, isLock: 0
08-16 14:14:12.673 W/VIDEO   ( 1803): bEnable: 1, getMuteFlag(engine, eWin): 0, 
08-16 14:14:12.673 W/VIDEO   ( 1803): BACKEND engine is 0
08-16 14:14:12.674 W/VIDEO   ( 1803): BACKEND engine video only is 0
08-16 14:14:12.674 W/VIDEO   ( 1803): SOC engine is 0
08-16 14:14:12.674 W/VIDEO   ( 1803): XC engine (MAIN) is 0
08-16 14:14:12.674 W/VIDEO   ( 1803): XC engine (SUB) is 1
08-16 14:14:12.674 W/VIDEO   ( 1803): Lock Mute Status => 
08-16 14:14:12.674 W/VIDEO   ( 1803): Lock Status: APP:UNLOCK, RESERVE_1:UNLOCK, RESERVE_2:UNLOCK, RESERVE_3:UNLOCK
08-16 14:14:12.674 W/VIDEO   ( 1803): enScalerWinType: MAIN, isLock: 0
08-16 14:14:12.674 W/VIDEO   ( 1803): Lock Status: APP:UNLOCK, RESERVE_1:UNLOCK, RESERVE_2:UNLOCK, RESERVE_3:UNLOCK
08-16 14:14:12.674 W/VIDEO   ( 1803): enScalerWinType: SUB, isLock: 0
08-16 14:14:12.674 W/VIDEO   ( 1803): ==== Increase After ====
08-16 14:14:12.674 W/VIDEO   ( 1803): BACKEND engine is 0
08-16 14:14:12.674 W/VIDEO   ( 1803): BACKEND engine video only is 0
08-16 14:14:12.674 W/VIDEO   ( 1803): SOC engine is 0
08-16 14:14:12.674 W/VIDEO   ( 1803): XC engine (MAIN) is 0
08-16 14:14:12.674 W/VIDEO   ( 1803): XC engine (SUB) is 1
08-16 14:14:12.674 W/VIDEO   ( 1803): Lock Mute Status => 
08-16 14:14:12.674 W/VIDEO   ( 1803): Lock Status: APP:UNLOCK, RESERVE_1:UNLOCK, RESERVE_2:UNLOCK, RESERVE_3:UNLOCK
08-16 14:14:12.674 W/VIDEO   ( 1803): enScalerWinType: MAIN, isLock: 0
08-16 14:14:12.674 W/VIDEO   ( 1803): Lock Status: APP:UNLOCK, RESERVE_1:UNLOCK, RESERVE_2:UNLOCK, RESERVE_3:UNLOCK
08-16 14:14:12.674 W/VIDEO   ( 1803): enScalerWinType: SUB, isLock: 0
08-16 14:14:12.674 W/VIDEO   ( 1803): [Mute By API]MuteEngine: 0, u16WaitToDoTime :0 , tid: 17065 
08-16 14:14:12.674 I/tvos    ( 1764): TvManagerService::Client::setVideoMute  eSrcType = 34,bScreenMute= 1,enColor =0,screenUnMuteTime =0
08-16 14:14:12.674 I/tvos    ( 1764): TvManagerService::Client::setVideoMute  eSrcType = 34,bScreenMute= 1,engine =0
08-16 14:14:12.674 I/tvos    ( 1764): Enter LockMuteStatus =======>
08-16 14:14:12.676 I/cdelog  ( 3380): core::supernode::HttpServer(137)::close connection(127.0.0.1:52711), url(/play/stop)
08-16 14:14:12.677 W/InputDispatcher( 2207): findFocusedWindow finished: injectionResult=-1, timeSpentWaitingForApplication=3.8ms
08-16 14:14:12.678 W/InputDispatcher( 2207): findFocusedWindow finished: injectionResult=-1, timeSpentWaitingForApplication=5.1ms
08-16 14:14:12.688 I/TvLiveBaseFragment( 3007): onPause
08-16 14:14:12.688 I/ShoppingPlugin-stv-PluginFragment( 3007): onPause ->in
08-16 14:14:12.688 I/ShoppingPlugin-stv-PluginRootLayout( 3007): onFragmentPause ---> in
08-16 14:14:12.689 I/Launcher( 3007): [com.stv.launcher] LauncherActivity -- onPause  mBootSignalFirst=false sCurrentScreen = signal
08-16 14:14:12.689 I/Launcher( 3007): [com.stv.launcher] ===== enalbeAllKey =====
08-16 14:14:12.689 I/WindowManager( 2207): setBlockVoiceKey = false
08-16 14:14:12.690 I/WindowManager( 2207): setBlockSourceKey = false
08-16 14:14:12.690 I/WindowManager( 2207): setBlockSettingKey = false
08-16 14:14:12.690 I/WindowManager( 2207): setBlockFunctionKeys = false
08-16 14:14:12.691 I/WindowManager( 2207): setBlockHomeKey = false
08-16 14:14:12.698 I/ActivityManager( 2207): TR7) TaskRecord{93ba410 #3 A=com.stv.signalsourcemanager U=0 sz=1}
08-16 14:14:12.698 I/ActivityManager( 2207): TR6) TaskRecord{14b0d11 #1 A=com.stv.launcher U=0 sz=1}
08-16 14:14:12.699 I/ActivityManager( 2207): accel TR7) TaskRecord{93ba410 #3 A=com.stv.signalsourcemanager U=0 sz=1}
08-16 14:14:12.699 I/ActivityManager( 2207): accel TR6) TaskRecord{14b0d11 #1 A=com.stv.launcher U=0 sz=1}
08-16 14:14:12.711 W/VIDEO   ( 1803): Lock Mute Status => 
08-16 14:14:12.711 W/VIDEO   ( 1803): Lock Status: APP:LOCK, RESERVE_1:UNLOCK, RESERVE_2:UNLOCK, RESERVE_3:UNLOCK
08-16 14:14:12.711 W/VIDEO   ( 1803): enScalerWinType: MAIN, isLock: 1
08-16 14:14:12.711 W/VIDEO   ( 1803): Lock Status: APP:UNLOCK, RESERVE_1:UNLOCK, RESERVE_2:UNLOCK, RESERVE_3:UNLOCK
08-16 14:14:12.711 W/VIDEO   ( 1803): enScalerWinType: SUB, isLock: 0
08-16 14:14:12.713 W/InputDispatcher( 2207): findFocusedWindow finished: injectionResult=-1, timeSpentWaitingForApplication=39.9ms
08-16 14:14:12.715 W/InputDispatcher( 2207): findFocusedWindow finished: injectionResult=-1, timeSpentWaitingForApplication=42.4ms
08-16 14:14:12.716 W/InputDispatcher( 2207): findFocusedWindow finished: injectionResult=-1, timeSpentWaitingForApplication=43.4ms
08-16 14:14:12.717 W/InputDispatcher( 2207): findFocusedWindow finished: injectionResult=-1, timeSpentWaitingForApplication=44.3ms
08-16 14:14:12.724 I/SpoPlayer( 3007): [27] onVideoDisabled
08-16 14:14:12.724 I/SpoPlayer( 3007): [27] onAudioDisabled
08-16 14:14:12.724 I/TvLiveBaseFragment( 3007): onHiddenChanged
08-16 14:14:12.724 I/TvLiveBaseFragment( 3007): onHiddenChanged: live is not showing, ignore this call
08-16 14:14:12.731 I/Utopia  ( 1749): [DIP API]DIP already Opened
08-16 14:14:12.731 I/Utopia  ( 1749): [DIP API]MDrv_CMD_DIP_RELEASE_RESOURCE[0]   start
08-16 14:14:12.731 I/Utopia  ( 1749): [DIP API]MDrv_CMD_DIP_RELEASE_RESOURCE[0]   end
08-16 14:14:12.740 W/ContextImpl( 4876): Calling a method in the system process without a qualified user: android.app.ContextImpl.sendStickyBroadcast:1015 android.content.ContextWrapper.sendStickyBroadcast:509 com.stv.signalsourcemanager.BaseActivity.onStart:110 com.stv.signalsourcemanager.BaseUIActivity.onStart:240 com.stv.signalsourcemanager.MainActivity.onStart:182 
08-16 14:14:12.750 I/tvos    ( 1764): =============GetAudioOutputDevice, retval : 0
08-16 14:14:12.752 D/IVideoSet( 1803): Receive VIDEO_CLOSEWIN
08-16 14:14:12.752 E/VIDEO   ( 1803): This API will be removed in next version, please reduce use it. thanks!!
08-16 14:14:12.752 E/VIDEO   ( 1803): enable:1, u16VideoUnMuteTime: 0 
08-16 14:14:12.752 W/VIDEO   ( 1803): [36m Mute Engine is 0, engine is 0 [m
08-16 14:14:12.752 W/VIDEO   ( 1803): Lock Status: APP:LOCK, RESERVE_1:UNLOCK, RESERVE_2:UNLOCK, RESERVE_3:UNLOCK
08-16 14:14:12.752 W/VIDEO   ( 1803): enScalerWinType: MAIN, isLock: 1
08-16 14:14:12.752 W/VIDEO   ( 1803): bEnable: 1, getMuteFlag(engine, eWin): 0, 
08-16 14:14:12.752 W/VIDEO   ( 1803): BACKEND engine is 0
08-16 14:14:12.752 W/VIDEO   ( 1803): BACKEND engine video only is 0
08-16 14:14:12.752 W/VIDEO   ( 1803): SOC engine is 0
08-16 14:14:12.752 W/VIDEO   ( 1803): XC engine (MAIN) is 0
08-16 14:14:12.752 W/VIDEO   ( 1803): XC engine (SUB) is 1
08-16 14:14:12.752 W/VIDEO   ( 1803): Lock Mute Status => 
08-16 14:14:12.752 W/VIDEO   ( 1803): Lock Status: APP:LOCK, RESERVE_1:UNLOCK, RESERVE_2:UNLOCK, RESERVE_3:UNLOCK
08-16 14:14:12.752 W/VIDEO   ( 1803): enScalerWinType: MAIN, isLock: 1
08-16 14:14:12.752 W/VIDEO   ( 1803): Lock Status: APP:UNLOCK, RESERVE_1:UNLOCK, RESERVE_2:UNLOCK, RESERVE_3:UNLOCK
08-16 14:14:12.752 W/VIDEO   ( 1803): enScalerWinType: SUB, isLock: 0
08-16 14:14:12.752 W/VIDEO   ( 1803): ==== Increase After ====
08-16 14:14:12.752 W/VIDEO   ( 1803): BACKEND engine is 0
08-16 14:14:12.752 W/VIDEO   ( 1803): BACKEND engine video only is 0
08-16 14:14:12.752 W/VIDEO   ( 1803): SOC engine is 0
08-16 14:14:12.752 W/VIDEO   ( 1803): XC engine (MAIN) is 1
08-16 14:14:12.752 W/VIDEO   ( 1803): XC engine (SUB) is 1
08-16 14:14:12.752 W/VIDEO   ( 1803): Lock Mute Status => 
08-16 14:14:12.752 W/VIDEO   ( 1803): Lock Status: APP:LOCK, RESERVE_1:UNLOCK, RESERVE_2:UNLOCK, RESERVE_3:UNLOCK
08-16 14:14:12.752 W/VIDEO   ( 1803): enScalerWinType: MAIN, isLock: 1
08-16 14:14:12.752 W/VIDEO   ( 1803): Lock Status: APP:UNLOCK, RESERVE_1:UNLOCK, RESERVE_2:UNLOCK, RESERVE_3:UNLOCK
08-16 14:14:12.752 W/VIDEO   ( 1803): enScalerWinType: SUB, isLock: 0
08-16 14:14:12.752 W/HDR     ( 1803): [SetHdrMetadata][11085] HDR metadata type is 0.
08-16 14:14:12.753 I/tvos    ( 1764): Enter SetVideoMute =======>
08-16 14:14:12.753 I/tvos    ( 1764): =============
08-16 14:14:12.753 I/tvos    ( 1764): [SetBacklight] backlight value 100
08-16 14:14:12.753 I/tvos    ( 1764): get machine type is:0 
08-16 14:14:12.753 I/tvos    ( 1764): Go pql pwm 100 !!!!!
08-16 14:14:12.753 I/tvos    ( 1764): get machine type is:0 
08-16 14:14:12.753 I/tvos    ( 1764): [3D]SetVideostartFlag(0)
08-16 14:14:12.754 D/VideoSetService( 1803): AsyncProcThread :: post evetn : 4
08-16 14:14:12.754 I/tvos    ( 1764): [WARNING]Post Event 4 but not registered, ignored!!!
08-16 14:14:12.755 W/VIDEO   ( 1803): Finalize:3269 Video Finalize : Win[0], Source[34]
08-16 14:14:12.755 I/tvos    ( 1764): mapi_video_base::Finalize lock m_u16TestCount: 1
08-16 14:14:12.756 E/PictureManagerService( 1803): EV_EVENT_VIDEO_STATUS, wParam is 0,  lParam is 0.
08-16 14:14:12.756 E/PictureManager_JNI( 2881): notifyCB event = -1610613699
08-16 14:14:12.756 E/PictureManager_JNI( 2720): notifyCB event = -1610613699
08-16 14:14:12.757 I/tvos    ( 1764): Send NOTIFY_CALLBACK
08-16 14:14:12.757 I/tvos    ( 1764): Send NOTIFY_CALLBACK
08-16 14:14:12.757 I/tvos    ( 1764): Send NOTIFY_CALLBACK
08-16 14:14:12.757 E/PictureManager_JNI( 7791): notifyCB event = -1610613699
08-16 14:14:12.757 I/tvos    ( 1764): Send NOTIFY_CALLBACK
08-16 14:14:12.758 E/PictureManager_JNI( 4876): notifyCB event = -1610613699
08-16 14:14:12.758 I/tvos    ( 1764): Send NOTIFY_CALLBACK
08-16 14:14:12.758 E/com.mstar.android.tvapi.common.PictureManager.EventHandler( 2881): [PIC]video status change to :0
08-16 14:14:12.759 E/com.mstar.android.tvapi.common.PictureManager.EventHandler( 2720): [PIC]video status change to :0
08-16 14:14:12.761 E/com.mstar.android.tvapi.common.PictureManager.EventHandler( 7791): [PIC]video status change to :0
08-16 14:14:12.766 I/tvos    ( 1764): [37m[INFO] Change to Voltage: 1150 mV (0x22)[m
08-16 14:14:12.766 I/tvos    ( 1764): [37m[INFO] Change to Voltage: 1150 mV (0x25)[m
08-16 14:14:12.766 W/ContextImpl( 4876): Calling a method in the system process without a qualified user: android.app.ContextImpl.sendBroadcast:766 android.content.ContextWrapper.sendBroadcast:396 com.stv.signalsourcemanager.BaseActivity.onStart:119 com.stv.signalsourcemanager.BaseUIActivity.onStart:240 com.stv.signalsourcemanager.MainActivity.onStart:182 
08-16 14:14:12.766 I/tvos    ( 1764): [37m[INFO] Change to Voltage: 1150 mV (0x28)[m
08-16 14:14:12.767 I/tvos    ( 1764): [37m[INFO] Change to Voltage: 1150 mV (0x2B)[m
08-16 14:14:12.768 W/InputMethodManagerService( 2207): Starting input on non-focused client com.android.internal.view.IInputMethodClient$Stub$Proxy@7163e83 (uid=1000 pid=3007)
08-16 14:14:12.769 W/ContextImpl( 4876): Calling a method in the system process without a qualified user: android.app.ContextImpl.sendBroadcast:766 android.content.ContextWrapper.sendBroadcast:396 com.stv.signalsourcemanager.BaseActivity.onStart:125 com.stv.signalsourcemanager.BaseUIActivity.onStart:240 com.stv.signalsourcemanager.MainActivity.onStart:182 
08-16 14:14:12.769 I/tvos    ( 1764): [37m[INFO] Change to Voltage: 1150 mV (0x2E)[m
08-16 14:14:12.770 I/tvos    ( 1764): [37m[INFO] Change to Voltage: 1150 mV (0x2E)[m
08-16 14:14:12.771 I/tvos    ( 1764): Unknow Input Type 
08-16 14:14:12.776 E/VIDEO   ( 1803): This API will be removed in next version, please reduce use it. thanks!!
08-16 14:14:12.776 E/VIDEO   ( 1803): enable:0, u16VideoUnMuteTime: 0 
08-16 14:14:12.776 I/tvos    ( 1764): mapi_video_base::Finalize unlock m_u16TestCount: 0
08-16 14:14:12.776 I/tvos    ( 1764): Enter SetVideoMute =======>
08-16 14:14:12.776 I/tvos    ( 1764): =============BW Window:0, PQSource:9, Hsize:3840, Vsize: 2160, interlace:0, Vfreq=500
08-16 14:14:12.776 I/tvos    ( 1764): Read Bandwidthtable.bin
08-16 14:14:12.779 V/VideoSetService( 1803): disconnect (callingPid 1749, clientPid 1749)
08-16 14:14:12.779 V/VideoSetService( 1803): removeClient(callingPid 1749)
08-16 14:14:12.785 W/VIDEO   ( 1803): Enter LockMuteStatus
08-16 14:14:12.785 W/VIDEO   ( 1803): bEnable: 0, getMuteFlag(engine, eWin): 1, 
08-16 14:14:12.785 W/VIDEO   ( 1803): Lock Mute Status => 
08-16 14:14:12.785 W/VIDEO   ( 1803): Lock Status: APP:UNLOCK, RESERVE_1:UNLOCK, RESERVE_2:UNLOCK, RESERVE_3:UNLOCK
08-16 14:14:12.785 W/VIDEO   ( 1803): enScalerWinType: MAIN, isLock: 0
08-16 14:14:12.785 W/VIDEO   ( 1803): Lock Status: APP:UNLOCK, RESERVE_1:UNLOCK, RESERVE_2:UNLOCK, RESERVE_3:UNLOCK
08-16 14:14:12.785 W/VIDEO   ( 1803): enScalerWinType: SUB, isLock: 0
08-16 14:14:12.785 I/tvos    ( 1764): TvManagerService::Client::setVideoMute  eSrcType = 34,bScreenMute= 0,enColor =0,screenUnMuteTime =0
08-16 14:14:12.785 I/tvos    ( 1764): TvManagerService::Client::setVideoMute  eSrcType = 34,bScreenMute= 0,engine =0
08-16 14:14:12.785 I/tvos    ( 1764): Enter LockMuteStatus =======>
08-16 14:14:12.786 I/MediaFocusControl( 2207):  AudioFocus  requestAudioFocus() from android.media.AudioManager@ea278bacom.stv.signalsourcemanager.BaseActivity$1@5d2436b req=1flags=0x0
08-16 14:14:12.786 V/VideoSetService( 1803): VideoSetService::Client destructor(callingPid 1749)
08-16 14:14:12.786 V/VideoSetService( 1803): disconnect (callingPid 1803, clientPid 1749)
08-16 14:14:12.786 V/VideoSetService( 1803): removeClient(callingPid 1803)
08-16 14:14:12.792 I/ThreeDimensionManager( 1749): ThreeDimensionManager disconnect
08-16 14:14:12.792 I/ThreeDimensionManager( 1749): 
08-16 14:14:12.797 I/ThreeDimensionManager( 1749): ~ThreeDimensionManager destructor
08-16 14:14:12.797 I/ThreeDimensionManager( 1749): 
08-16 14:14:12.797 I/ThreeDimensionManager( 1749): ThreeDimensionManager disconnect
08-16 14:14:12.797 I/ThreeDimensionManager( 1749): 
08-16 14:14:12.799 W/InputDispatcher( 2207): findFocusedWindow finished: injectionResult=-1, timeSpentWaitingForApplication=125.9ms
08-16 14:14:12.800 I/RMAllocator( 1750): ~ClientInfo this=1656329184,mRMClient=1656328800. id=18
08-16 14:14:12.800 W/RMAllocator( 1750): returnAllResourcesFor: not registered, nothing to do
08-16 14:14:12.800 I/columnmanager( 4326): changeTV:null,curent tvid:null
08-16 14:14:12.800 I/columnmanager( 4326): set tvid:null
08-16 14:14:12.801 W/ContextImpl( 4876): Calling a method in the system process without a qualified user: android.app.ContextImpl.startService:1224 android.content.ContextWrapper.startService:581 com.stv.signalsourcemanager.SourceBase.startReportService:1072 com.stv.signalsourcemanager.SourceBase.onStart:149 com.stv.signalsourcemanager.mstar.MstarSource.onStart:24 
08-16 14:14:12.802 W/InputDispatcher( 2207): findFocusedWindow finished: injectionResult=-1, timeSpentWaitingForApplication=129.1ms
08-16 14:14:12.804 I/columnmanager( 4326): set tvid:null
08-16 14:14:12.813 I/LetvHelperService( 2613): [com.stv.helper.service] TvMasterService -- listenActivityChanged callback = android.os.BinderProxy@c0ad104
08-16 14:14:12.821 W/ContextImpl( 2837): Calling a method in the system process without a qualified user: android.app.ContextImpl.startService:1224 android.content.ContextWrapper.startService:581 android.content.ContextWrapper.startService:581 com.stv.reportlog.channel.stargazer.receiver.StargazerCustomReceiver.onReceive:18 android.app.ActivityThread.handleReceiver:2730 
08-16 14:14:12.866 I/tvos    ( 1764): =============get TvEventListenerReady
08-16 14:14:12.874 E/LETV_DEVICE( 1780): no name sn for Mstar
08-16 14:14:12.887 I/StvLogReport( 2837): StargazerReportTask, {"seq":677,"devid":"X440M-b01bd2542d51-","mac":"b01bd2542d51","uid":"1754045746","clientVersion":"6.5.307D_0801","model":"X440M","time":1534400052,"app":"信号源","status":"播放","signalType":"直播","channelName":""}
08-16 14:14:12.896 I/tvos    ( 1764): [37m[INFO] Change to Voltage: 1130 mV (0x1F)[m
08-16 14:14:12.896 I/tvos    ( 1764): [37m[INFO] Change to Voltage: 1130 mV (0x22)[m
08-16 14:14:12.896 I/tvos    ( 1764): [37m[INFO] Change to Voltage: 1130 mV (0x25)[m
08-16 14:14:12.896 I/tvos    ( 1764): [37m[INFO] Change to Voltage: 1130 mV (0x28)[m
08-16 14:14:12.896 I/tvos    ( 1764): [37m[INFO] Change to Voltage: 1130 mV (0x2B)[m
08-16 14:14:12.896 I/tvos    ( 1764): [37m[INFO] Change to Voltage: 1130 mV (0x2C)[m
08-16 14:14:12.901 I/StvLogReport( 2837): StargazerReportTask, reponse1 : {"status":"OK","statusCode":200,"message":"succeefully"}
08-16 14:14:12.910 E/ActivityThread( 2837): Failed to find provider info for com.letv.agnes.InfoProvider
08-16 14:14:12.912 E/ActivityThread( 2837): Failed to find provider info for com.letv.agnes.InfoProvider
08-16 14:14:12.912 W/System.err( 2837): java.lang.IllegalArgumentException: Unknown URL content://com.letv.agnes.InfoProvider
08-16 14:14:12.912 W/System.err( 2837): 	at android.content.ContentResolver.insert(ContentResolver.java:1227)
08-16 14:14:12.912 W/System.err( 2837): 	at com.letv.tracker2.agnes.Configuration.addDebugInfo(Configuration.java:289)
08-16 14:14:12.912 W/System.err( 2837): 	at com.letv.tracker2.agnes.MessageProcessor$SendEnvMsgTr$1.handleMessage(MessageProcessor.java:661)
08-16 14:14:12.912 W/System.err( 2837): 	at android.os.Handler.dispatchMessage(Handler.java:102)
08-16 14:14:12.912 W/System.err( 2837): 	at android.os.Looper.loop(Looper.java:148)
08-16 14:14:12.913 W/System.err( 2837): 	at com.letv.tracker2.agnes.MessageProcessor$SendEnvMsgTr.run(MessageProcessor.java:665)
08-16 14:14:12.922 I/[T1.0.6.3]EuiAgnes_Server( 2837): resCode:1
08-16 14:14:12.923 I/[T1.0.6.3]EuiAgnes_Server( 2837): b[0]:0
08-16 14:14:12.929 W/InputDispatcher( 2207): findFocusedWindow finished: injectionResult=-1, timeSpentWaitingForApplication=256.4ms
08-16 14:14:12.930 W/InputDispatcher( 2207): findFocusedWindow finished: injectionResult=-1, timeSpentWaitingForApplication=257.4ms
08-16 14:14:12.936 W/InputDispatcher( 2207): findFocusedWindow finished: injectionResult=-1, timeSpentWaitingForApplication=263.1ms
08-16 14:14:12.936 E/critical_path_log( 3007): superlive_7799adbbe191b8ab_onTrimMemory: level = 20
08-16 14:14:12.951 W/InputDispatcher( 2207): Focus entered window: Window{3a28d46 u0 com.stv.signalsourcemanager/com.stv.signalsourcemanager.MainActivity}
08-16 14:14:12.951 W/InputDispatcher( 2207): findFocusedWindow finished: injectionResult=0, timeSpentWaitingForApplication=278.7ms
08-16 14:14:12.960 I/StvLogReport( 2837): StargazerReportTask, action=appClose&name=桌面&packagename=com.stv.launcher&versionCode=20180321&appVersionName=1.0.5&appType=1&mark=43&totalTime=16
08-16 14:14:12.961 E/BufferQueueProducer( 1749): [com.stv.signalsourcemanager/com.stv.signalsourcemanager.MainActivity] connect(P): already connected (cur=1 req=1)
08-16 14:14:12.966 W/ViewRootImpl( 4876): Cancelling event due to no window focus: KeyEvent { action=ACTION_UP, keyCode=KEYCODE_DPAD_LEFT, scanCode=0, metaState=0, flags=0x20, repeatCount=0, eventTime=510918788, downTime=510918788, deviceId=-1, source=0x101 }
08-16 14:14:12.966 W/ViewRootImpl( 4876): Cancelling event due to no window focus: KeyEvent { action=ACTION_UP, keyCode=KEYCODE_DPAD_LEFT, scanCode=0, metaState=0, flags=0x20, repeatCount=0, eventTime=510918788, downTime=510918788, deviceId=-1, source=0x101 }
08-16 14:14:12.966 W/ViewRootImpl( 4876): Cancelling event due to no window focus: KeyEvent { action=ACTION_UP, keyCode=KEYCODE_DPAD_LEFT, scanCode=0, metaState=0, flags=0x20, repeatCount=0, eventTime=510918788, downTime=510918788, deviceId=-1, source=0x101 }
08-16 14:14:12.966 W/ViewRootImpl( 4876): Cancelling event due to no window focus: KeyEvent { action=ACTION_UP, keyCode=KEYCODE_DPAD_LEFT, scanCode=0, metaState=0, flags=0x20, repeatCount=0, eventTime=510918788, downTime=510918788, deviceId=-1, source=0x101 }
08-16 14:14:12.966 W/ViewRootImpl( 4876): Cancelling event due to no window focus: KeyEvent { action=ACTION_UP, keyCode=KEYCODE_DPAD_LEFT, scanCode=0, metaState=0, flags=0x20, repeatCount=0, eventTime=510918788, downTime=510918788, deviceId=-1, source=0x101 }
08-16 14:14:12.966 W/ViewRootImpl( 4876): Cancelling event due to no window focus: KeyEvent { action=ACTION_UP, keyCode=KEYCODE_DPAD_LEFT, scanCode=0, metaState=0, flags=0x20, repeatCount=0, eventTime=510918788, downTime=510918788, deviceId=-1, source=0x101 }
08-16 14:14:12.966 W/ViewRootImpl( 4876): Cancelling event due to no window focus: KeyEvent { action=ACTION_UP, keyCode=KEYCODE_DPAD_LEFT, scanCode=0, metaState=0, flags=0x20, repeatCount=0, eventTime=510918788, downTime=510918788, deviceId=-1, source=0x101 }
08-16 14:14:12.966 W/ViewRootImpl( 4876): Cancelling event due to no window focus: KeyEvent { action=ACTION_UP, keyCode=KEYCODE_DPAD_LEFT, scanCode=0, metaState=0, flags=0x20, repeatCount=0, eventTime=510918788, downTime=510918788, deviceId=-1, source=0x101 }
08-16 14:14:12.966 W/ViewRootImpl( 4876): Cancelling event due to no window focus: KeyEvent { action=ACTION_UP, keyCode=KEYCODE_DPAD_LEFT, scanCode=0, metaState=0, flags=0x20, repeatCount=0, eventTime=510918788, downTime=510918788, deviceId=-1, source=0x101 }
08-16 14:14:12.967 E/com.mstar.android.tvapi.common.PictureManager.EventHandler( 4876): [PIC]video status change to :0
08-16 14:14:12.968 I/StvLogReport( 2837): StargazerReportTask, reponse2 : {"status":"OK","statusCode":200,"message":"succeefully"}
08-16 14:14:13.001 I/tvos    ( 1764): GetAudioOutputDevice, retval : 0
08-16 14:14:13.034 E/LETV_DEVICE( 1780): no name sn for Mstar
08-16 14:14:13.041 I/ActivityManager( 2207): Displayed com.stv.signalsourcemanager/.MainActivity: +347ms
08-16 14:14:13.041 W/ContextImpl( 2207): Calling a method in the system process without a qualified user: android.app.ContextImpl.sendBroadcast:766 com.android.server.am.ActivityRecord.reportLaunchTimeLocked:1056 com.android.server.am.ActivityRecord.windowsDrawnLocked:1080 com.android.server.am.ActivityRecord$Token.windowsDrawn:345 com.android.server.wm.WindowManagerService$H.handleMessage:8042 
08-16 14:14:13.043 W/ContextImpl( 2613): Calling a method in the system process without a qualified user: android.app.ContextImpl.startService:1224 android.content.ContextWrapper.startService:581 com.stv.helper.service.TvMasterService.noteLaunchTime:169 letv.tvmaster.ITvMasterService$Stub.onTransact:136 android.os.Binder.execTransact:453 
08-16 14:14:13.056 I/LetvManager-LogReport( 1780): [send_msg] line: 490 report url = http://log.hdtv.cp21.ott.cibntv.net:80/api/log/tvAction
08-16 14:14:13.082 E/ActivityThread( 2837): Failed to find provider info for com.letv.agnes.InfoProvider
08-16 14:14:13.083 E/ActivityThread( 2837): Failed to find provider info for com.letv.agnes.InfoProvider
08-16 14:14:13.083 W/System.err( 2837): java.lang.IllegalArgumentException: Unknown URL content://com.letv.agnes.InfoProvider
08-16 14:14:13.084 W/System.err( 2837): 	at android.content.ContentResolver.insert(ContentResolver.java:1227)
08-16 14:14:13.084 W/System.err( 2837): 	at com.letv.tracker2.agnes.Configuration.addDebugInfo(Configuration.java:289)
08-16 14:14:13.084 W/System.err( 2837): 	at com.letv.tracker2.agnes.MessageProcessor$SendEnvMsgTr$1.handleMessage(MessageProcessor.java:661)
08-16 14:14:13.084 W/System.err( 2837): 	at android.os.Handler.dispatchMessage(Handler.java:102)
08-16 14:14:13.084 W/System.err( 2837): 	at android.os.Looper.loop(Looper.java:148)
08-16 14:14:13.084 W/System.err( 2837): 	at com.letv.tracker2.agnes.MessageProcessor$SendEnvMsgTr.run(MessageProcessor.java:665)
08-16 14:14:13.093 I/[T1.0.6.3]EuiAgnes_Server( 2837): resCode:1
08-16 14:14:13.093 I/[T1.0.6.3]EuiAgnes_Server( 2837): b[0]:0
08-16 14:14:13.101 I/DatabaseManager_JNI( 3538): setDatabaseDirtyByApplication
08-16 14:14:13.102 E/DataBaseDeskImpl( 4876): ===========>>>> now change Index = 25
08-16 14:14:13.131 E/TvApp   ( 4876): SetSourceType:E_INPUT_SOURCE_DTV
08-16 14:14:13.137 D/TvManagerService( 1803): IsSourceChanging-check switch inputsource ret=0!
08-16 14:14:13.140 I/RMAllocator( 1750): ClientInfo this=1656324656, mRMClient=1656326688. id=1
08-16 14:14:13.142 I/tvos    ( 1764): ./src/MSrv_Control_common.cpp,line:3117 eInputSrc =28,eWin =0,bForceSet =0
08-16 14:14:13.142 I/tvos    ( 1764): TvManagerService::PostEvent, nEvt is 536875018.
08-16 14:14:13.142 I/tvos    ( 1764): No power-off timer be trigger!!!
08-16 14:14:13.143 I/tvos    ( 1764): MonitorOffModeTimer:ts.tv_sec = 2147483647
08-16 14:14:13.145 E/TvManager_JNI( 4876): notifyCB event = 536875018
08-16 14:14:13.146 E/TvManager_JNI( 2207): notifyCB event = 536875018
08-16 14:14:13.146 E/TvManager_JNI( 3538): notifyCB event = 536875018
08-16 14:14:13.152 E/TvManager_JNI( 2822): notifyCB event = 536875018
08-16 14:14:13.156 I/TvLiveBaseFragment( 3007): onStop
08-16 14:14:13.159 E/TvManager_JNI( 2720): notifyCB event = 536875018
08-16 14:14:13.162 I/tvos    ( 1764): @@@MSrv_System_Database::GetVideoSettinginit device_pcb and SetTunerWakeUp 
08-16 14:14:13.162 I/tvos    ( 1764): caigang 11301715 device_tuner_R846: SetTunerWakeUp
08-16 14:14:13.164 I/tvos    ( 1764): [SetBacklight] backlight value 100
08-16 14:14:13.164 I/tvos    ( 1764): get machine type is:0 
08-16 14:14:13.164 I/tvos    ( 1764): Go pql pwm 100 !!!!!
08-16 14:14:13.164 I/tvos    ( 1764): get machine type is:0 
08-16 14:14:13.165 E/TvManager_JNI( 2881): notifyCB event = 536875018
08-16 14:14:13.171 E/TvManager_JNI( 7791): notifyCB event = 536875018
08-16 14:14:13.172 E/TvManager_JNI(14251): notifyCB event = 536875018
08-16 14:14:13.198 I/tvos    ( 1764): threadMonitor,line:595..will call SetInputSourceCmd 
08-16 14:14:13.199 I/tvos    ( 1764): [AutoTest][SourceChange][SetInputSourceCmd  28 START][510919624]
08-16 14:14:13.213 I/tvos    ( 1764): [SetInputSourceCmd] call SetSoundMuteStatus, Line :1180
08-16 14:14:13.213 I/tvos    ( 1764): mapi_str::addStrThreadItem ptid=0xc5601460 m_StrThreadItems.size()=12,this=0xd93dc0, name=InitCECThread
08-16 14:14:13.213 I/tvos    ( 1764): [audioBSP] #1 m_internalMute : 1 ..
08-16 14:14:13.213 I/tvos    ( 1764): #1|->SDK_bPermanentAudioMute:0<-|->SDK_bMomentAudioMute:0 <-|->SDK_bBySyncAudioMute:0<-|->SDK_bByBlockAudioMute:0<-|->SDK_bByVChipAudioMute:0<-|
08-16 14:14:13.213 I/tvos    ( 1764): #1|->SDK_bInternal1AudioMute:0<-|->SDK_bInternal2AudioMute:0<-|->SDK_bInternal3AudioMute:0<-|->SDK_bInternal4AudioMute:0<-|
08-16 14:14:13.213 I/tvos    ( 1764): #1|->SDK_bByScanInOutchgCHchg:0<-|->SDK_bByDuringLimitedTimeAudioMute:0<-|->SDK_bSourceSwitchAudioMute:1<-|
08-16 14:14:13.213 I/tvos    ( 1764): #1|->SDK_bMHEGApMute:0<-|->SDK_bAllAudioMuteCtrl:0<-|->SDK_bPowerOnMute:0<-|->SDK_bNullSourceMute0<-|->SDK_bSetInputSourceAudioMute:0<-|
08-16 14:14:13.213 I/tvos    ( 1764): [audioBSP] #2 m_spkrMute : 1 ..|->SDK_bUsrSpkrAudioMute:0<-|->SDK_bPowerOnMute:0<-|->SDK_bByUserAudioMute:1<-|
08-16 14:14:13.213 I/tvos    ( 1764): [audioBSP] #3 m_PcmCapture2Mute:1 |->SDK_bByUserPcmCapture2Mute:0<-|->SDK_SUB_bByUserAudioMute:0<-|->SDK_bByUserAudioMute:1<-|
08-16 14:14:13.213 I/tvos    ( 1764): [audioBSP] #5 m_hpMute : 1 ..|->SDK_bUsrHpAudioMute:1<-|->SDK_bPowerOnMute:0<-|->SDK_bByUserAudioMute:1<-|
08-16 14:14:13.213 I/tvos    ( 1764): [audioBSP] #12 m_spdifMute : 1 ..
08-16 14:14:13.213 I/tvos    ( 1764): #12|->SDK_bPermanentAudioMute:0<-|->SDK_bMomentAudioMute:0<-|->SDK_bByBlockAudioMute:0<-|
08-16 14:14:13.213 I/tvos    ( 1764): #12|->SDK_bByVChipAudioMute:0<-|->SDK_bInternal1AudioMute:0<-|->SDK_bInternal4AudioMute:0<-|
08-16 14:14:13.213 I/tvos    ( 1764): #12|->SDK_bByDuringLimitedTimeAudioMute:0<-|->SDK_bSourceSwitchAudioMute:1<-|->SDK_bMHEGApMute:0<-|
08-16 14:14:13.214 I/tvos    ( 1764): #12|->SDK_bPowerOnMute:0<-|->SDK_bUsrSpdifAudioMute:1<-|->SDK_bNullSourceMute:0<-|->SDK_bByAppMute:0<-|
08-16 14:14:13.214 I/tvos    ( 1764): [CEC] msAPI_CEC_SetMyPhyAddr
08-16 14:14:13.214 I/tvos    ( 1764): [CEC] !H&!H msAPI_CEC_RoutingSourceChange->TxMsgActiveSource line = 5276
08-16 14:14:13.214 I/tvos    ( 1764): [CEC][TxMsg_ReqARCInitiation:2731] Non-adjacent ARC device exist
08-16 14:14:13.214 I/tvos    ( 1764): Mute ,mute Status repetition!
08-16 14:14:13.214 I/tvos    ( 1764): mapi_str::removeStrThreadItem ptid=0xc5601460 m_StrThreadItems.size()=11,this=0xd93dc0, name=InitCECThread
08-16 14:14:13.214 I/tvos    ( 1764): SetSoundMuteStatus : m_hpMute : 1, m_spdifMute : 1, m_DataInMute : 0, m_channel7Mute : 0, m_internalMute : 1, m_spkrMute : 1, m_PcmCapture1Mute : 0, m_PcmCapture2Mute : 1 
08-16 14:14:13.214 I/tvos    ( 1764): ./src/MSrv_Control_common.cpp,line:11037 SwitchInputSource 
08-16 14:14:13.214 I/tvos    ( 1764): [AutoTest][SourceChange][player finalize START][510919647]
08-16 14:14:13.214 W/HDR     ( 1803): [SetHdrMetadata][11085] HDR metadata type is 0.
08-16 14:14:13.214 W/VIDEO   ( 1803): [36m Mute Engine is 0, engine is 0 [m
08-16 14:14:13.214 W/VIDEO   ( 1803): bEnable: 1, getMuteFlag(engine, eWin): 1, 
08-16 14:14:13.214 W/VIDEO   ( 1803): BACKEND engine is 0
08-16 14:14:13.214 W/VIDEO   ( 1803): BACKEND engine video only is 0
08-16 14:14:13.214 W/VIDEO   ( 1803): SOC engine is 0
08-16 14:14:13.214 W/VIDEO   ( 1803): XC engine (MAIN) is 1
08-16 14:14:13.214 W/VIDEO   ( 1803): XC engine (SUB) is 1
08-16 14:14:13.214 W/VIDEO   ( 1803): Lock Mute Status => 
