--------- beginning of main
08-16 14:13:54.487 I/tvos    ( 1764): [37m[INFO] Change to Voltage: 1000 mV (0x1F)[m
08-16 14:13:54.699 I/tvos    ( 1764): GetAudioOutputDevice, retval : 0
08-16 14:13:54.887 I/tvos    ( 1764): [37m[INFO] Change to Voltage: 1150 mV (0x22)[m
08-16 14:13:54.887 I/tvos    ( 1764): [37m[INFO] Change to Voltage: 1150 mV (0x25)[m
08-16 14:13:54.887 I/tvos    ( 1764): [37m[INFO] Change to Voltage: 1150 mV (0x28)[m
08-16 14:13:54.887 I/tvos    ( 1764): [37m[INFO] Change to Voltage: 1150 mV (0x2B)[m
08-16 14:13:54.887 I/tvos    ( 1764): [37m[INFO] Change to Voltage: 1150 mV (0x2E)[m
08-16 14:13:54.887 I/tvos    ( 1764): [37m[INFO] Change to Voltage: 1150 mV (0x2E)[m
08-16 14:13:54.950 I/tvos    ( 1764): GetAudioOutputDevice, retval : 0
08-16 14:13:55.200 I/tvos    ( 1764): GetAudioOutputDevice, retval : 0
08-16 14:13:55.324 E/LetvRemoteupgradeManager-JNI( 2613): can't get LetvManager service!
08-16 14:13:55.410 I/Radio-JNI(12422): register_android_hardware_Radio DONE
--------- beginning of system
08-16 14:13:55.432 I/ActivityManager( 2207): Force stopping com.le.tcauto.uitest appid=10097 user=0: start instr
08-16 14:13:55.446 I/art     (12434): Late-enabling -Xcheck:jni
08-16 14:13:55.447 I/ActivityManager( 2207): Start proc 12434:com.le.tcauto.uitest/u0a97 for added application com.le.tcauto.uitest
08-16 14:13:55.451 I/tvos    ( 1764): GetAudioOutputDevice, retval : 0
08-16 14:13:55.489 I/tvos    ( 1764): [37m[INFO] Change to Voltage: 1030 mV (0x2E)[m
08-16 14:13:55.489 I/tvos    ( 1764): [37m[INFO] Change to Voltage: 1030 mV (0x2B)[m
08-16 14:13:55.491 I/tvos    ( 1764): [37m[INFO] Change to Voltage: 1030 mV (0x28)[m
08-16 14:13:55.492 I/tvos    ( 1764): [37m[INFO] Change to Voltage: 1030 mV (0x25)[m
08-16 14:13:55.493 I/tvos    ( 1764): [37m[INFO] Change to Voltage: 1030 mV (0x22)[m
08-16 14:13:55.495 I/tvos    ( 1764): [37m[INFO] Change to Voltage: 1030 mV (0x22)[m
08-16 14:13:55.508 W/System  (12434): ClassLoader referenced unknown path: /data/app/com.le.tcauto.uitest.test-1/lib/arm64
08-16 14:13:55.508 W/System  (12434): ClassLoader referenced unknown path: /data/app/com.le.tcauto.uitest-1/lib/arm64
08-16 14:13:55.527 I/MonitoringInstrumentation(12434): Instrumentation Started!
08-16 14:13:55.528 I/MonitoringInstrumentation(12434): Setting context classloader to 'dalvik.system.PathClassLoader[DexPathList[[zip file "/system/framework/android.test.runner.jar", zip file "/data/app/com.le.tcauto.uitest.test-1/base.apk", zip file "/data/app/com.le.tcauto.uitest-1/base.apk"],nativeLibraryDirectories=[/data/app/com.le.tcauto.uitest.test-1/lib/arm64, /data/app/com.le.tcauto.uitest-1/lib/arm64, /vendor/lib64, /system/lib64]]]', Original: 'dalvik.system.PathClassLoader[DexPathList[[zip file "/system/framework/android.test.runner.jar", zip file "/data/app/com.le.tcauto.uitest.test-1/base.apk", zip file "/data/app/com.le.tcauto.uitest-1/base.apk"],nativeLibraryDirectories=[/data/app/com.le.tcauto.uitest.test-1/lib/arm64, /data/app/com.le.tcauto.uitest-1/lib/arm64, /vendor/lib64, /system/lib64]]]'
08-16 14:13:55.531 I/MonitoringInstrumentation(12434): No JSBridge.
08-16 14:13:55.531 I/MonitoringInstrumentation(12434): java.lang.ClassNotFoundException: android.support.test.espresso.web.bridge.JavaScriptBridge
08-16 14:13:55.531 I/MonitoringInstrumentation(12434): 	at java.lang.Class.classForName(Native Method)
08-16 14:13:55.531 I/MonitoringInstrumentation(12434): 	at java.lang.Class.forName(Class.java:324)
08-16 14:13:55.531 I/MonitoringInstrumentation(12434): 	at java.lang.Class.forName(Class.java:285)
08-16 14:13:55.531 I/MonitoringInstrumentation(12434): 	at android.support.test.runner.MonitoringInstrumentation.tryLoadingJsBridge(MonitoringInstrumentation.java:612)
08-16 14:13:55.531 I/MonitoringInstrumentation(12434): 	at android.support.test.runner.MonitoringInstrumentation.access$100(MonitoringInstrumentation.java:88)
08-16 14:13:55.531 I/MonitoringInstrumentation(12434): 	at android.support.test.runner.MonitoringInstrumentation$3.run(MonitoringInstrumentation.java:223)
08-16 14:13:55.531 I/MonitoringInstrumentation(12434): 	at android.app.Instrumentation$SyncRunnable.run(Instrumentation.java:1897)
08-16 14:13:55.531 I/MonitoringInstrumentation(12434): 	at android.os.Handler.handleCallback(Handler.java:739)
08-16 14:13:55.531 I/MonitoringInstrumentation(12434): 	at android.os.Handler.dispatchMessage(Handler.java:95)
08-16 14:13:55.531 I/MonitoringInstrumentation(12434): 	at android.os.Looper.loop(Looper.java:148)
08-16 14:13:55.531 I/MonitoringInstrumentation(12434): 	at android.app.ActivityThread.main(ActivityThread.java:5423)
08-16 14:13:55.531 I/MonitoringInstrumentation(12434): 	at java.lang.reflect.Method.invoke(Native Method)
08-16 14:13:55.531 I/MonitoringInstrumentation(12434): 	at com.android.internal.os.ZygoteInit$MethodAndArgsCaller.run(ZygoteInit.java:744)
08-16 14:13:55.531 I/MonitoringInstrumentation(12434): 	at com.android.internal.os.ZygoteInit.main(ZygoteInit.java:634)
08-16 14:13:55.531 I/MonitoringInstrumentation(12434): Caused by: java.lang.ClassNotFoundException: Didn't find class "android.support.test.espresso.web.bridge.JavaScriptBridge" on path: DexPathList[[zip file "/system/framework/android.test.runner.jar", zip file "/data/app/com.le.tcauto.uitest.test-1/base.apk", zip file "/data/app/com.le.tcauto.uitest-1/base.apk"],nativeLibraryDirectories=[/data/app/com.le.tcauto.uitest.test-1/lib/arm64, /data/app/com.le.tcauto.uitest-1/lib/arm64, /vendor/lib64, /system/lib64]]
08-16 14:13:55.531 I/MonitoringInstrumentation(12434): 	at dalvik.system.BaseDexClassLoader.findClass(BaseDexClassLoader.java:56)
08-16 14:13:55.531 I/MonitoringInstrumentation(12434): 	at java.lang.ClassLoader.loadClass(ClassLoader.java:511)
08-16 14:13:55.531 I/MonitoringInstrumentation(12434): 	at java.lang.ClassLoader.loadClass(ClassLoader.java:469)
08-16 14:13:55.531 I/MonitoringInstrumentation(12434): 	... 14 more
08-16 14:13:55.531 I/MonitoringInstrumentation(12434): 	Suppressed: java.lang.ClassNotFoundException: android.support.test.espresso.web.bridge.JavaScriptBridge
08-16 14:13:55.531 I/MonitoringInstrumentation(12434): 		at java.lang.Class.classForName(Native Method)
08-16 14:13:55.531 I/MonitoringInstrumentation(12434): 		at java.lang.BootClassLoader.findClass(ClassLoader.java:781)
08-16 14:13:55.531 I/MonitoringInstrumentation(12434): 		at java.lang.BootClassLoader.loadClass(ClassLoader.java:841)
08-16 14:13:55.531 I/MonitoringInstrumentation(12434): 		at java.lang.ClassLoader.loadClass(ClassLoader.java:504)
08-16 14:13:55.531 I/MonitoringInstrumentation(12434): 		... 15 more
08-16 14:13:55.531 I/MonitoringInstrumentation(12434): 	Caused by: java.lang.NoClassDefFoundError: Class not found using the boot class loader; no stack trace available
08-16 14:13:55.559 I/TestRunner(12434): run started: 1 tests
08-16 14:13:55.561 I/TestRunner(12434): started: testDesktop(com.letv.cases.leui.SmokeDesktopSwitch)
08-16 14:13:55.565 I/MonitoringInstrumentation(12434): Activities that are still in CREATED to STOPPED: 0
08-16 14:13:55.583 I/LetvTestCase(12434): =====================case start time is :2018-8-16-2-13-55
08-16 14:13:55.608 I/System.out(12434): The folder /sdcard/AutoSmoke_UI30/testDesktop_20180816_141337 has existed!
08-16 14:13:55.608 I/System.out(12434): current_case_root_folder=testDesktop_20180816_141337
08-16 14:13:55.621 E/QueryController(12434): Got null root node from accessibility - Retrying...
08-16 14:13:55.701 I/tvos    ( 1764): GetAudioOutputDevice, retval : 0
08-16 14:13:55.952 I/tvos    ( 1764): GetAudioOutputDevice, retval : 0
08-16 14:13:55.986 I/tvos    ( 1764): [37m[INFO] Change to Voltage: 1130 mV (0x1F)[m
08-16 14:13:55.986 I/tvos    ( 1764): [37m[INFO] Change to Voltage: 1130 mV (0x22)[m
08-16 14:13:55.986 I/tvos    ( 1764): [37m[INFO] Change to Voltage: 1130 mV (0x25)[m
08-16 14:13:55.986 I/tvos    ( 1764): [37m[INFO] Change to Voltage: 1130 mV (0x28)[m
08-16 14:13:55.986 I/tvos    ( 1764): [37m[INFO] Change to Voltage: 1130 mV (0x2B)[m
08-16 14:13:55.987 I/tvos    ( 1764): [37m[INFO] Change to Voltage: 1130 mV (0x2C)[m
08-16 14:13:56.086 I/tvos    ( 1764): [37m[INFO] Change to Voltage: 1000 mV (0x2C)[m
08-16 14:13:56.086 I/tvos    ( 1764): [37m[INFO] Change to Voltage: 1000 mV (0x29)[m
08-16 14:13:56.086 I/tvos    ( 1764): [37m[INFO] Change to Voltage: 1000 mV (0x26)[m
08-16 14:13:56.086 I/tvos    ( 1764): [37m[INFO] Change to Voltage: 1000 mV (0x23)[m
08-16 14:13:56.086 I/tvos    ( 1764): [37m[INFO] Change to Voltage: 1000 mV (0x20)[m
08-16 14:13:56.087 I/tvos    ( 1764): [37m[INFO] Change to Voltage: 1000 mV (0x1F)[m
08-16 14:13:56.135 W/InputDispatcher( 2207): findFocusedWindow finished: injectionResult=0, timeSpentWaitingForApplication=0.0ms
08-16 14:13:56.140 W/InputDispatcher( 2207): findFocusedWindow finished: injectionResult=0, timeSpentWaitingForApplication=0.0ms
08-16 14:13:56.143 W/InputDispatcher( 2207): setFocusedApplication
08-16 14:13:56.145 W/InputDispatcher( 2207): Focus left window: Window{acb24ee u0 com.stv.globalsetting/com.stv.globalsetting.activity.AboutActivity}
08-16 14:13:56.153 I/ActivityManager( 2207): TR7) TaskRecord{14b0d11 #1 A=com.stv.launcher U=0 sz=1}
08-16 14:13:56.153 I/ActivityManager( 2207): TR6) TaskRecord{cfed557 #13 A=com.stv.globalsetting U=0 sz=1}
08-16 14:13:56.154 I/ActivityManager( 2207): accel TR7) TaskRecord{14b0d11 #1 A=com.stv.launcher U=0 sz=1}
08-16 14:13:56.154 I/ActivityManager( 2207): accel TR6) TaskRecord{cfed557 #13 A=com.stv.globalsetting U=0 sz=1}
08-16 14:13:56.166 E/LETV_DEVICE( 1780): no name sn for Mstar
08-16 14:13:56.182 I/AnalysisLog( 3007): Activ:onStart----start:time='510902615'
08-16 14:13:56.182 I/TvLiveBaseFragment( 3007): onStart
08-16 14:13:56.185 I/Launcher( 3007): [com.stv.launcher] LauncherActivity -- onStart, switchByStr: false
08-16 14:13:56.186 I/AnalysisLog( 3007): Plugin:onFragmentShowChanged_show:com.letv.android.tv.letvlive----start:time='510902619'
08-16 14:13:56.186 I/LauncherFragment( 3007): Show Flag:1
08-16 14:13:56.186 I/LiveStatusManager( 3007): setShowing: true
08-16 14:13:56.188 I/CdeUtil ( 3007): CdeHelper isReady:true port = 6990
08-16 14:13:56.192 I/AdStatusObservable( 3007): live status changed
08-16 14:13:56.192 I/TvLiveBaseFragment( 3007): live status changed
08-16 14:13:56.192 I/TvLiveBaseFragment( 3007): doOnHiddenChanged: hidden = false
08-16 14:13:56.192 I/TvLiveBaseFragment( 3007): doOnHiddenChanged: this is not top fragment, so ignore this call
08-16 14:13:56.192 I/KuYunStatusSender( 3007): onEnterLive
08-16 14:13:56.192 I/LauncherFragment( 3007): check cde status
08-16 14:13:56.193 I/CdeUtil ( 3007): CdeHelper isReady:true port = 6990
08-16 14:13:56.194 I/LauncherFragment( 3007): LauncherFragment: onFragmentShowChanged isNeedUserConfimfalse
08-16 14:13:56.195 I/CibnVerifyUtil( 3007): isVerified: broadcastSwitchtrue
08-16 14:13:56.195 E/critical_path_log( 3007): superlive_0b21396eb359444f_AppConfig.getBroadcastSwitch:true
08-16 14:13:56.195 I/StvManager( 3007): getLetvCarrierState
08-16 14:13:56.195 I/CommonService( 2808): [Common][SystemCommonServcice]:getLetvCarrierState requestCode: 1
08-16 14:13:56.202 I/tvos    ( 1764): [37m[INFO] Change to Voltage: 1150 mV (0x22)[m
08-16 14:13:56.202 I/tvos    ( 1764): [37m[INFO] Change to Voltage: 1150 mV (0x25)[m
08-16 14:13:56.202 I/tvos    ( 1764): [37m[INFO] Change to Voltage: 1150 mV (0x28)[m
08-16 14:13:56.202 I/tvos    ( 1764): [37m[INFO] Change to Voltage: 1150 mV (0x2B)[m
08-16 14:13:56.202 I/tvos    ( 1764): GetAudioOutputDevice, retval : 0
08-16 14:13:56.202 I/tvos    ( 1764): [37m[INFO] Change to Voltage: 1150 mV (0x2E)[m
08-16 14:13:56.205 I/tvos    ( 1764): [37m[INFO] Change to Voltage: 1150 mV (0x2E)[m
08-16 14:13:56.207 I/StvManager( 3007): getLetvCarrierState requestCode : 1
08-16 14:13:56.207 I/DeviceUtils( 3007): AppConfig.getBroadcastSwitch status:1
08-16 14:13:56.207 E/critical_path_log( 3007): superlive_0b21396eb359444f_deviceVerified:true
08-16 14:13:56.211 I/GlobalFocusChangedListe( 3007): null
08-16 14:13:56.211 I/AnalysisLog( 3007): Plugin:onFragmentShowChanged_show:com.letv.android.tv.letvlive----end:time='510902644'
08-16 14:13:56.212 I/BaseMainManager( 3007): isMultiProgramShow : false
08-16 14:13:56.212 I/BaseMainManager( 3007): isProgramsViewShow : false
08-16 14:13:56.212 I/BaseMainManager( 3007): isSettingShow : false
08-16 14:13:56.212 I/BaseMainManager( 3007): isChannelMenuShow : false
08-16 14:13:56.213 I/AnalysisLog( 3007): Activ:onStart----end:time='510902646'
08-16 14:13:56.213 I/Launcher( 3007): [com.stv.launcher] LauncherActivity --  debug_tag onResume
08-16 14:13:56.214 I/AnalysisLog( 3007): Activ:onResume----start:time='510902647'
08-16 14:13:56.215 I/Launcher( 3007): [com.stv.launcher] boot video finished=1 bootAnifinished = 1 str =  strAdFinished = 3
08-16 14:13:56.215 I/Launcher( 3007): [com.stv.launcher] LauncherActivity -- onResume, switchByStr: false, bootAdFinish true
08-16 14:13:56.216 I/Launcher( 3007): [com.stv.launcher] LauncherActivity -- onResume mHandDetectStarted: false mHandDetectType: 0 mLastSelectedScreen = null
08-16 14:13:56.216 I/Launcher( 3007): [com.stv.launcher] PluginShell --  debug_tag  >>>>>> startLoadFirst <<<<<<
08-16 14:13:56.216 I/Launcher( 3007): [com.stv.launcher] PluginShell --  debug_tag  >>>>>> createPlugin <<<<<<
08-16 14:13:56.216 I/AnalysisLog( 3007): Activ:onResume----end:time='510902649'
08-16 14:13:56.216 I/Launcher( 3007): [com.stv.launcher] PluginShell --  debug_tag  ** createPlugin but current has empty **
08-16 14:13:56.217 I/TvLiveBaseFragment( 3007): onHiddenChanged
08-16 14:13:56.217 I/TvLiveBaseFragment( 3007): doOnHiddenChanged: hidden = false
08-16 14:13:56.217 I/TvliveStartSpeedTest( 3007): playerMainFragment onFragmentStart
08-16 14:13:56.217 I/PlayerMainFragment( 3007): onFragmentStart
08-16 14:13:56.217 I/LiveVoice( 3007): enterScene
08-16 14:13:56.219 I/PlayLoadingViewControl( 3007): showView type : LOADING_CHANGE_CHANNEL
08-16 14:13:56.219 I/PlayErrorControl( 3007): isStateInError mPlayVideoState=0
08-16 14:13:56.219 I/PlayLoadingView( 3007): showView type: LOADING_CHANGE_CHANNEL mIsShowingLoading = false
08-16 14:13:56.220 E/ViewManagerImpl( 3007): Trying to show view a for com.letv.android.letvlive.y.d@75259ce
08-16 14:13:56.221 I/ShimmerLine( 3007): onVisibilityChanged visibility = 8
08-16 14:13:56.221 I/ShimmerLine( 3007): onVisibilityChanged visibility = 8
08-16 14:13:56.221 E/ViewManagerImpl( 3007): Trying to show view end isDuringOneViewShown:false
08-16 14:13:56.221 I/VideoJJControl( 3007): onStart
08-16 14:13:56.221 I/SettingMenuControl( 3007): hideSettingView
08-16 14:13:56.221 I/GlobalFocusChangedListe( 3007): com.letv.component.player.videoview.VideoViewTV
08-16 14:13:56.222 I/TVlivePlayingManager( 3007): resume
08-16 14:13:56.222 I/PlayerStatusProvider( 3007): onStatusChanged: ILDE
08-16 14:13:56.222 I/Feature_Seek_PauseViewControl( 3007): onPlayerStatusChanged newStatus: STARTED
08-16 14:13:56.222 E/ViewManagerImpl( 3007): dismissView a for com.letv.android.letvlive.ac.d@685111d isDuringOneViewShown:false
08-16 14:13:56.222 I/WaterMarkControl2( 3007): status is started
08-16 14:13:56.222 I/ControllerCallbacks( 3007): onPlayResume() called with 
08-16 14:13:56.222 I/SystemUtil( 3007): isSupportDisplayBySys: sSupportDisplayBySys = 1
08-16 14:13:56.222 I/PlayerUtil( 3007): setSystemScreenProp isFragmentStart = true isSupportDisplayBySys = true
08-16 14:13:56.223 I/SystemUtil( 3007): setVideoSizeProperty value = 2
08-16 14:13:56.223 I/ProgramUpdateMonitorForLunBoLive( 3007): reset
08-16 14:13:56.223 I/PlayerBlockHelper( 3007): reset
08-16 14:13:56.223 I/ChannelIconControl( 3007): onStart
08-16 14:13:56.226 I/ChannelInfoViewControl( 3007): onStart
08-16 14:13:56.226 I/PlayerUtil( 3007): isJumpFromOther：false
08-16 14:13:56.227 I/ChannelInfoViewControl( 3007): showView curChannelInfo =  channelId = 2282 channelName = 欢乐颂 numberKeys = 33 type = 3 playType = 0 spuNo = null isCurNull = false
08-16 14:13:56.227 E/ViewManagerImpl( 3007): Trying to show view d for com.letv.android.letvlive.ChannelInfoView.a@1c7e987
08-16 14:13:56.227 I/PreAdPresenter( 3007): isAdPlaying isPlaying = false
08-16 14:13:56.227 I/MiddleAdPlayManager( 3007): isAdPlaying mIsPlayAd = false
08-16 14:13:56.227 E/ViewManagerImpl( 3007):     KEEP_BOTH for b existing: com.letv.android.letvlive.y.c@7c6ee85
08-16 14:13:56.228 E/ViewManagerImpl( 3007): Trying to show view end isDuringOneViewShown:false
08-16 14:13:56.228 I/ChannelInfoViewControl( 3007): cancelDelayClose
08-16 14:13:56.229 I/ChannelInfoViewControl( 3007): onVisibilityChanged: visibility = 0 channelInfo =  channelId = 2282 channelName = 欢乐颂 numberKeys = 33 type = 3 playType = 0 spuNo = null isCurNull = false
08-16 14:13:56.229 I/ChannelInfoViewControl( 3007): updateViewWithComming
08-16 14:13:56.229 I/ChannelInfoViewPresenter( 3007): updateViewWithComming: channelInfo =  channelId = 2282 channelName = 欢乐颂 numberKeys = 33 type = 3 playType = 0 spuNo = null isCurNull = false
08-16 14:13:56.229 I/Feature_Seek_PlayActionManager( 3007): mPlayProgramList size 0 mServerProgramList size 0
08-16 14:13:56.229 I/Feature_Seek_PlayActionManager( 3007): next program is  null
08-16 14:13:56.229 I/ChannelInfoViewPresenter( 3007): refreshPayInfo: isChannelPay = false
08-16 14:13:56.230 I/ChannelInfoViewPresenter( 3007): updateProgress cur_progress=100 originProgress = 13
08-16 14:13:56.230 I/ChannelInfoViewPresenter( 3007): setSubTitleSelect: select = true
08-16 14:13:56.230 I/ChannelIconControl( 3007): onChannelInfoShowEvent
08-16 14:13:56.230 E/ViewManagerImpl( 3007): dismissView d for com.letv.android.letvlive.d.a@2861fa1 isDuringOneViewShown:false
08-16 14:13:56.230 I/ChannelInfoViewControl( 3007): cancelDelayClose
08-16 14:13:56.230 I/ChannelInfoViewControl( 3007): delayClose
08-16 14:13:56.230 I/ChannelInfoViewControl( 3007): show channelInfo ad
08-16 14:13:56.230 I/ChannelInfoViewControl( 3007): showChannelInfoAdView streamName = lb_zczb5_1800
08-16 14:13:56.230 I/ChannelInfoViewControl( 3007): showChannelInfoAdView StreamUrl = http://live.g3proxy.cp21.ott.cibntv.net/gslb?stream_id=lb_zczb5_1800&tag=live&ext=m3u8&sign=live_tv
08-16 14:13:56.230 I/AdManager( 3007): fetch Channel Info Ad
08-16 14:13:56.230 I/ChannelInfoViewControl( 3007): onFetchStart
08-16 14:13:56.231 I/WaterMarkControl( 3007): hideView
08-16 14:13:56.231 I/WaterMarkControl( 3007): stopProcedure
08-16 14:13:56.231 I/WaterMarkControl( 3007): stopPlayWaterMark
08-16 14:13:56.231 I/GuideUtils( 3007): last versionCode 0 BuildConfig.VERSION_CODE 2018071917
08-16 14:13:56.231 I/GuideViewsControl( 3007): startViewsStatusLoop:needShow:true hasShownToday:false
08-16 14:13:56.231 I/GuideViewsControl( 3007): View loop runnable start
08-16 14:13:56.231 I/Feature_Pay_Channel_PayTipControl( 3007): hideView
08-16 14:13:56.231 I/Feature_Pay_Channel_PayTipControl( 3007): hidePayTip , isTemperary = false
08-16 14:13:56.231 E/ViewManagerImpl( 3007): dismissView f for com.letv.android.letvlive.paylive.view.n@cbb0a48 isDuringOneViewShown:false
08-16 14:13:56.231 I/AdUtil  ( 3007): createRParams: adType = CHANNEL_INFO_VIEW_AD
08-16 14:13:56.231 I/MultiProgramsControlVerticalGridView( 3007): Life circle --------------- onResume, newChannel=[channelId=2282, channelName=欢乐颂]
08-16 14:13:56.231 I/MultiProgramsControlVerticalGridView( 3007): Life circle --------------- onResume, lastChannel=[channelId=2282, channelName=欢乐颂]
08-16 14:13:56.231 I/AdUtil  ( 3007): assembleAdInfoParams = {sid=lb_zczb5_1800, token=103XXXym3vjCwfGSybbVYyLyM12Cm1zwLoAD7vux5sDnKGsJVEp6H1pPOOWm2stOKn8u57CrvwZcPm1EFou8TChzqoC5ulgn31I9Pl9NUpVHy7Q5y70YYm4, codeRage=flv_720p, streamURL=http://live.g3proxy.cp21.ott.cibntv.net/gslb?stream_id=lb_zczb5_1800&tag=live&ext=m3u8&sign=live_tv, uuid=B01BD2542D511534350373311_0, adInfoType=15, adZoneType=27, isVIP=0, isTryLook=null, adReqType=1}
08-16 14:13:56.231 I/MultiProgramsControlVerticalGridView( 3007): Life circle --------------- onResume, currentMainChannel=[channelId=2282, channelName=欢乐颂]
08-16 14:13:56.231 I/SubPlayerControl( 3007): onResume the sub Play mNeedResume:false
08-16 14:13:56.231 E/AdSDKManagerProxy( 3007):  getInstance 
08-16 14:13:56.231 I/BigNavigationControl( 3007): onStart: 
08-16 14:13:56.231 I/BigNavigationControl( 3007): Navigation Hide View
08-16 14:13:56.231 E/ReflectionUtils( 3007): callADObjectMethod class=class com.letv.adsdk.AdSDKManager   methodName=getAD
08-16 14:13:56.231 I/AdTipViewControl( 3007): onFragmentStart
08-16 14:13:56.231 E/AdSDKManager( 3007): getAD initComplete=true
08-16 14:13:56.231 I/AdTipViewControl( 3007): onFragmentStart mIsHandleBlockForAd = false
08-16 14:13:56.231 E/AdSDKManager( 3007): getAD parameters=sid:lb_zczb5_1800,token:103XXXym3vjCwfGSybbVYyLyM12Cm1zwLoAD7vux5sDnKGsJVEp6H1pPOOWm2stOKn8u57CrvwZcPm1EFou8TChzqoC5ulgn31I9Pl9NUpVHy7Q5y70YYm4,codeRage:flv_720p,streamURL:http://live.g3proxy.cp21.ott.cibntv.net/gslb?stream_id=lb_zczb5_1800&tag=live&ext=m3u8&sign=live_tv,uuid:B01BD2542D511534350373311_0,adInfoType:15,adZoneType:27,isVIP:0,isTryLook:null,adReqType:1,
08-16 14:13:56.231 I/PreAdPresenter( 3007): isAdPlaying isPlaying = false
08-16 14:13:56.231 E/AdSDKManager( 3007): getAD11 adZoneTypeStr:27
08-16 14:13:56.231 I/PlayReportManager( 3007): isBigScreenPlay isBigScreenPlay = true
08-16 14:13:56.231 I/PreAdPresenter( 3007): isAdPlaying isPlaying = false
08-16 14:13:56.231 E/AdSDKManager( 3007): getAD ctStr:0,arkKey:c_l
08-16 14:13:56.231 I/PlayReportManager( 3007): shouldNotReport : isNotNeedReport = false
08-16 14:13:56.231 E/AdSDKManager( 3007):  ad getCacheAdInfo=true
08-16 14:13:56.231 E/ads     ( 3007): adSdkReq ArkJniApi
08-16 14:13:56.231 I/PlayReportManager( 3007): getPyString
08-16 14:13:56.231 I/PlayReportManager( 3007): getPyString mReplayType = 3
08-16 14:13:56.231 I/PlayReportManager( 3007): getPyString pyString = replaytype=3&totaltime=632
08-16 14:13:56.232 I/PlayReportManager( 3007): init pyStringEncode = replaytype=3&totaltime=632
08-16 14:13:56.232 I/PlayReportManager( 3007): reportActionInit : source = CHANNEL_MENU_CHANNEL_KEY , uuid = B01BD2542D511534400037857_0
08-16 14:13:56.232 I/SlotAdStockReportController( 3007): onFragmentStart
08-16 14:13:56.232 I/HourViewControl( 3007): start
08-16 14:13:56.233 I/LetvHttp( 3007): LetvTeleHttpAsyncRequest requestData
08-16 14:13:56.233 E/ActivityThread( 2837): Failed to find provider info for com.letv.agnes.InfoProvider
08-16 14:13:56.234 I/HourManager( 3007): setOclockAlarmPreByElapsedTime , android SDK version = 23 , millis = 27521421534400037859 , after format : 14:59:50
08-16 14:13:56.235 E/ActivityThread( 2837): Failed to find provider info for com.letv.agnes.InfoProvider
08-16 14:13:56.235 W/System.err( 2837): java.lang.IllegalArgumentException: Unknown URL content://com.letv.agnes.InfoProvider
08-16 14:13:56.235 W/System.err( 2837): 	at android.content.ContentResolver.insert(ContentResolver.java:1227)
08-16 14:13:56.235 W/System.err( 2837): 	at com.letv.tracker2.agnes.Configuration.addDebugInfo(Configuration.java:289)
08-16 14:13:56.235 W/System.err( 2837): 	at com.letv.tracker2.agnes.MessageProcessor$SendEnvMsgTr$1.handleMessage(MessageProcessor.java:661)
08-16 14:13:56.235 W/System.err( 2837): 	at android.os.Handler.dispatchMessage(Handler.java:102)
08-16 14:13:56.235 W/System.err( 2837): 	at android.os.Looper.loop(Looper.java:148)
08-16 14:13:56.235 W/System.err( 2837): 	at com.letv.tracker2.agnes.MessageProcessor$SendEnvMsgTr.run(MessageProcessor.java:665)
08-16 14:13:56.236 I/HourManager( 3007): setOclockAlarmPostByElapsedTime , android SDK version = 23 , millis = 27631401534400037861 , after format : 15:00:01
08-16 14:13:56.238 I/PlayerMainFragment( 3007): onFragmentStart: mIsFragmentStart = false
08-16 14:13:56.238 I/PlayerMainFragment( 3007): recommend start
08-16 14:13:56.238 I/VideoJJControl( 3007): onRestart
08-16 14:13:56.238 I/PlayerMainFragment( 3007): PlayMainFragment onFragmentResume
08-16 14:13:56.238 I/VideoJJControl( 3007): onResume
08-16 14:13:56.238 I/BaseMainManager( 3007): resumeCde isAdNoUseCdePlaying =  mLastLinkShellUrl = http://live.g3proxy.cp21.ott.cibntv.net/gslb?stream_id=lb_zczb5_1800&tag=live&ext=m3u8&sign=live_tv&splatid=1060704002&platid=10&playid=1&termid=2&pay=0&tm=1411974165&ostype=andriod&hwtype=un&expect=3&format=1&uid=1754045746&app_name=tvlive&app_ver=4.2.0.050&devid=macB01BD2542D51&uuid=B01BD2542D511534350373311_0&station=lb_zczb5&sign_dev=C0BC870D3EF4276126D66995020B0DBA&app_code=2018071917&liveId=2282&p1=2&p2=20&p3=20_tvlive_cibn&wmac=b8:fc:9b:04:68:2a&lstm=1fpycc&lsbv=2fn&lssv=1EcjuT_T1_S19mbZ4_ViRD_P7IOos4LsQanBscJQ9tFbRR3BYgBI_I0_M0&lsdg=340l6j7rHJ79SwmOX7N9ld4KhjMi&lsst=1&lsse=2Di0UF
08-16 14:13:56.239 I/AnalysisLog( 3007): Plugin:onAttach2onResume:com.letv.android.tv.letvlive----end:time='510902672'
08-16 14:13:56.239 I/TvLiveBaseFragment( 3007): onResume
08-16 14:13:56.239 I/AnalysisLog( 3007): Plugin:onAttach2onResume:com.stv.plugin.tencent----end:time='510902672'
08-16 14:13:56.239 I/AnalysisLog( 3007): Plugin:onAttach2onResume:com.stv.plugin.video----end:time='510902672'
08-16 14:13:56.239 I/AnalysisLog( 3007): Plugin:onAttach2onResume:com.stv.plugin.search----end:time='510902672'
08-16 14:13:56.239 I/ShoppingPlugin-stv-PluginFragment( 3007): onResume ->in
08-16 14:13:56.239 I/AnalysisLog( 3007): Plugin:onAttach2onResume:com.stv.shopping----end:time='510902673'
08-16 14:13:56.239 I/AnalysisLog( 3007): Plugin:onAttach2onResume:com.stv.plugin.kids----end:time='510902673'
08-16 14:13:56.239 I/AnalysisLog( 3007): Plugin:onAttach2onResume:com.stv.plugin.app----end:time='510902673'
08-16 14:13:56.240 I/ShimmerLine( 3007): onVisibilityChanged visibility = 0
08-16 14:13:56.240 I/ShimmerLine( 3007): onVisibilityChanged visibility = 0
08-16 14:13:56.240 I/ChannelInfoViewControl( 3007): onVisibilityChanged: visibility = 0 channelInfo =  channelId = 2282 channelName = 欢乐颂 numberKeys = 33 type = 3 playType = 0 spuNo = null isCurNull = false
08-16 14:13:56.241 I/ChannelInfoViewControl( 3007): updateViewWithComming
08-16 14:13:56.241 I/ChannelInfoViewPresenter( 3007): updateViewWithComming: channelInfo =  channelId = 2282 channelName = 欢乐颂 numberKeys = 33 type = 3 playType = 0 spuNo = null isCurNull = false
08-16 14:13:56.241 I/Feature_Seek_PlayActionManager( 3007): mPlayProgramList size 0 mServerProgramList size 0
08-16 14:13:56.241 I/Feature_Seek_PlayActionManager( 3007): next program is  null
08-16 14:13:56.241 I/ChannelInfoViewPresenter( 3007): refreshPayInfo: isChannelPay = false
08-16 14:13:56.241 I/ChannelInfoViewPresenter( 3007): updateProgress cur_progress=100 originProgress = 100
08-16 14:13:56.241 I/ChannelInfoViewPresenter( 3007): setSubTitleSelect: select = true
08-16 14:13:56.242 I/cdeclientapi( 3007): [NetworkUtils] doHttpGet. url(http://127.0.0.1:6990/play/resume?enc=base64&url=aHR0cDovL2xpdmUuZzNwcm94eS5jcDIxLm90dC5jaWJudHYubmV0L2dzbGI/c3RyZWFtX2lkPWxiX3pjemI1XzE4MDAmdGFnPWxpdmUmZXh0PW0zdTgmc2lnbj1saXZlX3R2JnNwbGF0aWQ9MTA2MDcwNDAwMiZwbGF0aWQ9MTAmcGxheWlkPTEmdGVybWlkPTImcGF5PTAmdG09MTQxMTk3NDE2NSZvc3R5cGU9YW5kcmlvZCZod3R5cGU9dW4mZXhwZWN0PTMmZm9ybWF0PTEmdWlkPTE3NTQwNDU3NDYmYXBwX25hbWU9dHZsaXZlJmFwcF92ZXI9NC4yLjAuMDUwJmRldmlkPW1hY0IwMUJEMjU0MkQ1MSZ1dWlkPUIwMUJEMjU0MkQ1MTE1MzQzNTAzNzMzMTFfMCZzdGF0aW9uPWxiX3pjemI1JnNpZ25fZGV2PUMwQkM4NzBEM0VGNDI3NjEyNkQ2Njk5NTAyMEIwREJBJmFwcF9jb2RlPTIwMTgwNzE5MTcmbGl2ZUlkPTIyODImcDE9MiZwMj0yMCZwMz0yMF90dmxpdmVfY2libiZ3bWFjPWI4OmZjOjliOjA0OjY4OjJhJmxzdG09MWZweWNjJmxzYnY9MmZuJmxzc3Y9MUVjanVUX1QxX1MxOW1iWjRfVmlSRF9QN0lPb3M0THNRYW5Cc2NKUTl0RmJSUjNCWWdCSV9JMF9NMCZsc2RnPTM0MGw2ajdySEo3OVN3bU9YN045bGQ0S2hqTWkmbHNzdD0xJmxzc2U9MkRpMFVG&&mediatype=m3u8)
08-16 14:13:56.246 I/cdelog  ( 3380): core::supernode::HttpConnection(345)::[HLS]Client(127.0.0.1:46823), query full url(/play/resume?enc=base64&url=aHR0cDovL2xpdmUuZzNwcm94eS5jcDIxLm90dC5jaWJudHYubmV0L2dzbGI/c3RyZWFtX2lkPWxiX3pjemI1XzE4MDAmdGFnPWxpdmUmZXh0PW0zdTgmc2lnbj1saXZlX3R2JnNwbGF0aWQ9MTA2MDcwNDAwMiZwbGF0aWQ9MTAmcGxheWlkPTEmdGVybWlkPTImcGF5PTAmdG09MTQxMTk3NDE2NSZvc3R5cGU9YW5kcmlvZCZod3R5cGU9dW4mZXhwZWN0PTMmZm9ybWF0PTEmdWlkPTE3NTQwNDU3NDYmYXBwX25hbWU9dHZsaXZlJmFwcF92ZXI9NC4yLjAuMDUwJmRldmlkPW1hY0IwMUJEMjU0MkQ1MSZ1dWlkPUIwMUJEMjU0MkQ1MTE1MzQzNTAzNzMzMTFfMCZzdGF0aW9uPWxiX3pjemI1JnNpZ25fZGV2PUMwQkM4NzBEM0VGNDI3NjEyNkQ2Njk5NTAyMEIwREJBJmFwcF9jb2RlPTIwMTgwNzE5MTcmbGl2ZUlkPTIyODImcDE9MiZwMj0yMCZwMz0yMF90dmxpdmVfY2libiZ3bWFjPWI4OmZjOjliOjA0OjY4OjJhJmxzdG09MWZweWNjJmxzYnY9MmZuJmxzc3Y9MUVjanVUX1QxX1MxOW1iWjRfVmlSRF9QN0lPb3M0THNRYW5Cc2NKUTl0RmJSUjNCWWdCSV9JMF9NMCZsc2RnPTM0MGw2ajdySEo3OVN3bU9YN045bGQ0S2hqTWkmbHNzdD0xJmxzc2U9MkRpMFVG&&mediatype=m3u8), method(GET), 3 params, 5 header(s), content-length 0 bytes
08-16 14:13:56.251 I/cdelog  ( 3380): core::entrance::HlsServer(729)::Request resume channel(http://live.g3proxy.cp21.ott.cibntv.net/gslb?stream_id=lb_zczb5_1800&tag=live&ext=m3u8&sign=live_tv&splatid=1060704002&platid=10&playid=1&termid=2&pay=0&tm=1411974165&ostype=andriod&hwtype=un&expect=3&format=1&uid=1754045746&app_name=tvlive&app_ver=4.2.0.050&devid=macB01BD2542D51&uuid=B01BD2542D511534350373311_0&station=lb_zczb5&sign_dev=C0BC870D3EF4276126D66995020B0DBA&app_code=2018071917&liveId=2282&p1=2&p2=20&p3=20_tvlive_cibn&wmac=b8:fc:9b:04:68:2a&lstm=1fpycc&lsbv=2fn&lssv=1EcjuT_T1_S19mbZ4_ViRD_P7IOos4LsQanBscJQ9tFbRR3BYgBI_I0_M0&lsdg=340l6j7rHJ79SwmOX7N9ld4KhjMi&lsst=1&lsse=2Di0UF), result(404 - Channel Resume Failed)
08-16 14:13:56.254 W/cdeclientapi( 3007): [NetworkUtils] doHttpGet. abnormal response code(404), url(http://127.0.0.1:6990/play/resume?enc=base64&url=aHR0cDovL2xpdmUuZzNwcm94eS5jcDIxLm90dC5jaWJudHYubmV0L2dzbGI/c3RyZWFtX2lkPWxiX3pjemI1XzE4MDAmdGFnPWxpdmUmZXh0PW0zdTgmc2lnbj1saXZlX3R2JnNwbGF0aWQ9MTA2MDcwNDAwMiZwbGF0aWQ9MTAmcGxheWlkPTEmdGVybWlkPTImcGF5PTAmdG09MTQxMTk3NDE2NSZvc3R5cGU9YW5kcmlvZCZod3R5cGU9dW4mZXhwZWN0PTMmZm9ybWF0PTEmdWlkPTE3NTQwNDU3NDYmYXBwX25hbWU9dHZsaXZlJmFwcF92ZXI9NC4yLjAuMDUwJmRldmlkPW1hY0IwMUJEMjU0MkQ1MSZ1dWlkPUIwMUJEMjU0MkQ1MTE1MzQzNTAzNzMzMTFfMCZzdGF0aW9uPWxiX3pjemI1JnNpZ25fZGV2PUMwQkM4NzBEM0VGNDI3NjEyNkQ2Njk5NTAyMEIwREJBJmFwcF9jb2RlPTIwMTgwNzE5MTcmbGl2ZUlkPTIyODImcDE9MiZwMj0yMCZwMz0yMF90dmxpdmVfY2libiZ3bWFjPWI4OmZjOjliOjA0OjY4OjJhJmxzdG09MWZweWNjJmxzYnY9MmZuJmxzc3Y9MUVjanVUX1QxX1MxOW1iWjRfVmlSRF9QN0lPb3M0THNRYW5Cc2NKUTl0RmJSUjNCWWdCSV9JMF9NMCZsc2RnPTM0MGw2ajdySEo3OVN3bU9YN045bGQ0S2hqTWkmbHNzdD0xJmxzc2U9MkRpMFVG&&mediatype=m3u8)
08-16 14:13:56.255 I/cdelog  ( 3380): core::supernode::HttpServer(137)::close connection(127.0.0.1:46823), url(/play/resume)
08-16 14:13:56.259 I/[T1.0.6.3]EuiAgnes_Server( 2837): resCode:1
08-16 14:13:56.259 I/[T1.0.6.3]EuiAgnes_Server( 2837): b[0]:0
08-16 14:13:56.269 I/LetvHttp( 3007): requestUrl = http://dc.cp21.ott.cibntv.net/pl/?vt=flv_720p&ch=letv&source=unknown&install_id=372990f9fdcb454a9b2c51d84a2891c8&pv=4.2.0.050&uuid=B01BD2542D511534400037857_0&prl=unknown&wmac=unknown&stime=1534400037857&ipt=0&auid=B01BD2542D51&app_name=superlive&joint=unknown&p2=20&nt=wired&lid=2282&caid=1009&ref=10&p3=20_tvlive_cibn&cdev=1.1.17&serialno=b01bd2542d51&pcode=01001001000&ac=init&pay=unknown&py=replaytype%3D3%26totaltime%3D632&android_id=1254cf6fa1a90f9a&st=lb_zczb5&vid=unknown&p1=2&ty=2&mac=B01BD2542D51&cid=category_id_all&ctime=1534400037857&app=4.2.0.050&owner=1&apprunid=B01BD2542D51_1533889159020&pt=unknown&ilu=0&uid=1754045746&r=768595306068&ver=2.0
08-16 14:13:56.270 I/LetvHttp( 3007): LetvHttpClient requestData
08-16 14:13:56.272 I/VideoViewTVWrapper( 3007): [1]surfaceCreated()
08-16 14:13:56.273 W/ContextImpl( 3007): Calling a method in the system process without a qualified user: android.app.ContextImpl.sendBroadcast:766 android.content.ContextWrapper.sendBroadcast:396 android.content.ContextWrapper.sendBroadcast:396 com.letv.component.player.videoview.VideoViewTVWrapper.openVideo:-1 com.letv.component.player.videoview.VideoViewTVWrapper.access$900:-1 
08-16 14:13:56.274 I/BasePlayControllerImpl( 3007): OnMediaStateTimeListener: stateType = CREATE
08-16 14:13:56.275 I/Letv_player( 3007): [1]系统当前时间:  2018-08-16 14:13:56(1534400036274) VideoViewH264mp4(乐视电视videoview)  创建MediaPlayer对象
08-16 14:13:56.275 I/Letv_player( 3007): pathDownload=/data/user/0/com.stv.launcher/files/plugins_data/com.letv.android.tv.letvlive/app_LetvLog
08-16 14:13:56.278 I/AsyncMediaPlayer( 3007): getCurrentPosition: failed
08-16 14:13:56.279 I/VideoViewTVWrapper( 3007): createPlayer: isUseExoMediaPlayer = true
08-16 14:13:56.279 I/StvLogReport( 2837): StargazerReportTask, action=appClose&name=设置&packagename=com.stv.globalsetting&versionCode=1&appVersionName=1.0&appType=1&mark=42&totalTime=10129
08-16 14:13:56.279 I/VideoViewTVWrapper( 3007): createPlayer: SpoPlayer
08-16 14:13:56.279 I/MediaPlayerEx( 3007): [PLAYER_INFO] MODEL = X4-40M, API level = 23, Version = 2.2.4, build by zhanghui9 at 2018-04-19:07-06, buildConfig: 4
08-16 14:13:56.283 I/Letv_player( 3007): 乐视电视videoviewTV mIsDrm = false
08-16 14:13:56.283 I/Letv_player( 3007): pathDownload=/data/user/0/com.stv.launcher/files/plugins_data/com.letv.android.tv.letvlive/app_LetvLog
08-16 14:13:56.286 I/SpoPlayer( 3007): [27] constructor
08-16 14:13:56.286 I/SpoPlayer( 3007): [27] setOnPreparedListener()
08-16 14:13:56.286 I/SpoPlayer( 3007): [27] setOnPreparedListener()
08-16 14:13:56.286 I/VideoViewTVWrapper( 3007): setOnMediaEventListener = com.media.threadedmediaplaye.AsyncMediaPlayer
08-16 14:13:56.286 I/VideoViewTVWrapper( 3007): setOnMediaEventListener
08-16 14:13:56.286 I/VideoViewTVWrapper( 3007): setOnDataSourceSwitchListener = com.media.threadedmediaplaye.AsyncMediaPlayer
08-16 14:13:56.286 I/DeviceUtils( 3007): getUIVersion, mUiVersion:6.5
08-16 14:13:56.286 I/SpoPlayer( 3007): [27] setDataSource(), with headers.
08-16 14:13:56.287 I/SpoPlayer( 3007): [27] setDataSource(http://127.0.0.1:6990/play?enc=base64&url=aHR0cDovL2xpdmUuZzNwcm94eS5jcDIxLm90dC5jaWJudHYubmV0L2dzbGI/c3RyZWFtX2lkPWxiX3pjemI1XzE4MDAmdGFnPWxpdmUmZXh0PW0zdTgmc2lnbj1saXZlX3R2JnNwbGF0aWQ9MTA2MDcwNDAwMiZwbGF0aWQ9MTAmcGxheWlkPTEmdGVybWlkPTImcGF5PTAmdG09MTQxMTk3NDE2NSZvc3R5cGU9YW5kcmlvZCZod3R5cGU9dW4mZXhwZWN0PTMmZm9ybWF0PTEmdWlkPTE3NTQwNDU3NDYmYXBwX25hbWU9dHZsaXZlJmFwcF92ZXI9NC4yLjAuMDUwJmRldmlkPW1hY0IwMUJEMjU0MkQ1MSZ1dWlkPUIwMUJEMjU0MkQ1MTE1MzQzNTAzNzMzMTFfMCZzdGF0aW9uPWxiX3pjemI1JnNpZ25fZGV2PUMwQkM4NzBEM0VGNDI3NjEyNkQ2Njk5NTAyMEIwREJBJmFwcF9jb2RlPTIwMTgwNzE5MTcmbGl2ZUlkPTIyODImcDE9MiZwMj0yMCZwMz0yMF90dmxpdmVfY2libiZ3bWFjPWI4OmZjOjliOjA0OjY4OjJhJmxzdG09MWZweWNjJmxzYnY9MmZuJmxzc3Y9MUVjanVUX1QxX1MxOW1iWjRfVmlSRF9QN0lPb3M0THNRYW5Cc2NKUTl0RmJSUjNCWWdCSV9JMF9NMCZsc2RnPTM0MGw2ajdySEo3OVN3bU9YN045bGQ0S2hqTWkmbHNzdD0xJmxzc2U9MkRpMFVG&ext=m3u8&adCode=27g2l&cuid=74da97e8e680ec7ed8230e1139727a1a&device_id=74da97e8e680ec7ed8230e1139727a1a&im=&pcode=00001001000&pv=4.2.0.050&py=&deviceUa=Dalvik%2F2.1.0+%28Linux%3B+U%3B+Android+6.0%3B+X4-40M+Build%2FV2409RCN02C065307D08011D%29&externalAppArea=CN&adReplaceVersion=2&showLetvCks=1&appVsionForAd=TV_2_tvLive_4.2.0.050&appNewVersionForAd=TV_4.2.0.050_tvLive_2&dev=X440M&group=850&uuid=9f73a8f0cdc54541bf695900b3446903&mediatype=m3u8&tagtime=1534350371)
08-16 14:13:56.287 I/SpoPlayer( 3007): [27] setDataSource done, appName: com.letv.android.tv.letvlive
08-16 14:13:56.287 I/SpoPlayer( 3007): [27] setDisplay
08-16 14:13:56.287 I/SpoPlayer( 3007): [27] setDisplay done
08-16 14:13:56.287 I/SpoPlayer( 3007): [27] setScreenOnWhilePlaying, true
08-16 14:13:56.287 I/SpoPlayer( 3007): [27] prepareAsync
08-16 14:13:56.287 I/SpoPlayer( 3007): [27] initialize player
08-16 14:13:56.287 I/PluginFramework -- WidgetManager( 3007): getWidget id =#com.letv.android.tv.letvlive#
08-16 14:13:56.287 I/PluginFramework -- WidgetManager( 3007): getWidget widget = Widget{, mWidgetId=com.letv.android.tv.letvlive, mState=15, mLocation='/data/user/0/com.stv.launcher/files/plugins/com.stv.plugin.tvlive_tvlive-cibn_4.2.0.050_2018071917.apk', mVersionName='4.2.0.050', mVersionCode=2018071917, mName='LIVE', mDexDir='/data/user/0/com.stv.launcher/files/plugins_data/com.letv.android.tv.letvlive/dex/', mLibDir='/data/user/0/com.stv.launcher/files/plugins_data/com.letv.android.tv.letvlive/libs/', mDataDir='/data/user/0/com.stv.launcher/files/plugins_data/com.letv.android.tv.letvlive'}
08-16 14:13:56.288 I/tvos    ( 1764): [37m[INFO] Change to Voltage: 1130 mV (0x1F)[m
08-16 14:13:56.288 I/tvos    ( 1764): [37m[INFO] Change to Voltage: 1130 mV (0x22)[m
08-16 14:13:56.288 I/tvos    ( 1764): [37m[INFO] Change to Voltage: 1130 mV (0x25)[m
08-16 14:13:56.288 I/tvos    ( 1764): [37m[INFO] Change to Voltage: 1130 mV (0x28)[m
08-16 14:13:56.288 I/tvos    ( 1764): [37m[INFO] Change to Voltage: 1130 mV (0x2B)[m
08-16 14:13:56.288 I/Letv_player( 3007): VideoViewTVWrapper clearCachePlayerData
08-16 14:13:56.288 I/Letv_player( 3007): pathDownload=/data/user/0/com.stv.launcher/files/plugins_data/com.letv.android.tv.letvlive/app_LetvLog
08-16 14:13:56.289 I/tvos    ( 1764): [37m[INFO] Change to Voltage: 1130 mV (0x2C)[m
08-16 14:13:56.292 I/Letv_player( 3007): 乐视电视videoviewTV initPlayer: headers = null
08-16 14:13:56.292 I/Letv_player( 3007): pathDownload=/data/user/0/com.stv.launcher/files/plugins_data/com.letv.android.tv.letvlive/app_LetvLog
08-16 14:13:56.293 I/ExoPlayerImpl( 3007): Init ExoPlayerLib/2.4.3 [DemeterFHD, X4-40M, LeTV, 23]
08-16 14:13:56.294 I/SpoPlayer( 3007): [27] buildMediaSource, type: 2, HLS
08-16 14:13:56.294 I/SpoPlayer( 3007): [27] prepareAsync done
08-16 14:13:56.294 I/BasePlayControllerImpl( 3007): onSurfaceHolderStateChange type = 0
08-16 14:13:56.294 I/AdTipViewControl( 3007): onSurfaceEventReceived eventType = 0
08-16 14:13:56.294 I/AdTipViewControl( 3007): onSurfaceEventReceived isShow = true
08-16 14:13:56.294 I/MiddleAdPlayManager( 3007): isAdPlaying mIsPlayAd = false
08-16 14:13:56.294 I/AdTipViewControl( 3007): onSurfaceEventReceived isTwoVer = true isMiddleAdPlay = false
08-16 14:13:56.294 I/VideoViewTVWrapper( 3007): [1]surfaceChanged(), mSurfaceWidth=1920, mSurfaceHeight=1080
08-16 14:13:56.294 I/BasePlayControllerImpl( 3007): onSurfaceHolderStateChange type = 1
08-16 14:13:56.294 I/AdTipViewControl( 3007): onSurfaceEventReceived eventType = 1
08-16 14:13:56.298 E/LETV_DEVICE( 1780): no name sn for Mstar
08-16 14:13:56.301 I/LetvHttp( 3007): responseCode = 200; baseUrl = http://dc.cp21.ott.cibntv.net/pl/?vt=flv_720p&ch=letv&source=unknown&install_id=372990f9fdcb454a9b2c51d84a2891c8&pv=4.2.0.050&uuid=B01BD2542D511534400037857_0&prl=unknown&wmac=unknown&stime=1534400037857&ipt=0&auid=B01BD2542D51&app_name=superlive&joint=unknown&p2=20&nt=wired&lid=2282&caid=1009&ref=10&p3=20_tvlive_cibn&cdev=1.1.17&serialno=b01bd2542d51&pcode=01001001000&ac=init&pay=unknown&py=replaytype%3D3%26totaltime%3D632&android_id=1254cf6fa1a90f9a&st=lb_zczb5&vid=unknown&p1=2&ty=2&mac=B01BD2542D51&cid=category_id_all&ctime=1534400037857&app=4.2.0.050&owner=1&apprunid=B01BD2542D51_1533889159020&pt=unknown&ilu=0&uid=1754045746&r=768595306068&ver=2.0
08-16 14:13:56.301 I/cdelog  ( 3380): core::supernode::HttpConnection(345)::[HLS]Client(127.0.0.1:54874), query full url(/play?enc=base64&url=aHR0cDovL2xpdmUuZzNwcm94eS5jcDIxLm90dC5jaWJudHYubmV0L2dzbGI/c3RyZWFtX2lkPWxiX3pjemI1XzE4MDAmdGFnPWxpdmUmZXh0PW0zdTgmc2lnbj1saXZlX3R2JnNwbGF0aWQ9MTA2MDcwNDAwMiZwbGF0aWQ9MTAmcGxheWlkPTEmdGVybWlkPTImcGF5PTAmdG09MTQxMTk3NDE2NSZvc3R5cGU9YW5kcmlvZCZod3R5cGU9dW4mZXhwZWN0PTMmZm9ybWF0PTEmdWlkPTE3NTQwNDU3NDYmYXBwX25hbWU9dHZsaXZlJmFwcF92ZXI9NC4yLjAuMDUwJmRldmlkPW1hY0IwMUJEMjU0MkQ1MSZ1dWlkPUIwMUJEMjU0MkQ1MTE1MzQzNTAzNzMzMTFfMCZzdGF0aW9uPWxiX3pjemI1JnNpZ25fZGV2PUMwQkM4NzBEM0VGNDI3NjEyNkQ2Njk5NTAyMEIwREJBJmFwcF9jb2RlPTIwMTgwNzE5MTcmbGl2ZUlkPTIyODImcDE9MiZwMj0yMCZwMz0yMF90dmxpdmVfY2libiZ3bWFjPWI4OmZjOjliOjA0OjY4OjJhJmxzdG09MWZweWNjJmxzYnY9MmZuJmxzc3Y9MUVjanVUX1QxX1MxOW1iWjRfVmlSRF9QN0lPb3M0THNRYW5Cc2NKUTl0RmJSUjNCWWdCSV9JMF9NMCZsc2RnPTM0MGw2ajdySEo3OVN3bU9YN045bGQ0S2hqTWkmbHNzdD0xJmxzc2U9MkRpMFVG&ext=m3u8&adCode=27g2l&cuid=74da97e8e680ec7ed8230e1139727a1a&device_id=74da97e8e680ec7ed8230e1139727a1a&im=&pcode=00001001000&p
08-16 14:13:56.307 I/cdelog  ( 3380): logic::base::BlockRequestSchedule(268)::Schedule module has start: initial speed 50000[20000:<pending>](min:max), reserved [1/2 : <Pending>](low:high)
08-16 14:13:56.310 W/InputDispatcher( 2207): Focus entered window: Window{23c0535 u0 com.stv.launcher/com.stv.launcher.ui.activity.Launcher}
08-16 14:13:56.311 I/StvLogReport( 2837): StargazerReportTask, reponse2 : {"status":"OK","statusCode":200,"message":"succeefully"}
08-16 14:13:56.314 E/BufferQueueProducer( 1749): [com.stv.launcher/com.stv.launcher.ui.activity.Launcher] connect(P): already connected (cur=1 req=1)
08-16 14:13:56.319 I/TvLiveBaseFragment( 3007): onHiddenChanged
08-16 14:13:56.319 I/TvLiveBaseFragment( 3007): doOnHiddenChanged: hidden = false
08-16 14:13:56.319 I/TvLiveBaseFragment( 3007): doOnHiddenChanged: same status, return
08-16 14:13:56.319 I/PreAdPresenter( 3007): isAdPlaying isPlaying = false
08-16 14:13:56.319 I/MiddleAdPlayManager( 3007): isAdPlaying mIsPlayAd = false
08-16 14:13:56.319 I/LiveViewPolicy( 3007): SubViewShowing: true
08-16 14:13:56.319 E/ViewManagerImpl( 3007):     REFUSE for a existing: com.letv.android.letvlive.ChannelInfoView.view.b@b8621f0
08-16 14:13:56.319 I/GuideViewsControl( 3007): loopRunnable running, canShowGuide = false
08-16 14:13:56.324 I/cdelog  ( 3380): tools::collector::ReportClient(109)::Send report(index report), 2 pending item(s) to url(http://s.webp2p.cp21.ott.cibntv.net/index?act=index)
08-16 14:13:56.325 I/cdelog  ( 3380): tools::collector::ReportClient(124)::post param(p1=2&p2=20&platid=10&splatid=1060704002&ch=&custid=&uid=1754045746&token=&time=1534400036&did=e092cc1f-9a33-3835-9689-a7a400e7ead2&appid=110&nt=wired&geo=&iipl=10.58.80.199&dt=LETV X4-40M&des=&dis=9136&dms=3452&dosv=Android 6.0&dsr=1920*1080&ddpi=240&dct=Maserati&dcr=1.351424&dccn=4&cid=&pid=&vid=&lid=&sid=lb_zczb5_1800&st=lb_zczb5&zid=&type=liv&vt=&pay=&dur=0&vf=lm3u8&cmfv=&plv=&cdev=cde.1.1.17.32&lsbv=&cmfid=&cdeid=d2422c501bf3b3fcfb0d70a85b3d7c7e&uuid=9f73a8f0cdc54541bf695900b3446903&starttime=1534400034583&ccid=35&termid=2&sn=1&qos=0)
08-16 14:13:56.325 I/cdelog  ( 3380): core::supernode::HttpDownloader(527)::[collector::report]Start download method(POST), range(), server(s.webp2p.cp21.ott.cibntv.net:80), channel(), proxy(disabled), 1 addtional header(s) ...
08-16 14:13:56.327 I/cdelog  ( 3380): core::supernode::HttpDownloader(532)::[collector::report]Request url(http://s.webp2p.cp21.ott.cibntv.net/index?act=index)
08-16 14:13:56.332 I/cdelog  ( 3380): core::supernode::HttpDownloader(527)::[base::gslb]Start download method(GET), range(), server(live.g3proxy.cp21.ott.cibntv.net:80), channel(70f8798d72ff0ac99462999af2ba7c5d), proxy(disabled), 0 addtional header(s) ...
08-16 14:13:56.334 I/cdelog  ( 3380): core::supernode::HttpDownloader(532)::[base::gslb]Request url(http://live.g3proxy.cp21.ott.cibntv.net/gslb?stream_id=lb_zczb5_1800&tag=live&ext=m3u8&sign=live_tv&splatid=1060704002&platid=10&playid=1&termid=2&pay=0&tm=1534400336&ostype=andriod&hwtype=un&expect=3&format=1&uid=1754045746&app_name=tvlive&app_ver=4.2.0.050&devid=macB01BD2542D51&uuid=B01BD2542D511534350373311_0&station=lb_zczb5&sign_dev=C0BC870D3EF4276126D66995020B0DBA&app_code=2018071917&liveId=2282&p1=2&p2=20&p3=20_tvlive_cibn&wmac=b8:fc:9b:04:68:2a&lstm=1fqBXf&lsbv=2fn&lssv=2dhjv4_T0_S19mbZ4_ViRD_P7IOos4LsQanBscJQ9tFbRR3BYgBI_I0_M0&lsdg=Kt2xDCnfVVO71bO1rNvgQr1ez2aC&lsst=0&lsse=2Di0UF&cde=1117&cdeid=d2422c501bf3b3fcfb0d70a85b3d7c7e&appid=110&cdetm=1534400336&cdekey=8c44310fe93baad43cf708589c8149b3&tss=tvts&m3v=1&mslice=5&utp=701&key=98e97ef4a7e0750be4137afd0450d083)
08-16 14:13:56.335 I/cdelog  ( 3380): logic::base::Manager(379)::Open new live channel id(70f8798d72ff0ac99462999af2ba7c5d), group(850), url(http://live.g3proxy.cp21.ott.cibntv.net/gslb?stream_id=lb_zczb5_1800&tag=live&ext=m3u8&sign=live_tv&splatid=1060704002&platid=10&playid=1&termid=2&pay=0&tm=1411974165&ostype=andriod&hwtype=un&expect=3&format=1&uid=1754045746&app_name=tvlive&app_ver=4.2.0.050&devid=macB01BD2542D51&uuid=B01BD2542D511534350373311_0&station=lb_zczb5&sign_dev=C0BC870D3EF4276126D66995020B0DBA&app_code=2018071917&liveId=2282&p1=2&p2=20&p3=20_tvlive_cibn&wmac=b8:fc:9b:04:68:2a&lstm=1fpycc&lsbv=2fn&lssv=1EcjuT_T1_S19mbZ4_ViRD_P7IOos4LsQanBscJQ9tFbRR3BYgBI_I0_M0&lsdg=340l6j7rHJ79SwmOX7N9ld4KhjMi&lsst=1&lsse=2Di0UF), player task() OK, total 1 channel(s) now
08-16 14:13:56.338 I/LetvHttp( 3007): lastModified = null
08-16 14:13:56.338 I/LetvHttp( 3007): LetvHttpClient after dataHull.lastModified: null
08-16 14:13:56.338 I/LetvHttp( 3007): LetvHttpAsyncRequest after dataHull.lastModified = null
08-16 14:13:56.343 I/cdelog  ( 3380): core::supernode::HttpDownloader(711)::[collector::report]Download OK : , channel(), url(http://s.webp2p.cp21.ott.cibntv.net/index?act=index), server(123.125.36.224:80), name(nginx/1.8.0), response code(200), version(HTTP/1.1), details(OK), data(0/0 Bytes), transfer(normal), encoding(), resolved time(10 ms), connected time(4 ms), responsed time(1 ms), total used time(17 ms), transfered time(17 ms), speed(10127 Byte/s), bytes(173), 0 alive times
08-16 14:13:56.344 I/cdelog  ( 3380): tools::collector::ReportClient(109)::Send report(stage report:init), 1 pending item(s) to url(http://s.webp2p.cp21.ott.cibntv.net/act/cde?act=init)
08-16 14:13:56.345 I/cdelog  ( 3380): tools::collector::ReportClient(124)::post param(act=init&p1=2&p2=20&platid=10&splatid=1060704002&ch=&custid=&uid=1754045746&cdeport=6990&token=&time=1534400036&did=e092cc1f-9a33-3835-9689-a7a400e7ead2&appid=110&nt=wired&lid=&sid=lb_zczb5_1800&st=lb_zczb5&type=liv&vt=&cmfv=&plv=&cdev=cde.1.1.17.32&uuid=9f73a8f0cdc54541bf695900b3446903&ccid=35&err=0&r=0.23214&sn=1&termid=2&mac=B0-1B-D2-54-2D-51&prel=0&ad=0&cip=10.58.80.199)
08-16 14:13:56.346 I/cdelog  ( 3380): core::supernode::HttpDownloader(527)::[collector::report]Start download method(POST), range(), server(s.webp2p.cp21.ott.cibntv.net:80), channel(), proxy(disabled), 1 addtional header(s) ...
08-16 14:13:56.348 I/cdelog  ( 3380): core::supernode::HttpDownloader(532)::[collector::report]Request url(http://s.webp2p.cp21.ott.cibntv.net/act/cde?act=init)
08-16 14:13:56.355 I/cdelog  ( 3380): core::supernode::HttpDownloader(711)::[collector::report]Download OK : , channel(), url(http://s.webp2p.cp21.ott.cibntv.net/act/cde?act=init), server(123.125.36.224:80), name(nginx/1.8.0), response code(200), version(HTTP/1.1), details(OK), data(0/0 Bytes), transfer(normal), encoding(), resolved time(6 ms), connected time(1 ms), responsed time(1 ms), total used time(9 ms), transfered time(9 ms), speed(18905 Byte/s), bytes(173), 0 alive times
08-16 14:13:56.364 I/cdelog  ( 3380): core::supernode::HttpDownloader(669)::[base::gslb]Download OK: , channel(70f8798d72ff0ac99462999af2ba7c5d), url(http://live.g3proxy.cp21.ott.cibntv.net/gslb?stream_id=lb_zczb5_1800&tag=live&ext=m3u8&sign=live_tv&splatid=1060704002&platid=10&playid=1&termid=2&pay=0&tm=1534400336&ostype=andriod&hwtype=un&expect=3&format=1&uid=1754045746&app_name=tvlive&app_ver=4.2.0.050&devid=macB01BD2542D51&uuid=B01BD2542D511534350373311_0&station=lb_zczb5&sign_dev=C0BC870D3EF4276126D66995020B0DBA&app_code=2018071917&liveId=2282&p1=2&p2=20&p3=20_tvlive_cibn&wmac=b8:fc:9b:04:68:2a&lstm=1fqBXf&lsbv=2fn&lssv=2dhjv4_T0_S19mbZ4_ViRD_P7IOos4LsQanBscJQ9tFbRR3BYgBI_I0_M0&lsdg=Kt2xDCnfVVO71bO1rNvgQr1ez2aC&lsst=0&lsse=2Di0UF&cde=1117&cdeid=d2422c501bf3b3fcfb0d70a85b3d7c7e&appid=110&cdetm=1534400336&cdekey=8c44310fe93baad43cf708589c8149b3&tss=tvts&m3v=1&mslice=5&utp=701&key=98e97ef4a7e0750be4137afd0450d083)
08-16 14:13:56.365 I/cdelog  ( 3380): core::supernode::HttpDownloader(684)::[base::gslb]Response channel(70f8798d72ff0ac99462999af2ba7c5d), server(123.125.36.229:80), name(nginx), response code(200), version(HTTP/1.1), details(OK), data(6578/6578 Bytes), transfer(normal), encoding(), resolved time(7 ms), connected time(1 ms), responsed time(21 ms), total used time(31 ms), transfered time(31 ms), speed(218116 Byte/s), bytes(6783), 0 alive times
08-16 14:13:56.365 I/cdelog  ( 3380): logic::gslb::GslbLetv(95)::[live]Http complete for tag(base::gslb), channel(70f8798d72ff0ac99462999af2ba7c5d), response code(200), details(OK), size(6578)
08-16 14:13:56.372 I/cdelog  ( 3380): logic::gslb::GslbLetv(48)::[live]Gslb responsed, error code(0), details(), url(http://live.g3proxy.cp21.ott.cibntv.net/gslb?stream_id=lb_zczb5_1800&tag=live&ext=m3u8&sign=live_tv&splatid=1060704002&platid=10&playid=1&termid=2&pay=0&tm=1534400336&ostype=andriod&hwtype=un&expect=3&format=1&uid=1754045746&app_name=tvlive&app_ver=4.2.0.050&devid=macB01BD2542D51&uuid=B01BD2542D511534350373311_0&station=lb_zczb5&sign_dev=C0BC870D3EF4276126D66995020B0DBA&app_code=2018071917&liveId=2282&p1=2&p2=20&p3=20_tvlive_cibn&wmac=b8:fc:9b:04:68:2a&lstm=1fqBXf&lsbv=2fn&lssv=2dhjv4_T0_S19mbZ4_ViRD_P7IOos4LsQanBscJQ9tFbRR3BYgBI_I0_M0&lsdg=Kt2xDCnfVVO71bO1rNvgQr1ez2aC&lsst=0&lsse=2Di0UF&cde=1117&cdeid=d2422c501bf3b3fcfb0d70a85b3d7c7e&appid=110&cdetm=1534400336&cdekey=8c44310fe93baad43cf708589c8149b3&tss=tvts&m3v=1&mslice=5&utp=701&key=98e97ef4a7e0750be4137afd0450d083), channel(70f8798d72ff0ac99462999af2ba7c5d)
