08-16 14:14:00.962 I/MiddleAdPlayManager( 3007): isAdPlaying mIsPlayAd = false
08-16 14:14:00.962 I/PreAdPresenter( 3007): isAdPlaying isPlaying = false
08-16 14:14:00.962 I/MiddleAdPlayManager( 3007): isAdPlaying mIsPlayAd = false
08-16 14:14:00.962 E/ViewManagerImpl( 3007):     KEEP_BOTH for a existing: com.letv.android.letvlive.ChannelInfoView.view.b@b8621f0
08-16 14:14:00.962 I/PreAdPresenter( 3007): isAdPlaying isPlaying = false
08-16 14:14:00.962 I/MiddleAdPlayManager( 3007): isAdPlaying mIsPlayAd = false
08-16 14:14:00.962 I/PreAdPresenter( 3007): isAdPlaying isPlaying = false
08-16 14:14:00.962 I/MiddleAdPlayManager( 3007): isAdPlaying mIsPlayAd = false
08-16 14:14:00.962 E/ViewManagerImpl( 3007):     KEEP_BOTH for a existing: com.letv.android.letvlive.d.b@5e269c3
08-16 14:14:00.963 E/ViewManagerImpl( 3007): Trying to show view end isDuringOneViewShown:false
08-16 14:14:00.968 I/tvos    ( 1764): GetAudioOutputDevice, retval : 0
08-16 14:14:01.219 I/tvos    ( 1764): GetAudioOutputDevice, retval : 0
08-16 14:14:01.231 E/LETV_DEVICE( 1780): no name sn for Mstar
08-16 14:14:01.252 E/ActivityThread( 2837): Failed to find provider info for com.letv.agnes.InfoProvider
08-16 14:14:01.254 E/ActivityThread( 2837): Failed to find provider info for com.letv.agnes.InfoProvider
08-16 14:14:01.254 W/System.err( 2837): java.lang.IllegalArgumentException: Unknown URL content://com.letv.agnes.InfoProvider
08-16 14:14:01.255 W/System.err( 2837): 	at android.content.ContentResolver.insert(ContentResolver.java:1227)
08-16 14:14:01.255 W/System.err( 2837): 	at com.letv.tracker2.agnes.Configuration.addDebugInfo(Configuration.java:289)
08-16 14:14:01.255 W/System.err( 2837): 	at com.letv.tracker2.agnes.MessageProcessor$SendEnvMsgTr$1.handleMessage(MessageProcessor.java:661)
08-16 14:14:01.255 W/System.err( 2837): 	at android.os.Handler.dispatchMessage(Handler.java:102)
08-16 14:14:01.255 W/System.err( 2837): 	at android.os.Looper.loop(Looper.java:148)
08-16 14:14:01.255 W/System.err( 2837): 	at com.letv.tracker2.agnes.MessageProcessor$SendEnvMsgTr.run(MessageProcessor.java:665)
08-16 14:14:01.263 I/[T1.0.6.3]EuiAgnes_Server( 2837): resCode:1
08-16 14:14:01.263 I/[T1.0.6.3]EuiAgnes_Server( 2837): b[0]:0
08-16 14:14:01.286 I/tvos    ( 1764): [37m[INFO] Change to Voltage: 1030 mV (0x2E)[m
08-16 14:14:01.287 I/tvos    ( 1764): [37m[INFO] Change to Voltage: 1030 mV (0x2B)[m
08-16 14:14:01.287 I/tvos    ( 1764): [37m[INFO] Change to Voltage: 1030 mV (0x28)[m
08-16 14:14:01.287 I/tvos    ( 1764): [37m[INFO] Change to Voltage: 1030 mV (0x25)[m
08-16 14:14:01.287 I/tvos    ( 1764): [37m[INFO] Change to Voltage: 1030 mV (0x22)[m
08-16 14:14:01.289 I/tvos    ( 1764): [37m[INFO] Change to Voltage: 1030 mV (0x22)[m
08-16 14:14:01.325 E/LetvRemoteupgradeManager-JNI( 2613): can't get LetvManager service!
08-16 14:14:01.423 I/LetvManager-LogReport( 1780): [send_msg] line: 490 report url = http://log.hdtv.cp21.ott.cibntv.net:80/api/log/tvAction
08-16 14:14:01.469 I/tvos    ( 1764): GetAudioOutputDevice, retval : 0
08-16 14:14:01.552 W/InputDispatcher( 2207): findFocusedWindow finished: injectionResult=0, timeSpentWaitingForApplication=0.0ms
08-16 14:14:01.552 I/LauncherFragment( 3007): keycode = 4
08-16 14:14:01.552 I/ControllerCallbacks( 3007): onKeyEvent() called with event = [KeyEvent { action=ACTION_DOWN, keyCode=KEYCODE_BACK, scanCode=0, metaState=0, flags=0x0, repeatCount=0, eventTime=510907981, downTime=510907981, deviceId=-1, source=0x101 }]
08-16 14:14:01.552 I/VideoJJControl( 3007): onKeyEvent event = 4
08-16 14:14:01.552 I/PurchaseAdManager( 3007): isQrcodeShow mQrState = -1
08-16 14:14:01.552 I/PurchaseControl( 3007): interceptKeyEvent result = false
08-16 14:14:01.552 I/SettingMenuControl( 3007): onKeyEvent eventKeyEvent { action=ACTION_DOWN, keyCode=KEYCODE_BACK, scanCode=0, metaState=0, flags=0x0, repeatCount=0, eventTime=510907981, downTime=510907981, deviceId=-1, source=0x101 }
08-16 14:14:01.552 I/PurchaseAdManager( 3007): isQrcodeShow mQrState = -1
08-16 14:14:01.552 I/PurchaseControl( 3007): interceptKeyEvent result = false
08-16 14:14:01.553 I/VideoJJControl( 3007): interceptKeyEvent result = false
08-16 14:14:01.553 I/BaseMainManager( 3007): onPlayActivityKeyDown: keyCode=4
08-16 14:14:01.553 I/BaseMainManager( 3007): isChannelMenuShow : false
08-16 14:14:01.553 I/BaseMainManager( 3007): isGuideViewShow : false
08-16 14:14:01.553 I/BaseMainManager( 3007): isSettingShow : false
08-16 14:14:01.553 I/BaseMainManager( 3007): isProgramsViewShow : false
08-16 14:14:01.553 I/BaseMainManager( 3007): isMultiProgramShow : false
08-16 14:14:01.553 I/BaseMainManager( 3007): isPayMenuShow : false
08-16 14:14:01.553 I/BaseMainManager( 3007): isPayTipShow : false
08-16 14:14:01.553 I/BaseMainManager( 3007): isVideoJJShow: false
08-16 14:14:01.553 I/BaseMainManager( 3007): onPlayActivityKeyDown isNeedNotify = true
08-16 14:14:01.553 I/VideoJJControl( 3007): interceptKeyEvent result = false
08-16 14:14:01.553 I/LetvHttp( 3007): LetvTeleHttpAsyncRequest requestData
08-16 14:14:01.553 I/VideoJJControl( 3007): interceptKeyEvent result = false
08-16 14:14:01.553 I/PurchaseAdManager( 3007): isQrcodeShow mQrState = -1
08-16 14:14:01.553 I/PurchaseControl( 3007): interceptKeyEvent result = false
08-16 14:14:01.553 I/VideoJJControl( 3007): interceptKeyEvent result = false
08-16 14:14:01.553 I/RateTipController( 3007): onKeyEvent event:KeyEvent { action=ACTION_DOWN, keyCode=KEYCODE_BACK, scanCode=0, metaState=0, flags=0x0, repeatCount=0, eventTime=510907981, downTime=510907981, deviceId=-1, source=0x101 }
08-16 14:14:01.554 I/PurchaseAdUtil( 3007): isSupportOneKeyPurchase version = 2070
08-16 14:14:01.554 I/PurchaseAdManager( 3007): send data = {"event":"endAD","pkg":"com.letv.android.tv.letvlive"}
08-16 14:14:01.554 I/LetvHttp( 3007): requestUrl = http://dc.cp21.ott.cibntv.net/op/?install_id=372990f9fdcb454a9b2c51d84a2891c8&uuid=B01BD2542D511534400037857_0&wmac=unknown&stime=1534400043178&auid=B01BD2542D51&app_name=superlive&p2=20&nt=wired&lid=unknown&acode=0&p3=20_tvlive_cibn&serialno=b01bd2542d51&pcode=01001001000&android_id=1254cf6fa1a90f9a&st=unknown&vid=unknown&ap=ref%3D9&p1=2&ar=unknown&mac=B01BD2542D51&cid=unknown&ctime=1534400043178&cur_url=9.4&app=4.2.0.050&apprunid=B01BD2542D51_1533889159020&ilu=0&uid=1754045746&r=884582063317&ver=2.0
08-16 14:14:01.554 I/PluginFramework -- WidgetManager( 3007): getWidget id =#com.letv.android.tv.letvlive#
08-16 14:14:01.554 I/PluginFramework -- WidgetManager( 3007): getWidget widget = Widget{, mWidgetId=com.letv.android.tv.letvlive, mState=15, mLocation='/data/user/0/com.stv.launcher/files/plugins/com.stv.plugin.tvlive_tvlive-cibn_4.2.0.050_2018071917.apk', mVersionName='4.2.0.050', mVersionCode=2018071917, mName='LIVE', mDexDir='/data/user/0/com.stv.launcher/files/plugins_data/com.letv.android.tv.letvlive/dex/', mLibDir='/data/user/0/com.stv.launcher/files/plugins_data/com.letv.android.tv.letvlive/libs/', mDataDir='/data/user/0/com.stv.launcher/files/plugins_data/com.letv.android.tv.letvlive'}
08-16 14:14:01.554 I/LetvHttp( 3007): LetvHttpClient requestData
08-16 14:14:01.554 W/PluginFramework -- WidgetContextWrapper( 3007): Start other app Service for intent: Intent { act=com.stv.admanager.action.SHOPPING_JD pkg=com.stv.bootadmanager (has extras) }
08-16 14:14:01.554 W/ContextImpl( 3007): Calling a method in the system process without a qualified user: android.app.ContextImpl.startService:1224 letv.plugin.framework.core.WidgetContextWrapper.startService:200 android.content.ContextWrapper.startService:581 com.letv.android.letvlive.purchase.b.a:-1 com.letv.android.letvlive.purchase.b.xF:-1 
08-16 14:14:01.557 I/ControllerCallbacks( 3007): onKeyEventBeforePlayView() called with: event = [KeyEvent { action=ACTION_DOWN, keyCode=KEYCODE_BACK, scanCode=0, metaState=0, flags=0x0, repeatCount=0, eventTime=510907981, downTime=510907981, deviceId=-1, source=0x101 }]
08-16 14:14:01.557 I/STVADLOG3:UI(23339): UIService, process action: com.stv.admanager.action.SHOPPING_JD
08-16 14:14:01.558 I/BaseMainManager( 3007): isMultiProgramShow : false
08-16 14:14:01.558 I/BaseMainManager( 3007): isProgramsViewShow : false
08-16 14:14:01.558 I/BaseMainManager( 3007): isSettingShow : false
08-16 14:14:01.558 I/BaseMainManager( 3007): isChannelMenuShow : false
08-16 14:14:01.558 I/ChannelIconControl( 3007): onTabShowChangeEvent:event:0
08-16 14:14:01.558 E/ViewManagerImpl( 3007): dismissView d for com.letv.android.letvlive.d.a@2861fa1 isDuringOneViewShown:false
08-16 14:14:01.558 I/HourViewControl( 3007): hideView
08-16 14:14:01.558 E/ViewManagerImpl( 3007): dismissView b for com.letv.android.letvlive.hour.c@69967de isDuringOneViewShown:false
08-16 14:14:01.562 I/LetvHttp( 3007): responseCode = 200; baseUrl = http://dc.cp21.ott.cibntv.net/op/?install_id=372990f9fdcb454a9b2c51d84a2891c8&uuid=B01BD2542D511534400037857_0&wmac=unknown&stime=1534400043178&auid=B01BD2542D51&app_name=superlive&p2=20&nt=wired&lid=unknown&acode=0&p3=20_tvlive_cibn&serialno=b01bd2542d51&pcode=01001001000&android_id=1254cf6fa1a90f9a&st=unknown&vid=unknown&ap=ref%3D9&p1=2&ar=unknown&mac=B01BD2542D51&cid=unknown&ctime=1534400043178&cur_url=9.4&app=4.2.0.050&apprunid=B01BD2542D51_1533889159020&ilu=0&uid=1754045746&r=884582063317&ver=2.0
08-16 14:14:01.563 I/STVADLOG3:UI(23339): JdShopManager, RapidShoppingSDK end.
08-16 14:14:01.563 I/LetvHttp( 3007): lastModified = null
08-16 14:14:01.563 I/LetvHttp( 3007): LetvHttpClient after dataHull.lastModified: null
08-16 14:14:01.563 I/LetvHttp( 3007): LetvHttpAsyncRequest after dataHull.lastModified = null
08-16 14:14:01.563 I/GlobalFocusChangedListe( 3007): com.stv.launcher.ui.widget.TabItemNew
08-16 14:14:01.571 W/InputDispatcher( 2207): findFocusedWindow finished: injectionResult=0, timeSpentWaitingForApplication=0.0ms
08-16 14:14:01.630 I/LetvManager-LogReport( 1780): [send_msg] line: 490 report url = http://log.hdtv.cp21.ott.cibntv.net:80/api/log/tvAction
08-16 14:14:01.637 I/cdelog  ( 3380): core::supernode::HttpDownloader(527)::[cdn::meta]Start download method(GET), range(), server(123.125.39.231:80), channel(70f8798d72ff0ac99462999af2ba7c5d), proxy(disabled), 0 addtional header(s) ...
08-16 14:14:01.638 I/cdelog  ( 3380): core::supernode::HttpDownloader(532)::[cdn::meta]Request url(http://123.125.39.231/live.videocache.lecloud.com/m3u8/lb_zczb5_1800/desc.m3u8?stream_id=lb_zczb5_1800&amltag=99&mltag=99&platid=10&splatid=1060704002&qos=3&fcheck=0&lsbv=2fn&uid=1754045746&keyitem=iDipdd1vuVFcNrewScXV_qA9anmyuuMxAiFPNbvcYujMEdbjduvlnqfflyUxsCMm&ntm=1534418400&nkey2=8275fb0525cd18ab4d6d9c4c63befbb9&nkey=a1970958a2b31a6347c0dc2464dffb28&auth_key=1534418400-2-0-10-1060704002-lb_zczb5_1800-37eb7b3079b23ca27ab677169d576951&tag=live&video_type=m3u8&useloc=0&mslice=5&ffgname=streamGroup_323&ver=live_3&uidx=1&errc=0&gn=3334&ndtype=0&lrtmcd=104&buss=99&cips=10.58.80.199&geo=CN-1-5-666&tmn=1534400036&pnl=3334,3334,3334,497&ext=m3u8&sign=live_tv&playid=1&termid=2&pay=0&tm=1534400336&ostype=andriod&hwtype=un&app_name=tvlive&app_ver=4.2.0.050&devid=macB01BD2542D51&uuid=B01BD2542D511534350373311_0&station=lb_zczb5&sign_dev=C0BC870D3EF4276126D66995020B0DBA&app_code=2018071917&liveId=2282&p1=2&p2=20&p3=20_tvlive_cibn&wmac=b8:fc:9b:04:68:2a&lsse=2
08-16 14:14:01.640 I/cdelog  ( 3380): core::supernode::HttpDownloader(527)::[cdn::meta]Start download method(GET), range(), server(27.221.33.29:80), channel(70f8798d72ff0ac99462999af2ba7c5d), proxy(disabled), 0 addtional header(s) ...
08-16 14:14:01.641 I/cdelog  ( 3380): core::supernode::HttpDownloader(532)::[cdn::meta]Request url(http://27.221.33.29/live.videocache.lecloud.com/m3u8/lb_zczb5_1800/desc.m3u8?stream_id=lb_zczb5_1800&amltag=99&mltag=99&platid=10&splatid=1060704002&qos=3&fcheck=0&lsbv=2fn&uid=1754045746&keyitem=iDipdd1vuVFcNrewScXV_qA9anmyuuMxAiFPNbvcYujMEdbjduvlnqfflyUxsCMm&ntm=1534418400&nkey2=8275fb0525cd18ab4d6d9c4c63befbb9&nkey=a1970958a2b31a6347c0dc2464dffb28&auth_key=1534418400-2-0-10-1060704002-lb_zczb5_1800-37eb7b3079b23ca27ab677169d576951&tag=live&video_type=m3u8&useloc=0&mslice=5&ffgname=streamGroup_323&ver=live_3&uidx=2&errc=0&gn=3313&ndtype=0&lrtmcd=201&buss=99&cips=10.58.80.199&geo=CN-1-5-666&tmn=1534400036&pnl=3313,3313,3334,497&ext=m3u8&sign=live_tv&playid=1&termid=2&pay=0&tm=1534400336&ostype=andriod&hwtype=un&app_name=tvlive&app_ver=4.2.0.050&devid=macB01BD2542D51&uuid=B01BD2542D511534350373311_0&station=lb_zczb5&sign_dev=C0BC870D3EF4276126D66995020B0DBA&app_code=2018071917&liveId=2282&p1=2&p2=20&p3=20_tvlive_cibn&wmac=b8:fc:9b:04:68:2a&lsse=2Di
08-16 14:14:01.687 I/cdelog  ( 3380): core::supernode::HttpDownloader(669)::[cdn::meta]Download OK: , channel(70f8798d72ff0ac99462999af2ba7c5d), url(http://123.125.39.231/live.videocache.lecloud.com/m3u8/lb_zczb5_1800/desc.m3u8?stream_id=lb_zczb5_1800&amltag=99&mltag=99&platid=10&splatid=1060704002&qos=3&fcheck=0&lsbv=2fn&uid=1754045746&keyitem=iDipdd1vuVFcNrewScXV_qA9anmyuuMxAiFPNbvcYujMEdbjduvlnqfflyUxsCMm&ntm=1534418400&nkey2=8275fb0525cd18ab4d6d9c4c63befbb9&nkey=a1970958a2b31a6347c0dc2464dffb28&auth_key=1534418400-2-0-10-1060704002-lb_zczb5_1800-37eb7b3079b23ca27ab677169d576951&tag=live&video_type=m3u8&useloc=0&mslice=5&ffgname=streamGroup_323&ver=live_3&uidx=1&errc=0&gn=3334&ndtype=0&lrtmcd=104&buss=99&cips=10.58.80.199&geo=CN-1-5-666&tmn=1534400036&pnl=3334,3334,3334,497&ext=m3u8&sign=live_tv&playid=1&termid=2&pay=0&tm=1534400336&ostype=andriod&hwtype=un&app_name=tvlive&app_ver=4.2.0.050&devid=macB01BD2542D51&uuid=B01BD2542D511534350373311_0&station=lb_zczb5&sign_dev=C0BC870D3EF4276126D66995020B0DBA&app_code=2018071917&liveId=2282&p1=2&p2=
08-16 14:14:01.688 I/cdelog  ( 3380): core::supernode::HttpDownloader(684)::[cdn::meta]Response channel(70f8798d72ff0ac99462999af2ba7c5d), server(123.125.39.231:80), name(nginx/1.12.0), response code(200), version(HTTP/1.1), details(OK), data(12715/-1 Bytes), transfer(chunked), encoding(), resolved time(5 ms), connected time(1 ms), responsed time(42 ms), total used time(50 ms), transfered time(50 ms), speed(263042 Byte/s), bytes(13210), 0 alive times
08-16 14:14:01.689 I/cdelog  ( 3380): protocol::cdn::Session(733)::[live]Meta complete OK, url(http://123.125.39.231/live.videocache.lecloud.com/m3u8/lb_zczb5_1800/desc.m3u8?stream_id=lb_zczb5_1800&amltag=99&mltag=99&platid=10&splatid=1060704002&qos=3&fcheck=0&lsbv=2fn&uid=1754045746&keyitem=iDipdd1vuVFcNrewScXV_qA9anmyuuMxAiFPNbvcYujMEdbjduvlnqfflyUxsCMm&ntm=1534418400&nkey2=8275fb0525cd18ab4d6d9c4c63befbb9&nkey=a1970958a2b31a6347c0dc2464dffb28&auth_key=1534418400-2-0-10-1060704002-lb_zczb5_1800-37eb7b3079b23ca27ab677169d576951&tag=live&video_type=m3u8&useloc=0&mslice=5&ffgname=streamGroup_323&ver=live_3&uidx=1&errc=0&gn=3334&ndtype=0&lrtmcd=104&buss=99&cips=10.58.80.199&geo=CN-1-5-666&tmn=1534400036&pnl=3334,3334,3334,497&ext=m3u8&sign=live_tv&playid=1&termid=2&pay=0&tm=1534400336&ostype=andriod&hwtype=un&app_name=tvlive&app_ver=4.2.0.050&devid=macB01BD2542D51&uuid=B01BD2542D511534350373311_0&station=lb_zczb5&sign_dev=C0BC870D3EF4276126D66995020B0DBA&app_code=2018071917&liveId=2282&p1=2&p2=20&p3=20_tvlive_cibn&wmac=b8:fc:9b:04:68:2a&lsse=2Di0U
08-16 14:14:01.696 E/cdelog  ( 3380): core::etn::LetvETNMeta(263)::Update pieces from meta fail: metaPieceIterator(118)::relocate piece 0 fail
08-16 14:14:01.697 E/cdelog  ( 3380): core::etn::LetvETNMeta(263)::Update pieces from meta fail: metaPieceIterator(118)::relocate piece 0 fail
08-16 14:14:01.719 I/tvos    ( 1764): GetAudioOutputDevice, retval : 0
08-16 14:14:01.723 I/cdelog  ( 3380): core::supernode::HttpDownloader(669)::[cdn::meta]Download OK: , channel(70f8798d72ff0ac99462999af2ba7c5d), url(http://27.221.33.29/live.videocache.lecloud.com/m3u8/lb_zczb5_1800/desc.m3u8?stream_id=lb_zczb5_1800&amltag=99&mltag=99&platid=10&splatid=1060704002&qos=3&fcheck=0&lsbv=2fn&uid=1754045746&keyitem=iDipdd1vuVFcNrewScXV_qA9anmyuuMxAiFPNbvcYujMEdbjduvlnqfflyUxsCMm&ntm=1534418400&nkey2=8275fb0525cd18ab4d6d9c4c63befbb9&nkey=a1970958a2b31a6347c0dc2464dffb28&auth_key=1534418400-2-0-10-1060704002-lb_zczb5_1800-37eb7b3079b23ca27ab677169d576951&tag=live&video_type=m3u8&useloc=0&mslice=5&ffgname=streamGroup_323&ver=live_3&uidx=2&errc=0&gn=3313&ndtype=0&lrtmcd=201&buss=99&cips=10.58.80.199&geo=CN-1-5-666&tmn=1534400036&pnl=3313,3313,3334,497&ext=m3u8&sign=live_tv&playid=1&termid=2&pay=0&tm=1534400336&ostype=andriod&hwtype=un&app_name=tvlive&app_ver=4.2.0.050&devid=macB01BD2542D51&uuid=B01BD2542D511534350373311_0&station=lb_zczb5&sign_dev=C0BC870D3EF4276126D66995020B0DBA&app_code=2018071917&liveId=2282&p1=2&p2=20
08-16 14:14:01.724 I/cdelog  ( 3380): core::supernode::HttpDownloader(684)::[cdn::meta]Response channel(70f8798d72ff0ac99462999af2ba7c5d), server(27.221.33.29:80), name(nginx/1.12.0), response code(200), version(HTTP/1.1), details(OK), data(11132/-1 Bytes), transfer(chunked), encoding(), resolved time(2 ms), connected time(15 ms), responsed time(63 ms), total used time(82 ms), transfered time(82 ms), speed(140372 Byte/s), bytes(11624), 0 alive times
08-16 14:14:01.725 I/cdelog  ( 3380): protocol::cdn::Session(733)::[live]Meta complete OK, url(http://27.221.33.29/live.videocache.lecloud.com/m3u8/lb_zczb5_1800/desc.m3u8?stream_id=lb_zczb5_1800&amltag=99&mltag=99&platid=10&splatid=1060704002&qos=3&fcheck=0&lsbv=2fn&uid=1754045746&keyitem=iDipdd1vuVFcNrewScXV_qA9anmyuuMxAiFPNbvcYujMEdbjduvlnqfflyUxsCMm&ntm=1534418400&nkey2=8275fb0525cd18ab4d6d9c4c63befbb9&nkey=a1970958a2b31a6347c0dc2464dffb28&auth_key=1534418400-2-0-10-1060704002-lb_zczb5_1800-37eb7b3079b23ca27ab677169d576951&tag=live&video_type=m3u8&useloc=0&mslice=5&ffgname=streamGroup_323&ver=live_3&uidx=2&errc=0&gn=3313&ndtype=0&lrtmcd=201&buss=99&cips=10.58.80.199&geo=CN-1-5-666&tmn=1534400036&pnl=3313,3313,3334,497&ext=m3u8&sign=live_tv&playid=1&termid=2&pay=0&tm=1534400336&ostype=andriod&hwtype=un&app_name=tvlive&app_ver=4.2.0.050&devid=macB01BD2542D51&uuid=B01BD2542D511534350373311_0&station=lb_zczb5&sign_dev=C0BC870D3EF4276126D66995020B0DBA&app_code=2018071917&liveId=2282&p1=2&p2=20&p3=20_tvlive_cibn&wmac=b8:fc:9b:04:68:2a&lsse=2Di0UF&
08-16 14:14:01.732 I/cdelog  ( 3380): core::etn::LetvETNMeta(282)::Generate ETNR TN from Meta, id: [V35T0D1_BBE506277748699F8BF10F9605CC90B055E72181EA6A3283C88EF4101712667F]
08-16 14:14:01.733 I/cdelog  ( 3380): core::etn::LetvETNMeta(282)::Generate ETNR PN from Meta, id: [V35T1D3_67E7E849E4E2E075746CBBE0582D9DF366E2DBB0872CFFF8A9367CDDE06CAE76]
08-16 14:14:01.920 I/ChannelInfoViewControl( 3007): hideView from handler
08-16 14:14:01.921 I/ChannelInfoViewControl( 3007): onVisibilityChanged: visibility = 8 channelInfo =  channelId = 2282 channelName = 欢乐颂 numberKeys = 33 type = 3 playType = 0 spuNo = null isCurNull = false
08-16 14:14:01.921 I/ChannelInfoViewPresenter( 3007): setSubTitleSelect: select = false
08-16 14:14:01.921 I/ChannelInfoViewControl( 3007): hideChannelInfoAdView
08-16 14:14:01.921 I/ChannelIconControl( 3007): onChannelInfoShowEvent
08-16 14:14:01.921 E/ViewManagerImpl( 3007): dismissView d for com.letv.android.letvlive.d.a@2861fa1 isDuringOneViewShown:false
08-16 14:14:01.921 I/HourViewControl( 3007): hideView
08-16 14:14:01.921 E/ViewManagerImpl( 3007): dismissView b for com.letv.android.letvlive.hour.c@69967de isDuringOneViewShown:false
08-16 14:14:01.921 I/ChannelInfoViewControl( 3007): hideChannelInfoAdView
08-16 14:14:01.921 E/ViewManagerImpl( 3007): dismissView d for com.letv.android.letvlive.ChannelInfoView.a@1c7e987 isDuringOneViewShown:false
08-16 14:14:01.922 I/ChannelInfoViewControl( 3007): onVisibilityChanged: visibility = 8 channelInfo =  channelId = 2282 channelName = 欢乐颂 numberKeys = 33 type = 3 playType = 0 spuNo = null isCurNull = false
08-16 14:14:01.922 I/ChannelInfoViewPresenter( 3007): setSubTitleSelect: select = false
08-16 14:14:01.922 I/ChannelInfoViewControl( 3007): hideChannelInfoAdView
08-16 14:14:01.922 I/ChannelIconControl( 3007): onChannelInfoShowEvent
08-16 14:14:01.922 E/ViewManagerImpl( 3007): dismissView d for com.letv.android.letvlive.d.a@2861fa1 isDuringOneViewShown:false
08-16 14:14:01.922 I/HourViewControl( 3007): hideView
08-16 14:14:01.922 E/ViewManagerImpl( 3007): dismissView b for com.letv.android.letvlive.hour.c@69967de isDuringOneViewShown:false
08-16 14:14:01.922 I/ChannelInfoViewControl( 3007): hideChannelInfoAdView
08-16 14:14:01.922 I/ChannelInfoViewControl( 3007): channelInfoView set GONE
08-16 14:14:01.934 I/SpoPlayer( 3007): [27] getCurrentPosition: 2510021
08-16 14:14:01.934 I/PreAdPresenter( 3007): isAdPlaying isPlaying = false
08-16 14:14:01.934 I/MiddleAdPlayManager( 3007): isAdPlaying mIsPlayAd = false
08-16 14:14:01.934 I/SlotAdStockReportController( 3007): delay report stock for PreAd:delayReportTime = -1
08-16 14:14:01.934 I/SpoPlayer( 3007): [27] getCurrentPosition: 2510021
08-16 14:14:01.934 I/BufferTimeHolder( 3007): getTotalBufferTime totalBuffer = 0
08-16 14:14:01.934 I/PreAdPresenter( 3007): isAdPlaying isPlaying = false
08-16 14:14:01.934 I/MiddleAdPlayManager( 3007): isAdPlaying mIsPlayAd = false
08-16 14:14:01.934 I/SlotAdStockReportController( 3007): delay report stock for MiddleAd:delayReportTime = -1
08-16 14:14:01.970 I/tvos    ( 1764): GetAudioOutputDevice, retval : 0
08-16 14:14:02.220 I/tvos    ( 1764): GetAudioOutputDevice, retval : 0
08-16 14:14:02.333 I/GuideViewsControl( 3007): loopRunnable running, canShowGuide = true
08-16 14:14:02.333 I/GuideViewsControl( 3007): getDelayShowDuration:isGuideTypeChanged:false loopDelayMills:15000
08-16 14:14:02.471 I/tvos    ( 1764): GetAudioOutputDevice, retval : 0
08-16 14:14:02.642 I/cdelog  ( 3380): core::supernode::HttpDownloader(489)::[live::meta]Keep-alive Start request url(http://211.154.226.238/live.videocache.lecloud.com/m3u8/lb_zczb5_1800/desc.m3u8?stream_id=lb_zczb5_1800&amltag=99&mltag=99&platid=10&splatid=1060704002&qos=3&fcheck=0&lsbv=2fn&uid=1754045746&keyitem=iDipdd1vuVFcNrewScXV_qA9anmyuuMxAiFPNbvcYujMEdbjduvlnqfflyUxsCMm&ntm=1534418400&nkey2=8275fb0525cd18ab4d6d9c4c63befbb9&nkey=a1970958a2b31a6347c0dc2464dffb28&auth_key=1534418400-2-0-10-1060704002-lb_zczb5_1800-37eb7b3079b23ca27ab677169d576951&tag=live&video_type=m3u8&useloc=0&mslice=5&ffgname=streamGroup_323&ver=live_3&uidx=0&errc=0&gn=3001&ndtype=0&lrtmcd=104&buss=99&cips=10.58.80.199&geo=CN-1-5-666&tmn=1534400036&pnl=3001,3001,3334,497&ext=m3u8&sign=live_tv&playid=1&termid=2&pay=0&tm=1534400336&ostype=andriod&hwtype=un&app_name=tvlive&app_ver=4.2.0.050&devid=macB01BD2542D51&uuid=B01BD2542D511534350373311_0&station=lb_zczb5&sign_dev=C0BC870D3EF4276126D66995020B0DBA&app_code=2018071917&liveId=2282&p1=2&p2=20&p3=20_tvlive_cibn&wmac=b8:fc
08-16 14:14:02.722 I/tvos    ( 1764): GetAudioOutputDevice, retval : 0
08-16 14:14:02.857 I/cdelog  ( 3380): core::supernode::HttpDownloader(669)::[live::meta]Download OK: , channel(70f8798d72ff0ac99462999af2ba7c5d-3000), url(http://211.154.226.238/live.videocache.lecloud.com/m3u8/lb_zczb5_1800/desc.m3u8?stream_id=lb_zczb5_1800&amltag=99&mltag=99&platid=10&splatid=1060704002&qos=3&fcheck=0&lsbv=2fn&uid=1754045746&keyitem=iDipdd1vuVFcNrewScXV_qA9anmyuuMxAiFPNbvcYujMEdbjduvlnqfflyUxsCMm&ntm=1534418400&nkey2=8275fb0525cd18ab4d6d9c4c63befbb9&nkey=a1970958a2b31a6347c0dc2464dffb28&auth_key=1534418400-2-0-10-1060704002-lb_zczb5_1800-37eb7b3079b23ca27ab677169d576951&tag=live&video_type=m3u8&useloc=0&mslice=5&ffgname=streamGroup_323&ver=live_3&uidx=0&errc=0&gn=3001&ndtype=0&lrtmcd=104&buss=99&cips=10.58.80.199&geo=CN-1-5-666&tmn=1534400036&pnl=3001,3001,3334,497&ext=m3u8&sign=live_tv&playid=1&termid=2&pay=0&tm=1534400336&ostype=andriod&hwtype=un&app_name=tvlive&app_ver=4.2.0.050&devid=macB01BD2542D51&uuid=B01BD2542D511534350373311_0&station=lb_zczb5&sign_dev=C0BC870D3EF4276126D66995020B0DBA&app_code=2018071917&liveId=2282&p
08-16 14:14:02.860 I/cdelog  ( 3380): core::supernode::HttpDownloader(684)::[live::meta]Response channel(70f8798d72ff0ac99462999af2ba7c5d-3000), server(211.154.226.238:80), name(nginx/1.12.0), response code(200), version(HTTP/1.1), details(OK), data(12163/-1 Bytes), transfer(chunked), encoding(), resolved time(0 ms), connected time(0 ms), responsed time(209 ms), total used time(215 ms), transfered time(215 ms), speed(58663 Byte/s), bytes(12658), 1 alive times
08-16 14:14:02.862 I/cdelog  ( 3380): logic::base::Channel(2846)::[live]Http complete for tag(live::meta), channel(70f8798d72ff0ac99462999af2ba7c5d), response code(200), details(OK), size(12163)
08-16 14:14:02.882 I/cdelog  ( 3380): core::supernode::MetaData(572)::update segment count(5), segments(1500257349/0/0/0/0/0/,1500257350/1/8/30/1/1/http://ark.letv.com/s?vid=29781392&cid=2282&vd=2587&st=0&ct=2&b=3&cd=30&ark=1339,1500257351/0/0/0/1/0/,1500257352/0/0/0/1/0/,1500257353/0/0/0/1/0/), adjust(0), auuid(74da97e8e680ec7ed8230e1139727a1a_70f8798d72ff0ac99462999af2ba7c5d_1500257350) for channel(70f8798d72ff0ac99462999af2ba7c5d)
08-16 14:14:02.886 I/tvos    ( 1764): [37m[INFO] Change to Voltage: 1150 mV (0x22)[m
08-16 14:14:02.886 I/tvos    ( 1764): [37m[INFO] Change to Voltage: 1150 mV (0x25)[m
08-16 14:14:02.886 I/tvos    ( 1764): [37m[INFO] Change to Voltage: 1150 mV (0x28)[m
08-16 14:14:02.886 I/tvos    ( 1764): [37m[INFO] Change to Voltage: 1150 mV (0x2B)[m
08-16 14:14:02.886 I/cdelog  ( 3380): logic::live::Channel(537)::Meta p2p group id change from(5061D891F120F883543391147D2C8C21ver_00_221.3m3u8_12272000) to(14C0E50B0E7443468F31B1946FF0F067ver_00_221.3m3u8_12272000), channal(70f8798d72ff0ac99462999af2ba7c5d) reopen p2p protocols...
08-16 14:14:02.887 I/tvos    ( 1764): [37m[INFO] Change to Voltage: 1150 mV (0x2E)[m
08-16 14:14:02.887 I/tvos    ( 1764): [37m[INFO] Change to Voltage: 1150 mV (0x2E)[m
08-16 14:14:02.909 I/ProgramTipControl( 3007): showRunnable
08-16 14:14:02.909 E/ViewManagerImpl( 3007): Trying to show view b for com.letv.android.letvlive.programTipView.a@90553fa
08-16 14:14:02.910 E/ViewManagerImpl( 3007): Trying to show view end isDuringOneViewShown:false
08-16 14:14:02.910 I/ProgramTipControl( 3007): showView
08-16 14:14:02.910 I/ProgramFloatScheduler( 3007): startProgramFloatShow : title = 欢乐颂2 18, type = 3
08-16 14:14:02.911 I/Feature_Seek_PlayActionManager( 3007): mPlayProgramList size 8 mServerProgramList size 14
08-16 14:14:02.911 I/Feature_Seek_PlayActionManager( 3007): next program is 欢乐颂2 38
08-16 14:14:02.911 I/CurrentProgramScheduler( 3007): Feature_Program nextPlayProgram is  欢乐颂2 38
08-16 14:14:02.911 I/CurrentProgramScheduler( 3007): Feature_Program curItem 欢乐颂2 36
08-16 14:14:02.911 I/Feature_Seek_PlayActionManager( 3007): mPlayProgramList size 8 mServerProgramList size 14
08-16 14:14:02.911 I/Feature_Seek_PlayActionManager( 3007): next program is 欢乐颂2 39
08-16 14:14:02.911 I/CurrentProgramScheduler( 3007): Feature_Program afterNextProgramItem 欢乐颂2 39
08-16 14:14:02.935 E/ViewManagerImpl( 3007): Trying to show view b for com.letv.android.letvlive.programTipView.a@90553fa
08-16 14:14:02.935 I/ProgramTipControl( 3007): showView
08-16 14:14:02.935 I/ProgramFloatScheduler( 3007): startProgramFloatShow : title = 欢乐颂2 18, type = 3
08-16 14:14:02.935 I/Feature_Seek_PlayActionManager( 3007): mPlayProgramList size 8 mServerProgramList size 14
08-16 14:14:02.935 I/Feature_Seek_PlayActionManager( 3007): next program is 欢乐颂2 38
08-16 14:14:02.935 I/CurrentProgramScheduler( 3007): Feature_Program nextPlayProgram is  欢乐颂2 38
08-16 14:14:02.935 I/CurrentProgramScheduler( 3007): Feature_Program curItem 欢乐颂2 36
08-16 14:14:02.935 I/Feature_Seek_PlayActionManager( 3007): mPlayProgramList size 8 mServerProgramList size 14
08-16 14:14:02.935 I/Feature_Seek_PlayActionManager( 3007): next program is 欢乐颂2 39
08-16 14:14:02.935 I/CurrentProgramScheduler( 3007): Feature_Program afterNextProgramItem 欢乐颂2 39
08-16 14:14:02.972 I/tvos    ( 1764): GetAudioOutputDevice, retval : 0
08-16 14:14:02.987 I/tvos    ( 1764): [37m[INFO] Change to Voltage: 1030 mV (0x2E)[m
08-16 14:14:02.987 I/tvos    ( 1764): [37m[INFO] Change to Voltage: 1030 mV (0x2B)[m
08-16 14:14:02.987 I/tvos    ( 1764): [37m[INFO] Change to Voltage: 1030 mV (0x28)[m
08-16 14:14:02.987 I/tvos    ( 1764): [37m[INFO] Change to Voltage: 1030 mV (0x25)[m
08-16 14:14:02.987 I/tvos    ( 1764): [37m[INFO] Change to Voltage: 1030 mV (0x22)[m
08-16 14:14:02.987 I/tvos    ( 1764): [37m[INFO] Change to Voltage: 1030 mV (0x22)[m
08-16 14:14:03.222 I/tvos    ( 1764): GetAudioOutputDevice, retval : 0
08-16 14:14:03.265 I/reService( 2207): onReportKeyEvent  type=type0 keycode=4*4*4*4 
08-16 14:14:03.267 E/LETV_DEVICE( 1780): no name sn for Mstar
08-16 14:14:03.282 E/ActivityThread( 2837): Failed to find provider info for com.letv.agnes.InfoProvider
08-16 14:14:03.284 E/ActivityThread( 2837): Failed to find provider info for com.letv.agnes.InfoProvider
08-16 14:14:03.284 W/System.err( 2837): java.lang.IllegalArgumentException: Unknown URL content://com.letv.agnes.InfoProvider
08-16 14:14:03.285 W/System.err( 2837): 	at android.content.ContentResolver.insert(ContentResolver.java:1227)
08-16 14:14:03.285 W/System.err( 2837): 	at com.letv.tracker2.agnes.Configuration.addDebugInfo(Configuration.java:289)
08-16 14:14:03.285 W/System.err( 2837): 	at com.letv.tracker2.agnes.MessageProcessor$SendEnvMsgTr$1.handleMessage(MessageProcessor.java:661)
08-16 14:14:03.285 W/System.err( 2837): 	at android.os.Handler.dispatchMessage(Handler.java:102)
08-16 14:14:03.285 W/System.err( 2837): 	at android.os.Looper.loop(Looper.java:148)
08-16 14:14:03.285 W/System.err( 2837): 	at com.letv.tracker2.agnes.MessageProcessor$SendEnvMsgTr.run(MessageProcessor.java:665)
08-16 14:14:03.287 I/[T1.0.6.3]EuiAgnes_Server( 2837): resCode:1
08-16 14:14:03.287 I/[T1.0.6.3]EuiAgnes_Server( 2837): b[0]:0
08-16 14:14:03.293 I/tvos    ( 1764): [37m[INFO] Change to Voltage: 1150 mV (0x22)[m
08-16 14:14:03.293 I/tvos    ( 1764): [37m[INFO] Change to Voltage: 1150 mV (0x25)[m
08-16 14:14:03.293 I/tvos    ( 1764): [37m[INFO] Change to Voltage: 1150 mV (0x28)[m
08-16 14:14:03.295 I/tvos    ( 1764): [37m[INFO] Change to Voltage: 1150 mV (0x2B)[m
08-16 14:14:03.296 I/tvos    ( 1764): [37m[INFO] Change to Voltage: 1150 mV (0x2E)[m
08-16 14:14:03.296 I/tvos    ( 1764): [37m[INFO] Change to Voltage: 1150 mV (0x2E)[m
08-16 14:14:03.387 I/tvos    ( 1764): [37m[INFO] Change to Voltage: 1030 mV (0x2E)[m
08-16 14:14:03.387 I/tvos    ( 1764): [37m[INFO] Change to Voltage: 1030 mV (0x2B)[m
08-16 14:14:03.387 I/tvos    ( 1764): [37m[INFO] Change to Voltage: 1030 mV (0x28)[m
08-16 14:14:03.387 I/tvos    ( 1764): [37m[INFO] Change to Voltage: 1030 mV (0x25)[m
08-16 14:14:03.390 I/tvos    ( 1764): [37m[INFO] Change to Voltage: 1030 mV (0x22)[m
08-16 14:14:03.390 I/tvos    ( 1764): [37m[INFO] Change to Voltage: 1030 mV (0x22)[m
08-16 14:14:03.473 I/tvos    ( 1764): GetAudioOutputDevice, retval : 0
08-16 14:14:03.723 I/tvos    ( 1764): GetAudioOutputDevice, retval : 0
08-16 14:14:03.745 I/StvLogReport( 2837): Report Nielsen, handleMessage: 'send bd ok
08-16 14:14:03.745 I/StvLogReport( 2837): 6^C2014082201^X440M-b01bd2542d51-^A1A90F9A1254CF6F^^111D000C29227B7C^10.58.81.76^2018-08-16 14:13:34^1^2.57^0^O^^^^^^^^^-100^10.58.81.76^^^
08-16 14:14:03.745 I/StvLogReport( 2837): 6^C2014082201^X440M-b01bd2542d51-^A1A90F9A1254CF6F^^C16BB05ADADC87F2^10.58.81.104^2018-08-16 14:13:34^1^2.57^5^O^^^^^^^^^-100^10.58.81.104^MIYD9RPXWIWMFVS^MIYD9RPXWIWMFVS^
08-16 14:14:03.745 I/StvLogReport( 2837): 6^C2014082201^X440M-b01bd2542d51-^A1A90F9A1254CF6F^^317C206BE7519B05^10.58.81.36^2018-08-16 14:13:34^1^2.57^5^O^^^^^^^^^-100^10.58.81.36^WANGJIAN10^WANGJIAN10^
08-16 14:14:03.745 I/StvLogReport( 2837): 6^C2014082201^X440M-b01bd2542d51-^A1A90F9A1254CF6F^^111D000C29A8331D^10.58.81.75^2018-08-16 14:13:34^1^2.57^0^O^^^^^^^^^-100^10.58.81.75^^^
08-16 14:14:03.745 I/StvLogReport( 2837): 6^C2014082201^X440M-b01bd2542d51-^A1A90F9A1254CF6F^^C12CB01BD269D04E^10.58.81.53^2018-08-16 14:13:34^1^2.57^0^O^^^^^^^^^-100^10.58.81.53^^^
08-16 14:14:03.745 I/StvLogReport( 2837): 6^C2014082201^X440M-b01bd2542d51-^A1A90F9A1254CF6F^^ED5BDC4A3EF7ED08^10.58.81.5^2018-08-16 14:13:34^1^2.57^5^O^^^^^^^^^-100^10.58.81.5^5CD605379D-^5CD605379D-^
08-16 14:14:03.745 I/StvLogReport( 2837): 6^C2014082201^X440M-b01bd2542d51-^A1A90F9A1254CF6F^^2529141877B6F35D^10.58.81.2^2018-08-16 14:13:34^1^2.57^5^O^^^^^^^^^-100^10.58.81.2^26H3YB2-^26H3YB2-^
08-16 14:14:03.745 I/StvLogReport( 2837): 6^C2014082201^X440M-b01bd2542d51-^A1A90F9A1254CF6F^^61765065F32A00FA^10.58.81.119^2018-08-16 14:13:34^1^2.57^5^O^^^^^^^^^-100^10.58.81.119^6CR538869G-^6CR538869G-^
08-16 14:14:03.745 I/StvLogReport( 2837): 6^C2014082201^X440M-b01bd2542d51-^A1A90F9A1254CF6F^^45753464A9294D37^10.58.81.1^2018-08-16 14:13:34^1^2.57^5^O^^^^^^^^^-100^10.58.81.1^SHS^SHS^ (104)'.
08-16 14:14:03.974 I/tvos    ( 1764): GetAudioOutputDevice, retval : 0
08-16 14:14:04.224 I/tvos    ( 1764): GetAudioOutputDevice, retval : 0
08-16 14:14:04.325 E/LetvRemoteupgradeManager-JNI( 2613): can't get LetvManager service!
08-16 14:14:04.384 E/InternetUtils( 4594): java.net.SocketTimeoutException: failed to connect to www.cibn.com/61.133.127.115 (port 80) after 3000ms
08-16 14:14:04.474 I/tvos    ( 1764): GetAudioOutputDevice, retval : 0
08-16 14:14:04.573 I/GlobalFocusChangedListe( 3007): com.letv.component.player.videoview.VideoViewTV
08-16 14:14:04.594 I/tvos    ( 1764): Detect3DFormat when is not auto detect=======
08-16 14:14:04.595 I/TVliveControllerPlayer( 3007): isPayMenuShow : false
08-16 14:14:04.595 I/TVliveControllerPlayer( 3007): [BaseMainManger][onPlayActivityResumed]jump requestfocus
08-16 14:14:04.595 I/TVliveControllerPlayer( 3007): isPayMenuShow : false
08-16 14:14:04.595 I/ChannelIconControl( 3007): onTabShowChangeEvent:event:8
08-16 14:14:04.725 I/tvos    ( 1764): GetAudioOutputDevice, retval : 0
08-16 14:14:04.787 I/tvos    ( 1764): [37m[INFO] Change to Voltage: 1130 mV (0x1F)[m
08-16 14:14:04.788 I/tvos    ( 1764): [37m[INFO] Change to Voltage: 1130 mV (0x22)[m
08-16 14:14:04.790 I/tvos    ( 1764): [37m[INFO] Change to Voltage: 1130 mV (0x25)[m
08-16 14:14:04.792 I/tvos    ( 1764): [37m[INFO] Change to Voltage: 1130 mV (0x28)[m
08-16 14:14:04.793 I/tvos    ( 1764): [37m[INFO] Change to Voltage: 1130 mV (0x2B)[m
08-16 14:14:04.794 I/tvos    ( 1764): [37m[INFO] Change to Voltage: 1130 mV (0x2C)[m
08-16 14:14:04.885 I/tvos    ( 1764): [37m[INFO] Change to Voltage: 1000 mV (0x2C)[m
08-16 14:14:04.885 I/tvos    ( 1764): [37m[INFO] Change to Voltage: 1000 mV (0x29)[m
08-16 14:14:04.885 I/tvos    ( 1764): [37m[INFO] Change to Voltage: 1000 mV (0x26)[m
08-16 14:14:04.888 I/tvos    ( 1764): [37m[INFO] Change to Voltage: 1000 mV (0x23)[m
08-16 14:14:04.891 I/tvos    ( 1764): [37m[INFO] Change to Voltage: 1000 mV (0x20)[m
08-16 14:14:04.892 I/tvos    ( 1764): [37m[INFO] Change to Voltage: 1000 mV (0x1F)[m
08-16 14:14:04.932 I/VideoJJControl( 3007): current program vid: 29781217
08-16 14:14:04.932 I/VideoJJHelper( 3007): request video jj params: {vid=29781217, sid=lb_zczb5_1800, token=103XXXym3vjCwfGSybbVYyLyM12Cm1zwLoAD7vux5sDnKGsJVEp6H1pPOOWm2stOKn8u57CrvwZcPm1EFou8TChzqoC5ulgn31I9Pl9NUpVHy7Q5y70YYm4, adInfoType=5, uuid=B01BD2542D511534400037857_0, cid=2282, adZoneType=7, adReqType=2}
08-16 14:14:04.932 E/AdSDKManagerProxy( 3007):  getInstance 
08-16 14:14:04.932 E/ReflectionUtils( 3007): callADObjectMethod class=class com.letv.adsdk.AdSDKManager   methodName=getAD
08-16 14:14:04.932 E/AdSDKManager( 3007): getAD initComplete=true
08-16 14:14:04.932 E/AdSDKManager( 3007): getAD parameters=vid:29781217,sid:lb_zczb5_1800,token:103XXXym3vjCwfGSybbVYyLyM12Cm1zwLoAD7vux5sDnKGsJVEp6H1pPOOWm2stOKn8u57CrvwZcPm1EFou8TChzqoC5ulgn31I9Pl9NUpVHy7Q5y70YYm4,adInfoType:5,uuid:B01BD2542D511534400037857_0,cid:2282,adZoneType:7,adReqType:2,
08-16 14:14:04.932 E/AdSDKManager( 3007): getAD11 adZoneTypeStr:7
08-16 14:14:04.932 E/AdSDKManager( 3007): getAD ctStr:7,arkKey:c_l
08-16 14:14:04.932 E/AdSDKManager( 3007):  ad getCacheAdInfo=true
08-16 14:14:04.933 E/ads     ( 3007): adSdkReq ArkJniApi
08-16 14:14:04.976 I/tvos    ( 1764): GetAudioOutputDevice, retval : 0
08-16 14:14:04.987 I/tvos    ( 1764): [37m[INFO] Change to Voltage: 1130 mV (0x1F)[m
08-16 14:14:04.987 I/tvos    ( 1764): [37m[INFO] Change to Voltage: 1130 mV (0x22)[m
08-16 14:14:04.987 I/tvos    ( 1764): [37m[INFO] Change to Voltage: 1130 mV (0x25)[m
08-16 14:14:04.987 I/tvos    ( 1764): [37m[INFO] Change to Voltage: 1130 mV (0x28)[m
08-16 14:14:04.987 I/tvos    ( 1764): [37m[INFO] Change to Voltage: 1130 mV (0x2B)[m
08-16 14:14:04.987 I/tvos    ( 1764): [37m[INFO] Change to Voltage: 1130 mV (0x2C)[m
08-16 14:14:04.991 I/ProgramTipControl( 3007): onProgramTipShow
08-16 14:14:04.991 I/ProgramTipControl( 3007): show ProgramTipAd
08-16 14:14:04.991 I/ProgramTipControl( 3007): getCurrentStreamLevel order: 4
08-16 14:14:04.991 I/PreAdPresenter( 3007): isAdPlaying isPlaying = false
08-16 14:14:04.991 I/MiddleAdPlayManager( 3007): isAdPlaying mIsPlayAd = false
08-16 14:14:04.991 E/ViewManagerImpl( 3007):     KEEP_BOTH for c existing: com.letv.android.letvlive.programTipView.view.d@20cc09f
08-16 14:14:04.991 I/AdManager( 3007): fetch Program Tip Ad
08-16 14:14:04.991 I/ProgramTipControl( 3007):  ==  ==   == ProgramTip Ad onFetchStart==  ==  ==  ==  ==  ==  ==  == =
08-16 14:14:04.992 I/AdUtil  ( 3007): createRParams: adType = PROGRAM_TIP_AD
08-16 14:14:04.992 I/AdUtil  ( 3007): assembleAdInfoParams = {sid=lb_zczb5_1800, token=103XXXym3vjCwfGSybbVYyLyM12Cm1zwLoAD7vux5sDnKGsJVEp6H1pPOOWm2stOKn8u57CrvwZcPm1EFou8TChzqoC5ulgn31I9Pl9NUpVHy7Q5y70YYm4, codeRage=flv_720p, streamURL=http://live.g3proxy.cp21.ott.cibntv.net/gslb?stream_id=lb_zczb5_1800&tag=live&ext=m3u8&sign=live_tv, uuid=B01BD2542D511534400037857_0, adInfoType=15, startTime=0, adZoneType=7, isVIP=0, isTryLook=null, adReqType=1}
08-16 14:14:04.993 E/AdSDKManagerProxy( 3007):  getInstance 
08-16 14:14:05.014 E/ReflectionUtils( 3007): callADObjectMethod class=class com.letv.adsdk.AdSDKManager   methodName=getAD
08-16 14:14:05.014 E/AdSDKManager( 3007): getAD initComplete=true
08-16 14:14:05.015 E/AdSDKManager( 3007): getAD parameters=sid:lb_zczb5_1800,token:103XXXym3vjCwfGSybbVYyLyM12Cm1zwLoAD7vux5sDnKGsJVEp6H1pPOOWm2stOKn8u57CrvwZcPm1EFou8TChzqoC5ulgn31I9Pl9NUpVHy7Q5y70YYm4,codeRage:flv_720p,streamURL:http://live.g3proxy.cp21.ott.cibntv.net/gslb?stream_id=lb_zczb5_1800&tag=live&ext=m3u8&sign=live_tv,uuid:B01BD2542D511534400037857_0,adInfoType:15,startTime:0,adZoneType:7,isVIP:0,isTryLook:null,adReqType:1,
08-16 14:14:05.015 E/AdSDKManager( 3007): getAD11 adZoneTypeStr:7
08-16 14:14:05.015 E/AdSDKManager( 3007): getAD ctStr:7,arkKey:c_l
08-16 14:14:05.015 E/AdSDKManager( 3007):  ad getCacheAdInfo=true
08-16 14:14:05.016 E/ads     ( 3007): adSdkReq ArkJniApi
08-16 14:14:05.031 W/VideoJJHelper( 3007): fetch video jj ad data error: empty data
08-16 14:14:05.081 W/TelecomManager( 2207): Telecom Service not found.
08-16 14:14:05.089 I/tvos    ( 1764): [37m[INFO] Change to Voltage: 1000 mV (0x2C)[m
08-16 14:14:05.089 I/tvos    ( 1764): [37m[INFO] Change to Voltage: 1000 mV (0x29)[m
08-16 14:14:05.089 I/tvos    ( 1764): [37m[INFO] Change to Voltage: 1000 mV (0x26)[m
08-16 14:14:05.089 I/tvos    ( 1764): [37m[INFO] Change to Voltage: 1000 mV (0x23)[m
08-16 14:14:05.089 I/tvos    ( 1764): [37m[INFO] Change to Voltage: 1000 mV (0x20)[m
08-16 14:14:05.091 I/tvos    ( 1764): [37m[INFO] Change to Voltage: 1000 mV (0x1F)[m
08-16 14:14:05.092 E/DesktopManager( 2207): startDockOrHome, mDm=letv.desktop.DesktopManagerService@442694d
08-16 14:14:05.092 W/ContextImpl( 2207): Calling a method in the system process without a qualified user: android.app.ContextImpl.startActivity:659 letv.desktop.DesktopManagerService.startActivity:922 letv.desktop.DesktopManagerService.startDockOrHome:956 letv.desktop.DesktopManager.startDockOrHome:783 com.android.server.policy.PhoneWindowManager.startDockOrHome:8954 
08-16 14:14:05.093 W/ContextImpl( 2207): Calling a method in the system process without a qualified user: android.app.ContextImpl.startActivity:671 android.app.ContextImpl.startActivity:660 letv.desktop.DesktopManagerService.startActivity:922 letv.desktop.DesktopManagerService.startDockOrHome:956 letv.desktop.DesktopManager.startDockOrHome:783 
08-16 14:14:05.093 E/ContextImpl( 2207): startAdManager() intent contains not android.intent.category.LAUNCHER
08-16 14:14:05.093 I/ActivityManager( 2207): START u0 {act=android.intent.action.MAIN cat=[android.intent.category.HOME] flg=0x10200000 pkg=com.stv.launcher cmp=com.stv.launcher/.ui.activity.Launcher} from uid 1000 on display 0
08-16 14:14:05.101 I/TvLiveBaseFragment( 3007): onPause
08-16 14:14:05.101 I/ShoppingPlugin-stv-PluginFragment( 3007): onPause ->in
08-16 14:14:05.101 I/ShoppingPlugin-stv-PluginRootLayout( 3007): onFragmentPause ---> in
08-16 14:14:05.101 I/Launcher( 3007): [com.stv.launcher] LauncherActivity -- onPause  mBootSignalFirst=false sCurrentScreen = com.letv.android.tv.letvlive
08-16 14:14:05.102 I/TencentReportManagers( 7946): home key pressed
08-16 14:14:05.105 I/Launcher( 3007): [com.stv.launcher] ===== enalbeAllKey =====
08-16 14:14:05.105 I/WindowManager( 2207): setBlockVoiceKey = false
08-16 14:14:05.107 I/WindowManager( 2207): setBlockSourceKey = false
08-16 14:14:05.112 I/WindowManager( 2207): setBlockSettingKey = false
08-16 14:14:05.112 I/WindowManager( 2207): setBlockFunctionKeys = false
08-16 14:14:05.113 I/WindowManager( 2207): setBlockHomeKey = false
08-16 14:14:05.117 W/ContextImpl( 3007): Calling a method in the system process without a qualified user: android.app.ContextImpl.sendBroadcast:766 android.content.ContextWrapper.sendBroadcast:396 com.stv.launcher.ui.activity.Launcher.onNewIntent:646 android.app.Instrumentation.callActivityOnNewIntent:1212 android.app.Instrumentation.callActivityOnNewIntent:1224 
08-16 14:14:05.119 I/Launcher( 3007): [com.stv.launcher] LauncherActivity -- onNewIntent [caller=DesktopManager, current=com.letv.android.tv.letvlive, to=null, jumpParams=, jumpType=, mStopped=false, mIsTopActivity=true, mBlockKeyEvent=false]
08-16 14:14:05.120 I/ControllerCallbacks( 3007): onKeyEvent() called with event = [KeyEvent { action=ACTION_DOWN, keyCode=KEYCODE_HOME, scanCode=0, metaState=0, flags=0x0, repeatCount=0, eventTime=0, downTime=0, deviceId=-1, source=0x0 }]
08-16 14:14:05.120 I/VideoJJControl( 3007): onKeyEvent event = 3
08-16 14:14:05.120 I/PurchaseAdManager( 3007): isQrcodeShow mQrState = -1
08-16 14:14:05.120 I/PurchaseControl( 3007): interceptKeyEvent result = false
08-16 14:14:05.120 I/SettingMenuControl( 3007): onKeyEvent eventKeyEvent { action=ACTION_DOWN, keyCode=KEYCODE_HOME, scanCode=0, metaState=0, flags=0x0, repeatCount=0, eventTime=0, downTime=0, deviceId=-1, source=0x0 }
08-16 14:14:05.120 I/PurchaseAdManager( 3007): isQrcodeShow mQrState = -1
08-16 14:14:05.120 I/PurchaseControl( 3007): interceptKeyEvent result = false
08-16 14:14:05.120 I/VideoJJControl( 3007): interceptKeyEvent result = false
08-16 14:14:05.120 I/BaseMainManager( 3007): onPlayActivityKeyDown: keyCode=3
08-16 14:14:05.120 I/BaseMainManager( 3007): isChannelMenuShow : false
08-16 14:14:05.120 I/BaseMainManager( 3007): isGuideViewShow : false
08-16 14:14:05.120 I/BaseMainManager( 3007): isSettingShow : false
08-16 14:14:05.120 I/BaseMainManager( 3007): isProgramsViewShow : false
08-16 14:14:05.120 I/BaseMainManager( 3007): isMultiProgramShow : false
08-16 14:14:05.120 I/BaseMainManager( 3007): isPayMenuShow : false
08-16 14:14:05.120 I/BaseMainManager( 3007): isPayTipShow : false
08-16 14:14:05.120 I/BaseMainManager( 3007): isVideoJJShow: false
08-16 14:14:05.120 I/BaseMainManager( 3007): onPlayActivityKeyDown isNeedNotify = true
08-16 14:14:05.123 E/SingletonToast( 3007): showToast: v = 241488952
08-16 14:14:05.123 I/Toast   ( 3007):  PackageName: com.letv.android.tv.letvlive ToastText: 按左右键可以切换桌面
08-16 14:14:05.125 I/LetvHttp( 3007): LetvTeleHttpAsyncRequest requestData
08-16 14:14:05.125 I/VideoJJControl( 3007): interceptKeyEvent result = false
08-16 14:14:05.125 I/VideoJJControl( 3007): interceptKeyEvent result = false
08-16 14:14:05.125 I/PurchaseAdManager( 3007): isQrcodeShow mQrState = -1
08-16 14:14:05.125 I/PurchaseControl( 3007): interceptKeyEvent result = false
08-16 14:14:05.125 I/VideoJJControl( 3007): interceptKeyEvent result = false
08-16 14:14:05.125 I/RateTipController( 3007): onKeyEvent event:KeyEvent { action=ACTION_DOWN, keyCode=KEYCODE_HOME, scanCode=0, metaState=0, flags=0x0, repeatCount=0, eventTime=0, downTime=0, deviceId=-1, source=0x0 }
08-16 14:14:05.125 I/PurchaseAdUtil( 3007): isSupportOneKeyPurchase version = 2070
08-16 14:14:05.125 I/PurchaseAdManager( 3007): send data = {"event":"endAD","pkg":"com.letv.android.tv.letvlive"}
08-16 14:14:05.126 I/PluginFramework -- WidgetManager( 3007): getWidget id =#com.letv.android.tv.letvlive#
08-16 14:14:05.126 I/LetvHttp( 3007): requestUrl = http://dc.cp21.ott.cibntv.net/op/?install_id=372990f9fdcb454a9b2c51d84a2891c8&uuid=B01BD2542D511534400037857_0&wmac=unknown&stime=1534400046750&auid=B01BD2542D51&app_name=superlive&p2=20&nt=wired&lid=unknown&acode=0&p3=20_tvlive_cibn&serialno=b01bd2542d51&pcode=01001001000&android_id=1254cf6fa1a90f9a&st=unknown&vid=unknown&ap=ref%3D9&p1=2&ar=unknown&mac=B01BD2542D51&cid=unknown&ctime=1534400046750&cur_url=9.4&app=4.2.0.050&apprunid=B01BD2542D51_1533889159020&ilu=0&uid=1754045746&r=000566086051&ver=2.0
08-16 14:14:05.126 I/LetvHttp( 3007): LetvHttpClient requestData
08-16 14:14:05.126 I/PluginFramework -- WidgetManager( 3007): getWidget widget = Widget{, mWidgetId=com.letv.android.tv.letvlive, mState=15, mLocation='/data/user/0/com.stv.launcher/files/plugins/com.stv.plugin.tvlive_tvlive-cibn_4.2.0.050_2018071917.apk', mVersionName='4.2.0.050', mVersionCode=2018071917, mName='LIVE', mDexDir='/data/user/0/com.stv.launcher/files/plugins_data/com.letv.android.tv.letvlive/dex/', mLibDir='/data/user/0/com.stv.launcher/files/plugins_data/com.letv.android.tv.letvlive/libs/', mDataDir='/data/user/0/com.stv.launcher/files/plugins_data/com.letv.android.tv.letvlive'}
08-16 14:14:05.126 W/PluginFramework -- WidgetContextWrapper( 3007): Start other app Service for intent: Intent { act=com.stv.admanager.action.SHOPPING_JD pkg=com.stv.bootadmanager (has extras) }
08-16 14:14:05.126 W/ContextImpl( 3007): Calling a method in the system process without a qualified user: android.app.ContextImpl.startService:1224 letv.plugin.framework.core.WidgetContextWrapper.startService:200 android.content.ContextWrapper.startService:581 com.letv.android.letvlive.purchase.b.a:-1 com.letv.android.letvlive.purchase.b.xF:-1 
08-16 14:14:05.135 I/STVADLOG3:UI(23339): UIService, process action: com.stv.admanager.action.SHOPPING_JD
08-16 14:14:05.136 I/STVADLOG3:UI(23339): JdShopManager, RapidShoppingSDK end.
08-16 14:14:05.154 I/Launcher( 3007): [com.stv.launcher] LauncherActivity --  debug_tag onResume
08-16 14:14:05.155 I/AnalysisLog( 3007): Activ:onResume----start:time='510911588'
08-16 14:14:05.157 I/Launcher( 3007): [com.stv.launcher] boot video finished=1 bootAnifinished = 1 str =  strAdFinished = 3
08-16 14:14:05.157 I/Launcher( 3007): [com.stv.launcher] LauncherActivity -- onResume, switchByStr: false, bootAdFinish true
08-16 14:14:05.158 I/Launcher( 3007): [com.stv.launcher] LauncherActivity -- onResume mHandDetectStarted: false mHandDetectType: 0 mLastSelectedScreen = null
08-16 14:14:05.158 I/Launcher( 3007): [com.stv.launcher] PluginShell --  debug_tag  >>>>>> startLoadFirst <<<<<<
08-16 14:14:05.158 I/AnalysisLog( 3007): Activ:onResume----end:time='510911592'
08-16 14:14:05.159 I/AnalysisLog( 3007): Plugin:onAttach2onResume:com.letv.android.tv.letvlive----end:time='510911592'
08-16 14:14:05.159 I/TvLiveBaseFragment( 3007): onResume
08-16 14:14:05.159 I/AnalysisLog( 3007): Plugin:onAttach2onResume:com.stv.plugin.tencent----end:time='510911592'
08-16 14:14:05.159 I/AnalysisLog( 3007): Plugin:onAttach2onResume:com.stv.plugin.video----end:time='510911592'
08-16 14:14:05.159 I/AnalysisLog( 3007): Plugin:onAttach2onResume:com.stv.plugin.search----end:time='510911592'
08-16 14:14:05.159 I/ShoppingPlugin-stv-PluginFragment( 3007): onResume ->in
08-16 14:14:05.159 I/AnalysisLog( 3007): Plugin:onAttach2onResume:com.stv.shopping----end:time='510911592'
08-16 14:14:05.159 I/AnalysisLog( 3007): Plugin:onAttach2onResume:com.stv.plugin.kids----end:time='510911592'
08-16 14:14:05.159 I/AnalysisLog( 3007): Plugin:onAttach2onResume:com.stv.plugin.app----end:time='510911592'
08-16 14:14:05.160 I/Launcher( 3007): [com.stv.launcher] PluginShell --  debug_tag  >>>>>> createPlugin <<<<<<
08-16 14:14:05.160 I/Launcher( 3007): [com.stv.launcher] PluginShell --  debug_tag  ** createPlugin but current has empty **
08-16 14:14:05.169 I/LetvHttp( 3007): responseCode = 200; baseUrl = http://dc.cp21.ott.cibntv.net/op/?install_id=372990f9fdcb454a9b2c51d84a2891c8&uuid=B01BD2542D511534400037857_0&wmac=unknown&stime=1534400046750&auid=B01BD2542D51&app_name=superlive&p2=20&nt=wired&lid=unknown&acode=0&p3=20_tvlive_cibn&serialno=b01bd2542d51&pcode=01001001000&android_id=1254cf6fa1a90f9a&st=unknown&vid=unknown&ap=ref%3D9&p1=2&ar=unknown&mac=B01BD2542D51&cid=unknown&ctime=1534400046750&cur_url=9.4&app=4.2.0.050&apprunid=B01BD2542D51_1533889159020&ilu=0&uid=1754045746&r=000566086051&ver=2.0
08-16 14:14:05.171 I/ProgramTipControl( 3007):  ==  ==   == ProgramTip Ad onFetchEmpty==  ==  ==  ==  ==  ==  ==  == =
08-16 14:14:05.173 I/LetvHttp( 3007): lastModified = null
08-16 14:14:05.173 I/LetvHttp( 3007): LetvHttpClient after dataHull.lastModified: null
08-16 14:14:05.173 I/LetvHttp( 3007): LetvHttpAsyncRequest after dataHull.lastModified = null
08-16 14:14:05.181 I/ChannelIconControl( 3007): onTabShowChangeEvent:event:0
08-16 14:14:05.181 E/ViewManagerImpl( 3007): dismissView d for com.letv.android.letvlive.d.a@2861fa1 isDuringOneViewShown:false
08-16 14:14:05.181 I/HourViewControl( 3007): hideView
08-16 14:14:05.182 E/ViewManagerImpl( 3007): dismissView b for com.letv.android.letvlive.hour.c@69967de isDuringOneViewShown:false
