08-16 14:13:57.071 I/cdelog  ( 3380): logic::base::Channel(967)::[live] get next stable(address(* 211.154.226.238:80), speed(4389207), last segment id(1500257342), count(12/0/0/1);) for channel(70f8798d72ff0ac99462999af2ba7c5d)
08-16 14:13:57.074 E/Utopia  ( 1758): [AUDIO]HAL_AUDIO_PCM_R2Dma_Reader2_Write: Warning! PCM buffer :1168 bytes !!!
08-16 14:13:57.076 I/tvos    ( 1764): get machine type is:0 
08-16 14:13:57.076 I/tvos    ( 1764): get machine type is:0 
08-16 14:13:57.076 I/tvos    ( 1764): get machine type is:0 
08-16 14:13:57.076 I/tvos    ( 1764): @@@MSrv_System_Database::GetVideoSetting
08-16 14:13:57.076 I/tvos    ( 1764): @@@MSrv_System_Database::GetVideoSetting
08-16 14:13:57.077 I/LetvAccount(27321): UserInfoProvider -- appName: com.stv.smartControl, permission: system(true) app(true), match=1
08-16 14:13:57.079 I/cdelog  ( 3380): core::entrance::HlsServer(2063)::Send end of piece(s) to player OK for channel(70f8798d72ff0ac99462999af2ba7c5d), segment id(1500257342), size(1912900) piece index(12/12)
08-16 14:13:57.081 I/cdelog  ( 3380): logic::base::Channel(1457)::[live]segment(1500257342/12) download finish for channel(70f8798d72ff0ac99462999af2ba7c5d)
08-16 14:13:57.082 I/cdelog  ( 3380): core::supernode::HttpDownloader(669)::[cdn::range-data]Download OK: , channel(70f8798d72ff0ac99462999af2ba7c5d:0-1500257342-24800-()), url(http://211.154.226.238/lb.videocache.lecloud.com/267/35/78/letv-uts/14/ver_00_22-1103917328-avc-1486809-aac-96000-2587960-515984868-8aefc778d8768f04ed8b4d5f7565bbbb-1496226919134_mp4/ver_00_22_256_688_3_1912900_518034940_0.ts?stream_id=lb_zczb5_1800&amltag=99&mltag=99&platid=10&splatid=1060704002&qos=3&fcheck=0&lsbv=2fn&uid=1754045746&keyitem=iDipdd1vuVFcNrewScXV_qA9anmyuuMxAiFPNbvcYujMEdbjduvlnqfflyUxsCMm&ntm=1534418400&nkey2=8275fb0525cd18ab4d6d9c4c63befbb9&nkey=a1970958a2b31a6347c0dc2464dffb28&auth_key=1534418400-2-0-10-1060704002-lb_zczb5_1800-37eb7b3079b23ca27ab677169d576951&tag=live&video_type=m3u8&useloc=0&mslice=5&ffgname=streamGroup_323&ver=live_3&uidx=0&errc=0&gn=3001&ndtype=0&lrtmcd=104&buss=99&cips=10.58.80.199&geo=CN-1-5-666&tmn=1534400036&pnl=3001,3001,3334,497&ext=m3u8&sign=live_tv&playid=1&termid=2&pay=0&tm=1534400336&ostype=andriod&hwtype=un&app_name=tvli
08-16 14:13:57.083 I/cdelog  ( 3380): core::supernode::HttpDownloader(684)::[cdn::range-data]Response channel(70f8798d72ff0ac99462999af2ba7c5d:0-1500257342-24800-()), server(211.154.226.238:80), name(nginx/1.12.0), response code(200), version(HTTP/1.1), details(OK), data(1912900/1912900 Bytes), transfer(normal), encoding(), resolved time(3 ms), connected time(1 ms), responsed time(40 ms), total used time(436 ms), transfered time(433 ms), speed(4409080 Byte/s), bytes(1913435), 0 alive times
08-16 14:13:57.085 I/cdelog  ( 3380): protocol::cdn::Session(775)::[live]Segment(1500257342) 12 range(s) data complete, piece used(12), code(200), url(http://211.154.226.238/lb.videocache.lecloud.com/267/35/78/letv-uts/14/ver_00_22-1103917328-avc-1486809-aac-96000-2587960-515984868-8aefc778d8768f04ed8b4d5f7565bbbb-1496226919134_mp4/ver_00_22_256_688_3_1912900_518034940_0.ts?stream_id=lb_zczb5_1800&amltag=99&mltag=99&platid=10&splatid=1060704002&qos=3&fcheck=0&lsbv=2fn&uid=1754045746&keyitem=iDipdd1vuVFcNrewScXV_qA9anmyuuMxAiFPNbvcYujMEdbjduvlnqfflyUxsCMm&ntm=1534418400&nkey2=8275fb0525cd18ab4d6d9c4c63befbb9&nkey=a1970958a2b31a6347c0dc2464dffb28&auth_key=1534418400-2-0-10-1060704002-lb_zczb5_1800-37eb7b3079b23ca27ab677169d576951&tag=live&video_type=m3u8&useloc=0&mslice=5&ffgname=streamGroup_323&ver=live_3&uidx=0&errc=0&gn=3001&ndtype=0&lrtmcd=104&buss=99&cips=10.58.80.199&geo=CN-1-5-666&tmn=1534400036&pnl=3001,3001,3334,497&ext=m3u8&sign=live_tv&playid=1&termid=2&pay=0&tm=1534400336&ostype=andriod&hwtype=un&app_name=tvlive&app_ver=4.2.0.050&devid
08-16 14:13:57.088 I/cdelog  ( 3380): core::supernode::HttpDownloader(489)::[cdn::range-data]Keep-alive Start request url(http://211.154.226.238/lb.videocache.lecloud.com/267/35/78/letv-uts/14/ver_00_22-1103917328-avc-1486809-aac-96000-2587960-515984868-8aefc778d8768f04ed8b4d5f7565bbbb-1496226919134_mp4/ver_00_22_257_691_3_1458128_519947840_0.ts?stream_id=lb_zczb5_1800&amltag=99&mltag=99&platid=10&splatid=1060704002&qos=3&fcheck=0&lsbv=2fn&uid=1754045746&keyitem=iDipdd1vuVFcNrewScXV_qA9anmyuuMxAiFPNbvcYujMEdbjduvlnqfflyUxsCMm&ntm=1534418400&nkey2=8275fb0525cd18ab4d6d9c4c63befbb9&nkey=a1970958a2b31a6347c0dc2464dffb28&auth_key=1534418400-2-0-10-1060704002-lb_zczb5_1800-37eb7b3079b23ca27ab677169d576951&tag=live&video_type=m3u8&useloc=0&mslice=5&ffgname=streamGroup_323&ver=live_3&uidx=0&errc=0&gn=3001&ndtype=0&lrtmcd=104&buss=99&cips=10.58.80.199&geo=CN-1-5-666&tmn=1534400036&pnl=3001,3001,3334,497&ext=m3u8&sign=live_tv&playid=1&termid=2&pay=0&tm=1534400336&ostype=andriod&hwtype=un&app_name=tvlive&app_ver=4.2.0.050&devid=macB01BD2542D51&uuid=B01BD25
08-16 14:13:57.090 I/cdelog  ( 3380): core::supernode::HttpServer(137)::close connection(127.0.0.1:35501), url(/play/slices/1500257342.ts)
08-16 14:13:57.090 I/tvos    ( 1764): @@@MSrv_System_Database::GetVideoSettingget machine type is:0 
08-16 14:13:57.090 I/tvos    ( 1764): [SetBacklight] backlight value 100
08-16 14:13:57.090 I/tvos    ( 1764): get machine type is:0 
08-16 14:13:57.090 I/tvos    ( 1764): Go pql pwm 100 !!!!!
08-16 14:13:57.091 I/tvos    ( 1764): get machine type is:0 
08-16 14:13:57.091 I/cdelog  ( 3380): logic::base::Channel(967)::[live] get next stable(address(* 211.154.226.238:80), speed(4409080), last segment id(1500257343), count(22/0/0/10);) for channel(70f8798d72ff0ac99462999af2ba7c5d)
08-16 14:13:57.098 W/VIDEO   ( 1803): [setSwdrLevel:12664][SWDR] SWDR OFF u16DreIndex=0 u16SwdrIndex=0 bForceDisable=0 m_bEnablePCmode=0
08-16 14:13:57.098 W/VIDEO   ( 1803): [setSwdrLevel:12693][SWDR] u16DreIndex=0 u16SwdrIndex=0 bForceDisable=0 m_bEnablePCmode=0 bApplySetting=1bDRE_En=0 bDRE_SWDR_En=0 u32Version=0 u16Length=0 u16NumofData=0 eWindow=0
08-16 14:13:57.098 W/VIDEO   ( 1803): 
08-16 14:13:57.098 W/VIDEO   ( 1803):  applySwdrSetting 12791 bDLCStatus:1 ,bDRE_En=1, bDRE_SWDR_En=0 
08-16 14:13:57.105 W/XCPERF  ( 1803): End of PQ [510903538]
08-16 14:13:57.105 W/XCPERF  ( 1803): End of SetWindow [510903538]
08-16 14:13:57.106 W/VIDEO   ( 1803): 
08-16 14:13:57.106 W/VIDEO   ( 1803):  applySwdrSetting 12791 bDLCStatus:1 ,bDRE_En=1, bDRE_SWDR_En=0 
08-16 14:13:57.108 E/PictureManagerService( 1803): EV_EVENT_VIDEO_STATUS, wParam is 0,  lParam is 0.
08-16 14:13:57.109 I/AccountManagerService( 2207): getTypesVisibleToCaller: isPermitted? true
08-16 14:13:57.113 D/VideoSetService( 1803): u32DS_Info_BaseAddr = 0x21481000
08-16 14:13:57.113 D/VideoSetService( 1803): u8MIU_Select = 0x0
08-16 14:13:57.113 D/VideoSetService( 1803): u8DS_Index_Depth = 0x20
08-16 14:13:57.114 I/tvos    ( 1764): @@@MSrv_System_Database::GetVideoSetting
08-16 14:13:57.114 I/tvos    ( 1764): @@@MSrv_System_Database::GetVideoSettingenPQMNRType is 3
08-16 14:13:57.114 I/tvos    ( 1764):  Is This machine unique or X5 :0 
08-16 14:13:57.114 I/tvos    ( 1764):  tvos this machine do not support swdr,u8Reserve1:0 
08-16 14:13:57.114 I/tvos    ( 1764): get machine type is:0 
08-16 14:13:57.114 I/tvos    ( 1764): get machine type is:0 
08-16 14:13:57.114 I/tvos    ( 1764):  ---  Set_xvYCC_Mode is 0 
08-16 14:13:57.114 I/tvos    ( 1764): SetCustomer, 2915, bIsHdrVideo:0
08-16 14:13:57.114 I/tvos    ( 1764): (_MDrv_PQ_SetGRuleStatus, 7023)GRuleType(10) is bigger than STD PQ's(10), so consider it as CUSTOMER PQ's GRule Type
08-16 14:13:57.114 I/tvos    ( 1764): (_MDrv_PQ_SetGRuleStatus, 7023)GRuleType(10) is bigger than STD PQ's(10), so consider it as CUSTOMER PQ's GRule Type
08-16 14:13:57.114 I/tvos    ( 1764): mapi_video_base::FireCfd 34 
08-16 14:13:57.114 I/tvos    ( 1764): Send NOTIFY_CALLBACK
08-16 14:13:57.116 I/tvos    ( 1764): MSrv_Picture::On, enAssignedInputSrc = 44
08-16 14:13:57.116 I/tvos    ( 1764):  ******** MSrv_Picture::On  Skip *********** 
08-16 14:13:57.116 I/tvos    ( 1764): [SetSPDIFDelay], MUTE_Flag sora 0
08-16 14:13:57.116 I/art     ( 2822): Starting a blocking GC Explicit
08-16 14:13:57.122 E/PictureManager_JNI( 2881): notifyCB event = -1610613699
08-16 14:13:57.124 E/com.mstar.android.tvapi.common.PictureManager.EventHandler( 2881): [PIC]video status change to :0
08-16 14:13:57.130 I/ProgramTipControl( 3007):  ==  ==   == ProgramTip Ad onFetchEmpty==  ==  ==  ==  ==  ==  ==  == =
08-16 14:13:57.130 I/SpoPlayer( 3007): [27] onAudioTrackUnderrun [132300, 250, 33]
08-16 14:13:57.133 I/cdelog  ( 3380): core::storage::MemoryBucket(375)::new and open block when get block (channel://70f8798d72ff0ac99462999af2ba7c5d/1500257343)
08-16 14:13:57.135 I/cdelog  ( 3380): logic::base::Channel(967)::[live] get next stable(address(* 211.154.226.238:80), speed(4409080), last segment id(1500257343), count(22/0/0/9);) for channel(70f8798d72ff0ac99462999af2ba7c5d)
08-16 14:13:57.135 I/tvos    ( 1764): Send NOTIFY_CALLBACK
08-16 14:13:57.140 E/PictureManager_JNI( 2720): notifyCB event = -1610613699
08-16 14:13:57.141 I/art     ( 2822): Explicit concurrent mark sweep GC freed 4358(418KB) AllocSpace objects, 4(256KB) LOS objects, 39% free, 24MB/40MB, paused 809us total 24.098ms
08-16 14:13:57.143 I/art     ( 2822): Starting a blocking GC Explicit
08-16 14:13:57.150 I/tvos    ( 1764): Send NOTIFY_CALLBACK
08-16 14:13:57.162 I/WaterMarkControl( 3007): stopProcedure
08-16 14:13:57.162 I/WaterMarkControl( 3007): stopPlayWaterMark
08-16 14:13:57.162 I/WaterMarkControl( 3007): initProcedure
08-16 14:13:57.162 E/WaterMarkControl( 3007): initProcedure --- data error from SERVER, waterMarks have no data
08-16 14:13:57.167 I/tvos    ( 1764): Send NOTIFY_CALLBACK
08-16 14:13:57.179 I/art     ( 2822): Explicit concurrent mark sweep GC freed 3(96B) AllocSpace objects, 0(0B) LOS objects, 39% free, 24MB/40MB, paused 400us total 34.987ms
08-16 14:13:57.181 E/PictureManager_JNI( 7791): notifyCB event = -1610613699
08-16 14:13:57.181 E/com.mstar.android.tvapi.common.PictureManager.EventHandler( 7791): [PIC]video status change to :0
08-16 14:13:57.182 E/com.mstar.android.tvapi.common.PictureManager.EventHandler( 2720): [PIC]video status change to :0
08-16 14:13:57.183 I/cdelog  ( 3380): logic::base::Channel(967)::[live] get next stable(address(* 211.154.226.238:80), speed(2083386), last segment id(1500257343), count(22/0/0/8);) for channel(70f8798d72ff0ac99462999af2ba7c5d)
08-16 14:13:57.184 I/SpoPlayer( 3007): [27] download media file complete, startTimeMs=0, endTimeMs=9920, cost time=511ms, percent: 0
08-16 14:13:57.184 I/SpoPlayer( 3007): [27] start download media file, index: 1500257343, startTimeMs=9920, endTimeMs=19040
08-16 14:13:57.188 I/tvos    ( 1764): Send NOTIFY_CALLBACK
08-16 14:13:57.197 E/PictureManager_JNI( 4876): notifyCB event = -1610613699
08-16 14:13:57.203 I/cdelog  ( 3380): core::supernode::HttpConnection(345)::[HLS]Client(127.0.0.1:36250), query full url(/play/slices/1500257343.ts?id=70f8798d72ff0ac99462999af2ba7c5d&segment=1500257343), method(GET), 2 params, 5 header(s), content-length 0 bytes
08-16 14:13:57.205 I/cdelog  ( 3380): core::entrance::HlsServer(741)::Receive player request segment(1500257343), channel(70f8798d72ff0ac99462999af2ba7c5d)
08-16 14:13:57.207 I/cdelog  ( 3380): core::entrance::HlsServer(854)::Player request segment(1500257343), urgent(1500257343), dis(no), range() of channel(70f8798d72ff0ac99462999af2ba7c5d), response(-1, Pending(200), text/plain, data 193076/193076/1458128 byte(s)
08-16 14:13:57.208 I/cdelog  ( 3380): logic::base::Channel(967)::[live] get next stable(address(* 211.154.226.238:80), speed(2463267), last segment id(1500257343), count(22/0/0/8);) for channel(70f8798d72ff0ac99462999af2ba7c5d)
08-16 14:13:57.209 I/tvos    ( 1764): GetAudioOutputDevice, retval : 0
08-16 14:13:57.226 I/cdelog  ( 3380): logic::base::Channel(967)::[live] get next stable(address(* 211.154.226.238:80), speed(2844103), last segment id(1500257343), count(22/0/0/7);) for channel(70f8798d72ff0ac99462999af2ba7c5d)
08-16 14:13:57.223 E/com.mstar.android.tvapi.common.PictureManager.EventHandler( 4876): [PIC]video status change to :0
08-16 14:13:57.237 I/StvLogReport( 2837): StargazerReportTask, {"seq":676,"devid":"X440M-b01bd2542d51-","mac":"b01bd2542d51","uid":"1754045746","clientVersion":"6.5.307D_0801","model":"X440M","time":1534400037,"app":"LIVE","signalType":"直播","status":"播放","channleName":"欢乐颂","channelType":"全部","channelId":"2282","videoAid":"null","videoVid":"null"}
08-16 14:13:57.245 I/tvos    ( 1764):  Auto adjust audio delay [PQ] MADI: Frc delay = 80, XC delay = 60, u16FrameDelay = 140 !!!
08-16 14:13:57.245 I/tvos    ( 1764): [0;31m[VIDEO][DEBUG] GetVideoDelay:3478: [0m
08-16 14:13:57.245 I/tvos    ( 1764): [0;32;31m Auto adjust audio delay Current Info:u32PQDelayTime = 140,u32UrsaVideoDelay = 0[0m
08-16 14:13:57.245 I/tvos    ( 1764): [0;31m[VIDEO][DEBUG] GetVideoDelay:3479: [0m
08-16 14:13:57.245 I/tvos    ( 1764): [0;32;31m Auto adjust audio delay u32AllVideoDelay = 140[0m
08-16 14:13:57.245 I/tvos    ( 1764): 	---[mpai_audio.cpp]SetSPDIFDelay():
08-16 14:13:57.245 I/tvos    ( 1764): [0;32;31m u16AudioDelayUpperBound:700 u16AudioDelayLowerBound:0 s32AudioDelay=140[0m
08-16 14:13:57.245 I/tvos    ( 1764): [LETV_OUT]::letv save audio delay spdif 140 for restore it
08-16 14:13:57.245 I/tvos    ( 1764): GetAudioOutputDevice, retval : 0
08-16 14:13:57.245 I/tvos    ( 1764): [LETV_OUT]::audio output device is 0
08-16 14:13:57.245 I/tvos    ( 1764): 	---[mpai_audio.cpp]SetSPDIFDelay():
08-16 14:13:57.245 I/tvos    ( 1764): [0;32;31m Auto adjust audio delay spdif Current Info:delay =0,u32VideoDelay=140,m_s16SPDIFDelayOffset:0, u32AudioSystemDelay = 0, s32AudioDelay=140 s32ARCPCMDelay=0[0m
08-16 14:13:57.252 W/InputDispatcher( 2207): Window went away: Window{acb24ee u0 com.stv.globalsetting/com.stv.globalsetting.activity.AboutActivity}
08-16 14:13:57.266 I/StvLogReport( 2837): StargazerReportTask, reponse1 : {"status":"OK","statusCode":200,"message":"succeefully"}
08-16 14:13:57.268 D/VideoSetService( 1803): u32DSAddr = 0x21481000, u32DSSize = 0x0, u32XCAddr = 0x21abe398
08-16 14:13:57.268 E/VIDEO   ( 1803): This API will be removed in next version, please reduce use it. thanks!!
08-16 14:13:57.268 E/VIDEO   ( 1803): enable:0, u16VideoUnMuteTime: 50 
08-16 14:13:57.268 W/VIDEO   ( 1803): WaitFrameWrite2XC will modify from 0 to 50
08-16 14:13:57.268 W/VIDEO   ( 1803): [36m Mute Engine is 0, engine is 0 [m
08-16 14:13:57.268 W/VIDEO   ( 1803): bEnable: 0, getMuteFlag(engine, eWin): 1, 
08-16 14:13:57.268 W/VIDEO   ( 1803): BACKEND engine is 0
08-16 14:13:57.268 W/VIDEO   ( 1803): BACKEND engine video only is 0
08-16 14:13:57.268 W/VIDEO   ( 1803): SOC engine is 0
08-16 14:13:57.268 W/VIDEO   ( 1803): XC engine (MAIN) is 1
08-16 14:13:57.268 W/VIDEO   ( 1803): XC engine (SUB) is 1
08-16 14:13:57.268 W/VIDEO   ( 1803): Lock Mute Status => 
08-16 14:13:57.268 W/VIDEO   ( 1803): Lock Status: APP:LOCK, RESERVE_1:UNLOCK, RESERVE_2:UNLOCK, RESERVE_3:UNLOCK
08-16 14:13:57.268 W/VIDEO   ( 1803): enScalerWinType: MAIN, isLock: 1
08-16 14:13:57.268 W/VIDEO   ( 1803): Lock Status: APP:UNLOCK, RESERVE_1:UNLOCK, RESERVE_2:UNLOCK, RESERVE_3:UNLOCK
08-16 14:13:57.268 W/VIDEO   ( 1803): enScalerWinType: SUB, isLock: 0
08-16 14:13:57.268 W/VIDEO   ( 1803): ==== Decrease After ====
08-16 14:13:57.268 I/cdelog  ( 3380): logic::base::Channel(967)::[live] get next stable(address(* 211.154.226.238:80), speed(3284265), last segment id(1500257343), count(22/0/0/6);) for channel(70f8798d72ff0ac99462999af2ba7c5d)
08-16 14:13:57.269 W/VIDEO   ( 1803): BACKEND engine is 0
08-16 14:13:57.269 W/VIDEO   ( 1803): BACKEND engine video only is 0
08-16 14:13:57.269 W/VIDEO   ( 1803): SOC engine is 0
08-16 14:13:57.269 W/VIDEO   ( 1803): XC engine (MAIN) is 0
08-16 14:13:57.269 W/VIDEO   ( 1803): XC engine (SUB) is 1
08-16 14:13:57.269 W/VIDEO   ( 1803): Lock Mute Status => 
08-16 14:13:57.269 W/VIDEO   ( 1803): Lock Status: APP:LOCK, RESERVE_1:UNLOCK, RESERVE_2:UNLOCK, RESERVE_3:UNLOCK
08-16 14:13:57.269 W/VIDEO   ( 1803): enScalerWinType: MAIN, isLock: 1
08-16 14:13:57.269 W/VIDEO   ( 1803): Lock Status: APP:UNLOCK, RESERVE_1:UNLOCK, RESERVE_2:UNLOCK, RESERVE_3:UNLOCK
08-16 14:13:57.269 W/VIDEO   ( 1803): enScalerWinType: SUB, isLock: 0
08-16 14:13:57.269 D/VideoSetService( 1803): ~~@@@~~ SetVideoMute:TRUE 0 ms
08-16 14:13:57.269 D/VideoSetService( 1803): ~~@@@~~ SetVirtualBox 0 ms
08-16 14:13:57.269 D/VideoSetService( 1803): ~~@@@~~ MApi_XC_Set_DSIndexSourceSelect 0 ms
08-16 14:13:57.269 D/VideoSetService( 1803): ~~@@@~~ MApi_XC_Set_DSForceIndex 1 ms
08-16 14:13:57.269 D/VideoSetService( 1803): ~~@@@~~ SetWindow 121 ms
08-16 14:13:57.269 D/VideoSetService( 1803): ~~@@@~~ setGameMode 0 ms
08-16 14:13:57.269 D/VideoSetService( 1803): ~~@@@~~ SetDynamicScaling 2 ms
08-16 14:13:57.269 D/VideoSetService( 1803): ~~@@@~~ PQ_SetDS_OnOFF 0 ms
08-16 14:13:57.269 D/VideoSetService( 1803): ~~@@@~~ GetMSrvPicture()->On() 0 ms
08-16 14:13:57.269 D/VideoSetService( 1803): ~~@@@~~ DS_SendXCStatus2Firmware 0 ms
08-16 14:13:57.269 D/VideoSetService( 1803): ~~@@@~~ SetVideoMute:FALSE 1 ms
08-16 14:13:57.269 D/VideoSetService( 1803): ~~@@@~~ SubSelectWindow 0 ms
08-16 14:13:57.269 D/VideoSetService( 1803): ~~@@@~~TOTAL FUN:VideoSetService::Client::video_setXCWin_nolock 279 ms
08-16 14:13:57.269 I/tvos    ( 1764):  Auto adjust audio delay [PQ] MADI: Frc delay = 80, XC delay = 60, u16FrameDelay = 140 !!!
08-16 14:13:57.269 I/tvos    ( 1764): [0;31m[VIDEO][DEBUG] GetVideoDelay:3478: [0m
08-16 14:13:57.269 I/tvos    ( 1764): [0;32;31m Auto adjust audio delay Current Info:u32PQDelayTime = 140,u32UrsaVideoDelay = 0[0m
08-16 14:13:57.269 I/tvos    ( 1764): [0;31m[VIDEO][DEBUG] GetVideoDelay:3479: [0m
08-16 14:13:57.269 I/tvos    ( 1764): [0;32;31m Auto adjust audio delay u32AllVideoDelay = 140[0m
08-16 14:13:57.269 I/tvos    ( 1764): [SetSNDSpeakerDelay], CurrentInputSrc 34, SetSNDSpeakerDelay sora 0,u32VideoDelay =140,m_s16AudioDelayOffset =0,u32AudioSystemDelay =0 
08-16 14:13:57.269 I/tvos    ( 1764): [SetSNDSpeakerDelay], SetSNDSpeakerDelay s32AudioDelay 140
08-16 14:13:57.269 I/tvos    ( 1764): 	---[mpai_audio.cpp]SetSNDSpeakerDelay():
08-16 14:13:57.269 I/tvos    ( 1764): [0;32;31m u16AudioDelayUpperBound:700 u16AudioDelayLowerBound:0 s32AudioDelay=140[0m
08-16 14:13:57.269 I/tvos    ( 1764): [LETV_OUT]::letv save audio dsp pm2201 delay speaker 140 for restore it 
08-16 14:13:57.269 I/tvos    ( 1764): GetAudioOutputDevice, retval : 0
08-16 14:13:57.269 I/tvos    ( 1764): [LETV_OUT]::audio output device is 0
08-16 14:13:57.269 I/tvos    ( 1764): 	---[mpai_audio.cpp]SetSNDSpeakerDelay():
08-16 14:13:57.269 I/tvos    ( 1764): [0;32;31m Auto adjust audio delay speaker Current Info:delay =0,u32VideoDelay=140,m_s16AudioDelayOffset:0, u32AudioSystemDelay = 0, s32AudioDelay=140 [0m
08-16 14:13:57.269 I/tvos    ( 1764): Enter SetVideoMute =======>
08-16 14:13:57.269 I/tvos    ( 1764): =============[3D]SetVideostartFlag(1)
08-16 14:13:57.279 V/VideoSetService( 1803): video_SurfaceVideoSizeChange(callingPid 1749, clientPid 1749)
08-16 14:13:57.280 W/libc    ( 1749): pthread_create sched_setscheduler call failed: Operation not permitted
08-16 14:13:57.289 D/VideoSetService( 1803): AsyncProcThread :: post evetn : 2
08-16 14:13:57.289 I/tvos    ( 1764): [WARNING]Post Event 2 but not registered, ignored!!!
08-16 14:13:57.294 V/VideoSetService( 1803): video_SurfaceVideoSizeChange(callingPid 1749, clientPid 1749)
08-16 14:13:57.304 D/VideoSetService( 1803): AsyncProcThread :: post evetn : 2
08-16 14:13:57.304 I/tvos    ( 1764): [WARNING]Post Event 2 but not registered, ignored!!!
08-16 14:13:57.314 I/cdelog  ( 3380): logic::base::Channel(967)::[live] get next stable(address(* 211.154.226.238:80), speed(3488543), last segment id(1500257343), count(22/0/0/5);) for channel(70f8798d72ff0ac99462999af2ba7c5d)
08-16 14:13:57.342 I/cdelog  ( 3380): logic::base::Channel(967)::[live] get next stable(address(* 211.154.226.238:80), speed(3431348), last segment id(1500257343), count(22/0/0/4);) for channel(70f8798d72ff0ac99462999af2ba7c5d)
08-16 14:13:57.364 W/VIDEO   ( 1803): Enter LockMuteStatus
08-16 14:13:57.364 W/VIDEO   ( 1803): bEnable: 0, getMuteFlag(engine, eWin): 0, 
08-16 14:13:57.364 W/VIDEO   ( 1803): WaitFrameWrite2XC will modify from 50 to 0
08-16 14:13:57.364 W/VIDEO   ( 1803): [36m Mute Engine is 0, engine is 0 [m
08-16 14:13:57.364 W/VIDEO   ( 1803): bEnable: 0, getMuteFlag(engine, eWin): 0, 
08-16 14:13:57.364 W/VIDEO   ( 1803): [Unmute By API]MuteEngine: 0,  u16WaitToDoTime :0 , tid: 14208 
08-16 14:13:57.365 W/VIDEO   ( 1803): u16PQDelayTime=140   win=main [_WaitVideoStable][1836]
08-16 14:13:57.365 I/tvos    ( 1764): TvManagerService::Client::setVideoMute  eSrcType = 34,bScreenMute= 0,enColor =0,screenUnMuteTime =0
08-16 14:13:57.365 I/tvos    ( 1764): TvManagerService::Client::setVideoMute  eSrcType = 34,bScreenMute= 0,engine =0
08-16 14:13:57.365 I/tvos    ( 1764): Enter LockMuteStatus =======>
08-16 14:13:57.365 I/tvos    ( 1764): =============
08-16 14:13:57.365 I/tvos    ( 1764):  dirk=MDrv_PQ_GetDelayTime _u8PQDelayCount=2 u8FrameNum=4 2230
08-16 14:13:57.365 I/tvos    ( 1764):  dirk=MDrv_PQ_GetDelayTime MApi_XC_GetWRBankMappingNum=1 2232
08-16 14:13:57.365 I/tvos    ( 1764):  dirk=MDrv_PQ_GetDelayTime u8PQDelayCountNum=3 2247
08-16 14:13:57.365 I/tvos    ( 1764):  dirk=MDrv_PQ_GetDelayTime u8PQDelayCountNum=3 2249
08-16 14:13:57.365 I/tvos    ( 1764):  dirk=MDrv_PQ_GetDelayTime u8PQDelayCountNum=3 QM_GetInputVFreq(eWindow)=500 2254
08-16 14:13:57.365 I/tvos    ( 1764):  dirk=MDrv_PQ_GetDelayTime _u16PQDelyaTime=140 2282
08-16 14:13:57.384 I/cdelog  ( 3380): logic::base::Channel(967)::[live] get next stable(address(* 211.154.226.238:80), speed(3564274), last segment id(1500257343), count(22/0/0/3);) for channel(70f8798d72ff0ac99462999af2ba7c5d)
08-16 14:13:57.395 I/tvos    ( 1764): [37m[INFO] Change to Voltage: 1000 mV (0x2C)[m
08-16 14:13:57.395 I/tvos    ( 1764): [37m[INFO] Change to Voltage: 1000 mV (0x29)[m
08-16 14:13:57.396 I/tvos    ( 1764): [37m[INFO] Change to Voltage: 1000 mV (0x26)[m
08-16 14:13:57.396 I/cdelog  ( 3380): logic::base::Channel(967)::[live] get next stable(address(* 211.154.226.238:80), speed(3658461), last segment id(1500257343), count(22/0/0/2);) for channel(70f8798d72ff0ac99462999af2ba7c5d)
08-16 14:13:57.397 I/tvos    ( 1764): [37m[INFO] Change to Voltage: 1000 mV (0x23)[m
08-16 14:13:57.400 I/tvos    ( 1764): [37m[INFO] Change to Voltage: 1000 mV (0x20)[m
08-16 14:13:57.403 I/tvos    ( 1764): [37m[INFO] Change to Voltage: 1000 mV (0x1F)[m
08-16 14:13:57.413 I/PreAdPresenter( 3007): isAdPlaying isPlaying = false
08-16 14:13:57.413 I/MiddleAdPlayManager( 3007): isAdPlaying mIsPlayAd = false
08-16 14:13:57.413 I/tvlive_pwd( 3007): getPassword: start
08-16 14:13:57.413 I/tvlive_pwd( 3007): getSign start
08-16 14:13:57.413 I/PluginFramework -- WidgetManager( 3007): getWidget id =#com.stv.launcher#
08-16 14:13:57.413 I/PluginFramework -- WidgetManager( 3007): getWidget widget = null
08-16 14:13:57.414 I/PackageManagerHookHandle( 3007): getPackageInfo(com.stv.launcher) fail ,packageInfo is null
08-16 14:13:57.418 I/tvlive_pwd( 3007): getSign convert to 0x
08-16 14:13:57.418 I/tvlive_pwd( 3007): getSign finish
08-16 14:13:57.418 I/tvlive_pwd( 3007): getPassword: appSign = 27:19:6E:38:6B:87:5E:76:AD:F7:00:E7:EA:84:E4:C6:EE:E3:3D:FA
08-16 14:13:57.418 I/tvlive_pwd( 3007): isSignRight: case 2
08-16 14:13:57.418 I/tvlive_pwd( 3007): getPassword: check app
08-16 14:13:57.418 I/tvlive_pwd( 3007): tvliveCheck: start
08-16 14:13:57.418 I/tvlive_pwd( 3007): tvliveCheck: finish
08-16 14:13:57.418 I/tvlive_pwd( 3007): getPassword: app flag = 1
08-16 14:13:57.418 I/tvlive_pwd( 3007): getPassword: a
08-16 14:13:57.418 I/tvlive_pwd( 3007): getPassword: 1.1
08-16 14:13:57.418 I/tvlive_pwd( 3007): getPassword: 1.2
08-16 14:13:57.418 I/tvlive_pwd( 3007): getPassword: 1.3
08-16 14:13:57.419 I/tvlive_pwd( 3007): getPassword: 1.4
08-16 14:13:57.419 I/tvlive_pwd( 3007): getPassword: 1.5
08-16 14:13:57.419 I/tvlive_pwd( 3007): getPassword: 1.7
08-16 14:13:57.419 I/tvlive_pwd( 3007): getPassword: 1.8, 9d303b8afa35b717f31c63c6d56fb189
08-16 14:13:57.419 I/WaterMarkControl2( 3007): send net water mark request ,canCache true
08-16 14:13:57.419 I/LetvHttp( 3007): LetvTeleHttpAsyncRequest requestData
08-16 14:13:57.420 I/LetvHttp( 3007): requestUrl = https://123.125.38.247/live/tv-channel/watermark/get.json?countryArea=CN&terminalApplication=tvlive&appCode=2018071917&token=103XXXym3vjCwfGSybbVYyLyM12Cm1zwLoAD7vux5sDnKGsJVEp6H1pPOOWm2stOKn8u57CrvwZcPm1EFou8TChzqoC5ulgn31I9Pl9NUpVHy7Q5y70YYm4&userId=1754045746&sign_ts=1534400039038&sign_dev=C0BC870D3EF4276126D66995020B0DBA&channelId=2282&appVersion=4.2.0.050&splatClient=tvlive&terminalBrand=letv&deviceModel=X440M&pcode=160110000&terminalSeries=X4-40M&locationCode=1-9%E5%8C%97%E4%BA%AC%E5%B8%82%E6%9C%9D%E9%98%B3%E5%8C%BA&broadcastId=2&langcode=zh_CN&salesArea=CN&sign=9d303b8afa35b717f31c63c6d56fb189&mac=B01BD2542D51&bsChannel=tvlive&playbillId=&playController=cibn&uid=1754045746&deviceKey=33f24e8e7145eLE101B2016040000001&p_devType=2&wcode=cn&devId=8A232AF4DDD3997E543ACDEFE5F11D7A
08-16 14:13:57.423 I/LetvHttp( 3007): LetvHttpAsyncRequest dataHull == null
08-16 14:13:57.423 I/LetvHttp( 3007): LetvHttpClient requestData
08-16 14:13:57.441 I/cdelog  ( 3380): logic::base::Channel(967)::[live] get next stable(address(* 211.154.226.238:80), speed(3722068), last segment id(1500257343), count(22/0/0/1);) for channel(70f8798d72ff0ac99462999af2ba7c5d)
08-16 14:13:57.460 I/tvos    ( 1764): GetAudioOutputDevice, retval : 0
08-16 14:13:57.479 I/LetvHttp( 3007): responseCode = 200; baseUrl = https://123.125.38.247/live/tv-channel/watermark/get.json?countryArea=CN&terminalApplication=tvlive&appCode=2018071917&token=103XXXym3vjCwfGSybbVYyLyM12Cm1zwLoAD7vux5sDnKGsJVEp6H1pPOOWm2stOKn8u57CrvwZcPm1EFou8TChzqoC5ulgn31I9Pl9NUpVHy7Q5y70YYm4&userId=1754045746&sign_ts=1534400039038&sign_dev=C0BC870D3EF4276126D66995020B0DBA&channelId=2282&appVersion=4.2.0.050&splatClient=tvlive&terminalBrand=letv&deviceModel=X440M&pcode=160110000&terminalSeries=X4-40M&locationCode=1-9%E5%8C%97%E4%BA%AC%E5%B8%82%E6%9C%9D%E9%98%B3%E5%8C%BA&broadcastId=2&langcode=zh_CN&salesArea=CN&sign=9d303b8afa35b717f31c63c6d56fb189&mac=B01BD2542D51&bsChannel=tvlive&playbillId=&playController=cibn&uid=1754045746&deviceKey=33f24e8e7145eLE101B2016040000001&p_devType=2&wcode=cn&devId=8A232AF4DDD3997E543ACDEFE5F11D7A
08-16 14:13:57.480 I/LetvHttp( 3007): lastModified = null
08-16 14:13:57.480 I/LetvHttp( 3007): LetvHttpClient after dataHull.lastModified: null
08-16 14:13:57.480 I/LetvHttp( 3007): LetvHttpAsyncRequest after dataHull.lastModified = null
08-16 14:13:57.486 I/tvos    ( 1764): [37m[INFO] Change to Voltage: 1130 mV (0x1F)[m
08-16 14:13:57.486 I/tvos    ( 1764): [37m[INFO] Change to Voltage: 1130 mV (0x22)[m
08-16 14:13:57.486 I/tvos    ( 1764): [37m[INFO] Change to Voltage: 1130 mV (0x25)[m
08-16 14:13:57.486 I/tvos    ( 1764): [37m[INFO] Change to Voltage: 1130 mV (0x28)[m
08-16 14:13:57.487 I/tvos    ( 1764): [37m[INFO] Change to Voltage: 1130 mV (0x2B)[m
08-16 14:13:57.488 I/tvos    ( 1764): [37m[INFO] Change to Voltage: 1130 mV (0x2C)[m
08-16 14:13:57.492 I/LetvHttp( 3007): onDataResponse
08-16 14:13:57.492 I/WaterMarkControl2( 3007): get watermark net request , isFromCache false
08-16 14:13:57.492 I/WaterMarkControl2( 3007): mProgramWaterMarkList size 0 mTheaterAndChannelWaterMarkList size 0
08-16 14:13:57.492 I/WaterMarkControl2( 3007): mNormalPictureWaterMarkInfoMap  size 0 mPreUpcomingMap  size 0 mNextUpcomingMap  size 0
08-16 14:13:57.492 I/WaterMarkControl2( 3007): onWaterMarkDataEvent
08-16 14:13:57.492 I/WaterMarkControl2( 3007): transfer next theater upcoming watermark , mProgramInfoList size is 15
08-16 14:13:57.492 I/WaterMarkControl2( 3007): channel picture watermark is false theater picture watermark size 0
08-16 14:13:57.492 I/WaterMarkControl2( 3007): program picture watermark is 0 pre upcoming size 0 next upcoming size 0
08-16 14:13:57.492 I/WaterMarkControl2( 3007): channel marquee size 0
08-16 14:13:57.494 I/LetvHttp( 3007): this.mHttpLastModifiedTime = null
08-16 14:13:57.513 W/VIDEO   ( 1803): BACKEND engine is 0
08-16 14:13:57.513 W/VIDEO   ( 1803): BACKEND engine video only is 0
08-16 14:13:57.513 W/VIDEO   ( 1803): SOC engine is 0
08-16 14:13:57.513 W/VIDEO   ( 1803): XC engine (MAIN) is 0
08-16 14:13:57.513 W/VIDEO   ( 1803): XC engine (SUB) is 1
08-16 14:13:57.513 W/VIDEO   ( 1803): Lock Mute Status => 
08-16 14:13:57.513 W/VIDEO   ( 1803): Lock Status: APP:LOCK, RESERVE_1:UNLOCK, RESERVE_2:UNLOCK, RESERVE_3:UNLOCK
08-16 14:13:57.513 W/VIDEO   ( 1803): enScalerWinType: MAIN, isLock: 1
08-16 14:13:57.513 W/VIDEO   ( 1803): Lock Status: APP:UNLOCK, RESERVE_1:UNLOCK, RESERVE_2:UNLOCK, RESERVE_3:UNLOCK
08-16 14:13:57.513 W/VIDEO   ( 1803): enScalerWinType: SUB, isLock: 0
08-16 14:13:57.513 W/VIDEO   ( 1803): ==== Decrease After ====
08-16 14:13:57.513 W/VIDEO   ( 1803): BACKEND engine is 0
08-16 14:13:57.513 W/VIDEO   ( 1803): BACKEND engine video only is 0
08-16 14:13:57.513 W/VIDEO   ( 1803): SOC engine is 0
08-16 14:13:57.513 W/VIDEO   ( 1803): XC engine (MAIN) is 0
08-16 14:13:57.513 W/VIDEO   ( 1803): XC engine (SUB) is 1
08-16 14:13:57.513 W/VIDEO   ( 1803): Lock Mute Status => 
08-16 14:13:57.513 W/VIDEO   ( 1803): Lock Status: APP:LOCK, RESERVE_1:UNLOCK, RESERVE_2:UNLOCK, RESERVE_3:UNLOCK
08-16 14:13:57.513 W/VIDEO   ( 1803): enScalerWinType: MAIN, isLock: 1
08-16 14:13:57.513 W/VIDEO   ( 1803): Lock Status: APP:UNLOCK, RESERVE_1:UNLOCK, RESERVE_2:UNLOCK, RESERVE_3:UNLOCK
08-16 14:13:57.513 W/VIDEO   ( 1803): enScalerWinType: SUB, isLock: 0
08-16 14:13:57.513 W/VIDEO   ( 1803): Lock Mute Status => 
08-16 14:13:57.513 W/VIDEO   ( 1803): Lock Status: APP:UNLOCK, RESERVE_1:UNLOCK, RESERVE_2:UNLOCK, RESERVE_3:UNLOCK
08-16 14:13:57.513 W/VIDEO   ( 1803): enScalerWinType: MAIN, isLock: 0
08-16 14:13:57.513 W/VIDEO   ( 1803): Lock Status: APP:UNLOCK, RESERVE_1:UNLOCK, RESERVE_2:UNLOCK, RESERVE_3:UNLOCK
08-16 14:13:57.513 W/VIDEO   ( 1803): enScalerWinType: SUB, isLock: 0
08-16 14:13:57.530 I/Feature_Pay_Channel_PaySuccessControl( 3007): onDismissAnimEnd
08-16 14:13:57.530 I/Feature_Pay_Channel_PaySuccessControl( 3007): dismiss
08-16 14:13:57.530 E/ViewManagerImpl( 3007): dismissView m for com.letv.android.letvlive.paylive.view.l@2cde198 isDuringOneViewShown:false
08-16 14:13:57.586 I/tvos    ( 1764): [37m[INFO] Change to Voltage: 1000 mV (0x2C)[m
08-16 14:13:57.586 I/tvos    ( 1764): [37m[INFO] Change to Voltage: 1000 mV (0x29)[m
08-16 14:13:57.586 I/tvos    ( 1764): [37m[INFO] Change to Voltage: 1000 mV (0x26)[m
08-16 14:13:57.587 I/tvos    ( 1764): [37m[INFO] Change to Voltage: 1000 mV (0x23)[m
08-16 14:13:57.587 I/tvos    ( 1764): [37m[INFO] Change to Voltage: 1000 mV (0x20)[m
08-16 14:13:57.588 I/tvos    ( 1764): [37m[INFO] Change to Voltage: 1000 mV (0x1F)[m
08-16 14:13:57.631 I/StvLogReport( 2837): Report Nielsen, handleMessage: 'send bd ok
08-16 14:13:57.631 I/StvLogReport( 2837): 6^C2014082201^X440M-b01bd2542d51-^A1A90F9A1254CF6F^^55B944A842EFE85D^10.58.81.134^2018-08-16 14:13:34^1^2.57^5^O^^^^^^^^^-100^10.58.81.134^DESKTOP-8BOKCO0^DESKTOP-8BOKCO0^
08-16 14:13:57.631 I/StvLogReport( 2837): 6^C2014082201^X440M-b01bd2542d51-^A1A90F9A1254CF6F^^45753464A9268F57^10.58.81.61^2018-08-16 14:13:34^1^2.57^0^O^^^^^^^^^-100^10.58.81.61^^^
08-16 14:13:57.631 I/StvLogReport( 2837): 6^C2014082201^X440M-b01bd2542d51-^A1A90F9A1254CF6F^^C12CB01BD269DDFA^10.58.81.58^2018-08-16 14:13:34^1^2.57^0^O^^^^^^^^^-100^10.58.81.58^^^
08-16 14:13:57.631 I/StvLogReport( 2837): 6^C2014082201^X440M-b01bd2542d51-^A1A90F9A1254CF6F^^C12CB01BD251766B^10.58.81.28^2018-08-16 14:13:34^1^2.57^0^O^^^^^^^^^-100^10.58.81.28^^^
08-16 14:13:57.631 I/StvLogReport( 2837): 6^C2014082201^X440M-b01bd2542d51-^A1A90F9A1254CF6F^^ED5BDC4A3EECCB4D^10.58.81.231^2018-08-16 14:13:34^1^2.57^0^O^^^^^^^^^-100^10.58.81.231^^^
08-16 14:13:57.631 I/StvLogReport( 2837): 6^C2014082201^X440M-b01bd2542d51-^A1A90F9A1254CF6F^^C12CB01BD25B6BC4^10.58.81.29^2018-08-16 14:13:34^1^2.57^0^O^^^^^^^^^-100^10.58.81.29^^^
08-16 14:13:57.631 I/StvLogReport( 2837): 6^C2014082201^X440M-b01bd2542d51-^A1A90F9A1254CF6F^^E170D06F4A641BF7^10.58.81.81^2018-08-16 14:13:34^1^2.57^0^O^^^^^^^^^-100^10.58.81.81^^^
08-16 14:13:57.631 I/StvLogReport( 2837): 6^C2014082201^X440M-b01bd2542d51-^A1A90F9A1254CF6F^^61765065F33C0638^10.58.81.124^2018-08-16 14:13:34^1^2.57^5^O^^^^^^^^^-100^10.58.81.124^HSR^HSR^
08-16 14:13:57.631 I/StvLogReport( 2837): 6^C2014082201^X440M-b01bd2542d51-^A1A90F9A1254CF6F^^E5FFD4EE07369963^10.58.81.176^2018-08-16 14:13:34^1^2.57^0^O^^^^^^^^^-100^10.58.81.176^^^
08-16 14:13:57.631 I/StvLogReport( 2837): 6^C2014082201^X440M-b01bd2542d51-^A1A90F9A1254CF6F^^C12CB01BD2509651^10.58.81.27^2018-08-16 14:13:34^1^2.57^0^O^^^^^^^^^-100^10.58.81.27^^^ (104)'.
08-16 14:13:57.673 I/cdelog  ( 3380): core::supernode::HttpDownloader(711)::[collector::report]Download OK : , channel(), url(http://s.webp2p.cp21.ott.cibntv.net/act/cde?act=sel), server(123.125.36.224:80), name(nginx/1.8.0), response code(200), version(HTTP/1.1), details(OK), data(0/0 Bytes), transfer(normal), encoding(), resolved time(7 ms), connected time(1002 ms), responsed time(1 ms), total used time(1013 ms), transfered time(1012 ms), speed(170 Byte/s), bytes(173), 0 alive times
08-16 14:13:57.675 I/cdelog  ( 3380): tools::collector::ReportClient(109)::Send report(stage report:rtm), 6 pending item(s) to url(http://s.webp2p.cp21.ott.cibntv.net/act/cde?act=rtm)
08-16 14:13:57.680 I/cdelog  ( 3380): tools::collector::ReportClient(124)::post param(act=rtm&p1=2&p2=20&platid=10&splatid=1060704002&ch=&custid=&token=&time=1534400037&did=e092cc1f-9a33-3835-9689-a7a400e7ead2&appid=110&nt=wired&geo=CN.1.5.666&gid=5061D891F120F883543391147D2C8C21ver_00_221.3m3u8_12272000&lid=&sid=lb_zczb5_1800&st=lb_zczb5&type=liv&vt=&dur=0&cmfv=&plv=&cdev=cde.1.1.17.32&lsbv=2fn&uuid=9f73a8f0cdc54541bf695900b3446903&err=0&utime=96&r=0.94728&sn=8&termid=2&mac=B0-1B-D2-54-2D-51&srvver=&stage=1&avgutime=96&errcnt=0&rip=123.59.234.147&rport=8128&cip=10.58.80.199&sip=123.59.234.147&httpinfo={1,(0,2067524243:8128,96,0,0,0,0)})
08-16 14:13:57.686 I/cdelog  ( 3380): core::supernode::HttpDownloader(527)::[collector::report]Start download method(POST), range(), server(s.webp2p.cp21.ott.cibntv.net:80), channel(), proxy(disabled), 1 addtional header(s) ...
08-16 14:13:57.687 I/cdelog  ( 3380): core::supernode::HttpDownloader(532)::[collector::report]Request url(http://s.webp2p.cp21.ott.cibntv.net/act/cde?act=rtm)
08-16 14:13:57.694 I/cdelog  ( 3380): core::entrance::HlsServer(2063)::Send end of piece(s) to player OK for channel(70f8798d72ff0ac99462999af2ba7c5d), segment id(1500257343), size(1458128) piece index(10/10)
08-16 14:13:57.695 I/cdelog  ( 3380): logic::base::Channel(1457)::[live]segment(1500257343/10) download finish for channel(70f8798d72ff0ac99462999af2ba7c5d)
08-16 14:13:57.696 I/cdelog  ( 3380): core::supernode::HttpDownloader(669)::[cdn::range-data]Download OK: , channel(70f8798d72ff0ac99462999af2ba7c5d:0-1500257343-22800-()), url(http://211.154.226.238/lb.videocache.lecloud.com/267/35/78/letv-uts/14/ver_00_22-1103917328-avc-1486809-aac-96000-2587960-515984868-8aefc778d8768f04ed8b4d5f7565bbbb-1496226919134_mp4/ver_00_22_257_691_3_1458128_519947840_0.ts?stream_id=lb_zczb5_1800&amltag=99&mltag=99&platid=10&splatid=1060704002&qos=3&fcheck=0&lsbv=2fn&uid=1754045746&keyitem=iDipdd1vuVFcNrewScXV_qA9anmyuuMxAiFPNbvcYujMEdbjduvlnqfflyUxsCMm&ntm=1534418400&nkey2=8275fb0525cd18ab4d6d9c4c63befbb9&nkey=a1970958a2b31a6347c0dc2464dffb28&auth_key=1534418400-2-0-10-1060704002-lb_zczb5_1800-37eb7b3079b23ca27ab677169d576951&tag=live&video_type=m3u8&useloc=0&mslice=5&ffgname=streamGroup_323&ver=live_3&uidx=0&errc=0&gn=3001&ndtype=0&lrtmcd=104&buss=99&cips=10.58.80.199&geo=CN-1-5-666&tmn=1534400036&pnl=3001,3001,3334,497&ext=m3u8&sign=live_tv&playid=1&termid=2&pay=0&tm=1534400336&ostype=andriod&hwtype=un&app_name=tvli
08-16 14:13:57.697 I/cdelog  ( 3380): core::supernode::HttpDownloader(684)::[cdn::range-data]Response channel(70f8798d72ff0ac99462999af2ba7c5d:0-1500257343-22800-()), server(211.154.226.238:80), name(nginx/1.12.0), response code(200), version(HTTP/1.1), details(OK), data(1458128/1458128 Bytes), transfer(normal), encoding(), resolved time(0 ms), connected time(0 ms), responsed time(43 ms), total used time(608 ms), transfered time(600 ms), speed(2429132 Byte/s), bytes(1458665), 1 alive times
08-16 14:13:57.698 I/cdelog  ( 3380): protocol::cdn::Session(775)::[live]Segment(1500257343) 10 range(s) data complete, piece used(10), code(200), url(http://211.154.226.238/lb.videocache.lecloud.com/267/35/78/letv-uts/14/ver_00_22-1103917328-avc-1486809-aac-96000-2587960-515984868-8aefc778d8768f04ed8b4d5f7565bbbb-1496226919134_mp4/ver_00_22_257_691_3_1458128_519947840_0.ts?stream_id=lb_zczb5_1800&amltag=99&mltag=99&platid=10&splatid=1060704002&qos=3&fcheck=0&lsbv=2fn&uid=1754045746&keyitem=iDipdd1vuVFcNrewScXV_qA9anmyuuMxAiFPNbvcYujMEdbjduvlnqfflyUxsCMm&ntm=1534418400&nkey2=8275fb0525cd18ab4d6d9c4c63befbb9&nkey=a1970958a2b31a6347c0dc2464dffb28&auth_key=1534418400-2-0-10-1060704002-lb_zczb5_1800-37eb7b3079b23ca27ab677169d576951&tag=live&video_type=m3u8&useloc=0&mslice=5&ffgname=streamGroup_323&ver=live_3&uidx=0&errc=0&gn=3001&ndtype=0&lrtmcd=104&buss=99&cips=10.58.80.199&geo=CN-1-5-666&tmn=1534400036&pnl=3001,3001,3334,497&ext=m3u8&sign=live_tv&playid=1&termid=2&pay=0&tm=1534400336&ostype=andriod&hwtype=un&app_name=tvlive&app_ver=4.2.0.050&devid
08-16 14:13:57.700 I/cdelog  ( 3380): core::supernode::HttpDownloader(489)::[cdn::range-data]Keep-alive Start request url(http://211.154.226.238/lb.videocache.lecloud.com/267/35/78/letv-uts/14/ver_00_22-1103917328-avc-1486809-aac-96000-2587960-515984868-8aefc778d8768f04ed8b4d5f7565bbbb-1496226919134_mp4/ver_00_22_258_694_3_2317288_521405968_0.ts?stream_id=lb_zczb5_1800&amltag=99&mltag=99&platid=10&splatid=1060704002&qos=3&fcheck=0&lsbv=2fn&uid=1754045746&keyitem=iDipdd1vuVFcNrewScXV_qA9anmyuuMxAiFPNbvcYujMEdbjduvlnqfflyUxsCMm&ntm=1534418400&nkey2=8275fb0525cd18ab4d6d9c4c63befbb9&nkey=a1970958a2b31a6347c0dc2464dffb28&auth_key=1534418400-2-0-10-1060704002-lb_zczb5_1800-37eb7b3079b23ca27ab677169d576951&tag=live&video_type=m3u8&useloc=0&mslice=5&ffgname=streamGroup_323&ver=live_3&uidx=0&errc=0&gn=3001&ndtype=0&lrtmcd=104&buss=99&cips=10.58.80.199&geo=CN-1-5-666&tmn=1534400036&pnl=3001,3001,3334,497&ext=m3u8&sign=live_tv&playid=1&termid=2&pay=0&tm=1534400336&ostype=andriod&hwtype=un&app_name=tvlive&app_ver=4.2.0.050&devid=macB01BD2542D51&uuid=B01BD25
08-16 14:13:57.702 I/cdelog  ( 3380): core::supernode::HttpServer(137)::close connection(127.0.0.1:36250), url(/play/slices/1500257343.ts)
08-16 14:13:57.703 I/cdelog  ( 3380): logic::base::Channel(967)::[live] get next stable(address(* 211.154.226.238:80), speed(2429132), last segment id(1500257344), count(37/0/0/15);) for channel(70f8798d72ff0ac99462999af2ba7c5d)
08-16 14:13:57.706 I/cdelog  ( 3380): core::supernode::HttpDownloader(711)::[collector::report]Download OK : , channel(), url(http://s.webp2p.cp21.ott.cibntv.net/act/cde?act=rtm), server(123.125.36.224:80), name(nginx/1.8.0), response code(200), version(HTTP/1.1), details(OK), data(0/0 Bytes), transfer(normal), encoding(), resolved time(16 ms), connected time(1 ms), responsed time(1 ms), total used time(19 ms), transfered time(19 ms), speed(8722 Byte/s), bytes(173), 0 alive times
08-16 14:13:57.707 I/cdelog  ( 3380): tools::collector::ReportClient(109)::Send report(stage report:soc), 5 pending item(s) to url(http://s.webp2p.cp21.ott.cibntv.net/act/cde?act=soc)
08-16 14:13:57.707 I/cdelog  ( 3380): tools::collector::ReportClient(124)::post param(act=soc&p1=2&p2=20&platid=10&splatid=1060704002&ch=&custid=&token=&time=1534400037&did=e092cc1f-9a33-3835-9689-a7a400e7ead2&appid=110&nt=wired&geo=CN.1.5.666&gid=5061D891F120F883543391147D2C8C21ver_00_221.3m3u8_12272000&lid=&sid=lb_zczb5_1800&st=lb_zczb5&type=liv&vt=&dur=0&cmfv=&plv=&cdev=cde.1.1.17.32&lsbv=2fn&uuid=9f73a8f0cdc54541bf695900b3446903&err=0&utime=38&r=0.34292&sn=7&termid=2&mac=B0-1B-D2-54-2D-51&srvver=HttpTracker/2.1.0/2018-05-18 16:02&stage=1&avgutime=37&errcnt=0&err5xxcnt=0&snrcnt=0&gip=123.125.36.99&gport=80&cip=10.58.80.199&sip=123.125.36.99&httpinfo={1,(200,2071798883:80,37,614,3,26,36)})
08-16 14:13:57.708 I/cdelog  ( 3380): core::supernode::HttpDownloader(527)::[collector::report]Start download method(POST), range(), server(s.webp2p.cp21.ott.cibntv.net:80), channel(), proxy(disabled), 1 addtional header(s) ...
08-16 14:13:57.709 I/cdelog  ( 3380): core::supernode::HttpDownloader(532)::[collector::report]Request url(http://s.webp2p.cp21.ott.cibntv.net/act/cde?act=soc)
08-16 14:13:57.710 I/tvos    ( 1764): GetAudioOutputDevice, retval : 0
08-16 14:13:57.732 I/cdelog  ( 3380): core::supernode::HttpDownloader(711)::[collector::report]Download OK : , channel(), url(http://s.webp2p.cp21.ott.cibntv.net/act/cde?act=soc), server(123.125.36.224:80), name(nginx/1.8.0), response code(200), version(HTTP/1.1), details(OK), data(0/0 Bytes), transfer(normal), encoding(), resolved time(18 ms), connected time(3 ms), responsed time(1 ms), total used time(23 ms), transfered time(23 ms), speed(7290 Byte/s), bytes(173), 0 alive times
08-16 14:13:57.733 I/cdelog  ( 3380): tools::collector::ReportClient(109)::Send report(stage report:cload), 4 pending item(s) to url(http://s.webp2p.cp21.ott.cibntv.net/act/cde?act=cload)
08-16 14:13:57.734 I/cdelog  ( 3380): tools::collector::ReportClient(124)::post param(act=cload&p1=2&p2=20&platid=10&splatid=1060704002&ch=&custid=&token=&time=1534400037&did=e092cc1f-9a33-3835-9689-a7a400e7ead2&appid=110&nt=wired&geo=CN.1.5.666&gid=5061D891F120F883543391147D2C8C21ver_00_221.3m3u8_12272000&lid=&sid=lb_zczb5_1800&st=lb_zczb5&type=liv&vt=&dur=0&cmfv=&plv=&cdev=cde.1.1.17.32&lsbv=2fn&uuid=9f73a8f0cdc54541bf695900b3446903&err=0&utime=60&r=0.36602&sn=6&termid=2&mac=B0-1B-D2-54-2D-51&qos=3&srvver=nginx/1.12.0&stage=1&avgutime=44&errcnt=0&cip=10.58.80.199&httpinfo={1,(200,3550143214:80,44,4344,3,1,44)})
08-16 14:13:57.736 I/cdelog  ( 3380): core::supernode::HttpDownloader(527)::[collector::report]Start download method(POST), range(), server(s.webp2p.cp21.ott.cibntv.net:80), channel(), proxy(disabled), 1 addtional header(s) ...
08-16 14:13:57.736 I/SpoPlayer( 3007): [27] download media file complete, startTimeMs=9920, endTimeMs=19040, cost time=560ms, percent: 0
08-16 14:13:57.736 I/SpoPlayer( 3007): [27] start download playlist...
08-16 14:13:57.737 I/cdelog  ( 3380): core::supernode::HttpDownloader(532)::[collector::report]Request url(http://s.webp2p.cp21.ott.cibntv.net/act/cde?act=cload)
08-16 14:13:57.740 I/cdelog  ( 3380): core::storage::MemoryBucket(375)::new and open block when get block (channel://70f8798d72ff0ac99462999af2ba7c5d/1500257344)
08-16 14:13:57.744 I/cdelog  ( 3380): logic::base::Channel(967)::[live] get next stable(address(* 211.154.226.238:80), speed(112407), last segment id(1500257344), count(37/0/0/14);) for channel(70f8798d72ff0ac99462999af2ba7c5d)
08-16 14:13:57.753 I/cdelog  ( 3380): core::supernode::HttpDownloader(711)::[collector::report]Download OK : , channel(), url(http://s.webp2p.cp21.ott.cibntv.net/act/cde?act=cload), server(123.125.36.224:80), name(nginx/1.8.0), response code(200), version(HTTP/1.1), details(OK), data(0/0 Bytes), transfer(normal), encoding(), resolved time(10 ms), connected time(2 ms), responsed time(1 ms), total used time(13 ms), transfered time(13 ms), speed(12491 Byte/s), bytes(173), 0 alive times
08-16 14:13:57.754 I/cdelog  ( 3380): tools::collector::ReportClient(109)::Send report(stage report:cquery), 3 pending item(s) to url(http://s.webp2p.cp21.ott.cibntv.net/act/cde?act=cquery)
08-16 14:13:57.755 I/cdelog  ( 3380): tools::collector::ReportClient(124)::post param(act=cquery&p1=2&p2=20&platid=10&splatid=1060704002&ch=&custid=&token=&time=1534400037&did=e092cc1f-9a33-3835-9689-a7a400e7ead2&appid=110&nt=wired&geo=CN.1.5.666&gid=5061D891F120F883543391147D2C8C21ver_00_221.3m3u8_12272000&lid=&sid=lb_zczb5_1800&st=lb_zczb5&type=liv&vt=&dur=0&cmfv=&plv=&cdev=cde.1.1.17.32&lsbv=2fn&uuid=9f73a8f0cdc54541bf695900b3446903&err=0&utime=39&utime2=334&r=0.66623&sn=5&termid=2&mac=B0-1B-D2-54-2D-51&qos=3&srvver=&stage=0&avgutime=0&errcnt=0&cip=10.58.80.199)
08-16 14:13:57.756 I/cdelog  ( 3380): core::supernode::HttpDownloader(527)::[collector::report]Start download method(POST), range(), server(s.webp2p.cp21.ott.cibntv.net:80), channel(), proxy(disabled), 1 addtional header(s) ...
08-16 14:13:57.757 I/cdelog  ( 3380): core::supernode::HttpDownloader(532)::[collector::report]Request url(http://s.webp2p.cp21.ott.cibntv.net/act/cde?act=cquery)
08-16 14:13:57.791 I/cdelog  ( 3380): core::supernode::HttpDownloader(711)::[collector::report]Download OK : , channel(), url(http://s.webp2p.cp21.ott.cibntv.net/act/cde?act=cquery), server(123.125.36.224:80), name(nginx/1.8.0), response code(200), version(HTTP/1.1), details(OK), data(0/0 Bytes), transfer(normal), encoding(), resolved time(4 ms), connected time(20 ms), responsed time(9 ms), total used time(34 ms), transfered time(34 ms), speed(5005 Byte/s), bytes(173), 0 alive times
08-16 14:13:57.792 I/cdelog  ( 3380): tools::collector::ReportClient(109)::Send report(), 2 pending item(s) to url(http://s.webp2p.cp21.ott.cibntv.net/peer/query?str={"arealevel1":"CN","arealevel2":"1","arealevel3":"5","ckey":"5061D891F120F883543391147D2C8C21ver_00_221.3m3u8_12272000","did":"74da97e8e680ec7ed8230e1139727a1a","expect":"50","format":"1","inip":"10.58.80.199","ispId":"666","neighbors":"0","networkType":"1","op":"3","pid":"33-5bfeba5b9541132cb21899d55b751624-1443-1443","pos":"0","provider":"0","sentRatio":"0","termid":"2","transferProp":"3","ulMark":"-1","ulSpeed":"0","ver":"liv.CDE-1.1.17"})
08-16 14:13:57.792 I/cdelog  ( 3380): core::supernode::HttpDownloader(527)::[collector::report]Start download method(GET), range(), server(s.webp2p.cp21.ott.cibntv.net:80), channel(), proxy(disabled), 0 addtional header(s) ...
08-16 14:13:57.798 I/cdelog  ( 3380): core::supernode::HttpDownloader(532)::[collector::report]Request url(http://s.webp2p.cp21.ott.cibntv.net/peer/query?str={"arealevel1":"CN","arealevel2":"1","arealevel3":"5","ckey":"5061D891F120F883543391147D2C8C21ver_00_221.3m3u8_12272000","did":"74da97e8e680ec7ed8230e1139727a1a","expect":"50","format":"1","inip":"10.58.80.199","ispId":"666","neighbors":"0","networkType":"1","op":"3","pid":"33-5bfeba5b9541132cb21899d55b751624-1443-1443","pos":"0","provider":"0","sentRatio":"0","termid":"2","transferProp":"3","ulMark":"-1","ulSpeed":"0","ver":"liv.CDE-1.1.17"})
08-16 14:13:57.810 I/cdelog  ( 3380): core::supernode::HttpDownloader(711)::[collector::report]Download OK : , channel(), url(http://s.webp2p.cp21.ott.cibntv.net/peer/query?str={"arealevel1":"CN","arealevel2":"1","arealevel3":"5","ckey":"5061D891F120F883543391147D2C8C21ver_00_221.3m3u8_12272000","did":"74da97e8e680ec7ed8230e1139727a1a","expect":"50","format":"1","inip":"10.58.80.199","ispId":"666","neighbors":"0","networkType":"1","op":"3","pid":"33-5bfeba5b9541132cb21899d55b751624-1443-1443","pos":"0","provider":"0","sentRatio":"0","termid":"2","transferProp":"3","ulMark":"-1","ulSpeed":"0","ver":"liv.CDE-1.1.17"}), server(123.125.36.224:80), name(nginx/1.8.0), response code(502), version(HTTP/1.1), details(Bad Gateway), data(0/0 Bytes), transfer(normal), encoding(), resolved time(10 ms), connected time(2 ms), responsed time(3 ms), total used time(16 ms), transfered time(16 ms), speed(11332 Byte/s), bytes(182), 0 alive times
08-16 14:13:57.813 I/cdelog  ( 3380): tools::collector::ReportClient(109)::Send report(), 1 pending item(s) to url(http://s.webp2p.cp21.ott.cibntv.net/peer/query?str={"arealevel1":"CN","arealevel2":"1","arealevel3":"5","expect":"50","groupId":"5061D891F120F883543391147D2C8C21ver_00_221.3m3u8_12272000","ispId":"666","module":"cde","neighbors":"0","networkType":"1","peerId":"2b5e03640c4d678c70aaf38b69810a01db38ffb64f2cb4caab9d321a5f362305","pos":"1534399927","provider":"0","query":"1","rtmfpId":"123.59.234.147:8128","sentRatio":"0","tid":"2","transferProp":"3","ulMark":"-1","ulSpeed":"0","ver":"liv.CDE-1.1.17"})
08-16 14:13:57.815 I/cdelog  ( 3380): core::supernode::HttpDownloader(527)::[collector::report]Start download method(GET), range(), server(s.webp2p.cp21.ott.cibntv.net:80), channel(), proxy(disabled), 0 addtional header(s) ...
08-16 14:13:57.815 I/cdelog  ( 3380): core::supernode::HttpDownloader(532)::[collector::report]Request url(http://s.webp2p.cp21.ott.cibntv.net/peer/query?str={"arealevel1":"CN","arealevel2":"1","arealevel3":"5","expect":"50","groupId":"5061D891F120F883543391147D2C8C21ver_00_221.3m3u8_12272000","ispId":"666","module":"cde","neighbors":"0","networkType":"1","peerId":"2b5e03640c4d678c70aaf38b69810a01db38ffb64f2cb4caab9d321a5f362305","pos":"1534399927","provider":"0","query":"1","rtmfpId":"123.59.234.147:8128","sentRatio":"0","tid":"2","transferProp":"3","ulMark":"-1","ulSpeed":"0","ver":"liv.CDE-1.1.17"})
08-16 14:13:57.817 I/cdelog  ( 3380): logic::base::Channel(967)::[live] get next stable(address(* 211.154.226.238:80), speed(1747940), last segment id(1500257344), count(37/0/0/13);) for channel(70f8798d72ff0ac99462999af2ba7c5d)
