08-16 14:44:04.862 I/art     ( 2207): Background sticky concurrent mark sweep GC freed 7263(1084KB) AllocSpace objects, 40(800KB) LOS objects, 0% free, 27MB/27MB, paused 6.242ms total 78.017ms
08-16 14:44:04.877 I/System.out( 2822): From style:
08-16 14:44:04.877 I/System.out( 2822): Attrs: 3010001=0.6 3010002=res/drawable-hdpi-v4/ic_desk_app_bg.jpg 3010003=null 3010004=true
08-16 14:44:04.879 E/ActivityThread( 2837): Failed to find provider info for com.letv.agnes.InfoProvider
08-16 14:44:04.883 E/critical_path_log( 3007): superlive_7799adbbe191b8ab_onTrimMemory: level = 20
08-16 14:44:04.888 I/tvos    ( 1764): [37m[INFO] Change to Voltage: 1130 mV (0x1F)[m
08-16 14:44:04.888 I/tvos    ( 1764): [37m[INFO] Change to Voltage: 1130 mV (0x22)[m
08-16 14:44:04.888 I/tvos    ( 1764): [37m[INFO] Change to Voltage: 1130 mV (0x25)[m
08-16 14:44:04.888 I/tvos    ( 1764): [37m[INFO] Change to Voltage: 1130 mV (0x28)[m
08-16 14:44:04.888 I/tvos    ( 1764): [37m[INFO] Change to Voltage: 1130 mV (0x2B)[m
08-16 14:44:04.888 I/tvos    ( 1764): [37m[INFO] Change to Voltage: 1130 mV (0x2C)[m
08-16 14:44:04.909 E/ActivityThread( 2837): Failed to find provider info for com.letv.agnes.InfoProvider
08-16 14:44:04.915 I/GlobalSettings( 2822): NetworkActivity -- get wire style is==0
08-16 14:44:04.918 W/System.err( 2837): java.lang.IllegalArgumentException: Unknown URL content://com.letv.agnes.InfoProvider
08-16 14:44:04.918 W/System.err( 2837): 	at android.content.ContentResolver.insert(ContentResolver.java:1227)
08-16 14:44:04.918 W/System.err( 2837): 	at com.letv.tracker2.agnes.Configuration.addDebugInfo(Configuration.java:289)
08-16 14:44:04.918 W/System.err( 2837): 	at com.letv.tracker2.agnes.MessageProcessor$SendEnvMsgTr$1.handleMessage(MessageProcessor.java:661)
08-16 14:44:04.920 W/System.err( 2837): 	at android.os.Handler.dispatchMessage(Handler.java:102)
08-16 14:44:04.920 W/System.err( 2837): 	at android.os.Looper.loop(Looper.java:148)
08-16 14:44:04.920 W/System.err( 2837): 	at com.letv.tracker2.agnes.MessageProcessor$SendEnvMsgTr.run(MessageProcessor.java:665)
08-16 14:44:04.938 E/LETV_DEVICE( 1780): no name sn for Mstar
08-16 14:44:04.943 I/tvos    ( 1764): GetAudioOutputDevice, retval : 0
08-16 14:44:04.945 I/StvLogReport( 2837): StargazerReportTask, reponse2 : {"status":"OK","statusCode":200,"message":"succeefully"}
08-16 14:44:04.957 W/InputDispatcher( 2207): Focus entered window: Window{d9ef229 u0 com.stv.globalsetting/com.stv.globalsetting.activity.NetworkActivity}
08-16 14:44:04.964 I/art     ( 2207): Background partial concurrent mark sweep GC freed 38113(2MB) AllocSpace objects, 7(1012KB) LOS objects, 33% free, 23MB/35MB, paused 1.240ms total 101.380ms
08-16 14:44:04.967 I/OMXClient( 2822): Using client-side OMX mux.
08-16 14:44:04.978 E/BufferQueueProducer( 1749): [com.stv.globalsetting/com.stv.globalsetting.activity.NetworkActivity] connect(P): already connected (cur=1 req=1)
08-16 14:44:04.986 I/APM::AudioPolicyEngine( 1758): getDeviceForStrategy, 359
08-16 14:44:05.024 I/LetvManager-LogReport( 1780): [send_msg] line: 490 report url = http://log.hdtv.cp21.ott.cibntv.net:80/api/log/tvAction
08-16 14:44:05.055 E/ActivityThread( 2837): Failed to find provider info for com.letv.agnes.InfoProvider
08-16 14:44:05.056 I/[T1.0.6.3]EuiAgnes_Server( 2837): resCode:1
08-16 14:44:05.056 I/[T1.0.6.3]EuiAgnes_Server( 2837): b[0]:0
08-16 14:44:05.057 I/GlobalSettings( 2822): BaseMultiLayerDialogHelper -- dialog is all dismiss,cancel timer
08-16 14:44:05.058 E/ActivityThread( 2837): Failed to find provider info for com.letv.agnes.InfoProvider
08-16 14:44:05.058 W/System.err( 2837): java.lang.IllegalArgumentException: Unknown URL content://com.letv.agnes.InfoProvider
08-16 14:44:05.058 W/System.err( 2837): 	at android.content.ContentResolver.insert(ContentResolver.java:1227)
08-16 14:44:05.058 W/System.err( 2837): 	at com.letv.tracker2.agnes.Configuration.addDebugInfo(Configuration.java:289)
08-16 14:44:05.059 W/System.err( 2837): 	at com.letv.tracker2.agnes.MessageProcessor$SendEnvMsgTr$1.handleMessage(MessageProcessor.java:661)
08-16 14:44:05.059 W/System.err( 2837): 	at android.os.Handler.dispatchMessage(Handler.java:102)
08-16 14:44:05.059 W/System.err( 2837): 	at android.os.Looper.loop(Looper.java:148)
08-16 14:44:05.059 W/System.err( 2837): 	at com.letv.tracker2.agnes.MessageProcessor$SendEnvMsgTr.run(MessageProcessor.java:665)
08-16 14:44:05.066 I/GlobalSettings( 2822): WifiFragment -- the init wifi status : 1
08-16 14:44:05.085 I/StvLogReport( 2837): StargazerReportTask, action=appOpen&name=设置&packagename=com.stv.globalsetting&versionCode=1&appVersionName=1.0&appType=1&mark=79
08-16 14:44:05.103 I/GlobalSettings( 2822): WifiFragment -- handleEvent action = android.net.wifi.WIFI_STATE_CHANGED
08-16 14:44:05.103 I/GlobalSettings( 2822): WifiFragment -- updateWifiState = 3
08-16 14:44:05.104 I/GlobalSettings( 2822): WifiFragment -- handleEvent action = android.net.wifi.supplicant.STATE_CHANGE
08-16 14:44:05.104 I/GlobalSettings( 2822): WifiFragment -- handleEvent action = android.net.wifi.STATE_CHANGE
08-16 14:44:05.107 I/StvLogReport( 2837): StargazerReportTask, reponse2 : {"status":"OK","statusCode":200,"message":"succeefully"}
08-16 14:44:05.109 I/ActivityManager( 2207): Displayed com.stv.globalsetting/.activity.NetworkActivity: +449ms
08-16 14:44:05.110 W/ContextImpl( 2207): Calling a method in the system process without a qualified user: android.app.ContextImpl.sendBroadcast:766 com.android.server.am.ActivityRecord.reportLaunchTimeLocked:1056 com.android.server.am.ActivityRecord.windowsDrawnLocked:1080 com.android.server.am.ActivityRecord$Token.windowsDrawn:345 com.android.server.wm.WindowManagerService$H.handleMessage:8042 
08-16 14:44:05.112 I/GlobalSettings( 2822): WifiFragment -- updateAccessPoints wifiState = 3
08-16 14:44:05.112 I/GlobalSettings( 2822): WifiFragment -- DetailedState = SCANNING
08-16 14:44:05.119 W/InputDispatcher( 2207): Window went away: Window{85b6998 u0 Starting com.stv.globalsetting}
08-16 14:44:05.122 I/WifiStateMachine( 2207):  DisconnectedState !CMD_GET_CONFIGURED_NETWORKS uid=1000  rt=512711555/512711555 1000 0 num=0
08-16 14:44:05.122 I/GlobalSettings( 2822): WifiFragment --  updateConnectionState  mLastState = SCANNING
08-16 14:44:05.122 I/GlobalSettings( 2822): WifiFragment -- updateConnectionState notifyItemRangeChanged
08-16 14:44:05.122 I/WifiStateMachine( 2207):  ConnectModeState !CMD_GET_CONFIGURED_NETWORKS uid=1000  rt=512711555/512711556 1000 0 num=0
08-16 14:44:05.124 I/WifiStateMachine( 2207):  DisconnectedState !CMD_START_SCAN  rt=512711557/512711557 1000 151 ic=1 proc(ms):1 dur:2841 cnt=34159 rssi=-127 f=-1 sc=0 link=-1 tx=0.0, 0.0, 0.0  rx=0.0 fiv=20000 [on:0 tx:0 rx:0 period:13160] from screen [on:0 period:1098520452]
08-16 14:44:05.131 I/WifiStateMachine( 2207):  ConnectModeState !CMD_START_SCAN  rt=512711564/512711564 1000 151 ic=1 proc(ms):8 dur:2841 cnt=34159 rssi=-127 f=-1 sc=0 link=-1 tx=0.0, 0.0, 0.0  rx=0.0 fiv=20000 [on:0 tx:0 rx:0 period:7] from screen [on:0 period:1098520459]
08-16 14:44:05.132 I/WifiStateMachine( 2207):  DriverStartedState !CMD_START_SCAN  rt=512711565/512711565 1000 151 ic=1 proc(ms):8 dur:2841 cnt=34159 rssi=-127 f=-1 sc=0 link=-1 tx=0.0, 0.0, 0.0  rx=0.0 fiv=20000 [on:0 tx:0 rx:0 period:1] from screen [on:0 period:1098520460]
08-16 14:44:05.132 I/WifiStateMachine( 2207): handlescanrequest  starting scan for 
08-16 14:44:05.132 I/WifiStateMachine( 2207): startscannative  starting scan for 
08-16 14:44:05.150 I/GlobalSettings( 2822): WifiFragment -- updateAccessPoints mAccessPoints.add
08-16 14:44:05.173 I/GlobalSettings( 2822): WifiFragment --  onCreateViewHolder position = 0
08-16 14:44:05.173 I/GlobalSettings( 2822): WifiFragment --  ssid = letv-hk-8f, level = 3
08-16 14:44:05.179 I/GlobalSettings( 2822): WifiFragment --  onCreateViewHolder position = 0
08-16 14:44:05.180 I/GlobalSettings( 2822): WifiFragment --  ssid = letv-web, level = 3
08-16 14:44:05.182 I/GlobalSettings( 2822): WifiFragment --  onCreateViewHolder position = 0
08-16 14:44:05.182 I/GlobalSettings( 2822): WifiFragment --  ssid = MTBF_05_5G, level = 3
08-16 14:44:05.185 I/GlobalSettings( 2822): WifiFragment --  onCreateViewHolder position = 0
08-16 14:44:05.185 I/GlobalSettings( 2822): WifiFragment --  ssid = MTBF_01_5G, level = 3
08-16 14:44:05.188 I/tvos    ( 1764): [37m[INFO] Change to Voltage: 1000 mV (0x2C)[m
08-16 14:44:05.188 I/tvos    ( 1764): [37m[INFO] Change to Voltage: 1000 mV (0x29)[m
08-16 14:44:05.188 I/tvos    ( 1764): [37m[INFO] Change to Voltage: 1000 mV (0x26)[m
08-16 14:44:05.188 I/tvos    ( 1764): [37m[INFO] Change to Voltage: 1000 mV (0x23)[m
08-16 14:44:05.188 I/tvos    ( 1764): [37m[INFO] Change to Voltage: 1000 mV (0x20)[m
08-16 14:44:05.188 I/tvos    ( 1764): [37m[INFO] Change to Voltage: 1000 mV (0x1F)[m
08-16 14:44:05.188 I/GlobalSettings( 2822): WifiFragment --  onCreateViewHolder position = 0
08-16 14:44:05.188 I/GlobalSettings( 2822): WifiFragment --  ssid = TP-Link-123, level = 3
08-16 14:44:05.198 I/tvos    ( 1764): GetAudioOutputDevice, retval : 0
08-16 14:44:05.235 I/LetvManager-LogReport( 1780): [send_msg] line: 490 report url = http://log.hdtv.cp21.ott.cibntv.net:80/api/log/tvAction
08-16 14:44:05.240 I/art     (23206): Background partial concurrent mark sweep GC freed 9598(418KB) AllocSpace objects, 0(0B) LOS objects, 39% free, 1913KB/3MB, paused 9.794ms total 35.063ms
08-16 14:44:05.286 I/tvos    ( 1764): [37m[INFO] Change to Voltage: 1130 mV (0x1F)[m
08-16 14:44:05.287 I/tvos    ( 1764): [37m[INFO] Change to Voltage: 1130 mV (0x22)[m
08-16 14:44:05.287 I/tvos    ( 1764): [37m[INFO] Change to Voltage: 1130 mV (0x25)[m
08-16 14:44:05.287 I/tvos    ( 1764): [37m[INFO] Change to Voltage: 1130 mV (0x28)[m
08-16 14:44:05.287 I/tvos    ( 1764): [37m[INFO] Change to Voltage: 1130 mV (0x2B)[m
08-16 14:44:05.287 I/tvos    ( 1764): [37m[INFO] Change to Voltage: 1130 mV (0x2C)[m
08-16 14:44:05.318 I/AnalysisLog( 3007): Plugin:onFragmentShowChanged_hide:com.stv.plugin.app----start:time='512711751'
08-16 14:44:05.319 I/AppPlugin( 3007): AppFragment -- onFragmentShowChanged gainSelect true screen = com.stv.plugin.app packageName = com.stv.plugin.app
08-16 14:44:05.320 I/AnalysisLog( 3007): Plugin:onFragmentShowChanged_hide:com.stv.plugin.app----end:time='512711753'
08-16 14:44:05.321 I/TvLiveBaseFragment( 3007): onStop
08-16 14:44:05.341 E/LETV_DEVICE( 1780): no name sn for Mstar
08-16 14:44:05.345 E/ActivityThread( 2837): Failed to find provider info for com.letv.agnes.InfoProvider
08-16 14:44:05.346 E/ActivityThread( 2837): Failed to find provider info for com.letv.agnes.InfoProvider
08-16 14:44:05.346 W/System.err( 2837): java.lang.IllegalArgumentException: Unknown URL content://com.letv.agnes.InfoProvider
08-16 14:44:05.346 W/System.err( 2837): 	at android.content.ContentResolver.insert(ContentResolver.java:1227)
08-16 14:44:05.346 W/System.err( 2837): 	at com.letv.tracker2.agnes.Configuration.addDebugInfo(Configuration.java:289)
08-16 14:44:05.346 W/System.err( 2837): 	at com.letv.tracker2.agnes.MessageProcessor$SendEnvMsgTr$1.handleMessage(MessageProcessor.java:661)
08-16 14:44:05.346 W/System.err( 2837): 	at android.os.Handler.dispatchMessage(Handler.java:102)
08-16 14:44:05.346 W/System.err( 2837): 	at android.os.Looper.loop(Looper.java:148)
08-16 14:44:05.346 W/System.err( 2837): 	at com.letv.tracker2.agnes.MessageProcessor$SendEnvMsgTr.run(MessageProcessor.java:665)
08-16 14:44:05.350 I/[T1.0.6.3]EuiAgnes_Server( 2837): resCode:1
08-16 14:44:05.350 I/[T1.0.6.3]EuiAgnes_Server( 2837): b[0]:0
08-16 14:44:05.387 I/tvos    ( 1764): [37m[INFO] Change to Voltage: 1000 mV (0x2C)[m
08-16 14:44:05.387 I/tvos    ( 1764): [37m[INFO] Change to Voltage: 1000 mV (0x29)[m
08-16 14:44:05.387 I/tvos    ( 1764): [37m[INFO] Change to Voltage: 1000 mV (0x26)[m
08-16 14:44:05.387 I/tvos    ( 1764): [37m[INFO] Change to Voltage: 1000 mV (0x23)[m
08-16 14:44:05.387 I/tvos    ( 1764): [37m[INFO] Change to Voltage: 1000 mV (0x20)[m
08-16 14:44:05.387 I/tvos    ( 1764): [37m[INFO] Change to Voltage: 1000 mV (0x1F)[m
08-16 14:44:05.445 I/tvos    ( 1764): GetAudioOutputDevice, retval : 0
08-16 14:44:05.451 I/LetvManager-LogReport( 1780): [send_msg] line: 490 report url = http://log.hdtv.cp21.ott.cibntv.net:80/api/log/tvAction
08-16 14:44:05.696 I/tvos    ( 1764): GetAudioOutputDevice, retval : 0
08-16 14:44:05.946 I/tvos    ( 1764): GetAudioOutputDevice, retval : 0
08-16 14:44:06.197 I/tvos    ( 1764): GetAudioOutputDevice, retval : 0
08-16 14:44:06.447 I/tvos    ( 1764): GetAudioOutputDevice, retval : 0
08-16 14:44:06.698 I/tvos    ( 1764): GetAudioOutputDevice, retval : 0
08-16 14:44:06.948 I/tvos    ( 1764): GetAudioOutputDevice, retval : 0
08-16 14:44:06.965 I/WifiStateMachine( 2207):  DisconnectedState !CMD_START_SCAN  rt=512713398/512713398 -2 34159 ic=1 proc(ms):15002 onGoing full started:1534401845133,1832 cnt=34159 rssi=-127 f=-1 sc=0 link=-1 tx=0.0, 0.0, 0.0  rx=0.0 fiv=20000 [on:0 tx:0 rx:0 period:1822] from screen [on:0 period:1098522293]
08-16 14:44:06.965 I/WifiStateMachine( 2207): handlescanrequest  starting scan for 
08-16 14:44:06.965 I/WifiStateMachine( 2207): startscannative  starting scan for 
08-16 14:44:07.198 I/tvos    ( 1764): GetAudioOutputDevice, retval : 0
08-16 14:44:07.449 I/tvos    ( 1764): GetAudioOutputDevice, retval : 0
08-16 14:44:07.699 I/tvos    ( 1764): GetAudioOutputDevice, retval : 0
08-16 14:44:07.730 E/LetvRemoteupgradeManager-JNI( 2613): can't get LetvManager service!
08-16 14:44:07.950 I/tvos    ( 1764): GetAudioOutputDevice, retval : 0
08-16 14:44:08.026 I/WifiStateMachine( 2207):  DisconnectedState !SCAN_RESULTS_EVENT  rt=512714459/512714459 0 0 found=174 known=0 got=174 bcn=0 con=0
08-16 14:44:08.026 I/WifiStateMachine( 2207):  ConnectModeState !SCAN_RESULTS_EVENT  rt=512714459/512714459 0 0 found=174 known=0 got=174 bcn=0 con=0
08-16 14:44:08.026 I/WifiStateMachine( 2207):  DriverStartedState !SCAN_RESULTS_EVENT  rt=512714459/512714459 0 0 found=174 known=0 got=174 bcn=0 con=0
08-16 14:44:08.026 I/WifiStateMachine( 2207):  SupplicantStartedState !SCAN_RESULTS_EVENT  rt=512714459/512714459 0 0 found=174 known=0 got=174 bcn=0 con=0
08-16 14:44:08.079 I/WifiStateMachine( 2207): setscanresults newsupplicantresult
08-16 14:44:08.080 I/GlobalSettings( 2822): WifiFragment -- handleEvent action = android.net.wifi.SCAN_RESULTS
08-16 14:44:08.080 I/GlobalSettings( 2822): WifiFragment -- updateAccessPoints wifiState = 3
08-16 14:44:08.081 I/WifiStateMachine( 2207):  DisconnectedState !CMD_GET_CONFIGURED_NETWORKS uid=1000  rt=512714514/512714514 1000 0 num=0
08-16 14:44:08.081 I/WifiStateMachine( 2207):  ConnectModeState !CMD_GET_CONFIGURED_NETWORKS uid=1000  rt=512714515/512714515 1000 0 num=0
08-16 14:44:08.091 I/GlobalSettings( 2822): WifiFragment -- updateAccessPoints mAccessPoints.add
08-16 14:44:08.111 I/GlobalSettings( 2822): WifiFragment --  ssid = letv-hk-8f, level = 3
08-16 14:44:08.111 I/GlobalSettings( 2822): WifiFragment --  ssid = letv-web, level = 3
08-16 14:44:08.112 I/GlobalSettings( 2822): WifiFragment --  ssid = MTBF_05_5G, level = 3
08-16 14:44:08.113 I/GlobalSettings( 2822): WifiFragment --  ssid = MTBF_01_5G, level = 3
08-16 14:44:08.113 I/GlobalSettings( 2822): WifiFragment --  ssid = TP-Link-123, level = 3
08-16 14:44:08.200 I/tvos    ( 1764): GetAudioOutputDevice, retval : 0
08-16 14:44:08.451 I/tvos    ( 1764): GetAudioOutputDevice, retval : 0
08-16 14:44:08.701 I/tvos    ( 1764): GetAudioOutputDevice, retval : 0
08-16 14:44:08.951 I/tvos    ( 1764): GetAudioOutputDevice, retval : 0
08-16 14:44:09.202 I/tvos    ( 1764): GetAudioOutputDevice, retval : 0
08-16 14:44:09.452 I/tvos    ( 1764): GetAudioOutputDevice, retval : 0
08-16 14:44:09.703 I/tvos    ( 1764): GetAudioOutputDevice, retval : 0
08-16 14:44:09.890 I/tvos    ( 1764): [37m[INFO] Change to Voltage: 1030 mV (0x2E)[m
08-16 14:44:09.890 I/tvos    ( 1764): [37m[INFO] Change to Voltage: 1030 mV (0x2B)[m
08-16 14:44:09.890 I/tvos    ( 1764): [37m[INFO] Change to Voltage: 1030 mV (0x28)[m
08-16 14:44:09.890 I/tvos    ( 1764): [37m[INFO] Change to Voltage: 1030 mV (0x25)[m
08-16 14:44:09.891 I/tvos    ( 1764): [37m[INFO] Change to Voltage: 1030 mV (0x22)[m
08-16 14:44:09.892 I/tvos    ( 1764): [37m[INFO] Change to Voltage: 1030 mV (0x22)[m
08-16 14:44:09.953 I/tvos    ( 1764): GetAudioOutputDevice, retval : 0
08-16 14:44:10.203 I/tvos    ( 1764): GetAudioOutputDevice, retval : 0
08-16 14:44:10.454 I/tvos    ( 1764): GetAudioOutputDevice, retval : 0
08-16 14:44:10.704 I/tvos    ( 1764): GetAudioOutputDevice, retval : 0
08-16 14:44:10.731 E/LetvRemoteupgradeManager-JNI( 2613): can't get LetvManager service!
08-16 14:44:10.955 I/tvos    ( 1764): GetAudioOutputDevice, retval : 0
08-16 14:44:11.175 E/InternetUtils( 4594): java.net.SocketTimeoutException: failed to connect to www.cibn.com/61.133.127.115 (port 80) after 3000ms
08-16 14:44:11.205 I/tvos    ( 1764): GetAudioOutputDevice, retval : 0
08-16 14:44:11.455 I/tvos    ( 1764): GetAudioOutputDevice, retval : 0
08-16 14:44:11.706 I/tvos    ( 1764): GetAudioOutputDevice, retval : 0
08-16 14:44:11.956 I/tvos    ( 1764): GetAudioOutputDevice, retval : 0
08-16 14:44:12.207 I/tvos    ( 1764): GetAudioOutputDevice, retval : 0
08-16 14:44:12.457 I/tvos    ( 1764): GetAudioOutputDevice, retval : 0
08-16 14:44:12.708 I/tvos    ( 1764): GetAudioOutputDevice, retval : 0
08-16 14:44:12.958 I/tvos    ( 1764): GetAudioOutputDevice, retval : 0
08-16 14:44:13.208 I/tvos    ( 1764): GetAudioOutputDevice, retval : 0
08-16 14:44:13.459 I/tvos    ( 1764): GetAudioOutputDevice, retval : 0
08-16 14:44:13.709 I/tvos    ( 1764): GetAudioOutputDevice, retval : 0
08-16 14:44:13.731 E/LetvRemoteupgradeManager-JNI( 2613): can't get LetvManager service!
08-16 14:44:13.959 I/tvos    ( 1764): GetAudioOutputDevice, retval : 0
08-16 14:44:14.210 I/tvos    ( 1764): GetAudioOutputDevice, retval : 0
08-16 14:44:14.460 I/tvos    ( 1764): GetAudioOutputDevice, retval : 0
08-16 14:44:14.711 I/tvos    ( 1764): GetAudioOutputDevice, retval : 0
08-16 14:44:14.961 I/tvos    ( 1764): GetAudioOutputDevice, retval : 0
08-16 14:44:15.124 I/WifiStateMachine( 2207):  DisconnectedState !CMD_START_SCAN  rt=512721556/512721556 1000 152 ic=1 proc(ms):0 dur:2893 cnt=34160 rssi=-127 f=-1 sc=0 link=-1 tx=0.0, 0.0, 0.0  rx=0.0 fiv=20000 [on:0 tx:0 rx:0 period:8157] from screen [on:0 period:1098530451]
08-16 14:44:15.124 I/WifiStateMachine( 2207):  ConnectModeState !CMD_START_SCAN  rt=512721557/512721557 1000 152 ic=1 proc(ms):1 dur:2893 cnt=34160 rssi=-127 f=-1 sc=0 link=-1 tx=0.0, 0.0, 0.0  rx=0.0 fiv=20000 [on:0 tx:0 rx:0 period:1] from screen [on:0 period:1098530452]
08-16 14:44:15.125 I/WifiStateMachine( 2207):  DriverStartedState !CMD_START_SCAN  rt=512721558/512721558 1000 152 ic=1 proc(ms):2 dur:2893 cnt=34160 rssi=-127 f=-1 sc=0 link=-1 tx=0.0, 0.0, 0.0  rx=0.0 fiv=20000 [on:0 tx:0 rx:0 period:1] from screen [on:0 period:1098530453]
08-16 14:44:15.125 I/WifiStateMachine( 2207): handlescanrequest  starting scan for 
08-16 14:44:15.125 I/WifiStateMachine( 2207): startscannative  starting scan for 
08-16 14:44:15.212 I/tvos    ( 1764): GetAudioOutputDevice, retval : 0
08-16 14:44:15.462 I/tvos    ( 1764): GetAudioOutputDevice, retval : 0
08-16 14:44:15.713 I/tvos    ( 1764): GetAudioOutputDevice, retval : 0
08-16 14:44:15.963 I/tvos    ( 1764): GetAudioOutputDevice, retval : 0
08-16 14:44:16.213 I/tvos    ( 1764): GetAudioOutputDevice, retval : 0
08-16 14:44:16.464 I/tvos    ( 1764): GetAudioOutputDevice, retval : 0
08-16 14:44:16.714 I/tvos    ( 1764): GetAudioOutputDevice, retval : 0
08-16 14:44:16.731 E/LetvRemoteupgradeManager-JNI( 2613): can't get LetvManager service!
08-16 14:44:16.964 I/tvos    ( 1764): GetAudioOutputDevice, retval : 0
08-16 14:44:17.215 I/tvos    ( 1764): GetAudioOutputDevice, retval : 0
08-16 14:44:17.465 I/tvos    ( 1764): GetAudioOutputDevice, retval : 0
08-16 14:44:17.716 I/tvos    ( 1764): GetAudioOutputDevice, retval : 0
08-16 14:44:17.967 I/tvos    ( 1764): GetAudioOutputDevice, retval : 0
08-16 14:44:17.969 I/WifiStateMachine( 2207):  DisconnectedState !SCAN_RESULTS_EVENT  rt=512724402/512724402 0 0 found=163 known=0 got=163 bcn=0 con=0
08-16 14:44:17.969 I/WifiStateMachine( 2207):  ConnectModeState !SCAN_RESULTS_EVENT  rt=512724402/512724402 0 0 found=163 known=0 got=163 bcn=0 con=0
08-16 14:44:17.969 I/WifiStateMachine( 2207):  DriverStartedState !SCAN_RESULTS_EVENT  rt=512724402/512724402 0 0 found=163 known=0 got=163 bcn=0 con=0
08-16 14:44:17.969 I/WifiStateMachine( 2207):  SupplicantStartedState !SCAN_RESULTS_EVENT  rt=512724403/512724403 0 0 found=163 known=0 got=163 bcn=0 con=0
08-16 14:44:18.042 I/WifiStateMachine( 2207): setscanresults newsupplicantresult
08-16 14:44:18.044 I/GlobalSettings( 2822): WifiFragment -- handleEvent action = android.net.wifi.SCAN_RESULTS
08-16 14:44:18.044 I/GlobalSettings( 2822): WifiFragment -- updateAccessPoints wifiState = 3
08-16 14:44:18.045 I/WifiStateMachine( 2207):  DisconnectedState !CMD_GET_CONFIGURED_NETWORKS uid=1000  rt=512724479/512724479 1000 0 num=0
08-16 14:44:18.046 I/WifiStateMachine( 2207):  ConnectModeState !CMD_GET_CONFIGURED_NETWORKS uid=1000  rt=512724479/512724479 1000 0 num=0
08-16 14:44:18.056 I/GlobalSettings( 2822): WifiFragment -- updateAccessPoints mAccessPoints.add
08-16 14:44:18.071 I/GlobalSettings( 2822): WifiFragment --  ssid = letv-hk-8f, level = 3
08-16 14:44:18.072 I/GlobalSettings( 2822): WifiFragment --  ssid = letv-web, level = 3
08-16 14:44:18.072 I/GlobalSettings( 2822): WifiFragment --  ssid = MTBF_05_5G, level = 3
08-16 14:44:18.073 I/GlobalSettings( 2822): WifiFragment --  ssid = MTBF_01_5G, level = 3
08-16 14:44:18.073 I/GlobalSettings( 2822): WifiFragment --  ssid = TP-Link-123, level = 3
08-16 14:44:18.217 I/tvos    ( 1764): GetAudioOutputDevice, retval : 0
08-16 14:44:18.468 I/tvos    ( 1764): GetAudioOutputDevice, retval : 0
08-16 14:44:18.718 I/tvos    ( 1764): GetAudioOutputDevice, retval : 0
08-16 14:44:18.968 I/tvos    ( 1764): GetAudioOutputDevice, retval : 0
08-16 14:44:19.219 I/tvos    ( 1764): GetAudioOutputDevice, retval : 0
08-16 14:44:19.469 I/tvos    ( 1764): GetAudioOutputDevice, retval : 0
08-16 14:44:19.698 I/lbplayer( 4071): [main]:ServiceDOWN:dlnaRender is running
08-16 14:44:19.698 I/lbplayer( 4071): [main]:ServiceDOWN:LeLinkService is running
08-16 14:44:19.698 I/lbplayer( 4071): [main]:ServiceDOWN:mainServer is running
08-16 14:44:19.719 I/tvos    ( 1764): GetAudioOutputDevice, retval : 0
08-16 14:44:19.732 E/LetvRemoteupgradeManager-JNI( 2613): can't get LetvManager service!
08-16 14:44:19.970 I/tvos    ( 1764): GetAudioOutputDevice, retval : 0
08-16 14:44:20.221 I/tvos    ( 1764): GetAudioOutputDevice, retval : 0
08-16 14:44:20.263 I/remotestatus( 2207): Msg.what is 101
08-16 14:44:20.263 I/WindowManager( 2207): turn cursor off
08-16 14:44:20.263 E/RemoteManager( 2207): RemoteManager is no longer support in eui6.5
08-16 14:44:20.263 W/InputDispatcher( 2207): findFocusedWindow finished: injectionResult=0, timeSpentWaitingForApplication=0.0ms
08-16 14:44:20.263 E/InputManager-JNI( 2207): call nativeDisableCursor method with hideCursor
08-16 14:44:20.276 I/SoundPool( 2822): enter : func play
08-16 14:44:20.276 W/AudioTrack( 2822): AUDIO_OUTPUT_FLAG_FAST denied by client; transfer 4, track 44100 Hz, output 48000 Hz
08-16 14:44:20.278 I/APM::AudioPolicyEngine( 1758): getDeviceForStrategy, 359
08-16 14:44:20.279 I/audio_hw_primary( 1758): version:a00004 adev_create_audio_patch::mix->device 
08-16 14:44:20.279 I/audio_hw_primary( 1758): adev_create_audio_patch *handle=-1420227928 num_audio_patch=3
08-16 14:44:20.282 E/AudioManagerService( 1803): setAudioVolume(callingPid 1758, clientPid 1758, enSoundPath 0, volumn:0 )
08-16 14:44:20.284 I/tvos    ( 1764): SetVolume, subWooExist 0!
08-16 14:44:20.284 I/tvos    ( 1764): mapi_audio_customer::SetAbsoluteVolume: project name is X440M
08-16 14:44:20.284 I/tvos    ( 1764): SetAbsoluteVolume: uPercent : 0, path=52(speaker), VolumeInt=7f, VolumeFra=0
08-16 14:44:20.284 I/tvos    ( 1764): SetAbsoluteVolume: uPercent(currVol) : 0, realPath=52(default), VolumeInt=7f, VolumeFra=0
08-16 14:44:20.284 I/tvos    ( 1764): mapi_audio_customer::SetAbsoluteVolume: project name is X440M
08-16 14:44:20.284 I/tvos    ( 1764): SetAbsoluteVolume: uPercent : 0, path=49(HP), VolumeInt=7f, VolumeFra=0
08-16 14:44:20.284 I/tvos    ( 1764): SetAbsoluteVolume: uPercent(currVol) : 0, realPath=49(default), VolumeInt=7f, VolumeFra=0
08-16 14:44:20.284 I/tvos    ( 1764): mapi_audio_customer::SetAbsoluteVolume: project name is X440M
08-16 14:44:20.284 I/tvos    ( 1764): SetAbsoluteVolume, m_bBTDetect is false! 
08-16 14:44:20.284 I/tvos    ( 1764): mapi_audio_customer::SetAbsoluteVolume: project name is X440M
08-16 14:44:20.284 I/tvos    ( 1764): SetAbsoluteVolume: uPercent : 0, path=255(speaker), VolumeInt=7f, VolumeFra=0
08-16 14:44:20.284 I/tvos    ( 1764): SetAbsoluteVolume: uPercent(currVol) : 0, realPath=255(default), VolumeInt=7f, VolumeFra=0
08-16 14:44:20.284 I/tvos    ( 1764): [SetMuteStatus] call SetSoundMuteStatus, line : 10369, muteType: 4, onOff : 0 
08-16 14:44:20.284 I/tvos    ( 1764): [audioBSP] #1 m_internalMute : 0 ..
08-16 14:44:20.284 I/tvos    ( 1764): #1|->SDK_bPermanentAudioMute:0<-|->SDK_bMomentAudioMute:0 <-|->SDK_bBySyncAudioMute:0<-|->SDK_bByBlockAudioMute:0<-|->SDK_bByVChipAudioMute:0<-|
08-16 14:44:20.284 I/tvos    ( 1764): #1|->SDK_bInternal1AudioMute:0<-|->SDK_bInternal2AudioMute:0<-|->SDK_bInternal3AudioMute:0<-|->SDK_bInternal4AudioMute:0<-|
08-16 14:44:20.284 I/tvos    ( 1764): #1|->SDK_bByScanInOutchgCHchg:0<-|->SDK_bByDuringLimitedTimeAudioMute:0<-|->SDK_bSourceSwitchAudioMute:0<-|
08-16 14:44:20.284 I/tvos    ( 1764): #1|->SDK_bMHEGApMute:0<-|->SDK_bAllAudioMuteCtrl:0<-|->SDK_bPowerOnMute:0<-|->SDK_bNullSourceMute0<-|->SDK_bSetInputSourceAudioMute:0<-|
08-16 14:44:20.284 I/tvos    ( 1764): [audioBSP] #2 m_spkrMute : 0 ..|->SDK_bUsrSpkrAudioMute:0<-|->SDK_bPowerOnMute:0<-|->SDK_bByUserAudioMute:0<-|
08-16 14:44:20.284 I/tvos    ( 1764): [audioBSP] #3 m_PcmCapture2Mute:0 |->SDK_bByUserPcmCapture2Mute:0<-|->SDK_SUB_bByUserAudioMute:0<-|->SDK_bByUserAudioMute:0<-|
08-16 14:44:20.284 I/tvos    ( 1764): [audioBSP] #5 m_hpMute : 1 ..|->SDK_bUsrHpAudioMute:1<-|->SDK_bPowerOnMute:0<-|->SDK_bByUserAudioMute:0<-|
08-16 14:44:20.284 I/tvos    ( 1764): [audioBSP] #12 m_spdifMute : 1 ..
08-16 14:44:20.284 I/tvos    ( 1764): #12|->SDK_bPermanentAudioMute:0<-|->SDK_bMomentAudioMute:0<-|->SDK_bByBlockAudioMute:0<-|
08-16 14:44:20.284 I/tvos    ( 1764): #12|->SDK_bByVChipAudioMute:0<-|->SDK_bInternal1AudioMute:0<-|->SDK_bInternal4AudioMute:0<-|
08-16 14:44:20.284 I/tvos    ( 1764): #12|->SDK_bByDuringLimitedTimeAudioMute:0<-|->SDK_bSourceSwitchAudioMute:0<-|->SDK_bMHEGApMute:0<-|
08-16 14:44:20.284 I/tvos    ( 1764): #12|->SDK_bPowerOnMute:0<-|->SDK_bUsrSpdifAudioMute:1<-|->SDK_bNullSourceMute:0<-|->SDK_bByAppMute:0<-|
08-16 14:44:20.284 I/tvos    ( 1764): ---Amplifier_ALC1310_LR_SWMute(0)
08-16 14:44:20.284 I/tvos    ( 1764): ALC1310 unmute good, addr: 0x13 readbackvalue: 4 
08-16 14:44:20.286 I/AudioUtil( 1758): setParameters spk_volume=0
08-16 14:44:20.287 I/tvos    ( 1764): SetSoundMuteStatus : m_hpMute : 1, m_spdifMute : 1, m_DataInMute : 0, m_channel7Mute : 0, m_internalMute : 0, m_spkrMute : 0, m_PcmCapture1Mute : 0, m_PcmCapture2Mute : 0 
08-16 14:44:20.287 I/audio_hw_primary( 1758): adev_set_parameters: spk_volume=0
08-16 14:44:20.287 I/tvos    ( 1764): GetAudioOutputDevice, retval : 0
08-16 14:44:20.287 I/tvos    ( 1764): [SetMuteStatus] call SetSoundMuteStatus, line : 10369, muteType: 67108864, onOff : 1 
08-16 14:44:20.287 I/tvos    ( 1764): _TransMSrvMuteTypeToSDKMuteType: Err! muteType(67108864) is out of Range
08-16 14:44:20.290 I/tvos    ( 1764): [SetMuteStatus] call SetSoundMuteStatus, line : 10369, muteType: 4, onOff : 1 
08-16 14:44:20.290 I/tvos    ( 1764): [audioBSP] #1 m_internalMute : 0 ..
08-16 14:44:20.290 I/tvos    ( 1764): #1|->SDK_bPermanentAudioMute:0<-|->SDK_bMomentAudioMute:0 <-|->SDK_bBySyncAudioMute:0<-|->SDK_bByBlockAudioMute:0<-|->SDK_bByVChipAudioMute:0<-|
08-16 14:44:20.290 I/tvos    ( 1764): #1|->SDK_bInternal1AudioMute:0<-|->SDK_bInternal2AudioMute:0<-|->SDK_bInternal3AudioMute:0<-|->SDK_bInternal4AudioMute:0<-|
08-16 14:44:20.290 I/tvos    ( 1764): #1|->SDK_bByScanInOutchgCHchg:0<-|->SDK_bByDuringLimitedTimeAudioMute:0<-|->SDK_bSourceSwitchAudioMute:0<-|
08-16 14:44:20.290 I/tvos    ( 1764): #1|->SDK_bMHEGApMute:0<-|->SDK_bAllAudioMuteCtrl:0<-|->SDK_bPowerOnMute:0<-|->SDK_bNullSourceMute0<-|->SDK_bSetInputSourceAudioMute:0<-|
08-16 14:44:20.290 I/tvos    ( 1764): [audioBSP] #2 m_spkrMute : 1 ..|->SDK_bUsrSpkrAudioMute:0<-|->SDK_bPowerOnMute:0<-|->SDK_bByUserAudioMute:1<-|
08-16 14:44:20.290 I/tvos    ( 1764): [audioBSP] #3 m_PcmCapture2Mute:1 |->SDK_bByUserPcmCapture2Mute:0<-|->SDK_SUB_bByUserAudioMute:0<-|->SDK_bByUserAudioMute:1<-|
08-16 14:44:20.290 I/tvos    ( 1764): [audioBSP] #5 m_hpMute : 1 ..|->SDK_bUsrHpAudioMute:1<-|->SDK_bPowerOnMute:0<-|->SDK_bByUserAudioMute:1<-|
08-16 14:44:20.290 I/tvos    ( 1764): [audioBSP] #12 m_spdifMute : 1 ..
08-16 14:44:20.290 I/tvos    ( 1764): #12|->SDK_bPermanentAudioMute:0<-|->SDK_bMomentAudioMute:0<-|->SDK_bByBlockAudioMute:0<-|
08-16 14:44:20.290 I/tvos    ( 1764): #12|->SDK_bByVChipAudioMute:0<-|->SDK_bInternal1AudioMute:0<-|->SDK_bInternal4AudioMute:0<-|
08-16 14:44:20.290 I/tvos    ( 1764): #12|->SDK_bByDuringLimitedTimeAudioMute:0<-|->SDK_bSourceSwitchAudioMute:0<-|->SDK_bMHEGApMute:0<-|
08-16 14:44:20.290 I/tvos    ( 1764): #12|->SDK_bPowerOnMute:0<-|->SDK_bUsrSpdifAudioMute:1<-|->SDK_bNullSourceMute:0<-|->SDK_bByAppMute:0<-|
08-16 14:44:20.290 I/tvos    ( 1764): ---Amplifier_ALC1310_LR_SWMute(1)
08-16 14:44:20.290 I/tvos    ( 1764): ALC1310 mute write good, addr: 0x13, readback data : 49164, write cmd times : 1
08-16 14:44:20.292 I/tvos    ( 1764): SetSoundMuteStatus : m_hpMute : 1, m_spdifMute : 1, m_DataInMute : 0, m_channel7Mute : 0, m_internalMute : 0, m_spkrMute : 1, m_PcmCapture1Mute : 0, m_PcmCapture2Mute : 1 
08-16 14:44:20.297 W/InputDispatcher( 2207): findFocusedWindow finished: injectionResult=0, timeSpentWaitingForApplication=0.0ms
08-16 14:44:20.306 I/BrowseView( 2822): --onItemSelected i : 0
08-16 14:44:20.311 E/audio_hw_primary( 1758): out_get_presentation_position pcm_get_htimestamp(pcm, &avail, timestamp) != 0!!!
08-16 14:44:20.343 I/APM::AudioPolicyEngine( 1758): getDeviceForStrategy, 359
08-16 14:44:20.471 I/tvos    ( 1764): GetAudioOutputDevice, retval : 0
08-16 14:44:20.721 I/tvos    ( 1764): GetAudioOutputDevice, retval : 0
08-16 14:44:20.903 I/remotestatus( 2207): Msg.what is 101
08-16 14:44:20.903 I/WindowManager( 2207): turn cursor off
08-16 14:44:20.903 E/RemoteManager( 2207): RemoteManager is no longer support in eui6.5
08-16 14:44:20.904 W/InputDispatcher( 2207): findFocusedWindow finished: injectionResult=0, timeSpentWaitingForApplication=0.0ms
08-16 14:44:20.904 E/InputManager-JNI( 2207): call nativeDisableCursor method with hideCursor
08-16 14:44:20.909 W/InputDispatcher( 2207): findFocusedWindow finished: injectionResult=0, timeSpentWaitingForApplication=0.0ms
08-16 14:44:20.972 I/tvos    ( 1764): GetAudioOutputDevice, retval : 0
08-16 14:44:21.222 I/tvos    ( 1764): GetAudioOutputDevice, retval : 0
08-16 14:44:21.239 E/InternetUtils( 4594): java.net.SocketTimeoutException: failed to connect to www.cibn.com/61.133.127.115 (port 80) after 3000ms
08-16 14:44:21.412 W/InputDispatcher( 2207): findFocusedWindow finished: injectionResult=0, timeSpentWaitingForApplication=0.0ms
08-16 14:44:21.415 W/InputDispatcher( 2207): findFocusedWindow finished: injectionResult=0, timeSpentWaitingForApplication=0.0ms
08-16 14:44:21.416 I/GlobalSettings( 2822): WifiFragment --  onClick  v = com.stv.globalsetting.widget.LetvSelect{bf1ed02 VFE...C.. .FS....D 120,144-1260,294 #7f0a0217 app:id/wifi_select}
08-16 14:44:21.416 I/GlobalSettings( 2822): ReportEuiLog_U -- ReportEuiLog action is: tvaction and reportmsg is: action=wifiClick&status=0
08-16 14:44:21.416 I/SoundPool( 2207): enter : func play
08-16 14:44:21.418 I/GlobalSettings( 2822): WifiFragment -- click_wifi_OffandOn_value is: true
08-16 14:44:21.418 I/APM::AudioPolicyEngine( 1758): getDeviceForStrategy, 359
08-16 14:44:21.420 I/GlobalSettings( 2822): WifiFragment -- isChecked = false
08-16 14:44:21.423 E/WifiService( 2207): Invoking mWifiStateMachine.setWifiEnabled
08-16 14:44:21.426 I/GlobalSettings( 2822): WifiFragment --  setWifiEnabled successful
08-16 14:44:21.429 I/audio_hw_primary( 1758): version:a00004 adev_create_audio_patch::mix->device 
08-16 14:44:21.429 I/audio_hw_primary( 1758): adev_create_audio_patch *handle=-1420227928 num_audio_patch=3
08-16 14:44:21.434 E/AudioManagerService( 1803): setAudioVolume(callingPid 1758, clientPid 1758, enSoundPath 0, volumn:0 )
08-16 14:44:21.437 I/tvos    ( 1764): SetVolume, subWooExist 0!
08-16 14:44:21.437 I/tvos    ( 1764): mapi_audio_customer::SetAbsoluteVolume: project name is X440M
08-16 14:44:21.437 I/tvos    ( 1764): SetAbsoluteVolume: uPercent : 0, path=52(speaker), VolumeInt=7f, VolumeFra=0
08-16 14:44:21.437 I/tvos    ( 1764): SetAbsoluteVolume: uPercent(currVol) : 0, realPath=52(default), VolumeInt=7f, VolumeFra=0
08-16 14:44:21.437 I/tvos    ( 1764): mapi_audio_customer::SetAbsoluteVolume: project name is X440M
08-16 14:44:21.437 I/tvos    ( 1764): SetAbsoluteVolume: uPercent : 0, path=49(HP), VolumeInt=7f, VolumeFra=0
08-16 14:44:21.437 I/tvos    ( 1764): SetAbsoluteVolume: uPercent(currVol) : 0, realPath=49(default), VolumeInt=7f, VolumeFra=0
08-16 14:44:21.437 I/tvos    ( 1764): mapi_audio_customer::SetAbsoluteVolume: project name is X440M
08-16 14:44:21.437 I/tvos    ( 1764): SetAbsoluteVolume, m_bBTDetect is false! 
08-16 14:44:21.437 I/tvos    ( 1764): mapi_audio_customer::SetAbsoluteVolume: project name is X440M
08-16 14:44:21.437 I/tvos    ( 1764): SetAbsoluteVolume: uPercent : 0, path=255(speaker), VolumeInt=7f, VolumeFra=0
08-16 14:44:21.437 I/tvos    ( 1764): SetAbsoluteVolume: uPercent(currVol) : 0, realPath=255(default), VolumeInt=7f, VolumeFra=0
08-16 14:44:21.437 I/tvos    ( 1764): [SetMuteStatus] call SetSoundMuteStatus, line : 10369, muteType: 4, onOff : 0 
08-16 14:44:21.437 I/tvos    ( 1764): [audioBSP] #1 m_internalMute : 0 ..
08-16 14:44:21.437 I/tvos    ( 1764): #1|->SDK_bPermanentAudioMute:0<-|->SDK_bMomentAudioMute:0 <-|->SDK_bBySyncAudioMute:0<-|->SDK_bByBlockAudioMute:0<-|->SDK_bByVChipAudioMute:0<-|
08-16 14:44:21.437 I/tvos    ( 1764): #1|->SDK_bInternal1AudioMute:0<-|->SDK_bInternal2AudioMute:0<-|->SDK_bInternal3AudioMute:0<-|->SDK_bInternal4AudioMute:0<-|
08-16 14:44:21.437 I/tvos    ( 1764): #1|->SDK_bByScanInOutchgCHchg:0<-|->SDK_bByDuringLimitedTimeAudioMute:0<-|->SDK_bSourceSwitchAudioMute:0<-|
08-16 14:44:21.437 I/tvos    ( 1764): #1|->SDK_bMHEGApMute:0<-|->SDK_bAllAudioMuteCtrl:0<-|->SDK_bPowerOnMute:0<-|->SDK_bNullSourceMute0<-|->SDK_bSetInputSourceAudioMute:0<-|
08-16 14:44:21.437 I/tvos    ( 1764): [audioBSP] #2 m_spkrMute : 0 ..|->SDK_bUsrSpkrAudioMute:0<-|->SDK_bPowerOnMute:0<-|->SDK_bByUserAudioMute:0<-|
08-16 14:44:21.437 I/tvos    ( 1764): [audioBSP] #3 m_PcmCapture2Mute:0 |->SDK_bByUserPcmCapture2Mute:0<-|->SDK_SUB_bByUserAudioMute:0<-|->SDK_bByUserAudioMute:0<-|
08-16 14:44:21.437 I/tvos    ( 1764): [audioBSP] #5 m_hpMute : 1 ..|->SDK_bUsrHpAudioMute:1<-|->SDK_bPowerOnMute:0<-|->SDK_bByUserAudioMute:0<-|
08-16 14:44:21.437 I/tvos    ( 1764): [audioBSP] #12 m_spdifMute : 1 ..
08-16 14:44:21.437 I/tvos    ( 1764): #12|->SDK_bPermanentAudioMute:0<-|->SDK_bMomentAudioMute:0<-|->SDK_bByBlockAudioMute:0<-|
08-16 14:44:21.437 I/tvos    ( 1764): #12|->SDK_bByVChipAudioMute:0<-|->SDK_bInternal1AudioMute:0<-|->SDK_bInternal4AudioMute:0<-|
08-16 14:44:21.437 I/tvos    ( 1764): #12|->SDK_bByDuringLimitedTimeAudioMute:0<-|->SDK_bSourceSwitchAudioMute:0<-|->SDK_bMHEGApMute:0<-|
08-16 14:44:21.437 I/tvos    ( 1764): #12|->SDK_bPowerOnMute:0<-|->SDK_bUsrSpdifAudioMute:1<-|->SDK_bNullSourceMute:0<-|->SDK_bByAppMute:0<-|
08-16 14:44:21.437 I/tvos    ( 1764): ---Amplifier_ALC1310_LR_SWMute(0)
08-16 14:44:21.437 I/tvos    ( 1764): ALC1310 unmute good, addr: 0x13 readbackvalue: 4 
08-16 14:44:21.439 I/tvos    ( 1764): SetSoundMuteStatus : m_hpMute : 1, m_spdifMute : 1, m_DataInMute : 0, m_channel7Mute : 0, m_internalMute : 0, m_spkrMute : 0, m_PcmCapture1Mute : 0, m_PcmCapture2Mute : 0 
08-16 14:44:21.439 I/AudioUtil( 1758): setParameters spk_volume=0
08-16 14:44:21.439 I/audio_hw_primary( 1758): adev_set_parameters: spk_volume=0
08-16 14:44:21.439 I/tvos    ( 1764): GetAudioOutputDevice, retval : 0
08-16 14:44:21.440 I/tvos    ( 1764): [SetMuteStatus] call SetSoundMuteStatus, line : 10369, muteType: 67108864, onOff : 1 
08-16 14:44:21.440 I/tvos    ( 1764): _TransMSrvMuteTypeToSDKMuteType: Err! muteType(67108864) is out of Range
08-16 14:44:21.442 I/tvos    ( 1764): [SetMuteStatus] call SetSoundMuteStatus, line : 10369, muteType: 4, onOff : 1 
08-16 14:44:21.442 I/tvos    ( 1764): [audioBSP] #1 m_internalMute : 0 ..
08-16 14:44:21.442 I/tvos    ( 1764): #1|->SDK_bPermanentAudioMute:0<-|->SDK_bMomentAudioMute:0 <-|->SDK_bBySyncAudioMute:0<-|->SDK_bByBlockAudioMute:0<-|->SDK_bByVChipAudioMute:0<-|
08-16 14:44:21.442 I/tvos    ( 1764): #1|->SDK_bInternal1AudioMute:0<-|->SDK_bInternal2AudioMute:0<-|->SDK_bInternal3AudioMute:0<-|->SDK_bInternal4AudioMute:0<-|
08-16 14:44:21.442 I/tvos    ( 1764): #1|->SDK_bByScanInOutchgCHchg:0<-|->SDK_bByDuringLimitedTimeAudioMute:0<-|->SDK_bSourceSwitchAudioMute:0<-|
08-16 14:44:21.442 I/tvos    ( 1764): #1|->SDK_bMHEGApMute:0<-|->SDK_bAllAudioMuteCtrl:0<-|->SDK_bPowerOnMute:0<-|->SDK_bNullSourceMute0<-|->SDK_bSetInputSourceAudioMute:0<-|
08-16 14:44:21.442 I/tvos    ( 1764): [audioBSP] #2 m_spkrMute : 1 ..|->SDK_bUsrSpkrAudioMute:0<-|->SDK_bPowerOnMute:0<-|->SDK_bByUserAudioMute:1<-|
08-16 14:44:21.442 I/tvos    ( 1764): [audioBSP] #3 m_PcmCapture2Mute:1 |->SDK_bByUserPcmCapture2Mute:0<-|->SDK_SUB_bByUserAudioMute:0<-|->SDK_bByUserAudioMute:1<-|
08-16 14:44:21.442 I/tvos    ( 1764): [audioBSP] #5 m_hpMute : 1 ..|->SDK_bUsrHpAudioMute:1<-|->SDK_bPowerOnMute:0<-|->SDK_bByUserAudioMute:1<-|
08-16 14:44:21.442 I/WifiStateMachine( 2207):  DisconnectedState !CMD_STOP_SUPPLICANT  rt=512727875/512727875 0 0
08-16 14:44:21.442 I/tvos    ( 1764): [audioBSP] #12 m_spdifMute : 1 ..
08-16 14:44:21.442 I/tvos    ( 1764): #12|->SDK_bPermanentAudioMute:0<-|->SDK_bMomentAudioMute:0<-|->SDK_bByBlockAudioMute:0<-|
08-16 14:44:21.442 I/tvos    ( 1764): #12|->SDK_bByVChipAudioMute:0<-|->SDK_bInternal1AudioMute:0<-|->SDK_bInternal4AudioMute:0<-|
08-16 14:44:21.442 I/tvos    ( 1764): #12|->SDK_bByDuringLimitedTimeAudioMute:0<-|->SDK_bSourceSwitchAudioMute:0<-|->SDK_bMHEGApMute:0<-|
08-16 14:44:21.442 I/tvos    ( 1764): #12|->SDK_bPowerOnMute:0<-|->SDK_bUsrSpdifAudioMute:1<-|->SDK_bNullSourceMute:0<-|->SDK_bByAppMute:0<-|
08-16 14:44:21.442 I/tvos    ( 1764): ---Amplifier_ALC1310_LR_SWMute(1)
08-16 14:44:21.442 I/tvos    ( 1764): ALC1310 mute write good, addr: 0x13, readback data : 49164, write cmd times : 1
08-16 14:44:21.442 I/WifiStateMachine( 2207):  ConnectModeState !CMD_STOP_SUPPLICANT  rt=512727875/512727875 0 0
08-16 14:44:21.442 I/WifiStateMachine( 2207):  DriverStartedState !CMD_STOP_SUPPLICANT  rt=512727875/512727876 0 0
08-16 14:44:21.443 I/WifiStateMachine( 2207):  SupplicantStartedState !CMD_STOP_SUPPLICANT  rt=512727876/512727876 0 0
08-16 14:44:21.444 I/tvos    ( 1764): SetSoundMuteStatus : m_hpMute : 1, m_spdifMute : 1, m_DataInMute : 0, m_channel7Mute : 0, m_internalMute : 0, m_spkrMute : 1, m_PcmCapture1Mute : 0, m_PcmCapture2Mute : 1 
08-16 14:44:21.447 I/WifiStateMachine( 2207): setScanAlarm disabled defaultperiod 300000 mBackgroundScanSupported false
08-16 14:44:21.450 E/WifiNative-HAL( 2207): [vachel.yang] ice.qiu isHalStarted() -----
08-16 14:44:21.453 E/WifiLogger( 2207): Fail to reset log handler
08-16 14:44:21.456 I/WifiStateMachine( 2207):  WaitForP2pDisableState !CMD_GET_LINK_LAYER_STATS uid=1000  rt=512727889/512727890 0 0
08-16 14:44:21.457 I/WifiStateMachine( 2207):  SupplicantStartedState !CMD_GET_LINK_LAYER_STATS uid=1000  rt=512727890/512727890 0 0
08-16 14:44:21.464 I/LetvManager-LogReport( 1780): [send_msg] line: 490 report url = http://log.hdtv.cp21.ott.cibntv.net:80/api/log/tvAction
08-16 14:44:21.469 I/WifiStateMachine( 2207):  WaitForP2pDisableState !CMD_DISABLE_P2P_RSP uid=1000  rt=512727902/512727902 0 0
08-16 14:44:21.473 I/tvos    ( 1764): GetAudioOutputDevice, retval : 0
08-16 14:44:21.479 I/WifiStateMachine( 2207): SupplicantStoppingState: stopSupplicant  init.svc.wpa_supplicant=unknown init.svc.p2p_supplicant=unknown
08-16 14:44:21.480 I/GlobalSettings( 2822): WifiFragment -- handleEvent action = android.net.wifi.STATE_CHANGE
08-16 14:44:21.480 E/WifiStateMachine( 2207): setWifiState: 0
08-16 14:44:21.480 E/WifiStateMachine( 2207): setWifiState:1 0
08-16 14:44:21.484 I/GlobalSettings( 2822): WifiFragment -- updateAccessPoints wifiState = 0
08-16 14:44:21.485 E/RemoteManager( 4594): RemoteManager is no longer support in eui6.5
08-16 14:44:21.485 E/RemoteManager( 4594): RemoteManager is no longer support in eui6.5
08-16 14:44:21.486 I/GlobalSettings( 2822): WifiFragment -- updateAccessPoints  WIFI_STATE_DISABLING
08-16 14:44:21.486 I/GlobalSettings( 2822): WifiFragment -- DetailedState = DISCONNECTED
08-16 14:44:21.486 I/GlobalSettings( 2822): WifiFragment -- handleEvent action = android.net.wifi.STATE_CHANGE
08-16 14:44:21.487 I/GlobalSettings( 2822): WifiFragment -- updateAccessPoints wifiState = 0
08-16 14:44:21.487 I/GlobalSettings( 2822): WifiFragment -- updateAccessPoints  WIFI_STATE_DISABLING
08-16 14:44:21.488 I/GlobalSettings( 2822): WifiFragment -- DetailedState = DISCONNECTED
08-16 14:44:21.491 I/GlobalSettings( 2822): WifiFragment -- handleEvent action = android.net.wifi.WIFI_STATE_CHANGED
08-16 14:44:21.492 I/GlobalSettings( 2822): WifiFragment -- updateWifiState = 0
08-16 14:44:21.559 I/WifiStateMachine( 2207):  SupplicantStoppingState !SUPPLICANT_STATE_CHANGE_EVENT  rt=512727993/512727993 1810900 0 SSID:  BSSID: 00:00:00:00:00:00 nid: -1 state: DISCONNECTED
08-16 14:44:21.560 I/WifiStateMachine( 2207):  DefaultState !SUPPLICANT_STATE_CHANGE_EVENT  rt=512727993/512727993 1810900 0 SSID:  BSSID: 00:00:00:00:00:00 nid: -1 state: DISCONNECTED
08-16 14:44:21.723 I/tvos    ( 1764): GetAudioOutputDevice, retval : 0
08-16 14:44:21.966 I/WifiStateMachine( 2207):  SupplicantStoppingState !CMD_START_SCAN  rt=512728399/512728399 -2 34160 ic=1 proc(ms):15001 dur:2845 cnt=34160 rssi=-127 f=-1 sc=0 link=-1 tx=0.0, 0.0, 0.0  rx=0.0 fiv=20000 [on:0 tx:0 rx:0 period:6840] from screen [on:0 period:1098537294]
08-16 14:44:21.966 I/WifiStateMachine( 2207):  DefaultState !CMD_START_SCAN  rt=512728399/512728399 -2 34160 ic=1 proc(ms):15001 dur:2845 cnt=34160 rssi=-127 f=-1 sc=0 link=-1 tx=0.0, 0.0, 0.0  rx=0.0 fiv=20000 [on:0 tx:0 rx:0 period:0] from screen [on:0 period:1098537294]
08-16 14:44:21.973 I/tvos    ( 1764): GetAudioOutputDevice, retval : 0
08-16 14:44:21.988 I/WifiStateMachine( 2207):  SupplicantStoppingState !SUP_DISCONNECTION_EVENT  rt=512728421/512728421 1811082 0
08-16 14:44:22.029 I/APM::AudioPolicyEngine( 1758): getDeviceForStrategy, 359
08-16 14:44:22.089 I/WifiStateMachine( 2207): handleSupplicantConnectionLoss:send wifi_state_disable after 4000s
08-16 14:44:22.089 E/WifiNative-HAL( 2207): [vachel.yang] ice.qiu isHalStarted() -----
08-16 14:44:22.224 I/tvos    ( 1764): GetAudioOutputDevice, retval : 0
08-16 14:44:22.475 I/tvos    ( 1764): GetAudioOutputDevice, retval : 0
08-16 14:44:22.725 I/tvos    ( 1764): GetAudioOutputDevice, retval : 0
08-16 14:44:22.732 E/LetvRemoteupgradeManager-JNI( 2613): can't get LetvManager service!
08-16 14:44:22.975 I/tvos    ( 1764): GetAudioOutputDevice, retval : 0
08-16 14:44:23.226 I/tvos    ( 1764): GetAudioOutputDevice, retval : 0
08-16 14:44:23.476 I/tvos    ( 1764): GetAudioOutputDevice, retval : 0
08-16 14:44:23.727 I/tvos    ( 1764): GetAudioOutputDevice, retval : 0
08-16 14:44:23.851 I/WifiStateMachine( 2207):  InitialState !CMD_NO_NETWORKS_PERIODIC_SCAN  rt=512730284/512730284 1710 0
08-16 14:44:23.851 I/WifiStateMachine( 2207):  DefaultState !CMD_NO_NETWORKS_PERIODIC_SCAN  rt=512730284/512730284 1710 0
08-16 14:44:23.977 I/tvos    ( 1764): GetAudioOutputDevice, retval : 0
08-16 14:44:24.227 I/tvos    ( 1764): GetAudioOutputDevice, retval : 0
08-16 14:44:24.478 I/tvos    ( 1764): GetAudioOutputDevice, retval : 0
08-16 14:44:24.728 I/tvos    ( 1764): GetAudioOutputDevice, retval : 0
08-16 14:44:24.979 I/tvos    ( 1764): GetAudioOutputDevice, retval : 0
08-16 14:44:25.229 I/tvos    ( 1764): GetAudioOutputDevice, retval : 0
08-16 14:44:25.479 I/tvos    ( 1764): GetAudioOutputDevice, retval : 0
08-16 14:44:25.730 I/tvos    ( 1764): GetAudioOutputDevice, retval : 0
08-16 14:44:25.732 E/LetvRemoteupgradeManager-JNI( 2613): can't get LetvManager service!
08-16 14:44:25.980 I/tvos    ( 1764): GetAudioOutputDevice, retval : 0
08-16 14:44:26.091 I/WifiStateMachine( 2207):  InitialState !what:131249  rt=512732524/512732524 1 0
08-16 14:44:26.091 I/WifiStateMachine( 2207):  DefaultState !what:131249  rt=512732524/512732524 1 0
08-16 14:44:26.091 E/WifiStateMachine( 2207): setWifiState: 1
08-16 14:44:26.091 E/WifiStateMachine( 2207): setWifiState:1 1
08-16 14:44:26.091 I/WifiStateMachine( 2207): setWifiState disabled
08-16 14:44:26.091 I/WifiStateMachine( 2207): set wifi state delayed
08-16 14:44:26.092 I/WifiStateMachine( 2207):  InitialState !CMD_GET_LINK_LAYER_STATS uid=1000  rt=512732525/512732525 0 0
08-16 14:44:26.092 I/WifiStateMachine( 2207):  DefaultState !CMD_GET_LINK_LAYER_STATS uid=1000  rt=512732525/512732525 0 0
08-16 14:44:26.093 I/GlobalSettings( 2822): WifiFragment -- handleEvent action = android.net.wifi.WIFI_STATE_CHANGED
08-16 14:44:26.093 I/GlobalSettings( 2822): WifiFragment -- updateWifiState = 1
08-16 14:44:26.231 I/tvos    ( 1764): GetAudioOutputDevice, retval : 0
08-16 14:44:26.481 I/WifiStateMachine( 2207):  InitialState !CMD_STOP_SUPPLICANT_FAILED  rt=512732914/512732914 1 0
08-16 14:44:26.481 I/WifiStateMachine( 2207):  DefaultState !CMD_STOP_SUPPLICANT_FAILED  rt=512732914/512732914 1 0
08-16 14:44:26.481 I/tvos    ( 1764): GetAudioOutputDevice, retval : 0
08-16 14:44:26.731 I/tvos    ( 1764): GetAudioOutputDevice, retval : 0
08-16 14:44:26.982 I/tvos    ( 1764): GetAudioOutputDevice, retval : 0
08-16 14:44:27.232 I/tvos    ( 1764): GetAudioOutputDevice, retval : 0
08-16 14:44:27.483 I/tvos    ( 1764): GetAudioOutputDevice, retval : 0
08-16 14:44:27.733 I/tvos    ( 1764): GetAudioOutputDevice, retval : 0
08-16 14:44:27.983 I/tvos    ( 1764): GetAudioOutputDevice, retval : 0
08-16 14:44:27.989 I/StvLogReport( 2837): Report Nielsen, handleMessage: 'send bd ok
08-16 14:44:27.989 I/StvLogReport( 2837): 6^C2014082201^X440M-b01bd2542d51-^A1A90F9A1254CF6F^C12CB01BD2542D51^^^2018-08-16 14:44:25^1^2.57^1^H^^^^^^^^^^^^^ (104)'.
08-16 14:44:28.234 I/tvos    ( 1764): GetAudioOutputDevice, retval : 0
08-16 14:44:28.484 I/tvos    ( 1764): GetAudioOutputDevice, retval : 0
08-16 14:44:28.733 E/LetvRemoteupgradeManager-JNI( 2613): can't get LetvManager service!
08-16 14:44:28.735 I/tvos    ( 1764): GetAudioOutputDevice, retval : 0
08-16 14:44:28.764 I/tvos    ( 1764): bq32kDriver:rtc_read_time.
08-16 14:44:28.764 I/tvos    ( 1764): [hq]rtc_read_time: read 0x28 0x44 0xc6 0x05 0x16 0x08 0x18
08-16 14:44:28.764 I/tvos    ( 1764): rtc_read_time: date 28s 44m 6h 16md 7m 118y
08-16 14:44:28.764 I/tvos    ( 1764): rtc read time:2018-8-16 6:44:28.
08-16 14:44:28.764 I/tvos    ( 1764): tm_year = 2018, tm_mon = 8, tm_mday = 16, tm_hour = 6,tm_min= 44,  tm_sec = 28
08-16 14:44:28.764 I/tvos    ( 1764): timeSeconds:1534401868 rtcTimeSeconds:1534401868.
08-16 14:44:28.985 I/tvos    ( 1764): GetAudioOutputDevice, retval : 0
08-16 14:44:29.235 I/tvos    ( 1764): GetAudioOutputDevice, retval : 0
08-16 14:44:29.486 I/tvos    ( 1764): GetAudioOutputDevice, retval : 0
08-16 14:44:29.736 I/tvos    ( 1764): GetAudioOutputDevice, retval : 0
08-16 14:44:29.987 I/tvos    ( 1764): GetAudioOutputDevice, retval : 0
08-16 14:44:30.237 I/tvos    ( 1764): GetAudioOutputDevice, retval : 0
08-16 14:44:30.487 I/tvos    ( 1764): GetAudioOutputDevice, retval : 0
08-16 14:44:30.738 I/tvos    ( 1764): GetAudioOutputDevice, retval : 0
08-16 14:44:30.988 I/tvos    ( 1764): GetAudioOutputDevice, retval : 0
08-16 14:44:31.239 I/tvos    ( 1764): GetAudioOutputDevice, retval : 0
08-16 14:44:31.489 I/tvos    ( 1764): GetAudioOutputDevice, retval : 0
08-16 14:44:31.733 E/LetvRemoteupgradeManager-JNI( 2613): can't get LetvManager service!
08-16 14:44:31.739 I/tvos    ( 1764): GetAudioOutputDevice, retval : 0
08-16 14:44:31.990 I/tvos    ( 1764): GetAudioOutputDevice, retval : 0
08-16 14:44:32.240 I/tvos    ( 1764): GetAudioOutputDevice, retval : 0
08-16 14:44:32.491 I/tvos    ( 1764): GetAudioOutputDevice, retval : 0
08-16 14:44:32.741 I/tvos    ( 1764): GetAudioOutputDevice, retval : 0
08-16 14:44:32.991 I/tvos    ( 1764): GetAudioOutputDevice, retval : 0
08-16 14:44:33.242 I/tvos    ( 1764): GetAudioOutputDevice, retval : 0
08-16 14:44:33.492 I/tvos    ( 1764): GetAudioOutputDevice, retval : 0
08-16 14:44:33.743 I/tvos    ( 1764): GetAudioOutputDevice, retval : 0
08-16 14:44:33.993 I/tvos    ( 1764): GetAudioOutputDevice, retval : 0
08-16 14:44:34.244 I/tvos    ( 1764): GetAudioOutputDevice, retval : 0
08-16 14:44:34.494 I/tvos    ( 1764): GetAudioOutputDevice, retval : 0
08-16 14:44:34.574 I/reService( 2207): onReportKeyEvent  type=type0 keycode=22*22*23 
08-16 14:44:34.575 E/LETV_DEVICE( 1780): no name sn for Mstar
08-16 14:44:34.582 E/ActivityThread( 2837): Failed to find provider info for com.letv.agnes.InfoProvider
08-16 14:44:34.584 E/ActivityThread( 2837): Failed to find provider info for com.letv.agnes.InfoProvider
