--------- beginning of main
08-16 14:43:56.929 I/tvos    ( 1764): GetAudioOutputDevice, retval : 0
08-16 14:43:57.179 I/tvos    ( 1764): GetAudioOutputDevice, retval : 0
08-16 14:43:57.430 I/tvos    ( 1764): GetAudioOutputDevice, retval : 0
08-16 14:43:57.680 I/tvos    ( 1764): GetAudioOutputDevice, retval : 0
08-16 14:43:57.930 I/tvos    ( 1764): GetAudioOutputDevice, retval : 0
08-16 14:43:58.060 I/Radio-JNI(23197): register_android_hardware_Radio DONE
--------- beginning of system
08-16 14:43:58.087 I/ActivityManager( 2207): Force stopping com.le.tcauto.uitest appid=10097 user=0: start instr
08-16 14:43:58.099 I/art     (23206): Late-enabling -Xcheck:jni
08-16 14:43:58.102 I/ActivityManager( 2207): Start proc 23206:com.le.tcauto.uitest/u0a97 for added application com.le.tcauto.uitest
08-16 14:43:58.143 W/System  (23206): ClassLoader referenced unknown path: /data/app/com.le.tcauto.uitest.test-1/lib/arm64
08-16 14:43:58.143 W/System  (23206): ClassLoader referenced unknown path: /data/app/com.le.tcauto.uitest-1/lib/arm64
08-16 14:43:58.158 I/MonitoringInstrumentation(23206): Instrumentation Started!
08-16 14:43:58.158 I/MonitoringInstrumentation(23206): Setting context classloader to 'dalvik.system.PathClassLoader[DexPathList[[zip file "/system/framework/android.test.runner.jar", zip file "/data/app/com.le.tcauto.uitest.test-1/base.apk", zip file "/data/app/com.le.tcauto.uitest-1/base.apk"],nativeLibraryDirectories=[/data/app/com.le.tcauto.uitest.test-1/lib/arm64, /data/app/com.le.tcauto.uitest-1/lib/arm64, /vendor/lib64, /system/lib64]]]', Original: 'dalvik.system.PathClassLoader[DexPathList[[zip file "/system/framework/android.test.runner.jar", zip file "/data/app/com.le.tcauto.uitest.test-1/base.apk", zip file "/data/app/com.le.tcauto.uitest-1/base.apk"],nativeLibraryDirectories=[/data/app/com.le.tcauto.uitest.test-1/lib/arm64, /data/app/com.le.tcauto.uitest-1/lib/arm64, /vendor/lib64, /system/lib64]]]'
08-16 14:43:58.162 I/MonitoringInstrumentation(23206): No JSBridge.
08-16 14:43:58.162 I/MonitoringInstrumentation(23206): java.lang.ClassNotFoundException: android.support.test.espresso.web.bridge.JavaScriptBridge
08-16 14:43:58.162 I/MonitoringInstrumentation(23206): 	at java.lang.Class.classForName(Native Method)
08-16 14:43:58.162 I/MonitoringInstrumentation(23206): 	at java.lang.Class.forName(Class.java:324)
08-16 14:43:58.162 I/MonitoringInstrumentation(23206): 	at java.lang.Class.forName(Class.java:285)
08-16 14:43:58.162 I/MonitoringInstrumentation(23206): 	at android.support.test.runner.MonitoringInstrumentation.tryLoadingJsBridge(MonitoringInstrumentation.java:612)
08-16 14:43:58.162 I/MonitoringInstrumentation(23206): 	at android.support.test.runner.MonitoringInstrumentation.access$100(MonitoringInstrumentation.java:88)
08-16 14:43:58.162 I/MonitoringInstrumentation(23206): 	at android.support.test.runner.MonitoringInstrumentation$3.run(MonitoringInstrumentation.java:223)
08-16 14:43:58.162 I/MonitoringInstrumentation(23206): 	at android.app.Instrumentation$SyncRunnable.run(Instrumentation.java:1897)
08-16 14:43:58.162 I/MonitoringInstrumentation(23206): 	at android.os.Handler.handleCallback(Handler.java:739)
08-16 14:43:58.162 I/MonitoringInstrumentation(23206): 	at android.os.Handler.dispatchMessage(Handler.java:95)
08-16 14:43:58.162 I/MonitoringInstrumentation(23206): 	at android.os.Looper.loop(Looper.java:148)
08-16 14:43:58.162 I/MonitoringInstrumentation(23206): 	at android.app.ActivityThread.main(ActivityThread.java:5423)
08-16 14:43:58.162 I/MonitoringInstrumentation(23206): 	at java.lang.reflect.Method.invoke(Native Method)
08-16 14:43:58.162 I/MonitoringInstrumentation(23206): 	at com.android.internal.os.ZygoteInit$MethodAndArgsCaller.run(ZygoteInit.java:744)
08-16 14:43:58.162 I/MonitoringInstrumentation(23206): 	at com.android.internal.os.ZygoteInit.main(ZygoteInit.java:634)
08-16 14:43:58.162 I/MonitoringInstrumentation(23206): Caused by: java.lang.ClassNotFoundException: Didn't find class "android.support.test.espresso.web.bridge.JavaScriptBridge" on path: DexPathList[[zip file "/system/framework/android.test.runner.jar", zip file "/data/app/com.le.tcauto.uitest.test-1/base.apk", zip file "/data/app/com.le.tcauto.uitest-1/base.apk"],nativeLibraryDirectories=[/data/app/com.le.tcauto.uitest.test-1/lib/arm64, /data/app/com.le.tcauto.uitest-1/lib/arm64, /vendor/lib64, /system/lib64]]
08-16 14:43:58.162 I/MonitoringInstrumentation(23206): 	at dalvik.system.BaseDexClassLoader.findClass(BaseDexClassLoader.java:56)
08-16 14:43:58.162 I/MonitoringInstrumentation(23206): 	at java.lang.ClassLoader.loadClass(ClassLoader.java:511)
08-16 14:43:58.162 I/MonitoringInstrumentation(23206): 	at java.lang.ClassLoader.loadClass(ClassLoader.java:469)
08-16 14:43:58.162 I/MonitoringInstrumentation(23206): 	... 14 more
08-16 14:43:58.162 I/MonitoringInstrumentation(23206): 	Suppressed: java.lang.ClassNotFoundException: android.support.test.espresso.web.bridge.JavaScriptBridge
08-16 14:43:58.162 I/MonitoringInstrumentation(23206): 		at java.lang.Class.classForName(Native Method)
08-16 14:43:58.162 I/MonitoringInstrumentation(23206): 		at java.lang.BootClassLoader.findClass(ClassLoader.java:781)
08-16 14:43:58.162 I/MonitoringInstrumentation(23206): 		at java.lang.BootClassLoader.loadClass(ClassLoader.java:841)
08-16 14:43:58.162 I/MonitoringInstrumentation(23206): 		at java.lang.ClassLoader.loadClass(ClassLoader.java:504)
08-16 14:43:58.162 I/MonitoringInstrumentation(23206): 		... 15 more
08-16 14:43:58.162 I/MonitoringInstrumentation(23206): 	Caused by: java.lang.NoClassDefFoundError: Class not found using the boot class loader; no stack trace available
08-16 14:43:58.181 I/tvos    ( 1764): GetAudioOutputDevice, retval : 0
08-16 14:43:58.198 I/TestRunner(23206): run started: 1 tests
08-16 14:43:58.202 I/TestRunner(23206): started: testWifiSwitch(com.letv.cases.leui.SmokeSetting)
08-16 14:43:58.205 I/MonitoringInstrumentation(23206): Activities that are still in CREATED to STOPPED: 0
08-16 14:43:58.220 I/LetvTestCase(23206): =====================case start time is :2018-8-16-2-43-58
08-16 14:43:58.226 I/System.out(23206): The folder /sdcard/AutoSmoke_UI30/testWifiSwitch_20180816_144351 has existed!
08-16 14:43:58.226 I/System.out(23206): current_case_root_folder=testWifiSwitch_20180816_144351
08-16 14:43:58.431 I/tvos    ( 1764): GetAudioOutputDevice, retval : 0
08-16 14:43:58.682 I/tvos    ( 1764): GetAudioOutputDevice, retval : 0
08-16 14:43:58.723 W/InputDispatcher( 2207): findFocusedWindow finished: injectionResult=0, timeSpentWaitingForApplication=0.0ms
08-16 14:43:58.728 W/InputDispatcher( 2207): findFocusedWindow finished: injectionResult=0, timeSpentWaitingForApplication=0.0ms
08-16 14:43:58.729 E/LetvRemoteupgradeManager-JNI( 2613): can't get LetvManager service!
08-16 14:43:58.763 I/tvos    ( 1764): bq32kDriver:rtc_read_time.
08-16 14:43:58.763 I/tvos    ( 1764): [hq]rtc_read_time: read 0x58 0x43 0xc6 0x05 0x16 0x08 0x18
08-16 14:43:58.763 I/tvos    ( 1764): rtc_read_time: date 58s 43m 6h 16md 7m 118y
08-16 14:43:58.763 I/tvos    ( 1764): rtc read time:2018-8-16 6:43:58.
08-16 14:43:58.763 I/tvos    ( 1764): tm_year = 2018, tm_mon = 8, tm_mday = 16, tm_hour = 6,tm_min= 43,  tm_sec = 58
08-16 14:43:58.763 I/tvos    ( 1764): timeSeconds:1534401838 rtcTimeSeconds:1534401838.
08-16 14:43:58.932 I/tvos    ( 1764): GetAudioOutputDevice, retval : 0
08-16 14:43:59.183 I/tvos    ( 1764): GetAudioOutputDevice, retval : 0
08-16 14:43:59.234 I/LetvTestCase(23206): build ui:6.5
08-16 14:43:59.237 I/WindowManager( 2207): startSettingMain------------------
08-16 14:43:59.238 I/SettingUtil( 2207):  startSettingMain
08-16 14:43:59.240 I/GlobalSettings( 2822): GlobalSettingService -- startSettingMain
08-16 14:43:59.240 I/GlobalSettings( 2822): SettingsApp -- updateStartTime time=1534401839240
08-16 14:43:59.240 I/GlobalSettings( 2822): GlobalSettingService -- isCanRecoverDialog=false
08-16 14:43:59.242 I/System.out( 2822): From style:
08-16 14:43:59.242 I/System.out( 2822): Attrs: 3010001=0.6 3010002=#0 3010003=null 3010004=true
08-16 14:43:59.248 W/InputDispatcher( 2207): findFocusedWindow finished: injectionResult=0, timeSpentWaitingForApplication=0.0ms
08-16 14:43:59.261 I/GlobalSettings( 2822): SettingDialog -- --------is main -------uiType:cibn
08-16 14:43:59.262 I/GlobalSettings( 2822): SettingDialog -- ---------LetvManager.getLetvDimensions()-----------2D
08-16 14:43:59.265 W/ContextImpl( 2822): Calling a method in the system process without a qualified user: android.app.ContextImpl.startService:1224 android.content.ContextWrapper.startService:581 com.stv.settingadapter.PqManager.updateBinder:2843 com.stv.settingadapter.PqManager.getInstance:616 com.stv.globalsetting.dialog.SettingDialog.onCreate:129 
08-16 14:43:59.322 W/InputDispatcher( 2207): Focus left window: Window{23c0535 u0 com.stv.launcher/com.stv.launcher.ui.activity.Launcher}
08-16 14:43:59.322 W/InputDispatcher( 2207): Focus entered window: Window{d619668 u0 com.stv.globalsetting}
08-16 14:43:59.325 I/GlobalSettings( 2822): BaseMultiLayerDialogHelper -- setDisMissTime on start
08-16 14:43:59.326 W/ContextImpl( 2822): Calling a method in the system process without a qualified user: android.app.ContextImpl.sendBroadcast:766 android.content.ContextWrapper.sendBroadcast:396 com.stv.globalsetting.service.GlobalSettingService.sendSettingOpenMsg:433 com.stv.globalsetting.service.GlobalSettingService$ActionCreateAndShowDialog.run:321 android.os.Handler.handleCallback:739 
08-16 14:43:59.327 I/GlobalSettings( 2822): ReportEuiLog_U -- ReportEuiLog action is: tvaction and reportmsg is: action=quickSetOpen
08-16 14:43:59.329 I/GlobalSettings( 2822): GlobalSettingService -- quick_open_result is: true
08-16 14:43:59.355 E/BufferQueueProducer( 1749): [] connect(P): already connected (cur=1 req=1)
08-16 14:43:59.363 I/GlobalSettings( 2822): SettingDialog -- gain focus, report lunch time
08-16 14:43:59.363 I/GlobalSettings( 2822): SettingsApp -- reportStartTime time=1534401839363 lunch time=123
08-16 14:43:59.363 I/GlobalSettings( 2822): SettingsApp -- upload  boot time json {"app.launch_time":123,"attr":{"name":"com.stv.globalsetting"}}
08-16 14:43:59.369 W/InputMethodManagerService( 2207): Starting input on non-focused client com.android.internal.view.IInputMethodClient$Stub$Proxy@7163e83 (uid=1000 pid=3007)
08-16 14:43:59.411 I/LetvManager-LogReport( 1780): [send_msg] line: 490 report url = http://log.hdtv.cp21.ott.cibntv.net:80/api/log/tvAction
08-16 14:43:59.433 I/tvos    ( 1764): GetAudioOutputDevice, retval : 0
08-16 14:43:59.683 I/tvos    ( 1764): GetAudioOutputDevice, retval : 0
08-16 14:43:59.934 I/tvos    ( 1764): GetAudioOutputDevice, retval : 0
08-16 14:44:00.184 I/tvos    ( 1764): GetAudioOutputDevice, retval : 0
08-16 14:44:00.435 I/tvos    ( 1764): GetAudioOutputDevice, retval : 0
08-16 14:44:00.685 I/tvos    ( 1764): GetAudioOutputDevice, retval : 0
08-16 14:44:00.935 I/tvos    ( 1764): GetAudioOutputDevice, retval : 0
08-16 14:44:01.186 I/tvos    ( 1764): GetAudioOutputDevice, retval : 0
08-16 14:44:01.436 I/tvos    ( 1764): GetAudioOutputDevice, retval : 0
08-16 14:44:01.687 I/tvos    ( 1764): GetAudioOutputDevice, retval : 0
08-16 14:44:01.729 E/LetvRemoteupgradeManager-JNI( 2613): can't get LetvManager service!
08-16 14:44:01.937 I/tvos    ( 1764): GetAudioOutputDevice, retval : 0
08-16 14:44:02.189 I/tvos    ( 1764): GetAudioOutputDevice, retval : 0
08-16 14:44:02.254 I/remotestatus( 2207): Msg.what is 101
08-16 14:44:02.254 I/WindowManager( 2207): turn cursor off
08-16 14:44:02.254 E/RemoteManager( 2207): RemoteManager is no longer support in eui6.5
08-16 14:44:02.254 W/InputDispatcher( 2207): findFocusedWindow finished: injectionResult=0, timeSpentWaitingForApplication=0.0ms
08-16 14:44:02.254 I/GlobalSettings( 2822): BaseMultiLayerDialogHelper -- setDisMissTime on start
08-16 14:44:02.254 E/InputManager-JNI( 2207): call nativeDisableCursor method with hideCursor
08-16 14:44:02.255 W/ContextImpl( 2822): Calling a method in the system process without a qualified user: android.app.ContextImpl.startService:1224 android.content.ContextWrapper.startService:581 com.stv.settingadapter.EqManager.updateBinder:869 com.stv.settingadapter.EqManager.getInstance:176 com.stv.globalsetting.util.Util.playFocusSound:1074 
08-16 14:44:02.311 I/SoundPool( 2207): enter : func play
08-16 14:44:02.316 W/InputDispatcher( 2207): findFocusedWindow finished: injectionResult=0, timeSpentWaitingForApplication=0.0ms
08-16 14:44:02.319 I/APM::AudioPolicyEngine( 1758): getDeviceForStrategy, 359
08-16 14:44:02.319 I/GlobalSettings( 2822): BaseMultiLayerDialogHelper -- setDisMissTime on start
08-16 14:44:02.319 I/audio_hw_primary( 1758): version:a00004 adev_create_audio_patch::mix->device 
08-16 14:44:02.319 I/audio_hw_primary( 1758): adev_create_audio_patch *handle=-1420227928 num_audio_patch=3
08-16 14:44:02.328 E/AudioManagerService( 1803): setAudioVolume(callingPid 1758, clientPid 1758, enSoundPath 0, volumn:0 )
08-16 14:44:02.330 I/tvos    ( 1764): SetVolume, subWooExist 0!
08-16 14:44:02.330 I/tvos    ( 1764): mapi_audio_customer::SetAbsoluteVolume: project name is X440M
08-16 14:44:02.330 I/tvos    ( 1764): SetAbsoluteVolume: uPercent : 0, path=52(speaker), VolumeInt=7f, VolumeFra=0
08-16 14:44:02.330 I/tvos    ( 1764): SetAbsoluteVolume: uPercent(currVol) : 0, realPath=52(default), VolumeInt=7f, VolumeFra=0
08-16 14:44:02.330 I/tvos    ( 1764): mapi_audio_customer::SetAbsoluteVolume: project name is X440M
08-16 14:44:02.330 I/tvos    ( 1764): SetAbsoluteVolume: uPercent : 0, path=49(HP), VolumeInt=7f, VolumeFra=0
08-16 14:44:02.330 I/tvos    ( 1764): SetAbsoluteVolume: uPercent(currVol) : 0, realPath=49(default), VolumeInt=7f, VolumeFra=0
08-16 14:44:02.330 I/tvos    ( 1764): mapi_audio_customer::SetAbsoluteVolume: project name is X440M
08-16 14:44:02.330 I/tvos    ( 1764): SetAbsoluteVolume, m_bBTDetect is false! 
08-16 14:44:02.330 I/tvos    ( 1764): mapi_audio_customer::SetAbsoluteVolume: project name is X440M
08-16 14:44:02.330 I/tvos    ( 1764): SetAbsoluteVolume: uPercent : 0, path=255(speaker), VolumeInt=7f, VolumeFra=0
08-16 14:44:02.330 I/tvos    ( 1764): SetAbsoluteVolume: uPercent(currVol) : 0, realPath=255(default), VolumeInt=7f, VolumeFra=0
08-16 14:44:02.330 I/tvos    ( 1764): [SetMuteStatus] call SetSoundMuteStatus, line : 10369, muteType: 4, onOff : 0 
08-16 14:44:02.330 I/tvos    ( 1764): [audioBSP] #1 m_internalMute : 0 ..
08-16 14:44:02.330 I/tvos    ( 1764): #1|->SDK_bPermanentAudioMute:0<-|->SDK_bMomentAudioMute:0 <-|->SDK_bBySyncAudioMute:0<-|->SDK_bByBlockAudioMute:0<-|->SDK_bByVChipAudioMute:0<-|
08-16 14:44:02.330 I/tvos    ( 1764): #1|->SDK_bInternal1AudioMute:0<-|->SDK_bInternal2AudioMute:0<-|->SDK_bInternal3AudioMute:0<-|->SDK_bInternal4AudioMute:0<-|
08-16 14:44:02.330 I/tvos    ( 1764): #1|->SDK_bByScanInOutchgCHchg:0<-|->SDK_bByDuringLimitedTimeAudioMute:0<-|->SDK_bSourceSwitchAudioMute:0<-|
08-16 14:44:02.330 I/tvos    ( 1764): #1|->SDK_bMHEGApMute:0<-|->SDK_bAllAudioMuteCtrl:0<-|->SDK_bPowerOnMute:0<-|->SDK_bNullSourceMute0<-|->SDK_bSetInputSourceAudioMute:0<-|
08-16 14:44:02.330 I/tvos    ( 1764): [audioBSP] #2 m_spkrMute : 0 ..|->SDK_bUsrSpkrAudioMute:0<-|->SDK_bPowerOnMute:0<-|->SDK_bByUserAudioMute:0<-|
08-16 14:44:02.330 I/tvos    ( 1764): [audioBSP] #3 m_PcmCapture2Mute:0 |->SDK_bByUserPcmCapture2Mute:0<-|->SDK_SUB_bByUserAudioMute:0<-|->SDK_bByUserAudioMute:0<-|
08-16 14:44:02.330 I/tvos    ( 1764): [audioBSP] #5 m_hpMute : 1 ..|->SDK_bUsrHpAudioMute:1<-|->SDK_bPowerOnMute:0<-|->SDK_bByUserAudioMute:0<-|
08-16 14:44:02.330 I/tvos    ( 1764): [audioBSP] #12 m_spdifMute : 1 ..
08-16 14:44:02.330 I/tvos    ( 1764): #12|->SDK_bPermanentAudioMute:0<-|->SDK_bMomentAudioMute:0<-|->SDK_bByBlockAudioMute:0<-|
08-16 14:44:02.330 I/tvos    ( 1764): #12|->SDK_bByVChipAudioMute:0<-|->SDK_bInternal1AudioMute:0<-|->SDK_bInternal4AudioMute:0<-|
08-16 14:44:02.330 I/tvos    ( 1764): #12|->SDK_bByDuringLimitedTimeAudioMute:0<-|->SDK_bSourceSwitchAudioMute:0<-|->SDK_bMHEGApMute:0<-|
08-16 14:44:02.331 I/tvos    ( 1764): #12|->SDK_bPowerOnMute:0<-|->SDK_bUsrSpdifAudioMute:1<-|->SDK_bNullSourceMute:0<-|->SDK_bByAppMute:0<-|
08-16 14:44:02.331 I/tvos    ( 1764): ---Amplifier_ALC1310_LR_SWMute(0)
08-16 14:44:02.331 I/tvos    ( 1764): ALC1310 unmute good, addr: 0x13 readbackvalue: 4 
08-16 14:44:02.334 I/tvos    ( 1764): SetSoundMuteStatus : m_hpMute : 1, m_spdifMute : 1, m_DataInMute : 0, m_channel7Mute : 0, m_internalMute : 0, m_spkrMute : 0, m_PcmCapture1Mute : 0, m_PcmCapture2Mute : 0 
08-16 14:44:02.334 I/AudioUtil( 1758): setParameters spk_volume=0
08-16 14:44:02.334 I/audio_hw_primary( 1758): adev_set_parameters: spk_volume=0
08-16 14:44:02.335 I/tvos    ( 1764): GetAudioOutputDevice, retval : 0
08-16 14:44:02.335 I/tvos    ( 1764): [SetMuteStatus] call SetSoundMuteStatus, line : 10369, muteType: 67108864, onOff : 1 
08-16 14:44:02.335 I/tvos    ( 1764): _TransMSrvMuteTypeToSDKMuteType: Err! muteType(67108864) is out of Range
08-16 14:44:02.337 I/tvos    ( 1764): [SetMuteStatus] call SetSoundMuteStatus, line : 10369, muteType: 4, onOff : 1 
08-16 14:44:02.337 I/tvos    ( 1764): [audioBSP] #1 m_internalMute : 0 ..
08-16 14:44:02.337 I/tvos    ( 1764): #1|->SDK_bPermanentAudioMute:0<-|->SDK_bMomentAudioMute:0 <-|->SDK_bBySyncAudioMute:0<-|->SDK_bByBlockAudioMute:0<-|->SDK_bByVChipAudioMute:0<-|
08-16 14:44:02.337 I/tvos    ( 1764): #1|->SDK_bInternal1AudioMute:0<-|->SDK_bInternal2AudioMute:0<-|->SDK_bInternal3AudioMute:0<-|->SDK_bInternal4AudioMute:0<-|
08-16 14:44:02.337 I/tvos    ( 1764): #1|->SDK_bByScanInOutchgCHchg:0<-|->SDK_bByDuringLimitedTimeAudioMute:0<-|->SDK_bSourceSwitchAudioMute:0<-|
08-16 14:44:02.337 I/tvos    ( 1764): #1|->SDK_bMHEGApMute:0<-|->SDK_bAllAudioMuteCtrl:0<-|->SDK_bPowerOnMute:0<-|->SDK_bNullSourceMute0<-|->SDK_bSetInputSourceAudioMute:0<-|
08-16 14:44:02.337 I/tvos    ( 1764): [audioBSP] #2 m_spkrMute : 1 ..|->SDK_bUsrSpkrAudioMute:0<-|->SDK_bPowerOnMute:0<-|->SDK_bByUserAudioMute:1<-|
08-16 14:44:02.337 I/tvos    ( 1764): [audioBSP] #3 m_PcmCapture2Mute:1 |->SDK_bByUserPcmCapture2Mute:0<-|->SDK_SUB_bByUserAudioMute:0<-|->SDK_bByUserAudioMute:1<-|
08-16 14:44:02.337 I/tvos    ( 1764): [audioBSP] #5 m_hpMute : 1 ..|->SDK_bUsrHpAudioMute:1<-|->SDK_bPowerOnMute:0<-|->SDK_bByUserAudioMute:1<-|
08-16 14:44:02.337 I/tvos    ( 1764): [audioBSP] #12 m_spdifMute : 1 ..
08-16 14:44:02.337 I/tvos    ( 1764): #12|->SDK_bPermanentAudioMute:0<-|->SDK_bMomentAudioMute:0<-|->SDK_bByBlockAudioMute:0<-|
08-16 14:44:02.337 I/tvos    ( 1764): #12|->SDK_bByVChipAudioMute:0<-|->SDK_bInternal1AudioMute:0<-|->SDK_bInternal4AudioMute:0<-|
08-16 14:44:02.337 I/tvos    ( 1764): #12|->SDK_bByDuringLimitedTimeAudioMute:0<-|->SDK_bSourceSwitchAudioMute:0<-|->SDK_bMHEGApMute:0<-|
08-16 14:44:02.337 I/tvos    ( 1764): #12|->SDK_bPowerOnMute:0<-|->SDK_bUsrSpdifAudioMute:1<-|->SDK_bNullSourceMute:0<-|->SDK_bByAppMute:0<-|
08-16 14:44:02.337 I/tvos    ( 1764): ---Amplifier_ALC1310_LR_SWMute(1)
08-16 14:44:02.337 I/tvos    ( 1764): ALC1310 mute write good, addr: 0x13, readback data : 49164, write cmd times : 1
08-16 14:44:02.339 I/tvos    ( 1764): SetSoundMuteStatus : m_hpMute : 1, m_spdifMute : 1, m_DataInMute : 0, m_channel7Mute : 0, m_internalMute : 0, m_spkrMute : 1, m_PcmCapture1Mute : 0, m_PcmCapture2Mute : 1 
08-16 14:44:02.350 E/audio_hw_primary( 1758): out_get_presentation_position pcm_get_htimestamp(pcm, &avail, timestamp) != 0!!!
08-16 14:44:02.383 I/APM::AudioPolicyEngine( 1758): getDeviceForStrategy, 359
08-16 14:44:02.439 I/tvos    ( 1764): GetAudioOutputDevice, retval : 0
08-16 14:44:02.689 I/tvos    ( 1764): GetAudioOutputDevice, retval : 0
08-16 14:44:02.940 I/tvos    ( 1764): GetAudioOutputDevice, retval : 0
08-16 14:44:03.017 I/remotestatus( 2207): Msg.what is 101
08-16 14:44:03.017 I/WindowManager( 2207): turn cursor off
08-16 14:44:03.017 E/RemoteManager( 2207): RemoteManager is no longer support in eui6.5
08-16 14:44:03.017 W/InputDispatcher( 2207): findFocusedWindow finished: injectionResult=0, timeSpentWaitingForApplication=0.0ms
08-16 14:44:03.017 I/GlobalSettings( 2822): BaseMultiLayerDialogHelper -- setDisMissTime on start
08-16 14:44:03.017 E/InputManager-JNI( 2207): call nativeDisableCursor method with hideCursor
08-16 14:44:03.018 W/ContextImpl( 2822): Calling a method in the system process without a qualified user: android.app.ContextImpl.startService:1224 android.content.ContextWrapper.startService:581 com.stv.settingadapter.EqManager.updateBinder:869 com.stv.settingadapter.EqManager.getInstance:176 com.stv.globalsetting.util.Util.playFocusSound:1074 
08-16 14:44:03.071 I/SoundPool( 2207): enter : func play
08-16 14:44:03.073 I/APM::AudioPolicyEngine( 1758): getDeviceForStrategy, 359
08-16 14:44:03.074 W/InputDispatcher( 2207): findFocusedWindow finished: injectionResult=0, timeSpentWaitingForApplication=0.0ms
08-16 14:44:03.075 I/GlobalSettings( 2822): BaseMultiLayerDialogHelper -- setDisMissTime on start
08-16 14:44:03.085 I/audio_hw_primary( 1758): version:a00004 adev_create_audio_patch::mix->device 
08-16 14:44:03.085 I/audio_hw_primary( 1758): adev_create_audio_patch *handle=-1420227928 num_audio_patch=3
08-16 14:44:03.086 E/AudioManagerService( 1803): setAudioVolume(callingPid 1758, clientPid 1758, enSoundPath 0, volumn:0 )
08-16 14:44:03.089 I/tvos    ( 1764): SetVolume, subWooExist 0!
08-16 14:44:03.089 I/tvos    ( 1764): mapi_audio_customer::SetAbsoluteVolume: project name is X440M
08-16 14:44:03.089 I/tvos    ( 1764): SetAbsoluteVolume: uPercent : 0, path=52(speaker), VolumeInt=7f, VolumeFra=0
08-16 14:44:03.089 I/tvos    ( 1764): SetAbsoluteVolume: uPercent(currVol) : 0, realPath=52(default), VolumeInt=7f, VolumeFra=0
08-16 14:44:03.089 I/tvos    ( 1764): mapi_audio_customer::SetAbsoluteVolume: project name is X440M
08-16 14:44:03.089 I/tvos    ( 1764): SetAbsoluteVolume: uPercent : 0, path=49(HP), VolumeInt=7f, VolumeFra=0
08-16 14:44:03.089 I/tvos    ( 1764): SetAbsoluteVolume: uPercent(currVol) : 0, realPath=49(default), VolumeInt=7f, VolumeFra=0
08-16 14:44:03.089 I/tvos    ( 1764): mapi_audio_customer::SetAbsoluteVolume: project name is X440M
08-16 14:44:03.089 I/tvos    ( 1764): SetAbsoluteVolume, m_bBTDetect is false! 
08-16 14:44:03.089 I/tvos    ( 1764): mapi_audio_customer::SetAbsoluteVolume: project name is X440M
08-16 14:44:03.089 I/tvos    ( 1764): SetAbsoluteVolume: uPercent : 0, path=255(speaker), VolumeInt=7f, VolumeFra=0
08-16 14:44:03.089 I/tvos    ( 1764): SetAbsoluteVolume: uPercent(currVol) : 0, realPath=255(default), VolumeInt=7f, VolumeFra=0
08-16 14:44:03.089 I/tvos    ( 1764): [SetMuteStatus] call SetSoundMuteStatus, line : 10369, muteType: 4, onOff : 0 
08-16 14:44:03.089 I/tvos    ( 1764): [audioBSP] #1 m_internalMute : 0 ..
08-16 14:44:03.089 I/tvos    ( 1764): #1|->SDK_bPermanentAudioMute:0<-|->SDK_bMomentAudioMute:0 <-|->SDK_bBySyncAudioMute:0<-|->SDK_bByBlockAudioMute:0<-|->SDK_bByVChipAudioMute:0<-|
08-16 14:44:03.089 I/tvos    ( 1764): #1|->SDK_bInternal1AudioMute:0<-|->SDK_bInternal2AudioMute:0<-|->SDK_bInternal3AudioMute:0<-|->SDK_bInternal4AudioMute:0<-|
08-16 14:44:03.089 I/tvos    ( 1764): #1|->SDK_bByScanInOutchgCHchg:0<-|->SDK_bByDuringLimitedTimeAudioMute:0<-|->SDK_bSourceSwitchAudioMute:0<-|
08-16 14:44:03.089 I/tvos    ( 1764): #1|->SDK_bMHEGApMute:0<-|->SDK_bAllAudioMuteCtrl:0<-|->SDK_bPowerOnMute:0<-|->SDK_bNullSourceMute0<-|->SDK_bSetInputSourceAudioMute:0<-|
08-16 14:44:03.089 I/tvos    ( 1764): [audioBSP] #2 m_spkrMute : 0 ..|->SDK_bUsrSpkrAudioMute:0<-|->SDK_bPowerOnMute:0<-|->SDK_bByUserAudioMute:0<-|
08-16 14:44:03.089 I/tvos    ( 1764): [audioBSP] #3 m_PcmCapture2Mute:0 |->SDK_bByUserPcmCapture2Mute:0<-|->SDK_SUB_bByUserAudioMute:0<-|->SDK_bByUserAudioMute:0<-|
08-16 14:44:03.089 I/tvos    ( 1764): [audioBSP] #5 m_hpMute : 1 ..|->SDK_bUsrHpAudioMute:1<-|->SDK_bPowerOnMute:0<-|->SDK_bByUserAudioMute:0<-|
08-16 14:44:03.089 I/tvos    ( 1764): [audioBSP] #12 m_spdifMute : 1 ..
08-16 14:44:03.089 I/tvos    ( 1764): #12|->SDK_bPermanentAudioMute:0<-|->SDK_bMomentAudioMute:0<-|->SDK_bByBlockAudioMute:0<-|
08-16 14:44:03.089 I/tvos    ( 1764): #12|->SDK_bByVChipAudioMute:0<-|->SDK_bInternal1AudioMute:0<-|->SDK_bInternal4AudioMute:0<-|
08-16 14:44:03.089 I/tvos    ( 1764): #12|->SDK_bByDuringLimitedTimeAudioMute:0<-|->SDK_bSourceSwitchAudioMute:0<-|->SDK_bMHEGApMute:0<-|
08-16 14:44:03.089 I/tvos    ( 1764): #12|->SDK_bPowerOnMute:0<-|->SDK_bUsrSpdifAudioMute:1<-|->SDK_bNullSourceMute:0<-|->SDK_bByAppMute:0<-|
08-16 14:44:03.089 I/tvos    ( 1764): ---Amplifier_ALC1310_LR_SWMute(0)
08-16 14:44:03.089 I/tvos    ( 1764): ALC1310 unmute good, addr: 0x13 readbackvalue: 4 
08-16 14:44:03.091 I/AudioUtil( 1758): setParameters spk_volume=0
08-16 14:44:03.091 I/audio_hw_primary( 1758): adev_set_parameters: spk_volume=0
08-16 14:44:03.092 I/tvos    ( 1764): SetSoundMuteStatus : m_hpMute : 1, m_spdifMute : 1, m_DataInMute : 0, m_channel7Mute : 0, m_internalMute : 0, m_spkrMute : 0, m_PcmCapture1Mute : 0, m_PcmCapture2Mute : 0 
08-16 14:44:03.092 I/tvos    ( 1764): GetAudioOutputDevice, retval : 0
08-16 14:44:03.093 I/tvos    ( 1764): [SetMuteStatus] call SetSoundMuteStatus, line : 10369, muteType: 67108864, onOff : 1 
08-16 14:44:03.093 I/tvos    ( 1764): _TransMSrvMuteTypeToSDKMuteType: Err! muteType(67108864) is out of Range
08-16 14:44:03.095 I/tvos    ( 1764): [SetMuteStatus] call SetSoundMuteStatus, line : 10369, muteType: 4, onOff : 1 
08-16 14:44:03.095 I/tvos    ( 1764): [audioBSP] #1 m_internalMute : 0 ..
08-16 14:44:03.095 I/tvos    ( 1764): #1|->SDK_bPermanentAudioMute:0<-|->SDK_bMomentAudioMute:0 <-|->SDK_bBySyncAudioMute:0<-|->SDK_bByBlockAudioMute:0<-|->SDK_bByVChipAudioMute:0<-|
08-16 14:44:03.095 I/tvos    ( 1764): #1|->SDK_bInternal1AudioMute:0<-|->SDK_bInternal2AudioMute:0<-|->SDK_bInternal3AudioMute:0<-|->SDK_bInternal4AudioMute:0<-|
08-16 14:44:03.095 I/tvos    ( 1764): #1|->SDK_bByScanInOutchgCHchg:0<-|->SDK_bByDuringLimitedTimeAudioMute:0<-|->SDK_bSourceSwitchAudioMute:0<-|
08-16 14:44:03.095 I/tvos    ( 1764): #1|->SDK_bMHEGApMute:0<-|->SDK_bAllAudioMuteCtrl:0<-|->SDK_bPowerOnMute:0<-|->SDK_bNullSourceMute0<-|->SDK_bSetInputSourceAudioMute:0<-|
08-16 14:44:03.095 I/tvos    ( 1764): [audioBSP] #2 m_spkrMute : 1 ..|->SDK_bUsrSpkrAudioMute:0<-|->SDK_bPowerOnMute:0<-|->SDK_bByUserAudioMute:1<-|
08-16 14:44:03.095 I/tvos    ( 1764): [audioBSP] #3 m_PcmCapture2Mute:1 |->SDK_bByUserPcmCapture2Mute:0<-|->SDK_SUB_bByUserAudioMute:0<-|->SDK_bByUserAudioMute:1<-|
08-16 14:44:03.096 I/tvos    ( 1764): [audioBSP] #5 m_hpMute : 1 ..|->SDK_bUsrHpAudioMute:1<-|->SDK_bPowerOnMute:0<-|->SDK_bByUserAudioMute:1<-|
08-16 14:44:03.096 I/tvos    ( 1764): [audioBSP] #12 m_spdifMute : 1 ..
08-16 14:44:03.096 I/tvos    ( 1764): #12|->SDK_bPermanentAudioMute:0<-|->SDK_bMomentAudioMute:0<-|->SDK_bByBlockAudioMute:0<-|
08-16 14:44:03.096 I/tvos    ( 1764): #12|->SDK_bByVChipAudioMute:0<-|->SDK_bInternal1AudioMute:0<-|->SDK_bInternal4AudioMute:0<-|
08-16 14:44:03.096 I/tvos    ( 1764): #12|->SDK_bByDuringLimitedTimeAudioMute:0<-|->SDK_bSourceSwitchAudioMute:0<-|->SDK_bMHEGApMute:0<-|
08-16 14:44:03.096 I/tvos    ( 1764): #12|->SDK_bPowerOnMute:0<-|->SDK_bUsrSpdifAudioMute:1<-|->SDK_bNullSourceMute:0<-|->SDK_bByAppMute:0<-|
08-16 14:44:03.096 I/tvos    ( 1764): ---Amplifier_ALC1310_LR_SWMute(1)
08-16 14:44:03.096 I/tvos    ( 1764): ALC1310 mute write good, addr: 0x13, readback data : 49164, write cmd times : 1
08-16 14:44:03.098 I/tvos    ( 1764): SetSoundMuteStatus : m_hpMute : 1, m_spdifMute : 1, m_DataInMute : 0, m_channel7Mute : 0, m_internalMute : 0, m_spkrMute : 1, m_PcmCapture1Mute : 0, m_PcmCapture2Mute : 1 
08-16 14:44:03.173 I/APM::AudioPolicyEngine( 1758): getDeviceForStrategy, 359
08-16 14:44:03.191 I/tvos    ( 1764): GetAudioOutputDevice, retval : 0
08-16 14:44:03.441 I/tvos    ( 1764): GetAudioOutputDevice, retval : 0
08-16 14:44:03.691 I/tvos    ( 1764): GetAudioOutputDevice, retval : 0
08-16 14:44:03.794 W/InputDispatcher( 2207): findFocusedWindow finished: injectionResult=0, timeSpentWaitingForApplication=0.0ms
08-16 14:44:03.794 I/remotestatus( 2207): Msg.what is 101
08-16 14:44:03.794 I/WindowManager( 2207): turn cursor off
08-16 14:44:03.794 E/RemoteManager( 2207): RemoteManager is no longer support in eui6.5
08-16 14:44:03.795 I/GlobalSettings( 2822): BaseMultiLayerDialogHelper -- setDisMissTime on start
08-16 14:44:03.795 E/InputManager-JNI( 2207): call nativeDisableCursor method with hideCursor
08-16 14:44:03.796 W/ContextImpl( 2822): Calling a method in the system process without a qualified user: android.app.ContextImpl.startService:1224 android.content.ContextWrapper.startService:581 com.stv.settingadapter.EqManager.updateBinder:869 com.stv.settingadapter.EqManager.getInstance:176 com.stv.globalsetting.util.Util.playFocusSound:1074 
08-16 14:44:03.848 I/SoundPool( 2207): enter : func play
08-16 14:44:03.851 I/APM::AudioPolicyEngine( 1758): getDeviceForStrategy, 359
08-16 14:44:03.852 W/InputDispatcher( 2207): findFocusedWindow finished: injectionResult=0, timeSpentWaitingForApplication=0.0ms
08-16 14:44:03.853 I/audio_hw_primary( 1758): version:a00004 adev_create_audio_patch::mix->device 
08-16 14:44:03.853 I/audio_hw_primary( 1758): adev_create_audio_patch *handle=-1420227928 num_audio_patch=3
08-16 14:44:03.854 I/GlobalSettings( 2822): BaseMultiLayerDialogHelper -- setDisMissTime on start
08-16 14:44:03.858 E/AudioManagerService( 1803): setAudioVolume(callingPid 1758, clientPid 1758, enSoundPath 0, volumn:0 )
08-16 14:44:03.860 I/tvos    ( 1764): SetVolume, subWooExist 0!
08-16 14:44:03.860 I/tvos    ( 1764): mapi_audio_customer::SetAbsoluteVolume: project name is X440M
08-16 14:44:03.860 I/tvos    ( 1764): SetAbsoluteVolume: uPercent : 0, path=52(speaker), VolumeInt=7f, VolumeFra=0
08-16 14:44:03.860 I/tvos    ( 1764): SetAbsoluteVolume: uPercent(currVol) : 0, realPath=52(default), VolumeInt=7f, VolumeFra=0
08-16 14:44:03.860 I/tvos    ( 1764): mapi_audio_customer::SetAbsoluteVolume: project name is X440M
08-16 14:44:03.860 I/tvos    ( 1764): SetAbsoluteVolume: uPercent : 0, path=49(HP), VolumeInt=7f, VolumeFra=0
08-16 14:44:03.860 I/tvos    ( 1764): SetAbsoluteVolume: uPercent(currVol) : 0, realPath=49(default), VolumeInt=7f, VolumeFra=0
08-16 14:44:03.860 I/tvos    ( 1764): mapi_audio_customer::SetAbsoluteVolume: project name is X440M
08-16 14:44:03.860 I/tvos    ( 1764): SetAbsoluteVolume, m_bBTDetect is false! 
08-16 14:44:03.860 I/tvos    ( 1764): mapi_audio_customer::SetAbsoluteVolume: project name is X440M
08-16 14:44:03.861 I/tvos    ( 1764): SetAbsoluteVolume: uPercent : 0, path=255(speaker), VolumeInt=7f, VolumeFra=0
08-16 14:44:03.861 I/tvos    ( 1764): SetAbsoluteVolume: uPercent(currVol) : 0, realPath=255(default), VolumeInt=7f, VolumeFra=0
08-16 14:44:03.861 I/tvos    ( 1764): [SetMuteStatus] call SetSoundMuteStatus, line : 10369, muteType: 4, onOff : 0 
08-16 14:44:03.861 I/tvos    ( 1764): [audioBSP] #1 m_internalMute : 0 ..
08-16 14:44:03.861 I/tvos    ( 1764): #1|->SDK_bPermanentAudioMute:0<-|->SDK_bMomentAudioMute:0 <-|->SDK_bBySyncAudioMute:0<-|->SDK_bByBlockAudioMute:0<-|->SDK_bByVChipAudioMute:0<-|
08-16 14:44:03.861 I/tvos    ( 1764): #1|->SDK_bInternal1AudioMute:0<-|->SDK_bInternal2AudioMute:0<-|->SDK_bInternal3AudioMute:0<-|->SDK_bInternal4AudioMute:0<-|
08-16 14:44:03.861 I/tvos    ( 1764): #1|->SDK_bByScanInOutchgCHchg:0<-|->SDK_bByDuringLimitedTimeAudioMute:0<-|->SDK_bSourceSwitchAudioMute:0<-|
08-16 14:44:03.861 I/tvos    ( 1764): #1|->SDK_bMHEGApMute:0<-|->SDK_bAllAudioMuteCtrl:0<-|->SDK_bPowerOnMute:0<-|->SDK_bNullSourceMute0<-|->SDK_bSetInputSourceAudioMute:0<-|
08-16 14:44:03.861 I/tvos    ( 1764): [audioBSP] #2 m_spkrMute : 0 ..|->SDK_bUsrSpkrAudioMute:0<-|->SDK_bPowerOnMute:0<-|->SDK_bByUserAudioMute:0<-|
08-16 14:44:03.861 I/tvos    ( 1764): [audioBSP] #3 m_PcmCapture2Mute:0 |->SDK_bByUserPcmCapture2Mute:0<-|->SDK_SUB_bByUserAudioMute:0<-|->SDK_bByUserAudioMute:0<-|
08-16 14:44:03.861 I/tvos    ( 1764): [audioBSP] #5 m_hpMute : 1 ..|->SDK_bUsrHpAudioMute:1<-|->SDK_bPowerOnMute:0<-|->SDK_bByUserAudioMute:0<-|
08-16 14:44:03.861 I/tvos    ( 1764): [audioBSP] #12 m_spdifMute : 1 ..
08-16 14:44:03.861 I/tvos    ( 1764): #12|->SDK_bPermanentAudioMute:0<-|->SDK_bMomentAudioMute:0<-|->SDK_bByBlockAudioMute:0<-|
08-16 14:44:03.861 I/tvos    ( 1764): #12|->SDK_bByVChipAudioMute:0<-|->SDK_bInternal1AudioMute:0<-|->SDK_bInternal4AudioMute:0<-|
08-16 14:44:03.861 I/tvos    ( 1764): #12|->SDK_bByDuringLimitedTimeAudioMute:0<-|->SDK_bSourceSwitchAudioMute:0<-|->SDK_bMHEGApMute:0<-|
08-16 14:44:03.861 I/tvos    ( 1764): #12|->SDK_bPowerOnMute:0<-|->SDK_bUsrSpdifAudioMute:1<-|->SDK_bNullSourceMute:0<-|->SDK_bByAppMute:0<-|
08-16 14:44:03.861 I/tvos    ( 1764): ---Amplifier_ALC1310_LR_SWMute(0)
08-16 14:44:03.861 I/tvos    ( 1764): ALC1310 unmute good, addr: 0x13 readbackvalue: 4 
08-16 14:44:03.863 I/tvos    ( 1764): SetSoundMuteStatus : m_hpMute : 1, m_spdifMute : 1, m_DataInMute : 0, m_channel7Mute : 0, m_internalMute : 0, m_spkrMute : 0, m_PcmCapture1Mute : 0, m_PcmCapture2Mute : 0 
08-16 14:44:03.863 I/AudioUtil( 1758): setParameters spk_volume=0
08-16 14:44:03.863 I/audio_hw_primary( 1758): adev_set_parameters: spk_volume=0
08-16 14:44:03.863 I/tvos    ( 1764): GetAudioOutputDevice, retval : 0
08-16 14:44:03.863 I/tvos    ( 1764): [SetMuteStatus] call SetSoundMuteStatus, line : 10369, muteType: 67108864, onOff : 1 
08-16 14:44:03.863 I/tvos    ( 1764): _TransMSrvMuteTypeToSDKMuteType: Err! muteType(67108864) is out of Range
08-16 14:44:03.865 I/tvos    ( 1764): [SetMuteStatus] call SetSoundMuteStatus, line : 10369, muteType: 4, onOff : 1 
08-16 14:44:03.865 I/tvos    ( 1764): [audioBSP] #1 m_internalMute : 0 ..
08-16 14:44:03.865 I/tvos    ( 1764): #1|->SDK_bPermanentAudioMute:0<-|->SDK_bMomentAudioMute:0 <-|->SDK_bBySyncAudioMute:0<-|->SDK_bByBlockAudioMute:0<-|->SDK_bByVChipAudioMute:0<-|
08-16 14:44:03.865 I/tvos    ( 1764): #1|->SDK_bInternal1AudioMute:0<-|->SDK_bInternal2AudioMute:0<-|->SDK_bInternal3AudioMute:0<-|->SDK_bInternal4AudioMute:0<-|
08-16 14:44:03.865 I/tvos    ( 1764): #1|->SDK_bByScanInOutchgCHchg:0<-|->SDK_bByDuringLimitedTimeAudioMute:0<-|->SDK_bSourceSwitchAudioMute:0<-|
08-16 14:44:03.865 I/tvos    ( 1764): #1|->SDK_bMHEGApMute:0<-|->SDK_bAllAudioMuteCtrl:0<-|->SDK_bPowerOnMute:0<-|->SDK_bNullSourceMute0<-|->SDK_bSetInputSourceAudioMute:0<-|
08-16 14:44:03.865 I/tvos    ( 1764): [audioBSP] #2 m_spkrMute : 1 ..|->SDK_bUsrSpkrAudioMute:0<-|->SDK_bPowerOnMute:0<-|->SDK_bByUserAudioMute:1<-|
08-16 14:44:03.865 I/tvos    ( 1764): [audioBSP] #3 m_PcmCapture2Mute:1 |->SDK_bByUserPcmCapture2Mute:0<-|->SDK_SUB_bByUserAudioMute:0<-|->SDK_bByUserAudioMute:1<-|
08-16 14:44:03.865 I/tvos    ( 1764): [audioBSP] #5 m_hpMute : 1 ..|->SDK_bUsrHpAudioMute:1<-|->SDK_bPowerOnMute:0<-|->SDK_bByUserAudioMute:1<-|
08-16 14:44:03.865 I/tvos    ( 1764): [audioBSP] #12 m_spdifMute : 1 ..
08-16 14:44:03.865 I/tvos    ( 1764): #12|->SDK_bPermanentAudioMute:0<-|->SDK_bMomentAudioMute:0<-|->SDK_bByBlockAudioMute:0<-|
08-16 14:44:03.865 I/tvos    ( 1764): #12|->SDK_bByVChipAudioMute:0<-|->SDK_bInternal1AudioMute:0<-|->SDK_bInternal4AudioMute:0<-|
08-16 14:44:03.865 I/tvos    ( 1764): #12|->SDK_bByDuringLimitedTimeAudioMute:0<-|->SDK_bSourceSwitchAudioMute:0<-|->SDK_bMHEGApMute:0<-|
08-16 14:44:03.865 I/tvos    ( 1764): #12|->SDK_bPowerOnMute:0<-|->SDK_bUsrSpdifAudioMute:1<-|->SDK_bNullSourceMute:0<-|->SDK_bByAppMute:0<-|
08-16 14:44:03.865 I/tvos    ( 1764): ---Amplifier_ALC1310_LR_SWMute(1)
08-16 14:44:03.865 I/tvos    ( 1764): ALC1310 mute write good, addr: 0x13, readback data : 49164, write cmd times : 1
08-16 14:44:03.868 I/tvos    ( 1764): SetSoundMuteStatus : m_hpMute : 1, m_spdifMute : 1, m_DataInMute : 0, m_channel7Mute : 0, m_internalMute : 0, m_spkrMute : 1, m_PcmCapture1Mute : 0, m_PcmCapture2Mute : 1 
08-16 14:44:03.937 I/APM::AudioPolicyEngine( 1758): getDeviceForStrategy, 359
08-16 14:44:03.941 I/tvos    ( 1764): GetAudioOutputDevice, retval : 0
08-16 14:44:04.192 I/tvos    ( 1764): GetAudioOutputDevice, retval : 0
08-16 14:44:04.367 W/InputDispatcher( 2207): findTouchedWindow finished: injectionResult=0, injectionPermission=1, timeSpentWaitingForApplication=0.0ms
08-16 14:44:04.369 W/InputDispatcher( 2207): findTouchedWindow finished: injectionResult=0, injectionPermission=1, timeSpentWaitingForApplication=0.0ms
08-16 14:44:04.370 I/SoundPool( 2207): enter : func play
08-16 14:44:04.371 I/System.out(23206): .............looper : 0
08-16 14:44:04.371 I/LetvTestCase(23206): build ui:6.5
08-16 14:44:04.376 I/APM::AudioPolicyEngine( 1758): getDeviceForStrategy, 359
08-16 14:44:04.385 I/audio_hw_primary( 1758): version:a00004 adev_create_audio_patch::mix->device 
08-16 14:44:04.385 I/audio_hw_primary( 1758): adev_create_audio_patch *handle=-1420227928 num_audio_patch=3
08-16 14:44:04.387 E/AudioManagerService( 1803): setAudioVolume(callingPid 1758, clientPid 1758, enSoundPath 0, volumn:0 )
08-16 14:44:04.389 I/tvos    ( 1764): SetVolume, subWooExist 0!
08-16 14:44:04.389 I/tvos    ( 1764): mapi_audio_customer::SetAbsoluteVolume: project name is X440M
08-16 14:44:04.389 I/tvos    ( 1764): SetAbsoluteVolume: uPercent : 0, path=52(speaker), VolumeInt=7f, VolumeFra=0
08-16 14:44:04.389 I/tvos    ( 1764): SetAbsoluteVolume: uPercent(currVol) : 0, realPath=52(default), VolumeInt=7f, VolumeFra=0
08-16 14:44:04.389 I/tvos    ( 1764): mapi_audio_customer::SetAbsoluteVolume: project name is X440M
08-16 14:44:04.389 I/tvos    ( 1764): SetAbsoluteVolume: uPercent : 0, path=49(HP), VolumeInt=7f, VolumeFra=0
08-16 14:44:04.389 I/tvos    ( 1764): SetAbsoluteVolume: uPercent(currVol) : 0, realPath=49(default), VolumeInt=7f, VolumeFra=0
08-16 14:44:04.389 I/tvos    ( 1764): mapi_audio_customer::SetAbsoluteVolume: project name is X440M
08-16 14:44:04.389 I/tvos    ( 1764): SetAbsoluteVolume, m_bBTDetect is false! 
08-16 14:44:04.389 I/tvos    ( 1764): mapi_audio_customer::SetAbsoluteVolume: project name is X440M
08-16 14:44:04.389 I/tvos    ( 1764): SetAbsoluteVolume: uPercent : 0, path=255(speaker), VolumeInt=7f, VolumeFra=0
08-16 14:44:04.389 I/tvos    ( 1764): SetAbsoluteVolume: uPercent(currVol) : 0, realPath=255(default), VolumeInt=7f, VolumeFra=0
08-16 14:44:04.389 I/tvos    ( 1764): [SetMuteStatus] call SetSoundMuteStatus, line : 10369, muteType: 4, onOff : 0 
08-16 14:44:04.389 I/tvos    ( 1764): [audioBSP] #1 m_internalMute : 0 ..
08-16 14:44:04.389 I/tvos    ( 1764): #1|->SDK_bPermanentAudioMute:0<-|->SDK_bMomentAudioMute:0 <-|->SDK_bBySyncAudioMute:0<-|->SDK_bByBlockAudioMute:0<-|->SDK_bByVChipAudioMute:0<-|
08-16 14:44:04.389 I/tvos    ( 1764): #1|->SDK_bInternal1AudioMute:0<-|->SDK_bInternal2AudioMute:0<-|->SDK_bInternal3AudioMute:0<-|->SDK_bInternal4AudioMute:0<-|
08-16 14:44:04.389 I/tvos    ( 1764): #1|->SDK_bByScanInOutchgCHchg:0<-|->SDK_bByDuringLimitedTimeAudioMute:0<-|->SDK_bSourceSwitchAudioMute:0<-|
08-16 14:44:04.389 I/tvos    ( 1764): #1|->SDK_bMHEGApMute:0<-|->SDK_bAllAudioMuteCtrl:0<-|->SDK_bPowerOnMute:0<-|->SDK_bNullSourceMute0<-|->SDK_bSetInputSourceAudioMute:0<-|
08-16 14:44:04.389 I/tvos    ( 1764): [audioBSP] #2 m_spkrMute : 0 ..|->SDK_bUsrSpkrAudioMute:0<-|->SDK_bPowerOnMute:0<-|->SDK_bByUserAudioMute:0<-|
08-16 14:44:04.389 I/tvos    ( 1764): [audioBSP] #3 m_PcmCapture2Mute:0 |->SDK_bByUserPcmCapture2Mute:0<-|->SDK_SUB_bByUserAudioMute:0<-|->SDK_bByUserAudioMute:0<-|
08-16 14:44:04.389 I/tvos    ( 1764): [audioBSP] #5 m_hpMute : 1 ..|->SDK_bUsrHpAudioMute:1<-|->SDK_bPowerOnMute:0<-|->SDK_bByUserAudioMute:0<-|
08-16 14:44:04.389 I/tvos    ( 1764): [audioBSP] #12 m_spdifMute : 1 ..
08-16 14:44:04.389 I/tvos    ( 1764): #12|->SDK_bPermanentAudioMute:0<-|->SDK_bMomentAudioMute:0<-|->SDK_bByBlockAudioMute:0<-|
08-16 14:44:04.389 I/tvos    ( 1764): #12|->SDK_bByVChipAudioMute:0<-|->SDK_bInternal1AudioMute:0<-|->SDK_bInternal4AudioMute:0<-|
08-16 14:44:04.389 I/tvos    ( 1764): #12|->SDK_bByDuringLimitedTimeAudioMute:0<-|->SDK_bSourceSwitchAudioMute:0<-|->SDK_bMHEGApMute:0<-|
08-16 14:44:04.389 I/tvos    ( 1764): #12|->SDK_bPowerOnMute:0<-|->SDK_bUsrSpdifAudioMute:1<-|->SDK_bNullSourceMute:0<-|->SDK_bByAppMute:0<-|
08-16 14:44:04.389 I/tvos    ( 1764): ---Amplifier_ALC1310_LR_SWMute(0)
08-16 14:44:04.389 I/tvos    ( 1764): ALC1310 unmute good, addr: 0x13 readbackvalue: 4 
08-16 14:44:04.392 I/tvos    ( 1764): SetSoundMuteStatus : m_hpMute : 1, m_spdifMute : 1, m_DataInMute : 0, m_channel7Mute : 0, m_internalMute : 0, m_spkrMute : 0, m_PcmCapture1Mute : 0, m_PcmCapture2Mute : 0 
08-16 14:44:04.392 I/AudioUtil( 1758): setParameters spk_volume=0
08-16 14:44:04.392 I/audio_hw_primary( 1758): adev_set_parameters: spk_volume=0
08-16 14:44:04.392 I/tvos    ( 1764): GetAudioOutputDevice, retval : 0
08-16 14:44:04.393 I/tvos    ( 1764): [SetMuteStatus] call SetSoundMuteStatus, line : 10369, muteType: 67108864, onOff : 1 
08-16 14:44:04.393 I/tvos    ( 1764): _TransMSrvMuteTypeToSDKMuteType: Err! muteType(67108864) is out of Range
08-16 14:44:04.395 I/tvos    ( 1764): [SetMuteStatus] call SetSoundMuteStatus, line : 10369, muteType: 4, onOff : 1 
08-16 14:44:04.395 I/tvos    ( 1764): [audioBSP] #1 m_internalMute : 0 ..
08-16 14:44:04.395 I/tvos    ( 1764): #1|->SDK_bPermanentAudioMute:0<-|->SDK_bMomentAudioMute:0 <-|->SDK_bBySyncAudioMute:0<-|->SDK_bByBlockAudioMute:0<-|->SDK_bByVChipAudioMute:0<-|
08-16 14:44:04.395 I/tvos    ( 1764): #1|->SDK_bInternal1AudioMute:0<-|->SDK_bInternal2AudioMute:0<-|->SDK_bInternal3AudioMute:0<-|->SDK_bInternal4AudioMute:0<-|
08-16 14:44:04.395 I/tvos    ( 1764): #1|->SDK_bByScanInOutchgCHchg:0<-|->SDK_bByDuringLimitedTimeAudioMute:0<-|->SDK_bSourceSwitchAudioMute:0<-|
08-16 14:44:04.395 I/tvos    ( 1764): #1|->SDK_bMHEGApMute:0<-|->SDK_bAllAudioMuteCtrl:0<-|->SDK_bPowerOnMute:0<-|->SDK_bNullSourceMute0<-|->SDK_bSetInputSourceAudioMute:0<-|
08-16 14:44:04.395 I/tvos    ( 1764): [audioBSP] #2 m_spkrMute : 1 ..|->SDK_bUsrSpkrAudioMute:0<-|->SDK_bPowerOnMute:0<-|->SDK_bByUserAudioMute:1<-|
08-16 14:44:04.395 I/tvos    ( 1764): [audioBSP] #3 m_PcmCapture2Mute:1 |->SDK_bByUserPcmCapture2Mute:0<-|->SDK_SUB_bByUserAudioMute:0<-|->SDK_bByUserAudioMute:1<-|
08-16 14:44:04.395 I/tvos    ( 1764): [audioBSP] #5 m_hpMute : 1 ..|->SDK_bUsrHpAudioMute:1<-|->SDK_bPowerOnMute:0<-|->SDK_bByUserAudioMute:1<-|
08-16 14:44:04.395 I/tvos    ( 1764): [audioBSP] #12 m_spdifMute : 1 ..
08-16 14:44:04.395 I/tvos    ( 1764): #12|->SDK_bPermanentAudioMute:0<-|->SDK_bMomentAudioMute:0<-|->SDK_bByBlockAudioMute:0<-|
08-16 14:44:04.395 I/tvos    ( 1764): #12|->SDK_bByVChipAudioMute:0<-|->SDK_bInternal1AudioMute:0<-|->SDK_bInternal4AudioMute:0<-|
08-16 14:44:04.395 I/tvos    ( 1764): #12|->SDK_bByDuringLimitedTimeAudioMute:0<-|->SDK_bSourceSwitchAudioMute:0<-|->SDK_bMHEGApMute:0<-|
08-16 14:44:04.395 I/tvos    ( 1764): #12|->SDK_bPowerOnMute:0<-|->SDK_bUsrSpdifAudioMute:1<-|->SDK_bNullSourceMute:0<-|->SDK_bByAppMute:0<-|
08-16 14:44:04.395 I/tvos    ( 1764): ---Amplifier_ALC1310_LR_SWMute(1)
08-16 14:44:04.395 I/tvos    ( 1764): ALC1310 mute write good, addr: 0x13, readback data : 49164, write cmd times : 1
08-16 14:44:04.397 I/tvos    ( 1764): SetSoundMuteStatus : m_hpMute : 1, m_spdifMute : 1, m_DataInMute : 0, m_channel7Mute : 0, m_internalMute : 0, m_spkrMute : 1, m_PcmCapture1Mute : 0, m_PcmCapture2Mute : 1 
08-16 14:44:04.442 I/tvos    ( 1764): GetAudioOutputDevice, retval : 0
08-16 14:44:04.566 I/reService( 2207): onReportKeyEvent  type=type0 keycode=4*176*20*20*20 
08-16 14:44:04.567 E/LETV_DEVICE( 1780): no name sn for Mstar
08-16 14:44:04.568 E/ActivityThread( 2837): Failed to find provider info for com.letv.agnes.InfoProvider
08-16 14:44:04.569 E/ActivityThread( 2837): Failed to find provider info for com.letv.agnes.InfoProvider
08-16 14:44:04.569 W/System.err( 2837): java.lang.IllegalArgumentException: Unknown URL content://com.letv.agnes.InfoProvider
08-16 14:44:04.570 W/System.err( 2837): 	at android.content.ContentResolver.insert(ContentResolver.java:1227)
08-16 14:44:04.570 W/System.err( 2837): 	at com.letv.tracker2.agnes.Configuration.addDebugInfo(Configuration.java:289)
08-16 14:44:04.570 W/System.err( 2837): 	at com.letv.tracker2.agnes.MessageProcessor$SendEnvMsgTr$1.handleMessage(MessageProcessor.java:661)
08-16 14:44:04.570 W/System.err( 2837): 	at android.os.Handler.dispatchMessage(Handler.java:102)
08-16 14:44:04.571 W/System.err( 2837): 	at android.os.Looper.loop(Looper.java:148)
08-16 14:44:04.571 W/System.err( 2837): 	at com.letv.tracker2.agnes.MessageProcessor$SendEnvMsgTr.run(MessageProcessor.java:665)
08-16 14:44:04.579 I/[T1.0.6.3]EuiAgnes_Server( 2837): resCode:1
08-16 14:44:04.579 I/[T1.0.6.3]EuiAgnes_Server( 2837): b[0]:0
08-16 14:44:04.642 W/ContextImpl( 2822): Calling a method in the system process without a qualified user: android.app.ContextImpl.startActivity:659 android.content.ContextWrapper.startActivity:331 com.stv.globalsetting.dialog.SettingDialog.onKeyDown:217 com.stv.globalsetting.widget.LetvSettingAnimationLayout$OnMouseClickRunnable.run:565 android.os.Handler.handleCallback:739 
08-16 14:44:04.642 W/ContextImpl( 2822): Calling a method in the system process without a qualified user: android.app.ContextImpl.startActivity:671 android.app.ContextImpl.startActivity:660 android.content.ContextWrapper.startActivity:331 com.stv.globalsetting.dialog.SettingDialog.onKeyDown:217 com.stv.globalsetting.widget.LetvSettingAnimationLayout$OnMouseClickRunnable.run:565 
08-16 14:44:04.642 E/ContextImpl( 2822): startAdManager() action is null
08-16 14:44:04.643 I/ActivityManager( 2207): START u0 {flg=0x10008000 cmp=com.stv.globalsetting/.activity.NetworkActivity} from uid 1000 on display 0
08-16 14:44:04.645 W/InputDispatcher( 2207): setFocusedApplication
08-16 14:44:04.648 I/TvLiveBaseFragment( 3007): onPause
08-16 14:44:04.648 I/ShoppingPlugin-stv-PluginFragment( 3007): onPause ->in
08-16 14:44:04.648 I/ShoppingPlugin-stv-PluginRootLayout( 3007): onFragmentPause ---> in
08-16 14:44:04.649 I/Launcher( 3007): [com.stv.launcher] LauncherActivity -- onPause  mBootSignalFirst=false sCurrentScreen = com.stv.plugin.app
08-16 14:44:04.650 I/Launcher( 3007): [com.stv.launcher] ===== enalbeAllKey =====
08-16 14:44:04.650 I/WindowManager( 2207): setBlockVoiceKey = false
08-16 14:44:04.651 I/WindowManager( 2207): setBlockSourceKey = false
08-16 14:44:04.652 I/WindowManager( 2207): setBlockSettingKey = false
08-16 14:44:04.652 I/WindowManager( 2207): setBlockFunctionKeys = false
08-16 14:44:04.653 I/WindowManager( 2207): setBlockHomeKey = false
08-16 14:44:04.654 W/InputDispatcher( 2207): setFocusedApplication
08-16 14:44:04.659 W/InputDispatcher( 2207): setFocusedApplication
08-16 14:44:04.661 I/System.out( 2207): From style:
08-16 14:44:04.661 I/System.out( 2207): Attrs: 3010001=0.6 3010002=res/drawable-hdpi-v4/ic_desk_app_bg.jpg 3010003=null 3010004=true
08-16 14:44:04.668 I/ActivityManager( 2207): TR12) TaskRecord{519d376 #15 A=com.stv.globalsetting U=0 sz=2}
08-16 14:44:04.669 I/ActivityManager( 2207): TR11) TaskRecord{14b0d11 #1 A=com.stv.launcher U=0 sz=1}
08-16 14:44:04.670 W/InputDispatcher( 2207): Focus left window: Window{d619668 u0 com.stv.globalsetting}
08-16 14:44:04.670 W/InputDispatcher( 2207): Window went away: Window{d619668 u0 com.stv.globalsetting}
08-16 14:44:04.675 I/ActivityManager( 2207): accel TR12) TaskRecord{519d376 #15 A=com.stv.globalsetting U=0 sz=2}
08-16 14:44:04.675 I/ActivityManager( 2207): accel TR11) TaskRecord{14b0d11 #1 A=com.stv.launcher U=0 sz=1}
08-16 14:44:04.681 E/LETV_DEVICE( 1780): no name sn for Mstar
08-16 14:44:04.687 I/GlobalSettings( 2822): ReportEuiLog_U -- ReportEuiLog action is: tvaction and reportmsg is: action=perQuickSetClick&setModule=4
08-16 14:44:04.692 I/GlobalSettings( 2822): SettingDialog -- Open_NetworkActivity_Result is: true
08-16 14:44:04.693 I/tvos    ( 1764): GetAudioOutputDevice, retval : 0
08-16 14:44:04.693 I/art     ( 2822): Starting a blocking GC Explicit
08-16 14:44:04.700 I/Launcher( 3007): [com.stv.launcher] LauncherApplication -- ========= tryTrimMemoryCache =========20
08-16 14:44:04.729 E/LetvRemoteupgradeManager-JNI( 2613): can't get LetvManager service!
08-16 14:44:04.744 I/art     ( 2822): Explicit concurrent mark sweep GC freed 12479(1529KB) AllocSpace objects, 8(376KB) LOS objects, 39% free, 24MB/40MB, paused 928us total 49.476ms
08-16 14:44:04.747 I/art     ( 2822): Starting a blocking GC Explicit
08-16 14:44:04.781 I/tvos    ( 1764): [37m[INFO] Change to Voltage: 1150 mV (0x22)[m
08-16 14:44:04.781 I/tvos    ( 1764): [37m[INFO] Change to Voltage: 1150 mV (0x25)[m
08-16 14:44:04.781 I/tvos    ( 1764): [37m[INFO] Change to Voltage: 1150 mV (0x28)[m
08-16 14:44:04.781 I/tvos    ( 1764): [37m[INFO] Change to Voltage: 1150 mV (0x2B)[m
08-16 14:44:04.781 I/tvos    ( 1764): [37m[INFO] Change to Voltage: 1150 mV (0x2E)[m
08-16 14:44:04.782 I/tvos    ( 1764): [37m[INFO] Change to Voltage: 1150 mV (0x2E)[m
08-16 14:44:04.787 I/art     ( 2822): Explicit concurrent mark sweep GC freed 491(21KB) AllocSpace objects, 0(0B) LOS objects, 39% free, 24MB/40MB, paused 749us total 39.019ms
08-16 14:44:04.787 I/art     ( 2822): Starting a blocking GC Explicit
08-16 14:44:04.817 I/art     ( 2822): Explicit concurrent mark sweep GC freed 3(96B) AllocSpace objects, 0(0B) LOS objects, 39% free, 24MB/40MB, paused 338us total 30.387ms
08-16 14:44:04.818 I/LetvManager-LogReport( 1780): [send_msg] line: 490 report url = http://log.hdtv.cp21.ott.cibntv.net:80/api/log/tvAction
08-16 14:44:04.840 W/InputDispatcher( 2207): Window went away: Window{5ca3fe0 u0 com.stv.globalsetting/com.stv.globalsetting.activity.NetworkActivity}
08-16 14:44:04.856 I/StvLogReport( 2837): StargazerReportTask, action=appClose&name=桌面&packagename=com.stv.launcher&versionCode=20180321&appVersionName=1.0.5&appType=1&mark=78&totalTime=323
08-16 14:44:04.860 I/[T1.0.6.3]EuiAgnes_Server( 2837): resCode:1
08-16 14:44:04.860 I/[T1.0.6.3]EuiAgnes_Server( 2837): b[0]:0
