08-16 14:44:34.584 W/System.err( 2837): java.lang.IllegalArgumentException: Unknown URL content://com.letv.agnes.InfoProvider
08-16 14:44:34.584 W/System.err( 2837): 	at android.content.ContentResolver.insert(ContentResolver.java:1227)
08-16 14:44:34.584 W/System.err( 2837): 	at com.letv.tracker2.agnes.Configuration.addDebugInfo(Configuration.java:289)
08-16 14:44:34.584 W/System.err( 2837): 	at com.letv.tracker2.agnes.MessageProcessor$SendEnvMsgTr$1.handleMessage(MessageProcessor.java:661)
08-16 14:44:34.585 W/System.err( 2837): 	at android.os.Handler.dispatchMessage(Handler.java:102)
08-16 14:44:34.585 W/System.err( 2837): 	at android.os.Looper.loop(Looper.java:148)
08-16 14:44:34.585 W/System.err( 2837): 	at com.letv.tracker2.agnes.MessageProcessor$SendEnvMsgTr.run(MessageProcessor.java:665)
08-16 14:44:34.624 I/[T1.0.6.3]EuiAgnes_Server( 2837): resCode:1
08-16 14:44:34.624 I/[T1.0.6.3]EuiAgnes_Server( 2837): b[0]:0
08-16 14:44:34.733 E/LetvRemoteupgradeManager-JNI( 2613): can't get LetvManager service!
08-16 14:44:34.744 I/tvos    ( 1764): GetAudioOutputDevice, retval : 0
08-16 14:44:34.995 I/tvos    ( 1764): GetAudioOutputDevice, retval : 0
08-16 14:44:35.245 I/tvos    ( 1764): GetAudioOutputDevice, retval : 0
08-16 14:44:35.496 I/tvos    ( 1764): GetAudioOutputDevice, retval : 0
08-16 14:44:35.746 I/tvos    ( 1764): GetAudioOutputDevice, retval : 0
08-16 14:44:35.996 I/tvos    ( 1764): GetAudioOutputDevice, retval : 0
08-16 14:44:36.247 I/tvos    ( 1764): GetAudioOutputDevice, retval : 0
08-16 14:44:36.497 I/tvos    ( 1764): GetAudioOutputDevice, retval : 0
08-16 14:44:36.748 I/tvos    ( 1764): GetAudioOutputDevice, retval : 0
08-16 14:44:36.998 I/tvos    ( 1764): GetAudioOutputDevice, retval : 0
08-16 14:44:37.248 I/tvos    ( 1764): GetAudioOutputDevice, retval : 0
08-16 14:44:37.499 I/tvos    ( 1764): GetAudioOutputDevice, retval : 0
08-16 14:44:37.734 E/LetvRemoteupgradeManager-JNI( 2613): can't get LetvManager service!
08-16 14:44:37.749 I/tvos    ( 1764): GetAudioOutputDevice, retval : 0
08-16 14:44:38.000 I/tvos    ( 1764): GetAudioOutputDevice, retval : 0
08-16 14:44:38.251 I/tvos    ( 1764): GetAudioOutputDevice, retval : 0
08-16 14:44:38.501 I/tvos    ( 1764): GetAudioOutputDevice, retval : 0
08-16 14:44:38.751 I/tvos    ( 1764): GetAudioOutputDevice, retval : 0
08-16 14:44:39.002 I/tvos    ( 1764): GetAudioOutputDevice, retval : 0
08-16 14:44:39.252 I/tvos    ( 1764): GetAudioOutputDevice, retval : 0
08-16 14:44:39.503 I/tvos    ( 1764): GetAudioOutputDevice, retval : 0
08-16 14:44:39.753 I/tvos    ( 1764): GetAudioOutputDevice, retval : 0
08-16 14:44:40.003 I/tvos    ( 1764): GetAudioOutputDevice, retval : 0
08-16 14:44:40.254 I/tvos    ( 1764): GetAudioOutputDevice, retval : 0
08-16 14:44:40.504 I/tvos    ( 1764): GetAudioOutputDevice, retval : 0
08-16 14:44:40.734 E/LetvRemoteupgradeManager-JNI( 2613): can't get LetvManager service!
08-16 14:44:40.754 I/tvos    ( 1764): GetAudioOutputDevice, retval : 0
08-16 14:44:41.005 I/tvos    ( 1764): GetAudioOutputDevice, retval : 0
08-16 14:44:41.255 I/tvos    ( 1764): GetAudioOutputDevice, retval : 0
08-16 14:44:41.506 I/tvos    ( 1764): GetAudioOutputDevice, retval : 0
08-16 14:44:41.756 I/tvos    ( 1764): GetAudioOutputDevice, retval : 0
08-16 14:44:42.006 I/tvos    ( 1764): GetAudioOutputDevice, retval : 0
08-16 14:44:42.257 I/tvos    ( 1764): GetAudioOutputDevice, retval : 0
08-16 14:44:42.507 I/tvos    ( 1764): GetAudioOutputDevice, retval : 0
08-16 14:44:42.758 I/tvos    ( 1764): GetAudioOutputDevice, retval : 0
08-16 14:44:43.008 I/tvos    ( 1764): GetAudioOutputDevice, retval : 0
08-16 14:44:43.258 I/tvos    ( 1764): GetAudioOutputDevice, retval : 0
08-16 14:44:43.509 I/tvos    ( 1764): GetAudioOutputDevice, retval : 0
08-16 14:44:43.735 E/LetvRemoteupgradeManager-JNI( 2613): can't get LetvManager service!
08-16 14:44:43.759 I/tvos    ( 1764): GetAudioOutputDevice, retval : 0
08-16 14:44:44.010 I/tvos    ( 1764): GetAudioOutputDevice, retval : 0
08-16 14:44:44.125 I/LePush  ( 3655): [CommonService] Handle intent: com.stv.stvpush.ACTION_HEART_BEAT
08-16 14:44:44.132 I/LePush  ( 3655): [LeSocket] SEND HEARTBEAT
08-16 14:44:44.136 I/LePush  ( 3655): [MessageReceiver] RECV HEARTBEAT: 0
08-16 14:44:44.137 I/LePush  ( 3655): [AesUtils] get decrypt is null.
08-16 14:44:44.139 I/LePush  ( 3655): [HeartbeatHandler] State: ACTIVE; Send next heartbeat 480s later. Thread:113
08-16 14:44:44.187 I/tvos    ( 1764): [37m[INFO] Change to Voltage: 1150 mV (0x22)[m
08-16 14:44:44.187 I/tvos    ( 1764): [37m[INFO] Change to Voltage: 1150 mV (0x25)[m
08-16 14:44:44.187 I/tvos    ( 1764): [37m[INFO] Change to Voltage: 1150 mV (0x28)[m
08-16 14:44:44.187 I/tvos    ( 1764): [37m[INFO] Change to Voltage: 1150 mV (0x2B)[m
08-16 14:44:44.187 I/tvos    ( 1764): [37m[INFO] Change to Voltage: 1150 mV (0x2E)[m
08-16 14:44:44.187 I/tvos    ( 1764): [37m[INFO] Change to Voltage: 1150 mV (0x2E)[m
08-16 14:44:44.260 I/tvos    ( 1764): GetAudioOutputDevice, retval : 0
08-16 14:44:44.287 I/tvos    ( 1764): [37m[INFO] Change to Voltage: 1030 mV (0x2E)[m
08-16 14:44:44.287 I/tvos    ( 1764): [37m[INFO] Change to Voltage: 1030 mV (0x2B)[m
08-16 14:44:44.287 I/tvos    ( 1764): [37m[INFO] Change to Voltage: 1030 mV (0x28)[m
08-16 14:44:44.287 I/tvos    ( 1764): [37m[INFO] Change to Voltage: 1030 mV (0x25)[m
08-16 14:44:44.287 I/tvos    ( 1764): [37m[INFO] Change to Voltage: 1030 mV (0x22)[m
08-16 14:44:44.287 I/tvos    ( 1764): [37m[INFO] Change to Voltage: 1030 mV (0x22)[m
08-16 14:44:44.511 I/tvos    ( 1764): GetAudioOutputDevice, retval : 0
08-16 14:44:44.761 I/tvos    ( 1764): GetAudioOutputDevice, retval : 0
08-16 14:44:45.012 I/tvos    ( 1764): GetAudioOutputDevice, retval : 0
08-16 14:44:45.262 I/tvos    ( 1764): GetAudioOutputDevice, retval : 0
08-16 14:44:45.512 I/tvos    ( 1764): GetAudioOutputDevice, retval : 0
08-16 14:44:45.763 I/tvos    ( 1764): GetAudioOutputDevice, retval : 0
08-16 14:44:46.013 I/tvos    ( 1764): GetAudioOutputDevice, retval : 0
08-16 14:44:46.264 I/tvos    ( 1764): GetAudioOutputDevice, retval : 0
08-16 14:44:46.514 I/tvos    ( 1764): GetAudioOutputDevice, retval : 0
08-16 14:44:46.735 E/LetvRemoteupgradeManager-JNI( 2613): can't get LetvManager service!
08-16 14:44:46.764 I/tvos    ( 1764): GetAudioOutputDevice, retval : 0
08-16 14:44:47.015 I/tvos    ( 1764): GetAudioOutputDevice, retval : 0
08-16 14:44:47.265 I/tvos    ( 1764): GetAudioOutputDevice, retval : 0
08-16 14:44:47.516 I/tvos    ( 1764): GetAudioOutputDevice, retval : 0
08-16 14:44:47.766 I/tvos    ( 1764): GetAudioOutputDevice, retval : 0
08-16 14:44:48.016 I/tvos    ( 1764): GetAudioOutputDevice, retval : 0
08-16 14:44:48.267 I/tvos    ( 1764): GetAudioOutputDevice, retval : 0
08-16 14:44:48.517 I/tvos    ( 1764): GetAudioOutputDevice, retval : 0
08-16 14:44:48.768 I/tvos    ( 1764): GetAudioOutputDevice, retval : 0
08-16 14:44:49.018 I/tvos    ( 1764): GetAudioOutputDevice, retval : 0
08-16 14:44:49.268 I/tvos    ( 1764): GetAudioOutputDevice, retval : 0
08-16 14:44:49.519 I/tvos    ( 1764): GetAudioOutputDevice, retval : 0
08-16 14:44:49.735 E/LetvRemoteupgradeManager-JNI( 2613): can't get LetvManager service!
08-16 14:44:49.769 I/tvos    ( 1764): GetAudioOutputDevice, retval : 0
08-16 14:44:50.020 I/tvos    ( 1764): GetAudioOutputDevice, retval : 0
08-16 14:44:50.271 I/tvos    ( 1764): GetAudioOutputDevice, retval : 0
08-16 14:44:50.521 I/tvos    ( 1764): GetAudioOutputDevice, retval : 0
08-16 14:44:50.771 I/tvos    ( 1764): GetAudioOutputDevice, retval : 0
08-16 14:44:51.021 I/tvos    ( 1764): GetAudioOutputDevice, retval : 0
08-16 14:44:51.272 I/tvos    ( 1764): GetAudioOutputDevice, retval : 0
08-16 14:44:51.522 I/tvos    ( 1764): GetAudioOutputDevice, retval : 0
08-16 14:44:51.773 I/tvos    ( 1764): GetAudioOutputDevice, retval : 0
08-16 14:44:52.023 I/tvos    ( 1764): GetAudioOutputDevice, retval : 0
08-16 14:44:52.273 I/tvos    ( 1764): GetAudioOutputDevice, retval : 0
08-16 14:44:52.524 I/tvos    ( 1764): GetAudioOutputDevice, retval : 0
08-16 14:44:52.736 E/LetvRemoteupgradeManager-JNI( 2613): can't get LetvManager service!
08-16 14:44:52.774 I/tvos    ( 1764): GetAudioOutputDevice, retval : 0
08-16 14:44:53.025 I/tvos    ( 1764): GetAudioOutputDevice, retval : 0
08-16 14:44:53.275 I/tvos    ( 1764): GetAudioOutputDevice, retval : 0
08-16 14:44:53.525 I/tvos    ( 1764): GetAudioOutputDevice, retval : 0
08-16 14:44:53.776 I/tvos    ( 1764): GetAudioOutputDevice, retval : 0
08-16 14:44:54.026 I/tvos    ( 1764): GetAudioOutputDevice, retval : 0
08-16 14:44:54.277 I/tvos    ( 1764): GetAudioOutputDevice, retval : 0
08-16 14:44:54.527 I/tvos    ( 1764): GetAudioOutputDevice, retval : 0
08-16 14:44:54.777 I/tvos    ( 1764): GetAudioOutputDevice, retval : 0
08-16 14:44:55.028 I/tvos    ( 1764): GetAudioOutputDevice, retval : 0
08-16 14:44:55.278 I/tvos    ( 1764): GetAudioOutputDevice, retval : 0
08-16 14:44:55.529 I/tvos    ( 1764): GetAudioOutputDevice, retval : 0
08-16 14:44:55.736 E/LetvRemoteupgradeManager-JNI( 2613): can't get LetvManager service!
08-16 14:44:55.779 I/tvos    ( 1764): GetAudioOutputDevice, retval : 0
08-16 14:44:56.029 I/tvos    ( 1764): GetAudioOutputDevice, retval : 0
08-16 14:44:56.280 I/tvos    ( 1764): GetAudioOutputDevice, retval : 0
08-16 14:44:56.530 I/tvos    ( 1764): GetAudioOutputDevice, retval : 0
08-16 14:44:56.781 I/tvos    ( 1764): GetAudioOutputDevice, retval : 0
08-16 14:44:57.031 I/tvos    ( 1764): GetAudioOutputDevice, retval : 0
08-16 14:44:57.282 I/tvos    ( 1764): GetAudioOutputDevice, retval : 0
08-16 14:44:57.532 I/tvos    ( 1764): GetAudioOutputDevice, retval : 0
08-16 14:44:57.642 W/InputDispatcher( 2207): findFocusedWindow finished: injectionResult=0, timeSpentWaitingForApplication=0.0ms
08-16 14:44:57.646 W/InputDispatcher( 2207): findFocusedWindow finished: injectionResult=0, timeSpentWaitingForApplication=0.0ms
08-16 14:44:57.648 W/InputDispatcher( 2207): setFocusedApplication
08-16 14:44:57.650 W/InputDispatcher( 2207): Focus left window: Window{d9ef229 u0 com.stv.globalsetting/com.stv.globalsetting.activity.NetworkActivity}
08-16 14:44:57.656 I/ActivityManager( 2207): TR12) TaskRecord{14b0d11 #1 A=com.stv.launcher U=0 sz=1}
08-16 14:44:57.656 I/ActivityManager( 2207): TR11) TaskRecord{519d376 #15 A=com.stv.globalsetting U=0 sz=1}
08-16 14:44:57.658 I/ActivityManager( 2207): accel TR12) TaskRecord{14b0d11 #1 A=com.stv.launcher U=0 sz=1}
08-16 14:44:57.658 I/ActivityManager( 2207): accel TR11) TaskRecord{519d376 #15 A=com.stv.globalsetting U=0 sz=1}
08-16 14:44:57.678 I/AnalysisLog( 3007): Activ:onStart----start:time='512764111'
08-16 14:44:57.678 I/TvLiveBaseFragment( 3007): onStart
08-16 14:44:57.681 I/Launcher( 3007): [com.stv.launcher] LauncherActivity -- onStart, switchByStr: false
08-16 14:44:57.681 I/AnalysisLog( 3007): Plugin:onFragmentShowChanged_show:com.stv.plugin.app----start:time='512764114'
08-16 14:44:57.681 I/AppPlugin( 3007): ReportLogUtil -- startExposureReport
08-16 14:44:57.682 I/AnalysisLog( 3007): Plugin:onFragmentShowChanged_show:com.stv.plugin.app----end:time='512764115'
08-16 14:44:57.684 I/AnalysisLog( 3007): Activ:onStart----end:time='512764117'
08-16 14:44:57.684 I/Launcher( 3007): [com.stv.launcher] LauncherActivity --  debug_tag onResume
08-16 14:44:57.685 I/AnalysisLog( 3007): Activ:onResume----start:time='512764118'
08-16 14:44:57.685 I/Launcher( 3007): [com.stv.launcher] boot video finished=1 bootAnifinished = 1 str =  strAdFinished = 3
08-16 14:44:57.685 I/Launcher( 3007): [com.stv.launcher] LauncherActivity -- onResume, switchByStr: false, bootAdFinish true
08-16 14:44:57.686 I/Launcher( 3007): [com.stv.launcher] LauncherActivity -- onResume mHandDetectStarted: false mHandDetectType: 0 mLastSelectedScreen = null
08-16 14:44:57.686 I/Launcher( 3007): [com.stv.launcher] PluginShell --  debug_tag  >>>>>> startLoadFirst <<<<<<
08-16 14:44:57.686 I/Launcher( 3007): [com.stv.launcher] PluginShell --  debug_tag  >>>>>> createPlugin <<<<<<
08-16 14:44:57.686 I/Launcher( 3007): [com.stv.launcher] PluginShell --  debug_tag  ** createPlugin but current has empty **
08-16 14:44:57.686 I/AnalysisLog( 3007): Activ:onResume----end:time='512764119'
08-16 14:44:57.686 I/AnalysisLog( 3007): Plugin:onAttach2onResume:com.letv.android.tv.letvlive----end:time='512764119'
08-16 14:44:57.686 I/TvLiveBaseFragment( 3007): onResume
08-16 14:44:57.687 I/AnalysisLog( 3007): Plugin:onAttach2onResume:com.stv.plugin.tencent----end:time='512764120'
08-16 14:44:57.687 I/AnalysisLog( 3007): Plugin:onAttach2onResume:com.stv.plugin.video----end:time='512764120'
08-16 14:44:57.687 I/AnalysisLog( 3007): Plugin:onAttach2onResume:com.stv.plugin.search----end:time='512764120'
08-16 14:44:57.687 I/ShoppingPlugin-stv-PluginFragment( 3007): onResume ->in
08-16 14:44:57.687 I/AnalysisLog( 3007): Plugin:onAttach2onResume:com.stv.shopping----end:time='512764120'
08-16 14:44:57.687 I/AnalysisLog( 3007): Plugin:onAttach2onResume:com.stv.plugin.kids----end:time='512764120'
08-16 14:44:57.687 I/AnalysisLog( 3007): Plugin:onAttach2onResume:com.stv.plugin.app----end:time='512764120'
08-16 14:44:57.687 I/AnalysisLog( 3007): Plugin:onAttach2onResume:com.stv.plugin.ucenter----end:time='512764120'
08-16 14:44:57.706 I/tvos    ( 1764): [37m[INFO] Change to Voltage: 1150 mV (0x22)[m
08-16 14:44:57.706 I/tvos    ( 1764): [37m[INFO] Change to Voltage: 1150 mV (0x25)[m
08-16 14:44:57.708 W/InputDispatcher( 2207): Focus entered window: Window{23c0535 u0 com.stv.launcher/com.stv.launcher.ui.activity.Launcher}
08-16 14:44:57.708 I/tvos    ( 1764): [37m[INFO] Change to Voltage: 1150 mV (0x28)[m
08-16 14:44:57.709 I/tvos    ( 1764): [37m[INFO] Change to Voltage: 1150 mV (0x2B)[m
08-16 14:44:57.711 I/tvos    ( 1764): [37m[INFO] Change to Voltage: 1150 mV (0x2E)[m
08-16 14:44:57.712 I/tvos    ( 1764): [37m[INFO] Change to Voltage: 1150 mV (0x2E)[m
08-16 14:44:57.715 E/BufferQueueProducer( 1749): [com.stv.launcher/com.stv.launcher.ui.activity.Launcher] connect(P): already connected (cur=1 req=1)
08-16 14:44:57.718 E/LETV_DEVICE( 1780): no name sn for Mstar
08-16 14:44:57.720 I/AppPlugin( 3007): AppRecyclerView -- onTouchModeChanged itemInfo = [ title = 超级影视 packageName = com.letv.tv className = com.letv.tv.player.PlayActivity type = 0 flags = 953728709 ]
08-16 14:44:57.722 I/GlobalFocusChangedListe( 3007): com.stv.plugin.app.widget.AppCellView
08-16 14:44:57.740 E/ActivityThread( 2837): Failed to find provider info for com.letv.agnes.InfoProvider
08-16 14:44:57.741 E/ActivityThread( 2837): Failed to find provider info for com.letv.agnes.InfoProvider
08-16 14:44:57.741 W/System.err( 2837): java.lang.IllegalArgumentException: Unknown URL content://com.letv.agnes.InfoProvider
08-16 14:44:57.741 W/System.err( 2837): 	at android.content.ContentResolver.insert(ContentResolver.java:1227)
08-16 14:44:57.741 W/System.err( 2837): 	at com.letv.tracker2.agnes.Configuration.addDebugInfo(Configuration.java:289)
08-16 14:44:57.741 W/System.err( 2837): 	at com.letv.tracker2.agnes.MessageProcessor$SendEnvMsgTr$1.handleMessage(MessageProcessor.java:661)
08-16 14:44:57.741 W/System.err( 2837): 	at android.os.Handler.dispatchMessage(Handler.java:102)
08-16 14:44:57.741 W/System.err( 2837): 	at android.os.Looper.loop(Looper.java:148)
08-16 14:44:57.741 W/System.err( 2837): 	at com.letv.tracker2.agnes.MessageProcessor$SendEnvMsgTr.run(MessageProcessor.java:665)
08-16 14:44:57.751 I/[T1.0.6.3]EuiAgnes_Server( 2837): resCode:1
08-16 14:44:57.751 I/[T1.0.6.3]EuiAgnes_Server( 2837): b[0]:0
08-16 14:44:57.782 I/tvos    ( 1764): GetAudioOutputDevice, retval : 0
08-16 14:44:57.799 I/StvLogReport( 2837): StargazerReportTask, action=appClose&name=设置&packagename=com.stv.globalsetting&versionCode=1&appVersionName=1.0&appType=1&mark=79&totalTime=52
08-16 14:44:57.808 I/StvLogReport( 2837): StargazerReportTask, reponse2 : {"status":"OK","statusCode":200,"message":"succeefully"}
08-16 14:44:57.820 E/LETV_DEVICE( 1780): no name sn for Mstar
08-16 14:44:57.882 I/LetvManager-LogReport( 1780): [send_msg] line: 490 report url = http://log.hdtv.cp21.ott.cibntv.net:80/api/log/tvAction
08-16 14:44:57.894 E/ActivityThread( 2837): Failed to find provider info for com.letv.agnes.InfoProvider
08-16 14:44:57.896 E/ActivityThread( 2837): Failed to find provider info for com.letv.agnes.InfoProvider
08-16 14:44:57.896 W/System.err( 2837): java.lang.IllegalArgumentException: Unknown URL content://com.letv.agnes.InfoProvider
08-16 14:44:57.896 W/System.err( 2837): 	at android.content.ContentResolver.insert(ContentResolver.java:1227)
08-16 14:44:57.896 W/System.err( 2837): 	at com.letv.tracker2.agnes.Configuration.addDebugInfo(Configuration.java:289)
08-16 14:44:57.896 W/System.err( 2837): 	at com.letv.tracker2.agnes.MessageProcessor$SendEnvMsgTr$1.handleMessage(MessageProcessor.java:661)
08-16 14:44:57.896 W/System.err( 2837): 	at android.os.Handler.dispatchMessage(Handler.java:102)
08-16 14:44:57.898 W/System.err( 2837): 	at android.os.Looper.loop(Looper.java:148)
08-16 14:44:57.898 W/System.err( 2837): 	at com.letv.tracker2.agnes.MessageProcessor$SendEnvMsgTr.run(MessageProcessor.java:665)
08-16 14:44:57.904 I/[T1.0.6.3]EuiAgnes_Server( 2837): resCode:1
08-16 14:44:57.904 I/[T1.0.6.3]EuiAgnes_Server( 2837): b[0]:0
08-16 14:44:57.961 I/AppPlugin( 3007): AppFolderItem --  updateSuperscriptView msg count = -1type = -1
08-16 14:44:57.962 I/AppPlugin( 3007): AppFolderItem --  updateSuperscriptView msg count = -1type = -1
08-16 14:44:57.962 I/AppPlugin( 3007): AppFolderItem --  updateSuperscriptView msg count = -1type = -1
08-16 14:44:57.962 I/ActivityManager( 2207): Displayed com.stv.launcher/.ui.activity.Launcher: +307ms
08-16 14:44:57.963 I/AppPlugin( 3007): CellView --  updateSuperscriptView msg count = -1type = -1
08-16 14:44:57.963 W/ContextImpl( 2207): Calling a method in the system process without a qualified user: android.app.ContextImpl.sendBroadcast:766 com.android.server.am.ActivityRecord.reportLaunchTimeLocked:1056 com.android.server.am.ActivityRecord.windowsDrawnLocked:1080 com.android.server.am.ActivityRecord$Token.windowsDrawn:345 com.android.server.wm.WindowManagerService$H.handleMessage:8042 
08-16 14:44:57.963 I/AppPlugin( 3007): CellView --  updateSuperscriptView msg count = -1type = -1
08-16 14:44:57.964 W/ContextImpl( 2613): Calling a method in the system process without a qualified user: android.app.ContextImpl.startService:1224 android.content.ContextWrapper.startService:581 com.stv.helper.service.TvMasterService.noteLaunchTime:169 letv.tvmaster.ITvMasterService$Stub.onTransact:136 android.os.Binder.execTransact:453 
08-16 14:44:58.033 I/tvos    ( 1764): GetAudioOutputDevice, retval : 0
08-16 14:44:58.051 I/AppPlugin( 3007): ReportLogUtil -- startExposureReport
08-16 14:44:58.090 I/LetvManager-LogReport( 1780): [send_msg] line: 490 report url = http://log.hdtv.cp21.ott.cibntv.net:80/api/log/tvAction
08-16 14:44:58.283 I/tvos    ( 1764): GetAudioOutputDevice, retval : 0
08-16 14:44:58.379 I/art     ( 2822): Starting a blocking GC Explicit
08-16 14:44:58.416 I/art     ( 2822): Explicit concurrent mark sweep GC freed 38844(1708KB) AllocSpace objects, 0(0B) LOS objects, 38% free, 25MB/41MB, paused 313us total 36.871ms
08-16 14:44:58.425 E/System  ( 2822): Uncaught exception thrown by finalizer
08-16 14:44:58.426 E/System  ( 2822): java.lang.NullPointerException: Attempt to invoke interface method 'android.os.IBinder com.android.internal.app.IAppOpsCallback.asBinder()' on a null object reference
08-16 14:44:58.426 E/System  ( 2822): 	at android.os.Parcel.readException(Parcel.java:1605)
08-16 14:44:58.426 E/System  ( 2822): 	at android.os.Parcel.readException(Parcel.java:1552)
08-16 14:44:58.426 E/System  ( 2822): 	at com.android.internal.app.IAppOpsService$Stub$Proxy.stopWatchingMode(IAppOpsService.java:420)
08-16 14:44:58.426 E/System  ( 2822): 	at android.media.SoundPool.release(SoundPool.java:194)
08-16 14:44:58.426 E/System  ( 2822): 	at android.media.SoundPool.finalize(SoundPool.java:203)
08-16 14:44:58.426 E/System  ( 2822): 	at java.lang.Daemons$FinalizerDaemon.doFinalize(Daemons.java:202)
08-16 14:44:58.426 E/System  ( 2822): 	at java.lang.Daemons$FinalizerDaemon.run(Daemons.java:185)
08-16 14:44:58.426 E/System  ( 2822): 	at java.lang.Thread.run(Thread.java:818)
08-16 14:44:58.438 I/art     ( 2822): Starting a blocking GC Explicit
08-16 14:44:58.457 I/art     ( 2822): Explicit concurrent mark sweep GC freed 6799(664KB) AllocSpace objects, 0(0B) LOS objects, 39% free, 24MB/40MB, paused 324us total 19.382ms
08-16 14:44:58.457 I/art     ( 2822): Starting a blocking GC Explicit
08-16 14:44:58.474 I/art     ( 2822): Explicit concurrent mark sweep GC freed 3(96B) AllocSpace objects, 0(0B) LOS objects, 39% free, 24MB/40MB, paused 406us total 16.004ms
08-16 14:44:58.482 W/InputDispatcher( 2207): Window went away: Window{d9ef229 u0 com.stv.globalsetting/com.stv.globalsetting.activity.NetworkActivity}
08-16 14:44:58.493 W/InputDispatcher( 2207): findFocusedWindow finished: injectionResult=0, timeSpentWaitingForApplication=0.0ms
08-16 14:44:58.493 I/AppPlugin( 3007): AppWorkspace -- dispatchKeyEvent folderWorkspace back event no respose,so force hide folderWorkspace.
08-16 14:44:58.497 I/GlobalFocusChangedListe( 3007): com.stv.launcher.ui.widget.TabItemNew
08-16 14:44:58.512 W/InputDispatcher( 2207): findFocusedWindow finished: injectionResult=0, timeSpentWaitingForApplication=0.0ms
08-16 14:44:58.534 I/tvos    ( 1764): GetAudioOutputDevice, retval : 0
08-16 14:44:58.551 I/AppPlugin( 3007): ReportLogUtil -- startExposureReport
08-16 14:44:58.693 I/AppPlugin( 3007): AppFragment --  find index 0 view = Background {mUrl = http://picture-scloud.cp21.ott.cibntv.net/stargazer/1532585612302_1103 isTimeOut = false type = 2 mPluginID = null isDied = false}
08-16 14:44:58.693 I/AppPlugin( 3007): AppFragment --  remove bg 
08-16 14:44:58.737 E/LetvRemoteupgradeManager-JNI( 2613): can't get LetvManager service!
08-16 14:44:58.765 I/tvos    ( 1764): bq32kDriver:rtc_read_time.
08-16 14:44:58.765 I/tvos    ( 1764): [hq]rtc_read_time: read 0x58 0x44 0xc6 0x05 0x16 0x08 0x18
08-16 14:44:58.765 I/tvos    ( 1764): rtc_read_time: date 58s 44m 6h 16md 7m 118y
08-16 14:44:58.765 I/tvos    ( 1764): rtc read time:2018-8-16 6:44:58.
08-16 14:44:58.765 I/tvos    ( 1764): tm_year = 2018, tm_mon = 8, tm_mday = 16, tm_hour = 6,tm_min= 44,  tm_sec = 58
08-16 14:44:58.765 I/tvos    ( 1764): timeSeconds:1534401898 rtcTimeSeconds:1534401898.
08-16 14:44:58.784 I/tvos    ( 1764): GetAudioOutputDevice, retval : 0
08-16 14:44:59.034 I/tvos    ( 1764): GetAudioOutputDevice, retval : 0
08-16 14:44:59.160 W/InputDispatcher( 2207): findFocusedWindow finished: injectionResult=0, timeSpentWaitingForApplication=0.0ms
08-16 14:44:59.166 W/InputDispatcher( 2207): findFocusedWindow finished: injectionResult=0, timeSpentWaitingForApplication=0.0ms
08-16 14:44:59.285 I/tvos    ( 1764): GetAudioOutputDevice, retval : 0
08-16 14:44:59.535 I/tvos    ( 1764): GetAudioOutputDevice, retval : 0
08-16 14:44:59.672 W/InputDispatcher( 2207): findFocusedWindow finished: injectionResult=0, timeSpentWaitingForApplication=0.0ms
08-16 14:44:59.678 W/InputDispatcher( 2207): findFocusedWindow finished: injectionResult=0, timeSpentWaitingForApplication=0.0ms
08-16 14:44:59.689 E/LETV_DEVICE( 1780): no name sn for Mstar
08-16 14:44:59.693 I/AppPlugin( 3007): AppFragment -- handlerData isRefreshedUI = true isCanUpdate() = true isCanInit() = true
08-16 14:44:59.693 I/StvLogReport( 2837): StargazerReportTask, action=desktopShow&desktop=5&packageName=com.stv.plugin.app
08-16 14:44:59.698 I/LetvManager-LogReport( 1780): [send_msg] line: 490 report url = http://log.hdtv.cp21.ott.cibntv.net:80/api/log/tvAction
08-16 14:44:59.699 E/ActivityThread( 2837): Failed to find provider info for com.letv.agnes.InfoProvider
08-16 14:44:59.701 E/ActivityThread( 2837): Failed to find provider info for com.letv.agnes.InfoProvider
08-16 14:44:59.701 W/System.err( 2837): java.lang.IllegalArgumentException: Unknown URL content://com.letv.agnes.InfoProvider
08-16 14:44:59.702 W/System.err( 2837): 	at android.content.ContentResolver.insert(ContentResolver.java:1227)
08-16 14:44:59.702 W/System.err( 2837): 	at com.letv.tracker2.agnes.Configuration.addDebugInfo(Configuration.java:289)
08-16 14:44:59.702 W/System.err( 2837): 	at com.letv.tracker2.agnes.MessageProcessor$SendEnvMsgTr$1.handleMessage(MessageProcessor.java:661)
08-16 14:44:59.702 W/System.err( 2837): 	at android.os.Handler.dispatchMessage(Handler.java:102)
08-16 14:44:59.702 W/System.err( 2837): 	at android.os.Looper.loop(Looper.java:148)
08-16 14:44:59.702 W/System.err( 2837): 	at com.letv.tracker2.agnes.MessageProcessor$SendEnvMsgTr.run(MessageProcessor.java:665)
08-16 14:44:59.705 I/[T1.0.6.3]EuiAgnes_Server( 2837): resCode:1
08-16 14:44:59.705 I/[T1.0.6.3]EuiAgnes_Server( 2837): b[0]:0
08-16 14:44:59.786 I/tvos    ( 1764): GetAudioOutputDevice, retval : 0
08-16 14:44:59.819 I/StvLogReport( 2837): StargazerReportTask, reponse2 : {"status":"OK","statusCode":200,"message":"succeefully"}
08-16 14:45:00.036 I/tvos    ( 1764): GetAudioOutputDevice, retval : 0
08-16 14:45:00.286 I/tvos    ( 1764): GetAudioOutputDevice, retval : 0
08-16 14:45:00.537 I/tvos    ( 1764): GetAudioOutputDevice, retval : 0
08-16 14:45:00.552 I/PluginFramework -- WidgetManager( 3007): getWidget id =#com.stv.plugin.app#
08-16 14:45:00.552 I/PluginFramework -- WidgetManager( 3007): getWidget widget = Widget{, mWidgetId=com.stv.plugin.app, mState=15, mLocation='/data/user/0/com.stv.launcher/files/plugins/com.stv.plugin.app_LetvAppPlugin_2.5.0.005_2018050710.apk', mVersionName='2.5.0.005', mVersionCode=2018050710, mName='LetvAppPlugin', mDexDir='/data/user/0/com.stv.launcher/files/plugins_data/com.stv.plugin.app/dex/', mLibDir='/data/user/0/com.stv.launcher/files/plugins_data/com.stv.plugin.app/libs/', mDataDir='/data/user/0/com.stv.launcher/files/plugins_data/com.stv.plugin.app'}
08-16 14:45:00.553 I/PluginFramework -- WidgetManager( 3007): getWidget id =#com.stv.plugin.app#
08-16 14:45:00.553 I/PluginFramework -- WidgetManager( 3007): getWidget widget = Widget{, mWidgetId=com.stv.plugin.app, mState=15, mLocation='/data/user/0/com.stv.launcher/files/plugins/com.stv.plugin.app_LetvAppPlugin_2.5.0.005_2018050710.apk', mVersionName='2.5.0.005', mVersionCode=2018050710, mName='LetvAppPlugin', mDexDir='/data/user/0/com.stv.launcher/files/plugins_data/com.stv.plugin.app/dex/', mLibDir='/data/user/0/com.stv.launcher/files/plugins_data/com.stv.plugin.app/libs/', mDataDir='/data/user/0/com.stv.launcher/files/plugins_data/com.stv.plugin.app'}
08-16 14:45:00.554 I/PluginFramework -- WidgetManager( 3007): getWidget id =#com.stv.plugin.app#
08-16 14:45:00.554 I/PluginFramework -- WidgetManager( 3007): getWidget widget = Widget{, mWidgetId=com.stv.plugin.app, mState=15, mLocation='/data/user/0/com.stv.launcher/files/plugins/com.stv.plugin.app_LetvAppPlugin_2.5.0.005_2018050710.apk', mVersionName='2.5.0.005', mVersionCode=2018050710, mName='LetvAppPlugin', mDexDir='/data/user/0/com.stv.launcher/files/plugins_data/com.stv.plugin.app/dex/', mLibDir='/data/user/0/com.stv.launcher/files/plugins_data/com.stv.plugin.app/libs/', mDataDir='/data/user/0/com.stv.launcher/files/plugins_data/com.stv.plugin.app'}
08-16 14:45:00.554 I/PluginFramework -- WidgetManager( 3007): getWidget id =#com.stv.plugin.app#
08-16 14:45:00.554 I/PluginFramework -- WidgetManager( 3007): getWidget widget = Widget{, mWidgetId=com.stv.plugin.app, mState=15, mLocation='/data/user/0/com.stv.launcher/files/plugins/com.stv.plugin.app_LetvAppPlugin_2.5.0.005_2018050710.apk', mVersionName='2.5.0.005', mVersionCode=2018050710, mName='LetvAppPlugin', mDexDir='/data/user/0/com.stv.launcher/files/plugins_data/com.stv.plugin.app/dex/', mLibDir='/data/user/0/com.stv.launcher/files/plugins_data/com.stv.plugin.app/libs/', mDataDir='/data/user/0/com.stv.launcher/files/plugins_data/com.stv.plugin.app'}
08-16 14:45:00.555 I/PluginFramework -- WidgetManager( 3007): getWidget id =#com.stv.plugin.app#
08-16 14:45:00.556 I/PluginFramework -- WidgetManager( 3007): getWidget widget = Widget{, mWidgetId=com.stv.plugin.app, mState=15, mLocation='/data/user/0/com.stv.launcher/files/plugins/com.stv.plugin.app_LetvAppPlugin_2.5.0.005_2018050710.apk', mVersionName='2.5.0.005', mVersionCode=2018050710, mName='LetvAppPlugin', mDexDir='/data/user/0/com.stv.launcher/files/plugins_data/com.stv.plugin.app/dex/', mLibDir='/data/user/0/com.stv.launcher/files/plugins_data/com.stv.plugin.app/libs/', mDataDir='/data/user/0/com.stv.launcher/files/plugins_data/com.stv.plugin.app'}
08-16 14:45:00.556 I/PluginFramework -- WidgetManager( 3007): getWidget id =#com.stv.plugin.app#
08-16 14:45:00.556 I/PluginFramework -- WidgetManager( 3007): getWidget widget = Widget{, mWidgetId=com.stv.plugin.app, mState=15, mLocation='/data/user/0/com.stv.launcher/files/plugins/com.stv.plugin.app_LetvAppPlugin_2.5.0.005_2018050710.apk', mVersionName='2.5.0.005', mVersionCode=2018050710, mName='LetvAppPlugin', mDexDir='/data/user/0/com.stv.launcher/files/plugins_data/com.stv.plugin.app/dex/', mLibDir='/data/user/0/com.stv.launcher/files/plugins_data/com.stv.plugin.app/libs/', mDataDir='/data/user/0/com.stv.launcher/files/plugins_data/com.stv.plugin.app'}
08-16 14:45:00.557 I/PluginFramework -- WidgetManager( 3007): getWidget id =#com.stv.plugin.app#
08-16 14:45:00.557 I/PluginFramework -- WidgetManager( 3007): getWidget widget = Widget{, mWidgetId=com.stv.plugin.app, mState=15, mLocation='/data/user/0/com.stv.launcher/files/plugins/com.stv.plugin.app_LetvAppPlugin_2.5.0.005_2018050710.apk', mVersionName='2.5.0.005', mVersionCode=2018050710, mName='LetvAppPlugin', mDexDir='/data/user/0/com.stv.launcher/files/plugins_data/com.stv.plugin.app/dex/', mLibDir='/data/user/0/com.stv.launcher/files/plugins_data/com.stv.plugin.app/libs/', mDataDir='/data/user/0/com.stv.launcher/files/plugins_data/com.stv.plugin.app'}
08-16 14:45:00.559 I/PluginFramework -- WidgetManager( 3007): getWidget id =#com.stv.plugin.app#
08-16 14:45:00.560 I/PluginFramework -- WidgetManager( 3007): getWidget widget = Widget{, mWidgetId=com.stv.plugin.app, mState=15, mLocation='/data/user/0/com.stv.launcher/files/plugins/com.stv.plugin.app_LetvAppPlugin_2.5.0.005_2018050710.apk', mVersionName='2.5.0.005', mVersionCode=2018050710, mName='LetvAppPlugin', mDexDir='/data/user/0/com.stv.launcher/files/plugins_data/com.stv.plugin.app/dex/', mLibDir='/data/user/0/com.stv.launcher/files/plugins_data/com.stv.plugin.app/libs/', mDataDir='/data/user/0/com.stv.launcher/files/plugins_data/com.stv.plugin.app'}
08-16 14:45:00.560 I/PluginFramework -- WidgetManager( 3007): getWidget id =#com.stv.plugin.app#
08-16 14:45:00.560 I/PluginFramework -- WidgetManager( 3007): getWidget widget = Widget{, mWidgetId=com.stv.plugin.app, mState=15, mLocation='/data/user/0/com.stv.launcher/files/plugins/com.stv.plugin.app_LetvAppPlugin_2.5.0.005_2018050710.apk', mVersionName='2.5.0.005', mVersionCode=2018050710, mName='LetvAppPlugin', mDexDir='/data/user/0/com.stv.launcher/files/plugins_data/com.stv.plugin.app/dex/', mLibDir='/data/user/0/com.stv.launcher/files/plugins_data/com.stv.plugin.app/libs/', mDataDir='/data/user/0/com.stv.launcher/files/plugins_data/com.stv.plugin.app'}
08-16 14:45:00.689 I/Launcher( 3007): [com.stv.launcher] AdvertisingModel -- getData fromCache = false
08-16 14:45:00.689 I/Launcher( 3007): [com.stv.launcher] AdvertisingModel -- getData url = http://stargazer-sandbox.scloud.cp21.ott.cibntv.net/proxy/api/v1/promotion?mac=b01bd2542d51&posid=launcher_tab,launcher_logo,launcher_background,launcher_tab_isnew
08-16 14:45:00.705 I/LetvManager-LogReport( 1780): [send_msg] line: 490 report url = http://log.hdtv.cp21.ott.cibntv.net:80/api/log/tvAction
08-16 14:45:00.740 I/Launcher( 3007): [com.stv.launcher] AdvertisingPresenter -- launcher_logo beginTime :Wed Dec 13 00:00:00 GMT+08:00 2017 end :Thu Dec 14 14:00:00 GMT+08:00 2017 now :Thu Aug 16 14:45:00 GMT+08:00 2018 isTimeout :true
08-16 14:45:00.740 I/Launcher( 3007): [com.stv.launcher] AdvertisingPresenter -- launcher_tab beginTime :Tue Jul 17 00:00:00 GMT+08:00 2018 end :Mon Oct 01 00:00:00 GMT+08:00 2018 now :Thu Aug 16 14:45:00 GMT+08:00 2018 isTimeout :false
08-16 14:45:00.741 I/Launcher( 3007): [com.stv.launcher] AdvertisingPresenter -- launcher_background beginTime :Tue Jul 17 00:00:00 GMT+08:00 2018 end :Mon Oct 01 00:00:00 GMT+08:00 2018 now :Thu Aug 16 14:45:00 GMT+08:00 2018 isTimeout :false
08-16 14:45:00.741 I/Launcher( 3007): [com.stv.launcher] AdvertisingPresenter -- updateView dataList : [img_url = http://picture-scloud.cp21.ott.cibntv.net/stargazer/1531809918780_3441 begin_time = 1531756800000 end_time = 1538323200000 open = 0 tab_id = com.stv.local.tencent position = launcher_tab, img_url = http://picture-scloud.cp21.ott.cibntv.net/stargazer/1532585612302_1103 begin_time = 1531756800000 end_time = 1538323200000 open = 0 tab_id = null position = launcher_background]
08-16 14:45:00.744 I/Launcher( 3007): [com.stv.launcher] AdvertisingPresenter --  updateTab : img_url = http://picture-scloud.cp21.ott.cibntv.net/stargazer/1531809918780_3441 begin_time = 1531756800000 end_time = 1538323200000 open = 0 tab_id = com.stv.local.tencent position = launcher_tab
08-16 14:45:00.745 I/Launcher( 3007): [com.stv.launcher] AdvertisingPresenter --  updateBackground img_url = http://picture-scloud.cp21.ott.cibntv.net/stargazer/1532585612302_1103 begin_time = 1531756800000 end_time = 1538323200000 open = 0 tab_id = null position = launcher_background
08-16 14:45:00.755 I/Launcher( 3007): [com.stv.launcher] AdvertisingPresenter --  updateTab cachedView null
08-16 14:45:00.755 I/Launcher( 3007): [com.stv.launcher] AdvertisingPresenter --  updateTab pluginId = com.stv.local.tencent imageUrl = http://picture-scloud.cp21.ott.cibntv.net/stargazer/1531809918780_3441
08-16 14:45:00.755 I/Launcher( 3007): [com.stv.launcher] AdvertisingPresenter --  updateAdView begin ---
08-16 14:45:00.755 I/Launcher( 3007): [com.stv.launcher] AdvertisingPresenter --  setCacheViewDied type = 3
08-16 14:45:00.755 I/Launcher( 3007): [com.stv.launcher] AdvertisingPresenter -- TAB beginTime :Tue Jul 17 00:00:00 GMT+08:00 2018 end :Mon Oct 01 00:00:00 GMT+08:00 2018 now :Thu Aug 16 14:45:00 GMT+08:00 2018 isTimeout :false
08-16 14:45:00.755 I/Launcher( 3007): [com.stv.launcher] AdvertisingPresenter --  updateAdView  canNew = true now = 1534401900755 nowSecond = 1534401900
08-16 14:45:00.755 I/Launcher( 3007): [com.stv.launcher] AdvertisingPresenter --  updateAdView ,find tabAdView = null
08-16 14:45:00.755 I/Launcher( 3007): [com.stv.launcher] AdvertisingPresenter --  checkShowOrHide  
08-16 14:45:00.756 I/Launcher( 3007): [com.stv.launcher] AdvertisingPresenter --  updateAdView end ---
08-16 14:45:00.756 I/Launcher( 3007): [com.stv.launcher] AdvertisingPresenter --  updateBackground cachedView Background {mUrl = http://picture-scloud.cp21.ott.cibntv.net/stargazer/1532585612302_1103 isTimeOut = true type = 2 mPluginID = null isDied = false}
08-16 14:45:00.756 I/Launcher( 3007): [com.stv.launcher] AdvertisingPresenter --  updateAdView begin ---
08-16 14:45:00.756 I/Launcher( 3007): [com.stv.launcher] AdvertisingPresenter --  updateAdView  canNew = false now = 1534401900756 nowSecond = 1534401900
08-16 14:45:00.756 I/Launcher( 3007): [com.stv.launcher] AdvertisingPresenter --  checkShowOrHide  
08-16 14:45:00.756 I/Launcher( 3007): [com.stv.launcher] AdvertisingPresenter --  updateAdView end ---
08-16 14:45:00.787 I/tvos    ( 1764): GetAudioOutputDevice, retval : 0
08-16 14:45:00.872 I/Launcher( 3007): [com.stv.launcher] AdvertisingView -- ---show ----Background {mUrl = http://picture-scloud.cp21.ott.cibntv.net/stargazer/1532585612302_1103 isTimeOut = false type = 2 mPluginID = null isDied = false}
08-16 14:45:00.911 I/LetvManager-LogReport( 1780): [send_msg] line: 490 report url = http://log.hdtv.cp21.ott.cibntv.net:80/api/log/tvAction
08-16 14:45:01.038 I/tvos    ( 1764): GetAudioOutputDevice, retval : 0
08-16 14:45:01.115 I/LetvManager-LogReport( 1780): [send_msg] line: 490 report url = http://log.hdtv.cp21.ott.cibntv.net:80/api/log/tvAction
08-16 14:45:01.288 I/tvos    ( 1764): GetAudioOutputDevice, retval : 0
08-16 14:45:01.319 I/LetvManager-LogReport( 1780): [send_msg] line: 490 report url = http://log.hdtv.cp21.ott.cibntv.net:80/api/log/tvAction
08-16 14:45:01.401 W/InputDispatcher( 2207): findFocusedWindow finished: injectionResult=0, timeSpentWaitingForApplication=0.0ms
08-16 14:45:01.405 W/InputDispatcher( 2207): findFocusedWindow finished: injectionResult=0, timeSpentWaitingForApplication=0.0ms
08-16 14:45:01.439 E/InternetUtils( 4594): java.net.SocketTimeoutException: failed to connect to www.cibn.com/61.133.127.115 (port 80) after 3000ms
08-16 14:45:01.526 I/LetvManager-LogReport( 1780): [send_msg] line: 490 report url = http://log.hdtv.cp21.ott.cibntv.net:80/api/log/tvAction
08-16 14:45:01.539 I/tvos    ( 1764): GetAudioOutputDevice, retval : 0
08-16 14:45:01.729 I/LetvManager-LogReport( 1780): [send_msg] line: 490 report url = http://log.hdtv.cp21.ott.cibntv.net:80/api/log/tvAction
08-16 14:45:01.737 E/LetvRemoteupgradeManager-JNI( 2613): can't get LetvManager service!
08-16 14:45:01.789 I/tvos    ( 1764): GetAudioOutputDevice, retval : 0
08-16 14:45:01.933 I/LetvManager-LogReport( 1780): [send_msg] line: 490 report url = http://log.hdtv.cp21.ott.cibntv.net:80/api/log/tvAction
08-16 14:45:02.039 I/tvos    ( 1764): GetAudioOutputDevice, retval : 0
08-16 14:45:02.137 I/LetvManager-LogReport( 1780): [send_msg] line: 490 report url = http://log.hdtv.cp21.ott.cibntv.net:80/api/log/tvAction
08-16 14:45:02.290 I/tvos    ( 1764): GetAudioOutputDevice, retval : 0
08-16 14:45:02.342 I/LetvManager-LogReport( 1780): [send_msg] line: 490 report url = http://log.hdtv.cp21.ott.cibntv.net:80/api/log/tvAction
08-16 14:45:02.540 I/tvos    ( 1764): GetAudioOutputDevice, retval : 0
08-16 14:45:02.689 E/LETV_DEVICE( 1780): no name sn for Mstar
08-16 14:45:02.696 E/ActivityThread( 2837): Failed to find provider info for com.letv.agnes.InfoProvider
08-16 14:45:02.698 E/ActivityThread( 2837): Failed to find provider info for com.letv.agnes.InfoProvider
08-16 14:45:02.698 W/System.err( 2837): java.lang.IllegalArgumentException: Unknown URL content://com.letv.agnes.InfoProvider
08-16 14:45:02.698 W/System.err( 2837): 	at android.content.ContentResolver.insert(ContentResolver.java:1227)
08-16 14:45:02.699 W/System.err( 2837): 	at com.letv.tracker2.agnes.Configuration.addDebugInfo(Configuration.java:289)
08-16 14:45:02.699 W/System.err( 2837): 	at com.letv.tracker2.agnes.MessageProcessor$SendEnvMsgTr$1.handleMessage(MessageProcessor.java:661)
08-16 14:45:02.699 W/System.err( 2837): 	at android.os.Handler.dispatchMessage(Handler.java:102)
08-16 14:45:02.699 W/System.err( 2837): 	at android.os.Looper.loop(Looper.java:148)
08-16 14:45:02.699 W/System.err( 2837): 	at com.letv.tracker2.agnes.MessageProcessor$SendEnvMsgTr.run(MessageProcessor.java:665)
08-16 14:45:02.704 I/[T1.0.6.3]EuiAgnes_Server( 2837): resCode:1
08-16 14:45:02.704 I/[T1.0.6.3]EuiAgnes_Server( 2837): b[0]:0
08-16 14:45:02.750 I/LetvManager-LogReport( 1780): [send_msg] line: 490 report url = http://log.hdtv.cp21.ott.cibntv.net:80/api/log/tvAction
08-16 14:45:02.792 I/tvos    ( 1764): [37m[INFO] Change to Voltage: 1030 mV (0x2E)[m
08-16 14:45:02.792 I/tvos    ( 1764): [37m[INFO] Change to Voltage: 1030 mV (0x2B)[m
08-16 14:45:02.792 I/tvos    ( 1764): [37m[INFO] Change to Voltage: 1030 mV (0x28)[m
08-16 14:45:02.792 I/tvos    ( 1764): [37m[INFO] Change to Voltage: 1030 mV (0x25)[m
08-16 14:45:02.792 I/tvos    ( 1764): GetAudioOutputDevice, retval : 0
08-16 14:45:02.792 I/tvos    ( 1764): [37m[INFO] Change to Voltage: 1030 mV (0x22)[m
08-16 14:45:02.793 I/tvos    ( 1764): [37m[INFO] Change to Voltage: 1030 mV (0x22)[m
08-16 14:45:02.956 I/LetvManager-LogReport( 1780): [send_msg] line: 490 report url = http://log.hdtv.cp21.ott.cibntv.net:80/api/log/tvAction
08-16 14:45:03.041 I/tvos    ( 1764): GetAudioOutputDevice, retval : 0
08-16 14:45:03.087 I/System.out(23206): The phone type is: X4-40M
08-16 14:45:03.087 I/LetvTestCase(23206): ==========================case end time is :2018-8-16-2-45-3
08-16 14:45:03.088 I/TestRunner(23206): finished: testWifiSwitch(com.letv.cases.leui.SmokeSetting)
08-16 14:45:03.091 I/MonitoringInstrumentation(23206): Activities that are still in CREATED to STOPPED: 0
08-16 14:45:03.092 I/TestRunner(23206): run finished: 1 tests, 0 failed, 0 ignored
08-16 14:45:03.094 I/MonitoringInstrumentation(23206): waitForActivitiesToComplete() took: 0ms
08-16 14:45:03.094 I/MonitoringInstrumentation(23206): Activities that are still in CREATED to STOPPED: 0
08-16 14:45:03.095 W/WindowManager( 2207): Attempted to remove non-existing token: android.os.Binder@4549f5a
08-16 14:45:03.292 I/tvos    ( 1764): GetAudioOutputDevice, retval : 0
08-16 14:45:03.371 I/ActivityManager( 2207): Force stopping com.le.tcauto.uitest appid=10097 user=0: finished inst
08-16 14:45:03.371 I/ActivityManager( 2207): Killing 23206:com.le.tcauto.uitest/u0a97 (adj 0): stop com.le.tcauto.uitest
08-16 14:45:03.379 W/ActivityManager( 2207): Error shutting down UiAutomationConnection
08-16 14:45:03.543 I/tvos    ( 1764): GetAudioOutputDevice, retval : 0
08-16 14:45:03.793 I/tvos    ( 1764): GetAudioOutputDevice, retval : 0
08-16 14:45:04.044 I/tvos    ( 1764): GetAudioOutputDevice, retval : 0
08-16 14:45:04.294 I/tvos    ( 1764): GetAudioOutputDevice, retval : 0
08-16 14:45:04.544 I/tvos    ( 1764): GetAudioOutputDevice, retval : 0
08-16 14:45:04.584 I/reService( 2207): onReportKeyEvent  type=type0 keycode=4*4*4*4*4 
08-16 14:45:04.585 E/LETV_DEVICE( 1780): no name sn for Mstar
08-16 14:45:04.608 E/ActivityThread( 2837): Failed to find provider info for com.letv.agnes.InfoProvider
08-16 14:45:04.609 E/ActivityThread( 2837): Failed to find provider info for com.letv.agnes.InfoProvider
08-16 14:45:04.609 W/System.err( 2837): java.lang.IllegalArgumentException: Unknown URL content://com.letv.agnes.InfoProvider
08-16 14:45:04.609 W/System.err( 2837): 	at android.content.ContentResolver.insert(ContentResolver.java:1227)
08-16 14:45:04.610 W/System.err( 2837): 	at com.letv.tracker2.agnes.Configuration.addDebugInfo(Configuration.java:289)
08-16 14:45:04.610 W/System.err( 2837): 	at com.letv.tracker2.agnes.MessageProcessor$SendEnvMsgTr$1.handleMessage(MessageProcessor.java:661)
08-16 14:45:04.610 W/System.err( 2837): 	at android.os.Handler.dispatchMessage(Handler.java:102)
08-16 14:45:04.610 W/System.err( 2837): 	at android.os.Looper.loop(Looper.java:148)
08-16 14:45:04.610 W/System.err( 2837): 	at com.letv.tracker2.agnes.MessageProcessor$SendEnvMsgTr.run(MessageProcessor.java:665)
08-16 14:45:04.611 I/[T1.0.6.3]EuiAgnes_Server( 2837): resCode:1
08-16 14:45:04.611 I/[T1.0.6.3]EuiAgnes_Server( 2837): b[0]:0
08-16 14:45:04.738 E/LetvRemoteupgradeManager-JNI( 2613): can't get LetvManager service!
08-16 14:45:04.795 I/tvos    ( 1764): GetAudioOutputDevice, retval : 0
08-16 14:45:05.045 I/tvos    ( 1764): GetAudioOutputDevice, retval : 0
08-16 14:45:05.296 I/tvos    ( 1764): GetAudioOutputDevice, retval : 0
08-16 14:45:05.546 I/tvos    ( 1764): GetAudioOutputDevice, retval : 0
08-16 14:45:05.797 I/tvos    ( 1764): GetAudioOutputDevice, retval : 0
08-16 14:45:06.047 I/tvos    ( 1764): GetAudioOutputDevice, retval : 0
08-16 14:45:06.298 I/tvos    ( 1764): GetAudioOutputDevice, retval : 0
08-16 14:45:06.548 I/tvos    ( 1764): GetAudioOutputDevice, retval : 0
08-16 14:45:06.799 I/tvos    ( 1764): GetAudioOutputDevice, retval : 0
08-16 14:45:07.049 I/tvos    ( 1764): GetAudioOutputDevice, retval : 0
08-16 14:45:07.299 I/tvos    ( 1764): GetAudioOutputDevice, retval : 0
08-16 14:45:07.550 I/tvos    ( 1764): GetAudioOutputDevice, retval : 0
08-16 14:45:07.738 E/LetvRemoteupgradeManager-JNI( 2613): can't get LetvManager service!
08-16 14:45:07.800 I/tvos    ( 1764): GetAudioOutputDevice, retval : 0
08-16 14:45:08.051 I/tvos    ( 1764): GetAudioOutputDevice, retval : 0
08-16 14:45:08.301 I/tvos    ( 1764): GetAudioOutputDevice, retval : 0
08-16 14:45:08.552 I/tvos    ( 1764): GetAudioOutputDevice, retval : 0
08-16 14:45:08.802 I/tvos    ( 1764): GetAudioOutputDevice, retval : 0
08-16 14:45:09.052 I/tvos    ( 1764): GetAudioOutputDevice, retval : 0
08-16 14:45:09.303 I/tvos    ( 1764): GetAudioOutputDevice, retval : 0
08-16 14:45:09.554 I/tvos    ( 1764): GetAudioOutputDevice, retval : 0
08-16 14:45:09.804 I/tvos    ( 1764): GetAudioOutputDevice, retval : 0
08-16 14:45:10.054 I/tvos    ( 1764): GetAudioOutputDevice, retval : 0
08-16 14:45:10.305 I/tvos    ( 1764): GetAudioOutputDevice, retval : 0
08-16 14:45:10.555 I/tvos    ( 1764): GetAudioOutputDevice, retval : 0
08-16 14:45:10.739 E/LetvRemoteupgradeManager-JNI( 2613): can't get LetvManager service!
08-16 14:45:10.806 I/tvos    ( 1764): GetAudioOutputDevice, retval : 0
08-16 14:45:11.056 I/tvos    ( 1764): GetAudioOutputDevice, retval : 0
08-16 14:45:11.306 I/tvos    ( 1764): GetAudioOutputDevice, retval : 0
08-16 14:45:11.557 I/tvos    ( 1764): GetAudioOutputDevice, retval : 0
08-16 14:45:11.807 I/tvos    ( 1764): GetAudioOutputDevice, retval : 0
08-16 14:45:12.058 I/tvos    ( 1764): GetAudioOutputDevice, retval : 0
08-16 14:45:12.308 I/tvos    ( 1764): GetAudioOutputDevice, retval : 0
08-16 14:45:12.559 I/tvos    ( 1764): GetAudioOutputDevice, retval : 0
08-16 14:45:12.786 I/tvos    ( 1764): [37m[INFO] Change to Voltage: 1150 mV (0x22)[m
08-16 14:45:12.786 I/tvos    ( 1764): [37m[INFO] Change to Voltage: 1150 mV (0x25)[m
08-16 14:45:12.786 I/tvos    ( 1764): [37m[INFO] Change to Voltage: 1150 mV (0x28)[m
08-16 14:45:12.786 I/tvos    ( 1764): [37m[INFO] Change to Voltage: 1150 mV (0x2B)[m
08-16 14:45:12.787 I/tvos    ( 1764): [37m[INFO] Change to Voltage: 1150 mV (0x2E)[m
08-16 14:45:12.787 I/tvos    ( 1764): [37m[INFO] Change to Voltage: 1150 mV (0x2E)[m
08-16 14:45:12.809 I/tvos    ( 1764): GetAudioOutputDevice, retval : 0
08-16 14:45:12.887 I/tvos    ( 1764): [37m[INFO] Change to Voltage: 1030 mV (0x2E)[m
08-16 14:45:12.887 I/tvos    ( 1764): [37m[INFO] Change to Voltage: 1030 mV (0x2B)[m
08-16 14:45:12.887 I/tvos    ( 1764): [37m[INFO] Change to Voltage: 1030 mV (0x28)[m
08-16 14:45:12.887 I/tvos    ( 1764): [37m[INFO] Change to Voltage: 1030 mV (0x25)[m
08-16 14:45:12.887 I/tvos    ( 1764): [37m[INFO] Change to Voltage: 1030 mV (0x22)[m
08-16 14:45:12.887 I/tvos    ( 1764): [37m[INFO] Change to Voltage: 1030 mV (0x22)[m
08-16 14:45:13.060 I/tvos    ( 1764): GetAudioOutputDevice, retval : 0
08-16 14:45:13.311 I/tvos    ( 1764): GetAudioOutputDevice, retval : 0
08-16 14:45:13.561 I/tvos    ( 1764): GetAudioOutputDevice, retval : 0
08-16 14:45:13.740 E/LetvRemoteupgradeManager-JNI( 2613): can't get LetvManager service!
08-16 14:45:13.811 I/tvos    ( 1764): GetAudioOutputDevice, retval : 0
08-16 14:45:14.061 I/tvos    ( 1764): GetAudioOutputDevice, retval : 0
08-16 14:45:14.312 I/tvos    ( 1764): GetAudioOutputDevice, retval : 0
08-16 14:45:14.562 I/tvos    ( 1764): GetAudioOutputDevice, retval : 0
08-16 14:45:14.813 I/tvos    ( 1764): GetAudioOutputDevice, retval : 0
08-16 14:45:15.063 I/tvos    ( 1764): GetAudioOutputDevice, retval : 0
08-16 14:45:15.314 I/tvos    ( 1764): GetAudioOutputDevice, retval : 0
08-16 14:45:15.564 I/tvos    ( 1764): GetAudioOutputDevice, retval : 0
08-16 14:45:15.814 I/tvos    ( 1764): GetAudioOutputDevice, retval : 0
08-16 14:45:16.065 I/tvos    ( 1764): GetAudioOutputDevice, retval : 0
08-16 14:45:16.316 I/tvos    ( 1764): GetAudioOutputDevice, retval : 0
08-16 14:45:16.566 I/tvos    ( 1764): GetAudioOutputDevice, retval : 0
08-16 14:45:16.740 E/LetvRemoteupgradeManager-JNI( 2613): can't get LetvManager service!
08-16 14:45:16.817 I/tvos    ( 1764): GetAudioOutputDevice, retval : 0
08-16 14:45:16.987 I/tvos    ( 1764): [37m[INFO] Change to Voltage: 1130 mV (0x1F)[m
08-16 14:45:16.987 I/tvos    ( 1764): [37m[INFO] Change to Voltage: 1130 mV (0x22)[m
08-16 14:45:16.987 I/tvos    ( 1764): [37m[INFO] Change to Voltage: 1130 mV (0x25)[m
08-16 14:45:16.987 I/tvos    ( 1764): [37m[INFO] Change to Voltage: 1130 mV (0x28)[m
08-16 14:45:16.987 I/tvos    ( 1764): [37m[INFO] Change to Voltage: 1130 mV (0x2B)[m
08-16 14:45:16.987 I/tvos    ( 1764): [37m[INFO] Change to Voltage: 1130 mV (0x2C)[m
08-16 14:45:17.067 I/tvos    ( 1764): GetAudioOutputDevice, retval : 0
08-16 14:45:17.087 I/tvos    ( 1764): [37m[INFO] Change to Voltage: 1000 mV (0x2C)[m
08-16 14:45:17.087 I/tvos    ( 1764): [37m[INFO] Change to Voltage: 1000 mV (0x29)[m
08-16 14:45:17.087 I/tvos    ( 1764): [37m[INFO] Change to Voltage: 1000 mV (0x26)[m
08-16 14:45:17.087 I/tvos    ( 1764): [37m[INFO] Change to Voltage: 1000 mV (0x23)[m
08-16 14:45:17.087 I/tvos    ( 1764): [37m[INFO] Change to Voltage: 1000 mV (0x20)[m
08-16 14:45:17.087 I/tvos    ( 1764): [37m[INFO] Change to Voltage: 1000 mV (0x1F)[m
08-16 14:45:17.317 I/tvos    ( 1764): GetAudioOutputDevice, retval : 0
08-16 14:45:17.568 I/tvos    ( 1764): GetAudioOutputDevice, retval : 0
08-16 14:45:17.818 I/tvos    ( 1764): GetAudioOutputDevice, retval : 0
08-16 14:45:18.069 I/tvos    ( 1764): GetAudioOutputDevice, retval : 0
08-16 14:45:18.320 I/tvos    ( 1764): GetAudioOutputDevice, retval : 0
08-16 14:45:18.570 I/tvos    ( 1764): GetAudioOutputDevice, retval : 0
08-16 14:45:18.824 I/tvos    ( 1764): GetAudioOutputDevice, retval : 0
08-16 14:45:19.071 I/tvos    ( 1764): GetAudioOutputDevice, retval : 0
08-16 14:45:19.087 I/tvos    ( 1764): [37m[INFO] Change to Voltage: 1130 mV (0x1F)[m
08-16 14:45:19.087 I/tvos    ( 1764): [37m[INFO] Change to Voltage: 1130 mV (0x22)[m
08-16 14:45:19.087 I/tvos    ( 1764): [37m[INFO] Change to Voltage: 1130 mV (0x25)[m
08-16 14:45:19.087 I/tvos    ( 1764): [37m[INFO] Change to Voltage: 1130 mV (0x28)[m
