--------- beginning of main
08-16 14:20:25.188 I/tvos    ( 1764): GetAudioOutputDevice, retval : 0
08-16 14:20:25.438 I/tvos    ( 1764): GetAudioOutputDevice, retval : 0
08-16 14:20:25.484 E/LetvRemoteupgradeManager-JNI( 2613): can't get LetvManager service!
08-16 14:20:25.689 I/tvos    ( 1764): GetAudioOutputDevice, retval : 0
08-16 14:20:25.939 I/tvos    ( 1764): GetAudioOutputDevice, retval : 0
08-16 14:20:26.124 I/Radio-JNI(15351): register_android_hardware_Radio DONE
--------- beginning of system
08-16 14:20:26.152 I/ActivityManager( 2207): Force stopping com.le.tcauto.uitest appid=10097 user=0: start instr
08-16 14:20:26.164 I/art     (15359): Late-enabling -Xcheck:jni
08-16 14:20:26.165 I/ActivityManager( 2207): Start proc 15359:com.le.tcauto.uitest/u0a97 for added application com.le.tcauto.uitest
08-16 14:20:26.187 I/tvos    ( 1764): [37m[INFO] Change to Voltage: 1150 mV (0x22)[m
08-16 14:20:26.187 I/tvos    ( 1764): [37m[INFO] Change to Voltage: 1150 mV (0x25)[m
08-16 14:20:26.187 I/tvos    ( 1764): [37m[INFO] Change to Voltage: 1150 mV (0x28)[m
08-16 14:20:26.187 I/tvos    ( 1764): [37m[INFO] Change to Voltage: 1150 mV (0x2B)[m
08-16 14:20:26.187 I/tvos    ( 1764): [37m[INFO] Change to Voltage: 1150 mV (0x2E)[m
08-16 14:20:26.187 I/tvos    ( 1764): [37m[INFO] Change to Voltage: 1150 mV (0x2E)[m
08-16 14:20:26.192 I/tvos    ( 1764): GetAudioOutputDevice, retval : 0
08-16 14:20:26.208 W/System  (15359): ClassLoader referenced unknown path: /data/app/com.le.tcauto.uitest.test-1/lib/arm64
08-16 14:20:26.208 W/System  (15359): ClassLoader referenced unknown path: /data/app/com.le.tcauto.uitest-1/lib/arm64
08-16 14:20:26.220 I/MonitoringInstrumentation(15359): Instrumentation Started!
08-16 14:20:26.221 I/MonitoringInstrumentation(15359): Setting context classloader to 'dalvik.system.PathClassLoader[DexPathList[[zip file "/system/framework/android.test.runner.jar", zip file "/data/app/com.le.tcauto.uitest.test-1/base.apk", zip file "/data/app/com.le.tcauto.uitest-1/base.apk"],nativeLibraryDirectories=[/data/app/com.le.tcauto.uitest.test-1/lib/arm64, /data/app/com.le.tcauto.uitest-1/lib/arm64, /vendor/lib64, /system/lib64]]]', Original: 'dalvik.system.PathClassLoader[DexPathList[[zip file "/system/framework/android.test.runner.jar", zip file "/data/app/com.le.tcauto.uitest.test-1/base.apk", zip file "/data/app/com.le.tcauto.uitest-1/base.apk"],nativeLibraryDirectories=[/data/app/com.le.tcauto.uitest.test-1/lib/arm64, /data/app/com.le.tcauto.uitest-1/lib/arm64, /vendor/lib64, /system/lib64]]]'
08-16 14:20:26.224 I/MonitoringInstrumentation(15359): No JSBridge.
08-16 14:20:26.224 I/MonitoringInstrumentation(15359): java.lang.ClassNotFoundException: android.support.test.espresso.web.bridge.JavaScriptBridge
08-16 14:20:26.224 I/MonitoringInstrumentation(15359): 	at java.lang.Class.classForName(Native Method)
08-16 14:20:26.224 I/MonitoringInstrumentation(15359): 	at java.lang.Class.forName(Class.java:324)
08-16 14:20:26.224 I/MonitoringInstrumentation(15359): 	at java.lang.Class.forName(Class.java:285)
08-16 14:20:26.224 I/MonitoringInstrumentation(15359): 	at android.support.test.runner.MonitoringInstrumentation.tryLoadingJsBridge(MonitoringInstrumentation.java:612)
08-16 14:20:26.224 I/MonitoringInstrumentation(15359): 	at android.support.test.runner.MonitoringInstrumentation.access$100(MonitoringInstrumentation.java:88)
08-16 14:20:26.224 I/MonitoringInstrumentation(15359): 	at android.support.test.runner.MonitoringInstrumentation$3.run(MonitoringInstrumentation.java:223)
08-16 14:20:26.224 I/MonitoringInstrumentation(15359): 	at android.app.Instrumentation$SyncRunnable.run(Instrumentation.java:1897)
08-16 14:20:26.224 I/MonitoringInstrumentation(15359): 	at android.os.Handler.handleCallback(Handler.java:739)
08-16 14:20:26.224 I/MonitoringInstrumentation(15359): 	at android.os.Handler.dispatchMessage(Handler.java:95)
08-16 14:20:26.224 I/MonitoringInstrumentation(15359): 	at android.os.Looper.loop(Looper.java:148)
08-16 14:20:26.224 I/MonitoringInstrumentation(15359): 	at android.app.ActivityThread.main(ActivityThread.java:5423)
08-16 14:20:26.224 I/MonitoringInstrumentation(15359): 	at java.lang.reflect.Method.invoke(Native Method)
08-16 14:20:26.224 I/MonitoringInstrumentation(15359): 	at com.android.internal.os.ZygoteInit$MethodAndArgsCaller.run(ZygoteInit.java:744)
08-16 14:20:26.224 I/MonitoringInstrumentation(15359): 	at com.android.internal.os.ZygoteInit.main(ZygoteInit.java:634)
08-16 14:20:26.224 I/MonitoringInstrumentation(15359): Caused by: java.lang.ClassNotFoundException: Didn't find class "android.support.test.espresso.web.bridge.JavaScriptBridge" on path: DexPathList[[zip file "/system/framework/android.test.runner.jar", zip file "/data/app/com.le.tcauto.uitest.test-1/base.apk", zip file "/data/app/com.le.tcauto.uitest-1/base.apk"],nativeLibraryDirectories=[/data/app/com.le.tcauto.uitest.test-1/lib/arm64, /data/app/com.le.tcauto.uitest-1/lib/arm64, /vendor/lib64, /system/lib64]]
08-16 14:20:26.224 I/MonitoringInstrumentation(15359): 	at dalvik.system.BaseDexClassLoader.findClass(BaseDexClassLoader.java:56)
08-16 14:20:26.224 I/MonitoringInstrumentation(15359): 	at java.lang.ClassLoader.loadClass(ClassLoader.java:511)
08-16 14:20:26.224 I/MonitoringInstrumentation(15359): 	at java.lang.ClassLoader.loadClass(ClassLoader.java:469)
08-16 14:20:26.224 I/MonitoringInstrumentation(15359): 	... 14 more
08-16 14:20:26.224 I/MonitoringInstrumentation(15359): 	Suppressed: java.lang.ClassNotFoundException: android.support.test.espresso.web.bridge.JavaScriptBridge
08-16 14:20:26.224 I/MonitoringInstrumentation(15359): 		at java.lang.Class.classForName(Native Method)
08-16 14:20:26.224 I/MonitoringInstrumentation(15359): 		at java.lang.BootClassLoader.findClass(ClassLoader.java:781)
08-16 14:20:26.224 I/MonitoringInstrumentation(15359): 		at java.lang.BootClassLoader.loadClass(ClassLoader.java:841)
08-16 14:20:26.224 I/MonitoringInstrumentation(15359): 		at java.lang.ClassLoader.loadClass(ClassLoader.java:504)
08-16 14:20:26.224 I/MonitoringInstrumentation(15359): 		... 15 more
08-16 14:20:26.224 I/MonitoringInstrumentation(15359): 	Caused by: java.lang.NoClassDefFoundError: Class not found using the boot class loader; no stack trace available
08-16 14:20:26.251 I/TestRunner(15359): run started: 1 tests
08-16 14:20:26.253 I/TestRunner(15359): started: testSlideShow(com.letv.cases.leui.SmokeGallery)
08-16 14:20:26.257 I/MonitoringInstrumentation(15359): Activities that are still in CREATED to STOPPED: 0
08-16 14:20:26.272 I/LetvTestCase(15359): =====================case start time is :2018-8-16-2-20-26
08-16 14:20:26.275 I/System.out(15359): The folder /sdcard/AutoSmoke_UI30/testSlideShow_20180816_142020 has existed!
08-16 14:20:26.275 I/System.out(15359): current_case_root_folder=testSlideShow_20180816_142020
08-16 14:20:26.277 I/System.out(15359): .............looper : 0
08-16 14:20:26.287 I/tvos    ( 1764): [37m[INFO] Change to Voltage: 1030 mV (0x2E)[m
08-16 14:20:26.287 I/tvos    ( 1764): [37m[INFO] Change to Voltage: 1030 mV (0x2B)[m
08-16 14:20:26.287 I/tvos    ( 1764): [37m[INFO] Change to Voltage: 1030 mV (0x28)[m
08-16 14:20:26.287 I/tvos    ( 1764): [37m[INFO] Change to Voltage: 1030 mV (0x25)[m
08-16 14:20:26.288 I/tvos    ( 1764): [37m[INFO] Change to Voltage: 1030 mV (0x22)[m
08-16 14:20:26.289 I/tvos    ( 1764): [37m[INFO] Change to Voltage: 1030 mV (0x22)[m
08-16 14:20:26.442 I/tvos    ( 1764): GetAudioOutputDevice, retval : 0
08-16 14:20:26.693 I/tvos    ( 1764): GetAudioOutputDevice, retval : 0
08-16 14:20:26.775 W/InputDispatcher( 2207): findFocusedWindow finished: injectionResult=0, timeSpentWaitingForApplication=0.0ms
08-16 14:20:26.779 W/InputDispatcher( 2207): findFocusedWindow finished: injectionResult=0, timeSpentWaitingForApplication=0.0ms
08-16 14:20:26.943 I/tvos    ( 1764): GetAudioOutputDevice, retval : 0
08-16 14:20:27.193 I/tvos    ( 1764): GetAudioOutputDevice, retval : 0
08-16 14:20:27.444 I/tvos    ( 1764): GetAudioOutputDevice, retval : 0
08-16 14:20:27.574 I/remotestatus( 2207): Msg.what is 101
08-16 14:20:27.574 I/WindowManager( 2207): turn cursor off
08-16 14:20:27.574 E/RemoteManager( 2207): RemoteManager is no longer support in eui6.5
08-16 14:20:27.574 W/InputDispatcher( 2207): findFocusedWindow finished: injectionResult=0, timeSpentWaitingForApplication=0.0ms
08-16 14:20:27.574 E/InputManager-JNI( 2207): call nativeDisableCursor method with hideCursor
08-16 14:20:27.574 I/AppPlugin( 3007): AppFragment -- onFocusRequested requestDirection = 18
08-16 14:20:27.574 I/AppPlugin( 3007): AppRecyclerView --  onFocus mFocusedView = null direction = 130
08-16 14:20:27.574 I/AppPlugin( 3007): AppRecyclerView -- onFocus mFocusedView = com.stv.plugin.app.widget.RecommPosterCellView{354fae1 VFE...C.. ........ 0,0-312,416 #7f0a001e app:id/item_01}
08-16 14:20:27.576 I/GlobalFocusChangedListe( 3007): com.stv.plugin.app.widget.RecommPosterCellView
08-16 14:20:27.582 I/SoundPool( 3007): enter : func play
08-16 14:20:27.584 I/APM::AudioPolicyEngine( 1758): getDeviceForStrategy, 359
08-16 14:20:27.584 I/audio_hw_primary( 1758): version:a00004 adev_create_audio_patch::mix->device 
08-16 14:20:27.584 I/audio_hw_primary( 1758): adev_create_audio_patch *handle=-1420227928 num_audio_patch=3
08-16 14:20:27.586 E/AudioManagerService( 1803): setAudioVolume(callingPid 1758, clientPid 1758, enSoundPath 0, volumn:0 )
08-16 14:20:27.588 I/tvos    ( 1764): SetVolume, subWooExist 0!
08-16 14:20:27.588 I/tvos    ( 1764): mapi_audio_customer::SetAbsoluteVolume: project name is X440M
08-16 14:20:27.588 I/tvos    ( 1764): SetAbsoluteVolume: uPercent : 0, path=52(speaker), VolumeInt=7f, VolumeFra=0
08-16 14:20:27.588 I/tvos    ( 1764): SetAbsoluteVolume: uPercent(currVol) : 0, realPath=52(default), VolumeInt=7f, VolumeFra=0
08-16 14:20:27.588 I/tvos    ( 1764): mapi_audio_customer::SetAbsoluteVolume: project name is X440M
08-16 14:20:27.588 I/tvos    ( 1764): SetAbsoluteVolume: uPercent : 0, path=49(HP), VolumeInt=7f, VolumeFra=0
08-16 14:20:27.588 I/tvos    ( 1764): SetAbsoluteVolume: uPercent(currVol) : 0, realPath=49(default), VolumeInt=7f, VolumeFra=0
08-16 14:20:27.588 I/tvos    ( 1764): mapi_audio_customer::SetAbsoluteVolume: project name is X440M
08-16 14:20:27.588 I/tvos    ( 1764): SetAbsoluteVolume, m_bBTDetect is false! 
08-16 14:20:27.588 I/tvos    ( 1764): mapi_audio_customer::SetAbsoluteVolume: project name is X440M
08-16 14:20:27.588 I/tvos    ( 1764): SetAbsoluteVolume: uPercent : 0, path=255(speaker), VolumeInt=7f, VolumeFra=0
08-16 14:20:27.588 I/tvos    ( 1764): SetAbsoluteVolume: uPercent(currVol) : 0, realPath=255(default), VolumeInt=7f, VolumeFra=0
08-16 14:20:27.588 I/tvos    ( 1764): [SetMuteStatus] call SetSoundMuteStatus, line : 10369, muteType: 4, onOff : 0 
08-16 14:20:27.588 I/tvos    ( 1764): [audioBSP] #1 m_internalMute : 0 ..
08-16 14:20:27.588 I/tvos    ( 1764): #1|->SDK_bPermanentAudioMute:0<-|->SDK_bMomentAudioMute:0 <-|->SDK_bBySyncAudioMute:0<-|->SDK_bByBlockAudioMute:0<-|->SDK_bByVChipAudioMute:0<-|
08-16 14:20:27.588 I/tvos    ( 1764): #1|->SDK_bInternal1AudioMute:0<-|->SDK_bInternal2AudioMute:0<-|->SDK_bInternal3AudioMute:0<-|->SDK_bInternal4AudioMute:0<-|
08-16 14:20:27.588 I/tvos    ( 1764): #1|->SDK_bByScanInOutchgCHchg:0<-|->SDK_bByDuringLimitedTimeAudioMute:0<-|->SDK_bSourceSwitchAudioMute:0<-|
08-16 14:20:27.588 I/tvos    ( 1764): #1|->SDK_bMHEGApMute:0<-|->SDK_bAllAudioMuteCtrl:0<-|->SDK_bPowerOnMute:0<-|->SDK_bNullSourceMute0<-|->SDK_bSetInputSourceAudioMute:0<-|
08-16 14:20:27.589 I/tvos    ( 1764): [audioBSP] #2 m_spkrMute : 0 ..|->SDK_bUsrSpkrAudioMute:0<-|->SDK_bPowerOnMute:0<-|->SDK_bByUserAudioMute:0<-|
08-16 14:20:27.589 I/tvos    ( 1764): [audioBSP] #3 m_PcmCapture2Mute:0 |->SDK_bByUserPcmCapture2Mute:0<-|->SDK_SUB_bByUserAudioMute:0<-|->SDK_bByUserAudioMute:0<-|
08-16 14:20:27.589 I/tvos    ( 1764): [audioBSP] #5 m_hpMute : 1 ..|->SDK_bUsrHpAudioMute:1<-|->SDK_bPowerOnMute:0<-|->SDK_bByUserAudioMute:0<-|
08-16 14:20:27.589 I/tvos    ( 1764): [audioBSP] #12 m_spdifMute : 1 ..
08-16 14:20:27.589 I/tvos    ( 1764): #12|->SDK_bPermanentAudioMute:0<-|->SDK_bMomentAudioMute:0<-|->SDK_bByBlockAudioMute:0<-|
08-16 14:20:27.589 I/tvos    ( 1764): #12|->SDK_bByVChipAudioMute:0<-|->SDK_bInternal1AudioMute:0<-|->SDK_bInternal4AudioMute:0<-|
08-16 14:20:27.589 I/tvos    ( 1764): #12|->SDK_bByDuringLimitedTimeAudioMute:0<-|->SDK_bSourceSwitchAudioMute:0<-|->SDK_bMHEGApMute:0<-|
08-16 14:20:27.589 I/tvos    ( 1764): #12|->SDK_bPowerOnMute:0<-|->SDK_bUsrSpdifAudioMute:1<-|->SDK_bNullSourceMute:0<-|->SDK_bByAppMute:0<-|
08-16 14:20:27.589 I/tvos    ( 1764): ---Amplifier_ALC1310_LR_SWMute(0)
08-16 14:20:27.589 I/tvos    ( 1764): ALC1310 unmute good, addr: 0x13 readbackvalue: 4 
08-16 14:20:27.591 I/tvos    ( 1764): SetSoundMuteStatus : m_hpMute : 1, m_spdifMute : 1, m_DataInMute : 0, m_channel7Mute : 0, m_internalMute : 0, m_spkrMute : 0, m_PcmCapture1Mute : 0, m_PcmCapture2Mute : 0 
08-16 14:20:27.591 I/AudioUtil( 1758): setParameters spk_volume=0
08-16 14:20:27.591 I/audio_hw_primary( 1758): adev_set_parameters: spk_volume=0
08-16 14:20:27.591 I/tvos    ( 1764): GetAudioOutputDevice, retval : 0
08-16 14:20:27.591 I/tvos    ( 1764): [SetMuteStatus] call SetSoundMuteStatus, line : 10369, muteType: 67108864, onOff : 1 
08-16 14:20:27.591 I/tvos    ( 1764): _TransMSrvMuteTypeToSDKMuteType: Err! muteType(67108864) is out of Range
08-16 14:20:27.593 I/tvos    ( 1764): [SetMuteStatus] call SetSoundMuteStatus, line : 10369, muteType: 4, onOff : 1 
08-16 14:20:27.594 I/tvos    ( 1764): [audioBSP] #1 m_internalMute : 0 ..
08-16 14:20:27.594 I/tvos    ( 1764): #1|->SDK_bPermanentAudioMute:0<-|->SDK_bMomentAudioMute:0 <-|->SDK_bBySyncAudioMute:0<-|->SDK_bByBlockAudioMute:0<-|->SDK_bByVChipAudioMute:0<-|
08-16 14:20:27.594 I/tvos    ( 1764): #1|->SDK_bInternal1AudioMute:0<-|->SDK_bInternal2AudioMute:0<-|->SDK_bInternal3AudioMute:0<-|->SDK_bInternal4AudioMute:0<-|
08-16 14:20:27.594 I/tvos    ( 1764): #1|->SDK_bByScanInOutchgCHchg:0<-|->SDK_bByDuringLimitedTimeAudioMute:0<-|->SDK_bSourceSwitchAudioMute:0<-|
08-16 14:20:27.594 I/tvos    ( 1764): #1|->SDK_bMHEGApMute:0<-|->SDK_bAllAudioMuteCtrl:0<-|->SDK_bPowerOnMute:0<-|->SDK_bNullSourceMute0<-|->SDK_bSetInputSourceAudioMute:0<-|
08-16 14:20:27.594 I/tvos    ( 1764): [audioBSP] #2 m_spkrMute : 1 ..|->SDK_bUsrSpkrAudioMute:0<-|->SDK_bPowerOnMute:0<-|->SDK_bByUserAudioMute:1<-|
08-16 14:20:27.594 I/tvos    ( 1764): [audioBSP] #3 m_PcmCapture2Mute:1 |->SDK_bByUserPcmCapture2Mute:0<-|->SDK_SUB_bByUserAudioMute:0<-|->SDK_bByUserAudioMute:1<-|
08-16 14:20:27.594 I/tvos    ( 1764): [audioBSP] #5 m_hpMute : 1 ..|->SDK_bUsrHpAudioMute:1<-|->SDK_bPowerOnMute:0<-|->SDK_bByUserAudioMute:1<-|
08-16 14:20:27.594 I/tvos    ( 1764): [audioBSP] #12 m_spdifMute : 1 ..
08-16 14:20:27.594 I/tvos    ( 1764): #12|->SDK_bPermanentAudioMute:0<-|->SDK_bMomentAudioMute:0<-|->SDK_bByBlockAudioMute:0<-|
08-16 14:20:27.594 I/tvos    ( 1764): #12|->SDK_bByVChipAudioMute:0<-|->SDK_bInternal1AudioMute:0<-|->SDK_bInternal4AudioMute:0<-|
08-16 14:20:27.594 I/tvos    ( 1764): #12|->SDK_bByDuringLimitedTimeAudioMute:0<-|->SDK_bSourceSwitchAudioMute:0<-|->SDK_bMHEGApMute:0<-|
08-16 14:20:27.594 I/tvos    ( 1764): #12|->SDK_bPowerOnMute:0<-|->SDK_bUsrSpdifAudioMute:1<-|->SDK_bNullSourceMute:0<-|->SDK_bByAppMute:0<-|
08-16 14:20:27.594 I/tvos    ( 1764): ---Amplifier_ALC1310_LR_SWMute(1)
08-16 14:20:27.594 I/tvos    ( 1764): ALC1310 mute write good, addr: 0x13, readback data : 49164, write cmd times : 1
08-16 14:20:27.596 I/tvos    ( 1764): SetSoundMuteStatus : m_hpMute : 1, m_spdifMute : 1, m_DataInMute : 0, m_channel7Mute : 0, m_internalMute : 0, m_spkrMute : 1, m_PcmCapture1Mute : 0, m_PcmCapture2Mute : 1 
08-16 14:20:27.604 W/InputDispatcher( 2207): findFocusedWindow finished: injectionResult=0, timeSpentWaitingForApplication=0.0ms
08-16 14:20:27.615 E/audio_hw_primary( 1758): out_get_presentation_position pcm_get_htimestamp(pcm, &avail, timestamp) != 0!!!
08-16 14:20:27.648 I/APM::AudioPolicyEngine( 1758): getDeviceForStrategy, 359
08-16 14:20:27.694 I/tvos    ( 1764): GetAudioOutputDevice, retval : 0
08-16 14:20:27.945 I/tvos    ( 1764): GetAudioOutputDevice, retval : 0
08-16 14:20:28.195 I/tvos    ( 1764): GetAudioOutputDevice, retval : 0
08-16 14:20:28.446 I/tvos    ( 1764): GetAudioOutputDevice, retval : 0
08-16 14:20:28.485 E/LetvRemoteupgradeManager-JNI( 2613): can't get LetvManager service!
08-16 14:20:28.584 I/remotestatus( 2207): Msg.what is 101
08-16 14:20:28.584 I/WindowManager( 2207): turn cursor off
08-16 14:20:28.584 E/RemoteManager( 2207): RemoteManager is no longer support in eui6.5
08-16 14:20:28.584 W/InputDispatcher( 2207): findFocusedWindow finished: injectionResult=0, timeSpentWaitingForApplication=0.0ms
08-16 14:20:28.586 E/InputManager-JNI( 2207): call nativeDisableCursor method with hideCursor
08-16 14:20:28.593 W/Launcher( 3007): [SDK][EcoFrescoViewImpl]:UnSupport subscriber
08-16 14:20:28.593 I/GlobalFocusChangedListe( 3007): com.stv.plugin.app.widget.RecommPosterCellView
08-16 14:20:28.601 I/SoundPool( 2207): enter : func play
08-16 14:20:28.604 I/APM::AudioPolicyEngine( 1758): getDeviceForStrategy, 359
08-16 14:20:28.605 I/audio_hw_primary( 1758): version:a00004 adev_create_audio_patch::mix->device 
08-16 14:20:28.605 I/audio_hw_primary( 1758): adev_create_audio_patch *handle=-1420227928 num_audio_patch=3
08-16 14:20:28.607 W/InputDispatcher( 2207): findFocusedWindow finished: injectionResult=0, timeSpentWaitingForApplication=0.0ms
08-16 14:20:28.608 E/AudioManagerService( 1803): setAudioVolume(callingPid 1758, clientPid 1758, enSoundPath 0, volumn:0 )
08-16 14:20:28.610 I/tvos    ( 1764): SetVolume, subWooExist 0!
08-16 14:20:28.610 I/tvos    ( 1764): mapi_audio_customer::SetAbsoluteVolume: project name is X440M
08-16 14:20:28.610 I/tvos    ( 1764): SetAbsoluteVolume: uPercent : 0, path=52(speaker), VolumeInt=7f, VolumeFra=0
08-16 14:20:28.610 I/tvos    ( 1764): SetAbsoluteVolume: uPercent(currVol) : 0, realPath=52(default), VolumeInt=7f, VolumeFra=0
08-16 14:20:28.610 I/tvos    ( 1764): mapi_audio_customer::SetAbsoluteVolume: project name is X440M
08-16 14:20:28.610 I/tvos    ( 1764): SetAbsoluteVolume: uPercent : 0, path=49(HP), VolumeInt=7f, VolumeFra=0
08-16 14:20:28.610 I/tvos    ( 1764): SetAbsoluteVolume: uPercent(currVol) : 0, realPath=49(default), VolumeInt=7f, VolumeFra=0
08-16 14:20:28.611 I/tvos    ( 1764): mapi_audio_customer::SetAbsoluteVolume: project name is X440M
08-16 14:20:28.611 I/tvos    ( 1764): SetAbsoluteVolume, m_bBTDetect is false! 
08-16 14:20:28.611 I/tvos    ( 1764): mapi_audio_customer::SetAbsoluteVolume: project name is X440M
08-16 14:20:28.611 I/tvos    ( 1764): SetAbsoluteVolume: uPercent : 0, path=255(speaker), VolumeInt=7f, VolumeFra=0
08-16 14:20:28.611 I/tvos    ( 1764): SetAbsoluteVolume: uPercent(currVol) : 0, realPath=255(default), VolumeInt=7f, VolumeFra=0
08-16 14:20:28.611 I/tvos    ( 1764): [SetMuteStatus] call SetSoundMuteStatus, line : 10369, muteType: 4, onOff : 0 
08-16 14:20:28.611 I/tvos    ( 1764): [audioBSP] #1 m_internalMute : 0 ..
08-16 14:20:28.611 I/tvos    ( 1764): #1|->SDK_bPermanentAudioMute:0<-|->SDK_bMomentAudioMute:0 <-|->SDK_bBySyncAudioMute:0<-|->SDK_bByBlockAudioMute:0<-|->SDK_bByVChipAudioMute:0<-|
08-16 14:20:28.611 I/tvos    ( 1764): #1|->SDK_bInternal1AudioMute:0<-|->SDK_bInternal2AudioMute:0<-|->SDK_bInternal3AudioMute:0<-|->SDK_bInternal4AudioMute:0<-|
08-16 14:20:28.611 I/tvos    ( 1764): #1|->SDK_bByScanInOutchgCHchg:0<-|->SDK_bByDuringLimitedTimeAudioMute:0<-|->SDK_bSourceSwitchAudioMute:0<-|
08-16 14:20:28.611 I/tvos    ( 1764): #1|->SDK_bMHEGApMute:0<-|->SDK_bAllAudioMuteCtrl:0<-|->SDK_bPowerOnMute:0<-|->SDK_bNullSourceMute0<-|->SDK_bSetInputSourceAudioMute:0<-|
08-16 14:20:28.611 I/tvos    ( 1764): [audioBSP] #2 m_spkrMute : 0 ..|->SDK_bUsrSpkrAudioMute:0<-|->SDK_bPowerOnMute:0<-|->SDK_bByUserAudioMute:0<-|
08-16 14:20:28.611 I/tvos    ( 1764): [audioBSP] #3 m_PcmCapture2Mute:0 |->SDK_bByUserPcmCapture2Mute:0<-|->SDK_SUB_bByUserAudioMute:0<-|->SDK_bByUserAudioMute:0<-|
08-16 14:20:28.611 I/tvos    ( 1764): [audioBSP] #5 m_hpMute : 1 ..|->SDK_bUsrHpAudioMute:1<-|->SDK_bPowerOnMute:0<-|->SDK_bByUserAudioMute:0<-|
08-16 14:20:28.611 I/tvos    ( 1764): [audioBSP] #12 m_spdifMute : 1 ..
08-16 14:20:28.611 I/tvos    ( 1764): #12|->SDK_bPermanentAudioMute:0<-|->SDK_bMomentAudioMute:0<-|->SDK_bByBlockAudioMute:0<-|
08-16 14:20:28.611 I/tvos    ( 1764): #12|->SDK_bByVChipAudioMute:0<-|->SDK_bInternal1AudioMute:0<-|->SDK_bInternal4AudioMute:0<-|
08-16 14:20:28.611 I/tvos    ( 1764): #12|->SDK_bByDuringLimitedTimeAudioMute:0<-|->SDK_bSourceSwitchAudioMute:0<-|->SDK_bMHEGApMute:0<-|
08-16 14:20:28.611 I/tvos    ( 1764): #12|->SDK_bPowerOnMute:0<-|->SDK_bUsrSpdifAudioMute:1<-|->SDK_bNullSourceMute:0<-|->SDK_bByAppMute:0<-|
08-16 14:20:28.611 I/tvos    ( 1764): ---Amplifier_ALC1310_LR_SWMute(0)
08-16 14:20:28.611 I/tvos    ( 1764): ALC1310 unmute good, addr: 0x13 readbackvalue: 4 
08-16 14:20:28.620 I/tvos    ( 1764): SetSoundMuteStatus : m_hpMute : 1, m_spdifMute : 1, m_DataInMute : 0, m_channel7Mute : 0, m_internalMute : 0, m_spkrMute : 0, m_PcmCapture1Mute : 0, m_PcmCapture2Mute : 0 
08-16 14:20:28.620 I/AudioUtil( 1758): setParameters spk_volume=0
08-16 14:20:28.620 I/audio_hw_primary( 1758): adev_set_parameters: spk_volume=0
08-16 14:20:28.620 I/tvos    ( 1764): GetAudioOutputDevice, retval : 0
08-16 14:20:28.621 I/tvos    ( 1764): [SetMuteStatus] call SetSoundMuteStatus, line : 10369, muteType: 67108864, onOff : 1 
08-16 14:20:28.621 I/tvos    ( 1764): _TransMSrvMuteTypeToSDKMuteType: Err! muteType(67108864) is out of Range
08-16 14:20:28.623 I/tvos    ( 1764): [SetMuteStatus] call SetSoundMuteStatus, line : 10369, muteType: 4, onOff : 1 
08-16 14:20:28.623 I/tvos    ( 1764): [audioBSP] #1 m_internalMute : 0 ..
08-16 14:20:28.623 I/tvos    ( 1764): #1|->SDK_bPermanentAudioMute:0<-|->SDK_bMomentAudioMute:0 <-|->SDK_bBySyncAudioMute:0<-|->SDK_bByBlockAudioMute:0<-|->SDK_bByVChipAudioMute:0<-|
08-16 14:20:28.623 I/tvos    ( 1764): #1|->SDK_bInternal1AudioMute:0<-|->SDK_bInternal2AudioMute:0<-|->SDK_bInternal3AudioMute:0<-|->SDK_bInternal4AudioMute:0<-|
08-16 14:20:28.623 I/tvos    ( 1764): #1|->SDK_bByScanInOutchgCHchg:0<-|->SDK_bByDuringLimitedTimeAudioMute:0<-|->SDK_bSourceSwitchAudioMute:0<-|
08-16 14:20:28.623 I/tvos    ( 1764): #1|->SDK_bMHEGApMute:0<-|->SDK_bAllAudioMuteCtrl:0<-|->SDK_bPowerOnMute:0<-|->SDK_bNullSourceMute0<-|->SDK_bSetInputSourceAudioMute:0<-|
08-16 14:20:28.623 I/tvos    ( 1764): [audioBSP] #2 m_spkrMute : 1 ..|->SDK_bUsrSpkrAudioMute:0<-|->SDK_bPowerOnMute:0<-|->SDK_bByUserAudioMute:1<-|
08-16 14:20:28.623 I/tvos    ( 1764): [audioBSP] #3 m_PcmCapture2Mute:1 |->SDK_bByUserPcmCapture2Mute:0<-|->SDK_SUB_bByUserAudioMute:0<-|->SDK_bByUserAudioMute:1<-|
08-16 14:20:28.623 I/tvos    ( 1764): [audioBSP] #5 m_hpMute : 1 ..|->SDK_bUsrHpAudioMute:1<-|->SDK_bPowerOnMute:0<-|->SDK_bByUserAudioMute:1<-|
08-16 14:20:28.623 I/tvos    ( 1764): [audioBSP] #12 m_spdifMute : 1 ..
08-16 14:20:28.623 I/tvos    ( 1764): #12|->SDK_bPermanentAudioMute:0<-|->SDK_bMomentAudioMute:0<-|->SDK_bByBlockAudioMute:0<-|
08-16 14:20:28.623 I/tvos    ( 1764): #12|->SDK_bByVChipAudioMute:0<-|->SDK_bInternal1AudioMute:0<-|->SDK_bInternal4AudioMute:0<-|
08-16 14:20:28.623 I/tvos    ( 1764): #12|->SDK_bByDuringLimitedTimeAudioMute:0<-|->SDK_bSourceSwitchAudioMute:0<-|->SDK_bMHEGApMute:0<-|
08-16 14:20:28.623 I/tvos    ( 1764): #12|->SDK_bPowerOnMute:0<-|->SDK_bUsrSpdifAudioMute:1<-|->SDK_bNullSourceMute:0<-|->SDK_bByAppMute:0<-|
08-16 14:20:28.623 I/tvos    ( 1764): ---Amplifier_ALC1310_LR_SWMute(1)
08-16 14:20:28.623 I/tvos    ( 1764): ALC1310 mute write good, addr: 0x13, readback data : 49164, write cmd times : 1
08-16 14:20:28.625 I/tvos    ( 1764): SetSoundMuteStatus : m_hpMute : 1, m_spdifMute : 1, m_DataInMute : 0, m_channel7Mute : 0, m_internalMute : 0, m_spkrMute : 1, m_PcmCapture1Mute : 0, m_PcmCapture2Mute : 1 
08-16 14:20:28.693 I/APM::AudioPolicyEngine( 1758): getDeviceForStrategy, 359
08-16 14:20:28.697 I/tvos    ( 1764): bq32kDriver:rtc_read_time.
08-16 14:20:28.697 I/tvos    ( 1764): GetAudioOutputDevice, retval : 0
08-16 14:20:28.697 I/tvos    ( 1764): [hq]rtc_read_time: read 0x28 0x20 0xc6 0x05 0x16 0x08 0x18
08-16 14:20:28.697 I/tvos    ( 1764): rtc_read_time: date 28s 20m 6h 16md 7m 118y
08-16 14:20:28.697 I/tvos    ( 1764): rtc read time:2018-8-16 6:20:28.
08-16 14:20:28.697 I/tvos    ( 1764): tm_year = 2018, tm_mon = 8, tm_mday = 16, tm_hour = 6,tm_min= 20,  tm_sec = 28
08-16 14:20:28.697 I/tvos    ( 1764): timeSeconds:1534400428 rtcTimeSeconds:1534400428.
08-16 14:20:28.946 I/tvos    ( 1764): GetAudioOutputDevice, retval : 0
08-16 14:20:29.197 I/tvos    ( 1764): GetAudioOutputDevice, retval : 0
08-16 14:20:29.447 I/tvos    ( 1764): GetAudioOutputDevice, retval : 0
08-16 14:20:29.602 I/remotestatus( 2207): Msg.what is 101
08-16 14:20:29.602 I/WindowManager( 2207): turn cursor off
08-16 14:20:29.602 E/RemoteManager( 2207): RemoteManager is no longer support in eui6.5
08-16 14:20:29.602 W/InputDispatcher( 2207): findFocusedWindow finished: injectionResult=0, timeSpentWaitingForApplication=0.0ms
08-16 14:20:29.602 E/InputManager-JNI( 2207): call nativeDisableCursor method with hideCursor
08-16 14:20:29.607 W/Launcher( 3007): [SDK][EcoFrescoViewImpl]:UnSupport subscriber
08-16 14:20:29.607 I/GlobalFocusChangedListe( 3007): com.stv.plugin.app.widget.AppCellView
08-16 14:20:29.609 I/SoundPool( 2207): enter : func play
08-16 14:20:29.611 I/APM::AudioPolicyEngine( 1758): getDeviceForStrategy, 359
08-16 14:20:29.613 W/InputDispatcher( 2207): findFocusedWindow finished: injectionResult=0, timeSpentWaitingForApplication=0.0ms
08-16 14:20:29.613 I/audio_hw_primary( 1758): version:a00004 adev_create_audio_patch::mix->device 
08-16 14:20:29.613 I/audio_hw_primary( 1758): adev_create_audio_patch *handle=-1420227928 num_audio_patch=3
08-16 14:20:29.620 E/AudioManagerService( 1803): setAudioVolume(callingPid 1758, clientPid 1758, enSoundPath 0, volumn:0 )
08-16 14:20:29.623 I/tvos    ( 1764): SetVolume, subWooExist 0!
08-16 14:20:29.623 I/tvos    ( 1764): mapi_audio_customer::SetAbsoluteVolume: project name is X440M
08-16 14:20:29.623 I/tvos    ( 1764): SetAbsoluteVolume: uPercent : 0, path=52(speaker), VolumeInt=7f, VolumeFra=0
08-16 14:20:29.623 I/tvos    ( 1764): SetAbsoluteVolume: uPercent(currVol) : 0, realPath=52(default), VolumeInt=7f, VolumeFra=0
08-16 14:20:29.623 I/tvos    ( 1764): mapi_audio_customer::SetAbsoluteVolume: project name is X440M
08-16 14:20:29.623 I/tvos    ( 1764): SetAbsoluteVolume: uPercent : 0, path=49(HP), VolumeInt=7f, VolumeFra=0
08-16 14:20:29.623 I/tvos    ( 1764): SetAbsoluteVolume: uPercent(currVol) : 0, realPath=49(default), VolumeInt=7f, VolumeFra=0
08-16 14:20:29.623 I/tvos    ( 1764): mapi_audio_customer::SetAbsoluteVolume: project name is X440M
08-16 14:20:29.623 I/tvos    ( 1764): SetAbsoluteVolume, m_bBTDetect is false! 
08-16 14:20:29.623 I/tvos    ( 1764): mapi_audio_customer::SetAbsoluteVolume: project name is X440M
08-16 14:20:29.623 I/tvos    ( 1764): SetAbsoluteVolume: uPercent : 0, path=255(speaker), VolumeInt=7f, VolumeFra=0
08-16 14:20:29.623 I/tvos    ( 1764): SetAbsoluteVolume: uPercent(currVol) : 0, realPath=255(default), VolumeInt=7f, VolumeFra=0
08-16 14:20:29.623 I/tvos    ( 1764): [SetMuteStatus] call SetSoundMuteStatus, line : 10369, muteType: 4, onOff : 0 
08-16 14:20:29.623 I/tvos    ( 1764): [audioBSP] #1 m_internalMute : 0 ..
08-16 14:20:29.623 I/tvos    ( 1764): #1|->SDK_bPermanentAudioMute:0<-|->SDK_bMomentAudioMute:0 <-|->SDK_bBySyncAudioMute:0<-|->SDK_bByBlockAudioMute:0<-|->SDK_bByVChipAudioMute:0<-|
08-16 14:20:29.623 I/tvos    ( 1764): #1|->SDK_bInternal1AudioMute:0<-|->SDK_bInternal2AudioMute:0<-|->SDK_bInternal3AudioMute:0<-|->SDK_bInternal4AudioMute:0<-|
08-16 14:20:29.623 I/tvos    ( 1764): #1|->SDK_bByScanInOutchgCHchg:0<-|->SDK_bByDuringLimitedTimeAudioMute:0<-|->SDK_bSourceSwitchAudioMute:0<-|
08-16 14:20:29.623 I/tvos    ( 1764): #1|->SDK_bMHEGApMute:0<-|->SDK_bAllAudioMuteCtrl:0<-|->SDK_bPowerOnMute:0<-|->SDK_bNullSourceMute0<-|->SDK_bSetInputSourceAudioMute:0<-|
08-16 14:20:29.623 I/tvos    ( 1764): [audioBSP] #2 m_spkrMute : 0 ..|->SDK_bUsrSpkrAudioMute:0<-|->SDK_bPowerOnMute:0<-|->SDK_bByUserAudioMute:0<-|
08-16 14:20:29.623 I/tvos    ( 1764): [audioBSP] #3 m_PcmCapture2Mute:0 |->SDK_bByUserPcmCapture2Mute:0<-|->SDK_SUB_bByUserAudioMute:0<-|->SDK_bByUserAudioMute:0<-|
08-16 14:20:29.623 I/tvos    ( 1764): [audioBSP] #5 m_hpMute : 1 ..|->SDK_bUsrHpAudioMute:1<-|->SDK_bPowerOnMute:0<-|->SDK_bByUserAudioMute:0<-|
08-16 14:20:29.623 I/tvos    ( 1764): [audioBSP] #12 m_spdifMute : 1 ..
08-16 14:20:29.623 I/tvos    ( 1764): #12|->SDK_bPermanentAudioMute:0<-|->SDK_bMomentAudioMute:0<-|->SDK_bByBlockAudioMute:0<-|
08-16 14:20:29.623 I/tvos    ( 1764): #12|->SDK_bByVChipAudioMute:0<-|->SDK_bInternal1AudioMute:0<-|->SDK_bInternal4AudioMute:0<-|
08-16 14:20:29.623 I/tvos    ( 1764): #12|->SDK_bByDuringLimitedTimeAudioMute:0<-|->SDK_bSourceSwitchAudioMute:0<-|->SDK_bMHEGApMute:0<-|
08-16 14:20:29.623 I/tvos    ( 1764): #12|->SDK_bPowerOnMute:0<-|->SDK_bUsrSpdifAudioMute:1<-|->SDK_bNullSourceMute:0<-|->SDK_bByAppMute:0<-|
08-16 14:20:29.623 I/tvos    ( 1764): ---Amplifier_ALC1310_LR_SWMute(0)
08-16 14:20:29.624 I/tvos    ( 1764): ALC1310 unmute good, addr: 0x13 readbackvalue: 4 
08-16 14:20:29.625 I/AudioUtil( 1758): setParameters spk_volume=0
08-16 14:20:29.625 I/audio_hw_primary( 1758): adev_set_parameters: spk_volume=0
08-16 14:20:29.629 I/tvos    ( 1764): SetSoundMuteStatus : m_hpMute : 1, m_spdifMute : 1, m_DataInMute : 0, m_channel7Mute : 0, m_internalMute : 0, m_spkrMute : 0, m_PcmCapture1Mute : 0, m_PcmCapture2Mute : 0 
08-16 14:20:29.629 I/tvos    ( 1764): GetAudioOutputDevice, retval : 0
08-16 14:20:29.629 I/tvos    ( 1764): [SetMuteStatus] call SetSoundMuteStatus, line : 10369, muteType: 67108864, onOff : 1 
08-16 14:20:29.629 I/tvos    ( 1764): _TransMSrvMuteTypeToSDKMuteType: Err! muteType(67108864) is out of Range
08-16 14:20:29.629 I/tvos    ( 1764): [SetMuteStatus] call SetSoundMuteStatus, line : 10369, muteType: 4, onOff : 1 
08-16 14:20:29.629 I/tvos    ( 1764): [audioBSP] #1 m_internalMute : 0 ..
08-16 14:20:29.629 I/tvos    ( 1764): #1|->SDK_bPermanentAudioMute:0<-|->SDK_bMomentAudioMute:0 <-|->SDK_bBySyncAudioMute:0<-|->SDK_bByBlockAudioMute:0<-|->SDK_bByVChipAudioMute:0<-|
08-16 14:20:29.629 I/tvos    ( 1764): #1|->SDK_bInternal1AudioMute:0<-|->SDK_bInternal2AudioMute:0<-|->SDK_bInternal3AudioMute:0<-|->SDK_bInternal4AudioMute:0<-|
08-16 14:20:29.629 I/tvos    ( 1764): #1|->SDK_bByScanInOutchgCHchg:0<-|->SDK_bByDuringLimitedTimeAudioMute:0<-|->SDK_bSourceSwitchAudioMute:0<-|
08-16 14:20:29.629 I/tvos    ( 1764): #1|->SDK_bMHEGApMute:0<-|->SDK_bAllAudioMuteCtrl:0<-|->SDK_bPowerOnMute:0<-|->SDK_bNullSourceMute0<-|->SDK_bSetInputSourceAudioMute:0<-|
08-16 14:20:29.629 I/tvos    ( 1764): [audioBSP] #2 m_spkrMute : 1 ..|->SDK_bUsrSpkrAudioMute:0<-|->SDK_bPowerOnMute:0<-|->SDK_bByUserAudioMute:1<-|
08-16 14:20:29.629 I/tvos    ( 1764): [audioBSP] #3 m_PcmCapture2Mute:1 |->SDK_bByUserPcmCapture2Mute:0<-|->SDK_SUB_bByUserAudioMute:0<-|->SDK_bByUserAudioMute:1<-|
08-16 14:20:29.629 I/tvos    ( 1764): [audioBSP] #5 m_hpMute : 1 ..|->SDK_bUsrHpAudioMute:1<-|->SDK_bPowerOnMute:0<-|->SDK_bByUserAudioMute:1<-|
08-16 14:20:29.629 I/tvos    ( 1764): [audioBSP] #12 m_spdifMute : 1 ..
08-16 14:20:29.629 I/tvos    ( 1764): #12|->SDK_bPermanentAudioMute:0<-|->SDK_bMomentAudioMute:0<-|->SDK_bByBlockAudioMute:0<-|
08-16 14:20:29.629 I/tvos    ( 1764): #12|->SDK_bByVChipAudioMute:0<-|->SDK_bInternal1AudioMute:0<-|->SDK_bInternal4AudioMute:0<-|
08-16 14:20:29.629 I/tvos    ( 1764): #12|->SDK_bByDuringLimitedTimeAudioMute:0<-|->SDK_bSourceSwitchAudioMute:0<-|->SDK_bMHEGApMute:0<-|
08-16 14:20:29.629 I/tvos    ( 1764): #12|->SDK_bPowerOnMute:0<-|->SDK_bUsrSpdifAudioMute:1<-|->SDK_bNullSourceMute:0<-|->SDK_bByAppMute:0<-|
08-16 14:20:29.629 I/tvos    ( 1764): ---Amplifier_ALC1310_LR_SWMute(1)
08-16 14:20:29.629 I/tvos    ( 1764): ALC1310 mute write good, addr: 0x13, readback data : 49164, write cmd times : 1
08-16 14:20:29.631 I/tvos    ( 1764): SetSoundMuteStatus : m_hpMute : 1, m_spdifMute : 1, m_DataInMute : 0, m_channel7Mute : 0, m_internalMute : 0, m_spkrMute : 1, m_PcmCapture1Mute : 0, m_PcmCapture2Mute : 1 
08-16 14:20:29.691 I/AppPlugin( 3007): AppFolderItem --  updateSuperscriptView msg count = -1type = -1
08-16 14:20:29.691 I/AppPlugin( 3007): AppFolderItem --  updateSuperscriptView msg count = -1type = -1
08-16 14:20:29.691 I/AppPlugin( 3007): AppFolderItem --  updateSuperscriptView msg count = -1type = -1
08-16 14:20:29.692 I/AppPlugin( 3007): CellView --  updateSuperscriptView msg count = -1type = -1
08-16 14:20:29.692 I/AppPlugin( 3007): CellView --  updateSuperscriptView msg count = -1type = -1
08-16 14:20:29.698 I/tvos    ( 1764): GetAudioOutputDevice, retval : 0
08-16 14:20:29.721 I/APM::AudioPolicyEngine( 1758): getDeviceForStrategy, 359
08-16 14:20:29.948 I/tvos    ( 1764): GetAudioOutputDevice, retval : 0
08-16 14:20:29.950 I/AppPlugin( 3007): ReportLogUtil -- startExposureReport
08-16 14:20:30.199 I/tvos    ( 1764): GetAudioOutputDevice, retval : 0
08-16 14:20:30.449 I/tvos    ( 1764): GetAudioOutputDevice, retval : 0
08-16 14:20:30.700 I/tvos    ( 1764): GetAudioOutputDevice, retval : 0
08-16 14:20:30.951 I/tvos    ( 1764): GetAudioOutputDevice, retval : 0
08-16 14:20:31.201 I/tvos    ( 1764): GetAudioOutputDevice, retval : 0
08-16 14:20:31.451 I/tvos    ( 1764): GetAudioOutputDevice, retval : 0
08-16 14:20:31.485 E/LetvRemoteupgradeManager-JNI( 2613): can't get LetvManager service!
08-16 14:20:31.702 I/tvos    ( 1764): GetAudioOutputDevice, retval : 0
08-16 14:20:31.952 I/tvos    ( 1764): GetAudioOutputDevice, retval : 0
08-16 14:20:32.203 I/tvos    ( 1764): GetAudioOutputDevice, retval : 0
08-16 14:20:32.453 I/tvos    ( 1764): GetAudioOutputDevice, retval : 0
08-16 14:20:32.704 I/tvos    ( 1764): GetAudioOutputDevice, retval : 0
08-16 14:20:32.954 I/tvos    ( 1764): GetAudioOutputDevice, retval : 0
08-16 14:20:33.204 I/tvos    ( 1764): GetAudioOutputDevice, retval : 0
08-16 14:20:33.455 I/tvos    ( 1764): GetAudioOutputDevice, retval : 0
08-16 14:20:33.583 I/reService( 2207): onReportKeyEvent  type=type0 keycode=4*20*20*20 
08-16 14:20:33.584 E/LETV_DEVICE( 1780): no name sn for Mstar
08-16 14:20:33.591 E/ActivityThread( 2837): Failed to find provider info for com.letv.agnes.InfoProvider
08-16 14:20:33.592 E/ActivityThread( 2837): Failed to find provider info for com.letv.agnes.InfoProvider
08-16 14:20:33.592 W/System.err( 2837): java.lang.IllegalArgumentException: Unknown URL content://com.letv.agnes.InfoProvider
08-16 14:20:33.592 W/System.err( 2837): 	at android.content.ContentResolver.insert(ContentResolver.java:1227)
08-16 14:20:33.592 W/System.err( 2837): 	at com.letv.tracker2.agnes.Configuration.addDebugInfo(Configuration.java:289)
08-16 14:20:33.592 W/System.err( 2837): 	at com.letv.tracker2.agnes.MessageProcessor$SendEnvMsgTr$1.handleMessage(MessageProcessor.java:661)
08-16 14:20:33.592 W/System.err( 2837): 	at android.os.Handler.dispatchMessage(Handler.java:102)
08-16 14:20:33.592 W/System.err( 2837): 	at android.os.Looper.loop(Looper.java:148)
08-16 14:20:33.593 W/System.err( 2837): 	at com.letv.tracker2.agnes.MessageProcessor$SendEnvMsgTr.run(MessageProcessor.java:665)
08-16 14:20:33.599 I/[T1.0.6.3]EuiAgnes_Server( 2837): resCode:1
08-16 14:20:33.599 I/[T1.0.6.3]EuiAgnes_Server( 2837): b[0]:0
08-16 14:20:33.705 I/tvos    ( 1764): GetAudioOutputDevice, retval : 0
08-16 14:20:33.956 I/tvos    ( 1764): GetAudioOutputDevice, retval : 0
08-16 14:20:34.206 I/tvos    ( 1764): GetAudioOutputDevice, retval : 0
08-16 14:20:34.456 I/tvos    ( 1764): GetAudioOutputDevice, retval : 0
08-16 14:20:34.486 E/LetvRemoteupgradeManager-JNI( 2613): can't get LetvManager service!
08-16 14:20:34.707 I/tvos    ( 1764): GetAudioOutputDevice, retval : 0
08-16 14:20:34.957 I/tvos    ( 1764): GetAudioOutputDevice, retval : 0
08-16 14:20:35.208 I/tvos    ( 1764): GetAudioOutputDevice, retval : 0
08-16 14:20:35.394 I/tvos    ( 1764): [37m[INFO] Change to Voltage: 1150 mV (0x22)[m
08-16 14:20:35.394 I/tvos    ( 1764): [37m[INFO] Change to Voltage: 1150 mV (0x25)[m
08-16 14:20:35.394 I/tvos    ( 1764): [37m[INFO] Change to Voltage: 1150 mV (0x28)[m
08-16 14:20:35.394 I/tvos    ( 1764): [37m[INFO] Change to Voltage: 1150 mV (0x2B)[m
08-16 14:20:35.394 I/tvos    ( 1764): [37m[INFO] Change to Voltage: 1150 mV (0x2E)[m
08-16 14:20:35.395 I/tvos    ( 1764): [37m[INFO] Change to Voltage: 1150 mV (0x2E)[m
08-16 14:20:35.458 I/tvos    ( 1764): GetAudioOutputDevice, retval : 0
08-16 14:20:35.486 I/tvos    ( 1764): [37m[INFO] Change to Voltage: 1030 mV (0x2E)[m
08-16 14:20:35.486 I/tvos    ( 1764): [37m[INFO] Change to Voltage: 1030 mV (0x2B)[m
08-16 14:20:35.486 I/tvos    ( 1764): [37m[INFO] Change to Voltage: 1030 mV (0x28)[m
08-16 14:20:35.487 I/tvos    ( 1764): [37m[INFO] Change to Voltage: 1030 mV (0x25)[m
08-16 14:20:35.487 I/tvos    ( 1764): [37m[INFO] Change to Voltage: 1030 mV (0x22)[m
08-16 14:20:35.488 I/tvos    ( 1764): [37m[INFO] Change to Voltage: 1030 mV (0x22)[m
08-16 14:20:35.709 I/tvos    ( 1764): GetAudioOutputDevice, retval : 0
08-16 14:20:35.839 I/WifiStateMachine( 2207):  DisconnectedState !CMD_START_SCAN  rt=511302272/511302272 -2 34065 ic=1 proc(ms):15012 dur:2861 cnt=34065 rssi=-127 f=-1 sc=0 link=-1 tx=0.0, 0.0, 0.0  rx=0.0 fiv=20000 [on:0 tx:0 rx:0 period:15011] from screen [on:0 period:1097111167]
08-16 14:20:35.839 I/WifiStateMachine( 2207): handlescanrequest  starting scan for 
08-16 14:20:35.840 I/WifiStateMachine( 2207): startscannative  starting scan for 
08-16 14:20:35.959 I/tvos    ( 1764): GetAudioOutputDevice, retval : 0
08-16 14:20:36.210 I/tvos    ( 1764): GetAudioOutputDevice, retval : 0
08-16 14:20:36.287 I/Radio-JNI(15395): register_android_hardware_Radio DONE
08-16 14:20:36.313 I/ActivityManager( 2207): Force stopping com.android.gallery3d appid=10024 user=0: from pid 15395
08-16 14:20:36.460 I/tvos    ( 1764): GetAudioOutputDevice, retval : 0
08-16 14:20:36.565 I/ActivityManager( 2207): START u0 {act=android.intent.action.MAIN cat=[android.intent.category.LAUNCHER] flg=0x10000000 cmp=com.android.gallery3d/.app.Gallery} from uid 0 on display 0
08-16 14:20:36.575 I/TvLiveBaseFragment( 3007): onPause
08-16 14:20:36.576 I/ShoppingPlugin-stv-PluginFragment( 3007): onPause ->in
08-16 14:20:36.576 I/ShoppingPlugin-stv-PluginRootLayout( 3007): onFragmentPause ---> in
08-16 14:20:36.576 I/Launcher( 3007): [com.stv.launcher] LauncherActivity -- onPause  mBootSignalFirst=false sCurrentScreen = com.stv.plugin.app
08-16 14:20:36.577 I/Launcher( 3007): [com.stv.launcher] ===== enalbeAllKey =====
08-16 14:20:36.578 I/System.out( 2207): From style:
08-16 14:20:36.579 I/WindowManager( 2207): setBlockVoiceKey = false
08-16 14:20:36.580 I/WindowManager( 2207): setBlockSourceKey = false
08-16 14:20:36.580 I/WindowManager( 2207): setBlockSettingKey = false
08-16 14:20:36.580 I/System.out( 2207): Attrs: 3010001=0.6 3010002=res/drawable-hdpi-v4/ic_desk_app_bg.jpg 3010003=null 3010004=true
08-16 14:20:36.587 I/WindowManager( 2207): setBlockFunctionKeys = false
08-16 14:20:36.588 I/WindowManager( 2207): setBlockHomeKey = false
08-16 14:20:36.595 W/InputDispatcher( 2207): setFocusedApplication
08-16 14:20:36.600 W/InputDispatcher( 2207): Focus left window: Window{23c0535 u0 com.stv.launcher/com.stv.launcher.ui.activity.Launcher}
08-16 14:20:36.623 I/ActivityManager( 2207): Start proc 15405:com.android.gallery3d/u0a24 for activity com.android.gallery3d/.app.Gallery
08-16 14:20:36.666 I/ActivityManager( 2207): TR8) TaskRecord{c268f58 #21 A=com.android.gallery3d U=0 sz=1}
08-16 14:20:36.667 I/ActivityManager( 2207): TR7) TaskRecord{14b0d11 #1 A=com.stv.launcher U=0 sz=1}
08-16 14:20:36.667 I/ActivityManager( 2207): accel TR8) TaskRecord{c268f58 #21 A=com.android.gallery3d U=0 sz=1}
08-16 14:20:36.667 I/ActivityManager( 2207): accel TR7) TaskRecord{14b0d11 #1 A=com.stv.launcher U=0 sz=1}
08-16 14:20:36.686 I/Launcher( 3007): [com.stv.launcher] LauncherApplication -- ========= tryTrimMemoryCache =========20
08-16 14:20:36.710 I/tvos    ( 1764): GetAudioOutputDevice, retval : 0
08-16 14:20:36.735 I/tvos    ( 1764): [37m[INFO] Change to Voltage: 1150 mV (0x22)[m
08-16 14:20:36.735 I/tvos    ( 1764): [37m[INFO] Change to Voltage: 1150 mV (0x25)[m
08-16 14:20:36.735 I/tvos    ( 1764): [37m[INFO] Change to Voltage: 1150 mV (0x28)[m
08-16 14:20:36.735 I/tvos    ( 1764): [37m[INFO] Change to Voltage: 1150 mV (0x2B)[m
08-16 14:20:36.735 I/tvos    ( 1764): [37m[INFO] Change to Voltage: 1150 mV (0x2E)[m
08-16 14:20:36.735 I/tvos    ( 1764): [37m[INFO] Change to Voltage: 1150 mV (0x2E)[m
08-16 14:20:36.786 I/tvos    ( 1764): [37m[INFO] Change to Voltage: 1130 mV (0x1F)[m
08-16 14:20:36.787 I/tvos    ( 1764): [37m[INFO] Change to Voltage: 1130 mV (0x22)[m
08-16 14:20:36.787 I/tvos    ( 1764): [37m[INFO] Change to Voltage: 1130 mV (0x25)[m
08-16 14:20:36.787 I/tvos    ( 1764): [37m[INFO] Change to Voltage: 1130 mV (0x28)[m
08-16 14:20:36.787 I/tvos    ( 1764): [37m[INFO] Change to Voltage: 1130 mV (0x2B)[m
08-16 14:20:36.787 I/tvos    ( 1764): [37m[INFO] Change to Voltage: 1130 mV (0x2C)[m
08-16 14:20:36.800 E/LETV_DEVICE( 1780): no name sn for Mstar
08-16 14:20:36.813 E/ActivityThread( 2837): Failed to find provider info for com.letv.agnes.InfoProvider
08-16 14:20:36.815 E/ActivityThread( 2837): Failed to find provider info for com.letv.agnes.InfoProvider
08-16 14:20:36.815 W/System.err( 2837): java.lang.IllegalArgumentException: Unknown URL content://com.letv.agnes.InfoProvider
08-16 14:20:36.815 W/System.err( 2837): 	at android.content.ContentResolver.insert(ContentResolver.java:1227)
08-16 14:20:36.815 W/System.err( 2837): 	at com.letv.tracker2.agnes.Configuration.addDebugInfo(Configuration.java:289)
08-16 14:20:36.815 W/System.err( 2837): 	at com.letv.tracker2.agnes.MessageProcessor$SendEnvMsgTr$1.handleMessage(MessageProcessor.java:661)
08-16 14:20:36.815 W/System.err( 2837): 	at android.os.Handler.dispatchMessage(Handler.java:102)
08-16 14:20:36.816 W/System.err( 2837): 	at android.os.Looper.loop(Looper.java:148)
08-16 14:20:36.816 W/System.err( 2837): 	at com.letv.tracker2.agnes.MessageProcessor$SendEnvMsgTr.run(MessageProcessor.java:665)
08-16 14:20:36.822 I/[T1.0.6.3]EuiAgnes_Server( 2837): resCode:1
08-16 14:20:36.822 I/[T1.0.6.3]EuiAgnes_Server( 2837): b[0]:0
08-16 14:20:36.854 E/critical_path_log( 3007): superlive_7799adbbe191b8ab_onTrimMemory: level = 20
08-16 14:20:36.859 I/StvLogReport( 2837): StargazerReportTask, action=appClose&name=æ¡Œé¢&packagename=com.stv.launcher&versionCode=20180321&appVersionName=1.0.5&appType=1&mark=55&totalTime=156
08-16 14:20:36.860 I/art     ( 2207): Background partial concurrent mark sweep GC freed 43241(2MB) AllocSpace objects, 21(1428KB) LOS objects, 33% free, 23MB/35MB, paused 1.727ms total 152.949ms
08-16 14:20:36.871 I/StvLogReport( 2837): StargazerReportTask, reponse2 : {"status":"OK","statusCode":200,"message":"succeefully"}
08-16 14:20:36.896 E/LETV_DEVICE( 1780): no name sn for Mstar
08-16 14:20:36.908 I/System.out(15405): Gallery ---->>X440M
08-16 14:20:36.938 I/System.out(15405): From style:
08-16 14:20:36.939 I/System.out(15405): Attrs: 3010001=0.6 3010002=res/drawable-hdpi-v4/ic_desk_app_bg.jpg 3010003=null 3010004=true
08-16 14:20:36.948 I/StvLogReport( 2837): StargazerReportTask, action=appOpen&name=ç›¸å†Œ&packagename=com.android.gallery3d&versionCode=1&appVersionName=1.0.0&appType=1&mark=56
08-16 14:20:36.962 I/StvLogReport( 2837): StargazerReportTask, reponse2 : {"status":"OK","statusCode":200,"message":"succeefully"}
08-16 14:20:36.965 I/tvos    ( 1764): GetAudioOutputDevice, retval : 0
08-16 14:20:36.968 E/ActivityThread( 2837): Failed to find provider info for com.letv.agnes.InfoProvider
08-16 14:20:36.969 E/ActivityThread( 2837): Failed to find provider info for com.letv.agnes.InfoProvider
08-16 14:20:36.969 W/System.err( 2837): java.lang.IllegalArgumentException: Unknown URL content://com.letv.agnes.InfoProvider
08-16 14:20:36.970 W/System.err( 2837): 	at android.content.ContentResolver.insert(ContentResolver.java:1227)
08-16 14:20:36.970 W/System.err( 2837): 	at com.letv.tracker2.agnes.Configuration.addDebugInfo(Configuration.java:289)
08-16 14:20:36.970 W/System.err( 2837): 	at com.letv.tracker2.agnes.MessageProcessor$SendEnvMsgTr$1.handleMessage(MessageProcessor.java:661)
08-16 14:20:36.970 W/System.err( 2837): 	at android.os.Handler.dispatchMessage(Handler.java:102)
08-16 14:20:36.975 W/System.err( 2837): 	at android.os.Looper.loop(Looper.java:148)
08-16 14:20:36.975 W/System.err( 2837): 	at com.letv.tracker2.agnes.MessageProcessor$SendEnvMsgTr.run(MessageProcessor.java:665)
08-16 14:20:36.981 I/[T1.0.6.3]EuiAgnes_Server( 2837): resCode:1
08-16 14:20:36.981 I/[T1.0.6.3]EuiAgnes_Server( 2837): b[0]:0
08-16 14:20:37.074 I/LetvManager-LogReport( 1780): [send_msg] line: 490 report url = http://log.hdtv.cp21.ott.cibntv.net:80/api/log/tvAction
08-16 14:20:37.085 I/tvos    ( 1764): [37m[INFO] Change to Voltage: 1000 mV (0x2C)[m
08-16 14:20:37.086 I/tvos    ( 1764): [37m[INFO] Change to Voltage: 1000 mV (0x29)[m
08-16 14:20:37.086 I/tvos    ( 1764): [37m[INFO] Change to Voltage: 1000 mV (0x26)[m
08-16 14:20:37.086 I/tvos    ( 1764): [37m[INFO] Change to Voltage: 1000 mV (0x23)[m
08-16 14:20:37.087 I/tvos    ( 1764): [37m[INFO] Change to Voltage: 1000 mV (0x20)[m
08-16 14:20:37.088 I/tvos    ( 1764): [37m[INFO] Change to Voltage: 1000 mV (0x1F)[m
08-16 14:20:37.129 I/System.out(15405): yajun.wang -----GalleryUtils.getDeviceModel()X440M
08-16 14:20:37.135 E/MountService( 2207): ===getAllExtraInfos, just compiler interface for BUILD===
08-16 14:20:37.135 E/MountService( 2207): ===getAllExtraInfos, Please use StorageManager API to get Storage informations on S2-50/C2 which base on Android4.3===
08-16 14:20:37.178 I/Gallery3d(15405): PermissionUtil -- no permission :[]
08-16 14:20:37.178 I/Gallery3d(15405): Overlay_Gallery -- the system language is --->>> CN
08-16 14:20:37.185 I/tvos    ( 1764): [37m[INFO] Change to Voltage: 1130 mV (0x1F)[m
08-16 14:20:37.185 I/tvos    ( 1764): [37m[INFO] Change to Voltage: 1130 mV (0x22)[m
08-16 14:20:37.185 I/tvos    ( 1764): [37m[INFO] Change to Voltage: 1130 mV (0x25)[m
08-16 14:20:37.186 I/tvos    ( 1764): [37m[INFO] Change to Voltage: 1130 mV (0x28)[m
08-16 14:20:37.187 I/tvos    ( 1764): [37m[INFO] Change to Voltage: 1130 mV (0x2B)[m
08-16 14:20:37.188 I/tvos    ( 1764): [37m[INFO] Change to Voltage: 1130 mV (0x2C)[m
08-16 14:20:37.215 I/tvos    ( 1764): GetAudioOutputDevice, retval : 0
08-16 14:20:37.223 I/Gallery3d(15405): Overlay_Gallery -- galleryMainActivity--->>>onResume
08-16 14:20:37.236 E/WVMExtractor(15405): Failed to open libwvm.so: dlopen failed: library "libwvm.so" not found
08-16 14:20:37.248 I/OMXClient(15405): Using client-side OMX mux.
08-16 14:20:37.279 I/LetvManager-LogReport( 1780): [send_msg] line: 490 report url = http://log.hdtv.cp21.ott.cibntv.net:80/api/log/tvAction
08-16 14:20:37.286 I/tvos    ( 1764): [37m[INFO] Change to Voltage: 1000 mV (0x2C)[m
08-16 14:20:37.286 I/tvos    ( 1764): [37m[INFO] Change to Voltage: 1000 mV (0x29)[m
08-16 14:20:37.286 I/tvos    ( 1764): [37m[INFO] Change to Voltage: 1000 mV (0x26)[m
08-16 14:20:37.287 I/tvos    ( 1764): [37m[INFO] Change to Voltage: 1000 mV (0x23)[m
08-16 14:20:37.288 I/tvos    ( 1764): [37m[INFO] Change to Voltage: 1000 mV (0x20)[m
08-16 14:20:37.289 I/tvos    ( 1764): [37m[INFO] Change to Voltage: 1000 mV (0x1F)[m
08-16 14:20:37.290 W/InputDispatcher( 2207): Focus entered window: Window{5d3b391 u0 com.android.gallery3d/com.android.gallery3d.app.Gallery}
08-16 14:20:37.318 I/OMXClient(15405): Using client-side OMX mux.
08-16 14:20:37.339 E/BufferQueueProducer( 1749): [SurfaceView] connect(P): already connected (cur=1 req=1)
08-16 14:20:37.363 I/OMXClient(15405): Using client-side OMX mux.
08-16 14:20:37.386 I/tvos    ( 1764): [37m[INFO] Change to Voltage: 1130 mV (0x1F)[m
08-16 14:20:37.386 I/tvos    ( 1764): [37m[INFO] Change to Voltage: 1130 mV (0x22)[m
08-16 14:20:37.386 I/tvos    ( 1764): [37m[INFO] Change to Voltage: 1130 mV (0x25)[m
08-16 14:20:37.386 I/tvos    ( 1764): [37m[INFO] Change to Voltage: 1130 mV (0x28)[m
08-16 14:20:37.387 I/tvos    ( 1764): [37m[INFO] Change to Voltage: 1130 mV (0x2B)[m
08-16 14:20:37.401 I/tvos    ( 1764): [37m[INFO] Change to Voltage: 1130 mV (0x2C)[m
08-16 14:20:37.423 I/ActivityManager( 2207): Displayed com.android.gallery3d/.app.Gallery: +823ms (total +822ms)
08-16 14:20:37.424 W/ContextImpl( 2207): Calling a method in the system process without a qualified user: android.app.ContextImpl.sendBroadcast:766 com.android.server.am.ActivityRecord.reportLaunchTimeLocked:1056 com.android.server.am.ActivityRecord.windowsDrawnLocked:1080 com.android.server.am.ActivityRecord$Token.windowsDrawn:345 com.android.server.wm.WindowManagerService$H.handleMessage:8042 
08-16 14:20:37.426 W/ContextImpl( 2613): Calling a method in the system process without a qualified user: android.app.ContextImpl.startService:1224 android.content.ContextWrapper.startService:581 com.stv.helper.service.TvMasterService.noteLaunchTime:169 letv.tvmaster.ITvMasterService$Stub.onTransact:136 android.os.Binder.execTransact:453 
08-16 14:20:37.441 W/InputDispatcher( 2207): Window went away: Window{2214904 u0 Starting com.android.gallery3d}
08-16 14:20:37.456 I/AnalysisLog( 3007): Plugin:onFragmentShowChanged_hide:com.stv.plugin.app----start:time='511303889'
08-16 14:20:37.457 I/AppPlugin( 3007): AppFragment -- onFragmentShowChanged gainSelect true screen = com.stv.plugin.app packageName = com.stv.plugin.app
