08-16 14:20:45.867 I/tvos    ( 1764): #12|->SDK_bPermanentAudioMute:0<-|->SDK_bMomentAudioMute:0<-|->SDK_bByBlockAudioMute:0<-|
08-16 14:20:45.867 I/tvos    ( 1764): #12|->SDK_bByVChipAudioMute:0<-|->SDK_bInternal1AudioMute:0<-|->SDK_bInternal4AudioMute:0<-|
08-16 14:20:45.867 I/tvos    ( 1764): #12|->SDK_bByDuringLimitedTimeAudioMute:0<-|->SDK_bSourceSwitchAudioMute:0<-|->SDK_bMHEGApMute:0<-|
08-16 14:20:45.867 I/tvos    ( 1764): #12|->SDK_bPowerOnMute:0<-|->SDK_bUsrSpdifAudioMute:1<-|->SDK_bNullSourceMute:0<-|->SDK_bByAppMute:0<-|
08-16 14:20:45.867 I/tvos    ( 1764): ---Amplifier_ALC1310_LR_SWMute(0)
08-16 14:20:45.868 I/tvos    ( 1764): ALC1310 unmute good, addr: 0x13 readbackvalue: 4 
08-16 14:20:45.872 I/AudioUtil( 1758): setParameters spk_volume=0
08-16 14:20:45.872 I/audio_hw_primary( 1758): adev_set_parameters: spk_volume=0
08-16 14:20:45.872 I/tvos    ( 1764): SetSoundMuteStatus : m_hpMute : 1, m_spdifMute : 1, m_DataInMute : 0, m_channel7Mute : 0, m_internalMute : 0, m_spkrMute : 0, m_PcmCapture1Mute : 0, m_PcmCapture2Mute : 0 
08-16 14:20:45.872 I/tvos    ( 1764): GetAudioOutputDevice, retval : 0
08-16 14:20:45.873 I/tvos    ( 1764): [SetMuteStatus] call SetSoundMuteStatus, line : 10369, muteType: 67108864, onOff : 1 
08-16 14:20:45.873 I/tvos    ( 1764): _TransMSrvMuteTypeToSDKMuteType: Err! muteType(67108864) is out of Range
08-16 14:20:45.875 I/tvos    ( 1764): [SetMuteStatus] call SetSoundMuteStatus, line : 10369, muteType: 4, onOff : 1 
08-16 14:20:45.875 I/tvos    ( 1764): [audioBSP] #1 m_internalMute : 0 ..
08-16 14:20:45.875 I/tvos    ( 1764): #1|->SDK_bPermanentAudioMute:0<-|->SDK_bMomentAudioMute:0 <-|->SDK_bBySyncAudioMute:0<-|->SDK_bByBlockAudioMute:0<-|->SDK_bByVChipAudioMute:0<-|
08-16 14:20:45.875 I/tvos    ( 1764): #1|->SDK_bInternal1AudioMute:0<-|->SDK_bInternal2AudioMute:0<-|->SDK_bInternal3AudioMute:0<-|->SDK_bInternal4AudioMute:0<-|
08-16 14:20:45.875 I/tvos    ( 1764): #1|->SDK_bByScanInOutchgCHchg:0<-|->SDK_bByDuringLimitedTimeAudioMute:0<-|->SDK_bSourceSwitchAudioMute:0<-|
08-16 14:20:45.875 I/tvos    ( 1764): #1|->SDK_bMHEGApMute:0<-|->SDK_bAllAudioMuteCtrl:0<-|->SDK_bPowerOnMute:0<-|->SDK_bNullSourceMute0<-|->SDK_bSetInputSourceAudioMute:0<-|
08-16 14:20:45.875 I/tvos    ( 1764): [audioBSP] #2 m_spkrMute : 1 ..|->SDK_bUsrSpkrAudioMute:0<-|->SDK_bPowerOnMute:0<-|->SDK_bByUserAudioMute:1<-|
08-16 14:20:45.875 I/tvos    ( 1764): [audioBSP] #3 m_PcmCapture2Mute:1 |->SDK_bByUserPcmCapture2Mute:0<-|->SDK_SUB_bByUserAudioMute:0<-|->SDK_bByUserAudioMute:1<-|
08-16 14:20:45.875 I/tvos    ( 1764): [audioBSP] #5 m_hpMute : 1 ..|->SDK_bUsrHpAudioMute:1<-|->SDK_bPowerOnMute:0<-|->SDK_bByUserAudioMute:1<-|
08-16 14:20:45.875 I/tvos    ( 1764): [audioBSP] #12 m_spdifMute : 1 ..
08-16 14:20:45.875 I/tvos    ( 1764): #12|->SDK_bPermanentAudioMute:0<-|->SDK_bMomentAudioMute:0<-|->SDK_bByBlockAudioMute:0<-|
08-16 14:20:45.875 I/tvos    ( 1764): #12|->SDK_bByVChipAudioMute:0<-|->SDK_bInternal1AudioMute:0<-|->SDK_bInternal4AudioMute:0<-|
08-16 14:20:45.875 I/tvos    ( 1764): #12|->SDK_bByDuringLimitedTimeAudioMute:0<-|->SDK_bSourceSwitchAudioMute:0<-|->SDK_bMHEGApMute:0<-|
08-16 14:20:45.875 I/tvos    ( 1764): #12|->SDK_bPowerOnMute:0<-|->SDK_bUsrSpdifAudioMute:1<-|->SDK_bNullSourceMute:0<-|->SDK_bByAppMute:0<-|
08-16 14:20:45.875 I/tvos    ( 1764): ---Amplifier_ALC1310_LR_SWMute(1)
08-16 14:20:45.875 I/tvos    ( 1764): ALC1310 mute write good, addr: 0x13, readback data : 49164, write cmd times : 1
08-16 14:20:45.878 I/tvos    ( 1764): SetSoundMuteStatus : m_hpMute : 1, m_spdifMute : 1, m_DataInMute : 0, m_channel7Mute : 0, m_internalMute : 0, m_spkrMute : 1, m_PcmCapture1Mute : 0, m_PcmCapture2Mute : 1 
08-16 14:20:45.962 I/APM::AudioPolicyEngine( 1758): getDeviceForStrategy, 359
08-16 14:20:45.982 I/tvos    ( 1764): GetAudioOutputDevice, retval : 0
08-16 14:20:45.987 I/tvos    ( 1764): [37m[INFO] Change to Voltage: 1150 mV (0x22)[m
08-16 14:20:45.987 I/tvos    ( 1764): [37m[INFO] Change to Voltage: 1150 mV (0x25)[m
08-16 14:20:45.987 I/tvos    ( 1764): [37m[INFO] Change to Voltage: 1150 mV (0x28)[m
08-16 14:20:45.987 I/tvos    ( 1764): [37m[INFO] Change to Voltage: 1150 mV (0x2B)[m
08-16 14:20:45.987 I/tvos    ( 1764): [37m[INFO] Change to Voltage: 1150 mV (0x2E)[m
08-16 14:20:45.988 I/tvos    ( 1764): [37m[INFO] Change to Voltage: 1150 mV (0x2E)[m
08-16 14:20:45.998 I/tvos    ( 1764): [37m[INFO] Change to Voltage: 1130 mV (0x1F)[m
08-16 14:20:45.998 I/tvos    ( 1764): [37m[INFO] Change to Voltage: 1130 mV (0x22)[m
08-16 14:20:45.998 I/tvos    ( 1764): [37m[INFO] Change to Voltage: 1130 mV (0x25)[m
08-16 14:20:45.998 I/tvos    ( 1764): [37m[INFO] Change to Voltage: 1130 mV (0x28)[m
08-16 14:20:45.998 I/tvos    ( 1764): [37m[INFO] Change to Voltage: 1130 mV (0x2B)[m
08-16 14:20:45.998 I/tvos    ( 1764): [37m[INFO] Change to Voltage: 1130 mV (0x2C)[m
08-16 14:20:46.089 I/tvos    ( 1764): [37m[INFO] Change to Voltage: 1030 mV (0x2E)[m
08-16 14:20:46.089 I/tvos    ( 1764): [37m[INFO] Change to Voltage: 1030 mV (0x2B)[m
08-16 14:20:46.089 I/tvos    ( 1764): [37m[INFO] Change to Voltage: 1030 mV (0x28)[m
08-16 14:20:46.089 I/tvos    ( 1764): [37m[INFO] Change to Voltage: 1030 mV (0x25)[m
08-16 14:20:46.089 I/tvos    ( 1764): [37m[INFO] Change to Voltage: 1030 mV (0x22)[m
08-16 14:20:46.089 I/tvos    ( 1764): [37m[INFO] Change to Voltage: 1030 mV (0x22)[m
08-16 14:20:46.094 I/tvos    ( 1764): [37m[INFO] Change to Voltage: 1000 mV (0x2C)[m
08-16 14:20:46.094 I/tvos    ( 1764): [37m[INFO] Change to Voltage: 1000 mV (0x29)[m
08-16 14:20:46.094 I/tvos    ( 1764): [37m[INFO] Change to Voltage: 1000 mV (0x26)[m
08-16 14:20:46.094 I/tvos    ( 1764): [37m[INFO] Change to Voltage: 1000 mV (0x23)[m
08-16 14:20:46.094 I/tvos    ( 1764): [37m[INFO] Change to Voltage: 1000 mV (0x20)[m
08-16 14:20:46.095 I/tvos    ( 1764): [37m[INFO] Change to Voltage: 1000 mV (0x1F)[m
08-16 14:20:46.232 I/tvos    ( 1764): GetAudioOutputDevice, retval : 0
08-16 14:20:46.251 I/LightHttp( 4876): [default][Signature2]:GET
08-16 14:20:46.251 I/LightHttp( 4876): /v1/channel/letv/100/1002
08-16 14:20:46.251 I/LightHttp( 4876): 
08-16 14:20:46.251 I/LightHttp( 4876): Thu, 16 Aug 2018 02:20:46GMT
08-16 14:20:46.251 I/LightHttp( 4876): signal=7
08-16 14:20:46.277 I/Launcher( 3007): [com.stv.launcher] DataModel --  onReceive action = com.stv.launcher.model.ACTION_CHECK_AD_UPDATE
08-16 14:20:46.278 E/LETV_DEVICE( 1780): no name sn for Mstar
08-16 14:20:46.284 E/LETV_DEVICE( 1780): no name sn for Mstar
08-16 14:20:46.349 I/SignalSourceManager( 4876): [com.stv.signalsourcemanager] SignalSourceManager-LeTvDataService -- onSuccess:-999,{"rows":[{"defaultLogo":{"pic3_400_225":"http:\/\/i1.letvimg.com\/lc05_isvrs\/201803\/13\/12\/00\/45879eee-ae68-4e66-958e-93a9ab249338.jpg","pic2_960_540":"http:\/\/i2.letvimg.com\/lc04_isvrs\/201803\/13\/12\/00\/a53403e5-a66f-4d35-963b-8e0d8d7caa0f.jpg","pic1_746_419":"http:\/\/i0.letvimg.com\/lc06_isvrs\/201803\/13\/12\/00\/8b4e7501-f335-4c39-a33c-e55077cc47d4.jpg","pic4_160_90":"http:\/\/i3.letvimg.com\/lc05_isvrs\/201803\/13\/12\/00\/f751fa43-cd7f-4c58-8b4e-9888797c4037.jpg"},"splatid":"1060704002,1009,1042,1070915002,1045","src_id":2,"numericKeys2":"1","CIBN_channelName":"\u7efc\u5408","is4K":0,"isCopyRight":0,"drmFlag":0,"belongArea":100,"isRecommend":1,"isPay":0,"isUsed":1,"channelId":71,"isQuestion":"","videoType":"0","isChat":0,"copyRightArea":"100,101,102,103","streams":[{"rateType":"flv_1000","streamId":71,"rate":800,"streamUrl":"http:\/\/live.g3proxy.cp21.ott.cibntv.net\/gslb?stream_id=lb_zonghe_1000&tag=live&ext=m3u8&sign=live_tv","streamName":"lb_zonghe_1000"},{"rateType":"flv_1300","streamId":72,"rate":1300,"streamUrl":"http:\/\/live.g3proxy.cp21.ott.cibntv.net\/gslb?stream_id=lb_zonghe_1300&tag=live&ext=m3u8&sign=live_tv","streamName":"lb_zonghe_1300"},{"rateType":"flv_350","streamId":289,"rate":350,"streamUrl":"http:\/\/live.g3proxy.cp21.ott.cibntv.net\/gslb?stream_id=lb_zonghe_350&tag=live&ext=m3u8&sign=live_tv","streamName":"lb_zonghe_350"},{"rateType":"flv_720p","streamId":315,"rate":1800,"streamUrl":"http:\/\/live.g3proxy.cp21.ott.cibntv.net\/gslb?stream_id=lb_zonghe_720p&tag=live&ext=m3u8&sign=live_tv","streamName":"lb_zonghe_720p"}],"ch":"letv_ltv_00001","childLock":0,"clarityId":0,"isDolby":0,"signal":7,"is3D":0,"playType":0,"romOnLine":"1","tvOnLine":1,"sourceId":7,"pcOnLine":1,"jsonOnLine":1,"isPicCollections":1,"cibnChannelName":"\u7efc\u5408","numericKeys":"1","channelName":"\u7efc\u5408","isPanoramicView":0,"isDanmaku":0,"orderNo":"1","channelClass":"30","channelEname":"lb_zonghe","buyFlag":0},{"defaultLogo":{"pic3_400_225":"http:\/\/i0.letvimg.com\/lc03_isvrs\/201801\/16\/16\/08\/243a20f7-bcfd-47fc-a057-e808ebadba29.jpg","pic2_960_540":"http:\/\/i3.letvimg.com\/lc05_isvrs\/201801\/16\/16\/08\/a5b5c707-6c53-4704-97e9-ad797085e46e.jpg","pic1_746_419":"http:\/\/i1.letvimg.com\/lc04_isvrs\/201801\/16\/16\/08\/5b379798-f31f-437f-81e0-160402b6d67a.jpg","pic4_160_90":"http:\/\/i0.letvimg.com\/lc05_isvrs\/201801\/16\/16\/08\/51efe0e1-0b49-4021-b8ab-ed6255509a5a.jpg"},"splatid":"1060704002,1009,1042,1070915002,1045","src_id":2,"numericKeys2":"2","CIBN_channelName":"\u7535\u5f71","is4K":0,"isCopyRight":0,"drmFlag":0,"belongArea":100,"isRecommend":1,"isPay":0,"isUsed":1,"channelId":224,"isQuestion":"","videoType":"0","isChat":0,"copyRightArea":"100,101,102,103","streams":[{"rateType":"flv_720p","streamId":272,"rate":1800,"streamUrl":"http:\/\/live.g3proxy.cp21.ott.cibntv.net\/gslb?stream_id=lb_movie_720p&tag=live&ext=m3u8&sign=live_tv","streamName":"lb_movie_720p"},{"rateType":"flv_1300","streamId":303,"rate":1300,"streamUrl":"http:\/\/live.g3proxy.cp21.ott.cibntv.net\/gslb?stream_id=lb_movie_1300&tag=live&ext=m3u8&sign=live_tv","streamName":"lb_movie_1300"},{"rateType":"flv_1000","streamId":304,"rate":800,"streamUrl":"http:\/\/live.g3proxy.cp21.ott.cibntv.net\/gslb?stream_id=lb_movie_1000&tag=live&ext=m3u8&sign=live_tv","streamName":"lb_movie_1000"},{"rateType":"flv_350","streamId":1540,"rate":350,"streamUrl":"http:\/\/live.g3proxy.cp21.ott.cibntv.net\/gslb?stream_id=lb_movie_350&tag=live&ext=m3u8&sign=live_tv","streamName":"lb_movie_350"}],"ch":"letv_ltv_00002","childLock":0,"clarityId":0,"isDolby":0,"signal":7,"is3D":0,"playType":0,"romOnLine":"1","tvOnLine":1,"sourceId":7,"pcOnLine":1,"jsonOnLine":1,"isPicCollections":1,"cibnChannelName":"\u7535\u5f71","numericKeys":"2","channelName":"\u7535\u5f71","isPanoramicView":0,"isDanmaku":0,"orderNo":"2","channelClass":"10","channelEname":"lb_movie","buyFlag":0},{"defaultLogo":{"pic3_400_225":"http:\/\/i0.letvimg.com\/lc07_isvrs\/201
08-16 14:20:46.483 I/tvos    ( 1764): GetAudioOutputDevice, retval : 0
08-16 14:20:46.487 E/LetvRemoteupgradeManager-JNI( 2613): can't get LetvManager service!
08-16 14:20:46.559 W/InputDispatcher( 2207): findFocusedWindow finished: injectionResult=0, timeSpentWaitingForApplication=0.0ms
08-16 14:20:46.565 W/InputDispatcher( 2207): findFocusedWindow finished: injectionResult=0, timeSpentWaitingForApplication=0.0ms
08-16 14:20:46.566 I/Gallery3d(15405): OverlayMenuMain -- onItemClick MENU_SORT
08-16 14:20:46.566 I/SoundPool( 2207): enter : func play
08-16 14:20:46.567 I/APM::AudioPolicyEngine( 1758): getDeviceForStrategy, 359
08-16 14:20:46.569 I/System.out(15405): From style:
08-16 14:20:46.569 I/System.out(15405): Attrs: 3010001=0.6 3010002=#0 3010003=null 3010004=true
08-16 14:20:46.573 I/audio_hw_primary( 1758): version:a00004 adev_create_audio_patch::mix->device 
08-16 14:20:46.573 I/audio_hw_primary( 1758): adev_create_audio_patch *handle=-1420227928 num_audio_patch=3
08-16 14:20:46.575 E/AudioManagerService( 1803): setAudioVolume(callingPid 1758, clientPid 1758, enSoundPath 0, volumn:0 )
08-16 14:20:46.578 I/tvos    ( 1764): SetVolume, subWooExist 0!
08-16 14:20:46.578 I/tvos    ( 1764): mapi_audio_customer::SetAbsoluteVolume: project name is X440M
08-16 14:20:46.578 I/tvos    ( 1764): SetAbsoluteVolume: uPercent : 0, path=52(speaker), VolumeInt=7f, VolumeFra=0
08-16 14:20:46.578 I/tvos    ( 1764): SetAbsoluteVolume: uPercent(currVol) : 0, realPath=52(default), VolumeInt=7f, VolumeFra=0
08-16 14:20:46.578 I/tvos    ( 1764): mapi_audio_customer::SetAbsoluteVolume: project name is X440M
08-16 14:20:46.578 I/tvos    ( 1764): SetAbsoluteVolume: uPercent : 0, path=49(HP), VolumeInt=7f, VolumeFra=0
08-16 14:20:46.578 I/tvos    ( 1764): SetAbsoluteVolume: uPercent(currVol) : 0, realPath=49(default), VolumeInt=7f, VolumeFra=0
08-16 14:20:46.578 I/tvos    ( 1764): mapi_audio_customer::SetAbsoluteVolume: project name is X440M
08-16 14:20:46.578 I/tvos    ( 1764): SetAbsoluteVolume, m_bBTDetect is false! 
08-16 14:20:46.578 I/tvos    ( 1764): mapi_audio_customer::SetAbsoluteVolume: project name is X440M
08-16 14:20:46.578 I/tvos    ( 1764): SetAbsoluteVolume: uPercent : 0, path=255(speaker), VolumeInt=7f, VolumeFra=0
08-16 14:20:46.578 I/tvos    ( 1764): SetAbsoluteVolume: uPercent(currVol) : 0, realPath=255(default), VolumeInt=7f, VolumeFra=0
08-16 14:20:46.578 I/tvos    ( 1764): [SetMuteStatus] call SetSoundMuteStatus, line : 10369, muteType: 4, onOff : 0 
08-16 14:20:46.578 I/tvos    ( 1764): [audioBSP] #1 m_internalMute : 0 ..
08-16 14:20:46.578 I/tvos    ( 1764): #1|->SDK_bPermanentAudioMute:0<-|->SDK_bMomentAudioMute:0 <-|->SDK_bBySyncAudioMute:0<-|->SDK_bByBlockAudioMute:0<-|->SDK_bByVChipAudioMute:0<-|
08-16 14:20:46.578 I/tvos    ( 1764): #1|->SDK_bInternal1AudioMute:0<-|->SDK_bInternal2AudioMute:0<-|->SDK_bInternal3AudioMute:0<-|->SDK_bInternal4AudioMute:0<-|
08-16 14:20:46.578 I/tvos    ( 1764): #1|->SDK_bByScanInOutchgCHchg:0<-|->SDK_bByDuringLimitedTimeAudioMute:0<-|->SDK_bSourceSwitchAudioMute:0<-|
08-16 14:20:46.578 I/tvos    ( 1764): #1|->SDK_bMHEGApMute:0<-|->SDK_bAllAudioMuteCtrl:0<-|->SDK_bPowerOnMute:0<-|->SDK_bNullSourceMute0<-|->SDK_bSetInputSourceAudioMute:0<-|
08-16 14:20:46.578 I/tvos    ( 1764): [audioBSP] #2 m_spkrMute : 0 ..|->SDK_bUsrSpkrAudioMute:0<-|->SDK_bPowerOnMute:0<-|->SDK_bByUserAudioMute:0<-|
08-16 14:20:46.578 I/tvos    ( 1764): [audioBSP] #3 m_PcmCapture2Mute:0 |->SDK_bByUserPcmCapture2Mute:0<-|->SDK_SUB_bByUserAudioMute:0<-|->SDK_bByUserAudioMute:0<-|
08-16 14:20:46.578 I/tvos    ( 1764): [audioBSP] #5 m_hpMute : 1 ..|->SDK_bUsrHpAudioMute:1<-|->SDK_bPowerOnMute:0<-|->SDK_bByUserAudioMute:0<-|
08-16 14:20:46.578 I/tvos    ( 1764): [audioBSP] #12 m_spdifMute : 1 ..
08-16 14:20:46.578 I/tvos    ( 1764): #12|->SDK_bPermanentAudioMute:0<-|->SDK_bMomentAudioMute:0<-|->SDK_bByBlockAudioMute:0<-|
08-16 14:20:46.578 I/tvos    ( 1764): #12|->SDK_bByVChipAudioMute:0<-|->SDK_bInternal1AudioMute:0<-|->SDK_bInternal4AudioMute:0<-|
08-16 14:20:46.578 I/tvos    ( 1764): #12|->SDK_bByDuringLimitedTimeAudioMute:0<-|->SDK_bSourceSwitchAudioMute:0<-|->SDK_bMHEGApMute:0<-|
08-16 14:20:46.578 I/tvos    ( 1764): #12|->SDK_bPowerOnMute:0<-|->SDK_bUsrSpdifAudioMute:1<-|->SDK_bNullSourceMute:0<-|->SDK_bByAppMute:0<-|
08-16 14:20:46.578 I/tvos    ( 1764): ---Amplifier_ALC1310_LR_SWMute(0)
08-16 14:20:46.578 I/tvos    ( 1764): ALC1310 unmute good, addr: 0x13 readbackvalue: 4 
08-16 14:20:46.581 I/AudioUtil( 1758): setParameters spk_volume=0
08-16 14:20:46.581 I/audio_hw_primary( 1758): adev_set_parameters: spk_volume=0
08-16 14:20:46.581 I/tvos    ( 1764): SetSoundMuteStatus : m_hpMute : 1, m_spdifMute : 1, m_DataInMute : 0, m_channel7Mute : 0, m_internalMute : 0, m_spkrMute : 0, m_PcmCapture1Mute : 0, m_PcmCapture2Mute : 0 
08-16 14:20:46.581 I/tvos    ( 1764): GetAudioOutputDevice, retval : 0
08-16 14:20:46.581 I/tvos    ( 1764): [SetMuteStatus] call SetSoundMuteStatus, line : 10369, muteType: 67108864, onOff : 1 
08-16 14:20:46.581 I/tvos    ( 1764): _TransMSrvMuteTypeToSDKMuteType: Err! muteType(67108864) is out of Range
08-16 14:20:46.584 I/tvos    ( 1764): [SetMuteStatus] call SetSoundMuteStatus, line : 10369, muteType: 4, onOff : 1 
08-16 14:20:46.584 I/tvos    ( 1764): [audioBSP] #1 m_internalMute : 0 ..
08-16 14:20:46.584 I/tvos    ( 1764): #1|->SDK_bPermanentAudioMute:0<-|->SDK_bMomentAudioMute:0 <-|->SDK_bBySyncAudioMute:0<-|->SDK_bByBlockAudioMute:0<-|->SDK_bByVChipAudioMute:0<-|
08-16 14:20:46.584 I/tvos    ( 1764): #1|->SDK_bInternal1AudioMute:0<-|->SDK_bInternal2AudioMute:0<-|->SDK_bInternal3AudioMute:0<-|->SDK_bInternal4AudioMute:0<-|
08-16 14:20:46.584 I/tvos    ( 1764): #1|->SDK_bByScanInOutchgCHchg:0<-|->SDK_bByDuringLimitedTimeAudioMute:0<-|->SDK_bSourceSwitchAudioMute:0<-|
08-16 14:20:46.585 I/tvos    ( 1764): #1|->SDK_bMHEGApMute:0<-|->SDK_bAllAudioMuteCtrl:0<-|->SDK_bPowerOnMute:0<-|->SDK_bNullSourceMute0<-|->SDK_bSetInputSourceAudioMute:0<-|
08-16 14:20:46.585 I/tvos    ( 1764): [audioBSP] #2 m_spkrMute : 1 ..|->SDK_bUsrSpkrAudioMute:0<-|->SDK_bPowerOnMute:0<-|->SDK_bByUserAudioMute:1<-|
08-16 14:20:46.585 I/tvos    ( 1764): [audioBSP] #3 m_PcmCapture2Mute:1 |->SDK_bByUserPcmCapture2Mute:0<-|->SDK_SUB_bByUserAudioMute:0<-|->SDK_bByUserAudioMute:1<-|
08-16 14:20:46.585 I/tvos    ( 1764): [audioBSP] #5 m_hpMute : 1 ..|->SDK_bUsrHpAudioMute:1<-|->SDK_bPowerOnMute:0<-|->SDK_bByUserAudioMute:1<-|
08-16 14:20:46.585 I/tvos    ( 1764): [audioBSP] #12 m_spdifMute : 1 ..
08-16 14:20:46.585 I/tvos    ( 1764): #12|->SDK_bPermanentAudioMute:0<-|->SDK_bMomentAudioMute:0<-|->SDK_bByBlockAudioMute:0<-|
08-16 14:20:46.585 I/tvos    ( 1764): #12|->SDK_bByVChipAudioMute:0<-|->SDK_bInternal1AudioMute:0<-|->SDK_bInternal4AudioMute:0<-|
08-16 14:20:46.585 I/tvos    ( 1764): #12|->SDK_bByDuringLimitedTimeAudioMute:0<-|->SDK_bSourceSwitchAudioMute:0<-|->SDK_bMHEGApMute:0<-|
08-16 14:20:46.585 I/tvos    ( 1764): #12|->SDK_bPowerOnMute:0<-|->SDK_bUsrSpdifAudioMute:1<-|->SDK_bNullSourceMute:0<-|->SDK_bByAppMute:0<-|
08-16 14:20:46.585 I/tvos    ( 1764): ---Amplifier_ALC1310_LR_SWMute(1)
08-16 14:20:46.585 I/tvos    ( 1764): ALC1310 mute write good, addr: 0x13, readback data : 49164, write cmd times : 1
08-16 14:20:46.586 I/tvos    ( 1764): SetSoundMuteStatus : m_hpMute : 1, m_spdifMute : 1, m_DataInMute : 0, m_channel7Mute : 0, m_internalMute : 0, m_spkrMute : 1, m_PcmCapture1Mute : 0, m_PcmCapture2Mute : 1 
08-16 14:20:46.589 W/InputDispatcher( 2207): Focus left window: Window{b5d9964 u0 com.android.gallery3d/com.android.gallery3d.app.Gallery}
08-16 14:20:46.589 W/InputDispatcher( 2207): Focus entered window: Window{6c05385 u0 com.android.gallery3d/com.android.gallery3d.app.Gallery}
08-16 14:20:46.595 E/LETV_DEVICE( 1780): no name sn for Mstar
08-16 14:20:46.599 E/ActivityThread( 2837): Failed to find provider info for com.letv.agnes.InfoProvider
08-16 14:20:46.600 E/ActivityThread( 2837): Failed to find provider info for com.letv.agnes.InfoProvider
08-16 14:20:46.601 W/System.err( 2837): java.lang.IllegalArgumentException: Unknown URL content://com.letv.agnes.InfoProvider
08-16 14:20:46.601 W/System.err( 2837): 	at android.content.ContentResolver.insert(ContentResolver.java:1227)
08-16 14:20:46.601 W/System.err( 2837): 	at com.letv.tracker2.agnes.Configuration.addDebugInfo(Configuration.java:289)
08-16 14:20:46.601 W/System.err( 2837): 	at com.letv.tracker2.agnes.MessageProcessor$SendEnvMsgTr$1.handleMessage(MessageProcessor.java:661)
08-16 14:20:46.601 W/System.err( 2837): 	at android.os.Handler.dispatchMessage(Handler.java:102)
08-16 14:20:46.601 W/System.err( 2837): 	at android.os.Looper.loop(Looper.java:148)
08-16 14:20:46.601 W/System.err( 2837): 	at com.letv.tracker2.agnes.MessageProcessor$SendEnvMsgTr.run(MessageProcessor.java:665)
08-16 14:20:46.606 I/[T1.0.6.3]EuiAgnes_Server( 2837): resCode:1
08-16 14:20:46.607 I/[T1.0.6.3]EuiAgnes_Server( 2837): b[0]:0
08-16 14:20:46.637 W/View    (15405): requestLayout() improperly called by android.view.View{82e96cf V.ED..... ......ID 0,0-0,0 #302003d eui.tv:id/letv_functional_menu_highlight_view} during layout: running second layout pass
08-16 14:20:46.733 I/tvos    ( 1764): GetAudioOutputDevice, retval : 0
08-16 14:20:46.983 I/tvos    ( 1764): GetAudioOutputDevice, retval : 0
08-16 14:20:47.111 W/InputDispatcher( 2207): findTouchedWindow finished: injectionResult=0, injectionPermission=1, timeSpentWaitingForApplication=0.0ms
08-16 14:20:47.119 W/InputDispatcher( 2207): findTouchedWindow finished: injectionResult=0, injectionPermission=1, timeSpentWaitingForApplication=0.0ms
08-16 14:20:47.160 W/InputDispatcher( 2207): findTouchedWindow finished: injectionResult=0, injectionPermission=1, timeSpentWaitingForApplication=0.0ms
08-16 14:20:47.162 W/InputDispatcher( 2207): findTouchedWindow finished: injectionResult=0, injectionPermission=1, timeSpentWaitingForApplication=0.0ms
08-16 14:20:47.174 I/APM::AudioPolicyEngine( 1758): getDeviceForStrategy, 359
08-16 14:20:47.227 I/SoundPool( 2207): enter : func play
08-16 14:20:47.227 I/APM::AudioPolicyEngine( 1758): getDeviceForStrategy, 359
08-16 14:20:47.234 I/tvos    ( 1764): GetAudioOutputDevice, retval : 0
08-16 14:20:47.237 I/audio_hw_primary( 1758): version:a00004 adev_create_audio_patch::mix->device 
08-16 14:20:47.237 I/audio_hw_primary( 1758): adev_create_audio_patch *handle=-1420227928 num_audio_patch=3
08-16 14:20:47.239 E/AudioManagerService( 1803): setAudioVolume(callingPid 1758, clientPid 1758, enSoundPath 0, volumn:0 )
08-16 14:20:47.241 I/tvos    ( 1764): SetVolume, subWooExist 0!
08-16 14:20:47.241 I/tvos    ( 1764): mapi_audio_customer::SetAbsoluteVolume: project name is X440M
08-16 14:20:47.241 I/tvos    ( 1764): SetAbsoluteVolume: uPercent : 0, path=52(speaker), VolumeInt=7f, VolumeFra=0
08-16 14:20:47.241 I/tvos    ( 1764): SetAbsoluteVolume: uPercent(currVol) : 0, realPath=52(default), VolumeInt=7f, VolumeFra=0
08-16 14:20:47.241 I/tvos    ( 1764): mapi_audio_customer::SetAbsoluteVolume: project name is X440M
08-16 14:20:47.241 I/tvos    ( 1764): SetAbsoluteVolume: uPercent : 0, path=49(HP), VolumeInt=7f, VolumeFra=0
08-16 14:20:47.241 I/tvos    ( 1764): SetAbsoluteVolume: uPercent(currVol) : 0, realPath=49(default), VolumeInt=7f, VolumeFra=0
08-16 14:20:47.241 I/tvos    ( 1764): mapi_audio_customer::SetAbsoluteVolume: project name is X440M
08-16 14:20:47.241 I/tvos    ( 1764): SetAbsoluteVolume, m_bBTDetect is false! 
08-16 14:20:47.241 I/tvos    ( 1764): mapi_audio_customer::SetAbsoluteVolume: project name is X440M
08-16 14:20:47.241 I/tvos    ( 1764): SetAbsoluteVolume: uPercent : 0, path=255(speaker), VolumeInt=7f, VolumeFra=0
08-16 14:20:47.241 I/tvos    ( 1764): SetAbsoluteVolume: uPercent(currVol) : 0, realPath=255(default), VolumeInt=7f, VolumeFra=0
08-16 14:20:47.241 I/tvos    ( 1764): [SetMuteStatus] call SetSoundMuteStatus, line : 10369, muteType: 4, onOff : 0 
08-16 14:20:47.241 I/tvos    ( 1764): [audioBSP] #1 m_internalMute : 0 ..
08-16 14:20:47.241 I/tvos    ( 1764): #1|->SDK_bPermanentAudioMute:0<-|->SDK_bMomentAudioMute:0 <-|->SDK_bBySyncAudioMute:0<-|->SDK_bByBlockAudioMute:0<-|->SDK_bByVChipAudioMute:0<-|
08-16 14:20:47.241 I/tvos    ( 1764): #1|->SDK_bInternal1AudioMute:0<-|->SDK_bInternal2AudioMute:0<-|->SDK_bInternal3AudioMute:0<-|->SDK_bInternal4AudioMute:0<-|
08-16 14:20:47.241 I/tvos    ( 1764): #1|->SDK_bByScanInOutchgCHchg:0<-|->SDK_bByDuringLimitedTimeAudioMute:0<-|->SDK_bSourceSwitchAudioMute:0<-|
08-16 14:20:47.241 I/tvos    ( 1764): #1|->SDK_bMHEGApMute:0<-|->SDK_bAllAudioMuteCtrl:0<-|->SDK_bPowerOnMute:0<-|->SDK_bNullSourceMute0<-|->SDK_bSetInputSourceAudioMute:0<-|
08-16 14:20:47.241 I/tvos    ( 1764): [audioBSP] #2 m_spkrMute : 0 ..|->SDK_bUsrSpkrAudioMute:0<-|->SDK_bPowerOnMute:0<-|->SDK_bByUserAudioMute:0<-|
08-16 14:20:47.241 I/tvos    ( 1764): [audioBSP] #3 m_PcmCapture2Mute:0 |->SDK_bByUserPcmCapture2Mute:0<-|->SDK_SUB_bByUserAudioMute:0<-|->SDK_bByUserAudioMute:0<-|
08-16 14:20:47.241 I/tvos    ( 1764): [audioBSP] #5 m_hpMute : 1 ..|->SDK_bUsrHpAudioMute:1<-|->SDK_bPowerOnMute:0<-|->SDK_bByUserAudioMute:0<-|
08-16 14:20:47.241 I/tvos    ( 1764): [audioBSP] #12 m_spdifMute : 1 ..
08-16 14:20:47.241 I/tvos    ( 1764): #12|->SDK_bPermanentAudioMute:0<-|->SDK_bMomentAudioMute:0<-|->SDK_bByBlockAudioMute:0<-|
08-16 14:20:47.241 I/tvos    ( 1764): #12|->SDK_bByVChipAudioMute:0<-|->SDK_bInternal1AudioMute:0<-|->SDK_bInternal4AudioMute:0<-|
08-16 14:20:47.241 I/tvos    ( 1764): #12|->SDK_bByDuringLimitedTimeAudioMute:0<-|->SDK_bSourceSwitchAudioMute:0<-|->SDK_bMHEGApMute:0<-|
08-16 14:20:47.241 I/tvos    ( 1764): #12|->SDK_bPowerOnMute:0<-|->SDK_bUsrSpdifAudioMute:1<-|->SDK_bNullSourceMute:0<-|->SDK_bByAppMute:0<-|
08-16 14:20:47.241 I/tvos    ( 1764): ---Amplifier_ALC1310_LR_SWMute(0)
08-16 14:20:47.241 I/tvos    ( 1764): ALC1310 unmute good, addr: 0x13 readbackvalue: 4 
08-16 14:20:47.243 I/tvos    ( 1764): SetSoundMuteStatus : m_hpMute : 1, m_spdifMute : 1, m_DataInMute : 0, m_channel7Mute : 0, m_internalMute : 0, m_spkrMute : 0, m_PcmCapture1Mute : 0, m_PcmCapture2Mute : 0 
08-16 14:20:47.244 I/AudioUtil( 1758): setParameters spk_volume=0
08-16 14:20:47.244 I/audio_hw_primary( 1758): adev_set_parameters: spk_volume=0
08-16 14:20:47.244 I/tvos    ( 1764): GetAudioOutputDevice, retval : 0
08-16 14:20:47.244 I/tvos    ( 1764): [SetMuteStatus] call SetSoundMuteStatus, line : 10369, muteType: 67108864, onOff : 1 
08-16 14:20:47.244 I/tvos    ( 1764): _TransMSrvMuteTypeToSDKMuteType: Err! muteType(67108864) is out of Range
08-16 14:20:47.246 I/tvos    ( 1764): [SetMuteStatus] call SetSoundMuteStatus, line : 10369, muteType: 4, onOff : 1 
08-16 14:20:47.246 I/tvos    ( 1764): [audioBSP] #1 m_internalMute : 0 ..
08-16 14:20:47.246 I/tvos    ( 1764): #1|->SDK_bPermanentAudioMute:0<-|->SDK_bMomentAudioMute:0 <-|->SDK_bBySyncAudioMute:0<-|->SDK_bByBlockAudioMute:0<-|->SDK_bByVChipAudioMute:0<-|
08-16 14:20:47.246 I/tvos    ( 1764): #1|->SDK_bInternal1AudioMute:0<-|->SDK_bInternal2AudioMute:0<-|->SDK_bInternal3AudioMute:0<-|->SDK_bInternal4AudioMute:0<-|
08-16 14:20:47.246 I/tvos    ( 1764): #1|->SDK_bByScanInOutchgCHchg:0<-|->SDK_bByDuringLimitedTimeAudioMute:0<-|->SDK_bSourceSwitchAudioMute:0<-|
08-16 14:20:47.246 I/tvos    ( 1764): #1|->SDK_bMHEGApMute:0<-|->SDK_bAllAudioMuteCtrl:0<-|->SDK_bPowerOnMute:0<-|->SDK_bNullSourceMute0<-|->SDK_bSetInputSourceAudioMute:0<-|
08-16 14:20:47.246 I/tvos    ( 1764): [audioBSP] #2 m_spkrMute : 1 ..|->SDK_bUsrSpkrAudioMute:0<-|->SDK_bPowerOnMute:0<-|->SDK_bByUserAudioMute:1<-|
08-16 14:20:47.246 I/tvos    ( 1764): [audioBSP] #3 m_PcmCapture2Mute:1 |->SDK_bByUserPcmCapture2Mute:0<-|->SDK_SUB_bByUserAudioMute:0<-|->SDK_bByUserAudioMute:1<-|
08-16 14:20:47.246 I/tvos    ( 1764): [audioBSP] #5 m_hpMute : 1 ..|->SDK_bUsrHpAudioMute:1<-|->SDK_bPowerOnMute:0<-|->SDK_bByUserAudioMute:1<-|
08-16 14:20:47.246 I/tvos    ( 1764): [audioBSP] #12 m_spdifMute : 1 ..
08-16 14:20:47.246 I/tvos    ( 1764): #12|->SDK_bPermanentAudioMute:0<-|->SDK_bMomentAudioMute:0<-|->SDK_bByBlockAudioMute:0<-|
08-16 14:20:47.246 I/tvos    ( 1764): #12|->SDK_bByVChipAudioMute:0<-|->SDK_bInternal1AudioMute:0<-|->SDK_bInternal4AudioMute:0<-|
08-16 14:20:47.246 I/tvos    ( 1764): #12|->SDK_bByDuringLimitedTimeAudioMute:0<-|->SDK_bSourceSwitchAudioMute:0<-|->SDK_bMHEGApMute:0<-|
08-16 14:20:47.246 I/tvos    ( 1764): #12|->SDK_bPowerOnMute:0<-|->SDK_bUsrSpdifAudioMute:1<-|->SDK_bNullSourceMute:0<-|->SDK_bByAppMute:0<-|
08-16 14:20:47.246 I/tvos    ( 1764): ---Amplifier_ALC1310_LR_SWMute(1)
08-16 14:20:47.246 I/tvos    ( 1764): ALC1310 mute write good, addr: 0x13, readback data : 49164, write cmd times : 1
08-16 14:20:47.248 I/tvos    ( 1764): SetSoundMuteStatus : m_hpMute : 1, m_spdifMute : 1, m_DataInMute : 0, m_channel7Mute : 0, m_internalMute : 0, m_spkrMute : 1, m_PcmCapture1Mute : 0, m_PcmCapture2Mute : 1 
08-16 14:20:47.361 W/InputDispatcher( 2207): Focus left window: Window{6c05385 u0 com.android.gallery3d/com.android.gallery3d.app.Gallery}
08-16 14:20:47.361 W/InputDispatcher( 2207): Focus entered window: Window{b5d9964 u0 com.android.gallery3d/com.android.gallery3d.app.Gallery}
08-16 14:20:47.361 W/InputDispatcher( 2207): Window went away: Window{6c05385 u0 com.android.gallery3d/com.android.gallery3d.app.Gallery}
08-16 14:20:47.362 I/Gallery3d(15405): OverlayMenuMain -- gallery3dReportEvent--sortMenuListener--onItemClick
08-16 14:20:47.365 E/LETV_DEVICE( 1780): no name sn for Mstar
08-16 14:20:47.378 E/ActivityThread( 2837): Failed to find provider info for com.letv.agnes.InfoProvider
08-16 14:20:47.379 E/ActivityThread( 2837): Failed to find provider info for com.letv.agnes.InfoProvider
08-16 14:20:47.379 W/System.err( 2837): java.lang.IllegalArgumentException: Unknown URL content://com.letv.agnes.InfoProvider
08-16 14:20:47.379 W/System.err( 2837): 	at android.content.ContentResolver.insert(ContentResolver.java:1227)
08-16 14:20:47.379 W/System.err( 2837): 	at com.letv.tracker2.agnes.Configuration.addDebugInfo(Configuration.java:289)
08-16 14:20:47.379 W/System.err( 2837): 	at com.letv.tracker2.agnes.MessageProcessor$SendEnvMsgTr$1.handleMessage(MessageProcessor.java:661)
08-16 14:20:47.379 W/System.err( 2837): 	at android.os.Handler.dispatchMessage(Handler.java:102)
08-16 14:20:47.379 W/System.err( 2837): 	at android.os.Looper.loop(Looper.java:148)
08-16 14:20:47.379 W/System.err( 2837): 	at com.letv.tracker2.agnes.MessageProcessor$SendEnvMsgTr.run(MessageProcessor.java:665)
08-16 14:20:47.383 I/[T1.0.6.3]EuiAgnes_Server( 2837): resCode:1
08-16 14:20:47.383 I/[T1.0.6.3]EuiAgnes_Server( 2837): b[0]:0
08-16 14:20:47.484 I/tvos    ( 1764): GetAudioOutputDevice, retval : 0
08-16 14:20:47.587 I/tvos    ( 1764): [37m[INFO] Change to Voltage: 1150 mV (0x22)[m
08-16 14:20:47.587 I/tvos    ( 1764): [37m[INFO] Change to Voltage: 1150 mV (0x25)[m
08-16 14:20:47.587 I/tvos    ( 1764): [37m[INFO] Change to Voltage: 1150 mV (0x28)[m
08-16 14:20:47.587 I/tvos    ( 1764): [37m[INFO] Change to Voltage: 1150 mV (0x2B)[m
08-16 14:20:47.588 I/tvos    ( 1764): [37m[INFO] Change to Voltage: 1150 mV (0x2E)[m
08-16 14:20:47.589 I/tvos    ( 1764): [37m[INFO] Change to Voltage: 1150 mV (0x2E)[m
08-16 14:20:47.657 W/Gallery3d(15405): ImageCacheRequest -- decode orig failed /local/image/item/6432,?
08-16 14:20:47.658 I/Gallery3d(15405): AlbumSetPage -- the image count is 5
08-16 14:20:47.736 I/tvos    ( 1764): GetAudioOutputDevice, retval : 0
08-16 14:20:47.755 I/Gallery3d(15405): AlbumSetPage -- the image count is 7
08-16 14:20:47.755 W/Gallery3d(15405): ImageCacheRequest -- decode orig failed /local/image/item/6435,?
08-16 14:20:47.789 I/tvos    ( 1764): [37m[INFO] Change to Voltage: 1030 mV (0x2E)[m
08-16 14:20:47.789 I/tvos    ( 1764): [37m[INFO] Change to Voltage: 1030 mV (0x2B)[m
08-16 14:20:47.789 I/tvos    ( 1764): [37m[INFO] Change to Voltage: 1030 mV (0x28)[m
08-16 14:20:47.789 I/tvos    ( 1764): [37m[INFO] Change to Voltage: 1030 mV (0x25)[m
08-16 14:20:47.789 I/tvos    ( 1764): [37m[INFO] Change to Voltage: 1030 mV (0x22)[m
08-16 14:20:47.789 I/tvos    ( 1764): [37m[INFO] Change to Voltage: 1030 mV (0x22)[m
08-16 14:20:47.825 W/Bitmap  (15405): Called getWidth() on a recycle()'d bitmap! This is undefined behavior!
08-16 14:20:47.825 I/Gallery3d(15405): AlbumSetPage -- the image count is 14
08-16 14:20:47.838 I/APM::AudioPolicyEngine( 1758): getDeviceForStrategy, 359
08-16 14:20:47.889 I/tvos    ( 1764): [37m[INFO] Change to Voltage: 1150 mV (0x22)[m
08-16 14:20:47.889 I/tvos    ( 1764): [37m[INFO] Change to Voltage: 1150 mV (0x25)[m
08-16 14:20:47.889 I/tvos    ( 1764): [37m[INFO] Change to Voltage: 1150 mV (0x28)[m
08-16 14:20:47.889 I/tvos    ( 1764): [37m[INFO] Change to Voltage: 1150 mV (0x2B)[m
08-16 14:20:47.889 I/tvos    ( 1764): [37m[INFO] Change to Voltage: 1150 mV (0x2E)[m
08-16 14:20:47.889 I/tvos    ( 1764): [37m[INFO] Change to Voltage: 1150 mV (0x2E)[m
08-16 14:20:47.898 W/Bitmap  (15405): Called getWidth() on a recycle()'d bitmap! This is undefined behavior!
08-16 14:20:47.899 I/Gallery3d(15405): AlbumSetPage -- the image count is 21
08-16 14:20:47.987 I/tvos    ( 1764): [37m[INFO] Change to Voltage: 1030 mV (0x2E)[m
08-16 14:20:47.987 I/tvos    ( 1764): [37m[INFO] Change to Voltage: 1030 mV (0x2B)[m
08-16 14:20:47.987 I/tvos    ( 1764): GetAudioOutputDevice, retval : 0
08-16 14:20:47.987 I/tvos    ( 1764): [37m[INFO] Change to Voltage: 1030 mV (0x28)[m
08-16 14:20:47.987 I/tvos    ( 1764): [37m[INFO] Change to Voltage: 1030 mV (0x25)[m
08-16 14:20:47.988 I/tvos    ( 1764): [37m[INFO] Change to Voltage: 1030 mV (0x22)[m
08-16 14:20:47.990 I/tvos    ( 1764): [37m[INFO] Change to Voltage: 1030 mV (0x22)[m
08-16 14:20:48.008 W/Bitmap  (15405): Called getWidth() on a recycle()'d bitmap! This is undefined behavior!
08-16 14:20:48.009 I/Gallery3d(15405): AlbumSetPage -- the image count is 26
08-16 14:20:48.088 I/tvos    ( 1764): [37m[INFO] Change to Voltage: 1130 mV (0x1F)[m
08-16 14:20:48.088 I/tvos    ( 1764): [37m[INFO] Change to Voltage: 1130 mV (0x22)[m
08-16 14:20:48.088 I/tvos    ( 1764): [37m[INFO] Change to Voltage: 1130 mV (0x25)[m
08-16 14:20:48.088 I/tvos    ( 1764): [37m[INFO] Change to Voltage: 1130 mV (0x28)[m
08-16 14:20:48.088 I/tvos    ( 1764): [37m[INFO] Change to Voltage: 1130 mV (0x2B)[m
08-16 14:20:48.089 I/tvos    ( 1764): [37m[INFO] Change to Voltage: 1130 mV (0x2C)[m
08-16 14:20:48.099 W/Bitmap  (15405): Called getWidth() on a recycle()'d bitmap! This is undefined behavior!
08-16 14:20:48.101 I/Gallery3d(15405): AlbumSetPage -- the image count is 32
08-16 14:20:48.180 W/InputDispatcher( 2207): findFocusedWindow finished: injectionResult=0, timeSpentWaitingForApplication=0.0ms
08-16 14:20:48.208 W/InputDispatcher( 2207): Waiting for application to become ready for input: AppWindowToken{3dbfc3b token=Token{90968be ActivityRecord{5a26379 u0 com.android.gallery3d/.app.Gallery t21}}} - Window{b5d9964 u0 com.android.gallery3d/com.android.gallery3d.app.Gallery}.  Reason: Waiting because the focused window's input channel is not registered with the input dispatcher.  The window may be in the process of being removed.
08-16 14:20:48.208 W/InputDispatcher( 2207): findFocusedWindow finished: injectionResult=-1, timeSpentWaitingForApplication=0.0ms
08-16 14:20:48.210 W/InputDispatcher( 2207): Focus left window: Window{b5d9964 u0 com.android.gallery3d/com.android.gallery3d.app.Gallery}
08-16 14:20:48.210 W/InputDispatcher( 2207): Focus entered window: Window{5d3b391 u0 com.android.gallery3d/com.android.gallery3d.app.Gallery}
08-16 14:20:48.210 W/InputDispatcher( 2207): Window went away: Window{b5d9964 u0 com.android.gallery3d/com.android.gallery3d.app.Gallery}
08-16 14:20:48.210 W/InputDispatcher( 2207): findFocusedWindow finished: injectionResult=0, timeSpentWaitingForApplication=2.4ms
08-16 14:20:48.212 I/tvos    ( 1764): [37m[INFO] Change to Voltage: 1150 mV (0x22)[m
08-16 14:20:48.212 I/tvos    ( 1764): [37m[INFO] Change to Voltage: 1150 mV (0x25)[m
08-16 14:20:48.212 I/tvos    ( 1764): [37m[INFO] Change to Voltage: 1150 mV (0x28)[m
08-16 14:20:48.212 I/tvos    ( 1764): [37m[INFO] Change to Voltage: 1150 mV (0x2B)[m
08-16 14:20:48.212 I/tvos    ( 1764): [37m[INFO] Change to Voltage: 1150 mV (0x2E)[m
08-16 14:20:48.212 I/tvos    ( 1764): [37m[INFO] Change to Voltage: 1150 mV (0x2E)[m
08-16 14:20:48.212 I/tvos    ( 1764): [37m[INFO] Change to Voltage: 1000 mV (0x2C)[m
08-16 14:20:48.212 I/tvos    ( 1764): [37m[INFO] Change to Voltage: 1000 mV (0x29)[m
08-16 14:20:48.212 I/tvos    ( 1764): [37m[INFO] Change to Voltage: 1000 mV (0x26)[m
08-16 14:20:48.212 I/tvos    ( 1764): [37m[INFO] Change to Voltage: 1000 mV (0x23)[m
08-16 14:20:48.212 I/tvos    ( 1764): [37m[INFO] Change to Voltage: 1000 mV (0x20)[m
08-16 14:20:48.212 I/tvos    ( 1764): [37m[INFO] Change to Voltage: 1000 mV (0x1F)[m
08-16 14:20:48.214 W/InputEventReceiver(15405): Attempted to finish an input event but the input event receiver has already been disposed.
08-16 14:20:48.214 W/Bitmap  (15405): Called getWidth() on a recycle()'d bitmap! This is undefined behavior!
08-16 14:20:48.215 I/Gallery3d(15405): AlbumSetPage -- the image count is 40
08-16 14:20:48.219 W/ViewRootImpl(15405): Cancelling event due to no window focus: KeyEvent { action=ACTION_UP, keyCode=KEYCODE_BACK, scanCode=0, metaState=0, flags=0x20, repeatCount=0, eventTime=511314605, downTime=511314605, deviceId=-1, source=0x101 }
08-16 14:20:48.219 W/ViewRootImpl(15405): Cancelling event due to no window focus: KeyEvent { action=ACTION_UP, keyCode=KEYCODE_BACK, scanCode=0, metaState=0, flags=0x20, repeatCount=0, eventTime=511314605, downTime=511314605, deviceId=-1, source=0x101 }
08-16 14:20:48.219 W/ViewRootImpl(15405): Cancelling event due to no window focus: KeyEvent { action=ACTION_UP, keyCode=KEYCODE_BACK, scanCode=0, metaState=0, flags=0x20, repeatCount=0, eventTime=511314605, downTime=511314605, deviceId=-1, source=0x101 }
08-16 14:20:48.219 W/ViewRootImpl(15405): Cancelling event due to no window focus: KeyEvent { action=ACTION_UP, keyCode=KEYCODE_BACK, scanCode=0, metaState=0, flags=0x20, repeatCount=0, eventTime=511314605, downTime=511314605, deviceId=-1, source=0x101 }
08-16 14:20:48.219 W/ViewRootImpl(15405): Cancelling event due to no window focus: KeyEvent { action=ACTION_UP, keyCode=KEYCODE_BACK, scanCode=0, metaState=0, flags=0x20, repeatCount=0, eventTime=511314605, downTime=511314605, deviceId=-1, source=0x101 }
08-16 14:20:48.219 W/ViewRootImpl(15405): Cancelling event due to no window focus: KeyEvent { action=ACTION_UP, keyCode=KEYCODE_BACK, scanCode=0, metaState=0, flags=0x20, repeatCount=0, eventTime=511314605, downTime=511314605, deviceId=-1, source=0x101 }
08-16 14:20:48.219 W/ViewRootImpl(15405): Cancelling event due to no window focus: KeyEvent { action=ACTION_UP, keyCode=KEYCODE_BACK, scanCode=0, metaState=0, flags=0x20, repeatCount=0, eventTime=511314605, downTime=511314605, deviceId=-1, source=0x101 }
08-16 14:20:48.219 W/ViewRootImpl(15405): Cancelling event due to no window focus: KeyEvent { action=ACTION_UP, keyCode=KEYCODE_BACK, scanCode=0, metaState=0, flags=0x20, repeatCount=0, eventTime=511314605, downTime=511314605, deviceId=-1, source=0x101 }
08-16 14:20:48.219 W/ViewRootImpl(15405): Cancelling event due to no window focus: KeyEvent { action=ACTION_UP, keyCode=KEYCODE_BACK, scanCode=0, metaState=0, flags=0x20, repeatCount=0, eventTime=511314605, downTime=511314605, deviceId=-1, source=0x101 }
08-16 14:20:48.237 I/tvos    ( 1764): GetAudioOutputDevice, retval : 0
08-16 14:20:48.286 I/tvos    ( 1764): [37m[INFO] Change to Voltage: 1130 mV (0x1F)[m
08-16 14:20:48.287 I/tvos    ( 1764): [37m[INFO] Change to Voltage: 1130 mV (0x22)[m
08-16 14:20:48.287 I/tvos    ( 1764): [37m[INFO] Change to Voltage: 1130 mV (0x25)[m
08-16 14:20:48.287 I/tvos    ( 1764): [37m[INFO] Change to Voltage: 1130 mV (0x28)[m
08-16 14:20:48.294 I/tvos    ( 1764): [37m[INFO] Change to Voltage: 1130 mV (0x2B)[m
08-16 14:20:48.295 I/tvos    ( 1764): [37m[INFO] Change to Voltage: 1130 mV (0x2C)[m
08-16 14:20:48.303 I/tvos    ( 1764): [37m[INFO] Change to Voltage: 1030 mV (0x2E)[m
08-16 14:20:48.307 I/tvos    ( 1764): [37m[INFO] Change to Voltage: 1030 mV (0x2B)[m
08-16 14:20:48.312 I/tvos    ( 1764): [37m[INFO] Change to Voltage: 1030 mV (0x28)[m
08-16 14:20:48.313 I/tvos    ( 1764): [37m[INFO] Change to Voltage: 1030 mV (0x25)[m
08-16 14:20:48.313 I/tvos    ( 1764): [37m[INFO] Change to Voltage: 1030 mV (0x22)[m
08-16 14:20:48.320 I/tvos    ( 1764): [37m[INFO] Change to Voltage: 1030 mV (0x22)[m
08-16 14:20:48.329 W/Bitmap  (15405): Called getWidth() on a recycle()'d bitmap! This is undefined behavior!
08-16 14:20:48.333 I/Gallery3d(15405): AlbumSetPage -- the image count is 45
08-16 14:20:48.389 I/tvos    ( 1764): [37m[INFO] Change to Voltage: 1000 mV (0x2C)[m
08-16 14:20:48.390 I/tvos    ( 1764): [37m[INFO] Change to Voltage: 1000 mV (0x29)[m
08-16 14:20:48.390 I/tvos    ( 1764): [37m[INFO] Change to Voltage: 1000 mV (0x26)[m
08-16 14:20:48.390 I/tvos    ( 1764): [37m[INFO] Change to Voltage: 1000 mV (0x23)[m
08-16 14:20:48.390 I/tvos    ( 1764): [37m[INFO] Change to Voltage: 1000 mV (0x20)[m
08-16 14:20:48.390 I/tvos    ( 1764): [37m[INFO] Change to Voltage: 1000 mV (0x1F)[m
08-16 14:20:48.398 I/tvos    ( 1764): [37m[INFO] Change to Voltage: 1150 mV (0x22)[m
08-16 14:20:48.406 I/tvos    ( 1764): [37m[INFO] Change to Voltage: 1150 mV (0x25)[m
08-16 14:20:48.407 I/tvos    ( 1764): [37m[INFO] Change to Voltage: 1150 mV (0x28)[m
08-16 14:20:48.408 I/tvos    ( 1764): [37m[INFO] Change to Voltage: 1150 mV (0x2B)[m
08-16 14:20:48.409 I/tvos    ( 1764): [37m[INFO] Change to Voltage: 1150 mV (0x2E)[m
08-16 14:20:48.410 I/tvos    ( 1764): [37m[INFO] Change to Voltage: 1150 mV (0x2E)[m
08-16 14:20:48.438 W/Bitmap  (15405): Called getWidth() on a recycle()'d bitmap! This is undefined behavior!
08-16 14:20:48.439 I/Gallery3d(15405): AlbumSetPage -- the image count is 54
08-16 14:20:48.495 I/tvos    ( 1764): [37m[INFO] Change to Voltage: 1030 mV (0x2E)[m
08-16 14:20:48.495 I/tvos    ( 1764): [37m[INFO] Change to Voltage: 1030 mV (0x2B)[m
08-16 14:20:48.495 I/tvos    ( 1764): [37m[INFO] Change to Voltage: 1030 mV (0x28)[m
08-16 14:20:48.495 I/tvos    ( 1764): [37m[INFO] Change to Voltage: 1030 mV (0x25)[m
08-16 14:20:48.503 I/tvos    ( 1764): GetAudioOutputDevice, retval : 0
08-16 14:20:48.504 I/tvos    ( 1764): [37m[INFO] Change to Voltage: 1030 mV (0x22)[m
08-16 14:20:48.504 I/tvos    ( 1764): [37m[INFO] Change to Voltage: 1030 mV (0x22)[m
08-16 14:20:48.527 W/Bitmap  (15405): Called getWidth() on a recycle()'d bitmap! This is undefined behavior!
08-16 14:20:48.528 I/Gallery3d(15405): AlbumSetPage -- the image count is 61
08-16 14:20:48.586 I/tvos    ( 1764): [37m[INFO] Change to Voltage: 1130 mV (0x1F)[m
08-16 14:20:48.586 I/tvos    ( 1764): [37m[INFO] Change to Voltage: 1130 mV (0x22)[m
08-16 14:20:48.586 I/tvos    ( 1764): [37m[INFO] Change to Voltage: 1130 mV (0x25)[m
08-16 14:20:48.587 I/tvos    ( 1764): [37m[INFO] Change to Voltage: 1130 mV (0x28)[m
08-16 14:20:48.588 I/tvos    ( 1764): [37m[INFO] Change to Voltage: 1130 mV (0x2B)[m
08-16 14:20:48.589 I/reService( 2207): onReportKeyEvent  type=type0 keycode=21*22*82*20*20*20*20*23*4 
08-16 14:20:48.590 I/tvos    ( 1764): [37m[INFO] Change to Voltage: 1130 mV (0x2C)[m
08-16 14:20:48.593 E/LETV_DEVICE( 1780): no name sn for Mstar
08-16 14:20:48.615 E/ActivityThread( 2837): Failed to find provider info for com.letv.agnes.InfoProvider
08-16 14:20:48.616 E/ActivityThread( 2837): Failed to find provider info for com.letv.agnes.InfoProvider
08-16 14:20:48.616 W/System.err( 2837): java.lang.IllegalArgumentException: Unknown URL content://com.letv.agnes.InfoProvider
08-16 14:20:48.617 W/System.err( 2837): 	at android.content.ContentResolver.insert(ContentResolver.java:1227)
08-16 14:20:48.617 W/System.err( 2837): 	at com.letv.tracker2.agnes.Configuration.addDebugInfo(Configuration.java:289)
08-16 14:20:48.617 W/System.err( 2837): 	at com.letv.tracker2.agnes.MessageProcessor$SendEnvMsgTr$1.handleMessage(MessageProcessor.java:661)
08-16 14:20:48.617 W/System.err( 2837): 	at android.os.Handler.dispatchMessage(Handler.java:102)
08-16 14:20:48.617 W/System.err( 2837): 	at android.os.Looper.loop(Looper.java:148)
08-16 14:20:48.617 W/System.err( 2837): 	at com.letv.tracker2.agnes.MessageProcessor$SendEnvMsgTr.run(MessageProcessor.java:665)
08-16 14:20:48.620 I/[T1.0.6.3]EuiAgnes_Server( 2837): resCode:1
08-16 14:20:48.620 I/[T1.0.6.3]EuiAgnes_Server( 2837): b[0]:0
08-16 14:20:48.660 W/Bitmap  (15405): Called getWidth() on a recycle()'d bitmap! This is undefined behavior!
08-16 14:20:48.661 I/Gallery3d(15405): AlbumSetPage -- the image count is 64
08-16 14:20:48.753 I/tvos    ( 1764): GetAudioOutputDevice, retval : 0
08-16 14:20:48.787 I/tvos    ( 1764): [37m[INFO] Change to Voltage: 1000 mV (0x2C)[m
08-16 14:20:48.787 I/tvos    ( 1764): [37m[INFO] Change to Voltage: 1000 mV (0x29)[m
08-16 14:20:48.787 I/tvos    ( 1764): [37m[INFO] Change to Voltage: 1000 mV (0x26)[m
08-16 14:20:48.787 I/tvos    ( 1764): [37m[INFO] Change to Voltage: 1000 mV (0x23)[m
08-16 14:20:48.789 I/tvos    ( 1764): [37m[INFO] Change to Voltage: 1000 mV (0x20)[m
08-16 14:20:48.789 I/tvos    ( 1764): [37m[INFO] Change to Voltage: 1000 mV (0x1F)[m
08-16 14:20:48.885 I/tvos    ( 1764): [37m[INFO] Change to Voltage: 1150 mV (0x22)[m
08-16 14:20:48.885 I/tvos    ( 1764): [37m[INFO] Change to Voltage: 1150 mV (0x25)[m
08-16 14:20:48.886 I/tvos    ( 1764): [37m[INFO] Change to Voltage: 1150 mV (0x28)[m
08-16 14:20:48.887 I/tvos    ( 1764): [37m[INFO] Change to Voltage: 1150 mV (0x2B)[m
08-16 14:20:48.888 I/tvos    ( 1764): [37m[INFO] Change to Voltage: 1150 mV (0x2E)[m
08-16 14:20:48.889 I/tvos    ( 1764): [37m[INFO] Change to Voltage: 1150 mV (0x2E)[m
08-16 14:20:48.986 I/tvos    ( 1764): [37m[INFO] Change to Voltage: 1030 mV (0x2E)[m
08-16 14:20:48.986 I/tvos    ( 1764): [37m[INFO] Change to Voltage: 1030 mV (0x2B)[m
08-16 14:20:48.986 I/tvos    ( 1764): [37m[INFO] Change to Voltage: 1030 mV (0x28)[m
08-16 14:20:48.986 I/tvos    ( 1764): [37m[INFO] Change to Voltage: 1030 mV (0x25)[m
08-16 14:20:48.987 I/tvos    ( 1764): [37m[INFO] Change to Voltage: 1030 mV (0x22)[m
08-16 14:20:48.988 I/tvos    ( 1764): [37m[INFO] Change to Voltage: 1030 mV (0x22)[m
08-16 14:20:48.994 I/tvos    ( 1764): [37m[INFO] Change to Voltage: 1130 mV (0x1F)[m
08-16 14:20:48.995 I/tvos    ( 1764): [37m[INFO] Change to Voltage: 1130 mV (0x22)[m
08-16 14:20:48.996 I/tvos    ( 1764): [37m[INFO] Change to Voltage: 1130 mV (0x25)[m
08-16 14:20:49.001 I/tvos    ( 1764): [37m[INFO] Change to Voltage: 1130 mV (0x28)[m
08-16 14:20:49.002 I/tvos    ( 1764): [37m[INFO] Change to Voltage: 1130 mV (0x2B)[m
08-16 14:20:49.002 I/tvos    ( 1764): [37m[INFO] Change to Voltage: 1130 mV (0x2C)[m
08-16 14:20:49.004 I/tvos    ( 1764): GetAudioOutputDevice, retval : 0
08-16 14:20:49.087 I/tvos    ( 1764): [37m[INFO] Change to Voltage: 1000 mV (0x2C)[m
08-16 14:20:49.087 I/tvos    ( 1764): [37m[INFO] Change to Voltage: 1000 mV (0x29)[m
08-16 14:20:49.087 I/tvos    ( 1764): [37m[INFO] Change to Voltage: 1000 mV (0x26)[m
08-16 14:20:49.087 I/tvos    ( 1764): [37m[INFO] Change to Voltage: 1000 mV (0x23)[m
08-16 14:20:49.087 I/tvos    ( 1764): [37m[INFO] Change to Voltage: 1000 mV (0x20)[m
08-16 14:20:49.087 I/tvos    ( 1764): [37m[INFO] Change to Voltage: 1000 mV (0x1F)[m
08-16 14:20:49.254 I/tvos    ( 1764): GetAudioOutputDevice, retval : 0
08-16 14:20:49.278 I/Launcher( 3007): [com.stv.launcher] AdvertisingModel -- getData fromCache = false
08-16 14:20:49.279 I/Launcher( 3007): [com.stv.launcher] AdvertisingModel -- getData url = http://stargazer-sandbox.scloud.cp21.ott.cibntv.net/proxy/api/v1/promotion?mac=b01bd2542d51&posid=launcher_tab,launcher_logo,launcher_background,launcher_tab_isnew
08-16 14:20:49.316 W/InputDispatcher( 2207): findFocusedWindow finished: injectionResult=0, timeSpentWaitingForApplication=0.0ms
08-16 14:20:49.316 I/remotestatus( 2207): Msg.what is 101
08-16 14:20:49.316 I/WindowManager( 2207): turn cursor off
08-16 14:20:49.316 E/RemoteManager( 2207): RemoteManager is no longer support in eui6.5
08-16 14:20:49.317 I/SoundPool(15405): enter : func play
08-16 14:20:49.318 E/InputManager-JNI( 2207): call nativeDisableCursor method with hideCursor
08-16 14:20:49.319 I/APM::AudioPolicyEngine( 1758): getDeviceForStrategy, 359
08-16 14:20:49.325 I/audio_hw_primary( 1758): version:a00004 adev_create_audio_patch::mix->device 
08-16 14:20:49.325 I/audio_hw_primary( 1758): adev_create_audio_patch *handle=-1420227928 num_audio_patch=3
08-16 14:20:49.327 E/AudioManagerService( 1803): setAudioVolume(callingPid 1758, clientPid 1758, enSoundPath 0, volumn:0 )
08-16 14:20:49.329 I/tvos    ( 1764): SetVolume, subWooExist 0!
08-16 14:20:49.329 I/tvos    ( 1764): mapi_audio_customer::SetAbsoluteVolume: project name is X440M
08-16 14:20:49.329 I/tvos    ( 1764): SetAbsoluteVolume: uPercent : 0, path=52(speaker), VolumeInt=7f, VolumeFra=0
08-16 14:20:49.329 I/tvos    ( 1764): SetAbsoluteVolume: uPercent(currVol) : 0, realPath=52(default), VolumeInt=7f, VolumeFra=0
08-16 14:20:49.329 I/tvos    ( 1764): mapi_audio_customer::SetAbsoluteVolume: project name is X440M
08-16 14:20:49.329 I/tvos    ( 1764): SetAbsoluteVolume: uPercent : 0, path=49(HP), VolumeInt=7f, VolumeFra=0
08-16 14:20:49.329 I/tvos    ( 1764): SetAbsoluteVolume: uPercent(currVol) : 0, realPath=49(default), VolumeInt=7f, VolumeFra=0
08-16 14:20:49.329 I/tvos    ( 1764): mapi_audio_customer::SetAbsoluteVolume: project name is X440M
08-16 14:20:49.329 I/tvos    ( 1764): SetAbsoluteVolume, m_bBTDetect is false! 
08-16 14:20:49.329 I/tvos    ( 1764): mapi_audio_customer::SetAbsoluteVolume: project name is X440M
08-16 14:20:49.329 I/tvos    ( 1764): SetAbsoluteVolume: uPercent : 0, path=255(speaker), VolumeInt=7f, VolumeFra=0
08-16 14:20:49.329 I/tvos    ( 1764): SetAbsoluteVolume: uPercent(currVol) : 0, realPath=255(default), VolumeInt=7f, VolumeFra=0
08-16 14:20:49.329 I/tvos    ( 1764): [SetMuteStatus] call SetSoundMuteStatus, line : 10369, muteType: 4, onOff : 0 
08-16 14:20:49.329 I/tvos    ( 1764): [audioBSP] #1 m_internalMute : 0 ..
08-16 14:20:49.329 I/tvos    ( 1764): #1|->SDK_bPermanentAudioMute:0<-|->SDK_bMomentAudioMute:0 <-|->SDK_bBySyncAudioMute:0<-|->SDK_bByBlockAudioMute:0<-|->SDK_bByVChipAudioMute:0<-|
08-16 14:20:49.329 I/tvos    ( 1764): #1|->SDK_bInternal1AudioMute:0<-|->SDK_bInternal2AudioMute:0<-|->SDK_bInternal3AudioMute:0<-|->SDK_bInternal4AudioMute:0<-|
08-16 14:20:49.329 I/tvos    ( 1764): #1|->SDK_bByScanInOutchgCHchg:0<-|->SDK_bByDuringLimitedTimeAudioMute:0<-|->SDK_bSourceSwitchAudioMute:0<-|
08-16 14:20:49.329 I/tvos    ( 1764): #1|->SDK_bMHEGApMute:0<-|->SDK_bAllAudioMuteCtrl:0<-|->SDK_bPowerOnMute:0<-|->SDK_bNullSourceMute0<-|->SDK_bSetInputSourceAudioMute:0<-|
08-16 14:20:49.329 I/tvos    ( 1764): [audioBSP] #2 m_spkrMute : 0 ..|->SDK_bUsrSpkrAudioMute:0<-|->SDK_bPowerOnMute:0<-|->SDK_bByUserAudioMute:0<-|
