08-16 14:21:12.613 I/Launcher( 3007): [com.stv.launcher] AdvertisingPresenter --  updateAdView begin ---
08-16 14:21:12.613 I/Launcher( 3007): [com.stv.launcher] AdvertisingPresenter --  setCacheViewDied type = 3
08-16 14:21:12.613 I/Launcher( 3007): [com.stv.launcher] AdvertisingPresenter -- TAB beginTime :Tue Jul 17 00:00:00 GMT+08:00 2018 end :Mon Oct 01 00:00:00 GMT+08:00 2018 now :Thu Aug 16 14:21:12 GMT+08:00 2018 isTimeout :false
08-16 14:21:12.613 I/Launcher( 3007): [com.stv.launcher] AdvertisingPresenter --  updateAdView  canNew = true now = 1534400472613 nowSecond = 1534400472
08-16 14:21:12.613 I/Launcher( 3007): [com.stv.launcher] AdvertisingPresenter --  updateAdView ,find tabAdView = null
08-16 14:21:12.613 I/Launcher( 3007): [com.stv.launcher] AdvertisingPresenter --  checkShowOrHide  
08-16 14:21:12.613 I/Launcher( 3007): [com.stv.launcher] AdvertisingPresenter --  updateAdView end ---
08-16 14:21:12.613 I/Launcher( 3007): [com.stv.launcher] AdvertisingPresenter --  updateBackground cachedView Background {mUrl = http://picture-scloud.cp21.ott.cibntv.net/stargazer/1532585612302_1103 isTimeOut = true type = 2 mPluginID = null isDied = false}
08-16 14:21:12.613 I/Launcher( 3007): [com.stv.launcher] AdvertisingPresenter --  updateAdView begin ---
08-16 14:21:12.613 I/Launcher( 3007): [com.stv.launcher] AdvertisingPresenter --  updateAdView  canNew = false now = 1534400472613 nowSecond = 1534400472
08-16 14:21:12.613 I/Launcher( 3007): [com.stv.launcher] AdvertisingPresenter --  checkShowOrHide  
08-16 14:21:12.613 I/Launcher( 3007): [com.stv.launcher] AdvertisingPresenter --  updateAdView end ---
08-16 14:21:12.732 I/Launcher( 3007): [com.stv.launcher] AdvertisingView -- ---show ----Background {mUrl = http://picture-scloud.cp21.ott.cibntv.net/stargazer/1532585612302_1103 isTimeOut = false type = 2 mPluginID = null isDied = false}
08-16 14:21:12.746 I/LetvManager-LogReport( 1780): [send_msg] line: 490 report url = http://log.hdtv.cp21.ott.cibntv.net:80/api/log/tvAction
08-16 14:21:12.816 I/tvos    ( 1764): GetAudioOutputDevice, retval : 0
08-16 14:21:12.950 I/LetvManager-LogReport( 1780): [send_msg] line: 490 report url = http://log.hdtv.cp21.ott.cibntv.net:80/api/log/tvAction
08-16 14:21:13.067 I/tvos    ( 1764): GetAudioOutputDevice, retval : 0
08-16 14:21:13.158 I/LetvManager-LogReport( 1780): [send_msg] line: 490 report url = http://log.hdtv.cp21.ott.cibntv.net:80/api/log/tvAction
08-16 14:21:13.279 W/InputDispatcher( 2207): findFocusedWindow finished: injectionResult=0, timeSpentWaitingForApplication=0.0ms
08-16 14:21:13.286 W/InputDispatcher( 2207): findFocusedWindow finished: injectionResult=0, timeSpentWaitingForApplication=0.0ms
08-16 14:21:13.317 I/tvos    ( 1764): GetAudioOutputDevice, retval : 0
08-16 14:21:13.363 I/LetvManager-LogReport( 1780): [send_msg] line: 490 report url = http://log.hdtv.cp21.ott.cibntv.net:80/api/log/tvAction
08-16 14:21:13.495 E/LetvRemoteupgradeManager-JNI( 2613): can't get LetvManager service!
08-16 14:21:13.568 I/tvos    ( 1764): GetAudioOutputDevice, retval : 0
08-16 14:21:13.818 I/tvos    ( 1764): GetAudioOutputDevice, retval : 0
08-16 14:21:14.069 I/tvos    ( 1764): GetAudioOutputDevice, retval : 0
08-16 14:21:14.319 I/tvos    ( 1764): GetAudioOutputDevice, retval : 0
08-16 14:21:14.547 E/LETV_DEVICE( 1780): no name sn for Mstar
08-16 14:21:14.556 E/ActivityThread( 2837): Failed to find provider info for com.letv.agnes.InfoProvider
08-16 14:21:14.558 E/ActivityThread( 2837): Failed to find provider info for com.letv.agnes.InfoProvider
08-16 14:21:14.558 W/System.err( 2837): java.lang.IllegalArgumentException: Unknown URL content://com.letv.agnes.InfoProvider
08-16 14:21:14.559 W/System.err( 2837): 	at android.content.ContentResolver.insert(ContentResolver.java:1227)
08-16 14:21:14.560 W/System.err( 2837): 	at com.letv.tracker2.agnes.Configuration.addDebugInfo(Configuration.java:289)
08-16 14:21:14.560 W/System.err( 2837): 	at com.letv.tracker2.agnes.MessageProcessor$SendEnvMsgTr$1.handleMessage(MessageProcessor.java:661)
08-16 14:21:14.560 W/System.err( 2837): 	at android.os.Handler.dispatchMessage(Handler.java:102)
08-16 14:21:14.560 W/System.err( 2837): 	at android.os.Looper.loop(Looper.java:148)
08-16 14:21:14.560 W/System.err( 2837): 	at com.letv.tracker2.agnes.MessageProcessor$SendEnvMsgTr.run(MessageProcessor.java:665)
08-16 14:21:14.568 I/LetvManager-LogReport( 1780): [send_msg] line: 490 report url = http://log.hdtv.cp21.ott.cibntv.net:80/api/log/tvAction
08-16 14:21:14.569 I/tvos    ( 1764): GetAudioOutputDevice, retval : 0
08-16 14:21:14.594 I/tvos    ( 1764): [37m[INFO] Change to Voltage: 1030 mV (0x2E)[m
08-16 14:21:14.594 I/tvos    ( 1764): [37m[INFO] Change to Voltage: 1030 mV (0x2B)[m
08-16 14:21:14.594 I/tvos    ( 1764): [37m[INFO] Change to Voltage: 1030 mV (0x28)[m
08-16 14:21:14.595 I/tvos    ( 1764): [37m[INFO] Change to Voltage: 1030 mV (0x25)[m
08-16 14:21:14.595 I/tvos    ( 1764): [37m[INFO] Change to Voltage: 1030 mV (0x22)[m
08-16 14:21:14.596 I/tvos    ( 1764): [37m[INFO] Change to Voltage: 1030 mV (0x22)[m
08-16 14:21:14.635 I/[T1.0.6.3]EuiAgnes_Server( 2837): resCode:1
08-16 14:21:14.635 I/[T1.0.6.3]EuiAgnes_Server( 2837): b[0]:0
08-16 14:21:14.775 I/LetvManager-LogReport( 1780): [send_msg] line: 490 report url = http://log.hdtv.cp21.ott.cibntv.net:80/api/log/tvAction
08-16 14:21:14.820 I/tvos    ( 1764): GetAudioOutputDevice, retval : 0
08-16 14:21:14.966 I/System.out(15359): The phone type is: X4-40M
08-16 14:21:14.966 I/LetvTestCase(15359): ==========================case end time is :2018-8-16-2-21-14
08-16 14:21:14.967 I/TestRunner(15359): failed: testSlideShow(com.letv.cases.leui.SmokeGallery)
08-16 14:21:14.967 I/TestRunner(15359): ----- begin exception -----
08-16 14:21:14.968 I/TestRunner(15359): junit.framework.AssertionFailedError: æ²¡æœ‰è¿›å…¥ç›¸å†Œ
08-16 14:21:14.968 I/TestRunner(15359): 	at junit.framework.Assert.fail(Assert.java:50)
08-16 14:21:14.968 I/TestRunner(15359): 	at com.letv.common.LetvTestCase.verify(LetvTestCase.java:401)
08-16 14:21:14.968 I/TestRunner(15359): 	at com.letv.cases.leui.SmokeGallery.enterAlbum(SmokeGallery.java:132)
08-16 14:21:14.968 I/TestRunner(15359): 	at com.letv.cases.leui.SmokeGallery.SlideShow(SmokeGallery.java:53)
08-16 14:21:14.968 I/TestRunner(15359): 	at com.letv.cases.leui.SmokeGallery.testSlideShow(SmokeGallery.java:38)
08-16 14:21:14.968 I/TestRunner(15359): 	at java.lang.reflect.Method.invoke(Native Method)
08-16 14:21:14.968 I/TestRunner(15359): 	at org.junit.runners.model.FrameworkMethod$1.runReflectiveCall(FrameworkMethod.java:50)
08-16 14:21:14.968 I/TestRunner(15359): 	at org.junit.internal.runners.model.ReflectiveCallable.run(ReflectiveCallable.java:12)
08-16 14:21:14.968 I/TestRunner(15359): 	at org.junit.runners.model.FrameworkMethod.invokeExplosively(FrameworkMethod.java:47)
08-16 14:21:14.968 I/TestRunner(15359): 	at org.junit.internal.runners.statements.InvokeMethod.evaluate(InvokeMethod.java:17)
08-16 14:21:14.968 I/TestRunner(15359): 	at org.junit.internal.runners.statements.RunBefores.evaluate(RunBefores.java:26)
08-16 14:21:14.968 I/TestRunner(15359): 	at com.letv.common.LeRunAfters.evaluate(LeRunAfters.java:38)
08-16 14:21:14.968 I/TestRunner(15359): 	at org.junit.rules.TestWatcher$1.evaluate(TestWatcher.java:55)
08-16 14:21:14.968 I/TestRunner(15359): 	at org.junit.rules.RunRules.evaluate(RunRules.java:20)
08-16 14:21:14.968 I/TestRunner(15359): 	at org.junit.runners.ParentRunner.runLeaf(ParentRunner.java:325)
08-16 14:21:14.968 I/TestRunner(15359): 	at org.junit.runners.BlockJUnit4ClassRunner.runChild(BlockJUnit4ClassRunner.java:78)
08-16 14:21:14.968 I/TestRunner(15359): 	at org.junit.runners.BlockJUnit4ClassRunner.runChild(BlockJUnit4ClassRunner.java:57)
08-16 14:21:14.968 I/TestRunner(15359): 	at org.junit.runners.ParentRunner$3.run(ParentRunner.java:290)
08-16 14:21:14.968 I/TestRunner(15359): 	at org.junit.runners.ParentRunner$1.schedule(ParentRunner.java:71)
08-16 14:21:14.968 I/TestRunner(15359): 	at org.junit.runners.ParentRunner.runChildren(ParentRunner.java:288)
08-16 14:21:14.968 I/TestRunner(15359): 	at org.junit.runners.ParentRunner.access$000(ParentRunner.java:58)
08-16 14:21:14.968 I/TestRunner(15359): 	at org.junit.runners.ParentRunner$2.evaluate(ParentRunner.java:268)
08-16 14:21:14.968 I/TestRunner(15359): 	at org.junit.runners.ParentRunner.run(ParentRunner.java:363)
08-16 14:21:14.968 I/TestRunner(15359): 	at org.junit.runners.Suite.runChild(Suite.java:128)
08-16 14:21:14.968 I/TestRunner(15359): 	at org.junit.runners.Suite.runChild(Suite.java:27)
08-16 14:21:14.968 I/TestRunner(15359): 	at org.junit.runners.ParentRunner$3.run(ParentRunner.java:290)
08-16 14:21:14.968 I/TestRunner(15359): 	at org.junit.runners.ParentRunner$1.schedule(ParentRunner.java:71)
08-16 14:21:14.968 I/TestRunner(15359): 	at org.junit.runners.ParentRunner.runChildren(ParentRunner.java:288)
08-16 14:21:14.968 I/TestRunner(15359): 	at org.junit.runners.ParentRunner.access$000(ParentRunner.java:58)
08-16 14:21:14.968 I/TestRunner(15359): 	at org.junit.runners.ParentRunner$2.evaluate(ParentRunner.java:268)
08-16 14:21:14.968 I/TestRunner(15359): 	at org.junit.runners.ParentRunner.run(ParentRunner.java:363)
08-16 14:21:14.968 I/TestRunner(15359): 	at org.junit.runner.JUnitCore.run(JUnitCore.java:137)
08-16 14:21:14.968 I/TestRunner(15359): 	at org.junit.runner.JUnitCore.run(JUnitCore.java:115)
08-16 14:21:14.968 I/TestRunner(15359): 	at android.support.test.internal.runner.TestExecutor.execute(TestExecutor.java:54)
08-16 14:21:14.968 I/TestRunner(15359): 	at android.support.test.runner.AndroidJUnitRunner.onStart(AndroidJUnitRunner.java:240)
08-16 14:21:14.968 I/TestRunner(15359): 	at android.app.Instrumentation$InstrumentationThread.run(Instrumentation.java:1879)
08-16 14:21:14.968 I/TestRunner(15359): ----- end exception -----
08-16 14:21:14.969 I/TestRunner(15359): finished: testSlideShow(com.letv.cases.leui.SmokeGallery)
08-16 14:21:14.977 I/MonitoringInstrumentation(15359): Activities that are still in CREATED to STOPPED: 0
08-16 14:21:14.977 I/TestRunner(15359): run finished: 1 tests, 1 failed, 0 ignored
08-16 14:21:14.981 I/MonitoringInstrumentation(15359): waitForActivitiesToComplete() took: 0ms
08-16 14:21:14.981 I/MonitoringInstrumentation(15359): Activities that are still in CREATED to STOPPED: 0
08-16 14:21:14.982 I/LetvManager-LogReport( 1780): [send_msg] line: 490 report url = http://log.hdtv.cp21.ott.cibntv.net:80/api/log/tvAction
08-16 14:21:14.983 W/WindowManager( 2207): Attempted to remove non-existing token: android.os.Binder@749f840
08-16 14:21:15.071 I/tvos    ( 1764): GetAudioOutputDevice, retval : 0
08-16 14:21:15.189 I/LetvManager-LogReport( 1780): [send_msg] line: 490 report url = http://log.hdtv.cp21.ott.cibntv.net:80/api/log/tvAction
08-16 14:21:15.258 I/ActivityManager( 2207): Force stopping com.le.tcauto.uitest appid=10097 user=0: finished inst
08-16 14:21:15.259 I/ActivityManager( 2207): Killing 15359:com.le.tcauto.uitest/u0a97 (adj 0): stop com.le.tcauto.uitest
08-16 14:21:15.276 W/ActivityManager( 2207): Error shutting down UiAutomationConnection
08-16 14:21:15.321 I/tvos    ( 1764): GetAudioOutputDevice, retval : 0
08-16 14:21:15.326 W/ActivityManager( 2207): Spurious death for ProcessRecord{a81f865 0:com.le.tcauto.uitest/u0a97}, curProc for 15359: null
08-16 14:21:15.394 I/LetvManager-LogReport( 1780): [send_msg] line: 490 report url = http://log.hdtv.cp21.ott.cibntv.net:80/api/log/tvAction
08-16 14:21:15.572 I/tvos    ( 1764): GetAudioOutputDevice, retval : 0
08-16 14:21:15.598 I/LetvManager-LogReport( 1780): [send_msg] line: 490 report url = http://log.hdtv.cp21.ott.cibntv.net:80/api/log/tvAction
08-16 14:21:15.720 E/InternetUtils( 4594): java.net.SocketTimeoutException: failed to connect to www.cibn.com/61.133.127.115 (port 80) after 3000ms
08-16 14:21:15.822 I/tvos    ( 1764): GetAudioOutputDevice, retval : 0
08-16 14:21:16.072 I/tvos    ( 1764): GetAudioOutputDevice, retval : 0
08-16 14:21:16.101 I/lbplayer( 4071): [main]:ServiceDOWN:dlnaRender is running
08-16 14:21:16.101 I/lbplayer( 4071): [main]:ServiceDOWN:LeLinkService is running
08-16 14:21:16.101 I/lbplayer( 4071): [main]:ServiceDOWN:mainServer is running
08-16 14:21:16.323 I/tvos    ( 1764): GetAudioOutputDevice, retval : 0
08-16 14:21:16.495 E/LetvRemoteupgradeManager-JNI( 2613): can't get LetvManager service!
08-16 14:21:16.573 I/tvos    ( 1764): GetAudioOutputDevice, retval : 0
08-16 14:21:16.824 I/tvos    ( 1764): GetAudioOutputDevice, retval : 0
08-16 14:21:17.074 I/tvos    ( 1764): GetAudioOutputDevice, retval : 0
08-16 14:21:17.324 I/tvos    ( 1764): GetAudioOutputDevice, retval : 0
08-16 14:21:17.575 I/tvos    ( 1764): GetAudioOutputDevice, retval : 0
08-16 14:21:17.825 I/tvos    ( 1764): GetAudioOutputDevice, retval : 0
08-16 14:21:18.076 I/tvos    ( 1764): GetAudioOutputDevice, retval : 0
08-16 14:21:18.326 I/tvos    ( 1764): GetAudioOutputDevice, retval : 0
08-16 14:21:18.577 I/tvos    ( 1764): GetAudioOutputDevice, retval : 0
08-16 14:21:18.610 I/reService( 2207): onReportKeyEvent  type=type0 keycode=4*4*4*4*4 
08-16 14:21:18.612 E/LETV_DEVICE( 1780): no name sn for Mstar
08-16 14:21:18.627 E/ActivityThread( 2837): Failed to find provider info for com.letv.agnes.InfoProvider
08-16 14:21:18.628 E/ActivityThread( 2837): Failed to find provider info for com.letv.agnes.InfoProvider
08-16 14:21:18.628 W/System.err( 2837): java.lang.IllegalArgumentException: Unknown URL content://com.letv.agnes.InfoProvider
08-16 14:21:18.628 W/System.err( 2837): 	at android.content.ContentResolver.insert(ContentResolver.java:1227)
08-16 14:21:18.629 W/System.err( 2837): 	at com.letv.tracker2.agnes.Configuration.addDebugInfo(Configuration.java:289)
08-16 14:21:18.629 W/System.err( 2837): 	at com.letv.tracker2.agnes.MessageProcessor$SendEnvMsgTr$1.handleMessage(MessageProcessor.java:661)
08-16 14:21:18.629 W/System.err( 2837): 	at android.os.Handler.dispatchMessage(Handler.java:102)
08-16 14:21:18.629 W/System.err( 2837): 	at android.os.Looper.loop(Looper.java:148)
08-16 14:21:18.629 W/System.err( 2837): 	at com.letv.tracker2.agnes.MessageProcessor$SendEnvMsgTr.run(MessageProcessor.java:665)
08-16 14:21:18.636 I/[T1.0.6.3]EuiAgnes_Server( 2837): resCode:1
08-16 14:21:18.636 I/[T1.0.6.3]EuiAgnes_Server( 2837): b[0]:0
08-16 14:21:18.827 I/tvos    ( 1764): GetAudioOutputDevice, retval : 0
08-16 14:21:19.078 I/tvos    ( 1764): GetAudioOutputDevice, retval : 0
08-16 14:21:19.328 I/tvos    ( 1764): GetAudioOutputDevice, retval : 0
08-16 14:21:19.495 E/LetvRemoteupgradeManager-JNI( 2613): can't get LetvManager service!
08-16 14:21:19.579 I/tvos    ( 1764): GetAudioOutputDevice, retval : 0
08-16 14:21:19.829 I/tvos    ( 1764): GetAudioOutputDevice, retval : 0
08-16 14:21:20.080 I/tvos    ( 1764): GetAudioOutputDevice, retval : 0
08-16 14:21:20.330 I/tvos    ( 1764): GetAudioOutputDevice, retval : 0
08-16 14:21:20.580 I/tvos    ( 1764): GetAudioOutputDevice, retval : 0
08-16 14:21:20.832 I/tvos    ( 1764): GetAudioOutputDevice, retval : 0
08-16 14:21:20.879 I/WifiStateMachine( 2207):  DisconnectedState !CMD_START_SCAN  rt=511347312/511347312 -2 34068 ic=1 proc(ms):15012 dur:3044 cnt=34068 rssi=-127 f=-1 sc=0 link=-1 tx=0.0, 0.0, 0.0  rx=0.0 fiv=20000 [on:0 tx:0 rx:0 period:15009] from screen [on:0 period:1097156207]
08-16 14:21:20.880 I/WifiStateMachine( 2207): handlescanrequest  starting scan for 
08-16 14:21:20.880 I/WifiStateMachine( 2207): startscannative  starting scan for 
08-16 14:21:21.082 I/tvos    ( 1764): GetAudioOutputDevice, retval : 0
08-16 14:21:21.333 I/tvos    ( 1764): GetAudioOutputDevice, retval : 0
08-16 14:21:21.583 I/tvos    ( 1764): GetAudioOutputDevice, retval : 0
08-16 14:21:21.834 I/tvos    ( 1764): GetAudioOutputDevice, retval : 0
08-16 14:21:22.084 I/tvos    ( 1764): GetAudioOutputDevice, retval : 0
08-16 14:21:22.334 I/tvos    ( 1764): GetAudioOutputDevice, retval : 0
08-16 14:21:22.496 E/LetvRemoteupgradeManager-JNI( 2613): can't get LetvManager service!
08-16 14:21:22.585 I/tvos    ( 1764): GetAudioOutputDevice, retval : 0
08-16 14:21:22.835 I/tvos    ( 1764): GetAudioOutputDevice, retval : 0
08-16 14:21:23.086 I/tvos    ( 1764): GetAudioOutputDevice, retval : 0
08-16 14:21:23.336 I/tvos    ( 1764): GetAudioOutputDevice, retval : 0
08-16 14:21:23.586 I/tvos    ( 1764): GetAudioOutputDevice, retval : 0
08-16 14:21:23.784 I/WifiStateMachine( 2207):  DisconnectedState !SCAN_RESULTS_EVENT  rt=511350217/511350217 0 0 found=162 known=0 got=162 bcn=0 con=0
08-16 14:21:23.785 I/WifiStateMachine( 2207):  ConnectModeState !SCAN_RESULTS_EVENT  rt=511350218/511350218 0 0 found=162 known=0 got=162 bcn=0 con=0
08-16 14:21:23.785 I/WifiStateMachine( 2207):  DriverStartedState !SCAN_RESULTS_EVENT  rt=511350218/511350218 0 0 found=162 known=0 got=162 bcn=0 con=0
08-16 14:21:23.786 I/WifiStateMachine( 2207):  SupplicantStartedState !SCAN_RESULTS_EVENT  rt=511350219/511350219 0 0 found=162 known=0 got=162 bcn=0 con=0
08-16 14:21:23.838 I/tvos    ( 1764): GetAudioOutputDevice, retval : 0
08-16 14:21:23.929 I/WifiStateMachine( 2207): setscanresults newsupplicantresult
08-16 14:21:24.088 I/tvos    ( 1764): GetAudioOutputDevice, retval : 0
08-16 14:21:24.339 I/tvos    ( 1764): GetAudioOutputDevice, retval : 0
08-16 14:21:24.589 I/tvos    ( 1764): GetAudioOutputDevice, retval : 0
08-16 14:21:24.840 I/tvos    ( 1764): GetAudioOutputDevice, retval : 0
08-16 14:21:25.091 I/tvos    ( 1764): GetAudioOutputDevice, retval : 0
08-16 14:21:25.341 I/tvos    ( 1764): GetAudioOutputDevice, retval : 0
08-16 14:21:25.496 E/LetvRemoteupgradeManager-JNI( 2613): can't get LetvManager service!
08-16 14:21:25.591 I/tvos    ( 1764): GetAudioOutputDevice, retval : 0
08-16 14:21:25.783 E/InternetUtils( 4594): java.net.SocketTimeoutException: failed to connect to www.cibn.com/61.133.127.115 (port 80) after 3000ms
08-16 14:21:25.842 I/tvos    ( 1764): GetAudioOutputDevice, retval : 0
08-16 14:21:26.092 I/tvos    ( 1764): GetAudioOutputDevice, retval : 0
08-16 14:21:26.343 I/tvos    ( 1764): GetAudioOutputDevice, retval : 0
08-16 14:21:26.593 I/tvos    ( 1764): GetAudioOutputDevice, retval : 0
08-16 14:21:26.843 I/tvos    ( 1764): GetAudioOutputDevice, retval : 0
08-16 14:21:27.094 I/tvos    ( 1764): GetAudioOutputDevice, retval : 0
08-16 14:21:27.344 I/tvos    ( 1764): GetAudioOutputDevice, retval : 0
