08-16 14:30:14.824 I/tvos    ( 1764): [SetMuteStatus] call SetSoundMuteStatus, line : 10369, muteType: 4, onOff : 1 
08-16 14:30:14.824 I/tvos    ( 1764): [audioBSP] #1 m_internalMute : 0 ..
08-16 14:30:14.824 I/tvos    ( 1764): #1|->SDK_bPermanentAudioMute:0<-|->SDK_bMomentAudioMute:0 <-|->SDK_bBySyncAudioMute:0<-|->SDK_bByBlockAudioMute:0<-|->SDK_bByVChipAudioMute:0<-|
08-16 14:30:14.824 I/tvos    ( 1764): #1|->SDK_bInternal1AudioMute:0<-|->SDK_bInternal2AudioMute:0<-|->SDK_bInternal3AudioMute:0<-|->SDK_bInternal4AudioMute:0<-|
08-16 14:30:14.824 I/tvos    ( 1764): #1|->SDK_bByScanInOutchgCHchg:0<-|->SDK_bByDuringLimitedTimeAudioMute:0<-|->SDK_bSourceSwitchAudioMute:0<-|
08-16 14:30:14.824 I/tvos    ( 1764): #1|->SDK_bMHEGApMute:0<-|->SDK_bAllAudioMuteCtrl:0<-|->SDK_bPowerOnMute:0<-|->SDK_bNullSourceMute0<-|->SDK_bSetInputSourceAudioMute:0<-|
08-16 14:30:14.824 I/tvos    ( 1764): [audioBSP] #2 m_spkrMute : 1 ..|->SDK_bUsrSpkrAudioMute:0<-|->SDK_bPowerOnMute:0<-|->SDK_bByUserAudioMute:1<-|
08-16 14:30:14.824 I/tvos    ( 1764): [audioBSP] #3 m_PcmCapture2Mute:1 |->SDK_bByUserPcmCapture2Mute:0<-|->SDK_SUB_bByUserAudioMute:0<-|->SDK_bByUserAudioMute:1<-|
08-16 14:30:14.824 I/tvos    ( 1764): [audioBSP] #5 m_hpMute : 1 ..|->SDK_bUsrHpAudioMute:1<-|->SDK_bPowerOnMute:0<-|->SDK_bByUserAudioMute:1<-|
08-16 14:30:14.824 I/tvos    ( 1764): [audioBSP] #12 m_spdifMute : 1 ..
08-16 14:30:14.824 I/tvos    ( 1764): #12|->SDK_bPermanentAudioMute:0<-|->SDK_bMomentAudioMute:0<-|->SDK_bByBlockAudioMute:0<-|
08-16 14:30:14.824 I/tvos    ( 1764): #12|->SDK_bByVChipAudioMute:0<-|->SDK_bInternal1AudioMute:0<-|->SDK_bInternal4AudioMute:0<-|
08-16 14:30:14.824 I/tvos    ( 1764): #12|->SDK_bByDuringLimitedTimeAudioMute:0<-|->SDK_bSourceSwitchAudioMute:0<-|->SDK_bMHEGApMute:0<-|
08-16 14:30:14.824 I/tvos    ( 1764): #12|->SDK_bPowerOnMute:0<-|->SDK_bUsrSpdifAudioMute:1<-|->SDK_bNullSourceMute:0<-|->SDK_bByAppMute:0<-|
08-16 14:30:14.824 I/tvos    ( 1764): ---Amplifier_ALC1310_LR_SWMute(1)
08-16 14:30:14.824 I/tvos    ( 1764): ALC1310 mute write good, addr: 0x13, readback data : 49164, write cmd times : 1
08-16 14:30:14.827 I/tvos    ( 1764): SetSoundMuteStatus : m_hpMute : 1, m_spdifMute : 1, m_DataInMute : 0, m_channel7Mute : 0, m_internalMute : 0, m_spkrMute : 1, m_PcmCapture1Mute : 0, m_PcmCapture2Mute : 1 
08-16 14:30:14.832 W/InputDispatcher( 2207): findFocusedWindow finished: injectionResult=0, timeSpentWaitingForApplication=0.0ms
08-16 14:30:14.857 I/tvos    ( 1764): GetAudioOutputDevice, retval : 0
08-16 14:30:14.913 I/APM::AudioPolicyEngine( 1758): getDeviceForStrategy, 359
08-16 14:30:15.107 I/tvos    ( 1764): GetAudioOutputDevice, retval : 0
08-16 14:30:15.358 I/tvos    ( 1764): GetAudioOutputDevice, retval : 0
08-16 14:30:15.608 I/tvos    ( 1764): GetAudioOutputDevice, retval : 0
08-16 14:30:15.859 I/tvos    ( 1764): GetAudioOutputDevice, retval : 0
08-16 14:30:16.109 I/tvos    ( 1764): GetAudioOutputDevice, retval : 0
08-16 14:30:16.359 I/tvos    ( 1764): GetAudioOutputDevice, retval : 0
08-16 14:30:16.606 E/LetvRemoteupgradeManager-JNI( 2613): can't get LetvManager service!
08-16 14:30:16.610 I/tvos    ( 1764): GetAudioOutputDevice, retval : 0
08-16 14:30:16.860 I/tvos    ( 1764): GetAudioOutputDevice, retval : 0
08-16 14:30:17.111 I/tvos    ( 1764): GetAudioOutputDevice, retval : 0
08-16 14:30:17.361 I/tvos    ( 1764): GetAudioOutputDevice, retval : 0
08-16 14:30:17.381 I/remotestatus( 2207): Msg.what is 101
08-16 14:30:17.382 I/WindowManager( 2207): turn cursor off
08-16 14:30:17.382 E/RemoteManager( 2207): RemoteManager is no longer support in eui6.5
08-16 14:30:17.382 W/InputDispatcher( 2207): findFocusedWindow finished: injectionResult=0, timeSpentWaitingForApplication=0.0ms
08-16 14:30:17.382 E/InputManager-JNI( 2207): call nativeDisableCursor method with hideCursor
08-16 14:30:17.387 W/InputDispatcher( 2207): findFocusedWindow finished: injectionResult=0, timeSpentWaitingForApplication=0.0ms
08-16 14:30:17.468 I/lbplayer( 4071): [main]:ServiceDOWN:dlnaRender is running
08-16 14:30:17.468 I/lbplayer( 4071): [main]:ServiceDOWN:LeLinkService is running
08-16 14:30:17.468 I/lbplayer( 4071): [main]:ServiceDOWN:mainServer is running
08-16 14:30:17.612 I/tvos    ( 1764): GetAudioOutputDevice, retval : 0
08-16 14:30:17.862 I/tvos    ( 1764): GetAudioOutputDevice, retval : 0
08-16 14:30:17.892 I/remotestatus( 2207): Msg.what is 101
08-16 14:30:17.892 I/WindowManager( 2207): turn cursor off
08-16 14:30:17.892 E/RemoteManager( 2207): RemoteManager is no longer support in eui6.5
08-16 14:30:17.892 W/InputDispatcher( 2207): findFocusedWindow finished: injectionResult=0, timeSpentWaitingForApplication=0.0ms
08-16 14:30:17.893 E/InputManager-JNI( 2207): call nativeDisableCursor method with hideCursor
08-16 14:30:17.897 W/InputDispatcher( 2207): findFocusedWindow finished: injectionResult=0, timeSpentWaitingForApplication=0.0ms
08-16 14:30:18.112 I/tvos    ( 1764): GetAudioOutputDevice, retval : 0
08-16 14:30:18.363 I/tvos    ( 1764): GetAudioOutputDevice, retval : 0
08-16 14:30:18.414 W/InputDispatcher( 2207): findTouchedWindow finished: injectionResult=0, injectionPermission=1, timeSpentWaitingForApplication=0.0ms
08-16 14:30:18.417 I/TVFeedback(18809): AddReportFragment -- current mView is = android.widget.LinearLayout{e69a9df VFE...C.. ......ID 0,922-1770,963 #7f090016 app:id/user_exp_program}
08-16 14:30:18.420 W/InputDispatcher( 2207): findTouchedWindow finished: injectionResult=0, injectionPermission=1, timeSpentWaitingForApplication=0.0ms
08-16 14:30:18.432 I/SoundPool( 2207): enter : func play
08-16 14:30:18.434 I/TVFeedback(18809): AddReportFragment -- in---submit
08-16 14:30:18.434 I/TVFeedback(18809): AddReportFragment -- mRecordPath is :null
08-16 14:30:18.436 I/APM::AudioPolicyEngine( 1758): getDeviceForStrategy, 359
08-16 14:30:18.437 I/audio_hw_primary( 1758): version:a00004 adev_create_audio_patch::mix->device 
08-16 14:30:18.437 I/audio_hw_primary( 1758): adev_create_audio_patch *handle=-1420227928 num_audio_patch=3
08-16 14:30:18.441 E/AudioManagerService( 1803): setAudioVolume(callingPid 1758, clientPid 1758, enSoundPath 0, volumn:0 )
08-16 14:30:18.441 I/tvos    ( 1764): SetVolume, subWooExist 0!
08-16 14:30:18.441 I/tvos    ( 1764): mapi_audio_customer::SetAbsoluteVolume: project name is X440M
08-16 14:30:18.442 I/tvos    ( 1764): SetAbsoluteVolume: uPercent : 0, path=52(speaker), VolumeInt=7f, VolumeFra=0
08-16 14:30:18.442 I/tvos    ( 1764): SetAbsoluteVolume: uPercent(currVol) : 0, realPath=52(default), VolumeInt=7f, VolumeFra=0
08-16 14:30:18.442 I/tvos    ( 1764): mapi_audio_customer::SetAbsoluteVolume: project name is X440M
08-16 14:30:18.442 I/tvos    ( 1764): SetAbsoluteVolume: uPercent : 0, path=49(HP), VolumeInt=7f, VolumeFra=0
08-16 14:30:18.442 I/tvos    ( 1764): SetAbsoluteVolume: uPercent(currVol) : 0, realPath=49(default), VolumeInt=7f, VolumeFra=0
08-16 14:30:18.442 I/tvos    ( 1764): mapi_audio_customer::SetAbsoluteVolume: project name is X440M
08-16 14:30:18.442 I/tvos    ( 1764): SetAbsoluteVolume, m_bBTDetect is false! 
08-16 14:30:18.442 I/tvos    ( 1764): mapi_audio_customer::SetAbsoluteVolume: project name is X440M
08-16 14:30:18.442 I/tvos    ( 1764): SetAbsoluteVolume: uPercent : 0, path=255(speaker), VolumeInt=7f, VolumeFra=0
08-16 14:30:18.442 I/tvos    ( 1764): SetAbsoluteVolume: uPercent(currVol) : 0, realPath=255(default), VolumeInt=7f, VolumeFra=0
08-16 14:30:18.442 I/tvos    ( 1764): [SetMuteStatus] call SetSoundMuteStatus, line : 10369, muteType: 4, onOff : 0 
08-16 14:30:18.442 I/tvos    ( 1764): [audioBSP] #1 m_internalMute : 0 ..
08-16 14:30:18.442 I/tvos    ( 1764): #1|->SDK_bPermanentAudioMute:0<-|->SDK_bMomentAudioMute:0 <-|->SDK_bBySyncAudioMute:0<-|->SDK_bByBlockAudioMute:0<-|->SDK_bByVChipAudioMute:0<-|
08-16 14:30:18.442 I/tvos    ( 1764): #1|->SDK_bInternal1AudioMute:0<-|->SDK_bInternal2AudioMute:0<-|->SDK_bInternal3AudioMute:0<-|->SDK_bInternal4AudioMute:0<-|
08-16 14:30:18.442 I/TVFeedback(18809): UploadTool -- uploadIssues
08-16 14:30:18.444 I/tvos    ( 1764): #1|->SDK_bByScanInOutchgCHchg:0<-|->SDK_bByDuringLimitedTimeAudioMute:0<-|->SDK_bSourceSwitchAudioMute:0<-|
08-16 14:30:18.444 I/tvos    ( 1764): #1|->SDK_bMHEGApMute:0<-|->SDK_bAllAudioMuteCtrl:0<-|->SDK_bPowerOnMute:0<-|->SDK_bNullSourceMute0<-|->SDK_bSetInputSourceAudioMute:0<-|
08-16 14:30:18.444 I/tvos    ( 1764): [audioBSP] #2 m_spkrMute : 0 ..|->SDK_bUsrSpkrAudioMute:0<-|->SDK_bPowerOnMute:0<-|->SDK_bByUserAudioMute:0<-|
08-16 14:30:18.444 I/tvos    ( 1764): [audioBSP] #3 m_PcmCapture2Mute:0 |->SDK_bByUserPcmCapture2Mute:0<-|->SDK_SUB_bByUserAudioMute:0<-|->SDK_bByUserAudioMute:0<-|
08-16 14:30:18.444 I/tvos    ( 1764): [audioBSP] #5 m_hpMute : 1 ..|->SDK_bUsrHpAudioMute:1<-|->SDK_bPowerOnMute:0<-|->SDK_bByUserAudioMute:0<-|
08-16 14:30:18.444 I/tvos    ( 1764): [audioBSP] #12 m_spdifMute : 1 ..
08-16 14:30:18.444 W/ContextImpl(18809): Calling a method in the system process without a qualified user: android.app.ContextImpl.startService:1224 android.content.ContextWrapper.startService:581 com.stv.feedback.service.UploadService.uploadIssue:108 com.stv.feedback.util.UploadTool.uploadIssues:74 com.stv.feedback.fragment.AddReportFragment.submitReporter:588 
08-16 14:30:18.444 I/tvos    ( 1764): #12|->SDK_bPermanentAudioMute:0<-|->SDK_bMomentAudioMute:0<-|->SDK_bByBlockAudioMute:0<-|
08-16 14:30:18.444 I/tvos    ( 1764): #12|->SDK_bByVChipAudioMute:0<-|->SDK_bInternal1AudioMute:0<-|->SDK_bInternal4AudioMute:0<-|
08-16 14:30:18.444 I/tvos    ( 1764): #12|->SDK_bByDuringLimitedTimeAudioMute:0<-|->SDK_bSourceSwitchAudioMute:0<-|->SDK_bMHEGApMute:0<-|
08-16 14:30:18.444 I/tvos    ( 1764): #12|->SDK_bPowerOnMute:0<-|->SDK_bUsrSpdifAudioMute:1<-|->SDK_bNullSourceMute:0<-|->SDK_bByAppMute:0<-|
08-16 14:30:18.444 I/tvos    ( 1764): ---Amplifier_ALC1310_LR_SWMute(0)
08-16 14:30:18.444 I/tvos    ( 1764): ALC1310 unmute good, addr: 0x13 readbackvalue: 4 
08-16 14:30:18.446 I/tvos    ( 1764): SetSoundMuteStatus : m_hpMute : 1, m_spdifMute : 1, m_DataInMute : 0, m_channel7Mute : 0, m_internalMute : 0, m_spkrMute : 0, m_PcmCapture1Mute : 0, m_PcmCapture2Mute : 0 
08-16 14:30:18.447 I/AudioUtil( 1758): setParameters spk_volume=0
08-16 14:30:18.447 I/audio_hw_primary( 1758): adev_set_parameters: spk_volume=0
08-16 14:30:18.447 I/tvos    ( 1764): GetAudioOutputDevice, retval : 0
08-16 14:30:18.447 I/tvos    ( 1764): [SetMuteStatus] call SetSoundMuteStatus, line : 10369, muteType: 67108864, onOff : 1 
08-16 14:30:18.447 I/tvos    ( 1764): _TransMSrvMuteTypeToSDKMuteType: Err! muteType(67108864) is out of Range
08-16 14:30:18.449 I/tvos    ( 1764): [SetMuteStatus] call SetSoundMuteStatus, line : 10369, muteType: 4, onOff : 1 
08-16 14:30:18.449 I/tvos    ( 1764): [audioBSP] #1 m_internalMute : 0 ..
08-16 14:30:18.449 I/tvos    ( 1764): #1|->SDK_bPermanentAudioMute:0<-|->SDK_bMomentAudioMute:0 <-|->SDK_bBySyncAudioMute:0<-|->SDK_bByBlockAudioMute:0<-|->SDK_bByVChipAudioMute:0<-|
08-16 14:30:18.449 I/tvos    ( 1764): #1|->SDK_bInternal1AudioMute:0<-|->SDK_bInternal2AudioMute:0<-|->SDK_bInternal3AudioMute:0<-|->SDK_bInternal4AudioMute:0<-|
08-16 14:30:18.449 I/tvos    ( 1764): #1|->SDK_bByScanInOutchgCHchg:0<-|->SDK_bByDuringLimitedTimeAudioMute:0<-|->SDK_bSourceSwitchAudioMute:0<-|
08-16 14:30:18.449 I/tvos    ( 1764): #1|->SDK_bMHEGApMute:0<-|->SDK_bAllAudioMuteCtrl:0<-|->SDK_bPowerOnMute:0<-|->SDK_bNullSourceMute0<-|->SDK_bSetInputSourceAudioMute:0<-|
08-16 14:30:18.449 I/tvos    ( 1764): [audioBSP] #2 m_spkrMute : 1 ..|->SDK_bUsrSpkrAudioMute:0<-|->SDK_bPowerOnMute:0<-|->SDK_bByUserAudioMute:1<-|
08-16 14:30:18.449 I/tvos    ( 1764): [audioBSP] #3 m_PcmCapture2Mute:1 |->SDK_bByUserPcmCapture2Mute:0<-|->SDK_SUB_bByUserAudioMute:0<-|->SDK_bByUserAudioMute:1<-|
08-16 14:30:18.449 I/tvos    ( 1764): [audioBSP] #5 m_hpMute : 1 ..|->SDK_bUsrHpAudioMute:1<-|->SDK_bPowerOnMute:0<-|->SDK_bByUserAudioMute:1<-|
08-16 14:30:18.449 I/tvos    ( 1764): [audioBSP] #12 m_spdifMute : 1 ..
08-16 14:30:18.449 I/tvos    ( 1764): #12|->SDK_bPermanentAudioMute:0<-|->SDK_bMomentAudioMute:0<-|->SDK_bByBlockAudioMute:0<-|
08-16 14:30:18.449 I/tvos    ( 1764): #12|->SDK_bByVChipAudioMute:0<-|->SDK_bInternal1AudioMute:0<-|->SDK_bInternal4AudioMute:0<-|
08-16 14:30:18.449 I/tvos    ( 1764): #12|->SDK_bByDuringLimitedTimeAudioMute:0<-|->SDK_bSourceSwitchAudioMute:0<-|->SDK_bMHEGApMute:0<-|
08-16 14:30:18.449 I/tvos    ( 1764): #12|->SDK_bPowerOnMute:0<-|->SDK_bUsrSpdifAudioMute:1<-|->SDK_bNullSourceMute:0<-|->SDK_bByAppMute:0<-|
08-16 14:30:18.449 I/tvos    ( 1764): ---Amplifier_ALC1310_LR_SWMute(1)
08-16 14:30:18.449 I/tvos    ( 1764): ALC1310 mute write good, addr: 0x13, readback data : 49164, write cmd times : 1
08-16 14:30:18.451 I/tvos    ( 1764): SetSoundMuteStatus : m_hpMute : 1, m_spdifMute : 1, m_DataInMute : 0, m_channel7Mute : 0, m_internalMute : 0, m_spkrMute : 1, m_PcmCapture1Mute : 0, m_PcmCapture2Mute : 1 
08-16 14:30:18.467 E/audio_hw_primary( 1758): out_get_presentation_position pcm_get_htimestamp(pcm, &avail, timestamp) != 0!!!
08-16 14:30:18.535 E/LETV_DEVICE( 1780): no name sn for Mstar
08-16 14:30:18.552 I/LetvAccount(14745): UserInfoProvider -- appName: com.stv.feedback, permission: system(true) app(true), match=1
08-16 14:30:18.553 I/AccountManagerService( 2207): getTypesVisibleToCaller: isPermitted? true
08-16 14:30:18.562 I/TVFeedback(18809): FeedBackUtils -- getSystemUserId - ssoToken = 103XXXWLm5iFfp7oHVCl5Nm5QniTYMwRr1riQV7kzFHb0cKblm5JnT7VZ62yLz6NiwchqILK4Vglv7ZN0oREFxfOiiJUsxPtqnon9LQtCfSYWPGD5q0Qm4
08-16 14:30:18.566 I/TVFeedback(18809): UrlUtils -- getUniqueIDUrl - URL= http://xfeedback-scloud.cp21.ott.cibntv.net/api/v3/Tvfeedback?version=V2409RCN02C065307D08011D&versionName=6.5.307D_0801&model=X440M&ui=6.5&hwVersion=H5000&mac=b01bd2542d51&region=CN&user-prefer-language=zh-cn&sso_tk=103XXXWLm5iFfp7oHVCl5Nm5QniTYMwRr1riQV7kzFHb0cKblm5JnT7VZ62yLz6NiwchqILK4Vglv7ZN0oREFxfOiiJUsxPtqnon9LQtCfSYWPGD5q0Qm4&&_ak=akfileup_YHoqMHgt&_time=1534401018565&_sign=22d50c4737c5d2ee047a3db68d66195e
08-16 14:30:18.566 W/ContextImpl(18809): Calling a method in the system process without a qualified user: android.app.ContextImpl.sendBroadcast:766 android.content.ContextWrapper.sendBroadcast:396 com.stv.feedback.service.UploadService.onCreate:113 android.app.ActivityThread.handleCreateService:2882 android.app.ActivityThread.-wrap4:-1 
08-16 14:30:18.569 I/TVFeedback(18809): UploadService -- onCreate
08-16 14:30:18.576 I/TVFeedback(18809): UploadService -- SERVICE_ADDRESS is: http://xfeedback-scloud.cp21.ott.cibntv.net
08-16 14:30:18.577 I/TVFeedback(18809): MyApplication -- mVisible = 1, mIsWorkInit = true
08-16 14:30:18.585 I/LetvAccount(14745): UserInfoProvider -- appName: com.stv.feedback, permission: system(true) app(true), match=1
08-16 14:30:18.585 W/InputDispatcher( 2207): findTouchedWindow finished: injectionResult=0, injectionPermission=1, timeSpentWaitingForApplication=0.0ms
08-16 14:30:18.585 I/AccountManagerService( 2207): getTypesVisibleToCaller: isPermitted? true
08-16 14:30:18.588 W/InputDispatcher( 2207): findTouchedWindow finished: injectionResult=0, injectionPermission=1, timeSpentWaitingForApplication=0.0ms
08-16 14:30:18.592 I/SoundPool( 2207): enter : func play
08-16 14:30:18.597 I/TVFeedback(18809): FeedBackUtils -- getSystemUserLoginName - loginName = 18910799590
08-16 14:30:18.600 E/LETV_DEVICE( 1780): no name sn for Mstar
08-16 14:30:18.603 I/Toast   (18809):  PackageName: com.stv.feedback ToastText: 正在检查网络通信是否正常，如果二维码可以正常显示，请重新点击提交
08-16 14:30:18.613 I/tvos    ( 1764): GetAudioOutputDevice, retval : 0
08-16 14:30:18.615 I/TVFeedback(18809): UploadInfo -- the time is: 1534401018615
08-16 14:30:18.636 I/TVFeedback(18809): UploadInfo -- begin to zip the files
08-16 14:30:18.656 E/BufferQueueProducer( 1749): [Toast] connect(P): already connected (cur=1 req=1)
08-16 14:30:18.672 I/Toast   (18809):  PackageName: com.stv.feedback ToastText: 问题提交中，请稍候...
08-16 14:30:18.681 I/TVFeedback(18809): FeedBackUtils -- get Id suc: 5b751a0dc22a9
08-16 14:30:18.683 E/LETV_DEVICE( 1780): no name sn for Mstar
08-16 14:30:18.692 I/TVFeedback(18809): FeedBackUtils -- ====the files  logcat.log  is not  directory , exist ? true
08-16 14:30:18.722 I/TVFeedback(18809): GetQRCodeSyncTask -- uniqID is: 5b751a0dc22a9
08-16 14:30:18.724 I/TVFeedback(18809): UrlUtils -- getPhoneSubmitUrlParams - params = mac=b01bd2542d51&_id=5b751a0dc22a9&device=X440M
08-16 14:30:18.724 I/TVFeedback(18809): UrlUtils -- getSubmitQuestionQRCodeImgUrl - URL= http://xfeedback-scloud.cp21.ott.cibntv.net/tvfeedbackweb?mac=b01bd2542d51&_id=5b751a0dc22a9&device=X440M&_ak=akfileup_YHoqMHgt&_time=1534401018724&_sign=645d66bfc97df3d936f1557473515166
08-16 14:30:18.724 I/TVFeedback(18809): GetQRCodeSyncTask -- onPostExecute - QrCode URL = http://xfeedback-scloud.cp21.ott.cibntv.net/tvfeedbackweb?mac=b01bd2542d51&_id=5b751a0dc22a9&device=X440M&_ak=akfileup_YHoqMHgt&_time=1534401018724&_sign=645d66bfc97df3d936f1557473515166
08-16 14:30:18.726 I/LetvAccount(14745): UserInfoProvider -- appName: com.stv.feedback, permission: system(true) app(true), match=1
08-16 14:30:18.726 I/AccountManagerService( 2207): getTypesVisibleToCaller: isPermitted? true
08-16 14:30:18.744 I/TVFeedback(18809): FeedBackUtils -- getSystemUserId - ssoToken = 103XXXWLm5iFfp7oHVCl5Nm5QniTYMwRr1riQV7kzFHb0cKblm5JnT7VZ62yLz6NiwchqILK4Vglv7ZN0oREFxfOiiJUsxPtqnon9LQtCfSYWPGD5q0Qm4
08-16 14:30:18.745 I/TVFeedback(18809): UrlUtils -- getUniqueIDUrl - URL= http://xfeedback-scloud.cp21.ott.cibntv.net/api/v3/Tvfeedback?version=V2409RCN02C065307D08011D&versionName=6.5.307D_0801&model=X440M&ui=6.5&hwVersion=H5000&mac=b01bd2542d51&region=CN&user-prefer-language=zh-cn&sso_tk=103XXXWLm5iFfp7oHVCl5Nm5QniTYMwRr1riQV7kzFHb0cKblm5JnT7VZ62yLz6NiwchqILK4Vglv7ZN0oREFxfOiiJUsxPtqnon9LQtCfSYWPGD5q0Qm4&&_ak=akfileup_YHoqMHgt&_time=1534401018745&_sign=9af88ae12f6d3e750285d0ca22e3a110
08-16 14:30:18.776 I/TVFeedback(18809): FeedBackUtils -- get Id suc: 5b7519faee1d9
08-16 14:30:18.777 I/TVFeedback(18809): GetQRCodeSyncTask -- uniqID is: 5b7519faee1d9
08-16 14:30:18.779 I/TVFeedback(18809): UrlUtils -- getPhoneSubmitUrlParams - params = mac=b01bd2542d51&_id=5b7519faee1d9&device=X440M
08-16 14:30:18.779 I/TVFeedback(18809): UrlUtils -- getSubmitQuestionQRCodeImgUrl - URL= http://xfeedback-scloud.cp21.ott.cibntv.net/tvfeedbackweb?mac=b01bd2542d51&_id=5b7519faee1d9&device=X440M&_ak=akfileup_YHoqMHgt&_time=1534401018779&_sign=6b0257eee1f4bb5dad456ae8aba78f27
08-16 14:30:18.779 I/TVFeedback(18809): GetQRCodeSyncTask -- onPostExecute - QrCode URL = http://xfeedback-scloud.cp21.ott.cibntv.net/tvfeedbackweb?mac=b01bd2542d51&_id=5b7519faee1d9&device=X440M&_ak=akfileup_YHoqMHgt&_time=1534401018779&_sign=6b0257eee1f4bb5dad456ae8aba78f27
08-16 14:30:18.864 I/tvos    ( 1764): GetAudioOutputDevice, retval : 0
08-16 14:30:18.936 I/TVFeedback(18809): FeedBackUtils -- ====the files  net_log.db  is not  directory , exist ? true
08-16 14:30:18.950 I/TVFeedback(18809): FeedBackUtils -- ====the files  net_log.db-journal  is not  directory , exist ? true
08-16 14:30:18.952 I/TVFeedback(18809): FeedBackUtils -- ====the files  logcat.log.01  is not  directory , exist ? true
08-16 14:30:19.002 I/reService( 2207): onReportKeyEvent  type=type0 keycode=22*22*20*20*20 
08-16 14:30:19.003 E/LETV_DEVICE( 1780): no name sn for Mstar
08-16 14:30:19.020 E/ActivityThread( 2837): Failed to find provider info for com.letv.agnes.InfoProvider
08-16 14:30:19.021 E/ActivityThread( 2837): Failed to find provider info for com.letv.agnes.InfoProvider
08-16 14:30:19.021 W/System.err( 2837): java.lang.IllegalArgumentException: Unknown URL content://com.letv.agnes.InfoProvider
08-16 14:30:19.021 W/System.err( 2837): 	at android.content.ContentResolver.insert(ContentResolver.java:1227)
08-16 14:30:19.021 W/System.err( 2837): 	at com.letv.tracker2.agnes.Configuration.addDebugInfo(Configuration.java:289)
08-16 14:30:19.021 W/System.err( 2837): 	at com.letv.tracker2.agnes.MessageProcessor$SendEnvMsgTr$1.handleMessage(MessageProcessor.java:661)
08-16 14:30:19.021 W/System.err( 2837): 	at android.os.Handler.dispatchMessage(Handler.java:102)
08-16 14:30:19.021 W/System.err( 2837): 	at android.os.Looper.loop(Looper.java:148)
08-16 14:30:19.021 W/System.err( 2837): 	at com.letv.tracker2.agnes.MessageProcessor$SendEnvMsgTr.run(MessageProcessor.java:665)
08-16 14:30:19.027 I/[T1.0.6.3]EuiAgnes_Server( 2837): resCode:1
08-16 14:30:19.027 I/[T1.0.6.3]EuiAgnes_Server( 2837): b[0]:0
08-16 14:30:19.114 I/tvos    ( 1764): GetAudioOutputDevice, retval : 0
08-16 14:30:19.185 I/APM::AudioPolicyEngine( 1758): getDeviceForStrategy, 359
08-16 14:30:19.364 I/tvos    ( 1764): GetAudioOutputDevice, retval : 0
08-16 14:30:19.386 I/TVFeedback(18809): FeedBackUtils -- ====the files  logcat.log.02  is not  directory , exist ? true
08-16 14:30:19.606 E/LetvRemoteupgradeManager-JNI( 2613): can't get LetvManager service!
08-16 14:30:19.615 I/tvos    ( 1764): GetAudioOutputDevice, retval : 0
08-16 14:30:19.717 I/TVFeedback(18809): FeedBackUtils -- ====the files  logcat.log.03  is not  directory , exist ? true
08-16 14:30:19.865 I/tvos    ( 1764): GetAudioOutputDevice, retval : 0
08-16 14:30:20.060 I/TVFeedback(18809): FeedBackUtils -- ====the files  logcat.log.04  is not  directory , exist ? true
08-16 14:30:20.116 I/tvos    ( 1764): GetAudioOutputDevice, retval : 0
08-16 14:30:20.366 I/tvos    ( 1764): GetAudioOutputDevice, retval : 0
08-16 14:30:20.400 I/TVFeedback(18809): FeedBackUtils -- ====the files  logcat.log.05  is not  directory , exist ? true
08-16 14:30:20.593 I/remotestatus( 2207): Msg.what is 101
08-16 14:30:20.593 I/WindowManager( 2207): turn cursor off
08-16 14:30:20.593 E/RemoteManager( 2207): RemoteManager is no longer support in eui6.5
08-16 14:30:20.593 W/InputDispatcher( 2207): findFocusedWindow finished: injectionResult=0, timeSpentWaitingForApplication=0.0ms
08-16 14:30:20.594 E/InputManager-JNI( 2207): call nativeDisableCursor method with hideCursor
08-16 14:30:20.603 I/TVFeedback(18809): BaseActivity -- onFocus: isFocused = true
08-16 14:30:20.617 I/tvos    ( 1764): GetAudioOutputDevice, retval : 0
08-16 14:30:20.619 I/BrowseView(18809): onSideTabExpand true
08-16 14:30:20.620 I/SoundPool(18809): enter : func play
08-16 14:30:20.621 I/APM::AudioPolicyEngine( 1758): getDeviceForStrategy, 359
08-16 14:30:20.627 I/audio_hw_primary( 1758): version:a00004 adev_create_audio_patch::mix->device 
08-16 14:30:20.627 I/audio_hw_primary( 1758): adev_create_audio_patch *handle=-1420227928 num_audio_patch=3
08-16 14:30:20.628 E/AudioManagerService( 1803): setAudioVolume(callingPid 1758, clientPid 1758, enSoundPath 0, volumn:0 )
08-16 14:30:20.630 I/tvos    ( 1764): SetVolume, subWooExist 0!
08-16 14:30:20.630 I/tvos    ( 1764): mapi_audio_customer::SetAbsoluteVolume: project name is X440M
08-16 14:30:20.630 I/tvos    ( 1764): SetAbsoluteVolume: uPercent : 0, path=52(speaker), VolumeInt=7f, VolumeFra=0
08-16 14:30:20.630 I/tvos    ( 1764): SetAbsoluteVolume: uPercent(currVol) : 0, realPath=52(default), VolumeInt=7f, VolumeFra=0
08-16 14:30:20.630 I/tvos    ( 1764): mapi_audio_customer::SetAbsoluteVolume: project name is X440M
08-16 14:30:20.631 I/tvos    ( 1764): SetAbsoluteVolume: uPercent : 0, path=49(HP), VolumeInt=7f, VolumeFra=0
08-16 14:30:20.631 I/tvos    ( 1764): SetAbsoluteVolume: uPercent(currVol) : 0, realPath=49(default), VolumeInt=7f, VolumeFra=0
08-16 14:30:20.631 I/tvos    ( 1764): mapi_audio_customer::SetAbsoluteVolume: project name is X440M
08-16 14:30:20.631 I/tvos    ( 1764): SetAbsoluteVolume, m_bBTDetect is false! 
08-16 14:30:20.631 I/tvos    ( 1764): mapi_audio_customer::SetAbsoluteVolume: project name is X440M
08-16 14:30:20.631 I/tvos    ( 1764): SetAbsoluteVolume: uPercent : 0, path=255(speaker), VolumeInt=7f, VolumeFra=0
08-16 14:30:20.631 I/tvos    ( 1764): SetAbsoluteVolume: uPercent(currVol) : 0, realPath=255(default), VolumeInt=7f, VolumeFra=0
08-16 14:30:20.631 I/tvos    ( 1764): [SetMuteStatus] call SetSoundMuteStatus, line : 10369, muteType: 4, onOff : 0 
08-16 14:30:20.631 I/tvos    ( 1764): [audioBSP] #1 m_internalMute : 0 ..
08-16 14:30:20.631 I/tvos    ( 1764): #1|->SDK_bPermanentAudioMute:0<-|->SDK_bMomentAudioMute:0 <-|->SDK_bBySyncAudioMute:0<-|->SDK_bByBlockAudioMute:0<-|->SDK_bByVChipAudioMute:0<-|
08-16 14:30:20.631 I/tvos    ( 1764): #1|->SDK_bInternal1AudioMute:0<-|->SDK_bInternal2AudioMute:0<-|->SDK_bInternal3AudioMute:0<-|->SDK_bInternal4AudioMute:0<-|
08-16 14:30:20.631 I/tvos    ( 1764): #1|->SDK_bByScanInOutchgCHchg:0<-|->SDK_bByDuringLimitedTimeAudioMute:0<-|->SDK_bSourceSwitchAudioMute:0<-|
08-16 14:30:20.631 I/tvos    ( 1764): #1|->SDK_bMHEGApMute:0<-|->SDK_bAllAudioMuteCtrl:0<-|->SDK_bPowerOnMute:0<-|->SDK_bNullSourceMute0<-|->SDK_bSetInputSourceAudioMute:0<-|
08-16 14:30:20.631 I/tvos    ( 1764): [audioBSP] #2 m_spkrMute : 0 ..|->SDK_bUsrSpkrAudioMute:0<-|->SDK_bPowerOnMute:0<-|->SDK_bByUserAudioMute:0<-|
08-16 14:30:20.631 I/tvos    ( 1764): [audioBSP] #3 m_PcmCapture2Mute:0 |->SDK_bByUserPcmCapture2Mute:0<-|->SDK_SUB_bByUserAudioMute:0<-|->SDK_bByUserAudioMute:0<-|
08-16 14:30:20.631 I/tvos    ( 1764): [audioBSP] #5 m_hpMute : 1 ..|->SDK_bUsrHpAudioMute:1<-|->SDK_bPowerOnMute:0<-|->SDK_bByUserAudioMute:0<-|
08-16 14:30:20.631 I/tvos    ( 1764): [audioBSP] #12 m_spdifMute : 1 ..
08-16 14:30:20.631 I/tvos    ( 1764): #12|->SDK_bPermanentAudioMute:0<-|->SDK_bMomentAudioMute:0<-|->SDK_bByBlockAudioMute:0<-|
08-16 14:30:20.631 I/tvos    ( 1764): #12|->SDK_bByVChipAudioMute:0<-|->SDK_bInternal1AudioMute:0<-|->SDK_bInternal4AudioMute:0<-|
08-16 14:30:20.631 I/tvos    ( 1764): #12|->SDK_bByDuringLimitedTimeAudioMute:0<-|->SDK_bSourceSwitchAudioMute:0<-|->SDK_bMHEGApMute:0<-|
08-16 14:30:20.631 I/tvos    ( 1764): #12|->SDK_bPowerOnMute:0<-|->SDK_bUsrSpdifAudioMute:1<-|->SDK_bNullSourceMute:0<-|->SDK_bByAppMute:0<-|
08-16 14:30:20.631 I/tvos    ( 1764): ---Amplifier_ALC1310_LR_SWMute(0)
08-16 14:30:20.632 I/tvos    ( 1764): ALC1310 unmute good, addr: 0x13 readbackvalue: 4 
08-16 14:30:20.635 I/AudioUtil( 1758): setParameters spk_volume=0
08-16 14:30:20.635 I/tvos    ( 1764): SetSoundMuteStatus : m_hpMute : 1, m_spdifMute : 1, m_DataInMute : 0, m_channel7Mute : 0, m_internalMute : 0, m_spkrMute : 0, m_PcmCapture1Mute : 0, m_PcmCapture2Mute : 0 
08-16 14:30:20.635 I/audio_hw_primary( 1758): adev_set_parameters: spk_volume=0
08-16 14:30:20.635 I/tvos    ( 1764): GetAudioOutputDevice, retval : 0
08-16 14:30:20.639 I/tvos    ( 1764): [SetMuteStatus] call SetSoundMuteStatus, line : 10369, muteType: 67108864, onOff : 1 
08-16 14:30:20.639 I/tvos    ( 1764): _TransMSrvMuteTypeToSDKMuteType: Err! muteType(67108864) is out of Range
08-16 14:30:20.639 I/tvos    ( 1764): [SetMuteStatus] call SetSoundMuteStatus, line : 10369, muteType: 4, onOff : 1 
08-16 14:30:20.639 I/tvos    ( 1764): [audioBSP] #1 m_internalMute : 0 ..
08-16 14:30:20.639 I/tvos    ( 1764): #1|->SDK_bPermanentAudioMute:0<-|->SDK_bMomentAudioMute:0 <-|->SDK_bBySyncAudioMute:0<-|->SDK_bByBlockAudioMute:0<-|->SDK_bByVChipAudioMute:0<-|
08-16 14:30:20.639 I/tvos    ( 1764): #1|->SDK_bInternal1AudioMute:0<-|->SDK_bInternal2AudioMute:0<-|->SDK_bInternal3AudioMute:0<-|->SDK_bInternal4AudioMute:0<-|
08-16 14:30:20.639 I/tvos    ( 1764): #1|->SDK_bByScanInOutchgCHchg:0<-|->SDK_bByDuringLimitedTimeAudioMute:0<-|->SDK_bSourceSwitchAudioMute:0<-|
08-16 14:30:20.639 I/tvos    ( 1764): #1|->SDK_bMHEGApMute:0<-|->SDK_bAllAudioMuteCtrl:0<-|->SDK_bPowerOnMute:0<-|->SDK_bNullSourceMute0<-|->SDK_bSetInputSourceAudioMute:0<-|
08-16 14:30:20.639 I/tvos    ( 1764): [audioBSP] #2 m_spkrMute : 1 ..|->SDK_bUsrSpkrAudioMute:0<-|->SDK_bPowerOnMute:0<-|->SDK_bByUserAudioMute:1<-|
08-16 14:30:20.639 I/tvos    ( 1764): [audioBSP] #3 m_PcmCapture2Mute:1 |->SDK_bByUserPcmCapture2Mute:0<-|->SDK_SUB_bByUserAudioMute:0<-|->SDK_bByUserAudioMute:1<-|
08-16 14:30:20.639 I/tvos    ( 1764): [audioBSP] #5 m_hpMute : 1 ..|->SDK_bUsrHpAudioMute:1<-|->SDK_bPowerOnMute:0<-|->SDK_bByUserAudioMute:1<-|
08-16 14:30:20.639 I/tvos    ( 1764): [audioBSP] #12 m_spdifMute : 1 ..
08-16 14:30:20.639 I/tvos    ( 1764): #12|->SDK_bPermanentAudioMute:0<-|->SDK_bMomentAudioMute:0<-|->SDK_bByBlockAudioMute:0<-|
08-16 14:30:20.639 I/tvos    ( 1764): #12|->SDK_bByVChipAudioMute:0<-|->SDK_bInternal1AudioMute:0<-|->SDK_bInternal4AudioMute:0<-|
08-16 14:30:20.639 I/tvos    ( 1764): #12|->SDK_bByDuringLimitedTimeAudioMute:0<-|->SDK_bSourceSwitchAudioMute:0<-|->SDK_bMHEGApMute:0<-|
08-16 14:30:20.639 I/tvos    ( 1764): #12|->SDK_bPowerOnMute:0<-|->SDK_bUsrSpdifAudioMute:1<-|->SDK_bNullSourceMute:0<-|->SDK_bByAppMute:0<-|
08-16 14:30:20.639 I/tvos    ( 1764): ---Amplifier_ALC1310_LR_SWMute(1)
08-16 14:30:20.639 I/tvos    ( 1764): ALC1310 mute write good, addr: 0x13, readback data : 49164, write cmd times : 1
08-16 14:30:20.641 I/tvos    ( 1764): SetSoundMuteStatus : m_hpMute : 1, m_spdifMute : 1, m_DataInMute : 0, m_channel7Mute : 0, m_internalMute : 0, m_spkrMute : 1, m_PcmCapture1Mute : 0, m_PcmCapture2Mute : 1 
08-16 14:30:20.649 W/InputDispatcher( 2207): findFocusedWindow finished: injectionResult=0, timeSpentWaitingForApplication=0.0ms
08-16 14:30:20.663 I/BrowseView(18809): --onItemSelected i : 0
08-16 14:30:20.688 I/tvos    ( 1764): [37m[INFO] Change to Voltage: 1130 mV (0x1F)[m
08-16 14:30:20.688 I/tvos    ( 1764): [37m[INFO] Change to Voltage: 1130 mV (0x22)[m
08-16 14:30:20.688 I/tvos    ( 1764): [37m[INFO] Change to Voltage: 1130 mV (0x25)[m
08-16 14:30:20.688 I/tvos    ( 1764): [37m[INFO] Change to Voltage: 1130 mV (0x28)[m
08-16 14:30:20.688 I/tvos    ( 1764): [37m[INFO] Change to Voltage: 1130 mV (0x2B)[m
08-16 14:30:20.688 I/tvos    ( 1764): [37m[INFO] Change to Voltage: 1130 mV (0x2C)[m
08-16 14:30:20.721 I/APM::AudioPolicyEngine( 1758): getDeviceForStrategy, 359
08-16 14:30:20.751 I/TVFeedback(18809): FeedBackUtils -- ====the files  logcat.log.06  is not  directory , exist ? true
08-16 14:30:20.803 I/art     (18809): Background partial concurrent mark sweep GC freed 2526(148KB) AllocSpace objects, 8(8MB) LOS objects, 40% free, 22MB/38MB, paused 5.837ms total 51.253ms
08-16 14:30:20.868 I/tvos    ( 1764): GetAudioOutputDevice, retval : 0
08-16 14:30:20.886 I/tvos    ( 1764): [37m[INFO] Change to Voltage: 1150 mV (0x22)[m
08-16 14:30:20.886 I/tvos    ( 1764): [37m[INFO] Change to Voltage: 1150 mV (0x25)[m
08-16 14:30:20.887 I/tvos    ( 1764): [37m[INFO] Change to Voltage: 1150 mV (0x28)[m
08-16 14:30:20.887 I/tvos    ( 1764): [37m[INFO] Change to Voltage: 1150 mV (0x2B)[m
08-16 14:30:20.887 I/tvos    ( 1764): [37m[INFO] Change to Voltage: 1150 mV (0x2E)[m
08-16 14:30:20.887 I/tvos    ( 1764): [37m[INFO] Change to Voltage: 1150 mV (0x2E)[m
08-16 14:30:20.891 I/tvos    ( 1764): [37m[INFO] Change to Voltage: 1000 mV (0x2C)[m
08-16 14:30:20.898 I/tvos    ( 1764): [37m[INFO] Change to Voltage: 1000 mV (0x29)[m
08-16 14:30:20.898 I/tvos    ( 1764): [37m[INFO] Change to Voltage: 1000 mV (0x26)[m
08-16 14:30:20.898 I/tvos    ( 1764): [37m[INFO] Change to Voltage: 1000 mV (0x23)[m
08-16 14:30:20.898 I/tvos    ( 1764): [37m[INFO] Change to Voltage: 1000 mV (0x20)[m
08-16 14:30:20.898 I/tvos    ( 1764): [37m[INFO] Change to Voltage: 1000 mV (0x1F)[m
08-16 14:30:21.096 I/TVFeedback(18809): FeedBackUtils -- ====the files  logcat.log.07  is not  directory , exist ? true
08-16 14:30:21.118 I/tvos    ( 1764): GetAudioOutputDevice, retval : 0
08-16 14:30:21.186 I/tvos    ( 1764): [37m[INFO] Change to Voltage: 1030 mV (0x2E)[m
08-16 14:30:21.186 I/tvos    ( 1764): [37m[INFO] Change to Voltage: 1030 mV (0x2B)[m
08-16 14:30:21.186 I/tvos    ( 1764): [37m[INFO] Change to Voltage: 1030 mV (0x28)[m
08-16 14:30:21.186 I/tvos    ( 1764): [37m[INFO] Change to Voltage: 1030 mV (0x25)[m
08-16 14:30:21.186 I/tvos    ( 1764): [37m[INFO] Change to Voltage: 1030 mV (0x22)[m
08-16 14:30:21.187 I/tvos    ( 1764): [37m[INFO] Change to Voltage: 1030 mV (0x22)[m
08-16 14:30:21.287 I/tvos    ( 1764): [37m[INFO] Change to Voltage: 1150 mV (0x22)[m
08-16 14:30:21.287 I/tvos    ( 1764): [37m[INFO] Change to Voltage: 1150 mV (0x25)[m
08-16 14:30:21.287 I/tvos    ( 1764): [37m[INFO] Change to Voltage: 1150 mV (0x28)[m
08-16 14:30:21.287 I/tvos    ( 1764): [37m[INFO] Change to Voltage: 1150 mV (0x2B)[m
08-16 14:30:21.287 I/tvos    ( 1764): [37m[INFO] Change to Voltage: 1150 mV (0x2E)[m
08-16 14:30:21.287 I/tvos    ( 1764): [37m[INFO] Change to Voltage: 1150 mV (0x2E)[m
08-16 14:30:21.315 I/WifiStateMachine( 2207):  DisconnectedState !CMD_START_SCAN  rt=511887748/511887748 -2 34104 ic=1 proc(ms):15012 dur:2877 cnt=34104 rssi=-127 f=-1 sc=0 link=-1 tx=0.0, 0.0, 0.0  rx=0.0 fiv=20000 [on:0 tx:0 rx:0 period:15008] from screen [on:0 period:1097696643]
08-16 14:30:21.315 I/WifiStateMachine( 2207): handlescanrequest  starting scan for 
08-16 14:30:21.316 I/WifiStateMachine( 2207): startscannative  starting scan for 
08-16 14:30:21.368 I/tvos    ( 1764): GetAudioOutputDevice, retval : 0
08-16 14:30:21.413 I/TVFeedback(18809): FeedBackUtils -- ====the files  logcat.log.08  is not  directory , exist ? true
08-16 14:30:21.449 W/InputDispatcher( 2207): findFocusedWindow finished: injectionResult=0, timeSpentWaitingForApplication=0.0ms
08-16 14:30:21.449 I/remotestatus( 2207): Msg.what is 101
08-16 14:30:21.449 I/WindowManager( 2207): turn cursor off
08-16 14:30:21.449 E/RemoteManager( 2207): RemoteManager is no longer support in eui6.5
08-16 14:30:21.450 E/InputManager-JNI( 2207): call nativeDisableCursor method with hideCursor
08-16 14:30:21.459 W/InputDispatcher( 2207): findFocusedWindow finished: injectionResult=0, timeSpentWaitingForApplication=0.0ms
08-16 14:30:21.486 I/tvos    ( 1764): [37m[INFO] Change to Voltage: 1030 mV (0x2E)[m
08-16 14:30:21.486 I/tvos    ( 1764): [37m[INFO] Change to Voltage: 1030 mV (0x2B)[m
08-16 14:30:21.486 I/tvos    ( 1764): [37m[INFO] Change to Voltage: 1030 mV (0x28)[m
08-16 14:30:21.486 I/tvos    ( 1764): [37m[INFO] Change to Voltage: 1030 mV (0x25)[m
08-16 14:30:21.487 I/tvos    ( 1764): [37m[INFO] Change to Voltage: 1030 mV (0x22)[m
08-16 14:30:21.488 I/tvos    ( 1764): [37m[INFO] Change to Voltage: 1030 mV (0x22)[m
08-16 14:30:21.587 I/tvos    ( 1764): [37m[INFO] Change to Voltage: 1150 mV (0x22)[m
08-16 14:30:21.587 I/tvos    ( 1764): [37m[INFO] Change to Voltage: 1150 mV (0x25)[m
08-16 14:30:21.587 I/tvos    ( 1764): [37m[INFO] Change to Voltage: 1150 mV (0x28)[m
08-16 14:30:21.587 I/tvos    ( 1764): [37m[INFO] Change to Voltage: 1150 mV (0x2B)[m
08-16 14:30:21.587 I/tvos    ( 1764): [37m[INFO] Change to Voltage: 1150 mV (0x2E)[m
08-16 14:30:21.587 I/tvos    ( 1764): [37m[INFO] Change to Voltage: 1150 mV (0x2E)[m
08-16 14:30:21.619 I/tvos    ( 1764): GetAudioOutputDevice, retval : 0
08-16 14:30:21.672 I/Toast   (18809):  PackageName: com.stv.feedback ToastText: 问题提交中，请稍候...
08-16 14:30:21.729 I/TVFeedback(18809): FeedBackUtils -- ====the files  logcat.log.09  is not  directory , exist ? true
08-16 14:30:21.869 I/tvos    ( 1764): GetAudioOutputDevice, retval : 0
08-16 14:30:21.886 I/tvos    ( 1764): [37m[INFO] Change to Voltage: 1030 mV (0x2E)[m
08-16 14:30:21.886 I/tvos    ( 1764): [37m[INFO] Change to Voltage: 1030 mV (0x2B)[m
08-16 14:30:21.887 I/tvos    ( 1764): [37m[INFO] Change to Voltage: 1030 mV (0x28)[m
08-16 14:30:21.887 I/tvos    ( 1764): [37m[INFO] Change to Voltage: 1030 mV (0x25)[m
08-16 14:30:21.887 I/tvos    ( 1764): [37m[INFO] Change to Voltage: 1030 mV (0x22)[m
08-16 14:30:21.887 I/tvos    ( 1764): [37m[INFO] Change to Voltage: 1030 mV (0x22)[m
08-16 14:30:21.965 W/InputDispatcher( 2207): findFocusedWindow finished: injectionResult=0, timeSpentWaitingForApplication=0.0ms
08-16 14:30:21.970 W/InputDispatcher( 2207): findFocusedWindow finished: injectionResult=0, timeSpentWaitingForApplication=0.0ms
08-16 14:30:21.975 W/InputDispatcher( 2207): setFocusedApplication
08-16 14:30:21.976 W/InputDispatcher( 2207): Focus left window: Window{24888ca u0 com.stv.feedback/com.stv.feedback.FeedbackActivity}
08-16 14:30:21.983 I/ActivityManager( 2207): TR12) TaskRecord{14b0d11 #1 A=com.stv.launcher U=0 sz=1}
08-16 14:30:21.983 I/ActivityManager( 2207): TR11) TaskRecord{394d409 #28 A=com.stv.feedback U=0 sz=1}
08-16 14:30:21.987 I/tvos    ( 1764): [37m[INFO] Change to Voltage: 1150 mV (0x22)[m
08-16 14:30:21.987 I/tvos    ( 1764): [37m[INFO] Change to Voltage: 1150 mV (0x25)[m
08-16 14:30:21.987 I/tvos    ( 1764): [37m[INFO] Change to Voltage: 1150 mV (0x28)[m
08-16 14:30:21.987 I/tvos    ( 1764): [37m[INFO] Change to Voltage: 1150 mV (0x2B)[m
08-16 14:30:21.987 I/tvos    ( 1764): [37m[INFO] Change to Voltage: 1150 mV (0x2E)[m
08-16 14:30:21.988 I/ActivityManager( 2207): accel TR12) TaskRecord{14b0d11 #1 A=com.stv.launcher U=0 sz=1}
08-16 14:30:21.988 I/ActivityManager( 2207): accel TR11) TaskRecord{394d409 #28 A=com.stv.feedback U=0 sz=1}
08-16 14:30:21.995 I/tvos    ( 1764): [37m[INFO] Change to Voltage: 1150 mV (0x2E)[m
08-16 14:30:22.007 I/AnalysisLog( 3007): Activ:onStart----start:time='511888440'
08-16 14:30:22.007 I/TvLiveBaseFragment( 3007): onStart
08-16 14:30:22.015 I/Launcher( 3007): [com.stv.launcher] LauncherActivity -- onStart, switchByStr: false
08-16 14:30:22.016 I/AnalysisLog( 3007): Plugin:onFragmentShowChanged_show:com.stv.plugin.app----start:time='511888449'
08-16 14:30:22.016 I/AppPlugin( 3007): ReportLogUtil -- startExposureReport
08-16 14:30:22.018 I/AnalysisLog( 3007): Plugin:onFragmentShowChanged_show:com.stv.plugin.app----end:time='511888451'
08-16 14:30:22.022 I/AnalysisLog( 3007): Activ:onStart----end:time='511888455'
08-16 14:30:22.023 I/Launcher( 3007): [com.stv.launcher] LauncherActivity --  debug_tag onResume
08-16 14:30:22.023 I/AnalysisLog( 3007): Activ:onResume----start:time='511888457'
08-16 14:30:22.024 I/Launcher( 3007): [com.stv.launcher] boot video finished=1 bootAnifinished = 1 str =  strAdFinished = 3
08-16 14:30:22.024 I/Launcher( 3007): [com.stv.launcher] LauncherActivity -- onResume, switchByStr: false, bootAdFinish true
08-16 14:30:22.025 I/Launcher( 3007): [com.stv.launcher] LauncherActivity -- onResume mHandDetectStarted: false mHandDetectType: 0 mLastSelectedScreen = null
08-16 14:30:22.025 I/Launcher( 3007): [com.stv.launcher] PluginShell --  debug_tag  >>>>>> startLoadFirst <<<<<<
08-16 14:30:22.025 I/AnalysisLog( 3007): Activ:onResume----end:time='511888458'
08-16 14:30:22.025 I/Launcher( 3007): [com.stv.launcher] PluginShell --  debug_tag  >>>>>> createPlugin <<<<<<
08-16 14:30:22.025 I/Launcher( 3007): [com.stv.launcher] PluginShell --  debug_tag  ** createPlugin but current has empty **
08-16 14:30:22.025 I/AnalysisLog( 3007): Plugin:onAttach2onResume:com.letv.android.tv.letvlive----end:time='511888458'
08-16 14:30:22.025 I/TvLiveBaseFragment( 3007): onResume
08-16 14:30:22.025 I/AnalysisLog( 3007): Plugin:onAttach2onResume:com.stv.plugin.tencent----end:time='511888459'
08-16 14:30:22.025 I/AnalysisLog( 3007): Plugin:onAttach2onResume:com.stv.plugin.video----end:time='511888459'
08-16 14:30:22.025 I/AnalysisLog( 3007): Plugin:onAttach2onResume:com.stv.plugin.search----end:time='511888459'
08-16 14:30:22.025 I/ShoppingPlugin-stv-PluginFragment( 3007): onResume ->in
08-16 14:30:22.026 I/AnalysisLog( 3007): Plugin:onAttach2onResume:com.stv.shopping----end:time='511888459'
08-16 14:30:22.026 I/AnalysisLog( 3007): Plugin:onAttach2onResume:com.stv.plugin.kids----end:time='511888459'
08-16 14:30:22.026 I/AnalysisLog( 3007): Plugin:onAttach2onResume:com.stv.plugin.app----end:time='511888459'
08-16 14:30:22.026 I/AnalysisLog( 3007): Plugin:onAttach2onResume:com.stv.plugin.ucenter----end:time='511888459'
08-16 14:30:22.054 W/InputDispatcher( 2207): Focus entered window: Window{23c0535 u0 com.stv.launcher/com.stv.launcher.ui.activity.Launcher}
08-16 14:30:22.063 E/BufferQueueProducer( 1749): [com.stv.launcher/com.stv.launcher.ui.activity.Launcher] connect(P): already connected (cur=1 req=1)
08-16 14:30:22.086 I/tvos    ( 1764): [37m[INFO] Change to Voltage: 1130 mV (0x1F)[m
08-16 14:30:22.086 I/tvos    ( 1764): [37m[INFO] Change to Voltage: 1130 mV (0x22)[m
08-16 14:30:22.086 I/tvos    ( 1764): [37m[INFO] Change to Voltage: 1130 mV (0x25)[m
08-16 14:30:22.086 I/tvos    ( 1764): [37m[INFO] Change to Voltage: 1130 mV (0x28)[m
08-16 14:30:22.087 I/tvos    ( 1764): [37m[INFO] Change to Voltage: 1130 mV (0x2B)[m
08-16 14:30:22.088 I/tvos    ( 1764): [37m[INFO] Change to Voltage: 1130 mV (0x2C)[m
08-16 14:30:22.095 I/TVFeedback(18809): FeedBackUtils -- ====the files  logcat.log.10  is not  directory , exist ? true
08-16 14:30:22.120 I/tvos    ( 1764): GetAudioOutputDevice, retval : 0
08-16 14:30:22.151 E/LETV_DEVICE( 1780): no name sn for Mstar
08-16 14:30:22.151 W/InputDispatcher( 2207): Window went away: Window{d0de246 u0 Toast}
08-16 14:30:22.179 E/BufferQueueProducer( 1749): [Toast] connect(P): already connected (cur=1 req=1)
08-16 14:30:22.181 E/ActivityThread( 2837): Failed to find provider info for com.letv.agnes.InfoProvider
08-16 14:30:22.182 E/ActivityThread( 2837): Failed to find provider info for com.letv.agnes.InfoProvider
08-16 14:30:22.182 W/System.err( 2837): java.lang.IllegalArgumentException: Unknown URL content://com.letv.agnes.InfoProvider
08-16 14:30:22.183 W/System.err( 2837): 	at android.content.ContentResolver.insert(ContentResolver.java:1227)
08-16 14:30:22.183 W/System.err( 2837): 	at com.letv.tracker2.agnes.Configuration.addDebugInfo(Configuration.java:289)
08-16 14:30:22.183 W/System.err( 2837): 	at com.letv.tracker2.agnes.MessageProcessor$SendEnvMsgTr$1.handleMessage(MessageProcessor.java:661)
08-16 14:30:22.183 W/System.err( 2837): 	at android.os.Handler.dispatchMessage(Handler.java:102)
08-16 14:30:22.183 W/System.err( 2837): 	at android.os.Looper.loop(Looper.java:148)
08-16 14:30:22.183 W/System.err( 2837): 	at com.letv.tracker2.agnes.MessageProcessor$SendEnvMsgTr.run(MessageProcessor.java:665)
08-16 14:30:22.195 I/[T1.0.6.3]EuiAgnes_Server( 2837): resCode:1
08-16 14:30:22.195 I/[T1.0.6.3]EuiAgnes_Server( 2837): b[0]:0
08-16 14:30:22.247 I/StvLogReport( 2837): StargazerReportTask, action=appClose&name=问题反馈&packagename=com.stv.feedback&versionCode=1&appVersionName=1.0.0&appType=1&mark=69&totalTime=16
08-16 14:30:22.257 I/StvLogReport( 2837): StargazerReportTask, reponse2 : {"status":"OK","statusCode":200,"message":"succeefully"}
08-16 14:30:22.257 E/LETV_DEVICE( 1780): no name sn for Mstar
08-16 14:30:22.297 I/LetvManager-LogReport( 1780): [send_msg] line: 490 report url = http://log.hdtv.cp21.ott.cibntv.net:80/api/log/tvAction
08-16 14:30:22.347 E/ActivityThread( 2837): Failed to find provider info for com.letv.agnes.InfoProvider
08-16 14:30:22.352 E/ActivityThread( 2837): Failed to find provider info for com.letv.agnes.InfoProvider
08-16 14:30:22.356 W/System.err( 2837): java.lang.IllegalArgumentException: Unknown URL content://com.letv.agnes.InfoProvider
08-16 14:30:22.357 W/System.err( 2837): 	at android.content.ContentResolver.insert(ContentResolver.java:1227)
08-16 14:30:22.357 W/System.err( 2837): 	at com.letv.tracker2.agnes.Configuration.addDebugInfo(Configuration.java:289)
08-16 14:30:22.357 W/System.err( 2837): 	at com.letv.tracker2.agnes.MessageProcessor$SendEnvMsgTr$1.handleMessage(MessageProcessor.java:661)
08-16 14:30:22.358 W/System.err( 2837): 	at android.os.Handler.dispatchMessage(Handler.java:102)
08-16 14:30:22.358 W/System.err( 2837): 	at android.os.Looper.loop(Looper.java:148)
08-16 14:30:22.358 W/System.err( 2837): 	at com.letv.tracker2.agnes.MessageProcessor$SendEnvMsgTr.run(MessageProcessor.java:665)
08-16 14:30:22.367 I/[T1.0.6.3]EuiAgnes_Server( 2837): resCode:1
08-16 14:30:22.367 I/[T1.0.6.3]EuiAgnes_Server( 2837): b[0]:0
08-16 14:30:22.370 I/tvos    ( 1764): GetAudioOutputDevice, retval : 0
08-16 14:30:22.386 I/tvos    ( 1764): [37m[INFO] Change to Voltage: 1000 mV (0x2C)[m
08-16 14:30:22.386 I/tvos    ( 1764): [37m[INFO] Change to Voltage: 1000 mV (0x29)[m
08-16 14:30:22.386 I/tvos    ( 1764): [37m[INFO] Change to Voltage: 1000 mV (0x26)[m
08-16 14:30:22.387 I/tvos    ( 1764): [37m[INFO] Change to Voltage: 1000 mV (0x23)[m
08-16 14:30:22.388 I/tvos    ( 1764): [37m[INFO] Change to Voltage: 1000 mV (0x20)[m
08-16 14:30:22.389 I/tvos    ( 1764): [37m[INFO] Change to Voltage: 1000 mV (0x1F)[m
08-16 14:30:22.402 I/ActivityManager( 2207): Displayed com.stv.launcher/.ui.activity.Launcher: +422ms
08-16 14:30:22.403 W/ContextImpl( 2207): Calling a method in the system process without a qualified user: android.app.ContextImpl.sendBroadcast:766 com.android.server.am.ActivityRecord.reportLaunchTimeLocked:1056 com.android.server.am.ActivityRecord.windowsDrawnLocked:1080 com.android.server.am.ActivityRecord$Token.windowsDrawn:345 com.android.server.wm.WindowManagerService$H.handleMessage:8042 
08-16 14:30:22.410 W/ContextImpl( 2613): Calling a method in the system process without a qualified user: android.app.ContextImpl.startService:1224 android.content.ContextWrapper.startService:581 com.stv.helper.service.TvMasterService.noteLaunchTime:169 letv.tvmaster.ITvMasterService$Stub.onTransact:136 android.os.Binder.execTransact:453 
08-16 14:30:22.486 I/tvos    ( 1764): [37m[INFO] Change to Voltage: 1130 mV (0x1F)[m
08-16 14:30:22.486 I/tvos    ( 1764): [37m[INFO] Change to Voltage: 1130 mV (0x22)[m
08-16 14:30:22.486 I/tvos    ( 1764): [37m[INFO] Change to Voltage: 1130 mV (0x25)[m
08-16 14:30:22.486 I/tvos    ( 1764): [37m[INFO] Change to Voltage: 1130 mV (0x28)[m
08-16 14:30:22.486 I/tvos    ( 1764): [37m[INFO] Change to Voltage: 1130 mV (0x2B)[m
08-16 14:30:22.487 I/tvos    ( 1764): [37m[INFO] Change to Voltage: 1130 mV (0x2C)[m
08-16 14:30:22.512 I/TVFeedback(18809): FeedBackUtils -- ====the files  logcat.log.11  is not  directory , exist ? true
08-16 14:30:22.585 I/tvos    ( 1764): [37m[INFO] Change to Voltage: 1000 mV (0x2C)[m
08-16 14:30:22.585 I/tvos    ( 1764): [37m[INFO] Change to Voltage: 1000 mV (0x29)[m
08-16 14:30:22.586 I/tvos    ( 1764): [37m[INFO] Change to Voltage: 1000 mV (0x26)[m
08-16 14:30:22.588 I/tvos    ( 1764): [37m[INFO] Change to Voltage: 1000 mV (0x23)[m
08-16 14:30:22.588 I/tvos    ( 1764): [37m[INFO] Change to Voltage: 1000 mV (0x20)[m
08-16 14:30:22.592 I/tvos    ( 1764): [37m[INFO] Change to Voltage: 1000 mV (0x1F)[m
08-16 14:30:22.607 E/LetvRemoteupgradeManager-JNI( 2613): can't get LetvManager service!
08-16 14:30:22.621 I/tvos    ( 1764): GetAudioOutputDevice, retval : 0
08-16 14:30:22.703 I/LetvManager-LogReport( 1780): [send_msg] line: 490 report url = http://log.hdtv.cp21.ott.cibntv.net:80/api/log/tvAction
08-16 14:30:22.798 I/TVFeedback(18809): FeedbackActivity -- onDestroy
08-16 14:30:22.798 I/TVFeedback(18809): BaseActivity -- onDestroy
08-16 14:30:22.798 I/TVFeedback(18809): MyApplication -- onActivityDestroyed mVisible = 0, mIsWorkInit = true
08-16 14:30:22.804 W/InputDispatcher( 2207): Window went away: Window{24888ca u0 com.stv.feedback/com.stv.feedback.FeedbackActivity}
08-16 14:30:22.856 I/TVFeedback(18809): FeedBackUtils -- ====the files  logcat.log.12  is not  directory , exist ? true
08-16 14:30:22.872 I/tvos    ( 1764): GetAudioOutputDevice, retval : 0
08-16 14:30:22.885 I/tvos    ( 1764): [37m[INFO] Change to Voltage: 1130 mV (0x1F)[m
08-16 14:30:22.886 I/tvos    ( 1764): [37m[INFO] Change to Voltage: 1130 mV (0x22)[m
08-16 14:30:22.887 I/tvos    ( 1764): [37m[INFO] Change to Voltage: 1130 mV (0x25)[m
08-16 14:30:22.888 I/tvos    ( 1764): [37m[INFO] Change to Voltage: 1130 mV (0x28)[m
08-16 14:30:22.890 I/tvos    ( 1764): [37m[INFO] Change to Voltage: 1130 mV (0x2B)[m
08-16 14:30:22.891 I/tvos    ( 1764): [37m[INFO] Change to Voltage: 1130 mV (0x2C)[m
08-16 14:30:22.918 W/InputDispatcher( 2207): findFocusedWindow finished: injectionResult=0, timeSpentWaitingForApplication=0.0ms
08-16 14:30:22.920 I/AppPlugin( 3007): AppWorkspace -- dispatchKeyEvent folderWorkspace back event no respose,so force hide folderWorkspace.
08-16 14:30:22.922 I/GlobalFocusChangedListe( 3007): com.stv.launcher.ui.widget.TabItemNew
08-16 14:30:22.935 I/ActivityManager( 2207): Force stopping com.android.testing.dummyime appid=10093 user=0: from pid 2207
08-16 14:30:22.936 I/ActivityManager( 2207): Killing 18900:com.android.testing.dummyime/u0a93 (adj 2): stop com.android.testing.dummyime
08-16 14:30:22.942 W/InputDispatcher( 2207): findFocusedWindow finished: injectionResult=0, timeSpentWaitingForApplication=0.0ms
08-16 14:30:22.971 I/AppPlugin( 3007): ReportLogUtil -- startExposureReport
08-16 14:30:22.989 W/ActivityManager( 2207): Scheduling restart of crashed service com.android.testing.dummyime/.DummyIme in 1000ms
08-16 14:30:22.991 I/ActivityManager( 2207):   Force stopping service ServiceRecord{72e6ca5 u0 com.android.testing.dummyime/.DummyIme}
08-16 14:30:22.998 I/tvos    ( 1764): [37m[INFO] Change to Voltage: 1000 mV (0x2C)[m
08-16 14:30:22.998 I/tvos    ( 1764): [37m[INFO] Change to Voltage: 1000 mV (0x29)[m
08-16 14:30:22.998 I/tvos    ( 1764): [37m[INFO] Change to Voltage: 1000 mV (0x26)[m
08-16 14:30:23.000 W/InputMethodManagerService( 2207): Session failed to close due to remote exception
08-16 14:30:23.000 W/InputMethodManagerService( 2207): android.os.DeadObjectException
08-16 14:30:23.000 W/InputMethodManagerService( 2207): 	at android.os.BinderProxy.transactNative(Native Method)
08-16 14:30:23.000 W/InputMethodManagerService( 2207): 	at android.os.BinderProxy.transact(Binder.java:503)
08-16 14:30:23.000 W/InputMethodManagerService( 2207): 	at com.android.internal.view.IInputMethodSession$Stub$Proxy.finishSession(IInputMethodSession.java:305)
08-16 14:30:23.000 W/InputMethodManagerService( 2207): 	at com.android.server.InputMethodManagerService.finishSessionLocked(InputMethodManagerService.java:1622)
08-16 14:30:23.000 W/InputMethodManagerService( 2207): 	at com.android.server.InputMethodManagerService.clearClientSessionLocked(InputMethodManagerService.java:1613)
