08-16 14:30:05.306 I/tvos    ( 1764): [37m[INFO] Change to Voltage: 1150 mV (0x25)[m
08-16 14:30:05.306 I/tvos    ( 1764): [37m[INFO] Change to Voltage: 1150 mV (0x28)[m
08-16 14:30:05.306 I/tvos    ( 1764): [37m[INFO] Change to Voltage: 1150 mV (0x2B)[m
08-16 14:30:05.306 I/tvos    ( 1764): [37m[INFO] Change to Voltage: 1150 mV (0x2E)[m
08-16 14:30:05.306 I/tvos    ( 1764): [37m[INFO] Change to Voltage: 1150 mV (0x2E)[m
08-16 14:30:05.308 I/LePush  ( 3655): [StvPushService] Receive from com.stv.feedback com.stv.stvpush.EXTRA_VALUE_REGISTER
08-16 14:30:05.309 I/TVFeedback(18809): FeedbackActivity -- onCreate
08-16 14:30:05.309 I/TVFeedback(18809): BaseActivity -- onCreate
08-16 14:30:05.325 I/StvLogReport( 2837): StargazerReportTask, action=appClose&name=桌面&packagename=com.stv.launcher&versionCode=20180321&appVersionName=1.0.5&appType=1&mark=68&totalTime=68
08-16 14:30:05.331 E/LETV_DEVICE( 1780): no name sn for Mstar
08-16 14:30:05.336 I/StvLogReport( 2837): StargazerReportTask, reponse2 : {"status":"OK","statusCode":200,"message":"succeefully"}
08-16 14:30:05.340 I/tvos    ( 1764): GetAudioOutputDevice, retval : 0
08-16 14:30:05.347 I/System.out(18809): From style:
08-16 14:30:05.348 I/System.out(18809): Attrs: 3010001=0.6 3010002=res/drawable-hdpi-v4/ic_desk_app_bg.jpg 3010003=null 3010004=true
08-16 14:30:05.361 I/StvLogReport( 2837): StargazerReportTask, action=appOpen&name=问题反馈&packagename=com.stv.feedback&versionCode=1&appVersionName=1.0.0&appType=1&mark=69
08-16 14:30:05.376 I/StvLogReport( 2837): StargazerReportTask, reponse2 : {"status":"OK","statusCode":200,"message":"succeefully"}
08-16 14:30:05.416 E/ActivityThread( 2837): Failed to find provider info for com.letv.agnes.InfoProvider
08-16 14:30:05.419 E/ActivityThread( 2837): Failed to find provider info for com.letv.agnes.InfoProvider
08-16 14:30:05.419 W/System.err( 2837): java.lang.IllegalArgumentException: Unknown URL content://com.letv.agnes.InfoProvider
08-16 14:30:05.419 W/System.err( 2837): 	at android.content.ContentResolver.insert(ContentResolver.java:1227)
08-16 14:30:05.419 W/System.err( 2837): 	at com.letv.tracker2.agnes.Configuration.addDebugInfo(Configuration.java:289)
08-16 14:30:05.419 W/System.err( 2837): 	at com.letv.tracker2.agnes.MessageProcessor$SendEnvMsgTr$1.handleMessage(MessageProcessor.java:661)
08-16 14:30:05.419 W/System.err( 2837): 	at android.os.Handler.dispatchMessage(Handler.java:102)
08-16 14:30:05.419 W/System.err( 2837): 	at android.os.Looper.loop(Looper.java:148)
08-16 14:30:05.419 W/System.err( 2837): 	at com.letv.tracker2.agnes.MessageProcessor$SendEnvMsgTr.run(MessageProcessor.java:665)
08-16 14:30:05.430 I/[T1.0.6.3]EuiAgnes_Server( 2837): resCode:1
08-16 14:30:05.430 I/[T1.0.6.3]EuiAgnes_Server( 2837): b[0]:0
08-16 14:30:05.455 E/critical_path_log( 3007): superlive_7799adbbe191b8ab_onTrimMemory: level = 20
08-16 14:30:05.469 I/LetvManager-LogReport( 1780): [send_msg] line: 490 report url = http://log.hdtv.cp21.ott.cibntv.net:80/api/log/tvAction
08-16 14:30:05.487 I/tvos    ( 1764): [37m[INFO] Change to Voltage: 1000 mV (0x2C)[m
08-16 14:30:05.487 I/tvos    ( 1764): [37m[INFO] Change to Voltage: 1000 mV (0x29)[m
08-16 14:30:05.487 I/tvos    ( 1764): [37m[INFO] Change to Voltage: 1000 mV (0x26)[m
08-16 14:30:05.487 I/tvos    ( 1764): [37m[INFO] Change to Voltage: 1000 mV (0x23)[m
08-16 14:30:05.487 I/tvos    ( 1764): [37m[INFO] Change to Voltage: 1000 mV (0x20)[m
08-16 14:30:05.488 I/tvos    ( 1764): [37m[INFO] Change to Voltage: 1000 mV (0x1F)[m
08-16 14:30:05.592 I/tvos    ( 1764): GetAudioOutputDevice, retval : 0
08-16 14:30:05.670 I/TVFeedback(18809): PermissionUtil -- no permission :[]
08-16 14:30:05.670 I/TVFeedback(18809): FeedbackActivity -- dataFromDesktop:null
08-16 14:30:05.671 I/TVFeedback(18809): FeedbackActivity -- onResume
08-16 14:30:05.672 I/TVFeedback(18809): FeedbackActivity -- dataFromDesktop:null
08-16 14:30:05.677 I/LetvManager-LogReport( 1780): [send_msg] line: 490 report url = http://log.hdtv.cp21.ott.cibntv.net:80/api/log/tvAction
08-16 14:30:05.682 I/CommonService( 2808): [GetDomain][DomainUtil]:internet label : xfeedback domain : xfeedback-scloud.cp21.ott.cibntv.net
08-16 14:30:05.686 I/CommonService( 2808): [Common][SystemCommonServcice]:label : xfeedback  domain: xfeedback-scloud.cp21.ott.cibntv.net
08-16 14:30:05.689 I/StvManager(18809): getDomain label : xfeedback domain : xfeedback-scloud.cp21.ott.cibntv.net
08-16 14:30:05.696 I/LetvAccount(14745): UserInfoProvider -- appName: com.stv.feedback, permission: system(true) app(true), match=1
08-16 14:30:05.697 I/AccountManagerService( 2207): getTypesVisibleToCaller: isPermitted? true
08-16 14:30:05.699 I/TVFeedback(18809): MyApplication -- registerId = 4815ec4a634422bc9e6df7c66ad50ade8511383b
08-16 14:30:05.705 I/TVFeedback(18809): FeedBackUtils -- getSystemUserId - ssoToken = 103XXXWLm5iFfp7oHVCl5Nm5QniTYMwRr1riQV7kzFHb0cKblm5JnT7VZ62yLz6NiwchqILK4Vglv7ZN0oREFxfOiiJUsxPtqnon9LQtCfSYWPGD5q0Qm4
08-16 14:30:05.708 I/TVFeedback(18809): UrlUtils -- getCrashUploadParams - params = platform=PLATFORM_6A938&model=X440M&sys_version=V2409RCN02C065307D08011D
08-16 14:30:05.709 I/TVFeedback(18809): UrlUtils -- getNoticeUrl - URL = http://xfeedback-scloud.cp21.ott.cibntv.net/api/v3/Tvnotice?platform=PLATFORM_6A938&model=X440M&sys_version=V2409RCN02C065307D08011D&sso_tk=103XXXWLm5iFfp7oHVCl5Nm5QniTYMwRr1riQV7kzFHb0cKblm5JnT7VZ62yLz6NiwchqILK4Vglv7ZN0oREFxfOiiJUsxPtqnon9LQtCfSYWPGD5q0Qm4&&_ak=akfileup_YHoqMHgt&_time=1534401005708&_sign=62088a6514c3128e9f5386239b7a92c7
08-16 14:30:05.729 E/WVMExtractor(18809): Failed to open libwvm.so: dlopen failed: library "libwvm.so" not found
08-16 14:30:05.747 I/OMXClient(18809): Using client-side OMX mux.
08-16 14:30:05.751 W/InputDispatcher( 2207): Focus entered window: Window{24888ca u0 com.stv.feedback/com.stv.feedback.FeedbackActivity}
08-16 14:30:05.769 I/OpenGLRenderer(18809): Initialized EGL, version 1.4
08-16 14:30:05.781 E/BufferQueueProducer( 1749): [com.stv.feedback/com.stv.feedback.FeedbackActivity] connect(P): already connected (cur=1 req=1)
08-16 14:30:05.792 I/TVFeedback(18809): FeedbackActivity -- NoticeThread - response code = 200
08-16 14:30:05.793 I/TVFeedback(18809): FeedbackActivity -- notice list = null
08-16 14:30:05.841 I/tvos    ( 1764): GetAudioOutputDevice, retval : 0
08-16 14:30:05.885 I/tvos    ( 1764): [37m[INFO] Change to Voltage: 1130 mV (0x1F)[m
08-16 14:30:05.885 I/tvos    ( 1764): [37m[INFO] Change to Voltage: 1130 mV (0x22)[m
08-16 14:30:05.885 I/tvos    ( 1764): [37m[INFO] Change to Voltage: 1130 mV (0x25)[m
08-16 14:30:05.886 I/tvos    ( 1764): [37m[INFO] Change to Voltage: 1130 mV (0x28)[m
08-16 14:30:05.887 I/tvos    ( 1764): [37m[INFO] Change to Voltage: 1130 mV (0x2B)[m
08-16 14:30:05.887 I/tvos    ( 1764): [37m[INFO] Change to Voltage: 1130 mV (0x2C)[m
08-16 14:30:05.895 E/LETV_DEVICE( 1780): no name sn for Mstar
08-16 14:30:05.908 E/ActivityThread( 2837): Failed to find provider info for com.letv.agnes.InfoProvider
08-16 14:30:05.909 E/ActivityThread( 2837): Failed to find provider info for com.letv.agnes.InfoProvider
08-16 14:30:05.911 W/System.err( 2837): java.lang.IllegalArgumentException: Unknown URL content://com.letv.agnes.InfoProvider
08-16 14:30:05.911 W/System.err( 2837): 	at android.content.ContentResolver.insert(ContentResolver.java:1227)
08-16 14:30:05.911 W/System.err( 2837): 	at com.letv.tracker2.agnes.Configuration.addDebugInfo(Configuration.java:289)
08-16 14:30:05.911 W/System.err( 2837): 	at com.letv.tracker2.agnes.MessageProcessor$SendEnvMsgTr$1.handleMessage(MessageProcessor.java:661)
08-16 14:30:05.911 W/System.err( 2837): 	at android.os.Handler.dispatchMessage(Handler.java:102)
08-16 14:30:05.911 W/System.err( 2837): 	at android.os.Looper.loop(Looper.java:148)
08-16 14:30:05.911 W/System.err( 2837): 	at com.letv.tracker2.agnes.MessageProcessor$SendEnvMsgTr.run(MessageProcessor.java:665)
08-16 14:30:05.914 I/[T1.0.6.3]EuiAgnes_Server( 2837): resCode:1
08-16 14:30:05.914 I/[T1.0.6.3]EuiAgnes_Server( 2837): b[0]:0
08-16 14:30:05.914 I/TVFeedback(18809): LetvModelUtil -- getModel - X440M
08-16 14:30:05.916 I/TVFeedback(18809): AddReportFragment -- mUiType is: cibn
08-16 14:30:05.919 I/TVFeedback(18809): AddReportFragment -- ==========the log switch is: 0
08-16 14:30:05.921 E/LETV_DEVICE( 1780): no name sn for Mstar
08-16 14:30:05.922 I/TVFeedback(18809): AddReportFragment -- onResume
08-16 14:30:05.933 I/LetvAccount(14745): UserInfoProvider -- appName: com.stv.feedback, permission: system(true) app(true), match=1
08-16 14:30:05.941 I/AccountManagerService( 2207): getTypesVisibleToCaller: isPermitted? true
08-16 14:30:05.950 I/art     (18873): Late-enabling -Xcheck:jni
08-16 14:30:05.952 I/ActivityManager( 2207): Start proc 18873:com.android.testing.dummyime/u0a93 for service com.android.testing.dummyime/.DummyIme
08-16 14:30:05.954 I/BrowseView(18809): --onItemSelected i : 0
08-16 14:30:05.986 I/tvos    ( 1764): [37m[INFO] Change to Voltage: 1000 mV (0x2C)[m
08-16 14:30:05.986 I/tvos    ( 1764): [37m[INFO] Change to Voltage: 1000 mV (0x29)[m
08-16 14:30:05.986 I/tvos    ( 1764): [37m[INFO] Change to Voltage: 1000 mV (0x26)[m
08-16 14:30:05.987 I/tvos    ( 1764): [37m[INFO] Change to Voltage: 1000 mV (0x23)[m
08-16 14:30:05.988 I/tvos    ( 1764): [37m[INFO] Change to Voltage: 1000 mV (0x20)[m
08-16 14:30:05.989 I/tvos    ( 1764): [37m[INFO] Change to Voltage: 1000 mV (0x1F)[m
08-16 14:30:05.995 I/TVFeedback(18809): FeedBackUtils -- getSystemUserId - ssoToken = 103XXXWLm5iFfp7oHVCl5Nm5QniTYMwRr1riQV7kzFHb0cKblm5JnT7VZ62yLz6NiwchqILK4Vglv7ZN0oREFxfOiiJUsxPtqnon9LQtCfSYWPGD5q0Qm4
08-16 14:30:06.033 I/TVFeedback(18809): UrlUtils -- getUniqueIDUrl - URL= http://xfeedback-scloud.cp21.ott.cibntv.net/api/v3/Tvfeedback?version=V2409RCN02C065307D08011D&versionName=6.5.307D_0801&model=X440M&ui=6.5&hwVersion=H5000&mac=b01bd2542d51&region=CN&user-prefer-language=zh-cn&sso_tk=103XXXWLm5iFfp7oHVCl5Nm5QniTYMwRr1riQV7kzFHb0cKblm5JnT7VZ62yLz6NiwchqILK4Vglv7ZN0oREFxfOiiJUsxPtqnon9LQtCfSYWPGD5q0Qm4&&_ak=akfileup_YHoqMHgt&_time=1534401006032&_sign=aba8d4737373867df0980a85631a615f
08-16 14:30:06.046 W/System  (18873): ClassLoader referenced unknown path: /data/app/com.android.testing.dummyime-2/lib/arm64
08-16 14:30:06.072 I/System.out(18873): From style:
08-16 14:30:06.072 I/System.out(18873): Attrs: 3010001=0.6 3010002=#0 3010003=null 3010004=true
08-16 14:30:06.082 I/TVFeedback(18809): FeedBackUtils -- get Id suc: 5b7519ee43f1e
08-16 14:30:06.092 I/tvos    ( 1764): GetAudioOutputDevice, retval : 0
08-16 14:30:06.136 I/ActivityManager( 2207): Displayed com.stv.feedback/.FeedbackActivity: +981ms
08-16 14:30:06.137 W/ContextImpl( 2207): Calling a method in the system process without a qualified user: android.app.ContextImpl.sendBroadcast:766 com.android.server.am.ActivityRecord.reportLaunchTimeLocked:1056 com.android.server.am.ActivityRecord.windowsDrawnLocked:1080 com.android.server.am.ActivityRecord$Token.windowsDrawn:345 com.android.server.wm.WindowManagerService$H.handleMessage:8042 
08-16 14:30:06.139 W/ContextImpl( 2613): Calling a method in the system process without a qualified user: android.app.ContextImpl.startService:1224 android.content.ContextWrapper.startService:581 com.stv.helper.service.TvMasterService.noteLaunchTime:169 letv.tvmaster.ITvMasterService$Stub.onTransact:136 android.os.Binder.execTransact:453 
08-16 14:30:06.156 W/InputDispatcher( 2207): Window went away: Window{cef040d u0 Starting com.stv.feedback}
08-16 14:30:06.165 I/TVFeedback(18809): GetQRCodeSyncTask -- uniqID is: 5b7519ee43f1e
08-16 14:30:06.168 I/TVFeedback(18809): UrlUtils -- getPhoneSubmitUrlParams - params = mac=b01bd2542d51&_id=5b7519ee43f1e&device=X440M
08-16 14:30:06.169 I/TVFeedback(18809): UrlUtils -- getSubmitQuestionQRCodeImgUrl - URL= http://xfeedback-scloud.cp21.ott.cibntv.net/tvfeedbackweb?mac=b01bd2542d51&_id=5b7519ee43f1e&device=X440M&_ak=akfileup_YHoqMHgt&_time=1534401006168&_sign=0166eba54c78376d611a601571182035
08-16 14:30:06.169 I/TVFeedback(18809): GetQRCodeSyncTask -- onPostExecute - QrCode URL = http://xfeedback-scloud.cp21.ott.cibntv.net/tvfeedbackweb?mac=b01bd2542d51&_id=5b7519ee43f1e&device=X440M&_ak=akfileup_YHoqMHgt&_time=1534401006168&_sign=0166eba54c78376d611a601571182035
08-16 14:30:06.227 I/AnalysisLog( 3007): Plugin:onFragmentShowChanged_hide:com.stv.plugin.app----start:time='511872660'
08-16 14:30:06.229 I/AppPlugin( 3007): AppFragment -- onFragmentShowChanged gainSelect true screen = com.stv.plugin.app packageName = com.stv.plugin.app
08-16 14:30:06.229 I/AnalysisLog( 3007): Plugin:onFragmentShowChanged_hide:com.stv.plugin.app----end:time='511872663'
08-16 14:30:06.230 I/TvLiveBaseFragment( 3007): onStop
08-16 14:30:06.267 E/LETV_DEVICE( 1780): no name sn for Mstar
08-16 14:30:06.284 I/LetvManager-LogReport( 1780): [send_msg] line: 490 report url = http://log.hdtv.cp21.ott.cibntv.net:80/api/log/tvAction
08-16 14:30:06.303 I/WifiStateMachine( 2207):  DisconnectedState !CMD_START_SCAN  rt=511872736/511872736 -2 34103 ic=1 proc(ms):15012 dur:2864 cnt=34103 rssi=-127 f=-1 sc=0 link=-1 tx=0.0, 0.0, 0.0  rx=0.0 fiv=20000 [on:0 tx:0 rx:0 period:15011] from screen [on:0 period:1097681631]
08-16 14:30:06.303 I/WifiStateMachine( 2207): handlescanrequest  starting scan for 
08-16 14:30:06.303 I/WifiStateMachine( 2207): startscannative  starting scan for 
08-16 14:30:06.337 E/ActivityThread( 2837): Failed to find provider info for com.letv.agnes.InfoProvider
08-16 14:30:06.340 E/ActivityThread( 2837): Failed to find provider info for com.letv.agnes.InfoProvider
08-16 14:30:06.340 W/System.err( 2837): java.lang.IllegalArgumentException: Unknown URL content://com.letv.agnes.InfoProvider
08-16 14:30:06.341 W/System.err( 2837): 	at android.content.ContentResolver.insert(ContentResolver.java:1227)
08-16 14:30:06.341 W/System.err( 2837): 	at com.letv.tracker2.agnes.Configuration.addDebugInfo(Configuration.java:289)
08-16 14:30:06.341 W/System.err( 2837): 	at com.letv.tracker2.agnes.MessageProcessor$SendEnvMsgTr$1.handleMessage(MessageProcessor.java:661)
08-16 14:30:06.341 W/System.err( 2837): 	at android.os.Handler.dispatchMessage(Handler.java:102)
08-16 14:30:06.341 W/System.err( 2837): 	at android.os.Looper.loop(Looper.java:148)
08-16 14:30:06.341 W/System.err( 2837): 	at com.letv.tracker2.agnes.MessageProcessor$SendEnvMsgTr.run(MessageProcessor.java:665)
08-16 14:30:06.342 I/tvos    ( 1764): GetAudioOutputDevice, retval : 0
08-16 14:30:06.347 I/[T1.0.6.3]EuiAgnes_Server( 2837): resCode:1
08-16 14:30:06.348 I/[T1.0.6.3]EuiAgnes_Server( 2837): b[0]:0
08-16 14:30:06.592 I/tvos    ( 1764): GetAudioOutputDevice, retval : 0
08-16 14:30:06.724 I/ActivityManager( 2207): Force stopping com.android.testing.dummyime appid=10093 user=0: from pid 2207
08-16 14:30:06.724 I/ActivityManager( 2207): Killing 18873:com.android.testing.dummyime/u0a93 (adj 2): stop com.android.testing.dummyime
08-16 14:30:06.756 W/ActivityManager( 2207): Scheduling restart of crashed service com.android.testing.dummyime/.DummyIme in 1000ms
08-16 14:30:06.757 I/ActivityManager( 2207):   Force stopping service ServiceRecord{4016722 u0 com.android.testing.dummyime/.DummyIme}
08-16 14:30:06.765 W/ActivityManager( 2207): Spurious death for ProcessRecord{f590ae9 0:com.android.testing.dummyime/u0a93}, curProc for 18873: null
08-16 14:30:06.766 W/InputMethodManagerService( 2207): Session failed to close due to remote exception
08-16 14:30:06.766 W/InputMethodManagerService( 2207): android.os.DeadObjectException
08-16 14:30:06.766 W/InputMethodManagerService( 2207): 	at android.os.BinderProxy.transactNative(Native Method)
08-16 14:30:06.766 W/InputMethodManagerService( 2207): 	at android.os.BinderProxy.transact(Binder.java:503)
08-16 14:30:06.766 W/InputMethodManagerService( 2207): 	at com.android.internal.view.IInputMethodSession$Stub$Proxy.finishSession(IInputMethodSession.java:305)
08-16 14:30:06.766 W/InputMethodManagerService( 2207): 	at com.android.server.InputMethodManagerService.finishSessionLocked(InputMethodManagerService.java:1622)
08-16 14:30:06.766 W/InputMethodManagerService( 2207): 	at com.android.server.InputMethodManagerService.clearClientSessionLocked(InputMethodManagerService.java:1613)
08-16 14:30:06.766 W/InputMethodManagerService( 2207): 	at com.android.server.InputMethodManagerService.clearCurMethodLocked(InputMethodManagerService.java:1639)
08-16 14:30:06.766 W/InputMethodManagerService( 2207): 	at com.android.server.InputMethodManagerService.onServiceDisconnected(InputMethodManagerService.java:1658)
08-16 14:30:06.766 W/InputMethodManagerService( 2207): 	at android.app.LoadedApk$ServiceDispatcher.doDeath(LoadedApk.java:1228)
08-16 14:30:06.766 W/InputMethodManagerService( 2207): 	at android.app.LoadedApk$ServiceDispatcher$RunConnection.run(LoadedApk.java:1242)
08-16 14:30:06.766 W/InputMethodManagerService( 2207): 	at android.os.Handler.handleCallback(Handler.java:739)
08-16 14:30:06.766 W/InputMethodManagerService( 2207): 	at android.os.Handler.dispatchMessage(Handler.java:95)
08-16 14:30:06.766 W/InputMethodManagerService( 2207): 	at android.os.Looper.loop(Looper.java:148)
08-16 14:30:06.766 W/InputMethodManagerService( 2207): 	at com.android.server.SystemServer.run(SystemServer.java:309)
08-16 14:30:06.766 W/InputMethodManagerService( 2207): 	at com.android.server.SystemServer.main(SystemServer.java:179)
08-16 14:30:06.766 W/InputMethodManagerService( 2207): 	at java.lang.reflect.Method.invoke(Native Method)
08-16 14:30:06.766 W/InputMethodManagerService( 2207): 	at com.android.internal.os.ZygoteInit$MethodAndArgsCaller.run(ZygoteInit.java:744)
08-16 14:30:06.766 W/InputMethodManagerService( 2207): 	at com.android.internal.os.ZygoteInit.main(ZygoteInit.java:634)
08-16 14:30:06.843 I/tvos    ( 1764): GetAudioOutputDevice, retval : 0
08-16 14:30:07.093 I/tvos    ( 1764): GetAudioOutputDevice, retval : 0
08-16 14:30:07.344 I/tvos    ( 1764): GetAudioOutputDevice, retval : 0
08-16 14:30:07.594 I/tvos    ( 1764): GetAudioOutputDevice, retval : 0
08-16 14:30:07.605 E/LetvRemoteupgradeManager-JNI( 2613): can't get LetvManager service!
08-16 14:30:07.759 E/InternetUtils( 4594): java.net.SocketTimeoutException: failed to connect to www.cibn.com/61.133.127.115 (port 80) after 3000ms
08-16 14:30:07.845 I/tvos    ( 1764): GetAudioOutputDevice, retval : 0
08-16 14:30:08.095 I/tvos    ( 1764): GetAudioOutputDevice, retval : 0
08-16 14:30:08.345 I/tvos    ( 1764): GetAudioOutputDevice, retval : 0
08-16 14:30:08.596 I/tvos    ( 1764): GetAudioOutputDevice, retval : 0
08-16 14:30:08.846 I/tvos    ( 1764): GetAudioOutputDevice, retval : 0
08-16 14:30:09.097 I/tvos    ( 1764): GetAudioOutputDevice, retval : 0
08-16 14:30:09.180 I/WifiStateMachine( 2207):  DisconnectedState !SCAN_RESULTS_EVENT  rt=511875613/511875613 0 0 found=178 known=0 got=178 bcn=0 con=0
08-16 14:30:09.181 I/WifiStateMachine( 2207):  ConnectModeState !SCAN_RESULTS_EVENT  rt=511875614/511875614 0 0 found=178 known=0 got=178 bcn=0 con=0
08-16 14:30:09.181 I/WifiStateMachine( 2207):  DriverStartedState !SCAN_RESULTS_EVENT  rt=511875614/511875614 0 0 found=178 known=0 got=178 bcn=0 con=0
08-16 14:30:09.182 I/WifiStateMachine( 2207):  SupplicantStartedState !SCAN_RESULTS_EVENT  rt=511875615/511875615 0 0 found=178 known=0 got=178 bcn=0 con=0
08-16 14:30:09.254 I/WifiStateMachine( 2207): setscanresults newsupplicantresult
08-16 14:30:09.347 I/tvos    ( 1764): GetAudioOutputDevice, retval : 0
08-16 14:30:09.597 I/tvos    ( 1764): GetAudioOutputDevice, retval : 0
08-16 14:30:09.848 I/tvos    ( 1764): GetAudioOutputDevice, retval : 0
08-16 14:30:10.098 I/tvos    ( 1764): GetAudioOutputDevice, retval : 0
08-16 14:30:10.349 I/tvos    ( 1764): GetAudioOutputDevice, retval : 0
08-16 14:30:10.386 I/tvos    ( 1764): [37m[INFO] Change to Voltage: 1030 mV (0x2E)[m
08-16 14:30:10.386 I/tvos    ( 1764): [37m[INFO] Change to Voltage: 1030 mV (0x2B)[m
08-16 14:30:10.386 I/tvos    ( 1764): [37m[INFO] Change to Voltage: 1030 mV (0x28)[m
08-16 14:30:10.387 I/tvos    ( 1764): [37m[INFO] Change to Voltage: 1030 mV (0x25)[m
08-16 14:30:10.387 I/tvos    ( 1764): [37m[INFO] Change to Voltage: 1030 mV (0x22)[m
08-16 14:30:10.389 I/tvos    ( 1764): [37m[INFO] Change to Voltage: 1030 mV (0x22)[m
08-16 14:30:10.391 W/InputDispatcher( 2207): findTouchedWindow finished: injectionResult=0, injectionPermission=1, timeSpentWaitingForApplication=0.0ms
08-16 14:30:10.403 W/InputDispatcher( 2207): findTouchedWindow finished: injectionResult=0, injectionPermission=1, timeSpentWaitingForApplication=0.0ms
08-16 14:30:10.469 I/BrowseView(18809): --onItemClick position : 0
08-16 14:30:10.470 I/SoundPool( 2207): enter : func play
08-16 14:30:10.472 I/APM::AudioPolicyEngine( 1758): getDeviceForStrategy, 359
08-16 14:30:10.473 I/audio_hw_primary( 1758): version:a00004 adev_create_audio_patch::mix->device 
08-16 14:30:10.473 I/audio_hw_primary( 1758): adev_create_audio_patch *handle=-1420227928 num_audio_patch=3
08-16 14:30:10.476 E/AudioManagerService( 1803): setAudioVolume(callingPid 1758, clientPid 1758, enSoundPath 0, volumn:0 )
08-16 14:30:10.478 I/tvos    ( 1764): SetVolume, subWooExist 0!
08-16 14:30:10.478 I/tvos    ( 1764): mapi_audio_customer::SetAbsoluteVolume: project name is X440M
08-16 14:30:10.478 I/tvos    ( 1764): SetAbsoluteVolume: uPercent : 0, path=52(speaker), VolumeInt=7f, VolumeFra=0
08-16 14:30:10.478 I/tvos    ( 1764): SetAbsoluteVolume: uPercent(currVol) : 0, realPath=52(default), VolumeInt=7f, VolumeFra=0
08-16 14:30:10.478 I/tvos    ( 1764): mapi_audio_customer::SetAbsoluteVolume: project name is X440M
08-16 14:30:10.478 I/tvos    ( 1764): SetAbsoluteVolume: uPercent : 0, path=49(HP), VolumeInt=7f, VolumeFra=0
08-16 14:30:10.478 I/tvos    ( 1764): SetAbsoluteVolume: uPercent(currVol) : 0, realPath=49(default), VolumeInt=7f, VolumeFra=0
08-16 14:30:10.478 I/tvos    ( 1764): mapi_audio_customer::SetAbsoluteVolume: project name is X440M
08-16 14:30:10.478 I/tvos    ( 1764): SetAbsoluteVolume, m_bBTDetect is false! 
08-16 14:30:10.478 I/tvos    ( 1764): mapi_audio_customer::SetAbsoluteVolume: project name is X440M
08-16 14:30:10.478 I/tvos    ( 1764): SetAbsoluteVolume: uPercent : 0, path=255(speaker), VolumeInt=7f, VolumeFra=0
08-16 14:30:10.478 I/tvos    ( 1764): SetAbsoluteVolume: uPercent(currVol) : 0, realPath=255(default), VolumeInt=7f, VolumeFra=0
08-16 14:30:10.478 I/tvos    ( 1764): [SetMuteStatus] call SetSoundMuteStatus, line : 10369, muteType: 4, onOff : 0 
08-16 14:30:10.478 I/tvos    ( 1764): [audioBSP] #1 m_internalMute : 0 ..
08-16 14:30:10.478 I/tvos    ( 1764): #1|->SDK_bPermanentAudioMute:0<-|->SDK_bMomentAudioMute:0 <-|->SDK_bBySyncAudioMute:0<-|->SDK_bByBlockAudioMute:0<-|->SDK_bByVChipAudioMute:0<-|
08-16 14:30:10.478 I/tvos    ( 1764): #1|->SDK_bInternal1AudioMute:0<-|->SDK_bInternal2AudioMute:0<-|->SDK_bInternal3AudioMute:0<-|->SDK_bInternal4AudioMute:0<-|
08-16 14:30:10.478 I/tvos    ( 1764): #1|->SDK_bByScanInOutchgCHchg:0<-|->SDK_bByDuringLimitedTimeAudioMute:0<-|->SDK_bSourceSwitchAudioMute:0<-|
08-16 14:30:10.478 I/tvos    ( 1764): #1|->SDK_bMHEGApMute:0<-|->SDK_bAllAudioMuteCtrl:0<-|->SDK_bPowerOnMute:0<-|->SDK_bNullSourceMute0<-|->SDK_bSetInputSourceAudioMute:0<-|
08-16 14:30:10.478 I/tvos    ( 1764): [audioBSP] #2 m_spkrMute : 0 ..|->SDK_bUsrSpkrAudioMute:0<-|->SDK_bPowerOnMute:0<-|->SDK_bByUserAudioMute:0<-|
08-16 14:30:10.478 I/tvos    ( 1764): [audioBSP] #3 m_PcmCapture2Mute:0 |->SDK_bByUserPcmCapture2Mute:0<-|->SDK_SUB_bByUserAudioMute:0<-|->SDK_bByUserAudioMute:0<-|
08-16 14:30:10.478 I/tvos    ( 1764): [audioBSP] #5 m_hpMute : 1 ..|->SDK_bUsrHpAudioMute:1<-|->SDK_bPowerOnMute:0<-|->SDK_bByUserAudioMute:0<-|
08-16 14:30:10.478 I/tvos    ( 1764): [audioBSP] #12 m_spdifMute : 1 ..
08-16 14:30:10.478 I/tvos    ( 1764): #12|->SDK_bPermanentAudioMute:0<-|->SDK_bMomentAudioMute:0<-|->SDK_bByBlockAudioMute:0<-|
08-16 14:30:10.478 I/tvos    ( 1764): #12|->SDK_bByVChipAudioMute:0<-|->SDK_bInternal1AudioMute:0<-|->SDK_bInternal4AudioMute:0<-|
08-16 14:30:10.478 I/tvos    ( 1764): #12|->SDK_bByDuringLimitedTimeAudioMute:0<-|->SDK_bSourceSwitchAudioMute:0<-|->SDK_bMHEGApMute:0<-|
08-16 14:30:10.478 I/tvos    ( 1764): #12|->SDK_bPowerOnMute:0<-|->SDK_bUsrSpdifAudioMute:1<-|->SDK_bNullSourceMute:0<-|->SDK_bByAppMute:0<-|
08-16 14:30:10.478 I/tvos    ( 1764): ---Amplifier_ALC1310_LR_SWMute(0)
08-16 14:30:10.478 I/tvos    ( 1764): ALC1310 unmute good, addr: 0x13 readbackvalue: 4 
08-16 14:30:10.480 I/tvos    ( 1764): SetSoundMuteStatus : m_hpMute : 1, m_spdifMute : 1, m_DataInMute : 0, m_channel7Mute : 0, m_internalMute : 0, m_spkrMute : 0, m_PcmCapture1Mute : 0, m_PcmCapture2Mute : 0 
08-16 14:30:10.480 I/AudioUtil( 1758): setParameters spk_volume=0
08-16 14:30:10.480 I/audio_hw_primary( 1758): adev_set_parameters: spk_volume=0
08-16 14:30:10.481 I/tvos    ( 1764): GetAudioOutputDevice, retval : 0
08-16 14:30:10.481 I/tvos    ( 1764): [SetMuteStatus] call SetSoundMuteStatus, line : 10369, muteType: 67108864, onOff : 1 
08-16 14:30:10.482 I/tvos    ( 1764): _TransMSrvMuteTypeToSDKMuteType: Err! muteType(67108864) is out of Range
08-16 14:30:10.484 I/tvos    ( 1764): [SetMuteStatus] call SetSoundMuteStatus, line : 10369, muteType: 4, onOff : 1 
08-16 14:30:10.484 I/tvos    ( 1764): [audioBSP] #1 m_internalMute : 0 ..
08-16 14:30:10.484 I/tvos    ( 1764): #1|->SDK_bPermanentAudioMute:0<-|->SDK_bMomentAudioMute:0 <-|->SDK_bBySyncAudioMute:0<-|->SDK_bByBlockAudioMute:0<-|->SDK_bByVChipAudioMute:0<-|
08-16 14:30:10.484 I/tvos    ( 1764): #1|->SDK_bInternal1AudioMute:0<-|->SDK_bInternal2AudioMute:0<-|->SDK_bInternal3AudioMute:0<-|->SDK_bInternal4AudioMute:0<-|
08-16 14:30:10.484 I/tvos    ( 1764): #1|->SDK_bByScanInOutchgCHchg:0<-|->SDK_bByDuringLimitedTimeAudioMute:0<-|->SDK_bSourceSwitchAudioMute:0<-|
08-16 14:30:10.484 I/tvos    ( 1764): #1|->SDK_bMHEGApMute:0<-|->SDK_bAllAudioMuteCtrl:0<-|->SDK_bPowerOnMute:0<-|->SDK_bNullSourceMute0<-|->SDK_bSetInputSourceAudioMute:0<-|
08-16 14:30:10.484 I/tvos    ( 1764): [audioBSP] #2 m_spkrMute : 1 ..|->SDK_bUsrSpkrAudioMute:0<-|->SDK_bPowerOnMute:0<-|->SDK_bByUserAudioMute:1<-|
08-16 14:30:10.484 I/tvos    ( 1764): [audioBSP] #3 m_PcmCapture2Mute:1 |->SDK_bByUserPcmCapture2Mute:0<-|->SDK_SUB_bByUserAudioMute:0<-|->SDK_bByUserAudioMute:1<-|
08-16 14:30:10.484 I/tvos    ( 1764): [audioBSP] #5 m_hpMute : 1 ..|->SDK_bUsrHpAudioMute:1<-|->SDK_bPowerOnMute:0<-|->SDK_bByUserAudioMute:1<-|
08-16 14:30:10.484 I/tvos    ( 1764): [audioBSP] #12 m_spdifMute : 1 ..
08-16 14:30:10.484 I/tvos    ( 1764): #12|->SDK_bPermanentAudioMute:0<-|->SDK_bMomentAudioMute:0<-|->SDK_bByBlockAudioMute:0<-|
08-16 14:30:10.484 I/tvos    ( 1764): #12|->SDK_bByVChipAudioMute:0<-|->SDK_bInternal1AudioMute:0<-|->SDK_bInternal4AudioMute:0<-|
08-16 14:30:10.484 I/tvos    ( 1764): #12|->SDK_bByDuringLimitedTimeAudioMute:0<-|->SDK_bSourceSwitchAudioMute:0<-|->SDK_bMHEGApMute:0<-|
08-16 14:30:10.484 I/tvos    ( 1764): #12|->SDK_bPowerOnMute:0<-|->SDK_bUsrSpdifAudioMute:1<-|->SDK_bNullSourceMute:0<-|->SDK_bByAppMute:0<-|
08-16 14:30:10.484 I/tvos    ( 1764): ---Amplifier_ALC1310_LR_SWMute(1)
08-16 14:30:10.484 I/tvos    ( 1764): ALC1310 mute write good, addr: 0x13, readback data : 49164, write cmd times : 1
08-16 14:30:10.486 I/tvos    ( 1764): SetSoundMuteStatus : m_hpMute : 1, m_spdifMute : 1, m_DataInMute : 0, m_channel7Mute : 0, m_internalMute : 0, m_spkrMute : 1, m_PcmCapture1Mute : 0, m_PcmCapture2Mute : 1 
08-16 14:30:10.503 E/audio_hw_primary( 1758): out_get_presentation_position pcm_get_htimestamp(pcm, &avail, timestamp) != 0!!!
08-16 14:30:10.599 I/tvos    ( 1764): GetAudioOutputDevice, retval : 0
08-16 14:30:10.605 E/LetvRemoteupgradeManager-JNI( 2613): can't get LetvManager service!
08-16 14:30:10.850 I/tvos    ( 1764): GetAudioOutputDevice, retval : 0
08-16 14:30:11.005 I/APM::AudioPolicyEngine( 1758): getDeviceForStrategy, 359
08-16 14:30:11.100 I/tvos    ( 1764): GetAudioOutputDevice, retval : 0
08-16 14:30:11.351 I/tvos    ( 1764): GetAudioOutputDevice, retval : 0
08-16 14:30:11.408 I/remotestatus( 2207): Msg.what is 101
08-16 14:30:11.408 I/WindowManager( 2207): turn cursor off
08-16 14:30:11.408 E/RemoteManager( 2207): RemoteManager is no longer support in eui6.5
08-16 14:30:11.408 W/InputDispatcher( 2207): findFocusedWindow finished: injectionResult=0, timeSpentWaitingForApplication=0.0ms
08-16 14:30:11.409 E/InputManager-JNI( 2207): call nativeDisableCursor method with hideCursor
08-16 14:30:11.414 I/TVFeedback(18809): BaseActivity -- onFocus: isFocused = false
08-16 14:30:11.416 I/BrowseView(18809): onSideTabExpand false
08-16 14:30:11.417 I/BrowseView(18809): onSideTabExpand false
08-16 14:30:11.423 I/SoundPool(18809): enter : func play
08-16 14:30:11.428 W/AudioTrack(18809): AUDIO_OUTPUT_FLAG_FAST denied by client; transfer 4, track 44100 Hz, output 48000 Hz
08-16 14:30:11.430 I/APM::AudioPolicyEngine( 1758): getDeviceForStrategy, 359
08-16 14:30:11.437 I/audio_hw_primary( 1758): version:a00004 adev_create_audio_patch::mix->device 
08-16 14:30:11.437 I/audio_hw_primary( 1758): adev_create_audio_patch *handle=-1420227928 num_audio_patch=3
08-16 14:30:11.439 E/AudioManagerService( 1803): setAudioVolume(callingPid 1758, clientPid 1758, enSoundPath 0, volumn:0 )
08-16 14:30:11.441 I/tvos    ( 1764): SetVolume, subWooExist 0!
08-16 14:30:11.441 I/tvos    ( 1764): mapi_audio_customer::SetAbsoluteVolume: project name is X440M
08-16 14:30:11.441 I/tvos    ( 1764): SetAbsoluteVolume: uPercent : 0, path=52(speaker), VolumeInt=7f, VolumeFra=0
08-16 14:30:11.441 I/tvos    ( 1764): SetAbsoluteVolume: uPercent(currVol) : 0, realPath=52(default), VolumeInt=7f, VolumeFra=0
08-16 14:30:11.441 I/tvos    ( 1764): mapi_audio_customer::SetAbsoluteVolume: project name is X440M
08-16 14:30:11.441 I/tvos    ( 1764): SetAbsoluteVolume: uPercent : 0, path=49(HP), VolumeInt=7f, VolumeFra=0
08-16 14:30:11.441 I/tvos    ( 1764): SetAbsoluteVolume: uPercent(currVol) : 0, realPath=49(default), VolumeInt=7f, VolumeFra=0
08-16 14:30:11.441 I/tvos    ( 1764): mapi_audio_customer::SetAbsoluteVolume: project name is X440M
08-16 14:30:11.441 I/tvos    ( 1764): SetAbsoluteVolume, m_bBTDetect is false! 
08-16 14:30:11.441 I/tvos    ( 1764): mapi_audio_customer::SetAbsoluteVolume: project name is X440M
08-16 14:30:11.441 I/tvos    ( 1764): SetAbsoluteVolume: uPercent : 0, path=255(speaker), VolumeInt=7f, VolumeFra=0
08-16 14:30:11.441 I/tvos    ( 1764): SetAbsoluteVolume: uPercent(currVol) : 0, realPath=255(default), VolumeInt=7f, VolumeFra=0
08-16 14:30:11.441 I/tvos    ( 1764): [SetMuteStatus] call SetSoundMuteStatus, line : 10369, muteType: 4, onOff : 0 
08-16 14:30:11.441 I/tvos    ( 1764): [audioBSP] #1 m_internalMute : 0 ..
08-16 14:30:11.441 I/tvos    ( 1764): #1|->SDK_bPermanentAudioMute:0<-|->SDK_bMomentAudioMute:0 <-|->SDK_bBySyncAudioMute:0<-|->SDK_bByBlockAudioMute:0<-|->SDK_bByVChipAudioMute:0<-|
08-16 14:30:11.441 I/tvos    ( 1764): #1|->SDK_bInternal1AudioMute:0<-|->SDK_bInternal2AudioMute:0<-|->SDK_bInternal3AudioMute:0<-|->SDK_bInternal4AudioMute:0<-|
08-16 14:30:11.441 I/tvos    ( 1764): #1|->SDK_bByScanInOutchgCHchg:0<-|->SDK_bByDuringLimitedTimeAudioMute:0<-|->SDK_bSourceSwitchAudioMute:0<-|
08-16 14:30:11.441 I/tvos    ( 1764): #1|->SDK_bMHEGApMute:0<-|->SDK_bAllAudioMuteCtrl:0<-|->SDK_bPowerOnMute:0<-|->SDK_bNullSourceMute0<-|->SDK_bSetInputSourceAudioMute:0<-|
08-16 14:30:11.441 I/tvos    ( 1764): [audioBSP] #2 m_spkrMute : 0 ..|->SDK_bUsrSpkrAudioMute:0<-|->SDK_bPowerOnMute:0<-|->SDK_bByUserAudioMute:0<-|
08-16 14:30:11.441 I/tvos    ( 1764): [audioBSP] #3 m_PcmCapture2Mute:0 |->SDK_bByUserPcmCapture2Mute:0<-|->SDK_SUB_bByUserAudioMute:0<-|->SDK_bByUserAudioMute:0<-|
08-16 14:30:11.441 I/tvos    ( 1764): [audioBSP] #5 m_hpMute : 1 ..|->SDK_bUsrHpAudioMute:1<-|->SDK_bPowerOnMute:0<-|->SDK_bByUserAudioMute:0<-|
08-16 14:30:11.441 I/tvos    ( 1764): [audioBSP] #12 m_spdifMute : 1 ..
08-16 14:30:11.441 I/tvos    ( 1764): #12|->SDK_bPermanentAudioMute:0<-|->SDK_bMomentAudioMute:0<-|->SDK_bByBlockAudioMute:0<-|
08-16 14:30:11.441 I/tvos    ( 1764): #12|->SDK_bByVChipAudioMute:0<-|->SDK_bInternal1AudioMute:0<-|->SDK_bInternal4AudioMute:0<-|
08-16 14:30:11.441 I/tvos    ( 1764): #12|->SDK_bByDuringLimitedTimeAudioMute:0<-|->SDK_bSourceSwitchAudioMute:0<-|->SDK_bMHEGApMute:0<-|
08-16 14:30:11.442 I/tvos    ( 1764): #12|->SDK_bPowerOnMute:0<-|->SDK_bUsrSpdifAudioMute:1<-|->SDK_bNullSourceMute:0<-|->SDK_bByAppMute:0<-|
08-16 14:30:11.442 I/tvos    ( 1764): ---Amplifier_ALC1310_LR_SWMute(0)
08-16 14:30:11.442 I/tvos    ( 1764): ALC1310 unmute good, addr: 0x13 readbackvalue: 4 
08-16 14:30:11.444 I/tvos    ( 1764): SetSoundMuteStatus : m_hpMute : 1, m_spdifMute : 1, m_DataInMute : 0, m_channel7Mute : 0, m_internalMute : 0, m_spkrMute : 0, m_PcmCapture1Mute : 0, m_PcmCapture2Mute : 0 
08-16 14:30:11.444 I/AudioUtil( 1758): setParameters spk_volume=0
08-16 14:30:11.444 I/audio_hw_primary( 1758): adev_set_parameters: spk_volume=0
08-16 14:30:11.444 I/tvos    ( 1764): GetAudioOutputDevice, retval : 0
08-16 14:30:11.445 I/tvos    ( 1764): [SetMuteStatus] call SetSoundMuteStatus, line : 10369, muteType: 67108864, onOff : 1 
08-16 14:30:11.445 I/tvos    ( 1764): _TransMSrvMuteTypeToSDKMuteType: Err! muteType(67108864) is out of Range
08-16 14:30:11.447 I/tvos    ( 1764): [SetMuteStatus] call SetSoundMuteStatus, line : 10369, muteType: 4, onOff : 1 
08-16 14:30:11.447 I/tvos    ( 1764): [audioBSP] #1 m_internalMute : 0 ..
08-16 14:30:11.447 I/tvos    ( 1764): #1|->SDK_bPermanentAudioMute:0<-|->SDK_bMomentAudioMute:0 <-|->SDK_bBySyncAudioMute:0<-|->SDK_bByBlockAudioMute:0<-|->SDK_bByVChipAudioMute:0<-|
08-16 14:30:11.447 I/tvos    ( 1764): #1|->SDK_bInternal1AudioMute:0<-|->SDK_bInternal2AudioMute:0<-|->SDK_bInternal3AudioMute:0<-|->SDK_bInternal4AudioMute:0<-|
08-16 14:30:11.447 I/tvos    ( 1764): #1|->SDK_bByScanInOutchgCHchg:0<-|->SDK_bByDuringLimitedTimeAudioMute:0<-|->SDK_bSourceSwitchAudioMute:0<-|
08-16 14:30:11.447 I/tvos    ( 1764): #1|->SDK_bMHEGApMute:0<-|->SDK_bAllAudioMuteCtrl:0<-|->SDK_bPowerOnMute:0<-|->SDK_bNullSourceMute0<-|->SDK_bSetInputSourceAudioMute:0<-|
08-16 14:30:11.447 I/tvos    ( 1764): [audioBSP] #2 m_spkrMute : 1 ..|->SDK_bUsrSpkrAudioMute:0<-|->SDK_bPowerOnMute:0<-|->SDK_bByUserAudioMute:1<-|
08-16 14:30:11.447 I/tvos    ( 1764): [audioBSP] #3 m_PcmCapture2Mute:1 |->SDK_bByUserPcmCapture2Mute:0<-|->SDK_SUB_bByUserAudioMute:0<-|->SDK_bByUserAudioMute:1<-|
08-16 14:30:11.447 I/tvos    ( 1764): [audioBSP] #5 m_hpMute : 1 ..|->SDK_bUsrHpAudioMute:1<-|->SDK_bPowerOnMute:0<-|->SDK_bByUserAudioMute:1<-|
08-16 14:30:11.447 I/tvos    ( 1764): [audioBSP] #12 m_spdifMute : 1 ..
08-16 14:30:11.447 I/tvos    ( 1764): #12|->SDK_bPermanentAudioMute:0<-|->SDK_bMomentAudioMute:0<-|->SDK_bByBlockAudioMute:0<-|
08-16 14:30:11.447 I/tvos    ( 1764): #12|->SDK_bByVChipAudioMute:0<-|->SDK_bInternal1AudioMute:0<-|->SDK_bInternal4AudioMute:0<-|
08-16 14:30:11.447 I/tvos    ( 1764): #12|->SDK_bByDuringLimitedTimeAudioMute:0<-|->SDK_bSourceSwitchAudioMute:0<-|->SDK_bMHEGApMute:0<-|
08-16 14:30:11.447 I/tvos    ( 1764): #12|->SDK_bPowerOnMute:0<-|->SDK_bUsrSpdifAudioMute:1<-|->SDK_bNullSourceMute:0<-|->SDK_bByAppMute:0<-|
08-16 14:30:11.447 I/tvos    ( 1764): ---Amplifier_ALC1310_LR_SWMute(1)
08-16 14:30:11.447 I/tvos    ( 1764): ALC1310 mute write good, addr: 0x13, readback data : 49164, write cmd times : 1
08-16 14:30:11.449 I/tvos    ( 1764): SetSoundMuteStatus : m_hpMute : 1, m_spdifMute : 1, m_DataInMute : 0, m_channel7Mute : 0, m_internalMute : 0, m_spkrMute : 1, m_PcmCapture1Mute : 0, m_PcmCapture2Mute : 1 
08-16 14:30:11.465 I/art     (18900): Late-enabling -Xcheck:jni
08-16 14:30:11.466 I/ActivityManager( 2207): Start proc 18900:com.android.testing.dummyime/u0a93 for service com.android.testing.dummyime/.DummyIme
08-16 14:30:11.468 W/InputDispatcher( 2207): findFocusedWindow finished: injectionResult=0, timeSpentWaitingForApplication=0.0ms
08-16 14:30:11.475 I/BrowseView(18809): --onItemSelected i : 0
08-16 14:30:11.517 I/APM::AudioPolicyEngine( 1758): getDeviceForStrategy, 359
08-16 14:30:11.542 W/System  (18900): ClassLoader referenced unknown path: /data/app/com.android.testing.dummyime-2/lib/arm64
08-16 14:30:11.563 I/System.out(18900): From style:
08-16 14:30:11.563 I/System.out(18900): Attrs: 3010001=0.6 3010002=#0 3010003=null 3010004=true
08-16 14:30:11.601 I/tvos    ( 1764): GetAudioOutputDevice, retval : 0
08-16 14:30:11.851 I/tvos    ( 1764): GetAudioOutputDevice, retval : 0
08-16 14:30:12.102 I/tvos    ( 1764): GetAudioOutputDevice, retval : 0
08-16 14:30:12.249 I/remotestatus( 2207): Msg.what is 101
08-16 14:30:12.249 I/WindowManager( 2207): turn cursor off
08-16 14:30:12.249 E/RemoteManager( 2207): RemoteManager is no longer support in eui6.5
08-16 14:30:12.249 W/InputDispatcher( 2207): findFocusedWindow finished: injectionResult=0, timeSpentWaitingForApplication=0.0ms
08-16 14:30:12.249 E/InputManager-JNI( 2207): call nativeDisableCursor method with hideCursor
08-16 14:30:12.262 I/SoundPool( 2207): enter : func play
08-16 14:30:12.263 I/APM::AudioPolicyEngine( 1758): getDeviceForStrategy, 359
08-16 14:30:12.266 W/InputDispatcher( 2207): findFocusedWindow finished: injectionResult=0, timeSpentWaitingForApplication=0.0ms
08-16 14:30:12.269 I/audio_hw_primary( 1758): version:a00004 adev_create_audio_patch::mix->device 
08-16 14:30:12.269 I/audio_hw_primary( 1758): adev_create_audio_patch *handle=-1420227928 num_audio_patch=3
08-16 14:30:12.273 E/AudioManagerService( 1803): setAudioVolume(callingPid 1758, clientPid 1758, enSoundPath 0, volumn:0 )
08-16 14:30:12.276 I/tvos    ( 1764): SetVolume, subWooExist 0!
08-16 14:30:12.276 I/tvos    ( 1764): mapi_audio_customer::SetAbsoluteVolume: project name is X440M
08-16 14:30:12.276 I/tvos    ( 1764): SetAbsoluteVolume: uPercent : 0, path=52(speaker), VolumeInt=7f, VolumeFra=0
08-16 14:30:12.276 I/tvos    ( 1764): SetAbsoluteVolume: uPercent(currVol) : 0, realPath=52(default), VolumeInt=7f, VolumeFra=0
08-16 14:30:12.276 I/tvos    ( 1764): mapi_audio_customer::SetAbsoluteVolume: project name is X440M
08-16 14:30:12.276 I/tvos    ( 1764): SetAbsoluteVolume: uPercent : 0, path=49(HP), VolumeInt=7f, VolumeFra=0
08-16 14:30:12.276 I/tvos    ( 1764): SetAbsoluteVolume: uPercent(currVol) : 0, realPath=49(default), VolumeInt=7f, VolumeFra=0
08-16 14:30:12.276 I/tvos    ( 1764): mapi_audio_customer::SetAbsoluteVolume: project name is X440M
08-16 14:30:12.276 I/tvos    ( 1764): SetAbsoluteVolume, m_bBTDetect is false! 
08-16 14:30:12.276 I/tvos    ( 1764): mapi_audio_customer::SetAbsoluteVolume: project name is X440M
08-16 14:30:12.276 I/tvos    ( 1764): SetAbsoluteVolume: uPercent : 0, path=255(speaker), VolumeInt=7f, VolumeFra=0
08-16 14:30:12.276 I/tvos    ( 1764): SetAbsoluteVolume: uPercent(currVol) : 0, realPath=255(default), VolumeInt=7f, VolumeFra=0
08-16 14:30:12.276 I/tvos    ( 1764): [SetMuteStatus] call SetSoundMuteStatus, line : 10369, muteType: 4, onOff : 0 
08-16 14:30:12.276 I/tvos    ( 1764): [audioBSP] #1 m_internalMute : 0 ..
08-16 14:30:12.276 I/tvos    ( 1764): #1|->SDK_bPermanentAudioMute:0<-|->SDK_bMomentAudioMute:0 <-|->SDK_bBySyncAudioMute:0<-|->SDK_bByBlockAudioMute:0<-|->SDK_bByVChipAudioMute:0<-|
08-16 14:30:12.276 I/tvos    ( 1764): #1|->SDK_bInternal1AudioMute:0<-|->SDK_bInternal2AudioMute:0<-|->SDK_bInternal3AudioMute:0<-|->SDK_bInternal4AudioMute:0<-|
08-16 14:30:12.276 I/tvos    ( 1764): #1|->SDK_bByScanInOutchgCHchg:0<-|->SDK_bByDuringLimitedTimeAudioMute:0<-|->SDK_bSourceSwitchAudioMute:0<-|
08-16 14:30:12.276 I/tvos    ( 1764): #1|->SDK_bMHEGApMute:0<-|->SDK_bAllAudioMuteCtrl:0<-|->SDK_bPowerOnMute:0<-|->SDK_bNullSourceMute0<-|->SDK_bSetInputSourceAudioMute:0<-|
08-16 14:30:12.276 I/tvos    ( 1764): [audioBSP] #2 m_spkrMute : 0 ..|->SDK_bUsrSpkrAudioMute:0<-|->SDK_bPowerOnMute:0<-|->SDK_bByUserAudioMute:0<-|
08-16 14:30:12.276 I/tvos    ( 1764): [audioBSP] #3 m_PcmCapture2Mute:0 |->SDK_bByUserPcmCapture2Mute:0<-|->SDK_SUB_bByUserAudioMute:0<-|->SDK_bByUserAudioMute:0<-|
08-16 14:30:12.276 I/tvos    ( 1764): [audioBSP] #5 m_hpMute : 1 ..|->SDK_bUsrHpAudioMute:1<-|->SDK_bPowerOnMute:0<-|->SDK_bByUserAudioMute:0<-|
08-16 14:30:12.276 I/tvos    ( 1764): [audioBSP] #12 m_spdifMute : 1 ..
08-16 14:30:12.276 I/tvos    ( 1764): #12|->SDK_bPermanentAudioMute:0<-|->SDK_bMomentAudioMute:0<-|->SDK_bByBlockAudioMute:0<-|
08-16 14:30:12.276 I/tvos    ( 1764): #12|->SDK_bByVChipAudioMute:0<-|->SDK_bInternal1AudioMute:0<-|->SDK_bInternal4AudioMute:0<-|
08-16 14:30:12.276 I/tvos    ( 1764): #12|->SDK_bByDuringLimitedTimeAudioMute:0<-|->SDK_bSourceSwitchAudioMute:0<-|->SDK_bMHEGApMute:0<-|
08-16 14:30:12.276 I/tvos    ( 1764): #12|->SDK_bPowerOnMute:0<-|->SDK_bUsrSpdifAudioMute:1<-|->SDK_bNullSourceMute:0<-|->SDK_bByAppMute:0<-|
08-16 14:30:12.276 I/tvos    ( 1764): ---Amplifier_ALC1310_LR_SWMute(0)
08-16 14:30:12.276 I/tvos    ( 1764): ALC1310 unmute good, addr: 0x13 readbackvalue: 4 
08-16 14:30:12.278 I/tvos    ( 1764): SetSoundMuteStatus : m_hpMute : 1, m_spdifMute : 1, m_DataInMute : 0, m_channel7Mute : 0, m_internalMute : 0, m_spkrMute : 0, m_PcmCapture1Mute : 0, m_PcmCapture2Mute : 0 
08-16 14:30:12.278 I/AudioUtil( 1758): setParameters spk_volume=0
08-16 14:30:12.278 I/audio_hw_primary( 1758): adev_set_parameters: spk_volume=0
08-16 14:30:12.282 I/tvos    ( 1764): GetAudioOutputDevice, retval : 0
08-16 14:30:12.282 I/tvos    ( 1764): [SetMuteStatus] call SetSoundMuteStatus, line : 10369, muteType: 67108864, onOff : 1 
08-16 14:30:12.282 I/tvos    ( 1764): _TransMSrvMuteTypeToSDKMuteType: Err! muteType(67108864) is out of Range
08-16 14:30:12.282 I/tvos    ( 1764): [SetMuteStatus] call SetSoundMuteStatus, line : 10369, muteType: 4, onOff : 1 
08-16 14:30:12.282 I/tvos    ( 1764): [audioBSP] #1 m_internalMute : 0 ..
08-16 14:30:12.282 I/tvos    ( 1764): #1|->SDK_bPermanentAudioMute:0<-|->SDK_bMomentAudioMute:0 <-|->SDK_bBySyncAudioMute:0<-|->SDK_bByBlockAudioMute:0<-|->SDK_bByVChipAudioMute:0<-|
08-16 14:30:12.282 I/tvos    ( 1764): #1|->SDK_bInternal1AudioMute:0<-|->SDK_bInternal2AudioMute:0<-|->SDK_bInternal3AudioMute:0<-|->SDK_bInternal4AudioMute:0<-|
08-16 14:30:12.282 I/tvos    ( 1764): #1|->SDK_bByScanInOutchgCHchg:0<-|->SDK_bByDuringLimitedTimeAudioMute:0<-|->SDK_bSourceSwitchAudioMute:0<-|
08-16 14:30:12.282 I/tvos    ( 1764): #1|->SDK_bMHEGApMute:0<-|->SDK_bAllAudioMuteCtrl:0<-|->SDK_bPowerOnMute:0<-|->SDK_bNullSourceMute0<-|->SDK_bSetInputSourceAudioMute:0<-|
08-16 14:30:12.282 I/tvos    ( 1764): [audioBSP] #2 m_spkrMute : 1 ..|->SDK_bUsrSpkrAudioMute:0<-|->SDK_bPowerOnMute:0<-|->SDK_bByUserAudioMute:1<-|
08-16 14:30:12.282 I/tvos    ( 1764): [audioBSP] #3 m_PcmCapture2Mute:1 |->SDK_bByUserPcmCapture2Mute:0<-|->SDK_SUB_bByUserAudioMute:0<-|->SDK_bByUserAudioMute:1<-|
08-16 14:30:12.282 I/tvos    ( 1764): [audioBSP] #5 m_hpMute : 1 ..|->SDK_bUsrHpAudioMute:1<-|->SDK_bPowerOnMute:0<-|->SDK_bByUserAudioMute:1<-|
08-16 14:30:12.282 I/tvos    ( 1764): [audioBSP] #12 m_spdifMute : 1 ..
08-16 14:30:12.282 I/tvos    ( 1764): #12|->SDK_bPermanentAudioMute:0<-|->SDK_bMomentAudioMute:0<-|->SDK_bByBlockAudioMute:0<-|
08-16 14:30:12.282 I/tvos    ( 1764): #12|->SDK_bByVChipAudioMute:0<-|->SDK_bInternal1AudioMute:0<-|->SDK_bInternal4AudioMute:0<-|
08-16 14:30:12.282 I/tvos    ( 1764): #12|->SDK_bByDuringLimitedTimeAudioMute:0<-|->SDK_bSourceSwitchAudioMute:0<-|->SDK_bMHEGApMute:0<-|
08-16 14:30:12.282 I/tvos    ( 1764): #12|->SDK_bPowerOnMute:0<-|->SDK_bUsrSpdifAudioMute:1<-|->SDK_bNullSourceMute:0<-|->SDK_bByAppMute:0<-|
08-16 14:30:12.282 I/tvos    ( 1764): ---Amplifier_ALC1310_LR_SWMute(1)
08-16 14:30:12.282 I/tvos    ( 1764): ALC1310 mute write good, addr: 0x13, readback data : 49164, write cmd times : 1
08-16 14:30:12.284 I/tvos    ( 1764): SetSoundMuteStatus : m_hpMute : 1, m_spdifMute : 1, m_DataInMute : 0, m_channel7Mute : 0, m_internalMute : 0, m_spkrMute : 1, m_PcmCapture1Mute : 0, m_PcmCapture2Mute : 1 
08-16 14:30:12.349 I/APM::AudioPolicyEngine( 1758): getDeviceForStrategy, 359
08-16 14:30:12.352 I/tvos    ( 1764): GetAudioOutputDevice, retval : 0
08-16 14:30:12.603 I/tvos    ( 1764): GetAudioOutputDevice, retval : 0
08-16 14:30:12.853 I/tvos    ( 1764): GetAudioOutputDevice, retval : 0
08-16 14:30:13.104 I/tvos    ( 1764): GetAudioOutputDevice, retval : 0
08-16 14:30:13.354 I/tvos    ( 1764): GetAudioOutputDevice, retval : 0
08-16 14:30:13.605 I/tvos    ( 1764): GetAudioOutputDevice, retval : 0
08-16 14:30:13.605 E/LetvRemoteupgradeManager-JNI( 2613): can't get LetvManager service!
08-16 14:30:13.855 I/tvos    ( 1764): GetAudioOutputDevice, retval : 0
08-16 14:30:14.105 I/tvos    ( 1764): GetAudioOutputDevice, retval : 0
08-16 14:30:14.356 I/tvos    ( 1764): GetAudioOutputDevice, retval : 0
08-16 14:30:14.606 I/tvos    ( 1764): GetAudioOutputDevice, retval : 0
08-16 14:30:14.802 I/remotestatus( 2207): Msg.what is 101
08-16 14:30:14.802 I/WindowManager( 2207): turn cursor off
08-16 14:30:14.802 E/RemoteManager( 2207): RemoteManager is no longer support in eui6.5
08-16 14:30:14.802 W/InputDispatcher( 2207): findFocusedWindow finished: injectionResult=0, timeSpentWaitingForApplication=0.0ms
08-16 14:30:14.803 E/InputManager-JNI( 2207): call nativeDisableCursor method with hideCursor
08-16 14:30:14.805 I/TVFeedback(18809): AddReportFragment -- current mView is = android.widget.LinearLayout{e69a9df VFE...C.. .F....ID 0,922-1770,963 #7f090016 app:id/user_exp_program}
08-16 14:30:14.809 I/SoundPool(18809): enter : func play
08-16 14:30:14.810 I/APM::AudioPolicyEngine( 1758): getDeviceForStrategy, 359
08-16 14:30:14.814 I/audio_hw_primary( 1758): version:a00004 adev_create_audio_patch::mix->device 
08-16 14:30:14.814 I/audio_hw_primary( 1758): adev_create_audio_patch *handle=-1420227928 num_audio_patch=3
08-16 14:30:14.816 E/AudioManagerService( 1803): setAudioVolume(callingPid 1758, clientPid 1758, enSoundPath 0, volumn:0 )
08-16 14:30:14.819 I/tvos    ( 1764): SetVolume, subWooExist 0!
08-16 14:30:14.819 I/tvos    ( 1764): mapi_audio_customer::SetAbsoluteVolume: project name is X440M
08-16 14:30:14.819 I/tvos    ( 1764): SetAbsoluteVolume: uPercent : 0, path=52(speaker), VolumeInt=7f, VolumeFra=0
08-16 14:30:14.819 I/tvos    ( 1764): SetAbsoluteVolume: uPercent(currVol) : 0, realPath=52(default), VolumeInt=7f, VolumeFra=0
08-16 14:30:14.819 I/tvos    ( 1764): mapi_audio_customer::SetAbsoluteVolume: project name is X440M
08-16 14:30:14.819 I/tvos    ( 1764): SetAbsoluteVolume: uPercent : 0, path=49(HP), VolumeInt=7f, VolumeFra=0
08-16 14:30:14.819 I/tvos    ( 1764): SetAbsoluteVolume: uPercent(currVol) : 0, realPath=49(default), VolumeInt=7f, VolumeFra=0
08-16 14:30:14.819 I/tvos    ( 1764): mapi_audio_customer::SetAbsoluteVolume: project name is X440M
08-16 14:30:14.819 I/tvos    ( 1764): SetAbsoluteVolume, m_bBTDetect is false! 
08-16 14:30:14.819 I/tvos    ( 1764): mapi_audio_customer::SetAbsoluteVolume: project name is X440M
08-16 14:30:14.819 I/tvos    ( 1764): SetAbsoluteVolume: uPercent : 0, path=255(speaker), VolumeInt=7f, VolumeFra=0
08-16 14:30:14.819 I/tvos    ( 1764): SetAbsoluteVolume: uPercent(currVol) : 0, realPath=255(default), VolumeInt=7f, VolumeFra=0
08-16 14:30:14.819 I/tvos    ( 1764): [SetMuteStatus] call SetSoundMuteStatus, line : 10369, muteType: 4, onOff : 0 
08-16 14:30:14.819 I/tvos    ( 1764): [audioBSP] #1 m_internalMute : 0 ..
08-16 14:30:14.819 I/tvos    ( 1764): #1|->SDK_bPermanentAudioMute:0<-|->SDK_bMomentAudioMute:0 <-|->SDK_bBySyncAudioMute:0<-|->SDK_bByBlockAudioMute:0<-|->SDK_bByVChipAudioMute:0<-|
08-16 14:30:14.819 I/tvos    ( 1764): #1|->SDK_bInternal1AudioMute:0<-|->SDK_bInternal2AudioMute:0<-|->SDK_bInternal3AudioMute:0<-|->SDK_bInternal4AudioMute:0<-|
08-16 14:30:14.819 I/tvos    ( 1764): #1|->SDK_bByScanInOutchgCHchg:0<-|->SDK_bByDuringLimitedTimeAudioMute:0<-|->SDK_bSourceSwitchAudioMute:0<-|
08-16 14:30:14.819 I/tvos    ( 1764): #1|->SDK_bMHEGApMute:0<-|->SDK_bAllAudioMuteCtrl:0<-|->SDK_bPowerOnMute:0<-|->SDK_bNullSourceMute0<-|->SDK_bSetInputSourceAudioMute:0<-|
08-16 14:30:14.819 I/tvos    ( 1764): [audioBSP] #2 m_spkrMute : 0 ..|->SDK_bUsrSpkrAudioMute:0<-|->SDK_bPowerOnMute:0<-|->SDK_bByUserAudioMute:0<-|
08-16 14:30:14.819 I/tvos    ( 1764): [audioBSP] #3 m_PcmCapture2Mute:0 |->SDK_bByUserPcmCapture2Mute:0<-|->SDK_SUB_bByUserAudioMute:0<-|->SDK_bByUserAudioMute:0<-|
08-16 14:30:14.819 I/tvos    ( 1764): [audioBSP] #5 m_hpMute : 1 ..|->SDK_bUsrHpAudioMute:1<-|->SDK_bPowerOnMute:0<-|->SDK_bByUserAudioMute:0<-|
08-16 14:30:14.819 I/tvos    ( 1764): [audioBSP] #12 m_spdifMute : 1 ..
08-16 14:30:14.819 I/tvos    ( 1764): #12|->SDK_bPermanentAudioMute:0<-|->SDK_bMomentAudioMute:0<-|->SDK_bByBlockAudioMute:0<-|
08-16 14:30:14.819 I/tvos    ( 1764): #12|->SDK_bByVChipAudioMute:0<-|->SDK_bInternal1AudioMute:0<-|->SDK_bInternal4AudioMute:0<-|
08-16 14:30:14.819 I/tvos    ( 1764): #12|->SDK_bByDuringLimitedTimeAudioMute:0<-|->SDK_bSourceSwitchAudioMute:0<-|->SDK_bMHEGApMute:0<-|
08-16 14:30:14.819 I/tvos    ( 1764): #12|->SDK_bPowerOnMute:0<-|->SDK_bUsrSpdifAudioMute:1<-|->SDK_bNullSourceMute:0<-|->SDK_bByAppMute:0<-|
08-16 14:30:14.819 I/tvos    ( 1764): ---Amplifier_ALC1310_LR_SWMute(0)
08-16 14:30:14.819 I/tvos    ( 1764): ALC1310 unmute good, addr: 0x13 readbackvalue: 4 
08-16 14:30:14.821 I/tvos    ( 1764): SetSoundMuteStatus : m_hpMute : 1, m_spdifMute : 1, m_DataInMute : 0, m_channel7Mute : 0, m_internalMute : 0, m_spkrMute : 0, m_PcmCapture1Mute : 0, m_PcmCapture2Mute : 0 
08-16 14:30:14.821 I/AudioUtil( 1758): setParameters spk_volume=0
08-16 14:30:14.821 I/audio_hw_primary( 1758): adev_set_parameters: spk_volume=0
08-16 14:30:14.822 I/tvos    ( 1764): GetAudioOutputDevice, retval : 0
08-16 14:30:14.822 I/tvos    ( 1764): [SetMuteStatus] call SetSoundMuteStatus, line : 10369, muteType: 67108864, onOff : 1 
08-16 14:30:14.822 I/tvos    ( 1764): _TransMSrvMuteTypeToSDKMuteType: Err! muteType(67108864) is out of Range
