--------- beginning of main
08-16 14:29:53.318 I/tvos    ( 1764): GetAudioOutputDevice, retval : 0
08-16 14:29:53.569 I/tvos    ( 1764): GetAudioOutputDevice, retval : 0
08-16 14:29:53.819 I/tvos    ( 1764): GetAudioOutputDevice, retval : 0
08-16 14:29:53.887 I/tvos    ( 1764): [37m[INFO] Change to Voltage: 1150 mV (0x22)[m
08-16 14:29:53.887 I/tvos    ( 1764): [37m[INFO] Change to Voltage: 1150 mV (0x25)[m
08-16 14:29:53.887 I/tvos    ( 1764): [37m[INFO] Change to Voltage: 1150 mV (0x28)[m
08-16 14:29:53.887 I/tvos    ( 1764): [37m[INFO] Change to Voltage: 1150 mV (0x2B)[m
08-16 14:29:53.887 I/tvos    ( 1764): [37m[INFO] Change to Voltage: 1150 mV (0x2E)[m
08-16 14:29:53.887 I/tvos    ( 1764): [37m[INFO] Change to Voltage: 1150 mV (0x2E)[m
08-16 14:29:54.069 I/tvos    ( 1764): GetAudioOutputDevice, retval : 0
08-16 14:29:54.155 I/WifiStateMachine( 2207):  DisconnectedState !SCAN_RESULTS_EVENT  rt=511860588/511860588 0 0 found=157 known=0 got=157 bcn=0 con=0
08-16 14:29:54.155 I/WifiStateMachine( 2207):  ConnectModeState !SCAN_RESULTS_EVENT  rt=511860588/511860588 0 0 found=157 known=0 got=157 bcn=0 con=0
08-16 14:29:54.156 I/WifiStateMachine( 2207):  DriverStartedState !SCAN_RESULTS_EVENT  rt=511860589/511860589 0 0 found=157 known=0 got=157 bcn=0 con=0
08-16 14:29:54.156 I/WifiStateMachine( 2207):  SupplicantStartedState !SCAN_RESULTS_EVENT  rt=511860589/511860589 0 0 found=157 known=0 got=157 bcn=0 con=0
08-16 14:29:54.217 I/WifiStateMachine( 2207): setscanresults newsupplicantresult
08-16 14:29:54.285 I/tvos    ( 1764): [37m[INFO] Change to Voltage: 1030 mV (0x2E)[m
08-16 14:29:54.285 I/tvos    ( 1764): [37m[INFO] Change to Voltage: 1030 mV (0x2B)[m
08-16 14:29:54.287 I/tvos    ( 1764): [37m[INFO] Change to Voltage: 1030 mV (0x28)[m
08-16 14:29:54.287 I/tvos    ( 1764): [37m[INFO] Change to Voltage: 1030 mV (0x25)[m
08-16 14:29:54.287 I/tvos    ( 1764): [37m[INFO] Change to Voltage: 1030 mV (0x22)[m
08-16 14:29:54.289 I/tvos    ( 1764): [37m[INFO] Change to Voltage: 1030 mV (0x22)[m
08-16 14:29:54.320 I/tvos    ( 1764): GetAudioOutputDevice, retval : 0
08-16 14:29:54.465 I/Radio-JNI(18738): register_android_hardware_Radio DONE
--------- beginning of system
08-16 14:29:54.493 I/ActivityManager( 2207): Force stopping com.le.tcauto.uitest appid=10097 user=0: start instr
08-16 14:29:54.505 I/art     (18750): Late-enabling -Xcheck:jni
08-16 14:29:54.506 I/ActivityManager( 2207): Start proc 18750:com.le.tcauto.uitest/u0a97 for added application com.le.tcauto.uitest
08-16 14:29:54.559 W/System  (18750): ClassLoader referenced unknown path: /data/app/com.le.tcauto.uitest.test-1/lib/arm64
08-16 14:29:54.559 W/System  (18750): ClassLoader referenced unknown path: /data/app/com.le.tcauto.uitest-1/lib/arm64
08-16 14:29:54.571 I/tvos    ( 1764): GetAudioOutputDevice, retval : 0
08-16 14:29:54.576 I/MonitoringInstrumentation(18750): Instrumentation Started!
08-16 14:29:54.577 I/MonitoringInstrumentation(18750): Setting context classloader to 'dalvik.system.PathClassLoader[DexPathList[[zip file "/system/framework/android.test.runner.jar", zip file "/data/app/com.le.tcauto.uitest.test-1/base.apk", zip file "/data/app/com.le.tcauto.uitest-1/base.apk"],nativeLibraryDirectories=[/data/app/com.le.tcauto.uitest.test-1/lib/arm64, /data/app/com.le.tcauto.uitest-1/lib/arm64, /vendor/lib64, /system/lib64]]]', Original: 'dalvik.system.PathClassLoader[DexPathList[[zip file "/system/framework/android.test.runner.jar", zip file "/data/app/com.le.tcauto.uitest.test-1/base.apk", zip file "/data/app/com.le.tcauto.uitest-1/base.apk"],nativeLibraryDirectories=[/data/app/com.le.tcauto.uitest.test-1/lib/arm64, /data/app/com.le.tcauto.uitest-1/lib/arm64, /vendor/lib64, /system/lib64]]]'
08-16 14:29:54.581 I/MonitoringInstrumentation(18750): No JSBridge.
08-16 14:29:54.581 I/MonitoringInstrumentation(18750): java.lang.ClassNotFoundException: android.support.test.espresso.web.bridge.JavaScriptBridge
08-16 14:29:54.581 I/MonitoringInstrumentation(18750): 	at java.lang.Class.classForName(Native Method)
08-16 14:29:54.581 I/MonitoringInstrumentation(18750): 	at java.lang.Class.forName(Class.java:324)
08-16 14:29:54.581 I/MonitoringInstrumentation(18750): 	at java.lang.Class.forName(Class.java:285)
08-16 14:29:54.581 I/MonitoringInstrumentation(18750): 	at android.support.test.runner.MonitoringInstrumentation.tryLoadingJsBridge(MonitoringInstrumentation.java:612)
08-16 14:29:54.581 I/MonitoringInstrumentation(18750): 	at android.support.test.runner.MonitoringInstrumentation.access$100(MonitoringInstrumentation.java:88)
08-16 14:29:54.581 I/MonitoringInstrumentation(18750): 	at android.support.test.runner.MonitoringInstrumentation$3.run(MonitoringInstrumentation.java:223)
08-16 14:29:54.581 I/MonitoringInstrumentation(18750): 	at android.app.Instrumentation$SyncRunnable.run(Instrumentation.java:1897)
08-16 14:29:54.581 I/MonitoringInstrumentation(18750): 	at android.os.Handler.handleCallback(Handler.java:739)
08-16 14:29:54.581 I/MonitoringInstrumentation(18750): 	at android.os.Handler.dispatchMessage(Handler.java:95)
08-16 14:29:54.581 I/MonitoringInstrumentation(18750): 	at android.os.Looper.loop(Looper.java:148)
08-16 14:29:54.581 I/MonitoringInstrumentation(18750): 	at android.app.ActivityThread.main(ActivityThread.java:5423)
08-16 14:29:54.581 I/MonitoringInstrumentation(18750): 	at java.lang.reflect.Method.invoke(Native Method)
08-16 14:29:54.581 I/MonitoringInstrumentation(18750): 	at com.android.internal.os.ZygoteInit$MethodAndArgsCaller.run(ZygoteInit.java:744)
08-16 14:29:54.581 I/MonitoringInstrumentation(18750): 	at com.android.internal.os.ZygoteInit.main(ZygoteInit.java:634)
08-16 14:29:54.581 I/MonitoringInstrumentation(18750): Caused by: java.lang.ClassNotFoundException: Didn't find class "android.support.test.espresso.web.bridge.JavaScriptBridge" on path: DexPathList[[zip file "/system/framework/android.test.runner.jar", zip file "/data/app/com.le.tcauto.uitest.test-1/base.apk", zip file "/data/app/com.le.tcauto.uitest-1/base.apk"],nativeLibraryDirectories=[/data/app/com.le.tcauto.uitest.test-1/lib/arm64, /data/app/com.le.tcauto.uitest-1/lib/arm64, /vendor/lib64, /system/lib64]]
08-16 14:29:54.581 I/MonitoringInstrumentation(18750): 	at dalvik.system.BaseDexClassLoader.findClass(BaseDexClassLoader.java:56)
08-16 14:29:54.581 I/MonitoringInstrumentation(18750): 	at java.lang.ClassLoader.loadClass(ClassLoader.java:511)
08-16 14:29:54.581 I/MonitoringInstrumentation(18750): 	at java.lang.ClassLoader.loadClass(ClassLoader.java:469)
08-16 14:29:54.581 I/MonitoringInstrumentation(18750): 	... 14 more
08-16 14:29:54.581 I/MonitoringInstrumentation(18750): 	Suppressed: java.lang.ClassNotFoundException: android.support.test.espresso.web.bridge.JavaScriptBridge
08-16 14:29:54.581 I/MonitoringInstrumentation(18750): 		at java.lang.Class.classForName(Native Method)
08-16 14:29:54.581 I/MonitoringInstrumentation(18750): 		at java.lang.BootClassLoader.findClass(ClassLoader.java:781)
08-16 14:29:54.581 I/MonitoringInstrumentation(18750): 		at java.lang.BootClassLoader.loadClass(ClassLoader.java:841)
08-16 14:29:54.581 I/MonitoringInstrumentation(18750): 		at java.lang.ClassLoader.loadClass(ClassLoader.java:504)
08-16 14:29:54.581 I/MonitoringInstrumentation(18750): 		... 15 more
08-16 14:29:54.581 I/MonitoringInstrumentation(18750): 	Caused by: java.lang.NoClassDefFoundError: Class not found using the boot class loader; no stack trace available
08-16 14:29:54.613 I/TestRunner(18750): run started: 1 tests
08-16 14:29:54.616 I/TestRunner(18750): started: testFeedbackSubmitQuestion(com.letv.cases.leui.SmokeFeedback)
08-16 14:29:54.620 I/MonitoringInstrumentation(18750): Activities that are still in CREATED to STOPPED: 0
08-16 14:29:54.637 I/LetvTestCase(18750): =====================case start time is :2018-8-16-2-29-54
08-16 14:29:54.648 I/System.out(18750): The folder /sdcard/AutoSmoke_UI30/testFeedbackSubmitQuestion_20180816_142948 has existed!
08-16 14:29:54.648 I/System.out(18750): current_case_root_folder=testFeedbackSubmitQuestion_20180816_142948
08-16 14:29:54.687 I/tvos    ( 1764): [37m[INFO] Change to Voltage: 1150 mV (0x22)[m
08-16 14:29:54.687 I/tvos    ( 1764): [37m[INFO] Change to Voltage: 1150 mV (0x25)[m
08-16 14:29:54.687 I/tvos    ( 1764): [37m[INFO] Change to Voltage: 1150 mV (0x28)[m
08-16 14:29:54.687 I/tvos    ( 1764): [37m[INFO] Change to Voltage: 1150 mV (0x2B)[m
08-16 14:29:54.687 I/tvos    ( 1764): [37m[INFO] Change to Voltage: 1150 mV (0x2E)[m
08-16 14:29:54.687 I/tvos    ( 1764): [37m[INFO] Change to Voltage: 1150 mV (0x2E)[m
08-16 14:29:54.821 I/tvos    ( 1764): GetAudioOutputDevice, retval : 0
08-16 14:29:55.071 I/tvos    ( 1764): GetAudioOutputDevice, retval : 0
08-16 14:29:55.138 W/InputDispatcher( 2207): findFocusedWindow finished: injectionResult=0, timeSpentWaitingForApplication=0.0ms
08-16 14:29:55.144 W/InputDispatcher( 2207): findFocusedWindow finished: injectionResult=0, timeSpentWaitingForApplication=0.0ms
08-16 14:29:55.186 I/tvos    ( 1764): [37m[INFO] Change to Voltage: 1030 mV (0x2E)[m
08-16 14:29:55.186 I/tvos    ( 1764): [37m[INFO] Change to Voltage: 1030 mV (0x2B)[m
08-16 14:29:55.186 I/tvos    ( 1764): [37m[INFO] Change to Voltage: 1030 mV (0x28)[m
08-16 14:29:55.186 I/tvos    ( 1764): [37m[INFO] Change to Voltage: 1030 mV (0x25)[m
08-16 14:29:55.187 I/tvos    ( 1764): [37m[INFO] Change to Voltage: 1030 mV (0x22)[m
08-16 14:29:55.187 I/tvos    ( 1764): [37m[INFO] Change to Voltage: 1030 mV (0x22)[m
08-16 14:29:55.322 I/tvos    ( 1764): GetAudioOutputDevice, retval : 0
08-16 14:29:55.572 I/tvos    ( 1764): GetAudioOutputDevice, retval : 0
08-16 14:29:55.603 E/LetvRemoteupgradeManager-JNI( 2613): can't get LetvManager service!
08-16 14:29:55.823 I/tvos    ( 1764): GetAudioOutputDevice, retval : 0
08-16 14:29:55.976 W/InputDispatcher( 2207): findFocusedWindow finished: injectionResult=0, timeSpentWaitingForApplication=0.0ms
08-16 14:29:55.976 I/remotestatus( 2207): Msg.what is 101
08-16 14:29:55.976 I/AppPlugin( 3007): AppFragment -- onFocusRequested requestDirection = 18
08-16 14:29:55.976 I/WindowManager( 2207): turn cursor off
08-16 14:29:55.976 E/RemoteManager( 2207): RemoteManager is no longer support in eui6.5
08-16 14:29:55.976 I/AppPlugin( 3007): AppRecyclerView --  onFocus mFocusedView = null direction = 130
08-16 14:29:55.976 I/AppPlugin( 3007): AppRecyclerView -- onFocus mFocusedView = com.stv.plugin.app.widget.RecommPosterCellView{354fae1 VFE...C.. ........ 0,0-312,416 #7f0a001e app:id/item_01}
08-16 14:29:55.977 E/InputManager-JNI( 2207): call nativeDisableCursor method with hideCursor
08-16 14:29:55.977 I/GlobalFocusChangedListe( 3007): com.stv.plugin.app.widget.RecommPosterCellView
08-16 14:29:55.984 I/SoundPool( 3007): enter : func play
08-16 14:29:55.984 I/APM::AudioPolicyEngine( 1758): getDeviceForStrategy, 359
08-16 14:29:55.985 I/audio_hw_primary( 1758): version:a00004 adev_create_audio_patch::mix->device 
08-16 14:29:55.985 I/audio_hw_primary( 1758): adev_create_audio_patch *handle=-1420227928 num_audio_patch=3
08-16 14:29:55.986 E/AudioManagerService( 1803): setAudioVolume(callingPid 1758, clientPid 1758, enSoundPath 0, volumn:0 )
08-16 14:29:55.989 I/tvos    ( 1764): SetVolume, subWooExist 0!
08-16 14:29:55.989 I/tvos    ( 1764): mapi_audio_customer::SetAbsoluteVolume: project name is X440M
08-16 14:29:55.989 I/tvos    ( 1764): SetAbsoluteVolume: uPercent : 0, path=52(speaker), VolumeInt=7f, VolumeFra=0
08-16 14:29:55.989 I/tvos    ( 1764): SetAbsoluteVolume: uPercent(currVol) : 0, realPath=52(default), VolumeInt=7f, VolumeFra=0
08-16 14:29:55.989 I/tvos    ( 1764): mapi_audio_customer::SetAbsoluteVolume: project name is X440M
08-16 14:29:55.989 I/tvos    ( 1764): SetAbsoluteVolume: uPercent : 0, path=49(HP), VolumeInt=7f, VolumeFra=0
08-16 14:29:55.989 I/tvos    ( 1764): SetAbsoluteVolume: uPercent(currVol) : 0, realPath=49(default), VolumeInt=7f, VolumeFra=0
08-16 14:29:55.989 I/tvos    ( 1764): mapi_audio_customer::SetAbsoluteVolume: project name is X440M
08-16 14:29:55.989 I/tvos    ( 1764): SetAbsoluteVolume, m_bBTDetect is false! 
08-16 14:29:55.989 I/tvos    ( 1764): mapi_audio_customer::SetAbsoluteVolume: project name is X440M
08-16 14:29:55.989 I/tvos    ( 1764): SetAbsoluteVolume: uPercent : 0, path=255(speaker), VolumeInt=7f, VolumeFra=0
08-16 14:29:55.989 I/tvos    ( 1764): SetAbsoluteVolume: uPercent(currVol) : 0, realPath=255(default), VolumeInt=7f, VolumeFra=0
08-16 14:29:55.989 I/tvos    ( 1764): [SetMuteStatus] call SetSoundMuteStatus, line : 10369, muteType: 4, onOff : 0 
08-16 14:29:55.989 I/tvos    ( 1764): [audioBSP] #1 m_internalMute : 0 ..
08-16 14:29:55.989 I/tvos    ( 1764): #1|->SDK_bPermanentAudioMute:0<-|->SDK_bMomentAudioMute:0 <-|->SDK_bBySyncAudioMute:0<-|->SDK_bByBlockAudioMute:0<-|->SDK_bByVChipAudioMute:0<-|
08-16 14:29:55.989 I/tvos    ( 1764): #1|->SDK_bInternal1AudioMute:0<-|->SDK_bInternal2AudioMute:0<-|->SDK_bInternal3AudioMute:0<-|->SDK_bInternal4AudioMute:0<-|
08-16 14:29:55.989 I/tvos    ( 1764): #1|->SDK_bByScanInOutchgCHchg:0<-|->SDK_bByDuringLimitedTimeAudioMute:0<-|->SDK_bSourceSwitchAudioMute:0<-|
08-16 14:29:55.989 I/tvos    ( 1764): #1|->SDK_bMHEGApMute:0<-|->SDK_bAllAudioMuteCtrl:0<-|->SDK_bPowerOnMute:0<-|->SDK_bNullSourceMute0<-|->SDK_bSetInputSourceAudioMute:0<-|
08-16 14:29:55.989 I/tvos    ( 1764): [audioBSP] #2 m_spkrMute : 0 ..|->SDK_bUsrSpkrAudioMute:0<-|->SDK_bPowerOnMute:0<-|->SDK_bByUserAudioMute:0<-|
08-16 14:29:55.989 I/tvos    ( 1764): [audioBSP] #3 m_PcmCapture2Mute:0 |->SDK_bByUserPcmCapture2Mute:0<-|->SDK_SUB_bByUserAudioMute:0<-|->SDK_bByUserAudioMute:0<-|
08-16 14:29:55.989 I/tvos    ( 1764): [audioBSP] #5 m_hpMute : 1 ..|->SDK_bUsrHpAudioMute:1<-|->SDK_bPowerOnMute:0<-|->SDK_bByUserAudioMute:0<-|
08-16 14:29:55.989 I/tvos    ( 1764): [audioBSP] #12 m_spdifMute : 1 ..
08-16 14:29:55.989 I/tvos    ( 1764): #12|->SDK_bPermanentAudioMute:0<-|->SDK_bMomentAudioMute:0<-|->SDK_bByBlockAudioMute:0<-|
08-16 14:29:55.989 I/tvos    ( 1764): #12|->SDK_bByVChipAudioMute:0<-|->SDK_bInternal1AudioMute:0<-|->SDK_bInternal4AudioMute:0<-|
08-16 14:29:55.989 I/tvos    ( 1764): #12|->SDK_bByDuringLimitedTimeAudioMute:0<-|->SDK_bSourceSwitchAudioMute:0<-|->SDK_bMHEGApMute:0<-|
08-16 14:29:55.989 I/tvos    ( 1764): #12|->SDK_bPowerOnMute:0<-|->SDK_bUsrSpdifAudioMute:1<-|->SDK_bNullSourceMute:0<-|->SDK_bByAppMute:0<-|
08-16 14:29:55.989 I/tvos    ( 1764): ---Amplifier_ALC1310_LR_SWMute(0)
08-16 14:29:55.989 I/tvos    ( 1764): ALC1310 unmute good, addr: 0x13 readbackvalue: 4 
08-16 14:29:55.991 I/tvos    ( 1764): SetSoundMuteStatus : m_hpMute : 1, m_spdifMute : 1, m_DataInMute : 0, m_channel7Mute : 0, m_internalMute : 0, m_spkrMute : 0, m_PcmCapture1Mute : 0, m_PcmCapture2Mute : 0 
08-16 14:29:55.992 I/AudioUtil( 1758): setParameters spk_volume=0
08-16 14:29:55.992 I/audio_hw_primary( 1758): adev_set_parameters: spk_volume=0
08-16 14:29:55.992 I/tvos    ( 1764): GetAudioOutputDevice, retval : 0
08-16 14:29:55.993 I/tvos    ( 1764): [SetMuteStatus] call SetSoundMuteStatus, line : 10369, muteType: 67108864, onOff : 1 
08-16 14:29:55.993 I/tvos    ( 1764): _TransMSrvMuteTypeToSDKMuteType: Err! muteType(67108864) is out of Range
08-16 14:29:55.995 I/tvos    ( 1764): [SetMuteStatus] call SetSoundMuteStatus, line : 10369, muteType: 4, onOff : 1 
08-16 14:29:55.995 I/tvos    ( 1764): [audioBSP] #1 m_internalMute : 0 ..
08-16 14:29:55.995 I/tvos    ( 1764): #1|->SDK_bPermanentAudioMute:0<-|->SDK_bMomentAudioMute:0 <-|->SDK_bBySyncAudioMute:0<-|->SDK_bByBlockAudioMute:0<-|->SDK_bByVChipAudioMute:0<-|
08-16 14:29:55.995 I/tvos    ( 1764): #1|->SDK_bInternal1AudioMute:0<-|->SDK_bInternal2AudioMute:0<-|->SDK_bInternal3AudioMute:0<-|->SDK_bInternal4AudioMute:0<-|
08-16 14:29:55.995 I/tvos    ( 1764): #1|->SDK_bByScanInOutchgCHchg:0<-|->SDK_bByDuringLimitedTimeAudioMute:0<-|->SDK_bSourceSwitchAudioMute:0<-|
08-16 14:29:55.995 I/tvos    ( 1764): #1|->SDK_bMHEGApMute:0<-|->SDK_bAllAudioMuteCtrl:0<-|->SDK_bPowerOnMute:0<-|->SDK_bNullSourceMute0<-|->SDK_bSetInputSourceAudioMute:0<-|
08-16 14:29:55.995 I/tvos    ( 1764): [audioBSP] #2 m_spkrMute : 1 ..|->SDK_bUsrSpkrAudioMute:0<-|->SDK_bPowerOnMute:0<-|->SDK_bByUserAudioMute:1<-|
08-16 14:29:55.995 I/tvos    ( 1764): [audioBSP] #3 m_PcmCapture2Mute:1 |->SDK_bByUserPcmCapture2Mute:0<-|->SDK_SUB_bByUserAudioMute:0<-|->SDK_bByUserAudioMute:1<-|
08-16 14:29:55.995 I/tvos    ( 1764): [audioBSP] #5 m_hpMute : 1 ..|->SDK_bUsrHpAudioMute:1<-|->SDK_bPowerOnMute:0<-|->SDK_bByUserAudioMute:1<-|
08-16 14:29:55.995 I/tvos    ( 1764): [audioBSP] #12 m_spdifMute : 1 ..
08-16 14:29:55.995 I/tvos    ( 1764): #12|->SDK_bPermanentAudioMute:0<-|->SDK_bMomentAudioMute:0<-|->SDK_bByBlockAudioMute:0<-|
08-16 14:29:55.995 I/tvos    ( 1764): #12|->SDK_bByVChipAudioMute:0<-|->SDK_bInternal1AudioMute:0<-|->SDK_bInternal4AudioMute:0<-|
08-16 14:29:55.995 I/tvos    ( 1764): #12|->SDK_bByDuringLimitedTimeAudioMute:0<-|->SDK_bSourceSwitchAudioMute:0<-|->SDK_bMHEGApMute:0<-|
08-16 14:29:55.995 I/tvos    ( 1764): #12|->SDK_bPowerOnMute:0<-|->SDK_bUsrSpdifAudioMute:1<-|->SDK_bNullSourceMute:0<-|->SDK_bByAppMute:0<-|
08-16 14:29:55.995 I/tvos    ( 1764): ---Amplifier_ALC1310_LR_SWMute(1)
08-16 14:29:55.995 I/tvos    ( 1764): ALC1310 mute write good, addr: 0x13, readback data : 49164, write cmd times : 1
08-16 14:29:55.998 I/tvos    ( 1764): SetSoundMuteStatus : m_hpMute : 1, m_spdifMute : 1, m_DataInMute : 0, m_channel7Mute : 0, m_internalMute : 0, m_spkrMute : 1, m_PcmCapture1Mute : 0, m_PcmCapture2Mute : 1 
08-16 14:29:56.003 W/InputDispatcher( 2207): findFocusedWindow finished: injectionResult=0, timeSpentWaitingForApplication=0.0ms
08-16 14:29:56.016 E/audio_hw_primary( 1758): out_get_presentation_position pcm_get_htimestamp(pcm, &avail, timestamp) != 0!!!
08-16 14:29:56.049 I/APM::AudioPolicyEngine( 1758): getDeviceForStrategy, 359
08-16 14:29:56.073 I/tvos    ( 1764): GetAudioOutputDevice, retval : 0
08-16 14:29:56.324 I/tvos    ( 1764): GetAudioOutputDevice, retval : 0
08-16 14:29:56.574 I/tvos    ( 1764): GetAudioOutputDevice, retval : 0
08-16 14:29:56.587 I/tvos    ( 1764): [37m[INFO] Change to Voltage: 1130 mV (0x1F)[m
08-16 14:29:56.587 I/tvos    ( 1764): [37m[INFO] Change to Voltage: 1130 mV (0x22)[m
08-16 14:29:56.587 I/tvos    ( 1764): [37m[INFO] Change to Voltage: 1130 mV (0x25)[m
08-16 14:29:56.587 I/tvos    ( 1764): [37m[INFO] Change to Voltage: 1130 mV (0x28)[m
08-16 14:29:56.587 I/tvos    ( 1764): [37m[INFO] Change to Voltage: 1130 mV (0x2B)[m
08-16 14:29:56.587 I/tvos    ( 1764): [37m[INFO] Change to Voltage: 1130 mV (0x2C)[m
08-16 14:29:56.687 I/tvos    ( 1764): [37m[INFO] Change to Voltage: 1000 mV (0x2C)[m
08-16 14:29:56.687 I/tvos    ( 1764): [37m[INFO] Change to Voltage: 1000 mV (0x29)[m
08-16 14:29:56.687 I/tvos    ( 1764): [37m[INFO] Change to Voltage: 1000 mV (0x26)[m
08-16 14:29:56.687 I/tvos    ( 1764): [37m[INFO] Change to Voltage: 1000 mV (0x23)[m
08-16 14:29:56.687 I/tvos    ( 1764): [37m[INFO] Change to Voltage: 1000 mV (0x20)[m
08-16 14:29:56.688 I/tvos    ( 1764): [37m[INFO] Change to Voltage: 1000 mV (0x1F)[m
08-16 14:29:56.825 I/tvos    ( 1764): GetAudioOutputDevice, retval : 0
08-16 14:29:56.987 W/InputDispatcher( 2207): findFocusedWindow finished: injectionResult=0, timeSpentWaitingForApplication=0.0ms
08-16 14:29:56.990 I/remotestatus( 2207): Msg.what is 101
08-16 14:29:56.990 I/WindowManager( 2207): turn cursor off
08-16 14:29:56.990 E/RemoteManager( 2207): RemoteManager is no longer support in eui6.5
08-16 14:29:56.995 E/InputManager-JNI( 2207): call nativeDisableCursor method with hideCursor
08-16 14:29:56.996 W/Launcher( 3007): [SDK][EcoFrescoViewImpl]:UnSupport subscriber
08-16 14:29:56.996 I/GlobalFocusChangedListe( 3007): com.stv.plugin.app.widget.RecommPosterCellView
08-16 14:29:57.004 I/SoundPool( 2207): enter : func play
08-16 14:29:57.005 I/APM::AudioPolicyEngine( 1758): getDeviceForStrategy, 359
08-16 14:29:57.009 I/audio_hw_primary( 1758): version:a00004 adev_create_audio_patch::mix->device 
08-16 14:29:57.009 I/audio_hw_primary( 1758): adev_create_audio_patch *handle=-1420227928 num_audio_patch=3
08-16 14:29:57.016 W/InputDispatcher( 2207): findFocusedWindow finished: injectionResult=0, timeSpentWaitingForApplication=0.0ms
08-16 14:29:57.025 E/AudioManagerService( 1803): setAudioVolume(callingPid 1758, clientPid 1758, enSoundPath 0, volumn:0 )
08-16 14:29:57.028 I/tvos    ( 1764): SetVolume, subWooExist 0!
08-16 14:29:57.028 I/tvos    ( 1764): mapi_audio_customer::SetAbsoluteVolume: project name is X440M
08-16 14:29:57.028 I/tvos    ( 1764): SetAbsoluteVolume: uPercent : 0, path=52(speaker), VolumeInt=7f, VolumeFra=0
08-16 14:29:57.028 I/tvos    ( 1764): SetAbsoluteVolume: uPercent(currVol) : 0, realPath=52(default), VolumeInt=7f, VolumeFra=0
08-16 14:29:57.028 I/tvos    ( 1764): mapi_audio_customer::SetAbsoluteVolume: project name is X440M
08-16 14:29:57.028 I/tvos    ( 1764): SetAbsoluteVolume: uPercent : 0, path=49(HP), VolumeInt=7f, VolumeFra=0
08-16 14:29:57.028 I/tvos    ( 1764): SetAbsoluteVolume: uPercent(currVol) : 0, realPath=49(default), VolumeInt=7f, VolumeFra=0
08-16 14:29:57.028 I/tvos    ( 1764): mapi_audio_customer::SetAbsoluteVolume: project name is X440M
08-16 14:29:57.028 I/tvos    ( 1764): SetAbsoluteVolume, m_bBTDetect is false! 
08-16 14:29:57.028 I/tvos    ( 1764): mapi_audio_customer::SetAbsoluteVolume: project name is X440M
08-16 14:29:57.028 I/tvos    ( 1764): SetAbsoluteVolume: uPercent : 0, path=255(speaker), VolumeInt=7f, VolumeFra=0
08-16 14:29:57.028 I/tvos    ( 1764): SetAbsoluteVolume: uPercent(currVol) : 0, realPath=255(default), VolumeInt=7f, VolumeFra=0
08-16 14:29:57.028 I/tvos    ( 1764): [SetMuteStatus] call SetSoundMuteStatus, line : 10369, muteType: 4, onOff : 0 
08-16 14:29:57.028 I/tvos    ( 1764): [audioBSP] #1 m_internalMute : 0 ..
08-16 14:29:57.028 I/tvos    ( 1764): #1|->SDK_bPermanentAudioMute:0<-|->SDK_bMomentAudioMute:0 <-|->SDK_bBySyncAudioMute:0<-|->SDK_bByBlockAudioMute:0<-|->SDK_bByVChipAudioMute:0<-|
08-16 14:29:57.028 I/tvos    ( 1764): #1|->SDK_bInternal1AudioMute:0<-|->SDK_bInternal2AudioMute:0<-|->SDK_bInternal3AudioMute:0<-|->SDK_bInternal4AudioMute:0<-|
08-16 14:29:57.028 I/tvos    ( 1764): #1|->SDK_bByScanInOutchgCHchg:0<-|->SDK_bByDuringLimitedTimeAudioMute:0<-|->SDK_bSourceSwitchAudioMute:0<-|
08-16 14:29:57.028 I/tvos    ( 1764): #1|->SDK_bMHEGApMute:0<-|->SDK_bAllAudioMuteCtrl:0<-|->SDK_bPowerOnMute:0<-|->SDK_bNullSourceMute0<-|->SDK_bSetInputSourceAudioMute:0<-|
08-16 14:29:57.028 I/tvos    ( 1764): [audioBSP] #2 m_spkrMute : 0 ..|->SDK_bUsrSpkrAudioMute:0<-|->SDK_bPowerOnMute:0<-|->SDK_bByUserAudioMute:0<-|
08-16 14:29:57.028 I/tvos    ( 1764): [audioBSP] #3 m_PcmCapture2Mute:0 |->SDK_bByUserPcmCapture2Mute:0<-|->SDK_SUB_bByUserAudioMute:0<-|->SDK_bByUserAudioMute:0<-|
08-16 14:29:57.028 I/tvos    ( 1764): [audioBSP] #5 m_hpMute : 1 ..|->SDK_bUsrHpAudioMute:1<-|->SDK_bPowerOnMute:0<-|->SDK_bByUserAudioMute:0<-|
08-16 14:29:57.028 I/tvos    ( 1764): [audioBSP] #12 m_spdifMute : 1 ..
08-16 14:29:57.028 I/tvos    ( 1764): #12|->SDK_bPermanentAudioMute:0<-|->SDK_bMomentAudioMute:0<-|->SDK_bByBlockAudioMute:0<-|
08-16 14:29:57.028 I/tvos    ( 1764): #12|->SDK_bByVChipAudioMute:0<-|->SDK_bInternal1AudioMute:0<-|->SDK_bInternal4AudioMute:0<-|
08-16 14:29:57.028 I/tvos    ( 1764): #12|->SDK_bByDuringLimitedTimeAudioMute:0<-|->SDK_bSourceSwitchAudioMute:0<-|->SDK_bMHEGApMute:0<-|
08-16 14:29:57.028 I/tvos    ( 1764): #12|->SDK_bPowerOnMute:0<-|->SDK_bUsrSpdifAudioMute:1<-|->SDK_bNullSourceMute:0<-|->SDK_bByAppMute:0<-|
08-16 14:29:57.028 I/tvos    ( 1764): ---Amplifier_ALC1310_LR_SWMute(0)
08-16 14:29:57.028 I/tvos    ( 1764): ALC1310 unmute good, addr: 0x13 readbackvalue: 4 
08-16 14:29:57.041 I/tvos    ( 1764): SetSoundMuteStatus : m_hpMute : 1, m_spdifMute : 1, m_DataInMute : 0, m_channel7Mute : 0, m_internalMute : 0, m_spkrMute : 0, m_PcmCapture1Mute : 0, m_PcmCapture2Mute : 0 
08-16 14:29:57.042 I/AudioUtil( 1758): setParameters spk_volume=0
08-16 14:29:57.042 I/audio_hw_primary( 1758): adev_set_parameters: spk_volume=0
08-16 14:29:57.042 I/tvos    ( 1764): GetAudioOutputDevice, retval : 0
08-16 14:29:57.048 I/tvos    ( 1764): [SetMuteStatus] call SetSoundMuteStatus, line : 10369, muteType: 67108864, onOff : 1 
08-16 14:29:57.048 I/tvos    ( 1764): _TransMSrvMuteTypeToSDKMuteType: Err! muteType(67108864) is out of Range
08-16 14:29:57.048 I/tvos    ( 1764): [SetMuteStatus] call SetSoundMuteStatus, line : 10369, muteType: 4, onOff : 1 
08-16 14:29:57.048 I/tvos    ( 1764): [audioBSP] #1 m_internalMute : 0 ..
08-16 14:29:57.048 I/tvos    ( 1764): #1|->SDK_bPermanentAudioMute:0<-|->SDK_bMomentAudioMute:0 <-|->SDK_bBySyncAudioMute:0<-|->SDK_bByBlockAudioMute:0<-|->SDK_bByVChipAudioMute:0<-|
08-16 14:29:57.048 I/tvos    ( 1764): #1|->SDK_bInternal1AudioMute:0<-|->SDK_bInternal2AudioMute:0<-|->SDK_bInternal3AudioMute:0<-|->SDK_bInternal4AudioMute:0<-|
08-16 14:29:57.048 I/tvos    ( 1764): #1|->SDK_bByScanInOutchgCHchg:0<-|->SDK_bByDuringLimitedTimeAudioMute:0<-|->SDK_bSourceSwitchAudioMute:0<-|
08-16 14:29:57.048 I/tvos    ( 1764): #1|->SDK_bMHEGApMute:0<-|->SDK_bAllAudioMuteCtrl:0<-|->SDK_bPowerOnMute:0<-|->SDK_bNullSourceMute0<-|->SDK_bSetInputSourceAudioMute:0<-|
08-16 14:29:57.048 I/tvos    ( 1764): [audioBSP] #2 m_spkrMute : 1 ..|->SDK_bUsrSpkrAudioMute:0<-|->SDK_bPowerOnMute:0<-|->SDK_bByUserAudioMute:1<-|
08-16 14:29:57.048 I/tvos    ( 1764): [audioBSP] #3 m_PcmCapture2Mute:1 |->SDK_bByUserPcmCapture2Mute:0<-|->SDK_SUB_bByUserAudioMute:0<-|->SDK_bByUserAudioMute:1<-|
08-16 14:29:57.048 I/tvos    ( 1764): [audioBSP] #5 m_hpMute : 1 ..|->SDK_bUsrHpAudioMute:1<-|->SDK_bPowerOnMute:0<-|->SDK_bByUserAudioMute:1<-|
08-16 14:29:57.048 I/tvos    ( 1764): [audioBSP] #12 m_spdifMute : 1 ..
08-16 14:29:57.048 I/tvos    ( 1764): #12|->SDK_bPermanentAudioMute:0<-|->SDK_bMomentAudioMute:0<-|->SDK_bByBlockAudioMute:0<-|
08-16 14:29:57.048 I/tvos    ( 1764): #12|->SDK_bByVChipAudioMute:0<-|->SDK_bInternal1AudioMute:0<-|->SDK_bInternal4AudioMute:0<-|
08-16 14:29:57.048 I/tvos    ( 1764): #12|->SDK_bByDuringLimitedTimeAudioMute:0<-|->SDK_bSourceSwitchAudioMute:0<-|->SDK_bMHEGApMute:0<-|
08-16 14:29:57.048 I/tvos    ( 1764): #12|->SDK_bPowerOnMute:0<-|->SDK_bUsrSpdifAudioMute:1<-|->SDK_bNullSourceMute:0<-|->SDK_bByAppMute:0<-|
08-16 14:29:57.048 I/tvos    ( 1764): ---Amplifier_ALC1310_LR_SWMute(1)
08-16 14:29:57.048 I/tvos    ( 1764): ALC1310 mute write good, addr: 0x13, readback data : 49164, write cmd times : 1
08-16 14:29:57.048 I/tvos    ( 1764): SetSoundMuteStatus : m_hpMute : 1, m_spdifMute : 1, m_DataInMute : 0, m_channel7Mute : 0, m_internalMute : 0, m_spkrMute : 1, m_PcmCapture1Mute : 0, m_PcmCapture2Mute : 1 
08-16 14:29:57.075 I/tvos    ( 1764): GetAudioOutputDevice, retval : 0
08-16 14:29:57.086 I/tvos    ( 1764): [37m[INFO] Change to Voltage: 1130 mV (0x1F)[m
08-16 14:29:57.086 I/tvos    ( 1764): [37m[INFO] Change to Voltage: 1130 mV (0x22)[m
08-16 14:29:57.086 I/tvos    ( 1764): [37m[INFO] Change to Voltage: 1130 mV (0x25)[m
08-16 14:29:57.086 I/tvos    ( 1764): [37m[INFO] Change to Voltage: 1130 mV (0x28)[m
08-16 14:29:57.086 I/tvos    ( 1764): [37m[INFO] Change to Voltage: 1130 mV (0x2B)[m
08-16 14:29:57.087 I/tvos    ( 1764): [37m[INFO] Change to Voltage: 1130 mV (0x2C)[m
08-16 14:29:57.117 I/APM::AudioPolicyEngine( 1758): getDeviceForStrategy, 359
08-16 14:29:57.187 I/tvos    ( 1764): [37m[INFO] Change to Voltage: 1000 mV (0x2C)[m
08-16 14:29:57.187 I/tvos    ( 1764): [37m[INFO] Change to Voltage: 1000 mV (0x29)[m
08-16 14:29:57.187 I/tvos    ( 1764): [37m[INFO] Change to Voltage: 1000 mV (0x26)[m
08-16 14:29:57.187 I/tvos    ( 1764): [37m[INFO] Change to Voltage: 1000 mV (0x23)[m
08-16 14:29:57.187 I/tvos    ( 1764): [37m[INFO] Change to Voltage: 1000 mV (0x20)[m
08-16 14:29:57.187 I/tvos    ( 1764): [37m[INFO] Change to Voltage: 1000 mV (0x1F)[m
08-16 14:29:57.326 I/tvos    ( 1764): GetAudioOutputDevice, retval : 0
08-16 14:29:57.576 I/tvos    ( 1764): GetAudioOutputDevice, retval : 0
08-16 14:29:57.826 I/tvos    ( 1764): GetAudioOutputDevice, retval : 0
08-16 14:29:58.007 I/remotestatus( 2207): Msg.what is 101
08-16 14:29:58.007 I/WindowManager( 2207): turn cursor off
08-16 14:29:58.007 E/RemoteManager( 2207): RemoteManager is no longer support in eui6.5
08-16 14:29:58.007 W/InputDispatcher( 2207): findFocusedWindow finished: injectionResult=0, timeSpentWaitingForApplication=0.0ms
08-16 14:29:58.007 E/InputManager-JNI( 2207): call nativeDisableCursor method with hideCursor
08-16 14:29:58.012 W/Launcher( 3007): [SDK][EcoFrescoViewImpl]:UnSupport subscriber
08-16 14:29:58.012 I/GlobalFocusChangedListe( 3007): com.stv.plugin.app.widget.AppCellView
08-16 14:29:58.015 I/SoundPool( 2207): enter : func play
08-16 14:29:58.027 W/InputDispatcher( 2207): findFocusedWindow finished: injectionResult=0, timeSpentWaitingForApplication=0.0ms
08-16 14:29:58.032 I/APM::AudioPolicyEngine( 1758): getDeviceForStrategy, 359
08-16 14:29:58.037 I/audio_hw_primary( 1758): version:a00004 adev_create_audio_patch::mix->device 
08-16 14:29:58.037 I/audio_hw_primary( 1758): adev_create_audio_patch *handle=-1420227928 num_audio_patch=3
08-16 14:29:58.041 E/AudioManagerService( 1803): setAudioVolume(callingPid 1758, clientPid 1758, enSoundPath 0, volumn:0 )
08-16 14:29:58.044 I/tvos    ( 1764): SetVolume, subWooExist 0!
08-16 14:29:58.044 I/tvos    ( 1764): mapi_audio_customer::SetAbsoluteVolume: project name is X440M
08-16 14:29:58.044 I/tvos    ( 1764): SetAbsoluteVolume: uPercent : 0, path=52(speaker), VolumeInt=7f, VolumeFra=0
08-16 14:29:58.044 I/tvos    ( 1764): SetAbsoluteVolume: uPercent(currVol) : 0, realPath=52(default), VolumeInt=7f, VolumeFra=0
08-16 14:29:58.044 I/tvos    ( 1764): mapi_audio_customer::SetAbsoluteVolume: project name is X440M
08-16 14:29:58.044 I/tvos    ( 1764): SetAbsoluteVolume: uPercent : 0, path=49(HP), VolumeInt=7f, VolumeFra=0
08-16 14:29:58.044 I/tvos    ( 1764): SetAbsoluteVolume: uPercent(currVol) : 0, realPath=49(default), VolumeInt=7f, VolumeFra=0
08-16 14:29:58.044 I/tvos    ( 1764): mapi_audio_customer::SetAbsoluteVolume: project name is X440M
08-16 14:29:58.044 I/tvos    ( 1764): SetAbsoluteVolume, m_bBTDetect is false! 
08-16 14:29:58.044 I/tvos    ( 1764): mapi_audio_customer::SetAbsoluteVolume: project name is X440M
08-16 14:29:58.044 I/tvos    ( 1764): SetAbsoluteVolume: uPercent : 0, path=255(speaker), VolumeInt=7f, VolumeFra=0
08-16 14:29:58.044 I/tvos    ( 1764): SetAbsoluteVolume: uPercent(currVol) : 0, realPath=255(default), VolumeInt=7f, VolumeFra=0
08-16 14:29:58.044 I/tvos    ( 1764): [SetMuteStatus] call SetSoundMuteStatus, line : 10369, muteType: 4, onOff : 0 
08-16 14:29:58.044 I/tvos    ( 1764): [audioBSP] #1 m_internalMute : 0 ..
08-16 14:29:58.044 I/tvos    ( 1764): #1|->SDK_bPermanentAudioMute:0<-|->SDK_bMomentAudioMute:0 <-|->SDK_bBySyncAudioMute:0<-|->SDK_bByBlockAudioMute:0<-|->SDK_bByVChipAudioMute:0<-|
08-16 14:29:58.044 I/tvos    ( 1764): #1|->SDK_bInternal1AudioMute:0<-|->SDK_bInternal2AudioMute:0<-|->SDK_bInternal3AudioMute:0<-|->SDK_bInternal4AudioMute:0<-|
08-16 14:29:58.044 I/tvos    ( 1764): #1|->SDK_bByScanInOutchgCHchg:0<-|->SDK_bByDuringLimitedTimeAudioMute:0<-|->SDK_bSourceSwitchAudioMute:0<-|
08-16 14:29:58.044 I/tvos    ( 1764): #1|->SDK_bMHEGApMute:0<-|->SDK_bAllAudioMuteCtrl:0<-|->SDK_bPowerOnMute:0<-|->SDK_bNullSourceMute0<-|->SDK_bSetInputSourceAudioMute:0<-|
08-16 14:29:58.044 I/tvos    ( 1764): [audioBSP] #2 m_spkrMute : 0 ..|->SDK_bUsrSpkrAudioMute:0<-|->SDK_bPowerOnMute:0<-|->SDK_bByUserAudioMute:0<-|
08-16 14:29:58.044 I/tvos    ( 1764): [audioBSP] #3 m_PcmCapture2Mute:0 |->SDK_bByUserPcmCapture2Mute:0<-|->SDK_SUB_bByUserAudioMute:0<-|->SDK_bByUserAudioMute:0<-|
08-16 14:29:58.044 I/tvos    ( 1764): [audioBSP] #5 m_hpMute : 1 ..|->SDK_bUsrHpAudioMute:1<-|->SDK_bPowerOnMute:0<-|->SDK_bByUserAudioMute:0<-|
08-16 14:29:58.044 I/tvos    ( 1764): [audioBSP] #12 m_spdifMute : 1 ..
08-16 14:29:58.044 I/tvos    ( 1764): #12|->SDK_bPermanentAudioMute:0<-|->SDK_bMomentAudioMute:0<-|->SDK_bByBlockAudioMute:0<-|
08-16 14:29:58.044 I/tvos    ( 1764): #12|->SDK_bByVChipAudioMute:0<-|->SDK_bInternal1AudioMute:0<-|->SDK_bInternal4AudioMute:0<-|
08-16 14:29:58.044 I/tvos    ( 1764): #12|->SDK_bByDuringLimitedTimeAudioMute:0<-|->SDK_bSourceSwitchAudioMute:0<-|->SDK_bMHEGApMute:0<-|
08-16 14:29:58.044 I/tvos    ( 1764): #12|->SDK_bPowerOnMute:0<-|->SDK_bUsrSpdifAudioMute:1<-|->SDK_bNullSourceMute:0<-|->SDK_bByAppMute:0<-|
08-16 14:29:58.044 I/tvos    ( 1764): ---Amplifier_ALC1310_LR_SWMute(0)
08-16 14:29:58.045 I/tvos    ( 1764): ALC1310 unmute good, addr: 0x13 readbackvalue: 4 
08-16 14:29:58.047 I/AudioUtil( 1758): setParameters spk_volume=0
08-16 14:29:58.048 I/audio_hw_primary( 1758): adev_set_parameters: spk_volume=0
08-16 14:29:58.048 I/tvos    ( 1764): SetSoundMuteStatus : m_hpMute : 1, m_spdifMute : 1, m_DataInMute : 0, m_channel7Mute : 0, m_internalMute : 0, m_spkrMute : 0, m_PcmCapture1Mute : 0, m_PcmCapture2Mute : 0 
08-16 14:29:58.048 I/tvos    ( 1764): GetAudioOutputDevice, retval : 0
08-16 14:29:58.048 I/tvos    ( 1764): [SetMuteStatus] call SetSoundMuteStatus, line : 10369, muteType: 67108864, onOff : 1 
08-16 14:29:58.048 I/tvos    ( 1764): _TransMSrvMuteTypeToSDKMuteType: Err! muteType(67108864) is out of Range
08-16 14:29:58.051 I/tvos    ( 1764): [SetMuteStatus] call SetSoundMuteStatus, line : 10369, muteType: 4, onOff : 1 
08-16 14:29:58.051 I/tvos    ( 1764): [audioBSP] #1 m_internalMute : 0 ..
08-16 14:29:58.051 I/tvos    ( 1764): #1|->SDK_bPermanentAudioMute:0<-|->SDK_bMomentAudioMute:0 <-|->SDK_bBySyncAudioMute:0<-|->SDK_bByBlockAudioMute:0<-|->SDK_bByVChipAudioMute:0<-|
08-16 14:29:58.051 I/tvos    ( 1764): #1|->SDK_bInternal1AudioMute:0<-|->SDK_bInternal2AudioMute:0<-|->SDK_bInternal3AudioMute:0<-|->SDK_bInternal4AudioMute:0<-|
08-16 14:29:58.051 I/tvos    ( 1764): #1|->SDK_bByScanInOutchgCHchg:0<-|->SDK_bByDuringLimitedTimeAudioMute:0<-|->SDK_bSourceSwitchAudioMute:0<-|
08-16 14:29:58.051 I/tvos    ( 1764): #1|->SDK_bMHEGApMute:0<-|->SDK_bAllAudioMuteCtrl:0<-|->SDK_bPowerOnMute:0<-|->SDK_bNullSourceMute0<-|->SDK_bSetInputSourceAudioMute:0<-|
08-16 14:29:58.051 I/tvos    ( 1764): [audioBSP] #2 m_spkrMute : 1 ..|->SDK_bUsrSpkrAudioMute:0<-|->SDK_bPowerOnMute:0<-|->SDK_bByUserAudioMute:1<-|
08-16 14:29:58.051 I/tvos    ( 1764): [audioBSP] #3 m_PcmCapture2Mute:1 |->SDK_bByUserPcmCapture2Mute:0<-|->SDK_SUB_bByUserAudioMute:0<-|->SDK_bByUserAudioMute:1<-|
08-16 14:29:58.051 I/tvos    ( 1764): [audioBSP] #5 m_hpMute : 1 ..|->SDK_bUsrHpAudioMute:1<-|->SDK_bPowerOnMute:0<-|->SDK_bByUserAudioMute:1<-|
08-16 14:29:58.051 I/tvos    ( 1764): [audioBSP] #12 m_spdifMute : 1 ..
08-16 14:29:58.051 I/tvos    ( 1764): #12|->SDK_bPermanentAudioMute:0<-|->SDK_bMomentAudioMute:0<-|->SDK_bByBlockAudioMute:0<-|
08-16 14:29:58.051 I/tvos    ( 1764): #12|->SDK_bByVChipAudioMute:0<-|->SDK_bInternal1AudioMute:0<-|->SDK_bInternal4AudioMute:0<-|
08-16 14:29:58.051 I/tvos    ( 1764): #12|->SDK_bByDuringLimitedTimeAudioMute:0<-|->SDK_bSourceSwitchAudioMute:0<-|->SDK_bMHEGApMute:0<-|
08-16 14:29:58.051 I/tvos    ( 1764): #12|->SDK_bPowerOnMute:0<-|->SDK_bUsrSpdifAudioMute:1<-|->SDK_bNullSourceMute:0<-|->SDK_bByAppMute:0<-|
08-16 14:29:58.051 I/tvos    ( 1764): ---Amplifier_ALC1310_LR_SWMute(1)
08-16 14:29:58.051 I/tvos    ( 1764): ALC1310 mute write good, addr: 0x13, readback data : 49164, write cmd times : 1
08-16 14:29:58.053 I/tvos    ( 1764): SetSoundMuteStatus : m_hpMute : 1, m_spdifMute : 1, m_DataInMute : 0, m_channel7Mute : 0, m_internalMute : 0, m_spkrMute : 1, m_PcmCapture1Mute : 0, m_PcmCapture2Mute : 1 
08-16 14:29:58.077 I/tvos    ( 1764): GetAudioOutputDevice, retval : 0
08-16 14:29:58.111 I/AppPlugin( 3007): AppFolderItem --  updateSuperscriptView msg count = -1type = -1
08-16 14:29:58.111 I/AppPlugin( 3007): AppFolderItem --  updateSuperscriptView msg count = -1type = -1
08-16 14:29:58.111 I/AppPlugin( 3007): AppFolderItem --  updateSuperscriptView msg count = -1type = -1
08-16 14:29:58.112 I/AppPlugin( 3007): CellView --  updateSuperscriptView msg count = -1type = -1
08-16 14:29:58.112 I/AppPlugin( 3007): CellView --  updateSuperscriptView msg count = -1type = -1
08-16 14:29:58.141 I/APM::AudioPolicyEngine( 1758): getDeviceForStrategy, 359
08-16 14:29:58.327 I/tvos    ( 1764): GetAudioOutputDevice, retval : 0
08-16 14:29:58.350 I/AppPlugin( 3007): ReportLogUtil -- startExposureReport
08-16 14:29:58.578 I/tvos    ( 1764): GetAudioOutputDevice, retval : 0
08-16 14:29:58.604 E/LetvRemoteupgradeManager-JNI( 2613): can't get LetvManager service!
08-16 14:29:58.723 I/tvos    ( 1764): bq32kDriver:rtc_read_time.
08-16 14:29:58.723 I/tvos    ( 1764): [hq]rtc_read_time: read 0x58 0x29 0xc6 0x05 0x16 0x08 0x18
08-16 14:29:58.723 I/tvos    ( 1764): rtc_read_time: date 58s 29m 6h 16md 7m 118y
08-16 14:29:58.723 I/tvos    ( 1764): rtc read time:2018-8-16 6:29:58.
08-16 14:29:58.723 I/tvos    ( 1764): tm_year = 2018, tm_mon = 8, tm_mday = 16, tm_hour = 6,tm_min= 29,  tm_sec = 58
08-16 14:29:58.723 I/tvos    ( 1764): timeSeconds:1534400998 rtcTimeSeconds:1534400998.
08-16 14:29:58.828 I/tvos    ( 1764): GetAudioOutputDevice, retval : 0
08-16 14:29:59.079 I/tvos    ( 1764): GetAudioOutputDevice, retval : 0
08-16 14:29:59.329 I/tvos    ( 1764): GetAudioOutputDevice, retval : 0
08-16 14:29:59.580 I/tvos    ( 1764): GetAudioOutputDevice, retval : 0
08-16 14:29:59.831 I/tvos    ( 1764): GetAudioOutputDevice, retval : 0
08-16 14:30:00.081 I/tvos    ( 1764): GetAudioOutputDevice, retval : 0
08-16 14:30:00.331 I/tvos    ( 1764): GetAudioOutputDevice, retval : 0
08-16 14:30:00.351 I/PluginFramework -- WidgetManager( 3007): getWidget id =#com.stv.plugin.app#
08-16 14:30:00.351 I/PluginFramework -- WidgetManager( 3007): getWidget widget = Widget{, mWidgetId=com.stv.plugin.app, mState=15, mLocation='/data/user/0/com.stv.launcher/files/plugins/com.stv.plugin.app_LetvAppPlugin_2.5.0.005_2018050710.apk', mVersionName='2.5.0.005', mVersionCode=2018050710, mName='LetvAppPlugin', mDexDir='/data/user/0/com.stv.launcher/files/plugins_data/com.stv.plugin.app/dex/', mLibDir='/data/user/0/com.stv.launcher/files/plugins_data/com.stv.plugin.app/libs/', mDataDir='/data/user/0/com.stv.launcher/files/plugins_data/com.stv.plugin.app'}
08-16 14:30:00.352 I/PluginFramework -- WidgetManager( 3007): getWidget id =#com.stv.plugin.app#
08-16 14:30:00.352 I/PluginFramework -- WidgetManager( 3007): getWidget widget = Widget{, mWidgetId=com.stv.plugin.app, mState=15, mLocation='/data/user/0/com.stv.launcher/files/plugins/com.stv.plugin.app_LetvAppPlugin_2.5.0.005_2018050710.apk', mVersionName='2.5.0.005', mVersionCode=2018050710, mName='LetvAppPlugin', mDexDir='/data/user/0/com.stv.launcher/files/plugins_data/com.stv.plugin.app/dex/', mLibDir='/data/user/0/com.stv.launcher/files/plugins_data/com.stv.plugin.app/libs/', mDataDir='/data/user/0/com.stv.launcher/files/plugins_data/com.stv.plugin.app'}
08-16 14:30:00.353 I/PluginFramework -- WidgetManager( 3007): getWidget id =#com.stv.plugin.app#
08-16 14:30:00.353 I/PluginFramework -- WidgetManager( 3007): getWidget widget = Widget{, mWidgetId=com.stv.plugin.app, mState=15, mLocation='/data/user/0/com.stv.launcher/files/plugins/com.stv.plugin.app_LetvAppPlugin_2.5.0.005_2018050710.apk', mVersionName='2.5.0.005', mVersionCode=2018050710, mName='LetvAppPlugin', mDexDir='/data/user/0/com.stv.launcher/files/plugins_data/com.stv.plugin.app/dex/', mLibDir='/data/user/0/com.stv.launcher/files/plugins_data/com.stv.plugin.app/libs/', mDataDir='/data/user/0/com.stv.launcher/files/plugins_data/com.stv.plugin.app'}
08-16 14:30:00.354 I/PluginFramework -- WidgetManager( 3007): getWidget id =#com.stv.plugin.app#
08-16 14:30:00.354 I/PluginFramework -- WidgetManager( 3007): getWidget widget = Widget{, mWidgetId=com.stv.plugin.app, mState=15, mLocation='/data/user/0/com.stv.launcher/files/plugins/com.stv.plugin.app_LetvAppPlugin_2.5.0.005_2018050710.apk', mVersionName='2.5.0.005', mVersionCode=2018050710, mName='LetvAppPlugin', mDexDir='/data/user/0/com.stv.launcher/files/plugins_data/com.stv.plugin.app/dex/', mLibDir='/data/user/0/com.stv.launcher/files/plugins_data/com.stv.plugin.app/libs/', mDataDir='/data/user/0/com.stv.launcher/files/plugins_data/com.stv.plugin.app'}
08-16 14:30:00.355 I/PluginFramework -- WidgetManager( 3007): getWidget id =#com.stv.plugin.app#
08-16 14:30:00.355 I/PluginFramework -- WidgetManager( 3007): getWidget widget = Widget{, mWidgetId=com.stv.plugin.app, mState=15, mLocation='/data/user/0/com.stv.launcher/files/plugins/com.stv.plugin.app_LetvAppPlugin_2.5.0.005_2018050710.apk', mVersionName='2.5.0.005', mVersionCode=2018050710, mName='LetvAppPlugin', mDexDir='/data/user/0/com.stv.launcher/files/plugins_data/com.stv.plugin.app/dex/', mLibDir='/data/user/0/com.stv.launcher/files/plugins_data/com.stv.plugin.app/libs/', mDataDir='/data/user/0/com.stv.launcher/files/plugins_data/com.stv.plugin.app'}
08-16 14:30:00.443 I/LetvManager-LogReport( 1780): [send_msg] line: 490 report url = http://log.hdtv.cp21.ott.cibntv.net:80/api/log/tvAction
08-16 14:30:00.582 I/tvos    ( 1764): GetAudioOutputDevice, retval : 0
08-16 14:30:00.649 I/LetvManager-LogReport( 1780): [send_msg] line: 490 report url = http://log.hdtv.cp21.ott.cibntv.net:80/api/log/tvAction
08-16 14:30:00.832 I/tvos    ( 1764): GetAudioOutputDevice, retval : 0
08-16 14:30:00.853 I/LetvManager-LogReport( 1780): [send_msg] line: 490 report url = http://log.hdtv.cp21.ott.cibntv.net:80/api/log/tvAction
08-16 14:30:01.057 I/LetvManager-LogReport( 1780): [send_msg] line: 490 report url = http://log.hdtv.cp21.ott.cibntv.net:80/api/log/tvAction
08-16 14:30:01.083 I/tvos    ( 1764): GetAudioOutputDevice, retval : 0
08-16 14:30:01.263 I/LetvManager-LogReport( 1780): [send_msg] line: 490 report url = http://log.hdtv.cp21.ott.cibntv.net:80/api/log/tvAction
08-16 14:30:01.333 I/tvos    ( 1764): GetAudioOutputDevice, retval : 0
08-16 14:30:01.583 I/tvos    ( 1764): GetAudioOutputDevice, retval : 0
08-16 14:30:01.604 E/LetvRemoteupgradeManager-JNI( 2613): can't get LetvManager service!
08-16 14:30:01.834 I/tvos    ( 1764): GetAudioOutputDevice, retval : 0
08-16 14:30:02.084 I/tvos    ( 1764): GetAudioOutputDevice, retval : 0
08-16 14:30:02.335 I/tvos    ( 1764): GetAudioOutputDevice, retval : 0
08-16 14:30:02.585 I/tvos    ( 1764): GetAudioOutputDevice, retval : 0
08-16 14:30:02.835 I/tvos    ( 1764): GetAudioOutputDevice, retval : 0
08-16 14:30:03.086 I/tvos    ( 1764): GetAudioOutputDevice, retval : 0
08-16 14:30:03.336 I/tvos    ( 1764): GetAudioOutputDevice, retval : 0
08-16 14:30:03.587 I/tvos    ( 1764): GetAudioOutputDevice, retval : 0
08-16 14:30:03.837 I/tvos    ( 1764): GetAudioOutputDevice, retval : 0
08-16 14:30:03.990 I/reService( 2207): onReportKeyEvent  type=type0 keycode=4*20*20*20 
08-16 14:30:03.992 E/LETV_DEVICE( 1780): no name sn for Mstar
08-16 14:30:04.003 E/ActivityThread( 2837): Failed to find provider info for com.letv.agnes.InfoProvider
08-16 14:30:04.004 E/ActivityThread( 2837): Failed to find provider info for com.letv.agnes.InfoProvider
08-16 14:30:04.005 W/System.err( 2837): java.lang.IllegalArgumentException: Unknown URL content://com.letv.agnes.InfoProvider
08-16 14:30:04.005 W/System.err( 2837): 	at android.content.ContentResolver.insert(ContentResolver.java:1227)
08-16 14:30:04.005 W/System.err( 2837): 	at com.letv.tracker2.agnes.Configuration.addDebugInfo(Configuration.java:289)
08-16 14:30:04.005 W/System.err( 2837): 	at com.letv.tracker2.agnes.MessageProcessor$SendEnvMsgTr$1.handleMessage(MessageProcessor.java:661)
08-16 14:30:04.005 W/System.err( 2837): 	at android.os.Handler.dispatchMessage(Handler.java:102)
08-16 14:30:04.005 W/System.err( 2837): 	at android.os.Looper.loop(Looper.java:148)
08-16 14:30:04.005 W/System.err( 2837): 	at com.letv.tracker2.agnes.MessageProcessor$SendEnvMsgTr.run(MessageProcessor.java:665)
08-16 14:30:04.012 I/[T1.0.6.3]EuiAgnes_Server( 2837): resCode:1
08-16 14:30:04.012 I/[T1.0.6.3]EuiAgnes_Server( 2837): b[0]:0
08-16 14:30:04.088 I/tvos    ( 1764): GetAudioOutputDevice, retval : 0
08-16 14:30:04.338 I/tvos    ( 1764): GetAudioOutputDevice, retval : 0
08-16 14:30:04.589 I/tvos    ( 1764): GetAudioOutputDevice, retval : 0
08-16 14:30:04.604 E/LetvRemoteupgradeManager-JNI( 2613): can't get LetvManager service!
08-16 14:30:04.707 I/Radio-JNI(18795): register_android_hardware_Radio DONE
08-16 14:30:04.733 I/ActivityManager( 2207): Force stopping com.stv.feedback appid=1000 user=0: from pid 18795
08-16 14:30:04.733 I/ActivityManager( 2207): Killing 18302:com.stv.feedback/1000 (adj 9): stop com.stv.feedback
08-16 14:30:04.839 I/tvos    ( 1764): GetAudioOutputDevice, retval : 0
08-16 14:30:04.848 E/critical_path_log( 5085): com.letv.tv : letv_3820f7d3a20b3a40_onTrimMemory: level = 5
08-16 14:30:04.848 E/critical_path_log( 5085): com.letv.tv : letv_02fb16e5d46e18f0_will clear cache
08-16 14:30:04.848 E/critical_path_log( 5085): com.letv.tv : letv_02fb16e5d46e18f0_clear cache finished
08-16 14:30:04.855 I/Launcher( 3007): [com.stv.launcher] LauncherApplication -- ========= tryTrimMemoryCache =========5
08-16 14:30:04.855 E/critical_path_log( 3007): superlive_7799adbbe191b8ab_onTrimMemory: level = 5
08-16 14:30:04.860 W/ActivityManager( 2207): Spurious death for ProcessRecord{534c13f 0:com.stv.feedback/1000}, curProc for 18302: null
08-16 14:30:05.090 I/tvos    ( 1764): GetAudioOutputDevice, retval : 0
08-16 14:30:05.111 I/ActivityManager( 2207): START u0 {act=android.intent.action.MAIN cat=[android.intent.category.LAUNCHER] flg=0x10000000 cmp=com.stv.feedback/.FeedbackActivity} from uid 0 on display 0
08-16 14:30:05.117 I/TvLiveBaseFragment( 3007): onPause
08-16 14:30:05.117 I/ShoppingPlugin-stv-PluginFragment( 3007): onPause ->in
08-16 14:30:05.117 I/ShoppingPlugin-stv-PluginRootLayout( 3007): onFragmentPause ---> in
08-16 14:30:05.117 I/Launcher( 3007): [com.stv.launcher] LauncherActivity -- onPause  mBootSignalFirst=false sCurrentScreen = com.stv.plugin.app
08-16 14:30:05.118 I/System.out( 2207): From style:
08-16 14:30:05.118 I/System.out( 2207): Attrs: 3010001=0.6 3010002=res/drawable-hdpi-v4/ic_desk_app_bg.jpg 3010003=null 3010004=true
08-16 14:30:05.122 I/Launcher( 3007): [com.stv.launcher] ===== enalbeAllKey =====
08-16 14:30:05.123 I/WindowManager( 2207): setBlockVoiceKey = false
08-16 14:30:05.123 I/WindowManager( 2207): setBlockSourceKey = false
08-16 14:30:05.124 I/WindowManager( 2207): setBlockSettingKey = false
08-16 14:30:05.125 W/InputDispatcher( 2207): setFocusedApplication
08-16 14:30:05.125 I/WindowManager( 2207): setBlockFunctionKeys = false
08-16 14:30:05.126 W/InputDispatcher( 2207): Focus left window: Window{23c0535 u0 com.stv.launcher/com.stv.launcher.ui.activity.Launcher}
08-16 14:30:05.128 I/WindowManager( 2207): setBlockHomeKey = false
08-16 14:30:05.167 I/ActivityManager( 2207): Start proc 18809:com.stv.feedback/1000 for activity com.stv.feedback/.FeedbackActivity
08-16 14:30:05.208 I/ActivityManager( 2207): TR12) TaskRecord{394d409 #28 A=com.stv.feedback U=0 sz=1}
08-16 14:30:05.208 I/ActivityManager( 2207): TR11) TaskRecord{14b0d11 #1 A=com.stv.launcher U=0 sz=1}
08-16 14:30:05.209 I/ActivityManager( 2207): accel TR12) TaskRecord{394d409 #28 A=com.stv.feedback U=0 sz=1}
08-16 14:30:05.209 I/ActivityManager( 2207): accel TR11) TaskRecord{14b0d11 #1 A=com.stv.launcher U=0 sz=1}
08-16 14:30:05.217 E/LETV_DEVICE( 1780): no name sn for Mstar
08-16 14:30:05.246 W/System  (18809): ClassLoader referenced unknown path: /system/app/StvFeedback/lib/arm64
08-16 14:30:05.263 E/ActivityThread( 2837): Failed to find provider info for com.letv.agnes.InfoProvider
08-16 14:30:05.265 E/ActivityThread( 2837): Failed to find provider info for com.letv.agnes.InfoProvider
08-16 14:30:05.265 W/System.err( 2837): java.lang.IllegalArgumentException: Unknown URL content://com.letv.agnes.InfoProvider
08-16 14:30:05.265 I/[T1.0.6.3]EuiAgnes_Server( 2837): resCode:1
08-16 14:30:05.265 W/System.err( 2837): 	at android.content.ContentResolver.insert(ContentResolver.java:1227)
08-16 14:30:05.265 I/[T1.0.6.3]EuiAgnes_Server( 2837): b[0]:0
08-16 14:30:05.265 W/System.err( 2837): 	at com.letv.tracker2.agnes.Configuration.addDebugInfo(Configuration.java:289)
08-16 14:30:05.265 W/System.err( 2837): 	at com.letv.tracker2.agnes.MessageProcessor$SendEnvMsgTr$1.handleMessage(MessageProcessor.java:661)
08-16 14:30:05.265 W/System.err( 2837): 	at android.os.Handler.dispatchMessage(Handler.java:102)
08-16 14:30:05.265 W/System.err( 2837): 	at android.os.Looper.loop(Looper.java:148)
08-16 14:30:05.265 W/System.err( 2837): 	at com.letv.tracker2.agnes.MessageProcessor$SendEnvMsgTr.run(MessageProcessor.java:665)
08-16 14:30:05.286 I/tvos    ( 1764): [37m[INFO] Change to Voltage: 1130 mV (0x1F)[m
08-16 14:30:05.286 I/tvos    ( 1764): [37m[INFO] Change to Voltage: 1130 mV (0x22)[m
08-16 14:30:05.286 I/tvos    ( 1764): [37m[INFO] Change to Voltage: 1130 mV (0x25)[m
08-16 14:30:05.286 I/tvos    ( 1764): [37m[INFO] Change to Voltage: 1130 mV (0x28)[m
08-16 14:30:05.287 I/tvos    ( 1764): [37m[INFO] Change to Voltage: 1130 mV (0x2B)[m
08-16 14:30:05.288 I/tvos    ( 1764): [37m[INFO] Change to Voltage: 1130 mV (0x2C)[m
08-16 14:30:05.289 I/TVFeedback(18809): MyApplication -- register Letv Push
08-16 14:30:05.290 I/tvos    ( 1764): [37m[INFO] Change to Voltage: 1150 mV (0x22)[m
08-16 14:30:05.291 I/Launcher( 3007): [com.stv.launcher] LauncherApplication -- ========= tryTrimMemoryCache =========20
08-16 14:30:05.305 W/ContextImpl(18809): Calling a method in the system process without a qualified user: android.app.ContextImpl.startService:1224 android.content.ContextWrapper.startService:581 com.letv.android.lcm.WaitForString.waitFor:31 com.letv.android.lcm.RegistEngine.registAfter:175 com.letv.android.lcm.RegistEngine.register:53 
