08-16 14:30:29.651 I/tvos    ( 1764): GetAudioOutputDevice, retval : 0
08-16 14:30:29.685 I/tvos    ( 1764): [37m[INFO] Change to Voltage: 1150 mV (0x22)[m
08-16 14:30:29.685 I/tvos    ( 1764): [37m[INFO] Change to Voltage: 1150 mV (0x25)[m
08-16 14:30:29.685 I/tvos    ( 1764): [37m[INFO] Change to Voltage: 1150 mV (0x28)[m
08-16 14:30:29.685 I/tvos    ( 1764): [37m[INFO] Change to Voltage: 1150 mV (0x2B)[m
08-16 14:30:29.686 I/tvos    ( 1764): [37m[INFO] Change to Voltage: 1150 mV (0x2E)[m
08-16 14:30:29.686 I/tvos    ( 1764): [37m[INFO] Change to Voltage: 1150 mV (0x2E)[m
08-16 14:30:29.691 I/tvos    ( 1764): [37m[INFO] Change to Voltage: 1000 mV (0x2C)[m
08-16 14:30:29.695 I/tvos    ( 1764): [37m[INFO] Change to Voltage: 1000 mV (0x29)[m
08-16 14:30:29.696 I/tvos    ( 1764): [37m[INFO] Change to Voltage: 1000 mV (0x26)[m
08-16 14:30:29.697 I/tvos    ( 1764): [37m[INFO] Change to Voltage: 1000 mV (0x23)[m
08-16 14:30:29.698 I/tvos    ( 1764): [37m[INFO] Change to Voltage: 1000 mV (0x20)[m
08-16 14:30:29.700 I/tvos    ( 1764): [37m[INFO] Change to Voltage: 1000 mV (0x1F)[m
08-16 14:30:29.874 I/TVFeedback(18809): FeedBackUtils -- ====the files  logcat.log.11  is not  directory , exist ? true
08-16 14:30:29.901 I/tvos    ( 1764): GetAudioOutputDevice, retval : 0
08-16 14:30:30.099 I/TVFeedback(18809): FeedBackUtils -- ====the files  logcat.log.12  is not  directory , exist ? true
08-16 14:30:30.152 I/tvos    ( 1764): GetAudioOutputDevice, retval : 0
08-16 14:30:30.186 I/tvos    ( 1764): [37m[INFO] Change to Voltage: 1130 mV (0x1F)[m
08-16 14:30:30.187 I/tvos    ( 1764): [37m[INFO] Change to Voltage: 1130 mV (0x22)[m
08-16 14:30:30.187 I/tvos    ( 1764): [37m[INFO] Change to Voltage: 1130 mV (0x25)[m
08-16 14:30:30.187 I/tvos    ( 1764): [37m[INFO] Change to Voltage: 1130 mV (0x28)[m
08-16 14:30:30.188 I/tvos    ( 1764): [37m[INFO] Change to Voltage: 1130 mV (0x2B)[m
08-16 14:30:30.189 I/tvos    ( 1764): [37m[INFO] Change to Voltage: 1130 mV (0x2C)[m
08-16 14:30:30.286 I/tvos    ( 1764): [37m[INFO] Change to Voltage: 1000 mV (0x2C)[m
08-16 14:30:30.286 I/tvos    ( 1764): [37m[INFO] Change to Voltage: 1000 mV (0x29)[m
08-16 14:30:30.286 I/tvos    ( 1764): [37m[INFO] Change to Voltage: 1000 mV (0x26)[m
08-16 14:30:30.287 I/tvos    ( 1764): [37m[INFO] Change to Voltage: 1000 mV (0x23)[m
08-16 14:30:30.288 I/tvos    ( 1764): [37m[INFO] Change to Voltage: 1000 mV (0x20)[m
08-16 14:30:30.288 I/tvos    ( 1764): [37m[INFO] Change to Voltage: 1000 mV (0x1F)[m
08-16 14:30:30.338 I/TVFeedback(18809): FeedBackUtils -- ====the files  logcat.log.13  is not  directory , exist ? true
08-16 14:30:30.402 I/tvos    ( 1764): GetAudioOutputDevice, retval : 0
08-16 14:30:30.489 I/tvos    ( 1764): [37m[INFO] Change to Voltage: 1130 mV (0x1F)[m
08-16 14:30:30.489 I/tvos    ( 1764): [37m[INFO] Change to Voltage: 1130 mV (0x22)[m
08-16 14:30:30.489 I/tvos    ( 1764): [37m[INFO] Change to Voltage: 1130 mV (0x25)[m
08-16 14:30:30.489 I/tvos    ( 1764): [37m[INFO] Change to Voltage: 1130 mV (0x28)[m
08-16 14:30:30.489 I/tvos    ( 1764): [37m[INFO] Change to Voltage: 1130 mV (0x2B)[m
08-16 14:30:30.500 I/tvos    ( 1764): [37m[INFO] Change to Voltage: 1130 mV (0x2C)[m
08-16 14:30:30.582 I/TVFeedback(18809): FeedBackUtils -- ====the files  logcat.log.14  is not  directory , exist ? true
08-16 14:30:30.586 I/tvos    ( 1764): [37m[INFO] Change to Voltage: 1000 mV (0x2C)[m
08-16 14:30:30.586 I/tvos    ( 1764): [37m[INFO] Change to Voltage: 1000 mV (0x29)[m
08-16 14:30:30.586 I/tvos    ( 1764): [37m[INFO] Change to Voltage: 1000 mV (0x26)[m
08-16 14:30:30.587 I/tvos    ( 1764): [37m[INFO] Change to Voltage: 1000 mV (0x23)[m
08-16 14:30:30.589 I/tvos    ( 1764): [37m[INFO] Change to Voltage: 1000 mV (0x20)[m
08-16 14:30:30.592 I/tvos    ( 1764): [37m[INFO] Change to Voltage: 1000 mV (0x1F)[m
08-16 14:30:30.654 I/tvos    ( 1764): GetAudioOutputDevice, retval : 0
08-16 14:30:30.673 I/Toast   (18809):  PackageName: com.stv.feedback ToastText: 问题提交中，请稍候...
08-16 14:30:30.823 I/TVFeedback(18809): FeedBackUtils -- ====the files  logcat.log.15  is not  directory , exist ? true
08-16 14:30:30.887 I/tvos    ( 1764): [37m[INFO] Change to Voltage: 1030 mV (0x2E)[m
08-16 14:30:30.887 I/tvos    ( 1764): [37m[INFO] Change to Voltage: 1030 mV (0x2B)[m
08-16 14:30:30.887 I/tvos    ( 1764): [37m[INFO] Change to Voltage: 1030 mV (0x28)[m
08-16 14:30:30.888 I/tvos    ( 1764): [37m[INFO] Change to Voltage: 1030 mV (0x25)[m
08-16 14:30:30.889 I/tvos    ( 1764): [37m[INFO] Change to Voltage: 1030 mV (0x22)[m
08-16 14:30:30.893 I/tvos    ( 1764): [37m[INFO] Change to Voltage: 1030 mV (0x22)[m
08-16 14:30:30.905 I/tvos    ( 1764): GetAudioOutputDevice, retval : 0
08-16 14:30:30.985 I/tvos    ( 1764): [37m[INFO] Change to Voltage: 1150 mV (0x22)[m
08-16 14:30:30.985 I/tvos    ( 1764): [37m[INFO] Change to Voltage: 1150 mV (0x25)[m
08-16 14:30:30.986 I/tvos    ( 1764): [37m[INFO] Change to Voltage: 1150 mV (0x28)[m
08-16 14:30:30.987 I/tvos    ( 1764): [37m[INFO] Change to Voltage: 1150 mV (0x2B)[m
08-16 14:30:30.988 I/tvos    ( 1764): [37m[INFO] Change to Voltage: 1150 mV (0x2E)[m
08-16 14:30:30.988 I/tvos    ( 1764): [37m[INFO] Change to Voltage: 1150 mV (0x2E)[m
08-16 14:30:31.090 I/TVFeedback(18809): FeedBackUtils -- ====the files  logcat.log.16  is not  directory , exist ? true
08-16 14:30:31.158 I/tvos    ( 1764): GetAudioOutputDevice, retval : 0
08-16 14:30:31.326 I/TVFeedback(18809): FeedBackUtils -- ====the files  logcat.log.17  is not  directory , exist ? true
08-16 14:30:31.406 I/tvos    ( 1764): GetAudioOutputDevice, retval : 0
08-16 14:30:31.486 I/tvos    ( 1764): [37m[INFO] Change to Voltage: 1130 mV (0x1F)[m
08-16 14:30:31.486 I/tvos    ( 1764): [37m[INFO] Change to Voltage: 1130 mV (0x22)[m
08-16 14:30:31.486 I/tvos    ( 1764): [37m[INFO] Change to Voltage: 1130 mV (0x25)[m
08-16 14:30:31.486 I/tvos    ( 1764): [37m[INFO] Change to Voltage: 1130 mV (0x28)[m
08-16 14:30:31.486 I/tvos    ( 1764): [37m[INFO] Change to Voltage: 1130 mV (0x2B)[m
08-16 14:30:31.494 I/tvos    ( 1764): [37m[INFO] Change to Voltage: 1130 mV (0x2C)[m
08-16 14:30:31.568 I/TVFeedback(18809): FeedBackUtils -- ====the files  logcat.log.18  is not  directory , exist ? true
08-16 14:30:31.608 E/LetvRemoteupgradeManager-JNI( 2613): can't get LetvManager service!
08-16 14:30:31.657 I/tvos    ( 1764): GetAudioOutputDevice, retval : 0
08-16 14:30:31.685 I/tvos    ( 1764): [37m[INFO] Change to Voltage: 1000 mV (0x2C)[m
08-16 14:30:31.685 I/tvos    ( 1764): [37m[INFO] Change to Voltage: 1000 mV (0x29)[m
08-16 14:30:31.686 I/tvos    ( 1764): [37m[INFO] Change to Voltage: 1000 mV (0x26)[m
08-16 14:30:31.687 I/tvos    ( 1764): [37m[INFO] Change to Voltage: 1000 mV (0x23)[m
08-16 14:30:31.693 I/tvos    ( 1764): [37m[INFO] Change to Voltage: 1000 mV (0x20)[m
08-16 14:30:31.693 I/tvos    ( 1764): [37m[INFO] Change to Voltage: 1000 mV (0x1F)[m
08-16 14:30:31.789 I/tvos    ( 1764): [37m[INFO] Change to Voltage: 1130 mV (0x1F)[m
08-16 14:30:31.789 I/tvos    ( 1764): [37m[INFO] Change to Voltage: 1130 mV (0x22)[m
08-16 14:30:31.789 I/tvos    ( 1764): [37m[INFO] Change to Voltage: 1130 mV (0x25)[m
08-16 14:30:31.789 I/tvos    ( 1764): [37m[INFO] Change to Voltage: 1130 mV (0x28)[m
08-16 14:30:31.791 I/tvos    ( 1764): [37m[INFO] Change to Voltage: 1130 mV (0x2B)[m
08-16 14:30:31.791 I/tvos    ( 1764): [37m[INFO] Change to Voltage: 1130 mV (0x2C)[m
08-16 14:30:31.810 I/TVFeedback(18809): FeedBackUtils -- ====the files  logcat.log.19  is not  directory , exist ? true
08-16 14:30:31.886 I/tvos    ( 1764): [37m[INFO] Change to Voltage: 1000 mV (0x2C)[m
08-16 14:30:31.886 I/tvos    ( 1764): [37m[INFO] Change to Voltage: 1000 mV (0x29)[m
08-16 14:30:31.886 I/tvos    ( 1764): [37m[INFO] Change to Voltage: 1000 mV (0x26)[m
08-16 14:30:31.887 I/tvos    ( 1764): [37m[INFO] Change to Voltage: 1000 mV (0x23)[m
08-16 14:30:31.887 I/tvos    ( 1764): [37m[INFO] Change to Voltage: 1000 mV (0x20)[m
08-16 14:30:31.888 I/tvos    ( 1764): [37m[INFO] Change to Voltage: 1000 mV (0x1F)[m
08-16 14:30:31.909 I/tvos    ( 1764): GetAudioOutputDevice, retval : 0
08-16 14:30:32.058 I/TVFeedback(18809): FeedBackUtils -- ====the files  logcat.log.20  is not  directory , exist ? true
08-16 14:30:32.161 I/tvos    ( 1764): GetAudioOutputDevice, retval : 0
08-16 14:30:32.289 I/TVFeedback(18809): FeedBackUtils -- ====the files  net_log.db  is not  directory , exist ? true
08-16 14:30:32.295 I/TVFeedback(18809): FeedBackUtils -- ====the files  net_log.db-journal  is not  directory , exist ? true
08-16 14:30:32.300 I/TVFeedback(18809): FeedBackUtils -- ====the files  last_log  is not  directory , exist ? true
08-16 14:30:32.306 I/TVFeedback(18809): FeedBackUtils -- ====the files  last_log.1  is not  directory , exist ? true
08-16 14:30:32.318 I/TVFeedback(18809): FeedBackUtils -- ====the files  last_log.2  is not  directory , exist ? true
08-16 14:30:32.324 I/TVFeedback(18809): FeedBackUtils -- ====the files  last_log.3  is not  directory , exist ? true
08-16 14:30:32.327 I/TVFeedback(18809): FeedBackUtils -- ====the files  last_kmsg  is not  directory , exist ? true
08-16 14:30:32.335 I/TVFeedback(18809): FeedBackUtils -- ====the files  last_kmsg.1  is not  directory , exist ? true
08-16 14:30:32.343 I/TVFeedback(18809): FeedBackUtils -- ====the files  last_kmsg.2  is not  directory , exist ? true
08-16 14:30:32.348 I/TVFeedback(18809): FeedBackUtils -- ====the files  last_kmsg.3  is not  directory , exist ? true
08-16 14:30:32.356 I/TVFeedback(18809): FeedBackUtils -- ====the files  SysInfo.txt  is not  directory , exist ? true
08-16 14:30:32.360 E/LETV_DEVICE( 1780): no name sn for Mstar
08-16 14:30:32.377 I/LetvAccount(14745): UserInfoProvider -- appName: com.stv.feedback, permission: system(true) app(true), match=1
08-16 14:30:32.378 I/AccountManagerService( 2207): getTypesVisibleToCaller: isPermitted? true
08-16 14:30:32.386 I/tvos    ( 1764): [37m[INFO] Change to Voltage: 1030 mV (0x2E)[m
08-16 14:30:32.386 I/tvos    ( 1764): [37m[INFO] Change to Voltage: 1030 mV (0x2B)[m
08-16 14:30:32.389 I/tvos    ( 1764): [37m[INFO] Change to Voltage: 1030 mV (0x28)[m
08-16 14:30:32.389 I/tvos    ( 1764): [37m[INFO] Change to Voltage: 1030 mV (0x25)[m
08-16 14:30:32.389 I/tvos    ( 1764): [37m[INFO] Change to Voltage: 1030 mV (0x22)[m
08-16 14:30:32.390 I/tvos    ( 1764): [37m[INFO] Change to Voltage: 1030 mV (0x22)[m
08-16 14:30:32.396 I/tvos    ( 1764): [37m[INFO] Change to Voltage: 1130 mV (0x1F)[m
08-16 14:30:32.396 I/tvos    ( 1764): [37m[INFO] Change to Voltage: 1130 mV (0x22)[m
08-16 14:30:32.400 I/TVFeedback(18809): FeedBackUtils -- getSystemUserId - ssoToken = 103XXXWLm5iFfp7oHVCl5Nm5QniTYMwRr1riQV7kzFHb0cKblm5JnT7VZ62yLz6NiwchqILK4Vglv7ZN0oREFxfOiiJUsxPtqnon9LQtCfSYWPGD5q0Qm4
08-16 14:30:32.400 I/tvos    ( 1764): [37m[INFO] Change to Voltage: 1130 mV (0x25)[m
08-16 14:30:32.400 I/tvos    ( 1764): [37m[INFO] Change to Voltage: 1130 mV (0x28)[m
08-16 14:30:32.400 I/tvos    ( 1764): [37m[INFO] Change to Voltage: 1130 mV (0x2B)[m
08-16 14:30:32.400 I/tvos    ( 1764): [37m[INFO] Change to Voltage: 1130 mV (0x2C)[m
08-16 14:30:32.403 I/TVFeedback(18809): UrlUtils -- getUploadLogsUrl - URL = http://xfeedback-scloud.cp21.ott.cibntv.net/api/v3/Tvfeedback?version=V2409RCN02C065307D08011D&versionName=6.5.307D_0801&model=X440M&ui=6.5&hwVersion=H5000&mac=b01bd2542d51&region=CN&user-prefer-language=zh-cn&sso_tk=103XXXWLm5iFfp7oHVCl5Nm5QniTYMwRr1riQV7kzFHb0cKblm5JnT7VZ62yLz6NiwchqILK4Vglv7ZN0oREFxfOiiJUsxPtqnon9LQtCfSYWPGD5q0Qm4&&_ak=akfileup_YHoqMHgt&_time=1534401032402&_sign=eba1de7ad2d472d30cd0e8ef08f35df2
08-16 14:30:32.403 I/TVFeedback(18809): BaseRunner -- reqUrl is = http://xfeedback-scloud.cp21.ott.cibntv.net/api/v3/Tvfeedback?version=V2409RCN02C065307D08011D&versionName=6.5.307D_0801&model=X440M&ui=6.5&hwVersion=H5000&mac=b01bd2542d51&region=CN&user-prefer-language=zh-cn&sso_tk=103XXXWLm5iFfp7oHVCl5Nm5QniTYMwRr1riQV7kzFHb0cKblm5JnT7VZ62yLz6NiwchqILK4Vglv7ZN0oREFxfOiiJUsxPtqnon9LQtCfSYWPGD5q0Qm4&&_ak=akfileup_YHoqMHgt&_time=1534401032402&_sign=eba1de7ad2d472d30cd0e8ef08f35df2
08-16 14:30:32.410 I/TVFeedback(18809): OkHttpUtils -- OkHttpUtils: post data to cloud.
08-16 14:30:32.411 I/tvos    ( 1764): GetAudioOutputDevice, retval : 0
08-16 14:30:32.424 I/TVFeedback(18809): OkHttpUtils -- postLogFile: 
08-16 14:30:32.661 I/tvos    ( 1764): GetAudioOutputDevice, retval : 0
08-16 14:30:32.686 I/tvos    ( 1764): [37m[INFO] Change to Voltage: 1150 mV (0x22)[m
08-16 14:30:32.686 I/tvos    ( 1764): [37m[INFO] Change to Voltage: 1150 mV (0x25)[m
08-16 14:30:32.686 I/tvos    ( 1764): [37m[INFO] Change to Voltage: 1150 mV (0x28)[m
08-16 14:30:32.688 I/tvos    ( 1764): [37m[INFO] Change to Voltage: 1150 mV (0x2B)[m
08-16 14:30:32.688 I/tvos    ( 1764): [37m[INFO] Change to Voltage: 1150 mV (0x2E)[m
08-16 14:30:32.689 I/tvos    ( 1764): [37m[INFO] Change to Voltage: 1150 mV (0x2E)[m
08-16 14:30:32.890 I/tvos    ( 1764): [37m[INFO] Change to Voltage: 1030 mV (0x2E)[m
08-16 14:30:32.890 I/tvos    ( 1764): [37m[INFO] Change to Voltage: 1030 mV (0x2B)[m
08-16 14:30:32.890 I/tvos    ( 1764): [37m[INFO] Change to Voltage: 1030 mV (0x28)[m
08-16 14:30:32.891 I/tvos    ( 1764): [37m[INFO] Change to Voltage: 1030 mV (0x25)[m
08-16 14:30:32.892 I/tvos    ( 1764): [37m[INFO] Change to Voltage: 1030 mV (0x22)[m
08-16 14:30:32.892 I/tvos    ( 1764): [37m[INFO] Change to Voltage: 1030 mV (0x22)[m
08-16 14:30:32.912 I/tvos    ( 1764): GetAudioOutputDevice, retval : 0
08-16 14:30:33.085 I/tvos    ( 1764): [37m[INFO] Change to Voltage: 1150 mV (0x22)[m
08-16 14:30:33.085 I/tvos    ( 1764): [37m[INFO] Change to Voltage: 1150 mV (0x25)[m
08-16 14:30:33.085 I/tvos    ( 1764): [37m[INFO] Change to Voltage: 1150 mV (0x28)[m
08-16 14:30:33.086 I/tvos    ( 1764): [37m[INFO] Change to Voltage: 1150 mV (0x2B)[m
08-16 14:30:33.087 I/tvos    ( 1764): [37m[INFO] Change to Voltage: 1150 mV (0x2E)[m
08-16 14:30:33.087 I/tvos    ( 1764): [37m[INFO] Change to Voltage: 1150 mV (0x2E)[m
08-16 14:30:33.095 I/tvos    ( 1764): [37m[INFO] Change to Voltage: 1000 mV (0x2C)[m
08-16 14:30:33.095 I/tvos    ( 1764): [37m[INFO] Change to Voltage: 1000 mV (0x29)[m
08-16 14:30:33.095 I/tvos    ( 1764): [37m[INFO] Change to Voltage: 1000 mV (0x26)[m
08-16 14:30:33.095 I/tvos    ( 1764): [37m[INFO] Change to Voltage: 1000 mV (0x23)[m
08-16 14:30:33.096 I/tvos    ( 1764): [37m[INFO] Change to Voltage: 1000 mV (0x20)[m
08-16 14:30:33.097 I/tvos    ( 1764): [37m[INFO] Change to Voltage: 1000 mV (0x1F)[m
08-16 14:30:33.164 I/tvos    ( 1764): GetAudioOutputDevice, retval : 0
08-16 14:30:33.186 I/tvos    ( 1764): [37m[INFO] Change to Voltage: 1030 mV (0x2E)[m
08-16 14:30:33.187 I/tvos    ( 1764): [37m[INFO] Change to Voltage: 1030 mV (0x2B)[m
08-16 14:30:33.188 I/tvos    ( 1764): [37m[INFO] Change to Voltage: 1030 mV (0x28)[m
08-16 14:30:33.192 I/tvos    ( 1764): [37m[INFO] Change to Voltage: 1030 mV (0x25)[m
08-16 14:30:33.197 I/tvos    ( 1764): [37m[INFO] Change to Voltage: 1030 mV (0x22)[m
08-16 14:30:33.200 I/tvos    ( 1764): [37m[INFO] Change to Voltage: 1030 mV (0x22)[m
08-16 14:30:33.291 I/tvos    ( 1764): [37m[INFO] Change to Voltage: 1130 mV (0x1F)[m
08-16 14:30:33.291 I/tvos    ( 1764): [37m[INFO] Change to Voltage: 1130 mV (0x22)[m
08-16 14:30:33.291 I/tvos    ( 1764): [37m[INFO] Change to Voltage: 1130 mV (0x25)[m
08-16 14:30:33.293 I/tvos    ( 1764): [37m[INFO] Change to Voltage: 1130 mV (0x28)[m
08-16 14:30:33.294 I/tvos    ( 1764): [37m[INFO] Change to Voltage: 1130 mV (0x2B)[m
08-16 14:30:33.294 I/tvos    ( 1764): [37m[INFO] Change to Voltage: 1130 mV (0x2C)[m
08-16 14:30:33.386 I/tvos    ( 1764): [37m[INFO] Change to Voltage: 1150 mV (0x22)[m
08-16 14:30:33.386 I/tvos    ( 1764): [37m[INFO] Change to Voltage: 1150 mV (0x25)[m
08-16 14:30:33.386 I/tvos    ( 1764): [37m[INFO] Change to Voltage: 1150 mV (0x28)[m
08-16 14:30:33.386 I/tvos    ( 1764): [37m[INFO] Change to Voltage: 1150 mV (0x2B)[m
08-16 14:30:33.386 I/tvos    ( 1764): [37m[INFO] Change to Voltage: 1150 mV (0x2E)[m
08-16 14:30:33.386 I/tvos    ( 1764): [37m[INFO] Change to Voltage: 1150 mV (0x2E)[m
08-16 14:30:33.399 I/tvos    ( 1764): [37m[INFO] Change to Voltage: 1000 mV (0x2C)[m
08-16 14:30:33.399 I/tvos    ( 1764): [37m[INFO] Change to Voltage: 1000 mV (0x29)[m
08-16 14:30:33.400 I/tvos    ( 1764): [37m[INFO] Change to Voltage: 1000 mV (0x26)[m
08-16 14:30:33.402 I/tvos    ( 1764): [37m[INFO] Change to Voltage: 1000 mV (0x23)[m
08-16 14:30:33.403 I/tvos    ( 1764): [37m[INFO] Change to Voltage: 1000 mV (0x20)[m
08-16 14:30:33.404 I/tvos    ( 1764): [37m[INFO] Change to Voltage: 1000 mV (0x1F)[m
08-16 14:30:33.413 I/tvos    ( 1764): GetAudioOutputDevice, retval : 0
08-16 14:30:33.487 I/tvos    ( 1764): [37m[INFO] Change to Voltage: 1030 mV (0x2E)[m
08-16 14:30:33.487 I/tvos    ( 1764): [37m[INFO] Change to Voltage: 1030 mV (0x2B)[m
08-16 14:30:33.487 I/tvos    ( 1764): [37m[INFO] Change to Voltage: 1030 mV (0x28)[m
08-16 14:30:33.487 I/tvos    ( 1764): [37m[INFO] Change to Voltage: 1030 mV (0x25)[m
08-16 14:30:33.488 I/tvos    ( 1764): [37m[INFO] Change to Voltage: 1030 mV (0x22)[m
08-16 14:30:33.489 I/tvos    ( 1764): [37m[INFO] Change to Voltage: 1030 mV (0x22)[m
08-16 14:30:33.494 I/tvos    ( 1764): [37m[INFO] Change to Voltage: 1130 mV (0x1F)[m
08-16 14:30:33.494 I/tvos    ( 1764): [37m[INFO] Change to Voltage: 1130 mV (0x22)[m
08-16 14:30:33.495 I/tvos    ( 1764): [37m[INFO] Change to Voltage: 1130 mV (0x25)[m
08-16 14:30:33.496 I/tvos    ( 1764): [37m[INFO] Change to Voltage: 1130 mV (0x28)[m
08-16 14:30:33.499 I/tvos    ( 1764): [37m[INFO] Change to Voltage: 1130 mV (0x2B)[m
08-16 14:30:33.501 I/tvos    ( 1764): [37m[INFO] Change to Voltage: 1130 mV (0x2C)[m
08-16 14:30:33.586 I/tvos    ( 1764): [37m[INFO] Change to Voltage: 1150 mV (0x22)[m
08-16 14:30:33.586 I/tvos    ( 1764): [37m[INFO] Change to Voltage: 1150 mV (0x25)[m
08-16 14:30:33.586 I/tvos    ( 1764): [37m[INFO] Change to Voltage: 1150 mV (0x28)[m
08-16 14:30:33.588 I/tvos    ( 1764): [37m[INFO] Change to Voltage: 1150 mV (0x2B)[m
08-16 14:30:33.589 I/tvos    ( 1764): [37m[INFO] Change to Voltage: 1150 mV (0x2E)[m
08-16 14:30:33.592 I/tvos    ( 1764): [37m[INFO] Change to Voltage: 1150 mV (0x2E)[m
08-16 14:30:33.663 I/tvos    ( 1764): GetAudioOutputDevice, retval : 0
08-16 14:30:33.673 I/Toast   (18809):  PackageName: com.stv.feedback ToastText: 问题提交中，请稍候...
08-16 14:30:33.686 I/tvos    ( 1764): [37m[INFO] Change to Voltage: 1030 mV (0x2E)[m
08-16 14:30:33.686 I/tvos    ( 1764): [37m[INFO] Change to Voltage: 1030 mV (0x2B)[m
08-16 14:30:33.686 I/tvos    ( 1764): [37m[INFO] Change to Voltage: 1030 mV (0x28)[m
08-16 14:30:33.686 I/tvos    ( 1764): [37m[INFO] Change to Voltage: 1030 mV (0x25)[m
08-16 14:30:33.687 I/tvos    ( 1764): [37m[INFO] Change to Voltage: 1030 mV (0x22)[m
08-16 14:30:33.688 I/tvos    ( 1764): [37m[INFO] Change to Voltage: 1030 mV (0x22)[m
08-16 14:30:33.691 I/tvos    ( 1764): [37m[INFO] Change to Voltage: 1000 mV (0x2C)[m
08-16 14:30:33.691 I/tvos    ( 1764): [37m[INFO] Change to Voltage: 1000 mV (0x29)[m
08-16 14:30:33.692 I/tvos    ( 1764): [37m[INFO] Change to Voltage: 1000 mV (0x26)[m
08-16 14:30:33.693 I/tvos    ( 1764): [37m[INFO] Change to Voltage: 1000 mV (0x23)[m
08-16 14:30:33.694 I/tvos    ( 1764): [37m[INFO] Change to Voltage: 1000 mV (0x20)[m
08-16 14:30:33.695 I/tvos    ( 1764): [37m[INFO] Change to Voltage: 1000 mV (0x1F)[m
08-16 14:30:33.787 I/tvos    ( 1764): [37m[INFO] Change to Voltage: 1130 mV (0x1F)[m
08-16 14:30:33.789 I/tvos    ( 1764): [37m[INFO] Change to Voltage: 1130 mV (0x22)[m
08-16 14:30:33.794 I/tvos    ( 1764): [37m[INFO] Change to Voltage: 1130 mV (0x25)[m
08-16 14:30:33.796 I/tvos    ( 1764): [37m[INFO] Change to Voltage: 1130 mV (0x28)[m
08-16 14:30:33.806 I/tvos    ( 1764): [37m[INFO] Change to Voltage: 1130 mV (0x2B)[m
08-16 14:30:33.807 I/tvos    ( 1764): [37m[INFO] Change to Voltage: 1130 mV (0x2C)[m
08-16 14:30:33.887 I/tvos    ( 1764): [37m[INFO] Change to Voltage: 1000 mV (0x2C)[m
08-16 14:30:33.887 I/tvos    ( 1764): [37m[INFO] Change to Voltage: 1000 mV (0x29)[m
08-16 14:30:33.887 I/tvos    ( 1764): [37m[INFO] Change to Voltage: 1000 mV (0x26)[m
08-16 14:30:33.888 I/tvos    ( 1764): [37m[INFO] Change to Voltage: 1000 mV (0x23)[m
08-16 14:30:33.888 I/tvos    ( 1764): [37m[INFO] Change to Voltage: 1000 mV (0x20)[m
08-16 14:30:33.890 I/tvos    ( 1764): [37m[INFO] Change to Voltage: 1000 mV (0x1F)[m
08-16 14:30:33.914 I/tvos    ( 1764): GetAudioOutputDevice, retval : 0
08-16 14:30:34.020 I/reService( 2207): onReportKeyEvent  type=type0 keycode=21*21*4*4*4*4*4 
08-16 14:30:34.022 E/LETV_DEVICE( 1780): no name sn for Mstar
08-16 14:30:34.042 E/ActivityThread( 2837): Failed to find provider info for com.letv.agnes.InfoProvider
08-16 14:30:34.044 E/ActivityThread( 2837): Failed to find provider info for com.letv.agnes.InfoProvider
08-16 14:30:34.044 W/System.err( 2837): java.lang.IllegalArgumentException: Unknown URL content://com.letv.agnes.InfoProvider
08-16 14:30:34.045 W/System.err( 2837): 	at android.content.ContentResolver.insert(ContentResolver.java:1227)
08-16 14:30:34.045 W/System.err( 2837): 	at com.letv.tracker2.agnes.Configuration.addDebugInfo(Configuration.java:289)
08-16 14:30:34.045 W/System.err( 2837): 	at com.letv.tracker2.agnes.MessageProcessor$SendEnvMsgTr$1.handleMessage(MessageProcessor.java:661)
08-16 14:30:34.047 W/System.err( 2837): 	at android.os.Handler.dispatchMessage(Handler.java:102)
08-16 14:30:34.047 W/System.err( 2837): 	at android.os.Looper.loop(Looper.java:148)
08-16 14:30:34.047 W/System.err( 2837): 	at com.letv.tracker2.agnes.MessageProcessor$SendEnvMsgTr.run(MessageProcessor.java:665)
08-16 14:30:34.057 I/[T1.0.6.3]EuiAgnes_Server( 2837): resCode:1
08-16 14:30:34.057 I/[T1.0.6.3]EuiAgnes_Server( 2837): b[0]:0
08-16 14:30:34.086 I/tvos    ( 1764): [37m[INFO] Change to Voltage: 1130 mV (0x1F)[m
08-16 14:30:34.086 I/tvos    ( 1764): [37m[INFO] Change to Voltage: 1130 mV (0x22)[m
08-16 14:30:34.086 I/tvos    ( 1764): [37m[INFO] Change to Voltage: 1130 mV (0x25)[m
08-16 14:30:34.086 I/tvos    ( 1764): [37m[INFO] Change to Voltage: 1130 mV (0x28)[m
08-16 14:30:34.086 I/tvos    ( 1764): [37m[INFO] Change to Voltage: 1130 mV (0x2B)[m
08-16 14:30:34.088 I/tvos    ( 1764): [37m[INFO] Change to Voltage: 1130 mV (0x2C)[m
08-16 14:30:34.164 I/tvos    ( 1764): GetAudioOutputDevice, retval : 0
08-16 14:30:34.415 I/tvos    ( 1764): GetAudioOutputDevice, retval : 0
08-16 14:30:34.486 I/tvos    ( 1764): [37m[INFO] Change to Voltage: 1000 mV (0x2C)[m
08-16 14:30:34.486 I/tvos    ( 1764): [37m[INFO] Change to Voltage: 1000 mV (0x29)[m
08-16 14:30:34.486 I/tvos    ( 1764): [37m[INFO] Change to Voltage: 1000 mV (0x26)[m
08-16 14:30:34.487 I/tvos    ( 1764): [37m[INFO] Change to Voltage: 1000 mV (0x23)[m
08-16 14:30:34.488 I/tvos    ( 1764): [37m[INFO] Change to Voltage: 1000 mV (0x20)[m
08-16 14:30:34.488 I/tvos    ( 1764): [37m[INFO] Change to Voltage: 1000 mV (0x1F)[m
08-16 14:30:34.501 I/TVFeedback(18809): OkHttpUtils -- code = 200
08-16 14:30:34.507 I/TVFeedback(18809): OkHttpUtils -- response = {"errno":10000,"errmsg":"add success"}
08-16 14:30:34.513 W/ContextImpl(18809): Calling a method in the system process without a qualified user: android.app.ContextImpl.sendBroadcast:766 android.content.ContextWrapper.sendBroadcast:396 com.stv.feedback.service.UploadService.notifyUploadResult:297 com.stv.feedback.service.UploadService.getPostResult:269 com.stv.feedback.service.UploadService.uploadIssue:224 
08-16 14:30:34.515 W/ContextImpl(18809): Calling a method in the system process without a qualified user: android.app.ContextImpl.sendBroadcast:766 android.content.ContextWrapper.sendBroadcast:396 com.stv.feedback.service.UploadService.uploadIssue:229 com.stv.feedback.service.UploadService.processHandleIntent:138 com.stv.feedback.service.AbstractUploadService.onHandleIntent:61 
08-16 14:30:34.517 I/TVFeedback(18809): UploadService -- upload issue success!
08-16 14:30:34.524 I/NotificationService( 2207): cancelToast pkg=com.stv.feedback callback=android.app.ITransientNotification$Stub$Proxy@21b321b
08-16 14:30:34.532 I/Toast   (18809):  PackageName: com.stv.feedback ToastText: 问题已提交，谢谢您的反馈
08-16 14:30:34.540 I/TVFeedback(18809): UploadService -- onDestroy
08-16 14:30:34.541 W/ContextImpl(18809): Calling a method in the system process without a qualified user: android.app.ContextImpl.sendBroadcast:766 android.content.ContextWrapper.sendBroadcast:396 com.stv.feedback.service.UploadService.onDestroy:123 android.app.ActivityThread.handleStopService:3045 android.app.ActivityThread.-wrap21:-1 
08-16 14:30:34.563 W/InputDispatcher( 2207): Window went away: Window{bad44ff u0 Toast}
08-16 14:30:34.564 I/TVFeedback(18809): MyApplication -- mVisible = 0, mIsWorkInit = false
08-16 14:30:34.595 I/tvos    ( 1764): [37m[INFO] Change to Voltage: 1130 mV (0x1F)[m
08-16 14:30:34.595 I/tvos    ( 1764): [37m[INFO] Change to Voltage: 1130 mV (0x22)[m
08-16 14:30:34.595 I/tvos    ( 1764): [37m[INFO] Change to Voltage: 1130 mV (0x25)[m
08-16 14:30:34.595 I/tvos    ( 1764): [37m[INFO] Change to Voltage: 1130 mV (0x28)[m
08-16 14:30:34.595 I/tvos    ( 1764): [37m[INFO] Change to Voltage: 1130 mV (0x2B)[m
08-16 14:30:34.595 I/tvos    ( 1764): [37m[INFO] Change to Voltage: 1130 mV (0x2C)[m
08-16 14:30:34.599 E/BufferQueueProducer( 1749): [Toast] connect(P): already connected (cur=1 req=1)
08-16 14:30:34.608 E/LetvRemoteupgradeManager-JNI( 2613): can't get LetvManager service!
08-16 14:30:34.665 I/tvos    ( 1764): GetAudioOutputDevice, retval : 0
08-16 14:30:34.786 I/tvos    ( 1764): [37m[INFO] Change to Voltage: 1000 mV (0x2C)[m
08-16 14:30:34.786 I/tvos    ( 1764): [37m[INFO] Change to Voltage: 1000 mV (0x29)[m
08-16 14:30:34.786 I/tvos    ( 1764): [37m[INFO] Change to Voltage: 1000 mV (0x26)[m
08-16 14:30:34.787 I/tvos    ( 1764): [37m[INFO] Change to Voltage: 1000 mV (0x23)[m
08-16 14:30:34.787 I/tvos    ( 1764): [37m[INFO] Change to Voltage: 1000 mV (0x20)[m
08-16 14:30:34.789 I/tvos    ( 1764): [37m[INFO] Change to Voltage: 1000 mV (0x1F)[m
08-16 14:30:34.916 I/tvos    ( 1764): GetAudioOutputDevice, retval : 0
08-16 14:30:34.989 I/tvos    ( 1764): [37m[INFO] Change to Voltage: 1130 mV (0x1F)[m
08-16 14:30:34.990 I/tvos    ( 1764): [37m[INFO] Change to Voltage: 1130 mV (0x22)[m
08-16 14:30:34.990 I/tvos    ( 1764): [37m[INFO] Change to Voltage: 1130 mV (0x25)[m
08-16 14:30:34.990 I/tvos    ( 1764): [37m[INFO] Change to Voltage: 1130 mV (0x28)[m
08-16 14:30:34.990 I/tvos    ( 1764): [37m[INFO] Change to Voltage: 1130 mV (0x2B)[m
08-16 14:30:34.990 I/tvos    ( 1764): [37m[INFO] Change to Voltage: 1130 mV (0x2C)[m
08-16 14:30:35.086 I/tvos    ( 1764): [37m[INFO] Change to Voltage: 1000 mV (0x2C)[m
08-16 14:30:35.086 I/tvos    ( 1764): [37m[INFO] Change to Voltage: 1000 mV (0x29)[m
08-16 14:30:35.086 I/tvos    ( 1764): [37m[INFO] Change to Voltage: 1000 mV (0x26)[m
08-16 14:30:35.087 I/tvos    ( 1764): [37m[INFO] Change to Voltage: 1000 mV (0x23)[m
08-16 14:30:35.088 I/tvos    ( 1764): [37m[INFO] Change to Voltage: 1000 mV (0x20)[m
08-16 14:30:35.088 I/tvos    ( 1764): [37m[INFO] Change to Voltage: 1000 mV (0x1F)[m
08-16 14:30:35.166 I/tvos    ( 1764): GetAudioOutputDevice, retval : 0
08-16 14:30:35.286 I/tvos    ( 1764): [37m[INFO] Change to Voltage: 1130 mV (0x1F)[m
08-16 14:30:35.286 I/tvos    ( 1764): [37m[INFO] Change to Voltage: 1130 mV (0x22)[m
08-16 14:30:35.286 I/tvos    ( 1764): [37m[INFO] Change to Voltage: 1130 mV (0x25)[m
08-16 14:30:35.286 I/tvos    ( 1764): [37m[INFO] Change to Voltage: 1130 mV (0x28)[m
08-16 14:30:35.286 I/tvos    ( 1764): [37m[INFO] Change to Voltage: 1130 mV (0x2B)[m
08-16 14:30:35.290 I/tvos    ( 1764): [37m[INFO] Change to Voltage: 1130 mV (0x2C)[m
08-16 14:30:35.386 I/tvos    ( 1764): [37m[INFO] Change to Voltage: 1000 mV (0x2C)[m
08-16 14:30:35.386 I/tvos    ( 1764): [37m[INFO] Change to Voltage: 1000 mV (0x29)[m
08-16 14:30:35.387 I/tvos    ( 1764): [37m[INFO] Change to Voltage: 1000 mV (0x26)[m
08-16 14:30:35.388 I/tvos    ( 1764): [37m[INFO] Change to Voltage: 1000 mV (0x23)[m
08-16 14:30:35.389 I/tvos    ( 1764): [37m[INFO] Change to Voltage: 1000 mV (0x20)[m
08-16 14:30:35.390 I/tvos    ( 1764): [37m[INFO] Change to Voltage: 1000 mV (0x1F)[m
08-16 14:30:35.417 I/tvos    ( 1764): GetAudioOutputDevice, retval : 0
08-16 14:30:35.667 I/tvos    ( 1764): GetAudioOutputDevice, retval : 0
08-16 14:30:35.786 I/tvos    ( 1764): [37m[INFO] Change to Voltage: 1130 mV (0x1F)[m
08-16 14:30:35.786 I/tvos    ( 1764): [37m[INFO] Change to Voltage: 1130 mV (0x22)[m
08-16 14:30:35.786 I/tvos    ( 1764): [37m[INFO] Change to Voltage: 1130 mV (0x25)[m
08-16 14:30:35.786 I/tvos    ( 1764): [37m[INFO] Change to Voltage: 1130 mV (0x28)[m
08-16 14:30:35.787 I/tvos    ( 1764): [37m[INFO] Change to Voltage: 1130 mV (0x2B)[m
08-16 14:30:35.787 I/tvos    ( 1764): [37m[INFO] Change to Voltage: 1130 mV (0x2C)[m
08-16 14:30:35.886 I/tvos    ( 1764): [37m[INFO] Change to Voltage: 1000 mV (0x2C)[m
08-16 14:30:35.886 I/tvos    ( 1764): [37m[INFO] Change to Voltage: 1000 mV (0x29)[m
08-16 14:30:35.886 I/tvos    ( 1764): [37m[INFO] Change to Voltage: 1000 mV (0x26)[m
08-16 14:30:35.887 I/tvos    ( 1764): [37m[INFO] Change to Voltage: 1000 mV (0x23)[m
08-16 14:30:35.888 I/tvos    ( 1764): [37m[INFO] Change to Voltage: 1000 mV (0x20)[m
08-16 14:30:35.888 I/tvos    ( 1764): [37m[INFO] Change to Voltage: 1000 mV (0x1F)[m
08-16 14:30:35.917 I/tvos    ( 1764): GetAudioOutputDevice, retval : 0
08-16 14:30:36.168 I/tvos    ( 1764): GetAudioOutputDevice, retval : 0
08-16 14:30:36.327 I/WifiStateMachine( 2207):  DisconnectedState !CMD_START_SCAN  rt=511902760/511902760 -2 34105 ic=1 proc(ms):15012 dur:2991 cnt=34105 rssi=-127 f=-1 sc=0 link=-1 tx=0.0, 0.0, 0.0  rx=0.0 fiv=20000 [on:0 tx:0 rx:0 period:15010] from screen [on:0 period:1097711655]
08-16 14:30:36.328 I/WifiStateMachine( 2207): handlescanrequest  starting scan for 
08-16 14:30:36.328 I/WifiStateMachine( 2207): startscannative  starting scan for 
08-16 14:30:36.418 I/tvos    ( 1764): GetAudioOutputDevice, retval : 0
08-16 14:30:36.669 I/tvos    ( 1764): GetAudioOutputDevice, retval : 0
08-16 14:30:36.919 I/tvos    ( 1764): GetAudioOutputDevice, retval : 0
08-16 14:30:37.169 I/tvos    ( 1764): GetAudioOutputDevice, retval : 0
08-16 14:30:37.420 I/tvos    ( 1764): GetAudioOutputDevice, retval : 0
08-16 14:30:37.609 E/LetvRemoteupgradeManager-JNI( 2613): can't get LetvManager service!
08-16 14:30:37.672 I/tvos    ( 1764): GetAudioOutputDevice, retval : 0
08-16 14:30:37.922 I/tvos    ( 1764): GetAudioOutputDevice, retval : 0
08-16 14:30:38.044 W/InputDispatcher( 2207): Window went away: Window{83de191 u0 Toast}
08-16 14:30:38.173 I/tvos    ( 1764): GetAudioOutputDevice, retval : 0
08-16 14:30:38.385 I/tvos    ( 1764): [37m[INFO] Change to Voltage: 1130 mV (0x1F)[m
08-16 14:30:38.385 I/tvos    ( 1764): [37m[INFO] Change to Voltage: 1130 mV (0x22)[m
08-16 14:30:38.386 I/tvos    ( 1764): [37m[INFO] Change to Voltage: 1130 mV (0x25)[m
08-16 14:30:38.387 I/tvos    ( 1764): [37m[INFO] Change to Voltage: 1130 mV (0x28)[m
08-16 14:30:38.388 I/tvos    ( 1764): [37m[INFO] Change to Voltage: 1130 mV (0x2B)[m
08-16 14:30:38.388 I/tvos    ( 1764): [37m[INFO] Change to Voltage: 1130 mV (0x2C)[m
08-16 14:30:38.423 I/tvos    ( 1764): GetAudioOutputDevice, retval : 0
08-16 14:30:38.586 I/tvos    ( 1764): [37m[INFO] Change to Voltage: 1000 mV (0x2C)[m
08-16 14:30:38.586 I/tvos    ( 1764): [37m[INFO] Change to Voltage: 1000 mV (0x29)[m
08-16 14:30:38.586 I/tvos    ( 1764): [37m[INFO] Change to Voltage: 1000 mV (0x26)[m
08-16 14:30:38.586 I/tvos    ( 1764): [37m[INFO] Change to Voltage: 1000 mV (0x23)[m
08-16 14:30:38.587 I/tvos    ( 1764): [37m[INFO] Change to Voltage: 1000 mV (0x20)[m
08-16 14:30:38.588 I/tvos    ( 1764): [37m[INFO] Change to Voltage: 1000 mV (0x1F)[m
08-16 14:30:38.674 I/tvos    ( 1764): GetAudioOutputDevice, retval : 0
08-16 14:30:38.924 I/tvos    ( 1764): GetAudioOutputDevice, retval : 0
08-16 14:30:39.175 I/tvos    ( 1764): GetAudioOutputDevice, retval : 0
08-16 14:30:39.239 I/WifiStateMachine( 2207):  DisconnectedState !SCAN_RESULTS_EVENT  rt=511905672/511905672 0 0 found=191 known=0 got=191 bcn=0 con=0
08-16 14:30:39.240 I/WifiStateMachine( 2207):  ConnectModeState !SCAN_RESULTS_EVENT  rt=511905673/511905673 0 0 found=191 known=0 got=191 bcn=0 con=0
08-16 14:30:39.240 I/WifiStateMachine( 2207):  DriverStartedState !SCAN_RESULTS_EVENT  rt=511905673/511905673 0 0 found=191 known=0 got=191 bcn=0 con=0
08-16 14:30:39.241 I/WifiStateMachine( 2207):  SupplicantStartedState !SCAN_RESULTS_EVENT  rt=511905674/511905674 0 0 found=191 known=0 got=191 bcn=0 con=0
08-16 14:30:39.366 I/WifiStateMachine( 2207): setscanresults newsupplicantresult
08-16 14:30:39.425 I/tvos    ( 1764): GetAudioOutputDevice, retval : 0
08-16 14:30:39.676 I/tvos    ( 1764): GetAudioOutputDevice, retval : 0
