--------- beginning of main
08-16 14:18:53.017 I/tvos    ( 1764): GetAudioOutputDevice, retval : 0
08-16 14:18:53.267 I/tvos    ( 1764): GetAudioOutputDevice, retval : 0
08-16 14:18:53.385 I/tvos    ( 1764): [37m[INFO] Change to Voltage: 1150 mV (0x22)[m
08-16 14:18:53.385 I/tvos    ( 1764): [37m[INFO] Change to Voltage: 1150 mV (0x25)[m
08-16 14:18:53.385 I/tvos    ( 1764): [37m[INFO] Change to Voltage: 1150 mV (0x28)[m
08-16 14:18:53.386 I/tvos    ( 1764): [37m[INFO] Change to Voltage: 1150 mV (0x2B)[m
08-16 14:18:53.386 I/tvos    ( 1764): [37m[INFO] Change to Voltage: 1150 mV (0x2E)[m
08-16 14:18:53.387 I/tvos    ( 1764): [37m[INFO] Change to Voltage: 1150 mV (0x2E)[m
08-16 14:18:53.518 I/tvos    ( 1764): GetAudioOutputDevice, retval : 0
08-16 14:18:53.631 I/WifiStateMachine( 2207):  DisconnectedState !SCAN_RESULTS_EVENT  rt=511200064/511200064 0 0 found=188 known=0 got=188 bcn=0 con=0
08-16 14:18:53.631 I/WifiStateMachine( 2207):  ConnectModeState !SCAN_RESULTS_EVENT  rt=511200064/511200064 0 0 found=188 known=0 got=188 bcn=0 con=0
08-16 14:18:53.631 I/WifiStateMachine( 2207):  DriverStartedState !SCAN_RESULTS_EVENT  rt=511200064/511200064 0 0 found=188 known=0 got=188 bcn=0 con=0
08-16 14:18:53.631 I/WifiStateMachine( 2207):  SupplicantStartedState !SCAN_RESULTS_EVENT  rt=511200064/511200064 0 0 found=188 known=0 got=188 bcn=0 con=0
08-16 14:18:53.703 I/WifiStateMachine( 2207): setscanresults newsupplicantresult
08-16 14:18:53.768 I/tvos    ( 1764): GetAudioOutputDevice, retval : 0
08-16 14:18:53.956 I/Radio-JNI(14923): register_android_hardware_Radio DONE
--------- beginning of system
08-16 14:18:53.980 I/ActivityManager( 2207): Force stopping com.le.tcauto.uitest appid=10097 user=0: start instr
08-16 14:18:53.987 I/tvos    ( 1764): [37m[INFO] Change to Voltage: 1030 mV (0x2E)[m
08-16 14:18:53.987 I/tvos    ( 1764): [37m[INFO] Change to Voltage: 1030 mV (0x2B)[m
08-16 14:18:53.987 I/tvos    ( 1764): [37m[INFO] Change to Voltage: 1030 mV (0x28)[m
08-16 14:18:53.987 I/tvos    ( 1764): [37m[INFO] Change to Voltage: 1030 mV (0x25)[m
08-16 14:18:53.987 I/tvos    ( 1764): [37m[INFO] Change to Voltage: 1030 mV (0x22)[m
08-16 14:18:53.988 I/tvos    ( 1764): [37m[INFO] Change to Voltage: 1030 mV (0x22)[m
08-16 14:18:53.994 I/art     (14933): Late-enabling -Xcheck:jni
08-16 14:18:53.995 I/ActivityManager( 2207): Start proc 14933:com.le.tcauto.uitest/u0a97 for added application com.le.tcauto.uitest
08-16 14:18:54.019 I/tvos    ( 1764): GetAudioOutputDevice, retval : 0
08-16 14:18:54.037 W/System  (14933): ClassLoader referenced unknown path: /data/app/com.le.tcauto.uitest.test-1/lib/arm64
08-16 14:18:54.037 W/System  (14933): ClassLoader referenced unknown path: /data/app/com.le.tcauto.uitest-1/lib/arm64
08-16 14:18:54.053 I/MonitoringInstrumentation(14933): Instrumentation Started!
08-16 14:18:54.053 I/MonitoringInstrumentation(14933): Setting context classloader to 'dalvik.system.PathClassLoader[DexPathList[[zip file "/system/framework/android.test.runner.jar", zip file "/data/app/com.le.tcauto.uitest.test-1/base.apk", zip file "/data/app/com.le.tcauto.uitest-1/base.apk"],nativeLibraryDirectories=[/data/app/com.le.tcauto.uitest.test-1/lib/arm64, /data/app/com.le.tcauto.uitest-1/lib/arm64, /vendor/lib64, /system/lib64]]]', Original: 'dalvik.system.PathClassLoader[DexPathList[[zip file "/system/framework/android.test.runner.jar", zip file "/data/app/com.le.tcauto.uitest.test-1/base.apk", zip file "/data/app/com.le.tcauto.uitest-1/base.apk"],nativeLibraryDirectories=[/data/app/com.le.tcauto.uitest.test-1/lib/arm64, /data/app/com.le.tcauto.uitest-1/lib/arm64, /vendor/lib64, /system/lib64]]]'
08-16 14:18:54.057 I/MonitoringInstrumentation(14933): No JSBridge.
08-16 14:18:54.057 I/MonitoringInstrumentation(14933): java.lang.ClassNotFoundException: android.support.test.espresso.web.bridge.JavaScriptBridge
08-16 14:18:54.057 I/MonitoringInstrumentation(14933): 	at java.lang.Class.classForName(Native Method)
08-16 14:18:54.057 I/MonitoringInstrumentation(14933): 	at java.lang.Class.forName(Class.java:324)
08-16 14:18:54.057 I/MonitoringInstrumentation(14933): 	at java.lang.Class.forName(Class.java:285)
08-16 14:18:54.057 I/MonitoringInstrumentation(14933): 	at android.support.test.runner.MonitoringInstrumentation.tryLoadingJsBridge(MonitoringInstrumentation.java:612)
08-16 14:18:54.057 I/MonitoringInstrumentation(14933): 	at android.support.test.runner.MonitoringInstrumentation.access$100(MonitoringInstrumentation.java:88)
08-16 14:18:54.057 I/MonitoringInstrumentation(14933): 	at android.support.test.runner.MonitoringInstrumentation$3.run(MonitoringInstrumentation.java:223)
08-16 14:18:54.057 I/MonitoringInstrumentation(14933): 	at android.app.Instrumentation$SyncRunnable.run(Instrumentation.java:1897)
08-16 14:18:54.057 I/MonitoringInstrumentation(14933): 	at android.os.Handler.handleCallback(Handler.java:739)
08-16 14:18:54.057 I/MonitoringInstrumentation(14933): 	at android.os.Handler.dispatchMessage(Handler.java:95)
08-16 14:18:54.057 I/MonitoringInstrumentation(14933): 	at android.os.Looper.loop(Looper.java:148)
08-16 14:18:54.057 I/MonitoringInstrumentation(14933): 	at android.app.ActivityThread.main(ActivityThread.java:5423)
08-16 14:18:54.057 I/MonitoringInstrumentation(14933): 	at java.lang.reflect.Method.invoke(Native Method)
08-16 14:18:54.057 I/MonitoringInstrumentation(14933): 	at com.android.internal.os.ZygoteInit$MethodAndArgsCaller.run(ZygoteInit.java:744)
08-16 14:18:54.057 I/MonitoringInstrumentation(14933): 	at com.android.internal.os.ZygoteInit.main(ZygoteInit.java:634)
08-16 14:18:54.057 I/MonitoringInstrumentation(14933): Caused by: java.lang.ClassNotFoundException: Didn't find class "android.support.test.espresso.web.bridge.JavaScriptBridge" on path: DexPathList[[zip file "/system/framework/android.test.runner.jar", zip file "/data/app/com.le.tcauto.uitest.test-1/base.apk", zip file "/data/app/com.le.tcauto.uitest-1/base.apk"],nativeLibraryDirectories=[/data/app/com.le.tcauto.uitest.test-1/lib/arm64, /data/app/com.le.tcauto.uitest-1/lib/arm64, /vendor/lib64, /system/lib64]]
08-16 14:18:54.057 I/MonitoringInstrumentation(14933): 	at dalvik.system.BaseDexClassLoader.findClass(BaseDexClassLoader.java:56)
08-16 14:18:54.057 I/MonitoringInstrumentation(14933): 	at java.lang.ClassLoader.loadClass(ClassLoader.java:511)
08-16 14:18:54.057 I/MonitoringInstrumentation(14933): 	at java.lang.ClassLoader.loadClass(ClassLoader.java:469)
08-16 14:18:54.057 I/MonitoringInstrumentation(14933): 	... 14 more
08-16 14:18:54.057 I/MonitoringInstrumentation(14933): 	Suppressed: java.lang.ClassNotFoundException: android.support.test.espresso.web.bridge.JavaScriptBridge
08-16 14:18:54.057 I/MonitoringInstrumentation(14933): 		at java.lang.Class.classForName(Native Method)
08-16 14:18:54.057 I/MonitoringInstrumentation(14933): 		at java.lang.BootClassLoader.findClass(ClassLoader.java:781)
08-16 14:18:54.057 I/MonitoringInstrumentation(14933): 		at java.lang.BootClassLoader.loadClass(ClassLoader.java:841)
08-16 14:18:54.057 I/MonitoringInstrumentation(14933): 		at java.lang.ClassLoader.loadClass(ClassLoader.java:504)
08-16 14:18:54.057 I/MonitoringInstrumentation(14933): 		... 15 more
08-16 14:18:54.057 I/MonitoringInstrumentation(14933): 	Caused by: java.lang.NoClassDefFoundError: Class not found using the boot class loader; no stack trace available
08-16 14:18:54.088 I/TestRunner(14933): run started: 1 tests
08-16 14:18:54.091 I/TestRunner(14933): started: testEntryCalendar(com.letv.cases.leui.SmokeCalendar)
08-16 14:18:54.095 I/MonitoringInstrumentation(14933): Activities that are still in CREATED to STOPPED: 0
08-16 14:18:54.110 I/LetvTestCase(14933): =====================case start time is :2018-8-16-2-18-54
08-16 14:18:54.114 I/System.out(14933): The folder /sdcard/AutoSmoke_UI30/testEntryCalendar_20180816_141847 has existed!
08-16 14:18:54.114 I/System.out(14933): current_case_root_folder=testEntryCalendar_20180816_141847
08-16 14:18:54.270 I/tvos    ( 1764): GetAudioOutputDevice, retval : 0
08-16 14:18:54.290 I/tvos    ( 1764): [37m[INFO] Change to Voltage: 1150 mV (0x22)[m
08-16 14:18:54.290 I/tvos    ( 1764): [37m[INFO] Change to Voltage: 1150 mV (0x25)[m
08-16 14:18:54.290 I/tvos    ( 1764): [37m[INFO] Change to Voltage: 1150 mV (0x28)[m
08-16 14:18:54.290 I/tvos    ( 1764): [37m[INFO] Change to Voltage: 1150 mV (0x2B)[m
08-16 14:18:54.290 I/tvos    ( 1764): [37m[INFO] Change to Voltage: 1150 mV (0x2E)[m
08-16 14:18:54.291 I/tvos    ( 1764): [37m[INFO] Change to Voltage: 1150 mV (0x2E)[m
08-16 14:18:54.385 I/tvos    ( 1764): [37m[INFO] Change to Voltage: 1030 mV (0x2E)[m
08-16 14:18:54.385 I/tvos    ( 1764): [37m[INFO] Change to Voltage: 1030 mV (0x2B)[m
08-16 14:18:54.385 I/tvos    ( 1764): [37m[INFO] Change to Voltage: 1030 mV (0x28)[m
08-16 14:18:54.386 I/tvos    ( 1764): [37m[INFO] Change to Voltage: 1030 mV (0x25)[m
08-16 14:18:54.387 I/tvos    ( 1764): [37m[INFO] Change to Voltage: 1030 mV (0x22)[m
08-16 14:18:54.387 I/tvos    ( 1764): [37m[INFO] Change to Voltage: 1030 mV (0x22)[m
08-16 14:18:54.520 I/tvos    ( 1764): GetAudioOutputDevice, retval : 0
08-16 14:18:54.612 W/InputDispatcher( 2207): findFocusedWindow finished: injectionResult=0, timeSpentWaitingForApplication=0.0ms
08-16 14:18:54.617 W/InputDispatcher( 2207): findFocusedWindow finished: injectionResult=0, timeSpentWaitingForApplication=0.0ms
08-16 14:18:54.771 I/tvos    ( 1764): GetAudioOutputDevice, retval : 0
08-16 14:18:55.021 I/tvos    ( 1764): GetAudioOutputDevice, retval : 0
08-16 14:18:55.277 I/tvos    ( 1764): GetAudioOutputDevice, retval : 0
08-16 14:18:55.432 W/InputDispatcher( 2207): findFocusedWindow finished: injectionResult=0, timeSpentWaitingForApplication=0.0ms
08-16 14:18:55.432 I/remotestatus( 2207): Msg.what is 101
08-16 14:18:55.432 I/WindowManager( 2207): turn cursor off
08-16 14:18:55.432 I/AppPlugin( 3007): AppFragment -- onFocusRequested requestDirection = 18
08-16 14:18:55.432 E/RemoteManager( 2207): RemoteManager is no longer support in eui6.5
08-16 14:18:55.432 I/AppPlugin( 3007): AppRecyclerView --  onFocus mFocusedView = null direction = 130
08-16 14:18:55.433 I/AppPlugin( 3007): AppRecyclerView -- onFocus mFocusedView = com.stv.plugin.app.widget.RecommPosterCellView{354fae1 VFE...C.. ........ 0,0-312,416 #7f0a001e app:id/item_01}
08-16 14:18:55.433 E/InputManager-JNI( 2207): call nativeDisableCursor method with hideCursor
08-16 14:18:55.434 I/GlobalFocusChangedListe( 3007): com.stv.plugin.app.widget.RecommPosterCellView
08-16 14:18:55.440 I/SoundPool( 3007): enter : func play
08-16 14:18:55.441 I/APM::AudioPolicyEngine( 1758): getDeviceForStrategy, 359
08-16 14:18:55.441 I/audio_hw_primary( 1758): version:a00004 adev_create_audio_patch::mix->device 
08-16 14:18:55.441 I/audio_hw_primary( 1758): adev_create_audio_patch *handle=-1420227928 num_audio_patch=3
08-16 14:18:55.444 E/AudioManagerService( 1803): setAudioVolume(callingPid 1758, clientPid 1758, enSoundPath 0, volumn:0 )
08-16 14:18:55.446 I/tvos    ( 1764): SetVolume, subWooExist 0!
08-16 14:18:55.446 I/tvos    ( 1764): mapi_audio_customer::SetAbsoluteVolume: project name is X440M
08-16 14:18:55.446 I/tvos    ( 1764): SetAbsoluteVolume: uPercent : 0, path=52(speaker), VolumeInt=7f, VolumeFra=0
08-16 14:18:55.446 I/tvos    ( 1764): SetAbsoluteVolume: uPercent(currVol) : 0, realPath=52(default), VolumeInt=7f, VolumeFra=0
08-16 14:18:55.446 I/tvos    ( 1764): mapi_audio_customer::SetAbsoluteVolume: project name is X440M
08-16 14:18:55.446 I/tvos    ( 1764): SetAbsoluteVolume: uPercent : 0, path=49(HP), VolumeInt=7f, VolumeFra=0
08-16 14:18:55.446 I/tvos    ( 1764): SetAbsoluteVolume: uPercent(currVol) : 0, realPath=49(default), VolumeInt=7f, VolumeFra=0
08-16 14:18:55.446 I/tvos    ( 1764): mapi_audio_customer::SetAbsoluteVolume: project name is X440M
08-16 14:18:55.446 I/tvos    ( 1764): SetAbsoluteVolume, m_bBTDetect is false! 
08-16 14:18:55.446 I/tvos    ( 1764): mapi_audio_customer::SetAbsoluteVolume: project name is X440M
08-16 14:18:55.446 I/tvos    ( 1764): SetAbsoluteVolume: uPercent : 0, path=255(speaker), VolumeInt=7f, VolumeFra=0
08-16 14:18:55.446 I/tvos    ( 1764): SetAbsoluteVolume: uPercent(currVol) : 0, realPath=255(default), VolumeInt=7f, VolumeFra=0
08-16 14:18:55.446 I/tvos    ( 1764): [SetMuteStatus] call SetSoundMuteStatus, line : 10369, muteType: 4, onOff : 0 
08-16 14:18:55.446 I/tvos    ( 1764): [audioBSP] #1 m_internalMute : 0 ..
08-16 14:18:55.446 I/tvos    ( 1764): #1|->SDK_bPermanentAudioMute:0<-|->SDK_bMomentAudioMute:0 <-|->SDK_bBySyncAudioMute:0<-|->SDK_bByBlockAudioMute:0<-|->SDK_bByVChipAudioMute:0<-|
08-16 14:18:55.446 I/tvos    ( 1764): #1|->SDK_bInternal1AudioMute:0<-|->SDK_bInternal2AudioMute:0<-|->SDK_bInternal3AudioMute:0<-|->SDK_bInternal4AudioMute:0<-|
08-16 14:18:55.446 I/tvos    ( 1764): #1|->SDK_bByScanInOutchgCHchg:0<-|->SDK_bByDuringLimitedTimeAudioMute:0<-|->SDK_bSourceSwitchAudioMute:0<-|
08-16 14:18:55.446 I/tvos    ( 1764): #1|->SDK_bMHEGApMute:0<-|->SDK_bAllAudioMuteCtrl:0<-|->SDK_bPowerOnMute:0<-|->SDK_bNullSourceMute0<-|->SDK_bSetInputSourceAudioMute:0<-|
08-16 14:18:55.446 I/tvos    ( 1764): [audioBSP] #2 m_spkrMute : 0 ..|->SDK_bUsrSpkrAudioMute:0<-|->SDK_bPowerOnMute:0<-|->SDK_bByUserAudioMute:0<-|
08-16 14:18:55.446 I/tvos    ( 1764): [audioBSP] #3 m_PcmCapture2Mute:0 |->SDK_bByUserPcmCapture2Mute:0<-|->SDK_SUB_bByUserAudioMute:0<-|->SDK_bByUserAudioMute:0<-|
08-16 14:18:55.446 I/tvos    ( 1764): [audioBSP] #5 m_hpMute : 1 ..|->SDK_bUsrHpAudioMute:1<-|->SDK_bPowerOnMute:0<-|->SDK_bByUserAudioMute:0<-|
08-16 14:18:55.447 I/tvos    ( 1764): [audioBSP] #12 m_spdifMute : 1 ..
08-16 14:18:55.447 I/tvos    ( 1764): #12|->SDK_bPermanentAudioMute:0<-|->SDK_bMomentAudioMute:0<-|->SDK_bByBlockAudioMute:0<-|
08-16 14:18:55.447 I/tvos    ( 1764): #12|->SDK_bByVChipAudioMute:0<-|->SDK_bInternal1AudioMute:0<-|->SDK_bInternal4AudioMute:0<-|
08-16 14:18:55.447 I/tvos    ( 1764): #12|->SDK_bByDuringLimitedTimeAudioMute:0<-|->SDK_bSourceSwitchAudioMute:0<-|->SDK_bMHEGApMute:0<-|
08-16 14:18:55.447 I/tvos    ( 1764): #12|->SDK_bPowerOnMute:0<-|->SDK_bUsrSpdifAudioMute:1<-|->SDK_bNullSourceMute:0<-|->SDK_bByAppMute:0<-|
08-16 14:18:55.447 I/tvos    ( 1764): ---Amplifier_ALC1310_LR_SWMute(0)
08-16 14:18:55.447 I/tvos    ( 1764): ALC1310 unmute good, addr: 0x13 readbackvalue: 4 
08-16 14:18:55.448 I/AudioUtil( 1758): setParameters spk_volume=0
08-16 14:18:55.448 I/audio_hw_primary( 1758): adev_set_parameters: spk_volume=0
08-16 14:18:55.448 I/tvos    ( 1764): SetSoundMuteStatus : m_hpMute : 1, m_spdifMute : 1, m_DataInMute : 0, m_channel7Mute : 0, m_internalMute : 0, m_spkrMute : 0, m_PcmCapture1Mute : 0, m_PcmCapture2Mute : 0 
08-16 14:18:55.449 I/tvos    ( 1764): GetAudioOutputDevice, retval : 0
08-16 14:18:55.449 I/tvos    ( 1764): [SetMuteStatus] call SetSoundMuteStatus, line : 10369, muteType: 67108864, onOff : 1 
08-16 14:18:55.449 I/tvos    ( 1764): _TransMSrvMuteTypeToSDKMuteType: Err! muteType(67108864) is out of Range
08-16 14:18:55.451 I/tvos    ( 1764): [SetMuteStatus] call SetSoundMuteStatus, line : 10369, muteType: 4, onOff : 1 
08-16 14:18:55.451 I/tvos    ( 1764): [audioBSP] #1 m_internalMute : 0 ..
08-16 14:18:55.451 I/tvos    ( 1764): #1|->SDK_bPermanentAudioMute:0<-|->SDK_bMomentAudioMute:0 <-|->SDK_bBySyncAudioMute:0<-|->SDK_bByBlockAudioMute:0<-|->SDK_bByVChipAudioMute:0<-|
08-16 14:18:55.451 I/tvos    ( 1764): #1|->SDK_bInternal1AudioMute:0<-|->SDK_bInternal2AudioMute:0<-|->SDK_bInternal3AudioMute:0<-|->SDK_bInternal4AudioMute:0<-|
08-16 14:18:55.452 I/tvos    ( 1764): #1|->SDK_bByScanInOutchgCHchg:0<-|->SDK_bByDuringLimitedTimeAudioMute:0<-|->SDK_bSourceSwitchAudioMute:0<-|
08-16 14:18:55.452 I/tvos    ( 1764): #1|->SDK_bMHEGApMute:0<-|->SDK_bAllAudioMuteCtrl:0<-|->SDK_bPowerOnMute:0<-|->SDK_bNullSourceMute0<-|->SDK_bSetInputSourceAudioMute:0<-|
08-16 14:18:55.452 I/tvos    ( 1764): [audioBSP] #2 m_spkrMute : 1 ..|->SDK_bUsrSpkrAudioMute:0<-|->SDK_bPowerOnMute:0<-|->SDK_bByUserAudioMute:1<-|
08-16 14:18:55.452 I/tvos    ( 1764): [audioBSP] #3 m_PcmCapture2Mute:1 |->SDK_bByUserPcmCapture2Mute:0<-|->SDK_SUB_bByUserAudioMute:0<-|->SDK_bByUserAudioMute:1<-|
08-16 14:18:55.452 I/tvos    ( 1764): [audioBSP] #5 m_hpMute : 1 ..|->SDK_bUsrHpAudioMute:1<-|->SDK_bPowerOnMute:0<-|->SDK_bByUserAudioMute:1<-|
08-16 14:18:55.452 I/tvos    ( 1764): [audioBSP] #12 m_spdifMute : 1 ..
08-16 14:18:55.452 I/tvos    ( 1764): #12|->SDK_bPermanentAudioMute:0<-|->SDK_bMomentAudioMute:0<-|->SDK_bByBlockAudioMute:0<-|
08-16 14:18:55.452 I/tvos    ( 1764): #12|->SDK_bByVChipAudioMute:0<-|->SDK_bInternal1AudioMute:0<-|->SDK_bInternal4AudioMute:0<-|
08-16 14:18:55.452 I/tvos    ( 1764): #12|->SDK_bByDuringLimitedTimeAudioMute:0<-|->SDK_bSourceSwitchAudioMute:0<-|->SDK_bMHEGApMute:0<-|
08-16 14:18:55.452 I/tvos    ( 1764): #12|->SDK_bPowerOnMute:0<-|->SDK_bUsrSpdifAudioMute:1<-|->SDK_bNullSourceMute:0<-|->SDK_bByAppMute:0<-|
08-16 14:18:55.452 I/tvos    ( 1764): ---Amplifier_ALC1310_LR_SWMute(1)
08-16 14:18:55.452 I/tvos    ( 1764): ALC1310 mute write good, addr: 0x13, readback data : 49164, write cmd times : 1
08-16 14:18:55.453 I/tvos    ( 1764): SetSoundMuteStatus : m_hpMute : 1, m_spdifMute : 1, m_DataInMute : 0, m_channel7Mute : 0, m_internalMute : 0, m_spkrMute : 1, m_PcmCapture1Mute : 0, m_PcmCapture2Mute : 1 
08-16 14:18:55.460 W/InputDispatcher( 2207): findFocusedWindow finished: injectionResult=0, timeSpentWaitingForApplication=0.0ms
08-16 14:18:55.472 E/LetvRemoteupgradeManager-JNI( 2613): can't get LetvManager service!
08-16 14:18:55.474 E/audio_hw_primary( 1758): out_get_presentation_position pcm_get_htimestamp(pcm, &avail, timestamp) != 0!!!
08-16 14:18:55.489 I/tvos    ( 1764): [37m[INFO] Change to Voltage: 1130 mV (0x1F)[m
08-16 14:18:55.489 I/tvos    ( 1764): [37m[INFO] Change to Voltage: 1130 mV (0x22)[m
08-16 14:18:55.490 I/tvos    ( 1764): [37m[INFO] Change to Voltage: 1130 mV (0x25)[m
08-16 14:18:55.493 I/tvos    ( 1764): [37m[INFO] Change to Voltage: 1130 mV (0x28)[m
08-16 14:18:55.495 I/tvos    ( 1764): [37m[INFO] Change to Voltage: 1130 mV (0x2B)[m
08-16 14:18:55.497 I/tvos    ( 1764): [37m[INFO] Change to Voltage: 1130 mV (0x2C)[m
08-16 14:18:55.506 I/APM::AudioPolicyEngine( 1758): getDeviceForStrategy, 359
08-16 14:18:55.528 I/tvos    ( 1764): GetAudioOutputDevice, retval : 0
08-16 14:18:55.587 I/tvos    ( 1764): [37m[INFO] Change to Voltage: 1000 mV (0x2C)[m
08-16 14:18:55.587 I/tvos    ( 1764): [37m[INFO] Change to Voltage: 1000 mV (0x29)[m
08-16 14:18:55.587 I/tvos    ( 1764): [37m[INFO] Change to Voltage: 1000 mV (0x26)[m
08-16 14:18:55.587 I/tvos    ( 1764): [37m[INFO] Change to Voltage: 1000 mV (0x23)[m
08-16 14:18:55.587 I/tvos    ( 1764): [37m[INFO] Change to Voltage: 1000 mV (0x20)[m
08-16 14:18:55.587 I/tvos    ( 1764): [37m[INFO] Change to Voltage: 1000 mV (0x1F)[m
08-16 14:18:55.778 I/tvos    ( 1764): GetAudioOutputDevice, retval : 0
08-16 14:18:56.029 I/tvos    ( 1764): GetAudioOutputDevice, retval : 0
08-16 14:18:56.279 I/tvos    ( 1764): GetAudioOutputDevice, retval : 0
08-16 14:18:56.386 I/WifiStateMachine( 2207):  DisconnectedState !CMD_GET_LINK_LAYER_STATS uid=1000  rt=511202819/511202819 0 0
08-16 14:18:56.386 I/WifiStateMachine( 2207):  ConnectModeState !CMD_GET_LINK_LAYER_STATS uid=1000  rt=511202819/511202819 0 0
08-16 14:18:56.386 I/WifiStateMachine( 2207):  DriverStartedState !CMD_GET_LINK_LAYER_STATS uid=1000  rt=511202819/511202819 0 0
08-16 14:18:56.386 I/WifiStateMachine( 2207):  SupplicantStartedState !CMD_GET_LINK_LAYER_STATS uid=1000  rt=511202819/511202819 0 0
08-16 14:18:56.442 I/remotestatus( 2207): Msg.what is 101
08-16 14:18:56.442 I/WindowManager( 2207): turn cursor off
08-16 14:18:56.442 E/RemoteManager( 2207): RemoteManager is no longer support in eui6.5
08-16 14:18:56.442 W/InputDispatcher( 2207): findFocusedWindow finished: injectionResult=0, timeSpentWaitingForApplication=0.0ms
08-16 14:18:56.442 E/InputManager-JNI( 2207): call nativeDisableCursor method with hideCursor
08-16 14:18:56.447 W/Launcher( 3007): [SDK][EcoFrescoViewImpl]:UnSupport subscriber
08-16 14:18:56.447 I/GlobalFocusChangedListe( 3007): com.stv.plugin.app.widget.RecommPosterCellView
08-16 14:18:56.451 I/SoundPool( 2207): enter : func play
08-16 14:18:56.456 W/InputDispatcher( 2207): findFocusedWindow finished: injectionResult=0, timeSpentWaitingForApplication=0.0ms
08-16 14:18:56.458 I/APM::AudioPolicyEngine( 1758): getDeviceForStrategy, 359
08-16 14:18:56.459 I/audio_hw_primary( 1758): version:a00004 adev_create_audio_patch::mix->device 
08-16 14:18:56.459 I/audio_hw_primary( 1758): adev_create_audio_patch *handle=-1420227928 num_audio_patch=3
08-16 14:18:56.466 E/AudioManagerService( 1803): setAudioVolume(callingPid 1758, clientPid 1758, enSoundPath 0, volumn:0 )
08-16 14:18:56.468 I/tvos    ( 1764): SetVolume, subWooExist 0!
08-16 14:18:56.468 I/tvos    ( 1764): mapi_audio_customer::SetAbsoluteVolume: project name is X440M
08-16 14:18:56.468 I/tvos    ( 1764): SetAbsoluteVolume: uPercent : 0, path=52(speaker), VolumeInt=7f, VolumeFra=0
08-16 14:18:56.468 I/tvos    ( 1764): SetAbsoluteVolume: uPercent(currVol) : 0, realPath=52(default), VolumeInt=7f, VolumeFra=0
08-16 14:18:56.468 I/tvos    ( 1764): mapi_audio_customer::SetAbsoluteVolume: project name is X440M
08-16 14:18:56.468 I/tvos    ( 1764): SetAbsoluteVolume: uPercent : 0, path=49(HP), VolumeInt=7f, VolumeFra=0
08-16 14:18:56.468 I/tvos    ( 1764): SetAbsoluteVolume: uPercent(currVol) : 0, realPath=49(default), VolumeInt=7f, VolumeFra=0
08-16 14:18:56.468 I/tvos    ( 1764): mapi_audio_customer::SetAbsoluteVolume: project name is X440M
08-16 14:18:56.468 I/tvos    ( 1764): SetAbsoluteVolume, m_bBTDetect is false! 
08-16 14:18:56.468 I/tvos    ( 1764): mapi_audio_customer::SetAbsoluteVolume: project name is X440M
08-16 14:18:56.468 I/tvos    ( 1764): SetAbsoluteVolume: uPercent : 0, path=255(speaker), VolumeInt=7f, VolumeFra=0
08-16 14:18:56.468 I/tvos    ( 1764): SetAbsoluteVolume: uPercent(currVol) : 0, realPath=255(default), VolumeInt=7f, VolumeFra=0
08-16 14:18:56.468 I/tvos    ( 1764): [SetMuteStatus] call SetSoundMuteStatus, line : 10369, muteType: 4, onOff : 0 
08-16 14:18:56.468 I/tvos    ( 1764): [audioBSP] #1 m_internalMute : 0 ..
08-16 14:18:56.468 I/tvos    ( 1764): #1|->SDK_bPermanentAudioMute:0<-|->SDK_bMomentAudioMute:0 <-|->SDK_bBySyncAudioMute:0<-|->SDK_bByBlockAudioMute:0<-|->SDK_bByVChipAudioMute:0<-|
08-16 14:18:56.468 I/tvos    ( 1764): #1|->SDK_bInternal1AudioMute:0<-|->SDK_bInternal2AudioMute:0<-|->SDK_bInternal3AudioMute:0<-|->SDK_bInternal4AudioMute:0<-|
08-16 14:18:56.468 I/tvos    ( 1764): #1|->SDK_bByScanInOutchgCHchg:0<-|->SDK_bByDuringLimitedTimeAudioMute:0<-|->SDK_bSourceSwitchAudioMute:0<-|
08-16 14:18:56.468 I/tvos    ( 1764): #1|->SDK_bMHEGApMute:0<-|->SDK_bAllAudioMuteCtrl:0<-|->SDK_bPowerOnMute:0<-|->SDK_bNullSourceMute0<-|->SDK_bSetInputSourceAudioMute:0<-|
08-16 14:18:56.468 I/tvos    ( 1764): [audioBSP] #2 m_spkrMute : 0 ..|->SDK_bUsrSpkrAudioMute:0<-|->SDK_bPowerOnMute:0<-|->SDK_bByUserAudioMute:0<-|
08-16 14:18:56.468 I/tvos    ( 1764): [audioBSP] #3 m_PcmCapture2Mute:0 |->SDK_bByUserPcmCapture2Mute:0<-|->SDK_SUB_bByUserAudioMute:0<-|->SDK_bByUserAudioMute:0<-|
08-16 14:18:56.468 I/tvos    ( 1764): [audioBSP] #5 m_hpMute : 1 ..|->SDK_bUsrHpAudioMute:1<-|->SDK_bPowerOnMute:0<-|->SDK_bByUserAudioMute:0<-|
08-16 14:18:56.468 I/tvos    ( 1764): [audioBSP] #12 m_spdifMute : 1 ..
08-16 14:18:56.468 I/tvos    ( 1764): #12|->SDK_bPermanentAudioMute:0<-|->SDK_bMomentAudioMute:0<-|->SDK_bByBlockAudioMute:0<-|
08-16 14:18:56.468 I/tvos    ( 1764): #12|->SDK_bByVChipAudioMute:0<-|->SDK_bInternal1AudioMute:0<-|->SDK_bInternal4AudioMute:0<-|
08-16 14:18:56.468 I/tvos    ( 1764): #12|->SDK_bByDuringLimitedTimeAudioMute:0<-|->SDK_bSourceSwitchAudioMute:0<-|->SDK_bMHEGApMute:0<-|
08-16 14:18:56.468 I/tvos    ( 1764): #12|->SDK_bPowerOnMute:0<-|->SDK_bUsrSpdifAudioMute:1<-|->SDK_bNullSourceMute:0<-|->SDK_bByAppMute:0<-|
08-16 14:18:56.468 I/tvos    ( 1764): ---Amplifier_ALC1310_LR_SWMute(0)
08-16 14:18:56.468 I/tvos    ( 1764): ALC1310 unmute good, addr: 0x13 readbackvalue: 4 
08-16 14:18:56.471 I/AudioUtil( 1758): setParameters spk_volume=0
08-16 14:18:56.471 I/audio_hw_primary( 1758): adev_set_parameters: spk_volume=0
08-16 14:18:56.471 I/tvos    ( 1764): SetSoundMuteStatus : m_hpMute : 1, m_spdifMute : 1, m_DataInMute : 0, m_channel7Mute : 0, m_internalMute : 0, m_spkrMute : 0, m_PcmCapture1Mute : 0, m_PcmCapture2Mute : 0 
08-16 14:18:56.471 I/tvos    ( 1764): GetAudioOutputDevice, retval : 0
08-16 14:18:56.471 I/tvos    ( 1764): [SetMuteStatus] call SetSoundMuteStatus, line : 10369, muteType: 67108864, onOff : 1 
08-16 14:18:56.471 I/tvos    ( 1764): _TransMSrvMuteTypeToSDKMuteType: Err! muteType(67108864) is out of Range
08-16 14:18:56.473 I/tvos    ( 1764): [SetMuteStatus] call SetSoundMuteStatus, line : 10369, muteType: 4, onOff : 1 
08-16 14:18:56.473 I/tvos    ( 1764): [audioBSP] #1 m_internalMute : 0 ..
08-16 14:18:56.474 I/tvos    ( 1764): #1|->SDK_bPermanentAudioMute:0<-|->SDK_bMomentAudioMute:0 <-|->SDK_bBySyncAudioMute:0<-|->SDK_bByBlockAudioMute:0<-|->SDK_bByVChipAudioMute:0<-|
08-16 14:18:56.474 I/tvos    ( 1764): #1|->SDK_bInternal1AudioMute:0<-|->SDK_bInternal2AudioMute:0<-|->SDK_bInternal3AudioMute:0<-|->SDK_bInternal4AudioMute:0<-|
08-16 14:18:56.474 I/tvos    ( 1764): #1|->SDK_bByScanInOutchgCHchg:0<-|->SDK_bByDuringLimitedTimeAudioMute:0<-|->SDK_bSourceSwitchAudioMute:0<-|
08-16 14:18:56.474 I/tvos    ( 1764): #1|->SDK_bMHEGApMute:0<-|->SDK_bAllAudioMuteCtrl:0<-|->SDK_bPowerOnMute:0<-|->SDK_bNullSourceMute0<-|->SDK_bSetInputSourceAudioMute:0<-|
08-16 14:18:56.474 I/tvos    ( 1764): [audioBSP] #2 m_spkrMute : 1 ..|->SDK_bUsrSpkrAudioMute:0<-|->SDK_bPowerOnMute:0<-|->SDK_bByUserAudioMute:1<-|
08-16 14:18:56.474 I/tvos    ( 1764): [audioBSP] #3 m_PcmCapture2Mute:1 |->SDK_bByUserPcmCapture2Mute:0<-|->SDK_SUB_bByUserAudioMute:0<-|->SDK_bByUserAudioMute:1<-|
08-16 14:18:56.474 I/tvos    ( 1764): [audioBSP] #5 m_hpMute : 1 ..|->SDK_bUsrHpAudioMute:1<-|->SDK_bPowerOnMute:0<-|->SDK_bByUserAudioMute:1<-|
08-16 14:18:56.474 I/tvos    ( 1764): [audioBSP] #12 m_spdifMute : 1 ..
08-16 14:18:56.474 I/tvos    ( 1764): #12|->SDK_bPermanentAudioMute:0<-|->SDK_bMomentAudioMute:0<-|->SDK_bByBlockAudioMute:0<-|
08-16 14:18:56.474 I/tvos    ( 1764): #12|->SDK_bByVChipAudioMute:0<-|->SDK_bInternal1AudioMute:0<-|->SDK_bInternal4AudioMute:0<-|
08-16 14:18:56.474 I/tvos    ( 1764): #12|->SDK_bByDuringLimitedTimeAudioMute:0<-|->SDK_bSourceSwitchAudioMute:0<-|->SDK_bMHEGApMute:0<-|
08-16 14:18:56.474 I/tvos    ( 1764): #12|->SDK_bPowerOnMute:0<-|->SDK_bUsrSpdifAudioMute:1<-|->SDK_bNullSourceMute:0<-|->SDK_bByAppMute:0<-|
08-16 14:18:56.474 I/tvos    ( 1764): ---Amplifier_ALC1310_LR_SWMute(1)
08-16 14:18:56.474 I/tvos    ( 1764): ALC1310 mute write good, addr: 0x13, readback data : 49164, write cmd times : 1
08-16 14:18:56.476 I/tvos    ( 1764): SetSoundMuteStatus : m_hpMute : 1, m_spdifMute : 1, m_DataInMute : 0, m_channel7Mute : 0, m_internalMute : 0, m_spkrMute : 1, m_PcmCapture1Mute : 0, m_PcmCapture2Mute : 1 
08-16 14:18:56.529 I/tvos    ( 1764): GetAudioOutputDevice, retval : 0
08-16 14:18:56.553 I/APM::AudioPolicyEngine( 1758): getDeviceForStrategy, 359
08-16 14:18:56.780 I/tvos    ( 1764): GetAudioOutputDevice, retval : 0
08-16 14:18:57.031 I/tvos    ( 1764): GetAudioOutputDevice, retval : 0
08-16 14:18:57.281 I/tvos    ( 1764): GetAudioOutputDevice, retval : 0
08-16 14:18:57.452 I/remotestatus( 2207): Msg.what is 101
08-16 14:18:57.452 I/WindowManager( 2207): turn cursor off
08-16 14:18:57.452 E/RemoteManager( 2207): RemoteManager is no longer support in eui6.5
08-16 14:18:57.452 W/InputDispatcher( 2207): findFocusedWindow finished: injectionResult=0, timeSpentWaitingForApplication=0.0ms
08-16 14:18:57.453 E/InputManager-JNI( 2207): call nativeDisableCursor method with hideCursor
08-16 14:18:57.457 W/Launcher( 3007): [SDK][EcoFrescoViewImpl]:UnSupport subscriber
08-16 14:18:57.457 I/GlobalFocusChangedListe( 3007): com.stv.plugin.app.widget.AppCellView
08-16 14:18:57.459 I/SoundPool( 2207): enter : func play
08-16 14:18:57.461 I/APM::AudioPolicyEngine( 1758): getDeviceForStrategy, 359
08-16 14:18:57.462 W/InputDispatcher( 2207): findFocusedWindow finished: injectionResult=0, timeSpentWaitingForApplication=0.0ms
08-16 14:18:57.463 I/audio_hw_primary( 1758): version:a00004 adev_create_audio_patch::mix->device 
08-16 14:18:57.463 I/audio_hw_primary( 1758): adev_create_audio_patch *handle=-1420227928 num_audio_patch=3
08-16 14:18:57.464 E/AudioManagerService( 1803): setAudioVolume(callingPid 1758, clientPid 1758, enSoundPath 0, volumn:0 )
08-16 14:18:57.467 I/tvos    ( 1764): SetVolume, subWooExist 0!
08-16 14:18:57.467 I/tvos    ( 1764): mapi_audio_customer::SetAbsoluteVolume: project name is X440M
08-16 14:18:57.467 I/tvos    ( 1764): SetAbsoluteVolume: uPercent : 0, path=52(speaker), VolumeInt=7f, VolumeFra=0
08-16 14:18:57.467 I/tvos    ( 1764): SetAbsoluteVolume: uPercent(currVol) : 0, realPath=52(default), VolumeInt=7f, VolumeFra=0
08-16 14:18:57.467 I/tvos    ( 1764): mapi_audio_customer::SetAbsoluteVolume: project name is X440M
08-16 14:18:57.467 I/tvos    ( 1764): SetAbsoluteVolume: uPercent : 0, path=49(HP), VolumeInt=7f, VolumeFra=0
08-16 14:18:57.467 I/tvos    ( 1764): SetAbsoluteVolume: uPercent(currVol) : 0, realPath=49(default), VolumeInt=7f, VolumeFra=0
08-16 14:18:57.467 I/tvos    ( 1764): mapi_audio_customer::SetAbsoluteVolume: project name is X440M
08-16 14:18:57.467 I/tvos    ( 1764): SetAbsoluteVolume, m_bBTDetect is false! 
08-16 14:18:57.467 I/tvos    ( 1764): mapi_audio_customer::SetAbsoluteVolume: project name is X440M
08-16 14:18:57.467 I/tvos    ( 1764): SetAbsoluteVolume: uPercent : 0, path=255(speaker), VolumeInt=7f, VolumeFra=0
08-16 14:18:57.467 I/tvos    ( 1764): SetAbsoluteVolume: uPercent(currVol) : 0, realPath=255(default), VolumeInt=7f, VolumeFra=0
08-16 14:18:57.467 I/tvos    ( 1764): [SetMuteStatus] call SetSoundMuteStatus, line : 10369, muteType: 4, onOff : 0 
08-16 14:18:57.467 I/tvos    ( 1764): [audioBSP] #1 m_internalMute : 0 ..
08-16 14:18:57.467 I/tvos    ( 1764): #1|->SDK_bPermanentAudioMute:0<-|->SDK_bMomentAudioMute:0 <-|->SDK_bBySyncAudioMute:0<-|->SDK_bByBlockAudioMute:0<-|->SDK_bByVChipAudioMute:0<-|
08-16 14:18:57.467 I/tvos    ( 1764): #1|->SDK_bInternal1AudioMute:0<-|->SDK_bInternal2AudioMute:0<-|->SDK_bInternal3AudioMute:0<-|->SDK_bInternal4AudioMute:0<-|
08-16 14:18:57.467 I/tvos    ( 1764): #1|->SDK_bByScanInOutchgCHchg:0<-|->SDK_bByDuringLimitedTimeAudioMute:0<-|->SDK_bSourceSwitchAudioMute:0<-|
08-16 14:18:57.467 I/tvos    ( 1764): #1|->SDK_bMHEGApMute:0<-|->SDK_bAllAudioMuteCtrl:0<-|->SDK_bPowerOnMute:0<-|->SDK_bNullSourceMute0<-|->SDK_bSetInputSourceAudioMute:0<-|
08-16 14:18:57.467 I/tvos    ( 1764): [audioBSP] #2 m_spkrMute : 0 ..|->SDK_bUsrSpkrAudioMute:0<-|->SDK_bPowerOnMute:0<-|->SDK_bByUserAudioMute:0<-|
08-16 14:18:57.467 I/tvos    ( 1764): [audioBSP] #3 m_PcmCapture2Mute:0 |->SDK_bByUserPcmCapture2Mute:0<-|->SDK_SUB_bByUserAudioMute:0<-|->SDK_bByUserAudioMute:0<-|
08-16 14:18:57.467 I/tvos    ( 1764): [audioBSP] #5 m_hpMute : 1 ..|->SDK_bUsrHpAudioMute:1<-|->SDK_bPowerOnMute:0<-|->SDK_bByUserAudioMute:0<-|
08-16 14:18:57.467 I/tvos    ( 1764): [audioBSP] #12 m_spdifMute : 1 ..
08-16 14:18:57.467 I/tvos    ( 1764): #12|->SDK_bPermanentAudioMute:0<-|->SDK_bMomentAudioMute:0<-|->SDK_bByBlockAudioMute:0<-|
08-16 14:18:57.467 I/tvos    ( 1764): #12|->SDK_bByVChipAudioMute:0<-|->SDK_bInternal1AudioMute:0<-|->SDK_bInternal4AudioMute:0<-|
08-16 14:18:57.467 I/tvos    ( 1764): #12|->SDK_bByDuringLimitedTimeAudioMute:0<-|->SDK_bSourceSwitchAudioMute:0<-|->SDK_bMHEGApMute:0<-|
08-16 14:18:57.467 I/tvos    ( 1764): #12|->SDK_bPowerOnMute:0<-|->SDK_bUsrSpdifAudioMute:1<-|->SDK_bNullSourceMute:0<-|->SDK_bByAppMute:0<-|
08-16 14:18:57.467 I/tvos    ( 1764): ---Amplifier_ALC1310_LR_SWMute(0)
08-16 14:18:57.467 I/tvos    ( 1764): ALC1310 unmute good, addr: 0x13 readbackvalue: 4 
08-16 14:18:57.469 I/tvos    ( 1764): SetSoundMuteStatus : m_hpMute : 1, m_spdifMute : 1, m_DataInMute : 0, m_channel7Mute : 0, m_internalMute : 0, m_spkrMute : 0, m_PcmCapture1Mute : 0, m_PcmCapture2Mute : 0 
08-16 14:18:57.469 I/AudioUtil( 1758): setParameters spk_volume=0
08-16 14:18:57.469 I/audio_hw_primary( 1758): adev_set_parameters: spk_volume=0
08-16 14:18:57.469 I/tvos    ( 1764): GetAudioOutputDevice, retval : 0
08-16 14:18:57.470 I/tvos    ( 1764): [SetMuteStatus] call SetSoundMuteStatus, line : 10369, muteType: 67108864, onOff : 1 
08-16 14:18:57.470 I/tvos    ( 1764): _TransMSrvMuteTypeToSDKMuteType: Err! muteType(67108864) is out of Range
08-16 14:18:57.472 I/tvos    ( 1764): [SetMuteStatus] call SetSoundMuteStatus, line : 10369, muteType: 4, onOff : 1 
08-16 14:18:57.472 I/tvos    ( 1764): [audioBSP] #1 m_internalMute : 0 ..
08-16 14:18:57.472 I/tvos    ( 1764): #1|->SDK_bPermanentAudioMute:0<-|->SDK_bMomentAudioMute:0 <-|->SDK_bBySyncAudioMute:0<-|->SDK_bByBlockAudioMute:0<-|->SDK_bByVChipAudioMute:0<-|
08-16 14:18:57.472 I/tvos    ( 1764): #1|->SDK_bInternal1AudioMute:0<-|->SDK_bInternal2AudioMute:0<-|->SDK_bInternal3AudioMute:0<-|->SDK_bInternal4AudioMute:0<-|
08-16 14:18:57.472 I/tvos    ( 1764): #1|->SDK_bByScanInOutchgCHchg:0<-|->SDK_bByDuringLimitedTimeAudioMute:0<-|->SDK_bSourceSwitchAudioMute:0<-|
08-16 14:18:57.472 I/tvos    ( 1764): #1|->SDK_bMHEGApMute:0<-|->SDK_bAllAudioMuteCtrl:0<-|->SDK_bPowerOnMute:0<-|->SDK_bNullSourceMute0<-|->SDK_bSetInputSourceAudioMute:0<-|
08-16 14:18:57.472 I/tvos    ( 1764): [audioBSP] #2 m_spkrMute : 1 ..|->SDK_bUsrSpkrAudioMute:0<-|->SDK_bPowerOnMute:0<-|->SDK_bByUserAudioMute:1<-|
08-16 14:18:57.472 I/tvos    ( 1764): [audioBSP] #3 m_PcmCapture2Mute:1 |->SDK_bByUserPcmCapture2Mute:0<-|->SDK_SUB_bByUserAudioMute:0<-|->SDK_bByUserAudioMute:1<-|
08-16 14:18:57.472 I/tvos    ( 1764): [audioBSP] #5 m_hpMute : 1 ..|->SDK_bUsrHpAudioMute:1<-|->SDK_bPowerOnMute:0<-|->SDK_bByUserAudioMute:1<-|
08-16 14:18:57.472 I/tvos    ( 1764): [audioBSP] #12 m_spdifMute : 1 ..
08-16 14:18:57.472 I/tvos    ( 1764): #12|->SDK_bPermanentAudioMute:0<-|->SDK_bMomentAudioMute:0<-|->SDK_bByBlockAudioMute:0<-|
08-16 14:18:57.472 I/tvos    ( 1764): #12|->SDK_bByVChipAudioMute:0<-|->SDK_bInternal1AudioMute:0<-|->SDK_bInternal4AudioMute:0<-|
08-16 14:18:57.472 I/tvos    ( 1764): #12|->SDK_bByDuringLimitedTimeAudioMute:0<-|->SDK_bSourceSwitchAudioMute:0<-|->SDK_bMHEGApMute:0<-|
08-16 14:18:57.472 I/tvos    ( 1764): #12|->SDK_bPowerOnMute:0<-|->SDK_bUsrSpdifAudioMute:1<-|->SDK_bNullSourceMute:0<-|->SDK_bByAppMute:0<-|
08-16 14:18:57.472 I/tvos    ( 1764): ---Amplifier_ALC1310_LR_SWMute(1)
08-16 14:18:57.472 I/tvos    ( 1764): ALC1310 mute write good, addr: 0x13, readback data : 49164, write cmd times : 1
08-16 14:18:57.474 I/tvos    ( 1764): SetSoundMuteStatus : m_hpMute : 1, m_spdifMute : 1, m_DataInMute : 0, m_channel7Mute : 0, m_internalMute : 0, m_spkrMute : 1, m_PcmCapture1Mute : 0, m_PcmCapture2Mute : 1 
08-16 14:18:57.531 I/tvos    ( 1764): GetAudioOutputDevice, retval : 0
08-16 14:18:57.551 I/AppPlugin( 3007): AppFolderItem --  updateSuperscriptView msg count = -1type = -1
08-16 14:18:57.551 I/AppPlugin( 3007): AppFolderItem --  updateSuperscriptView msg count = -1type = -1
08-16 14:18:57.551 I/AppPlugin( 3007): AppFolderItem --  updateSuperscriptView msg count = -1type = -1
08-16 14:18:57.552 I/AppPlugin( 3007): CellView --  updateSuperscriptView msg count = -1type = -1
08-16 14:18:57.552 I/AppPlugin( 3007): CellView --  updateSuperscriptView msg count = -1type = -1
08-16 14:18:57.557 I/APM::AudioPolicyEngine( 1758): getDeviceForStrategy, 359
08-16 14:18:57.782 I/tvos    ( 1764): GetAudioOutputDevice, retval : 0
08-16 14:18:57.790 I/AppPlugin( 3007): ReportLogUtil -- startExposureReport
08-16 14:18:58.032 I/tvos    ( 1764): GetAudioOutputDevice, retval : 0
08-16 14:18:58.097 W/CursorWrapperInner( 3788): Cursor finalized without prior close()
08-16 14:18:58.101 W/CursorWrapperInner( 3788): Cursor finalized without prior close()
08-16 14:18:58.283 I/tvos    ( 1764): GetAudioOutputDevice, retval : 0
08-16 14:18:58.473 E/LetvRemoteupgradeManager-JNI( 2613): can't get LetvManager service!
08-16 14:18:58.533 I/tvos    ( 1764): GetAudioOutputDevice, retval : 0
08-16 14:18:58.693 I/tvos    ( 1764): bq32kDriver:rtc_read_time.
08-16 14:18:58.693 I/tvos    ( 1764): [hq]rtc_read_time: read 0x58 0x18 0xc6 0x05 0x16 0x08 0x18
08-16 14:18:58.693 I/tvos    ( 1764): rtc_read_time: date 58s 18m 6h 16md 7m 118y
08-16 14:18:58.693 I/tvos    ( 1764): rtc read time:2018-8-16 6:18:58.
08-16 14:18:58.693 I/tvos    ( 1764): tm_year = 2018, tm_mon = 8, tm_mday = 16, tm_hour = 6,tm_min= 18,  tm_sec = 58
08-16 14:18:58.693 I/tvos    ( 1764): timeSeconds:1534400338 rtcTimeSeconds:1534400338.
08-16 14:18:58.783 I/tvos    ( 1764): GetAudioOutputDevice, retval : 0
08-16 14:18:59.034 I/tvos    ( 1764): GetAudioOutputDevice, retval : 0
08-16 14:18:59.284 I/tvos    ( 1764): GetAudioOutputDevice, retval : 0
08-16 14:18:59.535 I/tvos    ( 1764): GetAudioOutputDevice, retval : 0
08-16 14:18:59.785 I/tvos    ( 1764): GetAudioOutputDevice, retval : 0
08-16 14:18:59.792 I/PluginFramework -- WidgetManager( 3007): getWidget id =#com.stv.plugin.app#
08-16 14:18:59.792 I/PluginFramework -- WidgetManager( 3007): getWidget widget = Widget{, mWidgetId=com.stv.plugin.app, mState=15, mLocation='/data/user/0/com.stv.launcher/files/plugins/com.stv.plugin.app_LetvAppPlugin_2.5.0.005_2018050710.apk', mVersionName='2.5.0.005', mVersionCode=2018050710, mName='LetvAppPlugin', mDexDir='/data/user/0/com.stv.launcher/files/plugins_data/com.stv.plugin.app/dex/', mLibDir='/data/user/0/com.stv.launcher/files/plugins_data/com.stv.plugin.app/libs/', mDataDir='/data/user/0/com.stv.launcher/files/plugins_data/com.stv.plugin.app'}
08-16 14:18:59.793 I/PluginFramework -- WidgetManager( 3007): getWidget id =#com.stv.plugin.app#
08-16 14:18:59.793 I/PluginFramework -- WidgetManager( 3007): getWidget widget = Widget{, mWidgetId=com.stv.plugin.app, mState=15, mLocation='/data/user/0/com.stv.launcher/files/plugins/com.stv.plugin.app_LetvAppPlugin_2.5.0.005_2018050710.apk', mVersionName='2.5.0.005', mVersionCode=2018050710, mName='LetvAppPlugin', mDexDir='/data/user/0/com.stv.launcher/files/plugins_data/com.stv.plugin.app/dex/', mLibDir='/data/user/0/com.stv.launcher/files/plugins_data/com.stv.plugin.app/libs/', mDataDir='/data/user/0/com.stv.launcher/files/plugins_data/com.stv.plugin.app'}
08-16 14:18:59.793 I/PluginFramework -- WidgetManager( 3007): getWidget id =#com.stv.plugin.app#
08-16 14:18:59.793 I/PluginFramework -- WidgetManager( 3007): getWidget widget = Widget{, mWidgetId=com.stv.plugin.app, mState=15, mLocation='/data/user/0/com.stv.launcher/files/plugins/com.stv.plugin.app_LetvAppPlugin_2.5.0.005_2018050710.apk', mVersionName='2.5.0.005', mVersionCode=2018050710, mName='LetvAppPlugin', mDexDir='/data/user/0/com.stv.launcher/files/plugins_data/com.stv.plugin.app/dex/', mLibDir='/data/user/0/com.stv.launcher/files/plugins_data/com.stv.plugin.app/libs/', mDataDir='/data/user/0/com.stv.launcher/files/plugins_data/com.stv.plugin.app'}
08-16 14:18:59.794 I/PluginFramework -- WidgetManager( 3007): getWidget id =#com.stv.plugin.app#
08-16 14:18:59.794 I/PluginFramework -- WidgetManager( 3007): getWidget widget = Widget{, mWidgetId=com.stv.plugin.app, mState=15, mLocation='/data/user/0/com.stv.launcher/files/plugins/com.stv.plugin.app_LetvAppPlugin_2.5.0.005_2018050710.apk', mVersionName='2.5.0.005', mVersionCode=2018050710, mName='LetvAppPlugin', mDexDir='/data/user/0/com.stv.launcher/files/plugins_data/com.stv.plugin.app/dex/', mLibDir='/data/user/0/com.stv.launcher/files/plugins_data/com.stv.plugin.app/libs/', mDataDir='/data/user/0/com.stv.launcher/files/plugins_data/com.stv.plugin.app'}
08-16 14:18:59.794 I/PluginFramework -- WidgetManager( 3007): getWidget id =#com.stv.plugin.app#
08-16 14:18:59.794 I/PluginFramework -- WidgetManager( 3007): getWidget widget = Widget{, mWidgetId=com.stv.plugin.app, mState=15, mLocation='/data/user/0/com.stv.launcher/files/plugins/com.stv.plugin.app_LetvAppPlugin_2.5.0.005_2018050710.apk', mVersionName='2.5.0.005', mVersionCode=2018050710, mName='LetvAppPlugin', mDexDir='/data/user/0/com.stv.launcher/files/plugins_data/com.stv.plugin.app/dex/', mLibDir='/data/user/0/com.stv.launcher/files/plugins_data/com.stv.plugin.app/libs/', mDataDir='/data/user/0/com.stv.launcher/files/plugins_data/com.stv.plugin.app'}
08-16 14:18:59.979 I/LetvManager-LogReport( 1780): [send_msg] line: 490 report url = http://log.hdtv.cp21.ott.cibntv.net:80/api/log/tvAction
08-16 14:19:00.036 I/tvos    ( 1764): GetAudioOutputDevice, retval : 0
08-16 14:19:00.184 I/LetvManager-LogReport( 1780): [send_msg] line: 490 report url = http://log.hdtv.cp21.ott.cibntv.net:80/api/log/tvAction
08-16 14:19:00.286 I/tvos    ( 1764): GetAudioOutputDevice, retval : 0
08-16 14:19:00.391 I/LetvManager-LogReport( 1780): [send_msg] line: 490 report url = http://log.hdtv.cp21.ott.cibntv.net:80/api/log/tvAction
08-16 14:19:00.536 I/tvos    ( 1764): GetAudioOutputDevice, retval : 0
08-16 14:19:00.594 I/LetvManager-LogReport( 1780): [send_msg] line: 490 report url = http://log.hdtv.cp21.ott.cibntv.net:80/api/log/tvAction
08-16 14:19:00.787 I/tvos    ( 1764): GetAudioOutputDevice, retval : 0
08-16 14:19:00.802 I/LetvManager-LogReport( 1780): [send_msg] line: 490 report url = http://log.hdtv.cp21.ott.cibntv.net:80/api/log/tvAction
08-16 14:19:01.037 I/tvos    ( 1764): GetAudioOutputDevice, retval : 0
08-16 14:19:01.288 I/tvos    ( 1764): GetAudioOutputDevice, retval : 0
08-16 14:19:01.473 E/LetvRemoteupgradeManager-JNI( 2613): can't get LetvManager service!
08-16 14:19:01.538 I/tvos    ( 1764): GetAudioOutputDevice, retval : 0
08-16 14:19:01.788 I/tvos    ( 1764): GetAudioOutputDevice, retval : 0
08-16 14:19:02.039 I/tvos    ( 1764): GetAudioOutputDevice, retval : 0
08-16 14:19:02.289 I/tvos    ( 1764): GetAudioOutputDevice, retval : 0
08-16 14:19:02.540 I/tvos    ( 1764): GetAudioOutputDevice, retval : 0
08-16 14:19:02.790 I/tvos    ( 1764): GetAudioOutputDevice, retval : 0
08-16 14:19:03.040 I/tvos    ( 1764): GetAudioOutputDevice, retval : 0
08-16 14:19:03.291 I/tvos    ( 1764): GetAudioOutputDevice, retval : 0
08-16 14:19:03.530 I/reService( 2207): onReportKeyEvent  type=type0 keycode=4*20*20*20 
08-16 14:19:03.531 E/LETV_DEVICE( 1780): no name sn for Mstar
08-16 14:19:03.538 E/ActivityThread( 2837): Failed to find provider info for com.letv.agnes.InfoProvider
08-16 14:19:03.539 E/ActivityThread( 2837): Failed to find provider info for com.letv.agnes.InfoProvider
08-16 14:19:03.539 W/System.err( 2837): java.lang.IllegalArgumentException: Unknown URL content://com.letv.agnes.InfoProvider
08-16 14:19:03.540 W/System.err( 2837): 	at android.content.ContentResolver.insert(ContentResolver.java:1227)
08-16 14:19:03.540 W/System.err( 2837): 	at com.letv.tracker2.agnes.Configuration.addDebugInfo(Configuration.java:289)
08-16 14:19:03.540 W/System.err( 2837): 	at com.letv.tracker2.agnes.MessageProcessor$SendEnvMsgTr$1.handleMessage(MessageProcessor.java:661)
08-16 14:19:03.540 W/System.err( 2837): 	at android.os.Handler.dispatchMessage(Handler.java:102)
08-16 14:19:03.540 W/System.err( 2837): 	at android.os.Looper.loop(Looper.java:148)
08-16 14:19:03.540 W/System.err( 2837): 	at com.letv.tracker2.agnes.MessageProcessor$SendEnvMsgTr.run(MessageProcessor.java:665)
08-16 14:19:03.541 I/tvos    ( 1764): GetAudioOutputDevice, retval : 0
08-16 14:19:03.548 I/[T1.0.6.3]EuiAgnes_Server( 2837): resCode:1
08-16 14:19:03.548 I/[T1.0.6.3]EuiAgnes_Server( 2837): b[0]:0
08-16 14:19:03.792 I/tvos    ( 1764): GetAudioOutputDevice, retval : 0
08-16 14:19:04.042 I/tvos    ( 1764): GetAudioOutputDevice, retval : 0
08-16 14:19:04.144 I/Radio-JNI(14985): register_android_hardware_Radio DONE
08-16 14:19:04.170 W/ActivityManager( 2207): Invalid packageName: com.stv.calendar
08-16 14:19:04.292 I/tvos    ( 1764): GetAudioOutputDevice, retval : 0
08-16 14:19:04.421 I/ActivityManager( 2207): START u0 {act=android.intent.action.MAIN cat=[android.intent.category.LAUNCHER] flg=0x10000000 cmp=com.stv.calendar/.activity.CalendarActivity} from uid 0 on display 0
08-16 14:19:04.473 E/LetvRemoteupgradeManager-JNI( 2613): can't get LetvManager service!
08-16 14:19:04.543 I/tvos    ( 1764): GetAudioOutputDevice, retval : 0
08-16 14:19:04.793 I/tvos    ( 1764): GetAudioOutputDevice, retval : 0
08-16 14:19:05.044 I/tvos    ( 1764): GetAudioOutputDevice, retval : 0
08-16 14:19:05.294 I/tvos    ( 1764): GetAudioOutputDevice, retval : 0
08-16 14:19:05.545 I/tvos    ( 1764): GetAudioOutputDevice, retval : 0
08-16 14:19:05.772 I/WifiStateMachine( 2207):  DisconnectedState !CMD_START_SCAN  rt=511212205/511212205 -2 34059 ic=1 proc(ms):15008 dur:2867 cnt=34059 rssi=-127 f=-1 sc=0 link=-1 tx=0.0, 0.0, 0.0  rx=0.0 fiv=20000 [on:0 tx:0 rx:0 period:15007] from screen [on:0 period:1097021100]
08-16 14:19:05.773 I/WifiStateMachine( 2207): handlescanrequest  starting scan for 
08-16 14:19:05.773 I/WifiStateMachine( 2207): startscannative  starting scan for 
08-16 14:19:05.795 I/tvos    ( 1764): GetAudioOutputDevice, retval : 0
08-16 14:19:06.045 I/tvos    ( 1764): GetAudioOutputDevice, retval : 0
08-16 14:19:06.296 I/tvos    ( 1764): GetAudioOutputDevice, retval : 0
08-16 14:19:06.546 I/tvos    ( 1764): GetAudioOutputDevice, retval : 0
08-16 14:19:06.797 I/tvos    ( 1764): GetAudioOutputDevice, retval : 0
08-16 14:19:07.047 I/tvos    ( 1764): GetAudioOutputDevice, retval : 0
08-16 14:19:07.297 I/tvos    ( 1764): GetAudioOutputDevice, retval : 0
08-16 14:19:07.474 E/LetvRemoteupgradeManager-JNI( 2613): can't get LetvManager service!
08-16 14:19:07.548 I/tvos    ( 1764): GetAudioOutputDevice, retval : 0
08-16 14:19:07.798 I/tvos    ( 1764): GetAudioOutputDevice, retval : 0
08-16 14:19:08.049 I/tvos    ( 1764): GetAudioOutputDevice, retval : 0
08-16 14:19:08.299 I/tvos    ( 1764): GetAudioOutputDevice, retval : 0
08-16 14:19:08.549 I/tvos    ( 1764): GetAudioOutputDevice, retval : 0
08-16 14:19:08.604 I/WifiStateMachine( 2207):  DisconnectedState !SCAN_RESULTS_EVENT  rt=511215037/511215037 0 0 found=185 known=0 got=185 bcn=0 con=0
08-16 14:19:08.605 I/WifiStateMachine( 2207):  ConnectModeState !SCAN_RESULTS_EVENT  rt=511215038/511215038 0 0 found=185 known=0 got=185 bcn=0 con=0
08-16 14:19:08.605 I/WifiStateMachine( 2207):  DriverStartedState !SCAN_RESULTS_EVENT  rt=511215038/511215038 0 0 found=185 known=0 got=185 bcn=0 con=0
08-16 14:19:08.605 I/WifiStateMachine( 2207):  SupplicantStartedState !SCAN_RESULTS_EVENT  rt=511215039/511215039 0 0 found=185 known=0 got=185 bcn=0 con=0
08-16 14:19:08.674 I/WifiStateMachine( 2207): setscanresults newsupplicantresult
08-16 14:19:08.800 I/tvos    ( 1764): GetAudioOutputDevice, retval : 0
08-16 14:19:09.051 I/tvos    ( 1764): GetAudioOutputDevice, retval : 0
08-16 14:19:09.301 I/tvos    ( 1764): GetAudioOutputDevice, retval : 0
08-16 14:19:09.551 I/tvos    ( 1764): GetAudioOutputDevice, retval : 0
08-16 14:19:09.802 I/tvos    ( 1764): GetAudioOutputDevice, retval : 0
08-16 14:19:10.052 I/tvos    ( 1764): GetAudioOutputDevice, retval : 0
08-16 14:19:10.303 I/tvos    ( 1764): GetAudioOutputDevice, retval : 0
08-16 14:19:10.474 E/LetvRemoteupgradeManager-JNI( 2613): can't get LetvManager service!
08-16 14:19:10.553 I/tvos    ( 1764): GetAudioOutputDevice, retval : 0
08-16 14:19:10.803 I/tvos    ( 1764): GetAudioOutputDevice, retval : 0
08-16 14:19:11.054 I/tvos    ( 1764): GetAudioOutputDevice, retval : 0
08-16 14:19:11.304 I/tvos    ( 1764): GetAudioOutputDevice, retval : 0
08-16 14:19:11.555 I/tvos    ( 1764): GetAudioOutputDevice, retval : 0
08-16 14:19:11.699 I/dumpstate(15012): begin
08-16 14:19:11.699 I/dumpstate_bq(15012): bq_main enter!
08-16 14:19:11.699 I/dumpstate_bq(15012): bq_main args = iopp.1.32
08-16 14:19:11.699 I/dumpstate_bq(15012): out_format[0x1], field_mask[0x20]
08-16 14:19:11.699 I/dumpstate_bq(15012): listenfd[10] timeout[3s]
08-16 14:19:11.785 I/dumpstate_bq(15012): accept clientfd[4]
08-16 14:19:11.791 I/dumpstate_bq(15012): field_cnt[1] ions_cnt[187]
08-16 14:19:11.791 I/dumpstate_bq(15012): buff_len[1553] vs send_len[1553]
08-16 14:19:11.791 I/dumpstate_bq(15012): bq_main leave ret[0]!
08-16 14:19:11.805 I/tvos    ( 1764): GetAudioOutputDevice, retval : 0
08-16 14:19:11.815 W/ProcessIOManagerError( 2207): getCmdline error->/proc/15012/cmdline: open failed: ENOENT (No such file or directory)
08-16 14:19:11.819 W/LetvKillerByIoUsageStrategy( 2207): get ioKillerStep1Threshold error:java.lang.NumberFormatException: Invalid int: "null"
08-16 14:19:12.011 I/LetvManager-LogReport( 1780): [send_msg] line: 490 report url = http://log.hdtv.cp21.ott.cibntv.net:80/api/log/heartbeat
08-16 14:19:12.056 I/tvos    ( 1764): GetAudioOutputDevice, retval : 0
08-16 14:19:12.306 I/tvos    ( 1764): GetAudioOutputDevice, retval : 0
08-16 14:19:12.557 I/tvos    ( 1764): GetAudioOutputDevice, retval : 0
08-16 14:19:12.807 I/tvos    ( 1764): GetAudioOutputDevice, retval : 0
08-16 14:19:13.058 I/tvos    ( 1764): GetAudioOutputDevice, retval : 0
08-16 14:19:13.186 I/tvos    ( 1764): [37m[INFO] Change to Voltage: 1150 mV (0x22)[m
08-16 14:19:13.186 I/tvos    ( 1764): [37m[INFO] Change to Voltage: 1150 mV (0x25)[m
08-16 14:19:13.186 I/tvos    ( 1764): [37m[INFO] Change to Voltage: 1150 mV (0x28)[m
08-16 14:19:13.186 I/tvos    ( 1764): [37m[INFO] Change to Voltage: 1150 mV (0x2B)[m
08-16 14:19:13.186 I/tvos    ( 1764): [37m[INFO] Change to Voltage: 1150 mV (0x2E)[m
08-16 14:19:13.187 I/tvos    ( 1764): [37m[INFO] Change to Voltage: 1150 mV (0x2E)[m
08-16 14:19:13.287 I/tvos    ( 1764): [37m[INFO] Change to Voltage: 1030 mV (0x2E)[m
08-16 14:19:13.287 I/tvos    ( 1764): [37m[INFO] Change to Voltage: 1030 mV (0x2B)[m
08-16 14:19:13.287 I/tvos    ( 1764): [37m[INFO] Change to Voltage: 1030 mV (0x28)[m
