08-16 14:19:13.287 I/tvos    ( 1764): [37m[INFO] Change to Voltage: 1030 mV (0x25)[m
08-16 14:19:13.287 I/tvos    ( 1764): [37m[INFO] Change to Voltage: 1030 mV (0x22)[m
08-16 14:19:13.287 I/tvos    ( 1764): [37m[INFO] Change to Voltage: 1030 mV (0x22)[m
08-16 14:19:13.308 I/tvos    ( 1764): GetAudioOutputDevice, retval : 0
08-16 14:19:13.474 E/LetvRemoteupgradeManager-JNI( 2613): can't get LetvManager service!
08-16 14:19:13.558 I/tvos    ( 1764): GetAudioOutputDevice, retval : 0
08-16 14:19:13.809 I/tvos    ( 1764): GetAudioOutputDevice, retval : 0
08-16 14:19:14.059 I/tvos    ( 1764): GetAudioOutputDevice, retval : 0
08-16 14:19:14.310 I/tvos    ( 1764): GetAudioOutputDevice, retval : 0
08-16 14:19:14.560 I/tvos    ( 1764): GetAudioOutputDevice, retval : 0
08-16 14:19:14.810 I/tvos    ( 1764): GetAudioOutputDevice, retval : 0
08-16 14:19:15.061 I/tvos    ( 1764): GetAudioOutputDevice, retval : 0
08-16 14:19:15.311 I/tvos    ( 1764): GetAudioOutputDevice, retval : 0
08-16 14:19:15.562 I/tvos    ( 1764): GetAudioOutputDevice, retval : 0
08-16 14:19:15.700 I/lbplayer( 4071): [main]:ServiceDOWN:dlnaRender is running
08-16 14:19:15.700 I/lbplayer( 4071): [main]:ServiceDOWN:LeLinkService is running
08-16 14:19:15.700 I/lbplayer( 4071): [main]:ServiceDOWN:mainServer is running
08-16 14:19:15.812 I/tvos    ( 1764): GetAudioOutputDevice, retval : 0
08-16 14:19:16.062 I/tvos    ( 1764): GetAudioOutputDevice, retval : 0
08-16 14:19:16.313 I/tvos    ( 1764): GetAudioOutputDevice, retval : 0
08-16 14:19:16.475 E/LetvRemoteupgradeManager-JNI( 2613): can't get LetvManager service!
08-16 14:19:16.563 I/tvos    ( 1764): GetAudioOutputDevice, retval : 0
08-16 14:19:16.814 I/tvos    ( 1764): GetAudioOutputDevice, retval : 0
08-16 14:19:17.064 I/tvos    ( 1764): GetAudioOutputDevice, retval : 0
08-16 14:19:17.314 I/tvos    ( 1764): GetAudioOutputDevice, retval : 0
08-16 14:19:17.565 I/tvos    ( 1764): GetAudioOutputDevice, retval : 0
08-16 14:19:17.815 I/tvos    ( 1764): GetAudioOutputDevice, retval : 0
08-16 14:19:18.066 I/tvos    ( 1764): GetAudioOutputDevice, retval : 0
08-16 14:19:18.316 I/tvos    ( 1764): GetAudioOutputDevice, retval : 0
08-16 14:19:18.567 I/tvos    ( 1764): GetAudioOutputDevice, retval : 0
08-16 14:19:18.817 I/tvos    ( 1764): GetAudioOutputDevice, retval : 0
08-16 14:19:19.067 I/tvos    ( 1764): GetAudioOutputDevice, retval : 0
08-16 14:19:19.318 I/tvos    ( 1764): GetAudioOutputDevice, retval : 0
08-16 14:19:19.475 E/LetvRemoteupgradeManager-JNI( 2613): can't get LetvManager service!
08-16 14:19:19.568 I/tvos    ( 1764): GetAudioOutputDevice, retval : 0
08-16 14:19:19.819 I/tvos    ( 1764): GetAudioOutputDevice, retval : 0
08-16 14:19:19.987 I/tvos    ( 1764): [37m[INFO] Change to Voltage: 1150 mV (0x22)[m
08-16 14:19:19.987 I/tvos    ( 1764): [37m[INFO] Change to Voltage: 1150 mV (0x25)[m
08-16 14:19:19.987 I/tvos    ( 1764): [37m[INFO] Change to Voltage: 1150 mV (0x28)[m
08-16 14:19:19.987 I/tvos    ( 1764): [37m[INFO] Change to Voltage: 1150 mV (0x2B)[m
08-16 14:19:19.987 I/tvos    ( 1764): [37m[INFO] Change to Voltage: 1150 mV (0x2E)[m
08-16 14:19:19.987 I/tvos    ( 1764): [37m[INFO] Change to Voltage: 1150 mV (0x2E)[m
08-16 14:19:20.069 I/tvos    ( 1764): GetAudioOutputDevice, retval : 0
08-16 14:19:20.087 I/tvos    ( 1764): [37m[INFO] Change to Voltage: 1030 mV (0x2E)[m
08-16 14:19:20.087 I/tvos    ( 1764): [37m[INFO] Change to Voltage: 1030 mV (0x2B)[m
08-16 14:19:20.087 I/tvos    ( 1764): [37m[INFO] Change to Voltage: 1030 mV (0x28)[m
08-16 14:19:20.087 I/tvos    ( 1764): [37m[INFO] Change to Voltage: 1030 mV (0x25)[m
08-16 14:19:20.087 I/tvos    ( 1764): [37m[INFO] Change to Voltage: 1030 mV (0x22)[m
08-16 14:19:20.087 I/tvos    ( 1764): [37m[INFO] Change to Voltage: 1030 mV (0x22)[m
08-16 14:19:20.320 I/tvos    ( 1764): GetAudioOutputDevice, retval : 0
08-16 14:19:20.570 I/tvos    ( 1764): GetAudioOutputDevice, retval : 0
08-16 14:19:20.783 I/WifiStateMachine( 2207):  DisconnectedState !CMD_START_SCAN  rt=511227216/511227216 -2 34060 ic=1 proc(ms):15011 dur:2832 cnt=34060 rssi=-127 f=-1 sc=0 link=-1 tx=0.0, 0.0, 0.0  rx=0.0 fiv=20000 [on:0 tx:0 rx:0 period:15008] from screen [on:0 period:1097036111]
08-16 14:19:20.783 I/WifiStateMachine( 2207): handlescanrequest  starting scan for 
08-16 14:19:20.783 I/WifiStateMachine( 2207): startscannative  starting scan for 
08-16 14:19:20.821 I/tvos    ( 1764): GetAudioOutputDevice, retval : 0
08-16 14:19:21.071 I/tvos    ( 1764): GetAudioOutputDevice, retval : 0
08-16 14:19:21.321 I/tvos    ( 1764): GetAudioOutputDevice, retval : 0
08-16 14:19:21.572 I/tvos    ( 1764): GetAudioOutputDevice, retval : 0
08-16 14:19:21.822 I/tvos    ( 1764): GetAudioOutputDevice, retval : 0
08-16 14:19:22.073 I/tvos    ( 1764): GetAudioOutputDevice, retval : 0
08-16 14:19:22.323 I/tvos    ( 1764): GetAudioOutputDevice, retval : 0
08-16 14:19:22.476 E/LetvRemoteupgradeManager-JNI( 2613): can't get LetvManager service!
08-16 14:19:22.573 I/tvos    ( 1764): GetAudioOutputDevice, retval : 0
08-16 14:19:22.824 I/tvos    ( 1764): GetAudioOutputDevice, retval : 0
08-16 14:19:23.074 I/tvos    ( 1764): GetAudioOutputDevice, retval : 0
08-16 14:19:23.325 I/tvos    ( 1764): GetAudioOutputDevice, retval : 0
08-16 14:19:23.575 I/tvos    ( 1764): GetAudioOutputDevice, retval : 0
08-16 14:19:23.639 I/WifiStateMachine( 2207):  DisconnectedState !SCAN_RESULTS_EVENT  rt=511230072/511230072 0 0 found=165 known=0 got=165 bcn=0 con=0
08-16 14:19:23.640 I/WifiStateMachine( 2207):  ConnectModeState !SCAN_RESULTS_EVENT  rt=511230073/511230073 0 0 found=165 known=0 got=165 bcn=0 con=0
08-16 14:19:23.640 I/WifiStateMachine( 2207):  DriverStartedState !SCAN_RESULTS_EVENT  rt=511230073/511230073 0 0 found=165 known=0 got=165 bcn=0 con=0
08-16 14:19:23.640 I/WifiStateMachine( 2207):  SupplicantStartedState !SCAN_RESULTS_EVENT  rt=511230073/511230073 0 0 found=165 known=0 got=165 bcn=0 con=0
08-16 14:19:23.705 I/WifiStateMachine( 2207): setscanresults newsupplicantresult
08-16 14:19:23.825 I/tvos    ( 1764): GetAudioOutputDevice, retval : 0
08-16 14:19:23.842 I/WifiStateMachine( 2207):  DisconnectedState !CMD_NO_NETWORKS_PERIODIC_SCAN  rt=511230275/511230275 1705 0
08-16 14:19:23.842 I/WifiStateMachine( 2207):  DisconnectedState !CMD_START_SCAN  rt=511230275/511230275 -1 -1 ic=1 proc(ms):0 dur:2857 cnt=34061 rssi=-127 f=-1 sc=0 link=-1 tx=0.0, 0.0, 0.0  rx=0.0 fiv=20000 [on:0 tx:0 rx:0 period:3058] from screen [on:0 period:1097039170]
08-16 14:19:23.843 I/WifiStateMachine( 2207):  ConnectModeState !CMD_START_SCAN  rt=511230276/511230276 -1 -1 ic=1 proc(ms):1 dur:2857 cnt=34061 rssi=-127 f=-1 sc=0 link=-1 tx=0.0, 0.0, 0.0  rx=0.0 fiv=20000 [on:0 tx:0 rx:0 period:1] from screen [on:0 period:1097039171]
08-16 14:19:23.843 I/WifiStateMachine( 2207):  DriverStartedState !CMD_START_SCAN  rt=511230276/511230276 -1 -1 ic=1 proc(ms):1 dur:2857 cnt=34061 rssi=-127 f=-1 sc=0 link=-1 tx=0.0, 0.0, 0.0  rx=0.0 fiv=20000 [on:0 tx:0 rx:0 period:0] from screen [on:0 period:1097039171]
08-16 14:19:23.844 I/WifiStateMachine( 2207): handlescanrequest  starting scan for 
08-16 14:19:23.844 I/WifiStateMachine( 2207): startscannative  starting scan for 
08-16 14:19:24.076 I/tvos    ( 1764): GetAudioOutputDevice, retval : 0
08-16 14:19:24.326 I/tvos    ( 1764): GetAudioOutputDevice, retval : 0
08-16 14:19:24.577 I/tvos    ( 1764): GetAudioOutputDevice, retval : 0
08-16 14:19:24.731 I/TimeProvider( 2837): sRetryCount = 0 ProcessId = 2837
08-16 14:19:24.732 I/TimeProvider( 2837): startSyncTimeInternal timeFetcher is class com.letv.core.timer.HttpHeaderTimeFetcher sRetryCount = 0 ProcessId = 2837
08-16 14:19:24.745 I/TimeProvider( 2837): startHttpGet host = https://sso.cp21.ott
08-16 14:19:24.745 I/TimeProvider( 2837):  Host: https://sso.cp21.ott sync ready current time is :Thu Aug 16 14:19:24 GMT+08:00 2018
08-16 14:19:24.745 I/TimeProvider( 2837): System time is :Thu Aug 16 14:19:24 GMT+08:00 2018
08-16 14:19:24.745 I/TimeProvider( 2837): fetch time cost ms:13
08-16 14:19:24.745 I/TimeProvider( 2837): sCurrentTime = 1534400364006 Date = Thu Aug 16 14:19:24 GMT+08:00 2018
08-16 14:19:24.827 I/tvos    ( 1764): GetAudioOutputDevice, retval : 0
08-16 14:19:25.077 I/tvos    ( 1764): GetAudioOutputDevice, retval : 0
08-16 14:19:25.328 I/tvos    ( 1764): GetAudioOutputDevice, retval : 0
08-16 14:19:25.476 E/LetvRemoteupgradeManager-JNI( 2613): can't get LetvManager service!
08-16 14:19:25.578 I/tvos    ( 1764): GetAudioOutputDevice, retval : 0
08-16 14:19:25.641 I/LetvTestCase(14933): screenShot: /sdcard/AutoSmoke_UI30/testEntryCalendar_20180816_141847/1534400365641.png
08-16 14:19:25.643 I/System.out(14933): The folder /sdcard/AutoSmoke_UI30/testEntryCalendar_20180816_141847/ has existed!
08-16 14:19:25.643 I/System.out(14933): current_case_root_folder=testEntryCalendar_20180816_141847
08-16 14:19:25.643 I/LetvTestCase(14933): screenShot: /sdcard/AutoSmoke_UI30/testEntryCalendar_20180816_141847/1534400365641.png
08-16 14:19:25.685 I/tvos    ( 1764): [37m[INFO] Change to Voltage: 1150 mV (0x22)[m
08-16 14:19:25.685 I/tvos    ( 1764): [37m[INFO] Change to Voltage: 1150 mV (0x25)[m
08-16 14:19:25.685 I/tvos    ( 1764): [37m[INFO] Change to Voltage: 1150 mV (0x28)[m
08-16 14:19:25.686 I/tvos    ( 1764): [37m[INFO] Change to Voltage: 1150 mV (0x2B)[m
08-16 14:19:25.687 I/tvos    ( 1764): [37m[INFO] Change to Voltage: 1150 mV (0x2E)[m
08-16 14:19:25.688 I/tvos    ( 1764): [37m[INFO] Change to Voltage: 1150 mV (0x2E)[m
08-16 14:19:25.829 I/tvos    ( 1764): GetAudioOutputDevice, retval : 0
08-16 14:19:26.079 I/tvos    ( 1764): GetAudioOutputDevice, retval : 0
08-16 14:19:26.330 I/tvos    ( 1764): GetAudioOutputDevice, retval : 0
08-16 14:19:26.580 I/tvos    ( 1764): GetAudioOutputDevice, retval : 0
08-16 14:19:26.705 I/WifiStateMachine( 2207):  DisconnectedState !SCAN_RESULTS_EVENT  rt=511233138/511233138 0 0 found=159 known=0 got=159 bcn=0 con=0
08-16 14:19:26.706 I/WifiStateMachine( 2207):  ConnectModeState !SCAN_RESULTS_EVENT  rt=511233139/511233139 0 0 found=159 known=0 got=159 bcn=0 con=0
08-16 14:19:26.706 I/WifiStateMachine( 2207):  DriverStartedState !SCAN_RESULTS_EVENT  rt=511233139/511233139 0 0 found=159 known=0 got=159 bcn=0 con=0
08-16 14:19:26.707 I/WifiStateMachine( 2207):  SupplicantStartedState !SCAN_RESULTS_EVENT  rt=511233140/511233140 0 0 found=159 known=0 got=159 bcn=0 con=0
08-16 14:19:26.782 I/WifiStateMachine( 2207): setscanresults newsupplicantresult
08-16 14:19:26.831 I/tvos    ( 1764): GetAudioOutputDevice, retval : 0
08-16 14:19:27.081 I/tvos    ( 1764): GetAudioOutputDevice, retval : 0
08-16 14:19:27.186 I/tvos    ( 1764): [37m[INFO] Change to Voltage: 1030 mV (0x2E)[m
08-16 14:19:27.186 I/tvos    ( 1764): [37m[INFO] Change to Voltage: 1030 mV (0x2B)[m
08-16 14:19:27.186 I/tvos    ( 1764): [37m[INFO] Change to Voltage: 1030 mV (0x28)[m
08-16 14:19:27.186 I/tvos    ( 1764): [37m[INFO] Change to Voltage: 1030 mV (0x25)[m
08-16 14:19:27.186 I/tvos    ( 1764): [37m[INFO] Change to Voltage: 1030 mV (0x22)[m
08-16 14:19:27.187 I/tvos    ( 1764): [37m[INFO] Change to Voltage: 1030 mV (0x22)[m
08-16 14:19:27.331 I/tvos    ( 1764): GetAudioOutputDevice, retval : 0
08-16 14:19:27.582 I/tvos    ( 1764): GetAudioOutputDevice, retval : 0
08-16 14:19:27.832 I/tvos    ( 1764): GetAudioOutputDevice, retval : 0
08-16 14:19:27.948 I/Radio-JNI(15041): register_android_hardware_Radio DONE
08-16 14:19:28.083 I/tvos    ( 1764): GetAudioOutputDevice, retval : 0
08-16 14:19:28.333 I/tvos    ( 1764): GetAudioOutputDevice, retval : 0
08-16 14:19:28.386 I/tvos    ( 1764): [37m[INFO] Change to Voltage: 1150 mV (0x22)[m
08-16 14:19:28.386 I/tvos    ( 1764): [37m[INFO] Change to Voltage: 1150 mV (0x25)[m
08-16 14:19:28.386 I/tvos    ( 1764): [37m[INFO] Change to Voltage: 1150 mV (0x28)[m
08-16 14:19:28.386 I/tvos    ( 1764): [37m[INFO] Change to Voltage: 1150 mV (0x2B)[m
08-16 14:19:28.386 I/tvos    ( 1764): [37m[INFO] Change to Voltage: 1150 mV (0x2E)[m
08-16 14:19:28.387 I/tvos    ( 1764): [37m[INFO] Change to Voltage: 1150 mV (0x2E)[m
08-16 14:19:28.476 E/LetvRemoteupgradeManager-JNI( 2613): can't get LetvManager service!
08-16 14:19:28.486 I/tvos    ( 1764): [37m[INFO] Change to Voltage: 1030 mV (0x2E)[m
08-16 14:19:28.486 I/tvos    ( 1764): [37m[INFO] Change to Voltage: 1030 mV (0x2B)[m
08-16 14:19:28.486 I/tvos    ( 1764): [37m[INFO] Change to Voltage: 1030 mV (0x28)[m
08-16 14:19:28.486 I/tvos    ( 1764): [37m[INFO] Change to Voltage: 1030 mV (0x25)[m
08-16 14:19:28.487 I/tvos    ( 1764): [37m[INFO] Change to Voltage: 1030 mV (0x22)[m
08-16 14:19:28.487 I/tvos    ( 1764): [37m[INFO] Change to Voltage: 1030 mV (0x22)[m
08-16 14:19:28.583 I/tvos    ( 1764): GetAudioOutputDevice, retval : 0
08-16 14:19:28.584 I/[T1.0.5]EuiAgnes_CleanUpThread( 7946): get folder size:/data/data/com.letv.leso/agnes_cache/unsent:0
08-16 14:19:28.694 I/tvos    ( 1764): bq32kDriver:rtc_read_time.
08-16 14:19:28.694 I/tvos    ( 1764): [hq]rtc_read_time: read 0x28 0x19 0xc6 0x05 0x16 0x08 0x18
08-16 14:19:28.694 I/tvos    ( 1764): rtc_read_time: date 28s 19m 6h 16md 7m 118y
08-16 14:19:28.694 I/tvos    ( 1764): rtc read time:2018-8-16 6:19:28.
08-16 14:19:28.694 I/tvos    ( 1764): tm_year = 2018, tm_mon = 8, tm_mday = 16, tm_hour = 6,tm_min= 19,  tm_sec = 28
08-16 14:19:28.694 I/tvos    ( 1764): timeSeconds:1534400368 rtcTimeSeconds:1534400368.
08-16 14:19:28.834 I/tvos    ( 1764): GetAudioOutputDevice, retval : 0
08-16 14:19:29.084 I/tvos    ( 1764): GetAudioOutputDevice, retval : 0
08-16 14:19:29.335 I/tvos    ( 1764): GetAudioOutputDevice, retval : 0
08-16 14:19:29.585 I/tvos    ( 1764): GetAudioOutputDevice, retval : 0
08-16 14:19:29.836 I/tvos    ( 1764): GetAudioOutputDevice, retval : 0
08-16 14:19:30.086 I/tvos    ( 1764): GetAudioOutputDevice, retval : 0
08-16 14:19:30.286 I/tvos    ( 1764): [37m[INFO] Change to Voltage: 1150 mV (0x22)[m
08-16 14:19:30.286 I/tvos    ( 1764): [37m[INFO] Change to Voltage: 1150 mV (0x25)[m
08-16 14:19:30.286 I/tvos    ( 1764): [37m[INFO] Change to Voltage: 1150 mV (0x28)[m
08-16 14:19:30.286 I/tvos    ( 1764): [37m[INFO] Change to Voltage: 1150 mV (0x2B)[m
08-16 14:19:30.287 I/tvos    ( 1764): [37m[INFO] Change to Voltage: 1150 mV (0x2E)[m
08-16 14:19:30.287 I/tvos    ( 1764): [37m[INFO] Change to Voltage: 1150 mV (0x2E)[m
08-16 14:19:30.337 I/tvos    ( 1764): GetAudioOutputDevice, retval : 0
08-16 14:19:30.587 I/tvos    ( 1764): GetAudioOutputDevice, retval : 0
08-16 14:19:30.778 I/Radio-JNI(15068): register_android_hardware_Radio DONE
08-16 14:19:30.837 I/tvos    ( 1764): GetAudioOutputDevice, retval : 0
08-16 14:19:30.887 I/tvos    ( 1764): [37m[INFO] Change to Voltage: 1030 mV (0x2E)[m
08-16 14:19:30.887 I/tvos    ( 1764): [37m[INFO] Change to Voltage: 1030 mV (0x2B)[m
08-16 14:19:30.887 I/tvos    ( 1764): [37m[INFO] Change to Voltage: 1030 mV (0x28)[m
08-16 14:19:30.887 I/tvos    ( 1764): [37m[INFO] Change to Voltage: 1030 mV (0x25)[m
08-16 14:19:30.887 I/tvos    ( 1764): [37m[INFO] Change to Voltage: 1030 mV (0x22)[m
08-16 14:19:30.887 I/tvos    ( 1764): [37m[INFO] Change to Voltage: 1030 mV (0x22)[m
08-16 14:19:31.034 I/LetvTestCase(14933): screenShot: /sdcard/AutoSmoke_UI30/testEntryCalendar_20180816_141847/1534400371034.png
08-16 14:19:31.035 I/System.out(14933): The folder /sdcard/AutoSmoke_UI30/testEntryCalendar_20180816_141847/ has existed!
08-16 14:19:31.035 I/System.out(14933): current_case_root_folder=testEntryCalendar_20180816_141847
08-16 14:19:31.035 I/LetvTestCase(14933): screenShot: /sdcard/AutoSmoke_UI30/testEntryCalendar_20180816_141847/1534400371034.png
08-16 14:19:31.088 I/tvos    ( 1764): GetAudioOutputDevice, retval : 0
08-16 14:19:31.185 I/tvos    ( 1764): [37m[INFO] Change to Voltage: 1150 mV (0x22)[m
08-16 14:19:31.185 I/tvos    ( 1764): [37m[INFO] Change to Voltage: 1150 mV (0x25)[m
08-16 14:19:31.186 I/tvos    ( 1764): [37m[INFO] Change to Voltage: 1150 mV (0x28)[m
08-16 14:19:31.186 I/tvos    ( 1764): [37m[INFO] Change to Voltage: 1150 mV (0x2B)[m
08-16 14:19:31.187 I/tvos    ( 1764): [37m[INFO] Change to Voltage: 1150 mV (0x2E)[m
08-16 14:19:31.188 I/tvos    ( 1764): [37m[INFO] Change to Voltage: 1150 mV (0x2E)[m
08-16 14:19:31.285 I/tvos    ( 1764): [37m[INFO] Change to Voltage: 1030 mV (0x2E)[m
08-16 14:19:31.285 I/tvos    ( 1764): [37m[INFO] Change to Voltage: 1030 mV (0x2B)[m
08-16 14:19:31.286 I/tvos    ( 1764): [37m[INFO] Change to Voltage: 1030 mV (0x28)[m
08-16 14:19:31.287 I/tvos    ( 1764): [37m[INFO] Change to Voltage: 1030 mV (0x25)[m
08-16 14:19:31.288 I/tvos    ( 1764): [37m[INFO] Change to Voltage: 1030 mV (0x22)[m
08-16 14:19:31.289 I/tvos    ( 1764): [37m[INFO] Change to Voltage: 1030 mV (0x22)[m
08-16 14:19:31.338 I/tvos    ( 1764): GetAudioOutputDevice, retval : 0
08-16 14:19:31.477 E/LetvRemoteupgradeManager-JNI( 2613): can't get LetvManager service!
08-16 14:19:31.521 I/StvLogReport( 2837): Report Nielsen, handleMessage: 'send bd ok
08-16 14:19:31.521 I/StvLogReport( 2837): 6^C2014082201^X440M-b01bd2542d51-^A1A90F9A1254CF6F^C12CB01BD2542D51^^^2018-08-16 14:19:25^1^2.57^1^H^^^^^^^^^^^^^ (104)'.
08-16 14:19:31.589 I/tvos    ( 1764): GetAudioOutputDevice, retval : 0
08-16 14:19:31.839 I/tvos    ( 1764): GetAudioOutputDevice, retval : 0
08-16 14:19:32.090 I/tvos    ( 1764): GetAudioOutputDevice, retval : 0
08-16 14:19:32.340 I/tvos    ( 1764): GetAudioOutputDevice, retval : 0
08-16 14:19:32.591 I/tvos    ( 1764): GetAudioOutputDevice, retval : 0
08-16 14:19:32.841 I/tvos    ( 1764): GetAudioOutputDevice, retval : 0
08-16 14:19:33.087 I/tvos    ( 1764): [37m[INFO] Change to Voltage: 1150 mV (0x22)[m
08-16 14:19:33.087 I/tvos    ( 1764): [37m[INFO] Change to Voltage: 1150 mV (0x25)[m
08-16 14:19:33.087 I/tvos    ( 1764): [37m[INFO] Change to Voltage: 1150 mV (0x28)[m
08-16 14:19:33.087 I/tvos    ( 1764): [37m[INFO] Change to Voltage: 1150 mV (0x2B)[m
08-16 14:19:33.087 I/tvos    ( 1764): [37m[INFO] Change to Voltage: 1150 mV (0x2E)[m
08-16 14:19:33.087 I/tvos    ( 1764): [37m[INFO] Change to Voltage: 1150 mV (0x2E)[m
08-16 14:19:33.091 I/tvos    ( 1764): GetAudioOutputDevice, retval : 0
08-16 14:19:33.342 I/tvos    ( 1764): GetAudioOutputDevice, retval : 0
08-16 14:19:33.585 I/tvos    ( 1764): [37m[INFO] Change to Voltage: 1030 mV (0x2E)[m
08-16 14:19:33.585 I/tvos    ( 1764): [37m[INFO] Change to Voltage: 1030 mV (0x2B)[m
08-16 14:19:33.585 I/tvos    ( 1764): [37m[INFO] Change to Voltage: 1030 mV (0x28)[m
08-16 14:19:33.587 I/Radio-JNI(15094): register_android_hardware_Radio DONE
08-16 14:19:33.587 I/tvos    ( 1764): [37m[INFO] Change to Voltage: 1030 mV (0x25)[m
08-16 14:19:33.587 I/tvos    ( 1764): [37m[INFO] Change to Voltage: 1030 mV (0x22)[m
08-16 14:19:33.588 I/tvos    ( 1764): [37m[INFO] Change to Voltage: 1030 mV (0x22)[m
08-16 14:19:33.592 I/tvos    ( 1764): GetAudioOutputDevice, retval : 0
08-16 14:19:33.843 I/tvos    ( 1764): GetAudioOutputDevice, retval : 0
08-16 14:19:34.093 I/tvos    ( 1764): GetAudioOutputDevice, retval : 0
08-16 14:19:34.186 I/tvos    ( 1764): [37m[INFO] Change to Voltage: 1150 mV (0x22)[m
08-16 14:19:34.186 I/tvos    ( 1764): [37m[INFO] Change to Voltage: 1150 mV (0x25)[m
08-16 14:19:34.186 I/tvos    ( 1764): [37m[INFO] Change to Voltage: 1150 mV (0x28)[m
08-16 14:19:34.186 I/tvos    ( 1764): [37m[INFO] Change to Voltage: 1150 mV (0x2B)[m
08-16 14:19:34.186 I/tvos    ( 1764): [37m[INFO] Change to Voltage: 1150 mV (0x2E)[m
08-16 14:19:34.188 I/tvos    ( 1764): [37m[INFO] Change to Voltage: 1150 mV (0x2E)[m
08-16 14:19:34.344 I/tvos    ( 1764): GetAudioOutputDevice, retval : 0
08-16 14:19:34.477 E/LetvRemoteupgradeManager-JNI( 2613): can't get LetvManager service!
08-16 14:19:34.594 I/tvos    ( 1764): GetAudioOutputDevice, retval : 0
08-16 14:19:34.844 I/tvos    ( 1764): GetAudioOutputDevice, retval : 0
08-16 14:19:35.095 I/tvos    ( 1764): GetAudioOutputDevice, retval : 0
08-16 14:19:35.345 I/tvos    ( 1764): GetAudioOutputDevice, retval : 0
08-16 14:19:35.363 I/[T1.0.6]EuiAgnes_CleanUpThread( 3788): get folder size:/data/data/com.letv.tvos.appstore/agnes_cache/unsent:0
08-16 14:19:35.490 I/tvos    ( 1764): [37m[INFO] Change to Voltage: 1030 mV (0x2E)[m
08-16 14:19:35.490 I/tvos    ( 1764): [37m[INFO] Change to Voltage: 1030 mV (0x2B)[m
08-16 14:19:35.490 I/tvos    ( 1764): [37m[INFO] Change to Voltage: 1030 mV (0x28)[m
08-16 14:19:35.490 I/tvos    ( 1764): [37m[INFO] Change to Voltage: 1030 mV (0x25)[m
08-16 14:19:35.491 I/tvos    ( 1764): [37m[INFO] Change to Voltage: 1030 mV (0x22)[m
08-16 14:19:35.492 I/tvos    ( 1764): [37m[INFO] Change to Voltage: 1030 mV (0x22)[m
08-16 14:19:35.596 I/tvos    ( 1764): GetAudioOutputDevice, retval : 0
08-16 14:19:35.660 E/InternetUtils( 4594): java.net.SocketTimeoutException: failed to connect to www.cibn.com/61.133.127.115 (port 80) after 3000ms
08-16 14:19:35.791 I/WifiStateMachine( 2207):  DisconnectedState !CMD_START_SCAN  rt=511242224/511242224 -2 34061 ic=1 proc(ms):15008 dur:2863 cnt=34061 rssi=-127 f=-1 sc=0 link=-1 tx=0.0, 0.0, 0.0  rx=0.0 fiv=20000 [on:0 tx:0 rx:0 period:11946] from screen [on:0 period:1097051119]
08-16 14:19:35.791 I/WifiStateMachine( 2207): handlescanrequest  starting scan for 
08-16 14:19:35.792 I/WifiStateMachine( 2207): startscannative  starting scan for 
08-16 14:19:35.846 I/tvos    ( 1764): GetAudioOutputDevice, retval : 0
08-16 14:19:36.096 I/tvos    ( 1764): GetAudioOutputDevice, retval : 0
08-16 14:19:36.183 I/Radio-JNI(15117): register_android_hardware_Radio DONE
08-16 14:19:36.347 I/tvos    ( 1764): GetAudioOutputDevice, retval : 0
08-16 14:19:36.445 W/InputDispatcher( 2207): findFocusedWindow finished: injectionResult=0, timeSpentWaitingForApplication=0.0ms
08-16 14:19:36.445 I/AppPlugin( 3007): AppWorkspace -- dispatchKeyEvent folderWorkspace back event no respose,so force hide folderWorkspace.
08-16 14:19:36.449 I/GlobalFocusChangedListe( 3007): com.stv.launcher.ui.widget.TabItemNew
08-16 14:19:36.465 W/InputDispatcher( 2207): findFocusedWindow finished: injectionResult=0, timeSpentWaitingForApplication=0.0ms
08-16 14:19:36.493 I/AppPlugin( 3007): ReportLogUtil -- startExposureReport
08-16 14:19:36.598 I/tvos    ( 1764): GetAudioOutputDevice, retval : 0
08-16 14:19:36.848 I/tvos    ( 1764): GetAudioOutputDevice, retval : 0
08-16 14:19:37.083 W/InputDispatcher( 2207): findFocusedWindow finished: injectionResult=0, timeSpentWaitingForApplication=0.0ms
08-16 14:19:37.088 W/InputDispatcher( 2207): findFocusedWindow finished: injectionResult=0, timeSpentWaitingForApplication=0.0ms
08-16 14:19:37.099 I/tvos    ( 1764): GetAudioOutputDevice, retval : 0
08-16 14:19:37.350 I/tvos    ( 1764): GetAudioOutputDevice, retval : 0
08-16 14:19:37.478 E/LetvRemoteupgradeManager-JNI( 2613): can't get LetvManager service!
08-16 14:19:37.593 W/InputDispatcher( 2207): findFocusedWindow finished: injectionResult=0, timeSpentWaitingForApplication=0.0ms
08-16 14:19:37.598 W/InputDispatcher( 2207): findFocusedWindow finished: injectionResult=0, timeSpentWaitingForApplication=0.0ms
08-16 14:19:37.600 I/tvos    ( 1764): GetAudioOutputDevice, retval : 0
08-16 14:19:37.851 I/tvos    ( 1764): GetAudioOutputDevice, retval : 0
08-16 14:19:38.103 W/InputDispatcher( 2207): findFocusedWindow finished: injectionResult=0, timeSpentWaitingForApplication=0.0ms
08-16 14:19:38.104 I/tvos    ( 1764): GetAudioOutputDevice, retval : 0
08-16 14:19:38.108 W/InputDispatcher( 2207): findFocusedWindow finished: injectionResult=0, timeSpentWaitingForApplication=0.0ms
08-16 14:19:38.354 I/tvos    ( 1764): GetAudioOutputDevice, retval : 0
08-16 14:19:38.604 I/tvos    ( 1764): GetAudioOutputDevice, retval : 0
08-16 14:19:38.679 I/WifiStateMachine( 2207):  DisconnectedState !SCAN_RESULTS_EVENT  rt=511245112/511245112 0 0 found=156 known=0 got=156 bcn=0 con=0
08-16 14:19:38.680 I/WifiStateMachine( 2207):  ConnectModeState !SCAN_RESULTS_EVENT  rt=511245113/511245113 0 0 found=156 known=0 got=156 bcn=0 con=0
08-16 14:19:38.680 I/WifiStateMachine( 2207):  DriverStartedState !SCAN_RESULTS_EVENT  rt=511245113/511245113 0 0 found=156 known=0 got=156 bcn=0 con=0
08-16 14:19:38.680 I/WifiStateMachine( 2207):  SupplicantStartedState !SCAN_RESULTS_EVENT  rt=511245113/511245113 0 0 found=156 known=0 got=156 bcn=0 con=0
08-16 14:19:38.774 I/WifiStateMachine( 2207): setscanresults newsupplicantresult
08-16 14:19:38.855 I/tvos    ( 1764): GetAudioOutputDevice, retval : 0
08-16 14:19:39.105 I/tvos    ( 1764): GetAudioOutputDevice, retval : 0
08-16 14:19:39.355 I/tvos    ( 1764): GetAudioOutputDevice, retval : 0
08-16 14:19:39.606 I/tvos    ( 1764): GetAudioOutputDevice, retval : 0
08-16 14:19:39.815 W/InputDispatcher( 2207): findFocusedWindow finished: injectionResult=0, timeSpentWaitingForApplication=0.0ms
08-16 14:19:39.818 W/InputDispatcher( 2207): findFocusedWindow finished: injectionResult=0, timeSpentWaitingForApplication=0.0ms
08-16 14:19:39.856 I/tvos    ( 1764): GetAudioOutputDevice, retval : 0
08-16 14:19:40.107 I/tvos    ( 1764): GetAudioOutputDevice, retval : 0
08-16 14:19:40.357 I/tvos    ( 1764): GetAudioOutputDevice, retval : 0
08-16 14:19:40.478 E/LetvRemoteupgradeManager-JNI( 2613): can't get LetvManager service!
08-16 14:19:40.608 I/tvos    ( 1764): GetAudioOutputDevice, retval : 0
08-16 14:19:40.858 I/tvos    ( 1764): GetAudioOutputDevice, retval : 0
08-16 14:19:41.108 I/tvos    ( 1764): GetAudioOutputDevice, retval : 0
08-16 14:19:41.359 I/tvos    ( 1764): GetAudioOutputDevice, retval : 0
08-16 14:19:41.443 I/System.out(14933): The phone type is: X4-40M
08-16 14:19:41.444 I/LetvTestCase(14933): ==========================case end time is :2018-8-16-2-19-41
08-16 14:19:41.444 I/TestRunner(14933): failed: testEntryCalendar(com.letv.cases.leui.SmokeCalendar)
08-16 14:19:41.444 I/TestRunner(14933): ----- begin exception -----
08-16 14:19:41.445 I/TestRunner(14933): junit.framework.AssertionFailedError: Can not found 日历
08-16 14:19:41.445 I/TestRunner(14933): 	at junit.framework.Assert.fail(Assert.java:50)
08-16 14:19:41.445 I/TestRunner(14933): 	at com.letv.common.LetvTestCase.verify(LetvTestCase.java:401)
08-16 14:19:41.445 I/TestRunner(14933): 	at com.letv.common.LetvTestCase.launchApp(LetvTestCase.java:815)
08-16 14:19:41.445 I/TestRunner(14933): 	at com.letv.common.LetvTestCase.launchApp(LetvTestCase.java:738)
08-16 14:19:41.445 I/TestRunner(14933): 	at com.letv.cases.leui.SmokeCalendar.EntryCalendar(SmokeCalendar.java:52)
08-16 14:19:41.445 I/TestRunner(14933): 	at com.letv.cases.leui.SmokeCalendar.testEntryCalendar(SmokeCalendar.java:37)
08-16 14:19:41.445 I/TestRunner(14933): 	at java.lang.reflect.Method.invoke(Native Method)
08-16 14:19:41.445 I/TestRunner(14933): 	at org.junit.runners.model.FrameworkMethod$1.runReflectiveCall(FrameworkMethod.java:50)
08-16 14:19:41.445 I/TestRunner(14933): 	at org.junit.internal.runners.model.ReflectiveCallable.run(ReflectiveCallable.java:12)
08-16 14:19:41.445 I/TestRunner(14933): 	at org.junit.runners.model.FrameworkMethod.invokeExplosively(FrameworkMethod.java:47)
08-16 14:19:41.445 I/TestRunner(14933): 	at org.junit.internal.runners.statements.InvokeMethod.evaluate(InvokeMethod.java:17)
08-16 14:19:41.445 I/TestRunner(14933): 	at org.junit.internal.runners.statements.RunBefores.evaluate(RunBefores.java:26)
08-16 14:19:41.445 I/TestRunner(14933): 	at com.letv.common.LeRunAfters.evaluate(LeRunAfters.java:38)
08-16 14:19:41.445 I/TestRunner(14933): 	at org.junit.rules.TestWatcher$1.evaluate(TestWatcher.java:55)
08-16 14:19:41.445 I/TestRunner(14933): 	at org.junit.rules.RunRules.evaluate(RunRules.java:20)
08-16 14:19:41.445 I/TestRunner(14933): 	at org.junit.runners.ParentRunner.runLeaf(ParentRunner.java:325)
08-16 14:19:41.445 I/TestRunner(14933): 	at org.junit.runners.BlockJUnit4ClassRunner.runChild(BlockJUnit4ClassRunner.java:78)
08-16 14:19:41.445 I/TestRunner(14933): 	at org.junit.runners.BlockJUnit4ClassRunner.runChild(BlockJUnit4ClassRunner.java:57)
08-16 14:19:41.445 I/TestRunner(14933): 	at org.junit.runners.ParentRunner$3.run(ParentRunner.java:290)
08-16 14:19:41.445 I/TestRunner(14933): 	at org.junit.runners.ParentRunner$1.schedule(ParentRunner.java:71)
08-16 14:19:41.445 I/TestRunner(14933): 	at org.junit.runners.ParentRunner.runChildren(ParentRunner.java:288)
08-16 14:19:41.445 I/TestRunner(14933): 	at org.junit.runners.ParentRunner.access$000(ParentRunner.java:58)
08-16 14:19:41.445 I/TestRunner(14933): 	at org.junit.runners.ParentRunner$2.evaluate(ParentRunner.java:268)
08-16 14:19:41.445 I/TestRunner(14933): 	at org.junit.runners.ParentRunner.run(ParentRunner.java:363)
08-16 14:19:41.445 I/TestRunner(14933): 	at org.junit.runners.Suite.runChild(Suite.java:128)
08-16 14:19:41.445 I/TestRunner(14933): 	at org.junit.runners.Suite.runChild(Suite.java:27)
08-16 14:19:41.445 I/TestRunner(14933): 	at org.junit.runners.ParentRunner$3.run(ParentRunner.java:290)
08-16 14:19:41.445 I/TestRunner(14933): 	at org.junit.runners.ParentRunner$1.schedule(ParentRunner.java:71)
08-16 14:19:41.445 I/TestRunner(14933): 	at org.junit.runners.ParentRunner.runChildren(ParentRunner.java:288)
08-16 14:19:41.445 I/TestRunner(14933): 	at org.junit.runners.ParentRunner.access$000(ParentRunner.java:58)
08-16 14:19:41.445 I/TestRunner(14933): 	at org.junit.runners.ParentRunner$2.evaluate(ParentRunner.java:268)
08-16 14:19:41.445 I/TestRunner(14933): 	at org.junit.runners.ParentRunner.run(ParentRunner.java:363)
08-16 14:19:41.445 I/TestRunner(14933): 	at org.junit.runner.JUnitCore.run(JUnitCore.java:137)
08-16 14:19:41.445 I/TestRunner(14933): 	at org.junit.runner.JUnitCore.run(JUnitCore.java:115)
08-16 14:19:41.445 I/TestRunner(14933): 	at android.support.test.internal.runner.TestExecutor.execute(TestExecutor.java:54)
08-16 14:19:41.445 I/TestRunner(14933): 	at android.support.test.runner.AndroidJUnitRunner.onStart(AndroidJUnitRunner.java:240)
08-16 14:19:41.445 I/TestRunner(14933): 	at android.app.Instrumentation$InstrumentationThread.run(Instrumentation.java:1879)
08-16 14:19:41.445 I/TestRunner(14933): ----- end exception -----
08-16 14:19:41.446 I/TestRunner(14933): finished: testEntryCalendar(com.letv.cases.leui.SmokeCalendar)
08-16 14:19:41.453 I/MonitoringInstrumentation(14933): Activities that are still in CREATED to STOPPED: 0
08-16 14:19:41.454 I/TestRunner(14933): run finished: 1 tests, 1 failed, 0 ignored
08-16 14:19:41.456 I/MonitoringInstrumentation(14933): waitForActivitiesToComplete() took: 0ms
08-16 14:19:41.458 I/MonitoringInstrumentation(14933): Activities that are still in CREATED to STOPPED: 0
08-16 14:19:41.459 W/WindowManager( 2207): Attempted to remove non-existing token: android.os.Binder@db8e027
08-16 14:19:41.540 I/ShoppingPlugin-stv-UpdateService( 3007): UpdateService ---> MSG_START_UPDATE
08-16 14:19:41.540 I/ShoppingPlugin-stv-UpdateService( 3007): runTaskUnderNetwork ---> tastType:1
08-16 14:19:41.540 I/ShoppingPlugin-stv-UpdateService( 3007): runTaskUnderNetwork ---> ShoppingPluginFragment isn't shown, return
08-16 14:19:41.540 I/ShoppingPlugin-stv-UpdateService( 3007): runTaskUnderNetwork ---> tastType:2
08-16 14:19:41.540 I/ShoppingPlugin-stv-UpdateService( 3007): runTaskUnderNetwork ---> ShoppingPluginFragment isn't shown, return
08-16 14:19:41.609 I/tvos    ( 1764): GetAudioOutputDevice, retval : 0
08-16 14:19:41.718 I/ActivityManager( 2207): Force stopping com.le.tcauto.uitest appid=10097 user=0: finished inst
08-16 14:19:41.719 I/ActivityManager( 2207): Killing 14933:com.le.tcauto.uitest/u0a97 (adj 0): stop com.le.tcauto.uitest
08-16 14:19:41.725 W/ActivityManager( 2207): Error shutting down UiAutomationConnection
08-16 14:19:41.860 I/tvos    ( 1764): GetAudioOutputDevice, retval : 0
08-16 14:19:42.110 I/tvos    ( 1764): GetAudioOutputDevice, retval : 0
08-16 14:19:42.361 I/tvos    ( 1764): GetAudioOutputDevice, retval : 0
08-16 14:19:42.611 I/tvos    ( 1764): GetAudioOutputDevice, retval : 0
08-16 14:19:42.861 I/tvos    ( 1764): GetAudioOutputDevice, retval : 0
08-16 14:19:43.112 I/tvos    ( 1764): GetAudioOutputDevice, retval : 0
08-16 14:19:43.362 I/tvos    ( 1764): GetAudioOutputDevice, retval : 0
08-16 14:19:43.479 E/LetvRemoteupgradeManager-JNI( 2613): can't get LetvManager service!
08-16 14:19:43.613 I/tvos    ( 1764): GetAudioOutputDevice, retval : 0
08-16 14:19:43.863 I/tvos    ( 1764): GetAudioOutputDevice, retval : 0
08-16 14:19:44.113 I/tvos    ( 1764): GetAudioOutputDevice, retval : 0
08-16 14:19:44.364 I/tvos    ( 1764): GetAudioOutputDevice, retval : 0
08-16 14:19:44.614 I/tvos    ( 1764): GetAudioOutputDevice, retval : 0
08-16 14:19:44.865 I/tvos    ( 1764): GetAudioOutputDevice, retval : 0
08-16 14:19:45.115 I/tvos    ( 1764): GetAudioOutputDevice, retval : 0
08-16 14:19:45.365 I/tvos    ( 1764): GetAudioOutputDevice, retval : 0
08-16 14:19:45.616 I/tvos    ( 1764): GetAudioOutputDevice, retval : 0
08-16 14:19:45.723 E/InternetUtils( 4594): java.net.SocketTimeoutException: failed to connect to www.cibn.com/61.133.127.115 (port 80) after 3000ms
08-16 14:19:45.866 I/tvos    ( 1764): GetAudioOutputDevice, retval : 0
08-16 14:19:46.117 I/tvos    ( 1764): GetAudioOutputDevice, retval : 0
08-16 14:19:46.367 I/tvos    ( 1764): GetAudioOutputDevice, retval : 0
08-16 14:19:46.479 E/LetvRemoteupgradeManager-JNI( 2613): can't get LetvManager service!
08-16 14:19:46.618 I/tvos    ( 1764): GetAudioOutputDevice, retval : 0
08-16 14:19:46.868 I/tvos    ( 1764): GetAudioOutputDevice, retval : 0
08-16 14:19:47.119 I/tvos    ( 1764): GetAudioOutputDevice, retval : 0
08-16 14:19:47.369 I/tvos    ( 1764): GetAudioOutputDevice, retval : 0
08-16 14:19:47.619 I/tvos    ( 1764): GetAudioOutputDevice, retval : 0
08-16 14:19:47.870 I/tvos    ( 1764): GetAudioOutputDevice, retval : 0
08-16 14:19:48.120 I/tvos    ( 1764): GetAudioOutputDevice, retval : 0
08-16 14:19:48.371 I/tvos    ( 1764): GetAudioOutputDevice, retval : 0
08-16 14:19:48.559 I/reService( 2207): onReportKeyEvent  type=type0 keycode=4*4*4*4*4 
08-16 14:19:48.560 E/LETV_DEVICE( 1780): no name sn for Mstar
08-16 14:19:48.571 E/ActivityThread( 2837): Failed to find provider info for com.letv.agnes.InfoProvider
08-16 14:19:48.572 E/ActivityThread( 2837): Failed to find provider info for com.letv.agnes.InfoProvider
08-16 14:19:48.574 W/System.err( 2837): java.lang.IllegalArgumentException: Unknown URL content://com.letv.agnes.InfoProvider
08-16 14:19:48.574 W/System.err( 2837): 	at android.content.ContentResolver.insert(ContentResolver.java:1227)
08-16 14:19:48.574 W/System.err( 2837): 	at com.letv.tracker2.agnes.Configuration.addDebugInfo(Configuration.java:289)
08-16 14:19:48.574 W/System.err( 2837): 	at com.letv.tracker2.agnes.MessageProcessor$SendEnvMsgTr$1.handleMessage(MessageProcessor.java:661)
08-16 14:19:48.574 W/System.err( 2837): 	at android.os.Handler.dispatchMessage(Handler.java:102)
08-16 14:19:48.574 W/System.err( 2837): 	at android.os.Looper.loop(Looper.java:148)
08-16 14:19:48.574 W/System.err( 2837): 	at com.letv.tracker2.agnes.MessageProcessor$SendEnvMsgTr.run(MessageProcessor.java:665)
08-16 14:19:48.579 I/[T1.0.6.3]EuiAgnes_Server( 2837): resCode:1
08-16 14:19:48.579 I/[T1.0.6.3]EuiAgnes_Server( 2837): b[0]:0
08-16 14:19:48.621 I/tvos    ( 1764): GetAudioOutputDevice, retval : 0
08-16 14:19:48.872 I/tvos    ( 1764): GetAudioOutputDevice, retval : 0
08-16 14:19:49.122 I/tvos    ( 1764): GetAudioOutputDevice, retval : 0
08-16 14:19:49.373 I/tvos    ( 1764): GetAudioOutputDevice, retval : 0
08-16 14:19:49.479 E/LetvRemoteupgradeManager-JNI( 2613): can't get LetvManager service!
08-16 14:19:49.623 I/tvos    ( 1764): GetAudioOutputDevice, retval : 0
08-16 14:19:49.874 I/tvos    ( 1764): GetAudioOutputDevice, retval : 0
08-16 14:19:50.124 I/tvos    ( 1764): GetAudioOutputDevice, retval : 0
08-16 14:19:50.375 I/tvos    ( 1764): GetAudioOutputDevice, retval : 0
08-16 14:19:50.625 I/tvos    ( 1764): GetAudioOutputDevice, retval : 0
08-16 14:19:50.803 I/WifiStateMachine( 2207):  DisconnectedState !CMD_START_SCAN  rt=511257236/511257236 -2 34062 ic=1 proc(ms):15012 dur:2889 cnt=34062 rssi=-127 f=-1 sc=0 link=-1 tx=0.0, 0.0, 0.0  rx=0.0 fiv=20000 [on:0 tx:0 rx:0 period:15009] from screen [on:0 period:1097066131]
08-16 14:19:50.803 I/WifiStateMachine( 2207): handlescanrequest  starting scan for 
08-16 14:19:50.803 I/WifiStateMachine( 2207): startscannative  starting scan for 
08-16 14:19:50.875 I/tvos    ( 1764): GetAudioOutputDevice, retval : 0
08-16 14:19:51.126 I/tvos    ( 1764): GetAudioOutputDevice, retval : 0
08-16 14:19:51.376 I/tvos    ( 1764): GetAudioOutputDevice, retval : 0
08-16 14:19:51.627 I/tvos    ( 1764): GetAudioOutputDevice, retval : 0
08-16 14:19:51.782 I/LetvAccount(14745): UserInfoProvider -- appName: com.stv.bq, permission: system(true) app(false), match=1
08-16 14:19:51.782 I/AccountManagerService( 2207): getTypesVisibleToCaller: isPermitted? true
08-16 14:19:51.877 I/tvos    ( 1764): GetAudioOutputDevice, retval : 0
08-16 14:19:52.128 I/tvos    ( 1764): GetAudioOutputDevice, retval : 0
08-16 14:19:52.378 I/tvos    ( 1764): GetAudioOutputDevice, retval : 0
08-16 14:19:52.480 E/LetvRemoteupgradeManager-JNI( 2613): can't get LetvManager service!
08-16 14:19:52.629 I/tvos    ( 1764): GetAudioOutputDevice, retval : 0
08-16 14:19:52.879 I/tvos    ( 1764): GetAudioOutputDevice, retval : 0
08-16 14:19:53.130 I/tvos    ( 1764): GetAudioOutputDevice, retval : 0
08-16 14:19:53.380 I/tvos    ( 1764): GetAudioOutputDevice, retval : 0
08-16 14:19:53.630 I/tvos    ( 1764): GetAudioOutputDevice, retval : 0
08-16 14:19:53.660 I/WifiStateMachine( 2207):  DisconnectedState !SCAN_RESULTS_EVENT  rt=511260093/511260093 0 0 found=181 known=0 got=181 bcn=0 con=0
08-16 14:19:53.660 I/WifiStateMachine( 2207):  ConnectModeState !SCAN_RESULTS_EVENT  rt=511260093/511260093 0 0 found=181 known=0 got=181 bcn=0 con=0
08-16 14:19:53.660 I/WifiStateMachine( 2207):  DriverStartedState !SCAN_RESULTS_EVENT  rt=511260094/511260094 0 0 found=181 known=0 got=181 bcn=0 con=0
08-16 14:19:53.661 I/WifiStateMachine( 2207):  SupplicantStartedState !SCAN_RESULTS_EVENT  rt=511260094/511260094 0 0 found=181 known=0 got=181 bcn=0 con=0
08-16 14:19:53.730 I/WifiStateMachine( 2207): setscanresults newsupplicantresult
08-16 14:19:53.881 I/tvos    ( 1764): GetAudioOutputDevice, retval : 0
08-16 14:19:54.131 I/tvos    ( 1764): GetAudioOutputDevice, retval : 0
08-16 14:19:54.382 I/tvos    ( 1764): GetAudioOutputDevice, retval : 0
08-16 14:19:54.632 I/tvos    ( 1764): GetAudioOutputDevice, retval : 0
08-16 14:19:54.883 I/tvos    ( 1764): GetAudioOutputDevice, retval : 0
08-16 14:19:55.133 I/tvos    ( 1764): GetAudioOutputDevice, retval : 0
08-16 14:19:55.383 I/tvos    ( 1764): GetAudioOutputDevice, retval : 0
08-16 14:19:55.480 E/LetvRemoteupgradeManager-JNI( 2613): can't get LetvManager service!
08-16 14:19:55.634 I/tvos    ( 1764): GetAudioOutputDevice, retval : 0
08-16 14:19:55.787 E/InternetUtils( 4594): java.net.SocketTimeoutException: failed to connect to www.cibn.com/61.133.127.115 (port 80) after 3000ms
08-16 14:19:55.884 I/tvos    ( 1764): GetAudioOutputDevice, retval : 0
08-16 14:19:55.935 I/STVADLOG3( 3602): AlarmReceiverBootAdLoop, ******* onReceive() *******
08-16 14:19:55.935 I/STVADLOG3( 3602): MagazineManager, requestMagazine()
08-16 14:19:55.935 I/STVADLOG3( 3602): MagazineRequestTask, ******* run() Start *******
08-16 14:19:55.936 I/STVADLOG3( 3602): MagazineRequestTask, retry count is 0
08-16 14:19:55.936 I/STVADLOG3( 3602): AppopenAdListRequestTask, ******* run() Start *******
08-16 14:19:55.938 I/CommonService( 2808): [GetDomain][DomainUtil]:internet label : stargazer_proxy domain : stargazer-sandbox.scloud.cp21.ott.cibntv.net
08-16 14:19:55.940 I/STVADLOG3( 3602): AlarmReceiverBootAdLoop, unRegisterAlarmTimer AlarmReceiverBootAdLoop!
08-16 14:19:55.940 I/STVADLOG3( 3602): OrdinaryUpdateTask, ******* run() Start ******* p6
08-16 14:19:55.940 I/STVADLOG3( 3602): OrdinaryUpdateTask, p6, retry count is 0
08-16 14:19:55.940 I/STVADLOG3( 3602): OrdinaryUpdateTask, fastplay free size: 6551 MB
08-16 14:19:55.940 I/STVADLOG3( 3602): OrdinaryUpdateTask, cache free size: 6551 MB
08-16 14:19:55.942 I/CommonService( 2808): [Common][SystemCommonServcice]:label : stargazer_proxy  domain: stargazer-sandbox.scloud.cp21.ott.cibntv.net
08-16 14:19:55.943 I/STVADLOG3( 3602): AlarmReceiverBootAdLoop, Registed AlarmReceiverBootAdLoop!
08-16 14:19:55.948 I/StvManager( 3602): getDomain label : stargazer_proxy domain : stargazer-sandbox.scloud.cp21.ott.cibntv.net
08-16 14:19:55.951 I/STVADLOG3( 3602): AppopenAdListRequestTask, request() url: http://stargazer-sandbox.scloud.cp21.ott.cibntv.net/proxy/api/v1/promotion?posid=AppSplashAd_White_List&mac=b01bd2542d51
08-16 14:19:55.958 I/AccountManagerService( 2207): getTypesVisibleToCaller: isPermitted? true
08-16 14:19:55.961 I/AccountManagerService( 2207): getTypesVisibleToCaller: isPermitted? true
08-16 14:19:55.965 I/AccountManagerService( 2207): getTypesVisibleToCaller: isPermitted? true
08-16 14:19:55.966 I/AccountManagerService( 2207): getTypesVisibleToCaller: isPermitted? true
08-16 14:19:55.967 E/STVADLOG3( 3602): getUserData, Exception: uid 1000 cannot get user data for accounts of type: com.letv
08-16 14:19:55.968 E/LETV_DEVICE( 1780): no name sn for Mstar
08-16 14:19:55.969 E/STVADLOG3( 3602): getUserData, Exception: uid 1000 cannot get user data for accounts of type: com.letv
08-16 14:19:55.969 E/LETV_DEVICE( 1780): no name sn for Mstar
08-16 14:19:55.973 I/STVADLOG3( 3602): AppopenAdListRequestTask, response {"errno":10000,"data":{"AppSplashAd_White_List":[{"errno":10000,"type":"promotion","promotion":{"gid":"sandbox_5adeea7c57140","portraitid":"sandbox_5adeea7c57180","reqid":"f630017a4d1843f4bfcd0ffb329616c8","sessionid":"cf8453c87c7a4d26b19928348bb79aa9","promoid":"5954d53e3d90ec59003a60d9","timeout":-1,"trace":"{\"traceid\":\"f630017a4d1843f4bfcd0ffb329616c8\",\"traceactid\":\"5954d53e3d90ec59003a60d9\",\"tracepos\":\"AppSplashAd_White_List\",\"tracecid\":\"5a7136353d90ec56008b4567-1522658473\",\"tracegid\":\"sandbox_5adeea7c57140\",\"tracepid\":\"sandbox_5adeea7c57180\"}","creative":{"id":"5a7136353d90ec56008b4567-1522658473","template":"AppSplash_List_White","material":{"appList":"{\"Test\":{\"pkgName\":\"com.le.test\"}}"},"track":{"admaster":{"click":"","imp":""},"miaozhen":{"click":"","imp":""},"nielsen":{"open":0}}},"portrait":""}}]}}
08-16 14:19:55.974 E/STVADLOG3( 3602): AppopenAdListRequestTask, get AppOpenAdInfo List return [AppOpenAdInfo{appName='Test', pkgName='com.le.test'}]
08-16 14:19:55.988 I/STVADLOG3( 3602): MagazineRequestTask, request uuid: X440M-b01bd2542d51-0000000000000_1534400395954, url: http://test.ark.letv.com/s?ark=729&ct=18&n=0&offline=0&type=8&res=json&cuid=X440M-b01bd2542d51-0000000000000&v=TV_2_tvEUI_6.5.307D.0801&did=1254cf6fa1a90f9a&t=1534400395954&nv=TV_6.5.307D.0801_tvEUI_2&vvid=X440M-b01bd2542d51-0000000000000_1534400395954&dtype=TV&sdkv=aps_tm_03_3.0.8.4&version=V2409RCN02C065307D08011D&versionName=6.5.307D_0801&model=X440M&ui=6.5&hwVersion=H5000&mac=b01bd2542d51&region=CN&user-prefer-language=zh-cn
08-16 14:19:55.995 I/STVADLOG3( 3602): OrdinaryUpdateTask, p=6, uuid=X440M-b01bd2542d51-0000000000000_1534400395959, url=http://test.ark.letv.com/s?p=6&ark=295&ct=0&offline=0&n=0&res=json&cuid=X440M-b01bd2542d51-0000000000000&v=TV_2_tvEUI_6.5.307D.0801&did=1254cf6fa1a90f9a&t=1534400395959&nv=TV_6.5.307D.0801_tvEUI_2&vvid=X440M-b01bd2542d51-0000000000000_1534400395959&dtype=TV&sdkv=aps_tm_03_3.0.8.4&version=V2409RCN02C065307D08011D&versionName=6.5.307D_0801&model=X440M&ui=6.5&hwVersion=H5000&mac=b01bd2542d51&region=CN&user-prefer-language=zh-cn
08-16 14:19:55.996 E/STVADLOG3( 3602): AppopenAdListRequestTask,  appName 网络验证 pkg com.android.browser
08-16 14:19:56.005 E/STVADLOG3( 3602): AppopenAdListRequestTask,  appName 超级电视帐号 pkg com.stv.t2.account
08-16 14:19:56.008 I/STVADLOG3( 3602): ArkRespondUtils, Ad Type:8, got 0 ads.
08-16 14:19:56.008 I/STVADLOG3( 3602): MagazineRequestTask, ads size: 0, smallAd list: []
08-16 14:19:56.008 E/STVADLOG3( 3602): MagazineRequestTask, has no ad. retry to reqeust after 1 minute.
08-16 14:19:56.011 E/STVADLOG3( 3602): AppopenAdListRequestTask,  appName 电视乐拍 pkg com.stv.camera
08-16 14:19:56.017 E/STVADLOG3( 3602): AppopenAdListRequestTask,  appName 问题反馈 pkg com.stv.feedback
08-16 14:19:56.022 E/STVADLOG3( 3602): LapResponseUtils, parseBootAdInfo(): could not found NonLinearAds in 'Creatives'(Ad[0], Creatives[0])
08-16 14:19:56.024 I/STVADLOG3( 3602): LapResponseUtils, AD1, TYPE:1, ID:37325944, OIID:3732, DELIVER:1, DATE:2018-08-17
08-16 14:19:56.030 I/STVADLOG3( 3602): LapResponseUtils, AD2, TYPE:1, ID:37325944, OIID:3732, DELIVER:1, DATE:2018-08-18
08-16 14:19:56.032 I/STVADLOG3( 3602): LapResponseUtils, AD3, TYPE:1, ID:37325944, OIID:3732, DELIVER:1, DATE:2018-08-19
08-16 14:19:56.032 I/STVADLOG3( 3602): LapResponseUtils, Ad Type:1, got 3 ads.
08-16 14:19:56.032 I/STVADLOG3( 3602): OrdinaryUpdateTask, ads: 3
08-16 14:19:56.032 E/STVADLOG3( 3602): AppopenAdListRequestTask,  appName 文件管理 pkg com.stv.filemanager
08-16 14:19:56.033 I/LetvManager-LogReport( 1780): [send_msg] line: 490 report url = http://log.hdtv.cp21.ott.cibntv.net:80/api/log/tvAction
08-16 14:19:56.041 E/STVADLOG3( 3602): AppopenAdListRequestTask,  appName 相册 pkg com.android.gallery3d
08-16 14:19:56.045 E/STVADLOG3( 3602): AppopenAdListRequestTask,  appName 音乐 pkg com.stv.music
08-16 14:19:56.049 E/STVADLOG3( 3602): AppopenAdListRequestTask,  appName 万象搜索 pkg com.letv.leso
08-16 14:19:56.056 E/STVADLOG3( 3602): AppopenAdListRequestTask,  appName 芒果TV pkg com.hunantv.license
08-16 14:19:56.061 E/STVADLOG3( 3602): AppopenAdListRequestTask,  appName 云视听极光 pkg com.ktcp.tvvideo
08-16 14:19:56.065 E/STVADLOG3( 3602): AppopenAdListRequestTask,  appName 设置 pkg com.stv.globalsetting
08-16 14:19:56.070 E/STVADLOG3( 3602): AppopenAdListRequestTask,  appName 消息 pkg com.stv.message
08-16 14:19:56.076 I/STVADLOG3( 3602): OrdinaryUpdateTask, setDuration() ad id: 37325944, vast duration: 15, cdn duration: 14
08-16 14:19:56.081 E/STVADLOG3( 3602): AppopenAdListRequestTask,  appName 下载中心 pkg com.stv.downloads
08-16 14:19:56.087 E/STVADLOG3( 3602): AppopenAdListRequestTask,  appName 电视管家 pkg com.stv.helper.main
08-16 14:19:56.090 I/tvos    ( 1764): [37m[INFO] Change to Voltage: 1150 mV (0x22)[m
08-16 14:19:56.090 I/tvos    ( 1764): [37m[INFO] Change to Voltage: 1150 mV (0x25)[m
08-16 14:19:56.090 I/tvos    ( 1764): [37m[INFO] Change to Voltage: 1150 mV (0x28)[m
08-16 14:19:56.090 I/tvos    ( 1764): [37m[INFO] Change to Voltage: 1150 mV (0x2B)[m
08-16 14:19:56.091 I/tvos    ( 1764): [37m[INFO] Change to Voltage: 1150 mV (0x2E)[m
08-16 14:19:56.092 I/tvos    ( 1764): [37m[INFO] Change to Voltage: 1150 mV (0x2E)[m
08-16 14:19:56.098 E/STVADLOG3( 3602): AppopenAdListRequestTask,  appName 购物 pkg com.stv.shopping
08-16 14:19:56.111 E/STVADLOG3( 3602): AppopenAdListRequestTask,  appName 主题 pkg com.stv.thememanager
08-16 14:19:56.119 E/STVADLOG3( 3602): AppopenAdListRequestTask,  appName HomeTime pkg com.stv.android.videochat
08-16 14:19:56.124 I/STVADLOG3( 3602): OrdinaryUpdateTask, setDuration() ad id: 37325944, vast duration: 15, cdn duration: 14
08-16 14:19:56.131 E/STVADLOG3( 3602): AppopenAdListRequestTask,  appName 系统更新 pkg com.stv.systemupgrade
08-16 14:19:56.135 I/tvos    ( 1764): GetAudioOutputDevice, retval : 0
08-16 14:19:56.137 E/STVADLOG3( 3602): AppopenAdListRequestTask,  appName 播放记录 pkg com.stv.videohistory
08-16 14:19:56.140 E/STVADLOG3( 3602): AppopenAdListRequestTask,  appName 霸屏榜 pkg com.stv.watchinghot
08-16 14:19:56.143 E/STVADLOG3( 3602): AppopenAdListRequestTask,  appName 天气 pkg sina.mobile.tianqitongstv
08-16 14:19:56.145 E/STVADLOG3( 3602): AppopenAdListRequestTask,  appName 应用商店 pkg com.letv.tvos.appstore
08-16 14:19:56.151 E/STVADLOG3( 3602): AppopenAdListRequestTask,  appName 我的乐范 pkg com.stv.ucenter
08-16 14:19:56.159 E/STVADLOG3( 3602): AppopenAdListRequestTask,  appName 超级影视 pkg com.letv.tv
08-16 14:19:56.159 E/STVADLOG3( 3602): AppopenAdListRequestTask,  appName 超级影视 pkg com.letv.tv
08-16 14:19:56.168 E/STVADLOG3( 3602): AppopenAdListRequestTask,  appName 盈盈彩 pkg com.yyc.lottery
08-16 14:19:56.173 E/STVADLOG3( 3602): AppopenAdListRequestTask,  appName Basic UiAutomator sample pkg com.le.tvtest
08-16 14:19:56.178 E/STVADLOG3( 3602): AppopenAdListRequestTask,  appName ADB Change Language pkg net.sanapeli.adbchangelanguage
08-16 14:19:56.185 E/STVADLOG3( 3602): AppopenAdListRequestTask,  appName mtbf2.0 pkg com.le.tcauto.uitest
08-16 14:19:56.186 I/STVADLOG3( 3602): AppopenAdListRequestTask, ******* run() End *******
08-16 14:19:56.287 I/tvos    ( 1764): [37m[INFO] Change to Voltage: 1030 mV (0x2E)[m
08-16 14:19:56.287 I/tvos    ( 1764): [37m[INFO] Change to Voltage: 1030 mV (0x2B)[m
08-16 14:19:56.287 I/tvos    ( 1764): [37m[INFO] Change to Voltage: 1030 mV (0x28)[m
08-16 14:19:56.287 I/tvos    ( 1764): [37m[INFO] Change to Voltage: 1030 mV (0x25)[m
08-16 14:19:56.287 I/tvos    ( 1764): [37m[INFO] Change to Voltage: 1030 mV (0x22)[m
08-16 14:19:56.287 I/tvos    ( 1764): [37m[INFO] Change to Voltage: 1030 mV (0x22)[m
08-16 14:19:56.386 I/tvos    ( 1764): GetAudioOutputDevice, retval : 0
08-16 14:19:56.636 I/tvos    ( 1764): GetAudioOutputDevice, retval : 0
08-16 14:19:56.886 I/tvos    ( 1764): GetAudioOutputDevice, retval : 0
08-16 14:19:57.137 I/tvos    ( 1764): GetAudioOutputDevice, retval : 0
08-16 14:19:57.161 I/STVADLOG3( 3602): OrdinaryUpdateTask, setDuration() ad id: 37325944, vast duration: 15, cdn duration: 14
08-16 14:19:57.387 I/tvos    ( 1764): GetAudioOutputDevice, retval : 0
08-16 14:19:57.513 I/STVADLOG3( 3602): OrdinaryUpdateTask, All ad downloaded.
08-16 14:19:57.513 I/STVADLOG3( 3602): OrdinaryUpdateTask, setConcatAds() p: 6, ads: 3
08-16 14:19:57.513 I/STVADLOG3( 3602): OrdinaryUpdateTask, setConcatAds() P6
