08-16 14:49:32.050 I/Launcher( 3007): [com.stv.launcher] AdvertisingPresenter --  updateBackground img_url = http://picture-scloud.cp21.ott.cibntv.net/stargazer/1532585612302_1103 begin_time = 1531756800000 end_time = 1538323200000 open = 0 tab_id = null position = launcher_background
08-16 14:49:32.059 I/Launcher( 3007): [com.stv.launcher] AdvertisingPresenter --  updateTab cachedView null
08-16 14:49:32.059 I/Launcher( 3007): [com.stv.launcher] AdvertisingPresenter --  updateTab pluginId = com.stv.local.tencent imageUrl = http://picture-scloud.cp21.ott.cibntv.net/stargazer/1531809918780_3441
08-16 14:49:32.059 I/Launcher( 3007): [com.stv.launcher] AdvertisingPresenter --  updateAdView begin ---
08-16 14:49:32.059 I/Launcher( 3007): [com.stv.launcher] AdvertisingPresenter --  setCacheViewDied type = 3
08-16 14:49:32.059 I/Launcher( 3007): [com.stv.launcher] AdvertisingPresenter -- TAB beginTime :Tue Jul 17 00:00:00 GMT+08:00 2018 end :Mon Oct 01 00:00:00 GMT+08:00 2018 now :Thu Aug 16 14:49:32 GMT+08:00 2018 isTimeout :false
08-16 14:49:32.059 I/Launcher( 3007): [com.stv.launcher] AdvertisingPresenter --  updateAdView  canNew = true now = 1534402172059 nowSecond = 1534402172
08-16 14:49:32.059 I/Launcher( 3007): [com.stv.launcher] AdvertisingPresenter --  updateAdView ,find tabAdView = null
08-16 14:49:32.059 I/Launcher( 3007): [com.stv.launcher] AdvertisingPresenter --  checkShowOrHide  
08-16 14:49:32.059 I/Launcher( 3007): [com.stv.launcher] AdvertisingPresenter --  updateAdView end ---
08-16 14:49:32.059 I/Launcher( 3007): [com.stv.launcher] AdvertisingPresenter --  updateBackground cachedView Background {mUrl = http://picture-scloud.cp21.ott.cibntv.net/stargazer/1532585612302_1103 isTimeOut = true type = 2 mPluginID = null isDied = false}
08-16 14:49:32.059 I/Launcher( 3007): [com.stv.launcher] AdvertisingPresenter --  updateAdView begin ---
08-16 14:49:32.059 I/Launcher( 3007): [com.stv.launcher] AdvertisingPresenter --  updateAdView  canNew = false now = 1534402172059 nowSecond = 1534402172
08-16 14:49:32.059 I/Launcher( 3007): [com.stv.launcher] AdvertisingPresenter --  checkShowOrHide  
08-16 14:49:32.059 I/Launcher( 3007): [com.stv.launcher] AdvertisingPresenter --  updateAdView end ---
08-16 14:49:32.076 I/LetvManager-LogReport( 1780): [send_msg] line: 490 report url = http://log.hdtv.cp21.ott.cibntv.net:80/api/log/tvAction
08-16 14:49:32.179 I/Launcher( 3007): [com.stv.launcher] AdvertisingView -- ---show ----Background {mUrl = http://picture-scloud.cp21.ott.cibntv.net/stargazer/1532585612302_1103 isTimeOut = false type = 2 mPluginID = null isDied = false}
08-16 14:49:32.215 I/tvos    ( 1764): GetAudioOutputDevice, retval : 0
08-16 14:49:32.283 I/LetvManager-LogReport( 1780): [send_msg] line: 490 report url = http://log.hdtv.cp21.ott.cibntv.net:80/api/log/tvAction
08-16 14:49:32.465 I/tvos    ( 1764): GetAudioOutputDevice, retval : 0
08-16 14:49:32.491 I/LetvManager-LogReport( 1780): [send_msg] line: 490 report url = http://log.hdtv.cp21.ott.cibntv.net:80/api/log/tvAction
08-16 14:49:32.623 W/InputDispatcher( 2207): findFocusedWindow finished: injectionResult=0, timeSpentWaitingForApplication=0.0ms
08-16 14:49:32.628 W/InputDispatcher( 2207): findFocusedWindow finished: injectionResult=0, timeSpentWaitingForApplication=0.0ms
08-16 14:49:32.698 I/LetvManager-LogReport( 1780): [send_msg] line: 490 report url = http://log.hdtv.cp21.ott.cibntv.net:80/api/log/tvAction
08-16 14:49:32.716 I/tvos    ( 1764): GetAudioOutputDevice, retval : 0
08-16 14:49:32.902 I/LetvManager-LogReport( 1780): [send_msg] line: 490 report url = http://log.hdtv.cp21.ott.cibntv.net:80/api/log/tvAction
08-16 14:49:32.966 I/tvos    ( 1764): GetAudioOutputDevice, retval : 0
08-16 14:49:33.217 I/tvos    ( 1764): GetAudioOutputDevice, retval : 0
08-16 14:49:33.467 I/tvos    ( 1764): GetAudioOutputDevice, retval : 0
08-16 14:49:33.717 I/tvos    ( 1764): GetAudioOutputDevice, retval : 0
08-16 14:49:33.968 I/tvos    ( 1764): GetAudioOutputDevice, retval : 0
08-16 14:49:33.999 E/LETV_DEVICE( 1780): no name sn for Mstar
08-16 14:49:34.004 E/ActivityThread( 2837): Failed to find provider info for com.letv.agnes.InfoProvider
08-16 14:49:34.005 E/ActivityThread( 2837): Failed to find provider info for com.letv.agnes.InfoProvider
08-16 14:49:34.006 W/System.err( 2837): java.lang.IllegalArgumentException: Unknown URL content://com.letv.agnes.InfoProvider
08-16 14:49:34.006 W/System.err( 2837): 	at android.content.ContentResolver.insert(ContentResolver.java:1227)
08-16 14:49:34.006 W/System.err( 2837): 	at com.letv.tracker2.agnes.Configuration.addDebugInfo(Configuration.java:289)
08-16 14:49:34.006 W/System.err( 2837): 	at com.letv.tracker2.agnes.MessageProcessor$SendEnvMsgTr$1.handleMessage(MessageProcessor.java:661)
08-16 14:49:34.006 W/System.err( 2837): 	at android.os.Handler.dispatchMessage(Handler.java:102)
08-16 14:49:34.006 W/System.err( 2837): 	at android.os.Looper.loop(Looper.java:148)
08-16 14:49:34.006 W/System.err( 2837): 	at com.letv.tracker2.agnes.MessageProcessor$SendEnvMsgTr.run(MessageProcessor.java:665)
08-16 14:49:34.015 I/[T1.0.6.3]EuiAgnes_Server( 2837): resCode:1
08-16 14:49:34.015 I/[T1.0.6.3]EuiAgnes_Server( 2837): b[0]:0
08-16 14:49:34.051 I/tvos    ( 1764): [37m[INFO] Change to Voltage: 1030 mV (0x2E)[m
08-16 14:49:34.053 I/tvos    ( 1764): [37m[INFO] Change to Voltage: 1030 mV (0x2B)[m
08-16 14:49:34.053 I/tvos    ( 1764): [37m[INFO] Change to Voltage: 1030 mV (0x28)[m
08-16 14:49:34.053 I/tvos    ( 1764): [37m[INFO] Change to Voltage: 1030 mV (0x25)[m
08-16 14:49:34.053 I/tvos    ( 1764): [37m[INFO] Change to Voltage: 1030 mV (0x22)[m
08-16 14:49:34.053 I/tvos    ( 1764): [37m[INFO] Change to Voltage: 1030 mV (0x22)[m
08-16 14:49:34.123 I/LetvManager-LogReport( 1780): [send_msg] line: 490 report url = http://log.hdtv.cp21.ott.cibntv.net:80/api/log/tvAction
08-16 14:49:34.218 I/tvos    ( 1764): GetAudioOutputDevice, retval : 0
08-16 14:49:34.284 I/System.out(24288): The phone type is: X4-40M
08-16 14:49:34.284 I/LetvTestCase(24288): ==========================case end time is :2018-8-16-2-49-34
08-16 14:49:34.285 I/TestRunner(24288): finished: testsyteminfo(com.letv.cases.leui.SmokeSetting)
08-16 14:49:34.289 I/MonitoringInstrumentation(24288): Activities that are still in CREATED to STOPPED: 0
08-16 14:49:34.289 I/TestRunner(24288): run finished: 1 tests, 0 failed, 0 ignored
08-16 14:49:34.290 I/MonitoringInstrumentation(24288): waitForActivitiesToComplete() took: 0ms
08-16 14:49:34.290 I/MonitoringInstrumentation(24288): Activities that are still in CREATED to STOPPED: 0
08-16 14:49:34.291 W/WindowManager( 2207): Attempted to remove non-existing token: android.os.Binder@a4b58ef
08-16 14:49:34.343 I/LetvManager-LogReport( 1780): [send_msg] line: 490 report url = http://log.hdtv.cp21.ott.cibntv.net:80/api/log/tvAction
08-16 14:49:34.469 I/tvos    ( 1764): GetAudioOutputDevice, retval : 0
08-16 14:49:34.538 I/ActivityManager( 2207): Force stopping com.le.tcauto.uitest appid=10097 user=0: finished inst
08-16 14:49:34.538 W/ActivityManager( 2207): Error shutting down UiAutomationConnection
08-16 14:49:34.538 I/ActivityManager( 2207): Killing 24288:com.le.tcauto.uitest/u0a97 (adj 0): stop com.le.tcauto.uitest
08-16 14:49:34.719 I/tvos    ( 1764): GetAudioOutputDevice, retval : 0
08-16 14:49:34.742 E/LetvRemoteupgradeManager-JNI( 2613): can't get LetvManager service!
08-16 14:49:34.743 I/reService( 2207): onReportKeyEvent  type=type0 keycode=20*23*20*20*20*20*20*19*19*19*19*19*4*4*4*4*4 
08-16 14:49:34.745 E/LETV_DEVICE( 1780): no name sn for Mstar
08-16 14:49:34.758 E/ActivityThread( 2837): Failed to find provider info for com.letv.agnes.InfoProvider
08-16 14:49:34.760 E/ActivityThread( 2837): Failed to find provider info for com.letv.agnes.InfoProvider
08-16 14:49:34.760 W/System.err( 2837): java.lang.IllegalArgumentException: Unknown URL content://com.letv.agnes.InfoProvider
08-16 14:49:34.760 W/System.err( 2837): 	at android.content.ContentResolver.insert(ContentResolver.java:1227)
08-16 14:49:34.760 W/System.err( 2837): 	at com.letv.tracker2.agnes.Configuration.addDebugInfo(Configuration.java:289)
08-16 14:49:34.760 W/System.err( 2837): 	at com.letv.tracker2.agnes.MessageProcessor$SendEnvMsgTr$1.handleMessage(MessageProcessor.java:661)
08-16 14:49:34.760 W/System.err( 2837): 	at android.os.Handler.dispatchMessage(Handler.java:102)
08-16 14:49:34.760 W/System.err( 2837): 	at android.os.Looper.loop(Looper.java:148)
08-16 14:49:34.761 W/System.err( 2837): 	at com.letv.tracker2.agnes.MessageProcessor$SendEnvMsgTr.run(MessageProcessor.java:665)
08-16 14:49:34.765 I/[T1.0.6.3]EuiAgnes_Server( 2837): resCode:1
08-16 14:49:34.765 I/[T1.0.6.3]EuiAgnes_Server( 2837): b[0]:0
08-16 14:49:34.969 I/tvos    ( 1764): GetAudioOutputDevice, retval : 0
08-16 14:49:35.220 I/tvos    ( 1764): GetAudioOutputDevice, retval : 0
08-16 14:49:35.369 I/[T1.0.6]EuiAgnes_CleanUpThread( 3788): get folder size:/data/data/com.letv.tvos.appstore/agnes_cache/unsent:0
08-16 14:49:35.470 I/tvos    ( 1764): GetAudioOutputDevice, retval : 0
08-16 14:49:35.721 I/tvos    ( 1764): GetAudioOutputDevice, retval : 0
08-16 14:49:35.971 I/tvos    ( 1764): GetAudioOutputDevice, retval : 0
08-16 14:49:36.221 I/tvos    ( 1764): GetAudioOutputDevice, retval : 0
08-16 14:49:36.472 I/tvos    ( 1764): GetAudioOutputDevice, retval : 0
08-16 14:49:36.722 I/tvos    ( 1764): GetAudioOutputDevice, retval : 0
08-16 14:49:36.973 I/tvos    ( 1764): GetAudioOutputDevice, retval : 0
08-16 14:49:37.223 I/tvos    ( 1764): GetAudioOutputDevice, retval : 0
08-16 14:49:37.473 I/tvos    ( 1764): GetAudioOutputDevice, retval : 0
08-16 14:49:37.724 I/tvos    ( 1764): GetAudioOutputDevice, retval : 0
08-16 14:49:37.742 E/LetvRemoteupgradeManager-JNI( 2613): can't get LetvManager service!
08-16 14:49:37.974 I/tvos    ( 1764): GetAudioOutputDevice, retval : 0
08-16 14:49:38.225 I/tvos    ( 1764): GetAudioOutputDevice, retval : 0
08-16 14:49:38.475 I/tvos    ( 1764): GetAudioOutputDevice, retval : 0
08-16 14:49:38.726 I/tvos    ( 1764): GetAudioOutputDevice, retval : 0
08-16 14:49:38.976 I/tvos    ( 1764): GetAudioOutputDevice, retval : 0
08-16 14:49:39.227 I/tvos    ( 1764): GetAudioOutputDevice, retval : 0
08-16 14:49:39.477 I/tvos    ( 1764): GetAudioOutputDevice, retval : 0
08-16 14:49:39.728 I/tvos    ( 1764): GetAudioOutputDevice, retval : 0
08-16 14:49:39.978 I/tvos    ( 1764): GetAudioOutputDevice, retval : 0
08-16 14:49:40.228 I/tvos    ( 1764): GetAudioOutputDevice, retval : 0
08-16 14:49:40.479 I/tvos    ( 1764): GetAudioOutputDevice, retval : 0
08-16 14:49:40.729 I/tvos    ( 1764): GetAudioOutputDevice, retval : 0
08-16 14:49:40.742 E/LetvRemoteupgradeManager-JNI( 2613): can't get LetvManager service!
08-16 14:49:40.980 I/tvos    ( 1764): GetAudioOutputDevice, retval : 0
08-16 14:49:41.230 I/tvos    ( 1764): GetAudioOutputDevice, retval : 0
08-16 14:49:41.480 I/tvos    ( 1764): GetAudioOutputDevice, retval : 0
08-16 14:49:41.508 I/ShoppingPlugin-stv-UpdateService( 3007): UpdateService ---> MSG_START_UPDATE
08-16 14:49:41.508 I/ShoppingPlugin-stv-UpdateService( 3007): runTaskUnderNetwork ---> tastType:1
08-16 14:49:41.508 I/ShoppingPlugin-stv-UpdateService( 3007): runTaskUnderNetwork ---> ShoppingPluginFragment isn't shown, return
08-16 14:49:41.508 I/ShoppingPlugin-stv-UpdateService( 3007): runTaskUnderNetwork ---> tastType:2
08-16 14:49:41.508 I/ShoppingPlugin-stv-UpdateService( 3007): runTaskUnderNetwork ---> ShoppingPluginFragment isn't shown, return
08-16 14:49:41.731 I/tvos    ( 1764): GetAudioOutputDevice, retval : 0
08-16 14:49:41.981 I/tvos    ( 1764): GetAudioOutputDevice, retval : 0
08-16 14:49:42.232 I/tvos    ( 1764): GetAudioOutputDevice, retval : 0
08-16 14:49:42.482 I/tvos    ( 1764): GetAudioOutputDevice, retval : 0
08-16 14:49:42.552 E/InternetUtils( 4594): java.net.SocketTimeoutException: failed to connect to www.cibn.com/61.133.127.115 (port 80) after 3000ms
08-16 14:49:42.732 I/tvos    ( 1764): GetAudioOutputDevice, retval : 0
08-16 14:49:42.983 I/tvos    ( 1764): GetAudioOutputDevice, retval : 0
08-16 14:49:43.233 I/tvos    ( 1764): GetAudioOutputDevice, retval : 0
08-16 14:49:43.484 I/tvos    ( 1764): GetAudioOutputDevice, retval : 0
08-16 14:49:43.734 I/tvos    ( 1764): GetAudioOutputDevice, retval : 0
08-16 14:49:43.743 E/LetvRemoteupgradeManager-JNI( 2613): can't get LetvManager service!
08-16 14:49:43.985 I/tvos    ( 1764): GetAudioOutputDevice, retval : 0
08-16 14:49:44.235 I/tvos    ( 1764): GetAudioOutputDevice, retval : 0
08-16 14:49:44.485 I/tvos    ( 1764): GetAudioOutputDevice, retval : 0
08-16 14:49:44.737 I/tvos    ( 1764): GetAudioOutputDevice, retval : 0
08-16 14:49:44.988 I/tvos    ( 1764): GetAudioOutputDevice, retval : 0
08-16 14:49:45.238 I/tvos    ( 1764): GetAudioOutputDevice, retval : 0
08-16 14:49:45.489 I/tvos    ( 1764): GetAudioOutputDevice, retval : 0
08-16 14:49:45.739 I/tvos    ( 1764): GetAudioOutputDevice, retval : 0
08-16 14:49:45.990 I/tvos    ( 1764): GetAudioOutputDevice, retval : 0
08-16 14:49:46.240 I/tvos    ( 1764): GetAudioOutputDevice, retval : 0
08-16 14:49:46.490 I/tvos    ( 1764): GetAudioOutputDevice, retval : 0
08-16 14:49:46.741 I/tvos    ( 1764): GetAudioOutputDevice, retval : 0
08-16 14:49:46.744 E/LetvRemoteupgradeManager-JNI( 2613): can't get LetvManager service!
08-16 14:49:46.991 I/tvos    ( 1764): GetAudioOutputDevice, retval : 0
08-16 14:49:47.242 I/tvos    ( 1764): GetAudioOutputDevice, retval : 0
08-16 14:49:47.492 I/tvos    ( 1764): GetAudioOutputDevice, retval : 0
08-16 14:49:47.743 I/tvos    ( 1764): GetAudioOutputDevice, retval : 0
08-16 14:49:47.993 I/tvos    ( 1764): GetAudioOutputDevice, retval : 0
08-16 14:49:48.243 I/tvos    ( 1764): GetAudioOutputDevice, retval : 0
08-16 14:49:48.494 I/tvos    ( 1764): GetAudioOutputDevice, retval : 0
08-16 14:49:48.744 I/tvos    ( 1764): GetAudioOutputDevice, retval : 0
08-16 14:49:48.995 I/tvos    ( 1764): GetAudioOutputDevice, retval : 0
08-16 14:49:49.245 I/tvos    ( 1764): GetAudioOutputDevice, retval : 0
08-16 14:49:49.496 I/tvos    ( 1764): GetAudioOutputDevice, retval : 0
08-16 14:49:49.744 E/LetvRemoteupgradeManager-JNI( 2613): can't get LetvManager service!
08-16 14:49:49.746 I/tvos    ( 1764): GetAudioOutputDevice, retval : 0
08-16 14:49:49.996 I/tvos    ( 1764): GetAudioOutputDevice, retval : 0
08-16 14:49:50.247 I/tvos    ( 1764): GetAudioOutputDevice, retval : 0
08-16 14:49:50.497 I/tvos    ( 1764): GetAudioOutputDevice, retval : 0
08-16 14:49:50.748 I/tvos    ( 1764): GetAudioOutputDevice, retval : 0
08-16 14:49:50.998 I/tvos    ( 1764): GetAudioOutputDevice, retval : 0
08-16 14:49:51.249 I/tvos    ( 1764): GetAudioOutputDevice, retval : 0
08-16 14:49:51.499 I/tvos    ( 1764): GetAudioOutputDevice, retval : 0
08-16 14:49:51.749 I/tvos    ( 1764): GetAudioOutputDevice, retval : 0
08-16 14:49:52.000 I/tvos    ( 1764): GetAudioOutputDevice, retval : 0
08-16 14:49:52.250 I/tvos    ( 1764): GetAudioOutputDevice, retval : 0
08-16 14:49:52.501 I/tvos    ( 1764): GetAudioOutputDevice, retval : 0
08-16 14:49:52.617 E/InternetUtils( 4594): java.net.SocketTimeoutException: failed to connect to www.cibn.com/61.133.127.115 (port 80) after 3000ms
08-16 14:49:52.744 E/LetvRemoteupgradeManager-JNI( 2613): can't get LetvManager service!
08-16 14:49:52.751 I/tvos    ( 1764): GetAudioOutputDevice, retval : 0
08-16 14:49:53.002 I/tvos    ( 1764): GetAudioOutputDevice, retval : 0
08-16 14:49:53.252 I/tvos    ( 1764): GetAudioOutputDevice, retval : 0
08-16 14:49:53.505 I/tvos    ( 1764): GetAudioOutputDevice, retval : 0
08-16 14:49:53.753 I/tvos    ( 1764): GetAudioOutputDevice, retval : 0
08-16 14:49:54.003 I/tvos    ( 1764): GetAudioOutputDevice, retval : 0
08-16 14:49:54.254 I/tvos    ( 1764): GetAudioOutputDevice, retval : 0
08-16 14:49:54.504 I/tvos    ( 1764): GetAudioOutputDevice, retval : 0
08-16 14:49:54.755 I/tvos    ( 1764): GetAudioOutputDevice, retval : 0
