08-16 14:49:14.029 I/tvos    ( 1764): #12|->SDK_bPowerOnMute:0<-|->SDK_bUsrSpdifAudioMute:1<-|->SDK_bNullSourceMute:0<-|->SDK_bByAppMute:0<-|
08-16 14:49:14.029 I/tvos    ( 1764): ---Amplifier_ALC1310_LR_SWMute(1)
08-16 14:49:14.029 I/tvos    ( 1764): ALC1310 mute write good, addr: 0x13, readback data : 49164, write cmd times : 1
08-16 14:49:14.031 I/tvos    ( 1764): SetSoundMuteStatus : m_hpMute : 1, m_spdifMute : 1, m_DataInMute : 0, m_channel7Mute : 0, m_internalMute : 0, m_spkrMute : 1, m_PcmCapture1Mute : 0, m_PcmCapture2Mute : 1 
08-16 14:49:14.111 I/APM::AudioPolicyEngine( 1758): getDeviceForStrategy, 359
08-16 14:49:14.184 I/tvos    ( 1764): GetAudioOutputDevice, retval : 0
08-16 14:49:14.434 I/tvos    ( 1764): GetAudioOutputDevice, retval : 0
08-16 14:49:14.685 I/tvos    ( 1764): GetAudioOutputDevice, retval : 0
08-16 14:49:14.720 I/remotestatus( 2207): Msg.what is 101
08-16 14:49:14.720 I/WindowManager( 2207): turn cursor off
08-16 14:49:14.720 E/RemoteManager( 2207): RemoteManager is no longer support in eui6.5
08-16 14:49:14.720 W/InputDispatcher( 2207): findFocusedWindow finished: injectionResult=0, timeSpentWaitingForApplication=0.0ms
08-16 14:49:14.720 I/GlobalSettings( 2822): BaseMultiLayerDialogHelper -- setDisMissTime on start
08-16 14:49:14.720 E/InputManager-JNI( 2207): call nativeDisableCursor method with hideCursor
08-16 14:49:14.721 W/ContextImpl( 2822): Calling a method in the system process without a qualified user: android.app.ContextImpl.startService:1224 android.content.ContextWrapper.startService:581 com.stv.settingadapter.EqManager.updateBinder:869 com.stv.settingadapter.EqManager.getInstance:176 com.stv.globalsetting.util.Util.playFocusSound:1074 
08-16 14:49:14.774 I/SoundPool( 2207): enter : func play
08-16 14:49:14.776 I/APM::AudioPolicyEngine( 1758): getDeviceForStrategy, 359
08-16 14:49:14.778 W/InputDispatcher( 2207): findFocusedWindow finished: injectionResult=0, timeSpentWaitingForApplication=0.0ms
08-16 14:49:14.779 I/GlobalSettings( 2822): BaseMultiLayerDialogHelper -- setDisMissTime on start
08-16 14:49:14.788 I/audio_hw_primary( 1758): version:a00004 adev_create_audio_patch::mix->device 
08-16 14:49:14.788 I/audio_hw_primary( 1758): adev_create_audio_patch *handle=-1420227928 num_audio_patch=3
08-16 14:49:14.790 E/AudioManagerService( 1803): setAudioVolume(callingPid 1758, clientPid 1758, enSoundPath 0, volumn:0 )
08-16 14:49:14.792 I/tvos    ( 1764): SetVolume, subWooExist 0!
08-16 14:49:14.792 I/tvos    ( 1764): mapi_audio_customer::SetAbsoluteVolume: project name is X440M
08-16 14:49:14.792 I/tvos    ( 1764): SetAbsoluteVolume: uPercent : 0, path=52(speaker), VolumeInt=7f, VolumeFra=0
08-16 14:49:14.792 I/tvos    ( 1764): SetAbsoluteVolume: uPercent(currVol) : 0, realPath=52(default), VolumeInt=7f, VolumeFra=0
08-16 14:49:14.792 I/tvos    ( 1764): mapi_audio_customer::SetAbsoluteVolume: project name is X440M
08-16 14:49:14.792 I/tvos    ( 1764): SetAbsoluteVolume: uPercent : 0, path=49(HP), VolumeInt=7f, VolumeFra=0
08-16 14:49:14.792 I/tvos    ( 1764): SetAbsoluteVolume: uPercent(currVol) : 0, realPath=49(default), VolumeInt=7f, VolumeFra=0
08-16 14:49:14.792 I/tvos    ( 1764): mapi_audio_customer::SetAbsoluteVolume: project name is X440M
08-16 14:49:14.792 I/tvos    ( 1764): SetAbsoluteVolume, m_bBTDetect is false! 
08-16 14:49:14.792 I/tvos    ( 1764): mapi_audio_customer::SetAbsoluteVolume: project name is X440M
08-16 14:49:14.792 I/tvos    ( 1764): SetAbsoluteVolume: uPercent : 0, path=255(speaker), VolumeInt=7f, VolumeFra=0
08-16 14:49:14.792 I/tvos    ( 1764): SetAbsoluteVolume: uPercent(currVol) : 0, realPath=255(default), VolumeInt=7f, VolumeFra=0
08-16 14:49:14.792 I/tvos    ( 1764): [SetMuteStatus] call SetSoundMuteStatus, line : 10369, muteType: 4, onOff : 0 
08-16 14:49:14.792 I/tvos    ( 1764): [audioBSP] #1 m_internalMute : 0 ..
08-16 14:49:14.792 I/tvos    ( 1764): #1|->SDK_bPermanentAudioMute:0<-|->SDK_bMomentAudioMute:0 <-|->SDK_bBySyncAudioMute:0<-|->SDK_bByBlockAudioMute:0<-|->SDK_bByVChipAudioMute:0<-|
08-16 14:49:14.792 I/tvos    ( 1764): #1|->SDK_bInternal1AudioMute:0<-|->SDK_bInternal2AudioMute:0<-|->SDK_bInternal3AudioMute:0<-|->SDK_bInternal4AudioMute:0<-|
08-16 14:49:14.792 I/tvos    ( 1764): #1|->SDK_bByScanInOutchgCHchg:0<-|->SDK_bByDuringLimitedTimeAudioMute:0<-|->SDK_bSourceSwitchAudioMute:0<-|
08-16 14:49:14.792 I/tvos    ( 1764): #1|->SDK_bMHEGApMute:0<-|->SDK_bAllAudioMuteCtrl:0<-|->SDK_bPowerOnMute:0<-|->SDK_bNullSourceMute0<-|->SDK_bSetInputSourceAudioMute:0<-|
08-16 14:49:14.792 I/tvos    ( 1764): [audioBSP] #2 m_spkrMute : 0 ..|->SDK_bUsrSpkrAudioMute:0<-|->SDK_bPowerOnMute:0<-|->SDK_bByUserAudioMute:0<-|
08-16 14:49:14.792 I/tvos    ( 1764): [audioBSP] #3 m_PcmCapture2Mute:0 |->SDK_bByUserPcmCapture2Mute:0<-|->SDK_SUB_bByUserAudioMute:0<-|->SDK_bByUserAudioMute:0<-|
08-16 14:49:14.792 I/tvos    ( 1764): [audioBSP] #5 m_hpMute : 1 ..|->SDK_bUsrHpAudioMute:1<-|->SDK_bPowerOnMute:0<-|->SDK_bByUserAudioMute:0<-|
08-16 14:49:14.792 I/tvos    ( 1764): [audioBSP] #12 m_spdifMute : 1 ..
08-16 14:49:14.792 I/tvos    ( 1764): #12|->SDK_bPermanentAudioMute:0<-|->SDK_bMomentAudioMute:0<-|->SDK_bByBlockAudioMute:0<-|
08-16 14:49:14.792 I/tvos    ( 1764): #12|->SDK_bByVChipAudioMute:0<-|->SDK_bInternal1AudioMute:0<-|->SDK_bInternal4AudioMute:0<-|
08-16 14:49:14.792 I/tvos    ( 1764): #12|->SDK_bByDuringLimitedTimeAudioMute:0<-|->SDK_bSourceSwitchAudioMute:0<-|->SDK_bMHEGApMute:0<-|
08-16 14:49:14.792 I/tvos    ( 1764): #12|->SDK_bPowerOnMute:0<-|->SDK_bUsrSpdifAudioMute:1<-|->SDK_bNullSourceMute:0<-|->SDK_bByAppMute:0<-|
08-16 14:49:14.792 I/tvos    ( 1764): ---Amplifier_ALC1310_LR_SWMute(0)
08-16 14:49:14.792 I/tvos    ( 1764): ALC1310 unmute good, addr: 0x13 readbackvalue: 4 
08-16 14:49:14.794 I/tvos    ( 1764): SetSoundMuteStatus : m_hpMute : 1, m_spdifMute : 1, m_DataInMute : 0, m_channel7Mute : 0, m_internalMute : 0, m_spkrMute : 0, m_PcmCapture1Mute : 0, m_PcmCapture2Mute : 0 
08-16 14:49:14.794 I/AudioUtil( 1758): setParameters spk_volume=0
08-16 14:49:14.794 I/audio_hw_primary( 1758): adev_set_parameters: spk_volume=0
08-16 14:49:14.795 I/tvos    ( 1764): GetAudioOutputDevice, retval : 0
08-16 14:49:14.795 I/tvos    ( 1764): [SetMuteStatus] call SetSoundMuteStatus, line : 10369, muteType: 67108864, onOff : 1 
08-16 14:49:14.795 I/tvos    ( 1764): _TransMSrvMuteTypeToSDKMuteType: Err! muteType(67108864) is out of Range
08-16 14:49:14.796 I/tvos    ( 1764): [SetMuteStatus] call SetSoundMuteStatus, line : 10369, muteType: 4, onOff : 1 
08-16 14:49:14.796 I/tvos    ( 1764): [audioBSP] #1 m_internalMute : 0 ..
08-16 14:49:14.796 I/tvos    ( 1764): #1|->SDK_bPermanentAudioMute:0<-|->SDK_bMomentAudioMute:0 <-|->SDK_bBySyncAudioMute:0<-|->SDK_bByBlockAudioMute:0<-|->SDK_bByVChipAudioMute:0<-|
08-16 14:49:14.796 I/tvos    ( 1764): #1|->SDK_bInternal1AudioMute:0<-|->SDK_bInternal2AudioMute:0<-|->SDK_bInternal3AudioMute:0<-|->SDK_bInternal4AudioMute:0<-|
08-16 14:49:14.796 I/tvos    ( 1764): #1|->SDK_bByScanInOutchgCHchg:0<-|->SDK_bByDuringLimitedTimeAudioMute:0<-|->SDK_bSourceSwitchAudioMute:0<-|
08-16 14:49:14.796 I/tvos    ( 1764): #1|->SDK_bMHEGApMute:0<-|->SDK_bAllAudioMuteCtrl:0<-|->SDK_bPowerOnMute:0<-|->SDK_bNullSourceMute0<-|->SDK_bSetInputSourceAudioMute:0<-|
08-16 14:49:14.796 I/tvos    ( 1764): [audioBSP] #2 m_spkrMute : 1 ..|->SDK_bUsrSpkrAudioMute:0<-|->SDK_bPowerOnMute:0<-|->SDK_bByUserAudioMute:1<-|
08-16 14:49:14.796 I/tvos    ( 1764): [audioBSP] #3 m_PcmCapture2Mute:1 |->SDK_bByUserPcmCapture2Mute:0<-|->SDK_SUB_bByUserAudioMute:0<-|->SDK_bByUserAudioMute:1<-|
08-16 14:49:14.796 I/tvos    ( 1764): [audioBSP] #5 m_hpMute : 1 ..|->SDK_bUsrHpAudioMute:1<-|->SDK_bPowerOnMute:0<-|->SDK_bByUserAudioMute:1<-|
08-16 14:49:14.796 I/tvos    ( 1764): [audioBSP] #12 m_spdifMute : 1 ..
08-16 14:49:14.796 I/tvos    ( 1764): #12|->SDK_bPermanentAudioMute:0<-|->SDK_bMomentAudioMute:0<-|->SDK_bByBlockAudioMute:0<-|
08-16 14:49:14.797 I/tvos    ( 1764): #12|->SDK_bByVChipAudioMute:0<-|->SDK_bInternal1AudioMute:0<-|->SDK_bInternal4AudioMute:0<-|
08-16 14:49:14.797 I/tvos    ( 1764): #12|->SDK_bByDuringLimitedTimeAudioMute:0<-|->SDK_bSourceSwitchAudioMute:0<-|->SDK_bMHEGApMute:0<-|
08-16 14:49:14.797 I/tvos    ( 1764): #12|->SDK_bPowerOnMute:0<-|->SDK_bUsrSpdifAudioMute:1<-|->SDK_bNullSourceMute:0<-|->SDK_bByAppMute:0<-|
08-16 14:49:14.797 I/tvos    ( 1764): ---Amplifier_ALC1310_LR_SWMute(1)
08-16 14:49:14.798 I/tvos    ( 1764): ALC1310 mute write good, addr: 0x13, readback data : 49164, write cmd times : 1
08-16 14:49:14.800 I/tvos    ( 1764): SetSoundMuteStatus : m_hpMute : 1, m_spdifMute : 1, m_DataInMute : 0, m_channel7Mute : 0, m_internalMute : 0, m_spkrMute : 1, m_PcmCapture1Mute : 0, m_PcmCapture2Mute : 1 
08-16 14:49:14.879 I/APM::AudioPolicyEngine( 1758): getDeviceForStrategy, 359
08-16 14:49:14.935 I/tvos    ( 1764): GetAudioOutputDevice, retval : 0
08-16 14:49:15.185 I/tvos    ( 1764): GetAudioOutputDevice, retval : 0
08-16 14:49:15.436 I/tvos    ( 1764): GetAudioOutputDevice, retval : 0
08-16 14:49:15.480 W/InputDispatcher( 2207): findFocusedWindow finished: injectionResult=0, timeSpentWaitingForApplication=0.0ms
08-16 14:49:15.481 I/GlobalSettings( 2822): BaseMultiLayerDialogHelper -- setDisMissTime on start
08-16 14:49:15.481 I/System.out( 2822): From style:
08-16 14:49:15.481 I/System.out( 2822): Attrs: 3010001=0.6 3010002=#0 3010003=null 3010004=true
08-16 14:49:15.484 I/GlobalSettings( 2822): AdvanceDialog -- mFarSpeaker = 
08-16 14:49:15.488 W/InputDispatcher( 2207): Focus left window: Window{5815685 u0 com.stv.globalsetting}
08-16 14:49:15.488 W/InputDispatcher( 2207): Focus entered window: Window{2629a83 u0 com.stv.globalsetting}
08-16 14:49:15.490 I/GlobalSettings( 2822): BaseMultiLayerDialogHelper -- setDisMissTime on start
08-16 14:49:15.490 I/GlobalSettings( 2822): ReportEuiLog_U -- ReportEuiLog action is: tvaction and reportmsg is: action=perQuickSetClick&setModule=1
08-16 14:49:15.491 I/GlobalSettings( 2822): SettingDialog -- Open_SettingActivity_Result is: true
08-16 14:49:15.494 W/InputDispatcher( 2207): findFocusedWindow finished: injectionResult=0, timeSpentWaitingForApplication=0.0ms
08-16 14:49:15.494 W/ViewRootImpl( 2822): Cancelling event due to no window focus: KeyEvent { action=ACTION_UP, keyCode=KEYCODE_DPAD_CENTER, scanCode=0, metaState=0, flags=0x20, repeatCount=0, eventTime=513021945, downTime=513021945, deviceId=-1, source=0x101 }
08-16 14:49:15.494 W/ViewRootImpl( 2822): Cancelling event due to no window focus: KeyEvent { action=ACTION_UP, keyCode=KEYCODE_DPAD_CENTER, scanCode=0, metaState=0, flags=0x20, repeatCount=0, eventTime=513021945, downTime=513021945, deviceId=-1, source=0x101 }
08-16 14:49:15.494 W/ViewRootImpl( 2822): Cancelling event due to no window focus: KeyEvent { action=ACTION_UP, keyCode=KEYCODE_DPAD_CENTER, scanCode=0, metaState=0, flags=0x20, repeatCount=0, eventTime=513021945, downTime=513021945, deviceId=-1, source=0x101 }
08-16 14:49:15.494 W/ViewRootImpl( 2822): Cancelling event due to no window focus: KeyEvent { action=ACTION_UP, keyCode=KEYCODE_DPAD_CENTER, scanCode=0, metaState=0, flags=0x20, repeatCount=0, eventTime=513021945, downTime=513021945, deviceId=-1, source=0x101 }
08-16 14:49:15.495 W/ViewRootImpl( 2822): Cancelling event due to no window focus: KeyEvent { action=ACTION_UP, keyCode=KEYCODE_DPAD_CENTER, scanCode=0, metaState=0, flags=0x20, repeatCount=0, eventTime=513021945, downTime=513021945, deviceId=-1, source=0x101 }
08-16 14:49:15.495 W/ViewRootImpl( 2822): Cancelling event due to no window focus: KeyEvent { action=ACTION_UP, keyCode=KEYCODE_DPAD_CENTER, scanCode=0, metaState=0, flags=0x20, repeatCount=0, eventTime=513021945, downTime=513021945, deviceId=-1, source=0x101 }
08-16 14:49:15.520 E/BufferQueueProducer( 1749): [] connect(P): already connected (cur=1 req=1)
08-16 14:49:15.592 I/LetvManager-LogReport( 1780): [send_msg] line: 490 report url = http://log.hdtv.cp21.ott.cibntv.net:80/api/log/tvAction
08-16 14:49:15.602 E/BufferQueueProducer( 1749): [] connect(P): already connected (cur=1 req=1)
08-16 14:49:15.616 E/SurfaceFlinger( 1749): rejecting buffer: bufWidth=601, bufHeight=1080, front.active.{w=600, h=1080}
08-16 14:49:15.622 E/BufferQueueProducer( 1749): [] connect(P): already connected (cur=1 req=1)
08-16 14:49:15.656 E/SurfaceFlinger( 1749): rejecting buffer: bufWidth=602, bufHeight=1080, front.active.{w=600, h=1080}
08-16 14:49:15.661 E/BufferQueueProducer( 1749): [] connect(P): already connected (cur=1 req=1)
08-16 14:49:15.687 I/tvos    ( 1764): GetAudioOutputDevice, retval : 0
08-16 14:49:15.701 E/BufferQueueProducer( 1749): [] connect(P): already connected (cur=1 req=1)
08-16 14:49:15.741 E/BufferQueueProducer( 1749): [] connect(P): already connected (cur=1 req=1)
08-16 14:49:15.781 E/BufferQueueProducer( 1749): [] connect(P): already connected (cur=1 req=1)
08-16 14:49:15.821 E/BufferQueueProducer( 1749): [] connect(P): already connected (cur=1 req=1)
08-16 14:49:15.836 E/SurfaceFlinger( 1749): rejecting buffer: bufWidth=627, bufHeight=1080, front.active.{w=622, h=1080}
08-16 14:49:15.842 E/BufferQueueProducer( 1749): [] connect(P): already connected (cur=1 req=1)
08-16 14:49:15.856 E/SurfaceFlinger( 1749): rejecting buffer: bufWidth=629, bufHeight=1080, front.active.{w=622, h=1080}
08-16 14:49:15.862 E/BufferQueueProducer( 1749): [] connect(P): already connected (cur=1 req=1)
08-16 14:49:15.937 I/tvos    ( 1764): GetAudioOutputDevice, retval : 0
08-16 14:49:16.188 I/tvos    ( 1764): GetAudioOutputDevice, retval : 0
08-16 14:49:16.438 I/tvos    ( 1764): GetAudioOutputDevice, retval : 0
08-16 14:49:16.688 I/tvos    ( 1764): GetAudioOutputDevice, retval : 0
08-16 14:49:16.739 E/LetvRemoteupgradeManager-JNI( 2613): can't get LetvManager service!
08-16 14:49:16.939 I/tvos    ( 1764): GetAudioOutputDevice, retval : 0
08-16 14:49:17.189 I/tvos    ( 1764): GetAudioOutputDevice, retval : 0
08-16 14:49:17.440 I/tvos    ( 1764): GetAudioOutputDevice, retval : 0
08-16 14:49:17.690 I/tvos    ( 1764): GetAudioOutputDevice, retval : 0
08-16 14:49:17.940 I/tvos    ( 1764): GetAudioOutputDevice, retval : 0
08-16 14:49:18.191 I/tvos    ( 1764): GetAudioOutputDevice, retval : 0
08-16 14:49:18.441 I/tvos    ( 1764): GetAudioOutputDevice, retval : 0
08-16 14:49:18.692 I/tvos    ( 1764): GetAudioOutputDevice, retval : 0
08-16 14:49:18.942 I/tvos    ( 1764): GetAudioOutputDevice, retval : 0
08-16 14:49:19.000 I/remotestatus( 2207): Msg.what is 101
08-16 14:49:19.000 I/WindowManager( 2207): turn cursor off
08-16 14:49:19.000 E/RemoteManager( 2207): RemoteManager is no longer support in eui6.5
08-16 14:49:19.001 W/InputDispatcher( 2207): findFocusedWindow finished: injectionResult=0, timeSpentWaitingForApplication=0.0ms
08-16 14:49:19.001 E/InputManager-JNI( 2207): call nativeDisableCursor method with hideCursor
08-16 14:49:19.001 I/GlobalSettings( 2822): BaseMultiLayerDialogHelper -- setDisMissTime on start
08-16 14:49:19.002 W/ContextImpl( 2822): Calling a method in the system process without a qualified user: android.app.ContextImpl.startService:1224 android.content.ContextWrapper.startService:581 com.stv.settingadapter.EqManager.updateBinder:869 com.stv.settingadapter.EqManager.getInstance:176 com.stv.globalsetting.util.Util.playFocusSound:1074 
08-16 14:49:19.054 I/SoundPool( 2207): enter : func play
08-16 14:49:19.055 I/APM::AudioPolicyEngine( 1758): getDeviceForStrategy, 359
08-16 14:49:19.056 I/audio_hw_primary( 1758): version:a00004 adev_create_audio_patch::mix->device 
08-16 14:49:19.056 I/audio_hw_primary( 1758): adev_create_audio_patch *handle=-1420227928 num_audio_patch=3
08-16 14:49:19.058 W/InputDispatcher( 2207): findFocusedWindow finished: injectionResult=0, timeSpentWaitingForApplication=0.0ms
08-16 14:49:19.059 I/GlobalSettings( 2822): BaseMultiLayerDialogHelper -- setDisMissTime on start
08-16 14:49:19.062 E/AudioManagerService( 1803): setAudioVolume(callingPid 1758, clientPid 1758, enSoundPath 0, volumn:0 )
08-16 14:49:19.064 I/tvos    ( 1764): SetVolume, subWooExist 0!
08-16 14:49:19.064 I/tvos    ( 1764): mapi_audio_customer::SetAbsoluteVolume: project name is X440M
08-16 14:49:19.064 I/tvos    ( 1764): SetAbsoluteVolume: uPercent : 0, path=52(speaker), VolumeInt=7f, VolumeFra=0
08-16 14:49:19.064 I/tvos    ( 1764): SetAbsoluteVolume: uPercent(currVol) : 0, realPath=52(default), VolumeInt=7f, VolumeFra=0
08-16 14:49:19.064 I/tvos    ( 1764): mapi_audio_customer::SetAbsoluteVolume: project name is X440M
08-16 14:49:19.064 I/tvos    ( 1764): SetAbsoluteVolume: uPercent : 0, path=49(HP), VolumeInt=7f, VolumeFra=0
08-16 14:49:19.064 I/tvos    ( 1764): SetAbsoluteVolume: uPercent(currVol) : 0, realPath=49(default), VolumeInt=7f, VolumeFra=0
08-16 14:49:19.064 I/tvos    ( 1764): mapi_audio_customer::SetAbsoluteVolume: project name is X440M
08-16 14:49:19.064 I/tvos    ( 1764): SetAbsoluteVolume, m_bBTDetect is false! 
08-16 14:49:19.064 I/tvos    ( 1764): mapi_audio_customer::SetAbsoluteVolume: project name is X440M
08-16 14:49:19.064 I/tvos    ( 1764): SetAbsoluteVolume: uPercent : 0, path=255(speaker), VolumeInt=7f, VolumeFra=0
08-16 14:49:19.064 I/tvos    ( 1764): SetAbsoluteVolume: uPercent(currVol) : 0, realPath=255(default), VolumeInt=7f, VolumeFra=0
08-16 14:49:19.064 I/tvos    ( 1764): [SetMuteStatus] call SetSoundMuteStatus, line : 10369, muteType: 4, onOff : 0 
08-16 14:49:19.064 I/tvos    ( 1764): [audioBSP] #1 m_internalMute : 0 ..
08-16 14:49:19.064 I/tvos    ( 1764): #1|->SDK_bPermanentAudioMute:0<-|->SDK_bMomentAudioMute:0 <-|->SDK_bBySyncAudioMute:0<-|->SDK_bByBlockAudioMute:0<-|->SDK_bByVChipAudioMute:0<-|
08-16 14:49:19.064 I/tvos    ( 1764): #1|->SDK_bInternal1AudioMute:0<-|->SDK_bInternal2AudioMute:0<-|->SDK_bInternal3AudioMute:0<-|->SDK_bInternal4AudioMute:0<-|
08-16 14:49:19.064 I/tvos    ( 1764): #1|->SDK_bByScanInOutchgCHchg:0<-|->SDK_bByDuringLimitedTimeAudioMute:0<-|->SDK_bSourceSwitchAudioMute:0<-|
08-16 14:49:19.064 I/tvos    ( 1764): #1|->SDK_bMHEGApMute:0<-|->SDK_bAllAudioMuteCtrl:0<-|->SDK_bPowerOnMute:0<-|->SDK_bNullSourceMute0<-|->SDK_bSetInputSourceAudioMute:0<-|
08-16 14:49:19.064 I/tvos    ( 1764): [audioBSP] #2 m_spkrMute : 0 ..|->SDK_bUsrSpkrAudioMute:0<-|->SDK_bPowerOnMute:0<-|->SDK_bByUserAudioMute:0<-|
08-16 14:49:19.064 I/tvos    ( 1764): [audioBSP] #3 m_PcmCapture2Mute:0 |->SDK_bByUserPcmCapture2Mute:0<-|->SDK_SUB_bByUserAudioMute:0<-|->SDK_bByUserAudioMute:0<-|
08-16 14:49:19.064 I/tvos    ( 1764): [audioBSP] #5 m_hpMute : 1 ..|->SDK_bUsrHpAudioMute:1<-|->SDK_bPowerOnMute:0<-|->SDK_bByUserAudioMute:0<-|
08-16 14:49:19.064 I/tvos    ( 1764): [audioBSP] #12 m_spdifMute : 1 ..
08-16 14:49:19.064 I/tvos    ( 1764): #12|->SDK_bPermanentAudioMute:0<-|->SDK_bMomentAudioMute:0<-|->SDK_bByBlockAudioMute:0<-|
08-16 14:49:19.064 I/tvos    ( 1764): #12|->SDK_bByVChipAudioMute:0<-|->SDK_bInternal1AudioMute:0<-|->SDK_bInternal4AudioMute:0<-|
08-16 14:49:19.064 I/tvos    ( 1764): #12|->SDK_bByDuringLimitedTimeAudioMute:0<-|->SDK_bSourceSwitchAudioMute:0<-|->SDK_bMHEGApMute:0<-|
08-16 14:49:19.064 I/tvos    ( 1764): #12|->SDK_bPowerOnMute:0<-|->SDK_bUsrSpdifAudioMute:1<-|->SDK_bNullSourceMute:0<-|->SDK_bByAppMute:0<-|
08-16 14:49:19.064 I/tvos    ( 1764): ---Amplifier_ALC1310_LR_SWMute(0)
08-16 14:49:19.064 I/tvos    ( 1764): ALC1310 unmute good, addr: 0x13 readbackvalue: 4 
08-16 14:49:19.067 I/AudioUtil( 1758): setParameters spk_volume=0
08-16 14:49:19.067 I/audio_hw_primary( 1758): adev_set_parameters: spk_volume=0
08-16 14:49:19.067 I/tvos    ( 1764): SetSoundMuteStatus : m_hpMute : 1, m_spdifMute : 1, m_DataInMute : 0, m_channel7Mute : 0, m_internalMute : 0, m_spkrMute : 0, m_PcmCapture1Mute : 0, m_PcmCapture2Mute : 0 
08-16 14:49:19.067 I/tvos    ( 1764): GetAudioOutputDevice, retval : 0
08-16 14:49:19.068 I/tvos    ( 1764): [SetMuteStatus] call SetSoundMuteStatus, line : 10369, muteType: 67108864, onOff : 1 
08-16 14:49:19.068 I/tvos    ( 1764): _TransMSrvMuteTypeToSDKMuteType: Err! muteType(67108864) is out of Range
08-16 14:49:19.070 I/tvos    ( 1764): [SetMuteStatus] call SetSoundMuteStatus, line : 10369, muteType: 4, onOff : 1 
08-16 14:49:19.070 I/tvos    ( 1764): [audioBSP] #1 m_internalMute : 0 ..
08-16 14:49:19.070 I/tvos    ( 1764): #1|->SDK_bPermanentAudioMute:0<-|->SDK_bMomentAudioMute:0 <-|->SDK_bBySyncAudioMute:0<-|->SDK_bByBlockAudioMute:0<-|->SDK_bByVChipAudioMute:0<-|
08-16 14:49:19.070 I/tvos    ( 1764): #1|->SDK_bInternal1AudioMute:0<-|->SDK_bInternal2AudioMute:0<-|->SDK_bInternal3AudioMute:0<-|->SDK_bInternal4AudioMute:0<-|
08-16 14:49:19.070 I/tvos    ( 1764): #1|->SDK_bByScanInOutchgCHchg:0<-|->SDK_bByDuringLimitedTimeAudioMute:0<-|->SDK_bSourceSwitchAudioMute:0<-|
08-16 14:49:19.070 I/tvos    ( 1764): #1|->SDK_bMHEGApMute:0<-|->SDK_bAllAudioMuteCtrl:0<-|->SDK_bPowerOnMute:0<-|->SDK_bNullSourceMute0<-|->SDK_bSetInputSourceAudioMute:0<-|
08-16 14:49:19.070 I/tvos    ( 1764): [audioBSP] #2 m_spkrMute : 1 ..|->SDK_bUsrSpkrAudioMute:0<-|->SDK_bPowerOnMute:0<-|->SDK_bByUserAudioMute:1<-|
08-16 14:49:19.070 I/tvos    ( 1764): [audioBSP] #3 m_PcmCapture2Mute:1 |->SDK_bByUserPcmCapture2Mute:0<-|->SDK_SUB_bByUserAudioMute:0<-|->SDK_bByUserAudioMute:1<-|
08-16 14:49:19.070 I/tvos    ( 1764): [audioBSP] #5 m_hpMute : 1 ..|->SDK_bUsrHpAudioMute:1<-|->SDK_bPowerOnMute:0<-|->SDK_bByUserAudioMute:1<-|
08-16 14:49:19.070 I/tvos    ( 1764): [audioBSP] #12 m_spdifMute : 1 ..
08-16 14:49:19.070 I/tvos    ( 1764): #12|->SDK_bPermanentAudioMute:0<-|->SDK_bMomentAudioMute:0<-|->SDK_bByBlockAudioMute:0<-|
08-16 14:49:19.070 I/tvos    ( 1764): #12|->SDK_bByVChipAudioMute:0<-|->SDK_bInternal1AudioMute:0<-|->SDK_bInternal4AudioMute:0<-|
08-16 14:49:19.070 I/tvos    ( 1764): #12|->SDK_bByDuringLimitedTimeAudioMute:0<-|->SDK_bSourceSwitchAudioMute:0<-|->SDK_bMHEGApMute:0<-|
08-16 14:49:19.070 I/tvos    ( 1764): #12|->SDK_bPowerOnMute:0<-|->SDK_bUsrSpdifAudioMute:1<-|->SDK_bNullSourceMute:0<-|->SDK_bByAppMute:0<-|
08-16 14:49:19.070 I/tvos    ( 1764): ---Amplifier_ALC1310_LR_SWMute(1)
08-16 14:49:19.070 I/tvos    ( 1764): ALC1310 mute write good, addr: 0x13, readback data : 49164, write cmd times : 1
08-16 14:49:19.072 I/tvos    ( 1764): SetSoundMuteStatus : m_hpMute : 1, m_spdifMute : 1, m_DataInMute : 0, m_channel7Mute : 0, m_internalMute : 0, m_spkrMute : 1, m_PcmCapture1Mute : 0, m_PcmCapture2Mute : 1 
08-16 14:49:19.086 E/audio_hw_primary( 1758): out_get_presentation_position pcm_get_htimestamp(pcm, &avail, timestamp) != 0!!!
08-16 14:49:19.119 I/APM::AudioPolicyEngine( 1758): getDeviceForStrategy, 359
08-16 14:49:19.192 I/tvos    ( 1764): GetAudioOutputDevice, retval : 0
08-16 14:49:19.443 I/tvos    ( 1764): GetAudioOutputDevice, retval : 0
08-16 14:49:19.693 I/tvos    ( 1764): GetAudioOutputDevice, retval : 0
08-16 14:49:19.736 I/reService( 2207): onReportKeyEvent  type=type0 keycode=4*176*20*20*20*20*20*23*20 
08-16 14:49:19.737 E/LETV_DEVICE( 1780): no name sn for Mstar
08-16 14:49:19.740 E/LetvRemoteupgradeManager-JNI( 2613): can't get LetvManager service!
08-16 14:49:19.744 E/ActivityThread( 2837): Failed to find provider info for com.letv.agnes.InfoProvider
08-16 14:49:19.745 E/ActivityThread( 2837): Failed to find provider info for com.letv.agnes.InfoProvider
08-16 14:49:19.745 W/System.err( 2837): java.lang.IllegalArgumentException: Unknown URL content://com.letv.agnes.InfoProvider
08-16 14:49:19.745 W/System.err( 2837): 	at android.content.ContentResolver.insert(ContentResolver.java:1227)
08-16 14:49:19.745 W/System.err( 2837): 	at com.letv.tracker2.agnes.Configuration.addDebugInfo(Configuration.java:289)
08-16 14:49:19.745 W/System.err( 2837): 	at com.letv.tracker2.agnes.MessageProcessor$SendEnvMsgTr$1.handleMessage(MessageProcessor.java:661)
08-16 14:49:19.745 W/System.err( 2837): 	at android.os.Handler.dispatchMessage(Handler.java:102)
08-16 14:49:19.745 W/System.err( 2837): 	at android.os.Looper.loop(Looper.java:148)
08-16 14:49:19.745 W/System.err( 2837): 	at com.letv.tracker2.agnes.MessageProcessor$SendEnvMsgTr.run(MessageProcessor.java:665)
08-16 14:49:19.752 I/[T1.0.6.3]EuiAgnes_Server( 2837): resCode:1
08-16 14:49:19.752 I/[T1.0.6.3]EuiAgnes_Server( 2837): b[0]:0
08-16 14:49:19.761 I/remotestatus( 2207): Msg.what is 101
08-16 14:49:19.761 I/WindowManager( 2207): turn cursor off
08-16 14:49:19.761 E/RemoteManager( 2207): RemoteManager is no longer support in eui6.5
08-16 14:49:19.761 W/InputDispatcher( 2207): findFocusedWindow finished: injectionResult=0, timeSpentWaitingForApplication=0.0ms
08-16 14:49:19.761 E/InputManager-JNI( 2207): call nativeDisableCursor method with hideCursor
08-16 14:49:19.762 I/GlobalSettings( 2822): BaseMultiLayerDialogHelper -- setDisMissTime on start
08-16 14:49:19.763 W/ContextImpl( 2822): Calling a method in the system process without a qualified user: android.app.ContextImpl.startService:1224 android.content.ContextWrapper.startService:581 com.stv.settingadapter.EqManager.updateBinder:869 com.stv.settingadapter.EqManager.getInstance:176 com.stv.globalsetting.util.Util.playFocusSound:1074 
08-16 14:49:19.817 I/SoundPool( 2207): enter : func play
08-16 14:49:19.820 W/InputDispatcher( 2207): findFocusedWindow finished: injectionResult=0, timeSpentWaitingForApplication=0.0ms
08-16 14:49:19.821 I/GlobalSettings( 2822): BaseMultiLayerDialogHelper -- setDisMissTime on start
08-16 14:49:19.822 I/APM::AudioPolicyEngine( 1758): getDeviceForStrategy, 359
08-16 14:49:19.827 I/audio_hw_primary( 1758): version:a00004 adev_create_audio_patch::mix->device 
08-16 14:49:19.827 I/audio_hw_primary( 1758): adev_create_audio_patch *handle=-1420227928 num_audio_patch=3
08-16 14:49:19.828 E/AudioManagerService( 1803): setAudioVolume(callingPid 1758, clientPid 1758, enSoundPath 0, volumn:0 )
08-16 14:49:19.831 I/tvos    ( 1764): SetVolume, subWooExist 0!
08-16 14:49:19.831 I/tvos    ( 1764): mapi_audio_customer::SetAbsoluteVolume: project name is X440M
08-16 14:49:19.831 I/tvos    ( 1764): SetAbsoluteVolume: uPercent : 0, path=52(speaker), VolumeInt=7f, VolumeFra=0
08-16 14:49:19.831 I/tvos    ( 1764): SetAbsoluteVolume: uPercent(currVol) : 0, realPath=52(default), VolumeInt=7f, VolumeFra=0
08-16 14:49:19.831 I/tvos    ( 1764): mapi_audio_customer::SetAbsoluteVolume: project name is X440M
08-16 14:49:19.831 I/tvos    ( 1764): SetAbsoluteVolume: uPercent : 0, path=49(HP), VolumeInt=7f, VolumeFra=0
08-16 14:49:19.831 I/tvos    ( 1764): SetAbsoluteVolume: uPercent(currVol) : 0, realPath=49(default), VolumeInt=7f, VolumeFra=0
08-16 14:49:19.831 I/tvos    ( 1764): mapi_audio_customer::SetAbsoluteVolume: project name is X440M
08-16 14:49:19.831 I/tvos    ( 1764): SetAbsoluteVolume, m_bBTDetect is false! 
08-16 14:49:19.831 I/tvos    ( 1764): mapi_audio_customer::SetAbsoluteVolume: project name is X440M
08-16 14:49:19.831 I/tvos    ( 1764): SetAbsoluteVolume: uPercent : 0, path=255(speaker), VolumeInt=7f, VolumeFra=0
08-16 14:49:19.831 I/tvos    ( 1764): SetAbsoluteVolume: uPercent(currVol) : 0, realPath=255(default), VolumeInt=7f, VolumeFra=0
08-16 14:49:19.831 I/tvos    ( 1764): [SetMuteStatus] call SetSoundMuteStatus, line : 10369, muteType: 4, onOff : 0 
08-16 14:49:19.831 I/tvos    ( 1764): [audioBSP] #1 m_internalMute : 0 ..
08-16 14:49:19.831 I/tvos    ( 1764): #1|->SDK_bPermanentAudioMute:0<-|->SDK_bMomentAudioMute:0 <-|->SDK_bBySyncAudioMute:0<-|->SDK_bByBlockAudioMute:0<-|->SDK_bByVChipAudioMute:0<-|
08-16 14:49:19.831 I/tvos    ( 1764): #1|->SDK_bInternal1AudioMute:0<-|->SDK_bInternal2AudioMute:0<-|->SDK_bInternal3AudioMute:0<-|->SDK_bInternal4AudioMute:0<-|
08-16 14:49:19.831 I/tvos    ( 1764): #1|->SDK_bByScanInOutchgCHchg:0<-|->SDK_bByDuringLimitedTimeAudioMute:0<-|->SDK_bSourceSwitchAudioMute:0<-|
08-16 14:49:19.831 I/tvos    ( 1764): #1|->SDK_bMHEGApMute:0<-|->SDK_bAllAudioMuteCtrl:0<-|->SDK_bPowerOnMute:0<-|->SDK_bNullSourceMute0<-|->SDK_bSetInputSourceAudioMute:0<-|
08-16 14:49:19.831 I/tvos    ( 1764): [audioBSP] #2 m_spkrMute : 0 ..|->SDK_bUsrSpkrAudioMute:0<-|->SDK_bPowerOnMute:0<-|->SDK_bByUserAudioMute:0<-|
08-16 14:49:19.831 I/tvos    ( 1764): [audioBSP] #3 m_PcmCapture2Mute:0 |->SDK_bByUserPcmCapture2Mute:0<-|->SDK_SUB_bByUserAudioMute:0<-|->SDK_bByUserAudioMute:0<-|
08-16 14:49:19.831 I/tvos    ( 1764): [audioBSP] #5 m_hpMute : 1 ..|->SDK_bUsrHpAudioMute:1<-|->SDK_bPowerOnMute:0<-|->SDK_bByUserAudioMute:0<-|
08-16 14:49:19.831 I/tvos    ( 1764): [audioBSP] #12 m_spdifMute : 1 ..
08-16 14:49:19.831 I/tvos    ( 1764): #12|->SDK_bPermanentAudioMute:0<-|->SDK_bMomentAudioMute:0<-|->SDK_bByBlockAudioMute:0<-|
08-16 14:49:19.831 I/tvos    ( 1764): #12|->SDK_bByVChipAudioMute:0<-|->SDK_bInternal1AudioMute:0<-|->SDK_bInternal4AudioMute:0<-|
08-16 14:49:19.831 I/tvos    ( 1764): #12|->SDK_bByDuringLimitedTimeAudioMute:0<-|->SDK_bSourceSwitchAudioMute:0<-|->SDK_bMHEGApMute:0<-|
08-16 14:49:19.831 I/tvos    ( 1764): #12|->SDK_bPowerOnMute:0<-|->SDK_bUsrSpdifAudioMute:1<-|->SDK_bNullSourceMute:0<-|->SDK_bByAppMute:0<-|
08-16 14:49:19.831 I/tvos    ( 1764): ---Amplifier_ALC1310_LR_SWMute(0)
08-16 14:49:19.831 I/tvos    ( 1764): ALC1310 unmute good, addr: 0x13 readbackvalue: 4 
08-16 14:49:19.833 I/AudioUtil( 1758): setParameters spk_volume=0
08-16 14:49:19.833 I/audio_hw_primary( 1758): adev_set_parameters: spk_volume=0
08-16 14:49:19.833 I/tvos    ( 1764): SetSoundMuteStatus : m_hpMute : 1, m_spdifMute : 1, m_DataInMute : 0, m_channel7Mute : 0, m_internalMute : 0, m_spkrMute : 0, m_PcmCapture1Mute : 0, m_PcmCapture2Mute : 0 
08-16 14:49:19.833 I/tvos    ( 1764): GetAudioOutputDevice, retval : 0
08-16 14:49:19.833 I/tvos    ( 1764): [SetMuteStatus] call SetSoundMuteStatus, line : 10369, muteType: 67108864, onOff : 1 
08-16 14:49:19.833 I/tvos    ( 1764): _TransMSrvMuteTypeToSDKMuteType: Err! muteType(67108864) is out of Range
08-16 14:49:19.835 I/tvos    ( 1764): [SetMuteStatus] call SetSoundMuteStatus, line : 10369, muteType: 4, onOff : 1 
08-16 14:49:19.835 I/tvos    ( 1764): [audioBSP] #1 m_internalMute : 0 ..
08-16 14:49:19.835 I/tvos    ( 1764): #1|->SDK_bPermanentAudioMute:0<-|->SDK_bMomentAudioMute:0 <-|->SDK_bBySyncAudioMute:0<-|->SDK_bByBlockAudioMute:0<-|->SDK_bByVChipAudioMute:0<-|
08-16 14:49:19.835 I/tvos    ( 1764): #1|->SDK_bInternal1AudioMute:0<-|->SDK_bInternal2AudioMute:0<-|->SDK_bInternal3AudioMute:0<-|->SDK_bInternal4AudioMute:0<-|
08-16 14:49:19.835 I/tvos    ( 1764): #1|->SDK_bByScanInOutchgCHchg:0<-|->SDK_bByDuringLimitedTimeAudioMute:0<-|->SDK_bSourceSwitchAudioMute:0<-|
08-16 14:49:19.835 I/tvos    ( 1764): #1|->SDK_bMHEGApMute:0<-|->SDK_bAllAudioMuteCtrl:0<-|->SDK_bPowerOnMute:0<-|->SDK_bNullSourceMute0<-|->SDK_bSetInputSourceAudioMute:0<-|
08-16 14:49:19.835 I/tvos    ( 1764): [audioBSP] #2 m_spkrMute : 1 ..|->SDK_bUsrSpkrAudioMute:0<-|->SDK_bPowerOnMute:0<-|->SDK_bByUserAudioMute:1<-|
08-16 14:49:19.835 I/tvos    ( 1764): [audioBSP] #3 m_PcmCapture2Mute:1 |->SDK_bByUserPcmCapture2Mute:0<-|->SDK_SUB_bByUserAudioMute:0<-|->SDK_bByUserAudioMute:1<-|
08-16 14:49:19.835 I/tvos    ( 1764): [audioBSP] #5 m_hpMute : 1 ..|->SDK_bUsrHpAudioMute:1<-|->SDK_bPowerOnMute:0<-|->SDK_bByUserAudioMute:1<-|
08-16 14:49:19.835 I/tvos    ( 1764): [audioBSP] #12 m_spdifMute : 1 ..
08-16 14:49:19.835 I/tvos    ( 1764): #12|->SDK_bPermanentAudioMute:0<-|->SDK_bMomentAudioMute:0<-|->SDK_bByBlockAudioMute:0<-|
08-16 14:49:19.835 I/tvos    ( 1764): #12|->SDK_bByVChipAudioMute:0<-|->SDK_bInternal1AudioMute:0<-|->SDK_bInternal4AudioMute:0<-|
08-16 14:49:19.835 I/tvos    ( 1764): #12|->SDK_bByDuringLimitedTimeAudioMute:0<-|->SDK_bSourceSwitchAudioMute:0<-|->SDK_bMHEGApMute:0<-|
08-16 14:49:19.835 I/tvos    ( 1764): #12|->SDK_bPowerOnMute:0<-|->SDK_bUsrSpdifAudioMute:1<-|->SDK_bNullSourceMute:0<-|->SDK_bByAppMute:0<-|
08-16 14:49:19.835 I/tvos    ( 1764): ---Amplifier_ALC1310_LR_SWMute(1)
08-16 14:49:19.835 I/tvos    ( 1764): ALC1310 mute write good, addr: 0x13, readback data : 49164, write cmd times : 1
08-16 14:49:19.838 I/tvos    ( 1764): SetSoundMuteStatus : m_hpMute : 1, m_spdifMute : 1, m_DataInMute : 0, m_channel7Mute : 0, m_internalMute : 0, m_spkrMute : 1, m_PcmCapture1Mute : 0, m_PcmCapture2Mute : 1 
08-16 14:49:19.907 I/APM::AudioPolicyEngine( 1758): getDeviceForStrategy, 359
08-16 14:49:19.944 I/tvos    ( 1764): GetAudioOutputDevice, retval : 0
08-16 14:49:20.194 I/tvos    ( 1764): GetAudioOutputDevice, retval : 0
08-16 14:49:20.444 I/tvos    ( 1764): GetAudioOutputDevice, retval : 0
08-16 14:49:20.540 W/InputDispatcher( 2207): findFocusedWindow finished: injectionResult=0, timeSpentWaitingForApplication=0.0ms
08-16 14:49:20.541 I/GlobalSettings( 2822): BaseMultiLayerDialogHelper -- setDisMissTime on start
08-16 14:49:20.541 I/GlobalSettings( 2822): ReportEuiLog_U -- ReportEuiLog action is: tvaction and reportmsg is: action=perSystemSetClick&setModule=6
08-16 14:49:20.543 I/GlobalSettings( 2822): AdvanceDialog -- Open_Advance_Desk_Result is: true
08-16 14:49:20.543 W/ContextImpl( 2822): Calling a method in the system process without a qualified user: android.app.ContextImpl.startActivity:659 android.content.ContextWrapper.startActivity:331 com.stv.globalsetting.dialog.AdvanceDialog.onKeyDown:111 android.view.KeyEvent.dispatch:2809 android.app.Dialog.dispatchKeyEvent:756 
08-16 14:49:20.544 W/ContextImpl( 2822): Calling a method in the system process without a qualified user: android.app.ContextImpl.startActivity:671 android.app.ContextImpl.startActivity:660 android.content.ContextWrapper.startActivity:331 com.stv.globalsetting.dialog.AdvanceDialog.onKeyDown:111 android.view.KeyEvent.dispatch:2809 
08-16 14:49:20.544 E/ContextImpl( 2822): startAdManager() action is null
08-16 14:49:20.545 I/ActivityManager( 2207): START u0 {flg=0x10008000 cmp=com.stv.globalsetting/.activity.DeskActivity} from uid 1000 on display 0
08-16 14:49:20.550 I/TvLiveBaseFragment( 3007): onPause
08-16 14:49:20.550 I/ShoppingPlugin-stv-PluginFragment( 3007): onPause ->in
08-16 14:49:20.550 I/ShoppingPlugin-stv-PluginRootLayout( 3007): onFragmentPause ---> in
08-16 14:49:20.550 I/Launcher( 3007): [com.stv.launcher] LauncherActivity -- onPause  mBootSignalFirst=false sCurrentScreen = com.stv.plugin.app
08-16 14:49:20.552 I/Launcher( 3007): [com.stv.launcher] ===== enalbeAllKey =====
08-16 14:49:20.552 I/WindowManager( 2207): setBlockVoiceKey = false
08-16 14:49:20.552 W/InputDispatcher( 2207): setFocusedApplication
08-16 14:49:20.554 I/WindowManager( 2207): setBlockSourceKey = false
08-16 14:49:20.554 I/System.out( 2207): From style:
08-16 14:49:20.554 I/System.out( 2207): Attrs: 3010001=0.6 3010002=res/drawable-hdpi-v4/ic_desk_app_bg.jpg 3010003=null 3010004=true
08-16 14:49:20.556 I/WindowManager( 2207): setBlockSettingKey = false
08-16 14:49:20.557 I/WindowManager( 2207): setBlockFunctionKeys = false
08-16 14:49:20.557 I/WindowManager( 2207): setBlockHomeKey = false
08-16 14:49:20.564 W/InputDispatcher( 2207): Window went away: Window{5815685 u0 com.stv.globalsetting}
08-16 14:49:20.572 E/LETV_DEVICE( 1780): no name sn for Mstar
08-16 14:49:20.572 I/ActivityManager( 2207): TR12) TaskRecord{7709f2e #35 A=com.stv.globalsetting U=0 sz=1}
08-16 14:49:20.572 I/ActivityManager( 2207): TR11) TaskRecord{14b0d11 #1 A=com.stv.launcher U=0 sz=1}
08-16 14:49:20.573 I/ActivityManager( 2207): accel TR12) TaskRecord{7709f2e #35 A=com.stv.globalsetting U=0 sz=1}
08-16 14:49:20.573 I/ActivityManager( 2207): accel TR11) TaskRecord{14b0d11 #1 A=com.stv.launcher U=0 sz=1}
08-16 14:49:20.604 I/[T1.0.6.3]EuiAgnes_Server( 2837): resCode:1
08-16 14:49:20.604 I/[T1.0.6.3]EuiAgnes_Server( 2837): b[0]:0
08-16 14:49:20.606 W/InputDispatcher( 2207): Waiting for application to become ready for input: AppWindowToken{81deaf5 token=Token{801402c ActivityRecord{2aa5bdf u0 com.stv.globalsetting/.activity.DeskActivity t35}}} - Window{2629a83 u0 com.stv.globalsetting}.  Reason: Waiting because the focused window's input channel is not registered with the input dispatcher.  The window may be in the process of being removed.
08-16 14:49:20.606 W/InputDispatcher( 2207): findFocusedWindow finished: injectionResult=-1, timeSpentWaitingForApplication=0.0ms
08-16 14:49:20.608 W/InputDispatcher( 2207): Focus left window: Window{2629a83 u0 com.stv.globalsetting}
08-16 14:49:20.608 W/InputDispatcher( 2207): Window went away: Window{2629a83 u0 com.stv.globalsetting}
08-16 14:49:20.608 W/InputDispatcher( 2207): findFocusedWindow finished: injectionResult=-1, timeSpentWaitingForApplication=1.7ms
08-16 14:49:20.609 E/ActivityThread( 2837): Failed to find provider info for com.letv.agnes.InfoProvider
08-16 14:49:20.610 I/Launcher( 3007): [com.stv.launcher] LauncherApplication -- ========= tryTrimMemoryCache =========20
08-16 14:49:20.612 I/LetvManager-LogReport( 1780): [send_msg] line: 490 report url = http://log.hdtv.cp21.ott.cibntv.net:80/api/log/tvAction
08-16 14:49:20.613 W/ViewRootImpl( 2822): Dropping event due to root view being removed: KeyEvent { action=ACTION_DOWN, keyCode=KEYCODE_DPAD_CENTER, scanCode=0, metaState=0, flags=0x0, repeatCount=0, eventTime=513027005, downTime=513027005, deviceId=-1, source=0x101 }
08-16 14:49:20.614 W/InputEventReceiver( 2822): Attempted to finish an input event but the input event receiver has already been disposed.
08-16 14:49:20.614 E/ActivityThread( 2837): Failed to find provider info for com.letv.agnes.InfoProvider
08-16 14:49:20.614 W/System.err( 2837): java.lang.IllegalArgumentException: Unknown URL content://com.letv.agnes.InfoProvider
08-16 14:49:20.614 W/System.err( 2837): 	at android.content.ContentResolver.insert(ContentResolver.java:1227)
08-16 14:49:20.614 W/System.err( 2837): 	at com.letv.tracker2.agnes.Configuration.addDebugInfo(Configuration.java:289)
08-16 14:49:20.615 W/System.err( 2837): 	at com.letv.tracker2.agnes.MessageProcessor$SendEnvMsgTr$1.handleMessage(MessageProcessor.java:661)
08-16 14:49:20.615 W/System.err( 2837): 	at android.os.Handler.dispatchMessage(Handler.java:102)
08-16 14:49:20.615 W/System.err( 2837): 	at android.os.Looper.loop(Looper.java:148)
08-16 14:49:20.615 W/System.err( 2837): 	at com.letv.tracker2.agnes.MessageProcessor$SendEnvMsgTr.run(MessageProcessor.java:665)
08-16 14:49:20.619 W/InputDispatcher( 2207): findFocusedWindow finished: injectionResult=-1, timeSpentWaitingForApplication=13.3ms
08-16 14:49:20.622 W/InputDispatcher( 2207): findFocusedWindow finished: injectionResult=-1, timeSpentWaitingForApplication=15.5ms
08-16 14:49:20.622 W/InputDispatcher( 2207): findFocusedWindow finished: injectionResult=-1, timeSpentWaitingForApplication=15.8ms
08-16 14:49:20.624 W/InputDispatcher( 2207): findFocusedWindow finished: injectionResult=-1, timeSpentWaitingForApplication=17.4ms
08-16 14:49:20.625 I/System.out( 2822): From style:
08-16 14:49:20.626 I/System.out( 2822): Attrs: 3010001=0.6 3010002=res/drawable-hdpi-v4/ic_desk_app_bg.jpg 3010003=null 3010004=true
08-16 14:49:20.640 W/InputDispatcher( 2207): findFocusedWindow finished: injectionResult=-1, timeSpentWaitingForApplication=33.3ms
08-16 14:49:20.642 W/InputDispatcher( 2207): findFocusedWindow finished: injectionResult=-1, timeSpentWaitingForApplication=35.4ms
08-16 14:49:20.642 W/InputDispatcher( 2207): findFocusedWindow finished: injectionResult=-1, timeSpentWaitingForApplication=35.8ms
08-16 14:49:20.652 I/tvos    ( 1764): [37m[INFO] Change to Voltage: 1130 mV (0x1F)[m
08-16 14:49:20.652 I/tvos    ( 1764): [37m[INFO] Change to Voltage: 1130 mV (0x22)[m
08-16 14:49:20.652 I/tvos    ( 1764): [37m[INFO] Change to Voltage: 1130 mV (0x25)[m
08-16 14:49:20.655 I/tvos    ( 1764): [37m[INFO] Change to Voltage: 1130 mV (0x28)[m
08-16 14:49:20.657 I/tvos    ( 1764): [37m[INFO] Change to Voltage: 1130 mV (0x2B)[m
08-16 14:49:20.657 I/tvos    ( 1764): [37m[INFO] Change to Voltage: 1130 mV (0x2C)[m
08-16 14:49:20.658 I/StvLogReport( 2837): StargazerReportTask, action=appClose&name=桌面&packagename=com.stv.launcher&versionCode=20180321&appVersionName=1.0.5&appType=1&mark=84&totalTime=71
08-16 14:49:20.671 I/tvos    ( 1764): [37m[INFO] Change to Voltage: 1150 mV (0x22)[m
08-16 14:49:20.671 I/tvos    ( 1764): [37m[INFO] Change to Voltage: 1150 mV (0x25)[m
08-16 14:49:20.671 I/tvos    ( 1764): [37m[INFO] Change to Voltage: 1150 mV (0x28)[m
08-16 14:49:20.671 I/tvos    ( 1764): [37m[INFO] Change to Voltage: 1150 mV (0x2B)[m
08-16 14:49:20.671 I/tvos    ( 1764): [37m[INFO] Change to Voltage: 1150 mV (0x2E)[m
08-16 14:49:20.671 I/tvos    ( 1764): [37m[INFO] Change to Voltage: 1150 mV (0x2E)[m
08-16 14:49:20.673 I/OMXClient( 2822): Using client-side OMX mux.
08-16 14:49:20.673 E/LETV_DEVICE( 1780): no name sn for Mstar
08-16 14:49:20.677 W/InputDispatcher( 2207): Focus entered window: Window{a4a9248 u0 com.stv.globalsetting/com.stv.globalsetting.activity.DeskActivity}
08-16 14:49:20.677 W/InputDispatcher( 2207): findFocusedWindow finished: injectionResult=0, timeSpentWaitingForApplication=70.8ms
08-16 14:49:20.683 I/StvLogReport( 2837): StargazerReportTask, reponse2 : {"status":"OK","statusCode":200,"message":"succeefully"}
08-16 14:49:20.688 E/BufferQueueProducer( 1749): [com.stv.globalsetting/com.stv.globalsetting.activity.DeskActivity] connect(P): already connected (cur=1 req=1)
08-16 14:49:20.695 I/tvos    ( 1764): GetAudioOutputDevice, retval : 0
08-16 14:49:20.739 W/ViewRootImpl( 2822): Cancelling event due to no window focus: KeyEvent { action=ACTION_UP, keyCode=KEYCODE_DPAD_CENTER, scanCode=0, metaState=0, flags=0x20, repeatCount=0, eventTime=513027005, downTime=513027005, deviceId=-1, source=0x101 }
08-16 14:49:20.739 W/ViewRootImpl( 2822): Cancelling event due to no window focus: KeyEvent { action=ACTION_UP, keyCode=KEYCODE_DPAD_CENTER, scanCode=0, metaState=0, flags=0x20, repeatCount=0, eventTime=513027005, downTime=513027005, deviceId=-1, source=0x101 }
08-16 14:49:20.739 W/ViewRootImpl( 2822): Cancelling event due to no window focus: KeyEvent { action=ACTION_UP, keyCode=KEYCODE_DPAD_CENTER, scanCode=0, metaState=0, flags=0x20, repeatCount=0, eventTime=513027005, downTime=513027005, deviceId=-1, source=0x101 }
08-16 14:49:20.739 W/ViewRootImpl( 2822): Cancelling event due to no window focus: KeyEvent { action=ACTION_UP, keyCode=KEYCODE_DPAD_CENTER, scanCode=0, metaState=0, flags=0x20, repeatCount=0, eventTime=513027005, downTime=513027005, deviceId=-1, source=0x101 }
08-16 14:49:20.739 W/ViewRootImpl( 2822): Cancelling event due to no window focus: KeyEvent { action=ACTION_UP, keyCode=KEYCODE_DPAD_CENTER, scanCode=0, metaState=0, flags=0x20, repeatCount=0, eventTime=513027005, downTime=513027005, deviceId=-1, source=0x101 }
08-16 14:49:20.739 W/ViewRootImpl( 2822): Cancelling event due to no window focus: KeyEvent { action=ACTION_UP, keyCode=KEYCODE_DPAD_CENTER, scanCode=0, metaState=0, flags=0x20, repeatCount=0, eventTime=513027005, downTime=513027005, deviceId=-1, source=0x101 }
08-16 14:49:20.739 W/ViewRootImpl( 2822): Cancelling event due to no window focus: KeyEvent { action=ACTION_UP, keyCode=KEYCODE_DPAD_CENTER, scanCode=0, metaState=0, flags=0x20, repeatCount=0, eventTime=513027005, downTime=513027005, deviceId=-1, source=0x101 }
08-16 14:49:20.739 W/ViewRootImpl( 2822): Cancelling event due to no window focus: KeyEvent { action=ACTION_UP, keyCode=KEYCODE_DPAD_CENTER, scanCode=0, metaState=0, flags=0x20, repeatCount=0, eventTime=513027005, downTime=513027005, deviceId=-1, source=0x101 }
08-16 14:49:20.740 W/ViewRootImpl( 2822): Cancelling event due to no window focus: KeyEvent { action=ACTION_UP, keyCode=KEYCODE_DPAD_CENTER, scanCode=0, metaState=0, flags=0x20, repeatCount=0, eventTime=513027005, downTime=513027005, deviceId=-1, source=0x101 }
08-16 14:49:20.745 I/GlobalSettings( 2822): BaseMultiLayerDialogHelper -- dialog is all dismiss,cancel timer
08-16 14:49:20.746 E/ActivityThread( 2837): Failed to find provider info for com.letv.agnes.InfoProvider
08-16 14:49:20.747 E/ActivityThread( 2837): Failed to find provider info for com.letv.agnes.InfoProvider
08-16 14:49:20.748 W/System.err( 2837): java.lang.IllegalArgumentException: Unknown URL content://com.letv.agnes.InfoProvider
08-16 14:49:20.748 W/System.err( 2837): 	at android.content.ContentResolver.insert(ContentResolver.java:1227)
08-16 14:49:20.748 W/System.err( 2837): 	at com.letv.tracker2.agnes.Configuration.addDebugInfo(Configuration.java:289)
08-16 14:49:20.748 W/System.err( 2837): 	at com.letv.tracker2.agnes.MessageProcessor$SendEnvMsgTr$1.handleMessage(MessageProcessor.java:661)
08-16 14:49:20.748 W/System.err( 2837): 	at android.os.Handler.dispatchMessage(Handler.java:102)
08-16 14:49:20.748 W/System.err( 2837): 	at android.os.Looper.loop(Looper.java:148)
08-16 14:49:20.748 W/System.err( 2837): 	at com.letv.tracker2.agnes.MessageProcessor$SendEnvMsgTr.run(MessageProcessor.java:665)
08-16 14:49:20.752 I/tvos    ( 1764): [37m[INFO] Change to Voltage: 1000 mV (0x2C)[m
08-16 14:49:20.752 I/tvos    ( 1764): [37m[INFO] Change to Voltage: 1000 mV (0x29)[m
08-16 14:49:20.752 I/tvos    ( 1764): [37m[INFO] Change to Voltage: 1000 mV (0x26)[m
08-16 14:49:20.752 I/tvos    ( 1764): [37m[INFO] Change to Voltage: 1000 mV (0x23)[m
08-16 14:49:20.753 I/tvos    ( 1764): [37m[INFO] Change to Voltage: 1000 mV (0x20)[m
08-16 14:49:20.753 I/tvos    ( 1764): [37m[INFO] Change to Voltage: 1000 mV (0x1F)[m
08-16 14:49:20.754 I/[T1.0.6.3]EuiAgnes_Server( 2837): resCode:1
08-16 14:49:20.754 I/[T1.0.6.3]EuiAgnes_Server( 2837): b[0]:0
08-16 14:49:20.761 E/critical_path_log( 3007): superlive_7799adbbe191b8ab_onTrimMemory: level = 20
08-16 14:49:20.770 I/StvLogReport( 2837): StargazerReportTask, action=appOpen&name=设置&packagename=com.stv.globalsetting&versionCode=1&appVersionName=1.0&appType=1&mark=85
08-16 14:49:20.772 I/BrowseView( 2822): --onItemSelected i : 0
08-16 14:49:20.793 I/StvLogReport( 2837): StargazerReportTask, reponse2 : {"status":"OK","statusCode":200,"message":"succeefully"}
08-16 14:49:20.813 I/ActivityManager( 2207): Displayed com.stv.globalsetting/.activity.DeskActivity: +245ms
08-16 14:49:20.813 W/ContextImpl( 2207): Calling a method in the system process without a qualified user: android.app.ContextImpl.sendBroadcast:766 com.android.server.am.ActivityRecord.reportLaunchTimeLocked:1056 com.android.server.am.ActivityRecord.windowsDrawnLocked:1080 com.android.server.am.ActivityRecord$Token.windowsDrawn:345 com.android.server.wm.WindowManagerService$H.handleMessage:8042 
08-16 14:49:20.816 I/LetvManager-LogReport( 1780): [send_msg] line: 490 report url = http://log.hdtv.cp21.ott.cibntv.net:80/api/log/tvAction
08-16 14:49:20.826 W/InputDispatcher( 2207): Window went away: Window{62968c4 u0 Starting com.stv.globalsetting}
08-16 14:49:20.852 I/tvos    ( 1764): [37m[INFO] Change to Voltage: 1130 mV (0x1F)[m
08-16 14:49:20.852 I/tvos    ( 1764): [37m[INFO] Change to Voltage: 1130 mV (0x22)[m
08-16 14:49:20.852 I/tvos    ( 1764): [37m[INFO] Change to Voltage: 1130 mV (0x25)[m
08-16 14:49:20.852 I/tvos    ( 1764): [37m[INFO] Change to Voltage: 1130 mV (0x28)[m
08-16 14:49:20.852 I/tvos    ( 1764): [37m[INFO] Change to Voltage: 1130 mV (0x2B)[m
08-16 14:49:20.853 I/tvos    ( 1764): [37m[INFO] Change to Voltage: 1130 mV (0x2C)[m
08-16 14:49:20.945 I/tvos    ( 1764): GetAudioOutputDevice, retval : 0
08-16 14:49:20.951 I/tvos    ( 1764): [37m[INFO] Change to Voltage: 1000 mV (0x2C)[m
08-16 14:49:20.952 I/tvos    ( 1764): [37m[INFO] Change to Voltage: 1000 mV (0x29)[m
08-16 14:49:20.952 I/tvos    ( 1764): [37m[INFO] Change to Voltage: 1000 mV (0x26)[m
08-16 14:49:20.953 I/tvos    ( 1764): [37m[INFO] Change to Voltage: 1000 mV (0x23)[m
08-16 14:49:20.953 I/tvos    ( 1764): [37m[INFO] Change to Voltage: 1000 mV (0x20)[m
08-16 14:49:20.954 I/tvos    ( 1764): [37m[INFO] Change to Voltage: 1000 mV (0x1F)[m
08-16 14:49:21.023 I/LetvManager-LogReport( 1780): [send_msg] line: 490 report url = http://log.hdtv.cp21.ott.cibntv.net:80/api/log/tvAction
08-16 14:49:21.043 I/AnalysisLog( 3007): Plugin:onFragmentShowChanged_hide:com.stv.plugin.app----start:time='513027510'
08-16 14:49:21.044 I/AppPlugin( 3007): AppFragment -- onFragmentShowChanged gainSelect true screen = com.stv.plugin.app packageName = com.stv.plugin.app
08-16 14:49:21.045 I/AnalysisLog( 3007): Plugin:onFragmentShowChanged_hide:com.stv.plugin.app----end:time='513027512'
08-16 14:49:21.045 I/TvLiveBaseFragment( 3007): onStop
08-16 14:49:21.069 E/LETV_DEVICE( 1780): no name sn for Mstar
08-16 14:49:21.073 E/ActivityThread( 2837): Failed to find provider info for com.letv.agnes.InfoProvider
08-16 14:49:21.075 E/ActivityThread( 2837): Failed to find provider info for com.letv.agnes.InfoProvider
08-16 14:49:21.075 W/System.err( 2837): java.lang.IllegalArgumentException: Unknown URL content://com.letv.agnes.InfoProvider
08-16 14:49:21.075 W/System.err( 2837): 	at android.content.ContentResolver.insert(ContentResolver.java:1227)
08-16 14:49:21.075 W/System.err( 2837): 	at com.letv.tracker2.agnes.Configuration.addDebugInfo(Configuration.java:289)
08-16 14:49:21.075 W/System.err( 2837): 	at com.letv.tracker2.agnes.MessageProcessor$SendEnvMsgTr$1.handleMessage(MessageProcessor.java:661)
08-16 14:49:21.075 W/System.err( 2837): 	at android.os.Handler.dispatchMessage(Handler.java:102)
08-16 14:49:21.075 W/System.err( 2837): 	at android.os.Looper.loop(Looper.java:148)
08-16 14:49:21.075 W/System.err( 2837): 	at com.letv.tracker2.agnes.MessageProcessor$SendEnvMsgTr.run(MessageProcessor.java:665)
08-16 14:49:21.082 I/[T1.0.6.3]EuiAgnes_Server( 2837): resCode:1
08-16 14:49:21.082 I/[T1.0.6.3]EuiAgnes_Server( 2837): b[0]:0
08-16 14:49:21.196 I/tvos    ( 1764): GetAudioOutputDevice, retval : 0
08-16 14:49:21.228 I/LetvManager-LogReport( 1780): [send_msg] line: 490 report url = http://log.hdtv.cp21.ott.cibntv.net:80/api/log/tvAction
08-16 14:49:21.446 I/tvos    ( 1764): GetAudioOutputDevice, retval : 0
08-16 14:49:21.696 I/tvos    ( 1764): GetAudioOutputDevice, retval : 0
08-16 14:49:21.947 I/tvos    ( 1764): GetAudioOutputDevice, retval : 0
08-16 14:49:22.197 I/tvos    ( 1764): GetAudioOutputDevice, retval : 0
08-16 14:49:22.448 I/tvos    ( 1764): GetAudioOutputDevice, retval : 0
