12-20 16:26:03.503 I/chatty  ( 2892): uid=1000(system) com.stv.launcher expire 48 lines
12-20 16:26:03.536 D/MSTAR_VDEC_DBG( 1706): Stream ID: 0, Rate : 25 [Vsync Rate : 25](E:0,D:0,S:0,F:618) 
12-20 16:26:03.554 I/chatty  ( 2238): uid=1000(system) NetworkStats expire 10 lines
12-20 16:26:04.537 D/MSTAR_VDEC_DBG( 1706): Stream ID: 0, Rate : 25 [Vsync Rate : 25](E:0,D:0,S:0,F:643) 
12-20 16:26:05.537 D/MSTAR_VDEC_DBG( 1706): Stream ID: 0, Rate : 25 [Vsync Rate : 25](E:0,D:0,S:0,F:668) 
12-20 16:26:06.181 I/chatty  ( 2892): uid=1000(system) com.stv.launcher expire 263 lines
12-20 16:26:06.576 D/MSTAR_VDEC_DBG( 1706): Stream ID: 0, Rate : 25 [Vsync Rate : 25](E:0,D:0,S:0,F:694) 
12-20 16:26:07.157 I/chatty  ( 2892): uid=1000(system) GlobalSingleThr expire 22 lines
12-20 16:26:07.618 D/MSTAR_VDEC_DBG( 1706): Stream ID: 0, Rate : 24 [Vsync Rate : 24](E:0,D:0,S:0,F:720) 
12-20 16:26:07.996 I/chatty  ( 2892): uid=1000(system) pool-2-thread-1 expire 6 lines
12-20 16:26:08.001 I/chatty  ( 2892): uid=1000(system) pool-8-thread-4 expire 10 lines
12-20 16:26:08.111 I/chatty  ( 2892): uid=1000(system) com.stv.launcher expire 156 lines
12-20 16:26:08.656 D/MSTAR_VDEC_DBG( 1706): Stream ID: 0, Rate : 25 [Vsync Rate : 25](E:0,D:0,S:0,F:746) 
12-20 16:26:09.535 I/chatty  ( 2892): uid=1000(system) com.stv.launcher expire 10 lines
12-20 16:26:09.696 D/MSTAR_VDEC_DBG( 1706): Stream ID: 0, Rate : 25 [Vsync Rate : 25](E:0,D:0,S:0,F:772) 
12-20 16:26:10.736 D/MSTAR_VDEC_DBG( 1706): Stream ID: 0, Rate : 25 [Vsync Rate : 25](E:0,D:0,S:0,F:798) 
12-20 16:26:11.049 I/chatty  ( 4251): uid=1000(system) HelperService expire 24 lines
12-20 16:26:11.488 I/TaskManager( 3870): =TaskRunnable=taskList==0
12-20 16:26:11.775 D/MSTAR_VDEC_DBG( 1706): Stream ID: 0, Rate : 25 [Vsync Rate : 25](E:0,D:0,S:0,F:824) 
12-20 16:26:12.287 I/chatty  ( 3441): uid=10020 com.stv.cdeapk:cde expire 43 lines
12-20 16:26:12.816 D/MSTAR_VDEC_DBG( 1706): Stream ID: 0, Rate : 24 [Vsync Rate : 24](E:0,D:0,S:0,F:850) 
12-20 16:26:13.855 D/MSTAR_VDEC_DBG( 1706): Stream ID: 0, Rate : 25 [Vsync Rate : 25](E:0,D:0,S:0,F:876) 
12-20 16:26:14.855 D/MSTAR_VDEC_DBG( 1706): Stream ID: 0, Rate : 24 [Vsync Rate : 24](E:0,D:0,S:0,F:901) 
12-20 16:26:15.536 I/chatty  ( 2892): uid=1000(system) com.stv.launcher expire 49 lines
12-20 16:26:15.813 I/tvos    ( 1711): rtc read time:2016-12-20 8:26:15.
12-20 16:26:15.813 I/tvos    ( 1711): tm_year = 2016, tm_mon = 12, tm_mday = 20, tm_hour = 8,tm_min= 26,  tm_sec = 15
12-20 16:26:15.813 I/tvos    ( 1711): timeSeconds:1482222375 rtcTimeSeconds:1482222375.
12-20 16:26:15.895 D/MSTAR_VDEC_DBG( 1706): Stream ID: 0, Rate : 25 [Vsync Rate : 25](E:0,D:0,S:0,F:927) 
12-20 16:26:16.935 D/MSTAR_VDEC_DBG( 1706): Stream ID: 0, Rate : 25 [Vsync Rate : 25](E:0,D:0,S:0,F:953) 
12-20 16:26:16.935 I/chatty  ( 2892): uid=1000(system) com.stv.launcher expire 256 lines
12-20 16:26:17.977 D/MSTAR_VDEC_DBG( 1706): Stream ID: 0, Rate : 24 [Vsync Rate : 24](E:0,D:0,S:0,F:979) 
12-20 16:26:18.195 I/chatty  ( 2892): uid=1000(system) GlobalSingleThr expire 21 lines
12-20 16:26:19.014 D/MSTAR_VDEC_DBG( 1706): Stream ID: 0, Rate : 25 [Vsync Rate : 25](E:0,D:0,S:0,F:1005) 
12-20 16:26:20.054 D/MSTAR_VDEC_DBG( 1706): Stream ID: 0, Rate : 25 [Vsync Rate : 25](E:0,D:0,S:0,F:1031) 
12-20 16:26:21.054 D/MSTAR_VDEC_DBG( 1706): Stream ID: 0, Rate : 25 [Vsync Rate : 25](E:0,D:0,S:0,F:1056) 
12-20 16:26:21.555 I/chatty  ( 2892): uid=1000(system) com.stv.launcher expire 10 lines
12-20 16:26:21.971 I/chatty  ( 4251): uid=1000(system) HelperService expire 14 lines
12-20 16:26:22.054 D/MSTAR_VDEC_DBG( 1706): Stream ID: 0, Rate : 25 [Vsync Rate : 25](E:0,D:0,S:0,F:1081) 
12-20 16:26:23.054 D/MSTAR_VDEC_DBG( 1706): Stream ID: 0, Rate : 25 [Vsync Rate : 25](E:0,D:0,S:0,F:1106) 
12-20 16:26:23.107 I/chatty  ( 4758): uid=1000(system) Thread-172 expire 14 lines
12-20 16:26:24.094 D/MSTAR_VDEC_DBG( 1706): Stream ID: 0, Rate : 25 [Vsync Rate : 25](E:0,D:0,S:0,F:1132) 
12-20 16:26:24.289 I/chatty  ( 3441): uid=10020 com.stv.cdeapk:cde expire 49 lines
12-20 16:26:25.134 D/MSTAR_VDEC_DBG( 1706): Stream ID: 0, Rate : 25 [Vsync Rate : 25](E:0,D:0,S:0,F:1158) 
12-20 16:26:26.174 D/MSTAR_VDEC_DBG( 1706): Stream ID: 0, Rate : 25 [Vsync Rate : 25](E:0,D:0,S:0,F:1184) 
12-20 16:26:27.213 D/MSTAR_VDEC_DBG( 1706): Stream ID: 0, Rate : 25 [Vsync Rate : 25](E:0,D:0,S:0,F:1210) 
12-20 16:26:27.219 I/chatty  ( 2892): uid=1000(system) com.stv.launcher expire 255 lines
12-20 16:26:27.576 I/chatty  ( 2892): uid=1000(system) com.stv.launcher expire 53 lines
12-20 16:26:28.213 D/MSTAR_VDEC_DBG( 1706): Stream ID: 0, Rate : 25 [Vsync Rate : 25](E:0,D:0,S:0,F:1235) 
12-20 16:26:28.705 I/chatty  ( 2892): uid=1000(system) GlobalSingleThr expire 22 lines
12-20 16:26:29.213 D/MSTAR_VDEC_DBG( 1706): Stream ID: 0, Rate : 25 [Vsync Rate : 25](E:0,D:0,S:0,F:1260) 
12-20 16:26:30.213 D/MSTAR_VDEC_DBG( 1706): Stream ID: 0, Rate : 25 [Vsync Rate : 25](E:0,D:0,S:0,F:1285) 
12-20 16:26:31.254 D/MSTAR_VDEC_DBG( 1706): Stream ID: 0, Rate : 24 [Vsync Rate : 24](E:0,D:0,S:0,F:1311) 
12-20 16:26:31.527 I/TaskManager( 3870): =TaskRunnable=taskList==0
12-20 16:26:32.293 D/MSTAR_VDEC_DBG( 1706): Stream ID: 0, Rate : 25 [Vsync Rate : 25](E:0,D:0,S:0,F:1337) 
12-20 16:26:32.338 I/chatty  ( 4251): uid=1000(system) HelperService expire 14 lines
12-20 16:26:33.333 D/MSTAR_VDEC_DBG( 1706): Stream ID: 0, Rate : 25 [Vsync Rate : 25](E:0,D:0,S:0,F:1363) 
12-20 16:26:33.611 I/chatty  ( 2892): uid=1000(system) com.stv.launcher expire 11 lines
12-20 16:26:34.373 D/MSTAR_VDEC_DBG( 1706): Stream ID: 0, Rate : 25 [Vsync Rate : 25](E:0,D:0,S:0,F:1389) 
12-20 16:26:35.411 D/MSTAR_VDEC_DBG( 1706): Stream ID: 0, Rate : 25 [Vsync Rate : 25](E:0,D:0,S:0,F:1415) 
12-20 16:26:36.215 I/chatty  ( 4758): uid=1000(system) Thread-172 expire 11 lines
12-20 16:26:36.291 I/chatty  ( 3441): uid=10020 com.stv.cdeapk:cde expire 62 lines
12-20 16:26:36.411 D/MSTAR_VDEC_DBG( 1706): Stream ID: 0, Rate : 25 [Vsync Rate : 25](E:0,D:0,S:0,F:1440) 
12-20 16:26:37.411 D/MSTAR_VDEC_DBG( 1706): Stream ID: 0, Rate : 25 [Vsync Rate : 25](E:0,D:0,S:0,F:1465) 
12-20 16:26:37.412 I/chatty  ( 2892): uid=1000(system) com.stv.launcher expire 255 lines
12-20 16:26:38.411 D/MSTAR_VDEC_DBG( 1706): Stream ID: 0, Rate : 25 [Vsync Rate : 25](E:0,D:0,S:0,F:1490) 
12-20 16:26:39.411 D/MSTAR_VDEC_DBG( 1706): Stream ID: 0, Rate : 25 [Vsync Rate : 25](E:0,D:0,S:0,F:1515) 
12-20 16:26:39.612 I/chatty  ( 2892): uid=1000(system) com.stv.launcher expire 10 lines
12-20 16:26:39.612 I/chatty  ( 2892): uid=1000(system) com.stv.launcher expire 58 lines
12-20 16:26:39.710 I/chatty  ( 2892): uid=1000(system) GlobalSingleThr expire 22 lines
12-20 16:26:40.411 D/MSTAR_VDEC_DBG( 1706): Stream ID: 0, Rate : 25 [Vsync Rate : 25](E:0,D:0,S:0,F:1540) 
12-20 16:26:41.451 D/MSTAR_VDEC_DBG( 1706): Stream ID: 0, Rate : 25 [Vsync Rate : 25](E:0,D:0,S:0,F:1566) 
12-20 16:26:42.490 D/MSTAR_VDEC_DBG( 1706): Stream ID: 0, Rate : 25 [Vsync Rate : 25](E:0,D:0,S:0,F:1592) 
12-20 16:26:42.742 I/chatty  ( 4251): uid=1000(system) HelperService expire 26 lines
12-20 16:26:43.490 D/MSTAR_VDEC_DBG( 1706): Stream ID: 0, Rate : 25 [Vsync Rate : 25](E:0,D:0,S:0,F:1617) 
12-20 16:26:44.490 D/MSTAR_VDEC_DBG( 1706): Stream ID: 0, Rate : 25 [Vsync Rate : 25](E:0,D:0,S:0,F:1642) 
12-20 16:26:45.481 I/chatty  ( 2238): uid=1000(system) NetworkStats expire 10 lines
12-20 16:26:45.530 D/MSTAR_VDEC_DBG( 1706): Stream ID: 0, Rate : 25 [Vsync Rate : 25](E:0,D:0,S:0,F:1668) 
12-20 16:26:45.814 I/tvos    ( 1711): rtc read time:2016-12-20 8:26:45.
12-20 16:26:45.814 I/tvos    ( 1711): tm_year = 2016, tm_mon = 12, tm_mday = 20, tm_hour = 8,tm_min= 26,  tm_sec = 45
12-20 16:26:45.814 I/tvos    ( 1711): timeSeconds:1482222405 rtcTimeSeconds:1482222405.
12-20 16:26:46.570 D/MSTAR_VDEC_DBG( 1706): Stream ID: 0, Rate : 24 [Vsync Rate : 24](E:0,D:0,S:0,F:1694) 
12-20 16:26:47.609 D/MSTAR_VDEC_DBG( 1706): Stream ID: 0, Rate : 25 [Vsync Rate : 25](E:0,D:0,S:0,F:1720) 
12-20 16:26:47.612 I/chatty  ( 2892): uid=1000(system) com.stv.launcher expire 469 lines
12-20 16:26:48.296 I/chatty  ( 3441): uid=10020 com.stv.cdeapk:cde expire 49 lines
12-20 16:26:48.649 D/MSTAR_VDEC_DBG( 1706): Stream ID: 0, Rate : 25 [Vsync Rate : 25](E:0,D:0,S:0,F:1746) 
12-20 16:26:49.648 D/MSTAR_VDEC_DBG( 1706): Stream ID: 0, Rate : 25 [Vsync Rate : 25](E:0,D:0,S:0,F:1771) 
12-20 16:26:50.649 D/MSTAR_VDEC_DBG( 1706): Stream ID: 0, Rate : 25 [Vsync Rate : 25](E:0,D:0,S:0,F:1796) 
12-20 16:26:50.720 I/chatty  ( 2892): uid=1000(system) GlobalSingleThr expire 21 lines
12-20 16:26:51.567 I/TaskManager( 3870): =TaskRunnable=taskList==0
12-20 16:26:51.645 I/chatty  ( 2892): uid=1000(system) com.stv.launcher expire 10 lines
12-20 16:26:51.645 I/chatty  ( 2892): uid=1000(system) com.stv.launcher expire 55 lines
12-20 16:26:51.651 D/MSTAR_VDEC_DBG( 1706): Stream ID: 0, Rate : 24 [Vsync Rate : 24](E:0,D:0,S:0,F:1821) 
12-20 16:26:52.689 D/MSTAR_VDEC_DBG( 1706): Stream ID: 0, Rate : 25 [Vsync Rate : 25](E:0,D:0,S:0,F:1847) 
12-20 16:26:52.974 I/chatty  ( 4758): uid=1000(system) Thread-172 expire 10 lines
12-20 16:26:53.729 D/MSTAR_VDEC_DBG( 1706): Stream ID: 0, Rate : 25 [Vsync Rate : 25](E:0,D:0,S:0,F:1873) 
12-20 16:26:54.768 D/MSTAR_VDEC_DBG( 1706): Stream ID: 0, Rate : 25 [Vsync Rate : 25](E:0,D:0,S:0,F:1899) 
12-20 16:26:55.057 I/chatty  ( 2892): uid=1000(system) com.stv.launcher expire 32 lines
12-20 16:26:55.062 I/chatty  ( 2892): uid=1000(system) pool-8-thread-2 expire 10 lines
12-20 16:26:55.421 I/chatty  ( 4251): uid=1000(system) HelperService expire 16 lines
12-20 16:26:55.808 D/MSTAR_VDEC_DBG( 1706): Stream ID: 0, Rate : 25 [Vsync Rate : 25](E:0,D:0,S:0,F:1925) 
12-20 16:26:56.808 D/MSTAR_VDEC_DBG( 1706): Stream ID: 0, Rate : 25 [Vsync Rate : 25](E:0,D:0,S:0,F:1950) 
12-20 16:26:57.808 D/MSTAR_VDEC_DBG( 1706): Stream ID: 0, Rate : 25 [Vsync Rate : 25](E:0,D:0,S:0,F:1975) 
12-20 16:26:58.848 D/MSTAR_VDEC_DBG( 1706): Stream ID: 0, Rate : 25 [Vsync Rate : 25](E:0,D:0,S:0,F:2001) 
12-20 16:26:59.887 D/MSTAR_VDEC_DBG( 1706): Stream ID: 0, Rate : 25 [Vsync Rate : 25](E:0,D:0,S:0,F:2027) 
12-20 16:27:00.298 I/chatty  ( 3441): uid=10020 com.stv.cdeapk:cde expire 51 lines
12-20 16:27:00.888 D/MSTAR_VDEC_DBG( 1706): Stream ID: 0, Rate : 24 [Vsync Rate : 24](E:0,D:0,S:0,F:2052) 
12-20 16:27:01.230 I/chatty  ( 2892): uid=1000(system) GlobalSingleThr expire 21 lines
12-20 16:27:01.927 D/MSTAR_VDEC_DBG( 1706): Stream ID: 0, Rate : 25 [Vsync Rate : 25](E:0,D:0,S:0,F:2078) 
12-20 16:27:02.966 D/MSTAR_VDEC_DBG( 1706): Stream ID: 0, Rate : 25 [Vsync Rate : 25](E:0,D:0,S:0,F:2104) 
12-20 16:27:03.106 D/AndroidRuntime(17278): >>>>>> START com.android.internal.os.RuntimeInit uid 0 <<<<<<
12-20 16:27:03.111 D/AndroidRuntime(17278): CheckJNI is OFF
12-20 16:27:03.156 D/ICU     (17278): No timezone override file found: /data/misc/zoneinfo/current/icu/icu_tzdata.dat
12-20 16:27:03.204 I/Radio-JNI(17278): register_android_hardware_Radio DONE
12-20 16:27:03.232 D/AndroidRuntime(17278): Calling main entry com.android.commands.pm.Pm
12-20 16:27:03.237 I/ActivityManager( 2238): Force stopping com.example.android.testing.uiautomator.TvAutoTest appid=10075 user=-1: uninstall pkg
12-20 16:27:03.237 I/chatty  ( 2238): uid=1000(system) PackageManager expire 11 lines
12-20 16:27:03.494 V/PackageParser( 2238): packageName: com.example.android.testing.uiautomator.TvAutoTest
12-20 16:27:03.505 W/PackageManager( 2238): Couldn't remove dex file for package:  at location /data/app/com.example.android.testing.uiautomator.TvAutoTest-2/base.apk, retcode=-1
12-20 16:27:03.508 I/art     (17278): System.exit called, status: 0
12-20 16:27:03.508 I/AndroidRuntime(17278): VM exiting with result code 0.
12-20 16:27:03.514 I/ActivityManager( 2238): Force stopping com.example.android.testing.uiautomator.TvAutoTest appid=10075 user=0: pkg removed
12-20 16:27:03.526 I/chatty  ( 2238): uid=1000(system) Binder_1 expire 10 lines
12-20 16:27:03.626 I/art     ( 4044): Background partial concurrent mark sweep GC freed 46185(1703KB) AllocSpace objects, 0(0B) LOS objects, 40% free, 5MB/9MB, paused 707us total 109.762ms
12-20 16:27:03.632 I/chatty  ( 4251): uid=1000(system) HeapTaskDaemon expire 2 lines
12-20 16:27:03.685 I/chatty  ( 2892): uid=1000(system) com.stv.launcher expire 55 lines
12-20 16:27:03.692 D/ActivityManager( 2238): isFilterBroadcast android.intent.action.PACKAGE_REMOVED
12-20 16:27:03.708 D/Avrcp   ( 2762): AvrcpServiceBroadcastReceiver-> Action: android.intent.action.PACKAGE_REMOVED
12-20 16:27:03.708 D/Avrcp   ( 2762): packageName: com.example.android.testing.uiautomator.TvAutoTest removed: true
12-20 16:27:03.708 V/Avrcp   ( 2762): isBrowseSupported for com.example.android.testing.uiautomator.TvAutoTest: false
12-20 16:27:03.709 D/CarrierServiceBindHelper( 2928): Receive action: android.intent.action.PACKAGE_REMOVED
12-20 16:27:03.714 I/chatty  ( 2238): uid=1000(system) InputReader expire 10 lines
12-20 16:27:03.716 I/chatty  ( 2892): uid=1000(system) app-loader expire 11 lines
12-20 16:27:03.720 D/JobSchedulerService( 2238): Receieved: android.intent.action.PACKAGE_REMOVED
12-20 16:27:03.744 D/VoicemailCleanupService( 2970): Cleaning up data for package: com.example.android.testing.uiautomator.TvAutoTest
12-20 16:27:03.748 D/ActivityManager( 2238): isFilterBroadcast android.intent.action.PACKAGE_FULLY_REMOVED
12-20 16:27:03.751 W/TelecomManager( 2970): Telecom Service not found.
12-20 16:27:03.752 W/TelecomManager( 2970): Telecom Service not found.
12-20 16:27:03.752 W/TelecomManager( 2970): Telecom Service not found.
12-20 16:27:03.753 W/TelecomManager( 2970): Telecom Service not found.
12-20 16:27:03.755 D/Documents(10770): Update found 6 roots in 10ms
12-20 16:27:03.759 D/ActivityManager( 2238): isFilterBroadcast android.intent.action.UID_REMOVED
12-20 16:27:03.790 W/ContextImpl( 7379): Calling a method in the system process without a qualified user: android.app.ContextImpl.startService:1221 android.content.ContextWrapper.startService:581 android.content.ContextWrapper.startService:581 com.android.keychain.KeyChainBroadcastReceiver.onReceive:12 android.app.ActivityThread.handleReceiver:2725 
12-20 16:27:03.800 I/chatty  ( 7393): uid=1000(system) com.stv.lekey expire 11 lines
12-20 16:27:03.822 I/chatty  ( 2238): uid=1000(system) android.bg expire 10 lines
12-20 16:27:03.829 W/TelecomManager( 2970): Telecom Service not found.
12-20 16:27:03.830 W/TelecomManager( 2970): Telecom Service not found.
12-20 16:27:03.830 W/TelecomManager( 2970): Telecom Service not found.
12-20 16:27:03.833 W/TelecomManager( 2970): Telecom Service not found.
12-20 16:27:03.878 I/chatty  ( 4251): uid=1000(system) com.stv.helper.main expire 10 lines
12-20 16:27:03.900 V/PackageParser( 4251): packageName: com.orbbec.TouchCursor
12-20 16:27:03.901 W/PackageParser( 4251): No actions in intent filter at /system/app/ObTouchCursor/ObTouchCursor.apk Binary XML file line #28
12-20 16:27:03.916 V/PackageParser( 4251): packageName: com.stv.videoplayer
12-20 16:27:03.922 V/PackageParser( 4251): packageName: com.stv.videohistory
12-20 16:27:03.928 V/PackageParser( 4251): packageName: com.xtshine.epgletv.activity
12-20 16:27:03.929 W/PackageParser( 4251): Ignoring duplicate uses-permissions/uses-permissions-sdk-m: android.permission.MOUNT_UNMOUNT_FILESYSTEMS in package: com.xtshine.epgletv.activity at: Binary XML file line #33
12-20 16:27:03.930 W/PackageParser( 4251): Ignoring duplicate uses-permissions/uses-permissions-sdk-m: android.permission.CHANGE_CONFIGURATION in package: com.xtshine.epgletv.activity at: Binary XML file line #40
12-20 16:27:03.930 W/PackageParser( 4251): Ignoring duplicate uses-permissions/uses-permissions-sdk-m: android.permission.CHANGE_WIFI_MULTICAST_STATE in package: com.xtshine.epgletv.activity at: Binary XML file line #41
12-20 16:27:03.930 W/PackageParser( 4251): Ignoring duplicate uses-permissions/uses-permissions-sdk-m: android.permission.WAKE_LOCK in package: com.xtshine.epgletv.activity at: Binary XML file line #44
12-20 16:27:03.937 V/PackageParser( 4251): packageName: com.lesports.tv
12-20 16:27:03.938 W/PackageParser( 4251): Unknown element under <manifest>: meta-data at /system/app/LeSports/LeSports.apk Binary XML file line #38
12-20 16:27:03.948 V/PackageParser( 4251): packageName: com.letv.tv
12-20 16:27:03.949 W/PackageParser( 4251): Ignoring duplicate uses-permissions/uses-permissions-sdk-m: android.permission.WRITE_SETTINGS in package: com.letv.tv at: Binary XML file line #32
12-20 16:27:03.966 V/PackageParser( 4251): packageName: com.letv.tvos.gamecenter
12-20 16:27:03.967 D/MSTAR_VDEC_DBG( 1706): Stream ID: 0, Rate : 25 [Vsync Rate : 25](E:0,D:0,S:0,F:2129) 
12-20 16:27:03.968 W/PackageParser( 4251): Ignoring duplicate uses-permissions/uses-permissions-sdk-m: android.permission.INTERNET in package: com.letv.tvos.gamecenter at: Binary XML file line #40
12-20 16:27:03.968 W/PackageParser( 4251): Ignoring duplicate uses-permissions/uses-permissions-sdk-m: android.permission.WAKE_LOCK in package: com.letv.tvos.gamecenter at: Binary XML file line #43
12-20 16:27:03.969 W/PackageParser( 4251): Ignoring duplicate uses-permissions/uses-permissions-sdk-m: android.permission.SYSTEM_ALERT_WINDOW in package: com.letv.tvos.gamecenter at: Binary XML file line #78
12-20 16:27:03.972 W/PackageParser( 4251): No actions in intent filter at /data/app/com.letv.tvos.gamecenter-1/base.apk Binary XML file line #304
12-20 16:27:03.980 V/PackageParser( 4251): packageName: com.stv.voice
12-20 16:27:03.989 V/PackageParser( 4251): packageName: com.android.printspooler
12-20 16:27:03.994 V/PackageParser( 4251): packageName: com.android.phone
12-20 16:27:04.001 V/PackageParser( 4251): packageName: com.stv.helper.main
12-20 16:27:04.007 V/PackageParser( 4251): packageName: com.stv.camera
12-20 16:27:04.010 V/PackageParser( 4251): packageName: com.mstar.miscsetting
12-20 16:27:04.015 V/PackageParser( 4251): packageName: com.stv.smartControl
12-20 16:27:04.015 W/PackageParser( 4251): Ignoring duplicate uses-permissions/uses-permissions-sdk-m: android.permission.CHANGE_WIFI_MULTICAST_STATE in package: com.stv.smartControl at: Binary XML file line #36
12-20 16:27:04.015 W/PackageParser( 4251): Ignoring duplicate uses-permissions/uses-permissions-sdk-m: android.permission.WAKE_LOCK in package: com.stv.smartControl at: Binary XML file line #39
12-20 16:27:04.015 W/PackageParser( 4251): Ignoring duplicate uses-permissions/uses-permissions-sdk-m: android.permission.READ_PHONE_STATE in package: com.stv.smartControl at: Binary XML file line #41
12-20 16:27:04.020 V/PackageParser( 4251): packageName: com.stv.shopping
12-20 16:27:04.023 V/PackageParser( 4251): packageName: com.stv.bootadmanager
12-20 16:27:04.026 V/PackageParser( 4251): packageName: com.stv.t2.account
12-20 16:27:04.030 V/PackageParser( 4251): packageName: com.android.dreams.basic
12-20 16:27:04.032 V/PackageParser( 4251): packageName: com.jml.tv
12-20 16:27:04.035 V/PackageParser( 4251): packageName: com.stv.guider
12-20 16:27:04.039 V/PackageParser( 4251): packageName: com.kuyun.common.androidtv
12-20 16:27:04.040 W/PackageParser( 4251): No actions in intent filter at /system/app/StvInteraction/StvInteraction.apk Binary XML file line #75
12-20 16:27:04.043 V/PackageParser( 4251): packageName: com.android.bcm.bluetooth
12-20 16:27:04.044 W/PackageParser( 4251): Ignoring duplicate uses-permissions/uses-permissions-sdk-m: android.permission.READ_CONTACTS in package: com.android.bcm.bluetooth at: Binary XML file line #62
12-20 16:27:04.046 W/PackageParser( 4251): No actions in intent filter at /system/app/BluetoothBcm/BluetoothBcm.apk Binary XML file line #357
12-20 16:27:04.049 W/PackageParser( 4251): No actions in intent filter at /system/app/BluetoothBcm/BluetoothBcm.apk Binary XML file line #517
12-20 16:27:04.052 V/PackageParser( 4251): packageName: com.android.bluetooth
12-20 16:27:04.053 W/PackageParser( 4251): Ignoring duplicate uses-permissions/uses-permissions-sdk-m: android.permission.READ_CONTACTS in package: com.android.bluetooth at: Binary XML file line #57
12-20 16:27:04.055 W/PackageParser( 4251): No actions in intent filter at /system/app/Bluetooth/Bluetooth.apk Binary XML file line #215
12-20 16:27:04.058 V/PackageParser( 4251): packageName: com.android.inputmethod.pinyin
12-20 16:27:04.061 V/PackageParser( 4251): packageName: com.le.lepay.tv
12-20 16:27:04.064 V/PackageParser( 4251): packageName: com.kookong.tv.livematch
12-20 16:27:04.067 V/PackageParser( 4251): packageName: com.android.phasebeam
12-20 16:27:04.069 V/PackageParser( 4251): packageName: com.android.providers.contacts
12-20 16:27:04.072 V/PackageParser( 4251): packageName: com.android.browser
12-20 16:27:04.073 W/PackageParser( 4251): Ignoring duplicate uses-permissions/uses-permissions-sdk-m: android.permission.ACCESS_NETWORK_STATE in package: com.android.browser at: Binary XML file line #112
12-20 16:27:04.078 V/PackageParser( 4251): packageName: com.android.providers.media
12-20 16:27:04.081 V/PackageParser( 4251): packageName: com.android.keychain
12-20 16:27:04.083 V/PackageParser( 4251): packageName: com.android.noisefield
12-20 16:27:04.085 V/PackageParser( 4251): packageName: cn.tvplay.gunworld
12-20 16:27:04.089 V/PackageParser( 4251): packageName: com.stv.calendar
12-20 16:27:04.089 W/PackageParser( 4251): Ignoring duplicate uses-permissions/uses-permissions-sdk-m: android.permission.INTERNET in package: com.stv.calendar at: Binary XML file line #19
12-20 16:27:04.090 W/PackageParser( 4251): Ignoring duplicate uses-permissions/uses-permissions-sdk-m: android.permission.GET_ACCOUNTS in package: com.stv.calendar at: Binary XML file line #32
12-20 16:27:04.090 W/PackageParser( 4251): Ignoring duplicate uses-permissions/uses-permissions-sdk-m: android.permission.USE_CREDENTIALS in package: com.stv.calendar at: Binary XML file line #33
12-20 16:27:04.090 W/PackageParser( 4251): Ignoring duplicate uses-permissions/uses-permissions-sdk-m: android.permission.MANAGE_ACCOUNTS in package: com.stv.calendar at: Binary XML file line #34
12-20 16:27:04.090 W/PackageParser( 4251): Ignoring duplicate uses-permissions/uses-permissions-sdk-m: android.permission.AUTHENTICATE_ACCOUNTS in package: com.stv.calendar at: Binary XML file line #35
12-20 16:27:04.093 V/PackageParser( 4251): packageName: com.android.providers.calendar
12-20 16:27:04.096 V/PackageParser( 4251): packageName: com.android.defcontainer
12-20 16:27:04.101 V/PackageParser( 4251): packageName: com.android.tv.settings
12-20 16:27:04.109 V/PackageParser( 4251): packageName: com.stv.globalsetting
12-20 16:27:04.110 W/PackageParser( 4251): Ignoring duplicate uses-permissions/uses-permissions-sdk-m: android.permission.USE_CREDENTIALS in package: com.stv.globalsetting at: Binary XML file line #38
12-20 16:27:04.110 W/PackageParser( 4251): Ignoring duplicate uses-permissions/uses-permissions-sdk-m: android.permission.INTERNET in package: com.stv.globalsetting at: Binary XML file line #51
12-20 16:27:04.114 V/PackageParser( 4251): packageName: com.android.providers.settings
12-20 16:27:04.114 W/PackageParser( 4251): Provider exported request ignored due to singleUser: com.android.providers.settings.SettingsProvider at /system/priv-app/SettingsProvider/SettingsProvider.apk Binary XML file line #15
12-20 16:27:04.116 V/PackageParser( 4251): packageName: com.stv.userguider
12-20 16:27:04.119 V/PackageParser( 4251): packageName: com.kuyun.identifer
12-20 16:27:04.122 V/PackageParser( 4251): packageName: com.android.inputdevices
12-20 16:27:04.124 V/PackageParser( 4251): packageName: com.letv.leso
12-20 16:27:04.132 V/PackageParser( 4251): packageName: com.suning.tv.ebuy
12-20 16:27:04.133 W/PackageParser( 4251): Ignoring duplicate uses-permissions/uses-permissions-sdk-m: android.permission.ACCESS_NETWORK_STATE in package: com.suning.tv.ebuy at: Binary XML file line #41
12-20 16:27:04.133 W/PackageParser( 4251): Ignoring duplicate uses-permissions/uses-permissions-sdk-m: android.permission.WRITE_EXTERNAL_STORAGE in package: com.suning.tv.ebuy at: Binary XML file line #44
12-20 16:27:04.133 W/PackageParser( 4251): Ignoring duplicate uses-permissions/uses-permissions-sdk-m: android.permission.INTERNET in package: com.suning.tv.ebuy at: Binary XML file line #45
12-20 16:27:04.138 V/PackageParser( 4251): packageName: com.stv.es
12-20 16:27:04.141 V/PackageParser( 4251): packageName: sina.mobile.tianqitongstv
12-20 16:27:04.148 V/PackageParser( 4251): packageName: com.android.contacts
12-20 16:27:04.151 W/PackageParser( 4251): No actions in intent filter at /system/priv-app/Contacts/Contacts.apk Binary XML file line #390
12-20 16:27:04.154 V/PackageParser( 4251): packageName: com.golive.letvcinema
12-20 16:27:04.155 W/PackageParser( 4251): Unknown element under <permission>: group at /data/app/com.golive.letvcinema-1/base.apk Binary XML file line #47
12-20 16:27:04.155 W/PackageParser( 4251): Unknown element under <permission>: group at /data/app/com.golive.letvcinema-1/base.apk Binary XML file line #48
12-20 16:27:04.160 V/PackageParser( 4251): packageName: com.stv.stvpush
12-20 16:27:04.163 V/PackageParser( 4251): packageName: com.android.externalstorage
12-20 16:27:04.165 V/PackageParser( 4251): packageName: com.amap.android.location
12-20 16:27:04.170 V/PackageParser( 4251): packageName: com.stv.tvweibo
12-20 16:27:04.173 V/PackageParser( 4251): packageName: com.android.documentsui
12-20 16:27:04.177 V/PackageParser( 4251): packageName: com.stv.filemanager
12-20 16:27:04.180 V/PackageParser( 4251): packageName: com.stv.feedback
12-20 16:27:04.183 V/PackageParser( 4251): packageName: com.stv.miracast
12-20 16:27:04.187 V/PackageParser( 4251): packageName: com.stv.systemupgrade
12-20 16:27:04.187 W/PackageParser( 4251): Ignoring duplicate uses-permissions/uses-permissions-sdk-m: android.permission.ACCESS_NETWORK_STATE in package: com.stv.systemupgrade at: Binary XML file line #19
12-20 16:27:04.191 V/PackageParser( 4251): packageName: com.android.systemui
12-20 16:27:04.192 W/PackageParser( 4251): Ignoring duplicate uses-permissions/uses-permissions-sdk-m: android.permission.CONFIGURE_WIFI_DISPLAY in package: com.android.systemui at: Binary XML file line #119
12-20 16:27:04.194 W/PackageParser( 4251): Service exported request ignored due to singleUser: com.android.systemui.doze.DozeService at /system/priv-app/SystemUI/SystemUI.apk Binary XML file line #402
12-20 16:27:04.197 V/PackageParser( 4251): packageName: com.android.providers.downloads
12-20 16:27:04.201 V/PackageParser( 4251): packageName: com.stv.downloads
12-20 16:27:04.204 V/PackageParser( 4251): packageName: com.android.gallery3d
12-20 16:27:04.210 V/PackageParser( 4251): packageName: com.stv.message
12-20 16:27:04.211 W/PackageParser( 4251): Ignoring duplicate uses-permissions/uses-permissions-sdk-m: android.permission.SYSTEM_ALERT_WINDOW in package: com.stv.message at: Binary XML file line #23
12-20 16:27:04.214 V/PackageParser( 4251): packageName: com.android.location.fused
12-20 16:27:04.217 V/PackageParser( 4251): packageName: com.stv.music
12-20 16:27:04.221 V/PackageParser( 4251): packageName: com.android.packageinstaller
12-20 16:27:04.226 V/PackageParser( 4251): packageName: com.letv.tvos.appstore
12-20 16:27:04.232 V/PackageParser( 4251): packageName: com.android.providers.userdictionary
12-20 16:27:04.234 V/PackageParser( 4251): packageName: com.sup.cloud.driver
12-20 16:27:04.239 V/PackageParser( 4251): packageName: com.stv.cloudgallery
12-20 16:27:04.242 V/PackageParser( 4251): packageName: com.android.certinstaller
12-20 16:27:04.244 V/PackageParser( 4251): packageName: com.stv.launcher
12-20 16:27:04.250 V/PackageParser( 4251): packageName: com.stv.agnes
12-20 16:27:04.253 V/PackageParser( 4251): packageName: com.le.android.webview
12-20 16:27:04.256 V/PackageParser( 4251): packageName: com.android.wallpaper
12-20 16:27:04.259 V/PackageParser( 4251): packageName: android
12-20 16:27:04.277 V/PackageParser( 4251): packageName: eui
12-20 16:27:04.280 V/PackageParser( 4251): packageName: com.android.galaxy4
12-20 16:27:04.282 V/PackageParser( 4251): packageName: com.android.bluetoothmidiservice
12-20 16:27:04.284 V/PackageParser( 4251): packageName: com.stv.reportService
12-20 16:27:04.288 V/PackageParser( 4251): packageName: com.android.captiveportallogin
12-20 16:27:04.291 V/PackageParser( 4251): packageName: com.stv.cdeapk
12-20 16:27:04.294 V/PackageParser( 4251): packageName: com.android.backupconfirm
12-20 16:27:04.296 V/PackageParser( 4251): packageName: com.android.sharedstoragebackup
12-20 16:27:04.299 V/PackageParser( 4251): packageName: com.android.wallpaper.holospiral
12-20 16:27:04.301 V/PackageParser( 4251): packageName: com.android.wallpapercropper
12-20 16:27:04.303 V/PackageParser( 4251): packageName: com.example.android.testing.uiautomator.TvAutoTest.test
12-20 16:27:04.306 V/PackageParser( 4251): packageName: com.mstar.tv.service
12-20 16:27:04.311 V/PackageParser( 4251): packageName: com.stv.screenflyter
12-20 16:27:04.311 W/PackageParser( 4251): Ignoring duplicate uses-permissions/uses-permissions-sdk-m: android.permission.INTERNET in package: com.stv.screenflyter at: Binary XML file line #18
12-20 16:27:04.311 W/PackageParser( 4251): Ignoring duplicate uses-permissions/uses-permissions-sdk-m: android.permission.WRITE_EXTERNAL_STORAGE in package: com.stv.screenflyter at: Binary XML file line #20
12-20 16:27:04.314 V/PackageParser( 4251): packageName: com.stv.stvappupdate
12-20 16:27:04.315 W/PackageParser( 4251): Ignoring duplicate uses-permissions/uses-permissions-sdk-m: android.permission.ACCESS_NETWORK_STATE in package: com.stv.stvappupdate at: Binary XML file line #62
12-20 16:27:04.317 V/PackageParser( 4251): packageName: eyesight.service.service
12-20 16:27:04.320 V/PackageParser( 4251): packageName: mstar.factorymenu.ui
12-20 16:27:04.323 V/PackageParser( 4251): packageName: com.stv.factorytest
12-20 16:27:04.324 W/PackageParser( 4251): Ignoring duplicate uses-permissions/uses-permissions-sdk-m: android.permission.GET_TASKS in package: com.stv.factorytest at: Binary XML file line #29
12-20 16:27:04.329 D/AndroidRuntime(17292): >>>>>> START com.android.internal.os.RuntimeInit uid 0 <<<<<<
12-20 16:27:04.334 D/AndroidRuntime(17292): CheckJNI is OFF
12-20 16:27:04.334 V/PackageParser( 4251): packageName: com.stv.android.videochat
12-20 16:27:04.338 V/PackageParser( 4251): packageName: com.android.htmlviewer
12-20 16:27:04.341 V/PackageParser( 4251): packageName: com.android.statementservice
12-20 16:27:04.344 V/PackageParser( 4251): packageName: com.stv.lekey
12-20 16:27:04.345 W/PackageParser( 4251): No actions in intent filter at /system/app/LeKey/LeKey.apk Binary XML file line #26
12-20 16:27:04.348 V/PackageParser( 4251): packageName: com.android.wallpaper.livepicker
12-20 16:27:04.350 V/PackageParser( 4251): packageName: com.stv.macscanner
12-20 16:27:04.353 V/PackageParser( 4251): packageName: tvtests.com.mstar.android.tv
12-20 16:27:04.355 V/PackageParser( 4251): packageName: com.android.musicfx
12-20 16:27:04.358 V/PackageParser( 4251): packageName: com.stv.net.misc
12-20 16:27:04.360 V/PackageParser( 4251): packageName: com.android.onetimeinitializer
12-20 16:27:04.363 V/PackageParser( 4251): packageName: com.android.pacprocessor
12-20 16:27:04.365 V/PackageParser( 4251): packageName: com.svox.pico
12-20 16:27:04.370 V/PackageParser( 4251): packageName: com.mstar.android.pppoe
12-20 16:27:04.373 V/PackageParser( 4251): packageName: com.android.proxyhandler
12-20 16:27:04.376 V/PackageParser( 4251): packageName: com.android.shell
12-20 16:27:04.377 W/PackageParser( 4251): Ignoring duplicate uses-permissions/uses-permissions-sdk-m: android.permission.INSTALL_GRANT_RUNTIME_PERMISSIONS in package: com.android.shell at: Binary XML file line #101
12-20 16:27:04.381 V/PackageParser( 4251): packageName: com.stv.signalsourcemanager
12-20 16:27:04.383 D/ICU     (17292): No timezone override file found: /data/misc/zoneinfo/current/icu/icu_tzdata.dat
12-20 16:27:04.383 V/PackageParser( 4251): packageName: com.stv.activation
12-20 16:27:04.387 V/PackageParser( 4251): packageName: com.stv.reportlog
12-20 16:27:04.390 V/PackageParser( 4251): packageName: com.stv.orbe
12-20 16:27:04.392 V/PackageParser( 4251): packageName: com.stv.stvremoterupdate
12-20 16:27:04.393 W/PackageParser( 4251): Ignoring duplicate uses-permissions/uses-permissions-sdk-m: android.permission.WRITE_EXTERNAL_STORAGE in package: com.stv.stvremoterupdate at: Binary XML file line #57
12-20 16:27:04.395 V/PackageParser( 4251): packageName: com.stv.systemcontrol
12-20 16:27:04.401 V/PackageParser( 4251): packageName: com.mstar.android.providers.tv
12-20 16:27:04.404 V/PackageParser( 4251): packageName: com.android.providers.tv
12-20 16:27:04.408 V/PackageParser( 4251): packageName: com.stv.ucenter
12-20 16:27:04.411 V/PackageParser( 4251): packageName: com.android.vpndialogs
12-20 16:27:04.414 V/LePush  ( 4410): Receiver Broadcast Action : android.intent.action.PACKAGE_REMOVED
12-20 16:27:04.421 I/Radio-JNI(17292): register_android_hardware_Radio DONE
12-20 16:27:04.424 V/LePush  ( 4410): Receiver Broadcast Action : remove package name =com.example.android.testing.uiautomator.TvAutoTest
12-20 16:27:04.432 V/LePush  ( 4410): Receiver Broadcast Action : remove replacing=false
12-20 16:27:04.439 V/PushSDK ( 4441): com.stv.android.videochat receiver Broadcast Action : android.intent.action.PACKAGE_REMOVED
12-20 16:27:04.442 D/AndroidRuntime(17292): Calling main entry com.android.commands.pm.Pm
12-20 16:27:04.447 I/ActivityManager( 2238): Force stopping com.example.android.testing.uiautomator.TvAutoTest.test appid=10076 user=-1: uninstall pkg
12-20 16:27:04.571 E/AppInstallReceiver( 3870): app is remove packageName:com.example.android.testing.uiautomator.TvAutoTest
12-20 16:27:04.601 I/chatty  ( 4238): uid=1000(system) com.stv.stvappupdate expire 9 lines
12-20 16:27:04.618 V/PackageParser( 2238): packageName: com.example.android.testing.uiautomator.TvAutoTest.test
12-20 16:27:04.629 W/PackageManager( 2238): Couldn't remove dex file for package:  at location /data/app/com.example.android.testing.uiautomator.TvAutoTest.test-2/base.apk, retcode=-1
12-20 16:27:04.630 I/art     (17292): System.exit called, status: 0
12-20 16:27:04.630 I/AndroidRuntime(17292): VM exiting with result code 0.
12-20 16:27:04.637 I/ActivityManager( 2238): Force stopping com.example.android.testing.uiautomator.TvAutoTest.test appid=10076 user=0: pkg removed
12-20 16:27:04.653 I/chatty  ( 2238): uid=1000(system) Binder_B expire 10 lines
12-20 16:27:04.684 D/ActivityManager( 2238): isFilterBroadcast android.intent.action.PACKAGE_REMOVED
12-20 16:27:04.689 D/Avrcp   ( 2762): AvrcpServiceBroadcastReceiver-> Action: android.intent.action.PACKAGE_REMOVED
12-20 16:27:04.689 D/Avrcp   ( 2762): packageName: com.example.android.testing.uiautomator.TvAutoTest.test removed: true
12-20 16:27:04.689 V/Avrcp   ( 2762): isBrowseSupported for com.example.android.testing.uiautomator.TvAutoTest.test: false
12-20 16:27:04.698 D/JobSchedulerService( 2238): Receieved: android.intent.action.PACKAGE_REMOVED
12-20 16:27:04.702 D/CarrierServiceBindHelper( 2928): Receive action: android.intent.action.PACKAGE_REMOVED
12-20 16:27:04.708 D/ActivityManager( 2238): isFilterBroadcast android.intent.action.PACKAGE_FULLY_REMOVED
12-20 16:27:04.722 D/Documents(10770): Update found 6 roots in 16ms
12-20 16:27:04.731 D/VoicemailCleanupService( 2970): Cleaning up data for package: com.example.android.testing.uiautomator.TvAutoTest.test
12-20 16:27:04.732 W/TelecomManager( 2970): Telecom Service not found.
12-20 16:27:04.733 W/TelecomManager( 2970): Telecom Service not found.
12-20 16:27:04.733 W/TelecomManager( 2970): Telecom Service not found.
12-20 16:27:04.733 W/TelecomManager( 2970): Telecom Service not found.
12-20 16:27:04.736 D/ActivityManager( 2238): isFilterBroadcast android.intent.action.UID_REMOVED
12-20 16:27:04.745 I/chatty  ( 2238): uid=1000(system) NetworkStats expire 10 lines
12-20 16:27:04.763 W/ContextImpl( 7379): Calling a method in the system process without a qualified user: android.app.ContextImpl.startService:1221 android.content.ContextWrapper.startService:581 android.content.ContextWrapper.startService:581 com.android.keychain.KeyChainBroadcastReceiver.onReceive:12 android.app.ActivityThread.handleReceiver:2725 
12-20 16:27:04.808 W/TelecomManager( 2970): Telecom Service not found.
12-20 16:27:04.809 W/TelecomManager( 2970): Telecom Service not found.
12-20 16:27:04.812 W/TelecomManager( 2970): Telecom Service not found.
12-20 16:27:04.812 W/TelecomManager( 2970): Telecom Service not found.
12-20 16:27:04.826 V/PackageParser( 4251): packageName: com.orbbec.TouchCursor
12-20 16:27:04.826 W/PackageParser( 4251): No actions in intent filter at /system/app/ObTouchCursor/ObTouchCursor.apk Binary XML file line #28
12-20 16:27:04.830 V/PackageParser( 4251): packageName: com.stv.videoplayer
12-20 16:27:04.835 V/PackageParser( 4251): packageName: com.stv.videohistory
12-20 16:27:04.840 V/PackageParser( 4251): packageName: com.xtshine.epgletv.activity
12-20 16:27:04.840 W/PackageParser( 4251): Ignoring duplicate uses-permissions/uses-permissions-sdk-m: android.permission.MOUNT_UNMOUNT_FILESYSTEMS in package: com.xtshine.epgletv.activity at: Binary XML file line #33
12-20 16:27:04.841 W/PackageParser( 4251): Ignoring duplicate uses-permissions/uses-permissions-sdk-m: android.permission.CHANGE_CONFIGURATION in package: com.xtshine.epgletv.activity at: Binary XML file line #40
12-20 16:27:04.841 W/PackageParser( 4251): Ignoring duplicate uses-permissions/uses-permissions-sdk-m: android.permission.CHANGE_WIFI_MULTICAST_STATE in package: com.xtshine.epgletv.activity at: Binary XML file line #41
12-20 16:27:04.841 W/PackageParser( 4251): Ignoring duplicate uses-permissions/uses-permissions-sdk-m: android.permission.WAKE_LOCK in package: com.xtshine.epgletv.activity at: Binary XML file line #44
12-20 16:27:04.846 V/PackageParser( 4251): packageName: com.lesports.tv
12-20 16:27:04.847 W/PackageParser( 4251): Unknown element under <manifest>: meta-data at /system/app/LeSports/LeSports.apk Binary XML file line #38
12-20 16:27:04.856 V/PackageParser( 4251): packageName: com.letv.tv
12-20 16:27:04.857 W/PackageParser( 4251): Ignoring duplicate uses-permissions/uses-permissions-sdk-m: android.permission.WRITE_SETTINGS in package: com.letv.tv at: Binary XML file line #32
12-20 16:27:04.868 V/PackageParser( 4251): packageName: com.letv.tvos.gamecenter
12-20 16:27:04.869 W/PackageParser( 4251): Ignoring duplicate uses-permissions/uses-permissions-sdk-m: android.permission.INTERNET in package: com.letv.tvos.gamecenter at: Binary XML file line #40
12-20 16:27:04.869 W/PackageParser( 4251): Ignoring duplicate uses-permissions/uses-permissions-sdk-m: android.permission.WAKE_LOCK in package: com.letv.tvos.gamecenter at: Binary XML file line #43
12-20 16:27:04.869 W/PackageParser( 4251): Ignoring duplicate uses-permissions/uses-permissions-sdk-m: android.permission.SYSTEM_ALERT_WINDOW in package: com.letv.tvos.gamecenter at: Binary XML file line #78
12-20 16:27:04.871 W/PackageParser( 4251): No actions in intent filter at /data/app/com.letv.tvos.gamecenter-1/base.apk Binary XML file line #304
12-20 16:27:04.875 V/PackageParser( 4251): packageName: com.stv.voice
12-20 16:27:04.879 V/PackageParser( 4251): packageName: com.android.printspooler
12-20 16:27:04.883 V/PackageParser( 4251): packageName: com.android.phone
12-20 16:27:04.891 V/PackageParser( 4251): packageName: com.stv.helper.main
12-20 16:27:04.896 V/PackageParser( 4251): packageName: com.stv.camera
12-20 16:27:04.899 V/PackageParser( 4251): packageName: com.mstar.miscsetting
12-20 16:27:04.902 V/PackageParser( 4251): packageName: com.stv.smartControl
12-20 16:27:04.902 W/PackageParser( 4251): Ignoring duplicate uses-permissions/uses-permissions-sdk-m: android.permission.CHANGE_WIFI_MULTICAST_STATE in package: com.stv.smartControl at: Binary XML file line #36
12-20 16:27:04.902 W/PackageParser( 4251): Ignoring duplicate uses-permissions/uses-permissions-sdk-m: android.permission.WAKE_LOCK in package: com.stv.smartControl at: Binary XML file line #39
12-20 16:27:04.903 W/PackageParser( 4251): Ignoring duplicate uses-permissions/uses-permissions-sdk-m: android.permission.READ_PHONE_STATE in package: com.stv.smartControl at: Binary XML file line #41
12-20 16:27:04.909 V/PackageParser( 4251): packageName: com.stv.shopping
12-20 16:27:04.912 V/PackageParser( 4251): packageName: com.stv.bootadmanager
12-20 16:27:04.915 V/PackageParser( 4251): packageName: com.stv.t2.account
12-20 16:27:04.918 V/PackageParser( 4251): packageName: com.android.dreams.basic
12-20 16:27:04.921 V/PackageParser( 4251): packageName: com.jml.tv
12-20 16:27:04.924 V/PackageParser( 4251): packageName: com.stv.guider
12-20 16:27:04.927 V/PackageParser( 4251): packageName: com.kuyun.common.androidtv
12-20 16:27:04.929 W/PackageParser( 4251): No actions in intent filter at /system/app/StvInteraction/StvInteraction.apk Binary XML file line #75
12-20 16:27:04.932 V/PackageParser( 4251): packageName: com.android.bcm.bluetooth
12-20 16:27:04.933 W/PackageParser( 4251): Ignoring duplicate uses-permissions/uses-permissions-sdk-m: android.permission.READ_CONTACTS in package: com.android.bcm.bluetooth at: Binary XML file line #62
12-20 16:27:04.935 W/PackageParser( 4251): No actions in intent filter at /system/app/BluetoothBcm/BluetoothBcm.apk Binary XML file line #357
12-20 16:27:04.936 W/PackageParser( 4251): No actions in intent filter at /system/app/BluetoothBcm/BluetoothBcm.apk Binary XML file line #517
12-20 16:27:04.939 V/PackageParser( 4251): packageName: com.android.bluetooth
12-20 16:27:04.940 W/PackageParser( 4251): Ignoring duplicate uses-permissions/uses-permissions-sdk-m: android.permission.READ_CONTACTS in package: com.android.bluetooth at: Binary XML file line #57
12-20 16:27:04.941 W/PackageParser( 4251): No actions in intent filter at /system/app/Bluetooth/Bluetooth.apk Binary XML file line #215
12-20 16:27:04.944 V/PackageParser( 4251): packageName: com.android.inputmethod.pinyin
12-20 16:27:04.947 V/PackageParser( 4251): packageName: com.le.lepay.tv
12-20 16:27:04.950 V/PackageParser( 4251): packageName: com.kookong.tv.livematch
12-20 16:27:04.953 V/PackageParser( 4251): packageName: com.android.phasebeam
12-20 16:27:04.955 V/PackageParser( 4251): packageName: com.android.providers.contacts
12-20 16:27:04.959 V/PackageParser( 4251): packageName: com.android.browser
12-20 16:27:04.959 W/PackageParser( 4251): Ignoring duplicate uses-permissions/uses-permissions-sdk-m: android.permission.ACCESS_NETWORK_STATE in package: com.android.browser at: Binary XML file line #112
12-20 16:27:04.963 V/PackageParser( 4251): packageName: com.android.providers.media
12-20 16:27:04.966 V/PackageParser( 4251): packageName: com.android.keychain
12-20 16:27:04.967 D/MSTAR_VDEC_DBG( 1706): Stream ID: 0, Rate : 25 [Vsync Rate : 25](E:0,D:0,S:0,F:2154) 
12-20 16:27:04.969 V/PackageParser( 4251): packageName: com.android.noisefield
12-20 16:27:04.972 V/PackageParser( 4251): packageName: cn.tvplay.gunworld
12-20 16:27:04.974 V/PackageParser( 4251): packageName: com.stv.calendar
12-20 16:27:04.975 W/PackageParser( 4251): Ignoring duplicate uses-permissions/uses-permissions-sdk-m: android.permission.INTERNET in package: com.stv.calendar at: Binary XML file line #19
12-20 16:27:04.975 W/PackageParser( 4251): Ignoring duplicate uses-permissions/uses-permissions-sdk-m: android.permission.GET_ACCOUNTS in package: com.stv.calendar at: Binary XML file line #32
12-20 16:27:04.975 W/PackageParser( 4251): Ignoring duplicate uses-permissions/uses-permissions-sdk-m: android.permission.USE_CREDENTIALS in package: com.stv.calendar at: Binary XML file line #33
12-20 16:27:04.975 W/PackageParser( 4251): Ignoring duplicate uses-permissions/uses-permissions-sdk-m: android.permission.MANAGE_ACCOUNTS in package: com.stv.calendar at: Binary XML file line #34
12-20 16:27:04.975 W/PackageParser( 4251): Ignoring duplicate uses-permissions/uses-permissions-sdk-m: android.permission.AUTHENTICATE_ACCOUNTS in package: com.stv.calendar at: Binary XML file line #35
12-20 16:27:04.978 V/PackageParser( 4251): packageName: com.android.providers.calendar
12-20 16:27:04.981 V/PackageParser( 4251): packageName: com.android.defcontainer
12-20 16:27:04.984 V/PackageParser( 4251): packageName: com.android.tv.settings
12-20 16:27:04.992 V/PackageParser( 4251): packageName: com.stv.globalsetting
12-20 16:27:04.992 W/PackageParser( 4251): Ignoring duplicate uses-permissions/uses-permissions-sdk-m: android.permission.USE_CREDENTIALS in package: com.stv.globalsetting at: Binary XML file line #38
12-20 16:27:04.992 W/PackageParser( 4251): Ignoring duplicate uses-permissions/uses-permissions-sdk-m: android.permission.INTERNET in package: com.stv.globalsetting at: Binary XML file line #51
12-20 16:27:04.996 V/PackageParser( 4251): packageName: com.android.providers.settings
12-20 16:27:04.996 W/PackageParser( 4251): Provider exported request ignored due to singleUser: com.android.providers.settings.SettingsProvider at /system/priv-app/SettingsProvider/SettingsProvider.apk Binary XML file line #15
12-20 16:27:04.998 V/PackageParser( 4251): packageName: com.stv.userguider
12-20 16:27:05.000 V/PackageParser( 4251): packageName: com.kuyun.identifer
12-20 16:27:05.003 V/PackageParser( 4251): packageName: com.android.inputdevices
12-20 16:27:05.005 V/PackageParser( 4251): packageName: com.letv.leso
12-20 16:27:05.012 V/PackageParser( 4251): packageName: com.suning.tv.ebuy
12-20 16:27:05.013 W/PackageParser( 4251): Ignoring duplicate uses-permissions/uses-permissions-sdk-m: android.permission.ACCESS_NETWORK_STATE in package: com.suning.tv.ebuy at: Binary XML file line #41
12-20 16:27:05.013 W/PackageParser( 4251): Ignoring duplicate uses-permissions/uses-permissions-sdk-m: android.permission.WRITE_EXTERNAL_STORAGE in package: com.suning.tv.ebuy at: Binary XML file line #44
12-20 16:27:05.013 W/PackageParser( 4251): Ignoring duplicate uses-permissions/uses-permissions-sdk-m: android.permission.INTERNET in package: com.suning.tv.ebuy at: Binary XML file line #45
12-20 16:27:05.018 V/PackageParser( 4251): packageName: com.stv.es
12-20 16:27:05.021 V/PackageParser( 4251): packageName: sina.mobile.tianqitongstv
12-20 16:27:05.026 V/PackageParser( 4251): packageName: com.android.contacts
12-20 16:27:05.028 W/PackageParser( 4251): No actions in intent filter at /system/priv-app/Contacts/Contacts.apk Binary XML file line #390
12-20 16:27:05.032 V/PackageParser( 4251): packageName: com.golive.letvcinema
12-20 16:27:05.032 W/PackageParser( 4251): Unknown element under <permission>: group at /data/app/com.golive.letvcinema-1/base.apk Binary XML file line #47
12-20 16:27:05.033 W/PackageParser( 4251): Unknown element under <permission>: group at /data/app/com.golive.letvcinema-1/base.apk Binary XML file line #48
12-20 16:27:05.036 V/PackageParser( 4251): packageName: com.stv.stvpush
12-20 16:27:05.039 V/PackageParser( 4251): packageName: com.android.externalstorage
12-20 16:27:05.041 V/PackageParser( 4251): packageName: com.amap.android.location
12-20 16:27:05.044 V/PackageParser( 4251): packageName: com.stv.tvweibo
12-20 16:27:05.048 V/PackageParser( 4251): packageName: com.android.documentsui
12-20 16:27:05.051 V/PackageParser( 4251): packageName: com.stv.filemanager
12-20 16:27:05.055 V/PackageParser( 4251): packageName: com.stv.feedback
12-20 16:27:05.058 V/PackageParser( 4251): packageName: com.stv.miracast
12-20 16:27:05.060 V/PackageParser( 4251): packageName: com.stv.systemupgrade
12-20 16:27:05.061 W/PackageParser( 4251): Ignoring duplicate uses-permissions/uses-permissions-sdk-m: android.permission.ACCESS_NETWORK_STATE in package: com.stv.systemupgrade at: Binary XML file line #19
12-20 16:27:05.064 V/PackageParser( 4251): packageName: com.android.systemui
12-20 16:27:05.066 W/PackageParser( 4251): Ignoring duplicate uses-permissions/uses-permissions-sdk-m: android.permission.CONFIGURE_WIFI_DISPLAY in package: com.android.systemui at: Binary XML file line #119
12-20 16:27:05.068 W/PackageParser( 4251): Service exported request ignored due to singleUser: com.android.systemui.doze.DozeService at /system/priv-app/SystemUI/SystemUI.apk Binary XML file line #402
12-20 16:27:05.070 V/PackageParser( 4251): packageName: com.android.providers.downloads
12-20 16:27:05.073 V/PackageParser( 4251): packageName: com.stv.downloads
12-20 16:27:05.076 V/PackageParser( 4251): packageName: com.android.gallery3d
12-20 16:27:05.080 V/PackageParser( 4251): packageName: com.stv.message
12-20 16:27:05.080 W/PackageParser( 4251): Ignoring duplicate uses-permissions/uses-permissions-sdk-m: android.permission.SYSTEM_ALERT_WINDOW in package: com.stv.message at: Binary XML file line #23
12-20 16:27:05.083 V/PackageParser( 4251): packageName: com.android.location.fused
12-20 16:27:05.086 V/PackageParser( 4251): packageName: com.stv.music
12-20 16:27:05.091 V/PackageParser( 4251): packageName: com.android.packageinstaller
12-20 16:27:05.095 V/PackageParser( 4251): packageName: com.letv.tvos.appstore
12-20 16:27:05.100 V/PackageParser( 4251): packageName: com.android.providers.userdictionary
12-20 16:27:05.103 V/PackageParser( 4251): packageName: com.sup.cloud.driver
12-20 16:27:05.107 V/PackageParser( 4251): packageName: com.stv.cloudgallery
12-20 16:27:05.109 V/PackageParser( 4251): packageName: com.android.certinstaller
