12-20 16:27:05.112 V/PackageParser( 4251): packageName: com.stv.launcher
12-20 16:27:05.116 V/PackageParser( 4251): packageName: com.stv.agnes
12-20 16:27:05.119 V/PackageParser( 4251): packageName: com.le.android.webview
12-20 16:27:05.121 V/PackageParser( 4251): packageName: com.android.wallpaper
12-20 16:27:05.124 V/PackageParser( 4251): packageName: android
12-20 16:27:05.139 V/PackageParser( 4251): packageName: eui
12-20 16:27:05.141 V/PackageParser( 4251): packageName: com.android.galaxy4
12-20 16:27:05.143 V/PackageParser( 4251): packageName: com.android.bluetoothmidiservice
12-20 16:27:05.144 V/PackageParser( 4251): packageName: com.stv.reportService
12-20 16:27:05.147 V/PackageParser( 4251): packageName: com.android.captiveportallogin
12-20 16:27:05.149 V/PackageParser( 4251): packageName: com.stv.cdeapk
12-20 16:27:05.152 V/PackageParser( 4251): packageName: com.android.backupconfirm
12-20 16:27:05.153 V/PackageParser( 4251): packageName: com.android.sharedstoragebackup
12-20 16:27:05.156 V/PackageParser( 4251): packageName: com.android.wallpaper.holospiral
12-20 16:27:05.158 V/PackageParser( 4251): packageName: com.android.wallpapercropper
12-20 16:27:05.160 V/PackageParser( 4251): packageName: com.mstar.tv.service
12-20 16:27:05.163 V/PackageParser( 4251): packageName: com.stv.screenflyter
12-20 16:27:05.163 W/PackageParser( 4251): Ignoring duplicate uses-permissions/uses-permissions-sdk-m: android.permission.INTERNET in package: com.stv.screenflyter at: Binary XML file line #18
12-20 16:27:05.163 W/PackageParser( 4251): Ignoring duplicate uses-permissions/uses-permissions-sdk-m: android.permission.WRITE_EXTERNAL_STORAGE in package: com.stv.screenflyter at: Binary XML file line #20
12-20 16:27:05.165 V/PackageParser( 4251): packageName: com.stv.stvappupdate
12-20 16:27:05.166 W/PackageParser( 4251): Ignoring duplicate uses-permissions/uses-permissions-sdk-m: android.permission.ACCESS_NETWORK_STATE in package: com.stv.stvappupdate at: Binary XML file line #62
12-20 16:27:05.174 V/PackageParser( 4251): packageName: eyesight.service.service
12-20 16:27:05.176 V/PackageParser( 4251): packageName: mstar.factorymenu.ui
12-20 16:27:05.180 V/PackageParser( 4251): packageName: com.stv.factorytest
12-20 16:27:05.181 W/PackageParser( 4251): Ignoring duplicate uses-permissions/uses-permissions-sdk-m: android.permission.GET_TASKS in package: com.stv.factorytest at: Binary XML file line #29
12-20 16:27:05.188 V/PackageParser( 4251): packageName: com.stv.android.videochat
12-20 16:27:05.190 V/PackageParser( 4251): packageName: com.android.htmlviewer
12-20 16:27:05.192 V/PackageParser( 4251): packageName: com.android.statementservice
12-20 16:27:05.195 V/PackageParser( 4251): packageName: com.stv.lekey
12-20 16:27:05.195 W/PackageParser( 4251): No actions in intent filter at /system/app/LeKey/LeKey.apk Binary XML file line #26
12-20 16:27:05.197 V/PackageParser( 4251): packageName: com.android.wallpaper.livepicker
12-20 16:27:05.200 V/PackageParser( 4251): packageName: com.stv.macscanner
12-20 16:27:05.202 V/PackageParser( 4251): packageName: tvtests.com.mstar.android.tv
12-20 16:27:05.204 V/PackageParser( 4251): packageName: com.android.musicfx
12-20 16:27:05.207 V/PackageParser( 4251): packageName: com.stv.net.misc
12-20 16:27:05.211 V/PackageParser( 4251): packageName: com.android.onetimeinitializer
12-20 16:27:05.213 V/PackageParser( 4251): packageName: com.android.pacprocessor
12-20 16:27:05.215 V/PackageParser( 4251): packageName: com.svox.pico
12-20 16:27:05.218 V/PackageParser( 4251): packageName: com.mstar.android.pppoe
12-20 16:27:05.220 V/PackageParser( 4251): packageName: com.android.proxyhandler
12-20 16:27:05.223 V/PackageParser( 4251): packageName: com.android.shell
12-20 16:27:05.224 W/PackageParser( 4251): Ignoring duplicate uses-permissions/uses-permissions-sdk-m: android.permission.INSTALL_GRANT_RUNTIME_PERMISSIONS in package: com.android.shell at: Binary XML file line #101
12-20 16:27:05.227 V/PackageParser( 4251): packageName: com.stv.signalsourcemanager
12-20 16:27:05.229 V/PackageParser( 4251): packageName: com.stv.activation
12-20 16:27:05.232 V/PackageParser( 4251): packageName: com.stv.reportlog
12-20 16:27:05.234 V/PackageParser( 4251): packageName: com.stv.orbe
12-20 16:27:05.237 V/PackageParser( 4251): packageName: com.stv.stvremoterupdate
12-20 16:27:05.238 W/PackageParser( 4251): Ignoring duplicate uses-permissions/uses-permissions-sdk-m: android.permission.WRITE_EXTERNAL_STORAGE in package: com.stv.stvremoterupdate at: Binary XML file line #57
12-20 16:27:05.240 V/PackageParser( 4251): packageName: com.stv.systemcontrol
12-20 16:27:05.242 V/PackageParser( 4251): packageName: com.mstar.android.providers.tv
12-20 16:27:05.244 V/PackageParser( 4251): packageName: com.android.providers.tv
12-20 16:27:05.247 V/PackageParser( 4251): packageName: com.stv.ucenter
12-20 16:27:05.253 V/PackageParser( 4251): packageName: com.android.vpndialogs
12-20 16:27:05.256 V/LePush  ( 4410): Receiver Broadcast Action : android.intent.action.PACKAGE_REMOVED
12-20 16:27:05.263 V/LePush  ( 4410): Receiver Broadcast Action : remove package name =com.example.android.testing.uiautomator.TvAutoTest.test
12-20 16:27:05.271 V/LePush  ( 4410): Receiver Broadcast Action : remove replacing=false
12-20 16:27:05.281 V/PushSDK ( 4441): com.stv.android.videochat receiver Broadcast Action : android.intent.action.PACKAGE_REMOVED
12-20 16:27:05.309 E/AppInstallReceiver( 3870): app is remove packageName:com.example.android.testing.uiautomator.TvAutoTest.test
12-20 16:27:06.006 D/MSTAR_VDEC_DBG( 1706): Stream ID: 0, Rate : 25 [Vsync Rate : 25](E:0,D:0,S:0,F:2180) 
12-20 16:27:06.297 I/chatty  ( 4758): uid=1000(system) Thread-172 expire 10 lines
12-20 16:27:06.366 I/chatty  ( 2892): uid=1000(system) com.stv.launcher expire 274 lines
12-20 16:27:07.046 D/MSTAR_VDEC_DBG( 1706): Stream ID: 0, Rate : 25 [Vsync Rate : 25](E:0,D:0,S:0,F:2206) 
12-20 16:27:07.581 I/chatty  ( 4251): uid=1000(system) HelperService expire 38 lines
12-20 16:27:08.045 D/MSTAR_VDEC_DBG( 1706): Stream ID: 0, Rate : 25 [Vsync Rate : 25](E:0,D:0,S:0,F:2231) 
12-20 16:27:09.046 D/MSTAR_VDEC_DBG( 1706): Stream ID: 0, Rate : 25 [Vsync Rate : 25](E:0,D:0,S:0,F:2256) 
12-20 16:27:09.705 I/chatty  ( 2892): uid=1000(system) com.stv.launcher expire 10 lines
12-20 16:27:10.086 D/MSTAR_VDEC_DBG( 1706): Stream ID: 0, Rate : 25 [Vsync Rate : 25](E:0,D:0,S:0,F:2282) 
12-20 16:27:11.087 D/MSTAR_VDEC_DBG( 1706): Stream ID: 0, Rate : 24 [Vsync Rate : 24](E:0,D:0,S:0,F:2307) 
12-20 16:27:11.607 I/TaskManager( 3870): =TaskRunnable=taskList==0
12-20 16:27:11.741 I/chatty  ( 2892): uid=1000(system) GlobalSingleThr expire 41 lines
12-20 16:27:12.126 D/MSTAR_VDEC_DBG( 1706): Stream ID: 0, Rate : 25 [Vsync Rate : 25](E:0,D:0,S:0,F:2333) 
12-20 16:27:12.300 I/chatty  ( 3441): uid=10020 com.stv.cdeapk:cde expire 61 lines
12-20 16:27:13.165 D/MSTAR_VDEC_DBG( 1706): Stream ID: 0, Rate : 25 [Vsync Rate : 25](E:0,D:0,S:0,F:2359) 
12-20 16:27:14.205 D/MSTAR_VDEC_DBG( 1706): Stream ID: 0, Rate : 25 [Vsync Rate : 25](E:0,D:0,S:0,F:2385) 
12-20 16:27:15.245 D/MSTAR_VDEC_DBG( 1706): Stream ID: 0, Rate : 25 [Vsync Rate : 25](E:0,D:0,S:0,F:2411) 
12-20 16:27:15.721 I/chatty  ( 2892): uid=1000(system) com.stv.launcher expire 10 lines
12-20 16:27:15.722 I/chatty  ( 2892): uid=1000(system) com.stv.launcher expire 55 lines
12-20 16:27:15.816 I/tvos    ( 1711): rtc read time:2016-12-20 8:27:15.
12-20 16:27:15.816 I/tvos    ( 1711): tm_year = 2016, tm_mon = 12, tm_mday = 20, tm_hour = 8,tm_min= 27,  tm_sec = 15
12-20 16:27:15.816 I/tvos    ( 1711): timeSeconds:1482222435 rtcTimeSeconds:1482222435.
12-20 16:27:16.285 D/MSTAR_VDEC_DBG( 1706): Stream ID: 0, Rate : 25 [Vsync Rate : 25](E:0,D:0,S:0,F:2437) 
12-20 16:27:17.325 D/MSTAR_VDEC_DBG( 1706): Stream ID: 0, Rate : 25 [Vsync Rate : 25](E:0,D:0,S:0,F:2463) 
12-20 16:27:17.326 I/chatty  ( 2892): uid=1000(system) com.stv.launcher expire 255 lines
12-20 16:27:18.363 D/MSTAR_VDEC_DBG( 1706): Stream ID: 0, Rate : 25 [Vsync Rate : 25](E:0,D:0,S:0,F:2489) 
12-20 16:27:19.364 D/MSTAR_VDEC_DBG( 1706): Stream ID: 0, Rate : 25 [Vsync Rate : 25](E:0,D:0,S:0,F:2514) 
12-20 16:27:19.734 D/AndroidRuntime(17328): >>>>>> START com.android.internal.os.RuntimeInit uid 0 <<<<<<
12-20 16:27:19.738 D/AndroidRuntime(17328): CheckJNI is OFF
12-20 16:27:19.784 D/ICU     (17328): No timezone override file found: /data/misc/zoneinfo/current/icu/icu_tzdata.dat
12-20 16:27:19.828 I/Radio-JNI(17328): register_android_hardware_Radio DONE
12-20 16:27:19.853 D/AndroidRuntime(17328): Calling main entry com.android.commands.pm.Pm
12-20 16:27:19.859 I/PackageManager( 2238): init_copy idx=0: InstallParams{ba95d21 file=/data/local/tmp/com.example.android.testing.uiautomator.TvAutoTest cid=null}
12-20 16:27:19.864 I/PackageManager( 2238): mcs_bound
12-20 16:27:19.865 I/PackageManager( 2238): startCopy UserHandle{-1}: InstallParams{ba95d21 file=/data/local/tmp/com.example.android.testing.uiautomator.TvAutoTest cid=null}
12-20 16:27:19.868 V/PackageParser( 4886): packageName: com.example.android.testing.uiautomator.TvAutoTest
12-20 16:27:19.874 V/PackageParser( 4886): packageName: com.example.android.testing.uiautomator.TvAutoTest
12-20 16:27:19.875 D/DefContainer( 4886): Copying /data/local/tmp/com.example.android.testing.uiautomator.TvAutoTest to base.apk
12-20 16:27:19.891 V/PackageParser( 2238): packageName: com.example.android.testing.uiautomator.TvAutoTest
12-20 16:27:19.893 D/PackageManager( 2238): installPackageLI: path=/data/app/vmdl1826701020.tmp
12-20 16:27:19.895 V/PackageParser( 2238): packageName: com.example.android.testing.uiautomator.TvAutoTest
12-20 16:27:19.899 V/PackageParser( 2238): packageName: com.example.android.testing.uiautomator.TvAutoTest
12-20 16:27:19.983 I/chatty  ( 4251): uid=1000(system) Binder_2 expire 10 lines
12-20 16:27:19.987 D/PackageManager( 2238): manifestDigest was not present, but parser got: ManifestDigest {mDigest=85,b7,61,ab,89,1d,5c,1c,7f,6c,a9,ab,98,ec,66,44,7a,a7,96,97,06,5c,2d,6e,64,5a,b4,ac,ac,f7,e1,c7,}
12-20 16:27:19.988 V/PackageParser( 2238): packageName: com.example.android.testing.uiautomator.TvAutoTest
12-20 16:27:20.021 I/dex2oat (17338): /system/bin/dex2oat --debuggable
12-20 16:27:20.365 D/MSTAR_VDEC_DBG( 1706): Stream ID: 0, Rate : 24 [Vsync Rate : 24](E:0,D:0,S:0,F:2539) 
12-20 16:27:21.405 D/MSTAR_VDEC_DBG( 1706): Stream ID: 0, Rate : 25 [Vsync Rate : 25](E:0,D:0,S:0,F:2565) 
12-20 16:27:22.429 I/dex2oat (17338): dex2oat took 2.400s (threads: 4) arena alloc=311KB java alloc=2MB native alloc=10MB free=2MB
12-20 16:27:22.444 D/MSTAR_VDEC_DBG( 1706): Stream ID: 0, Rate : 25 [Vsync Rate : 25](E:0,D:0,S:0,F:2591) 
12-20 16:27:22.550 D/PackageManager( 2238): Renaming /data/app/vmdl1826701020.tmp to /data/app/com.example.android.testing.uiautomator.TvAutoTest-1
12-20 16:27:22.550 D/PackageManager( 2238): installNewPackageLI: Package{c20c815 com.example.android.testing.uiautomator.TvAutoTest}
12-20 16:27:22.556 I/PackageManager( 2238): Linking native library dir for /data/app/com.example.android.testing.uiautomator.TvAutoTest-1
12-20 16:27:22.676 D/PackageManager( 2238): New package installed in /data/app/com.example.android.testing.uiautomator.TvAutoTest-1
12-20 16:27:22.677 W/PackageManager( 2238): Not granting permission android.permission.MOUNT_UNMOUNT_FILESYSTEMS to package com.example.android.testing.uiautomator.TvAutoTest (protectionLevel=18 flags=0x3808be46)
12-20 16:27:22.677 I/chatty  ( 2238): uid=1000(system) PackageManager expire 15 lines
12-20 16:27:22.795 E/PackageManager( 2238): Backup Manager not found!
12-20 16:27:22.869 D/ActivityManager( 2238): isFilterBroadcast android.intent.action.PACKAGE_ADDED
12-20 16:27:22.871 I/art     (17328): System.exit called, status: 0
12-20 16:27:22.871 I/AndroidRuntime(17328): VM exiting with result code 0.
12-20 16:27:22.876 I/chatty  ( 2238): uid=1000(system) FinalizerDaemon expire 6 lines
12-20 16:27:22.877 D/Avrcp   ( 2762): AvrcpServiceBroadcastReceiver-> Action: android.intent.action.PACKAGE_ADDED
12-20 16:27:22.878 D/Avrcp   ( 2762): AvrcpServiceBroadcastReceiver-> packageName: com.example.android.testing.uiautomator.TvAutoTest
12-20 16:27:22.878 D/Avrcp   ( 2762): packageName: com.example.android.testing.uiautomator.TvAutoTest removed: false
12-20 16:27:22.879 I/chatty  ( 2892): uid=1000(system) com.stv.launcher expire 17 lines
12-20 16:27:22.883 D/CarrierServiceBindHelper( 2928): Receive action: android.intent.action.PACKAGE_ADDED
12-20 16:27:22.887 I/chatty  ( 2892): uid=1000(system) app-loader expire 13 lines
12-20 16:27:22.906 D/Avrcp   ( 2762): isBrowsableListUpdated com.example.android.testing.uiautomator.TvAutoTest isUpdated:false
12-20 16:27:22.911 D/CarrierServiceBindHelper( 2928): mHandler: 3
12-20 16:27:22.911 D/CarrierConfigLoader( 2928): mHandler: 9 phoneId: 0
12-20 16:27:22.949 D/Documents(10770): Update found 6 roots in 69ms
12-20 16:27:22.967 I/chatty  ( 7393): uid=1000(system) com.stv.lekey expire 11 lines
12-20 16:27:22.983 W/VoiceInteractionManagerService( 2238): no available voice recognition services found for user 0
12-20 16:27:22.990 I/Statistics( 4903): packageName:com.example.android.testing.uiautomator.TvAutoTest
12-20 16:27:23.003 D/LetvManager-Util( 1728): [get_device] 1094 string8 name=eth
12-20 16:27:23.006 D/LetvManager-Util( 1728): [get_device] 1094 string8 name=Model
12-20 16:27:23.014 I/chatty  ( 4758): uid=1000(system) Thread-172 expire 14 lines
12-20 16:27:23.057 V/PackageParser( 4251): packageName: com.orbbec.TouchCursor
12-20 16:27:23.058 W/PackageParser( 4251): No actions in intent filter at /system/app/ObTouchCursor/ObTouchCursor.apk Binary XML file line #28
12-20 16:27:23.062 V/PackageParser( 4251): packageName: com.stv.videoplayer
12-20 16:27:23.068 V/PackageParser( 4251): packageName: com.stv.videohistory
12-20 16:27:23.073 V/PackageParser( 4251): packageName: com.xtshine.epgletv.activity
12-20 16:27:23.074 W/PackageParser( 4251): Ignoring duplicate uses-permissions/uses-permissions-sdk-m: android.permission.MOUNT_UNMOUNT_FILESYSTEMS in package: com.xtshine.epgletv.activity at: Binary XML file line #33
12-20 16:27:23.074 W/PackageParser( 4251): Ignoring duplicate uses-permissions/uses-permissions-sdk-m: android.permission.CHANGE_CONFIGURATION in package: com.xtshine.epgletv.activity at: Binary XML file line #40
12-20 16:27:23.074 W/PackageParser( 4251): Ignoring duplicate uses-permissions/uses-permissions-sdk-m: android.permission.CHANGE_WIFI_MULTICAST_STATE in package: com.xtshine.epgletv.activity at: Binary XML file line #41
12-20 16:27:23.075 W/PackageParser( 4251): Ignoring duplicate uses-permissions/uses-permissions-sdk-m: android.permission.WAKE_LOCK in package: com.xtshine.epgletv.activity at: Binary XML file line #44
12-20 16:27:23.081 V/PackageParser( 4251): packageName: com.lesports.tv
12-20 16:27:23.082 W/PackageParser( 4251): Unknown element under <manifest>: meta-data at /system/app/LeSports/LeSports.apk Binary XML file line #38
12-20 16:27:23.093 V/PackageParser( 4251): packageName: com.letv.tv
12-20 16:27:23.094 W/PackageParser( 4251): Ignoring duplicate uses-permissions/uses-permissions-sdk-m: android.permission.WRITE_SETTINGS in package: com.letv.tv at: Binary XML file line #32
12-20 16:27:23.110 V/PackageParser( 4251): packageName: com.letv.tvos.gamecenter
12-20 16:27:23.111 W/PackageParser( 4251): Ignoring duplicate uses-permissions/uses-permissions-sdk-m: android.permission.INTERNET in package: com.letv.tvos.gamecenter at: Binary XML file line #40
12-20 16:27:23.111 W/PackageParser( 4251): Ignoring duplicate uses-permissions/uses-permissions-sdk-m: android.permission.WAKE_LOCK in package: com.letv.tvos.gamecenter at: Binary XML file line #43
12-20 16:27:23.111 W/PackageParser( 4251): Ignoring duplicate uses-permissions/uses-permissions-sdk-m: android.permission.SYSTEM_ALERT_WINDOW in package: com.letv.tvos.gamecenter at: Binary XML file line #78
12-20 16:27:23.116 W/PackageParser( 4251): No actions in intent filter at /data/app/com.letv.tvos.gamecenter-1/base.apk Binary XML file line #304
12-20 16:27:23.123 V/PackageParser( 4251): packageName: com.stv.voice
12-20 16:27:23.132 V/PackageParser( 4251): packageName: com.android.printspooler
12-20 16:27:23.138 V/PackageParser( 4251): packageName: com.android.phone
12-20 16:27:23.149 V/PackageParser( 4251): packageName: com.stv.helper.main
12-20 16:27:23.155 V/PackageParser( 4251): packageName: com.stv.camera
12-20 16:27:23.157 V/PackageParser( 4251): packageName: com.mstar.miscsetting
12-20 16:27:23.161 V/PackageParser( 4251): packageName: com.stv.smartControl
12-20 16:27:23.161 W/PackageParser( 4251): Ignoring duplicate uses-permissions/uses-permissions-sdk-m: android.permission.CHANGE_WIFI_MULTICAST_STATE in package: com.stv.smartControl at: Binary XML file line #36
12-20 16:27:23.162 W/PackageParser( 4251): Ignoring duplicate uses-permissions/uses-permissions-sdk-m: android.permission.WAKE_LOCK in package: com.stv.smartControl at: Binary XML file line #39
12-20 16:27:23.162 W/PackageParser( 4251): Ignoring duplicate uses-permissions/uses-permissions-sdk-m: android.permission.READ_PHONE_STATE in package: com.stv.smartControl at: Binary XML file line #41
12-20 16:27:23.170 V/PackageParser( 4251): packageName: com.stv.shopping
12-20 16:27:23.174 V/PackageParser( 4251): packageName: com.stv.bootadmanager
12-20 16:27:23.179 V/PackageParser( 4251): packageName: com.stv.t2.account
12-20 16:27:23.183 V/PackageParser( 4251): packageName: com.android.dreams.basic
12-20 16:27:23.186 V/PackageParser( 4251): packageName: com.jml.tv
12-20 16:27:23.189 V/PackageParser( 4251): packageName: com.stv.guider
12-20 16:27:23.192 V/PackageParser( 4251): packageName: com.kuyun.common.androidtv
12-20 16:27:23.193 W/PackageParser( 4251): No actions in intent filter at /system/app/StvInteraction/StvInteraction.apk Binary XML file line #75
12-20 16:27:23.196 V/PackageParser( 4251): packageName: com.android.bcm.bluetooth
12-20 16:27:23.197 W/PackageParser( 4251): Ignoring duplicate uses-permissions/uses-permissions-sdk-m: android.permission.READ_CONTACTS in package: com.android.bcm.bluetooth at: Binary XML file line #62
12-20 16:27:23.200 W/PackageParser( 4251): No actions in intent filter at /system/app/BluetoothBcm/BluetoothBcm.apk Binary XML file line #357
12-20 16:27:23.201 W/PackageParser( 4251): No actions in intent filter at /system/app/BluetoothBcm/BluetoothBcm.apk Binary XML file line #517
12-20 16:27:23.204 V/PackageParser( 4251): packageName: com.android.bluetooth
12-20 16:27:23.206 W/PackageParser( 4251): Ignoring duplicate uses-permissions/uses-permissions-sdk-m: android.permission.READ_CONTACTS in package: com.android.bluetooth at: Binary XML file line #57
12-20 16:27:23.208 W/PackageParser( 4251): No actions in intent filter at /system/app/Bluetooth/Bluetooth.apk Binary XML file line #215
12-20 16:27:23.211 V/PackageParser( 4251): packageName: com.android.inputmethod.pinyin
12-20 16:27:23.215 V/PackageParser( 4251): packageName: com.le.lepay.tv
12-20 16:27:23.218 V/PackageParser( 4251): packageName: com.kookong.tv.livematch
12-20 16:27:23.221 V/PackageParser( 4251): packageName: com.android.phasebeam
12-20 16:27:23.224 V/PackageParser( 4251): packageName: com.android.providers.contacts
12-20 16:27:23.227 V/PackageParser( 4251): packageName: com.android.browser
12-20 16:27:23.228 W/PackageParser( 4251): Ignoring duplicate uses-permissions/uses-permissions-sdk-m: android.permission.ACCESS_NETWORK_STATE in package: com.android.browser at: Binary XML file line #112
12-20 16:27:23.233 V/PackageParser( 4251): packageName: com.android.providers.media
12-20 16:27:23.236 V/PackageParser( 4251): packageName: com.android.keychain
12-20 16:27:23.239 V/PackageParser( 4251): packageName: com.android.noisefield
12-20 16:27:23.241 V/PackageParser( 4251): packageName: cn.tvplay.gunworld
12-20 16:27:23.246 V/PackageParser( 4251): packageName: com.stv.calendar
12-20 16:27:23.247 W/PackageParser( 4251): Ignoring duplicate uses-permissions/uses-permissions-sdk-m: android.permission.INTERNET in package: com.stv.calendar at: Binary XML file line #19
12-20 16:27:23.247 W/PackageParser( 4251): Ignoring duplicate uses-permissions/uses-permissions-sdk-m: android.permission.GET_ACCOUNTS in package: com.stv.calendar at: Binary XML file line #32
12-20 16:27:23.247 W/PackageParser( 4251): Ignoring duplicate uses-permissions/uses-permissions-sdk-m: android.permission.USE_CREDENTIALS in package: com.stv.calendar at: Binary XML file line #33
12-20 16:27:23.247 W/PackageParser( 4251): Ignoring duplicate uses-permissions/uses-permissions-sdk-m: android.permission.MANAGE_ACCOUNTS in package: com.stv.calendar at: Binary XML file line #34
12-20 16:27:23.247 W/PackageParser( 4251): Ignoring duplicate uses-permissions/uses-permissions-sdk-m: android.permission.AUTHENTICATE_ACCOUNTS in package: com.stv.calendar at: Binary XML file line #35
12-20 16:27:23.251 V/PackageParser( 4251): packageName: com.android.providers.calendar
12-20 16:27:23.254 V/PackageParser( 4251): packageName: com.android.defcontainer
12-20 16:27:23.258 V/PackageParser( 4251): packageName: com.android.tv.settings
12-20 16:27:23.267 V/PackageParser( 4251): packageName: com.stv.globalsetting
12-20 16:27:23.267 W/PackageParser( 4251): Ignoring duplicate uses-permissions/uses-permissions-sdk-m: android.permission.USE_CREDENTIALS in package: com.stv.globalsetting at: Binary XML file line #38
12-20 16:27:23.268 W/PackageParser( 4251): Ignoring duplicate uses-permissions/uses-permissions-sdk-m: android.permission.INTERNET in package: com.stv.globalsetting at: Binary XML file line #51
12-20 16:27:23.272 V/PackageParser( 4251): packageName: com.android.providers.settings
12-20 16:27:23.272 W/PackageParser( 4251): Provider exported request ignored due to singleUser: com.android.providers.settings.SettingsProvider at /system/priv-app/SettingsProvider/SettingsProvider.apk Binary XML file line #15
12-20 16:27:23.274 V/PackageParser( 4251): packageName: com.stv.userguider
12-20 16:27:23.276 V/PackageParser( 4251): packageName: com.kuyun.identifer
12-20 16:27:23.279 V/PackageParser( 4251): packageName: com.android.inputdevices
12-20 16:27:23.282 V/PackageParser( 4251): packageName: com.letv.leso
12-20 16:27:23.289 V/PackageParser( 4251): packageName: com.suning.tv.ebuy
12-20 16:27:23.289 W/PackageParser( 4251): Ignoring duplicate uses-permissions/uses-permissions-sdk-m: android.permission.ACCESS_NETWORK_STATE in package: com.suning.tv.ebuy at: Binary XML file line #41
12-20 16:27:23.289 W/PackageParser( 4251): Ignoring duplicate uses-permissions/uses-permissions-sdk-m: android.permission.WRITE_EXTERNAL_STORAGE in package: com.suning.tv.ebuy at: Binary XML file line #44
12-20 16:27:23.289 W/PackageParser( 4251): Ignoring duplicate uses-permissions/uses-permissions-sdk-m: android.permission.INTERNET in package: com.suning.tv.ebuy at: Binary XML file line #45
12-20 16:27:23.295 V/PackageParser( 4251): packageName: com.stv.es
12-20 16:27:23.298 V/PackageParser( 4251): packageName: sina.mobile.tianqitongstv
12-20 16:27:23.303 V/PackageParser( 4251): packageName: com.android.contacts
12-20 16:27:23.306 W/PackageParser( 4251): No actions in intent filter at /system/priv-app/Contacts/Contacts.apk Binary XML file line #390
12-20 16:27:23.309 V/PackageParser( 4251): packageName: com.golive.letvcinema
12-20 16:27:23.310 W/PackageParser( 4251): Unknown element under <permission>: group at /data/app/com.golive.letvcinema-1/base.apk Binary XML file line #47
12-20 16:27:23.310 W/PackageParser( 4251): Unknown element under <permission>: group at /data/app/com.golive.letvcinema-1/base.apk Binary XML file line #48
12-20 16:27:23.314 V/PackageParser( 4251): packageName: com.stv.stvpush
12-20 16:27:23.317 V/PackageParser( 4251): packageName: com.android.externalstorage
12-20 16:27:23.320 V/PackageParser( 4251): packageName: com.amap.android.location
12-20 16:27:23.323 V/PackageParser( 4251): packageName: com.stv.tvweibo
12-20 16:27:23.327 V/PackageParser( 4251): packageName: com.android.documentsui
12-20 16:27:23.331 V/PackageParser( 4251): packageName: com.stv.filemanager
12-20 16:27:23.335 V/PackageParser( 4251): packageName: com.stv.feedback
12-20 16:27:23.339 V/PackageParser( 4251): packageName: com.stv.miracast
12-20 16:27:23.342 V/PackageParser( 4251): packageName: com.stv.systemupgrade
12-20 16:27:23.342 W/PackageParser( 4251): Ignoring duplicate uses-permissions/uses-permissions-sdk-m: android.permission.ACCESS_NETWORK_STATE in package: com.stv.systemupgrade at: Binary XML file line #19
12-20 16:27:23.346 V/PackageParser( 4251): packageName: com.android.systemui
12-20 16:27:23.348 W/PackageParser( 4251): Ignoring duplicate uses-permissions/uses-permissions-sdk-m: android.permission.CONFIGURE_WIFI_DISPLAY in package: com.android.systemui at: Binary XML file line #119
12-20 16:27:23.351 W/PackageParser( 4251): Service exported request ignored due to singleUser: com.android.systemui.doze.DozeService at /system/priv-app/SystemUI/SystemUI.apk Binary XML file line #402
12-20 16:27:23.353 V/PackageParser( 4251): packageName: com.android.providers.downloads
12-20 16:27:23.357 V/PackageParser( 4251): packageName: com.stv.downloads
12-20 16:27:23.360 V/PackageParser( 4251): packageName: com.android.gallery3d
12-20 16:27:23.365 V/PackageParser( 4251): packageName: com.stv.message
12-20 16:27:23.366 W/PackageParser( 4251): Ignoring duplicate uses-permissions/uses-permissions-sdk-m: android.permission.SYSTEM_ALERT_WINDOW in package: com.stv.message at: Binary XML file line #23
12-20 16:27:23.369 V/PackageParser( 4251): packageName: com.android.location.fused
12-20 16:27:23.372 V/PackageParser( 4251): packageName: com.stv.music
12-20 16:27:23.376 V/PackageParser( 4251): packageName: com.android.packageinstaller
12-20 16:27:23.381 V/PackageParser( 4251): packageName: com.letv.tvos.appstore
12-20 16:27:23.387 V/PackageParser( 4251): packageName: com.android.providers.userdictionary
12-20 16:27:23.390 V/PackageParser( 4251): packageName: com.sup.cloud.driver
12-20 16:27:23.394 V/PackageParser( 4251): packageName: com.stv.cloudgallery
12-20 16:27:23.397 V/PackageParser( 4251): packageName: com.android.certinstaller
12-20 16:27:23.401 V/PackageParser( 4251): packageName: com.stv.launcher
12-20 16:27:23.408 V/PackageParser( 4251): packageName: com.stv.agnes
12-20 16:27:23.413 V/PackageParser( 4251): packageName: com.le.android.webview
12-20 16:27:23.416 V/PackageParser( 4251): packageName: com.android.wallpaper
12-20 16:27:23.419 V/PackageParser( 4251): packageName: android
12-20 16:27:23.438 V/PackageParser( 4251): packageName: eui
12-20 16:27:23.441 V/PackageParser( 4251): packageName: com.example.android.testing.uiautomator.TvAutoTest
12-20 16:27:23.443 D/MSTAR_VDEC_DBG( 1706): Stream ID: 0, Rate : 25 [Vsync Rate : 25](E:0,D:0,S:0,F:2616) 
12-20 16:27:23.444 V/PackageParser( 4251): packageName: com.android.galaxy4
12-20 16:27:23.446 V/PackageParser( 4251): packageName: com.android.bluetoothmidiservice
12-20 16:27:23.449 V/PackageParser( 4251): packageName: com.stv.reportService
12-20 16:27:23.451 V/PackageParser( 4251): packageName: com.android.captiveportallogin
12-20 16:27:23.463 V/PackageParser( 4251): packageName: com.stv.cdeapk
12-20 16:27:23.466 V/PackageParser( 4251): packageName: com.android.backupconfirm
12-20 16:27:23.469 V/PackageParser( 4251): packageName: com.android.sharedstoragebackup
12-20 16:27:23.471 V/PackageParser( 4251): packageName: com.android.wallpaper.holospiral
12-20 16:27:23.474 V/PackageParser( 4251): packageName: com.android.wallpapercropper
12-20 16:27:23.477 V/PackageParser( 4251): packageName: com.mstar.tv.service
12-20 16:27:23.480 V/PackageParser( 4251): packageName: com.stv.screenflyter
12-20 16:27:23.480 W/PackageParser( 4251): Ignoring duplicate uses-permissions/uses-permissions-sdk-m: android.permission.INTERNET in package: com.stv.screenflyter at: Binary XML file line #18
12-20 16:27:23.481 W/PackageParser( 4251): Ignoring duplicate uses-permissions/uses-permissions-sdk-m: android.permission.WRITE_EXTERNAL_STORAGE in package: com.stv.screenflyter at: Binary XML file line #20
12-20 16:27:23.483 V/PackageParser( 4251): packageName: com.stv.stvappupdate
12-20 16:27:23.487 W/PackageParser( 4251): Ignoring duplicate uses-permissions/uses-permissions-sdk-m: android.permission.ACCESS_NETWORK_STATE in package: com.stv.stvappupdate at: Binary XML file line #62
12-20 16:27:23.491 V/PackageParser( 4251): packageName: eyesight.service.service
12-20 16:27:23.498 V/PackageParser( 4251): packageName: mstar.factorymenu.ui
12-20 16:27:23.503 V/PackageParser( 4251): packageName: com.stv.factorytest
12-20 16:27:23.504 W/PackageParser( 4251): Ignoring duplicate uses-permissions/uses-permissions-sdk-m: android.permission.GET_TASKS in package: com.stv.factorytest at: Binary XML file line #29
12-20 16:27:23.516 V/PackageParser( 4251): packageName: com.stv.android.videochat
12-20 16:27:23.520 V/PackageParser( 4251): packageName: com.android.htmlviewer
12-20 16:27:23.522 V/PackageParser( 4251): packageName: com.android.statementservice
12-20 16:27:23.526 V/PackageParser( 4251): packageName: com.stv.lekey
12-20 16:27:23.527 W/PackageParser( 4251): No actions in intent filter at /system/app/LeKey/LeKey.apk Binary XML file line #26
12-20 16:27:23.530 V/PackageParser( 4251): packageName: com.android.wallpaper.livepicker
12-20 16:27:23.533 V/PackageParser( 4251): packageName: com.stv.macscanner
12-20 16:27:23.536 V/PackageParser( 4251): packageName: tvtests.com.mstar.android.tv
12-20 16:27:23.538 V/PackageParser( 4251): packageName: com.android.musicfx
12-20 16:27:23.541 V/PackageParser( 4251): packageName: com.stv.net.misc
12-20 16:27:23.543 V/PackageParser( 4251): packageName: com.android.onetimeinitializer
12-20 16:27:23.545 V/PackageParser( 4251): packageName: com.android.pacprocessor
12-20 16:27:23.547 V/PackageParser( 4251): packageName: com.svox.pico
12-20 16:27:23.549 V/PackageParser( 4251): packageName: com.mstar.android.pppoe
12-20 16:27:23.552 V/PackageParser( 4251): packageName: com.android.proxyhandler
12-20 16:27:23.555 V/PackageParser( 4251): packageName: com.android.shell
12-20 16:27:23.556 W/PackageParser( 4251): Ignoring duplicate uses-permissions/uses-permissions-sdk-m: android.permission.INSTALL_GRANT_RUNTIME_PERMISSIONS in package: com.android.shell at: Binary XML file line #101
12-20 16:27:23.559 V/PackageParser( 4251): packageName: com.stv.signalsourcemanager
12-20 16:27:23.561 V/PackageParser( 4251): packageName: com.stv.activation
12-20 16:27:23.567 V/PackageParser( 4251): packageName: com.stv.reportlog
12-20 16:27:23.571 V/PackageParser( 4251): packageName: com.stv.orbe
12-20 16:27:23.574 V/PackageParser( 4251): packageName: com.stv.stvremoterupdate
12-20 16:27:23.575 W/PackageParser( 4251): Ignoring duplicate uses-permissions/uses-permissions-sdk-m: android.permission.WRITE_EXTERNAL_STORAGE in package: com.stv.stvremoterupdate at: Binary XML file line #57
12-20 16:27:23.577 V/PackageParser( 4251): packageName: com.stv.systemcontrol
12-20 16:27:23.579 V/PackageParser( 4251): packageName: com.mstar.android.providers.tv
12-20 16:27:23.582 V/PackageParser( 4251): packageName: com.android.providers.tv
12-20 16:27:23.585 V/PackageParser( 4251): packageName: com.stv.ucenter
12-20 16:27:23.587 V/PackageParser( 4251): packageName: com.android.vpndialogs
12-20 16:27:23.599 E/AppInstallReceiver( 3870): app is add packageName:com.example.android.testing.uiautomator.TvAutoTest
12-20 16:27:23.609 D/AndroidRuntime(17351): >>>>>> START com.android.internal.os.RuntimeInit uid 0 <<<<<<
12-20 16:27:23.613 D/AndroidRuntime(17351): CheckJNI is OFF
12-20 16:27:23.622 I/GC_Info ( 3870): gamecenter current version code:3037
12-20 16:27:23.637 I/GC_Info ( 3870): gamecenter current version code:3037
12-20 16:27:23.659 D/ICU     (17351): No timezone override file found: /data/misc/zoneinfo/current/icu/icu_tzdata.dat
12-20 16:27:23.662 I/System.out( 3870): postBodyString:["com.example.android.testing.uiautomator.TvAutoTest"]
12-20 16:27:23.678 I/System.out( 3870): postBodyString:["com.example.android.testing.uiautomator.TvAutoTest"]
12-20 16:27:23.689 I/System.out( 3870): POST,:http://gc.cp21.ott.cibntv.net/api/app/ckpndesk
12-20 16:27:23.690 I/System.out( 3870): getStatusCode=200
12-20 16:27:23.691 I/System.out( 3870): result={"status":1,"code":null,"msg":"success","serverTime":1482222443683,"entity":[]}
12-20 16:27:23.697 I/Radio-JNI(17351): register_android_hardware_Radio DONE
12-20 16:27:23.722 D/AndroidRuntime(17351): Calling main entry com.android.commands.pm.Pm
12-20 16:27:23.731 I/PackageManager( 2238): init_copy idx=0: InstallParams{c2e4cd file=/data/local/tmp/com.example.android.testing.uiautomator.TvAutoTest.test cid=null}
12-20 16:27:23.732 I/PackageManager( 2238): mcs_bound
12-20 16:27:23.732 I/PackageManager( 2238): startCopy UserHandle{-1}: InstallParams{c2e4cd file=/data/local/tmp/com.example.android.testing.uiautomator.TvAutoTest.test cid=null}
12-20 16:27:23.734 V/PackageParser( 4886): packageName: com.example.android.testing.uiautomator.TvAutoTest.test
12-20 16:27:23.739 V/PackageParser( 4886): packageName: com.example.android.testing.uiautomator.TvAutoTest.test
12-20 16:27:23.739 D/DefContainer( 4886): Copying /data/local/tmp/com.example.android.testing.uiautomator.TvAutoTest.test to base.apk
12-20 16:27:23.745 V/PackageParser( 2238): packageName: com.example.android.testing.uiautomator.TvAutoTest.test
12-20 16:27:23.747 D/PackageManager( 2238): installPackageLI: path=/data/app/vmdl255735489.tmp
12-20 16:27:23.749 V/PackageParser( 2238): packageName: com.example.android.testing.uiautomator.TvAutoTest.test
12-20 16:27:23.750 V/PackageParser( 2238): packageName: com.example.android.testing.uiautomator.TvAutoTest.test
12-20 16:27:23.789 D/PackageManager( 2238): manifestDigest was not present, but parser got: ManifestDigest {mDigest=a6,4f,f7,e7,cc,5d,e1,b1,8c,e1,09,0c,ec,06,c7,45,58,f7,d3,ba,4f,fa,30,ac,c1,e3,fb,de,5e,9d,ef,72,}
12-20 16:27:23.791 V/PackageParser( 2238): packageName: com.example.android.testing.uiautomator.TvAutoTest.test
12-20 16:27:23.825 I/dex2oat (17366): /system/bin/dex2oat --debuggable
12-20 16:27:23.979 I/System.out( 3870): POST,:http://gc.cp21.ott.cibntv.net/api/app/ckpn
12-20 16:27:23.979 I/System.out( 3870): getStatusCode=200
12-20 16:27:23.979 I/System.out( 3870): result={"status":1,"code":null,"msg":"success","serverTime":1482222443942,"entity":[]}
12-20 16:27:24.302 I/chatty  ( 3441): uid=10020 com.stv.cdeapk:cde expire 44 lines
12-20 16:27:24.482 D/MSTAR_VDEC_DBG( 1706): Stream ID: 0, Rate : 25 [Vsync Rate : 25](E:0,D:0,S:0,F:2642) 
12-20 16:27:24.537 I/dex2oat (17366): dex2oat took 709.505ms (threads: 4) arena alloc=634KB java alloc=954KB native alloc=4MB free=888KB
12-20 16:27:24.589 D/PackageManager( 2238): Renaming /data/app/vmdl255735489.tmp to /data/app/com.example.android.testing.uiautomator.TvAutoTest.test-1
12-20 16:27:24.589 D/PackageManager( 2238): installNewPackageLI: Package{7da4eda com.example.android.testing.uiautomator.TvAutoTest.test}
12-20 16:27:24.597 I/PackageManager( 2238): Linking native library dir for /data/app/com.example.android.testing.uiautomator.TvAutoTest.test-1
12-20 16:27:24.742 D/PackageManager( 2238): New package installed in /data/app/com.example.android.testing.uiautomator.TvAutoTest.test-1
12-20 16:27:24.858 E/PackageManager( 2238): Backup Manager not found!
12-20 16:27:24.933 D/ActivityManager( 2238): isFilterBroadcast android.intent.action.PACKAGE_ADDED
12-20 16:27:24.938 D/Avrcp   ( 2762): AvrcpServiceBroadcastReceiver-> Action: android.intent.action.PACKAGE_ADDED
12-20 16:27:24.938 D/Avrcp   ( 2762): AvrcpServiceBroadcastReceiver-> packageName: com.example.android.testing.uiautomator.TvAutoTest.test
12-20 16:27:24.938 D/Avrcp   ( 2762): packageName: com.example.android.testing.uiautomator.TvAutoTest.test removed: false
12-20 16:27:24.939 I/art     (17351): System.exit called, status: 0
12-20 16:27:24.939 I/AndroidRuntime(17351): VM exiting with result code 0.
12-20 16:27:24.942 D/Avrcp   ( 2762): isBrowsableListUpdated com.example.android.testing.uiautomator.TvAutoTest.test isUpdated:false
12-20 16:27:24.944 D/CarrierServiceBindHelper( 2928): Receive action: android.intent.action.PACKAGE_ADDED
12-20 16:27:24.949 D/CarrierServiceBindHelper( 2928): mHandler: 3
12-20 16:27:24.949 D/CarrierConfigLoader( 2928): mHandler: 9 phoneId: 0
12-20 16:27:24.980 D/Documents(10770): Update found 6 roots in 33ms
12-20 16:27:24.997 I/Statistics( 4903): packageName:com.example.android.testing.uiautomator.TvAutoTest.test
12-20 16:27:25.036 D/LetvManager-Util( 1728): [get_device] 1094 string8 name=eth
12-20 16:27:25.038 W/VoiceInteractionManagerService( 2238): no available voice recognition services found for user 0
12-20 16:27:25.039 D/LetvManager-Util( 1728): [get_device] 1094 string8 name=Model
12-20 16:27:25.092 V/PackageParser( 4251): packageName: com.orbbec.TouchCursor
12-20 16:27:25.093 W/PackageParser( 4251): No actions in intent filter at /system/app/ObTouchCursor/ObTouchCursor.apk Binary XML file line #28
12-20 16:27:25.098 V/PackageParser( 4251): packageName: com.stv.videoplayer
12-20 16:27:25.104 V/PackageParser( 4251): packageName: com.stv.videohistory
12-20 16:27:25.109 V/PackageParser( 4251): packageName: com.xtshine.epgletv.activity
12-20 16:27:25.110 W/PackageParser( 4251): Ignoring duplicate uses-permissions/uses-permissions-sdk-m: android.permission.MOUNT_UNMOUNT_FILESYSTEMS in package: com.xtshine.epgletv.activity at: Binary XML file line #33
12-20 16:27:25.110 W/PackageParser( 4251): Ignoring duplicate uses-permissions/uses-permissions-sdk-m: android.permission.CHANGE_CONFIGURATION in package: com.xtshine.epgletv.activity at: Binary XML file line #40
12-20 16:27:25.110 W/PackageParser( 4251): Ignoring duplicate uses-permissions/uses-permissions-sdk-m: android.permission.CHANGE_WIFI_MULTICAST_STATE in package: com.xtshine.epgletv.activity at: Binary XML file line #41
12-20 16:27:25.110 W/PackageParser( 4251): Ignoring duplicate uses-permissions/uses-permissions-sdk-m: android.permission.WAKE_LOCK in package: com.xtshine.epgletv.activity at: Binary XML file line #44
12-20 16:27:25.116 V/PackageParser( 4251): packageName: com.lesports.tv
12-20 16:27:25.117 W/PackageParser( 4251): Unknown element under <manifest>: meta-data at /system/app/LeSports/LeSports.apk Binary XML file line #38
12-20 16:27:25.127 V/PackageParser( 4251): packageName: com.letv.tv
12-20 16:27:25.128 W/PackageParser( 4251): Ignoring duplicate uses-permissions/uses-permissions-sdk-m: android.permission.WRITE_SETTINGS in package: com.letv.tv at: Binary XML file line #32
12-20 16:27:25.144 V/PackageParser( 4251): packageName: com.letv.tvos.gamecenter
12-20 16:27:25.145 W/PackageParser( 4251): Ignoring duplicate uses-permissions/uses-permissions-sdk-m: android.permission.INTERNET in package: com.letv.tvos.gamecenter at: Binary XML file line #40
12-20 16:27:25.145 W/PackageParser( 4251): Ignoring duplicate uses-permissions/uses-permissions-sdk-m: android.permission.WAKE_LOCK in package: com.letv.tvos.gamecenter at: Binary XML file line #43
12-20 16:27:25.145 W/PackageParser( 4251): Ignoring duplicate uses-permissions/uses-permissions-sdk-m: android.permission.SYSTEM_ALERT_WINDOW in package: com.letv.tvos.gamecenter at: Binary XML file line #78
12-20 16:27:25.148 W/PackageParser( 4251): No actions in intent filter at /data/app/com.letv.tvos.gamecenter-1/base.apk Binary XML file line #304
12-20 16:27:25.157 V/PackageParser( 4251): packageName: com.stv.voice
12-20 16:27:25.168 V/PackageParser( 4251): packageName: com.android.printspooler
12-20 16:27:25.179 V/PackageParser( 4251): packageName: com.android.phone
12-20 16:27:25.190 V/PackageParser( 4251): packageName: com.stv.helper.main
12-20 16:27:25.196 V/PackageParser( 4251): packageName: com.stv.camera
12-20 16:27:25.199 V/PackageParser( 4251): packageName: com.mstar.miscsetting
12-20 16:27:25.202 V/PackageParser( 4251): packageName: com.stv.smartControl
12-20 16:27:25.204 W/PackageParser( 4251): Ignoring duplicate uses-permissions/uses-permissions-sdk-m: android.permission.CHANGE_WIFI_MULTICAST_STATE in package: com.stv.smartControl at: Binary XML file line #36
12-20 16:27:25.204 W/PackageParser( 4251): Ignoring duplicate uses-permissions/uses-permissions-sdk-m: android.permission.WAKE_LOCK in package: com.stv.smartControl at: Binary XML file line #39
12-20 16:27:25.204 W/PackageParser( 4251): Ignoring duplicate uses-permissions/uses-permissions-sdk-m: android.permission.READ_PHONE_STATE in package: com.stv.smartControl at: Binary XML file line #41
12-20 16:27:25.209 V/PackageParser( 4251): packageName: com.stv.shopping
12-20 16:27:25.213 V/PackageParser( 4251): packageName: com.stv.bootadmanager
12-20 16:27:25.217 V/PackageParser( 4251): packageName: com.stv.t2.account
12-20 16:27:25.220 V/PackageParser( 4251): packageName: com.android.dreams.basic
12-20 16:27:25.224 V/PackageParser( 4251): packageName: com.jml.tv
12-20 16:27:25.227 V/PackageParser( 4251): packageName: com.stv.guider
12-20 16:27:25.230 V/PackageParser( 4251): packageName: com.kuyun.common.androidtv
12-20 16:27:25.231 W/PackageParser( 4251): No actions in intent filter at /system/app/StvInteraction/StvInteraction.apk Binary XML file line #75
12-20 16:27:25.235 V/PackageParser( 4251): packageName: com.android.bcm.bluetooth
12-20 16:27:25.236 W/PackageParser( 4251): Ignoring duplicate uses-permissions/uses-permissions-sdk-m: android.permission.READ_CONTACTS in package: com.android.bcm.bluetooth at: Binary XML file line #62
12-20 16:27:25.238 W/PackageParser( 4251): No actions in intent filter at /system/app/BluetoothBcm/BluetoothBcm.apk Binary XML file line #357
12-20 16:27:25.239 W/PackageParser( 4251): No actions in intent filter at /system/app/BluetoothBcm/BluetoothBcm.apk Binary XML file line #517
12-20 16:27:25.241 V/PackageParser( 4251): packageName: com.android.bluetooth
12-20 16:27:25.245 W/PackageParser( 4251): Ignoring duplicate uses-permissions/uses-permissions-sdk-m: android.permission.READ_CONTACTS in package: com.android.bluetooth at: Binary XML file line #57
12-20 16:27:25.247 W/PackageParser( 4251): No actions in intent filter at /system/app/Bluetooth/Bluetooth.apk Binary XML file line #215
12-20 16:27:25.251 V/PackageParser( 4251): packageName: com.android.inputmethod.pinyin
12-20 16:27:25.254 V/PackageParser( 4251): packageName: com.le.lepay.tv
12-20 16:27:25.258 V/PackageParser( 4251): packageName: com.kookong.tv.livematch
12-20 16:27:25.261 V/PackageParser( 4251): packageName: com.android.phasebeam
12-20 16:27:25.264 V/PackageParser( 4251): packageName: com.android.providers.contacts
12-20 16:27:25.267 V/PackageParser( 4251): packageName: com.android.browser
12-20 16:27:25.268 W/PackageParser( 4251): Ignoring duplicate uses-permissions/uses-permissions-sdk-m: android.permission.ACCESS_NETWORK_STATE in package: com.android.browser at: Binary XML file line #112
12-20 16:27:25.272 V/PackageParser( 4251): packageName: com.android.providers.media
12-20 16:27:25.275 V/PackageParser( 4251): packageName: com.android.keychain
12-20 16:27:25.279 V/PackageParser( 4251): packageName: com.android.noisefield
12-20 16:27:25.281 V/PackageParser( 4251): packageName: cn.tvplay.gunworld
12-20 16:27:25.285 V/PackageParser( 4251): packageName: com.stv.calendar
12-20 16:27:25.286 W/PackageParser( 4251): Ignoring duplicate uses-permissions/uses-permissions-sdk-m: android.permission.INTERNET in package: com.stv.calendar at: Binary XML file line #19
12-20 16:27:25.286 W/PackageParser( 4251): Ignoring duplicate uses-permissions/uses-permissions-sdk-m: android.permission.GET_ACCOUNTS in package: com.stv.calendar at: Binary XML file line #32
12-20 16:27:25.286 W/PackageParser( 4251): Ignoring duplicate uses-permissions/uses-permissions-sdk-m: android.permission.USE_CREDENTIALS in package: com.stv.calendar at: Binary XML file line #33
12-20 16:27:25.286 W/PackageParser( 4251): Ignoring duplicate uses-permissions/uses-permissions-sdk-m: android.permission.MANAGE_ACCOUNTS in package: com.stv.calendar at: Binary XML file line #34
12-20 16:27:25.286 W/PackageParser( 4251): Ignoring duplicate uses-permissions/uses-permissions-sdk-m: android.permission.AUTHENTICATE_ACCOUNTS in package: com.stv.calendar at: Binary XML file line #35
12-20 16:27:25.290 V/PackageParser( 4251): packageName: com.android.providers.calendar
12-20 16:27:25.293 V/PackageParser( 4251): packageName: com.android.defcontainer
12-20 16:27:25.297 V/PackageParser( 4251): packageName: com.android.tv.settings
12-20 16:27:25.305 V/PackageParser( 4251): packageName: com.stv.globalsetting
12-20 16:27:25.305 W/PackageParser( 4251): Ignoring duplicate uses-permissions/uses-permissions-sdk-m: android.permission.USE_CREDENTIALS in package: com.stv.globalsetting at: Binary XML file line #38
12-20 16:27:25.305 W/PackageParser( 4251): Ignoring duplicate uses-permissions/uses-permissions-sdk-m: android.permission.INTERNET in package: com.stv.globalsetting at: Binary XML file line #51
12-20 16:27:25.309 V/PackageParser( 4251): packageName: com.android.providers.settings
12-20 16:27:25.309 W/PackageParser( 4251): Provider exported request ignored due to singleUser: com.android.providers.settings.SettingsProvider at /system/priv-app/SettingsProvider/SettingsProvider.apk Binary XML file line #15
12-20 16:27:25.312 V/PackageParser( 4251): packageName: com.stv.userguider
12-20 16:27:25.314 V/PackageParser( 4251): packageName: com.kuyun.identifer
12-20 16:27:25.317 V/PackageParser( 4251): packageName: com.android.inputdevices
12-20 16:27:25.320 V/PackageParser( 4251): packageName: com.letv.leso
12-20 16:27:25.327 V/PackageParser( 4251): packageName: com.suning.tv.ebuy
12-20 16:27:25.327 W/PackageParser( 4251): Ignoring duplicate uses-permissions/uses-permissions-sdk-m: android.permission.ACCESS_NETWORK_STATE in package: com.suning.tv.ebuy at: Binary XML file line #41
12-20 16:27:25.328 W/PackageParser( 4251): Ignoring duplicate uses-permissions/uses-permissions-sdk-m: android.permission.WRITE_EXTERNAL_STORAGE in package: com.suning.tv.ebuy at: Binary XML file line #44
12-20 16:27:25.328 W/PackageParser( 4251): Ignoring duplicate uses-permissions/uses-permissions-sdk-m: android.permission.INTERNET in package: com.suning.tv.ebuy at: Binary XML file line #45
12-20 16:27:25.333 V/PackageParser( 4251): packageName: com.stv.es
12-20 16:27:25.336 V/PackageParser( 4251): packageName: sina.mobile.tianqitongstv
12-20 16:27:25.341 V/PackageParser( 4251): packageName: com.android.contacts
12-20 16:27:25.344 W/PackageParser( 4251): No actions in intent filter at /system/priv-app/Contacts/Contacts.apk Binary XML file line #390
12-20 16:27:25.348 V/PackageParser( 4251): packageName: com.golive.letvcinema
12-20 16:27:25.349 W/PackageParser( 4251): Unknown element under <permission>: group at /data/app/com.golive.letvcinema-1/base.apk Binary XML file line #47
12-20 16:27:25.349 W/PackageParser( 4251): Unknown element under <permission>: group at /data/app/com.golive.letvcinema-1/base.apk Binary XML file line #48
12-20 16:27:25.352 V/PackageParser( 4251): packageName: com.stv.stvpush
12-20 16:27:25.355 V/PackageParser( 4251): packageName: com.android.externalstorage
12-20 16:27:25.358 V/PackageParser( 4251): packageName: com.amap.android.location
12-20 16:27:25.362 V/PackageParser( 4251): packageName: com.stv.tvweibo
12-20 16:27:25.366 V/PackageParser( 4251): packageName: com.android.documentsui
12-20 16:27:25.369 V/PackageParser( 4251): packageName: com.stv.filemanager
12-20 16:27:25.373 V/PackageParser( 4251): packageName: com.stv.feedback
12-20 16:27:25.376 V/PackageParser( 4251): packageName: com.stv.miracast
12-20 16:27:25.379 V/PackageParser( 4251): packageName: com.stv.systemupgrade
12-20 16:27:25.380 W/PackageParser( 4251): Ignoring duplicate uses-permissions/uses-permissions-sdk-m: android.permission.ACCESS_NETWORK_STATE in package: com.stv.systemupgrade at: Binary XML file line #19
12-20 16:27:25.384 V/PackageParser( 4251): packageName: com.android.systemui
12-20 16:27:25.386 W/PackageParser( 4251): Ignoring duplicate uses-permissions/uses-permissions-sdk-m: android.permission.CONFIGURE_WIFI_DISPLAY in package: com.android.systemui at: Binary XML file line #119
12-20 16:27:25.388 W/PackageParser( 4251): Service exported request ignored due to singleUser: com.android.systemui.doze.DozeService at /system/priv-app/SystemUI/SystemUI.apk Binary XML file line #402
12-20 16:27:25.390 V/PackageParser( 4251): packageName: com.android.providers.downloads
12-20 16:27:25.394 V/PackageParser( 4251): packageName: com.stv.downloads
12-20 16:27:25.397 V/PackageParser( 4251): packageName: com.android.gallery3d
12-20 16:27:25.401 V/PackageParser( 4251): packageName: com.stv.message
12-20 16:27:25.401 W/PackageParser( 4251): Ignoring duplicate uses-permissions/uses-permissions-sdk-m: android.permission.SYSTEM_ALERT_WINDOW in package: com.stv.message at: Binary XML file line #23
12-20 16:27:25.415 V/PackageParser( 4251): packageName: com.android.location.fused
12-20 16:27:25.418 V/PackageParser( 4251): packageName: com.stv.music
12-20 16:27:25.421 V/PackageParser( 4251): packageName: com.android.packageinstaller
12-20 16:27:25.425 V/PackageParser( 4251): packageName: com.letv.tvos.appstore
12-20 16:27:25.429 V/PackageParser( 4251): packageName: com.android.providers.userdictionary
12-20 16:27:25.432 V/PackageParser( 4251): packageName: com.sup.cloud.driver
