12-20 16:27:43.913 V/PackageParser( 4251): packageName: com.stv.launcher
12-20 16:27:43.917 V/PackageParser( 4251): packageName: com.stv.agnes
12-20 16:27:43.919 V/PackageParser( 4251): packageName: com.le.android.webview
12-20 16:27:43.923 V/PackageParser( 4251): packageName: com.android.wallpaper
12-20 16:27:43.926 V/PackageParser( 4251): packageName: android
12-20 16:27:43.940 V/PackageParser( 4251): packageName: eui
12-20 16:27:43.942 V/PackageParser( 4251): packageName: com.example.android.testing.uiautomator.TvAutoTest
12-20 16:27:43.944 V/PackageParser( 4251): packageName: com.android.galaxy4
12-20 16:27:43.946 V/PackageParser( 4251): packageName: com.android.bluetoothmidiservice
12-20 16:27:43.948 V/PackageParser( 4251): packageName: com.stv.reportService
12-20 16:27:43.950 V/PackageParser( 4251): packageName: com.android.captiveportallogin
12-20 16:27:43.952 V/PackageParser( 4251): packageName: com.stv.cdeapk
12-20 16:27:43.955 V/PackageParser( 4251): packageName: com.android.backupconfirm
12-20 16:27:43.957 V/PackageParser( 4251): packageName: com.android.sharedstoragebackup
12-20 16:27:43.959 V/PackageParser( 4251): packageName: com.android.wallpaper.holospiral
12-20 16:27:43.962 V/PackageParser( 4251): packageName: com.android.wallpapercropper
12-20 16:27:43.964 V/PackageParser( 4251): packageName: com.example.android.testing.uiautomator.TvAutoTest.test
12-20 16:27:43.967 V/PackageParser( 4251): packageName: com.mstar.tv.service
12-20 16:27:43.969 V/PackageParser( 4251): packageName: com.stv.screenflyter
12-20 16:27:43.970 W/PackageParser( 4251): Ignoring duplicate uses-permissions/uses-permissions-sdk-m: android.permission.INTERNET in package: com.stv.screenflyter at: Binary XML file line #18
12-20 16:27:43.970 W/PackageParser( 4251): Ignoring duplicate uses-permissions/uses-permissions-sdk-m: android.permission.WRITE_EXTERNAL_STORAGE in package: com.stv.screenflyter at: Binary XML file line #20
12-20 16:27:43.972 V/PackageParser( 4251): packageName: com.stv.stvappupdate
12-20 16:27:43.973 W/PackageParser( 4251): Ignoring duplicate uses-permissions/uses-permissions-sdk-m: android.permission.ACCESS_NETWORK_STATE in package: com.stv.stvappupdate at: Binary XML file line #62
12-20 16:27:43.975 V/PackageParser( 4251): packageName: eyesight.service.service
12-20 16:27:43.978 V/PackageParser( 4251): packageName: mstar.factorymenu.ui
12-20 16:27:43.982 V/PackageParser( 4251): packageName: com.stv.factorytest
12-20 16:27:43.982 W/PackageParser( 4251): Ignoring duplicate uses-permissions/uses-permissions-sdk-m: android.permission.GET_TASKS in package: com.stv.factorytest at: Binary XML file line #29
12-20 16:27:43.990 V/PackageParser( 4251): packageName: com.stv.android.videochat
12-20 16:27:43.992 V/PackageParser( 4251): packageName: com.android.htmlviewer
12-20 16:27:43.995 V/PackageParser( 4251): packageName: com.android.statementservice
12-20 16:27:43.997 V/PackageParser( 4251): packageName: com.stv.lekey
12-20 16:27:43.998 W/PackageParser( 4251): No actions in intent filter at /system/app/LeKey/LeKey.apk Binary XML file line #26
12-20 16:27:44.000 V/PackageParser( 4251): packageName: com.android.wallpaper.livepicker
12-20 16:27:44.003 V/PackageParser( 4251): packageName: com.stv.macscanner
12-20 16:27:44.005 V/PackageParser( 4251): packageName: tvtests.com.mstar.android.tv
12-20 16:27:44.007 V/PackageParser( 4251): packageName: com.android.musicfx
12-20 16:27:44.010 V/PackageParser( 4251): packageName: com.stv.net.misc
12-20 16:27:44.012 V/PackageParser( 4251): packageName: com.android.onetimeinitializer
12-20 16:27:44.014 V/PackageParser( 4251): packageName: com.android.pacprocessor
12-20 16:27:44.016 V/PackageParser( 4251): packageName: com.svox.pico
12-20 16:27:44.019 V/PackageParser( 4251): packageName: com.mstar.android.pppoe
12-20 16:27:44.021 V/PackageParser( 4251): packageName: com.android.proxyhandler
12-20 16:27:44.023 V/PackageParser( 4251): packageName: com.android.shell
12-20 16:27:44.024 W/PackageParser( 4251): Ignoring duplicate uses-permissions/uses-permissions-sdk-m: android.permission.INSTALL_GRANT_RUNTIME_PERMISSIONS in package: com.android.shell at: Binary XML file line #101
12-20 16:27:44.027 V/PackageParser( 4251): packageName: com.stv.signalsourcemanager
12-20 16:27:44.029 V/PackageParser( 4251): packageName: com.stv.activation
12-20 16:27:44.032 V/PackageParser( 4251): packageName: com.stv.reportlog
12-20 16:27:44.035 V/PackageParser( 4251): packageName: com.stv.orbe
12-20 16:27:44.037 V/PackageParser( 4251): packageName: com.stv.stvremoterupdate
12-20 16:27:44.038 W/PackageParser( 4251): Ignoring duplicate uses-permissions/uses-permissions-sdk-m: android.permission.WRITE_EXTERNAL_STORAGE in package: com.stv.stvremoterupdate at: Binary XML file line #57
12-20 16:27:44.040 V/PackageParser( 4251): packageName: com.stv.systemcontrol
12-20 16:27:44.044 V/PackageParser( 4251): packageName: com.mstar.android.providers.tv
12-20 16:27:44.046 V/PackageParser( 4251): packageName: com.android.providers.tv
12-20 16:27:44.049 V/PackageParser( 4251): packageName: com.stv.ucenter
12-20 16:27:44.051 V/PackageParser( 4251): packageName: com.android.vpndialogs
12-20 16:27:44.063 E/AppInstallReceiver( 3870): app is add packageName:com.example.android.testing.uiautomator.TvAutoTest.test
12-20 16:27:44.085 I/chatty  ( 2238): uid=1000(system) Binder_E expire 10 lines
12-20 16:27:44.094 I/Statistics( 4903): packageName:com.example.android.testing.uiautomator.TvAutoTest.test
12-20 16:27:44.107 I/GC_Info ( 3870): gamecenter current version code:3037
12-20 16:27:44.117 I/GC_Info ( 3870): gamecenter current version code:3037
12-20 16:27:44.138 I/System.out( 3870): postBodyString:["com.example.android.testing.uiautomator.TvAutoTest.test"]
12-20 16:27:44.147 I/System.out( 3870): POST,:http://gc.cp21.ott.cibntv.net/api/app/ckpndesk
12-20 16:27:44.147 I/System.out( 3870): getStatusCode=200
12-20 16:27:44.150 I/System.out( 3870): result={"status":1,"code":null,"msg":"success","serverTime":1482222464140,"entity":[]}
12-20 16:27:44.158 I/System.out( 3870): postBodyString:["com.example.android.testing.uiautomator.TvAutoTest.test"]
12-20 16:27:44.167 I/System.out( 3870): POST,:http://gc.cp21.ott.cibntv.net/api/app/ckpn
12-20 16:27:44.167 I/System.out( 3870): getStatusCode=200
12-20 16:27:44.167 I/System.out( 3870): result={"status":1,"code":null,"msg":"success","serverTime":1482222464156,"entity":[]}
12-20 16:27:44.801 D/MSTAR_VDEC_DBG( 1706): Stream ID: 0, Rate : 24 [Vsync Rate : 24](E:0,D:0,S:0,F:3150) 
12-20 16:27:44.891 I/chatty  ( 2238): uid=1000(system) InputDispatcher expire 18 lines
12-20 16:27:44.897 W/ContextImpl( 2238): Calling a method in the system process without a qualified user: android.app.ContextImpl.startActivity:658 letv.desktop.DesktopManagerService.startActivity:845 letv.desktop.DesktopManagerService.startDockOrHome:871 letv.desktop.DesktopManager.startDockOrHome:731 com.android.server.policy.PhoneWindowManager.startDockOrHome:7580 
12-20 16:27:44.897 W/ContextImpl( 2238): Calling a method in the system process without a qualified user: android.app.ContextImpl.startActivity:670 android.app.ContextImpl.startActivity:659 letv.desktop.DesktopManagerService.startActivity:845 letv.desktop.DesktopManagerService.startDockOrHome:871 letv.desktop.DesktopManager.startDockOrHome:731 
12-20 16:27:44.898 I/ActivityManager( 2238): START u0 {act=android.intent.action.MAIN cat=[android.intent.category.HOME] flg=0x10200000 pkg=com.stv.launcher cmp=com.stv.launcher/.activity.Launcher} from uid 1000 on display 0
12-20 16:27:44.902 I/chatty  ( 2892): uid=1000(system) com.stv.launcher expire 243 lines
12-20 16:27:44.905 I/chatty  ( 3519): uid=1000(system) Binder_2 expire 1 line
12-20 16:27:44.935 W/ContextImpl( 2892): Calling a method in the system process without a qualified user: android.app.ContextImpl.sendBroadcast:763 android.content.ContextWrapper.sendBroadcast:396 com.stv.launcher.activity.Launcher.onNewIntent:506 android.app.Instrumentation.callActivityOnNewIntent:1212 android.app.Instrumentation.callActivityOnNewIntent:1224 
12-20 16:27:44.936 I/chatty  ( 2892): uid=1000(system) OkHttp Dispatch expire 18 lines
12-20 16:27:44.939 I/chatty  ( 2892): uid=1000(system) OkHttp Dispatch expire 12 lines
12-20 16:27:44.942 I/chatty  ( 2892): uid=1000(system) com.stv.launcher expire 6 lines
12-20 16:27:44.945 I/chatty  ( 1722): uid=1000(system) remoteupgradese expire 15 lines
12-20 16:27:44.949 I/chatty  ( 2238): uid=1000(system) Binder_C expire 9 lines
12-20 16:27:45.075 I/ActivityManager( 2238): pid = 2892, top.app.pid = 2892,not isBackgroundProcess!
12-20 16:27:45.075 D/ActivityManager( 2238): isSystemBuildInProcess uid = 1000,pid = 2892
12-20 16:27:45.076 D/ActivityManager( 2238): checkPopWindowPermission uid = 1000,pid = 2892,windowType = 2005,title = Toast,isBackgroundProc = false,isSystemProc = true,mIsUserDebug = false
12-20 16:27:45.076 D/ActivityManager( 2238): isGrantedPassport name = com.stv.launcher
12-20 16:27:45.109 I/chatty  ( 2892): uid=1000(system) RenderThread expire 8 lines
12-20 16:27:45.122 I/chatty  ( 2238): uid=1000(system) android.display expire 10 lines
12-20 16:27:45.180 I/chatty  ( 1697): uid=1000(system) graphic_workthr expire 10 lines
12-20 16:27:45.817 I/tvos    ( 1711): rtc read time:2016-12-20 8:27:45.
12-20 16:27:45.817 I/tvos    ( 1711): tm_year = 2016, tm_mon = 12, tm_mday = 20, tm_hour = 8,tm_min= 27,  tm_sec = 45
12-20 16:27:45.817 I/tvos    ( 1711): timeSeconds:1482222465 rtcTimeSeconds:1482222465.
12-20 16:27:45.841 D/MSTAR_VDEC_DBG( 1706): Stream ID: 0, Rate : 25 [Vsync Rate : 25](E:0,D:0,S:0,F:3176) 
12-20 16:27:46.880 D/MSTAR_VDEC_DBG( 1706): Stream ID: 0, Rate : 25 [Vsync Rate : 25](E:0,D:0,S:0,F:3202) 
12-20 16:27:47.920 D/MSTAR_VDEC_DBG( 1706): Stream ID: 0, Rate : 25 [Vsync Rate : 25](E:0,D:0,S:0,F:3228) 
12-20 16:27:47.921 I/chatty  ( 2892): uid=1000(system) com.stv.launcher expire 446 lines
12-20 16:27:48.305 I/chatty  ( 3441): uid=10020 com.stv.cdeapk:cde expire 48 lines
12-20 16:27:48.960 D/MSTAR_VDEC_DBG( 1706): Stream ID: 0, Rate : 25 [Vsync Rate : 25](E:0,D:0,S:0,F:3254) 
12-20 16:27:49.749 D/LetvManager-Service( 1728): line:54 fun:isRunReportLog is call!
12-20 16:27:49.751 D/LetvManager-Util( 1728): [get_device] 1094 string8 name=swversion
12-20 16:27:49.752 D/LetvManager-Util( 1728): [get_device] 1094 string8 name=releaseversion
12-20 16:27:49.753 D/LetvManager-Util( 1728): [get_device] 1094 string8 name=Model
12-20 16:27:49.755 D/LetvManager-Util( 1728): [get_device] 1094 string8 name=uiversion
12-20 16:27:49.756 D/LetvManager-Util( 1728): [get_device] 1094 string8 name=hwversion
12-20 16:27:49.757 D/LetvManager-Util( 1728): [get_device] 1094 string8 name=eth
12-20 16:27:49.760 D/LetvManager-Util( 1728): [get_device] 1094 string8 name=sn
12-20 16:27:49.760 E/LETV_DEVICE( 1728): read env sn Failed
12-20 16:27:49.760 D/LetvManager-Util( 1728): [get_install_package_key] base64: c24= md5: a99ad05d372a0c59b3a67f7770b19768
12-20 16:27:49.760 D/LetvManager-Util( 1728): [get_device] get package sn key error
12-20 16:27:50.000 D/MSTAR_VDEC_DBG( 1706): Stream ID: 0, Rate : 25 [Vsync Rate : 25](E:0,D:0,S:0,F:3280) 
12-20 16:27:50.188 I/chatty  ( 4251): uid=1000(system) HelperService expire 14 lines
12-20 16:27:51.040 D/MSTAR_VDEC_DBG( 1706): Stream ID: 0, Rate : 25 [Vsync Rate : 25](E:0,D:0,S:0,F:3306) 
12-20 16:27:51.138 I/PackageManager( 2238): mcs_unbind
12-20 16:27:51.139 I/PackageManager( 2238): calling disconnectService()
12-20 16:27:51.686 I/TaskManager( 3870): =TaskRunnable=taskList==0
12-20 16:27:51.859 I/chatty  ( 2892): uid=1000(system) com.stv.launcher expire 58 lines
12-20 16:27:52.079 D/MSTAR_VDEC_DBG( 1706): Stream ID: 0, Rate : 25 [Vsync Rate : 25](E:0,D:0,S:0,F:3332) 
12-20 16:27:52.116 I/chatty  ( 2806): uid=1000(system) com.android.inputmethod.pinyin expire 16 lines
12-20 16:27:52.118 I/chatty  ( 2892): uid=1000(system) com.stv.launcher expire 29 lines
12-20 16:27:52.152 I/chatty  ( 2892): uid=1000(system) pool-8-thread-1 expire 10 lines
12-20 16:27:53.120 D/MSTAR_VDEC_DBG( 1706): Stream ID: 0, Rate : 24 [Vsync Rate : 24](E:0,D:0,S:0,F:3358) 
12-20 16:27:53.322 I/chatty  ( 2892): uid=1000(system) GlobalSingleThr expire 20 lines
12-20 16:27:53.347 I/chatty  ( 4758): uid=1000(system) Thread-172 expire 20 lines
12-20 16:27:53.376 I/chatty  ( 2892): uid=1000(system) HeapTaskDaemon expire 7 lines
12-20 16:27:54.159 D/MSTAR_VDEC_DBG( 1706): Stream ID: 0, Rate : 25 [Vsync Rate : 25](E:0,D:0,S:0,F:3384) 
12-20 16:27:54.176 I/chatty  (17535): uid=10077(com.example.android.testing.uiautomator.TvAutoTest) expire 10 lines
12-20 16:27:54.900 I/chatty  ( 2892): uid=1000(system) MenuDataManager expire 41 lines
12-20 16:27:55.199 D/MSTAR_VDEC_DBG( 1706): Stream ID: 0, Rate : 25 [Vsync Rate : 25](E:0,D:0,S:0,F:3410) 
12-20 16:27:55.206 I/chatty  ( 2892): uid=1000(system) com.stv.launcher expire 134 lines
12-20 16:27:55.833 I/chatty  ( 2238): uid=1000(system) InputDispatcher expire 24 lines
12-20 16:27:55.833 I/chatty  ( 2238): uid=1000(system) Thread-41 expire 15 lines
12-20 16:27:55.834 I/chatty  ( 1722): uid=1000(system) Binder_1 expire 30 lines
12-20 16:27:55.846 I/chatty  ( 2238): uid=1000(system) AudioService expire 7 lines
12-20 16:27:55.870 I/audio_hw_primary( 1706): adev_create_audio_patch::mix->device 
12-20 16:27:55.872 E/AudioManagerService( 1741): setAudioVolume(callingPid 1706, clientPid 1706, enSoundPath 0, volumn:0 )
12-20 16:27:55.872 I/tvos    ( 1711): SetVolume, subWooExist 0!
12-20 16:27:55.872 I/tvos    ( 1711): Dolby getEnvPar ok~
12-20 16:27:55.872 I/tvos    ( 1711): [UpdateDolbyPara] current model:X465S 
12-20 16:27:55.872 I/tvos    ( 1711): SetAbsoluteVolume: uPercent : 0, path=52(speaker), VolumeInt=7f, VolumeFra=0
12-20 16:27:55.872 I/tvos    ( 1711): SetAbsoluteVolume: uPercent : 0, path=49(HP), VolumeInt=7f, VolumeFra=0
12-20 16:27:55.872 I/tvos    ( 1711): SetAbsoluteVolume, m_bBTDetect is false! 
12-20 16:27:55.872 I/tvos    ( 1711): SetAbsoluteVolume: uPercent : 0, path=255(speaker), VolumeInt=7f, VolumeFra=0
12-20 16:27:56.239 D/MSTAR_VDEC_DBG( 1706): Stream ID: 0, Rate : 25 [Vsync Rate : 25](E:0,D:0,S:0,F:3436) 
12-20 16:27:56.301 I/chatty  ( 2892): uid=1000(system) AsyncTask #5 expire 65 lines
12-20 16:27:56.886 I/chatty  ( 1722): uid=1000(system) remoteupgradese expire 15 lines
12-20 16:27:56.958 I/audio_hw_primary( 1706): adev_create_audio_patch::mix->device 
12-20 16:27:56.960 E/AudioManagerService( 1741): setAudioVolume(callingPid 1706, clientPid 1706, enSoundPath 0, volumn:0 )
12-20 16:27:56.960 I/tvos    ( 1711): SetVolume, subWooExist 0!
12-20 16:27:56.960 I/tvos    ( 1711): Dolby getEnvPar ok~
12-20 16:27:56.960 I/tvos    ( 1711): [UpdateDolbyPara] current model:X465S 
12-20 16:27:56.960 I/tvos    ( 1711): SetAbsoluteVolume: uPercent : 0, path=52(speaker), VolumeInt=7f, VolumeFra=0
12-20 16:27:56.960 I/tvos    ( 1711): SetAbsoluteVolume: uPercent : 0, path=49(HP), VolumeInt=7f, VolumeFra=0
12-20 16:27:56.960 I/tvos    ( 1711): SetAbsoluteVolume, m_bBTDetect is false! 
12-20 16:27:56.960 I/tvos    ( 1711): SetAbsoluteVolume: uPercent : 0, path=255(speaker), VolumeInt=7f, VolumeFra=0
12-20 16:27:57.064 I/chatty  ( 2238): uid=1000(system) SoundPool expire 6 lines
12-20 16:27:57.280 D/MSTAR_VDEC_DBG( 1706): Stream ID: 0, Rate : 24 [Vsync Rate : 24](E:0,D:0,S:0,F:3462) 
12-20 16:27:57.902 I/chatty  ( 2892): uid=1000(system) com.stv.launcher expire 9 lines
12-20 16:27:58.318 D/MSTAR_VDEC_DBG( 1706): Stream ID: 0, Rate : 25 [Vsync Rate : 25](E:0,D:0,S:0,F:3488) 
12-20 16:27:59.066 I/audio_hw_primary( 1706): adev_create_audio_patch::mix->device 
12-20 16:27:59.067 E/AudioManagerService( 1741): setAudioVolume(callingPid 1706, clientPid 1706, enSoundPath 0, volumn:0 )
12-20 16:27:59.068 I/tvos    ( 1711): SetVolume, subWooExist 0!
12-20 16:27:59.068 I/tvos    ( 1711): Dolby getEnvPar ok~
12-20 16:27:59.068 I/tvos    ( 1711): [UpdateDolbyPara] current model:X465S 
12-20 16:27:59.068 I/tvos    ( 1711): SetAbsoluteVolume: uPercent : 0, path=52(speaker), VolumeInt=7f, VolumeFra=0
12-20 16:27:59.068 I/tvos    ( 1711): SetAbsoluteVolume: uPercent : 0, path=49(HP), VolumeInt=7f, VolumeFra=0
12-20 16:27:59.068 I/tvos    ( 1711): SetAbsoluteVolume, m_bBTDetect is false! 
12-20 16:27:59.068 I/tvos    ( 1711): SetAbsoluteVolume: uPercent : 0, path=255(speaker), VolumeInt=7f, VolumeFra=0
12-20 16:27:59.359 D/MSTAR_VDEC_DBG( 1706): Stream ID: 0, Rate : 25 [Vsync Rate : 25](E:0,D:0,S:0,F:3514) 
12-20 16:28:00.315 I/chatty  ( 3441): uid=10020 com.stv.cdeapk:cde expire 116 lines
12-20 16:28:00.398 D/MSTAR_VDEC_DBG( 1706): Stream ID: 0, Rate : 25 [Vsync Rate : 25](E:0,D:0,S:0,F:3540) 
12-20 16:28:00.540 I/chatty  ( 4251): uid=1000(system) HelperService expire 14 lines
12-20 16:28:01.439 D/MSTAR_VDEC_DBG( 1706): Stream ID: 0, Rate : 24 [Vsync Rate : 24](E:0,D:0,S:0,F:3566) 
12-20 16:28:02.476 D/MSTAR_VDEC_DBG( 1706): Stream ID: 0, Rate : 25 [Vsync Rate : 25](E:0,D:0,S:0,F:3592) 
12-20 16:28:03.481 D/MSTAR_VDEC_DBG( 1706): Stream ID: 0, Rate : 24 [Vsync Rate : 24](E:0,D:0,S:0,F:3617) 
12-20 16:28:03.660 I/chatty  ( 2892): uid=1000(system) GlobalSingleThr expire 20 lines
12-20 16:28:03.910 I/chatty  ( 2892): uid=1000(system) com.stv.launcher expire 31 lines
12-20 16:28:04.520 D/MSTAR_VDEC_DBG( 1706): Stream ID: 0, Rate : 25 [Vsync Rate : 25](E:0,D:0,S:0,F:3643) 
12-20 16:28:04.766 D/LetvManager-Service( 1728): line:54 fun:isRunReportLog is call!
12-20 16:28:04.768 D/LetvManager-Util( 1728): [get_device] 1094 string8 name=swversion
12-20 16:28:04.770 D/LetvManager-Util( 1728): [get_device] 1094 string8 name=releaseversion
12-20 16:28:04.771 D/LetvManager-Util( 1728): [get_device] 1094 string8 name=Model
12-20 16:28:04.773 D/LetvManager-Util( 1728): [get_device] 1094 string8 name=uiversion
12-20 16:28:04.775 D/LetvManager-Util( 1728): [get_device] 1094 string8 name=hwversion
12-20 16:28:04.776 D/LetvManager-Util( 1728): [get_device] 1094 string8 name=eth
12-20 16:28:04.778 D/LetvManager-Util( 1728): [get_device] 1094 string8 name=sn
12-20 16:28:04.778 E/LETV_DEVICE( 1728): read env sn Failed
12-20 16:28:04.778 D/LetvManager-Util( 1728): [get_install_package_key] base64: c24= md5: a99ad05d372a0c59b3a67f7770b19768
12-20 16:28:04.778 D/LetvManager-Util( 1728): [get_device] get package sn key error
12-20 16:28:04.780 I/chatty  ( 2238): uid=1000 system_server expire 10 lines
12-20 16:28:05.560 D/MSTAR_VDEC_DBG( 1706): Stream ID: 0, Rate : 25 [Vsync Rate : 25](E:0,D:0,S:0,F:3669) 
12-20 16:28:05.706 I/chatty  ( 1697): uid=1000(system) /system/bin/surfaceflinger expire 78 lines
12-20 16:28:05.761 I/chatty  ( 2892): uid=1000(system) com.stv.launcher expire 105 lines
12-20 16:28:05.764 I/chatty  ( 1697): uid=1000(system) /system/bin/surfaceflinger expire 1 line
12-20 16:28:05.764 I/chatty  ( 1697): uid=1000(system) /system/bin/surfaceflinger expire 1 line
12-20 16:28:05.764 I/chatty  ( 1697): uid=1000(system) /system/bin/surfaceflinger expire 1 line
12-20 16:28:06.600 D/MSTAR_VDEC_DBG( 1706): Stream ID: 0, Rate : 24 [Vsync Rate : 24](E:0,D:0,S:0,F:3695) 
12-20 16:28:07.640 D/MSTAR_VDEC_DBG( 1706): Stream ID: 0, Rate : 25 [Vsync Rate : 25](E:0,D:0,S:0,F:3721) 
12-20 16:28:08.678 D/MSTAR_VDEC_DBG( 1706): Stream ID: 0, Rate : 25 [Vsync Rate : 25](E:0,D:0,S:0,F:3747) 
12-20 16:28:09.716 D/MSTAR_VDEC_DBG( 1706): Stream ID: 0, Rate : 25 [Vsync Rate : 25](E:0,D:0,S:0,F:3773) 
12-20 16:28:09.862 I/chatty  ( 2238): uid=1000(system) InputDispatcher expire 28 lines
12-20 16:28:09.865 I/chatty  ( 2806): uid=1000(system) com.android.inputmethod.pinyin expire 10 lines
12-20 16:28:09.865 I/chatty  ( 2892): uid=1000(system) com.stv.launcher expire 541 lines
12-20 16:28:09.882 I/audio_hw_primary( 1706): adev_create_audio_patch::mix->device 
12-20 16:28:09.892 E/AudioManagerService( 1741): setAudioVolume(callingPid 1706, clientPid 1706, enSoundPath 0, volumn:0 )
12-20 16:28:09.893 I/tvos    ( 1711): SetVolume, subWooExist 0!
12-20 16:28:09.893 I/tvos    ( 1711): Dolby getEnvPar ok~
12-20 16:28:09.893 I/tvos    ( 1711): [UpdateDolbyPara] current model:X465S 
12-20 16:28:09.893 I/tvos    ( 1711): SetAbsoluteVolume: uPercent : 0, path=52(speaker), VolumeInt=7f, VolumeFra=0
12-20 16:28:09.893 I/tvos    ( 1711): SetAbsoluteVolume: uPercent : 0, path=49(HP), VolumeInt=7f, VolumeFra=0
12-20 16:28:09.893 I/tvos    ( 1711): SetAbsoluteVolume, m_bBTDetect is false! 
12-20 16:28:09.893 I/tvos    ( 1711): SetAbsoluteVolume: uPercent : 0, path=255(speaker), VolumeInt=7f, VolumeFra=0
12-20 16:28:09.901 I/chatty  ( 2892): uid=1000(system) pool-8-thread-5 expire 15 lines
12-20 16:28:09.912 I/chatty  ( 2892): uid=1000(system) AsyncTask #4 expire 60 lines
12-20 16:28:09.919 I/chatty  ( 2238): uid=1000(system) Binder_9 expire 6 lines
12-20 16:28:09.921 I/chatty  ( 2892): uid=1000(system) com.stv.launcher expire 4 lines
12-20 16:28:09.922 I/MS_OMX_BASEPORT( 1706): [OMX.MS.AVC.Decoder]MS_OMX_FlushPort: 0
12-20 16:28:09.922 D/MSTAR_VDEC_API( 1706): [0] Flush: Begin (0)
12-20 16:28:09.925 D/MSTAR_VDEC_API( 1706): [0] Flush: OK
12-20 16:28:09.925 I/MS_OMX_BASEPORT( 1706): [OMX.MS.AVC.Decoder]MS_OMX_FlushPort: 1
12-20 16:28:09.961 D/MS_OMX_VDEC( 1706): Free pBuffer[0]: 0xdb7b8008
12-20 16:28:09.961 D/MSTAR_VDEC_API( 1706): [0] Flush: Begin (0)
12-20 16:28:09.961 D/MS_OMX_VDEC( 1706): Free pBuffer[0]: 0xdb939008
12-20 16:28:09.962 D/MS_OMX_VDEC( 1706): Free pBuffer[0]: 0xdbaba008
12-20 16:28:09.962 D/MS_OMX_VDEC( 1706): Free pBuffer[0]: 0xdbc3b008
12-20 16:28:09.962 D/MS_OMX_VDEC( 1706): Free pBuffer[0]: 0xdbdbc008
12-20 16:28:09.963 D/MSTAR_VDEC_API( 1706): [0] Flush: OK
12-20 16:28:10.064 I/Utopia  ( 1706): [VDEC][VDEC][0]MApi_CMA_Pool_PutMem0 in vdec: cmaFreeParam.pool_handle_id=13, cmaFreeParam.offset_in_pool=0, cmaFreeParam.length=8200000
12-20 16:28:10.064 I/MSTAR_VDEC_API( 1706): stored streamId: 0:4040
12-20 16:28:10.064 I/MSTAR_VDEC_API( 1706): remove StreamId: 0x4040
12-20 16:28:10.065 D/MSTAR_VDEC_API( 1706): [0] MsVdecClose OK
12-20 16:28:10.067 I/chatty  ( 2892): uid=1000(system) com.stv.launcher expire 6 lines
12-20 16:28:10.068 I/chatty  ( 1698): uid=1000(system) RMService expire 13 lines
12-20 16:28:10.069 I/chatty  ( 2892): uid=1000(system) Binder_6 expire 1 line
12-20 16:28:10.086 I/chatty  ( 2892): uid=1000(system) com.stv.launcher expire 1 line
12-20 16:28:10.120 I/chatty  ( 2892): uid=1000(system) pool-8-thread-4 expire 20 lines
12-20 16:28:10.129 I/chatty  ( 2892): uid=1000(system) pool-8-thread-3 expire 20 lines
12-20 16:28:10.135 I/chatty  ( 2892): uid=1000(system) com.stv.launcher expire 4 lines
12-20 16:28:10.236 I/chatty  ( 2892): uid=1000(system) Timer-33 expire 1 line
12-20 16:28:10.239 I/chatty  ( 2892): uid=1000(system) pool-8-thread-2 expire 10 lines
12-20 16:28:10.291 I/chatty  ( 2892): uid=1000(system) pool-8-thread-1 expire 10 lines
12-20 16:28:10.305 W/ContextImpl( 2892): Calling a method in the system process without a qualified user: android.app.ContextImpl.sendBroadcast:763 letv.plugin.framework.core.WidgetContextWrapper.sendBroadcast:412 android.content.ContextWrapper.sendBroadcast:396 com.letv.component.player.videoview.VideoViewTV.openVideo:361 com.letv.component.player.videoview.VideoViewTV.setVideoURI:318 
12-20 16:28:10.423 I/chatty  ( 2238): uid=1000(system) NetworkStats expire 10 lines
12-20 16:28:10.465 I/chatty  ( 2892): uid=1000(system) CodecLooper expire 495 lines
12-20 16:28:10.465 I/MS_OMX_CORE( 1706): ComponentName : OMX.MS.AVC.Decoder, version -..
12-20 16:28:10.466 I/chatty  ( 2892): uid=1000(system) ExoPlayerImplIn expire 40 lines
12-20 16:28:10.468 I/chatty  ( 2892): uid=1000(system) MediaCodec_loop expire 1 line
12-20 16:28:10.469 E/OMXNodeInstance( 1706): getExtensionIndex(78:MS.AVC.Decoder, OMX.google.android.index.storeMetaDataInBuffers) ERROR: BadParameter(0x80001005)
12-20 16:28:10.470 E/OMXNodeInstance( 1706): getExtensionIndex(78:MS.AVC.Decoder, OMX.google.android.index.prepareForAdaptivePlayback) ERROR: BadParameter(0x80001005)
12-20 16:28:10.475 I/chatty  ( 2892): uid=1000(system) RMClient expire 6 lines
12-20 16:28:10.485 I/chatty  ( 3441): uid=10020 com.stv.cdeapk:cde expire 176 lines
12-20 16:28:10.487 D/MS_OMX_VDEC( 1706): Allocate pBuffer[0]: 0xdbdbc008
12-20 16:28:10.488 D/MS_OMX_VDEC( 1706): Allocate pBuffer[0]: 0xdbc3b008
12-20 16:28:10.488 D/MS_OMX_VDEC( 1706): Allocate pBuffer[0]: 0xdbaba008
12-20 16:28:10.488 D/MS_OMX_VDEC( 1706): Allocate pBuffer[0]: 0xdb939008
12-20 16:28:10.489 D/MS_OMX_VDEC( 1706): Allocate pBuffer[0]: 0xdb7b8008
12-20 16:28:10.490 E/OMXNodeInstance( 1706): setParameter(78:MS.AVC.Decoder, ParamPortDefinition(0x2000001)) ERROR: BadParameter(0x80001005)
12-20 16:28:10.490 E/OMXNodeInstance( 1706): setParameter(78:MS.AVC.Decoder, ParamPortDefinition(0x2000001)) ERROR: BadParameter(0x80001005)
12-20 16:28:10.491 I/chatty  ( 1697): uid=1000(system) Binder_3 expire 7 lines
12-20 16:28:10.493 I/chatty  ( 1697): uid=1000(system) Binder_5 expire 12 lines
12-20 16:28:10.505 I/MSTAR_VDEC_API( 1706): Open Stream State: 11 0x0
12-20 16:28:10.505 I/MSTAR_VDEC_API( 1706): Open Stream Type: 0, pid=1706
12-20 16:28:10.505 I/Utopia  ( 1706): [VDEC]E_VDEC_EX_V2_USER_CMD_DYNAMIC_CMA_MODE 0x1
12-20 16:28:10.505 I/MSTAR_VDEC_API( 1706): [0] MApi_VDEC_EX_GetFreeStream bResult = 1
12-20 16:28:10.505 I/MSTAR_VDEC_API( 1706): no stored streamIds
12-20 16:28:10.505 I/MSTAR_VDEC_API( 1706): no stored streamIds
12-20 16:28:10.505 I/MSTAR_VDEC_API( 1706): add StreamId: 0x4040
12-20 16:28:10.508 I/apiMMAP ( 1706): get_info: E_MMAP_ID_VDEC_FRAMEBUFFER: not fount
12-20 16:28:10.508 W/MS_LOG  ( 1706): mmapInfo == NULL
12-20 16:28:10.508 D/MSTAR_VDEC_API( 1706): pInitParam->SysConfig.u32CodeBufAddr = 80000000
12-20 16:28:10.508 D/MSTAR_VDEC_API( 1706): pInitParam->SysConfig.u32CodeBufSize = 10485760
12-20 16:28:10.508 D/MSTAR_VDEC_API( 1706): pInitParam->SysConfig.u32FrameBufAddr = 0
12-20 16:28:10.508 D/MSTAR_VDEC_API( 1706): pInitParam->SysConfig.u32FrameBufSize = 0
12-20 16:28:10.508 D/MSTAR_VDEC_API( 1706): pInitParam->SysConfig.u32BitstreamBufAddr = 81400000
12-20 16:28:10.508 D/MSTAR_VDEC_API( 1706): pInitParam->SysConfig.u32BitstreamBufSize = 37748736
12-20 16:28:10.508 D/MSTAR_VDEC_API( 1706): pInitParam->SysConfig.u32DrvProcBufAddr = 81400000
12-20 16:28:10.508 D/MSTAR_VDEC_API( 1706): pInitParam->SysConfig.u32DrvProcBufSize = 524288
12-20 16:28:10.508 D/MSTAR_VDEC_API( 1706): FrameRate from demuxer: 0 0, 0 0
12-20 16:28:10.508 I/Utopia  ( 1706): [VDEC]E_VDEC_EX_V2_USER_CMD_DYNAMIC_CMA_MODE 0x1
12-20 16:28:10.508 D/MSTAR_VDEC_API( 1706): pInitParam->VideoInfo.eTimeStampType = 0x3
12-20 16:28:10.521 I/chatty  ( 2892): uid=1000(system) MediaCodec_loop expire 1 line
12-20 16:28:10.551 I/chatty  ( 2892): uid=1000(system) NotificationAct expire 71 lines
12-20 16:28:10.555 I/Utopia  ( 1706): [VDEC][VDEC][0] MApi_CMA_Pool_Init[0]: pool_handle_id=13, miu=1, offset=13400000, length=f800000 , FrameBuffer=0, unUseSize=0
12-20 16:28:10.593 I/Utopia  ( 1706): [VDEC][VDEC][0] MApi_CMA_Pool_Init[1]: pool_handle_id=14, miu=0, offset=1d000000, length=4800000 , FrameBuffer=0, unUseSize=0
12-20 16:28:10.593 D/        ( 1706): [HAL][HAL_VPU_EX_GetCMAMemSize]:[4648] total_length:260046848, cType:11, sType:2
12-20 16:28:10.593 D/        ( 1706): [HAL][HAL_VPU_EX_GetCMAMemSize]:[4657] FrameSize:136314880, offset:0, length:0 
12-20 16:28:10.593 I/Utopia  ( 1706): [VDEC][VDEC][0][CMA]u32FrameBufSize is 0
12-20 16:28:10.603 I/chatty  ( 2892): uid=1000(system) com.stv.launcher expire 2 lines
12-20 16:28:10.624 I/chatty  ( 2892): uid=1000(system) gle.aac.decoder expire 1 line
12-20 16:28:10.643 W/ContextImpl( 2892): Calling a method in the system process without a qualified user: android.app.ContextImpl.sendBroadcast:763 letv.plugin.framework.core.WidgetContextWrapper.sendBroadcast:412 android.content.ContextWrapper.sendBroadcast:396 com.letv.android.letvlive.phone_interaction.PhoneInteractManager.pushPlayParamsToPhone:60 com.letv.android.letvlive.playerlibs.PlayerMainFragment.onPrePared:333 
12-20 16:28:10.661 I/audio_hw_primary( 1706): adev_create_audio_patch::mix->device 
12-20 16:28:10.662 E/AudioManagerService( 1741): setAudioVolume(callingPid 1706, clientPid 1706, enSoundPath 0, volumn:0 )
12-20 16:28:10.663 I/tvos    ( 1711): SetVolume, subWooExist 0!
12-20 16:28:10.663 I/tvos    ( 1711): Dolby getEnvPar ok~
12-20 16:28:10.663 I/tvos    ( 1711): [UpdateDolbyPara] current model:X465S 
12-20 16:28:10.663 I/tvos    ( 1711): SetAbsoluteVolume: uPercent : 0, path=52(speaker), VolumeInt=7f, VolumeFra=0
12-20 16:28:10.663 I/tvos    ( 1711): SetAbsoluteVolume: uPercent : 0, path=49(HP), VolumeInt=7f, VolumeFra=0
12-20 16:28:10.663 I/tvos    ( 1711): SetAbsoluteVolume, m_bBTDetect is false! 
12-20 16:28:10.663 I/tvos    ( 1711): SetAbsoluteVolume: uPercent : 0, path=255(speaker), VolumeInt=7f, VolumeFra=0
12-20 16:28:10.666 E/AudioManagerService( 1741): setAudioVolume(callingPid 1706, clientPid 1706, enSoundPath 0, volumn:0 )
12-20 16:28:10.667 D/LetvManager-Util( 1728): [get_device] 1094 string8 name=Model
12-20 16:28:10.667 D/LetvManager-Util( 1728): [get_device] 1094 string8 name=eth
12-20 16:28:10.668 D/LetvManager-Util( 1728): [get_device] 1094 string8 name=eth
12-20 16:28:10.669 D/LetvManager-Util( 1728): [get_device] 1094 string8 name=releaseversion
12-20 16:28:10.669 D/LetvManager-Util( 1728): [get_device] 1094 string8 name=Model
12-20 16:28:10.670 I/StvLogReport( 3061): CloudService, {"seq":72,"devid":"X465S-b01bd2378ef5-","mac":"b01bd2378ef5","uid":"246778564","clientVersion":"5.9.052S_1214","model":"X465S","time":1482222490,"app":"LIVE","signalType":"","status":"","channleName":"","channelType":"","channelId":"3274","videoAid":"10030259","videoVid":"27233918"}
12-20 16:28:10.670 I/tvos    ( 1711): SetVolume, subWooExist 0!
12-20 16:28:10.670 I/tvos    ( 1711): Dolby getEnvPar ok~
12-20 16:28:10.670 I/tvos    ( 1711): [UpdateDolbyPara] current model:X465S 
12-20 16:28:10.670 I/tvos    ( 1711): SetAbsoluteVolume: uPercent : 0, path=52(speaker), VolumeInt=7f, VolumeFra=0
12-20 16:28:10.670 I/tvos    ( 1711): SetAbsoluteVolume: uPercent : 0, path=49(HP), VolumeInt=7f, VolumeFra=0
12-20 16:28:10.670 I/tvos    ( 1711): SetAbsoluteVolume, m_bBTDetect is false! 
12-20 16:28:10.670 I/tvos    ( 1711): SetAbsoluteVolume: uPercent : 0, path=255(speaker), VolumeInt=7f, VolumeFra=0
12-20 16:28:10.743 I/chatty  ( 2892): uid=1000(system) Loader:HLS expire 54 lines
12-20 16:28:10.760 I/Utopia  ( 1706): [VDEC][VDEC][0]MApi_CMA_Pool_GetMem0: alloc_param.pool_handle_id=13, alloc_param.flags=4, alloc_param.offset_in_pool=0, alloc_param.length=8200000
12-20 16:28:10.760 D/Utopia  ( 1706): [SYS][SYS] Unknown query!
12-20 16:28:10.969 D/        ( 1706): [1;32m[HAL_VPU_EX_CPUSetting] 2483  u8MiuSel = 1  r2_miu_sel = 0x0 [m
12-20 16:28:10.978 D/        ( 1706): [HAL_VPU_EX_TaskCreate][1825] create task : id 0x4040, cmd 0x40102, arg 0x100000, bbuID 0, offset 0 
12-20 16:28:10.979 D/MSTAR_VDEC_API( 1706): [Time] vdec_init: 470, ref: 80
12-20 16:28:10.979 D/MSTAR_VDEC_API( 1706): Demuxer Frame Rate = 0 0
12-20 16:28:10.979 I/apiMMAP ( 1706): get_info: E_MMAP_ID_VDEC_FRAMEBUFFER_BALANCE_BW: not fount
12-20 16:28:10.979 W/MS_LOG  ( 1706): mmapInfo == NULL
12-20 16:28:11.009 D/MSTAR_VDEC_API( 1706): u32SHMAddr = 0x800fc000, u8DataOnMIU = 0x0
12-20 16:28:11.009 D/MSTAR_VDEC_API( 1706): u8AspectRate = 0x1, u32AspectWidth = 1280, u32AspectHeight = 720
12-20 16:28:11.009 D/MSTAR_VDEC_API( 1706): phyVsyncBridgeExtAddr = 0x800fc800, u8DataOnMIU = 0x0, W/H [1280/720] CROP = [0 0 0 0]
12-20 16:28:11.009 D/MSTAR_VDEC_API( 1706): [0] Free Backup Config Data
12-20 16:28:11.038 D/MSTAR_VDEC_API( 1706): [Time] first_get_frame: 55, ref: 60
12-20 16:28:11.038 D/MSTAR_VDEC_DBG( 1706): Stream ID: 0, Rate : 0 [Vsync Rate : 2](E:0,D:0,S:0,F:7) 
12-20 16:28:11.058 I/chatty  ( 1697): uid=1000(system) Binder_2 expire 13 lines
12-20 16:28:11.066 I/chatty  ( 2238): uid=1000(system) Binder_2 expire 5 lines
12-20 16:28:11.502 I/chatty  ( 4251): uid=1000(system) HelperService expire 26 lines
12-20 16:28:11.726 I/TaskManager( 3870): =TaskRunnable=taskList==0
12-20 16:28:12.083 D/MSTAR_VDEC_DBG( 1706): Stream ID: 0, Rate : 30 [Vsync Rate : 24](E:0,D:0,S:0,F:49) 
12-20 16:28:12.413 I/chatty  ( 1697): uid=1000(system) /system/bin/surfaceflinger expire 1 line
12-20 16:28:12.413 I/chatty  ( 1697): uid=1000(system) /system/bin/surfaceflinger expire 1 line
12-20 16:28:12.413 I/chatty  ( 1697): uid=1000(system) /system/bin/surfaceflinger expire 1 line
12-20 16:28:12.578 I/art     (17521): Background concurrent mark sweep GC freed 689(92KB) AllocSpace objects, 1(20KB) LOS objects, 92% free, 80KB/1104KB, paused 483us total 108.942ms
12-20 16:28:13.119 D/MSTAR_VDEC_DBG( 1706): Stream ID: 0, Rate : 25 [Vsync Rate : 25](E:0,D:0,S:0,F:75) 
12-20 16:28:13.555 I/chatty  ( 4758): uid=1000(system) Thread-172 expire 14 lines
12-20 16:28:14.159 D/MSTAR_VDEC_DBG( 1706): Stream ID: 0, Rate : 25 [Vsync Rate : 25](E:0,D:0,S:0,F:101) 
12-20 16:28:14.208 I/chatty  ( 2892): uid=1000(system) GlobalSingleThr expire 21 lines
12-20 16:28:15.199 D/MSTAR_VDEC_DBG( 1706): Stream ID: 0, Rate : 25 [Vsync Rate : 25](E:0,D:0,S:0,F:127) 
12-20 16:28:15.818 I/tvos    ( 1711): rtc read time:2016-12-20 8:28:15.
12-20 16:28:15.818 I/tvos    ( 1711): tm_year = 2016, tm_mon = 12, tm_mday = 20, tm_hour = 8,tm_min= 28,  tm_sec = 15
12-20 16:28:15.818 I/tvos    ( 1711): timeSeconds:1482222495 rtcTimeSeconds:1482222495.
12-20 16:28:16.240 D/MSTAR_VDEC_DBG( 1706): Stream ID: 0, Rate : 24 [Vsync Rate : 24](E:0,D:0,S:0,F:153) 
12-20 16:28:17.278 D/MSTAR_VDEC_DBG( 1706): Stream ID: 0, Rate : 25 [Vsync Rate : 25](E:0,D:0,S:0,F:179) 
12-20 16:28:17.647 I/ActivityManager( 2238): pid = 2892, top.app.pid = 2892,not isBackgroundProcess!
12-20 16:28:17.647 D/ActivityManager( 2238): isSystemBuildInProcess uid = 1000,pid = 2892
12-20 16:28:17.647 D/ActivityManager( 2238): checkPopWindowPermission uid = 1000,pid = 2892,windowType = 2005,title = Toast,isBackgroundProc = false,isSystemProc = true,mIsUserDebug = false
12-20 16:28:17.647 D/ActivityManager( 2238): isGrantedPassport name = com.stv.launcher
12-20 16:28:17.675 I/chatty  ( 2238): uid=1000(system) Binder_1 expire 7 lines
12-20 16:28:18.058 I/chatty  ( 2892): uid=1000(system) AsyncTask #3 expire 65 lines
12-20 16:28:18.318 D/MSTAR_VDEC_DBG( 1706): Stream ID: 0, Rate : 24 [Vsync Rate : 24](E:0,D:0,S:0,F:205) 
12-20 16:28:18.693 I/chatty  ( 2238): uid=1000(system) Binder_A expire 10 lines
12-20 16:28:19.321 D/MSTAR_VDEC_DBG( 1706): Stream ID: 0, Rate : 24 [Vsync Rate : 24](E:0,D:0,S:0,F:230) 
12-20 16:28:19.782 D/LetvManager-Service( 1728): line:54 fun:isRunReportLog is call!
12-20 16:28:19.783 D/LetvManager-Util( 1728): [get_device] 1094 string8 name=swversion
12-20 16:28:19.786 D/LetvManager-Util( 1728): [get_device] 1094 string8 name=releaseversion
12-20 16:28:19.787 D/LetvManager-Util( 1728): [get_device] 1094 string8 name=Model
12-20 16:28:19.789 D/LetvManager-Util( 1728): [get_device] 1094 string8 name=uiversion
12-20 16:28:19.790 D/LetvManager-Util( 1728): [get_device] 1094 string8 name=hwversion
12-20 16:28:19.792 D/LetvManager-Util( 1728): [get_device] 1094 string8 name=eth
12-20 16:28:19.793 D/LetvManager-Util( 1728): [get_device] 1094 string8 name=sn
12-20 16:28:19.793 E/LETV_DEVICE( 1728): read env sn Failed
12-20 16:28:19.794 D/LetvManager-Util( 1728): [get_install_package_key] base64: c24= md5: a99ad05d372a0c59b3a67f7770b19768
12-20 16:28:19.794 D/LetvManager-Util( 1728): [get_device] get package sn key error
12-20 16:28:20.332 I/StvLogReport( 3061): CloudService, reponse1 : {"status":"OK","statusCode":200,"message":"succeefully"}
12-20 16:28:20.361 D/MSTAR_VDEC_DBG( 1706): Stream ID: 0, Rate : 25 [Vsync Rate : 25](E:0,D:0,S:0,F:256) 
12-20 16:28:20.431 I/chatty  ( 2892): uid=1000(system) com.stv.launcher expire 364 lines
12-20 16:28:20.617 I/chatty  ( 2892): uid=1000(system) pool-8-thread-2 expire 13 lines
12-20 16:28:20.650 I/chatty  ( 2892): uid=1000(system) com.stv.launcher expire 30 lines
12-20 16:28:20.705 I/chatty  ( 2238): uid=1000(system) InputDispatcher expire 50 lines
12-20 16:28:20.709 I/chatty  ( 2238): uid=1000(system) Binder_D expire 8 lines
12-20 16:28:21.148 I/ActivityManager( 2238): pid = 2892, top.app.pid = 2892,not isBackgroundProcess!
12-20 16:28:21.148 D/ActivityManager( 2238): isSystemBuildInProcess uid = 1000,pid = 2892
12-20 16:28:21.148 D/ActivityManager( 2238): checkPopWindowPermission uid = 1000,pid = 2892,windowType = 2005,title = Toast,isBackgroundProc = false,isSystemProc = true,mIsUserDebug = false
12-20 16:28:21.148 D/ActivityManager( 2238): isGrantedPassport name = com.stv.launcher
12-20 16:28:21.149 I/chatty  ( 2238): uid=1000(system) Binder_7 expire 8 lines
12-20 16:28:21.154 I/chatty  ( 2238): uid=1000(system) Binder_F expire 10 lines
12-20 16:28:21.197 I/chatty  ( 2238): uid=1000(system) android.display expire 39 lines
12-20 16:28:21.401 D/MSTAR_VDEC_DBG( 1706): Stream ID: 0, Rate : 25 [Vsync Rate : 25](E:0,D:0,S:0,F:282) 
12-20 16:28:22.145 I/chatty  ( 3441): uid=10020 com.stv.cdeapk:cde expire 79 lines
12-20 16:28:22.185 I/chatty  ( 2806): uid=1000(system) com.android.inputmethod.pinyin expire 10 lines
12-20 16:28:22.188 I/chatty  ( 2238): uid=1000(system) Binder_B expire 12 lines
12-20 16:28:22.441 D/MSTAR_VDEC_DBG( 1706): Stream ID: 0, Rate : 25 [Vsync Rate : 25](E:0,D:0,S:0,F:308) 
12-20 16:28:23.481 D/MSTAR_VDEC_DBG( 1706): Stream ID: 0, Rate : 25 [Vsync Rate : 25](E:0,D:0,S:0,F:334) 
12-20 16:28:23.722 I/chatty  ( 4251): uid=1000(system) HelperService expire 14 lines
12-20 16:28:23.987 I/chatty  ( 2238): uid=1000(system) NetworkStats expire 10 lines
12-20 16:28:24.521 D/MSTAR_VDEC_DBG( 1706): Stream ID: 0, Rate : 24 [Vsync Rate : 24](E:0,D:0,S:0,F:360) 
12-20 16:28:24.649 I/ActivityManager( 2238): pid = 2892, top.app.pid = 2892,not isBackgroundProcess!
12-20 16:28:24.649 D/ActivityManager( 2238): isSystemBuildInProcess uid = 1000,pid = 2892
12-20 16:28:24.649 D/ActivityManager( 2238): checkPopWindowPermission uid = 1000,pid = 2892,windowType = 2005,title = Toast,isBackgroundProc = false,isSystemProc = true,mIsUserDebug = false
12-20 16:28:24.649 D/ActivityManager( 2238): isGrantedPassport name = com.stv.launcher
12-20 16:28:24.649 I/chatty  ( 2238): uid=1000(system) Binder_10 expire 10 lines
12-20 16:28:24.770 I/chatty  ( 2892): uid=1000(system) GlobalSingleThr expire 21 lines
12-20 16:28:25.456 I/chatty  ( 2892): uid=1000(system) Loader:HLS expire 63 lines
12-20 16:28:25.560 D/MSTAR_VDEC_DBG( 1706): Stream ID: 0, Rate : 25 [Vsync Rate : 25](E:0,D:0,S:0,F:386) 
12-20 16:28:26.085 I/chatty  ( 2892): uid=1000(system) pool-8-thread-5 expire 10 lines
12-20 16:28:26.600 D/MSTAR_VDEC_DBG( 1706): Stream ID: 0, Rate : 25 [Vsync Rate : 25](E:0,D:0,S:0,F:412) 
12-20 16:28:26.676 I/chatty  ( 4758): uid=1000(system) Thread-172 expire 16 lines
12-20 16:28:26.707 I/chatty  (17535): uid=10077(com.example.android.testing.uiautomator.TvAutoTest) expire 10 lines
12-20 16:28:27.640 D/MSTAR_VDEC_DBG( 1706): Stream ID: 0, Rate : 25 [Vsync Rate : 25](E:0,D:0,S:0,F:438) 
12-20 16:28:28.146 I/ActivityManager( 2238): pid = 2892, top.app.pid = 2892,not isBackgroundProcess!
12-20 16:28:28.146 D/ActivityManager( 2238): isSystemBuildInProcess uid = 1000,pid = 2892
12-20 16:28:28.146 D/ActivityManager( 2238): checkPopWindowPermission uid = 1000,pid = 2892,windowType = 2005,title = Toast,isBackgroundProc = false,isSystemProc = true,mIsUserDebug = false
12-20 16:28:28.146 D/ActivityManager( 2238): isGrantedPassport name = com.stv.launcher
12-20 16:28:28.178 I/chatty  ( 1697): uid=1000(system) Binder_1 expire 8 lines
12-20 16:28:28.680 D/MSTAR_VDEC_DBG( 1706): Stream ID: 0, Rate : 25 [Vsync Rate : 25](E:0,D:0,S:0,F:464) 
12-20 16:28:28.787 W/ContextImpl( 2238): Calling a method in the system process without a qualified user: android.app.ContextImpl.startActivity:658 letv.desktop.DesktopManagerService.startActivity:845 letv.desktop.DesktopManagerService.startDockOrHome:871 letv.desktop.DesktopManager.startDockOrHome:731 com.android.server.policy.PhoneWindowManager.startDockOrHome:7580 
12-20 16:28:28.787 W/ContextImpl( 2238): Calling a method in the system process without a qualified user: android.app.ContextImpl.startActivity:670 android.app.ContextImpl.startActivity:659 letv.desktop.DesktopManagerService.startActivity:845 letv.desktop.DesktopManagerService.startDockOrHome:871 letv.desktop.DesktopManager.startDockOrHome:731 
12-20 16:28:28.788 I/ActivityManager( 2238): START u0 {act=android.intent.action.MAIN cat=[android.intent.category.HOME] flg=0x10200000 pkg=com.stv.launcher cmp=com.stv.launcher/.activity.Launcher} from uid 1000 on display 0
12-20 16:28:28.818 W/ContextImpl( 2892): Calling a method in the system process without a qualified user: android.app.ContextImpl.sendBroadcast:763 android.content.ContextWrapper.sendBroadcast:396 com.stv.launcher.activity.Launcher.onNewIntent:506 android.app.Instrumentation.callActivityOnNewIntent:1212 android.app.Instrumentation.callActivityOnNewIntent:1224 
12-20 16:28:28.825 I/chatty  ( 1722): uid=1000(system) remoteupgradese expire 15 lines
12-20 16:28:29.720 D/MSTAR_VDEC_DBG( 1706): Stream ID: 0, Rate : 25 [Vsync Rate : 25](E:0,D:0,S:0,F:490) 
12-20 16:28:30.524 I/chatty  ( 2892): uid=1000(system) CodecLooper expire 263 lines
12-20 16:28:30.670 I/chatty  ( 2892): uid=1000(system) ExoPlayerImplIn expire 11 lines
12-20 16:28:30.759 D/MSTAR_VDEC_DBG( 1706): Stream ID: 0, Rate : 25 [Vsync Rate : 25](E:0,D:0,S:0,F:516) 
12-20 16:28:31.648 I/ActivityManager( 2238): pid = 2892, top.app.pid = 2892,not isBackgroundProcess!
12-20 16:28:31.648 D/ActivityManager( 2238): isSystemBuildInProcess uid = 1000,pid = 2892
12-20 16:28:31.648 D/ActivityManager( 2238): checkPopWindowPermission uid = 1000,pid = 2892,windowType = 2005,title = Toast,isBackgroundProc = false,isSystemProc = true,mIsUserDebug = false
12-20 16:28:31.648 D/ActivityManager( 2238): isGrantedPassport name = com.stv.launcher
12-20 16:28:31.679 I/chatty  ( 1697): uid=1000(system) Binder_5 expire 7 lines
12-20 16:28:31.767 I/TaskManager( 3870): =TaskRunnable=taskList==0
12-20 16:28:31.799 D/MSTAR_VDEC_DBG( 1706): Stream ID: 0, Rate : 25 [Vsync Rate : 25](E:0,D:0,S:0,F:542) 
12-20 16:28:32.212 I/chatty  ( 1697): uid=1000(system) graphic_workthr expire 6 lines
12-20 16:28:32.839 D/MSTAR_VDEC_DBG( 1706): Stream ID: 0, Rate : 24 [Vsync Rate : 24](E:0,D:0,S:0,F:568) 
12-20 16:28:33.879 D/MSTAR_VDEC_DBG( 1706): Stream ID: 0, Rate : 25 [Vsync Rate : 25](E:0,D:0,S:0,F:594) 
12-20 16:28:34.024 I/chatty  ( 4251): uid=1000(system) HelperService expire 24 lines
12-20 16:28:34.305 I/chatty  ( 3441): uid=10020 com.stv.cdeapk:cde expire 53 lines
12-20 16:28:34.793 I/chatty  ( 2238): uid=1000(system) WifiStateMachin expire 8 lines
12-20 16:28:34.799 D/LetvManager-Service( 1728): line:54 fun:isRunReportLog is call!
12-20 16:28:34.807 D/LetvManager-Util( 1728): [get_device] 1094 string8 name=swversion
12-20 16:28:34.812 D/LetvManager-Util( 1728): [get_device] 1094 string8 name=releaseversion
12-20 16:28:34.815 D/LetvManager-Util( 1728): [get_device] 1094 string8 name=Model
12-20 16:28:34.821 D/LetvManager-Util( 1728): [get_device] 1094 string8 name=uiversion
12-20 16:28:34.823 D/LetvManager-Util( 1728): [get_device] 1094 string8 name=hwversion
12-20 16:28:34.824 D/LetvManager-Util( 1728): [get_device] 1094 string8 name=eth
12-20 16:28:34.826 D/LetvManager-Util( 1728): [get_device] 1094 string8 name=sn
12-20 16:28:34.826 E/LETV_DEVICE( 1728): read env sn Failed
12-20 16:28:34.826 D/LetvManager-Util( 1728): [get_install_package_key] base64: c24= md5: a99ad05d372a0c59b3a67f7770b19768
12-20 16:28:34.826 D/LetvManager-Util( 1728): [get_device] get package sn key error
12-20 16:28:34.919 D/MSTAR_VDEC_DBG( 1706): Stream ID: 0, Rate : 25 [Vsync Rate : 25](E:0,D:0,S:0,F:620) 
12-20 16:28:35.144 I/ActivityManager( 2238): pid = 2892, top.app.pid = 2892,not isBackgroundProcess!
12-20 16:28:35.144 D/ActivityManager( 2238): isSystemBuildInProcess uid = 1000,pid = 2892
12-20 16:28:35.144 D/ActivityManager( 2238): checkPopWindowPermission uid = 1000,pid = 2892,windowType = 2005,title = Toast,isBackgroundProc = false,isSystemProc = true,mIsUserDebug = false
12-20 16:28:35.145 D/ActivityManager( 2238): isGrantedPassport name = com.stv.launcher
12-20 16:28:35.280 I/chatty  ( 2892): uid=1000(system) GlobalSingleThr expire 21 lines
12-20 16:28:35.958 D/MSTAR_VDEC_DBG( 1706): Stream ID: 0, Rate : 25 [Vsync Rate : 25](E:0,D:0,S:0,F:646) 
12-20 16:28:36.519 I/chatty  ( 2892): uid=1000(system) Loader:HLS expire 61 lines
12-20 16:28:36.795 I/chatty  ( 2238): uid=1000(system) InputDispatcher expire 32 lines
12-20 16:28:36.857 I/chatty  ( 2892): uid=1000(system) pool-8-thread-1 expire 10 lines
12-20 16:28:36.998 D/MSTAR_VDEC_DBG( 1706): Stream ID: 0, Rate : 25 [Vsync Rate : 25](E:0,D:0,S:0,F:672) 
12-20 16:28:37.859 I/chatty  (17535): uid=10077(com.example.android.testing.uiautomator.TvAutoTest) expire 53 lines
12-20 16:28:38.038 D/MSTAR_VDEC_DBG( 1706): Stream ID: 0, Rate : 25 [Vsync Rate : 25](E:0,D:0,S:0,F:698) 
12-20 16:28:38.672 I/ActivityManager( 2238): pid = 2892, top.app.pid = 2892,not isBackgroundProcess!
12-20 16:28:38.672 D/ActivityManager( 2238): isSystemBuildInProcess uid = 1000,pid = 2892
12-20 16:28:38.672 D/ActivityManager( 2238): checkPopWindowPermission uid = 1000,pid = 2892,windowType = 2005,title = Toast,isBackgroundProc = false,isSystemProc = true,mIsUserDebug = false
12-20 16:28:38.672 D/ActivityManager( 2238): isGrantedPassport name = com.stv.launcher
12-20 16:28:39.045 D/MSTAR_VDEC_DBG( 1706): Stream ID: 0, Rate : 24 [Vsync Rate : 24](E:0,D:0,S:0,F:723) 
12-20 16:28:39.863 I/chatty  ( 2238): uid=1000(system) Thread-41 expire 15 lines
12-20 16:28:39.864 I/chatty  ( 2806): uid=1000(system) com.android.inputmethod.pinyin expire 12 lines
12-20 16:28:39.864 I/chatty  ( 1722): uid=1000(system) Binder_1 expire 30 lines
12-20 16:28:39.902 I/audio_hw_primary( 1706): adev_create_audio_patch::mix->device 
12-20 16:28:39.904 E/AudioManagerService( 1741): setAudioVolume(callingPid 1706, clientPid 1706, enSoundPath 0, volumn:0 )
12-20 16:28:39.904 I/tvos    ( 1711): SetVolume, subWooExist 0!
12-20 16:28:39.904 I/tvos    ( 1711): Dolby getEnvPar ok~
12-20 16:28:39.904 I/tvos    ( 1711): [UpdateDolbyPara] current model:X465S 
12-20 16:28:39.904 I/tvos    ( 1711): SetAbsoluteVolume: uPercent : 0, path=52(speaker), VolumeInt=7f, VolumeFra=0
12-20 16:28:39.904 I/tvos    ( 1711): SetAbsoluteVolume: uPercent : 0, path=49(HP), VolumeInt=7f, VolumeFra=0
12-20 16:28:39.904 I/tvos    ( 1711): SetAbsoluteVolume, m_bBTDetect is false! 
12-20 16:28:39.904 I/tvos    ( 1711): SetAbsoluteVolume: uPercent : 0, path=255(speaker), VolumeInt=7f, VolumeFra=0
12-20 16:28:40.051 I/chatty  ( 2238): uid=1000(system) Binder_4 expire 6 lines
12-20 16:28:40.084 D/MSTAR_VDEC_DBG( 1706): Stream ID: 0, Rate : 25 [Vsync Rate : 25](E:0,D:0,S:0,F:749) 
12-20 16:28:40.949 I/chatty  ( 1722): uid=1000(system) remoteupgradese expire 15 lines
12-20 16:28:41.020 I/chatty  ( 2892): uid=1000(system) com.stv.launcher expire 157 lines
12-20 16:28:41.034 I/audio_hw_primary( 1706): adev_create_audio_patch::mix->device 
12-20 16:28:41.036 E/AudioManagerService( 1741): setAudioVolume(callingPid 1706, clientPid 1706, enSoundPath 0, volumn:0 )
12-20 16:28:41.036 I/tvos    ( 1711): SetVolume, subWooExist 0!
12-20 16:28:41.036 I/tvos    ( 1711): Dolby getEnvPar ok~
12-20 16:28:41.036 I/tvos    ( 1711): [UpdateDolbyPara] current model:X465S 
12-20 16:28:41.036 I/tvos    ( 1711): SetAbsoluteVolume: uPercent : 0, path=52(speaker), VolumeInt=7f, VolumeFra=0
12-20 16:28:41.036 I/tvos    ( 1711): SetAbsoluteVolume: uPercent : 0, path=49(HP), VolumeInt=7f, VolumeFra=0
12-20 16:28:41.036 I/tvos    ( 1711): SetAbsoluteVolume, m_bBTDetect is false! 
12-20 16:28:41.036 I/tvos    ( 1711): SetAbsoluteVolume: uPercent : 0, path=255(speaker), VolumeInt=7f, VolumeFra=0
12-20 16:28:41.046 I/chatty  ( 2892): uid=1000(system) CodecLooper expire 258 lines
12-20 16:28:41.124 D/MSTAR_VDEC_DBG( 1706): Stream ID: 0, Rate : 25 [Vsync Rate : 25](E:0,D:0,S:0,F:775) 
12-20 16:28:42.164 D/MSTAR_VDEC_DBG( 1706): Stream ID: 0, Rate : 25 [Vsync Rate : 25](E:0,D:0,S:0,F:801) 
12-20 16:28:42.658 I/chatty  ( 2238): uid=1000(system) NetworkStats expire 10 lines
12-20 16:28:43.126 I/audio_hw_primary( 1706): adev_create_audio_patch::mix->device 
12-20 16:28:43.132 E/AudioManagerService( 1741): setAudioVolume(callingPid 1706, clientPid 1706, enSoundPath 0, volumn:0 )
12-20 16:28:43.132 I/tvos    ( 1711): SetVolume, subWooExist 0!
12-20 16:28:43.132 I/tvos    ( 1711): Dolby getEnvPar ok~
12-20 16:28:43.132 I/tvos    ( 1711): [UpdateDolbyPara] current model:X465S 
12-20 16:28:43.132 I/tvos    ( 1711): SetAbsoluteVolume: uPercent : 0, path=52(speaker), VolumeInt=7f, VolumeFra=0
12-20 16:28:43.132 I/tvos    ( 1711): SetAbsoluteVolume: uPercent : 0, path=49(HP), VolumeInt=7f, VolumeFra=0
12-20 16:28:43.132 I/tvos    ( 1711): SetAbsoluteVolume, m_bBTDetect is false! 
12-20 16:28:43.132 I/tvos    ( 1711): SetAbsoluteVolume: uPercent : 0, path=255(speaker), VolumeInt=7f, VolumeFra=0
12-20 16:28:43.164 D/MSTAR_VDEC_DBG( 1706): Stream ID: 0, Rate : 25 [Vsync Rate : 25](E:0,D:0,S:0,F:826) 
12-20 16:28:43.264 I/chatty  ( 4758): uid=1000(system) Thread-172 expire 15 lines
12-20 16:28:44.204 D/MSTAR_VDEC_DBG( 1706): Stream ID: 0, Rate : 25 [Vsync Rate : 25](E:0,D:0,S:0,F:852) 
