12-20 16:27:25.436 V/PackageParser( 4251): packageName: com.stv.cloudgallery
12-20 16:27:25.438 V/PackageParser( 4251): packageName: com.android.certinstaller
12-20 16:27:25.441 V/PackageParser( 4251): packageName: com.stv.launcher
12-20 16:27:25.446 V/PackageParser( 4251): packageName: com.stv.agnes
12-20 16:27:25.450 V/PackageParser( 4251): packageName: com.le.android.webview
12-20 16:27:25.453 V/PackageParser( 4251): packageName: com.android.wallpaper
12-20 16:27:25.458 V/PackageParser( 4251): packageName: android
12-20 16:27:25.472 V/PackageParser( 4251): packageName: eui
12-20 16:27:25.474 V/PackageParser( 4251): packageName: com.example.android.testing.uiautomator.TvAutoTest
12-20 16:27:25.477 V/PackageParser( 4251): packageName: com.android.galaxy4
12-20 16:27:25.479 V/PackageParser( 4251): packageName: com.android.bluetoothmidiservice
12-20 16:27:25.481 V/PackageParser( 4251): packageName: com.stv.reportService
12-20 16:27:25.483 D/MSTAR_VDEC_DBG( 1706): Stream ID: 0, Rate : 25 [Vsync Rate : 25](E:0,D:0,S:0,F:2667) 
12-20 16:27:25.484 V/PackageParser( 4251): packageName: com.android.captiveportallogin
12-20 16:27:25.488 V/PackageParser( 4251): packageName: com.stv.cdeapk
12-20 16:27:25.491 V/PackageParser( 4251): packageName: com.android.backupconfirm
12-20 16:27:25.496 V/PackageParser( 4251): packageName: com.android.sharedstoragebackup
12-20 16:27:25.498 V/PackageParser( 4251): packageName: com.android.wallpaper.holospiral
12-20 16:27:25.501 V/PackageParser( 4251): packageName: com.android.wallpapercropper
12-20 16:27:25.504 V/PackageParser( 4251): packageName: com.example.android.testing.uiautomator.TvAutoTest.test
12-20 16:27:25.506 V/PackageParser( 4251): packageName: com.mstar.tv.service
12-20 16:27:25.509 V/PackageParser( 4251): packageName: com.stv.screenflyter
12-20 16:27:25.509 W/PackageParser( 4251): Ignoring duplicate uses-permissions/uses-permissions-sdk-m: android.permission.INTERNET in package: com.stv.screenflyter at: Binary XML file line #18
12-20 16:27:25.509 W/PackageParser( 4251): Ignoring duplicate uses-permissions/uses-permissions-sdk-m: android.permission.WRITE_EXTERNAL_STORAGE in package: com.stv.screenflyter at: Binary XML file line #20
12-20 16:27:25.511 V/PackageParser( 4251): packageName: com.stv.stvappupdate
12-20 16:27:25.512 W/PackageParser( 4251): Ignoring duplicate uses-permissions/uses-permissions-sdk-m: android.permission.ACCESS_NETWORK_STATE in package: com.stv.stvappupdate at: Binary XML file line #62
12-20 16:27:25.515 V/PackageParser( 4251): packageName: eyesight.service.service
12-20 16:27:25.518 V/PackageParser( 4251): packageName: mstar.factorymenu.ui
12-20 16:27:25.522 V/PackageParser( 4251): packageName: com.stv.factorytest
12-20 16:27:25.522 W/PackageParser( 4251): Ignoring duplicate uses-permissions/uses-permissions-sdk-m: android.permission.GET_TASKS in package: com.stv.factorytest at: Binary XML file line #29
12-20 16:27:25.531 V/PackageParser( 4251): packageName: com.stv.android.videochat
12-20 16:27:25.534 V/PackageParser( 4251): packageName: com.android.htmlviewer
12-20 16:27:25.537 V/PackageParser( 4251): packageName: com.android.statementservice
12-20 16:27:25.540 V/PackageParser( 4251): packageName: com.stv.lekey
12-20 16:27:25.540 W/PackageParser( 4251): No actions in intent filter at /system/app/LeKey/LeKey.apk Binary XML file line #26
12-20 16:27:25.543 V/PackageParser( 4251): packageName: com.android.wallpaper.livepicker
12-20 16:27:25.545 V/PackageParser( 4251): packageName: com.stv.macscanner
12-20 16:27:25.548 V/PackageParser( 4251): packageName: tvtests.com.mstar.android.tv
12-20 16:27:25.550 V/PackageParser( 4251): packageName: com.android.musicfx
12-20 16:27:25.553 V/PackageParser( 4251): packageName: com.stv.net.misc
12-20 16:27:25.555 V/PackageParser( 4251): packageName: com.android.onetimeinitializer
12-20 16:27:25.557 V/PackageParser( 4251): packageName: com.android.pacprocessor
12-20 16:27:25.559 V/PackageParser( 4251): packageName: com.svox.pico
12-20 16:27:25.561 V/PackageParser( 4251): packageName: com.mstar.android.pppoe
12-20 16:27:25.566 V/PackageParser( 4251): packageName: com.android.proxyhandler
12-20 16:27:25.569 V/PackageParser( 4251): packageName: com.android.shell
12-20 16:27:25.570 W/PackageParser( 4251): Ignoring duplicate uses-permissions/uses-permissions-sdk-m: android.permission.INSTALL_GRANT_RUNTIME_PERMISSIONS in package: com.android.shell at: Binary XML file line #101
12-20 16:27:25.573 V/PackageParser( 4251): packageName: com.stv.signalsourcemanager
12-20 16:27:25.576 V/PackageParser( 4251): packageName: com.stv.activation
12-20 16:27:25.579 V/PackageParser( 4251): packageName: com.stv.reportlog
12-20 16:27:25.583 V/PackageParser( 4251): packageName: com.stv.orbe
12-20 16:27:25.586 V/PackageParser( 4251): packageName: com.stv.stvremoterupdate
12-20 16:27:25.586 W/PackageParser( 4251): Ignoring duplicate uses-permissions/uses-permissions-sdk-m: android.permission.WRITE_EXTERNAL_STORAGE in package: com.stv.stvremoterupdate at: Binary XML file line #57
12-20 16:27:25.588 V/PackageParser( 4251): packageName: com.stv.systemcontrol
12-20 16:27:25.591 V/PackageParser( 4251): packageName: com.mstar.android.providers.tv
12-20 16:27:25.593 V/PackageParser( 4251): packageName: com.android.providers.tv
12-20 16:27:25.596 V/PackageParser( 4251): packageName: com.stv.ucenter
12-20 16:27:25.599 V/PackageParser( 4251): packageName: com.android.vpndialogs
12-20 16:27:25.620 E/AppInstallReceiver( 3870): app is add packageName:com.example.android.testing.uiautomator.TvAutoTest.test
12-20 16:27:25.640 I/chatty  ( 2238): uid=1000(system) Binder_3 expire 7 lines
12-20 16:27:25.642 I/GC_Info ( 3870): gamecenter current version code:3037
12-20 16:27:25.655 I/GC_Info ( 3870): gamecenter current version code:3037
12-20 16:27:25.696 I/System.out( 3870): postBodyString:["com.example.android.testing.uiautomator.TvAutoTest.test"]
12-20 16:27:25.701 I/System.out( 3870): POST,:http://gc.cp21.ott.cibntv.net/api/app/ckpn
12-20 16:27:25.701 I/System.out( 3870): getStatusCode=200
12-20 16:27:25.702 I/System.out( 3870): result={"status":1,"code":null,"msg":"success","serverTime":1482222445665,"entity":[]}
12-20 16:27:25.712 D/AndroidRuntime(17376): >>>>>> START com.android.internal.os.RuntimeInit uid 0 <<<<<<
12-20 16:27:25.716 D/AndroidRuntime(17376): CheckJNI is OFF
12-20 16:27:25.716 I/System.out( 3870): postBodyString:["com.example.android.testing.uiautomator.TvAutoTest.test"]
12-20 16:27:25.730 I/System.out( 3870): POST,:http://gc.cp21.ott.cibntv.net/api/app/ckpndesk
12-20 16:27:25.730 I/System.out( 3870): getStatusCode=200
12-20 16:27:25.731 I/System.out( 3870): result={"status":1,"code":null,"msg":"success","serverTime":1482222445720,"entity":[]}
12-20 16:27:25.756 D/ICU     (17376): No timezone override file found: /data/misc/zoneinfo/current/icu/icu_tzdata.dat
12-20 16:27:25.790 I/Radio-JNI(17376): register_android_hardware_Radio DONE
12-20 16:27:25.815 D/AndroidRuntime(17376): Calling main entry com.android.commands.pm.Pm
12-20 16:27:25.819 D/VoldConnector( 2238): SND -> {11 volume remount_uid 10077 read}
12-20 16:27:25.819 D/VoldCmdListener( 1689): volume remount_uid 10077 read
12-20 16:27:25.819 D/vold    ( 1689): Remounting 10077 as mode read
12-20 16:27:25.822 I/ANLP    ( 2944): minTime: 3600000, client: [com.letv.tv(10033)]
12-20 16:27:25.822 I/ANLP    ( 2944): p: 3600000, p2: 3600000
12-20 16:27:25.824 I/ANLP    ( 2944): request
12-20 16:27:25.826 I/ANLP    ( 2944): location net: true
12-20 16:27:25.830 D/VoldConnector( 2238): RCV <- {200 11 Command succeeded}
12-20 16:27:25.830 D/VoldConnector( 2238): RCV <- {200 11 Command succeeded}
12-20 16:27:25.833 I/art     (17376): System.exit called, status: 0
12-20 16:27:25.833 I/AndroidRuntime(17376): VM exiting with result code 0.
12-20 16:27:25.843 I/chatty  ( 2238): uid=1000(system) WifiStateMachin expire 59 lines
12-20 16:27:25.844 I/chatty  ( 3057): uid=1010(wifi) bcm43569wpa_sup expire 536 lines
12-20 16:27:26.484 D/MSTAR_VDEC_DBG( 1706): Stream ID: 0, Rate : 24 [Vsync Rate : 24](E:0,D:0,S:0,F:2692) 
12-20 16:27:26.486 D/AndroidRuntime(17391): >>>>>> START com.android.internal.os.RuntimeInit uid 0 <<<<<<
12-20 16:27:26.491 D/AndroidRuntime(17391): CheckJNI is OFF
12-20 16:27:26.530 D/ICU     (17391): No timezone override file found: /data/misc/zoneinfo/current/icu/icu_tzdata.dat
12-20 16:27:26.567 I/Radio-JNI(17391): register_android_hardware_Radio DONE
12-20 16:27:26.588 D/AndroidRuntime(17391): Calling main entry com.android.commands.pm.Pm
12-20 16:27:26.591 D/VoldConnector( 2238): SND -> {12 volume remount_uid 10077 write}
12-20 16:27:26.592 I/ANLP    ( 2944): minTime: 3600000, client: [com.letv.tv(10033)]
12-20 16:27:26.592 D/VoldCmdListener( 1689): volume remount_uid 10077 write
12-20 16:27:26.592 D/vold    ( 1689): Remounting 10077 as mode write
12-20 16:27:26.600 D/VoldConnector( 2238): RCV <- {200 12 Command succeeded}
12-20 16:27:26.600 D/VoldConnector( 2238): RCV <- {200 12 Command succeeded}
12-20 16:27:26.601 I/art     (17391): System.exit called, status: 0
12-20 16:27:26.601 I/AndroidRuntime(17391): VM exiting with result code 0.
12-20 16:27:27.523 D/MSTAR_VDEC_DBG( 1706): Stream ID: 0, Rate : 25 [Vsync Rate : 25](E:0,D:0,S:0,F:2718) 
12-20 16:27:27.529 I/chatty  ( 2892): uid=1000(system) com.stv.launcher expire 254 lines
12-20 16:27:27.753 I/chatty  ( 2892): uid=1000(system) com.stv.launcher expire 51 lines
12-20 16:27:27.793 W/MessageQueue( 2944): Handler (com.autonavi.aps.amapapi.a$5) {96e1652} sending message to a Handler on a dead thread
12-20 16:27:27.793 W/MessageQueue( 2944): java.lang.IllegalStateException: Handler (com.autonavi.aps.amapapi.a$5) {96e1652} sending message to a Handler on a dead thread
12-20 16:27:27.793 W/MessageQueue( 2944): 	at android.os.MessageQueue.enqueueMessage(MessageQueue.java:543)
12-20 16:27:27.793 W/MessageQueue( 2944): 	at android.os.Handler.enqueueMessage(Handler.java:631)
12-20 16:27:27.793 W/MessageQueue( 2944): 	at android.os.Handler.sendMessageAtTime(Handler.java:600)
12-20 16:27:27.793 W/MessageQueue( 2944): 	at android.os.Handler.sendMessageDelayed(Handler.java:570)
12-20 16:27:27.793 W/MessageQueue( 2944): 	at android.os.Handler.sendMessage(Handler.java:507)
12-20 16:27:27.793 W/MessageQueue( 2944): 	at android.os.Message.sendToTarget(Message.java:416)
12-20 16:27:27.793 W/MessageQueue( 2944): 	at com.autonavi.aps.amapapi.a$a.onReceive(Unknown Source)
12-20 16:27:27.793 W/MessageQueue( 2944): 	at android.app.LoadedApk$ReceiverDispatcher$Args.run(LoadedApk.java:881)
12-20 16:27:27.793 W/MessageQueue( 2944): 	at android.os.Handler.handleCallback(Handler.java:739)
12-20 16:27:27.793 W/MessageQueue( 2944): 	at android.os.Handler.dispatchMessage(Handler.java:95)
12-20 16:27:27.793 W/MessageQueue( 2944): 	at android.os.Looper.loop(Looper.java:148)
12-20 16:27:27.793 W/MessageQueue( 2944): 	at android.app.ActivityThread.main(ActivityThread.java:5417)
12-20 16:27:27.793 W/MessageQueue( 2944): 	at java.lang.reflect.Method.invoke(Native Method)
12-20 16:27:27.793 W/MessageQueue( 2944): 	at com.android.internal.os.ZygoteInit$MethodAndArgsCaller.run(ZygoteInit.java:731)
12-20 16:27:27.793 W/MessageQueue( 2944): 	at com.android.internal.os.ZygoteInit.main(ZygoteInit.java:621)
12-20 16:27:28.562 D/MSTAR_VDEC_DBG( 1706): Stream ID: 0, Rate : 25 [Vsync Rate : 25](E:0,D:0,S:0,F:2744) 
12-20 16:27:28.850 I/chatty  ( 2238): uid=1000(system) Binder_F expire 11 lines
12-20 16:27:28.856 W/ANLP    ( 2944): req key null
12-20 16:27:28.856 W/ANLP    ( 2944): location failed
12-20 16:27:28.856 I/ANLP    ( 2944): p: 3600000, p2: 3600000
12-20 16:27:28.857 I/ANLP    ( 2944): request
12-20 16:27:28.860 I/ANLP    ( 2944): location net: true
12-20 16:27:28.870 I/chatty  ( 2238): uid=1000(system) Binder_6 expire 6 lines
12-20 16:27:28.877 I/chatty  ( 4251): uid=1000(system) HelperService expire 14 lines
12-20 16:27:29.562 D/MSTAR_VDEC_DBG( 1706): Stream ID: 0, Rate : 25 [Vsync Rate : 25](E:0,D:0,S:0,F:2769) 
12-20 16:27:30.562 D/MSTAR_VDEC_DBG( 1706): Stream ID: 0, Rate : 25 [Vsync Rate : 25](E:0,D:0,S:0,F:2794) 
12-20 16:27:30.712 D/wpa_supplicant( 3057): c4:36:55:75:d4:68 freq=2462 qual=0 noise=-89~ level=-61 snr=28 flags=0xb age=3032 est=65000
12-20 16:27:30.712 D/wpa_supplicant( 3057): IEs - hexdump(len=204): 00 0e 33 36 30 57 69 46 69 2d 37 35 44 34 36 38 01 08 82 84 8b 96 12 24 48 6c 03 01 0b 32 04 0c ...
12-20 16:27:30.712 D/wpa_supplicant( 3057): Beacon IEs - hexdump(len=204): 00 0e 33 36 30 57 69 46 69 2d 37 35 44 34 36 38 01 08 82 84 8b 96 12 24 48 6c 03 01 0b 32 04 0c ...
12-20 16:27:30.712 D/wpa_supplicant( 3057): ca:ff:28:9a:ce:9e freq=2462 qual=0 noise=-89~ level=-62 snr=27 flags=0xb age=3032 est=65000
12-20 16:27:30.712 D/wpa_supplicant( 3057): IEs - hexdump(len=304): 00 1c 44 49 52 45 43 54 2d 59 43 44 45 53 4b 54 4f 50 2d 4e 37 30 49 39 52 4d 6d 73 54 53 01 08 ...
12-20 16:27:30.712 D/wpa_supplicant( 3057): Beacon IEs - hexdump(len=304): 00 1c 44 49 52 45 43 54 2d 59 43 44 45 53 4b 54 4f 50 2d 4e 37 30 49 39 52 4d 6d 73 54 53 01 08 ...
12-20 16:27:30.712 D/wpa_supplicant( 3057): e6:02:9b:7f:f1:52 freq=2462 qual=0 noise=-89~ level=-62 snr=27 flags=0xb age=0 est=65000
12-20 16:27:30.712 D/wpa_supplicant( 3057): IEs - hexdump(len=140): 00 03 73 71 6c 01 08 8c 12 98 24 b0 48 60 6c 03 01 0b 05 04 02 03 00 00 2a 01 00 2d 1a 64 08 17 ...
12-20 16:27:30.713 D/wpa_supplicant( 3057): Beacon IEs - hexdump(len=140): 00 03 73 71 6c 01 08 8c 12 98 24 b0 48 60 6c 03 01 0b 05 04 02 03 00 00 2a 01 00 2d 1a 64 08 17 ...
12-20 16:27:30.713 D/wpa_supplicant( 3057): 28:6c:07:cb:d6:de freq=2422 qual=0 noise=-89~ level=-63 snr=26 flags=0xb age=0 est=65000
12-20 16:27:30.713 D/wpa_supplicant( 3057): IEs - hexdump(len=315): 00 09 42 54 53 41 5f 30 38 31 32 01 08 82 84 8b 96 12 24 48 6c 03 01 03 2a 01 04 32 04 0c 18 30 ...
12-20 16:27:30.713 D/wpa_supplicant( 3057): Beacon IEs - hexdump(len=315): 00 09 42 54 53 41 5f 30 38 31 32 01 08 82 84 8b 96 12 24 48 6c 03 01 03 2a 01 04 32 04 0c 18 30 ...
12-20 16:27:30.713 D/wpa_supplicant( 3057): cc:81:da:6a:46:e0 freq=2452 qual=0 noise=-89~ level=-64 snr=25 flags=0xb age=3032 est=65000
12-20 16:27:30.713 D/wpa_supplicant( 3057): IEs - hexdump(len=230): 00 05 23 32 2e 34 47 01 08 82 84 8b 96 12 24 48 6c 03 01 09 32 04 0c 18 30 60 07 06 43 4e 20 01 ...
12-20 16:27:30.713 D/wpa_supplicant( 3057): Beacon IEs - hexdump(len=230): 00 05 23 32 2e 34 47 01 08 82 84 8b 96 12 24 48 6c 03 01 09 32 04 0c 18 30 60 07 06 43 4e 20 01 ...
12-20 16:27:30.713 D/wpa_supplicant( 3057): 00:6b:8e:df:7d:e0 freq=2447 qual=0 noise=-89~ level=-65 snr=24 flags=0xb age=3032 est=65000
12-20 16:27:30.713 D/wpa_supplicant( 3057): IEs - hexdump(len=230): 00 05 40 32 2e 34 47 01 08 82 84 8b 96 12 24 48 6c 03 01 08 32 04 0c 18 30 60 07 06 43 4e 20 01 ...
12-20 16:27:30.713 D/wpa_supplicant( 3057): Beacon IEs - hexdump(len=230): 00 05 40 32 2e 34 47 01 08 82 84 8b 96 12 24 48 6c 03 01 08 32 04 0c 18 30 60 07 06 43 4e 20 01 ...
12-20 16:27:30.713 D/wpa_supplicant( 3057): 94:b4:0f:a4:8a:c1 freq=2452 qual=0 noise=-89~ level=-66 snr=23 flags=0xb age=3032 est=58500
12-20 16:27:30.713 D/wpa_supplicant( 3057): IEs - hexdump(len=172): 00 0e 61 72 75 62 61 2d 6e 65 74 77 6f 72 6b 73 01 07 96 98 a4 b0 c8 60 6c 03 01 09 05 04 00 01 ...
12-20 16:27:30.713 D/wpa_supplicant( 3057): Beacon IEs - hexdump(len=172): 00 0e 61 72 75 62 61 2d 6e 65 74 77 6f 72 6b 73 01 07 96 98 a4 b0 c8 60 6c 03 01 09 05 04 00 01 ...
12-20 16:27:30.713 D/wpa_supplicant( 3057): 94:b4:0f:ab:07:60 freq=2432 qual=0 noise=-89~ level=-67 snr=22 flags=0xb age=3032 est=54000
12-20 16:27:30.714 D/wpa_supplicant( 3057): IEs - hexdump(len=172): 00 0e 61 72 75 62 61 2d 6e 65 74 77 6f 72 6b 73 01 07 96 98 a4 b0 c8 60 6c 03 01 05 05 04 00 01 ...
12-20 16:27:30.714 D/wpa_supplicant( 3057): Beacon IEs - hexdump(len=172): 00 0e 61 72 75 62 61 2d 6e 65 74 77 6f 72 6b 73 01 07 96 98 a4 b0 c8 60 6c 03 01 05 05 04 00 01 ...
12-20 16:27:30.714 D/wpa_supplicant( 3057): c8:0e:77:4e:53:4e freq=2417 qual=0 noise=-89~ level=-67 snr=22 flags=0xb age=3032 est=54000
12-20 16:27:30.714 D/wpa_supplicant( 3057): IEs - hexdump(len=216): 00 09 66 72 61 6d 65 77 6f 72 6b 01 08 82 84 8b 96 0c 12 18 24 03 01 02 05 04 00 01 00 00 07 06 ...
12-20 16:27:30.715 D/wpa_supplicant( 3057): Beacon IEs - hexdump(len=216): 00 09 66 72 61 6d 65 77 6f 72 6b 01 08 82 84 8b 96 0c 12 18 24 03 01 02 05 04 00 01 00 00 07 06 ...
12-20 16:27:30.715 D/wpa_supplicant( 3057): 94:b4:0f:a4:c0:00 freq=2452 qual=0 noise=-89~ level=-67 snr=22 flags=0xb age=3032 est=54000
12-20 16:27:30.715 D/wpa_supplicant( 3057): IEs - hexdump(len=172): 00 0e 61 72 75 62 61 2d 6e 65 74 77 6f 72 6b 73 01 07 96 98 a4 b0 c8 60 6c 03 01 09 05 04 00 01 ...
12-20 16:27:30.715 D/wpa_supplicant( 3057): Beacon IEs - hexdump(len=172): 00 0e 61 72 75 62 61 2d 6e 65 74 77 6f 72 6b 73 01 07 96 98 a4 b0 c8 60 6c 03 01 09 05 04 00 01 ...
12-20 16:27:30.715 D/wpa_supplicant( 3057): d4:ee:07:33:c7:ac freq=2412 qual=0 noise=-89~ level=-68 snr=21 flags=0xb age=0 est=54000
12-20 16:27:30.715 D/wpa_supplicant( 3057): IEs - hexdump(len=229): 00 07 43 54 53 2d 56 50 4e 01 08 82 84 8b 96 12 24 48 6c 03 01 01 32 04 0c 18 30 60 07 06 43 4e ...
12-20 16:27:30.715 D/wpa_supplicant( 3057): Beacon IEs - hexdump(len=229): 00 07 43 54 53 2d 56 50 4e 01 08 82 84 8b 96 12 24 48 6c 03 01 01 32 04 0c 18 30 60 07 06 43 4e ...
12-20 16:27:30.715 D/wpa_supplicant( 3057): bc:46:99:63:2c:d6 freq=2412 qual=0 noise=-89~ level=-69 snr=20 flags=0xb age=3032 est=54000
12-20 16:27:30.715 D/wpa_supplicant( 3057): IEs - hexdump(len=172): 00 08 79 61 6e 6a 75 6e 61 6e 01 08 82 84 8b 96 0c 12 18 24 03 01 01 05 07 00 01 00 00 00 00 00 ...
12-20 16:27:30.715 D/wpa_supplicant( 3057): Beacon IEs - hexdump(len=172): 00 08 79 61 6e 6a 75 6e 61 6e 01 08 82 84 8b 96 0c 12 18 24 03 01 01 05 07 00 01 00 00 00 00 00 ...
12-20 16:27:30.715 D/wpa_supplicant( 3057): dc:ef:09:15:5c:38 freq=2467 qual=0 noise=-89~ level=-70 snr=19 flags=0xb age=3032 est=54000
12-20 16:27:30.715 D/wpa_supplicant( 3057): IEs - hexdump(len=259): 00 08 4e 45 54 2d 32 2e 34 47 01 08 82 84 8b 96 12 24 48 6c 03 01 0c 32 04 0c 18 30 60 07 06 43 ...
12-20 16:27:30.715 D/wpa_supplicant( 3057): Beacon IEs - hexdump(len=259): 00 08 4e 45 54 2d 32 2e 34 47 01 08 82 84 8b 96 12 24 48 6c 03 01 0c 32 04 0c 18 30 60 07 06 43 ...
12-20 16:27:30.715 D/wpa_supplicant( 3057): c8:4c:75:20:c2:88 freq=2437 qual=0 noise=-89~ level=-70 snr=19 flags=0xb age=3032 est=54000
12-20 16:27:30.715 D/wpa_supplicant( 3057): IEs - hexdump(len=221): 00 07 63 69 73 63 6f 73 62 01 08 82 84 8b 96 12 24 48 6c 03 01 06 2a 01 04 32 04 0c 18 30 60 2d ...
12-20 16:27:30.716 D/wpa_supplicant( 3057): Beacon IEs - hexdump(len=221): 00 07 63 69 73 63 6f 73 62 01 08 82 84 8b 96 12 24 48 6c 03 01 06 2a 01 04 32 04 0c 18 30 60 2d ...
12-20 16:27:30.716 D/wpa_supplicant( 3057): dc:ef:09:15:5c:3c freq=5785 qual=0 noise=-92~ level=-74 snr=18 flags=0xb age=0 est=48000
12-20 16:27:30.716 D/wpa_supplicant( 3057): IEs - hexdump(len=337): 00 06 4e 45 54 2d 35 47 01 08 8c 12 98 24 b0 48 60 6c 03 01 9d 2d 1a ef 01 17 ff ff 00 00 01 00 ...
12-20 16:27:30.716 D/wpa_supplicant( 3057): Beacon IEs - hexdump(len=337): 00 06 4e 45 54 2d 35 47 01 08 8c 12 98 24 b0 48 60 6c 03 01 9d 2d 1a ef 01 17 ff ff 00 00 01 00 ...
12-20 16:27:30.716 D/wpa_supplicant( 3057): 8c:be:be:23:f7:3c freq=2417 qual=0 noise=-89~ level=-71 snr=18 flags=0xb age=0 est=48000
12-20 16:27:30.716 D/wpa_supplicant( 3057): IEs - hexdump(len=293): 00 0a 58 69 61 6f 6d 69 5f 7a 78 6b 01 08 82 84 8b 96 24 30 48 6c 03 01 02 05 04 00 01 00 00 2a ...
12-20 16:27:30.716 D/wpa_supplicant( 3057): Beacon IEs - hexdump(len=293): 00 0a 58 69 61 6f 6d 69 5f 7a 78 6b 01 08 82 84 8b 96 24 30 48 6c 03 01 02 05 04 00 01 00 00 2a ...
12-20 16:27:30.716 D/wpa_supplicant( 3057): 00:03:7f:02:23:11 freq=2412 qual=0 noise=-89~ level=-71 snr=18 flags=0xb age=3032 est=48000
12-20 16:27:30.716 D/wpa_supplicant( 3057): IEs - hexdump(len=219): 00 07 42 53 50 5f 4e 45 54 01 08 82 84 8b 96 0c 12 18 24 03 01 01 05 04 00 01 00 04 07 06 43 4e ...
12-20 16:27:30.716 D/wpa_supplicant( 3057): Beacon IEs - hexdump(len=219): 00 07 42 53 50 5f 4e 45 54 01 08 82 84 8b 96 0c 12 18 24 03 01 01 05 04 00 01 00 04 07 06 43 4e ...
12-20 16:27:30.716 D/wpa_supplicant( 3057): c8:0e:77:4e:56:a5 freq=2462 qual=0 noise=-89~ level=-72 snr=17 flags=0xb age=3032 est=48000
12-20 16:27:30.716 D/wpa_supplicant( 3057): IEs - hexdump(len=227): 00 0b 4c 65 74 76 5f 68 61 70 70 79 75 01 08 82 84 8b 96 0c 12 18 24 03 01 0b 05 04 00 01 00 00 ...
12-20 16:27:30.716 D/wpa_supplicant( 3057): Beacon IEs - hexdump(len=227): 00 0b 4c 65 74 76 5f 68 61 70 70 79 75 01 08 82 84 8b 96 0c 12 18 24 03 01 0b 05 04 00 01 00 00 ...
12-20 16:27:30.716 D/wpa_supplicant( 3057): c0:a0:bb:f6:99:06 freq=5805 qual=0 noise=-92~ level=-78 snr=14 flags=0xb age=3032 est=36000
12-20 16:27:30.716 D/wpa_supplicant( 3057): IEs - hexdump(len=280): 00 09 47 6f 6f 67 6c 65 5f 35 47 01 08 8c 92 98 a4 b0 c8 e0 ec 05 04 00 01 00 00 2d 1a 6e 10 1f ...
12-20 16:27:30.716 D/wpa_supplicant( 3057): Beacon IEs - hexdump(len=280): 00 09 47 6f 6f 67 6c 65 5f 35 47 01 08 8c 92 98 a4 b0 c8 e0 ec 05 04 00 01 00 00 2d 1a 6e 10 1f ...
12-20 16:27:30.716 D/wpa_supplicant( 3057): d0:ee:07:33:c7:ac freq=5745 qual=0 noise=-92~ level=-78 snr=14 flags=0xb age=3032 est=36000
12-20 16:27:30.716 D/wpa_supplicant( 3057): IEs - hexdump(len=204): 00 0a 43 54 53 2d 56 50 4e 2d 35 47 01 08 8c 12 98 24 b0 48 60 6c 03 01 95 07 06 43 4e 20 24 09 ...
12-20 16:27:30.716 D/wpa_supplicant( 3057): Beacon IEs - hexdump(len=204): 00 0a 43 54 53 2d 56 50 4e 2d 35 47 01 08 8c 12 98 24 b0 48 60 6c 03 01 95 07 06 43 4e 20 24 09 ...
12-20 16:27:30.716 D/wpa_supplicant( 3057): 94:77:2b:87:d0:a0 freq=5765 qual=0 noise=-92~ level=-78 snr=14 flags=0xb age=0 est=36000
12-20 16:27:30.716 D/wpa_supplicant( 3057): IEs - hexdump(len=333): 00 0a 70 6f 73 74 61 62 63 5f 35 47 01 08 8c 12 98 24 b0 48 60 6c 05 04 00 01 00 00 07 06 55 53 ...
12-20 16:27:30.716 D/wpa_supplicant( 3057): Beacon IEs - hexdump(len=333): 00 0a 70 6f 73 74 61 62 63 5f 35 47 01 08 8c 12 98 24 b0 48 60 6c 05 04 00 01 00 00 07 06 55 53 ...
12-20 16:27:30.716 D/wpa_supplicant( 3057): 94:b4:0f:ab:0c:b0 freq=5180 qual=0 noise=-92~ level=-79 snr=13 flags=0xb age=0 est=36000
12-20 16:27:30.717 D/wpa_supplicant( 3057): IEs - hexdump(len=170): 00 0e 61 72 75 62 61 2d 6e 65 74 77 6f 72 6b 73 01 05 a4 b0 c8 60 6c 03 01 24 05 04 00 01 00 00 ...
12-20 16:27:30.717 D/wpa_supplicant( 3057): Beacon IEs - hexdump(len=170): 00 0e 61 72 75 62 61 2d 6e 65 74 77 6f 72 6b 73 01 05 a4 b0 c8 60 6c 03 01 24 05 04 00 01 00 00 ...
12-20 16:27:30.717 D/wpa_supplicant( 3057): 94:b4:0f:a3:2b:d0 freq=5180 qual=0 noise=-92~ level=-79 snr=13 flags=0xb age=3032 est=36000
12-20 16:27:30.717 D/wpa_supplicant( 3057): IEs - hexdump(len=170): 00 0e 61 72 75 62 61 2d 6e 65 74 77 6f 72 6b 73 01 05 a4 b0 c8 60 6c 03 01 24 05 04 00 01 00 00 ...
12-20 16:27:30.717 D/wpa_supplicant( 3057): Beacon IEs - hexdump(len=170): 00 0e 61 72 75 62 61 2d 6e 65 74 77 6f 72 6b 73 01 05 a4 b0 c8 60 6c 03 01 24 05 04 00 01 00 00 ...
12-20 16:27:30.717 D/wpa_supplicant( 3057): 50:6a:03:a5:c5:e7 freq=5765 qual=0 noise=-92~ level=-79 snr=13 flags=0xb age=3032 est=36000
12-20 16:27:30.717 D/wpa_supplicant( 3057): IEs - hexdump(len=240): 00 10 4e 45 54 47 45 41 52 35 30 2d 35 47 5f 49 4f 54 01 08 8c 12 98 24 b0 48 60 6c 05 04 01 02 ...
12-20 16:27:30.717 D/wpa_supplicant( 3057): Beacon IEs - hexdump(len=240): 00 10 4e 45 54 47 45 41 52 35 30 2d 35 47 5f 49 4f 54 01 08 8c 12 98 24 b0 48 60 6c 05 04 01 02 ...
12-20 16:27:30.717 D/wpa_supplicant( 3057): 30:fc:68:d2:73:0f freq=5765 qual=0 noise=-92~ level=-80 snr=12 flags=0xb age=0 est=36000
12-20 16:27:30.717 D/wpa_supplicant( 3057): IEs - hexdump(len=237): 00 13 54 50 2d 4c 49 4e 4b 5f 35 47 5f 37 33 30 44 5f 49 4f 54 01 08 8c 12 98 24 b0 48 60 6c 03 ...
12-20 16:27:30.717 D/wpa_supplicant( 3057): Beacon IEs - hexdump(len=237): 00 13 54 50 2d 4c 49 4e 4b 5f 35 47 5f 37 33 30 44 5f 49 4f 54 01 08 8c 12 98 24 b0 48 60 6c 03 ...
12-20 16:27:30.717 D/wpa_supplicant( 3057): cc:81:da:6a:46:e8 freq=5825 qual=0 noise=-92~ level=-81 snr=11 flags=0xb age=0 est=36000
12-20 16:27:30.717 D/wpa_supplicant( 3057): IEs - hexdump(len=213): 00 03 23 35 47 01 08 8c 12 98 24 b0 48 60 6c 03 01 a5 07 06 43 4e 20 24 0d 14 05 04 00 01 00 40 ...
12-20 16:27:30.717 D/wpa_supplicant( 3057): Beacon IEs - hexdump(len=213): 00 03 23 35 47 01 08 8c 12 98 24 b0 48 60 6c 03 01 a5 07 06 43 4e 20 24 0d 14 05 04 00 01 00 40 ...
12-20 16:27:30.717 D/wpa_supplicant( 3057): f0:b4:29:81:7a:6d freq=2462 qual=0 noise=-89~ level=-75 snr=14 flags=0xb age=0 est=36000
12-20 16:27:30.717 D/wpa_supplicant( 3057): IEs - hexdump(len=292): 00 0b 58 69 61 6f 6d 69 5f 37 41 36 43 01 08 82 84 8b 96 12 24 48 6c 03 01 0b 32 04 0c 18 30 60 ...
12-20 16:27:30.717 D/wpa_supplicant( 3057): Beacon IEs - hexdump(len=292): 00 0b 58 69 61 6f 6d 69 5f 37 41 36 43 01 08 82 84 8b 96 12 24 48 6c 03 01 0b 32 04 0c 18 30 60 ...
12-20 16:27:30.717 D/wpa_supplicant( 3057): 94:b4:0f:ab:18:a0 freq=2452 qual=0 noise=-89~ level=-77 snr=12 flags=0xb age=3032 est=36000
12-20 16:27:30.717 D/wpa_supplicant( 3057): IEs - hexdump(len=172): 00 0e 61 72 75 62 61 2d 6e 65 74 77 6f 72 6b 73 01 07 96 98 a4 b0 c8 60 6c 03 01 09 05 04 00 01 ...
12-20 16:27:30.717 D/wpa_supplicant( 3057): Beacon IEs - hexdump(len=172): 00 0e 61 72 75 62 61 2d 6e 65 74 77 6f 72 6b 73 01 07 96 98 a4 b0 c8 60 6c 03 01 09 05 04 00 01 ...
12-20 16:27:30.718 D/wpa_supplicant( 3057): 28:6c:07:cb:d6:df freq=5785 qual=0 noise=-92~ level=-82 snr=10 flags=0xb age=0 est=24000
12-20 16:27:30.718 D/wpa_supplicant( 3057): IEs - hexdump(len=304): 00 0e 58 69 61 6f 6d 69 5f 44 36 44 44 5f 35 47 01 08 8c 12 98 24 b0 48 60 6c 03 01 9d 07 06 43 ...
12-20 16:27:30.718 D/wpa_supplicant( 3057): Beacon IEs - hexdump(len=304): 00 0e 58 69 61 6f 6d 69 5f 44 36 44 44 5f 35 47 01 08 8c 12 98 24 b0 48 60 6c 03 01 9d 07 06 43 ...
12-20 16:27:30.718 D/wpa_supplicant( 3057): 00:6b:8e:df:7d:e8 freq=5805 qual=0 noise=-92~ level=-83 snr=9 flags=0xb age=0 est=19500
12-20 16:27:30.718 D/wpa_supplicant( 3057): IEs - hexdump(len=213): 00 03 40 35 47 01 08 8c 12 98 24 b0 48 60 6c 03 01 a1 07 06 43 4e 20 24 0d 14 05 04 00 01 00 00 ...
12-20 16:27:30.718 D/wpa_supplicant( 3057): Beacon IEs - hexdump(len=213): 00 03 40 35 47 01 08 8c 12 98 24 b0 48 60 6c 03 01 a1 07 06 43 4e 20 24 0d 14 05 04 00 01 00 00 ...
12-20 16:27:30.718 D/wpa_supplicant( 3057): 8c:ab:8e:ed:1b:c0 freq=5220 qual=0 noise=-92~ level=-83 snr=9 flags=0xb age=3032 est=19500
12-20 16:27:30.718 D/wpa_supplicant( 3057): IEs - hexdump(len=225): 00 0e 40 50 48 49 43 4f 4d 4d 5f 42 30 5f 35 47 01 08 8c 12 98 24 b0 48 60 6c 03 01 2c 07 06 43 ...
12-20 16:27:30.718 D/wpa_supplicant( 3057): Beacon IEs - hexdump(len=225): 00 0e 40 50 48 49 43 4f 4d 4d 5f 42 30 5f 35 47 01 08 8c 12 98 24 b0 48 60 6c 03 01 2c 07 06 43 ...
12-20 16:27:30.718 D/wpa_supplicant( 3057): f0:b4:29:81:7a:6e freq=5785 qual=0 noise=-92~ level=-83 snr=9 flags=0xb age=0 est=19500
12-20 16:27:30.718 D/wpa_supplicant( 3057): IEs - hexdump(len=306): 00 0e 58 69 61 6f 6d 69 5f 37 41 36 43 5f 35 47 01 08 8c 12 98 24 b0 48 60 6c 03 01 9d 07 06 43 ...
12-20 16:27:30.718 D/wpa_supplicant( 3057): Beacon IEs - hexdump(len=306): 00 0e 58 69 61 6f 6d 69 5f 37 41 36 43 5f 35 47 01 08 8c 12 98 24 b0 48 60 6c 03 01 9d 07 06 43 ...
12-20 16:27:30.718 D/wpa_supplicant( 3057): c8:0e:77:4e:53:e2 freq=5805 qual=0 noise=-92~ level=-83 snr=9 flags=0xb age=3032 est=19500
12-20 16:27:30.718 D/wpa_supplicant( 3057): IEs - hexdump(len=269): 00 0c 4c 65 74 76 5f 35 32 32 30 5f 35 47 01 08 8c 12 98 24 b0 48 60 6c 03 01 a1 05 04 00 01 00 ...
12-20 16:27:30.718 D/wpa_supplicant( 3057): Beacon IEs - hexdump(len=269): 00 0c 4c 65 74 76 5f 35 32 32 30 5f 35 47 01 08 8c 12 98 24 b0 48 60 6c 03 01 a1 05 04 00 01 00 ...
12-20 16:27:30.718 D/wpa_supplicant( 3057): 00:03:7f:02:13:11 freq=5200 qual=0 noise=-92~ level=-84 snr=8 flags=0xb age=0 est=19500
12-20 16:27:30.719 D/wpa_supplicant( 3057): IEs - hexdump(len=258): 00 0a 42 53 50 5f 4e 45 54 5f 35 47 01 08 8c 12 98 24 b0 48 60 6c 03 01 28 05 04 00 01 00 00 07 ...
12-20 16:27:30.719 D/wpa_supplicant( 3057): Beacon IEs - hexdump(len=258): 00 0a 42 53 50 5f 4e 45 54 5f 35 47 01 08 8c 12 98 24 b0 48 60 6c 03 01 28 05 04 00 01 00 00 07 ...
12-20 16:27:30.719 D/wpa_supplicant( 3057): 8c:be:be:23:f7:3d freq=5745 qual=0 noise=-92~ level=-84 snr=8 flags=0xb age=0 est=19500
12-20 16:27:30.719 D/wpa_supplicant( 3057): IEs - hexdump(len=292): 00 0d 58 69 61 6f 6d 69 5f 7a 78 6b 5f 35 47 01 08 8c 12 98 24 b0 48 60 6c 05 04 00 01 00 00 30 ...
12-20 16:27:30.719 D/wpa_supplicant( 3057): Beacon IEs - hexdump(len=292): 00 0d 58 69 61 6f 6d 69 5f 7a 78 6b 5f 35 47 01 08 8c 12 98 24 b0 48 60 6c 05 04 00 01 00 00 30 ...
12-20 16:27:30.719 D/wpa_supplicant( 3057): 70:62:b8:70:f2:96 freq=5745 qual=0 noise=-92~ level=-85 snr=7 flags=0xb age=0 est=18000
12-20 16:27:30.719 D/wpa_supplicant( 3057): IEs - hexdump(len=203): 00 08 6d 61 78 37 30 5f 35 47 01 08 8c 12 98 24 b0 48 60 6c 05 04 00 01 00 00 07 12 43 4e 20 95 ...
12-20 16:27:30.719 D/wpa_supplicant( 3057): Beacon IEs - hexdump(len=203): 00 08 6d 61 78 37 30 5f 35 47 01 08 8c 12 98 24 b0 48 60 6c 05 04 00 01 00 00 07 12 43 4e 20 95 ...
12-20 16:27:30.719 D/wpa_supplicant( 3057): e4:d3:32:f4:24:dd freq=5745 qual=0 noise=-92~ level=-85 snr=7 flags=0xb age=0 est=18000
12-20 16:27:30.719 D/wpa_supplicant( 3057): IEs - hexdump(len=251): 00 07 5f 46 34 32 34 44 44 01 08 8c 12 98 24 b0 48 60 6c 03 01 95 05 04 00 01 00 00 07 12 43 4e ...
12-20 16:27:30.719 D/wpa_supplicant( 3057): Beacon IEs - hexdump(len=251): 00 07 5f 46 34 32 34 44 44 01 08 8c 12 98 24 b0 48 60 6c 03 01 95 05 04 00 01 00 00 07 12 43 4e ...
12-20 16:27:30.719 D/wpa_supplicant( 3057): 70:62:b8:70:f2:97 freq=5745 qual=0 noise=-92~ level=-85 snr=7 flags=0xb age=0 est=18000
12-20 16:27:30.719 D/wpa_supplicant( 3057): IEs - hexdump(len=211): 00 10 64 6c 69 6e 6b 2d 35 47 48 7a 2d 67 75 65 73 74 01 08 8c 12 98 24 b0 48 60 6c 05 04 00 01 ...
12-20 16:27:30.719 D/wpa_supplicant( 3057): Beacon IEs - hexdump(len=211): 00 10 64 6c 69 6e 6b 2d 35 47 48 7a 2d 67 75 65 73 74 01 08 8c 12 98 24 b0 48 60 6c 05 04 00 01 ...
12-20 16:27:30.719 D/wpa_supplicant( 3057): c4:a8:1d:84:17:e6 freq=5785 qual=0 noise=-92~ level=-86 snr=6 flags=0xb age=3032 est=13000
12-20 16:27:30.719 D/wpa_supplicant( 3057): IEs - hexdump(len=289): 00 09 4c 65 74 76 5f 35 47 48 7a 01 08 8c 92 98 a4 b0 c8 e0 ec 05 04 00 01 00 00 2d 1a 6e 18 1e ...
12-20 16:27:30.720 D/wpa_supplicant( 3057): Beacon IEs - hexdump(len=289): 00 09 4c 65 74 76 5f 35 47 48 7a 01 08 8c 92 98 a4 b0 c8 e0 ec 05 04 00 01 00 00 2d 1a 6e 18 1e ...
12-20 16:27:30.720 D/wpa_supplicant( 3057): 24:69:68:c1:1f:ae freq=5745 qual=0 noise=-92~ level=-86 snr=6 flags=0xb age=3032 est=13000
12-20 16:27:30.720 D/wpa_supplicant( 3057): IEs - hexdump(len=222): 00 06 62 6f 78 5f 35 47 01 08 8c 12 98 24 b0 48 60 6c 03 01 95 05 04 00 01 00 00 07 12 43 4e 20 ...
12-20 16:27:30.720 D/wpa_supplicant( 3057): Beacon IEs - hexdump(len=222): 00 06 62 6f 78 5f 35 47 01 08 8c 12 98 24 b0 48 60 6c 03 01 95 05 04 00 01 00 00 07 12 43 4e 20 ...
12-20 16:27:30.720 D/wpa_supplicant( 3057): f4:83:cd:93:e6:c3 freq=5825 qual=0 noise=-92~ level=-86 snr=6 flags=0xb age=0 est=13000
12-20 16:27:30.720 D/wpa_supplicant( 3057): IEs - hexdump(len=215): 00 08 6c 65 74 76 2d 75 73 61 01 08 8c 12 98 24 b0 48 60 6c 03 01 a5 05 04 00 01 00 00 07 12 43 ...
12-20 16:27:30.720 D/wpa_supplicant( 3057): Beacon IEs - hexdump(len=215): 00 08 6c 65 74 76 2d 75 73 61 01 08 8c 12 98 24 b0 48 60 6c 03 01 a5 05 04 00 01 00 00 07 12 43 ...
12-20 16:27:30.720 D/wpa_supplicant( 3057): 08:10:79:fe:9b:27 freq=5220 qual=0 noise=-92~ level=-87 snr=5 flags=0xb age=0 est=9000
12-20 16:27:30.720 D/wpa_supplicant( 3057): IEs - hexdump(len=303): 00 09 4e 65 74 63 6f 72 65 35 47 01 08 8c 92 98 a4 b0 c8 e0 ec 05 04 01 03 00 00 07 40 55 53 20 ...
12-20 16:27:30.720 D/wpa_supplicant( 3057): Beacon IEs - hexdump(len=303): 00 09 4e 65 74 63 6f 72 65 35 47 01 08 8c 92 98 a4 b0 c8 e0 ec 05 04 01 03 00 00 07 40 55 53 20 ...
12-20 16:27:30.720 D/wpa_supplicant( 3057): 94:b4:0f:a4:c0:71 freq=5805 qual=0 noise=-92~ level=-64 snr=28 flags=0xb age=0 est=65000
12-20 16:27:30.720 D/wpa_supplicant( 3057): IEs - hexdump(len=145): 00 08 4c 45 54 56 2d 4a 58 51 01 05 a4 b0 c8 60 6c 03 01 a1 05 07 00 01 00 00 10 00 01 07 0a 43 ...
12-20 16:27:30.720 D/wpa_supplicant( 3057): Beacon IEs - hexdump(len=145): 00 08 4c 45 54 56 2d 4a 58 51 01 05 a4 b0 c8 60 6c 03 01 a1 05 07 00 01 00 00 10 00 01 07 0a 43 ...
12-20 16:27:30.720 D/wpa_supplicant( 3057): 08:10:79:fe:9b:25 freq=2457 qual=0 noise=-89~ level=0 snr=89* flags=0xb age=3032 est=65000
12-20 16:27:30.720 D/wpa_supplicant( 3057): IEs - hexdump(len=187): 00 0b 4e 65 74 63 6f 72 65 32 2e 34 47 01 08 82 84 8b 96 0c 12 18 24 03 01 0a 05 04 01 03 00 00 ...
12-20 16:27:30.720 D/wpa_supplicant( 3057): Beacon IEs - hexdump(len=187): 00 0b 4e 65 74 63 6f 72 65 32 2e 34 47 01 08 82 84 8b 96 0c 12 18 24 03 01 0a 05 04 01 03 00 00 ...
12-20 16:27:30.720 D/wpa_supplicant( 3057): 94:b4:0f:a4:ad:81 freq=2472 qual=0 noise=-89~ level=-38 snr=51* flags=0xb age=0 est=65000
12-20 16:27:30.720 D/wpa_supplicant( 3057): IEs - hexdump(len=144): 00 08 4c 45 54 56 2d 4a 58 51 01 07 96 98 a4 b0 c8 60 6c 03 01 0d 05 04 00 01 00 00 2a 01 00 2d ...
12-20 16:27:30.720 D/wpa_supplicant( 3057): Beacon IEs - hexdump(len=144): 00 08 4c 45 54 56 2d 4a 58 51 01 07 96 98 a4 b0 c8 60 6c 03 01 0d 05 04 00 01 00 00 2a 01 00 2d ...
12-20 16:27:30.721 D/wpa_supplicant( 3057): 94:b4:0f:ad:c7:41 freq=2472 qual=0 noise=-89~ level=-56 snr=33* flags=0xb age=3032 est=65000
12-20 16:27:30.721 D/wpa_supplicant( 3057): IEs - hexdump(len=144): 00 08 4c 45 54 56 2d 4a 58 51 01 07 96 98 a4 b0 c8 60 6c 03 01 0d 05 04 00 01 00 02 2a 01 00 2d ...
12-20 16:27:30.721 D/wpa_supplicant( 3057): Beacon IEs - hexdump(len=144): 00 08 4c 45 54 56 2d 4a 58 51 01 07 96 98 a4 b0 c8 60 6c 03 01 0d 05 04 00 01 00 02 2a 01 00 2d ...
12-20 16:27:30.721 D/wpa_supplicant( 3057): 94:b4:0f:a4:c0:61 freq=2472 qual=0 noise=-89~ level=-57 snr=32* flags=0xb age=3032 est=65000
12-20 16:27:30.721 D/wpa_supplicant( 3057): IEs - hexdump(len=144): 00 08 4c 45 54 56 2d 4a 58 51 01 07 96 98 a4 b0 c8 60 6c 03 01 0d 05 04 00 01 00 04 2a 01 00 2d ...
12-20 16:27:30.721 D/wpa_supplicant( 3057): Beacon IEs - hexdump(len=144): 00 08 4c 45 54 56 2d 4a 58 51 01 07 96 98 a4 b0 c8 60 6c 03 01 0d 05 04 00 01 00 04 2a 01 00 2d ...
12-20 16:27:30.721 D/wpa_supplicant( 3057): 94:b4:0f:a4:8a:c0 freq=2452 qual=0 noise=-89~ level=-64 snr=25 flags=0xb age=3032 est=65000
12-20 16:27:30.721 D/wpa_supplicant( 3057): IEs - hexdump(len=144): 00 08 4c 45 54 56 2d 4a 58 51 01 07 96 98 a4 b0 c8 60 6c 03 01 09 05 04 00 01 00 00 2a 01 00 2d ...
12-20 16:27:30.721 D/wpa_supplicant( 3057): Beacon IEs - hexdump(len=144): 00 08 4c 45 54 56 2d 4a 58 51 01 07 96 98 a4 b0 c8 60 6c 03 01 09 05 04 00 01 00 00 2a 01 00 2d ...
12-20 16:27:30.721 D/wpa_supplicant( 3057): 94:b4:0f:ab:07:61 freq=2432 qual=0 noise=-89~ level=-66 snr=23 flags=0xb age=3032 est=58500
12-20 16:27:30.721 D/wpa_supplicant( 3057): IEs - hexdump(len=144): 00 08 4c 45 54 56 2d 4a 58 51 01 07 96 98 a4 b0 c8 60 6c 03 01 05 05 04 00 01 00 10 2a 01 00 2d ...
12-20 16:27:30.721 D/wpa_supplicant( 3057): Beacon IEs - hexdump(len=144): 00 08 4c 45 54 56 2d 4a 58 51 01 07 96 98 a4 b0 c8 60 6c 03 01 05 05 04 00 01 00 10 2a 01 00 2d ...
12-20 16:27:30.721 D/wpa_supplicant( 3057): 94:b4:0f:a4:c0:01 freq=2452 qual=0 noise=-89~ level=-69 snr=20 flags=0xb age=0 est=54000
12-20 16:27:30.721 D/wpa_supplicant( 3057): IEs - hexdump(len=144): 00 08 4c 45 54 56 2d 4a 58 51 01 07 96 98 a4 b0 c8 60 6c 03 01 09 05 04 00 01 00 00 2a 01 00 2d ...
12-20 16:27:30.721 D/wpa_supplicant( 3057): Beacon IEs - hexdump(len=144): 00 08 4c 45 54 56 2d 4a 58 51 01 07 96 98 a4 b0 c8 60 6c 03 01 09 05 04 00 01 00 00 2a 01 00 2d ...
12-20 16:27:30.721 D/wpa_supplicant( 3057): 94:b4:0f:a3:2b:d2 freq=5180 qual=0 noise=-92~ level=-80 snr=12 flags=0xb age=0 est=36000
12-20 16:27:30.721 D/wpa_supplicant( 3057): IEs - hexdump(len=142): 00 08 4c 45 54 56 2d 4a 58 51 01 05 a4 b0 c8 60 6c 03 01 24 05 04 00 01 00 00 07 0a 43 4e 20 24 ...
12-20 16:27:30.721 D/wpa_supplicant( 3057): Beacon IEs - hexdump(len=142): 00 08 4c 45 54 56 2d 4a 58 51 01 05 a4 b0 c8 60 6c 03 01 24 05 04 00 01 00 00 07 0a 43 4e 20 24 ...
12-20 16:27:30.721 D/wpa_supplicant( 3057): 94:b4:0f:ab:0c:b1 freq=5180 qual=0 noise=-92~ level=-80 snr=12 flags=0xb age=0 est=36000
12-20 16:27:30.721 D/wpa_supplicant( 3057): IEs - hexdump(len=142): 00 08 4c 45 54 56 2d 4a 58 51 01 05 a4 b0 c8 60 6c 03 01 24 05 04 00 01 00 00 07 0a 43 4e 20 24 ...
12-20 16:27:30.721 D/wpa_supplicant( 3057): Beacon IEs - hexdump(len=142): 00 08 4c 45 54 56 2d 4a 58 51 01 05 a4 b0 c8 60 6c 03 01 24 05 04 00 01 00 00 07 0a 43 4e 20 24 ...
12-20 16:27:30.721 D/wpa_supplicant( 3057): 00:90:4c:88:88:8d freq=5805 qual=0 noise=-92~ level=-86 snr=6 flags=0xb age=3032 est=13000
12-20 16:27:30.722 D/wpa_supplicant( 3057): IEs - hexdump(len=171): 00 15 54 65 6e 64 61 5f 35 47 5f 47 75 65 73 74 5f 31 34 45 35 33 44 01 08 8c 12 98 24 b0 48 60 ...
12-20 16:27:30.723 D/wpa_supplicant( 3057): Beacon IEs - hexdump(len=171): 00 15 54 65 6e 64 61 5f 35 47 5f 47 75 65 73 74 5f 31 34 45 35 33 44 01 08 8c 12 98 24 b0 48 60 ...
12-20 16:27:30.723 D/wpa_supplicant( 3057): wlan0: BSS: Start scan result update 11
12-20 16:27:30.723 D/wpa_supplicant( 3057): wlan0: BSS: Add new id 271 BSSID 94:b4:0f:a4:c0:70 SSID 'aruba-networks'
12-20 16:27:30.724 D/wpa_supplicant( 3057): CTRL_IFACE monitor sent successfully to /data/misc/wifi/sockets/wpa_ctrl_2238-2\x00
12-20 16:27:30.724 D/wpa_supplicant( 3057): wlan0: BSS: Add new id 272 BSSID d4:ee:07:33:c7:ac SSID 'CTS-VPN'
12-20 16:27:30.724 D/wpa_supplicant( 3057): CTRL_IFACE monitor sent successfully to /data/misc/wifi/sockets/wpa_ctrl_2238-2\x00
12-20 16:27:30.724 D/wpa_supplicant( 3057): wlan0: BSS: Add new id 273 BSSID 94:b4:0f:ab:0c:b0 SSID 'aruba-networks'
12-20 16:27:30.724 D/wpa_supplicant( 3057): CTRL_IFACE monitor sent successfully to /data/misc/wifi/sockets/wpa_ctrl_2238-2\x00
12-20 16:27:30.724 D/wpa_supplicant( 3057): wlan0: BSS: Add new id 274 BSSID 28:6c:07:cb:d6:df SSID 'Xiaomi_D6DD_5G'
12-20 16:27:30.725 D/wpa_supplicant( 3057): CTRL_IFACE monitor sent successfully to /data/misc/wifi/sockets/wpa_ctrl_2238-2\x00
12-20 16:27:30.725 D/wpa_supplicant( 3057): wlan0: BSS: Add new id 275 BSSID e4:d3:32:f4:24:dd SSID '_F424DD'
12-20 16:27:30.725 D/wpa_supplicant( 3057): CTRL_IFACE monitor sent successfully to /data/misc/wifi/sockets/wpa_ctrl_2238-2\x00
12-20 16:27:30.725 D/wpa_supplicant( 3057): wlan0: BSS: Add new id 276 BSSID f4:83:cd:93:e6:c3 SSID 'letv-usa'
12-20 16:27:30.725 D/wpa_supplicant( 3057): CTRL_IFACE monitor sent successfully to /data/misc/wifi/sockets/wpa_ctrl_2238-2\x00
12-20 16:27:30.725 D/wpa_supplicant( 3057): wlan0: BSS: Add new id 277 BSSID 08:10:79:fe:9b:27 SSID 'Netcore5G'
12-20 16:27:30.725 D/wpa_supplicant( 3057): CTRL_IFACE monitor sent successfully to /data/misc/wifi/sockets/wpa_ctrl_2238-2\x00
12-20 16:27:30.726 D/wpa_supplicant( 3057): wlan0: BSS: Add new id 278 BSSID 94:b4:0f:a4:c0:71 SSID 'LETV-JXQ'
12-20 16:27:30.726 D/wpa_supplicant( 3057): CTRL_IFACE monitor sent successfully to /data/misc/wifi/sockets/wpa_ctrl_2238-2\x00
12-20 16:27:30.726 D/wpa_supplicant( 3057): wlan0: BSS: Add new id 279 BSSID 94:b4:0f:ab:0c:b1 SSID 'LETV-JXQ'
12-20 16:27:30.726 D/wpa_supplicant( 3057): CTRL_IFACE monitor sent successfully to /data/misc/wifi/sockets/wpa_ctrl_2238-2\x00
12-20 16:27:30.726 D/wpa_supplicant( 3057): BSS: last_scan_res_used=69/128
12-20 16:27:30.726 D/wpa_supplicant( 3057): Add randomness: count=103 entropy=101
12-20 16:27:30.726 D/wpa_supplicant( 3057): random pool - hexdump(len=128): [REMOVED]
12-20 16:27:30.726 D/wpa_supplicant( 3057): random_mix_pool - hexdump(len=16): [REMOVED]
12-20 16:27:30.726 D/wpa_supplicant( 3057): random_mix_pool - hexdump(len=5): [REMOVED]
12-20 16:27:30.726 D/wpa_supplicant( 3057): random pool - hexdump(len=128): [REMOVED]
12-20 16:27:30.726 D/wpa_supplicant( 3057): Add randomness: count=104 entropy=102
12-20 16:27:30.726 D/wpa_supplicant( 3057): random pool - hexdump(len=128): [REMOVED]
12-20 16:27:30.726 D/wpa_supplicant( 3057): random_mix_pool - hexdump(len=16): [REMOVED]
12-20 16:27:30.727 D/wpa_supplicant( 3057): random_mix_pool - hexdump(len=5): [REMOVED]
12-20 16:27:30.727 D/wpa_supplicant( 3057): random pool - hexdump(len=128): [REMOVED]
12-20 16:27:30.727 D/wpa_supplicant( 3057): Add randomness: count=105 entropy=103
12-20 16:27:30.727 D/wpa_supplicant( 3057): random pool - hexdump(len=128): [REMOVED]
12-20 16:27:30.727 D/wpa_supplicant( 3057): random_mix_pool - hexdump(len=16): [REMOVED]
12-20 16:27:30.727 D/wpa_supplicant( 3057): random_mix_pool - hexdump(len=5): [REMOVED]
12-20 16:27:30.727 D/wpa_supplicant( 3057): random pool - hexdump(len=128): [REMOVED]
12-20 16:27:30.727 D/wpa_supplicant( 3057): Add randomness: count=106 entropy=104
12-20 16:27:30.727 D/wpa_supplicant( 3057): random pool - hexdump(len=128): [REMOVED]
12-20 16:27:30.727 D/wpa_supplicant( 3057): random_mix_pool - hexdump(len=16): [REMOVED]
12-20 16:27:30.727 D/wpa_supplicant( 3057): random_mix_pool - hexdump(len=5): [REMOVED]
12-20 16:27:30.727 D/wpa_supplicant( 3057): random pool - hexdump(len=128): [REMOVED]
12-20 16:27:30.727 D/wpa_supplicant( 3057): Add randomness: count=107 entropy=105
12-20 16:27:30.727 D/wpa_supplicant( 3057): random pool - hexdump(len=128): [REMOVED]
12-20 16:27:30.727 D/wpa_supplicant( 3057): random_mix_pool - hexdump(len=16): [REMOVED]
12-20 16:27:30.727 D/wpa_supplicant( 3057): random_mix_pool - hexdump(len=5): [REMOVED]
12-20 16:27:30.727 D/wpa_supplicant( 3057): random pool - hexdump(len=128): [REMOVED]
12-20 16:27:30.727 D/wpa_supplicant( 3057): Add randomness: count=108 entropy=106
12-20 16:27:30.727 D/wpa_supplicant( 3057): random pool - hexdump(len=128): [REMOVED]
12-20 16:27:30.727 D/wpa_supplicant( 3057): random_mix_pool - hexdump(len=16): [REMOVED]
12-20 16:27:30.727 D/wpa_supplicant( 3057): random_mix_pool - hexdump(len=5): [REMOVED]
12-20 16:27:30.727 D/wpa_supplicant( 3057): random pool - hexdump(len=128): [REMOVED]
12-20 16:27:30.727 D/wpa_supplicant( 3057): Add randomness: count=109 entropy=107
12-20 16:27:30.727 D/wpa_supplicant( 3057): random pool - hexdump(len=128): [REMOVED]
12-20 16:27:30.727 D/wpa_supplicant( 3057): random_mix_pool - hexdump(len=16): [REMOVED]
12-20 16:27:30.727 D/wpa_supplicant( 3057): random_mix_pool - hexdump(len=5): [REMOVED]
12-20 16:27:30.727 D/wpa_supplicant( 3057): random pool - hexdump(len=128): [REMOVED]
12-20 16:27:30.727 D/wpa_supplicant( 3057): Add randomness: count=110 entropy=108
12-20 16:27:30.727 D/wpa_supplicant( 3057): random pool - hexdump(len=128): [REMOVED]
12-20 16:27:30.727 D/wpa_supplicant( 3057): random_mix_pool - hexdump(len=16): [REMOVED]
12-20 16:27:30.727 D/wpa_supplicant( 3057): random_mix_pool - hexdump(len=5): [REMOVED]
12-20 16:27:30.727 D/wpa_supplicant( 3057): random pool - hexdump(len=128): [REMOVED]
12-20 16:27:30.727 D/wpa_supplicant( 3057): Add randomness: count=111 entropy=109
12-20 16:27:30.727 D/wpa_supplicant( 3057): random pool - hexdump(len=128): [REMOVED]
12-20 16:27:30.727 D/wpa_supplicant( 3057): random_mix_pool - hexdump(len=16): [REMOVED]
12-20 16:27:30.727 D/wpa_supplicant( 3057): random_mix_pool - hexdump(len=5): [REMOVED]
12-20 16:27:30.727 D/wpa_supplicant( 3057): random pool - hexdump(len=128): [REMOVED]
12-20 16:27:30.727 D/wpa_supplicant( 3057): Add randomness: count=112 entropy=110
12-20 16:27:30.727 D/wpa_supplicant( 3057): random pool - hexdump(len=128): [REMOVED]
12-20 16:27:30.727 D/wpa_supplicant( 3057): random_mix_pool - hexdump(len=16): [REMOVED]
12-20 16:27:30.727 D/wpa_supplicant( 3057): random_mix_pool - hexdump(len=5): [REMOVED]
12-20 16:27:30.727 D/wpa_supplicant( 3057): random pool - hexdump(len=128): [REMOVED]
12-20 16:27:30.727 D/wpa_supplicant( 3057): wlan0: Scan-only results received
12-20 16:27:30.732 D/wpa_supplicant( 3057): CTRL_IFACE monitor sent successfully to /data/misc/wifi/sockets/wpa_ctrl_2238-2\x00
12-20 16:27:30.732 D/wpa_supplicant( 3057): wlan0: Radio work 'scan'@0x5559bfc460 done in 1.856677 seconds
12-20 16:27:30.732 D/wpa_supplicant( 3057): wlan0: Control interface command 'BSS RANGE=0- MASK=0x29d87'
12-20 16:27:30.733 D/wpa_supplicant( 3057): WPS: attr type=0x104a len=1
12-20 16:27:30.733 D/wpa_supplicant( 3057): WPS: attr type=0x1044 len=1
12-20 16:27:30.733 D/wpa_supplicant( 3057): WPS: attr type=0x103b len=1
12-20 16:27:30.733 D/wpa_supplicant( 3057): WPS: attr type=0x1047 len=16
12-20 16:27:30.733 D/wpa_supplicant( 3057): WPS: attr type=0x1021 len=27
12-20 16:27:30.733 D/wpa_supplicant( 3057): WPS: attr type=0x1023 len=7
12-20 16:27:30.733 D/wpa_supplicant( 3057): WPS: attr type=0x1024 len=13
12-20 16:27:30.734 D/wpa_supplicant( 3057): WPS: attr type=0x1042 len=15
12-20 16:27:30.734 D/wpa_supplicant( 3057): WPS: attr type=0x1054 len=8
12-20 16:27:30.734 D/wpa_supplicant( 3057): WPS: attr type=0x1011 len=17
12-20 16:27:30.734 D/wpa_supplicant( 3057): WPS: attr type=0x1008 len=2
12-20 16:27:30.734 D/wpa_supplicant( 3057): WPS: attr type=0x1049 len=6
12-20 16:27:30.734 D/wpa_supplicant( 3057): WPS: WFA subelement id=0 len=1
12-20 16:27:30.734 D/wpa_supplicant( 3057): WPS: attr type=0x104a len=1
12-20 16:27:30.734 D/wpa_supplicant( 3057): WPS: attr type=0x1044 len=1
12-20 16:27:30.734 D/wpa_supplicant( 3057): WPS: attr type=0x103b len=1
12-20 16:27:30.734 D/wpa_supplicant( 3057): WPS: attr type=0x1047 len=16
12-20 16:27:30.734 D/wpa_supplicant( 3057): WPS: attr type=0x1021 len=27
12-20 16:27:30.734 D/wpa_supplicant( 3057): WPS: attr type=0x1023 len=7
12-20 16:27:30.734 D/wpa_supplicant( 3057): WPS: attr type=0x1024 len=13
12-20 16:27:30.734 D/wpa_supplicant( 3057): WPS: attr type=0x1042 len=15
12-20 16:27:30.734 D/wpa_supplicant( 3057): WPS: attr type=0x1054 len=8
12-20 16:27:30.734 D/wpa_supplicant( 3057): WPS: attr type=0x1011 len=17
12-20 16:27:30.734 D/wpa_supplicant( 3057): WPS: attr type=0x1008 len=2
12-20 16:27:30.734 D/wpa_supplicant( 3057): WPS: attr type=0x1049 len=6
12-20 16:27:30.734 D/wpa_supplicant( 3057): WPS: WFA subelement id=0 len=1
12-20 16:27:30.734 D/wpa_supplicant( 3057): WPS: attr type=0x104a len=1
12-20 16:27:30.734 D/wpa_supplicant( 3057): WPS: attr type=0x1044 len=1
12-20 16:27:30.734 D/wpa_supplicant( 3057): WPS: attr type=0x103b len=1
12-20 16:27:30.734 D/wpa_supplicant( 3057): WPS: attr type=0x1047 len=16
12-20 16:27:30.734 D/wpa_supplicant( 3057): WPS: attr type=0x1021 len=27
12-20 16:27:30.734 D/wpa_supplicant( 3057): WPS: attr type=0x1023 len=7
12-20 16:27:30.734 D/wpa_supplicant( 3057): WPS: attr type=0x1024 len=13
12-20 16:27:30.734 D/wpa_supplicant( 3057): WPS: attr type=0x1042 len=15
12-20 16:27:30.734 D/wpa_supplicant( 3057): WPS: attr type=0x1054 len=8
12-20 16:27:30.734 D/wpa_supplicant( 3057): WPS: attr type=0x1011 len=17
12-20 16:27:30.734 D/wpa_supplicant( 3057): WPS: attr type=0x1008 len=2
12-20 16:27:30.734 D/wpa_supplicant( 3057): WPS: attr type=0x1049 len=6
12-20 16:27:30.734 D/wpa_supplicant( 3057): WPS: WFA subelement id=0 len=1
12-20 16:27:30.735 D/wpa_supplicant( 3057): WPS: attr type=0x104a len=1
12-20 16:27:30.735 D/wpa_supplicant( 3057): WPS: attr type=0x1044 len=1
12-20 16:27:30.735 D/wpa_supplicant( 3057): WPS: attr type=0x103b len=1
12-20 16:27:30.735 D/wpa_supplicant( 3057): WPS: attr type=0x1047 len=16
12-20 16:27:30.735 D/wpa_supplicant( 3057): WPS: attr type=0x1021 len=6
12-20 16:27:30.735 D/wpa_supplicant( 3057): WPS: attr type=0x1023 len=2
12-20 16:27:30.735 D/wpa_supplicant( 3057): WPS: attr type=0x1024 len=4
12-20 16:27:30.735 D/wpa_supplicant( 3057): WPS: attr type=0x1042 len=8
12-20 16:27:30.735 D/wpa_supplicant( 3057): WPS: attr type=0x1054 len=8
12-20 16:27:30.735 D/wpa_supplicant( 3057): WPS: attr type=0x1011 len=12
12-20 16:27:30.735 D/wpa_supplicant( 3057): WPS: attr type=0x1008 len=2
12-20 16:27:30.735 D/wpa_supplicant( 3057): WPS: attr type=0x103c len=1
12-20 16:27:30.735 D/wpa_supplicant( 3057): WPS: attr type=0x1049 len=6
12-20 16:27:30.735 D/wpa_supplicant( 3057): WPS: WFA subelement id=0 len=1
12-20 16:27:30.735 D/wpa_supplicant( 3057): WPS: attr type=0x104a len=1
12-20 16:27:30.735 D/wpa_supplicant( 3057): WPS: attr type=0x1044 len=1
12-20 16:27:30.735 D/wpa_supplicant( 3057): WPS: attr type=0x103b len=1
12-20 16:27:30.735 D/wpa_supplicant( 3057): WPS: attr type=0x1047 len=16
12-20 16:27:30.735 D/wpa_supplicant( 3057): WPS: attr type=0x1021 len=6
12-20 16:27:30.735 D/wpa_supplicant( 3057): WPS: attr type=0x1023 len=2
12-20 16:27:30.735 D/wpa_supplicant( 3057): WPS: attr type=0x1024 len=4
12-20 16:27:30.735 D/wpa_supplicant( 3057): WPS: attr type=0x1042 len=8
12-20 16:27:30.735 D/wpa_supplicant( 3057): WPS: attr type=0x1054 len=8
12-20 16:27:30.735 D/wpa_supplicant( 3057): WPS: attr type=0x1011 len=12
12-20 16:27:30.735 D/wpa_supplicant( 3057): WPS: attr type=0x1008 len=2
12-20 16:27:30.735 D/wpa_supplicant( 3057): WPS: attr type=0x103c len=1
12-20 16:27:30.735 D/wpa_supplicant( 3057): WPS: attr type=0x1049 len=6
12-20 16:27:30.735 D/wpa_supplicant( 3057): WPS: WFA subelement id=0 len=1
12-20 16:27:30.751 D/wpa_supplicant( 3057): wlan0: Control interface command 'BSS RANGE=237- MASK=0x29d87'
12-20 16:27:30.752 D/wpa_supplicant( 3057): WPS: attr type=0x104a len=1
12-20 16:27:30.752 D/wpa_supplicant( 3057): WPS: attr type=0x1044 len=1
