08-16 14:54:30.906 I/ActivityManager( 2207): accel TR12) TaskRecord{d4cce #37 A=com.stv.filemanager U=0 sz=2}
08-16 14:54:30.906 I/ActivityManager( 2207): accel TR11) TaskRecord{14b0d11 #1 A=com.stv.launcher U=0 sz=1}
08-16 14:54:30.916 W/InputDispatcher( 2207): Focus left window: Window{c5388ba u0 com.stv.filemanager.remotemanager/com.stv.filemanager.remotemanager.ui.WSActivity}
08-16 14:54:30.923 I/FileManager(25366): FileExplorerTabActivity -- onResume
08-16 14:54:30.941 E/LETV_DEVICE( 1780): no name sn for Mstar
08-16 14:54:30.942 W/InputDispatcher( 2207): Focus entered window: Window{709d871 u0 com.stv.filemanager/com.stv.filemanager.activities.FileExplorerTabActivity}
08-16 14:54:30.944 I/OpenGLRenderer(25366): Initialized EGL, version 1.4
08-16 14:54:30.952 E/BufferQueueProducer( 1749): [com.stv.filemanager/com.stv.filemanager.activities.FileExplorerTabActivity] connect(P): already connected (cur=1 req=1)
08-16 14:54:30.962 I/[T1.0.6.3]EuiAgnes_Server( 2837): resCode:1
08-16 14:54:30.962 I/[T1.0.6.3]EuiAgnes_Server( 2837): b[0]:0
08-16 14:54:30.974 E/ActivityThread( 2837): Failed to find provider info for com.letv.agnes.InfoProvider
08-16 14:54:30.977 E/ActivityThread( 2837): Failed to find provider info for com.letv.agnes.InfoProvider
08-16 14:54:30.977 W/System.err( 2837): java.lang.IllegalArgumentException: Unknown URL content://com.letv.agnes.InfoProvider
08-16 14:54:30.978 W/System.err( 2837): 	at android.content.ContentResolver.insert(ContentResolver.java:1227)
08-16 14:54:30.978 W/System.err( 2837): 	at com.letv.tracker2.agnes.Configuration.addDebugInfo(Configuration.java:289)
08-16 14:54:30.978 W/System.err( 2837): 	at com.letv.tracker2.agnes.MessageProcessor$SendEnvMsgTr$1.handleMessage(MessageProcessor.java:661)
08-16 14:54:30.978 W/System.err( 2837): 	at android.os.Handler.dispatchMessage(Handler.java:102)
08-16 14:54:30.979 W/System.err( 2837): 	at android.os.Looper.loop(Looper.java:148)
08-16 14:54:30.979 W/System.err( 2837): 	at com.letv.tracker2.agnes.MessageProcessor$SendEnvMsgTr.run(MessageProcessor.java:665)
08-16 14:54:31.003 I/StvLogReport( 2837): StargazerReportTask, action=appClose&name=æ–‡ä»¶ä¼ è¾“&packagename=com.stv.filemanager.remotemanager&versionCode=1&appVersionName=1.0&appType=1&mark=96&totalTime=1
08-16 14:54:31.015 E/LETV_DEVICE( 1780): no name sn for Mstar
08-16 14:54:31.018 I/StvLogReport( 2837): StargazerReportTask, reponse2 : {"status":"OK","statusCode":200,"message":"succeefully"}
08-16 14:54:31.033 I/LetvManager-LogReport( 1780): [send_msg] line: 490 report url = http://log.hdtv.cp21.ott.cibntv.net:80/api/log/tvAction
08-16 14:54:31.037 I/tvos    ( 1764): GetAudioOutputDevice, retval : 0
08-16 14:54:31.043 I/ActivityManager( 2207): Displayed com.stv.filemanager/.activities.FileExplorerTabActivity: +141ms
08-16 14:54:31.043 W/ContextImpl( 2207): Calling a method in the system process without a qualified user: android.app.ContextImpl.sendBroadcast:766 com.android.server.am.ActivityRecord.reportLaunchTimeLocked:1056 com.android.server.am.ActivityRecord.windowsDrawnLocked:1080 com.android.server.am.ActivityRecord$Token.windowsDrawn:345 com.android.server.wm.WindowManagerService$H.handleMessage:8042 
08-16 14:54:31.045 W/ContextImpl( 2613): Calling a method in the system process without a qualified user: android.app.ContextImpl.startService:1224 android.content.ContextWrapper.startService:581 com.stv.helper.service.TvMasterService.noteLaunchTime:169 letv.tvmaster.ITvMasterService$Stub.onTransact:136 android.os.Binder.execTransact:453 
08-16 14:54:31.088 I/StvLogReport( 2837): StargazerReportTask, action=appOpen&name=æ–‡ä»¶ç®¡ç†&packagename=com.stv.filemanager&versionCode=1&appVersionName=1.0&appType=1&mark=97
08-16 14:54:31.104 E/ActivityThread( 2837): Failed to find provider info for com.letv.agnes.InfoProvider
08-16 14:54:31.110 E/ActivityThread( 2837): Failed to find provider info for com.letv.agnes.InfoProvider
08-16 14:54:31.110 I/StvLogReport( 2837): StargazerReportTask, reponse2 : {"status":"OK","statusCode":200,"message":"succeefully"}
08-16 14:54:31.110 W/System.err( 2837): java.lang.IllegalArgumentException: Unknown URL content://com.letv.agnes.InfoProvider
08-16 14:54:31.110 W/System.err( 2837): 	at android.content.ContentResolver.insert(ContentResolver.java:1227)
08-16 14:54:31.110 W/System.err( 2837): 	at com.letv.tracker2.agnes.Configuration.addDebugInfo(Configuration.java:289)
08-16 14:54:31.110 W/System.err( 2837): 	at com.letv.tracker2.agnes.MessageProcessor$SendEnvMsgTr$1.handleMessage(MessageProcessor.java:661)
08-16 14:54:31.110 W/System.err( 2837): 	at android.os.Handler.dispatchMessage(Handler.java:102)
08-16 14:54:31.110 W/System.err( 2837): 	at android.os.Looper.loop(Looper.java:148)
08-16 14:54:31.110 W/System.err( 2837): 	at com.letv.tracker2.agnes.MessageProcessor$SendEnvMsgTr.run(MessageProcessor.java:665)
08-16 14:54:31.115 I/[T1.0.6.3]EuiAgnes_Server( 2837): resCode:1
08-16 14:54:31.115 I/[T1.0.6.3]EuiAgnes_Server( 2837): b[0]:0
08-16 14:54:31.238 I/LetvManager-LogReport( 1780): [send_msg] line: 490 report url = http://log.hdtv.cp21.ott.cibntv.net:80/api/log/tvAction
08-16 14:54:31.288 I/tvos    ( 1764): GetAudioOutputDevice, retval : 0
08-16 14:54:31.458 I/art     (25703): System.exit called, status: 0
08-16 14:54:31.458 I/AndroidRuntime(25703): VM exiting with result code 0, cleanup skipped.
08-16 14:54:31.514 I/WindowState( 2207): WIN DEATH: Window{c5388ba u0 com.stv.filemanager.remotemanager/com.stv.filemanager.remotemanager.ui.WSActivity}
08-16 14:54:31.516 W/InputDispatcher( 2207): Window went away: Window{c5388ba u0 com.stv.filemanager.remotemanager/com.stv.filemanager.remotemanager.ui.WSActivity}
08-16 14:54:31.530 I/ActivityManager( 2207): Process com.stv.filemanager.remotemanager (pid 25703) has died
08-16 14:54:31.538 I/tvos    ( 1764): GetAudioOutputDevice, retval : 0
08-16 14:54:31.541 I/Launcher( 3007): [com.stv.launcher] LauncherApplication -- ========= tryTrimMemoryCache =========5
08-16 14:54:31.541 E/critical_path_log( 3007): superlive_7799adbbe191b8ab_onTrimMemory: level = 5
08-16 14:54:31.542 E/critical_path_log( 5085): com.letv.tv : letv_3820f7d3a20b3a40_onTrimMemory: level = 5
08-16 14:54:31.542 E/critical_path_log( 5085): com.letv.tv : letv_02fb16e5d46e18f0_will clear cache
08-16 14:54:31.542 E/critical_path_log( 5085): com.letv.tv : letv_02fb16e5d46e18f0_clear cache finished
08-16 14:54:31.580 W/InputDispatcher( 2207): findFocusedWindow finished: injectionResult=0, timeSpentWaitingForApplication=0.0ms
08-16 14:54:31.585 W/InputDispatcher( 2207): findFocusedWindow finished: injectionResult=0, timeSpentWaitingForApplication=0.0ms
08-16 14:54:31.587 W/InputDispatcher( 2207): setFocusedApplication
08-16 14:54:31.589 W/InputDispatcher( 2207): Focus left window: Window{709d871 u0 com.stv.filemanager/com.stv.filemanager.activities.FileExplorerTabActivity}
08-16 14:54:31.592 I/FileManager(25366): FileExplorerTabActivity -- onPause
08-16 14:54:31.595 I/ActivityManager( 2207): TR12) TaskRecord{14b0d11 #1 A=com.stv.launcher U=0 sz=1}
08-16 14:54:31.595 I/ActivityManager( 2207): TR11) TaskRecord{d4cce #37 A=com.stv.filemanager U=0 sz=1}
08-16 14:54:31.596 I/ActivityManager( 2207): accel TR12) TaskRecord{14b0d11 #1 A=com.stv.launcher U=0 sz=1}
08-16 14:54:31.596 I/ActivityManager( 2207): accel TR11) TaskRecord{d4cce #37 A=com.stv.filemanager U=0 sz=1}
08-16 14:54:31.617 I/AnalysisLog( 3007): Activ:onStart----start:time='513338084'
08-16 14:54:31.617 I/TvLiveBaseFragment( 3007): onStart
08-16 14:54:31.620 I/Launcher( 3007): [com.stv.launcher] LauncherActivity -- onStart, switchByStr: false
08-16 14:54:31.620 I/AnalysisLog( 3007): Plugin:onFragmentShowChanged_show:com.stv.plugin.app----start:time='513338088'
08-16 14:54:31.620 I/AppPlugin( 3007): ReportLogUtil -- startExposureReport
08-16 14:54:31.623 I/AnalysisLog( 3007): Plugin:onFragmentShowChanged_show:com.stv.plugin.app----end:time='513338090'
08-16 14:54:31.624 I/AnalysisLog( 3007): Activ:onStart----end:time='513338092'
08-16 14:54:31.625 I/Launcher( 3007): [com.stv.launcher] LauncherActivity --  debug_tag onResume
08-16 14:54:31.625 I/AnalysisLog( 3007): Activ:onResume----start:time='513338093'
08-16 14:54:31.626 I/Launcher( 3007): [com.stv.launcher] boot video finished=1 bootAnifinished = 1 str =  strAdFinished = 3
08-16 14:54:31.626 I/Launcher( 3007): [com.stv.launcher] LauncherActivity -- onResume, switchByStr: false, bootAdFinish true
08-16 14:54:31.626 I/Launcher( 3007): [com.stv.launcher] LauncherActivity -- onResume mHandDetectStarted: false mHandDetectType: 0 mLastSelectedScreen = null
08-16 14:54:31.626 I/Launcher( 3007): [com.stv.launcher] PluginShell --  debug_tag  >>>>>> startLoadFirst <<<<<<
08-16 14:54:31.627 I/Launcher( 3007): [com.stv.launcher] PluginShell --  debug_tag  >>>>>> createPlugin <<<<<<
08-16 14:54:31.627 I/Launcher( 3007): [com.stv.launcher] PluginShell --  debug_tag  ** createPlugin but current has empty **
08-16 14:54:31.627 I/AnalysisLog( 3007): Activ:onResume----end:time='513338094'
08-16 14:54:31.627 I/AnalysisLog( 3007): Plugin:onAttach2onResume:com.letv.android.tv.letvlive----end:time='513338094'
08-16 14:54:31.627 I/TvLiveBaseFragment( 3007): onResume
08-16 14:54:31.627 I/AnalysisLog( 3007): Plugin:onAttach2onResume:com.stv.plugin.tencent----end:time='513338095'
08-16 14:54:31.627 I/AnalysisLog( 3007): Plugin:onAttach2onResume:com.stv.plugin.video----end:time='513338095'
08-16 14:54:31.627 I/AnalysisLog( 3007): Plugin:onAttach2onResume:com.stv.plugin.search----end:time='513338095'
08-16 14:54:31.627 I/ShoppingPlugin-stv-PluginFragment( 3007): onResume ->in
08-16 14:54:31.628 I/AnalysisLog( 3007): Plugin:onAttach2onResume:com.stv.shopping----end:time='513338095'
08-16 14:54:31.628 I/AnalysisLog( 3007): Plugin:onAttach2onResume:com.stv.plugin.kids----end:time='513338095'
08-16 14:54:31.628 I/AnalysisLog( 3007): Plugin:onAttach2onResume:com.stv.plugin.app----end:time='513338096'
08-16 14:54:31.628 I/AnalysisLog( 3007): Plugin:onAttach2onResume:com.stv.plugin.ucenter----end:time='513338096'
08-16 14:54:31.648 I/tvos    ( 1764): [37m[INFO] Change to Voltage: 1150 mV (0x22)[m
08-16 14:54:31.648 I/tvos    ( 1764): [37m[INFO] Change to Voltage: 1150 mV (0x25)[m
08-16 14:54:31.650 I/tvos    ( 1764): [37m[INFO] Change to Voltage: 1150 mV (0x28)[m
08-16 14:54:31.651 I/tvos    ( 1764): [37m[INFO] Change to Voltage: 1150 mV (0x2B)[m
08-16 14:54:31.651 W/InputDispatcher( 2207): Focus entered window: Window{23c0535 u0 com.stv.launcher/com.stv.launcher.ui.activity.Launcher}
08-16 14:54:31.652 I/tvos    ( 1764): [37m[INFO] Change to Voltage: 1150 mV (0x2E)[m
08-16 14:54:31.655 I/tvos    ( 1764): [37m[INFO] Change to Voltage: 1150 mV (0x2E)[m
08-16 14:54:31.657 E/BufferQueueProducer( 1749): [com.stv.launcher/com.stv.launcher.ui.activity.Launcher] connect(P): already connected (cur=1 req=1)
08-16 14:54:31.660 E/LETV_DEVICE( 1780): no name sn for Mstar
08-16 14:54:31.665 W/Launcher( 3007): [SDK][EcoFrescoViewImpl]:UnSupport subscriber
08-16 14:54:31.666 I/GlobalFocusChangedListe( 3007): com.stv.plugin.app.widget.AppRecyclerView
08-16 14:54:31.673 E/ActivityThread( 2837): Failed to find provider info for com.letv.agnes.InfoProvider
08-16 14:54:31.677 E/ActivityThread( 2837): Failed to find provider info for com.letv.agnes.InfoProvider
08-16 14:54:31.677 W/System.err( 2837): java.lang.IllegalArgumentException: Unknown URL content://com.letv.agnes.InfoProvider
08-16 14:54:31.678 W/System.err( 2837): 	at android.content.ContentResolver.insert(ContentResolver.java:1227)
08-16 14:54:31.678 W/System.err( 2837): 	at com.letv.tracker2.agnes.Configuration.addDebugInfo(Configuration.java:289)
08-16 14:54:31.678 W/System.err( 2837): 	at com.letv.tracker2.agnes.MessageProcessor$SendEnvMsgTr$1.handleMessage(MessageProcessor.java:661)
08-16 14:54:31.678 W/System.err( 2837): 	at android.os.Handler.dispatchMessage(Handler.java:102)
08-16 14:54:31.678 W/System.err( 2837): 	at android.os.Looper.loop(Looper.java:148)
08-16 14:54:31.678 W/System.err( 2837): 	at com.letv.tracker2.agnes.MessageProcessor$SendEnvMsgTr.run(MessageProcessor.java:665)
08-16 14:54:31.685 I/[T1.0.6.3]EuiAgnes_Server( 2837): resCode:1
08-16 14:54:31.685 I/StvLogReport( 2837): StargazerReportTask, action=appClose&name=æ–‡ä»¶ç®¡ç†&packagename=com.stv.filemanager&versionCode=1&appVersionName=1.0&appType=1&mark=97&totalTime=0
08-16 14:54:31.692 I/[T1.0.6.3]EuiAgnes_Server( 2837): b[0]:0
08-16 14:54:31.700 I/StvLogReport( 2837): StargazerReportTask, reponse2 : {"status":"OK","statusCode":200,"message":"succeefully"}
08-16 14:54:31.703 E/LETV_DEVICE( 1780): no name sn for Mstar
08-16 14:54:31.752 I/tvos    ( 1764): [37m[INFO] Change to Voltage: 1130 mV (0x1F)[m
08-16 14:54:31.752 I/tvos    ( 1764): [37m[INFO] Change to Voltage: 1130 mV (0x22)[m
08-16 14:54:31.752 I/tvos    ( 1764): [37m[INFO] Change to Voltage: 1130 mV (0x25)[m
08-16 14:54:31.752 I/tvos    ( 1764): [37m[INFO] Change to Voltage: 1130 mV (0x28)[m
08-16 14:54:31.753 I/tvos    ( 1764): [37m[INFO] Change to Voltage: 1130 mV (0x2B)[m
08-16 14:54:31.753 I/tvos    ( 1764): [37m[INFO] Change to Voltage: 1130 mV (0x2C)[m
08-16 14:54:31.789 I/tvos    ( 1764): GetAudioOutputDevice, retval : 0
08-16 14:54:31.792 E/LetvRemoteupgradeManager-JNI( 2613): can't get LetvManager service!
08-16 14:54:31.834 E/ActivityThread( 2837): Failed to find provider info for com.letv.agnes.InfoProvider
08-16 14:54:31.836 E/ActivityThread( 2837): Failed to find provider info for com.letv.agnes.InfoProvider
08-16 14:54:31.836 W/System.err( 2837): java.lang.IllegalArgumentException: Unknown URL content://com.letv.agnes.InfoProvider
08-16 14:54:31.836 W/System.err( 2837): 	at android.content.ContentResolver.insert(ContentResolver.java:1227)
08-16 14:54:31.836 W/System.err( 2837): 	at com.letv.tracker2.agnes.Configuration.addDebugInfo(Configuration.java:289)
08-16 14:54:31.836 W/System.err( 2837): 	at com.letv.tracker2.agnes.MessageProcessor$SendEnvMsgTr$1.handleMessage(MessageProcessor.java:661)
08-16 14:54:31.836 W/System.err( 2837): 	at android.os.Handler.dispatchMessage(Handler.java:102)
08-16 14:54:31.837 W/System.err( 2837): 	at android.os.Looper.loop(Looper.java:148)
08-16 14:54:31.837 W/System.err( 2837): 	at com.letv.tracker2.agnes.MessageProcessor$SendEnvMsgTr.run(MessageProcessor.java:665)
08-16 14:54:31.841 I/[T1.0.6.3]EuiAgnes_Server( 2837): resCode:1
08-16 14:54:31.841 I/[T1.0.6.3]EuiAgnes_Server( 2837): b[0]:0
08-16 14:54:31.842 I/LetvManager-LogReport( 1780): [send_msg] line: 490 report url = http://log.hdtv.cp21.ott.cibntv.net:80/api/log/tvAction
08-16 14:54:31.852 I/tvos    ( 1764): [37m[INFO] Change to Voltage: 1000 mV (0x2C)[m
08-16 14:54:31.852 I/tvos    ( 1764): [37m[INFO] Change to Voltage: 1000 mV (0x29)[m
08-16 14:54:31.852 I/tvos    ( 1764): [37m[INFO] Change to Voltage: 1000 mV (0x26)[m
08-16 14:54:31.852 I/tvos    ( 1764): [37m[INFO] Change to Voltage: 1000 mV (0x23)[m
08-16 14:54:31.854 I/tvos    ( 1764): [37m[INFO] Change to Voltage: 1000 mV (0x20)[m
08-16 14:54:31.854 I/tvos    ( 1764): [37m[INFO] Change to Voltage: 1000 mV (0x1F)[m
08-16 14:54:31.894 I/ActivityManager( 2207): Displayed com.stv.launcher/.ui.activity.Launcher: +301ms
08-16 14:54:31.895 W/ContextImpl( 2207): Calling a method in the system process without a qualified user: android.app.ContextImpl.sendBroadcast:766 com.android.server.am.ActivityRecord.reportLaunchTimeLocked:1056 com.android.server.am.ActivityRecord.windowsDrawnLocked:1080 com.android.server.am.ActivityRecord$Token.windowsDrawn:345 com.android.server.wm.WindowManagerService$H.handleMessage:8042 
08-16 14:54:31.896 W/ContextImpl( 2613): Calling a method in the system process without a qualified user: android.app.ContextImpl.startService:1224 android.content.ContextWrapper.startService:581 com.stv.helper.service.TvMasterService.noteLaunchTime:169 letv.tvmaster.ITvMasterService$Stub.onTransact:136 android.os.Binder.execTransact:453 
08-16 14:54:32.039 I/tvos    ( 1764): GetAudioOutputDevice, retval : 0
08-16 14:54:32.046 I/LetvManager-LogReport( 1780): [send_msg] line: 490 report url = http://log.hdtv.cp21.ott.cibntv.net:80/api/log/tvAction
08-16 14:54:32.290 I/tvos    ( 1764): GetAudioOutputDevice, retval : 0
08-16 14:54:32.296 I/art     (25366): System.exit called, status: 0
08-16 14:54:32.297 I/AndroidRuntime(25366): VM exiting with result code 0, cleanup skipped.
08-16 14:54:32.371 I/WindowState( 2207): WIN DEATH: Window{709d871 u0 com.stv.filemanager/com.stv.filemanager.activities.FileExplorerTabActivity}
08-16 14:54:32.373 W/InputDispatcher( 2207): Window went away: Window{709d871 u0 com.stv.filemanager/com.stv.filemanager.activities.FileExplorerTabActivity}
08-16 14:54:32.402 I/ActivityManager( 2207): Process com.stv.filemanager (pid 25366) has died
08-16 14:54:32.412 W/InputDispatcher( 2207): findFocusedWindow finished: injectionResult=0, timeSpentWaitingForApplication=0.0ms
08-16 14:54:32.412 I/AppPlugin( 3007): AppWorkspace -- dispatchKeyEvent folderWorkspace back event no respose,so force hide folderWorkspace.
08-16 14:54:32.418 I/GlobalFocusChangedListe( 3007): com.stv.launcher.ui.widget.TabItemNew
08-16 14:54:32.449 W/InputDispatcher( 2207): findFocusedWindow finished: injectionResult=0, timeSpentWaitingForApplication=0.0ms
08-16 14:54:32.454 E/critical_path_log( 5085): com.letv.tv : letv_3820f7d3a20b3a40_onTrimMemory: level = 5
08-16 14:54:32.454 E/critical_path_log( 5085): com.letv.tv : letv_02fb16e5d46e18f0_will clear cache
08-16 14:54:32.455 E/critical_path_log( 5085): com.letv.tv : letv_02fb16e5d46e18f0_clear cache finished
08-16 14:54:32.470 I/Launcher( 3007): [com.stv.launcher] LauncherApplication -- ========= tryTrimMemoryCache =========5
08-16 14:54:32.470 E/critical_path_log( 3007): superlive_7799adbbe191b8ab_onTrimMemory: level = 5
08-16 14:54:32.540 I/tvos    ( 1764): GetAudioOutputDevice, retval : 0
08-16 14:54:32.630 I/AppPlugin( 3007): AppFragment --  find index 0 view = Background {mUrl = http://picture-scloud.cp21.ott.cibntv.net/stargazer/1532585612302_1103 isTimeOut = false type = 2 mPluginID = null isDied = false}
08-16 14:54:32.630 I/AppPlugin( 3007): AppFragment --  remove bg 
08-16 14:54:32.790 I/tvos    ( 1764): GetAudioOutputDevice, retval : 0
08-16 14:54:32.955 W/InputDispatcher( 2207): findFocusedWindow finished: injectionResult=0, timeSpentWaitingForApplication=0.0ms
08-16 14:54:32.960 W/InputDispatcher( 2207): findFocusedWindow finished: injectionResult=0, timeSpentWaitingForApplication=0.0ms
08-16 14:54:33.041 I/tvos    ( 1764): GetAudioOutputDevice, retval : 0
08-16 14:54:33.291 I/tvos    ( 1764): GetAudioOutputDevice, retval : 0
08-16 14:54:33.465 W/InputDispatcher( 2207): findFocusedWindow finished: injectionResult=0, timeSpentWaitingForApplication=0.0ms
08-16 14:54:33.472 W/InputDispatcher( 2207): findFocusedWindow finished: injectionResult=0, timeSpentWaitingForApplication=0.0ms
08-16 14:54:33.542 I/tvos    ( 1764): GetAudioOutputDevice, retval : 0
08-16 14:54:33.623 I/PluginFramework -- WidgetManager( 3007): getWidget id =#com.stv.plugin.app#
08-16 14:54:33.623 I/PluginFramework -- WidgetManager( 3007): getWidget widget = Widget{, mWidgetId=com.stv.plugin.app, mState=15, mLocation='/data/user/0/com.stv.launcher/files/plugins/com.stv.plugin.app_LetvAppPlugin_2.5.0.005_2018050710.apk', mVersionName='2.5.0.005', mVersionCode=2018050710, mName='LetvAppPlugin', mDexDir='/data/user/0/com.stv.launcher/files/plugins_data/com.stv.plugin.app/dex/', mLibDir='/data/user/0/com.stv.launcher/files/plugins_data/com.stv.plugin.app/libs/', mDataDir='/data/user/0/com.stv.launcher/files/plugins_data/com.stv.plugin.app'}
08-16 14:54:33.624 I/PluginFramework -- WidgetManager( 3007): getWidget id =#com.stv.plugin.app#
08-16 14:54:33.624 I/PluginFramework -- WidgetManager( 3007): getWidget widget = Widget{, mWidgetId=com.stv.plugin.app, mState=15, mLocation='/data/user/0/com.stv.launcher/files/plugins/com.stv.plugin.app_LetvAppPlugin_2.5.0.005_2018050710.apk', mVersionName='2.5.0.005', mVersionCode=2018050710, mName='LetvAppPlugin', mDexDir='/data/user/0/com.stv.launcher/files/plugins_data/com.stv.plugin.app/dex/', mLibDir='/data/user/0/com.stv.launcher/files/plugins_data/com.stv.plugin.app/libs/', mDataDir='/data/user/0/com.stv.launcher/files/plugins_data/com.stv.plugin.app'}
08-16 14:54:33.624 I/PluginFramework -- WidgetManager( 3007): getWidget id =#com.stv.plugin.app#
08-16 14:54:33.624 I/PluginFramework -- WidgetManager( 3007): getWidget widget = Widget{, mWidgetId=com.stv.plugin.app, mState=15, mLocation='/data/user/0/com.stv.launcher/files/plugins/com.stv.plugin.app_LetvAppPlugin_2.5.0.005_2018050710.apk', mVersionName='2.5.0.005', mVersionCode=2018050710, mName='LetvAppPlugin', mDexDir='/data/user/0/com.stv.launcher/files/plugins_data/com.stv.plugin.app/dex/', mLibDir='/data/user/0/com.stv.launcher/files/plugins_data/com.stv.plugin.app/libs/', mDataDir='/data/user/0/com.stv.launcher/files/plugins_data/com.stv.plugin.app'}
08-16 14:54:33.626 I/PluginFramework -- WidgetManager( 3007): getWidget id =#com.stv.plugin.app#
08-16 14:54:33.626 I/PluginFramework -- WidgetManager( 3007): getWidget widget = Widget{, mWidgetId=com.stv.plugin.app, mState=15, mLocation='/data/user/0/com.stv.launcher/files/plugins/com.stv.plugin.app_LetvAppPlugin_2.5.0.005_2018050710.apk', mVersionName='2.5.0.005', mVersionCode=2018050710, mName='LetvAppPlugin', mDexDir='/data/user/0/com.stv.launcher/files/plugins_data/com.stv.plugin.app/dex/', mLibDir='/data/user/0/com.stv.launcher/files/plugins_data/com.stv.plugin.app/libs/', mDataDir='/data/user/0/com.stv.launcher/files/plugins_data/com.stv.plugin.app'}
08-16 14:54:33.627 I/PluginFramework -- WidgetManager( 3007): getWidget id =#com.stv.plugin.app#
08-16 14:54:33.628 I/PluginFramework -- WidgetManager( 3007): getWidget widget = Widget{, mWidgetId=com.stv.plugin.app, mState=15, mLocation='/data/user/0/com.stv.launcher/files/plugins/com.stv.plugin.app_LetvAppPlugin_2.5.0.005_2018050710.apk', mVersionName='2.5.0.005', mVersionCode=2018050710, mName='LetvAppPlugin', mDexDir='/data/user/0/com.stv.launcher/files/plugins_data/com.stv.plugin.app/dex/', mLibDir='/data/user/0/com.stv.launcher/files/plugins_data/com.stv.plugin.app/libs/', mDataDir='/data/user/0/com.stv.launcher/files/plugins_data/com.stv.plugin.app'}
08-16 14:54:33.629 I/PluginFramework -- WidgetManager( 3007): getWidget id =#com.stv.plugin.app#
08-16 14:54:33.629 I/PluginFramework -- WidgetManager( 3007): getWidget widget = Widget{, mWidgetId=com.stv.plugin.app, mState=15, mLocation='/data/user/0/com.stv.launcher/files/plugins/com.stv.plugin.app_LetvAppPlugin_2.5.0.005_2018050710.apk', mVersionName='2.5.0.005', mVersionCode=2018050710, mName='LetvAppPlugin', mDexDir='/data/user/0/com.stv.launcher/files/plugins_data/com.stv.plugin.app/dex/', mLibDir='/data/user/0/com.stv.launcher/files/plugins_data/com.stv.plugin.app/libs/', mDataDir='/data/user/0/com.stv.launcher/files/plugins_data/com.stv.plugin.app'}
08-16 14:54:33.630 I/PluginFramework -- WidgetManager( 3007): getWidget id =#com.stv.plugin.app#
08-16 14:54:33.631 I/PluginFramework -- WidgetManager( 3007): getWidget widget = Widget{, mWidgetId=com.stv.plugin.app, mState=15, mLocation='/data/user/0/com.stv.launcher/files/plugins/com.stv.plugin.app_LetvAppPlugin_2.5.0.005_2018050710.apk', mVersionName='2.5.0.005', mVersionCode=2018050710, mName='LetvAppPlugin', mDexDir='/data/user/0/com.stv.launcher/files/plugins_data/com.stv.plugin.app/dex/', mLibDir='/data/user/0/com.stv.launcher/files/plugins_data/com.stv.plugin.app/libs/', mDataDir='/data/user/0/com.stv.launcher/files/plugins_data/com.stv.plugin.app'}
08-16 14:54:33.631 I/AppPlugin( 3007): AppFragment -- handlerData isRefreshedUI = true isCanUpdate() = true isCanInit() = true
08-16 14:54:33.632 I/PluginFramework -- WidgetManager( 3007): getWidget id =#com.stv.plugin.app#
08-16 14:54:33.633 I/PluginFramework -- WidgetManager( 3007): getWidget widget = Widget{, mWidgetId=com.stv.plugin.app, mState=15, mLocation='/data/user/0/com.stv.launcher/files/plugins/com.stv.plugin.app_LetvAppPlugin_2.5.0.005_2018050710.apk', mVersionName='2.5.0.005', mVersionCode=2018050710, mName='LetvAppPlugin', mDexDir='/data/user/0/com.stv.launcher/files/plugins_data/com.stv.plugin.app/dex/', mLibDir='/data/user/0/com.stv.launcher/files/plugins_data/com.stv.plugin.app/libs/', mDataDir='/data/user/0/com.stv.launcher/files/plugins_data/com.stv.plugin.app'}
08-16 14:54:33.634 I/PluginFramework -- WidgetManager( 3007): getWidget id =#com.stv.plugin.app#
08-16 14:54:33.634 I/PluginFramework -- WidgetManager( 3007): getWidget widget = Widget{, mWidgetId=com.stv.plugin.app, mState=15, mLocation='/data/user/0/com.stv.launcher/files/plugins/com.stv.plugin.app_LetvAppPlugin_2.5.0.005_2018050710.apk', mVersionName='2.5.0.005', mVersionCode=2018050710, mName='LetvAppPlugin', mDexDir='/data/user/0/com.stv.launcher/files/plugins_data/com.stv.plugin.app/dex/', mLibDir='/data/user/0/com.stv.launcher/files/plugins_data/com.stv.plugin.app/libs/', mDataDir='/data/user/0/com.stv.launcher/files/plugins_data/com.stv.plugin.app'}
08-16 14:54:33.649 E/LETV_DEVICE( 1780): no name sn for Mstar
08-16 14:54:33.651 I/LetvManager-LogReport( 1780): [send_msg] line: 490 report url = http://log.hdtv.cp21.ott.cibntv.net:80/api/log/tvAction
08-16 14:54:33.654 I/StvLogReport( 2837): StargazerReportTask, action=desktopShow&desktop=5&packageName=com.stv.plugin.app
08-16 14:54:33.666 E/ActivityThread( 2837): Failed to find provider info for com.letv.agnes.InfoProvider
08-16 14:54:33.667 E/ActivityThread( 2837): Failed to find provider info for com.letv.agnes.InfoProvider
08-16 14:54:33.669 W/System.err( 2837): java.lang.IllegalArgumentException: Unknown URL content://com.letv.agnes.InfoProvider
08-16 14:54:33.669 W/System.err( 2837): 	at android.content.ContentResolver.insert(ContentResolver.java:1227)
08-16 14:54:33.669 W/System.err( 2837): 	at com.letv.tracker2.agnes.Configuration.addDebugInfo(Configuration.java:289)
08-16 14:54:33.669 W/System.err( 2837): 	at com.letv.tracker2.agnes.MessageProcessor$SendEnvMsgTr$1.handleMessage(MessageProcessor.java:661)
08-16 14:54:33.669 W/System.err( 2837): 	at android.os.Handler.dispatchMessage(Handler.java:102)
08-16 14:54:33.669 W/System.err( 2837): 	at android.os.Looper.loop(Looper.java:148)
08-16 14:54:33.669 W/System.err( 2837): 	at com.letv.tracker2.agnes.MessageProcessor$SendEnvMsgTr.run(MessageProcessor.java:665)
08-16 14:54:33.678 I/[T1.0.6.3]EuiAgnes_Server( 2837): resCode:1
08-16 14:54:33.678 I/[T1.0.6.3]EuiAgnes_Server( 2837): b[0]:0
08-16 14:54:33.694 I/StvLogReport( 2837): StargazerReportTask, reponse2 : {"status":"OK","statusCode":200,"message":"succeefully"}
08-16 14:54:33.792 I/tvos    ( 1764): GetAudioOutputDevice, retval : 0
08-16 14:54:33.856 I/LetvManager-LogReport( 1780): [send_msg] line: 490 report url = http://log.hdtv.cp21.ott.cibntv.net:80/api/log/tvAction
08-16 14:54:33.978 W/InputDispatcher( 2207): findFocusedWindow finished: injectionResult=0, timeSpentWaitingForApplication=0.0ms
08-16 14:54:33.983 W/InputDispatcher( 2207): findFocusedWindow finished: injectionResult=0, timeSpentWaitingForApplication=0.0ms
08-16 14:54:34.042 I/tvos    ( 1764): GetAudioOutputDevice, retval : 0
08-16 14:54:34.059 I/LetvManager-LogReport( 1780): [send_msg] line: 490 report url = http://log.hdtv.cp21.ott.cibntv.net:80/api/log/tvAction
08-16 14:54:34.265 I/LetvManager-LogReport( 1780): [send_msg] line: 490 report url = http://log.hdtv.cp21.ott.cibntv.net:80/api/log/tvAction
08-16 14:54:34.293 I/tvos    ( 1764): GetAudioOutputDevice, retval : 0
08-16 14:54:34.471 I/LetvManager-LogReport( 1780): [send_msg] line: 490 report url = http://log.hdtv.cp21.ott.cibntv.net:80/api/log/tvAction
08-16 14:54:34.488 W/InputDispatcher( 2207): findFocusedWindow finished: injectionResult=0, timeSpentWaitingForApplication=0.0ms
08-16 14:54:34.492 W/InputDispatcher( 2207): findFocusedWindow finished: injectionResult=0, timeSpentWaitingForApplication=0.0ms
08-16 14:54:34.543 I/tvos    ( 1764): GetAudioOutputDevice, retval : 0
08-16 14:54:34.629 I/Launcher( 3007): [com.stv.launcher] AdvertisingModel -- getData fromCache = false
08-16 14:54:34.630 I/Launcher( 3007): [com.stv.launcher] AdvertisingModel -- getData url = http://stargazer-sandbox.scloud.cp21.ott.cibntv.net/proxy/api/v1/promotion?mac=b01bd2542d51&posid=launcher_tab,launcher_logo,launcher_background,launcher_tab_isnew
08-16 14:54:34.674 I/LetvManager-LogReport( 1780): [send_msg] line: 490 report url = http://log.hdtv.cp21.ott.cibntv.net:80/api/log/tvAction
08-16 14:54:34.699 I/Launcher( 3007): [com.stv.launcher] AdvertisingPresenter -- launcher_logo beginTime :Wed Dec 13 00:00:00 GMT+08:00 2017 end :Thu Dec 14 14:00:00 GMT+08:00 2017 now :Thu Aug 16 14:54:34 GMT+08:00 2018 isTimeout :true
08-16 14:54:34.699 I/Launcher( 3007): [com.stv.launcher] AdvertisingPresenter -- launcher_tab beginTime :Tue Jul 17 00:00:00 GMT+08:00 2018 end :Mon Oct 01 00:00:00 GMT+08:00 2018 now :Thu Aug 16 14:54:34 GMT+08:00 2018 isTimeout :false
08-16 14:54:34.699 I/Launcher( 3007): [com.stv.launcher] AdvertisingPresenter -- launcher_background beginTime :Tue Jul 17 00:00:00 GMT+08:00 2018 end :Mon Oct 01 00:00:00 GMT+08:00 2018 now :Thu Aug 16 14:54:34 GMT+08:00 2018 isTimeout :false
08-16 14:54:34.699 I/Launcher( 3007): [com.stv.launcher] AdvertisingPresenter -- updateView dataList : [img_url = http://picture-scloud.cp21.ott.cibntv.net/stargazer/1531809918780_3441 begin_time = 1531756800000 end_time = 1538323200000 open = 0 tab_id = com.stv.local.tencent position = launcher_tab, img_url = http://picture-scloud.cp21.ott.cibntv.net/stargazer/1532585612302_1103 begin_time = 1531756800000 end_time = 1538323200000 open = 0 tab_id = null position = launcher_background]
08-16 14:54:34.705 I/Launcher( 3007): [com.stv.launcher] AdvertisingPresenter --  updateTab : img_url = http://picture-scloud.cp21.ott.cibntv.net/stargazer/1531809918780_3441 begin_time = 1531756800000 end_time = 1538323200000 open = 0 tab_id = com.stv.local.tencent position = launcher_tab
08-16 14:54:34.705 I/Launcher( 3007): [com.stv.launcher] AdvertisingPresenter --  updateBackground img_url = http://picture-scloud.cp21.ott.cibntv.net/stargazer/1532585612302_1103 begin_time = 1531756800000 end_time = 1538323200000 open = 0 tab_id = null position = launcher_background
08-16 14:54:34.710 I/Launcher( 3007): [com.stv.launcher] AdvertisingPresenter --  updateTab cachedView null
08-16 14:54:34.710 I/Launcher( 3007): [com.stv.launcher] AdvertisingPresenter --  updateTab pluginId = com.stv.local.tencent imageUrl = http://picture-scloud.cp21.ott.cibntv.net/stargazer/1531809918780_3441
08-16 14:54:34.710 I/Launcher( 3007): [com.stv.launcher] AdvertisingPresenter --  updateAdView begin ---
08-16 14:54:34.710 I/Launcher( 3007): [com.stv.launcher] AdvertisingPresenter --  setCacheViewDied type = 3
08-16 14:54:34.710 I/Launcher( 3007): [com.stv.launcher] AdvertisingPresenter -- TAB beginTime :Tue Jul 17 00:00:00 GMT+08:00 2018 end :Mon Oct 01 00:00:00 GMT+08:00 2018 now :Thu Aug 16 14:54:34 GMT+08:00 2018 isTimeout :false
08-16 14:54:34.710 I/Launcher( 3007): [com.stv.launcher] AdvertisingPresenter --  updateAdView  canNew = true now = 1534402474710 nowSecond = 1534402474
08-16 14:54:34.710 I/Launcher( 3007): [com.stv.launcher] AdvertisingPresenter --  updateAdView ,find tabAdView = null
08-16 14:54:34.710 I/Launcher( 3007): [com.stv.launcher] AdvertisingPresenter --  checkShowOrHide  
08-16 14:54:34.710 I/Launcher( 3007): [com.stv.launcher] AdvertisingPresenter --  updateAdView end ---
08-16 14:54:34.711 I/Launcher( 3007): [com.stv.launcher] AdvertisingPresenter --  updateBackground cachedView Background {mUrl = http://picture-scloud.cp21.ott.cibntv.net/stargazer/1532585612302_1103 isTimeOut = true type = 2 mPluginID = null isDied = false}
08-16 14:54:34.711 I/Launcher( 3007): [com.stv.launcher] AdvertisingPresenter --  updateAdView begin ---
08-16 14:54:34.711 I/Launcher( 3007): [com.stv.launcher] AdvertisingPresenter --  updateAdView  canNew = false now = 1534402474711 nowSecond = 1534402474
08-16 14:54:34.711 I/Launcher( 3007): [com.stv.launcher] AdvertisingPresenter --  checkShowOrHide  
08-16 14:54:34.711 I/Launcher( 3007): [com.stv.launcher] AdvertisingPresenter --  updateAdView end ---
08-16 14:54:34.792 E/LetvRemoteupgradeManager-JNI( 2613): can't get LetvManager service!
08-16 14:54:34.794 I/tvos    ( 1764): GetAudioOutputDevice, retval : 0
08-16 14:54:34.830 I/Launcher( 3007): [com.stv.launcher] AdvertisingView -- ---show ----Background {mUrl = http://picture-scloud.cp21.ott.cibntv.net/stargazer/1532585612302_1103 isTimeOut = false type = 2 mPluginID = null isDied = false}
08-16 14:54:34.880 I/LetvManager-LogReport( 1780): [send_msg] line: 490 report url = http://log.hdtv.cp21.ott.cibntv.net:80/api/log/tvAction
08-16 14:54:34.977 I/reService( 2207): onReportKeyEvent  type=type0 keycode=4*22*4*22*4*22*4*4*4*4*4*4*4 
08-16 14:54:34.978 E/LETV_DEVICE( 1780): no name sn for Mstar
08-16 14:54:34.981 E/ActivityThread( 2837): Failed to find provider info for com.letv.agnes.InfoProvider
08-16 14:54:34.982 E/ActivityThread( 2837): Failed to find provider info for com.letv.agnes.InfoProvider
08-16 14:54:34.982 W/System.err( 2837): java.lang.IllegalArgumentException: Unknown URL content://com.letv.agnes.InfoProvider
08-16 14:54:34.982 W/System.err( 2837): 	at android.content.ContentResolver.insert(ContentResolver.java:1227)
08-16 14:54:34.983 W/System.err( 2837): 	at com.letv.tracker2.agnes.Configuration.addDebugInfo(Configuration.java:289)
08-16 14:54:34.983 W/System.err( 2837): 	at com.letv.tracker2.agnes.MessageProcessor$SendEnvMsgTr$1.handleMessage(MessageProcessor.java:661)
08-16 14:54:34.983 W/System.err( 2837): 	at android.os.Handler.dispatchMessage(Handler.java:102)
08-16 14:54:34.983 W/System.err( 2837): 	at android.os.Looper.loop(Looper.java:148)
08-16 14:54:34.983 W/System.err( 2837): 	at com.letv.tracker2.agnes.MessageProcessor$SendEnvMsgTr.run(MessageProcessor.java:665)
08-16 14:54:34.990 I/[T1.0.6.3]EuiAgnes_Server( 2837): resCode:1
08-16 14:54:34.990 I/[T1.0.6.3]EuiAgnes_Server( 2837): b[0]:0
08-16 14:54:35.044 I/tvos    ( 1764): GetAudioOutputDevice, retval : 0
08-16 14:54:35.084 I/LetvManager-LogReport( 1780): [send_msg] line: 490 report url = http://log.hdtv.cp21.ott.cibntv.net:80/api/log/tvAction
08-16 14:54:35.254 W/InputDispatcher( 2207): findFocusedWindow finished: injectionResult=0, timeSpentWaitingForApplication=0.0ms
08-16 14:54:35.257 W/InputDispatcher( 2207): findFocusedWindow finished: injectionResult=0, timeSpentWaitingForApplication=0.0ms
08-16 14:54:35.287 I/LetvManager-LogReport( 1780): [send_msg] line: 490 report url = http://log.hdtv.cp21.ott.cibntv.net:80/api/log/tvAction
08-16 14:54:35.295 I/tvos    ( 1764): GetAudioOutputDevice, retval : 0
08-16 14:54:35.492 I/LetvManager-LogReport( 1780): [send_msg] line: 490 report url = http://log.hdtv.cp21.ott.cibntv.net:80/api/log/tvAction
08-16 14:54:35.545 I/tvos    ( 1764): GetAudioOutputDevice, retval : 0
08-16 14:54:35.796 I/tvos    ( 1764): GetAudioOutputDevice, retval : 0
08-16 14:54:36.046 I/tvos    ( 1764): GetAudioOutputDevice, retval : 0
08-16 14:54:36.296 I/tvos    ( 1764): GetAudioOutputDevice, retval : 0
08-16 14:54:36.547 I/tvos    ( 1764): GetAudioOutputDevice, retval : 0
08-16 14:54:36.627 E/LETV_DEVICE( 1780): no name sn for Mstar
08-16 14:54:36.645 E/ActivityThread( 2837): Failed to find provider info for com.letv.agnes.InfoProvider
08-16 14:54:36.647 E/ActivityThread( 2837): Failed to find provider info for com.letv.agnes.InfoProvider
08-16 14:54:36.647 W/System.err( 2837): java.lang.IllegalArgumentException: Unknown URL content://com.letv.agnes.InfoProvider
08-16 14:54:36.647 W/System.err( 2837): 	at android.content.ContentResolver.insert(ContentResolver.java:1227)
08-16 14:54:36.647 W/System.err( 2837): 	at com.letv.tracker2.agnes.Configuration.addDebugInfo(Configuration.java:289)
08-16 14:54:36.648 W/System.err( 2837): 	at com.letv.tracker2.agnes.MessageProcessor$SendEnvMsgTr$1.handleMessage(MessageProcessor.java:661)
08-16 14:54:36.649 W/System.err( 2837): 	at android.os.Handler.dispatchMessage(Handler.java:102)
08-16 14:54:36.649 W/System.err( 2837): 	at android.os.Looper.loop(Looper.java:148)
08-16 14:54:36.649 W/System.err( 2837): 	at com.letv.tracker2.agnes.MessageProcessor$SendEnvMsgTr.run(MessageProcessor.java:665)
08-16 14:54:36.655 I/[T1.0.6.3]EuiAgnes_Server( 2837): resCode:1
08-16 14:54:36.655 I/[T1.0.6.3]EuiAgnes_Server( 2837): b[0]:0
08-16 14:54:36.700 I/LetvManager-LogReport( 1780): [send_msg] line: 490 report url = http://log.hdtv.cp21.ott.cibntv.net:80/api/log/tvAction
08-16 14:54:36.753 I/tvos    ( 1764): [37m[INFO] Change to Voltage: 1030 mV (0x2E)[m
08-16 14:54:36.753 I/tvos    ( 1764): [37m[INFO] Change to Voltage: 1030 mV (0x2B)[m
08-16 14:54:36.753 I/tvos    ( 1764): [37m[INFO] Change to Voltage: 1030 mV (0x28)[m
08-16 14:54:36.753 I/tvos    ( 1764): [37m[INFO] Change to Voltage: 1030 mV (0x25)[m
08-16 14:54:36.753 I/tvos    ( 1764): [37m[INFO] Change to Voltage: 1030 mV (0x22)[m
08-16 14:54:36.753 I/tvos    ( 1764): [37m[INFO] Change to Voltage: 1030 mV (0x22)[m
08-16 14:54:36.798 I/tvos    ( 1764): GetAudioOutputDevice, retval : 0
08-16 14:54:36.907 I/LetvManager-LogReport( 1780): [send_msg] line: 490 report url = http://log.hdtv.cp21.ott.cibntv.net:80/api/log/tvAction
08-16 14:54:36.952 I/tvos    ( 1764): [37m[INFO] Change to Voltage: 1150 mV (0x22)[m
08-16 14:54:36.952 I/tvos    ( 1764): [37m[INFO] Change to Voltage: 1150 mV (0x25)[m
08-16 14:54:36.952 I/tvos    ( 1764): [37m[INFO] Change to Voltage: 1150 mV (0x28)[m
08-16 14:54:36.952 I/tvos    ( 1764): [37m[INFO] Change to Voltage: 1150 mV (0x2B)[m
08-16 14:54:36.952 I/tvos    ( 1764): [37m[INFO] Change to Voltage: 1150 mV (0x2E)[m
08-16 14:54:36.952 I/tvos    ( 1764): [37m[INFO] Change to Voltage: 1150 mV (0x2E)[m
08-16 14:54:37.003 W/InputDispatcher( 2207): findFocusedWindow finished: injectionResult=0, timeSpentWaitingForApplication=0.0ms
08-16 14:54:37.007 W/InputDispatcher( 2207): findFocusedWindow finished: injectionResult=0, timeSpentWaitingForApplication=0.0ms
08-16 14:54:37.048 I/tvos    ( 1764): GetAudioOutputDevice, retval : 0
08-16 14:54:37.053 I/tvos    ( 1764): [37m[INFO] Change to Voltage: 1030 mV (0x2E)[m
08-16 14:54:37.053 I/tvos    ( 1764): [37m[INFO] Change to Voltage: 1030 mV (0x2B)[m
08-16 14:54:37.053 I/tvos    ( 1764): [37m[INFO] Change to Voltage: 1030 mV (0x28)[m
08-16 14:54:37.053 I/tvos    ( 1764): [37m[INFO] Change to Voltage: 1030 mV (0x25)[m
08-16 14:54:37.053 I/tvos    ( 1764): [37m[INFO] Change to Voltage: 1030 mV (0x22)[m
08-16 14:54:37.053 I/tvos    ( 1764): [37m[INFO] Change to Voltage: 1030 mV (0x22)[m
08-16 14:54:37.298 I/tvos    ( 1764): GetAudioOutputDevice, retval : 0
08-16 14:54:37.549 I/tvos    ( 1764): GetAudioOutputDevice, retval : 0
08-16 14:54:37.792 E/LetvRemoteupgradeManager-JNI( 2613): can't get LetvManager service!
08-16 14:54:37.799 I/tvos    ( 1764): GetAudioOutputDevice, retval : 0
08-16 14:54:38.049 I/tvos    ( 1764): GetAudioOutputDevice, retval : 0
08-16 14:54:38.300 I/tvos    ( 1764): GetAudioOutputDevice, retval : 0
08-16 14:54:38.550 I/tvos    ( 1764): GetAudioOutputDevice, retval : 0
08-16 14:54:38.682 I/System.out(25332): The phone type is: X4-40M
08-16 14:54:38.682 I/LetvTestCase(25332): ==========================case end time is :2018-8-16-2-54-38
08-16 14:54:38.683 I/TestRunner(25332): finished: fileManagement(com.letv.cases.leui.SmokeFileManage)
08-16 14:54:38.687 I/MonitoringInstrumentation(25332): Activities that are still in CREATED to STOPPED: 0
08-16 14:54:38.687 I/TestRunner(25332): run finished: 1 tests, 0 failed, 0 ignored
08-16 14:54:38.690 I/MonitoringInstrumentation(25332): waitForActivitiesToComplete() took: 0ms
08-16 14:54:38.690 I/MonitoringInstrumentation(25332): Activities that are still in CREATED to STOPPED: 0
08-16 14:54:38.691 W/WindowManager( 2207): Attempted to remove non-existing token: android.os.Binder@27290f7
08-16 14:54:38.801 I/tvos    ( 1764): GetAudioOutputDevice, retval : 0
08-16 14:54:38.956 I/ActivityManager( 2207): Force stopping com.le.tcauto.uitest appid=10097 user=0: finished inst
08-16 14:54:38.956 I/ActivityManager( 2207): Killing 25332:com.le.tcauto.uitest/u0a97 (adj 0): stop com.le.tcauto.uitest
08-16 14:54:38.963 W/ActivityManager( 2207): Error shutting down UiAutomationConnection
08-16 14:54:39.051 I/tvos    ( 1764): GetAudioOutputDevice, retval : 0
08-16 14:54:39.151 I/tvos    ( 1764): [37m[INFO] Change to Voltage: 1150 mV (0x22)[m
08-16 14:54:39.151 I/tvos    ( 1764): [37m[INFO] Change to Voltage: 1150 mV (0x25)[m
08-16 14:54:39.151 I/tvos    ( 1764): [37m[INFO] Change to Voltage: 1150 mV (0x28)[m
08-16 14:54:39.152 I/tvos    ( 1764): [37m[INFO] Change to Voltage: 1150 mV (0x2B)[m
08-16 14:54:39.153 I/tvos    ( 1764): [37m[INFO] Change to Voltage: 1150 mV (0x2E)[m
08-16 14:54:39.154 I/tvos    ( 1764): [37m[INFO] Change to Voltage: 1150 mV (0x2E)[m
08-16 14:54:39.302 I/tvos    ( 1764): GetAudioOutputDevice, retval : 0
08-16 14:54:39.552 I/tvos    ( 1764): [37m[INFO] Change to Voltage: 1030 mV (0x2E)[m
08-16 14:54:39.552 I/tvos    ( 1764): [37m[INFO] Change to Voltage: 1030 mV (0x2B)[m
08-16 14:54:39.552 I/tvos    ( 1764): [37m[INFO] Change to Voltage: 1030 mV (0x28)[m
08-16 14:54:39.552 I/tvos    ( 1764): GetAudioOutputDevice, retval : 0
08-16 14:54:39.552 I/tvos    ( 1764): [37m[INFO] Change to Voltage: 1030 mV (0x25)[m
08-16 14:54:39.555 I/tvos    ( 1764): [37m[INFO] Change to Voltage: 1030 mV (0x22)[m
08-16 14:54:39.556 I/tvos    ( 1764): [37m[INFO] Change to Voltage: 1030 mV (0x22)[m
08-16 14:54:39.803 I/tvos    ( 1764): GetAudioOutputDevice, retval : 0
08-16 14:54:40.054 I/tvos    ( 1764): GetAudioOutputDevice, retval : 0
08-16 14:54:40.305 I/tvos    ( 1764): GetAudioOutputDevice, retval : 0
08-16 14:54:40.555 I/tvos    ( 1764): GetAudioOutputDevice, retval : 0
08-16 14:54:40.793 E/LetvRemoteupgradeManager-JNI( 2613): can't get LetvManager service!
08-16 14:54:40.806 I/tvos    ( 1764): GetAudioOutputDevice, retval : 0
08-16 14:54:41.056 I/tvos    ( 1764): GetAudioOutputDevice, retval : 0
08-16 14:54:41.307 I/tvos    ( 1764): GetAudioOutputDevice, retval : 0
08-16 14:54:41.557 I/tvos    ( 1764): GetAudioOutputDevice, retval : 0
08-16 14:54:41.807 I/tvos    ( 1764): GetAudioOutputDevice, retval : 0
08-16 14:54:42.058 I/tvos    ( 1764): GetAudioOutputDevice, retval : 0
08-16 14:54:42.308 I/tvos    ( 1764): GetAudioOutputDevice, retval : 0
08-16 14:54:42.559 I/tvos    ( 1764): GetAudioOutputDevice, retval : 0
08-16 14:54:42.809 I/tvos    ( 1764): GetAudioOutputDevice, retval : 0
08-16 14:54:43.060 I/tvos    ( 1764): GetAudioOutputDevice, retval : 0
08-16 14:54:43.310 I/tvos    ( 1764): GetAudioOutputDevice, retval : 0
08-16 14:54:43.561 I/tvos    ( 1764): GetAudioOutputDevice, retval : 0
08-16 14:54:43.793 E/LetvRemoteupgradeManager-JNI( 2613): can't get LetvManager service!
08-16 14:54:43.811 I/tvos    ( 1764): GetAudioOutputDevice, retval : 0
08-16 14:54:44.035 E/InternetUtils( 4594): java.net.SocketTimeoutException: failed to connect to www.cibn.com/61.133.127.115 (port 80) after 3000ms
08-16 14:54:44.061 I/tvos    ( 1764): GetAudioOutputDevice, retval : 0
08-16 14:54:44.312 I/tvos    ( 1764): GetAudioOutputDevice, retval : 0
08-16 14:54:44.562 I/tvos    ( 1764): GetAudioOutputDevice, retval : 0
08-16 14:54:44.813 I/tvos    ( 1764): GetAudioOutputDevice, retval : 0
08-16 14:54:45.063 I/tvos    ( 1764): GetAudioOutputDevice, retval : 0
08-16 14:54:45.314 I/tvos    ( 1764): GetAudioOutputDevice, retval : 0
08-16 14:54:45.564 I/tvos    ( 1764): GetAudioOutputDevice, retval : 0
08-16 14:54:45.815 I/tvos    ( 1764): GetAudioOutputDevice, retval : 0
08-16 14:54:45.946 I/StvLogReport( 2837): Report Nielsen, handleMessage: 'send bd ok
08-16 14:54:45.946 I/StvLogReport( 2837): 6^C2014082201^X440M-b01bd2542d51-^A1A90F9A1254CF6F^C12CB01BD2542D51^^^2018-08-16 14:54:25^1^2.57^1^H^^^^^^^^^^^^^ (104)'.
08-16 14:54:46.065 I/tvos    ( 1764): GetAudioOutputDevice, retval : 0
08-16 14:54:46.316 I/tvos    ( 1764): GetAudioOutputDevice, retval : 0
08-16 14:54:46.566 I/tvos    ( 1764): GetAudioOutputDevice, retval : 0
08-16 14:54:46.794 E/LetvRemoteupgradeManager-JNI( 2613): can't get LetvManager service!
08-16 14:54:46.817 I/tvos    ( 1764): GetAudioOutputDevice, retval : 0
08-16 14:54:47.067 I/tvos    ( 1764): GetAudioOutputDevice, retval : 0
08-16 14:54:47.317 I/tvos    ( 1764): GetAudioOutputDevice, retval : 0
08-16 14:54:47.568 I/tvos    ( 1764): GetAudioOutputDevice, retval : 0
08-16 14:54:47.818 I/tvos    ( 1764): GetAudioOutputDevice, retval : 0
08-16 14:54:48.069 I/tvos    ( 1764): GetAudioOutputDevice, retval : 0
08-16 14:54:48.319 I/tvos    ( 1764): GetAudioOutputDevice, retval : 0
08-16 14:54:48.570 I/tvos    ( 1764): GetAudioOutputDevice, retval : 0
08-16 14:54:48.820 I/tvos    ( 1764): GetAudioOutputDevice, retval : 0
08-16 14:54:49.071 I/tvos    ( 1764): GetAudioOutputDevice, retval : 0
08-16 14:54:49.321 I/tvos    ( 1764): GetAudioOutputDevice, retval : 0
08-16 14:54:49.571 I/tvos    ( 1764): GetAudioOutputDevice, retval : 0
08-16 14:54:49.794 E/LetvRemoteupgradeManager-JNI( 2613): can't get LetvManager service!
08-16 14:54:49.822 I/tvos    ( 1764): GetAudioOutputDevice, retval : 0
08-16 14:54:49.990 I/reService( 2207): onReportKeyEvent  type=type0 keycode=4*4 
08-16 14:54:49.992 E/LETV_DEVICE( 1780): no name sn for Mstar
08-16 14:54:50.006 E/ActivityThread( 2837): Failed to find provider info for com.letv.agnes.InfoProvider
08-16 14:54:50.007 E/ActivityThread( 2837): Failed to find provider info for com.letv.agnes.InfoProvider
08-16 14:54:50.008 W/System.err( 2837): java.lang.IllegalArgumentException: Unknown URL content://com.letv.agnes.InfoProvider
08-16 14:54:50.008 W/System.err( 2837): 	at android.content.ContentResolver.insert(ContentResolver.java:1227)
08-16 14:54:50.008 W/System.err( 2837): 	at com.letv.tracker2.agnes.Configuration.addDebugInfo(Configuration.java:289)
08-16 14:54:50.008 W/System.err( 2837): 	at com.letv.tracker2.agnes.MessageProcessor$SendEnvMsgTr$1.handleMessage(MessageProcessor.java:661)
08-16 14:54:50.008 W/System.err( 2837): 	at android.os.Handler.dispatchMessage(Handler.java:102)
08-16 14:54:50.008 W/System.err( 2837): 	at android.os.Looper.loop(Looper.java:148)
08-16 14:54:50.008 W/System.err( 2837): 	at com.letv.tracker2.agnes.MessageProcessor$SendEnvMsgTr.run(MessageProcessor.java:665)
08-16 14:54:50.025 I/[T1.0.6.3]EuiAgnes_Server( 2837): resCode:1
08-16 14:54:50.026 I/[T1.0.6.3]EuiAgnes_Server( 2837): b[0]:0
08-16 14:54:50.072 I/tvos    ( 1764): GetAudioOutputDevice, retval : 0
08-16 14:54:50.323 I/tvos    ( 1764): GetAudioOutputDevice, retval : 0
08-16 14:54:50.573 I/tvos    ( 1764): GetAudioOutputDevice, retval : 0
08-16 14:54:50.823 I/tvos    ( 1764): GetAudioOutputDevice, retval : 0
08-16 14:54:51.074 I/tvos    ( 1764): GetAudioOutputDevice, retval : 0
08-16 14:54:51.325 I/tvos    ( 1764): GetAudioOutputDevice, retval : 0
08-16 14:54:51.575 I/tvos    ( 1764): GetAudioOutputDevice, retval : 0
08-16 14:54:51.825 I/tvos    ( 1764): GetAudioOutputDevice, retval : 0
08-16 14:54:52.076 I/tvos    ( 1764): GetAudioOutputDevice, retval : 0
08-16 14:54:52.327 I/tvos    ( 1764): GetAudioOutputDevice, retval : 0
08-16 14:54:52.577 I/tvos    ( 1764): GetAudioOutputDevice, retval : 0
08-16 14:54:52.795 E/LetvRemoteupgradeManager-JNI( 2613): can't get LetvManager service!
08-16 14:54:52.827 I/tvos    ( 1764): GetAudioOutputDevice, retval : 0
08-16 14:54:53.078 I/tvos    ( 1764): GetAudioOutputDevice, retval : 0
08-16 14:54:53.328 I/tvos    ( 1764): GetAudioOutputDevice, retval : 0
08-16 14:54:53.579 I/tvos    ( 1764): GetAudioOutputDevice, retval : 0
08-16 14:54:53.829 I/tvos    ( 1764): GetAudioOutputDevice, retval : 0
08-16 14:54:54.080 I/tvos    ( 1764): GetAudioOutputDevice, retval : 0
08-16 14:54:54.330 I/tvos    ( 1764): GetAudioOutputDevice, retval : 0
