--------- beginning of main
08-16 14:53:52.971 I/tvos    ( 1764): GetAudioOutputDevice, retval : 0
08-16 14:53:53.221 I/tvos    ( 1764): GetAudioOutputDevice, retval : 0
08-16 14:53:53.252 I/tvos    ( 1764): [37m[INFO] Change to Voltage: 1150 mV (0x22)[m
08-16 14:53:53.252 I/tvos    ( 1764): [37m[INFO] Change to Voltage: 1150 mV (0x25)[m
08-16 14:53:53.252 I/tvos    ( 1764): [37m[INFO] Change to Voltage: 1150 mV (0x28)[m
08-16 14:53:53.252 I/tvos    ( 1764): [37m[INFO] Change to Voltage: 1150 mV (0x2B)[m
08-16 14:53:53.253 I/tvos    ( 1764): [37m[INFO] Change to Voltage: 1150 mV (0x2E)[m
08-16 14:53:53.254 I/tvos    ( 1764): [37m[INFO] Change to Voltage: 1150 mV (0x2E)[m
08-16 14:53:53.472 I/tvos    ( 1764): GetAudioOutputDevice, retval : 0
08-16 14:53:53.722 I/tvos    ( 1764): GetAudioOutputDevice, retval : 0
08-16 14:53:53.936 I/Radio-JNI(25323): register_android_hardware_Radio DONE
--------- beginning of system
08-16 14:53:53.963 I/ActivityManager( 2207): Force stopping com.le.tcauto.uitest appid=10097 user=0: start instr
08-16 14:53:53.972 I/tvos    ( 1764): GetAudioOutputDevice, retval : 0
08-16 14:53:53.977 I/art     (25332): Late-enabling -Xcheck:jni
08-16 14:53:53.978 I/ActivityManager( 2207): Start proc 25332:com.le.tcauto.uitest/u0a97 for added application com.le.tcauto.uitest
08-16 14:53:54.036 W/System  (25332): ClassLoader referenced unknown path: /data/app/com.le.tcauto.uitest.test-1/lib/arm64
08-16 14:53:54.036 W/System  (25332): ClassLoader referenced unknown path: /data/app/com.le.tcauto.uitest-1/lib/arm64
08-16 14:53:54.053 I/tvos    ( 1764): [37m[INFO] Change to Voltage: 1030 mV (0x2E)[m
08-16 14:53:54.053 I/tvos    ( 1764): [37m[INFO] Change to Voltage: 1030 mV (0x2B)[m
08-16 14:53:54.054 I/tvos    ( 1764): [37m[INFO] Change to Voltage: 1030 mV (0x28)[m
08-16 14:53:54.054 I/tvos    ( 1764): [37m[INFO] Change to Voltage: 1030 mV (0x25)[m
08-16 14:53:54.054 I/tvos    ( 1764): [37m[INFO] Change to Voltage: 1030 mV (0x22)[m
08-16 14:53:54.054 I/tvos    ( 1764): [37m[INFO] Change to Voltage: 1030 mV (0x22)[m
08-16 14:53:54.059 I/MonitoringInstrumentation(25332): Instrumentation Started!
08-16 14:53:54.059 I/MonitoringInstrumentation(25332): Setting context classloader to 'dalvik.system.PathClassLoader[DexPathList[[zip file "/system/framework/android.test.runner.jar", zip file "/data/app/com.le.tcauto.uitest.test-1/base.apk", zip file "/data/app/com.le.tcauto.uitest-1/base.apk"],nativeLibraryDirectories=[/data/app/com.le.tcauto.uitest.test-1/lib/arm64, /data/app/com.le.tcauto.uitest-1/lib/arm64, /vendor/lib64, /system/lib64]]]', Original: 'dalvik.system.PathClassLoader[DexPathList[[zip file "/system/framework/android.test.runner.jar", zip file "/data/app/com.le.tcauto.uitest.test-1/base.apk", zip file "/data/app/com.le.tcauto.uitest-1/base.apk"],nativeLibraryDirectories=[/data/app/com.le.tcauto.uitest.test-1/lib/arm64, /data/app/com.le.tcauto.uitest-1/lib/arm64, /vendor/lib64, /system/lib64]]]'
08-16 14:53:54.063 I/MonitoringInstrumentation(25332): No JSBridge.
08-16 14:53:54.063 I/MonitoringInstrumentation(25332): java.lang.ClassNotFoundException: android.support.test.espresso.web.bridge.JavaScriptBridge
08-16 14:53:54.063 I/MonitoringInstrumentation(25332): 	at java.lang.Class.classForName(Native Method)
08-16 14:53:54.063 I/MonitoringInstrumentation(25332): 	at java.lang.Class.forName(Class.java:324)
08-16 14:53:54.063 I/MonitoringInstrumentation(25332): 	at java.lang.Class.forName(Class.java:285)
08-16 14:53:54.063 I/MonitoringInstrumentation(25332): 	at android.support.test.runner.MonitoringInstrumentation.tryLoadingJsBridge(MonitoringInstrumentation.java:612)
08-16 14:53:54.063 I/MonitoringInstrumentation(25332): 	at android.support.test.runner.MonitoringInstrumentation.access$100(MonitoringInstrumentation.java:88)
08-16 14:53:54.063 I/MonitoringInstrumentation(25332): 	at android.support.test.runner.MonitoringInstrumentation$3.run(MonitoringInstrumentation.java:223)
08-16 14:53:54.063 I/MonitoringInstrumentation(25332): 	at android.app.Instrumentation$SyncRunnable.run(Instrumentation.java:1897)
08-16 14:53:54.063 I/MonitoringInstrumentation(25332): 	at android.os.Handler.handleCallback(Handler.java:739)
08-16 14:53:54.063 I/MonitoringInstrumentation(25332): 	at android.os.Handler.dispatchMessage(Handler.java:95)
08-16 14:53:54.063 I/MonitoringInstrumentation(25332): 	at android.os.Looper.loop(Looper.java:148)
08-16 14:53:54.063 I/MonitoringInstrumentation(25332): 	at android.app.ActivityThread.main(ActivityThread.java:5423)
08-16 14:53:54.063 I/MonitoringInstrumentation(25332): 	at java.lang.reflect.Method.invoke(Native Method)
08-16 14:53:54.063 I/MonitoringInstrumentation(25332): 	at com.android.internal.os.ZygoteInit$MethodAndArgsCaller.run(ZygoteInit.java:744)
08-16 14:53:54.063 I/MonitoringInstrumentation(25332): 	at com.android.internal.os.ZygoteInit.main(ZygoteInit.java:634)
08-16 14:53:54.063 I/MonitoringInstrumentation(25332): Caused by: java.lang.ClassNotFoundException: Didn't find class "android.support.test.espresso.web.bridge.JavaScriptBridge" on path: DexPathList[[zip file "/system/framework/android.test.runner.jar", zip file "/data/app/com.le.tcauto.uitest.test-1/base.apk", zip file "/data/app/com.le.tcauto.uitest-1/base.apk"],nativeLibraryDirectories=[/data/app/com.le.tcauto.uitest.test-1/lib/arm64, /data/app/com.le.tcauto.uitest-1/lib/arm64, /vendor/lib64, /system/lib64]]
08-16 14:53:54.063 I/MonitoringInstrumentation(25332): 	at dalvik.system.BaseDexClassLoader.findClass(BaseDexClassLoader.java:56)
08-16 14:53:54.063 I/MonitoringInstrumentation(25332): 	at java.lang.ClassLoader.loadClass(ClassLoader.java:511)
08-16 14:53:54.063 I/MonitoringInstrumentation(25332): 	at java.lang.ClassLoader.loadClass(ClassLoader.java:469)
08-16 14:53:54.063 I/MonitoringInstrumentation(25332): 	... 14 more
08-16 14:53:54.063 I/MonitoringInstrumentation(25332): 	Suppressed: java.lang.ClassNotFoundException: android.support.test.espresso.web.bridge.JavaScriptBridge
08-16 14:53:54.063 I/MonitoringInstrumentation(25332): 		at java.lang.Class.classForName(Native Method)
08-16 14:53:54.063 I/MonitoringInstrumentation(25332): 		at java.lang.BootClassLoader.findClass(ClassLoader.java:781)
08-16 14:53:54.063 I/MonitoringInstrumentation(25332): 		at java.lang.BootClassLoader.loadClass(ClassLoader.java:841)
08-16 14:53:54.063 I/MonitoringInstrumentation(25332): 		at java.lang.ClassLoader.loadClass(ClassLoader.java:504)
08-16 14:53:54.063 I/MonitoringInstrumentation(25332): 		... 15 more
08-16 14:53:54.063 I/MonitoringInstrumentation(25332): 	Caused by: java.lang.NoClassDefFoundError: Class not found using the boot class loader; no stack trace available
08-16 14:53:54.125 I/TestRunner(25332): run started: 1 tests
08-16 14:53:54.130 I/TestRunner(25332): started: fileManagement(com.letv.cases.leui.SmokeFileManage)
08-16 14:53:54.134 I/MonitoringInstrumentation(25332): Activities that are still in CREATED to STOPPED: 0
08-16 14:53:54.151 I/LetvTestCase(25332): =====================case start time is :2018-8-16-2-53-54
08-16 14:53:54.159 I/System.out(25332): The folder /sdcard/AutoSmoke_UI30/fileManagement_20180816_145347 has existed!
08-16 14:53:54.159 I/System.out(25332): current_case_root_folder=fileManagement_20180816_145347
08-16 14:53:54.223 I/tvos    ( 1764): GetAudioOutputDevice, retval : 0
08-16 14:53:54.473 I/tvos    ( 1764): GetAudioOutputDevice, retval : 0
08-16 14:53:54.659 W/InputDispatcher( 2207): findFocusedWindow finished: injectionResult=0, timeSpentWaitingForApplication=0.0ms
08-16 14:53:54.666 W/InputDispatcher( 2207): findFocusedWindow finished: injectionResult=0, timeSpentWaitingForApplication=0.0ms
08-16 14:53:54.724 I/tvos    ( 1764): GetAudioOutputDevice, retval : 0
08-16 14:53:54.974 I/tvos    ( 1764): GetAudioOutputDevice, retval : 0
08-16 14:53:55.227 I/tvos    ( 1764): GetAudioOutputDevice, retval : 0
08-16 14:53:55.475 I/tvos    ( 1764): GetAudioOutputDevice, retval : 0
08-16 14:53:55.611 I/remotestatus( 2207): Msg.what is 101
08-16 14:53:55.611 I/WindowManager( 2207): turn cursor off
08-16 14:53:55.611 E/RemoteManager( 2207): RemoteManager is no longer support in eui6.5
08-16 14:53:55.611 W/InputDispatcher( 2207): findFocusedWindow finished: injectionResult=0, timeSpentWaitingForApplication=0.0ms
08-16 14:53:55.612 E/InputManager-JNI( 2207): call nativeDisableCursor method with hideCursor
08-16 14:53:55.620 I/GlobalFocusChangedListe( 3007): com.stv.launcher.ui.widget.TabItemNew
08-16 14:53:55.637 W/InputDispatcher( 2207): findFocusedWindow finished: injectionResult=0, timeSpentWaitingForApplication=0.0ms
08-16 14:53:55.725 I/tvos    ( 1764): GetAudioOutputDevice, retval : 0
08-16 14:53:55.784 E/LetvRemoteupgradeManager-JNI( 2613): can't get LetvManager service!
08-16 14:53:55.976 I/tvos    ( 1764): GetAudioOutputDevice, retval : 0
08-16 14:53:56.226 I/tvos    ( 1764): GetAudioOutputDevice, retval : 0
08-16 14:53:56.322 W/InputDispatcher( 2207): findFocusedWindow finished: injectionResult=0, timeSpentWaitingForApplication=0.0ms
08-16 14:53:56.322 I/remotestatus( 2207): Msg.what is 101
08-16 14:53:56.322 I/WindowManager( 2207): turn cursor off
08-16 14:53:56.322 E/RemoteManager( 2207): RemoteManager is no longer support in eui6.5
08-16 14:53:56.322 I/AppPlugin( 3007): AppFragment -- onFocusRequested requestDirection = 18
08-16 14:53:56.322 I/AppPlugin( 3007): AppRecyclerView --  onFocus mFocusedView = null direction = 130
08-16 14:53:56.323 E/InputManager-JNI( 2207): call nativeDisableCursor method with hideCursor
08-16 14:53:56.323 I/AppPlugin( 3007): AppRecyclerView -- onFocus mFocusedView = com.stv.plugin.app.widget.RecommPosterCellView{354fae1 VFE...C.. ........ 0,0-312,416 #7f0a001e app:id/item_01}
08-16 14:53:56.324 I/GlobalFocusChangedListe( 3007): com.stv.plugin.app.widget.RecommPosterCellView
08-16 14:53:56.328 I/SoundPool( 3007): enter : func play
08-16 14:53:56.328 I/APM::AudioPolicyEngine( 1758): getDeviceForStrategy, 359
08-16 14:53:56.329 I/audio_hw_primary( 1758): version:a00004 adev_create_audio_patch::mix->device 
08-16 14:53:56.329 I/audio_hw_primary( 1758): adev_create_audio_patch *handle=-1420227928 num_audio_patch=3
08-16 14:53:56.332 E/AudioManagerService( 1803): setAudioVolume(callingPid 1758, clientPid 1758, enSoundPath 0, volumn:0 )
08-16 14:53:56.334 I/tvos    ( 1764): SetVolume, subWooExist 0!
08-16 14:53:56.334 I/tvos    ( 1764): mapi_audio_customer::SetAbsoluteVolume: project name is X440M
08-16 14:53:56.334 I/tvos    ( 1764): SetAbsoluteVolume: uPercent : 0, path=52(speaker), VolumeInt=7f, VolumeFra=0
08-16 14:53:56.334 I/tvos    ( 1764): SetAbsoluteVolume: uPercent(currVol) : 0, realPath=52(default), VolumeInt=7f, VolumeFra=0
08-16 14:53:56.334 I/tvos    ( 1764): mapi_audio_customer::SetAbsoluteVolume: project name is X440M
08-16 14:53:56.334 I/tvos    ( 1764): SetAbsoluteVolume: uPercent : 0, path=49(HP), VolumeInt=7f, VolumeFra=0
08-16 14:53:56.334 I/tvos    ( 1764): SetAbsoluteVolume: uPercent(currVol) : 0, realPath=49(default), VolumeInt=7f, VolumeFra=0
08-16 14:53:56.334 I/tvos    ( 1764): mapi_audio_customer::SetAbsoluteVolume: project name is X440M
08-16 14:53:56.334 I/tvos    ( 1764): SetAbsoluteVolume, m_bBTDetect is false! 
08-16 14:53:56.334 I/tvos    ( 1764): mapi_audio_customer::SetAbsoluteVolume: project name is X440M
08-16 14:53:56.334 I/tvos    ( 1764): SetAbsoluteVolume: uPercent : 0, path=255(speaker), VolumeInt=7f, VolumeFra=0
08-16 14:53:56.334 I/tvos    ( 1764): SetAbsoluteVolume: uPercent(currVol) : 0, realPath=255(default), VolumeInt=7f, VolumeFra=0
08-16 14:53:56.334 I/tvos    ( 1764): [SetMuteStatus] call SetSoundMuteStatus, line : 10369, muteType: 4, onOff : 0 
08-16 14:53:56.334 I/tvos    ( 1764): [audioBSP] #1 m_internalMute : 0 ..
08-16 14:53:56.334 I/tvos    ( 1764): #1|->SDK_bPermanentAudioMute:0<-|->SDK_bMomentAudioMute:0 <-|->SDK_bBySyncAudioMute:0<-|->SDK_bByBlockAudioMute:0<-|->SDK_bByVChipAudioMute:0<-|
08-16 14:53:56.334 I/tvos    ( 1764): #1|->SDK_bInternal1AudioMute:0<-|->SDK_bInternal2AudioMute:0<-|->SDK_bInternal3AudioMute:0<-|->SDK_bInternal4AudioMute:0<-|
08-16 14:53:56.334 I/tvos    ( 1764): #1|->SDK_bByScanInOutchgCHchg:0<-|->SDK_bByDuringLimitedTimeAudioMute:0<-|->SDK_bSourceSwitchAudioMute:0<-|
08-16 14:53:56.334 I/tvos    ( 1764): #1|->SDK_bMHEGApMute:0<-|->SDK_bAllAudioMuteCtrl:0<-|->SDK_bPowerOnMute:0<-|->SDK_bNullSourceMute0<-|->SDK_bSetInputSourceAudioMute:0<-|
08-16 14:53:56.334 I/tvos    ( 1764): [audioBSP] #2 m_spkrMute : 0 ..|->SDK_bUsrSpkrAudioMute:0<-|->SDK_bPowerOnMute:0<-|->SDK_bByUserAudioMute:0<-|
08-16 14:53:56.334 I/tvos    ( 1764): [audioBSP] #3 m_PcmCapture2Mute:0 |->SDK_bByUserPcmCapture2Mute:0<-|->SDK_SUB_bByUserAudioMute:0<-|->SDK_bByUserAudioMute:0<-|
08-16 14:53:56.334 I/tvos    ( 1764): [audioBSP] #5 m_hpMute : 1 ..|->SDK_bUsrHpAudioMute:1<-|->SDK_bPowerOnMute:0<-|->SDK_bByUserAudioMute:0<-|
08-16 14:53:56.334 I/tvos    ( 1764): [audioBSP] #12 m_spdifMute : 1 ..
08-16 14:53:56.334 I/tvos    ( 1764): #12|->SDK_bPermanentAudioMute:0<-|->SDK_bMomentAudioMute:0<-|->SDK_bByBlockAudioMute:0<-|
08-16 14:53:56.334 I/tvos    ( 1764): #12|->SDK_bByVChipAudioMute:0<-|->SDK_bInternal1AudioMute:0<-|->SDK_bInternal4AudioMute:0<-|
08-16 14:53:56.334 I/tvos    ( 1764): #12|->SDK_bByDuringLimitedTimeAudioMute:0<-|->SDK_bSourceSwitchAudioMute:0<-|->SDK_bMHEGApMute:0<-|
08-16 14:53:56.334 I/tvos    ( 1764): #12|->SDK_bPowerOnMute:0<-|->SDK_bUsrSpdifAudioMute:1<-|->SDK_bNullSourceMute:0<-|->SDK_bByAppMute:0<-|
08-16 14:53:56.334 I/tvos    ( 1764): ---Amplifier_ALC1310_LR_SWMute(0)
08-16 14:53:56.334 I/tvos    ( 1764): ALC1310 unmute good, addr: 0x13 readbackvalue: 4 
08-16 14:53:56.336 I/AudioUtil( 1758): setParameters spk_volume=0
08-16 14:53:56.336 I/audio_hw_primary( 1758): adev_set_parameters: spk_volume=0
08-16 14:53:56.337 I/tvos    ( 1764): SetSoundMuteStatus : m_hpMute : 1, m_spdifMute : 1, m_DataInMute : 0, m_channel7Mute : 0, m_internalMute : 0, m_spkrMute : 0, m_PcmCapture1Mute : 0, m_PcmCapture2Mute : 0 
08-16 14:53:56.337 I/tvos    ( 1764): GetAudioOutputDevice, retval : 0
08-16 14:53:56.337 I/tvos    ( 1764): [SetMuteStatus] call SetSoundMuteStatus, line : 10369, muteType: 67108864, onOff : 1 
08-16 14:53:56.337 I/tvos    ( 1764): _TransMSrvMuteTypeToSDKMuteType: Err! muteType(67108864) is out of Range
08-16 14:53:56.339 I/tvos    ( 1764): [SetMuteStatus] call SetSoundMuteStatus, line : 10369, muteType: 4, onOff : 1 
08-16 14:53:56.339 I/tvos    ( 1764): [audioBSP] #1 m_internalMute : 0 ..
08-16 14:53:56.339 I/tvos    ( 1764): #1|->SDK_bPermanentAudioMute:0<-|->SDK_bMomentAudioMute:0 <-|->SDK_bBySyncAudioMute:0<-|->SDK_bByBlockAudioMute:0<-|->SDK_bByVChipAudioMute:0<-|
08-16 14:53:56.339 I/tvos    ( 1764): #1|->SDK_bInternal1AudioMute:0<-|->SDK_bInternal2AudioMute:0<-|->SDK_bInternal3AudioMute:0<-|->SDK_bInternal4AudioMute:0<-|
08-16 14:53:56.339 I/tvos    ( 1764): #1|->SDK_bByScanInOutchgCHchg:0<-|->SDK_bByDuringLimitedTimeAudioMute:0<-|->SDK_bSourceSwitchAudioMute:0<-|
08-16 14:53:56.339 I/tvos    ( 1764): #1|->SDK_bMHEGApMute:0<-|->SDK_bAllAudioMuteCtrl:0<-|->SDK_bPowerOnMute:0<-|->SDK_bNullSourceMute0<-|->SDK_bSetInputSourceAudioMute:0<-|
08-16 14:53:56.339 I/tvos    ( 1764): [audioBSP] #2 m_spkrMute : 1 ..|->SDK_bUsrSpkrAudioMute:0<-|->SDK_bPowerOnMute:0<-|->SDK_bByUserAudioMute:1<-|
08-16 14:53:56.339 I/tvos    ( 1764): [audioBSP] #3 m_PcmCapture2Mute:1 |->SDK_bByUserPcmCapture2Mute:0<-|->SDK_SUB_bByUserAudioMute:0<-|->SDK_bByUserAudioMute:1<-|
08-16 14:53:56.339 I/tvos    ( 1764): [audioBSP] #5 m_hpMute : 1 ..|->SDK_bUsrHpAudioMute:1<-|->SDK_bPowerOnMute:0<-|->SDK_bByUserAudioMute:1<-|
08-16 14:53:56.339 I/tvos    ( 1764): [audioBSP] #12 m_spdifMute : 1 ..
08-16 14:53:56.339 I/tvos    ( 1764): #12|->SDK_bPermanentAudioMute:0<-|->SDK_bMomentAudioMute:0<-|->SDK_bByBlockAudioMute:0<-|
08-16 14:53:56.339 I/tvos    ( 1764): #12|->SDK_bByVChipAudioMute:0<-|->SDK_bInternal1AudioMute:0<-|->SDK_bInternal4AudioMute:0<-|
08-16 14:53:56.339 I/tvos    ( 1764): #12|->SDK_bByDuringLimitedTimeAudioMute:0<-|->SDK_bSourceSwitchAudioMute:0<-|->SDK_bMHEGApMute:0<-|
08-16 14:53:56.339 I/tvos    ( 1764): #12|->SDK_bPowerOnMute:0<-|->SDK_bUsrSpdifAudioMute:1<-|->SDK_bNullSourceMute:0<-|->SDK_bByAppMute:0<-|
08-16 14:53:56.339 I/tvos    ( 1764): ---Amplifier_ALC1310_LR_SWMute(1)
08-16 14:53:56.339 I/tvos    ( 1764): ALC1310 mute write good, addr: 0x13, readback data : 49164, write cmd times : 1
08-16 14:53:56.341 I/tvos    ( 1764): SetSoundMuteStatus : m_hpMute : 1, m_spdifMute : 1, m_DataInMute : 0, m_channel7Mute : 0, m_internalMute : 0, m_spkrMute : 1, m_PcmCapture1Mute : 0, m_PcmCapture2Mute : 1 
08-16 14:53:56.348 W/InputDispatcher( 2207): findFocusedWindow finished: injectionResult=0, timeSpentWaitingForApplication=0.0ms
08-16 14:53:56.359 E/audio_hw_primary( 1758): out_get_presentation_position pcm_get_htimestamp(pcm, &avail, timestamp) != 0!!!
08-16 14:53:56.392 I/APM::AudioPolicyEngine( 1758): getDeviceForStrategy, 359
08-16 14:53:56.477 I/tvos    ( 1764): GetAudioOutputDevice, retval : 0
08-16 14:53:56.727 I/tvos    ( 1764): GetAudioOutputDevice, retval : 0
08-16 14:53:56.977 I/tvos    ( 1764): GetAudioOutputDevice, retval : 0
08-16 14:53:57.228 I/tvos    ( 1764): GetAudioOutputDevice, retval : 0
08-16 14:53:57.331 I/remotestatus( 2207): Msg.what is 101
08-16 14:53:57.331 I/WindowManager( 2207): turn cursor off
08-16 14:53:57.331 E/RemoteManager( 2207): RemoteManager is no longer support in eui6.5
08-16 14:53:57.331 W/InputDispatcher( 2207): findFocusedWindow finished: injectionResult=0, timeSpentWaitingForApplication=0.0ms
08-16 14:53:57.331 E/InputManager-JNI( 2207): call nativeDisableCursor method with hideCursor
08-16 14:53:57.339 W/Launcher( 3007): [SDK][EcoFrescoViewImpl]:UnSupport subscriber
08-16 14:53:57.339 I/GlobalFocusChangedListe( 3007): com.stv.plugin.app.widget.RecommPosterCellView
08-16 14:53:57.344 I/SoundPool( 2207): enter : func play
08-16 14:53:57.347 I/APM::AudioPolicyEngine( 1758): getDeviceForStrategy, 359
08-16 14:53:57.351 I/audio_hw_primary( 1758): version:a00004 adev_create_audio_patch::mix->device 
08-16 14:53:57.351 I/audio_hw_primary( 1758): adev_create_audio_patch *handle=-1420227928 num_audio_patch=3
08-16 14:53:57.362 W/InputDispatcher( 2207): findFocusedWindow finished: injectionResult=0, timeSpentWaitingForApplication=0.0ms
08-16 14:53:57.367 E/AudioManagerService( 1803): setAudioVolume(callingPid 1758, clientPid 1758, enSoundPath 0, volumn:0 )
08-16 14:53:57.370 I/tvos    ( 1764): SetVolume, subWooExist 0!
08-16 14:53:57.370 I/tvos    ( 1764): mapi_audio_customer::SetAbsoluteVolume: project name is X440M
08-16 14:53:57.370 I/tvos    ( 1764): SetAbsoluteVolume: uPercent : 0, path=52(speaker), VolumeInt=7f, VolumeFra=0
08-16 14:53:57.370 I/tvos    ( 1764): SetAbsoluteVolume: uPercent(currVol) : 0, realPath=52(default), VolumeInt=7f, VolumeFra=0
08-16 14:53:57.370 I/tvos    ( 1764): mapi_audio_customer::SetAbsoluteVolume: project name is X440M
08-16 14:53:57.370 I/tvos    ( 1764): SetAbsoluteVolume: uPercent : 0, path=49(HP), VolumeInt=7f, VolumeFra=0
08-16 14:53:57.370 I/tvos    ( 1764): SetAbsoluteVolume: uPercent(currVol) : 0, realPath=49(default), VolumeInt=7f, VolumeFra=0
08-16 14:53:57.370 I/tvos    ( 1764): mapi_audio_customer::SetAbsoluteVolume: project name is X440M
08-16 14:53:57.370 I/tvos    ( 1764): SetAbsoluteVolume, m_bBTDetect is false! 
08-16 14:53:57.370 I/tvos    ( 1764): mapi_audio_customer::SetAbsoluteVolume: project name is X440M
08-16 14:53:57.370 I/tvos    ( 1764): SetAbsoluteVolume: uPercent : 0, path=255(speaker), VolumeInt=7f, VolumeFra=0
08-16 14:53:57.370 I/tvos    ( 1764): SetAbsoluteVolume: uPercent(currVol) : 0, realPath=255(default), VolumeInt=7f, VolumeFra=0
08-16 14:53:57.370 I/tvos    ( 1764): [SetMuteStatus] call SetSoundMuteStatus, line : 10369, muteType: 4, onOff : 0 
08-16 14:53:57.370 I/tvos    ( 1764): [audioBSP] #1 m_internalMute : 0 ..
08-16 14:53:57.370 I/tvos    ( 1764): #1|->SDK_bPermanentAudioMute:0<-|->SDK_bMomentAudioMute:0 <-|->SDK_bBySyncAudioMute:0<-|->SDK_bByBlockAudioMute:0<-|->SDK_bByVChipAudioMute:0<-|
08-16 14:53:57.370 I/tvos    ( 1764): #1|->SDK_bInternal1AudioMute:0<-|->SDK_bInternal2AudioMute:0<-|->SDK_bInternal3AudioMute:0<-|->SDK_bInternal4AudioMute:0<-|
08-16 14:53:57.370 I/tvos    ( 1764): #1|->SDK_bByScanInOutchgCHchg:0<-|->SDK_bByDuringLimitedTimeAudioMute:0<-|->SDK_bSourceSwitchAudioMute:0<-|
08-16 14:53:57.370 I/tvos    ( 1764): #1|->SDK_bMHEGApMute:0<-|->SDK_bAllAudioMuteCtrl:0<-|->SDK_bPowerOnMute:0<-|->SDK_bNullSourceMute0<-|->SDK_bSetInputSourceAudioMute:0<-|
08-16 14:53:57.370 I/tvos    ( 1764): [audioBSP] #2 m_spkrMute : 0 ..|->SDK_bUsrSpkrAudioMute:0<-|->SDK_bPowerOnMute:0<-|->SDK_bByUserAudioMute:0<-|
08-16 14:53:57.370 I/tvos    ( 1764): [audioBSP] #3 m_PcmCapture2Mute:0 |->SDK_bByUserPcmCapture2Mute:0<-|->SDK_SUB_bByUserAudioMute:0<-|->SDK_bByUserAudioMute:0<-|
08-16 14:53:57.370 I/tvos    ( 1764): [audioBSP] #5 m_hpMute : 1 ..|->SDK_bUsrHpAudioMute:1<-|->SDK_bPowerOnMute:0<-|->SDK_bByUserAudioMute:0<-|
08-16 14:53:57.370 I/tvos    ( 1764): [audioBSP] #12 m_spdifMute : 1 ..
08-16 14:53:57.370 I/tvos    ( 1764): #12|->SDK_bPermanentAudioMute:0<-|->SDK_bMomentAudioMute:0<-|->SDK_bByBlockAudioMute:0<-|
08-16 14:53:57.370 I/tvos    ( 1764): #12|->SDK_bByVChipAudioMute:0<-|->SDK_bInternal1AudioMute:0<-|->SDK_bInternal4AudioMute:0<-|
08-16 14:53:57.370 I/tvos    ( 1764): #12|->SDK_bByDuringLimitedTimeAudioMute:0<-|->SDK_bSourceSwitchAudioMute:0<-|->SDK_bMHEGApMute:0<-|
08-16 14:53:57.370 I/tvos    ( 1764): #12|->SDK_bPowerOnMute:0<-|->SDK_bUsrSpdifAudioMute:1<-|->SDK_bNullSourceMute:0<-|->SDK_bByAppMute:0<-|
08-16 14:53:57.370 I/tvos    ( 1764): ---Amplifier_ALC1310_LR_SWMute(0)
08-16 14:53:57.370 I/tvos    ( 1764): ALC1310 unmute good, addr: 0x13 readbackvalue: 4 
08-16 14:53:57.373 I/tvos    ( 1764): SetSoundMuteStatus : m_hpMute : 1, m_spdifMute : 1, m_DataInMute : 0, m_channel7Mute : 0, m_internalMute : 0, m_spkrMute : 0, m_PcmCapture1Mute : 0, m_PcmCapture2Mute : 0 
08-16 14:53:57.373 I/AudioUtil( 1758): setParameters spk_volume=0
08-16 14:53:57.373 I/audio_hw_primary( 1758): adev_set_parameters: spk_volume=0
08-16 14:53:57.374 I/tvos    ( 1764): GetAudioOutputDevice, retval : 0
08-16 14:53:57.375 I/tvos    ( 1764): [SetMuteStatus] call SetSoundMuteStatus, line : 10369, muteType: 67108864, onOff : 1 
08-16 14:53:57.375 I/tvos    ( 1764): _TransMSrvMuteTypeToSDKMuteType: Err! muteType(67108864) is out of Range
08-16 14:53:57.378 I/tvos    ( 1764): [SetMuteStatus] call SetSoundMuteStatus, line : 10369, muteType: 4, onOff : 1 
08-16 14:53:57.378 I/tvos    ( 1764): [audioBSP] #1 m_internalMute : 0 ..
08-16 14:53:57.378 I/tvos    ( 1764): #1|->SDK_bPermanentAudioMute:0<-|->SDK_bMomentAudioMute:0 <-|->SDK_bBySyncAudioMute:0<-|->SDK_bByBlockAudioMute:0<-|->SDK_bByVChipAudioMute:0<-|
08-16 14:53:57.378 I/tvos    ( 1764): #1|->SDK_bInternal1AudioMute:0<-|->SDK_bInternal2AudioMute:0<-|->SDK_bInternal3AudioMute:0<-|->SDK_bInternal4AudioMute:0<-|
08-16 14:53:57.378 I/tvos    ( 1764): #1|->SDK_bByScanInOutchgCHchg:0<-|->SDK_bByDuringLimitedTimeAudioMute:0<-|->SDK_bSourceSwitchAudioMute:0<-|
08-16 14:53:57.378 I/tvos    ( 1764): #1|->SDK_bMHEGApMute:0<-|->SDK_bAllAudioMuteCtrl:0<-|->SDK_bPowerOnMute:0<-|->SDK_bNullSourceMute0<-|->SDK_bSetInputSourceAudioMute:0<-|
08-16 14:53:57.378 I/tvos    ( 1764): [audioBSP] #2 m_spkrMute : 1 ..|->SDK_bUsrSpkrAudioMute:0<-|->SDK_bPowerOnMute:0<-|->SDK_bByUserAudioMute:1<-|
08-16 14:53:57.378 I/tvos    ( 1764): [audioBSP] #3 m_PcmCapture2Mute:1 |->SDK_bByUserPcmCapture2Mute:0<-|->SDK_SUB_bByUserAudioMute:0<-|->SDK_bByUserAudioMute:1<-|
08-16 14:53:57.378 I/tvos    ( 1764): [audioBSP] #5 m_hpMute : 1 ..|->SDK_bUsrHpAudioMute:1<-|->SDK_bPowerOnMute:0<-|->SDK_bByUserAudioMute:1<-|
08-16 14:53:57.378 I/tvos    ( 1764): [audioBSP] #12 m_spdifMute : 1 ..
08-16 14:53:57.378 I/tvos    ( 1764): #12|->SDK_bPermanentAudioMute:0<-|->SDK_bMomentAudioMute:0<-|->SDK_bByBlockAudioMute:0<-|
08-16 14:53:57.378 I/tvos    ( 1764): #12|->SDK_bByVChipAudioMute:0<-|->SDK_bInternal1AudioMute:0<-|->SDK_bInternal4AudioMute:0<-|
08-16 14:53:57.378 I/tvos    ( 1764): #12|->SDK_bByDuringLimitedTimeAudioMute:0<-|->SDK_bSourceSwitchAudioMute:0<-|->SDK_bMHEGApMute:0<-|
08-16 14:53:57.378 I/tvos    ( 1764): #12|->SDK_bPowerOnMute:0<-|->SDK_bUsrSpdifAudioMute:1<-|->SDK_bNullSourceMute:0<-|->SDK_bByAppMute:0<-|
08-16 14:53:57.378 I/tvos    ( 1764): ---Amplifier_ALC1310_LR_SWMute(1)
08-16 14:53:57.378 I/tvos    ( 1764): ALC1310 mute write good, addr: 0x13, readback data : 49164, write cmd times : 1
08-16 14:53:57.380 I/tvos    ( 1764): SetSoundMuteStatus : m_hpMute : 1, m_spdifMute : 1, m_DataInMute : 0, m_channel7Mute : 0, m_internalMute : 0, m_spkrMute : 1, m_PcmCapture1Mute : 0, m_PcmCapture2Mute : 1 
08-16 14:53:57.463 I/APM::AudioPolicyEngine( 1758): getDeviceForStrategy, 359
08-16 14:53:57.479 I/tvos    ( 1764): GetAudioOutputDevice, retval : 0
08-16 14:53:57.729 I/tvos    ( 1764): GetAudioOutputDevice, retval : 0
08-16 14:53:57.979 I/tvos    ( 1764): GetAudioOutputDevice, retval : 0
08-16 14:53:58.230 I/tvos    ( 1764): GetAudioOutputDevice, retval : 0
08-16 14:53:58.480 I/tvos    ( 1764): GetAudioOutputDevice, retval : 0
08-16 14:53:58.731 I/tvos    ( 1764): GetAudioOutputDevice, retval : 0
08-16 14:53:58.756 I/tvos    ( 1764): bq32kDriver:rtc_read_time.
08-16 14:53:58.756 I/tvos    ( 1764): [hq]rtc_read_time: read 0x58 0x53 0xc6 0x05 0x16 0x08 0x18
08-16 14:53:58.756 I/tvos    ( 1764): rtc_read_time: date 58s 53m 6h 16md 7m 118y
08-16 14:53:58.756 I/tvos    ( 1764): rtc read time:2018-8-16 6:53:58.
08-16 14:53:58.756 I/tvos    ( 1764): tm_year = 2018, tm_mon = 8, tm_mday = 16, tm_hour = 6,tm_min= 53,  tm_sec = 58
08-16 14:53:58.756 I/tvos    ( 1764): timeSeconds:1534402438 rtcTimeSeconds:1534402438.
08-16 14:53:58.784 E/LetvRemoteupgradeManager-JNI( 2613): can't get LetvManager service!
08-16 14:53:58.981 I/tvos    ( 1764): GetAudioOutputDevice, retval : 0
08-16 14:53:59.231 I/tvos    ( 1764): GetAudioOutputDevice, retval : 0
08-16 14:53:59.482 I/tvos    ( 1764): GetAudioOutputDevice, retval : 0
08-16 14:53:59.732 I/tvos    ( 1764): GetAudioOutputDevice, retval : 0
08-16 14:53:59.983 I/tvos    ( 1764): GetAudioOutputDevice, retval : 0
08-16 14:54:00.233 I/tvos    ( 1764): GetAudioOutputDevice, retval : 0
08-16 14:54:00.483 I/tvos    ( 1764): GetAudioOutputDevice, retval : 0
08-16 14:54:00.734 I/tvos    ( 1764): GetAudioOutputDevice, retval : 0
08-16 14:54:00.984 I/tvos    ( 1764): GetAudioOutputDevice, retval : 0
08-16 14:54:01.235 I/tvos    ( 1764): GetAudioOutputDevice, retval : 0
08-16 14:54:01.485 I/tvos    ( 1764): GetAudioOutputDevice, retval : 0
08-16 14:54:01.735 I/tvos    ( 1764): GetAudioOutputDevice, retval : 0
08-16 14:54:01.785 E/LetvRemoteupgradeManager-JNI( 2613): can't get LetvManager service!
08-16 14:54:01.986 I/tvos    ( 1764): GetAudioOutputDevice, retval : 0
08-16 14:54:02.236 I/tvos    ( 1764): GetAudioOutputDevice, retval : 0
08-16 14:54:02.487 I/tvos    ( 1764): GetAudioOutputDevice, retval : 0
08-16 14:54:02.737 I/tvos    ( 1764): GetAudioOutputDevice, retval : 0
08-16 14:54:02.952 I/tvos    ( 1764): [37m[INFO] Change to Voltage: 1150 mV (0x22)[m
08-16 14:54:02.952 I/tvos    ( 1764): [37m[INFO] Change to Voltage: 1150 mV (0x25)[m
08-16 14:54:02.952 I/tvos    ( 1764): [37m[INFO] Change to Voltage: 1150 mV (0x28)[m
08-16 14:54:02.952 I/tvos    ( 1764): [37m[INFO] Change to Voltage: 1150 mV (0x2B)[m
08-16 14:54:02.952 I/tvos    ( 1764): [37m[INFO] Change to Voltage: 1150 mV (0x2E)[m
08-16 14:54:02.952 I/tvos    ( 1764): [37m[INFO] Change to Voltage: 1150 mV (0x2E)[m
08-16 14:54:02.987 I/tvos    ( 1764): GetAudioOutputDevice, retval : 0
08-16 14:54:03.057 I/tvos    ( 1764): [37m[INFO] Change to Voltage: 1030 mV (0x2E)[m
08-16 14:54:03.057 I/tvos    ( 1764): [37m[INFO] Change to Voltage: 1030 mV (0x2B)[m
08-16 14:54:03.057 I/tvos    ( 1764): [37m[INFO] Change to Voltage: 1030 mV (0x28)[m
08-16 14:54:03.057 I/tvos    ( 1764): [37m[INFO] Change to Voltage: 1030 mV (0x25)[m
08-16 14:54:03.057 I/tvos    ( 1764): [37m[INFO] Change to Voltage: 1030 mV (0x22)[m
08-16 14:54:03.057 I/tvos    ( 1764): [37m[INFO] Change to Voltage: 1030 mV (0x22)[m
08-16 14:54:03.238 I/tvos    ( 1764): GetAudioOutputDevice, retval : 0
08-16 14:54:03.252 I/tvos    ( 1764): [37m[INFO] Change to Voltage: 1150 mV (0x22)[m
08-16 14:54:03.252 I/tvos    ( 1764): [37m[INFO] Change to Voltage: 1150 mV (0x25)[m
08-16 14:54:03.252 I/tvos    ( 1764): [37m[INFO] Change to Voltage: 1150 mV (0x28)[m
08-16 14:54:03.252 I/tvos    ( 1764): [37m[INFO] Change to Voltage: 1150 mV (0x2B)[m
08-16 14:54:03.252 I/tvos    ( 1764): [37m[INFO] Change to Voltage: 1150 mV (0x2E)[m
08-16 14:54:03.252 I/tvos    ( 1764): [37m[INFO] Change to Voltage: 1150 mV (0x2E)[m
08-16 14:54:03.488 I/tvos    ( 1764): GetAudioOutputDevice, retval : 0
08-16 14:54:03.739 I/tvos    ( 1764): GetAudioOutputDevice, retval : 0
08-16 14:54:03.780 I/Radio-JNI(25357): register_android_hardware_Radio DONE
08-16 14:54:03.802 I/ActivityManager( 2207): Force stopping com.stv.filemanager appid=10023 user=0: from pid 25357
08-16 14:54:03.853 I/tvos    ( 1764): [37m[INFO] Change to Voltage: 1030 mV (0x2E)[m
08-16 14:54:03.853 I/tvos    ( 1764): [37m[INFO] Change to Voltage: 1030 mV (0x2B)[m
08-16 14:54:03.853 I/tvos    ( 1764): [37m[INFO] Change to Voltage: 1030 mV (0x28)[m
08-16 14:54:03.853 I/tvos    ( 1764): [37m[INFO] Change to Voltage: 1030 mV (0x25)[m
08-16 14:54:03.853 I/tvos    ( 1764): [37m[INFO] Change to Voltage: 1030 mV (0x22)[m
08-16 14:54:03.853 I/tvos    ( 1764): [37m[INFO] Change to Voltage: 1030 mV (0x22)[m
08-16 14:54:03.989 I/tvos    ( 1764): GetAudioOutputDevice, retval : 0
08-16 14:54:04.054 I/ActivityManager( 2207): START u0 {act=android.intent.action.MAIN cat=[android.intent.category.LAUNCHER] flg=0x10000000 cmp=com.stv.filemanager/.activities.FileExplorerTabActivity} from uid 0 on display 0
08-16 14:54:04.060 I/System.out( 2207): From style:
08-16 14:54:04.060 I/System.out( 2207): Attrs: 3010001=0.6 3010002=res/drawable-hdpi-v4/ic_desk_app_bg.jpg 3010003=null 3010004=true
08-16 14:54:04.062 W/InputDispatcher( 2207): setFocusedApplication
08-16 14:54:04.063 W/InputDispatcher( 2207): Focus left window: Window{23c0535 u0 com.stv.launcher/com.stv.launcher.ui.activity.Launcher}
08-16 14:54:04.066 I/TvLiveBaseFragment( 3007): onPause
08-16 14:54:04.066 I/ShoppingPlugin-stv-PluginFragment( 3007): onPause ->in
08-16 14:54:04.066 I/ShoppingPlugin-stv-PluginRootLayout( 3007): onFragmentPause ---> in
08-16 14:54:04.066 I/Launcher( 3007): [com.stv.launcher] LauncherActivity -- onPause  mBootSignalFirst=false sCurrentScreen = com.stv.plugin.app
08-16 14:54:04.067 I/Launcher( 3007): [com.stv.launcher] ===== enalbeAllKey =====
08-16 14:54:04.069 I/WindowManager( 2207): setBlockVoiceKey = false
08-16 14:54:04.069 I/WindowManager( 2207): setBlockSourceKey = false
08-16 14:54:04.070 I/WindowManager( 2207): setBlockSettingKey = false
08-16 14:54:04.070 I/WindowManager( 2207): setBlockFunctionKeys = false
08-16 14:54:04.071 I/WindowManager( 2207): setBlockHomeKey = false
08-16 14:54:04.095 I/ActivityManager( 2207): Start proc 25366:com.stv.filemanager/u0a23 for activity com.stv.filemanager/.activities.FileExplorerTabActivity
08-16 14:54:04.145 I/ActivityManager( 2207): TR12) TaskRecord{d4cce #37 A=com.stv.filemanager U=0 sz=1}
08-16 14:54:04.145 I/ActivityManager( 2207): TR11) TaskRecord{14b0d11 #1 A=com.stv.launcher U=0 sz=1}
08-16 14:54:04.147 E/LETV_DEVICE( 1780): no name sn for Mstar
08-16 14:54:04.152 I/ActivityManager( 2207): accel TR12) TaskRecord{d4cce #37 A=com.stv.filemanager U=0 sz=1}
08-16 14:54:04.152 I/ActivityManager( 2207): accel TR11) TaskRecord{14b0d11 #1 A=com.stv.launcher U=0 sz=1}
08-16 14:54:04.163 I/Launcher( 3007): [com.stv.launcher] LauncherApplication -- ========= tryTrimMemoryCache =========20
08-16 14:54:04.177 E/ActivityThread( 2837): Failed to find provider info for com.letv.agnes.InfoProvider
08-16 14:54:04.179 E/ActivityThread( 2837): Failed to find provider info for com.letv.agnes.InfoProvider
08-16 14:54:04.182 W/System.err( 2837): java.lang.IllegalArgumentException: Unknown URL content://com.letv.agnes.InfoProvider
08-16 14:54:04.183 W/System.err( 2837): 	at android.content.ContentResolver.insert(ContentResolver.java:1227)
08-16 14:54:04.183 W/System.err( 2837): 	at com.letv.tracker2.agnes.Configuration.addDebugInfo(Configuration.java:289)
08-16 14:54:04.183 W/System.err( 2837): 	at com.letv.tracker2.agnes.MessageProcessor$SendEnvMsgTr$1.handleMessage(MessageProcessor.java:661)
08-16 14:54:04.183 W/System.err( 2837): 	at android.os.Handler.dispatchMessage(Handler.java:102)
08-16 14:54:04.183 W/System.err( 2837): 	at android.os.Looper.loop(Looper.java:148)
08-16 14:54:04.183 W/System.err( 2837): 	at com.letv.tracker2.agnes.MessageProcessor$SendEnvMsgTr.run(MessageProcessor.java:665)
08-16 14:54:04.214 W/System  (25366): ClassLoader referenced unknown path: /system/app/StvFileManager/lib/arm64
08-16 14:54:04.223 I/StvLogReport( 2837): StargazerReportTask, action=appClose&name=æ¡Œé¢&packagename=com.stv.launcher&versionCode=20180321&appVersionName=1.0.5&appType=1&mark=92&totalTime=65
08-16 14:54:04.229 E/LETV_DEVICE( 1780): no name sn for Mstar
08-16 14:54:04.234 I/StvLogReport( 2837): StargazerReportTask, reponse2 : {"status":"OK","statusCode":200,"message":"succeefully"}
08-16 14:54:04.240 I/tvos    ( 1764): GetAudioOutputDevice, retval : 0
08-16 14:54:04.252 I/tvos    ( 1764): [37m[INFO] Change to Voltage: 1150 mV (0x22)[m
08-16 14:54:04.252 I/tvos    ( 1764): [37m[INFO] Change to Voltage: 1150 mV (0x25)[m
08-16 14:54:04.252 I/tvos    ( 1764): [37m[INFO] Change to Voltage: 1150 mV (0x28)[m
08-16 14:54:04.252 I/tvos    ( 1764): [37m[INFO] Change to Voltage: 1150 mV (0x2B)[m
08-16 14:54:04.252 I/tvos    ( 1764): [37m[INFO] Change to Voltage: 1150 mV (0x2E)[m
08-16 14:54:04.253 I/tvos    ( 1764): [37m[INFO] Change to Voltage: 1150 mV (0x2E)[m
08-16 14:54:04.254 I/StvLogReport( 2837): StargazerReportTask, action=appOpen&name=æ–‡ä»¶ç®¡ç†&packagename=com.stv.filemanager&versionCode=1&appVersionName=1.0&appType=1&mark=93
08-16 14:54:04.258 I/FileManager(25366): LetvFileManagerApplication -- 100dp = 150px
08-16 14:54:04.262 I/StvLogReport( 2837): StargazerReportTask, reponse2 : {"status":"OK","statusCode":200,"message":"succeefully"}
08-16 14:54:04.292 I/LetvManager-LogReport( 1780): [send_msg] line: 490 report url = http://log.hdtv.cp21.ott.cibntv.net:80/api/log/tvAction
08-16 14:54:04.305 I/FileManager(25366): LetvFileManagerApplication -- localVersion: 1
08-16 14:54:04.324 I/FileManager(25366): FileExplorerTabActivity -- onCreate isCibn=true
08-16 14:54:04.325 I/System.out(25366): From style:
08-16 14:54:04.325 I/System.out(25366): Attrs: 3010001=0.6 3010002=res/drawable-hdpi-v4/ic_desk_app_bg.jpg 3010003=null 3010004=true
08-16 14:54:04.332 E/critical_path_log( 3007): superlive_7799adbbe191b8ab_onTrimMemory: level = 20
08-16 14:54:04.403 I/[T1.0.6.3]EuiAgnes_Server( 2837): resCode:1
08-16 14:54:04.403 I/[T1.0.6.3]EuiAgnes_Server( 2837): b[0]:0
08-16 14:54:04.491 I/tvos    ( 1764): GetAudioOutputDevice, retval : 0
08-16 14:54:04.500 I/LetvManager-LogReport( 1780): [send_msg] line: 490 report url = http://log.hdtv.cp21.ott.cibntv.net:80/api/log/tvAction
08-16 14:54:04.528 I/FileManager(25366): PermissionUtil -- no permission :[]
08-16 14:54:04.530 I/FileManager(25366): FileExplorerTabActivity -- onResume
08-16 14:54:04.553 E/ActivityThread( 2837): Failed to find provider info for com.letv.agnes.InfoProvider
08-16 14:54:04.555 E/ActivityThread( 2837): Failed to find provider info for com.letv.agnes.InfoProvider
08-16 14:54:04.555 W/System.err( 2837): java.lang.IllegalArgumentException: Unknown URL content://com.letv.agnes.InfoProvider
08-16 14:54:04.555 W/System.err( 2837): 	at android.content.ContentResolver.insert(ContentResolver.java:1227)
08-16 14:54:04.557 W/System.err( 2837): 	at com.letv.tracker2.agnes.Configuration.addDebugInfo(Configuration.java:289)
08-16 14:54:04.557 W/System.err( 2837): 	at com.letv.tracker2.agnes.MessageProcessor$SendEnvMsgTr$1.handleMessage(MessageProcessor.java:661)
08-16 14:54:04.557 W/System.err( 2837): 	at android.os.Handler.dispatchMessage(Handler.java:102)
08-16 14:54:04.557 W/System.err( 2837): 	at android.os.Looper.loop(Looper.java:148)
08-16 14:54:04.557 W/System.err( 2837): 	at com.letv.tracker2.agnes.MessageProcessor$SendEnvMsgTr.run(MessageProcessor.java:665)
08-16 14:54:04.564 I/[T1.0.6.3]EuiAgnes_Server( 2837): resCode:1
08-16 14:54:04.564 I/[T1.0.6.3]EuiAgnes_Server( 2837): b[0]:0
08-16 14:54:04.589 W/InputDispatcher( 2207): Focus entered window: Window{709d871 u0 com.stv.filemanager/com.stv.filemanager.activities.FileExplorerTabActivity}
08-16 14:54:04.596 I/OpenGLRenderer(25366): Initialized EGL, version 1.4
08-16 14:54:04.602 E/BufferQueueProducer( 1749): [com.stv.filemanager/com.stv.filemanager.activities.FileExplorerTabActivity] connect(P): already connected (cur=1 req=1)
08-16 14:54:04.692 I/ActivityManager( 2207): Displayed com.stv.filemanager/.activities.FileExplorerTabActivity: +609ms
08-16 14:54:04.693 W/ContextImpl( 2207): Calling a method in the system process without a qualified user: android.app.ContextImpl.sendBroadcast:766 com.android.server.am.ActivityRecord.reportLaunchTimeLocked:1056 com.android.server.am.ActivityRecord.windowsDrawnLocked:1080 com.android.server.am.ActivityRecord$Token.windowsDrawn:345 com.android.server.wm.WindowManagerService$H.handleMessage:8042 
08-16 14:54:04.694 W/ContextImpl( 2613): Calling a method in the system process without a qualified user: android.app.ContextImpl.startService:1224 android.content.ContextWrapper.startService:581 com.stv.helper.service.TvMasterService.noteLaunchTime:169 letv.tvmaster.ITvMasterService$Stub.onTransact:136 android.os.Binder.execTransact:453 
08-16 14:54:04.712 W/InputDispatcher( 2207): Window went away: Window{13567da u0 Starting com.stv.filemanager}
08-16 14:54:04.742 I/tvos    ( 1764): GetAudioOutputDevice, retval : 0
08-16 14:54:04.751 I/AnalysisLog( 3007): Plugin:onFragmentShowChanged_hide:com.stv.plugin.app----start:time='513311218'
08-16 14:54:04.754 I/AppPlugin( 3007): AppFragment -- onFragmentShowChanged gainSelect true screen = com.stv.plugin.app packageName = com.stv.plugin.app
08-16 14:54:04.757 I/AnalysisLog( 3007): Plugin:onFragmentShowChanged_hide:com.stv.plugin.app----end:time='513311224'
08-16 14:54:04.757 I/TvLiveBaseFragment( 3007): onStop
08-16 14:54:04.785 E/LetvRemoteupgradeManager-JNI( 2613): can't get LetvManager service!
08-16 14:54:04.803 E/LETV_DEVICE( 1780): no name sn for Mstar
08-16 14:54:04.807 E/ActivityThread( 2837): Failed to find provider info for com.letv.agnes.InfoProvider
08-16 14:54:04.815 E/ActivityThread( 2837): Failed to find provider info for com.letv.agnes.InfoProvider
08-16 14:54:04.815 W/System.err( 2837): java.lang.IllegalArgumentException: Unknown URL content://com.letv.agnes.InfoProvider
08-16 14:54:04.815 W/System.err( 2837): 	at android.content.ContentResolver.insert(ContentResolver.java:1227)
08-16 14:54:04.815 W/System.err( 2837): 	at com.letv.tracker2.agnes.Configuration.addDebugInfo(Configuration.java:289)
08-16 14:54:04.815 W/System.err( 2837): 	at com.letv.tracker2.agnes.MessageProcessor$SendEnvMsgTr$1.handleMessage(MessageProcessor.java:661)
08-16 14:54:04.815 W/System.err( 2837): 	at android.os.Handler.dispatchMessage(Handler.java:102)
08-16 14:54:04.815 W/System.err( 2837): 	at android.os.Looper.loop(Looper.java:148)
08-16 14:54:04.815 W/System.err( 2837): 	at com.letv.tracker2.agnes.MessageProcessor$SendEnvMsgTr.run(MessageProcessor.java:665)
08-16 14:54:04.823 I/[T1.0.6.3]EuiAgnes_Server( 2837): resCode:1
08-16 14:54:04.823 I/[T1.0.6.3]EuiAgnes_Server( 2837): b[0]:0
08-16 14:54:04.856 I/tvos    ( 1764): [37m[INFO] Change to Voltage: 1130 mV (0x1F)[m
08-16 14:54:04.856 I/tvos    ( 1764): [37m[INFO] Change to Voltage: 1130 mV (0x22)[m
08-16 14:54:04.856 I/tvos    ( 1764): [37m[INFO] Change to Voltage: 1130 mV (0x25)[m
08-16 14:54:04.856 I/tvos    ( 1764): [37m[INFO] Change to Voltage: 1130 mV (0x28)[m
08-16 14:54:04.857 I/tvos    ( 1764): [37m[INFO] Change to Voltage: 1130 mV (0x2B)[m
08-16 14:54:04.857 I/tvos    ( 1764): [37m[INFO] Change to Voltage: 1130 mV (0x2C)[m
08-16 14:54:04.903 I/LetvManager-LogReport( 1780): [send_msg] line: 490 report url = http://log.hdtv.cp21.ott.cibntv.net:80/api/log/tvAction
08-16 14:54:04.949 I/reService( 2207): onReportKeyEvent  type=type0 keycode=4*20*20*20 
08-16 14:54:04.952 I/tvos    ( 1764): [37m[INFO] Change to Voltage: 1000 mV (0x2C)[m
08-16 14:54:04.953 I/tvos    ( 1764): [37m[INFO] Change to Voltage: 1000 mV (0x29)[m
08-16 14:54:04.954 E/LETV_DEVICE( 1780): no name sn for Mstar
08-16 14:54:04.960 I/tvos    ( 1764): [37m[INFO] Change to Voltage: 1000 mV (0x26)[m
08-16 14:54:04.961 I/tvos    ( 1764): [37m[INFO] Change to Voltage: 1000 mV (0x23)[m
08-16 14:54:04.961 I/tvos    ( 1764): [37m[INFO] Change to Voltage: 1000 mV (0x20)[m
08-16 14:54:04.962 I/tvos    ( 1764): [37m[INFO] Change to Voltage: 1000 mV (0x1F)[m
08-16 14:54:04.974 E/ActivityThread( 2837): Failed to find provider info for com.letv.agnes.InfoProvider
08-16 14:54:04.975 E/ActivityThread( 2837): Failed to find provider info for com.letv.agnes.InfoProvider
08-16 14:54:04.975 W/System.err( 2837): java.lang.IllegalArgumentException: Unknown URL content://com.letv.agnes.InfoProvider
08-16 14:54:04.976 W/System.err( 2837): 	at android.content.ContentResolver.insert(ContentResolver.java:1227)
08-16 14:54:04.976 W/System.err( 2837): 	at com.letv.tracker2.agnes.Configuration.addDebugInfo(Configuration.java:289)
08-16 14:54:04.976 W/System.err( 2837): 	at com.letv.tracker2.agnes.MessageProcessor$SendEnvMsgTr$1.handleMessage(MessageProcessor.java:661)
08-16 14:54:04.976 W/System.err( 2837): 	at android.os.Handler.dispatchMessage(Handler.java:102)
08-16 14:54:04.976 W/System.err( 2837): 	at android.os.Looper.loop(Looper.java:148)
08-16 14:54:04.976 W/System.err( 2837): 	at com.letv.tracker2.agnes.MessageProcessor$SendEnvMsgTr.run(MessageProcessor.java:665)
08-16 14:54:04.980 I/[T1.0.6.3]EuiAgnes_Server( 2837): resCode:1
08-16 14:54:04.980 I/[T1.0.6.3]EuiAgnes_Server( 2837): b[0]:0
08-16 14:54:04.991 I/tvos    ( 1764): GetAudioOutputDevice, retval : 0
08-16 14:54:05.242 I/tvos    ( 1764): GetAudioOutputDevice, retval : 0
08-16 14:54:05.492 I/tvos    ( 1764): GetAudioOutputDevice, retval : 0
08-16 14:54:05.742 I/tvos    ( 1764): GetAudioOutputDevice, retval : 0
08-16 14:54:05.993 I/tvos    ( 1764): GetAudioOutputDevice, retval : 0
08-16 14:54:06.243 I/tvos    ( 1764): GetAudioOutputDevice, retval : 0
08-16 14:54:06.494 I/tvos    ( 1764): GetAudioOutputDevice, retval : 0
08-16 14:54:06.744 I/tvos    ( 1764): GetAudioOutputDevice, retval : 0
08-16 14:54:06.994 I/tvos    ( 1764): GetAudioOutputDevice, retval : 0
08-16 14:54:07.245 I/tvos    ( 1764): GetAudioOutputDevice, retval : 0
08-16 14:54:07.495 I/tvos    ( 1764): GetAudioOutputDevice, retval : 0
08-16 14:54:07.745 I/tvos    ( 1764): GetAudioOutputDevice, retval : 0
08-16 14:54:07.785 E/LetvRemoteupgradeManager-JNI( 2613): can't get LetvManager service!
08-16 14:54:07.996 I/tvos    ( 1764): GetAudioOutputDevice, retval : 0
08-16 14:54:08.246 I/tvos    ( 1764): GetAudioOutputDevice, retval : 0
08-16 14:54:08.497 I/tvos    ( 1764): GetAudioOutputDevice, retval : 0
08-16 14:54:08.747 I/tvos    ( 1764): GetAudioOutputDevice, retval : 0
08-16 14:54:08.998 I/tvos    ( 1764): GetAudioOutputDevice, retval : 0
08-16 14:54:09.248 I/tvos    ( 1764): GetAudioOutputDevice, retval : 0
08-16 14:54:09.306 I/remotestatus( 2207): Msg.what is 101
08-16 14:54:09.306 I/WindowManager( 2207): turn cursor off
08-16 14:54:09.306 E/RemoteManager( 2207): RemoteManager is no longer support in eui6.5
08-16 14:54:09.306 W/InputDispatcher( 2207): findFocusedWindow finished: injectionResult=0, timeSpentWaitingForApplication=0.0ms
08-16 14:54:09.306 E/InputManager-JNI( 2207): call nativeDisableCursor method with hideCursor
08-16 14:54:09.313 W/InputDispatcher( 2207): findFocusedWindow finished: injectionResult=0, timeSpentWaitingForApplication=0.0ms
08-16 14:54:09.355 I/tvos    ( 1764): [37m[INFO] Change to Voltage: 1030 mV (0x2E)[m
08-16 14:54:09.355 I/tvos    ( 1764): [37m[INFO] Change to Voltage: 1030 mV (0x2B)[m
08-16 14:54:09.355 I/tvos    ( 1764): [37m[INFO] Change to Voltage: 1030 mV (0x28)[m
08-16 14:54:09.356 I/tvos    ( 1764): [37m[INFO] Change to Voltage: 1030 mV (0x25)[m
08-16 14:54:09.357 I/tvos    ( 1764): [37m[INFO] Change to Voltage: 1030 mV (0x22)[m
08-16 14:54:09.357 I/tvos    ( 1764): [37m[INFO] Change to Voltage: 1030 mV (0x22)[m
08-16 14:54:09.498 I/tvos    ( 1764): GetAudioOutputDevice, retval : 0
08-16 14:54:09.749 I/tvos    ( 1764): GetAudioOutputDevice, retval : 0
08-16 14:54:09.828 W/InputDispatcher( 2207): findTouchedWindow finished: injectionResult=0, injectionPermission=1, timeSpentWaitingForApplication=0.0ms
08-16 14:54:09.835 W/InputDispatcher( 2207): findTouchedWindow finished: injectionResult=0, injectionPermission=1, timeSpentWaitingForApplication=0.0ms
08-16 14:54:09.860 W/InputDispatcher( 2207): findTouchedWindow finished: injectionResult=0, injectionPermission=1, timeSpentWaitingForApplication=0.0ms
08-16 14:54:09.862 W/InputDispatcher( 2207): findTouchedWindow finished: injectionResult=0, injectionPermission=1, timeSpentWaitingForApplication=0.0ms
08-16 14:54:09.928 I/SoundPool( 2207): enter : func play
08-16 14:54:09.929 I/APM::AudioPolicyEngine( 1758): getDeviceForStrategy, 359
08-16 14:54:09.929 I/audio_hw_primary( 1758): version:a00004 adev_create_audio_patch::mix->device 
08-16 14:54:09.929 I/audio_hw_primary( 1758): adev_create_audio_patch *handle=-1420227928 num_audio_patch=3
08-16 14:54:09.932 E/AudioManagerService( 1803): setAudioVolume(callingPid 1758, clientPid 1758, enSoundPath 0, volumn:0 )
08-16 14:54:09.932 I/ActivityManager( 2207): START u0 {cmp=com.stv.filemanager/.activities.TypeListActivity2 (has extras)} from uid 10023 on display 0
08-16 14:54:09.934 I/tvos    ( 1764): SetVolume, subWooExist 0!
08-16 14:54:09.934 I/tvos    ( 1764): mapi_audio_customer::SetAbsoluteVolume: project name is X440M
08-16 14:54:09.934 I/tvos    ( 1764): SetAbsoluteVolume: uPercent : 0, path=52(speaker), VolumeInt=7f, VolumeFra=0
08-16 14:54:09.934 I/tvos    ( 1764): SetAbsoluteVolume: uPercent(currVol) : 0, realPath=52(default), VolumeInt=7f, VolumeFra=0
08-16 14:54:09.934 I/tvos    ( 1764): mapi_audio_customer::SetAbsoluteVolume: project name is X440M
08-16 14:54:09.934 I/tvos    ( 1764): SetAbsoluteVolume: uPercent : 0, path=49(HP), VolumeInt=7f, VolumeFra=0
08-16 14:54:09.934 I/tvos    ( 1764): SetAbsoluteVolume: uPercent(currVol) : 0, realPath=49(default), VolumeInt=7f, VolumeFra=0
08-16 14:54:09.934 I/tvos    ( 1764): mapi_audio_customer::SetAbsoluteVolume: project name is X440M
08-16 14:54:09.934 I/tvos    ( 1764): SetAbsoluteVolume, m_bBTDetect is false! 
08-16 14:54:09.934 I/tvos    ( 1764): mapi_audio_customer::SetAbsoluteVolume: project name is X440M
08-16 14:54:09.934 I/tvos    ( 1764): SetAbsoluteVolume: uPercent : 0, path=255(speaker), VolumeInt=7f, VolumeFra=0
08-16 14:54:09.934 I/tvos    ( 1764): SetAbsoluteVolume: uPercent(currVol) : 0, realPath=255(default), VolumeInt=7f, VolumeFra=0
08-16 14:54:09.934 I/tvos    ( 1764): [SetMuteStatus] call SetSoundMuteStatus, line : 10369, muteType: 4, onOff : 0 
08-16 14:54:09.934 I/tvos    ( 1764): [audioBSP] #1 m_internalMute : 0 ..
08-16 14:54:09.934 I/tvos    ( 1764): #1|->SDK_bPermanentAudioMute:0<-|->SDK_bMomentAudioMute:0 <-|->SDK_bBySyncAudioMute:0<-|->SDK_bByBlockAudioMute:0<-|->SDK_bByVChipAudioMute:0<-|
08-16 14:54:09.934 I/tvos    ( 1764): #1|->SDK_bInternal1AudioMute:0<-|->SDK_bInternal2AudioMute:0<-|->SDK_bInternal3AudioMute:0<-|->SDK_bInternal4AudioMute:0<-|
08-16 14:54:09.934 I/tvos    ( 1764): #1|->SDK_bByScanInOutchgCHchg:0<-|->SDK_bByDuringLimitedTimeAudioMute:0<-|->SDK_bSourceSwitchAudioMute:0<-|
08-16 14:54:09.934 I/tvos    ( 1764): #1|->SDK_bMHEGApMute:0<-|->SDK_bAllAudioMuteCtrl:0<-|->SDK_bPowerOnMute:0<-|->SDK_bNullSourceMute0<-|->SDK_bSetInputSourceAudioMute:0<-|
08-16 14:54:09.934 I/tvos    ( 1764): [audioBSP] #2 m_spkrMute : 0 ..|->SDK_bUsrSpkrAudioMute:0<-|->SDK_bPowerOnMute:0<-|->SDK_bByUserAudioMute:0<-|
08-16 14:54:09.934 I/tvos    ( 1764): [audioBSP] #3 m_PcmCapture2Mute:0 |->SDK_bByUserPcmCapture2Mute:0<-|->SDK_SUB_bByUserAudioMute:0<-|->SDK_bByUserAudioMute:0<-|
08-16 14:54:09.934 I/tvos    ( 1764): [audioBSP] #5 m_hpMute : 1 ..|->SDK_bUsrHpAudioMute:1<-|->SDK_bPowerOnMute:0<-|->SDK_bByUserAudioMute:0<-|
08-16 14:54:09.934 I/tvos    ( 1764): [audioBSP] #12 m_spdifMute : 1 ..
08-16 14:54:09.934 I/tvos    ( 1764): #12|->SDK_bPermanentAudioMute:0<-|->SDK_bMomentAudioMute:0<-|->SDK_bByBlockAudioMute:0<-|
08-16 14:54:09.934 I/tvos    ( 1764): #12|->SDK_bByVChipAudioMute:0<-|->SDK_bInternal1AudioMute:0<-|->SDK_bInternal4AudioMute:0<-|
08-16 14:54:09.934 I/tvos    ( 1764): #12|->SDK_bByDuringLimitedTimeAudioMute:0<-|->SDK_bSourceSwitchAudioMute:0<-|->SDK_bMHEGApMute:0<-|
08-16 14:54:09.934 I/tvos    ( 1764): #12|->SDK_bPowerOnMute:0<-|->SDK_bUsrSpdifAudioMute:1<-|->SDK_bNullSourceMute:0<-|->SDK_bByAppMute:0<-|
08-16 14:54:09.934 I/tvos    ( 1764): ---Amplifier_ALC1310_LR_SWMute(0)
08-16 14:54:09.935 I/tvos    ( 1764): ALC1310 unmute good, addr: 0x13 readbackvalue: 4 
08-16 14:54:09.937 E/LETV_DEVICE( 1780): no name sn for Mstar
08-16 14:54:09.938 I/tvos    ( 1764): SetSoundMuteStatus : m_hpMute : 1, m_spdifMute : 1, m_DataInMute : 0, m_channel7Mute : 0, m_internalMute : 0, m_spkrMute : 0, m_PcmCapture1Mute : 0, m_PcmCapture2Mute : 0 
08-16 14:54:09.939 I/AudioUtil( 1758): setParameters spk_volume=0
08-16 14:54:09.939 I/audio_hw_primary( 1758): adev_set_parameters: spk_volume=0
