08-16 14:54:18.206 I/StvLogReport( 2837): StargazerReportTask, action=appOpen&name=æ–‡ä»¶ç®¡ç†&packagename=com.stv.filemanager&versionCode=1&appVersionName=1.0&appType=1&mark=95
08-16 14:54:18.218 I/StvLogReport( 2837): StargazerReportTask, reponse2 : {"status":"OK","statusCode":200,"message":"succeefully"}
08-16 14:54:18.245 E/ActivityThread( 2837): Failed to find provider info for com.letv.agnes.InfoProvider
08-16 14:54:18.246 E/ActivityThread( 2837): Failed to find provider info for com.letv.agnes.InfoProvider
08-16 14:54:18.246 W/System.err( 2837): java.lang.IllegalArgumentException: Unknown URL content://com.letv.agnes.InfoProvider
08-16 14:54:18.246 W/System.err( 2837): 	at android.content.ContentResolver.insert(ContentResolver.java:1227)
08-16 14:54:18.246 W/System.err( 2837): 	at com.letv.tracker2.agnes.Configuration.addDebugInfo(Configuration.java:289)
08-16 14:54:18.246 W/System.err( 2837): 	at com.letv.tracker2.agnes.MessageProcessor$SendEnvMsgTr$1.handleMessage(MessageProcessor.java:661)
08-16 14:54:18.246 W/System.err( 2837): 	at android.os.Handler.dispatchMessage(Handler.java:102)
08-16 14:54:18.246 W/System.err( 2837): 	at android.os.Looper.loop(Looper.java:148)
08-16 14:54:18.246 W/System.err( 2837): 	at com.letv.tracker2.agnes.MessageProcessor$SendEnvMsgTr.run(MessageProcessor.java:665)
08-16 14:54:18.256 I/tvos    ( 1764): [37m[INFO] Change to Voltage: 1000 mV (0x2C)[m
08-16 14:54:18.257 I/tvos    ( 1764): [37m[INFO] Change to Voltage: 1000 mV (0x29)[m
08-16 14:54:18.257 I/tvos    ( 1764): [37m[INFO] Change to Voltage: 1000 mV (0x26)[m
08-16 14:54:18.257 I/tvos    ( 1764): [37m[INFO] Change to Voltage: 1000 mV (0x23)[m
08-16 14:54:18.257 I/tvos    ( 1764): [37m[INFO] Change to Voltage: 1000 mV (0x20)[m
08-16 14:54:18.257 I/tvos    ( 1764): [37m[INFO] Change to Voltage: 1000 mV (0x1F)[m
08-16 14:54:18.261 I/[T1.0.6.3]EuiAgnes_Server( 2837): resCode:1
08-16 14:54:18.261 I/[T1.0.6.3]EuiAgnes_Server( 2837): b[0]:0
08-16 14:54:18.266 I/tvos    ( 1764): GetAudioOutputDevice, retval : 0
08-16 14:54:18.407 I/LetvManager-LogReport( 1780): [send_msg] line: 490 report url = http://log.hdtv.cp21.ott.cibntv.net:80/api/log/tvAction
08-16 14:54:18.516 I/tvos    ( 1764): GetAudioOutputDevice, retval : 0
08-16 14:54:18.523 I/Gallery3d(25464): Overlay_Gallery -- galleryMainActivity--->>>onStop
08-16 14:54:18.527 I/art     (25464): System.exit called, status: 0
08-16 14:54:18.527 I/AndroidRuntime(25464): VM exiting with result code 0, cleanup skipped.
08-16 14:54:18.629 W/InputDispatcher( 2207): channel '80dc3c0 com.android.gallery3d/com.android.gallery3d.app.Gallery (server)' ~ Consumer closed input channel or an error occurred.  events=0x9
08-16 14:54:18.629 E/InputDispatcher( 2207): channel '80dc3c0 com.android.gallery3d/com.android.gallery3d.app.Gallery (server)' ~ Channel is unrecoverably broken and will be disposed!
08-16 14:54:18.630 I/WindowState( 2207): WIN DEATH: Window{80dc3c0 u0 com.android.gallery3d/com.android.gallery3d.app.Gallery}
08-16 14:54:18.630 W/InputDispatcher( 2207): Attempted to unregister already unregistered input channel '80dc3c0 com.android.gallery3d/com.android.gallery3d.app.Gallery (server)'
08-16 14:54:18.630 W/WindowManager( 2207): Force-removing child win Window{3c03bb5 u0 SurfaceView} from container Window{80dc3c0 u0 com.android.gallery3d/com.android.gallery3d.app.Gallery}
08-16 14:54:18.633 W/InputDispatcher( 2207): Window went away: Window{80dc3c0 u0 com.android.gallery3d/com.android.gallery3d.app.Gallery}
08-16 14:54:18.638 W/WindowManager( 2207): Failed looking up window
08-16 14:54:18.638 W/WindowManager( 2207): java.lang.IllegalArgumentException: Requested window android.os.BinderProxy@60108f9 does not exist
08-16 14:54:18.638 W/WindowManager( 2207): 	at com.android.server.wm.WindowManagerService.windowForClientLocked(WindowManagerService.java:8823)
08-16 14:54:18.638 W/WindowManager( 2207): 	at com.android.server.wm.WindowManagerService.windowForClientLocked(WindowManagerService.java:8814)
08-16 14:54:18.638 W/WindowManager( 2207): 	at com.android.server.wm.WindowState$DeathRecipient.binderDied(WindowState.java:1214)
08-16 14:54:18.638 W/WindowManager( 2207): 	at android.os.BinderProxy.sendDeathNotice(Binder.java:558)
08-16 14:54:18.638 I/WindowState( 2207): WIN DEATH: null
08-16 14:54:18.668 I/remotestatus( 2207): Msg.what is 101
08-16 14:54:18.668 I/WindowManager( 2207): turn cursor off
08-16 14:54:18.668 E/RemoteManager( 2207): RemoteManager is no longer support in eui6.5
08-16 14:54:18.668 E/InputManager-JNI( 2207): call nativeDisableCursor method with hideCursor
08-16 14:54:18.680 I/ActivityManager( 2207): Process com.android.gallery3d (pid 25464) has died
08-16 14:54:18.690 E/critical_path_log( 5085): com.letv.tv : letv_3820f7d3a20b3a40_onTrimMemory: level = 5
08-16 14:54:18.690 E/critical_path_log( 5085): com.letv.tv : letv_02fb16e5d46e18f0_will clear cache
08-16 14:54:18.690 E/critical_path_log( 5085): com.letv.tv : letv_02fb16e5d46e18f0_clear cache finished
08-16 14:54:18.694 I/Launcher( 3007): [com.stv.launcher] LauncherApplication -- ========= tryTrimMemoryCache =========5
08-16 14:54:18.694 E/critical_path_log( 3007): superlive_7799adbbe191b8ab_onTrimMemory: level = 5
08-16 14:54:18.697 W/InputDispatcher( 2207): findFocusedWindow finished: injectionResult=0, timeSpentWaitingForApplication=0.0ms
08-16 14:54:18.711 W/InputDispatcher( 2207): findFocusedWindow finished: injectionResult=0, timeSpentWaitingForApplication=0.0ms
08-16 14:54:18.767 I/tvos    ( 1764): GetAudioOutputDevice, retval : 0
08-16 14:54:19.017 I/tvos    ( 1764): GetAudioOutputDevice, retval : 0
08-16 14:54:19.238 W/InputDispatcher( 2207): findTouchedWindow finished: injectionResult=0, injectionPermission=1, timeSpentWaitingForApplication=0.0ms
08-16 14:54:19.252 W/InputDispatcher( 2207): findTouchedWindow finished: injectionResult=0, injectionPermission=1, timeSpentWaitingForApplication=0.0ms
08-16 14:54:19.267 I/tvos    ( 1764): GetAudioOutputDevice, retval : 0
08-16 14:54:19.320 I/SoundPool( 2207): enter : func play
08-16 14:54:19.320 I/ActivityManager( 2207): START u0 {cmp=com.stv.filemanager/.activities.TypeListActivity2 (has extras)} from uid 10023 on display 0
08-16 14:54:19.322 E/LETV_DEVICE( 1780): no name sn for Mstar
08-16 14:54:19.323 I/APM::AudioPolicyEngine( 1758): getDeviceForStrategy, 359
08-16 14:54:19.324 I/audio_hw_primary( 1758): version:a00004 adev_create_audio_patch::mix->device 
08-16 14:54:19.324 I/audio_hw_primary( 1758): adev_create_audio_patch *handle=-1420227928 num_audio_patch=3
08-16 14:54:19.329 E/AudioManagerService( 1803): setAudioVolume(callingPid 1758, clientPid 1758, enSoundPath 0, volumn:0 )
08-16 14:54:19.332 I/tvos    ( 1764): SetVolume, subWooExist 0!
08-16 14:54:19.332 I/tvos    ( 1764): mapi_audio_customer::SetAbsoluteVolume: project name is X440M
08-16 14:54:19.332 I/tvos    ( 1764): SetAbsoluteVolume: uPercent : 0, path=52(speaker), VolumeInt=7f, VolumeFra=0
08-16 14:54:19.332 I/tvos    ( 1764): SetAbsoluteVolume: uPercent(currVol) : 0, realPath=52(default), VolumeInt=7f, VolumeFra=0
08-16 14:54:19.332 I/tvos    ( 1764): mapi_audio_customer::SetAbsoluteVolume: project name is X440M
08-16 14:54:19.332 I/tvos    ( 1764): SetAbsoluteVolume: uPercent : 0, path=49(HP), VolumeInt=7f, VolumeFra=0
08-16 14:54:19.332 I/tvos    ( 1764): SetAbsoluteVolume: uPercent(currVol) : 0, realPath=49(default), VolumeInt=7f, VolumeFra=0
08-16 14:54:19.332 I/tvos    ( 1764): mapi_audio_customer::SetAbsoluteVolume: project name is X440M
08-16 14:54:19.332 I/tvos    ( 1764): SetAbsoluteVolume, m_bBTDetect is false! 
08-16 14:54:19.332 I/tvos    ( 1764): mapi_audio_customer::SetAbsoluteVolume: project name is X440M
08-16 14:54:19.332 I/tvos    ( 1764): SetAbsoluteVolume: uPercent : 0, path=255(speaker), VolumeInt=7f, VolumeFra=0
08-16 14:54:19.332 I/tvos    ( 1764): SetAbsoluteVolume: uPercent(currVol) : 0, realPath=255(default), VolumeInt=7f, VolumeFra=0
08-16 14:54:19.332 I/tvos    ( 1764): [SetMuteStatus] call SetSoundMuteStatus, line : 10369, muteType: 4, onOff : 0 
08-16 14:54:19.332 I/tvos    ( 1764): [audioBSP] #1 m_internalMute : 0 ..
08-16 14:54:19.332 I/tvos    ( 1764): #1|->SDK_bPermanentAudioMute:0<-|->SDK_bMomentAudioMute:0 <-|->SDK_bBySyncAudioMute:0<-|->SDK_bByBlockAudioMute:0<-|->SDK_bByVChipAudioMute:0<-|
08-16 14:54:19.332 I/tvos    ( 1764): #1|->SDK_bInternal1AudioMute:0<-|->SDK_bInternal2AudioMute:0<-|->SDK_bInternal3AudioMute:0<-|->SDK_bInternal4AudioMute:0<-|
08-16 14:54:19.332 I/tvos    ( 1764): #1|->SDK_bByScanInOutchgCHchg:0<-|->SDK_bByDuringLimitedTimeAudioMute:0<-|->SDK_bSourceSwitchAudioMute:0<-|
08-16 14:54:19.332 I/tvos    ( 1764): #1|->SDK_bMHEGApMute:0<-|->SDK_bAllAudioMuteCtrl:0<-|->SDK_bPowerOnMute:0<-|->SDK_bNullSourceMute0<-|->SDK_bSetInputSourceAudioMute:0<-|
08-16 14:54:19.332 I/tvos    ( 1764): [audioBSP] #2 m_spkrMute : 0 ..|->SDK_bUsrSpkrAudioMute:0<-|->SDK_bPowerOnMute:0<-|->SDK_bByUserAudioMute:0<-|
08-16 14:54:19.332 I/tvos    ( 1764): [audioBSP] #3 m_PcmCapture2Mute:0 |->SDK_bByUserPcmCapture2Mute:0<-|->SDK_SUB_bByUserAudioMute:0<-|->SDK_bByUserAudioMute:0<-|
08-16 14:54:19.332 I/tvos    ( 1764): [audioBSP] #5 m_hpMute : 1 ..|->SDK_bUsrHpAudioMute:1<-|->SDK_bPowerOnMute:0<-|->SDK_bByUserAudioMute:0<-|
08-16 14:54:19.332 I/tvos    ( 1764): [audioBSP] #12 m_spdifMute : 1 ..
08-16 14:54:19.332 I/tvos    ( 1764): #12|->SDK_bPermanentAudioMute:0<-|->SDK_bMomentAudioMute:0<-|->SDK_bByBlockAudioMute:0<-|
08-16 14:54:19.332 I/tvos    ( 1764): #12|->SDK_bByVChipAudioMute:0<-|->SDK_bInternal1AudioMute:0<-|->SDK_bInternal4AudioMute:0<-|
08-16 14:54:19.332 I/tvos    ( 1764): #12|->SDK_bByDuringLimitedTimeAudioMute:0<-|->SDK_bSourceSwitchAudioMute:0<-|->SDK_bMHEGApMute:0<-|
08-16 14:54:19.332 I/tvos    ( 1764): #12|->SDK_bPowerOnMute:0<-|->SDK_bUsrSpdifAudioMute:1<-|->SDK_bNullSourceMute:0<-|->SDK_bByAppMute:0<-|
08-16 14:54:19.332 I/tvos    ( 1764): ---Amplifier_ALC1310_LR_SWMute(0)
08-16 14:54:19.332 I/tvos    ( 1764): ALC1310 unmute good, addr: 0x13 readbackvalue: 4 
08-16 14:54:19.334 I/tvos    ( 1764): SetSoundMuteStatus : m_hpMute : 1, m_spdifMute : 1, m_DataInMute : 0, m_channel7Mute : 0, m_internalMute : 0, m_spkrMute : 0, m_PcmCapture1Mute : 0, m_PcmCapture2Mute : 0 
08-16 14:54:19.334 I/AudioUtil( 1758): setParameters spk_volume=0
08-16 14:54:19.334 I/audio_hw_primary( 1758): adev_set_parameters: spk_volume=0
08-16 14:54:19.335 I/tvos    ( 1764): GetAudioOutputDevice, retval : 0
08-16 14:54:19.335 W/InputDispatcher( 2207): setFocusedApplication
08-16 14:54:19.335 I/tvos    ( 1764): [SetMuteStatus] call SetSoundMuteStatus, line : 10369, muteType: 67108864, onOff : 1 
08-16 14:54:19.335 I/tvos    ( 1764): _TransMSrvMuteTypeToSDKMuteType: Err! muteType(67108864) is out of Range
08-16 14:54:19.338 I/tvos    ( 1764): [SetMuteStatus] call SetSoundMuteStatus, line : 10369, muteType: 4, onOff : 1 
08-16 14:54:19.338 I/tvos    ( 1764): [audioBSP] #1 m_internalMute : 0 ..
08-16 14:54:19.339 I/tvos    ( 1764): #1|->SDK_bPermanentAudioMute:0<-|->SDK_bMomentAudioMute:0 <-|->SDK_bBySyncAudioMute:0<-|->SDK_bByBlockAudioMute:0<-|->SDK_bByVChipAudioMute:0<-|
08-16 14:54:19.339 I/tvos    ( 1764): #1|->SDK_bInternal1AudioMute:0<-|->SDK_bInternal2AudioMute:0<-|->SDK_bInternal3AudioMute:0<-|->SDK_bInternal4AudioMute:0<-|
08-16 14:54:19.339 I/tvos    ( 1764): #1|->SDK_bByScanInOutchgCHchg:0<-|->SDK_bByDuringLimitedTimeAudioMute:0<-|->SDK_bSourceSwitchAudioMute:0<-|
08-16 14:54:19.339 I/tvos    ( 1764): #1|->SDK_bMHEGApMute:0<-|->SDK_bAllAudioMuteCtrl:0<-|->SDK_bPowerOnMute:0<-|->SDK_bNullSourceMute0<-|->SDK_bSetInputSourceAudioMute:0<-|
08-16 14:54:19.339 I/tvos    ( 1764): [audioBSP] #2 m_spkrMute : 1 ..|->SDK_bUsrSpkrAudioMute:0<-|->SDK_bPowerOnMute:0<-|->SDK_bByUserAudioMute:1<-|
08-16 14:54:19.339 I/tvos    ( 1764): [audioBSP] #3 m_PcmCapture2Mute:1 |->SDK_bByUserPcmCapture2Mute:0<-|->SDK_SUB_bByUserAudioMute:0<-|->SDK_bByUserAudioMute:1<-|
08-16 14:54:19.339 I/tvos    ( 1764): [audioBSP] #5 m_hpMute : 1 ..|->SDK_bUsrHpAudioMute:1<-|->SDK_bPowerOnMute:0<-|->SDK_bByUserAudioMute:1<-|
08-16 14:54:19.339 I/tvos    ( 1764): [audioBSP] #12 m_spdifMute : 1 ..
08-16 14:54:19.339 I/tvos    ( 1764): #12|->SDK_bPermanentAudioMute:0<-|->SDK_bMomentAudioMute:0<-|->SDK_bByBlockAudioMute:0<-|
08-16 14:54:19.339 I/tvos    ( 1764): #12|->SDK_bByVChipAudioMute:0<-|->SDK_bInternal1AudioMute:0<-|->SDK_bInternal4AudioMute:0<-|
08-16 14:54:19.339 I/tvos    ( 1764): #12|->SDK_bByDuringLimitedTimeAudioMute:0<-|->SDK_bSourceSwitchAudioMute:0<-|->SDK_bMHEGApMute:0<-|
08-16 14:54:19.339 I/tvos    ( 1764): #12|->SDK_bPowerOnMute:0<-|->SDK_bUsrSpdifAudioMute:1<-|->SDK_bNullSourceMute:0<-|->SDK_bByAppMute:0<-|
08-16 14:54:19.339 I/tvos    ( 1764): ---Amplifier_ALC1310_LR_SWMute(1)
08-16 14:54:19.339 I/tvos    ( 1764): ALC1310 mute write good, addr: 0x13, readback data : 49164, write cmd times : 1
08-16 14:54:19.340 W/InputDispatcher( 2207): Focus left window: Window{709d871 u0 com.stv.filemanager/com.stv.filemanager.activities.FileExplorerTabActivity}
08-16 14:54:19.341 I/tvos    ( 1764): SetSoundMuteStatus : m_hpMute : 1, m_spdifMute : 1, m_DataInMute : 0, m_channel7Mute : 0, m_internalMute : 0, m_spkrMute : 1, m_PcmCapture1Mute : 0, m_PcmCapture2Mute : 1 
08-16 14:54:19.344 E/ActivityThread( 2837): Failed to find provider info for com.letv.agnes.InfoProvider
08-16 14:54:19.345 E/ActivityThread( 2837): Failed to find provider info for com.letv.agnes.InfoProvider
08-16 14:54:19.345 W/System.err( 2837): java.lang.IllegalArgumentException: Unknown URL content://com.letv.agnes.InfoProvider
08-16 14:54:19.346 W/System.err( 2837): 	at android.content.ContentResolver.insert(ContentResolver.java:1227)
08-16 14:54:19.346 W/System.err( 2837): 	at com.letv.tracker2.agnes.Configuration.addDebugInfo(Configuration.java:289)
08-16 14:54:19.346 W/System.err( 2837): 	at com.letv.tracker2.agnes.MessageProcessor$SendEnvMsgTr$1.handleMessage(MessageProcessor.java:661)
08-16 14:54:19.346 W/System.err( 2837): 	at android.os.Handler.dispatchMessage(Handler.java:102)
08-16 14:54:19.346 W/System.err( 2837): 	at android.os.Looper.loop(Looper.java:148)
08-16 14:54:19.346 W/System.err( 2837): 	at com.letv.tracker2.agnes.MessageProcessor$SendEnvMsgTr.run(MessageProcessor.java:665)
08-16 14:54:19.355 E/audio_hw_primary( 1758): out_get_presentation_position pcm_get_htimestamp(pcm, &avail, timestamp) != 0!!!
08-16 14:54:19.359 I/FileManager(25366): FileExplorerTabActivity -- onPause
08-16 14:54:19.367 I/ActivityManager( 2207): accel TR12) TaskRecord{d4cce #37 A=com.stv.filemanager U=0 sz=2}
08-16 14:54:19.367 I/ActivityManager( 2207): accel TR11) TaskRecord{14b0d11 #1 A=com.stv.launcher U=0 sz=1}
08-16 14:54:19.370 I/[T1.0.6.3]EuiAgnes_Server( 2837): resCode:1
08-16 14:54:19.370 I/[T1.0.6.3]EuiAgnes_Server( 2837): b[0]:0
08-16 14:54:19.382 I/System.out(25366): From style:
08-16 14:54:19.382 I/System.out(25366): Attrs: 3010001=0.6 3010002=res/drawable-hdpi-v4/ic_desk_app_bg.jpg 3010003=null 3010004=true
08-16 14:54:19.446 W/InputDispatcher( 2207): Focus entered window: Window{3292c6d u0 com.stv.filemanager/com.stv.filemanager.activities.TypeListActivity2}
08-16 14:54:19.454 E/BufferQueueProducer( 1749): [com.stv.filemanager/com.stv.filemanager.activities.TypeListActivity2] connect(P): already connected (cur=1 req=1)
08-16 14:54:19.517 I/ActivityManager( 2207): Displayed com.stv.filemanager/.activities.TypeListActivity2: +156ms
08-16 14:54:19.517 W/ContextImpl( 2207): Calling a method in the system process without a qualified user: android.app.ContextImpl.sendBroadcast:766 com.android.server.am.ActivityRecord.reportLaunchTimeLocked:1056 com.android.server.am.ActivityRecord.windowsDrawnLocked:1080 com.android.server.am.ActivityRecord$Token.windowsDrawn:345 com.android.server.wm.WindowManagerService$H.handleMessage:8042 
08-16 14:54:19.518 I/tvos    ( 1764): GetAudioOutputDevice, retval : 0
08-16 14:54:19.556 I/tvos    ( 1764): [37m[INFO] Change to Voltage: 1130 mV (0x1F)[m
08-16 14:54:19.556 I/tvos    ( 1764): [37m[INFO] Change to Voltage: 1130 mV (0x22)[m
08-16 14:54:19.558 I/tvos    ( 1764): [37m[INFO] Change to Voltage: 1130 mV (0x25)[m
08-16 14:54:19.559 I/tvos    ( 1764): [37m[INFO] Change to Voltage: 1130 mV (0x28)[m
08-16 14:54:19.560 I/tvos    ( 1764): [37m[INFO] Change to Voltage: 1130 mV (0x2B)[m
08-16 14:54:19.561 I/tvos    ( 1764): [37m[INFO] Change to Voltage: 1130 mV (0x2C)[m
08-16 14:54:19.653 I/tvos    ( 1764): [37m[INFO] Change to Voltage: 1000 mV (0x2C)[m
08-16 14:54:19.653 I/tvos    ( 1764): [37m[INFO] Change to Voltage: 1000 mV (0x29)[m
08-16 14:54:19.653 I/tvos    ( 1764): [37m[INFO] Change to Voltage: 1000 mV (0x26)[m
08-16 14:54:19.653 I/tvos    ( 1764): [37m[INFO] Change to Voltage: 1000 mV (0x23)[m
08-16 14:54:19.653 I/tvos    ( 1764): [37m[INFO] Change to Voltage: 1000 mV (0x20)[m
08-16 14:54:19.653 I/tvos    ( 1764): [37m[INFO] Change to Voltage: 1000 mV (0x1F)[m
08-16 14:54:19.768 I/tvos    ( 1764): GetAudioOutputDevice, retval : 0
08-16 14:54:19.789 E/LetvRemoteupgradeManager-JNI( 2613): can't get LetvManager service!
08-16 14:54:19.855 I/APM::AudioPolicyEngine( 1758): getDeviceForStrategy, 359
08-16 14:54:19.973 I/reService( 2207): onReportKeyEvent  type=type0 keycode=21*4*22*22*4*22 
08-16 14:54:19.974 E/LETV_DEVICE( 1780): no name sn for Mstar
08-16 14:54:19.979 E/ActivityThread( 2837): Failed to find provider info for com.letv.agnes.InfoProvider
08-16 14:54:19.980 E/ActivityThread( 2837): Failed to find provider info for com.letv.agnes.InfoProvider
08-16 14:54:19.981 W/System.err( 2837): java.lang.IllegalArgumentException: Unknown URL content://com.letv.agnes.InfoProvider
08-16 14:54:19.981 W/System.err( 2837): 	at android.content.ContentResolver.insert(ContentResolver.java:1227)
08-16 14:54:19.981 W/System.err( 2837): 	at com.letv.tracker2.agnes.Configuration.addDebugInfo(Configuration.java:289)
08-16 14:54:19.981 W/System.err( 2837): 	at com.letv.tracker2.agnes.MessageProcessor$SendEnvMsgTr$1.handleMessage(MessageProcessor.java:661)
08-16 14:54:19.981 W/System.err( 2837): 	at android.os.Handler.dispatchMessage(Handler.java:102)
08-16 14:54:19.981 W/System.err( 2837): 	at android.os.Looper.loop(Looper.java:148)
08-16 14:54:19.981 W/System.err( 2837): 	at com.letv.tracker2.agnes.MessageProcessor$SendEnvMsgTr.run(MessageProcessor.java:665)
08-16 14:54:19.983 I/[T1.0.6.3]EuiAgnes_Server( 2837): resCode:1
08-16 14:54:19.984 I/[T1.0.6.3]EuiAgnes_Server( 2837): b[0]:0
08-16 14:54:20.019 I/tvos    ( 1764): GetAudioOutputDevice, retval : 0
08-16 14:54:20.269 I/tvos    ( 1764): GetAudioOutputDevice, retval : 0
08-16 14:54:20.520 I/tvos    ( 1764): GetAudioOutputDevice, retval : 0
08-16 14:54:20.770 I/tvos    ( 1764): GetAudioOutputDevice, retval : 0
08-16 14:54:21.020 I/tvos    ( 1764): GetAudioOutputDevice, retval : 0
08-16 14:54:21.259 W/InputDispatcher( 2207): findFocusedWindow finished: injectionResult=0, timeSpentWaitingForApplication=0.0ms
08-16 14:54:21.264 W/InputDispatcher( 2207): findFocusedWindow finished: injectionResult=0, timeSpentWaitingForApplication=0.0ms
08-16 14:54:21.268 W/InputDispatcher( 2207): setFocusedApplication
08-16 14:54:21.271 I/tvos    ( 1764): GetAudioOutputDevice, retval : 0
08-16 14:54:21.279 I/ActivityManager( 2207): accel TR12) TaskRecord{d4cce #37 A=com.stv.filemanager U=0 sz=2}
08-16 14:54:21.279 I/ActivityManager( 2207): accel TR11) TaskRecord{14b0d11 #1 A=com.stv.launcher U=0 sz=1}
08-16 14:54:21.302 I/FileManager(25366): FileExplorerTabActivity -- onResume
08-16 14:54:21.323 W/InputDispatcher( 2207): Focus left window: Window{3292c6d u0 com.stv.filemanager/com.stv.filemanager.activities.TypeListActivity2}
08-16 14:54:21.323 W/InputDispatcher( 2207): Focus entered window: Window{709d871 u0 com.stv.filemanager/com.stv.filemanager.activities.FileExplorerTabActivity}
08-16 14:54:21.326 E/BufferQueueProducer( 1749): [com.stv.filemanager/com.stv.filemanager.activities.FileExplorerTabActivity] connect(P): already connected (cur=1 req=1)
08-16 14:54:21.521 I/tvos    ( 1764): GetAudioOutputDevice, retval : 0
08-16 14:54:21.772 I/tvos    ( 1764): GetAudioOutputDevice, retval : 0
08-16 14:54:21.792 I/art     (25366): Starting a blocking GC Explicit
08-16 14:54:21.816 I/art     (25366): Explicit concurrent mark sweep GC freed 3858(307KB) AllocSpace objects, 1(20KB) LOS objects, 40% free, 14MB/23MB, paused 188us total 24.281ms
08-16 14:54:21.825 I/art     (25366): Starting a blocking GC Explicit
08-16 14:54:21.847 I/art     (25366): Explicit concurrent mark sweep GC freed 3239(263KB) AllocSpace objects, 4(600KB) LOS objects, 39% free, 13MB/22MB, paused 175us total 21.476ms
08-16 14:54:21.847 I/art     (25366): Starting a blocking GC Explicit
08-16 14:54:21.868 I/art     (25366): Explicit concurrent mark sweep GC freed 17(8KB) AllocSpace objects, 0(0B) LOS objects, 40% free, 13MB/22MB, paused 161us total 20.247ms
08-16 14:54:21.882 W/InputDispatcher( 2207): Window went away: Window{3292c6d u0 com.stv.filemanager/com.stv.filemanager.activities.TypeListActivity2}
08-16 14:54:21.925 I/remotestatus( 2207): Msg.what is 101
08-16 14:54:21.925 I/WindowManager( 2207): turn cursor off
08-16 14:54:21.925 E/RemoteManager( 2207): RemoteManager is no longer support in eui6.5
08-16 14:54:21.925 W/InputDispatcher( 2207): findFocusedWindow finished: injectionResult=0, timeSpentWaitingForApplication=0.0ms
08-16 14:54:21.926 E/InputManager-JNI( 2207): call nativeDisableCursor method with hideCursor
08-16 14:54:21.937 W/InputDispatcher( 2207): findFocusedWindow finished: injectionResult=0, timeSpentWaitingForApplication=0.0ms
08-16 14:54:22.022 I/tvos    ( 1764): GetAudioOutputDevice, retval : 0
08-16 14:54:22.273 I/tvos    ( 1764): GetAudioOutputDevice, retval : 0
08-16 14:54:22.453 W/InputDispatcher( 2207): findTouchedWindow finished: injectionResult=0, injectionPermission=1, timeSpentWaitingForApplication=0.0ms
08-16 14:54:22.460 W/InputDispatcher( 2207): findTouchedWindow finished: injectionResult=0, injectionPermission=1, timeSpentWaitingForApplication=0.0ms
08-16 14:54:22.523 I/tvos    ( 1764): GetAudioOutputDevice, retval : 0
08-16 14:54:22.526 I/SoundPool( 2207): enter : func play
08-16 14:54:22.529 I/ActivityManager( 2207): START u0 {cmp=com.stv.filemanager/.activities.DiskMainActivity} from uid 10023 on display 0
08-16 14:54:22.529 I/APM::AudioPolicyEngine( 1758): getDeviceForStrategy, 359
08-16 14:54:22.534 E/LETV_DEVICE( 1780): no name sn for Mstar
08-16 14:54:22.536 I/audio_hw_primary( 1758): version:a00004 adev_create_audio_patch::mix->device 
08-16 14:54:22.536 I/audio_hw_primary( 1758): adev_create_audio_patch *handle=-1420227928 num_audio_patch=3
08-16 14:54:22.537 W/InputDispatcher( 2207): setFocusedApplication
08-16 14:54:22.538 W/InputDispatcher( 2207): Focus left window: Window{709d871 u0 com.stv.filemanager/com.stv.filemanager.activities.FileExplorerTabActivity}
08-16 14:54:22.544 E/ActivityThread( 2837): Failed to find provider info for com.letv.agnes.InfoProvider
08-16 14:54:22.544 E/AudioManagerService( 1803): setAudioVolume(callingPid 1758, clientPid 1758, enSoundPath 0, volumn:0 )
08-16 14:54:22.545 E/ActivityThread( 2837): Failed to find provider info for com.letv.agnes.InfoProvider
08-16 14:54:22.545 W/System.err( 2837): java.lang.IllegalArgumentException: Unknown URL content://com.letv.agnes.InfoProvider
08-16 14:54:22.546 W/System.err( 2837): 	at android.content.ContentResolver.insert(ContentResolver.java:1227)
08-16 14:54:22.546 W/System.err( 2837): 	at com.letv.tracker2.agnes.Configuration.addDebugInfo(Configuration.java:289)
08-16 14:54:22.546 W/System.err( 2837): 	at com.letv.tracker2.agnes.MessageProcessor$SendEnvMsgTr$1.handleMessage(MessageProcessor.java:661)
08-16 14:54:22.546 W/System.err( 2837): 	at android.os.Handler.dispatchMessage(Handler.java:102)
08-16 14:54:22.546 W/System.err( 2837): 	at android.os.Looper.loop(Looper.java:148)
08-16 14:54:22.546 W/System.err( 2837): 	at com.letv.tracker2.agnes.MessageProcessor$SendEnvMsgTr.run(MessageProcessor.java:665)
08-16 14:54:22.547 I/tvos    ( 1764): SetVolume, subWooExist 0!
08-16 14:54:22.547 I/tvos    ( 1764): mapi_audio_customer::SetAbsoluteVolume: project name is X440M
08-16 14:54:22.547 I/tvos    ( 1764): SetAbsoluteVolume: uPercent : 0, path=52(speaker), VolumeInt=7f, VolumeFra=0
08-16 14:54:22.547 I/tvos    ( 1764): SetAbsoluteVolume: uPercent(currVol) : 0, realPath=52(default), VolumeInt=7f, VolumeFra=0
08-16 14:54:22.547 I/tvos    ( 1764): mapi_audio_customer::SetAbsoluteVolume: project name is X440M
08-16 14:54:22.547 I/tvos    ( 1764): SetAbsoluteVolume: uPercent : 0, path=49(HP), VolumeInt=7f, VolumeFra=0
08-16 14:54:22.547 I/tvos    ( 1764): SetAbsoluteVolume: uPercent(currVol) : 0, realPath=49(default), VolumeInt=7f, VolumeFra=0
08-16 14:54:22.547 I/tvos    ( 1764): mapi_audio_customer::SetAbsoluteVolume: project name is X440M
08-16 14:54:22.547 I/tvos    ( 1764): SetAbsoluteVolume, m_bBTDetect is false! 
08-16 14:54:22.547 I/tvos    ( 1764): mapi_audio_customer::SetAbsoluteVolume: project name is X440M
08-16 14:54:22.547 I/FileManager(25366): FileExplorerTabActivity -- onPause
08-16 14:54:22.547 I/tvos    ( 1764): SetAbsoluteVolume: uPercent : 0, path=255(speaker), VolumeInt=7f, VolumeFra=0
08-16 14:54:22.547 I/tvos    ( 1764): SetAbsoluteVolume: uPercent(currVol) : 0, realPath=255(default), VolumeInt=7f, VolumeFra=0
08-16 14:54:22.547 I/tvos    ( 1764): [SetMuteStatus] call SetSoundMuteStatus, line : 10369, muteType: 4, onOff : 0 
08-16 14:54:22.547 I/tvos    ( 1764): [audioBSP] #1 m_internalMute : 0 ..
08-16 14:54:22.547 I/tvos    ( 1764): #1|->SDK_bPermanentAudioMute:0<-|->SDK_bMomentAudioMute:0 <-|->SDK_bBySyncAudioMute:0<-|->SDK_bByBlockAudioMute:0<-|->SDK_bByVChipAudioMute:0<-|
08-16 14:54:22.547 I/tvos    ( 1764): #1|->SDK_bInternal1AudioMute:0<-|->SDK_bInternal2AudioMute:0<-|->SDK_bInternal3AudioMute:0<-|->SDK_bInternal4AudioMute:0<-|
08-16 14:54:22.547 I/tvos    ( 1764): #1|->SDK_bByScanInOutchgCHchg:0<-|->SDK_bByDuringLimitedTimeAudioMute:0<-|->SDK_bSourceSwitchAudioMute:0<-|
08-16 14:54:22.547 I/tvos    ( 1764): #1|->SDK_bMHEGApMute:0<-|->SDK_bAllAudioMuteCtrl:0<-|->SDK_bPowerOnMute:0<-|->SDK_bNullSourceMute0<-|->SDK_bSetInputSourceAudioMute:0<-|
08-16 14:54:22.547 I/tvos    ( 1764): [audioBSP] #2 m_spkrMute : 0 ..|->SDK_bUsrSpkrAudioMute:0<-|->SDK_bPowerOnMute:0<-|->SDK_bByUserAudioMute:0<-|
08-16 14:54:22.548 I/tvos    ( 1764): [audioBSP] #3 m_PcmCapture2Mute:0 |->SDK_bByUserPcmCapture2Mute:0<-|->SDK_SUB_bByUserAudioMute:0<-|->SDK_bByUserAudioMute:0<-|
08-16 14:54:22.548 I/tvos    ( 1764): [audioBSP] #5 m_hpMute : 1 ..|->SDK_bUsrHpAudioMute:1<-|->SDK_bPowerOnMute:0<-|->SDK_bByUserAudioMute:0<-|
08-16 14:54:22.548 I/tvos    ( 1764): [audioBSP] #12 m_spdifMute : 1 ..
08-16 14:54:22.548 I/tvos    ( 1764): #12|->SDK_bPermanentAudioMute:0<-|->SDK_bMomentAudioMute:0<-|->SDK_bByBlockAudioMute:0<-|
08-16 14:54:22.548 I/tvos    ( 1764): #12|->SDK_bByVChipAudioMute:0<-|->SDK_bInternal1AudioMute:0<-|->SDK_bInternal4AudioMute:0<-|
08-16 14:54:22.548 I/tvos    ( 1764): #12|->SDK_bByDuringLimitedTimeAudioMute:0<-|->SDK_bSourceSwitchAudioMute:0<-|->SDK_bMHEGApMute:0<-|
08-16 14:54:22.548 I/tvos    ( 1764): #12|->SDK_bPowerOnMute:0<-|->SDK_bUsrSpdifAudioMute:1<-|->SDK_bNullSourceMute:0<-|->SDK_bByAppMute:0<-|
08-16 14:54:22.548 I/tvos    ( 1764): ---Amplifier_ALC1310_LR_SWMute(0)
08-16 14:54:22.548 I/tvos    ( 1764): ALC1310 unmute good, addr: 0x13 readbackvalue: 4 
08-16 14:54:22.552 I/tvos    ( 1764): SetSoundMuteStatus : m_hpMute : 1, m_spdifMute : 1, m_DataInMute : 0, m_channel7Mute : 0, m_internalMute : 0, m_spkrMute : 0, m_PcmCapture1Mute : 0, m_PcmCapture2Mute : 0 
08-16 14:54:22.555 I/[T1.0.6.3]EuiAgnes_Server( 2837): resCode:1
08-16 14:54:22.555 I/[T1.0.6.3]EuiAgnes_Server( 2837): b[0]:0
08-16 14:54:22.556 I/AudioUtil( 1758): setParameters spk_volume=0
08-16 14:54:22.556 I/audio_hw_primary( 1758): adev_set_parameters: spk_volume=0
08-16 14:54:22.556 I/tvos    ( 1764): GetAudioOutputDevice, retval : 0
08-16 14:54:22.557 I/tvos    ( 1764): [SetMuteStatus] call SetSoundMuteStatus, line : 10369, muteType: 67108864, onOff : 1 
08-16 14:54:22.557 I/tvos    ( 1764): _TransMSrvMuteTypeToSDKMuteType: Err! muteType(67108864) is out of Range
08-16 14:54:22.559 I/tvos    ( 1764): [SetMuteStatus] call SetSoundMuteStatus, line : 10369, muteType: 4, onOff : 1 
08-16 14:54:22.559 I/tvos    ( 1764): [audioBSP] #1 m_internalMute : 0 ..
08-16 14:54:22.559 I/tvos    ( 1764): #1|->SDK_bPermanentAudioMute:0<-|->SDK_bMomentAudioMute:0 <-|->SDK_bBySyncAudioMute:0<-|->SDK_bByBlockAudioMute:0<-|->SDK_bByVChipAudioMute:0<-|
08-16 14:54:22.559 I/tvos    ( 1764): #1|->SDK_bInternal1AudioMute:0<-|->SDK_bInternal2AudioMute:0<-|->SDK_bInternal3AudioMute:0<-|->SDK_bInternal4AudioMute:0<-|
08-16 14:54:22.559 I/tvos    ( 1764): #1|->SDK_bByScanInOutchgCHchg:0<-|->SDK_bByDuringLimitedTimeAudioMute:0<-|->SDK_bSourceSwitchAudioMute:0<-|
08-16 14:54:22.559 I/tvos    ( 1764): #1|->SDK_bMHEGApMute:0<-|->SDK_bAllAudioMuteCtrl:0<-|->SDK_bPowerOnMute:0<-|->SDK_bNullSourceMute0<-|->SDK_bSetInputSourceAudioMute:0<-|
08-16 14:54:22.559 I/tvos    ( 1764): [audioBSP] #2 m_spkrMute : 1 ..|->SDK_bUsrSpkrAudioMute:0<-|->SDK_bPowerOnMute:0<-|->SDK_bByUserAudioMute:1<-|
08-16 14:54:22.559 I/tvos    ( 1764): [audioBSP] #3 m_PcmCapture2Mute:1 |->SDK_bByUserPcmCapture2Mute:0<-|->SDK_SUB_bByUserAudioMute:0<-|->SDK_bByUserAudioMute:1<-|
08-16 14:54:22.559 I/tvos    ( 1764): [audioBSP] #5 m_hpMute : 1 ..|->SDK_bUsrHpAudioMute:1<-|->SDK_bPowerOnMute:0<-|->SDK_bByUserAudioMute:1<-|
08-16 14:54:22.559 I/tvos    ( 1764): [audioBSP] #12 m_spdifMute : 1 ..
08-16 14:54:22.559 I/tvos    ( 1764): #12|->SDK_bPermanentAudioMute:0<-|->SDK_bMomentAudioMute:0<-|->SDK_bByBlockAudioMute:0<-|
08-16 14:54:22.559 I/tvos    ( 1764): #12|->SDK_bByVChipAudioMute:0<-|->SDK_bInternal1AudioMute:0<-|->SDK_bInternal4AudioMute:0<-|
08-16 14:54:22.559 I/tvos    ( 1764): #12|->SDK_bByDuringLimitedTimeAudioMute:0<-|->SDK_bSourceSwitchAudioMute:0<-|->SDK_bMHEGApMute:0<-|
08-16 14:54:22.559 I/tvos    ( 1764): #12|->SDK_bPowerOnMute:0<-|->SDK_bUsrSpdifAudioMute:1<-|->SDK_bNullSourceMute:0<-|->SDK_bByAppMute:0<-|
08-16 14:54:22.559 I/tvos    ( 1764): ---Amplifier_ALC1310_LR_SWMute(1)
08-16 14:54:22.559 I/tvos    ( 1764): ALC1310 mute write good, addr: 0x13, readback data : 49164, write cmd times : 1
08-16 14:54:22.561 I/ActivityManager( 2207): accel TR12) TaskRecord{d4cce #37 A=com.stv.filemanager U=0 sz=2}
08-16 14:54:22.561 I/ActivityManager( 2207): accel TR11) TaskRecord{14b0d11 #1 A=com.stv.launcher U=0 sz=1}
08-16 14:54:22.561 I/tvos    ( 1764): SetSoundMuteStatus : m_hpMute : 1, m_spdifMute : 1, m_DataInMute : 0, m_channel7Mute : 0, m_internalMute : 0, m_spkrMute : 1, m_PcmCapture1Mute : 0, m_PcmCapture2Mute : 1 
08-16 14:54:22.571 I/System.out(25366): From style:
08-16 14:54:22.571 I/System.out(25366): Attrs: 3010001=0.6 3010002=res/drawable-hdpi-v4/ic_desk_app_bg.jpg 3010003=null 3010004=true
08-16 14:54:22.609 W/InputDispatcher( 2207): Focus entered window: Window{2e62220 u0 com.stv.filemanager/com.stv.filemanager.activities.DiskMainActivity}
08-16 14:54:22.613 E/BufferQueueProducer( 1749): [com.stv.filemanager/com.stv.filemanager.activities.DiskMainActivity] connect(P): already connected (cur=1 req=1)
08-16 14:54:22.705 I/ActivityManager( 2207): Displayed com.stv.filemanager/.activities.DiskMainActivity: +153ms
08-16 14:54:22.706 W/ContextImpl( 2207): Calling a method in the system process without a qualified user: android.app.ContextImpl.sendBroadcast:766 com.android.server.am.ActivityRecord.reportLaunchTimeLocked:1056 com.android.server.am.ActivityRecord.windowsDrawnLocked:1080 com.android.server.am.ActivityRecord$Token.windowsDrawn:345 com.android.server.wm.WindowManagerService$H.handleMessage:8042 
08-16 14:54:22.753 I/tvos    ( 1764): [37m[INFO] Change to Voltage: 1150 mV (0x22)[m
08-16 14:54:22.753 I/tvos    ( 1764): [37m[INFO] Change to Voltage: 1150 mV (0x25)[m
08-16 14:54:22.753 I/tvos    ( 1764): [37m[INFO] Change to Voltage: 1150 mV (0x28)[m
08-16 14:54:22.754 I/tvos    ( 1764): [37m[INFO] Change to Voltage: 1150 mV (0x2B)[m
08-16 14:54:22.756 I/tvos    ( 1764): [37m[INFO] Change to Voltage: 1150 mV (0x2E)[m
08-16 14:54:22.756 I/tvos    ( 1764): [37m[INFO] Change to Voltage: 1150 mV (0x2E)[m
08-16 14:54:22.774 I/tvos    ( 1764): GetAudioOutputDevice, retval : 0
08-16 14:54:22.789 E/LetvRemoteupgradeManager-JNI( 2613): can't get LetvManager service!
08-16 14:54:22.855 I/tvos    ( 1764): [37m[INFO] Change to Voltage: 1030 mV (0x2E)[m
08-16 14:54:22.855 I/tvos    ( 1764): [37m[INFO] Change to Voltage: 1030 mV (0x2B)[m
08-16 14:54:22.855 I/tvos    ( 1764): [37m[INFO] Change to Voltage: 1030 mV (0x28)[m
08-16 14:54:22.855 I/tvos    ( 1764): [37m[INFO] Change to Voltage: 1030 mV (0x25)[m
08-16 14:54:22.855 I/tvos    ( 1764): [37m[INFO] Change to Voltage: 1030 mV (0x22)[m
08-16 14:54:22.855 I/tvos    ( 1764): [37m[INFO] Change to Voltage: 1030 mV (0x22)[m
08-16 14:54:23.024 I/tvos    ( 1764): GetAudioOutputDevice, retval : 0
08-16 14:54:23.143 I/APM::AudioPolicyEngine( 1758): getDeviceForStrategy, 359
08-16 14:54:23.274 I/tvos    ( 1764): GetAudioOutputDevice, retval : 0
08-16 14:54:23.525 I/tvos    ( 1764): GetAudioOutputDevice, retval : 0
08-16 14:54:23.694 E/InternetUtils( 4594): java.net.SocketTimeoutException: failed to connect to www.cibn.com/61.133.127.115 (port 80) after 3000ms
08-16 14:54:23.775 I/tvos    ( 1764): GetAudioOutputDevice, retval : 0
08-16 14:54:24.025 I/tvos    ( 1764): GetAudioOutputDevice, retval : 0
08-16 14:54:24.276 I/tvos    ( 1764): GetAudioOutputDevice, retval : 0
08-16 14:54:24.464 W/InputDispatcher( 2207): findFocusedWindow finished: injectionResult=0, timeSpentWaitingForApplication=0.0ms
08-16 14:54:24.468 W/InputDispatcher( 2207): findFocusedWindow finished: injectionResult=0, timeSpentWaitingForApplication=0.0ms
08-16 14:54:24.470 W/InputDispatcher( 2207): setFocusedApplication
08-16 14:54:24.474 I/ActivityManager( 2207): accel TR12) TaskRecord{d4cce #37 A=com.stv.filemanager U=0 sz=2}
08-16 14:54:24.474 I/ActivityManager( 2207): accel TR11) TaskRecord{14b0d11 #1 A=com.stv.launcher U=0 sz=1}
08-16 14:54:24.479 I/FileManager(25366): FileExplorerTabActivity -- onResume
08-16 14:54:24.494 W/InputDispatcher( 2207): Focus left window: Window{2e62220 u0 com.stv.filemanager/com.stv.filemanager.activities.DiskMainActivity}
08-16 14:54:24.494 W/InputDispatcher( 2207): Focus entered window: Window{709d871 u0 com.stv.filemanager/com.stv.filemanager.activities.FileExplorerTabActivity}
08-16 14:54:24.497 E/BufferQueueProducer( 1749): [com.stv.filemanager/com.stv.filemanager.activities.FileExplorerTabActivity] connect(P): already connected (cur=1 req=1)
08-16 14:54:24.526 I/tvos    ( 1764): GetAudioOutputDevice, retval : 0
08-16 14:54:24.777 I/tvos    ( 1764): GetAudioOutputDevice, retval : 0
08-16 14:54:24.954 W/InputDispatcher( 2207): Window went away: Window{2e62220 u0 com.stv.filemanager/com.stv.filemanager.activities.DiskMainActivity}
08-16 14:54:25.027 I/tvos    ( 1764): GetAudioOutputDevice, retval : 0
08-16 14:54:25.097 I/remotestatus( 2207): Msg.what is 101
08-16 14:54:25.097 I/WindowManager( 2207): turn cursor off
08-16 14:54:25.097 E/RemoteManager( 2207): RemoteManager is no longer support in eui6.5
08-16 14:54:25.097 W/InputDispatcher( 2207): findFocusedWindow finished: injectionResult=0, timeSpentWaitingForApplication=0.0ms
08-16 14:54:25.098 E/InputManager-JNI( 2207): call nativeDisableCursor method with hideCursor
08-16 14:54:25.106 W/InputDispatcher( 2207): findFocusedWindow finished: injectionResult=0, timeSpentWaitingForApplication=0.0ms
08-16 14:54:25.278 I/tvos    ( 1764): GetAudioOutputDevice, retval : 0
08-16 14:54:25.528 I/tvos    ( 1764): GetAudioOutputDevice, retval : 0
08-16 14:54:25.622 W/InputDispatcher( 2207): findTouchedWindow finished: injectionResult=0, injectionPermission=1, timeSpentWaitingForApplication=0.0ms
08-16 14:54:25.629 W/InputDispatcher( 2207): findTouchedWindow finished: injectionResult=0, injectionPermission=1, timeSpentWaitingForApplication=0.0ms
08-16 14:54:25.695 I/SoundPool( 2207): enter : func play
08-16 14:54:25.696 I/ActivityManager( 2207): START u0 {cmp=com.stv.filemanager/.activities.RemoteListActivity} from uid 10023 on display 0
08-16 14:54:25.696 I/APM::AudioPolicyEngine( 1758): getDeviceForStrategy, 359
08-16 14:54:25.698 E/LETV_DEVICE( 1780): no name sn for Mstar
08-16 14:54:25.707 I/audio_hw_primary( 1758): version:a00004 adev_create_audio_patch::mix->device 
08-16 14:54:25.707 I/audio_hw_primary( 1758): adev_create_audio_patch *handle=-1420227928 num_audio_patch=3
08-16 14:54:25.712 E/AudioManagerService( 1803): setAudioVolume(callingPid 1758, clientPid 1758, enSoundPath 0, volumn:0 )
08-16 14:54:25.714 I/tvos    ( 1764): SetVolume, subWooExist 0!
08-16 14:54:25.714 I/tvos    ( 1764): mapi_audio_customer::SetAbsoluteVolume: project name is X440M
08-16 14:54:25.714 I/tvos    ( 1764): SetAbsoluteVolume: uPercent : 0, path=52(speaker), VolumeInt=7f, VolumeFra=0
08-16 14:54:25.714 I/tvos    ( 1764): SetAbsoluteVolume: uPercent(currVol) : 0, realPath=52(default), VolumeInt=7f, VolumeFra=0
08-16 14:54:25.714 I/tvos    ( 1764): mapi_audio_customer::SetAbsoluteVolume: project name is X440M
08-16 14:54:25.714 I/tvos    ( 1764): SetAbsoluteVolume: uPercent : 0, path=49(HP), VolumeInt=7f, VolumeFra=0
08-16 14:54:25.714 I/tvos    ( 1764): SetAbsoluteVolume: uPercent(currVol) : 0, realPath=49(default), VolumeInt=7f, VolumeFra=0
08-16 14:54:25.715 I/tvos    ( 1764): mapi_audio_customer::SetAbsoluteVolume: project name is X440M
08-16 14:54:25.715 I/tvos    ( 1764): SetAbsoluteVolume, m_bBTDetect is false! 
08-16 14:54:25.715 I/tvos    ( 1764): mapi_audio_customer::SetAbsoluteVolume: project name is X440M
08-16 14:54:25.715 I/tvos    ( 1764): SetAbsoluteVolume: uPercent : 0, path=255(speaker), VolumeInt=7f, VolumeFra=0
08-16 14:54:25.715 I/tvos    ( 1764): SetAbsoluteVolume: uPercent(currVol) : 0, realPath=255(default), VolumeInt=7f, VolumeFra=0
08-16 14:54:25.715 I/tvos    ( 1764): [SetMuteStatus] call SetSoundMuteStatus, line : 10369, muteType: 4, onOff : 0 
08-16 14:54:25.715 I/tvos    ( 1764): [audioBSP] #1 m_internalMute : 0 ..
08-16 14:54:25.715 I/tvos    ( 1764): #1|->SDK_bPermanentAudioMute:0<-|->SDK_bMomentAudioMute:0 <-|->SDK_bBySyncAudioMute:0<-|->SDK_bByBlockAudioMute:0<-|->SDK_bByVChipAudioMute:0<-|
08-16 14:54:25.715 I/tvos    ( 1764): #1|->SDK_bInternal1AudioMute:0<-|->SDK_bInternal2AudioMute:0<-|->SDK_bInternal3AudioMute:0<-|->SDK_bInternal4AudioMute:0<-|
08-16 14:54:25.715 I/tvos    ( 1764): #1|->SDK_bByScanInOutchgCHchg:0<-|->SDK_bByDuringLimitedTimeAudioMute:0<-|->SDK_bSourceSwitchAudioMute:0<-|
08-16 14:54:25.715 I/tvos    ( 1764): #1|->SDK_bMHEGApMute:0<-|->SDK_bAllAudioMuteCtrl:0<-|->SDK_bPowerOnMute:0<-|->SDK_bNullSourceMute0<-|->SDK_bSetInputSourceAudioMute:0<-|
08-16 14:54:25.715 I/tvos    ( 1764): [audioBSP] #2 m_spkrMute : 0 ..|->SDK_bUsrSpkrAudioMute:0<-|->SDK_bPowerOnMute:0<-|->SDK_bByUserAudioMute:0<-|
08-16 14:54:25.715 I/tvos    ( 1764): [audioBSP] #3 m_PcmCapture2Mute:0 |->SDK_bByUserPcmCapture2Mute:0<-|->SDK_SUB_bByUserAudioMute:0<-|->SDK_bByUserAudioMute:0<-|
08-16 14:54:25.715 I/tvos    ( 1764): [audioBSP] #5 m_hpMute : 1 ..|->SDK_bUsrHpAudioMute:1<-|->SDK_bPowerOnMute:0<-|->SDK_bByUserAudioMute:0<-|
08-16 14:54:25.715 I/tvos    ( 1764): [audioBSP] #12 m_spdifMute : 1 ..
08-16 14:54:25.715 I/tvos    ( 1764): #12|->SDK_bPermanentAudioMute:0<-|->SDK_bMomentAudioMute:0<-|->SDK_bByBlockAudioMute:0<-|
08-16 14:54:25.715 I/tvos    ( 1764): #12|->SDK_bByVChipAudioMute:0<-|->SDK_bInternal1AudioMute:0<-|->SDK_bInternal4AudioMute:0<-|
08-16 14:54:25.715 I/tvos    ( 1764): #12|->SDK_bByDuringLimitedTimeAudioMute:0<-|->SDK_bSourceSwitchAudioMute:0<-|->SDK_bMHEGApMute:0<-|
08-16 14:54:25.715 I/tvos    ( 1764): #12|->SDK_bPowerOnMute:0<-|->SDK_bUsrSpdifAudioMute:1<-|->SDK_bNullSourceMute:0<-|->SDK_bByAppMute:0<-|
08-16 14:54:25.715 I/tvos    ( 1764): ---Amplifier_ALC1310_LR_SWMute(0)
08-16 14:54:25.715 I/tvos    ( 1764): ALC1310 unmute good, addr: 0x13 readbackvalue: 4 
08-16 14:54:25.715 W/InputDispatcher( 2207): setFocusedApplication
08-16 14:54:25.716 W/InputDispatcher( 2207): Focus left window: Window{709d871 u0 com.stv.filemanager/com.stv.filemanager.activities.FileExplorerTabActivity}
08-16 14:54:25.718 I/FileManager(25366): FileExplorerTabActivity -- onPause
08-16 14:54:25.718 I/[T1.0.6.3]EuiAgnes_Server( 2837): resCode:1
08-16 14:54:25.718 I/[T1.0.6.3]EuiAgnes_Server( 2837): b[0]:0
08-16 14:54:25.719 I/tvos    ( 1764): SetSoundMuteStatus : m_hpMute : 1, m_spdifMute : 1, m_DataInMute : 0, m_channel7Mute : 0, m_internalMute : 0, m_spkrMute : 0, m_PcmCapture1Mute : 0, m_PcmCapture2Mute : 0 
08-16 14:54:25.720 I/AudioUtil( 1758): setParameters spk_volume=0
08-16 14:54:25.720 I/audio_hw_primary( 1758): adev_set_parameters: spk_volume=0
08-16 14:54:25.723 I/tvos    ( 1764): GetAudioOutputDevice, retval : 0
08-16 14:54:25.724 E/ActivityThread( 2837): Failed to find provider info for com.letv.agnes.InfoProvider
08-16 14:54:25.724 I/tvos    ( 1764): [SetMuteStatus] call SetSoundMuteStatus, line : 10369, muteType: 67108864, onOff : 1 
08-16 14:54:25.724 I/tvos    ( 1764): _TransMSrvMuteTypeToSDKMuteType: Err! muteType(67108864) is out of Range
08-16 14:54:25.727 I/tvos    ( 1764): [SetMuteStatus] call SetSoundMuteStatus, line : 10369, muteType: 4, onOff : 1 
08-16 14:54:25.727 I/tvos    ( 1764): [audioBSP] #1 m_internalMute : 0 ..
08-16 14:54:25.727 I/tvos    ( 1764): #1|->SDK_bPermanentAudioMute:0<-|->SDK_bMomentAudioMute:0 <-|->SDK_bBySyncAudioMute:0<-|->SDK_bByBlockAudioMute:0<-|->SDK_bByVChipAudioMute:0<-|
08-16 14:54:25.727 I/tvos    ( 1764): #1|->SDK_bInternal1AudioMute:0<-|->SDK_bInternal2AudioMute:0<-|->SDK_bInternal3AudioMute:0<-|->SDK_bInternal4AudioMute:0<-|
08-16 14:54:25.727 I/tvos    ( 1764): #1|->SDK_bByScanInOutchgCHchg:0<-|->SDK_bByDuringLimitedTimeAudioMute:0<-|->SDK_bSourceSwitchAudioMute:0<-|
08-16 14:54:25.727 I/tvos    ( 1764): #1|->SDK_bMHEGApMute:0<-|->SDK_bAllAudioMuteCtrl:0<-|->SDK_bPowerOnMute:0<-|->SDK_bNullSourceMute0<-|->SDK_bSetInputSourceAudioMute:0<-|
08-16 14:54:25.727 I/tvos    ( 1764): [audioBSP] #2 m_spkrMute : 1 ..|->SDK_bUsrSpkrAudioMute:0<-|->SDK_bPowerOnMute:0<-|->SDK_bByUserAudioMute:1<-|
08-16 14:54:25.727 I/tvos    ( 1764): [audioBSP] #3 m_PcmCapture2Mute:1 |->SDK_bByUserPcmCapture2Mute:0<-|->SDK_SUB_bByUserAudioMute:0<-|->SDK_bByUserAudioMute:1<-|
08-16 14:54:25.727 I/tvos    ( 1764): [audioBSP] #5 m_hpMute : 1 ..|->SDK_bUsrHpAudioMute:1<-|->SDK_bPowerOnMute:0<-|->SDK_bByUserAudioMute:1<-|
08-16 14:54:25.727 I/tvos    ( 1764): [audioBSP] #12 m_spdifMute : 1 ..
08-16 14:54:25.727 I/tvos    ( 1764): #12|->SDK_bPermanentAudioMute:0<-|->SDK_bMomentAudioMute:0<-|->SDK_bByBlockAudioMute:0<-|
08-16 14:54:25.727 I/tvos    ( 1764): #12|->SDK_bByVChipAudioMute:0<-|->SDK_bInternal1AudioMute:0<-|->SDK_bInternal4AudioMute:0<-|
08-16 14:54:25.727 I/tvos    ( 1764): #12|->SDK_bByDuringLimitedTimeAudioMute:0<-|->SDK_bSourceSwitchAudioMute:0<-|->SDK_bMHEGApMute:0<-|
08-16 14:54:25.727 I/tvos    ( 1764): #12|->SDK_bPowerOnMute:0<-|->SDK_bUsrSpdifAudioMute:1<-|->SDK_bNullSourceMute:0<-|->SDK_bByAppMute:0<-|
08-16 14:54:25.727 I/tvos    ( 1764): ---Amplifier_ALC1310_LR_SWMute(1)
08-16 14:54:25.727 I/tvos    ( 1764): ALC1310 mute write good, addr: 0x13, readback data : 49164, write cmd times : 1
08-16 14:54:25.729 I/tvos    ( 1764): SetSoundMuteStatus : m_hpMute : 1, m_spdifMute : 1, m_DataInMute : 0, m_channel7Mute : 0, m_internalMute : 0, m_spkrMute : 1, m_PcmCapture1Mute : 0, m_PcmCapture2Mute : 1 
08-16 14:54:25.733 I/ActivityManager( 2207): accel TR12) TaskRecord{d4cce #37 A=com.stv.filemanager U=0 sz=2}
08-16 14:54:25.733 I/ActivityManager( 2207): accel TR11) TaskRecord{14b0d11 #1 A=com.stv.launcher U=0 sz=1}
08-16 14:54:25.740 E/ActivityThread( 2837): Failed to find provider info for com.letv.agnes.InfoProvider
08-16 14:54:25.741 I/System.out(25366): From style:
08-16 14:54:25.741 I/System.out(25366): Attrs: 3010001=0.6 3010002=res/drawable-hdpi-v4/ic_desk_app_bg.jpg 3010003=null 3010004=true
08-16 14:54:25.743 W/System.err( 2837): java.lang.IllegalArgumentException: Unknown URL content://com.letv.agnes.InfoProvider
08-16 14:54:25.743 W/System.err( 2837): 	at android.content.ContentResolver.insert(ContentResolver.java:1227)
08-16 14:54:25.743 W/System.err( 2837): 	at com.letv.tracker2.agnes.Configuration.addDebugInfo(Configuration.java:289)
08-16 14:54:25.743 W/System.err( 2837): 	at com.letv.tracker2.agnes.MessageProcessor$SendEnvMsgTr$1.handleMessage(MessageProcessor.java:661)
08-16 14:54:25.743 W/System.err( 2837): 	at android.os.Handler.dispatchMessage(Handler.java:102)
08-16 14:54:25.743 W/System.err( 2837): 	at android.os.Looper.loop(Looper.java:148)
08-16 14:54:25.743 W/System.err( 2837): 	at com.letv.tracker2.agnes.MessageProcessor$SendEnvMsgTr.run(MessageProcessor.java:665)
08-16 14:54:25.770 I/FileManager(25366): NetInfo -- IPv6 detected and not supported yet!
08-16 14:54:25.778 I/tvos    ( 1764): GetAudioOutputDevice, retval : 0
08-16 14:54:25.790 E/LetvRemoteupgradeManager-JNI( 2613): can't get LetvManager service!
08-16 14:54:25.809 W/InputDispatcher( 2207): Focus entered window: Window{4bcf6f u0 com.stv.filemanager/com.stv.filemanager.activities.RemoteListActivity}
08-16 14:54:25.814 E/BufferQueueProducer( 1749): [com.stv.filemanager/com.stv.filemanager.activities.RemoteListActivity] connect(P): already connected (cur=1 req=1)
08-16 14:54:25.832 I/FileManager(25366): RemoteListActivity -- Network info has changed
08-16 14:54:25.832 E/FileManager(25366): RemoteListActivity -- stopDiscovering()
08-16 14:54:25.870 W/System.err(25366): java.lang.UnsupportedOperationException: java.lang.ClassCastException: java.lang.Long cannot be cast to java.lang.Integer
08-16 14:54:25.870 W/System.err(25366): 	at com.db4o.internal.DalvikVM$Dalvik3ObjectFactoryFactory.<init>(DalvikVM.java:122)
08-16 14:54:25.870 W/System.err(25366): 	at com.db4o.internal.DalvikVM.factory(DalvikVM.java:77)
08-16 14:54:25.870 W/System.err(25366): 	at com.db4o.internal.DalvikVM.supportSkipConstructorCall(DalvikVM.java:57)
08-16 14:54:25.870 W/System.err(25366): 	at com.db4o.internal.Platform4.callConstructor(Platform4.java:460)
08-16 14:54:25.870 W/System.err(25366): 	at com.db4o.reflect.core.ConstructorSupport.createConstructor(ConstructorSupport.java:21)
08-16 14:54:25.870 W/System.err(25366): 	at com.db4o.reflect.jdk.JdkClass.constructorSpec(JdkClass.java:176)
08-16 14:54:25.870 W/System.err(25366): 	at com.db4o.reflect.jdk.JdkClass.ensureCanBeInstantiated(JdkClass.java:182)
08-16 14:54:25.870 W/System.err(25366): 	at com.db4o.reflect.generic.GenericClass.ensureCanBeInstantiated(GenericClass.java:282)
08-16 14:54:25.870 W/System.err(25366): 	at com.db4o.internal.ClassMetadata.createConstructor(ClassMetadata.java:646)
08-16 14:54:25.870 W/System.err(25366): 	at com.db4o.internal.ClassMetadata.initializeConstructor(ClassMetadata.java:610)
08-16 14:54:25.870 W/System.err(25366): 	at com.db4o.internal.ClassMetadata.initializeAspects(ClassMetadata.java:264)
08-16 14:54:25.870 W/System.err(25366): 	at com.db4o.internal.ClassMetadata.checkChanges(ClassMetadata.java:456)
08-16 14:54:25.870 W/System.err(25366): 	at com.db4o.internal.ClassMetadataRepository.readClassMetadata(ClassMetadataRepository.java:463)
08-16 14:54:25.870 W/System.err(25366): 	at com.db4o.internal.ClassMetadataRepository.classMetadataForId(ClassMetadataRepository.java:259)
08-16 14:54:25.870 W/System.err(25366): 	at com.db4o.internal.ObjectContainerBase.classMetadataForID(ObjectContainerBase.java:1065)
08-16 14:54:25.870 W/System.err(25366): 	at com.db4o.internal.marshall.ObjectHeader.<init>(ObjectHeader.java:39)
08-16 14:54:25.871 W/System.err(25366): 	at com.db4o.internal.marshall.ObjectHeader.<init>(ObjectHeader.java:23)
08-16 14:54:25.871 W/System.err(25366): 	at com.db4o.internal.marshall.UnmarshallingContext.readObjectHeader(UnmarshallingContext.java:124)
08-16 14:54:25.871 W/System.err(25366): 	at com.db4o.internal.marshall.UnmarshallingContext.read(UnmarshallingContext.java:47)
08-16 14:54:25.871 W/System.err(25366): 	at com.db4o.internal.ObjectReference.read(ObjectReference.java:306)
08-16 14:54:25.871 W/System.err(25366): 	at com.db4o.internal.ObjectReference.read(ObjectReference.java:292)
08-16 14:54:25.871 W/System.err(25366): 	at com.db4o.internal.ObjectContainerBase.getByID2(ObjectContainerBase.java:882)
08-16 14:54:25.871 W/System.err(25366): 	at com.db4o.internal.ObjectContainerBase.getByID(ObjectContainerBase.java:853)
08-16 14:54:25.871 W/System.err(25366): 	at com.db4o.internal.fileheader.FileHeaderVariablePart.readIdentity(FileHeaderVariablePart.java:44)
08-16 14:54:25.871 W/System.err(25366): 	at com.db4o.internal.fileheader.NewFileHeaderBase.readIdentity(NewFileHeaderBase.java:92)
08-16 14:54:25.871 W/System.err(25366): 	at com.db4o.internal.LocalObjectContainer.readThis(LocalObjectContainer.java:492)
08-16 14:54:25.871 W/System.err(25366): 	at com.db4o.internal.IoAdaptedObjectContainer.openImpl(IoAdaptedObjectContainer.java:71)
08-16 14:54:25.871 W/System.err(25366): 	at com.db4o.internal.ObjectContainerBase$1.run(ObjectContainerBase.java:140)
08-16 14:54:25.871 W/System.err(25366): 	at com.db4o.foundation.DynamicVariable.with(DynamicVariable.java:54)
08-16 14:54:25.871 W/System.err(25366): 	at com.db4o.foundation.Environments.runWith(Environments.java:28)
08-16 14:54:25.871 W/System.err(25366): 	at com.db4o.internal.ObjectContainerBase.withEnvironment(ObjectContainerBase.java:161)
08-16 14:54:25.871 W/System.err(25366): 	at com.db4o.internal.ObjectContainerBase.open(ObjectContainerBase.java:131)
08-16 14:54:25.871 W/System.err(25366): 	at com.db4o.internal.IoAdaptedObjectContainer.<init>(IoAdaptedObjectContainer.java:35)
