08-16 14:54:25.871 W/System.err(25366): 	at com.db4o.internal.ObjectContainerFactory.openObjectContainer(ObjectContainerFactory.java:18)
08-16 14:54:25.871 W/System.err(25366): 	at com.db4o.Db4oEmbedded.openFile(Db4oEmbedded.java:65)
08-16 14:54:25.871 W/System.err(25366): 	at com.stv.filemanager.netstorage.entity.DBHelperNew.getNetDevices(DBHelperNew.java:93)
08-16 14:54:25.872 W/System.err(25366): 	at com.stv.filemanager.activities.RemoteListActivity$LoadDBTask.run(RemoteListActivity.java:598)
08-16 14:54:25.872 W/System.err(25366): Caused by: java.lang.ClassCastException: java.lang.Long cannot be cast to java.lang.Integer
08-16 14:54:25.872 W/System.err(25366): 	at com.db4o.internal.DalvikVM$Dalvik3ObjectFactoryFactory.<init>(DalvikVM.java:120)
08-16 14:54:25.872 W/System.err(25366): 	... 36 more
08-16 14:54:25.890 I/ActivityManager( 2207): Displayed com.stv.filemanager/.activities.RemoteListActivity: +168ms
08-16 14:54:25.890 W/ContextImpl( 2207): Calling a method in the system process without a qualified user: android.app.ContextImpl.sendBroadcast:766 com.android.server.am.ActivityRecord.reportLaunchTimeLocked:1056 com.android.server.am.ActivityRecord.windowsDrawnLocked:1080 com.android.server.am.ActivityRecord$Token.windowsDrawn:345 com.android.server.wm.WindowManagerService$H.handleMessage:8042 
08-16 14:54:25.953 I/tvos    ( 1764): [37m[INFO] Change to Voltage: 1150 mV (0x22)[m
08-16 14:54:25.953 I/tvos    ( 1764): [37m[INFO] Change to Voltage: 1150 mV (0x25)[m
08-16 14:54:25.953 I/tvos    ( 1764): [37m[INFO] Change to Voltage: 1150 mV (0x28)[m
08-16 14:54:25.953 I/tvos    ( 1764): [37m[INFO] Change to Voltage: 1150 mV (0x2B)[m
08-16 14:54:25.954 I/tvos    ( 1764): [37m[INFO] Change to Voltage: 1150 mV (0x2E)[m
08-16 14:54:25.955 I/tvos    ( 1764): [37m[INFO] Change to Voltage: 1150 mV (0x2E)[m
08-16 14:54:26.029 I/tvos    ( 1764): GetAudioOutputDevice, retval : 0
08-16 14:54:26.055 I/tvos    ( 1764): [37m[INFO] Change to Voltage: 1030 mV (0x2E)[m
08-16 14:54:26.055 I/tvos    ( 1764): [37m[INFO] Change to Voltage: 1030 mV (0x2B)[m
08-16 14:54:26.055 I/tvos    ( 1764): [37m[INFO] Change to Voltage: 1030 mV (0x28)[m
08-16 14:54:26.055 I/tvos    ( 1764): [37m[INFO] Change to Voltage: 1030 mV (0x25)[m
08-16 14:54:26.055 I/tvos    ( 1764): [37m[INFO] Change to Voltage: 1030 mV (0x22)[m
08-16 14:54:26.055 I/tvos    ( 1764): [37m[INFO] Change to Voltage: 1030 mV (0x22)[m
08-16 14:54:26.279 I/tvos    ( 1764): GetAudioOutputDevice, retval : 0
08-16 14:54:26.319 I/APM::AudioPolicyEngine( 1758): getDeviceForStrategy, 359
08-16 14:54:26.530 I/tvos    ( 1764): GetAudioOutputDevice, retval : 0
08-16 14:54:26.780 I/tvos    ( 1764): GetAudioOutputDevice, retval : 0
08-16 14:54:26.850 W/System.err(25366): java.net.ConnectException: failed to connect to /10.58.80.1 (port 139) after 800ms: isConnected failed: ECONNREFUSED (Connection refused)
08-16 14:54:26.850 W/System.err(25366): 	at libcore.io.IoBridge.isConnected(IoBridge.java:234)
08-16 14:54:26.850 W/System.err(25366): 	at libcore.io.IoBridge.connectErrno(IoBridge.java:171)
08-16 14:54:26.850 W/System.err(25366): 	at libcore.io.IoBridge.connect(IoBridge.java:122)
08-16 14:54:26.850 W/System.err(25366): 	at java.net.PlainSocketImpl.connect(PlainSocketImpl.java:183)
08-16 14:54:26.850 W/System.err(25366): 	at java.net.PlainSocketImpl.connect(PlainSocketImpl.java:452)
08-16 14:54:26.850 W/System.err(25366): 	at java.net.Socket.connect(Socket.java:884)
08-16 14:54:26.850 W/System.err(25366): 	at com.stv.filemanager.netstorage.scansmb.DefaultDiscovery.SendSmbNegotiate(DefaultDiscovery.java:185)
08-16 14:54:26.850 W/System.err(25366): 	at com.stv.filemanager.netstorage.scansmb.DefaultDiscovery.-wrap0(DefaultDiscovery.java)
08-16 14:54:26.850 W/System.err(25366): 	at com.stv.filemanager.netstorage.scansmb.DefaultDiscovery$CheckRunnable.run(DefaultDiscovery.java:158)
08-16 14:54:26.850 W/System.err(25366): 	at java.util.concurrent.ThreadPoolExecutor.runWorker(ThreadPoolExecutor.java:1113)
08-16 14:54:26.850 W/System.err(25366): 	at java.util.concurrent.ThreadPoolExecutor$Worker.run(ThreadPoolExecutor.java:588)
08-16 14:54:26.850 W/System.err(25366): 	at java.lang.Thread.run(Thread.java:818)
08-16 14:54:26.850 W/System.err(25366): Caused by: android.system.ErrnoException: isConnected failed: ECONNREFUSED (Connection refused)
08-16 14:54:26.850 W/System.err(25366): 	at libcore.io.IoBridge.isConnected(IoBridge.java:223)
08-16 14:54:26.851 W/System.err(25366): 	... 11 more
08-16 14:54:26.855 W/System.err(25366): java.net.ConnectException: failed to connect to /10.58.80.199 (port 139) after 800ms: isConnected failed: ECONNREFUSED (Connection refused)
08-16 14:54:26.855 W/System.err(25366): 	at libcore.io.IoBridge.isConnected(IoBridge.java:234)
08-16 14:54:26.855 W/System.err(25366): 	at libcore.io.IoBridge.connectErrno(IoBridge.java:171)
08-16 14:54:26.855 W/System.err(25366): 	at libcore.io.IoBridge.connect(IoBridge.java:122)
08-16 14:54:26.855 W/System.err(25366): 	at java.net.PlainSocketImpl.connect(PlainSocketImpl.java:183)
08-16 14:54:26.855 W/System.err(25366): 	at java.net.PlainSocketImpl.connect(PlainSocketImpl.java:452)
08-16 14:54:26.855 W/System.err(25366): 	at java.net.Socket.connect(Socket.java:884)
08-16 14:54:26.855 W/System.err(25366): 	at com.stv.filemanager.netstorage.scansmb.DefaultDiscovery.SendSmbNegotiate(DefaultDiscovery.java:185)
08-16 14:54:26.855 W/System.err(25366): 	at com.stv.filemanager.netstorage.scansmb.DefaultDiscovery.-wrap0(DefaultDiscovery.java)
08-16 14:54:26.855 W/System.err(25366): 	at com.stv.filemanager.netstorage.scansmb.DefaultDiscovery$CheckRunnable.run(DefaultDiscovery.java:158)
08-16 14:54:26.855 W/System.err(25366): 	at java.util.concurrent.ThreadPoolExecutor.runWorker(ThreadPoolExecutor.java:1113)
08-16 14:54:26.855 W/System.err(25366): 	at java.util.concurrent.ThreadPoolExecutor$Worker.run(ThreadPoolExecutor.java:588)
08-16 14:54:26.855 W/System.err(25366): 	at java.lang.Thread.run(Thread.java:818)
08-16 14:54:26.855 W/System.err(25366): Caused by: android.system.ErrnoException: isConnected failed: ECONNREFUSED (Connection refused)
08-16 14:54:26.855 W/System.err(25366): 	at libcore.io.IoBridge.isConnected(IoBridge.java:223)
08-16 14:54:26.855 W/System.err(25366): 	... 11 more
08-16 14:54:26.864 W/System.err(25366): java.net.ConnectException: failed to connect to /10.58.80.200 (port 139) after 800ms: isConnected failed: ECONNREFUSED (Connection refused)
08-16 14:54:26.864 W/System.err(25366): 	at libcore.io.IoBridge.isConnected(IoBridge.java:234)
08-16 14:54:26.864 W/System.err(25366): 	at libcore.io.IoBridge.connectErrno(IoBridge.java:171)
08-16 14:54:26.864 W/System.err(25366): 	at libcore.io.IoBridge.connect(IoBridge.java:122)
08-16 14:54:26.864 W/System.err(25366): 	at java.net.PlainSocketImpl.connect(PlainSocketImpl.java:183)
08-16 14:54:26.864 W/System.err(25366): 	at java.net.PlainSocketImpl.connect(PlainSocketImpl.java:452)
08-16 14:54:26.864 W/System.err(25366): 	at java.net.Socket.connect(Socket.java:884)
08-16 14:54:26.864 W/System.err(25366): 	at com.stv.filemanager.netstorage.scansmb.DefaultDiscovery.SendSmbNegotiate(DefaultDiscovery.java:185)
08-16 14:54:26.864 W/System.err(25366): 	at com.stv.filemanager.netstorage.scansmb.DefaultDiscovery.-wrap0(DefaultDiscovery.java)
08-16 14:54:26.864 W/System.err(25366): 	at com.stv.filemanager.netstorage.scansmb.DefaultDiscovery$CheckRunnable.run(DefaultDiscovery.java:158)
08-16 14:54:26.864 W/System.err(25366): 	at java.util.concurrent.ThreadPoolExecutor.runWorker(ThreadPoolExecutor.java:1113)
08-16 14:54:26.864 W/System.err(25366): 	at java.util.concurrent.ThreadPoolExecutor$Worker.run(ThreadPoolExecutor.java:588)
08-16 14:54:26.864 W/System.err(25366): 	at java.lang.Thread.run(Thread.java:818)
08-16 14:54:26.864 W/System.err(25366): Caused by: android.system.ErrnoException: isConnected failed: ECONNREFUSED (Connection refused)
08-16 14:54:26.865 W/System.err(25366): 	at libcore.io.IoBridge.isConnected(IoBridge.java:223)
08-16 14:54:26.865 W/System.err(25366): 	... 11 more
08-16 14:54:26.885 W/System.err(25366): java.net.ConnectException: failed to connect to /10.58.80.205 (port 139) after 800ms: isConnected failed: ECONNREFUSED (Connection refused)
08-16 14:54:26.885 W/System.err(25366): 	at libcore.io.IoBridge.isConnected(IoBridge.java:234)
08-16 14:54:26.885 W/System.err(25366): 	at libcore.io.IoBridge.connectErrno(IoBridge.java:171)
08-16 14:54:26.885 W/System.err(25366): 	at libcore.io.IoBridge.connect(IoBridge.java:122)
08-16 14:54:26.885 W/System.err(25366): 	at java.net.PlainSocketImpl.connect(PlainSocketImpl.java:183)
08-16 14:54:26.885 W/System.err(25366): 	at java.net.PlainSocketImpl.connect(PlainSocketImpl.java:452)
08-16 14:54:26.885 W/System.err(25366): 	at java.net.Socket.connect(Socket.java:884)
08-16 14:54:26.885 W/System.err(25366): 	at com.stv.filemanager.netstorage.scansmb.DefaultDiscovery.SendSmbNegotiate(DefaultDiscovery.java:185)
08-16 14:54:26.885 W/System.err(25366): 	at com.stv.filemanager.netstorage.scansmb.DefaultDiscovery.-wrap0(DefaultDiscovery.java)
08-16 14:54:26.885 W/System.err(25366): 	at com.stv.filemanager.netstorage.scansmb.DefaultDiscovery$CheckRunnable.run(DefaultDiscovery.java:158)
08-16 14:54:26.885 W/System.err(25366): 	at java.util.concurrent.ThreadPoolExecutor.runWorker(ThreadPoolExecutor.java:1113)
08-16 14:54:26.885 W/System.err(25366): 	at java.util.concurrent.ThreadPoolExecutor$Worker.run(ThreadPoolExecutor.java:588)
08-16 14:54:26.885 W/System.err(25366): 	at java.lang.Thread.run(Thread.java:818)
08-16 14:54:26.885 W/System.err(25366): Caused by: android.system.ErrnoException: isConnected failed: ECONNREFUSED (Connection refused)
08-16 14:54:26.885 W/System.err(25366): 	at libcore.io.IoBridge.isConnected(IoBridge.java:223)
08-16 14:54:26.885 W/System.err(25366): 	... 11 more
08-16 14:54:26.893 W/System.err(25366): java.net.ConnectException: failed to connect to /10.58.80.197 (port 139) after 800ms: isConnected failed: ECONNREFUSED (Connection refused)
08-16 14:54:26.893 W/System.err(25366): 	at libcore.io.IoBridge.isConnected(IoBridge.java:234)
08-16 14:54:26.893 W/System.err(25366): 	at libcore.io.IoBridge.connectErrno(IoBridge.java:171)
08-16 14:54:26.893 W/System.err(25366): 	at libcore.io.IoBridge.connect(IoBridge.java:122)
08-16 14:54:26.893 W/System.err(25366): 	at java.net.PlainSocketImpl.connect(PlainSocketImpl.java:183)
08-16 14:54:26.893 W/System.err(25366): 	at java.net.PlainSocketImpl.connect(PlainSocketImpl.java:452)
08-16 14:54:26.893 W/System.err(25366): 	at java.net.Socket.connect(Socket.java:884)
08-16 14:54:26.893 W/System.err(25366): 	at com.stv.filemanager.netstorage.scansmb.DefaultDiscovery.SendSmbNegotiate(DefaultDiscovery.java:185)
08-16 14:54:26.893 W/System.err(25366): 	at com.stv.filemanager.netstorage.scansmb.DefaultDiscovery.-wrap0(DefaultDiscovery.java)
08-16 14:54:26.893 W/System.err(25366): 	at com.stv.filemanager.netstorage.scansmb.DefaultDiscovery$CheckRunnable.run(DefaultDiscovery.java:158)
08-16 14:54:26.893 W/System.err(25366): 	at java.util.concurrent.ThreadPoolExecutor.runWorker(ThreadPoolExecutor.java:1113)
08-16 14:54:26.893 W/System.err(25366): 	at java.util.concurrent.ThreadPoolExecutor$Worker.run(ThreadPoolExecutor.java:588)
08-16 14:54:26.893 W/System.err(25366): 	at java.lang.Thread.run(Thread.java:818)
08-16 14:54:26.893 W/System.err(25366): Caused by: android.system.ErrnoException: isConnected failed: ECONNREFUSED (Connection refused)
08-16 14:54:26.893 W/System.err(25366): 	at libcore.io.IoBridge.isConnected(IoBridge.java:223)
08-16 14:54:26.893 W/System.err(25366): 	... 11 more
08-16 14:54:26.951 I/tvos    ( 1764): [37m[INFO] Change to Voltage: 1150 mV (0x22)[m
08-16 14:54:26.952 I/tvos    ( 1764): [37m[INFO] Change to Voltage: 1150 mV (0x25)[m
08-16 14:54:26.953 I/tvos    ( 1764): [37m[INFO] Change to Voltage: 1150 mV (0x28)[m
08-16 14:54:26.954 I/tvos    ( 1764): [37m[INFO] Change to Voltage: 1150 mV (0x2B)[m
08-16 14:54:26.956 I/tvos    ( 1764): [37m[INFO] Change to Voltage: 1150 mV (0x2E)[m
08-16 14:54:26.957 I/tvos    ( 1764): [37m[INFO] Change to Voltage: 1150 mV (0x2E)[m
08-16 14:54:27.031 I/tvos    ( 1764): GetAudioOutputDevice, retval : 0
08-16 14:54:27.052 I/tvos    ( 1764): [37m[INFO] Change to Voltage: 1030 mV (0x2E)[m
08-16 14:54:27.052 I/tvos    ( 1764): [37m[INFO] Change to Voltage: 1030 mV (0x2B)[m
08-16 14:54:27.052 I/tvos    ( 1764): [37m[INFO] Change to Voltage: 1030 mV (0x28)[m
08-16 14:54:27.058 I/tvos    ( 1764): [37m[INFO] Change to Voltage: 1030 mV (0x25)[m
08-16 14:54:27.061 I/tvos    ( 1764): [37m[INFO] Change to Voltage: 1030 mV (0x22)[m
08-16 14:54:27.062 I/tvos    ( 1764): [37m[INFO] Change to Voltage: 1030 mV (0x22)[m
08-16 14:54:27.281 I/tvos    ( 1764): GetAudioOutputDevice, retval : 0
08-16 14:54:27.531 I/tvos    ( 1764): GetAudioOutputDevice, retval : 0
08-16 14:54:27.646 W/InputDispatcher( 2207): findFocusedWindow finished: injectionResult=0, timeSpentWaitingForApplication=0.0ms
08-16 14:54:27.648 W/System.err(25366): java.net.SocketTimeoutException: failed to connect to /10.58.80.198 (port 139) after 800ms
08-16 14:54:27.648 W/System.err(25366): 	at libcore.io.IoBridge.connectErrno(IoBridge.java:169)
08-16 14:54:27.648 W/System.err(25366): 	at libcore.io.IoBridge.connect(IoBridge.java:122)
08-16 14:54:27.648 W/System.err(25366): 	at java.net.PlainSocketImpl.connect(PlainSocketImpl.java:183)
08-16 14:54:27.648 W/System.err(25366): 	at java.net.PlainSocketImpl.connect(PlainSocketImpl.java:452)
08-16 14:54:27.649 W/System.err(25366): 	at java.net.Socket.connect(Socket.java:884)
08-16 14:54:27.649 W/System.err(25366): 	at com.stv.filemanager.netstorage.scansmb.DefaultDiscovery.SendSmbNegotiate(DefaultDiscovery.java:185)
08-16 14:54:27.649 W/System.err(25366): 	at com.stv.filemanager.netstorage.scansmb.DefaultDiscovery.-wrap0(DefaultDiscovery.java)
08-16 14:54:27.649 W/System.err(25366): 	at com.stv.filemanager.netstorage.scansmb.DefaultDiscovery$CheckRunnable.run(DefaultDiscovery.java:158)
08-16 14:54:27.649 W/System.err(25366): 	at java.util.concurrent.ThreadPoolExecutor.runWorker(ThreadPoolExecutor.java:1113)
08-16 14:54:27.649 W/System.err(25366): 	at java.util.concurrent.ThreadPoolExecutor$Worker.run(ThreadPoolExecutor.java:588)
08-16 14:54:27.649 W/System.err(25366): 	at java.lang.Thread.run(Thread.java:818)
08-16 14:54:27.652 W/InputDispatcher( 2207): findFocusedWindow finished: injectionResult=0, timeSpentWaitingForApplication=0.0ms
08-16 14:54:27.655 W/InputDispatcher( 2207): setFocusedApplication
08-16 14:54:27.656 W/System.err(25366): java.net.SocketTimeoutException: failed to connect to /10.58.80.201 (port 139) after 800ms
08-16 14:54:27.656 W/System.err(25366): 	at libcore.io.IoBridge.connectErrno(IoBridge.java:169)
08-16 14:54:27.656 W/System.err(25366): 	at libcore.io.IoBridge.connect(IoBridge.java:122)
08-16 14:54:27.656 W/System.err(25366): 	at java.net.PlainSocketImpl.connect(PlainSocketImpl.java:183)
08-16 14:54:27.656 W/System.err(25366): 	at java.net.PlainSocketImpl.connect(PlainSocketImpl.java:452)
08-16 14:54:27.656 W/System.err(25366): 	at java.net.Socket.connect(Socket.java:884)
08-16 14:54:27.656 W/System.err(25366): 	at com.stv.filemanager.netstorage.scansmb.DefaultDiscovery.SendSmbNegotiate(DefaultDiscovery.java:185)
08-16 14:54:27.656 W/System.err(25366): 	at com.stv.filemanager.netstorage.scansmb.DefaultDiscovery.-wrap0(DefaultDiscovery.java)
08-16 14:54:27.656 W/System.err(25366): 	at com.stv.filemanager.netstorage.scansmb.DefaultDiscovery$CheckRunnable.run(DefaultDiscovery.java:158)
08-16 14:54:27.657 W/System.err(25366): 	at java.util.concurrent.ThreadPoolExecutor.runWorker(ThreadPoolExecutor.java:1113)
08-16 14:54:27.657 W/System.err(25366): 	at java.util.concurrent.ThreadPoolExecutor$Worker.run(ThreadPoolExecutor.java:588)
08-16 14:54:27.657 W/System.err(25366): 	at java.lang.Thread.run(Thread.java:818)
08-16 14:54:27.669 W/System.err(25366): java.net.SocketTimeoutException: failed to connect to /10.58.80.203 (port 139) after 800ms
08-16 14:54:27.670 E/FileManager(25366): RemoteListActivity -- stopDiscovering()
08-16 14:54:27.669 W/System.err(25366): 	at libcore.io.IoBridge.connectErrno(IoBridge.java:169)
08-16 14:54:27.670 W/System.err(25366): 	at libcore.io.IoBridge.connect(IoBridge.java:122)
08-16 14:54:27.670 W/System.err(25366): 	at java.net.PlainSocketImpl.connect(PlainSocketImpl.java:183)
08-16 14:54:27.670 W/System.err(25366): 	at java.net.PlainSocketImpl.connect(PlainSocketImpl.java:452)
08-16 14:54:27.670 W/System.err(25366): 	at java.net.Socket.connect(Socket.java:884)
08-16 14:54:27.670 W/System.err(25366): 	at com.stv.filemanager.netstorage.scansmb.DefaultDiscovery.SendSmbNegotiate(DefaultDiscovery.java:185)
08-16 14:54:27.670 W/System.err(25366): 	at com.stv.filemanager.netstorage.scansmb.DefaultDiscovery.-wrap0(DefaultDiscovery.java)
08-16 14:54:27.670 W/System.err(25366): 	at com.stv.filemanager.netstorage.scansmb.DefaultDiscovery$CheckRunnable.run(DefaultDiscovery.java:158)
08-16 14:54:27.670 W/System.err(25366): 	at java.util.concurrent.ThreadPoolExecutor.runWorker(ThreadPoolExecutor.java:1113)
08-16 14:54:27.671 W/System.err(25366): 	at java.util.concurrent.ThreadPoolExecutor$Worker.run(ThreadPoolExecutor.java:588)
08-16 14:54:27.671 W/System.err(25366): 	at java.lang.Thread.run(Thread.java:818)
08-16 14:54:27.674 I/ActivityManager( 2207): accel TR12) TaskRecord{d4cce #37 A=com.stv.filemanager U=0 sz=2}
08-16 14:54:27.674 I/ActivityManager( 2207): accel TR11) TaskRecord{14b0d11 #1 A=com.stv.launcher U=0 sz=1}
08-16 14:54:27.681 W/System.err(25366): java.net.SocketTimeoutException: failed to connect to /10.58.80.195 (port 139) after 800ms
08-16 14:54:27.681 W/System.err(25366): java.net.SocketTimeoutException: failed to connect to /10.58.80.204 (port 139) after 800ms
08-16 14:54:27.681 W/System.err(25366): 	at libcore.io.IoBridge.connectErrno(IoBridge.java:169)
08-16 14:54:27.681 W/System.err(25366): 	at 	at libcore.io.IoBridge.connect(IoBridge.java:122)
08-16 14:54:27.681 W/System.err(25366): 	at java.net.PlainSocketImpl.connect(PlainSocketImpl.java:183)
08-16 14:54:27.681 W/System.err(25366): 	at java.net.PlainSocketImpl.connect(PlainSocketImpl.java:452)
08-16 14:54:27.681 W/System.err(25366): 	at java.net.Socket.connect(Socket.java:884)
08-16 14:54:27.681 W/System.err(25366): 	at com.stv.filemanager.netstorage.scansmb.DefaultDiscovery.SendSmbNegotiate(DefaultDiscovery.java:185)
08-16 14:54:27.681 W/System.err(25366): 	at com.stv.filemanager.netstorage.scansmb.DefaultDiscovery.-wrap0(DefaultDiscovery.java)
08-16 14:54:27.681 W/System.err(25366): 	at com.stv.filemanager.netstorage.scansmb.DefaultDiscovery$CheckRunnable.run(DefaultDiscovery.java:158)
08-16 14:54:27.681 W/System.err(25366): 	at java.util.concurrent.ThreadPoolExecutor.runWorker(ThreadPoolExecutor.java:1113)
08-16 14:54:27.681 W/System.err(25366): 	at java.util.concurrent.ThreadPoolExecutor$Worker.run(ThreadPoolExecutor.java:588)
08-16 14:54:27.681 W/System.err(25366): 	at java.lang.Thread.run(Thread.java:818)
08-16 14:54:27.682 W/System.err(25366): libcore.io.IoBridge.connectErrno(IoBridge.java:169)
08-16 14:54:27.682 W/System.err(25366): 	at libcore.io.IoBridge.connect(IoBridge.java:122)
08-16 14:54:27.682 W/System.err(25366): 	at java.net.PlainSocketImpl.connect(PlainSocketImpl.java:183)
08-16 14:54:27.682 W/System.err(25366): 	at java.net.PlainSocketImpl.connect(PlainSocketImpl.java:452)
08-16 14:54:27.682 W/System.err(25366): 	at java.net.Socket.connect(Socket.java:884)
08-16 14:54:27.682 W/System.err(25366): 	at com.stv.filemanager.netstorage.scansmb.DefaultDiscovery.SendSmbNegotiate(DefaultDiscovery.java:185)
08-16 14:54:27.682 W/System.err(25366): 	at com.stv.filemanager.netstorage.scansmb.DefaultDiscovery.-wrap0(DefaultDiscovery.java)
08-16 14:54:27.682 W/System.err(25366): 	at com.stv.filemanager.netstorage.scansmb.DefaultDiscovery$CheckRunnable.run(DefaultDiscovery.java:158)
08-16 14:54:27.682 W/System.err(25366): 	at java.util.concurrent.ThreadPoolExecutor.runWorker(ThreadPoolExecutor.java:1113)
08-16 14:54:27.682 W/System.err(25366): 	at java.util.concurrent.ThreadPoolExecutor$Worker.run(ThreadPoolExecutor.java:588)
08-16 14:54:27.682 W/System.err(25366): 	at java.lang.Thread.run(Thread.java:818)
08-16 14:54:27.684 W/System.err(25366): java.net.SocketTimeoutException: failed to connect to /10.58.80.193 (port 139) after 800ms
08-16 14:54:27.685 W/System.err(25366): 	at libcore.io.IoBridge.connectErrno(IoBridge.java:169)
08-16 14:54:27.685 W/System.err(25366): 	at libcore.io.IoBridge.connect(IoBridge.java:122)
08-16 14:54:27.685 W/System.err(25366): 	at java.net.PlainSocketImpl.connect(PlainSocketImpl.java:183)
08-16 14:54:27.685 W/System.err(25366): 	at java.net.PlainSocketImpl.connect(PlainSocketImpl.java:452)
08-16 14:54:27.685 W/System.err(25366): 	at java.net.Socket.connect(Socket.java:884)
08-16 14:54:27.685 W/System.err(25366): 	at com.stv.filemanager.netstorage.scansmb.DefaultDiscovery.SendSmbNegotiate(DefaultDiscovery.java:185)
08-16 14:54:27.685 W/System.err(25366): 	at com.stv.filemanager.netstorage.scansmb.DefaultDiscovery.-wrap0(DefaultDiscovery.java)
08-16 14:54:27.685 W/System.err(25366): 	at com.stv.filemanager.netstorage.scansmb.DefaultDiscovery$CheckRunnable.run(DefaultDiscovery.java:158)
08-16 14:54:27.685 W/System.err(25366): 	at java.util.concurrent.ThreadPoolExecutor.runWorker(ThreadPoolExecutor.java:1113)
08-16 14:54:27.685 W/System.err(25366): 	at java.util.concurrent.ThreadPoolExecutor$Worker.run(ThreadPoolExecutor.java:588)
08-16 14:54:27.685 W/System.err(25366): 	at java.lang.Thread.run(Thread.java:818)
08-16 14:54:27.686 W/System.err(25366): java.net.SocketTimeoutException: failed to connect to /10.58.80.194 (port 139) after 800ms
08-16 14:54:27.686 W/System.err(25366): 	at libcore.io.IoBridge.connectErrno(IoBridge.java:169)
08-16 14:54:27.686 W/System.err(25366): 	at libcore.io.IoBridge.connect(IoBridge.java:122)
08-16 14:54:27.686 W/System.err(25366): 	at java.net.PlainSocketImpl.connect(PlainSocketImpl.java:183)
08-16 14:54:27.686 W/System.err(25366): 	at java.net.PlainSocketImpl.connect(PlainSocketImpl.java:452)
08-16 14:54:27.686 W/System.err(25366): 	at java.net.Socket.connect(Socket.java:884)
08-16 14:54:27.686 W/System.err(25366): 	at com.stv.filemanager.netstorage.scansmb.DefaultDiscovery.SendSmbNegotiate(DefaultDiscovery.java:185)
08-16 14:54:27.686 W/System.err(25366): 	at com.stv.filemanager.netstorage.scansmb.DefaultDiscovery.-wrap0(DefaultDiscovery.java)
08-16 14:54:27.686 W/System.err(25366): 	at com.stv.filemanager.netstorage.scansmb.DefaultDiscovery$CheckRunnable.run(DefaultDiscovery.java:158)
08-16 14:54:27.686 W/System.err(25366): 	at java.util.concurrent.ThreadPoolExecutor.runWorker(ThreadPoolExecutor.java:1113)
08-16 14:54:27.686 W/System.err(25366): 	at java.net.SocketTimeoutException: failed to connect to /10.58.80.206 (port 139) after 800ms
08-16 14:54:27.686 W/System.err(25366): 	at libcore.io.IoBridge.connectErrno(IoBridge.java:169)
08-16 14:54:27.686 W/System.err(25366): 	at libcore.io.IoBridge.connect(IoBridge.java:122)
08-16 14:54:27.686 W/System.err(25366): 	at java.net.PlainSocketImpl.connect(PlainSocketImpl.java:183)
08-16 14:54:27.686 W/System.err(25366): 	at java.net.PlainSocketImpl.connect(PlainSocketImpl.java:452)
08-16 14:54:27.686 W/System.err(25366): 	at java.net.Socket.connect(Socket.java:884)
08-16 14:54:27.686 W/System.err(25366): 	at com.stv.filemanager.netstorage.scansmb.DefaultDiscovery.SendSmbNegotiate(DefaultDiscovery.java:185)
08-16 14:54:27.686 W/System.err(25366): 	at com.stv.filemanager.netstorage.scansmb.DefaultDiscovery.-wrap0(DefaultDiscovery.java)
08-16 14:54:27.686 W/System.err(25366): 	at com.stv.filemanager.netstorage.scansmb.DefaultDiscovery$CheckRunnable.run(DefaultDiscovery.java:158)
08-16 14:54:27.686 W/System.err(25366): 	at java.util.concurrent.ThreadPoolExecutor.runWorker(ThreadPoolExecutor.java:1113)
08-16 14:54:27.686 W/System.err(25366): 	at java.util.concurrent.ThreadPoolExecutor$Worker.run(ThreadPoolExecutor.java:588)
08-16 14:54:27.686 W/System.err(25366): 	at java.lang.Thread.run(Thread.java:818)
08-16 14:54:27.687 W/System.err(25366): java.util.concurrent.ThreadPoolExecutor$Worker.run(ThreadPoolExecutor.java:588)
08-16 14:54:27.687 W/System.err(25366): 	at java.lang.Thread.run(Thread.java:818)
08-16 14:54:27.687 W/System.err(25366): java.net.SocketTimeoutException: failed to connect to /10.58.80.207 (port 139) after 800ms
08-16 14:54:27.687 W/System.err(25366): 	at libcore.io.IoBridge.connectErrno(IoBridge.java:169)
08-16 14:54:27.687 W/System.err(25366): 	at libcore.io.IoBridge.connect(IoBridge.java:122)
08-16 14:54:27.687 W/System.err(25366): 	at java.net.PlainSocketImpl.connect(PlainSocketImpl.java:183)
08-16 14:54:27.687 W/System.err(25366): 	at java.net.PlainSocketImpl.connect(PlainSocketImpl.java:452)
08-16 14:54:27.687 W/System.err(25366): 	at java.net.Socket.connect(Socket.java:884)
08-16 14:54:27.687 W/System.err(25366): 	at com.stv.filemanager.netstorage.scansmb.DefaultDiscovery.SendSmbNegotiate(DefaultDiscovery.java:185)
08-16 14:54:27.687 W/System.err(25366): 	at com.stv.filemanager.netstorage.scansmb.DefaultDiscovery.-wrap0(DefaultDiscovery.java)
08-16 14:54:27.687 W/System.err(25366): 	at com.stv.filemanager.netstorage.scansmb.DefaultDiscovery$CheckRunnable.run(DefaultDiscovery.java:158)
08-16 14:54:27.688 W/System.err(25366): 	at java.util.concurrent.ThreadPoolExecutor.runWorker(ThreadPoolExecutor.java:1113)
08-16 14:54:27.688 W/System.err(25366): 	at java.util.concurrent.ThreadPoolExecutor$Worker.run(ThreadPoolExecutor.java:588)
08-16 14:54:27.688 W/System.err(25366): 	at java.lang.Thread.run(Thread.java:818)
08-16 14:54:27.690 E/FileManager(25366): RemoteListActivity -- stopDiscovering()
08-16 14:54:27.696 W/System.err(25366): java.net.SocketTimeoutException: failed to connect to /10.58.80.192 (port 139) after 800ms
08-16 14:54:27.696 W/System.err(25366): 	at libcore.io.IoBridge.connectErrno(IoBridge.java:169)
08-16 14:54:27.696 W/System.err(25366): 	at libcore.io.IoBridge.connect(IoBridge.java:122)
08-16 14:54:27.696 W/System.err(25366): 	at java.net.PlainSocketImpl.connect(PlainSocketImpl.java:183)
08-16 14:54:27.696 W/System.err(25366): 	at java.net.PlainSocketImpl.connect(PlainSocketImpl.java:452)
08-16 14:54:27.696 W/System.err(25366): 	at java.net.Socket.connect(Socket.java:884)
08-16 14:54:27.696 W/System.err(25366): 	at com.stv.filemanager.netstorage.scansmb.DefaultDiscovery.SendSmbNegotiate(DefaultDiscovery.java:185)
08-16 14:54:27.696 W/System.err(25366): 	at com.stv.filemanager.netstorage.scansmb.DefaultDiscovery.-wrap0(DefaultDiscovery.java)
08-16 14:54:27.696 W/System.err(25366): 	at com.stv.filemanager.netstorage.scansmb.DefaultDiscovery$CheckRunnable.run(DefaultDiscovery.java:158)
08-16 14:54:27.696 W/System.err(25366): 	at java.util.concurrent.ThreadPoolExecutor.runWorker(ThreadPoolExecutor.java:1113)
08-16 14:54:27.696 W/System.err(25366): 	at java.util.concurrent.ThreadPoolExecutor$Worker.run(ThreadPoolExecutor.java:588)
08-16 14:54:27.696 W/System.err(25366): 	at java.lang.Thread.run(Thread.java:818)
08-16 14:54:27.698 I/FileManager(25366): FileExplorerTabActivity -- onResume
08-16 14:54:27.721 W/InputDispatcher( 2207): Focus left window: Window{4bcf6f u0 com.stv.filemanager/com.stv.filemanager.activities.RemoteListActivity}
08-16 14:54:27.721 W/InputDispatcher( 2207): Focus entered window: Window{709d871 u0 com.stv.filemanager/com.stv.filemanager.activities.FileExplorerTabActivity}
08-16 14:54:27.723 E/BufferQueueProducer( 1749): [com.stv.filemanager/com.stv.filemanager.activities.FileExplorerTabActivity] connect(P): already connected (cur=1 req=1)
08-16 14:54:27.782 I/tvos    ( 1764): GetAudioOutputDevice, retval : 0
08-16 14:54:28.032 I/tvos    ( 1764): GetAudioOutputDevice, retval : 0
08-16 14:54:28.188 E/FileManager(25366): RemoteListActivity -- stopDiscovering()
08-16 14:54:28.193 W/InputDispatcher( 2207): Window went away: Window{4bcf6f u0 com.stv.filemanager/com.stv.filemanager.activities.RemoteListActivity}
08-16 14:54:28.283 I/tvos    ( 1764): GetAudioOutputDevice, retval : 0
08-16 14:54:28.327 I/remotestatus( 2207): Msg.what is 101
08-16 14:54:28.327 I/WindowManager( 2207): turn cursor off
08-16 14:54:28.327 E/RemoteManager( 2207): RemoteManager is no longer support in eui6.5
08-16 14:54:28.327 W/InputDispatcher( 2207): findFocusedWindow finished: injectionResult=0, timeSpentWaitingForApplication=0.0ms
08-16 14:54:28.327 E/InputManager-JNI( 2207): call nativeDisableCursor method with hideCursor
08-16 14:54:28.337 W/InputDispatcher( 2207): findFocusedWindow finished: injectionResult=0, timeSpentWaitingForApplication=0.0ms
08-16 14:54:28.449 W/System.err(25366): java.net.SocketTimeoutException: failed to connect to /10.58.80.208 (port 139) after 800ms
08-16 14:54:28.449 W/System.err(25366): 	at libcore.io.IoBridge.connectErrno(IoBridge.java:169)
08-16 14:54:28.449 W/System.err(25366): 	at libcore.io.IoBridge.connect(IoBridge.java:122)
08-16 14:54:28.449 W/System.err(25366): 	at java.net.PlainSocketImpl.connect(PlainSocketImpl.java:183)
08-16 14:54:28.449 W/System.err(25366): 	at java.net.PlainSocketImpl.connect(PlainSocketImpl.java:452)
08-16 14:54:28.449 W/System.err(25366): 	at java.net.Socket.connect(Socket.java:884)
08-16 14:54:28.449 W/System.err(25366): 	at com.stv.filemanager.netstorage.scansmb.DefaultDiscovery.SendSmbNegotiate(DefaultDiscovery.java:185)
08-16 14:54:28.449 W/System.err(25366): 	at com.stv.filemanager.netstorage.scansmb.DefaultDiscovery.-wrap0(DefaultDiscovery.java)
08-16 14:54:28.449 W/System.err(25366): 	at com.stv.filemanager.netstorage.scansmb.DefaultDiscovery$CheckRunnable.run(DefaultDiscovery.java:158)
08-16 14:54:28.449 W/System.err(25366): 	at java.util.concurrent.ThreadPoolExecutor.runWorker(ThreadPoolExecutor.java:1113)
08-16 14:54:28.449 W/System.err(25366): 	at java.util.concurrent.ThreadPoolExecutor$Worker.run(ThreadPoolExecutor.java:588)
08-16 14:54:28.449 W/System.err(25366): 	at java.lang.Thread.run(Thread.java:818)
08-16 14:54:28.458 W/System.err(25366): java.net.SocketTimeoutException: failed to connect to /10.58.80.191 (port 139) after 800ms
08-16 14:54:28.459 W/System.err(25366): 	at libcore.io.IoBridge.connectErrno(IoBridge.java:169)
08-16 14:54:28.459 W/System.err(25366): 	at libcore.io.IoBridge.connect(IoBridge.java:122)
08-16 14:54:28.459 W/System.err(25366): 	at java.net.PlainSocketImpl.connect(PlainSocketImpl.java:183)
08-16 14:54:28.459 W/System.err(25366): 	at java.net.PlainSocketImpl.connect(PlainSocketImpl.java:452)
08-16 14:54:28.459 W/System.err(25366): 	at java.net.Socket.connect(Socket.java:884)
08-16 14:54:28.459 W/System.err(25366): 	at com.stv.filemanager.netstorage.scansmb.DefaultDiscovery.SendSmbNegotiate(DefaultDiscovery.java:185)
08-16 14:54:28.459 W/System.err(25366): 	at com.stv.filemanager.netstorage.scansmb.DefaultDiscovery.-wrap0(DefaultDiscovery.java)
08-16 14:54:28.459 W/System.err(25366): 	at com.stv.filemanager.netstorage.scansmb.DefaultDiscovery$CheckRunnable.run(DefaultDiscovery.java:158)
08-16 14:54:28.459 W/System.err(25366): 	at java.util.concurrent.ThreadPoolExecutor.runWorker(ThreadPoolExecutor.java:1113)
08-16 14:54:28.459 W/System.err(25366): 	at java.util.concurrent.ThreadPoolExecutor$Worker.run(ThreadPoolExecutor.java:588)
08-16 14:54:28.459 W/System.err(25366): 	at java.lang.Thread.run(Thread.java:818)
08-16 14:54:28.533 I/tvos    ( 1764): GetAudioOutputDevice, retval : 0
08-16 14:54:28.758 I/tvos    ( 1764): bq32kDriver:rtc_read_time.
08-16 14:54:28.758 I/tvos    ( 1764): [hq]rtc_read_time: read 0x28 0x54 0xc6 0x05 0x16 0x08 0x18
08-16 14:54:28.758 I/tvos    ( 1764): rtc_read_time: date 28s 54m 6h 16md 7m 118y
08-16 14:54:28.758 I/tvos    ( 1764): rtc read time:2018-8-16 6:54:28.
08-16 14:54:28.758 I/tvos    ( 1764): tm_year = 2018, tm_mon = 8, tm_mday = 16, tm_hour = 6,tm_min= 54,  tm_sec = 28
08-16 14:54:28.758 I/tvos    ( 1764): timeSeconds:1534402468 rtcTimeSeconds:1534402468.
08-16 14:54:28.784 I/tvos    ( 1764): GetAudioOutputDevice, retval : 0
08-16 14:54:28.791 E/LetvRemoteupgradeManager-JNI( 2613): can't get LetvManager service!
08-16 14:54:28.875 W/InputDispatcher( 2207): findTouchedWindow finished: injectionResult=0, injectionPermission=1, timeSpentWaitingForApplication=0.0ms
08-16 14:54:28.882 W/InputDispatcher( 2207): findTouchedWindow finished: injectionResult=0, injectionPermission=1, timeSpentWaitingForApplication=0.0ms
08-16 14:54:28.951 I/SoundPool( 2207): enter : func play
08-16 14:54:28.953 I/APM::AudioPolicyEngine( 1758): getDeviceForStrategy, 359
08-16 14:54:28.954 I/ActivityManager( 2207): START u0 {act=android.intent.action.FILETRANSFER cmp=com.stv.filemanager.remotemanager/.ui.WSActivity} from uid 10023 on display 0
08-16 14:54:28.958 E/LETV_DEVICE( 1780): no name sn for Mstar
08-16 14:54:28.960 I/audio_hw_primary( 1758): version:a00004 adev_create_audio_patch::mix->device 
08-16 14:54:28.960 I/audio_hw_primary( 1758): adev_create_audio_patch *handle=-1420227928 num_audio_patch=3
08-16 14:54:28.963 E/AudioManagerService( 1803): setAudioVolume(callingPid 1758, clientPid 1758, enSoundPath 0, volumn:0 )
08-16 14:54:28.965 I/tvos    ( 1764): SetVolume, subWooExist 0!
08-16 14:54:28.965 I/tvos    ( 1764): mapi_audio_customer::SetAbsoluteVolume: project name is X440M
08-16 14:54:28.965 I/tvos    ( 1764): SetAbsoluteVolume: uPercent : 0, path=52(speaker), VolumeInt=7f, VolumeFra=0
08-16 14:54:28.965 I/tvos    ( 1764): SetAbsoluteVolume: uPercent(currVol) : 0, realPath=52(default), VolumeInt=7f, VolumeFra=0
08-16 14:54:28.965 I/tvos    ( 1764): mapi_audio_customer::SetAbsoluteVolume: project name is X440M
08-16 14:54:28.965 I/tvos    ( 1764): SetAbsoluteVolume: uPercent : 0, path=49(HP), VolumeInt=7f, VolumeFra=0
08-16 14:54:28.965 I/tvos    ( 1764): SetAbsoluteVolume: uPercent(currVol) : 0, realPath=49(default), VolumeInt=7f, VolumeFra=0
08-16 14:54:28.965 I/tvos    ( 1764): mapi_audio_customer::SetAbsoluteVolume: project name is X440M
08-16 14:54:28.965 I/tvos    ( 1764): SetAbsoluteVolume, m_bBTDetect is false! 
08-16 14:54:28.965 I/tvos    ( 1764): mapi_audio_customer::SetAbsoluteVolume: project name is X440M
08-16 14:54:28.965 I/tvos    ( 1764): SetAbsoluteVolume: uPercent : 0, path=255(speaker), VolumeInt=7f, VolumeFra=0
08-16 14:54:28.965 I/tvos    ( 1764): SetAbsoluteVolume: uPercent(currVol) : 0, realPath=255(default), VolumeInt=7f, VolumeFra=0
08-16 14:54:28.965 I/tvos    ( 1764): [SetMuteStatus] call SetSoundMuteStatus, line : 10369, muteType: 4, onOff : 0 
08-16 14:54:28.965 I/tvos    ( 1764): [audioBSP] #1 m_internalMute : 0 ..
08-16 14:54:28.966 I/tvos    ( 1764): #1|->SDK_bPermanentAudioMute:0<-|->SDK_bMomentAudioMute:0 <-|->SDK_bBySyncAudioMute:0<-|->SDK_bByBlockAudioMute:0<-|->SDK_bByVChipAudioMute:0<-|
08-16 14:54:28.966 I/tvos    ( 1764): #1|->SDK_bInternal1AudioMute:0<-|->SDK_bInternal2AudioMute:0<-|->SDK_bInternal3AudioMute:0<-|->SDK_bInternal4AudioMute:0<-|
08-16 14:54:28.966 I/tvos    ( 1764): #1|->SDK_bByScanInOutchgCHchg:0<-|->SDK_bByDuringLimitedTimeAudioMute:0<-|->SDK_bSourceSwitchAudioMute:0<-|
08-16 14:54:28.966 I/tvos    ( 1764): #1|->SDK_bMHEGApMute:0<-|->SDK_bAllAudioMuteCtrl:0<-|->SDK_bPowerOnMute:0<-|->SDK_bNullSourceMute0<-|->SDK_bSetInputSourceAudioMute:0<-|
08-16 14:54:28.966 I/tvos    ( 1764): [audioBSP] #2 m_spkrMute : 0 ..|->SDK_bUsrSpkrAudioMute:0<-|->SDK_bPowerOnMute:0<-|->SDK_bByUserAudioMute:0<-|
08-16 14:54:28.966 I/tvos    ( 1764): [audioBSP] #3 m_PcmCapture2Mute:0 |->SDK_bByUserPcmCapture2Mute:0<-|->SDK_SUB_bByUserAudioMute:0<-|->SDK_bByUserAudioMute:0<-|
08-16 14:54:28.966 I/tvos    ( 1764): [audioBSP] #5 m_hpMute : 1 ..|->SDK_bUsrHpAudioMute:1<-|->SDK_bPowerOnMute:0<-|->SDK_bByUserAudioMute:0<-|
08-16 14:54:28.966 I/tvos    ( 1764): [audioBSP] #12 m_spdifMute : 1 ..
08-16 14:54:28.966 I/tvos    ( 1764): #12|->SDK_bPermanentAudioMute:0<-|->SDK_bMomentAudioMute:0<-|->SDK_bByBlockAudioMute:0<-|
08-16 14:54:28.966 I/tvos    ( 1764): #12|->SDK_bByVChipAudioMute:0<-|->SDK_bInternal1AudioMute:0<-|->SDK_bInternal4AudioMute:0<-|
08-16 14:54:28.966 I/tvos    ( 1764): #12|->SDK_bByDuringLimitedTimeAudioMute:0<-|->SDK_bSourceSwitchAudioMute:0<-|->SDK_bMHEGApMute:0<-|
08-16 14:54:28.966 I/tvos    ( 1764): #12|->SDK_bPowerOnMute:0<-|->SDK_bUsrSpdifAudioMute:1<-|->SDK_bNullSourceMute:0<-|->SDK_bByAppMute:0<-|
08-16 14:54:28.966 I/tvos    ( 1764): ---Amplifier_ALC1310_LR_SWMute(0)
08-16 14:54:28.966 I/tvos    ( 1764): ALC1310 unmute good, addr: 0x13 readbackvalue: 4 
08-16 14:54:28.969 I/AudioUtil( 1758): setParameters spk_volume=0
08-16 14:54:28.969 I/tvos    ( 1764): SetSoundMuteStatus : m_hpMute : 1, m_spdifMute : 1, m_DataInMute : 0, m_channel7Mute : 0, m_internalMute : 0, m_spkrMute : 0, m_PcmCapture1Mute : 0, m_PcmCapture2Mute : 0 
08-16 14:54:28.969 I/audio_hw_primary( 1758): adev_set_parameters: spk_volume=0
08-16 14:54:28.969 I/System.out( 2207): From style:
08-16 14:54:28.969 I/System.out( 2207): Attrs: 3010001=0.6 3010002=res/drawable/screen_background_selector_dark.xml 3010003=null 3010004=true
08-16 14:54:28.969 I/tvos    ( 1764): GetAudioOutputDevice, retval : 0
08-16 14:54:28.970 I/tvos    ( 1764): [SetMuteStatus] call SetSoundMuteStatus, line : 10369, muteType: 67108864, onOff : 1 
08-16 14:54:28.970 I/tvos    ( 1764): _TransMSrvMuteTypeToSDKMuteType: Err! muteType(67108864) is out of Range
08-16 14:54:28.973 I/tvos    ( 1764): [SetMuteStatus] call SetSoundMuteStatus, line : 10369, muteType: 4, onOff : 1 
08-16 14:54:28.973 I/tvos    ( 1764): [audioBSP] #1 m_internalMute : 0 ..
08-16 14:54:28.973 I/tvos    ( 1764): #1|->SDK_bPermanentAudioMute:0<-|->SDK_bMomentAudioMute:0 <-|->SDK_bBySyncAudioMute:0<-|->SDK_bByBlockAudioMute:0<-|->SDK_bByVChipAudioMute:0<-|
08-16 14:54:28.973 I/tvos    ( 1764): #1|->SDK_bInternal1AudioMute:0<-|->SDK_bInternal2AudioMute:0<-|->SDK_bInternal3AudioMute:0<-|->SDK_bInternal4AudioMute:0<-|
08-16 14:54:28.973 I/tvos    ( 1764): #1|->SDK_bByScanInOutchgCHchg:0<-|->SDK_bByDuringLimitedTimeAudioMute:0<-|->SDK_bSourceSwitchAudioMute:0<-|
08-16 14:54:28.973 I/tvos    ( 1764): #1|->SDK_bMHEGApMute:0<-|->SDK_bAllAudioMuteCtrl:0<-|->SDK_bPowerOnMute:0<-|->SDK_bNullSourceMute0<-|->SDK_bSetInputSourceAudioMute:0<-|
08-16 14:54:28.973 I/tvos    ( 1764): [audioBSP] #2 m_spkrMute : 1 ..|->SDK_bUsrSpkrAudioMute:0<-|->SDK_bPowerOnMute:0<-|->SDK_bByUserAudioMute:1<-|
08-16 14:54:28.973 I/tvos    ( 1764): [audioBSP] #3 m_PcmCapture2Mute:1 |->SDK_bByUserPcmCapture2Mute:0<-|->SDK_SUB_bByUserAudioMute:0<-|->SDK_bByUserAudioMute:1<-|
08-16 14:54:28.973 I/tvos    ( 1764): [audioBSP] #5 m_hpMute : 1 ..|->SDK_bUsrHpAudioMute:1<-|->SDK_bPowerOnMute:0<-|->SDK_bByUserAudioMute:1<-|
08-16 14:54:28.973 I/tvos    ( 1764): [audioBSP] #12 m_spdifMute : 1 ..
08-16 14:54:28.973 I/tvos    ( 1764): #12|->SDK_bPermanentAudioMute:0<-|->SDK_bMomentAudioMute:0<-|->SDK_bByBlockAudioMute:0<-|
08-16 14:54:28.973 I/tvos    ( 1764): #12|->SDK_bByVChipAudioMute:0<-|->SDK_bInternal1AudioMute:0<-|->SDK_bInternal4AudioMute:0<-|
08-16 14:54:28.973 I/tvos    ( 1764): #12|->SDK_bByDuringLimitedTimeAudioMute:0<-|->SDK_bSourceSwitchAudioMute:0<-|->SDK_bMHEGApMute:0<-|
08-16 14:54:28.973 I/tvos    ( 1764): #12|->SDK_bPowerOnMute:0<-|->SDK_bUsrSpdifAudioMute:1<-|->SDK_bNullSourceMute:0<-|->SDK_bByAppMute:0<-|
08-16 14:54:28.973 I/tvos    ( 1764): ---Amplifier_ALC1310_LR_SWMute(1)
08-16 14:54:28.973 I/tvos    ( 1764): ALC1310 mute write good, addr: 0x13, readback data : 49164, write cmd times : 1
08-16 14:54:28.975 I/tvos    ( 1764): SetSoundMuteStatus : m_hpMute : 1, m_spdifMute : 1, m_DataInMute : 0, m_channel7Mute : 0, m_internalMute : 0, m_spkrMute : 1, m_PcmCapture1Mute : 0, m_PcmCapture2Mute : 1 
08-16 14:54:28.976 W/InputDispatcher( 2207): setFocusedApplication
08-16 14:54:28.977 W/InputDispatcher( 2207): Focus left window: Window{709d871 u0 com.stv.filemanager/com.stv.filemanager.activities.FileExplorerTabActivity}
08-16 14:54:28.977 E/ActivityThread( 2837): Failed to find provider info for com.letv.agnes.InfoProvider
08-16 14:54:28.979 E/ActivityThread( 2837): Failed to find provider info for com.letv.agnes.InfoProvider
08-16 14:54:28.979 W/System.err( 2837): java.lang.IllegalArgumentException: Unknown URL content://com.letv.agnes.InfoProvider
08-16 14:54:28.979 W/System.err( 2837): 	at android.content.ContentResolver.insert(ContentResolver.java:1227)
08-16 14:54:28.979 W/System.err( 2837): 	at com.letv.tracker2.agnes.Configuration.addDebugInfo(Configuration.java:289)
08-16 14:54:28.979 W/System.err( 2837): 	at com.letv.tracker2.agnes.MessageProcessor$SendEnvMsgTr$1.handleMessage(MessageProcessor.java:661)
08-16 14:54:28.979 W/System.err( 2837): 	at android.os.Handler.dispatchMessage(Handler.java:102)
08-16 14:54:28.979 W/System.err( 2837): 	at android.os.Looper.loop(Looper.java:148)
08-16 14:54:28.979 W/System.err( 2837): 	at com.letv.tracker2.agnes.MessageProcessor$SendEnvMsgTr.run(MessageProcessor.java:665)
08-16 14:54:28.982 I/FileManager(25366): FileExplorerTabActivity -- onPause
08-16 14:54:28.985 I/[T1.0.6.3]EuiAgnes_Server( 2837): resCode:1
08-16 14:54:28.985 I/[T1.0.6.3]EuiAgnes_Server( 2837): b[0]:0
08-16 14:54:29.002 I/ActivityManager( 2207): Start proc 25703:com.stv.filemanager.remotemanager/u0a19 for activity com.stv.filemanager.remotemanager/.ui.WSActivity
08-16 14:54:29.034 I/tvos    ( 1764): GetAudioOutputDevice, retval : 0
08-16 14:54:29.053 I/ActivityManager( 2207): accel TR12) TaskRecord{d4cce #37 A=com.stv.filemanager U=0 sz=2}
08-16 14:54:29.053 I/ActivityManager( 2207): accel TR11) TaskRecord{14b0d11 #1 A=com.stv.launcher U=0 sz=1}
08-16 14:54:29.077 W/System  (25703): ClassLoader referenced unknown path: /system/app/RemoteManager/lib/arm64
08-16 14:54:29.153 I/tvos    ( 1764): [37m[INFO] Change to Voltage: 1150 mV (0x22)[m
08-16 14:54:29.153 I/tvos    ( 1764): [37m[INFO] Change to Voltage: 1150 mV (0x25)[m
08-16 14:54:29.153 I/tvos    ( 1764): [37m[INFO] Change to Voltage: 1150 mV (0x28)[m
08-16 14:54:29.153 I/tvos    ( 1764): [37m[INFO] Change to Voltage: 1150 mV (0x2B)[m
08-16 14:54:29.154 I/tvos    ( 1764): [37m[INFO] Change to Voltage: 1150 mV (0x2E)[m
08-16 14:54:29.155 I/tvos    ( 1764): [37m[INFO] Change to Voltage: 1150 mV (0x2E)[m
08-16 14:54:29.174 E/LETV_DEVICE( 1780): no name sn for Mstar
08-16 14:54:29.186 E/ActivityThread( 2837): Failed to find provider info for com.letv.agnes.InfoProvider
08-16 14:54:29.187 E/ActivityThread( 2837): Failed to find provider info for com.letv.agnes.InfoProvider
08-16 14:54:29.187 W/System.err( 2837): java.lang.IllegalArgumentException: Unknown URL content://com.letv.agnes.InfoProvider
08-16 14:54:29.187 W/System.err( 2837): 	at android.content.ContentResolver.insert(ContentResolver.java:1227)
08-16 14:54:29.187 W/System.err( 2837): 	at com.letv.tracker2.agnes.Configuration.addDebugInfo(Configuration.java:289)
08-16 14:54:29.187 W/System.err( 2837): 	at com.letv.tracker2.agnes.MessageProcessor$SendEnvMsgTr$1.handleMessage(MessageProcessor.java:661)
08-16 14:54:29.187 W/System.err( 2837): 	at android.os.Handler.dispatchMessage(Handler.java:102)
08-16 14:54:29.187 W/System.err( 2837): 	at android.os.Looper.loop(Looper.java:148)
08-16 14:54:29.187 W/System.err( 2837): 	at com.letv.tracker2.agnes.MessageProcessor$SendEnvMsgTr.run(MessageProcessor.java:665)
08-16 14:54:29.198 I/[T1.0.6.3]EuiAgnes_Server( 2837): resCode:1
08-16 14:54:29.198 I/[T1.0.6.3]EuiAgnes_Server( 2837): b[0]:0
08-16 14:54:29.215 I/StvLogReport( 2837): StargazerReportTask, action=appClose&name=æ–‡ä»¶ç®¡ç†&packagename=com.stv.filemanager&versionCode=1&appVersionName=1.0&appType=1&mark=95&totalTime=10
08-16 14:54:29.221 I/LetvManager-LogReport( 1780): [send_msg] line: 490 report url = http://log.hdtv.cp21.ott.cibntv.net:80/api/log/tvAction
08-16 14:54:29.223 I/StvLogReport( 2837): StargazerReportTask, reponse2 : {"status":"OK","statusCode":200,"message":"succeefully"}
08-16 14:54:29.245 E/LETV_DEVICE( 1780): no name sn for Mstar
08-16 14:54:29.271 I/StvLogReport( 2837): StargazerReportTask, action=appOpen&name=æ–‡ä»¶ä¼ è¾“&packagename=com.stv.filemanager.remotemanager&versionCode=1&appVersionName=1.0&appType=1&mark=96
08-16 14:54:29.284 I/tvos    ( 1764): GetAudioOutputDevice, retval : 0
08-16 14:54:29.296 I/StvLogReport( 2837): StargazerReportTask, reponse2 : {"status":"OK","statusCode":200,"message":"succeefully"}
08-16 14:54:29.352 I/tvos    ( 1764): [37m[INFO] Change to Voltage: 1030 mV (0x2E)[m
08-16 14:54:29.352 I/tvos    ( 1764): [37m[INFO] Change to Voltage: 1030 mV (0x2B)[m
08-16 14:54:29.352 I/tvos    ( 1764): [37m[INFO] Change to Voltage: 1030 mV (0x28)[m
08-16 14:54:29.353 I/tvos    ( 1764): [37m[INFO] Change to Voltage: 1030 mV (0x25)[m
08-16 14:54:29.354 I/tvos    ( 1764): [37m[INFO] Change to Voltage: 1030 mV (0x22)[m
08-16 14:54:29.355 I/tvos    ( 1764): [37m[INFO] Change to Voltage: 1030 mV (0x22)[m
08-16 14:54:29.358 E/ActivityThread( 2837): Failed to find provider info for com.letv.agnes.InfoProvider
08-16 14:54:29.358 E/ActivityThread( 2837): Failed to find provider info for com.letv.agnes.InfoProvider
08-16 14:54:29.359 W/System.err( 2837): java.lang.IllegalArgumentException: Unknown URL content://com.letv.agnes.InfoProvider
08-16 14:54:29.359 W/System.err( 2837): 	at android.content.ContentResolver.insert(ContentResolver.java:1227)
08-16 14:54:29.359 W/System.err( 2837): 	at com.letv.tracker2.agnes.Configuration.addDebugInfo(Configuration.java:289)
08-16 14:54:29.359 W/System.err( 2837): 	at com.letv.tracker2.agnes.MessageProcessor$SendEnvMsgTr$1.handleMessage(MessageProcessor.java:661)
08-16 14:54:29.359 W/System.err( 2837): 	at android.os.Handler.dispatchMessage(Handler.java:102)
08-16 14:54:29.359 W/System.err( 2837): 	at android.os.Looper.loop(Looper.java:148)
08-16 14:54:29.359 W/System.err( 2837): 	at com.letv.tracker2.agnes.MessageProcessor$SendEnvMsgTr.run(MessageProcessor.java:665)
08-16 14:54:29.361 I/[T1.0.6.3]EuiAgnes_Server( 2837): resCode:1
08-16 14:54:29.361 I/[T1.0.6.3]EuiAgnes_Server( 2837): b[0]:0
08-16 14:54:29.402 I/System.out(25703): From style:
08-16 14:54:29.402 I/System.out(25703): Attrs: 3010001=0.6 3010002=res/drawable/screen_background_selector_dark.xml 3010003=null 3010004=true
08-16 14:54:29.426 I/LetvManager-LogReport( 1780): [send_msg] line: 490 report url = http://log.hdtv.cp21.ott.cibntv.net:80/api/log/tvAction
08-16 14:54:29.488 W/InputDispatcher( 2207): Focus entered window: Window{c5388ba u0 com.stv.filemanager.remotemanager/com.stv.filemanager.remotemanager.ui.WSActivity}
08-16 14:54:29.494 I/OpenGLRenderer(25703): Initialized EGL, version 1.4
08-16 14:54:29.501 E/BufferQueueProducer( 1749): [com.stv.filemanager.remotemanager/com.stv.filemanager.remotemanager.ui.WSActivity] connect(P): already connected (cur=1 req=1)
08-16 14:54:29.535 I/tvos    ( 1764): GetAudioOutputDevice, retval : 0
08-16 14:54:29.563 I/APM::AudioPolicyEngine( 1758): getDeviceForStrategy, 359
08-16 14:54:29.684 E/RemoteManager(25703): isPortInUse
08-16 14:54:29.684 E/RemoteManager(25703): java.net.ConnectException: failed to connect to /127.0.0.1 (port 7766): connect failed: ECONNREFUSED (Connection refused)
08-16 14:54:29.684 E/RemoteManager(25703): 	at libcore.io.IoBridge.connect(IoBridge.java:124)
08-16 14:54:29.684 E/RemoteManager(25703): 	at java.net.PlainSocketImpl.connect(PlainSocketImpl.java:183)
08-16 14:54:29.684 E/RemoteManager(25703): 	at java.net.PlainSocketImpl.connect(PlainSocketImpl.java:163)
08-16 14:54:29.684 E/RemoteManager(25703): 	at java.net.Socket.startupSocket(Socket.java:592)
08-16 14:54:29.684 E/RemoteManager(25703): 	at java.net.Socket.<init>(Socket.java:226)
08-16 14:54:29.684 E/RemoteManager(25703): 	at com.stv.filemanager.remotemanager.b.a.a(Unknown Source)
08-16 14:54:29.684 E/RemoteManager(25703): 	at com.stv.filemanager.remotemanager.b.a.a(Unknown Source)
08-16 14:54:29.684 E/RemoteManager(25703): 	at com.stv.filemanager.remotemanager.serv.c.run(Unknown Source)
08-16 14:54:29.684 E/RemoteManager(25703): Caused by: android.system.ErrnoException: connect failed: ECONNREFUSED (Connection refused)
08-16 14:54:29.684 E/RemoteManager(25703): 	at libcore.io.Posix.connect(Native Method)
08-16 14:54:29.684 E/RemoteManager(25703): 	at libcore.io.BlockGuardOs.connect(BlockGuardOs.java:111)
08-16 14:54:29.684 E/RemoteManager(25703): 	at libcore.io.IoBridge.connectErrno(IoBridge.java:137)
08-16 14:54:29.684 E/RemoteManager(25703): 	at libcore.io.IoBridge.connect(IoBridge.java:122)
08-16 14:54:29.684 E/RemoteManager(25703): 	... 7 more
08-16 14:54:29.687 I/ActivityManager( 2207): Displayed com.stv.filemanager.remotemanager/.ui.WSActivity: +696ms
08-16 14:54:29.688 W/ContextImpl( 2207): Calling a method in the system process without a qualified user: android.app.ContextImpl.sendBroadcast:766 com.android.server.am.ActivityRecord.reportLaunchTimeLocked:1056 com.android.server.am.ActivityRecord.windowsDrawnLocked:1080 com.android.server.am.ActivityRecord$Token.windowsDrawn:345 com.android.server.wm.WindowManagerService$H.handleMessage:8042 
08-16 14:54:29.691 W/InputDispatcher( 2207): Window went away: Window{a8d57b u0 Starting com.stv.filemanager.remotemanager}
08-16 14:54:29.785 I/tvos    ( 1764): GetAudioOutputDevice, retval : 0
08-16 14:54:30.036 I/tvos    ( 1764): GetAudioOutputDevice, retval : 0
08-16 14:54:30.286 I/tvos    ( 1764): GetAudioOutputDevice, retval : 0
08-16 14:54:30.537 I/tvos    ( 1764): GetAudioOutputDevice, retval : 0
08-16 14:54:30.787 I/tvos    ( 1764): GetAudioOutputDevice, retval : 0
08-16 14:54:30.887 W/InputDispatcher( 2207): findFocusedWindow finished: injectionResult=0, timeSpentWaitingForApplication=0.0ms
08-16 14:54:30.895 W/InputDispatcher( 2207): findFocusedWindow finished: injectionResult=0, timeSpentWaitingForApplication=0.0ms
08-16 14:54:30.898 W/InputDispatcher( 2207): setFocusedApplication
