08-16 14:39:37.728 I/tvos    ( 1764): mapi_audio_customer::SetAbsoluteVolume: project name is X440M
08-16 14:39:37.728 I/tvos    ( 1764): SetAbsoluteVolume: uPercent : 100, path=53(speaker), VolumeInt=e, VolumeFra=0
08-16 14:39:37.728 I/tvos    ( 1764): SetAbsoluteVolume: not save current volume when spdif connect!
08-16 14:39:37.728 I/tvos    ( 1764): SetAbsoluteVolume: uPercent(currVol) : 100, realPath=53(default), VolumeInt=e, VolumeFra=0
08-16 14:39:37.841 I/APM::AudioPolicyEngine( 1758): getDeviceForStrategy, 359
08-16 14:39:37.875 I/DatabaseManager_JNI(22042): setDatabaseDirtyByApplication
08-16 14:39:37.907 E/DataBaseDeskImpl( 4876): ===========>>>> now change Index = 23
08-16 14:39:37.932 I/GlobalSettings( 2822): ReportEuiLog_U -- ReportEuiLog action is: tvaction and reportmsg is: action=perSpeakerClick&speakerModule=1
08-16 14:39:37.934 I/GlobalSettings( 2822): SoundOutputDialog -- set_speaker_value is: true and value is: 1
08-16 14:39:37.941 W/InputDispatcher( 2207): Focus left window: Window{1c5253a u0 com.stv.globalsetting}
08-16 14:39:37.941 W/InputDispatcher( 2207): Focus entered window: Window{84936a9 u0 com.stv.globalsetting}
08-16 14:39:37.941 W/InputDispatcher( 2207): Window went away: Window{1c5253a u0 com.stv.globalsetting}
08-16 14:39:37.979 I/tvos    ( 1764): GetAudioOutputDevice, retval : 1
08-16 14:39:37.987 I/tvos    ( 1764): [37m[INFO] Change to Voltage: 1130 mV (0x1F)[m
08-16 14:39:37.987 I/tvos    ( 1764): [37m[INFO] Change to Voltage: 1130 mV (0x22)[m
08-16 14:39:37.987 I/tvos    ( 1764): [37m[INFO] Change to Voltage: 1130 mV (0x25)[m
08-16 14:39:37.987 I/tvos    ( 1764): [37m[INFO] Change to Voltage: 1130 mV (0x28)[m
08-16 14:39:37.987 I/tvos    ( 1764): [37m[INFO] Change to Voltage: 1130 mV (0x2B)[m
08-16 14:39:37.987 I/tvos    ( 1764): [37m[INFO] Change to Voltage: 1130 mV (0x2C)[m
08-16 14:39:38.000 I/LetvManager-LogReport( 1780): [send_msg] line: 490 report url = http://log.hdtv.cp21.ott.cibntv.net:80/api/log/tvAction
08-16 14:39:38.017 E/BufferQueueProducer( 1749): [] connect(P): already connected (cur=1 req=1)
08-16 14:39:38.038 E/BufferQueueProducer( 1749): [] connect(P): already connected (cur=1 req=1)
08-16 14:39:38.056 E/BufferQueueProducer( 1749): [] connect(P): already connected (cur=1 req=1)
08-16 14:39:38.076 E/BufferQueueProducer( 1749): [] connect(P): already connected (cur=1 req=1)
08-16 14:39:38.086 I/tvos    ( 1764): [37m[INFO] Change to Voltage: 1000 mV (0x2C)[m
08-16 14:39:38.086 I/tvos    ( 1764): [37m[INFO] Change to Voltage: 1000 mV (0x29)[m
08-16 14:39:38.086 I/tvos    ( 1764): [37m[INFO] Change to Voltage: 1000 mV (0x26)[m
08-16 14:39:38.087 I/tvos    ( 1764): [37m[INFO] Change to Voltage: 1000 mV (0x23)[m
08-16 14:39:38.088 I/tvos    ( 1764): [37m[INFO] Change to Voltage: 1000 mV (0x20)[m
08-16 14:39:38.092 I/tvos    ( 1764): [37m[INFO] Change to Voltage: 1000 mV (0x1F)[m
08-16 14:39:38.229 I/tvos    ( 1764): GetAudioOutputDevice, retval : 1
08-16 14:39:38.266 W/InputDispatcher( 2207): findTouchedWindow finished: injectionResult=0, injectionPermission=1, timeSpentWaitingForApplication=0.0ms
08-16 14:39:38.269 W/InputDispatcher( 2207): findTouchedWindow finished: injectionResult=0, injectionPermission=1, timeSpentWaitingForApplication=0.0ms
08-16 14:39:38.269 I/SoundPool( 2207): enter : func play
08-16 14:39:38.273 I/APM::AudioPolicyEngine( 1758): getDeviceForStrategy, 359
08-16 14:39:38.282 I/audio_hw_primary( 1758): version:a00004 adev_create_audio_patch::mix->device 
08-16 14:39:38.283 I/audio_hw_primary( 1758): adev_create_audio_patch *handle=-1420227928 num_audio_patch=3
08-16 14:39:38.286 E/AudioManagerService( 1803): setAudioVolume(callingPid 1758, clientPid 1758, enSoundPath 0, volumn:0 )
08-16 14:39:38.287 I/AudioUtil( 1758): setParameters spk_volume=0
08-16 14:39:38.287 I/audio_hw_primary( 1758): adev_set_parameters: spk_volume=0
08-16 14:39:38.287 I/tvos    ( 1764): SetVolume, subWooExist 0!
08-16 14:39:38.287 I/tvos    ( 1764): mapi_audio_customer::SetAbsoluteVolume: project name is X440M
08-16 14:39:38.287 I/tvos    ( 1764): SetAbsoluteVolume: uPercent : 0, path=52(speaker), VolumeInt=7f, VolumeFra=0
08-16 14:39:38.287 I/tvos    ( 1764): SetAbsoluteVolume: uPercent(currVol) : 0, realPath=52(default), VolumeInt=7f, VolumeFra=0
08-16 14:39:38.287 I/tvos    ( 1764): mapi_audio_customer::SetAbsoluteVolume: project name is X440M
08-16 14:39:38.287 I/tvos    ( 1764): SetAbsoluteVolume: uPercent : 0, path=49(HP), VolumeInt=7f, VolumeFra=0
08-16 14:39:38.287 I/tvos    ( 1764): SetAbsoluteVolume: uPercent(currVol) : 0, realPath=49(default), VolumeInt=7f, VolumeFra=0
08-16 14:39:38.287 I/tvos    ( 1764): mapi_audio_customer::SetAbsoluteVolume: project name is X440M
08-16 14:39:38.287 I/tvos    ( 1764): SetAbsoluteVolume, m_bBTDetect is false! 
08-16 14:39:38.287 I/tvos    ( 1764): mapi_audio_customer::SetAbsoluteVolume: project name is X440M
08-16 14:39:38.287 I/tvos    ( 1764): SetAbsoluteVolume: uPercent : 0, path=255(speaker), VolumeInt=7f, VolumeFra=0
08-16 14:39:38.287 I/tvos    ( 1764): SetAbsoluteVolume: uPercent(currVol) : 0, realPath=255(default), VolumeInt=7f, VolumeFra=0
08-16 14:39:38.287 I/tvos    ( 1764): [SetMuteStatus] call SetSoundMuteStatus, line : 10369, muteType: 4, onOff : 0 
08-16 14:39:38.287 I/tvos    ( 1764): [audioBSP] #1 m_internalMute : 0 ..
08-16 14:39:38.287 I/tvos    ( 1764): #1|->SDK_bPermanentAudioMute:0<-|->SDK_bMomentAudioMute:0 <-|->SDK_bBySyncAudioMute:0<-|->SDK_bByBlockAudioMute:0<-|->SDK_bByVChipAudioMute:0<-|
08-16 14:39:38.287 I/tvos    ( 1764): #1|->SDK_bInternal1AudioMute:0<-|->SDK_bInternal2AudioMute:0<-|->SDK_bInternal3AudioMute:0<-|->SDK_bInternal4AudioMute:0<-|
08-16 14:39:38.287 I/tvos    ( 1764): #1|->SDK_bByScanInOutchgCHchg:0<-|->SDK_bByDuringLimitedTimeAudioMute:0<-|->SDK_bSourceSwitchAudioMute:0<-|
08-16 14:39:38.287 I/tvos    ( 1764): #1|->SDK_bMHEGApMute:0<-|->SDK_bAllAudioMuteCtrl:0<-|->SDK_bPowerOnMute:0<-|->SDK_bNullSourceMute0<-|->SDK_bSetInputSourceAudioMute:0<-|
08-16 14:39:38.287 I/tvos    ( 1764): [audioBSP] #2 m_spkrMute : 1 ..|->SDK_bUsrSpkrAudioMute:1<-|->SDK_bPowerOnMute:0<-|->SDK_bByUserAudioMute:0<-|
08-16 14:39:38.287 I/tvos    ( 1764): [audioBSP] #3 m_PcmCapture2Mute:0 |->SDK_bByUserPcmCapture2Mute:0<-|->SDK_SUB_bByUserAudioMute:0<-|->SDK_bByUserAudioMute:0<-|
08-16 14:39:38.287 I/tvos    ( 1764): [audioBSP] #5 m_hpMute : 1 ..|->SDK_bUsrHpAudioMute:1<-|->SDK_bPowerOnMute:0<-|->SDK_bByUserAudioMute:0<-|
08-16 14:39:38.287 I/tvos    ( 1764): [audioBSP] #12 m_spdifMute : 0 ..
08-16 14:39:38.287 I/tvos    ( 1764): #12|->SDK_bPermanentAudioMute:0<-|->SDK_bMomentAudioMute:0<-|->SDK_bByBlockAudioMute:0<-|
08-16 14:39:38.287 I/tvos    ( 1764): #12|->SDK_bByVChipAudioMute:0<-|->SDK_bInternal1AudioMute:0<-|->SDK_bInternal4AudioMute:0<-|
08-16 14:39:38.287 I/tvos    ( 1764): #12|->SDK_bByDuringLimitedTimeAudioMute:0<-|->SDK_bSourceSwitchAudioMute:0<-|->SDK_bMHEGApMute:0<-|
08-16 14:39:38.287 I/tvos    ( 1764): #12|->SDK_bPowerOnMute:0<-|->SDK_bUsrSpdifAudioMute:0<-|->SDK_bNullSourceMute:0<-|->SDK_bByAppMute:0<-|
08-16 14:39:38.287 I/tvos    ( 1764): Mute ,mute Status repetition!
08-16 14:39:38.287 I/tvos    ( 1764): SetSoundMuteStatus : m_hpMute : 1, m_spdifMute : 0, m_DataInMute : 0, m_channel7Mute : 0, m_internalMute : 0, m_spkrMute : 1, m_PcmCapture1Mute : 0, m_PcmCapture2Mute : 0 
08-16 14:39:38.289 I/tvos    ( 1764): GetAudioOutputDevice, retval : 1
08-16 14:39:38.289 I/tvos    ( 1764): [SetMuteStatus] call SetSoundMuteStatus, line : 10369, muteType: 67108864, onOff : 1 
08-16 14:39:38.289 I/tvos    ( 1764): _TransMSrvMuteTypeToSDKMuteType: Err! muteType(67108864) is out of Range
08-16 14:39:38.289 I/tvos    ( 1764): [SetMuteStatus] call SetSoundMuteStatus, line : 10369, muteType: 4, onOff : 1 
08-16 14:39:38.289 I/tvos    ( 1764): [audioBSP] #1 m_internalMute : 0 ..
08-16 14:39:38.289 I/tvos    ( 1764): #1|->SDK_bPermanentAudioMute:0<-|->SDK_bMomentAudioMute:0 <-|->SDK_bBySyncAudioMute:0<-|->SDK_bByBlockAudioMute:0<-|->SDK_bByVChipAudioMute:0<-|
08-16 14:39:38.289 I/tvos    ( 1764): #1|->SDK_bInternal1AudioMute:0<-|->SDK_bInternal2AudioMute:0<-|->SDK_bInternal3AudioMute:0<-|->SDK_bInternal4AudioMute:0<-|
08-16 14:39:38.289 I/tvos    ( 1764): #1|->SDK_bByScanInOutchgCHchg:0<-|->SDK_bByDuringLimitedTimeAudioMute:0<-|->SDK_bSourceSwitchAudioMute:0<-|
08-16 14:39:38.289 I/tvos    ( 1764): #1|->SDK_bMHEGApMute:0<-|->SDK_bAllAudioMuteCtrl:0<-|->SDK_bPowerOnMute:0<-|->SDK_bNullSourceMute0<-|->SDK_bSetInputSourceAudioMute:0<-|
08-16 14:39:38.289 I/tvos    ( 1764): [audioBSP] #2 m_spkrMute : 1 ..|->SDK_bUsrSpkrAudioMute:1<-|->SDK_bPowerOnMute:0<-|->SDK_bByUserAudioMute:1<-|
08-16 14:39:38.289 I/tvos    ( 1764): [audioBSP] #3 m_PcmCapture2Mute:1 |->SDK_bByUserPcmCapture2Mute:0<-|->SDK_SUB_bByUserAudioMute:0<-|->SDK_bByUserAudioMute:1<-|
08-16 14:39:38.289 I/tvos    ( 1764): [audioBSP] #5 m_hpMute : 1 ..|->SDK_bUsrHpAudioMute:1<-|->SDK_bPowerOnMute:0<-|->SDK_bByUserAudioMute:1<-|
08-16 14:39:38.289 I/tvos    ( 1764): [audioBSP] #12 m_spdifMute : 0 ..
08-16 14:39:38.289 I/tvos    ( 1764): #12|->SDK_bPermanentAudioMute:0<-|->SDK_bMomentAudioMute:0<-|->SDK_bByBlockAudioMute:0<-|
08-16 14:39:38.289 I/tvos    ( 1764): #12|->SDK_bByVChipAudioMute:0<-|->SDK_bInternal1AudioMute:0<-|->SDK_bInternal4AudioMute:0<-|
08-16 14:39:38.289 I/tvos    ( 1764): #12|->SDK_bByDuringLimitedTimeAudioMute:0<-|->SDK_bSourceSwitchAudioMute:0<-|->SDK_bMHEGApMute:0<-|
08-16 14:39:38.289 I/tvos    ( 1764): #12|->SDK_bPowerOnMute:0<-|->SDK_bUsrSpdifAudioMute:0<-|->SDK_bNullSourceMute:0<-|->SDK_bByAppMute:0<-|
08-16 14:39:38.289 I/tvos    ( 1764): Mute ,mute Status repetition!
08-16 14:39:38.289 I/tvos    ( 1764): SetSoundMuteStatus : m_hpMute : 1, m_spdifMute : 0, m_DataInMute : 0, m_channel7Mute : 0, m_internalMute : 0, m_spkrMute : 1, m_PcmCapture1Mute : 0, m_PcmCapture2Mute : 1 
08-16 14:39:38.301 W/InputDispatcher( 2207): findTouchedWindow finished: injectionResult=0, injectionPermission=1, timeSpentWaitingForApplication=0.0ms
08-16 14:39:38.303 W/InputDispatcher( 2207): findTouchedWindow finished: injectionResult=0, injectionPermission=1, timeSpentWaitingForApplication=0.0ms
08-16 14:39:38.303 I/SoundPool( 2207): enter : func play
08-16 14:39:38.479 I/tvos    ( 1764): GetAudioOutputDevice, retval : 1
08-16 14:39:38.523 I/System.out( 2822): From style:
08-16 14:39:38.523 I/System.out( 2822): Attrs: 3010001=0.6 3010002=#0 3010003=null 3010004=true
08-16 14:39:38.527 W/ContextImpl( 2822): Calling a method in the system process without a qualified user: android.app.ContextImpl.startService:1224 android.content.ContextWrapper.startService:581 com.stv.settingadapter.EqManager.updateBinder:869 com.stv.settingadapter.EqManager.getInstance:176 com.stv.globalsetting.dialog.SoundOutputDialog.<init>:34 
08-16 14:39:38.589 W/InputDispatcher( 2207): Focus left window: Window{84936a9 u0 com.stv.globalsetting}
08-16 14:39:38.589 W/InputDispatcher( 2207): Focus entered window: Window{65f07f4 u0 com.stv.globalsetting}
08-16 14:39:38.592 I/GlobalSettings( 2822): BaseMultiLayerDialogHelper -- setDisMissTime on start
08-16 14:39:38.592 I/GlobalSettings( 2822): ReportEuiLog_U -- ReportEuiLog action is: tvaction and reportmsg is: action=speakerClick
08-16 14:39:38.594 I/GlobalSettings( 2822): SoundDialog -- open_speaker_value is: true
08-16 14:39:38.606 I/LetvManager-LogReport( 1780): [send_msg] line: 490 report url = http://log.hdtv.cp21.ott.cibntv.net:80/api/log/tvAction
08-16 14:39:38.614 E/BufferQueueProducer( 1749): [] connect(P): already connected (cur=1 req=1)
08-16 14:39:38.697 E/BufferQueueProducer( 1749): [] connect(P): already connected (cur=1 req=1)
08-16 14:39:38.716 E/BufferQueueProducer( 1749): [] connect(P): already connected (cur=1 req=1)
08-16 14:39:38.730 I/tvos    ( 1764): GetAudioOutputDevice, retval : 1
08-16 14:39:38.737 E/BufferQueueProducer( 1749): [] connect(P): already connected (cur=1 req=1)
08-16 14:39:38.757 E/BufferQueueProducer( 1749): [] connect(P): already connected (cur=1 req=1)
08-16 14:39:38.777 E/BufferQueueProducer( 1749): [] connect(P): already connected (cur=1 req=1)
08-16 14:39:38.796 E/BufferQueueProducer( 1749): [] connect(P): already connected (cur=1 req=1)
08-16 14:39:38.816 E/BufferQueueProducer( 1749): [] connect(P): already connected (cur=1 req=1)
08-16 14:39:38.837 E/BufferQueueProducer( 1749): [] connect(P): already connected (cur=1 req=1)
08-16 14:39:38.858 E/BufferQueueProducer( 1749): [] connect(P): already connected (cur=1 req=1)
08-16 14:39:38.879 E/BufferQueueProducer( 1749): [] connect(P): already connected (cur=1 req=1)
08-16 14:39:38.897 E/BufferQueueProducer( 1749): [] connect(P): already connected (cur=1 req=1)
08-16 14:39:38.905 I/APM::AudioPolicyEngine( 1758): getDeviceForStrategy, 359
08-16 14:39:38.916 E/BufferQueueProducer( 1749): [] connect(P): already connected (cur=1 req=1)
08-16 14:39:38.936 E/BufferQueueProducer( 1749): [] connect(P): already connected (cur=1 req=1)
08-16 14:39:38.957 E/BufferQueueProducer( 1749): [] connect(P): already connected (cur=1 req=1)
08-16 14:39:38.978 E/BufferQueueProducer( 1749): [] connect(P): already connected (cur=1 req=1)
08-16 14:39:38.980 I/tvos    ( 1764): GetAudioOutputDevice, retval : 1
08-16 14:39:38.997 E/BufferQueueProducer( 1749): [] connect(P): already connected (cur=1 req=1)
08-16 14:39:39.231 I/tvos    ( 1764): GetAudioOutputDevice, retval : 1
08-16 14:39:39.348 W/InputDispatcher( 2207): findTouchedWindow finished: injectionResult=0, injectionPermission=1, timeSpentWaitingForApplication=0.0ms
08-16 14:39:39.350 W/InputDispatcher( 2207): findTouchedWindow finished: injectionResult=0, injectionPermission=1, timeSpentWaitingForApplication=0.0ms
08-16 14:39:39.353 I/SoundPool( 2207): enter : func play
08-16 14:39:39.358 I/APM::AudioPolicyEngine( 1758): getDeviceForStrategy, 359
08-16 14:39:39.364 W/InputDispatcher( 2207): findTouchedWindow finished: injectionResult=0, injectionPermission=1, timeSpentWaitingForApplication=0.0ms
08-16 14:39:39.366 W/InputDispatcher( 2207): findTouchedWindow finished: injectionResult=0, injectionPermission=1, timeSpentWaitingForApplication=0.0ms
08-16 14:39:39.367 I/audio_hw_primary( 1758): version:a00004 adev_create_audio_patch::mix->device 
08-16 14:39:39.367 I/audio_hw_primary( 1758): adev_create_audio_patch *handle=-1420227928 num_audio_patch=3
08-16 14:39:39.374 E/AudioManagerService( 1803): setAudioVolume(callingPid 1758, clientPid 1758, enSoundPath 0, volumn:0 )
08-16 14:39:39.376 I/tvos    ( 1764): SetVolume, subWooExist 0!
08-16 14:39:39.376 I/tvos    ( 1764): mapi_audio_customer::SetAbsoluteVolume: project name is X440M
08-16 14:39:39.376 I/tvos    ( 1764): SetAbsoluteVolume: uPercent : 0, path=52(speaker), VolumeInt=7f, VolumeFra=0
08-16 14:39:39.376 I/tvos    ( 1764): SetAbsoluteVolume: uPercent(currVol) : 0, realPath=52(default), VolumeInt=7f, VolumeFra=0
08-16 14:39:39.376 I/tvos    ( 1764): mapi_audio_customer::SetAbsoluteVolume: project name is X440M
08-16 14:39:39.376 I/tvos    ( 1764): SetAbsoluteVolume: uPercent : 0, path=49(HP), VolumeInt=7f, VolumeFra=0
08-16 14:39:39.376 I/tvos    ( 1764): SetAbsoluteVolume: uPercent(currVol) : 0, realPath=49(default), VolumeInt=7f, VolumeFra=0
08-16 14:39:39.376 I/tvos    ( 1764): mapi_audio_customer::SetAbsoluteVolume: project name is X440M
08-16 14:39:39.376 I/tvos    ( 1764): SetAbsoluteVolume, m_bBTDetect is false! 
08-16 14:39:39.376 I/tvos    ( 1764): mapi_audio_customer::SetAbsoluteVolume: project name is X440M
08-16 14:39:39.376 I/tvos    ( 1764): SetAbsoluteVolume: uPercent : 0, path=255(speaker), VolumeInt=7f, VolumeFra=0
08-16 14:39:39.376 I/tvos    ( 1764): SetAbsoluteVolume: uPercent(currVol) : 0, realPath=255(default), VolumeInt=7f, VolumeFra=0
08-16 14:39:39.376 I/tvos    ( 1764): [SetMuteStatus] call SetSoundMuteStatus, line : 10369, muteType: 4, onOff : 0 
08-16 14:39:39.376 I/tvos    ( 1764): [audioBSP] #1 m_internalMute : 0 ..
08-16 14:39:39.376 I/tvos    ( 1764): #1|->SDK_bPermanentAudioMute:0<-|->SDK_bMomentAudioMute:0 <-|->SDK_bBySyncAudioMute:0<-|->SDK_bByBlockAudioMute:0<-|->SDK_bByVChipAudioMute:0<-|
08-16 14:39:39.376 I/tvos    ( 1764): #1|->SDK_bInternal1AudioMute:0<-|->SDK_bInternal2AudioMute:0<-|->SDK_bInternal3AudioMute:0<-|->SDK_bInternal4AudioMute:0<-|
08-16 14:39:39.376 I/tvos    ( 1764): #1|->SDK_bByScanInOutchgCHchg:0<-|->SDK_bByDuringLimitedTimeAudioMute:0<-|->SDK_bSourceSwitchAudioMute:0<-|
08-16 14:39:39.376 I/tvos    ( 1764): #1|->SDK_bMHEGApMute:0<-|->SDK_bAllAudioMuteCtrl:0<-|->SDK_bPowerOnMute:0<-|->SDK_bNullSourceMute0<-|->SDK_bSetInputSourceAudioMute:0<-|
08-16 14:39:39.376 I/tvos    ( 1764): [audioBSP] #2 m_spkrMute : 1 ..|->SDK_bUsrSpkrAudioMute:1<-|->SDK_bPowerOnMute:0<-|->SDK_bByUserAudioMute:0<-|
08-16 14:39:39.376 I/tvos    ( 1764): [audioBSP] #3 m_PcmCapture2Mute:0 |->SDK_bByUserPcmCapture2Mute:0<-|->SDK_SUB_bByUserAudioMute:0<-|->SDK_bByUserAudioMute:0<-|
08-16 14:39:39.376 I/tvos    ( 1764): [audioBSP] #5 m_hpMute : 1 ..|->SDK_bUsrHpAudioMute:1<-|->SDK_bPowerOnMute:0<-|->SDK_bByUserAudioMute:0<-|
08-16 14:39:39.376 I/tvos    ( 1764): [audioBSP] #12 m_spdifMute : 0 ..
08-16 14:39:39.376 I/tvos    ( 1764): #12|->SDK_bPermanentAudioMute:0<-|->SDK_bMomentAudioMute:0<-|->SDK_bByBlockAudioMute:0<-|
08-16 14:39:39.376 I/tvos    ( 1764): #12|->SDK_bByVChipAudioMute:0<-|->SDK_bInternal1AudioMute:0<-|->SDK_bInternal4AudioMute:0<-|
08-16 14:39:39.376 I/tvos    ( 1764): #12|->SDK_bByDuringLimitedTimeAudioMute:0<-|->SDK_bSourceSwitchAudioMute:0<-|->SDK_bMHEGApMute:0<-|
08-16 14:39:39.376 I/tvos    ( 1764): #12|->SDK_bPowerOnMute:0<-|->SDK_bUsrSpdifAudioMute:0<-|->SDK_bNullSourceMute:0<-|->SDK_bByAppMute:0<-|
08-16 14:39:39.376 I/tvos    ( 1764): Mute ,mute Status repetition!
08-16 14:39:39.376 I/tvos    ( 1764): SetSoundMuteStatus : m_hpMute : 1, m_spdifMute : 0, m_DataInMute : 0, m_channel7Mute : 0, m_internalMute : 0, m_spkrMute : 1, m_PcmCapture1Mute : 0, m_PcmCapture2Mute : 0 
08-16 14:39:39.378 I/AudioUtil( 1758): setParameters spk_volume=0
08-16 14:39:39.378 I/audio_hw_primary( 1758): adev_set_parameters: spk_volume=0
08-16 14:39:39.379 I/tvos    ( 1764): GetAudioOutputDevice, retval : 1
08-16 14:39:39.380 I/tvos    ( 1764): [SetMuteStatus] call SetSoundMuteStatus, line : 10369, muteType: 67108864, onOff : 1 
08-16 14:39:39.380 I/tvos    ( 1764): _TransMSrvMuteTypeToSDKMuteType: Err! muteType(67108864) is out of Range
08-16 14:39:39.382 I/SoundPool( 2207): enter : func play
08-16 14:39:39.382 I/tvos    ( 1764): [SetMuteStatus] call SetSoundMuteStatus, line : 10369, muteType: 4, onOff : 1 
08-16 14:39:39.382 I/tvos    ( 1764): [audioBSP] #1 m_internalMute : 0 ..
08-16 14:39:39.382 I/tvos    ( 1764): #1|->SDK_bPermanentAudioMute:0<-|->SDK_bMomentAudioMute:0 <-|->SDK_bBySyncAudioMute:0<-|->SDK_bByBlockAudioMute:0<-|->SDK_bByVChipAudioMute:0<-|
08-16 14:39:39.382 I/tvos    ( 1764): #1|->SDK_bInternal1AudioMute:0<-|->SDK_bInternal2AudioMute:0<-|->SDK_bInternal3AudioMute:0<-|->SDK_bInternal4AudioMute:0<-|
08-16 14:39:39.382 I/tvos    ( 1764): #1|->SDK_bByScanInOutchgCHchg:0<-|->SDK_bByDuringLimitedTimeAudioMute:0<-|->SDK_bSourceSwitchAudioMute:0<-|
08-16 14:39:39.382 I/tvos    ( 1764): #1|->SDK_bMHEGApMute:0<-|->SDK_bAllAudioMuteCtrl:0<-|->SDK_bPowerOnMute:0<-|->SDK_bNullSourceMute0<-|->SDK_bSetInputSourceAudioMute:0<-|
08-16 14:39:39.382 I/tvos    ( 1764): [audioBSP] #2 m_spkrMute : 1 ..|->SDK_bUsrSpkrAudioMute:1<-|->SDK_bPowerOnMute:0<-|->SDK_bByUserAudioMute:1<-|
08-16 14:39:39.382 I/tvos    ( 1764): [audioBSP] #3 m_PcmCapture2Mute:1 |->SDK_bByUserPcmCapture2Mute:0<-|->SDK_SUB_bByUserAudioMute:0<-|->SDK_bByUserAudioMute:1<-|
08-16 14:39:39.382 I/tvos    ( 1764): [audioBSP] #5 m_hpMute : 1 ..|->SDK_bUsrHpAudioMute:1<-|->SDK_bPowerOnMute:0<-|->SDK_bByUserAudioMute:1<-|
08-16 14:39:39.382 I/tvos    ( 1764): [audioBSP] #12 m_spdifMute : 0 ..
08-16 14:39:39.382 I/tvos    ( 1764): #12|->SDK_bPermanentAudioMute:0<-|->SDK_bMomentAudioMute:0<-|->SDK_bByBlockAudioMute:0<-|
08-16 14:39:39.382 I/tvos    ( 1764): #12|->SDK_bByVChipAudioMute:0<-|->SDK_bInternal1AudioMute:0<-|->SDK_bInternal4AudioMute:0<-|
08-16 14:39:39.382 I/tvos    ( 1764): #12|->SDK_bByDuringLimitedTimeAudioMute:0<-|->SDK_bSourceSwitchAudioMute:0<-|->SDK_bMHEGApMute:0<-|
08-16 14:39:39.382 I/tvos    ( 1764): #12|->SDK_bPowerOnMute:0<-|->SDK_bUsrSpdifAudioMute:0<-|->SDK_bNullSourceMute:0<-|->SDK_bByAppMute:0<-|
08-16 14:39:39.382 I/tvos    ( 1764): Mute ,mute Status repetition!
08-16 14:39:39.382 I/tvos    ( 1764): SetSoundMuteStatus : m_hpMute : 1, m_spdifMute : 0, m_DataInMute : 0, m_channel7Mute : 0, m_internalMute : 0, m_spkrMute : 1, m_PcmCapture1Mute : 0, m_PcmCapture2Mute : 1 
08-16 14:39:39.482 I/tvos    ( 1764): GetAudioOutputDevice, retval : 1
08-16 14:39:39.633 I/AudioManager_JNI( 2881): native_setAudioOutputDevice
08-16 14:39:39.638 I/tvos    ( 1764): SetAudioOutputDevice, device : 2, mode:0
08-16 14:39:39.638 I/tvos    ( 1764): [SetAudioOutputDevice]sora m_AudioPreOutDevice == MSAPI_AUD_OUTPUT_SPDIF_, SET MUTE_Flag = 0
08-16 14:39:39.665 I/tvos    ( 1764): @@@MSrv_System_Database::GetAudioSettingSPDIF_SetMode, spdif_mode=0 
08-16 14:39:39.665 I/tvos    ( 1764): [1;40;32m[sora]line11063: u8SubCmd:5,m_AudioPreSoundMode:0,m_AudioPreOutDevice:2[0m
08-16 14:39:39.666 I/tvos    ( 1764): Mute ,mute Status repetition!
08-16 14:39:39.677 I/WifiStateMachine( 2207):  DisconnectedState !SCAN_RESULTS_EVENT  rt=512446110/512446110 0 0 found=177 known=0 got=177 bcn=0 con=0
08-16 14:39:39.677 I/WifiStateMachine( 2207):  ConnectModeState !SCAN_RESULTS_EVENT  rt=512446110/512446110 0 0 found=177 known=0 got=177 bcn=0 con=0
08-16 14:39:39.677 I/WifiStateMachine( 2207):  DriverStartedState !SCAN_RESULTS_EVENT  rt=512446110/512446111 0 0 found=177 known=0 got=177 bcn=0 con=0
08-16 14:39:39.678 I/WifiStateMachine( 2207):  SupplicantStartedState !SCAN_RESULTS_EVENT  rt=512446111/512446111 0 0 found=177 known=0 got=177 bcn=0 con=0
08-16 14:39:39.716 I/tvos    ( 1764): [LETV_OUT]::sound mode is 5, close wall sound mode
08-16 14:39:39.716 I/tvos    ( 1764): [Dolby][SetDolbyDapMode]eMode:5, m_DolbyDAPMode = 5 for zhengyang!
08-16 14:39:39.716 I/tvos    ( 1764): [SetDolbyDapMode] model:X440M
08-16 14:39:39.716 I/tvos    ( 1764):  it's x440N dolbyeffect 
08-16 14:39:39.716 I/tvos    ( 1764): [SetDolbyDapMode]:sora[16640] m_AudioPreOutDevice:2, DOLBY_DAP_EN_:0  
08-16 14:39:39.732 I/tvos    ( 1764): GetAudioOutputDevice, retval : 1
08-16 14:39:39.749 I/WifiStateMachine( 2207): setscanresults newsupplicantresult
08-16 14:39:39.768 I/tvos    ( 1764): ---Amplifier_ALC1310_LR_SWMute(0)
08-16 14:39:39.768 I/tvos    ( 1764): ALC1310 unmute good, addr: 0x13 readbackvalue: 4 
08-16 14:39:39.773 I/tvos    ( 1764): [SetAudioEffectEnable] set audio effect mode to off success!
08-16 14:39:39.773 I/tvos    ( 1764): mapi_audio_customer::audioOutPolicy: project name is X440M
08-16 14:39:39.773 I/tvos    ( 1764): [audioOutPolicy] 938F cost down X44xM project!
08-16 14:39:39.773 I/tvos    ( 1764): [audioOutPolicy] device:2, OnOff : 1, lastAudioOutDevice : 1, m_lastAudioDevBeforeBT :0, m_bBTConnectState : 0 
08-16 14:39:39.773 I/tvos    ( 1764): [audioOutPolicy] disable SPDIF! 
08-16 14:39:39.773 I/tvos    ( 1764): [audioBSP] #1 m_internalMute : 0 ..
08-16 14:39:39.773 I/tvos    ( 1764): #1|->SDK_bPermanentAudioMute:0<-|->SDK_bMomentAudioMute:0 <-|->SDK_bBySyncAudioMute:0<-|->SDK_bByBlockAudioMute:0<-|->SDK_bByVChipAudioMute:0<-|
08-16 14:39:39.773 I/tvos    ( 1764): #1|->SDK_bInternal1AudioMute:0<-|->SDK_bInternal2AudioMute:0<-|->SDK_bInternal3AudioMute:0<-|->SDK_bInternal4AudioMute:0<-|
08-16 14:39:39.773 I/tvos    ( 1764): #1|->SDK_bByScanInOutchgCHchg:0<-|->SDK_bByDuringLimitedTimeAudioMute:0<-|->SDK_bSourceSwitchAudioMute:0<-|
08-16 14:39:39.773 I/tvos    ( 1764): #1|->SDK_bMHEGApMute:0<-|->SDK_bAllAudioMuteCtrl:0<-|->SDK_bPowerOnMute:0<-|->SDK_bNullSourceMute0<-|->SDK_bSetInputSourceAudioMute:0<-|
08-16 14:39:39.773 I/tvos    ( 1764): [audioBSP] #2 m_spkrMute : 1 ..|->SDK_bUsrSpkrAudioMute:1<-|->SDK_bPowerOnMute:0<-|->SDK_bByUserAudioMute:1<-|
08-16 14:39:39.773 I/tvos    ( 1764): [audioBSP] #3 m_PcmCapture2Mute:1 |->SDK_bByUserPcmCapture2Mute:0<-|->SDK_SUB_bByUserAudioMute:0<-|->SDK_bByUserAudioMute:1<-|
08-16 14:39:39.773 I/tvos    ( 1764): [audioBSP] #5 m_hpMute : 1 ..|->SDK_bUsrHpAudioMute:1<-|->SDK_bPowerOnMute:0<-|->SDK_bByUserAudioMute:1<-|
08-16 14:39:39.773 I/tvos    ( 1764): [audioBSP] #12 m_spdifMute : 1 ..
08-16 14:39:39.773 I/tvos    ( 1764): #12|->SDK_bPermanentAudioMute:0<-|->SDK_bMomentAudioMute:0<-|->SDK_bByBlockAudioMute:0<-|
08-16 14:39:39.773 I/tvos    ( 1764): #12|->SDK_bByVChipAudioMute:0<-|->SDK_bInternal1AudioMute:0<-|->SDK_bInternal4AudioMute:0<-|
08-16 14:39:39.773 I/tvos    ( 1764): #12|->SDK_bByDuringLimitedTimeAudioMute:0<-|->SDK_bSourceSwitchAudioMute:0<-|->SDK_bMHEGApMute:0<-|
08-16 14:39:39.773 I/tvos    ( 1764): #12|->SDK_bPowerOnMute:0<-|->SDK_bUsrSpdifAudioMute:1<-|->SDK_bNullSourceMute:0<-|->SDK_bByAppMute:0<-|
08-16 14:39:39.773 I/tvos    ( 1764): ---Amplifier_ALC1310_LR_SWMute(1)
08-16 14:39:39.773 I/tvos    ( 1764): ALC1310 mute write good, addr: 0x13, readback data : 49164, write cmd times : 1
08-16 14:39:39.775 I/tvos    ( 1764): SetSoundMuteStatus : m_hpMute : 1, m_spdifMute : 1, m_DataInMute : 0, m_channel7Mute : 0, m_internalMute : 0, m_spkrMute : 1, m_PcmCapture1Mute : 0, m_PcmCapture2Mute : 1 
08-16 14:39:39.775 I/tvos    ( 1764): [audioBSP] #1 m_internalMute : 0 ..
08-16 14:39:39.775 I/tvos    ( 1764): #1|->SDK_bPermanentAudioMute:0<-|->SDK_bMomentAudioMute:0 <-|->SDK_bBySyncAudioMute:0<-|->SDK_bByBlockAudioMute:0<-|->SDK_bByVChipAudioMute:0<-|
08-16 14:39:39.775 I/tvos    ( 1764): #1|->SDK_bInternal1AudioMute:0<-|->SDK_bInternal2AudioMute:0<-|->SDK_bInternal3AudioMute:0<-|->SDK_bInternal4AudioMute:0<-|
08-16 14:39:39.775 I/tvos    ( 1764): #1|->SDK_bByScanInOutchgCHchg:0<-|->SDK_bByDuringLimitedTimeAudioMute:0<-|->SDK_bSourceSwitchAudioMute:0<-|
08-16 14:39:39.775 I/tvos    ( 1764): #1|->SDK_bMHEGApMute:0<-|->SDK_bAllAudioMuteCtrl:0<-|->SDK_bPowerOnMute:0<-|->SDK_bNullSourceMute0<-|->SDK_bSetInputSourceAudioMute:0<-|
08-16 14:39:39.775 I/tvos    ( 1764): [audioBSP] #2 m_spkrMute : 1 ..|->SDK_bUsrSpkrAudioMute:1<-|->SDK_bPowerOnMute:0<-|->SDK_bByUserAudioMute:1<-|
08-16 14:39:39.775 I/tvos    ( 1764): [audioBSP] #3 m_PcmCapture2Mute:1 |->SDK_bByUserPcmCapture2Mute:0<-|->SDK_SUB_bByUserAudioMute:0<-|->SDK_bByUserAudioMute:1<-|
08-16 14:39:39.775 I/tvos    ( 1764): [audioBSP] #5 m_hpMute : 1 ..|->SDK_bUsrHpAudioMute:0<-|->SDK_bPowerOnMute:0<-|->SDK_bByUserAudioMute:1<-|
08-16 14:39:39.775 I/tvos    ( 1764): [audioBSP] #12 m_spdifMute : 1 ..
08-16 14:39:39.775 I/tvos    ( 1764): #12|->SDK_bPermanentAudioMute:0<-|->SDK_bMomentAudioMute:0<-|->SDK_bByBlockAudioMute:0<-|
08-16 14:39:39.775 I/tvos    ( 1764): #12|->SDK_bByVChipAudioMute:0<-|->SDK_bInternal1AudioMute:0<-|->SDK_bInternal4AudioMute:0<-|
08-16 14:39:39.776 I/tvos    ( 1764): #12|->SDK_bByDuringLimitedTimeAudioMute:0<-|->SDK_bSourceSwitchAudioMute:0<-|->SDK_bMHEGApMute:0<-|
08-16 14:39:39.776 I/tvos    ( 1764): #12|->SDK_bPowerOnMute:0<-|->SDK_bUsrSpdifAudioMute:1<-|->SDK_bNullSourceMute:0<-|->SDK_bByAppMute:0<-|
08-16 14:39:39.776 I/tvos    ( 1764): Mute ,mute Status repetition!
08-16 14:39:39.776 I/tvos    ( 1764): SetSoundMuteStatus : m_hpMute : 1, m_spdifMute : 1, m_DataInMute : 0, m_channel7Mute : 0, m_internalMute : 0, m_spkrMute : 1, m_PcmCapture1Mute : 0, m_PcmCapture2Mute : 1 
08-16 14:39:39.776 I/tvos    ( 1764): [audioOutPolicy] device: MSAPI_AUD_OUTPUT_HEADPHONE_ 
08-16 14:39:39.777 I/tvos    ( 1764): GetAudioOutputDevice, retval : 2
08-16 14:39:39.788 I/DatabaseManager_JNI(22042): setDatabaseDirtyByApplication
08-16 14:39:39.789 E/DataBaseDeskImpl( 4876): ===========>>>> now change Index = 25
08-16 14:39:39.973 I/APM::AudioPolicyEngine( 1758): getDeviceForStrategy, 359
08-16 14:39:39.983 I/tvos    ( 1764): @@@MSrv_System_Database::GetUserSystemSettingGetAudioOutputDevice, retval : 2
08-16 14:39:39.987 I/DatabaseManager_JNI(22042): setDatabaseDirtyByApplication
08-16 14:39:39.989 W/art     (22042): Long monitor contention event with owner method=void com.mstar.android.providers.tv.TvUserSettingProvider$UserSQLiteDatabase$1.run() from TvUserSettingProvider.java:1222 waiters=1 for 199ms
08-16 14:39:39.999 E/DataBaseDeskImpl( 4876): ===========>>>> now change Index = 23
08-16 14:39:40.029 I/GlobalSettings( 2822): ReportEuiLog_U -- ReportEuiLog action is: tvaction and reportmsg is: action=perSpeakerClick&speakerModule=2
08-16 14:39:40.031 I/GlobalSettings( 2822): SoundOutputDialog -- set_speaker_value is: true and value is: 2
08-16 14:39:40.038 W/InputDispatcher( 2207): Focus left window: Window{65f07f4 u0 com.stv.globalsetting}
08-16 14:39:40.038 W/InputDispatcher( 2207): Focus entered window: Window{84936a9 u0 com.stv.globalsetting}
08-16 14:39:40.038 W/InputDispatcher( 2207): Window went away: Window{65f07f4 u0 com.stv.globalsetting}
08-16 14:39:40.117 E/BufferQueueProducer( 1749): [] connect(P): already connected (cur=1 req=1)
08-16 14:39:40.138 E/BufferQueueProducer( 1749): [] connect(P): already connected (cur=1 req=1)
08-16 14:39:40.156 E/BufferQueueProducer( 1749): [] connect(P): already connected (cur=1 req=1)
08-16 14:39:40.176 E/BufferQueueProducer( 1749): [] connect(P): already connected (cur=1 req=1)
08-16 14:39:40.212 I/LetvManager-LogReport( 1780): [send_msg] line: 490 report url = http://log.hdtv.cp21.ott.cibntv.net:80/api/log/tvAction
08-16 14:39:40.233 I/tvos    ( 1764): GetAudioOutputDevice, retval : 2
08-16 14:39:40.404 W/InputDispatcher( 2207): findTouchedWindow finished: injectionResult=0, injectionPermission=1, timeSpentWaitingForApplication=0.0ms
08-16 14:39:40.407 W/InputDispatcher( 2207): findTouchedWindow finished: injectionResult=0, injectionPermission=1, timeSpentWaitingForApplication=0.0ms
08-16 14:39:40.407 I/SoundPool( 2207): enter : func play
08-16 14:39:40.409 I/APM::AudioPolicyEngine( 1758): getDeviceForStrategy, 359
08-16 14:39:40.415 I/audio_hw_primary( 1758): version:a00004 adev_create_audio_patch::mix->device 
08-16 14:39:40.415 I/audio_hw_primary( 1758): adev_create_audio_patch *handle=-1420227928 num_audio_patch=3
08-16 14:39:40.417 E/AudioManagerService( 1803): setAudioVolume(callingPid 1758, clientPid 1758, enSoundPath 0, volumn:0 )
08-16 14:39:40.418 I/AudioUtil( 1758): setParameters spk_volume=0
08-16 14:39:40.418 I/audio_hw_primary( 1758): adev_set_parameters: spk_volume=0
08-16 14:39:40.418 I/tvos    ( 1764): SetVolume, subWooExist 0!
08-16 14:39:40.418 I/tvos    ( 1764): mapi_audio_customer::SetAbsoluteVolume: project name is X440M
08-16 14:39:40.418 I/tvos    ( 1764): SetAbsoluteVolume: uPercent : 0, path=52(speaker), VolumeInt=7f, VolumeFra=0
08-16 14:39:40.418 I/tvos    ( 1764): SetAbsoluteVolume: uPercent(currVol) : 0, realPath=52(default), VolumeInt=7f, VolumeFra=0
08-16 14:39:40.418 I/tvos    ( 1764): mapi_audio_customer::SetAbsoluteVolume: project name is X440M
08-16 14:39:40.418 I/tvos    ( 1764): SetAbsoluteVolume: uPercent : 0, path=49(HP), VolumeInt=7f, VolumeFra=0
08-16 14:39:40.418 I/tvos    ( 1764): SetAbsoluteVolume: uPercent(currVol) : 0, realPath=49(default), VolumeInt=7f, VolumeFra=0
08-16 14:39:40.418 I/tvos    ( 1764): mapi_audio_customer::SetAbsoluteVolume: project name is X440M
08-16 14:39:40.418 I/tvos    ( 1764): SetAbsoluteVolume, m_bBTDetect is false! 
08-16 14:39:40.418 I/tvos    ( 1764): mapi_audio_customer::SetAbsoluteVolume: project name is X440M
08-16 14:39:40.418 I/tvos    ( 1764): SetAbsoluteVolume: uPercent : 0, path=255(speaker), VolumeInt=7f, VolumeFra=0
08-16 14:39:40.418 I/tvos    ( 1764): SetAbsoluteVolume: uPercent(currVol) : 0, realPath=255(default), VolumeInt=7f, VolumeFra=0
08-16 14:39:40.418 I/tvos    ( 1764): [SetMuteStatus] call SetSoundMuteStatus, line : 10369, muteType: 4, onOff : 0 
08-16 14:39:40.418 I/tvos    ( 1764): [audioBSP] #1 m_internalMute : 0 ..
08-16 14:39:40.418 I/tvos    ( 1764): #1|->SDK_bPermanentAudioMute:0<-|->SDK_bMomentAudioMute:0 <-|->SDK_bBySyncAudioMute:0<-|->SDK_bByBlockAudioMute:0<-|->SDK_bByVChipAudioMute:0<-|
08-16 14:39:40.418 I/tvos    ( 1764): #1|->SDK_bInternal1AudioMute:0<-|->SDK_bInternal2AudioMute:0<-|->SDK_bInternal3AudioMute:0<-|->SDK_bInternal4AudioMute:0<-|
08-16 14:39:40.418 I/tvos    ( 1764): #1|->SDK_bByScanInOutchgCHchg:0<-|->SDK_bByDuringLimitedTimeAudioMute:0<-|->SDK_bSourceSwitchAudioMute:0<-|
08-16 14:39:40.418 I/tvos    ( 1764): #1|->SDK_bMHEGApMute:0<-|->SDK_bAllAudioMuteCtrl:0<-|->SDK_bPowerOnMute:0<-|->SDK_bNullSourceMute0<-|->SDK_bSetInputSourceAudioMute:0<-|
08-16 14:39:40.418 I/tvos    ( 1764): [audioBSP] #2 m_spkrMute : 1 ..|->SDK_bUsrSpkrAudioMute:1<-|->SDK_bPowerOnMute:0<-|->SDK_bByUserAudioMute:0<-|
08-16 14:39:40.418 I/tvos    ( 1764): [audioBSP] #3 m_PcmCapture2Mute:0 |->SDK_bByUserPcmCapture2Mute:0<-|->SDK_SUB_bByUserAudioMute:0<-|->SDK_bByUserAudioMute:0<-|
08-16 14:39:40.418 I/tvos    ( 1764): [audioBSP] #5 m_hpMute : 0 ..|->SDK_bUsrHpAudioMute:0<-|->SDK_bPowerOnMute:0<-|->SDK_bByUserAudioMute:0<-|
08-16 14:39:40.418 I/tvos    ( 1764): [audioBSP] #12 m_spdifMute : 1 ..
08-16 14:39:40.418 I/tvos    ( 1764): #12|->SDK_bPermanentAudioMute:0<-|->SDK_bMomentAudioMute:0<-|->SDK_bByBlockAudioMute:0<-|
08-16 14:39:40.418 I/tvos    ( 1764): #12|->SDK_bByVChipAudioMute:0<-|->SDK_bInternal1AudioMute:0<-|->SDK_bInternal4AudioMute:0<-|
08-16 14:39:40.418 I/tvos    ( 1764): #12|->SDK_bByDuringLimitedTimeAudioMute:0<-|->SDK_bSourceSwitchAudioMute:0<-|->SDK_bMHEGApMute:0<-|
08-16 14:39:40.418 I/tvos    ( 1764): #12|->SDK_bPowerOnMute:0<-|->SDK_bUsrSpdifAudioMute:1<-|->SDK_bNullSourceMute:0<-|->SDK_bByAppMute:0<-|
08-16 14:39:40.418 I/tvos    ( 1764): Mute ,mute Status repetition!
08-16 14:39:40.418 I/tvos    ( 1764): SetSoundMuteStatus : m_hpMute : 0, m_spdifMute : 1, m_DataInMute : 0, m_channel7Mute : 0, m_internalMute : 0, m_spkrMute : 1, m_PcmCapture1Mute : 0, m_PcmCapture2Mute : 0 
08-16 14:39:40.418 I/tvos    ( 1764): GetAudioOutputDevice, retval : 2
08-16 14:39:40.419 I/tvos    ( 1764): [SetMuteStatus] call SetSoundMuteStatus, line : 10369, muteType: 67108864, onOff : 1 
08-16 14:39:40.419 I/tvos    ( 1764): _TransMSrvMuteTypeToSDKMuteType: Err! muteType(67108864) is out of Range
08-16 14:39:40.420 I/tvos    ( 1764): [SetMuteStatus] call SetSoundMuteStatus, line : 10369, muteType: 4, onOff : 1 
08-16 14:39:40.420 I/tvos    ( 1764): [audioBSP] #1 m_internalMute : 0 ..
08-16 14:39:40.420 I/tvos    ( 1764): #1|->SDK_bPermanentAudioMute:0<-|->SDK_bMomentAudioMute:0 <-|->SDK_bBySyncAudioMute:0<-|->SDK_bByBlockAudioMute:0<-|->SDK_bByVChipAudioMute:0<-|
08-16 14:39:40.420 I/tvos    ( 1764): #1|->SDK_bInternal1AudioMute:0<-|->SDK_bInternal2AudioMute:0<-|->SDK_bInternal3AudioMute:0<-|->SDK_bInternal4AudioMute:0<-|
08-16 14:39:40.420 I/tvos    ( 1764): #1|->SDK_bByScanInOutchgCHchg:0<-|->SDK_bByDuringLimitedTimeAudioMute:0<-|->SDK_bSourceSwitchAudioMute:0<-|
08-16 14:39:40.420 I/tvos    ( 1764): #1|->SDK_bMHEGApMute:0<-|->SDK_bAllAudioMuteCtrl:0<-|->SDK_bPowerOnMute:0<-|->SDK_bNullSourceMute0<-|->SDK_bSetInputSourceAudioMute:0<-|
08-16 14:39:40.420 I/tvos    ( 1764): [audioBSP] #2 m_spkrMute : 1 ..|->SDK_bUsrSpkrAudioMute:1<-|->SDK_bPowerOnMute:0<-|->SDK_bByUserAudioMute:1<-|
08-16 14:39:40.420 I/tvos    ( 1764): [audioBSP] #3 m_PcmCapture2Mute:1 |->SDK_bByUserPcmCapture2Mute:0<-|->SDK_SUB_bByUserAudioMute:0<-|->SDK_bByUserAudioMute:1<-|
08-16 14:39:40.420 I/tvos    ( 1764): [audioBSP] #5 m_hpMute : 1 ..|->SDK_bUsrHpAudioMute:0<-|->SDK_bPowerOnMute:0<-|->SDK_bByUserAudioMute:1<-|
08-16 14:39:40.420 I/tvos    ( 1764): [audioBSP] #12 m_spdifMute : 1 ..
08-16 14:39:40.420 I/tvos    ( 1764): #12|->SDK_bPermanentAudioMute:0<-|->SDK_bMomentAudioMute:0<-|->SDK_bByBlockAudioMute:0<-|
08-16 14:39:40.420 I/tvos    ( 1764): #12|->SDK_bByVChipAudioMute:0<-|->SDK_bInternal1AudioMute:0<-|->SDK_bInternal4AudioMute:0<-|
08-16 14:39:40.420 I/tvos    ( 1764): #12|->SDK_bByDuringLimitedTimeAudioMute:0<-|->SDK_bSourceSwitchAudioMute:0<-|->SDK_bMHEGApMute:0<-|
08-16 14:39:40.420 I/tvos    ( 1764): #12|->SDK_bPowerOnMute:0<-|->SDK_bUsrSpdifAudioMute:1<-|->SDK_bNullSourceMute:0<-|->SDK_bByAppMute:0<-|
08-16 14:39:40.420 I/tvos    ( 1764): Mute ,mute Status repetition!
08-16 14:39:40.420 I/tvos    ( 1764): SetSoundMuteStatus : m_hpMute : 1, m_spdifMute : 1, m_DataInMute : 0, m_channel7Mute : 0, m_internalMute : 0, m_spkrMute : 1, m_PcmCapture1Mute : 0, m_PcmCapture2Mute : 1 
08-16 14:39:40.423 W/InputDispatcher( 2207): findTouchedWindow finished: injectionResult=0, injectionPermission=1, timeSpentWaitingForApplication=0.0ms
08-16 14:39:40.426 W/InputDispatcher( 2207): findTouchedWindow finished: injectionResult=0, injectionPermission=1, timeSpentWaitingForApplication=0.0ms
08-16 14:39:40.426 I/SoundPool( 2207): enter : func play
08-16 14:39:40.483 I/tvos    ( 1764): GetAudioOutputDevice, retval : 2
08-16 14:39:40.664 I/System.out( 2822): From style:
08-16 14:39:40.664 I/System.out( 2822): Attrs: 3010001=0.6 3010002=#0 3010003=null 3010004=true
08-16 14:39:40.668 W/ContextImpl( 2822): Calling a method in the system process without a qualified user: android.app.ContextImpl.startService:1224 android.content.ContextWrapper.startService:581 com.stv.settingadapter.EqManager.updateBinder:869 com.stv.settingadapter.EqManager.getInstance:176 com.stv.globalsetting.dialog.SoundOutputDialog.<init>:34 
08-16 14:39:40.691 E/LetvRemoteupgradeManager-JNI( 2613): can't get LetvManager service!
08-16 14:39:40.732 W/InputDispatcher( 2207): Focus left window: Window{84936a9 u0 com.stv.globalsetting}
08-16 14:39:40.732 W/InputDispatcher( 2207): Focus entered window: Window{9001c19 u0 com.stv.globalsetting}
08-16 14:39:40.734 I/tvos    ( 1764): GetAudioOutputDevice, retval : 2
08-16 14:39:40.735 I/GlobalSettings( 2822): BaseMultiLayerDialogHelper -- setDisMissTime on start
08-16 14:39:40.735 I/GlobalSettings( 2822): ReportEuiLog_U -- ReportEuiLog action is: tvaction and reportmsg is: action=speakerClick
08-16 14:39:40.737 I/GlobalSettings( 2822): SoundDialog -- open_speaker_value is: true
08-16 14:39:40.775 E/BufferQueueProducer( 1749): [] connect(P): already connected (cur=1 req=1)
08-16 14:39:40.817 I/LetvManager-LogReport( 1780): [send_msg] line: 490 report url = http://log.hdtv.cp21.ott.cibntv.net:80/api/log/tvAction
08-16 14:39:40.857 E/BufferQueueProducer( 1749): [] connect(P): already connected (cur=1 req=1)
08-16 14:39:40.877 E/BufferQueueProducer( 1749): [] connect(P): already connected (cur=1 req=1)
08-16 14:39:40.897 E/BufferQueueProducer( 1749): [] connect(P): already connected (cur=1 req=1)
08-16 14:39:40.917 E/BufferQueueProducer( 1749): [] connect(P): already connected (cur=1 req=1)
08-16 14:39:40.937 E/BufferQueueProducer( 1749): [] connect(P): already connected (cur=1 req=1)
08-16 14:39:40.957 E/BufferQueueProducer( 1749): [] connect(P): already connected (cur=1 req=1)
08-16 14:39:40.977 E/BufferQueueProducer( 1749): [] connect(P): already connected (cur=1 req=1)
08-16 14:39:40.985 I/tvos    ( 1764): GetAudioOutputDevice, retval : 2
08-16 14:39:40.996 E/BufferQueueProducer( 1749): [] connect(P): already connected (cur=1 req=1)
08-16 14:39:41.016 E/BufferQueueProducer( 1749): [] connect(P): already connected (cur=1 req=1)
08-16 14:39:41.038 E/BufferQueueProducer( 1749): [] connect(P): already connected (cur=1 req=1)
08-16 14:39:41.045 I/APM::AudioPolicyEngine( 1758): getDeviceForStrategy, 359
08-16 14:39:41.057 E/BufferQueueProducer( 1749): [] connect(P): already connected (cur=1 req=1)
08-16 14:39:41.076 E/BufferQueueProducer( 1749): [] connect(P): already connected (cur=1 req=1)
08-16 14:39:41.098 E/BufferQueueProducer( 1749): [] connect(P): already connected (cur=1 req=1)
08-16 14:39:41.116 E/BufferQueueProducer( 1749): [] connect(P): already connected (cur=1 req=1)
08-16 14:39:41.137 E/BufferQueueProducer( 1749): [] connect(P): already connected (cur=1 req=1)
08-16 14:39:41.156 E/BufferQueueProducer( 1749): [] connect(P): already connected (cur=1 req=1)
08-16 14:39:41.235 I/tvos    ( 1764): GetAudioOutputDevice, retval : 2
08-16 14:39:41.469 W/InputDispatcher( 2207): findTouchedWindow finished: injectionResult=0, injectionPermission=1, timeSpentWaitingForApplication=0.0ms
08-16 14:39:41.473 W/InputDispatcher( 2207): findTouchedWindow finished: injectionResult=0, injectionPermission=1, timeSpentWaitingForApplication=0.0ms
08-16 14:39:41.475 I/SoundPool( 2207): enter : func play
08-16 14:39:41.480 I/APM::AudioPolicyEngine( 1758): getDeviceForStrategy, 359
08-16 14:39:41.482 I/audio_hw_primary( 1758): version:a00004 adev_create_audio_patch::mix->device 
08-16 14:39:41.483 I/audio_hw_primary( 1758): adev_create_audio_patch *handle=-1420227928 num_audio_patch=3
08-16 14:39:41.484 E/AudioManagerService( 1803): setAudioVolume(callingPid 1758, clientPid 1758, enSoundPath 0, volumn:0 )
08-16 14:39:41.485 I/AudioUtil( 1758): setParameters spk_volume=0
08-16 14:39:41.485 I/audio_hw_primary( 1758): adev_set_parameters: spk_volume=0
08-16 14:39:41.485 I/tvos    ( 1764): SetVolume, subWooExist 0!
08-16 14:39:41.485 I/tvos    ( 1764): mapi_audio_customer::SetAbsoluteVolume: project name is X440M
08-16 14:39:41.485 I/tvos    ( 1764): SetAbsoluteVolume: uPercent : 0, path=52(speaker), VolumeInt=7f, VolumeFra=0
08-16 14:39:41.485 I/tvos    ( 1764): SetAbsoluteVolume: uPercent(currVol) : 0, realPath=52(default), VolumeInt=7f, VolumeFra=0
08-16 14:39:41.485 I/tvos    ( 1764): mapi_audio_customer::SetAbsoluteVolume: project name is X440M
08-16 14:39:41.485 I/tvos    ( 1764): SetAbsoluteVolume: uPercent : 0, path=49(HP), VolumeInt=7f, VolumeFra=0
08-16 14:39:41.485 I/tvos    ( 1764): SetAbsoluteVolume: uPercent(currVol) : 0, realPath=49(default), VolumeInt=7f, VolumeFra=0
08-16 14:39:41.485 I/tvos    ( 1764): mapi_audio_customer::SetAbsoluteVolume: project name is X440M
08-16 14:39:41.485 I/tvos    ( 1764): SetAbsoluteVolume, m_bBTDetect is false! 
08-16 14:39:41.485 I/tvos    ( 1764): mapi_audio_customer::SetAbsoluteVolume: project name is X440M
08-16 14:39:41.485 I/tvos    ( 1764): SetAbsoluteVolume: uPercent : 0, path=255(speaker), VolumeInt=7f, VolumeFra=0
08-16 14:39:41.486 I/tvos    ( 1764): SetAbsoluteVolume: uPercent(currVol) : 0, realPath=255(default), VolumeInt=7f, VolumeFra=0
08-16 14:39:41.486 I/tvos    ( 1764): [SetMuteStatus] call SetSoundMuteStatus, line : 10369, muteType: 4, onOff : 0 
08-16 14:39:41.486 I/tvos    ( 1764): [audioBSP] #1 m_internalMute : 0 ..
08-16 14:39:41.486 I/tvos    ( 1764): #1|->SDK_bPermanentAudioMute:0<-|->SDK_bMomentAudioMute:0 <-|->SDK_bBySyncAudioMute:0<-|->SDK_bByBlockAudioMute:0<-|->SDK_bByVChipAudioMute:0<-|
08-16 14:39:41.486 I/tvos    ( 1764): #1|->SDK_bInternal1AudioMute:0<-|->SDK_bInternal2AudioMute:0<-|->SDK_bInternal3AudioMute:0<-|->SDK_bInternal4AudioMute:0<-|
08-16 14:39:41.486 I/tvos    ( 1764): #1|->SDK_bByScanInOutchgCHchg:0<-|->SDK_bByDuringLimitedTimeAudioMute:0<-|->SDK_bSourceSwitchAudioMute:0<-|
08-16 14:39:41.486 I/tvos    ( 1764): #1|->SDK_bMHEGApMute:0<-|->SDK_bAllAudioMuteCtrl:0<-|->SDK_bPowerOnMute:0<-|->SDK_bNullSourceMute0<-|->SDK_bSetInputSourceAudioMute:0<-|
08-16 14:39:41.486 I/tvos    ( 1764): [audioBSP] #2 m_spkrMute : 1 ..|->SDK_bUsrSpkrAudioMute:1<-|->SDK_bPowerOnMute:0<-|->SDK_bByUserAudioMute:0<-|
08-16 14:39:41.486 I/tvos    ( 1764): [audioBSP] #3 m_PcmCapture2Mute:0 |->SDK_bByUserPcmCapture2Mute:0<-|->SDK_SUB_bByUserAudioMute:0<-|->SDK_bByUserAudioMute:0<-|
08-16 14:39:41.486 I/tvos    ( 1764): [audioBSP] #5 m_hpMute : 0 ..|->SDK_bUsrHpAudioMute:0<-|->SDK_bPowerOnMute:0<-|->SDK_bByUserAudioMute:0<-|
08-16 14:39:41.486 I/tvos    ( 1764): [audioBSP] #12 m_spdifMute : 1 ..
08-16 14:39:41.486 I/tvos    ( 1764): #12|->SDK_bPermanentAudioMute:0<-|->SDK_bMomentAudioMute:0<-|->SDK_bByBlockAudioMute:0<-|
08-16 14:39:41.486 I/tvos    ( 1764): #12|->SDK_bByVChipAudioMute:0<-|->SDK_bInternal1AudioMute:0<-|->SDK_bInternal4AudioMute:0<-|
08-16 14:39:41.486 I/tvos    ( 1764): #12|->SDK_bByDuringLimitedTimeAudioMute:0<-|->SDK_bSourceSwitchAudioMute:0<-|->SDK_bMHEGApMute:0<-|
08-16 14:39:41.486 I/tvos    ( 1764): #12|->SDK_bPowerOnMute:0<-|->SDK_bUsrSpdifAudioMute:1<-|->SDK_bNullSourceMute:0<-|->SDK_bByAppMute:0<-|
08-16 14:39:41.486 I/tvos    ( 1764): Mute ,mute Status repetition!
08-16 14:39:41.486 I/tvos    ( 1764): SetSoundMuteStatus : m_hpMute : 0, m_spdifMute : 1, m_DataInMute : 0, m_channel7Mute : 0, m_internalMute : 0, m_spkrMute : 1, m_PcmCapture1Mute : 0, m_PcmCapture2Mute : 0 
08-16 14:39:41.486 I/tvos    ( 1764): GetAudioOutputDevice, retval : 2
08-16 14:39:41.486 I/tvos    ( 1764): [SetMuteStatus] call SetSoundMuteStatus, line : 10369, muteType: 67108864, onOff : 1 
08-16 14:39:41.486 I/tvos    ( 1764): _TransMSrvMuteTypeToSDKMuteType: Err! muteType(67108864) is out of Range
08-16 14:39:41.486 I/tvos    ( 1764): [SetMuteStatus] call SetSoundMuteStatus, line : 10369, muteType: 4, onOff : 1 
08-16 14:39:41.486 I/tvos    ( 1764): [audioBSP] #1 m_internalMute : 0 ..
08-16 14:39:41.486 I/tvos    ( 1764): #1|->SDK_bPermanentAudioMute:0<-|->SDK_bMomentAudioMute:0 <-|->SDK_bBySyncAudioMute:0<-|->SDK_bByBlockAudioMute:0<-|->SDK_bByVChipAudioMute:0<-|
08-16 14:39:41.486 I/tvos    ( 1764): #1|->SDK_bInternal1AudioMute:0<-|->SDK_bInternal2AudioMute:0<-|->SDK_bInternal3AudioMute:0<-|->SDK_bInternal4AudioMute:0<-|
08-16 14:39:41.486 I/tvos    ( 1764): #1|->SDK_bByScanInOutchgCHchg:0<-|->SDK_bByDuringLimitedTimeAudioMute:0<-|->SDK_bSourceSwitchAudioMute:0<-|
08-16 14:39:41.486 I/tvos    ( 1764): #1|->SDK_bMHEGApMute:0<-|->SDK_bAllAudioMuteCtrl:0<-|->SDK_bPowerOnMute:0<-|->SDK_bNullSourceMute0<-|->SDK_bSetInputSourceAudioMute:0<-|
08-16 14:39:41.486 I/tvos    ( 1764): [audioBSP] #2 m_spkrMute : 1 ..|->SDK_bUsrSpkrAudioMute:1<-|->SDK_bPowerOnMute:0<-|->SDK_bByUserAudioMute:1<-|
08-16 14:39:41.486 I/tvos    ( 1764): [audioBSP] #3 m_PcmCapture2Mute:1 |->SDK_bByUserPcmCapture2Mute:0<-|->SDK_SUB_bByUserAudioMute:0<-|->SDK_bByUserAudioMute:1<-|
08-16 14:39:41.486 I/tvos    ( 1764): [audioBSP] #5 m_hpMute : 1 ..|->SDK_bUsrHpAudioMute:0<-|->SDK_bPowerOnMute:0<-|->SDK_bByUserAudioMute:1<-|
08-16 14:39:41.486 I/tvos    ( 1764): [audioBSP] #12 m_spdifMute : 1 ..
08-16 14:39:41.486 I/tvos    ( 1764): #12|->SDK_bPermanentAudioMute:0<-|->SDK_bMomentAudioMute:0<-|->SDK_bByBlockAudioMute:0<-|
08-16 14:39:41.486 I/tvos    ( 1764): #12|->SDK_bByVChipAudioMute:0<-|->SDK_bInternal1AudioMute:0<-|->SDK_bInternal4AudioMute:0<-|
08-16 14:39:41.486 I/tvos    ( 1764): #12|->SDK_bByDuringLimitedTimeAudioMute:0<-|->SDK_bSourceSwitchAudioMute:0<-|->SDK_bMHEGApMute:0<-|
08-16 14:39:41.486 I/tvos    ( 1764): #12|->SDK_bPowerOnMute:0<-|->SDK_bUsrSpdifAudioMute:1<-|->SDK_bNullSourceMute:0<-|->SDK_bByAppMute:0<-|
08-16 14:39:41.486 I/tvos    ( 1764): Mute ,mute Status repetition!
08-16 14:39:41.486 I/tvos    ( 1764): GetAudioOutputDevice, retval : 2
08-16 14:39:41.486 I/tvos    ( 1764): SetSoundMuteStatus : m_hpMute : 1, m_spdifMute : 1, m_DataInMute : 0, m_channel7Mute : 0, m_internalMute : 0, m_spkrMute : 1, m_PcmCapture1Mute : 0, m_PcmCapture2Mute : 1 
08-16 14:39:41.503 W/InputDispatcher( 2207): findTouchedWindow finished: injectionResult=0, injectionPermission=1, timeSpentWaitingForApplication=0.0ms
08-16 14:39:41.505 W/InputDispatcher( 2207): findTouchedWindow finished: injectionResult=0, injectionPermission=1, timeSpentWaitingForApplication=0.0ms
08-16 14:39:41.507 I/SoundPool( 2207): enter : func play
08-16 14:39:41.736 I/tvos    ( 1764): GetAudioOutputDevice, retval : 2
08-16 14:39:41.758 I/AudioManager_JNI( 2881): native_setAudioOutputDevice
08-16 14:39:41.760 I/tvos    ( 1764): SetAudioOutputDevice, device : 0, mode:0
08-16 14:39:41.760 I/tvos    ( 1764): SPDIF_SetMode, spdif_mode=0 
08-16 14:39:41.762 I/tvos    ( 1764): @@@MSrv_System_Database::GetSoundSetting[1;40;32m[sora]line11063: u8SubCmd:0,m_AudioPreSoundMode:0,m_AudioPreOutDevice:0[0m
08-16 14:39:41.896 I/tvos    ( 1764): Mute ,mute Status repetition!
08-16 14:39:41.946 I/tvos    ( 1764): [LETV_OUT]::sound mode is 0, close wall sound mode
08-16 14:39:41.946 I/tvos    ( 1764): audio effect active, will use dolby or dts
08-16 14:39:41.946 I/tvos    ( 1764): [Dolby][SetDolbyDapMode]eMode:0, m_DolbyDAPMode = 5 for zhengyang!
08-16 14:39:41.946 I/tvos    ( 1764): [SetDolbyDapMode] model:X440M
08-16 14:39:41.946 I/tvos    ( 1764):  it's x440N dolbyeffect 
08-16 14:39:41.947 I/tvos    ( 1764): [SetDolbyDapMode]:sora[16635] m_AudioPreOutDevice:0, DOLBY_DAP_EN_:1  
08-16 14:39:41.987 I/tvos    ( 1764): GetAudioOutputDevice, retval : 2
08-16 14:39:41.999 I/tvos    ( 1764): ---Amplifier_ALC1310_LR_SWMute(0)
08-16 14:39:41.999 I/tvos    ( 1764): ALC1310 unmute good, addr: 0x13 readbackvalue: 4 
08-16 14:39:42.003 I/tvos    ( 1764): [SetAudioEffectEnable] restore audio effect mode to:0 success!
08-16 14:39:42.003 I/tvos    ( 1764): mapi_audio_customer::audioOutPolicy: project name is X440M
08-16 14:39:42.003 I/tvos    ( 1764): [audioOutPolicy] 938F cost down X44xM project!
08-16 14:39:42.003 I/tvos    ( 1764): [audioOutPolicy] device:0, OnOff : 1, lastAudioOutDevice : 2, m_lastAudioDevBeforeBT :0, m_bBTConnectState : 0 
08-16 14:39:42.003 I/tvos    ( 1764): [audioOutPolicy] disable SPDIF! 
08-16 14:39:42.003 I/tvos    ( 1764): [audioBSP] #1 m_internalMute : 0 ..
08-16 14:39:42.003 I/tvos    ( 1764): #1|->SDK_bPermanentAudioMute:0<-|->SDK_bMomentAudioMute:0 <-|->SDK_bBySyncAudioMute:0<-|->SDK_bByBlockAudioMute:0<-|->SDK_bByVChipAudioMute:0<-|
08-16 14:39:42.003 I/tvos    ( 1764): #1|->SDK_bInternal1AudioMute:0<-|->SDK_bInternal2AudioMute:0<-|->SDK_bInternal3AudioMute:0<-|->SDK_bInternal4AudioMute:0<-|
08-16 14:39:42.003 I/tvos    ( 1764): #1|->SDK_bByScanInOutchgCHchg:0<-|->SDK_bByDuringLimitedTimeAudioMute:0<-|->SDK_bSourceSwitchAudioMute:0<-|
08-16 14:39:42.003 I/tvos    ( 1764): #1|->SDK_bMHEGApMute:0<-|->SDK_bAllAudioMuteCtrl:0<-|->SDK_bPowerOnMute:0<-|->SDK_bNullSourceMute0<-|->SDK_bSetInputSourceAudioMute:0<-|
