08-16 14:39:42.003 I/tvos    ( 1764): [audioBSP] #2 m_spkrMute : 1 ..|->SDK_bUsrSpkrAudioMute:1<-|->SDK_bPowerOnMute:0<-|->SDK_bByUserAudioMute:1<-|
08-16 14:39:42.003 I/tvos    ( 1764): [audioBSP] #3 m_PcmCapture2Mute:1 |->SDK_bByUserPcmCapture2Mute:0<-|->SDK_SUB_bByUserAudioMute:0<-|->SDK_bByUserAudioMute:1<-|
08-16 14:39:42.003 I/tvos    ( 1764): [audioBSP] #5 m_hpMute : 1 ..|->SDK_bUsrHpAudioMute:1<-|->SDK_bPowerOnMute:0<-|->SDK_bByUserAudioMute:1<-|
08-16 14:39:42.003 I/tvos    ( 1764): [audioBSP] #12 m_spdifMute : 1 ..
08-16 14:39:42.003 I/tvos    ( 1764): #12|->SDK_bPermanentAudioMute:0<-|->SDK_bMomentAudioMute:0<-|->SDK_bByBlockAudioMute:0<-|
08-16 14:39:42.003 I/tvos    ( 1764): #12|->SDK_bByVChipAudioMute:0<-|->SDK_bInternal1AudioMute:0<-|->SDK_bInternal4AudioMute:0<-|
08-16 14:39:42.003 I/tvos    ( 1764): #12|->SDK_bByDuringLimitedTimeAudioMute:0<-|->SDK_bSourceSwitchAudioMute:0<-|->SDK_bMHEGApMute:0<-|
08-16 14:39:42.003 I/tvos    ( 1764): #12|->SDK_bPowerOnMute:0<-|->SDK_bUsrSpdifAudioMute:1<-|->SDK_bNullSourceMute:0<-|->SDK_bByAppMute:0<-|
08-16 14:39:42.003 I/tvos    ( 1764): ---Amplifier_ALC1310_LR_SWMute(1)
08-16 14:39:42.003 I/tvos    ( 1764): ALC1310 mute write good, addr: 0x13, readback data : 49164, write cmd times : 1
08-16 14:39:42.005 I/tvos    ( 1764): SetSoundMuteStatus : m_hpMute : 1, m_spdifMute : 1, m_DataInMute : 0, m_channel7Mute : 0, m_internalMute : 0, m_spkrMute : 1, m_PcmCapture1Mute : 0, m_PcmCapture2Mute : 1 
08-16 14:39:42.005 I/tvos    ( 1764): [audioOutPolicy] Mute AMP for a while when open DRC! , line:6300
08-16 14:39:42.012 W/InputDispatcher( 2207): findFocusedWindow finished: injectionResult=0, timeSpentWaitingForApplication=0.0ms
08-16 14:39:42.105 I/APM::AudioPolicyEngine( 1758): getDeviceForStrategy, 359
08-16 14:39:42.206 I/tvos    ( 1764): [audioBSP] #1 m_internalMute : 0 ..
08-16 14:39:42.206 I/tvos    ( 1764): #1|->SDK_bPermanentAudioMute:0<-|->SDK_bMomentAudioMute:0 <-|->SDK_bBySyncAudioMute:0<-|->SDK_bByBlockAudioMute:0<-|->SDK_bByVChipAudioMute:0<-|
08-16 14:39:42.206 I/tvos    ( 1764): #1|->SDK_bInternal1AudioMute:0<-|->SDK_bInternal2AudioMute:0<-|->SDK_bInternal3AudioMute:0<-|->SDK_bInternal4AudioMute:0<-|
08-16 14:39:42.206 I/tvos    ( 1764): #1|->SDK_bByScanInOutchgCHchg:0<-|->SDK_bByDuringLimitedTimeAudioMute:0<-|->SDK_bSourceSwitchAudioMute:0<-|
08-16 14:39:42.206 I/tvos    ( 1764): #1|->SDK_bMHEGApMute:0<-|->SDK_bAllAudioMuteCtrl:0<-|->SDK_bPowerOnMute:0<-|->SDK_bNullSourceMute0<-|->SDK_bSetInputSourceAudioMute:0<-|
08-16 14:39:42.206 I/tvos    ( 1764): [audioBSP] #2 m_spkrMute : 1 ..|->SDK_bUsrSpkrAudioMute:0<-|->SDK_bPowerOnMute:0<-|->SDK_bByUserAudioMute:1<-|
08-16 14:39:42.206 I/tvos    ( 1764): [audioBSP] #3 m_PcmCapture2Mute:1 |->SDK_bByUserPcmCapture2Mute:0<-|->SDK_SUB_bByUserAudioMute:0<-|->SDK_bByUserAudioMute:1<-|
08-16 14:39:42.206 I/tvos    ( 1764): [audioBSP] #5 m_hpMute : 1 ..|->SDK_bUsrHpAudioMute:1<-|->SDK_bPowerOnMute:0<-|->SDK_bByUserAudioMute:1<-|
08-16 14:39:42.206 I/tvos    ( 1764): [audioBSP] #12 m_spdifMute : 1 ..
08-16 14:39:42.206 I/tvos    ( 1764): #12|->SDK_bPermanentAudioMute:0<-|->SDK_bMomentAudioMute:0<-|->SDK_bByBlockAudioMute:0<-|
08-16 14:39:42.206 I/tvos    ( 1764): #12|->SDK_bByVChipAudioMute:0<-|->SDK_bInternal1AudioMute:0<-|->SDK_bInternal4AudioMute:0<-|
08-16 14:39:42.206 I/tvos    ( 1764): #12|->SDK_bByDuringLimitedTimeAudioMute:0<-|->SDK_bSourceSwitchAudioMute:0<-|->SDK_bMHEGApMute:0<-|
08-16 14:39:42.206 I/tvos    ( 1764): #12|->SDK_bPowerOnMute:0<-|->SDK_bUsrSpdifAudioMute:1<-|->SDK_bNullSourceMute:0<-|->SDK_bByAppMute:0<-|
08-16 14:39:42.206 I/tvos    ( 1764): Mute ,mute Status repetition!
08-16 14:39:42.206 I/tvos    ( 1764): SetSoundMuteStatus : m_hpMute : 1, m_spdifMute : 1, m_DataInMute : 0, m_channel7Mute : 0, m_internalMute : 0, m_spkrMute : 1, m_PcmCapture1Mute : 0, m_PcmCapture2Mute : 1 
08-16 14:39:42.206 I/tvos    ( 1764): [audioOutPolicy] device: MSAPI_AUD_OUTPUT_SPK_ 
08-16 14:39:42.206 I/tvos    ( 1764): GetAudioOutputDevice, retval : 0
08-16 14:39:42.207 I/CECManager_JNI( 2720): setCecConfiguration
08-16 14:39:42.233 I/tvos    ( 1764): [CEC] CECSetting->u8CECStatus = 1 
08-16 14:39:42.233 I/tvos    ( 1764): [CEC] CECSetting->bAutoStandby = 1 
08-16 14:39:42.233 I/tvos    ( 1764): [CEC] CECSetting->u8ARCStatus = 1 
08-16 14:39:42.233 I/tvos    ( 1764): [CEC] CECSetting->u8AudioModeStatus = 1 
08-16 14:39:42.233 I/tvos    ( 1764): [CEC] CECSetting->u8TvAutpPowerOn = 1 
08-16 14:39:42.233 I/tvos    ( 1764): [CEC] CECSetting->u8AmplifierControl = 1 
08-16 14:39:42.233 I/tvos    ( 1764): [CEC] CECSetting->u8SpearkerPreference = 0 
08-16 14:39:42.233 I/tvos    ( 1764): [CEC] CECSetting->u8QuickMenuSpeakerPreference = 0 
08-16 14:39:42.233 I/tvos    ( 1764): [bspaudio_arc] OldARCStatus: 1,NewARCStatus: 1
08-16 14:39:42.233 I/tvos    ( 1764):  [CEC] Switch Speaker = 0
08-16 14:39:42.233 I/tvos    ( 1764): get machine type is:0 
08-16 14:39:42.234 I/TvUserSettingProvider(22042): update in progress
08-16 14:39:42.238 I/tvos    ( 1764): GetAudioOutputDevice, retval : 0
08-16 14:39:42.246 I/DatabaseManager_JNI(22042): setDatabaseDirtyByApplication
08-16 14:39:42.250 E/DataBaseDeskImpl( 4876): ===========>>>> now change Index = 25
08-16 14:39:42.446 I/DatabaseManager_JNI(22042): setDatabaseDirtyByApplication
08-16 14:39:42.448 W/art     (22042): Long monitor contention event with owner method=int android.database.sqlite.SQLiteConnection.nativeExecuteForChangedRowCount(long, long) from SQLiteConnection.java:4294967294 waiters=1 for 197ms
08-16 14:39:42.462 E/DataBaseDeskImpl( 4876): ===========>>>> now change Index = 23
08-16 14:39:42.489 I/tvos    ( 1764): @@@MSrv_System_Database::GetUserSystemSettingGetAudioOutputDevice, retval : 0
08-16 14:39:42.496 I/GlobalSettings( 2822): ReportEuiLog_U -- ReportEuiLog action is: tvaction and reportmsg is: action=perSpeakerClick&speakerModule=3
08-16 14:39:42.498 I/GlobalSettings( 2822): SoundOutputDialog -- set_speaker_value is: true and value is: 3
08-16 14:39:42.504 W/InputDispatcher( 2207): Focus left window: Window{9001c19 u0 com.stv.globalsetting}
08-16 14:39:42.504 W/InputDispatcher( 2207): Focus entered window: Window{84936a9 u0 com.stv.globalsetting}
08-16 14:39:42.504 W/InputDispatcher( 2207): Window went away: Window{9001c19 u0 com.stv.globalsetting}
08-16 14:39:42.507 W/InputDispatcher( 2207): findFocusedWindow finished: injectionResult=0, timeSpentWaitingForApplication=0.0ms
08-16 14:39:42.509 W/ViewRootImpl( 2822): Cancelling event due to no window focus: KeyEvent { action=ACTION_UP, keyCode=KEYCODE_BACK, scanCode=0, metaState=0, flags=0x20, repeatCount=0, eventTime=512448440, downTime=512448440, deviceId=-1, source=0x101 }
08-16 14:39:42.509 W/ViewRootImpl( 2822): Cancelling event due to no window focus: KeyEvent { action=ACTION_UP, keyCode=KEYCODE_BACK, scanCode=0, metaState=0, flags=0x20, repeatCount=0, eventTime=512448440, downTime=512448440, deviceId=-1, source=0x101 }
08-16 14:39:42.509 W/ViewRootImpl( 2822): Cancelling event due to no window focus: KeyEvent { action=ACTION_UP, keyCode=KEYCODE_BACK, scanCode=0, metaState=0, flags=0x20, repeatCount=0, eventTime=512448440, downTime=512448440, deviceId=-1, source=0x101 }
08-16 14:39:42.509 W/ViewRootImpl( 2822): Cancelling event due to no window focus: KeyEvent { action=ACTION_UP, keyCode=KEYCODE_BACK, scanCode=0, metaState=0, flags=0x20, repeatCount=0, eventTime=512448440, downTime=512448440, deviceId=-1, source=0x101 }
08-16 14:39:42.509 W/ViewRootImpl( 2822): Cancelling event due to no window focus: KeyEvent { action=ACTION_UP, keyCode=KEYCODE_BACK, scanCode=0, metaState=0, flags=0x20, repeatCount=0, eventTime=512448440, downTime=512448440, deviceId=-1, source=0x101 }
08-16 14:39:42.509 W/ViewRootImpl( 2822): Cancelling event due to no window focus: KeyEvent { action=ACTION_UP, keyCode=KEYCODE_BACK, scanCode=0, metaState=0, flags=0x20, repeatCount=0, eventTime=512448440, downTime=512448440, deviceId=-1, source=0x101 }
08-16 14:39:42.509 I/GlobalSettings( 2822): BaseMultiLayerDialogHelper -- setDisMissTime on start
08-16 14:39:42.509 W/ViewRootImpl( 2822): Cancelling event due to no window focus: KeyEvent { action=ACTION_UP, keyCode=KEYCODE_BACK, scanCode=0, metaState=0, flags=0x20, repeatCount=0, eventTime=512448440, downTime=512448440, deviceId=-1, source=0x101 }
08-16 14:39:42.509 W/ViewRootImpl( 2822): Cancelling event due to no window focus: KeyEvent { action=ACTION_UP, keyCode=KEYCODE_BACK, scanCode=0, metaState=0, flags=0x20, repeatCount=0, eventTime=512448440, downTime=512448440, deviceId=-1, source=0x101 }
08-16 14:39:42.509 W/ViewRootImpl( 2822): Cancelling event due to no window focus: KeyEvent { action=ACTION_UP, keyCode=KEYCODE_BACK, scanCode=0, metaState=0, flags=0x20, repeatCount=0, eventTime=512448440, downTime=512448440, deviceId=-1, source=0x101 }
08-16 14:39:42.521 I/tvos    ( 1764):  [CEC] GUI has updated the Ctrl state
08-16 14:39:42.577 E/BufferQueueProducer( 1749): [] connect(P): already connected (cur=1 req=1)
08-16 14:39:42.598 E/BufferQueueProducer( 1749): [] connect(P): already connected (cur=1 req=1)
08-16 14:39:42.617 E/BufferQueueProducer( 1749): [] connect(P): already connected (cur=1 req=1)
08-16 14:39:42.621 I/LetvManager-LogReport( 1780): [send_msg] line: 490 report url = http://log.hdtv.cp21.ott.cibntv.net:80/api/log/tvAction
08-16 14:39:42.637 E/BufferQueueProducer( 1749): [] connect(P): already connected (cur=1 req=1)
08-16 14:39:42.738 I/tvos    ( 1764): GetAudioOutputDevice, retval : 0
08-16 14:39:42.988 I/tvos    ( 1764): GetAudioOutputDevice, retval : 0
08-16 14:39:43.201 W/InputDispatcher( 2207): findFocusedWindow finished: injectionResult=0, timeSpentWaitingForApplication=0.0ms
08-16 14:39:43.204 I/GlobalSettings( 2822): BaseMultiLayerDialogHelper -- setDisMissTime on start
08-16 14:39:43.207 W/InputDispatcher( 2207): findFocusedWindow finished: injectionResult=0, timeSpentWaitingForApplication=0.0ms
08-16 14:39:43.208 I/GlobalSettings( 2822): BaseMultiLayerDialogHelper -- setDisMissTime on start
08-16 14:39:43.213 W/InputDispatcher( 2207): Focus left window: Window{84936a9 u0 com.stv.globalsetting}
08-16 14:39:43.213 W/InputDispatcher( 2207): Focus entered window: Window{210aa71 u0 com.stv.globalsetting}
08-16 14:39:43.213 W/InputDispatcher( 2207): Window went away: Window{84936a9 u0 com.stv.globalsetting}
08-16 14:39:43.216 W/InputEventReceiver( 2822): Attempted to finish an input event but the input event receiver has already been disposed.
08-16 14:39:43.239 I/tvos    ( 1764): GetAudioOutputDevice, retval : 0
08-16 14:39:43.278 E/BufferQueueProducer( 1749): [] connect(P): already connected (cur=1 req=1)
08-16 14:39:43.290 E/SurfaceFlinger( 1749): rejecting buffer: bufWidth=608, bufHeight=1080, front.active.{w=630, h=1080}
08-16 14:39:43.297 E/BufferQueueProducer( 1749): [] connect(P): already connected (cur=1 req=1)
08-16 14:39:43.489 I/tvos    ( 1764): GetAudioOutputDevice, retval : 0
08-16 14:39:43.691 E/LetvRemoteupgradeManager-JNI( 2613): can't get LetvManager service!
08-16 14:39:43.740 I/tvos    ( 1764): GetAudioOutputDevice, retval : 0
08-16 14:39:43.838 W/InputDispatcher( 2207): findFocusedWindow finished: injectionResult=0, timeSpentWaitingForApplication=0.0ms
08-16 14:39:43.839 I/GlobalSettings( 2822): BaseMultiLayerDialogHelper -- setDisMissTime on start
08-16 14:39:43.842 W/InputDispatcher( 2207): findFocusedWindow finished: injectionResult=0, timeSpentWaitingForApplication=0.0ms
08-16 14:39:43.843 I/GlobalSettings( 2822): BaseMultiLayerDialogHelper -- setDisMissTime on start
08-16 14:39:43.848 W/InputDispatcher( 2207): Focus left window: Window{210aa71 u0 com.stv.globalsetting}
08-16 14:39:43.848 W/InputDispatcher( 2207): Focus entered window: Window{23c0535 u0 com.stv.launcher/com.stv.launcher.ui.activity.Launcher}
08-16 14:39:43.848 W/InputDispatcher( 2207): Window went away: Window{210aa71 u0 com.stv.globalsetting}
08-16 14:39:43.852 I/GlobalSettings( 2822): SettingDialog --  onBackPressed 
08-16 14:39:43.852 W/InputEventReceiver( 2822): Attempted to finish an input event but the input event receiver has already been disposed.
08-16 14:39:43.852 I/GlobalSettings( 2822): BaseMultiLayerDialogHelper -- dialog is all dismiss,cancel timer
08-16 14:39:43.991 I/tvos    ( 1764): GetAudioOutputDevice, retval : 0
08-16 14:39:44.241 I/tvos    ( 1764): GetAudioOutputDevice, retval : 0
08-16 14:39:44.360 W/InputDispatcher( 2207): findFocusedWindow finished: injectionResult=0, timeSpentWaitingForApplication=0.0ms
08-16 14:39:44.364 W/InputDispatcher( 2207): findFocusedWindow finished: injectionResult=0, timeSpentWaitingForApplication=0.0ms
08-16 14:39:44.491 I/tvos    ( 1764): GetAudioOutputDevice, retval : 0
08-16 14:39:44.742 I/tvos    ( 1764): GetAudioOutputDevice, retval : 0
08-16 14:39:44.867 W/InputDispatcher( 2207): findFocusedWindow finished: injectionResult=0, timeSpentWaitingForApplication=0.0ms
08-16 14:39:44.871 W/InputDispatcher( 2207): findFocusedWindow finished: injectionResult=0, timeSpentWaitingForApplication=0.0ms
08-16 14:39:44.992 I/tvos    ( 1764): GetAudioOutputDevice, retval : 0
08-16 14:39:45.243 I/tvos    ( 1764): GetAudioOutputDevice, retval : 0
08-16 14:39:45.374 W/InputDispatcher( 2207): findFocusedWindow finished: injectionResult=0, timeSpentWaitingForApplication=0.0ms
08-16 14:39:45.378 W/InputDispatcher( 2207): findFocusedWindow finished: injectionResult=0, timeSpentWaitingForApplication=0.0ms
08-16 14:39:45.493 I/tvos    ( 1764): GetAudioOutputDevice, retval : 0
08-16 14:39:45.743 I/tvos    ( 1764): GetAudioOutputDevice, retval : 0
08-16 14:39:45.881 W/InputDispatcher( 2207): findFocusedWindow finished: injectionResult=0, timeSpentWaitingForApplication=0.0ms
08-16 14:39:45.884 W/InputDispatcher( 2207): findFocusedWindow finished: injectionResult=0, timeSpentWaitingForApplication=0.0ms
08-16 14:39:45.994 I/tvos    ( 1764): GetAudioOutputDevice, retval : 0
08-16 14:39:46.244 I/tvos    ( 1764): GetAudioOutputDevice, retval : 0
08-16 14:39:46.495 I/tvos    ( 1764): GetAudioOutputDevice, retval : 0
08-16 14:39:46.692 E/LetvRemoteupgradeManager-JNI( 2613): can't get LetvManager service!
08-16 14:39:46.745 I/tvos    ( 1764): GetAudioOutputDevice, retval : 0
08-16 14:39:46.996 I/tvos    ( 1764): GetAudioOutputDevice, retval : 0
08-16 14:39:47.246 I/tvos    ( 1764): GetAudioOutputDevice, retval : 0
08-16 14:39:47.496 I/tvos    ( 1764): GetAudioOutputDevice, retval : 0
08-16 14:39:47.587 I/tvos    ( 1764): [37m[INFO] Change to Voltage: 1150 mV (0x22)[m
08-16 14:39:47.587 I/tvos    ( 1764): [37m[INFO] Change to Voltage: 1150 mV (0x25)[m
08-16 14:39:47.587 I/tvos    ( 1764): [37m[INFO] Change to Voltage: 1150 mV (0x28)[m
08-16 14:39:47.587 I/tvos    ( 1764): [37m[INFO] Change to Voltage: 1150 mV (0x2B)[m
08-16 14:39:47.587 I/tvos    ( 1764): [37m[INFO] Change to Voltage: 1150 mV (0x2E)[m
08-16 14:39:47.587 I/tvos    ( 1764): [37m[INFO] Change to Voltage: 1150 mV (0x2E)[m
08-16 14:39:47.596 W/InputDispatcher( 2207): findFocusedWindow finished: injectionResult=0, timeSpentWaitingForApplication=0.0ms
08-16 14:39:47.599 W/InputDispatcher( 2207): findFocusedWindow finished: injectionResult=0, timeSpentWaitingForApplication=0.0ms
08-16 14:39:47.687 I/tvos    ( 1764): [37m[INFO] Change to Voltage: 1030 mV (0x2E)[m
08-16 14:39:47.687 I/tvos    ( 1764): [37m[INFO] Change to Voltage: 1030 mV (0x2B)[m
08-16 14:39:47.687 I/tvos    ( 1764): [37m[INFO] Change to Voltage: 1030 mV (0x28)[m
08-16 14:39:47.687 I/tvos    ( 1764): [37m[INFO] Change to Voltage: 1030 mV (0x25)[m
08-16 14:39:47.687 I/tvos    ( 1764): [37m[INFO] Change to Voltage: 1030 mV (0x22)[m
08-16 14:39:47.687 I/tvos    ( 1764): [37m[INFO] Change to Voltage: 1030 mV (0x22)[m
08-16 14:39:47.747 I/tvos    ( 1764): GetAudioOutputDevice, retval : 0
08-16 14:39:47.997 I/tvos    ( 1764): GetAudioOutputDevice, retval : 0
08-16 14:39:48.248 I/tvos    ( 1764): GetAudioOutputDevice, retval : 0
08-16 14:39:48.498 I/tvos    ( 1764): GetAudioOutputDevice, retval : 0
08-16 14:39:48.749 I/tvos    ( 1764): GetAudioOutputDevice, retval : 0
08-16 14:39:48.999 I/tvos    ( 1764): GetAudioOutputDevice, retval : 0
08-16 14:39:49.227 I/System.out(22010): The phone type is: X4-40M
08-16 14:39:49.227 I/LetvTestCase(22010): ==========================case end time is :2018-8-16-2-39-49
08-16 14:39:49.227 I/TestRunner(22010): finished: testAudioOutput(com.letv.cases.leui.SmokeSetting)
08-16 14:39:49.229 I/MonitoringInstrumentation(22010): Activities that are still in CREATED to STOPPED: 0
08-16 14:39:49.230 I/TestRunner(22010): run finished: 1 tests, 0 failed, 0 ignored
08-16 14:39:49.231 I/MonitoringInstrumentation(22010): waitForActivitiesToComplete() took: 0ms
08-16 14:39:49.231 I/MonitoringInstrumentation(22010): Activities that are still in CREATED to STOPPED: 0
08-16 14:39:49.232 W/WindowManager( 2207): Attempted to remove non-existing token: android.os.Binder@331d7fb
08-16 14:39:49.249 I/tvos    ( 1764): GetAudioOutputDevice, retval : 0
08-16 14:39:49.395 I/reService( 2207): onReportKeyEvent  type=type0 keycode=4*4*4*4*4*4*4*4 
08-16 14:39:49.396 E/LETV_DEVICE( 1780): no name sn for Mstar
08-16 14:39:49.415 I/[T1.0.6.3]EuiAgnes_Server( 2837): resCode:1
08-16 14:39:49.416 I/[T1.0.6.3]EuiAgnes_Server( 2837): b[0]:0
08-16 14:39:49.484 I/ActivityManager( 2207): Force stopping com.le.tcauto.uitest appid=10097 user=0: finished inst
08-16 14:39:49.485 I/ActivityManager( 2207): Killing 22010:com.le.tcauto.uitest/u0a97 (adj 0): stop com.le.tcauto.uitest
08-16 14:39:49.491 W/ActivityManager( 2207): Error shutting down UiAutomationConnection
08-16 14:39:49.500 I/tvos    ( 1764): GetAudioOutputDevice, retval : 0
08-16 14:39:49.532 W/art     ( 2207): Long monitor contention event with owner method=void com.android.server.am.ActivityManagerService.finishInstrumentation(android.app.IApplicationThread, int, android.os.Bundle) from ActivityManagerService.java:17778 waiters=0 for 124ms
08-16 14:39:49.546 E/ActivityThread( 2837): Failed to find provider info for com.letv.agnes.InfoProvider
08-16 14:39:49.547 E/ActivityThread( 2837): Failed to find provider info for com.letv.agnes.InfoProvider
08-16 14:39:49.547 W/System.err( 2837): java.lang.IllegalArgumentException: Unknown URL content://com.letv.agnes.InfoProvider
08-16 14:39:49.548 W/System.err( 2837): 	at android.content.ContentResolver.insert(ContentResolver.java:1227)
08-16 14:39:49.548 W/System.err( 2837): 	at com.letv.tracker2.agnes.Configuration.addDebugInfo(Configuration.java:289)
08-16 14:39:49.548 W/System.err( 2837): 	at com.letv.tracker2.agnes.MessageProcessor$SendEnvMsgTr$1.handleMessage(MessageProcessor.java:661)
08-16 14:39:49.548 W/System.err( 2837): 	at android.os.Handler.dispatchMessage(Handler.java:102)
08-16 14:39:49.548 W/System.err( 2837): 	at android.os.Looper.loop(Looper.java:148)
08-16 14:39:49.548 W/System.err( 2837): 	at com.letv.tracker2.agnes.MessageProcessor$SendEnvMsgTr.run(MessageProcessor.java:665)
08-16 14:39:49.692 E/LetvRemoteupgradeManager-JNI( 2613): can't get LetvManager service!
08-16 14:39:49.750 I/tvos    ( 1764): GetAudioOutputDevice, retval : 0
08-16 14:39:50.001 I/tvos    ( 1764): GetAudioOutputDevice, retval : 0
08-16 14:39:50.251 I/tvos    ( 1764): GetAudioOutputDevice, retval : 0
08-16 14:39:50.502 I/tvos    ( 1764): GetAudioOutputDevice, retval : 0
08-16 14:39:50.752 I/tvos    ( 1764): GetAudioOutputDevice, retval : 0
08-16 14:39:51.002 I/tvos    ( 1764): GetAudioOutputDevice, retval : 0
08-16 14:39:51.253 I/tvos    ( 1764): GetAudioOutputDevice, retval : 0
08-16 14:39:51.503 I/tvos    ( 1764): GetAudioOutputDevice, retval : 0
08-16 14:39:51.754 I/tvos    ( 1764): GetAudioOutputDevice, retval : 0
08-16 14:39:51.771 I/WifiStateMachine( 2207):  DisconnectedState !CMD_START_SCAN  rt=512458204/512458204 -2 34142 ic=1 proc(ms):15010 dur:2914 cnt=34142 rssi=-127 f=-1 sc=0 link=-1 tx=0.0, 0.0, 0.0  rx=0.0 fiv=20000 [on:0 tx:0 rx:0 period:15005] from screen [on:0 period:1098267099]
08-16 14:39:51.771 I/WifiStateMachine( 2207): handlescanrequest  starting scan for 
08-16 14:39:51.771 I/WifiStateMachine( 2207): startscannative  starting scan for 
08-16 14:39:52.004 I/tvos    ( 1764): GetAudioOutputDevice, retval : 0
08-16 14:39:52.255 I/tvos    ( 1764): GetAudioOutputDevice, retval : 0
08-16 14:39:52.505 I/tvos    ( 1764): GetAudioOutputDevice, retval : 0
08-16 14:39:52.692 E/LetvRemoteupgradeManager-JNI( 2613): can't get LetvManager service!
08-16 14:39:52.755 I/tvos    ( 1764): GetAudioOutputDevice, retval : 0
08-16 14:39:53.006 I/tvos    ( 1764): GetAudioOutputDevice, retval : 0
08-16 14:39:53.256 I/tvos    ( 1764): GetAudioOutputDevice, retval : 0
08-16 14:39:53.507 I/tvos    ( 1764): GetAudioOutputDevice, retval : 0
08-16 14:39:53.757 I/tvos    ( 1764): GetAudioOutputDevice, retval : 0
08-16 14:39:54.008 I/tvos    ( 1764): GetAudioOutputDevice, retval : 0
08-16 14:39:54.258 I/tvos    ( 1764): GetAudioOutputDevice, retval : 0
08-16 14:39:54.508 I/tvos    ( 1764): GetAudioOutputDevice, retval : 0
08-16 14:39:54.617 I/WifiStateMachine( 2207):  DisconnectedState !SCAN_RESULTS_EVENT  rt=512461050/512461050 0 0 found=167 known=0 got=167 bcn=0 con=0
08-16 14:39:54.617 I/WifiStateMachine( 2207):  ConnectModeState !SCAN_RESULTS_EVENT  rt=512461050/512461050 0 0 found=167 known=0 got=167 bcn=0 con=0
08-16 14:39:54.618 I/WifiStateMachine( 2207):  DriverStartedState !SCAN_RESULTS_EVENT  rt=512461051/512461051 0 0 found=167 known=0 got=167 bcn=0 con=0
08-16 14:39:54.618 I/WifiStateMachine( 2207):  SupplicantStartedState !SCAN_RESULTS_EVENT  rt=512461051/512461051 0 0 found=167 known=0 got=167 bcn=0 con=0
08-16 14:39:54.686 I/WifiStateMachine( 2207): setscanresults newsupplicantresult
08-16 14:39:54.759 I/tvos    ( 1764): GetAudioOutputDevice, retval : 0
08-16 14:39:55.009 I/tvos    ( 1764): GetAudioOutputDevice, retval : 0
08-16 14:39:55.260 I/tvos    ( 1764): GetAudioOutputDevice, retval : 0
08-16 14:39:55.510 I/tvos    ( 1764): GetAudioOutputDevice, retval : 0
08-16 14:39:55.693 E/LetvRemoteupgradeManager-JNI( 2613): can't get LetvManager service!
08-16 14:39:55.761 I/tvos    ( 1764): GetAudioOutputDevice, retval : 0
08-16 14:39:56.011 I/tvos    ( 1764): GetAudioOutputDevice, retval : 0
08-16 14:39:56.262 I/tvos    ( 1764): GetAudioOutputDevice, retval : 0
08-16 14:39:56.512 I/tvos    ( 1764): GetAudioOutputDevice, retval : 0
08-16 14:39:56.762 I/tvos    ( 1764): GetAudioOutputDevice, retval : 0
08-16 14:39:57.013 I/tvos    ( 1764): GetAudioOutputDevice, retval : 0
08-16 14:39:57.263 I/tvos    ( 1764): GetAudioOutputDevice, retval : 0
08-16 14:39:57.514 I/tvos    ( 1764): GetAudioOutputDevice, retval : 0
08-16 14:39:57.764 I/tvos    ( 1764): GetAudioOutputDevice, retval : 0
08-16 14:39:58.014 I/tvos    ( 1764): GetAudioOutputDevice, retval : 0
08-16 14:39:58.265 I/tvos    ( 1764): GetAudioOutputDevice, retval : 0
08-16 14:39:58.515 I/tvos    ( 1764): GetAudioOutputDevice, retval : 0
08-16 14:39:58.693 E/LetvRemoteupgradeManager-JNI( 2613): can't get LetvManager service!
08-16 14:39:58.752 I/tvos    ( 1764): bq32kDriver:rtc_read_time.
08-16 14:39:58.752 I/tvos    ( 1764): [hq]rtc_read_time: read 0x58 0x39 0xc6 0x05 0x16 0x08 0x18
08-16 14:39:58.752 I/tvos    ( 1764): rtc_read_time: date 58s 39m 6h 16md 7m 118y
08-16 14:39:58.752 I/tvos    ( 1764): rtc read time:2018-8-16 6:39:58.
08-16 14:39:58.752 I/tvos    ( 1764): tm_year = 2018, tm_mon = 8, tm_mday = 16, tm_hour = 6,tm_min= 39,  tm_sec = 58
08-16 14:39:58.752 I/tvos    ( 1764): timeSeconds:1534401598 rtcTimeSeconds:1534401598.
08-16 14:39:58.766 I/tvos    ( 1764): GetAudioOutputDevice, retval : 0
08-16 14:39:59.016 I/tvos    ( 1764): GetAudioOutputDevice, retval : 0
08-16 14:39:59.266 I/tvos    ( 1764): GetAudioOutputDevice, retval : 0
08-16 14:39:59.517 I/tvos    ( 1764): GetAudioOutputDevice, retval : 0
08-16 14:39:59.767 I/tvos    ( 1764): GetAudioOutputDevice, retval : 0
08-16 14:40:00.018 I/tvos    ( 1764): GetAudioOutputDevice, retval : 0
08-16 14:40:00.268 I/tvos    ( 1764): GetAudioOutputDevice, retval : 0
08-16 14:40:00.518 I/tvos    ( 1764): GetAudioOutputDevice, retval : 0
08-16 14:40:00.769 I/tvos    ( 1764): GetAudioOutputDevice, retval : 0
08-16 14:40:01.019 I/tvos    ( 1764): GetAudioOutputDevice, retval : 0
08-16 14:40:01.270 I/tvos    ( 1764): GetAudioOutputDevice, retval : 0
08-16 14:40:01.520 I/tvos    ( 1764): GetAudioOutputDevice, retval : 0
08-16 14:40:01.694 E/LetvRemoteupgradeManager-JNI( 2613): can't get LetvManager service!
08-16 14:40:01.771 I/tvos    ( 1764): GetAudioOutputDevice, retval : 0
08-16 14:40:02.021 I/tvos    ( 1764): GetAudioOutputDevice, retval : 0
08-16 14:40:02.272 I/tvos    ( 1764): GetAudioOutputDevice, retval : 0
08-16 14:40:02.522 I/tvos    ( 1764): GetAudioOutputDevice, retval : 0
08-16 14:40:02.772 I/tvos    ( 1764): GetAudioOutputDevice, retval : 0
