--------- beginning of main
08-16 14:39:31.716 I/tvos    ( 1764): GetAudioOutputDevice, retval : 0
08-16 14:39:31.967 I/tvos    ( 1764): GetAudioOutputDevice, retval : 0
08-16 14:39:32.217 I/tvos    ( 1764): GetAudioOutputDevice, retval : 0
08-16 14:39:32.468 I/tvos    ( 1764): GetAudioOutputDevice, retval : 0
08-16 14:39:32.718 I/tvos    ( 1764): GetAudioOutputDevice, retval : 0
08-16 14:39:32.853 I/Radio-JNI(21998): register_android_hardware_Radio DONE
--------- beginning of system
08-16 14:39:32.881 I/ActivityManager( 2207): Force stopping com.le.tcauto.uitest appid=10097 user=0: start instr
08-16 14:39:32.892 I/art     (22010): Late-enabling -Xcheck:jni
08-16 14:39:32.893 I/ActivityManager( 2207): Start proc 22010:com.le.tcauto.uitest/u0a97 for added application com.le.tcauto.uitest
08-16 14:39:32.937 W/System  (22010): ClassLoader referenced unknown path: /data/app/com.le.tcauto.uitest.test-1/lib/arm64
08-16 14:39:32.937 W/System  (22010): ClassLoader referenced unknown path: /data/app/com.le.tcauto.uitest-1/lib/arm64
08-16 14:39:32.952 I/MonitoringInstrumentation(22010): Instrumentation Started!
08-16 14:39:32.952 I/MonitoringInstrumentation(22010): Setting context classloader to 'dalvik.system.PathClassLoader[DexPathList[[zip file "/system/framework/android.test.runner.jar", zip file "/data/app/com.le.tcauto.uitest.test-1/base.apk", zip file "/data/app/com.le.tcauto.uitest-1/base.apk"],nativeLibraryDirectories=[/data/app/com.le.tcauto.uitest.test-1/lib/arm64, /data/app/com.le.tcauto.uitest-1/lib/arm64, /vendor/lib64, /system/lib64]]]', Original: 'dalvik.system.PathClassLoader[DexPathList[[zip file "/system/framework/android.test.runner.jar", zip file "/data/app/com.le.tcauto.uitest.test-1/base.apk", zip file "/data/app/com.le.tcauto.uitest-1/base.apk"],nativeLibraryDirectories=[/data/app/com.le.tcauto.uitest.test-1/lib/arm64, /data/app/com.le.tcauto.uitest-1/lib/arm64, /vendor/lib64, /system/lib64]]]'
08-16 14:39:32.956 I/MonitoringInstrumentation(22010): No JSBridge.
08-16 14:39:32.956 I/MonitoringInstrumentation(22010): java.lang.ClassNotFoundException: android.support.test.espresso.web.bridge.JavaScriptBridge
08-16 14:39:32.956 I/MonitoringInstrumentation(22010): 	at java.lang.Class.classForName(Native Method)
08-16 14:39:32.956 I/MonitoringInstrumentation(22010): 	at java.lang.Class.forName(Class.java:324)
08-16 14:39:32.956 I/MonitoringInstrumentation(22010): 	at java.lang.Class.forName(Class.java:285)
08-16 14:39:32.956 I/MonitoringInstrumentation(22010): 	at android.support.test.runner.MonitoringInstrumentation.tryLoadingJsBridge(MonitoringInstrumentation.java:612)
08-16 14:39:32.956 I/MonitoringInstrumentation(22010): 	at android.support.test.runner.MonitoringInstrumentation.access$100(MonitoringInstrumentation.java:88)
08-16 14:39:32.956 I/MonitoringInstrumentation(22010): 	at android.support.test.runner.MonitoringInstrumentation$3.run(MonitoringInstrumentation.java:223)
08-16 14:39:32.956 I/MonitoringInstrumentation(22010): 	at android.app.Instrumentation$SyncRunnable.run(Instrumentation.java:1897)
08-16 14:39:32.956 I/MonitoringInstrumentation(22010): 	at android.os.Handler.handleCallback(Handler.java:739)
08-16 14:39:32.956 I/MonitoringInstrumentation(22010): 	at android.os.Handler.dispatchMessage(Handler.java:95)
08-16 14:39:32.956 I/MonitoringInstrumentation(22010): 	at android.os.Looper.loop(Looper.java:148)
08-16 14:39:32.956 I/MonitoringInstrumentation(22010): 	at android.app.ActivityThread.main(ActivityThread.java:5423)
08-16 14:39:32.956 I/MonitoringInstrumentation(22010): 	at java.lang.reflect.Method.invoke(Native Method)
08-16 14:39:32.956 I/MonitoringInstrumentation(22010): 	at com.android.internal.os.ZygoteInit$MethodAndArgsCaller.run(ZygoteInit.java:744)
08-16 14:39:32.956 I/MonitoringInstrumentation(22010): 	at com.android.internal.os.ZygoteInit.main(ZygoteInit.java:634)
08-16 14:39:32.956 I/MonitoringInstrumentation(22010): Caused by: java.lang.ClassNotFoundException: Didn't find class "android.support.test.espresso.web.bridge.JavaScriptBridge" on path: DexPathList[[zip file "/system/framework/android.test.runner.jar", zip file "/data/app/com.le.tcauto.uitest.test-1/base.apk", zip file "/data/app/com.le.tcauto.uitest-1/base.apk"],nativeLibraryDirectories=[/data/app/com.le.tcauto.uitest.test-1/lib/arm64, /data/app/com.le.tcauto.uitest-1/lib/arm64, /vendor/lib64, /system/lib64]]
08-16 14:39:32.956 I/MonitoringInstrumentation(22010): 	at dalvik.system.BaseDexClassLoader.findClass(BaseDexClassLoader.java:56)
08-16 14:39:32.956 I/MonitoringInstrumentation(22010): 	at java.lang.ClassLoader.loadClass(ClassLoader.java:511)
08-16 14:39:32.956 I/MonitoringInstrumentation(22010): 	at java.lang.ClassLoader.loadClass(ClassLoader.java:469)
08-16 14:39:32.956 I/MonitoringInstrumentation(22010): 	... 14 more
08-16 14:39:32.956 I/MonitoringInstrumentation(22010): 	Suppressed: java.lang.ClassNotFoundException: android.support.test.espresso.web.bridge.JavaScriptBridge
08-16 14:39:32.956 I/MonitoringInstrumentation(22010): 		at java.lang.Class.classForName(Native Method)
08-16 14:39:32.956 I/MonitoringInstrumentation(22010): 		at java.lang.BootClassLoader.findClass(ClassLoader.java:781)
08-16 14:39:32.956 I/MonitoringInstrumentation(22010): 		at java.lang.BootClassLoader.loadClass(ClassLoader.java:841)
08-16 14:39:32.956 I/MonitoringInstrumentation(22010): 		at java.lang.ClassLoader.loadClass(ClassLoader.java:504)
08-16 14:39:32.956 I/MonitoringInstrumentation(22010): 		... 15 more
08-16 14:39:32.956 I/MonitoringInstrumentation(22010): 	Caused by: java.lang.NoClassDefFoundError: Class not found using the boot class loader; no stack trace available
08-16 14:39:32.969 I/tvos    ( 1764): GetAudioOutputDevice, retval : 0
08-16 14:39:32.992 I/TestRunner(22010): run started: 1 tests
08-16 14:39:32.995 I/TestRunner(22010): started: testAudioOutput(com.letv.cases.leui.SmokeSetting)
08-16 14:39:32.998 I/MonitoringInstrumentation(22010): Activities that are still in CREATED to STOPPED: 0
08-16 14:39:33.010 I/LetvTestCase(22010): =====================case start time is :2018-8-16-2-39-33
08-16 14:39:33.015 I/System.out(22010): The folder /sdcard/AutoSmoke_UI30/testAudioOutput_20180816_143926 has existed!
08-16 14:39:33.015 I/System.out(22010): current_case_root_folder=testAudioOutput_20180816_143926
08-16 14:39:33.219 I/tvos    ( 1764): GetAudioOutputDevice, retval : 0
08-16 14:39:33.470 I/tvos    ( 1764): GetAudioOutputDevice, retval : 0
08-16 14:39:33.516 W/InputDispatcher( 2207): findFocusedWindow finished: injectionResult=0, timeSpentWaitingForApplication=0.0ms
08-16 14:39:33.520 W/InputDispatcher( 2207): findFocusedWindow finished: injectionResult=0, timeSpentWaitingForApplication=0.0ms
08-16 14:39:33.720 I/tvos    ( 1764): GetAudioOutputDevice, retval : 0
08-16 14:39:33.971 I/tvos    ( 1764): GetAudioOutputDevice, retval : 0
08-16 14:39:34.030 I/WindowManager( 2207): startSettingMain------------------
08-16 14:39:34.030 I/SettingUtil( 2207):  startSettingMain
08-16 14:39:34.031 I/GlobalSettings( 2822): GlobalSettingService -- startSettingMain
08-16 14:39:34.031 I/GlobalSettings( 2822): SettingsApp -- updateStartTime time=1534401574031
08-16 14:39:34.032 I/GlobalSettings( 2822): GlobalSettingService -- isCanRecoverDialog=false
08-16 14:39:34.034 I/System.out( 2822): From style:
08-16 14:39:34.034 I/System.out( 2822): Attrs: 3010001=0.6 3010002=#0 3010003=null 3010004=true
08-16 14:39:34.040 W/InputDispatcher( 2207): findFocusedWindow finished: injectionResult=0, timeSpentWaitingForApplication=0.0ms
08-16 14:39:34.057 I/GlobalSettings( 2822): SettingDialog -- --------is main -------uiType:cibn
08-16 14:39:34.059 I/GlobalSettings( 2822): SettingDialog -- ---------LetvManager.getLetvDimensions()-----------2D
08-16 14:39:34.062 W/ContextImpl( 2822): Calling a method in the system process without a qualified user: android.app.ContextImpl.startService:1224 android.content.ContextWrapper.startService:581 com.stv.settingadapter.PqManager.updateBinder:2843 com.stv.settingadapter.PqManager.getInstance:616 com.stv.globalsetting.dialog.SettingDialog.onCreate:129 
08-16 14:39:34.119 W/InputDispatcher( 2207): Focus left window: Window{23c0535 u0 com.stv.launcher/com.stv.launcher.ui.activity.Launcher}
08-16 14:39:34.119 W/InputDispatcher( 2207): Focus entered window: Window{210aa71 u0 com.stv.globalsetting}
08-16 14:39:34.125 I/GlobalSettings( 2822): BaseMultiLayerDialogHelper -- setDisMissTime on start
08-16 14:39:34.126 W/ContextImpl( 2822): Calling a method in the system process without a qualified user: android.app.ContextImpl.sendBroadcast:766 android.content.ContextWrapper.sendBroadcast:396 com.stv.globalsetting.service.GlobalSettingService.sendSettingOpenMsg:433 com.stv.globalsetting.service.GlobalSettingService$ActionCreateAndShowDialog.run:321 android.os.Handler.handleCallback:739 
08-16 14:39:34.127 I/GlobalSettings( 2822): ReportEuiLog_U -- ReportEuiLog action is: tvaction and reportmsg is: action=quickSetOpen
08-16 14:39:34.129 I/GlobalSettings( 2822): GlobalSettingService -- quick_open_result is: true
08-16 14:39:34.154 E/BufferQueueProducer( 1749): [] connect(P): already connected (cur=1 req=1)
08-16 14:39:34.162 I/GlobalSettings( 2822): SettingDialog -- gain focus, report lunch time
08-16 14:39:34.162 I/GlobalSettings( 2822): SettingsApp -- reportStartTime time=1534401574162 lunch time=131
08-16 14:39:34.162 I/GlobalSettings( 2822): SettingsApp -- upload  boot time json {"app.launch_time":131,"attr":{"name":"com.stv.globalsetting"}}
08-16 14:39:34.167 W/InputMethodManagerService( 2207): Starting input on non-focused client com.android.internal.view.IInputMethodClient$Stub$Proxy@7163e83 (uid=1000 pid=3007)
08-16 14:39:34.185 I/LetvManager-LogReport( 1780): [send_msg] line: 490 report url = http://log.hdtv.cp21.ott.cibntv.net:80/api/log/tvAction
08-16 14:39:34.221 I/tvos    ( 1764): GetAudioOutputDevice, retval : 0
08-16 14:39:34.376 I/reService( 2207): onReportKeyEvent  type=type0 keycode=4*176 
08-16 14:39:34.378 E/LETV_DEVICE( 1780): no name sn for Mstar
08-16 14:39:34.398 E/ActivityThread( 2837): Failed to find provider info for com.letv.agnes.InfoProvider
08-16 14:39:34.399 E/ActivityThread( 2837): Failed to find provider info for com.letv.agnes.InfoProvider
08-16 14:39:34.399 W/System.err( 2837): java.lang.IllegalArgumentException: Unknown URL content://com.letv.agnes.InfoProvider
08-16 14:39:34.399 W/System.err( 2837): 	at android.content.ContentResolver.insert(ContentResolver.java:1227)
08-16 14:39:34.400 W/System.err( 2837): 	at com.letv.tracker2.agnes.Configuration.addDebugInfo(Configuration.java:289)
08-16 14:39:34.400 W/System.err( 2837): 	at com.letv.tracker2.agnes.MessageProcessor$SendEnvMsgTr$1.handleMessage(MessageProcessor.java:661)
08-16 14:39:34.400 W/System.err( 2837): 	at android.os.Handler.dispatchMessage(Handler.java:102)
08-16 14:39:34.400 W/System.err( 2837): 	at android.os.Looper.loop(Looper.java:148)
08-16 14:39:34.400 W/System.err( 2837): 	at com.letv.tracker2.agnes.MessageProcessor$SendEnvMsgTr.run(MessageProcessor.java:665)
08-16 14:39:34.409 I/[T1.0.6.3]EuiAgnes_Server( 2837): resCode:1
08-16 14:39:34.409 I/[T1.0.6.3]EuiAgnes_Server( 2837): b[0]:0
08-16 14:39:34.472 I/tvos    ( 1764): GetAudioOutputDevice, retval : 0
08-16 14:39:34.689 E/LetvRemoteupgradeManager-JNI( 2613): can't get LetvManager service!
08-16 14:39:34.722 I/tvos    ( 1764): GetAudioOutputDevice, retval : 0
08-16 14:39:34.972 I/tvos    ( 1764): GetAudioOutputDevice, retval : 0
08-16 14:39:35.057 W/InputDispatcher( 2207): findTouchedWindow finished: injectionResult=0, injectionPermission=1, timeSpentWaitingForApplication=0.0ms
08-16 14:39:35.060 W/InputDispatcher( 2207): findTouchedWindow finished: injectionResult=0, injectionPermission=1, timeSpentWaitingForApplication=0.0ms
08-16 14:39:35.061 I/SoundPool( 2207): enter : func play
08-16 14:39:35.068 I/APM::AudioPolicyEngine( 1758): getDeviceForStrategy, 359
08-16 14:39:35.068 I/audio_hw_primary( 1758): version:a00004 adev_create_audio_patch::mix->device 
08-16 14:39:35.068 I/audio_hw_primary( 1758): adev_create_audio_patch *handle=-1420227928 num_audio_patch=3
08-16 14:39:35.069 E/AudioManagerService( 1803): setAudioVolume(callingPid 1758, clientPid 1758, enSoundPath 0, volumn:0 )
08-16 14:39:35.072 I/tvos    ( 1764): SetVolume, subWooExist 0!
08-16 14:39:35.072 I/tvos    ( 1764): mapi_audio_customer::SetAbsoluteVolume: project name is X440M
08-16 14:39:35.072 I/tvos    ( 1764): SetAbsoluteVolume: uPercent : 0, path=52(speaker), VolumeInt=7f, VolumeFra=0
08-16 14:39:35.072 I/tvos    ( 1764): SetAbsoluteVolume: uPercent(currVol) : 0, realPath=52(default), VolumeInt=7f, VolumeFra=0
08-16 14:39:35.072 I/tvos    ( 1764): mapi_audio_customer::SetAbsoluteVolume: project name is X440M
08-16 14:39:35.072 I/tvos    ( 1764): SetAbsoluteVolume: uPercent : 0, path=49(HP), VolumeInt=7f, VolumeFra=0
08-16 14:39:35.072 I/tvos    ( 1764): SetAbsoluteVolume: uPercent(currVol) : 0, realPath=49(default), VolumeInt=7f, VolumeFra=0
08-16 14:39:35.072 I/tvos    ( 1764): mapi_audio_customer::SetAbsoluteVolume: project name is X440M
08-16 14:39:35.072 I/tvos    ( 1764): SetAbsoluteVolume, m_bBTDetect is false! 
08-16 14:39:35.072 I/tvos    ( 1764): mapi_audio_customer::SetAbsoluteVolume: project name is X440M
08-16 14:39:35.072 I/tvos    ( 1764): SetAbsoluteVolume: uPercent : 0, path=255(speaker), VolumeInt=7f, VolumeFra=0
08-16 14:39:35.072 I/tvos    ( 1764): SetAbsoluteVolume: uPercent(currVol) : 0, realPath=255(default), VolumeInt=7f, VolumeFra=0
08-16 14:39:35.072 I/tvos    ( 1764): [SetMuteStatus] call SetSoundMuteStatus, line : 10369, muteType: 4, onOff : 0 
08-16 14:39:35.072 I/tvos    ( 1764): [audioBSP] #1 m_internalMute : 0 ..
08-16 14:39:35.072 I/tvos    ( 1764): #1|->SDK_bPermanentAudioMute:0<-|->SDK_bMomentAudioMute:0 <-|->SDK_bBySyncAudioMute:0<-|->SDK_bByBlockAudioMute:0<-|->SDK_bByVChipAudioMute:0<-|
08-16 14:39:35.072 I/tvos    ( 1764): #1|->SDK_bInternal1AudioMute:0<-|->SDK_bInternal2AudioMute:0<-|->SDK_bInternal3AudioMute:0<-|->SDK_bInternal4AudioMute:0<-|
08-16 14:39:35.072 I/tvos    ( 1764): #1|->SDK_bByScanInOutchgCHchg:0<-|->SDK_bByDuringLimitedTimeAudioMute:0<-|->SDK_bSourceSwitchAudioMute:0<-|
08-16 14:39:35.072 I/tvos    ( 1764): #1|->SDK_bMHEGApMute:0<-|->SDK_bAllAudioMuteCtrl:0<-|->SDK_bPowerOnMute:0<-|->SDK_bNullSourceMute0<-|->SDK_bSetInputSourceAudioMute:0<-|
08-16 14:39:35.073 I/tvos    ( 1764): [audioBSP] #2 m_spkrMute : 0 ..|->SDK_bUsrSpkrAudioMute:0<-|->SDK_bPowerOnMute:0<-|->SDK_bByUserAudioMute:0<-|
08-16 14:39:35.073 I/tvos    ( 1764): [audioBSP] #3 m_PcmCapture2Mute:0 |->SDK_bByUserPcmCapture2Mute:0<-|->SDK_SUB_bByUserAudioMute:0<-|->SDK_bByUserAudioMute:0<-|
08-16 14:39:35.073 I/tvos    ( 1764): [audioBSP] #5 m_hpMute : 1 ..|->SDK_bUsrHpAudioMute:1<-|->SDK_bPowerOnMute:0<-|->SDK_bByUserAudioMute:0<-|
08-16 14:39:35.073 I/tvos    ( 1764): [audioBSP] #12 m_spdifMute : 1 ..
08-16 14:39:35.073 I/tvos    ( 1764): #12|->SDK_bPermanentAudioMute:0<-|->SDK_bMomentAudioMute:0<-|->SDK_bByBlockAudioMute:0<-|
08-16 14:39:35.073 I/tvos    ( 1764): #12|->SDK_bByVChipAudioMute:0<-|->SDK_bInternal1AudioMute:0<-|->SDK_bInternal4AudioMute:0<-|
08-16 14:39:35.073 I/tvos    ( 1764): #12|->SDK_bByDuringLimitedTimeAudioMute:0<-|->SDK_bSourceSwitchAudioMute:0<-|->SDK_bMHEGApMute:0<-|
08-16 14:39:35.073 I/tvos    ( 1764): #12|->SDK_bPowerOnMute:0<-|->SDK_bUsrSpdifAudioMute:1<-|->SDK_bNullSourceMute:0<-|->SDK_bByAppMute:0<-|
08-16 14:39:35.073 I/tvos    ( 1764): ---Amplifier_ALC1310_LR_SWMute(0)
08-16 14:39:35.073 I/tvos    ( 1764): ALC1310 unmute good, addr: 0x13 readbackvalue: 4 
08-16 14:39:35.075 I/AudioUtil( 1758): setParameters spk_volume=0
08-16 14:39:35.075 I/audio_hw_primary( 1758): adev_set_parameters: spk_volume=0
08-16 14:39:35.077 I/tvos    ( 1764): SetSoundMuteStatus : m_hpMute : 1, m_spdifMute : 1, m_DataInMute : 0, m_channel7Mute : 0, m_internalMute : 0, m_spkrMute : 0, m_PcmCapture1Mute : 0, m_PcmCapture2Mute : 0 
08-16 14:39:35.077 I/tvos    ( 1764): GetAudioOutputDevice, retval : 0
08-16 14:39:35.078 I/tvos    ( 1764): [SetMuteStatus] call SetSoundMuteStatus, line : 10369, muteType: 67108864, onOff : 1 
08-16 14:39:35.078 I/tvos    ( 1764): _TransMSrvMuteTypeToSDKMuteType: Err! muteType(67108864) is out of Range
08-16 14:39:35.081 I/tvos    ( 1764): [SetMuteStatus] call SetSoundMuteStatus, line : 10369, muteType: 4, onOff : 1 
08-16 14:39:35.081 I/tvos    ( 1764): [audioBSP] #1 m_internalMute : 0 ..
08-16 14:39:35.081 I/tvos    ( 1764): #1|->SDK_bPermanentAudioMute:0<-|->SDK_bMomentAudioMute:0 <-|->SDK_bBySyncAudioMute:0<-|->SDK_bByBlockAudioMute:0<-|->SDK_bByVChipAudioMute:0<-|
08-16 14:39:35.081 I/tvos    ( 1764): #1|->SDK_bInternal1AudioMute:0<-|->SDK_bInternal2AudioMute:0<-|->SDK_bInternal3AudioMute:0<-|->SDK_bInternal4AudioMute:0<-|
08-16 14:39:35.081 I/tvos    ( 1764): #1|->SDK_bByScanInOutchgCHchg:0<-|->SDK_bByDuringLimitedTimeAudioMute:0<-|->SDK_bSourceSwitchAudioMute:0<-|
08-16 14:39:35.081 I/tvos    ( 1764): #1|->SDK_bMHEGApMute:0<-|->SDK_bAllAudioMuteCtrl:0<-|->SDK_bPowerOnMute:0<-|->SDK_bNullSourceMute0<-|->SDK_bSetInputSourceAudioMute:0<-|
08-16 14:39:35.081 I/tvos    ( 1764): [audioBSP] #2 m_spkrMute : 1 ..|->SDK_bUsrSpkrAudioMute:0<-|->SDK_bPowerOnMute:0<-|->SDK_bByUserAudioMute:1<-|
08-16 14:39:35.081 I/tvos    ( 1764): [audioBSP] #3 m_PcmCapture2Mute:1 |->SDK_bByUserPcmCapture2Mute:0<-|->SDK_SUB_bByUserAudioMute:0<-|->SDK_bByUserAudioMute:1<-|
08-16 14:39:35.081 I/tvos    ( 1764): [audioBSP] #5 m_hpMute : 1 ..|->SDK_bUsrHpAudioMute:1<-|->SDK_bPowerOnMute:0<-|->SDK_bByUserAudioMute:1<-|
08-16 14:39:35.081 I/tvos    ( 1764): [audioBSP] #12 m_spdifMute : 1 ..
08-16 14:39:35.081 I/tvos    ( 1764): #12|->SDK_bPermanentAudioMute:0<-|->SDK_bMomentAudioMute:0<-|->SDK_bByBlockAudioMute:0<-|
08-16 14:39:35.081 I/tvos    ( 1764): #12|->SDK_bByVChipAudioMute:0<-|->SDK_bInternal1AudioMute:0<-|->SDK_bInternal4AudioMute:0<-|
08-16 14:39:35.081 I/tvos    ( 1764): #12|->SDK_bByDuringLimitedTimeAudioMute:0<-|->SDK_bSourceSwitchAudioMute:0<-|->SDK_bMHEGApMute:0<-|
08-16 14:39:35.081 I/tvos    ( 1764): #12|->SDK_bPowerOnMute:0<-|->SDK_bUsrSpdifAudioMute:1<-|->SDK_bNullSourceMute:0<-|->SDK_bByAppMute:0<-|
08-16 14:39:35.081 I/tvos    ( 1764): ---Amplifier_ALC1310_LR_SWMute(1)
08-16 14:39:35.081 I/tvos    ( 1764): ALC1310 mute write good, addr: 0x13, readback data : 49164, write cmd times : 1
08-16 14:39:35.084 I/tvos    ( 1764): SetSoundMuteStatus : m_hpMute : 1, m_spdifMute : 1, m_DataInMute : 0, m_channel7Mute : 0, m_internalMute : 0, m_spkrMute : 1, m_PcmCapture1Mute : 0, m_PcmCapture2Mute : 1 
08-16 14:39:35.099 E/audio_hw_primary( 1758): out_get_presentation_position pcm_get_htimestamp(pcm, &avail, timestamp) != 0!!!
08-16 14:39:35.223 I/tvos    ( 1764): GetAudioOutputDevice, retval : 0
08-16 14:39:35.323 I/System.out( 2822): From style:
08-16 14:39:35.323 I/System.out( 2822): Attrs: 3010001=0.6 3010002=#0 3010003=null 3010004=true
08-16 14:39:35.328 W/ContextImpl( 2822): Calling a method in the system process without a qualified user: android.app.ContextImpl.startService:1224 android.content.ContextWrapper.startService:581 com.stv.settingadapter.EqManager.updateBinder:869 com.stv.settingadapter.EqManager.getInstance:176 com.stv.globalsetting.dialog.SoundDialog.initData:79 
08-16 14:39:35.394 I/ActivityManager( 2207): Start proc 22042:com.mstar.android.providers.tv/1000 for content provider com.mstar.android.providers.tv/.TvUserSettingProvider
08-16 14:39:35.428 W/System  (22042): ClassLoader referenced unknown path: /system/app/MTvProvider/lib/arm64
08-16 14:39:35.434 E/TvUserSettingProvider(22042): open db start
08-16 14:39:35.444 E/TvUserSettingProvider(22042): open db success
08-16 14:39:35.455 I/TvManager(22042): customerIni=/tvconfig/config/model/Customer_36.ini
08-16 14:39:35.456 I/TvManager(22042): dbPath=/factory/Database/factory_priv_X440M_SAMSUNG_DLED.db
08-16 14:39:35.456 I/TvManager(22042): dbPath=/factory/Database/factory_priv_X440M_SAMSUNG_DLED.db
08-16 14:39:35.456 I/FactorypriProvider(22042): dbPath=/factory/Database/factory_priv_X440M_SAMSUNG_DLED.db
08-16 14:39:35.456 E/FactoryProvider(22042): ================>>>>>> open db start
08-16 14:39:35.459 E/FactoryProvider(22042): ================>>>>>> open db success
08-16 14:39:35.460 E/TvFactoryProvider(22042): open db start
08-16 14:39:35.464 E/TvFactoryProvider(22042): open db success
08-16 14:39:35.473 I/tvos    ( 1764): GetAudioOutputDevice, retval : 0
08-16 14:39:35.538 W/InputDispatcher( 2207): Focus left window: Window{210aa71 u0 com.stv.globalsetting}
08-16 14:39:35.538 W/InputDispatcher( 2207): Focus entered window: Window{84936a9 u0 com.stv.globalsetting}
08-16 14:39:35.540 I/GlobalSettings( 2822): BaseMultiLayerDialogHelper -- setDisMissTime on start
08-16 14:39:35.540 I/GlobalSettings( 2822): ReportEuiLog_U -- ReportEuiLog action is: tvaction and reportmsg is: action=perQuickSetClick&setModule=7
08-16 14:39:35.543 I/GlobalSettings( 2822): SettingDialog -- Open_SoundDialog_Result is: true
08-16 14:39:35.575 E/BufferQueueProducer( 1749): [] connect(P): already connected (cur=1 req=1)
08-16 14:39:35.591 I/LetvManager-LogReport( 1780): [send_msg] line: 490 report url = http://log.hdtv.cp21.ott.cibntv.net:80/api/log/tvAction
08-16 14:39:35.601 I/APM::AudioPolicyEngine( 1758): getDeviceForStrategy, 359
08-16 14:39:35.659 E/BufferQueueProducer( 1749): [] connect(P): already connected (cur=1 req=1)
08-16 14:39:35.670 E/SurfaceFlinger( 1749): rejecting buffer: bufWidth=601, bufHeight=1080, front.active.{w=600, h=1080}
08-16 14:39:35.677 E/BufferQueueProducer( 1749): [] connect(P): already connected (cur=1 req=1)
08-16 14:39:35.710 E/SurfaceFlinger( 1749): rejecting buffer: bufWidth=602, bufHeight=1080, front.active.{w=600, h=1080}
08-16 14:39:35.716 E/BufferQueueProducer( 1749): [] connect(P): already connected (cur=1 req=1)
08-16 14:39:35.724 I/tvos    ( 1764): GetAudioOutputDevice, retval : 0
08-16 14:39:35.750 E/SurfaceFlinger( 1749): rejecting buffer: bufWidth=607, bufHeight=1080, front.active.{w=600, h=1080}
08-16 14:39:35.757 E/BufferQueueProducer( 1749): [] connect(P): already connected (cur=1 req=1)
08-16 14:39:35.790 E/SurfaceFlinger( 1749): rejecting buffer: bufWidth=610, bufHeight=1080, front.active.{w=600, h=1080}
08-16 14:39:35.797 E/BufferQueueProducer( 1749): [] connect(P): already connected (cur=1 req=1)
08-16 14:39:35.830 E/SurfaceFlinger( 1749): rejecting buffer: bufWidth=616, bufHeight=1080, front.active.{w=600, h=1080}
08-16 14:39:35.836 E/BufferQueueProducer( 1749): [] connect(P): already connected (cur=1 req=1)
08-16 14:39:35.870 E/SurfaceFlinger( 1749): rejecting buffer: bufWidth=622, bufHeight=1080, front.active.{w=600, h=1080}
08-16 14:39:35.877 E/BufferQueueProducer( 1749): [] connect(P): already connected (cur=1 req=1)
08-16 14:39:35.890 E/SurfaceFlinger( 1749): rejecting buffer: bufWidth=627, bufHeight=1080, front.active.{w=600, h=1080}
08-16 14:39:35.896 E/BufferQueueProducer( 1749): [] connect(P): already connected (cur=1 req=1)
08-16 14:39:35.910 E/SurfaceFlinger( 1749): rejecting buffer: bufWidth=629, bufHeight=1080, front.active.{w=600, h=1080}
08-16 14:39:35.917 E/BufferQueueProducer( 1749): [] connect(P): already connected (cur=1 req=1)
08-16 14:39:35.974 I/tvos    ( 1764): GetAudioOutputDevice, retval : 0
08-16 14:39:36.119 W/InputDispatcher( 2207): findTouchedWindow finished: injectionResult=0, injectionPermission=1, timeSpentWaitingForApplication=0.0ms
08-16 14:39:36.122 W/InputDispatcher( 2207): findTouchedWindow finished: injectionResult=0, injectionPermission=1, timeSpentWaitingForApplication=0.0ms
08-16 14:39:36.124 I/SoundPool( 2207): enter : func play
08-16 14:39:36.132 I/APM::AudioPolicyEngine( 1758): getDeviceForStrategy, 359
08-16 14:39:36.133 I/audio_hw_primary( 1758): version:a00004 adev_create_audio_patch::mix->device 
08-16 14:39:36.133 I/audio_hw_primary( 1758): adev_create_audio_patch *handle=-1420227928 num_audio_patch=3
08-16 14:39:36.135 E/AudioManagerService( 1803): setAudioVolume(callingPid 1758, clientPid 1758, enSoundPath 0, volumn:0 )
08-16 14:39:36.138 I/tvos    ( 1764): SetVolume, subWooExist 0!
08-16 14:39:36.138 I/tvos    ( 1764): mapi_audio_customer::SetAbsoluteVolume: project name is X440M
08-16 14:39:36.138 I/tvos    ( 1764): SetAbsoluteVolume: uPercent : 0, path=52(speaker), VolumeInt=7f, VolumeFra=0
08-16 14:39:36.138 I/tvos    ( 1764): SetAbsoluteVolume: uPercent(currVol) : 0, realPath=52(default), VolumeInt=7f, VolumeFra=0
08-16 14:39:36.138 I/tvos    ( 1764): mapi_audio_customer::SetAbsoluteVolume: project name is X440M
08-16 14:39:36.138 I/tvos    ( 1764): SetAbsoluteVolume: uPercent : 0, path=49(HP), VolumeInt=7f, VolumeFra=0
08-16 14:39:36.138 I/tvos    ( 1764): SetAbsoluteVolume: uPercent(currVol) : 0, realPath=49(default), VolumeInt=7f, VolumeFra=0
08-16 14:39:36.138 I/tvos    ( 1764): mapi_audio_customer::SetAbsoluteVolume: project name is X440M
08-16 14:39:36.138 I/tvos    ( 1764): SetAbsoluteVolume, m_bBTDetect is false! 
08-16 14:39:36.138 I/tvos    ( 1764): mapi_audio_customer::SetAbsoluteVolume: project name is X440M
08-16 14:39:36.138 I/tvos    ( 1764): SetAbsoluteVolume: uPercent : 0, path=255(speaker), VolumeInt=7f, VolumeFra=0
08-16 14:39:36.138 I/tvos    ( 1764): SetAbsoluteVolume: uPercent(currVol) : 0, realPath=255(default), VolumeInt=7f, VolumeFra=0
08-16 14:39:36.138 I/tvos    ( 1764): [SetMuteStatus] call SetSoundMuteStatus, line : 10369, muteType: 4, onOff : 0 
08-16 14:39:36.138 I/tvos    ( 1764): [audioBSP] #1 m_internalMute : 0 ..
08-16 14:39:36.138 I/tvos    ( 1764): #1|->SDK_bPermanentAudioMute:0<-|->SDK_bMomentAudioMute:0 <-|->SDK_bBySyncAudioMute:0<-|->SDK_bByBlockAudioMute:0<-|->SDK_bByVChipAudioMute:0<-|
08-16 14:39:36.138 I/tvos    ( 1764): #1|->SDK_bInternal1AudioMute:0<-|->SDK_bInternal2AudioMute:0<-|->SDK_bInternal3AudioMute:0<-|->SDK_bInternal4AudioMute:0<-|
08-16 14:39:36.138 I/tvos    ( 1764): #1|->SDK_bByScanInOutchgCHchg:0<-|->SDK_bByDuringLimitedTimeAudioMute:0<-|->SDK_bSourceSwitchAudioMute:0<-|
08-16 14:39:36.138 I/tvos    ( 1764): #1|->SDK_bMHEGApMute:0<-|->SDK_bAllAudioMuteCtrl:0<-|->SDK_bPowerOnMute:0<-|->SDK_bNullSourceMute0<-|->SDK_bSetInputSourceAudioMute:0<-|
08-16 14:39:36.138 I/tvos    ( 1764): [audioBSP] #2 m_spkrMute : 0 ..|->SDK_bUsrSpkrAudioMute:0<-|->SDK_bPowerOnMute:0<-|->SDK_bByUserAudioMute:0<-|
08-16 14:39:36.138 I/tvos    ( 1764): [audioBSP] #3 m_PcmCapture2Mute:0 |->SDK_bByUserPcmCapture2Mute:0<-|->SDK_SUB_bByUserAudioMute:0<-|->SDK_bByUserAudioMute:0<-|
08-16 14:39:36.138 I/tvos    ( 1764): [audioBSP] #5 m_hpMute : 1 ..|->SDK_bUsrHpAudioMute:1<-|->SDK_bPowerOnMute:0<-|->SDK_bByUserAudioMute:0<-|
08-16 14:39:36.138 I/tvos    ( 1764): [audioBSP] #12 m_spdifMute : 1 ..
08-16 14:39:36.138 I/tvos    ( 1764): #12|->SDK_bPermanentAudioMute:0<-|->SDK_bMomentAudioMute:0<-|->SDK_bByBlockAudioMute:0<-|
08-16 14:39:36.138 I/tvos    ( 1764): #12|->SDK_bByVChipAudioMute:0<-|->SDK_bInternal1AudioMute:0<-|->SDK_bInternal4AudioMute:0<-|
08-16 14:39:36.138 I/tvos    ( 1764): #12|->SDK_bByDuringLimitedTimeAudioMute:0<-|->SDK_bSourceSwitchAudioMute:0<-|->SDK_bMHEGApMute:0<-|
08-16 14:39:36.138 I/tvos    ( 1764): #12|->SDK_bPowerOnMute:0<-|->SDK_bUsrSpdifAudioMute:1<-|->SDK_bNullSourceMute:0<-|->SDK_bByAppMute:0<-|
08-16 14:39:36.138 I/tvos    ( 1764): ---Amplifier_ALC1310_LR_SWMute(0)
08-16 14:39:36.138 I/tvos    ( 1764): ALC1310 unmute good, addr: 0x13 readbackvalue: 4 
08-16 14:39:36.139 W/InputDispatcher( 2207): findTouchedWindow finished: injectionResult=0, injectionPermission=1, timeSpentWaitingForApplication=0.0ms
08-16 14:39:36.140 I/AudioUtil( 1758): setParameters spk_volume=0
08-16 14:39:36.140 I/audio_hw_primary( 1758): adev_set_parameters: spk_volume=0
08-16 14:39:36.141 I/tvos    ( 1764): SetSoundMuteStatus : m_hpMute : 1, m_spdifMute : 1, m_DataInMute : 0, m_channel7Mute : 0, m_internalMute : 0, m_spkrMute : 0, m_PcmCapture1Mute : 0, m_PcmCapture2Mute : 0 
08-16 14:39:36.141 I/tvos    ( 1764): GetAudioOutputDevice, retval : 0
08-16 14:39:36.141 I/tvos    ( 1764): [SetMuteStatus] call SetSoundMuteStatus, line : 10369, muteType: 67108864, onOff : 1 
08-16 14:39:36.141 I/tvos    ( 1764): _TransMSrvMuteTypeToSDKMuteType: Err! muteType(67108864) is out of Range
08-16 14:39:36.145 I/tvos    ( 1764): [SetMuteStatus] call SetSoundMuteStatus, line : 10369, muteType: 4, onOff : 1 
08-16 14:39:36.145 I/tvos    ( 1764): [audioBSP] #1 m_internalMute : 0 ..
08-16 14:39:36.145 I/tvos    ( 1764): #1|->SDK_bPermanentAudioMute:0<-|->SDK_bMomentAudioMute:0 <-|->SDK_bBySyncAudioMute:0<-|->SDK_bByBlockAudioMute:0<-|->SDK_bByVChipAudioMute:0<-|
08-16 14:39:36.145 I/tvos    ( 1764): #1|->SDK_bInternal1AudioMute:0<-|->SDK_bInternal2AudioMute:0<-|->SDK_bInternal3AudioMute:0<-|->SDK_bInternal4AudioMute:0<-|
08-16 14:39:36.145 W/InputDispatcher( 2207): findTouchedWindow finished: injectionResult=0, injectionPermission=1, timeSpentWaitingForApplication=0.0ms
08-16 14:39:36.145 I/tvos    ( 1764): #1|->SDK_bByScanInOutchgCHchg:0<-|->SDK_bByDuringLimitedTimeAudioMute:0<-|->SDK_bSourceSwitchAudioMute:0<-|
08-16 14:39:36.145 I/tvos    ( 1764): #1|->SDK_bMHEGApMute:0<-|->SDK_bAllAudioMuteCtrl:0<-|->SDK_bPowerOnMute:0<-|->SDK_bNullSourceMute0<-|->SDK_bSetInputSourceAudioMute:0<-|
08-16 14:39:36.145 I/tvos    ( 1764): [audioBSP] #2 m_spkrMute : 1 ..|->SDK_bUsrSpkrAudioMute:0<-|->SDK_bPowerOnMute:0<-|->SDK_bByUserAudioMute:1<-|
08-16 14:39:36.145 I/tvos    ( 1764): [audioBSP] #3 m_PcmCapture2Mute:1 |->SDK_bByUserPcmCapture2Mute:0<-|->SDK_SUB_bByUserAudioMute:0<-|->SDK_bByUserAudioMute:1<-|
08-16 14:39:36.145 I/tvos    ( 1764): [audioBSP] #5 m_hpMute : 1 ..|->SDK_bUsrHpAudioMute:1<-|->SDK_bPowerOnMute:0<-|->SDK_bByUserAudioMute:1<-|
08-16 14:39:36.145 I/tvos    ( 1764): [audioBSP] #12 m_spdifMute : 1 ..
08-16 14:39:36.145 I/tvos    ( 1764): #12|->SDK_bPermanentAudioMute:0<-|->SDK_bMomentAudioMute:0<-|->SDK_bByBlockAudioMute:0<-|
08-16 14:39:36.145 I/tvos    ( 1764): #12|->SDK_bByVChipAudioMute:0<-|->SDK_bInternal1AudioMute:0<-|->SDK_bInternal4AudioMute:0<-|
08-16 14:39:36.145 I/tvos    ( 1764): #12|->SDK_bByDuringLimitedTimeAudioMute:0<-|->SDK_bSourceSwitchAudioMute:0<-|->SDK_bMHEGApMute:0<-|
08-16 14:39:36.145 I/tvos    ( 1764): #12|->SDK_bPowerOnMute:0<-|->SDK_bUsrSpdifAudioMute:1<-|->SDK_bNullSourceMute:0<-|->SDK_bByAppMute:0<-|
08-16 14:39:36.145 I/tvos    ( 1764): ---Amplifier_ALC1310_LR_SWMute(1)
08-16 14:39:36.145 I/tvos    ( 1764): ALC1310 mute write good, addr: 0x13, readback data : 49164, write cmd times : 1
08-16 14:39:36.147 I/tvos    ( 1764): SetSoundMuteStatus : m_hpMute : 1, m_spdifMute : 1, m_DataInMute : 0, m_channel7Mute : 0, m_internalMute : 0, m_spkrMute : 1, m_PcmCapture1Mute : 0, m_PcmCapture2Mute : 1 
08-16 14:39:36.149 I/SoundPool( 2207): enter : func play
08-16 14:39:36.224 I/tvos    ( 1764): GetAudioOutputDevice, retval : 0
08-16 14:39:36.386 I/System.out( 2822): From style:
08-16 14:39:36.386 I/System.out( 2822): Attrs: 3010001=0.6 3010002=#0 3010003=null 3010004=true
08-16 14:39:36.394 W/ContextImpl( 2822): Calling a method in the system process without a qualified user: android.app.ContextImpl.startService:1224 android.content.ContextWrapper.startService:581 com.stv.settingadapter.EqManager.updateBinder:869 com.stv.settingadapter.EqManager.getInstance:176 com.stv.globalsetting.dialog.SoundOutputDialog.<init>:34 
08-16 14:39:36.458 W/InputDispatcher( 2207): Focus left window: Window{84936a9 u0 com.stv.globalsetting}
08-16 14:39:36.458 W/InputDispatcher( 2207): Focus entered window: Window{1c5253a u0 com.stv.globalsetting}
08-16 14:39:36.460 I/GlobalSettings( 2822): BaseMultiLayerDialogHelper -- setDisMissTime on start
08-16 14:39:36.460 I/GlobalSettings( 2822): ReportEuiLog_U -- ReportEuiLog action is: tvaction and reportmsg is: action=speakerClick
08-16 14:39:36.461 I/GlobalSettings( 2822): SoundDialog -- open_speaker_value is: true
08-16 14:39:36.475 I/tvos    ( 1764): GetAudioOutputDevice, retval : 0
08-16 14:39:36.494 E/BufferQueueProducer( 1749): [] connect(P): already connected (cur=1 req=1)
08-16 14:39:36.579 E/BufferQueueProducer( 1749): [] connect(P): already connected (cur=1 req=1)
08-16 14:39:36.596 I/LetvManager-LogReport( 1780): [send_msg] line: 490 report url = http://log.hdtv.cp21.ott.cibntv.net:80/api/log/tvAction
08-16 14:39:36.601 E/BufferQueueProducer( 1749): [] connect(P): already connected (cur=1 req=1)
08-16 14:39:36.618 E/BufferQueueProducer( 1749): [] connect(P): already connected (cur=1 req=1)
08-16 14:39:36.636 E/BufferQueueProducer( 1749): [] connect(P): already connected (cur=1 req=1)
08-16 14:39:36.657 E/BufferQueueProducer( 1749): [] connect(P): already connected (cur=1 req=1)
08-16 14:39:36.677 E/BufferQueueProducer( 1749): [] connect(P): already connected (cur=1 req=1)
08-16 14:39:36.697 E/BufferQueueProducer( 1749): [] connect(P): already connected (cur=1 req=1)
08-16 14:39:36.718 E/BufferQueueProducer( 1749): [] connect(P): already connected (cur=1 req=1)
08-16 14:39:36.726 I/tvos    ( 1764): GetAudioOutputDevice, retval : 0
08-16 14:39:36.729 I/APM::AudioPolicyEngine( 1758): getDeviceForStrategy, 359
08-16 14:39:36.737 E/BufferQueueProducer( 1749): [] connect(P): already connected (cur=1 req=1)
08-16 14:39:36.757 E/BufferQueueProducer( 1749): [] connect(P): already connected (cur=1 req=1)
08-16 14:39:36.761 I/WifiStateMachine( 2207):  DisconnectedState !CMD_START_SCAN  rt=512443194/512443194 -2 34141 ic=1 proc(ms):15013 dur:2869 cnt=34141 rssi=-127 f=-1 sc=0 link=-1 tx=0.0, 0.0, 0.0  rx=0.0 fiv=20000 [on:0 tx:0 rx:0 period:12907] from screen [on:0 period:1098252089]
08-16 14:39:36.763 I/WifiStateMachine( 2207): handlescanrequest  starting scan for 
08-16 14:39:36.764 I/WifiStateMachine( 2207): startscannative  starting scan for 
08-16 14:39:36.781 E/BufferQueueProducer( 1749): [] connect(P): already connected (cur=1 req=1)
08-16 14:39:36.797 E/BufferQueueProducer( 1749): [] connect(P): already connected (cur=1 req=1)
08-16 14:39:36.816 E/BufferQueueProducer( 1749): [] connect(P): already connected (cur=1 req=1)
08-16 14:39:36.838 E/BufferQueueProducer( 1749): [] connect(P): already connected (cur=1 req=1)
08-16 14:39:36.857 E/BufferQueueProducer( 1749): [] connect(P): already connected (cur=1 req=1)
08-16 14:39:36.877 E/BufferQueueProducer( 1749): [] connect(P): already connected (cur=1 req=1)
08-16 14:39:36.976 I/tvos    ( 1764): GetAudioOutputDevice, retval : 0
08-16 14:39:37.193 W/InputDispatcher( 2207): findTouchedWindow finished: injectionResult=0, injectionPermission=1, timeSpentWaitingForApplication=0.0ms
08-16 14:39:37.196 W/InputDispatcher( 2207): findTouchedWindow finished: injectionResult=0, injectionPermission=1, timeSpentWaitingForApplication=0.0ms
08-16 14:39:37.197 I/SoundPool( 2207): enter : func play
08-16 14:39:37.204 I/APM::AudioPolicyEngine( 1758): getDeviceForStrategy, 359
08-16 14:39:37.205 I/audio_hw_primary( 1758): version:a00004 adev_create_audio_patch::mix->device 
08-16 14:39:37.205 I/audio_hw_primary( 1758): adev_create_audio_patch *handle=-1420227928 num_audio_patch=3
08-16 14:39:37.207 E/AudioManagerService( 1803): setAudioVolume(callingPid 1758, clientPid 1758, enSoundPath 0, volumn:0 )
08-16 14:39:37.211 I/tvos    ( 1764): SetVolume, subWooExist 0!
08-16 14:39:37.211 I/tvos    ( 1764): mapi_audio_customer::SetAbsoluteVolume: project name is X440M
08-16 14:39:37.211 I/tvos    ( 1764): SetAbsoluteVolume: uPercent : 0, path=52(speaker), VolumeInt=7f, VolumeFra=0
08-16 14:39:37.211 I/tvos    ( 1764): SetAbsoluteVolume: uPercent(currVol) : 0, realPath=52(default), VolumeInt=7f, VolumeFra=0
08-16 14:39:37.211 I/tvos    ( 1764): mapi_audio_customer::SetAbsoluteVolume: project name is X440M
08-16 14:39:37.211 I/tvos    ( 1764): SetAbsoluteVolume: uPercent : 0, path=49(HP), VolumeInt=7f, VolumeFra=0
08-16 14:39:37.211 I/tvos    ( 1764): SetAbsoluteVolume: uPercent(currVol) : 0, realPath=49(default), VolumeInt=7f, VolumeFra=0
08-16 14:39:37.211 I/tvos    ( 1764): mapi_audio_customer::SetAbsoluteVolume: project name is X440M
08-16 14:39:37.211 I/tvos    ( 1764): SetAbsoluteVolume, m_bBTDetect is false! 
08-16 14:39:37.211 I/tvos    ( 1764): mapi_audio_customer::SetAbsoluteVolume: project name is X440M
08-16 14:39:37.211 I/tvos    ( 1764): SetAbsoluteVolume: uPercent : 0, path=255(speaker), VolumeInt=7f, VolumeFra=0
08-16 14:39:37.211 I/tvos    ( 1764): SetAbsoluteVolume: uPercent(currVol) : 0, realPath=255(default), VolumeInt=7f, VolumeFra=0
08-16 14:39:37.211 I/tvos    ( 1764): [SetMuteStatus] call SetSoundMuteStatus, line : 10369, muteType: 4, onOff : 0 
08-16 14:39:37.211 I/tvos    ( 1764): [audioBSP] #1 m_internalMute : 0 ..
08-16 14:39:37.211 I/tvos    ( 1764): #1|->SDK_bPermanentAudioMute:0<-|->SDK_bMomentAudioMute:0 <-|->SDK_bBySyncAudioMute:0<-|->SDK_bByBlockAudioMute:0<-|->SDK_bByVChipAudioMute:0<-|
08-16 14:39:37.211 I/tvos    ( 1764): #1|->SDK_bInternal1AudioMute:0<-|->SDK_bInternal2AudioMute:0<-|->SDK_bInternal3AudioMute:0<-|->SDK_bInternal4AudioMute:0<-|
08-16 14:39:37.211 I/tvos    ( 1764): #1|->SDK_bByScanInOutchgCHchg:0<-|->SDK_bByDuringLimitedTimeAudioMute:0<-|->SDK_bSourceSwitchAudioMute:0<-|
08-16 14:39:37.211 I/tvos    ( 1764): #1|->SDK_bMHEGApMute:0<-|->SDK_bAllAudioMuteCtrl:0<-|->SDK_bPowerOnMute:0<-|->SDK_bNullSourceMute0<-|->SDK_bSetInputSourceAudioMute:0<-|
08-16 14:39:37.211 I/tvos    ( 1764): [audioBSP] #2 m_spkrMute : 0 ..|->SDK_bUsrSpkrAudioMute:0<-|->SDK_bPowerOnMute:0<-|->SDK_bByUserAudioMute:0<-|
08-16 14:39:37.211 I/tvos    ( 1764): [audioBSP] #3 m_PcmCapture2Mute:0 |->SDK_bByUserPcmCapture2Mute:0<-|->SDK_SUB_bByUserAudioMute:0<-|->SDK_bByUserAudioMute:0<-|
08-16 14:39:37.211 I/tvos    ( 1764): [audioBSP] #5 m_hpMute : 1 ..|->SDK_bUsrHpAudioMute:1<-|->SDK_bPowerOnMute:0<-|->SDK_bByUserAudioMute:0<-|
08-16 14:39:37.211 I/tvos    ( 1764): [audioBSP] #12 m_spdifMute : 1 ..
08-16 14:39:37.211 I/tvos    ( 1764): #12|->SDK_bPermanentAudioMute:0<-|->SDK_bMomentAudioMute:0<-|->SDK_bByBlockAudioMute:0<-|
08-16 14:39:37.211 I/tvos    ( 1764): #12|->SDK_bByVChipAudioMute:0<-|->SDK_bInternal1AudioMute:0<-|->SDK_bInternal4AudioMute:0<-|
08-16 14:39:37.211 I/tvos    ( 1764): #12|->SDK_bByDuringLimitedTimeAudioMute:0<-|->SDK_bSourceSwitchAudioMute:0<-|->SDK_bMHEGApMute:0<-|
08-16 14:39:37.211 I/tvos    ( 1764): #12|->SDK_bPowerOnMute:0<-|->SDK_bUsrSpdifAudioMute:1<-|->SDK_bNullSourceMute:0<-|->SDK_bByAppMute:0<-|
08-16 14:39:37.211 I/tvos    ( 1764): ---Amplifier_ALC1310_LR_SWMute(0)
08-16 14:39:37.211 W/InputDispatcher( 2207): findTouchedWindow finished: injectionResult=0, injectionPermission=1, timeSpentWaitingForApplication=0.0ms
08-16 14:39:37.213 W/InputDispatcher( 2207): findTouchedWindow finished: injectionResult=0, injectionPermission=1, timeSpentWaitingForApplication=0.0ms
08-16 14:39:37.214 I/tvos    ( 1764): ALC1310 unmute good, addr: 0x13 readbackvalue: 4 
08-16 14:39:37.217 I/AudioUtil( 1758): setParameters spk_volume=0
08-16 14:39:37.217 I/audio_hw_primary( 1758): adev_set_parameters: spk_volume=0
08-16 14:39:37.218 I/tvos    ( 1764): SetSoundMuteStatus : m_hpMute : 1, m_spdifMute : 1, m_DataInMute : 0, m_channel7Mute : 0, m_internalMute : 0, m_spkrMute : 0, m_PcmCapture1Mute : 0, m_PcmCapture2Mute : 0 
08-16 14:39:37.219 I/tvos    ( 1764): GetAudioOutputDevice, retval : 0
08-16 14:39:37.219 I/tvos    ( 1764): [SetMuteStatus] call SetSoundMuteStatus, line : 10369, muteType: 67108864, onOff : 1 
08-16 14:39:37.219 I/tvos    ( 1764): _TransMSrvMuteTypeToSDKMuteType: Err! muteType(67108864) is out of Range
08-16 14:39:37.221 I/tvos    ( 1764): [SetMuteStatus] call SetSoundMuteStatus, line : 10369, muteType: 4, onOff : 1 
08-16 14:39:37.221 I/tvos    ( 1764): [audioBSP] #1 m_internalMute : 0 ..
08-16 14:39:37.221 I/tvos    ( 1764): #1|->SDK_bPermanentAudioMute:0<-|->SDK_bMomentAudioMute:0 <-|->SDK_bBySyncAudioMute:0<-|->SDK_bByBlockAudioMute:0<-|->SDK_bByVChipAudioMute:0<-|
08-16 14:39:37.221 I/tvos    ( 1764): #1|->SDK_bInternal1AudioMute:0<-|->SDK_bInternal2AudioMute:0<-|->SDK_bInternal3AudioMute:0<-|->SDK_bInternal4AudioMute:0<-|
08-16 14:39:37.221 I/tvos    ( 1764): #1|->SDK_bByScanInOutchgCHchg:0<-|->SDK_bByDuringLimitedTimeAudioMute:0<-|->SDK_bSourceSwitchAudioMute:0<-|
08-16 14:39:37.221 I/tvos    ( 1764): #1|->SDK_bMHEGApMute:0<-|->SDK_bAllAudioMuteCtrl:0<-|->SDK_bPowerOnMute:0<-|->SDK_bNullSourceMute0<-|->SDK_bSetInputSourceAudioMute:0<-|
08-16 14:39:37.221 I/tvos    ( 1764): [audioBSP] #2 m_spkrMute : 1 ..|->SDK_bUsrSpkrAudioMute:0<-|->SDK_bPowerOnMute:0<-|->SDK_bByUserAudioMute:1<-|
08-16 14:39:37.221 I/tvos    ( 1764): [audioBSP] #3 m_PcmCapture2Mute:1 |->SDK_bByUserPcmCapture2Mute:0<-|->SDK_SUB_bByUserAudioMute:0<-|->SDK_bByUserAudioMute:1<-|
08-16 14:39:37.221 I/tvos    ( 1764): [audioBSP] #5 m_hpMute : 1 ..|->SDK_bUsrHpAudioMute:1<-|->SDK_bPowerOnMute:0<-|->SDK_bByUserAudioMute:1<-|
08-16 14:39:37.221 I/tvos    ( 1764): [audioBSP] #12 m_spdifMute : 1 ..
08-16 14:39:37.221 I/tvos    ( 1764): #12|->SDK_bPermanentAudioMute:0<-|->SDK_bMomentAudioMute:0<-|->SDK_bByBlockAudioMute:0<-|
08-16 14:39:37.221 I/tvos    ( 1764): #12|->SDK_bByVChipAudioMute:0<-|->SDK_bInternal1AudioMute:0<-|->SDK_bInternal4AudioMute:0<-|
08-16 14:39:37.221 I/tvos    ( 1764): #12|->SDK_bByDuringLimitedTimeAudioMute:0<-|->SDK_bSourceSwitchAudioMute:0<-|->SDK_bMHEGApMute:0<-|
08-16 14:39:37.221 I/tvos    ( 1764): #12|->SDK_bPowerOnMute:0<-|->SDK_bUsrSpdifAudioMute:1<-|->SDK_bNullSourceMute:0<-|->SDK_bByAppMute:0<-|
08-16 14:39:37.221 I/tvos    ( 1764): ---Amplifier_ALC1310_LR_SWMute(1)
08-16 14:39:37.221 I/tvos    ( 1764): ALC1310 mute write good, addr: 0x13, readback data : 49164, write cmd times : 1
08-16 14:39:37.223 I/tvos    ( 1764): SetSoundMuteStatus : m_hpMute : 1, m_spdifMute : 1, m_DataInMute : 0, m_channel7Mute : 0, m_internalMute : 0, m_spkrMute : 1, m_PcmCapture1Mute : 0, m_PcmCapture2Mute : 1 
08-16 14:39:37.225 I/SoundPool( 2207): enter : func play
08-16 14:39:37.227 I/tvos    ( 1764): GetAudioOutputDevice, retval : 0
08-16 14:39:37.478 I/tvos    ( 1764): GetAudioOutputDevice, retval : 0
08-16 14:39:37.480 I/tvos    ( 1764): GetAudioOutputDevice, retval : 0
08-16 14:39:37.481 I/AudioManager_JNI( 2881): native_setAudioOutputDevice
08-16 14:39:37.484 I/tvos    ( 1764): SetAudioOutputDevice, device : 1, mode:0
08-16 14:39:37.484 I/tvos    ( 1764): [1;40;32m[sora]line11063: u8SubCmd:5,m_AudioPreSoundMode:0,m_AudioPreOutDevice:1[0m
08-16 14:39:37.484 I/tvos    ( 1764): Mute ,mute Status repetition!
08-16 14:39:37.534 I/tvos    ( 1764): [LETV_OUT]::sound mode is 5, close wall sound mode
08-16 14:39:37.534 I/tvos    ( 1764): [Dolby][SetDolbyDapMode]eMode:5, m_DolbyDAPMode = 0 for zhengyang!
08-16 14:39:37.534 I/tvos    ( 1764): [SetDolbyDapMode] model:X440M
08-16 14:39:37.534 I/tvos    ( 1764):  it's x440N dolbyeffect 
08-16 14:39:37.537 I/tvos    ( 1764): [SetDolbyDapMode]:sora[16640] m_AudioPreOutDevice:1, DOLBY_DAP_EN_:0  
08-16 14:39:37.588 I/tvos    ( 1764): ---Amplifier_ALC1310_LR_SWMute(0)
08-16 14:39:37.588 I/tvos    ( 1764): ALC1310 unmute good, addr: 0x13 readbackvalue: 4 
08-16 14:39:37.591 I/tvos    ( 1764): [SetAudioEffectEnable] set audio effect mode to off success!
08-16 14:39:37.591 I/tvos    ( 1764): [SetAudioOutputDevice]:[11242], Audio - DRC RF Mode and disable bulletin11 for SPDIF output!
08-16 14:39:37.591 I/tvos    ( 1764): SPDIF_SetMode, spdif_mode=0 
08-16 14:39:37.592 I/tvos    ( 1764): mapi_audio_customer::audioOutPolicy: project name is X440M
08-16 14:39:37.592 I/tvos    ( 1764): [audioOutPolicy] 938F cost down X44xM project!
08-16 14:39:37.592 I/tvos    ( 1764): [audioOutPolicy] device:1, OnOff : 1, lastAudioOutDevice : 0, m_lastAudioDevBeforeBT :0, m_bBTConnectState : 0 
08-16 14:39:37.592 I/tvos    ( 1764): [audioOutPolicy] disable SPDIF! 
08-16 14:39:37.595 I/tvos    ( 1764): [audioBSP] #1 m_internalMute : 0 ..
08-16 14:39:37.595 I/tvos    ( 1764): #1|->SDK_bPermanentAudioMute:0<-|->SDK_bMomentAudioMute:0 <-|->SDK_bBySyncAudioMute:0<-|->SDK_bByBlockAudioMute:0<-|->SDK_bByVChipAudioMute:0<-|
08-16 14:39:37.595 I/tvos    ( 1764): #1|->SDK_bInternal1AudioMute:0<-|->SDK_bInternal2AudioMute:0<-|->SDK_bInternal3AudioMute:0<-|->SDK_bInternal4AudioMute:0<-|
08-16 14:39:37.596 I/tvos    ( 1764): #1|->SDK_bByScanInOutchgCHchg:0<-|->SDK_bByDuringLimitedTimeAudioMute:0<-|->SDK_bSourceSwitchAudioMute:0<-|
08-16 14:39:37.596 I/tvos    ( 1764): #1|->SDK_bMHEGApMute:0<-|->SDK_bAllAudioMuteCtrl:0<-|->SDK_bPowerOnMute:0<-|->SDK_bNullSourceMute0<-|->SDK_bSetInputSourceAudioMute:0<-|
08-16 14:39:37.596 I/tvos    ( 1764): [audioBSP] #2 m_spkrMute : 1 ..|->SDK_bUsrSpkrAudioMute:1<-|->SDK_bPowerOnMute:0<-|->SDK_bByUserAudioMute:1<-|
08-16 14:39:37.596 I/tvos    ( 1764): [audioBSP] #3 m_PcmCapture2Mute:1 |->SDK_bByUserPcmCapture2Mute:0<-|->SDK_SUB_bByUserAudioMute:0<-|->SDK_bByUserAudioMute:1<-|
08-16 14:39:37.596 I/tvos    ( 1764): [audioBSP] #5 m_hpMute : 1 ..|->SDK_bUsrHpAudioMute:1<-|->SDK_bPowerOnMute:0<-|->SDK_bByUserAudioMute:1<-|
08-16 14:39:37.596 I/tvos    ( 1764): [audioBSP] #12 m_spdifMute : 1 ..
08-16 14:39:37.596 I/tvos    ( 1764): #12|->SDK_bPermanentAudioMute:0<-|->SDK_bMomentAudioMute:0<-|->SDK_bByBlockAudioMute:0<-|
08-16 14:39:37.596 I/tvos    ( 1764): #12|->SDK_bByVChipAudioMute:0<-|->SDK_bInternal1AudioMute:0<-|->SDK_bInternal4AudioMute:0<-|
08-16 14:39:37.596 I/tvos    ( 1764): #12|->SDK_bByDuringLimitedTimeAudioMute:0<-|->SDK_bSourceSwitchAudioMute:0<-|->SDK_bMHEGApMute:0<-|
08-16 14:39:37.596 I/tvos    ( 1764): #12|->SDK_bPowerOnMute:0<-|->SDK_bUsrSpdifAudioMute:1<-|->SDK_bNullSourceMute:0<-|->SDK_bByAppMute:0<-|
08-16 14:39:37.596 I/tvos    ( 1764): ---Amplifier_ALC1310_LR_SWMute(1)
08-16 14:39:37.596 I/tvos    ( 1764): ALC1310 mute write good, addr: 0x13, readback data : 49164, write cmd times : 1
08-16 14:39:37.598 I/tvos    ( 1764): SetSoundMuteStatus : m_hpMute : 1, m_spdifMute : 1, m_DataInMute : 0, m_channel7Mute : 0, m_internalMute : 0, m_spkrMute : 1, m_PcmCapture1Mute : 0, m_PcmCapture2Mute : 1 
08-16 14:39:37.598 I/tvos    ( 1764): [audioOutPolicy] enable SPDIF then unmute SPFID out! 
08-16 14:39:37.601 I/tvos    ( 1764): [audioBSP] #1 m_internalMute : 0 ..
08-16 14:39:37.601 I/tvos    ( 1764): #1|->SDK_bPermanentAudioMute:0<-|->SDK_bMomentAudioMute:0 <-|->SDK_bBySyncAudioMute:0<-|->SDK_bByBlockAudioMute:0<-|->SDK_bByVChipAudioMute:0<-|
08-16 14:39:37.601 I/tvos    ( 1764): #1|->SDK_bInternal1AudioMute:0<-|->SDK_bInternal2AudioMute:0<-|->SDK_bInternal3AudioMute:0<-|->SDK_bInternal4AudioMute:0<-|
08-16 14:39:37.601 I/tvos    ( 1764): #1|->SDK_bByScanInOutchgCHchg:0<-|->SDK_bByDuringLimitedTimeAudioMute:0<-|->SDK_bSourceSwitchAudioMute:0<-|
08-16 14:39:37.601 I/tvos    ( 1764): #1|->SDK_bMHEGApMute:0<-|->SDK_bAllAudioMuteCtrl:0<-|->SDK_bPowerOnMute:0<-|->SDK_bNullSourceMute0<-|->SDK_bSetInputSourceAudioMute:0<-|
08-16 14:39:37.601 I/tvos    ( 1764): [audioBSP] #2 m_spkrMute : 1 ..|->SDK_bUsrSpkrAudioMute:1<-|->SDK_bPowerOnMute:0<-|->SDK_bByUserAudioMute:1<-|
08-16 14:39:37.601 I/tvos    ( 1764): [audioBSP] #3 m_PcmCapture2Mute:1 |->SDK_bByUserPcmCapture2Mute:0<-|->SDK_SUB_bByUserAudioMute:0<-|->SDK_bByUserAudioMute:1<-|
08-16 14:39:37.601 I/tvos    ( 1764): [audioBSP] #5 m_hpMute : 1 ..|->SDK_bUsrHpAudioMute:1<-|->SDK_bPowerOnMute:0<-|->SDK_bByUserAudioMute:1<-|
08-16 14:39:37.601 I/tvos    ( 1764): [audioBSP] #12 m_spdifMute : 0 ..
08-16 14:39:37.601 I/tvos    ( 1764): #12|->SDK_bPermanentAudioMute:0<-|->SDK_bMomentAudioMute:0<-|->SDK_bByBlockAudioMute:0<-|
08-16 14:39:37.601 I/tvos    ( 1764): #12|->SDK_bByVChipAudioMute:0<-|->SDK_bInternal1AudioMute:0<-|->SDK_bInternal4AudioMute:0<-|
08-16 14:39:37.601 I/tvos    ( 1764): #12|->SDK_bByDuringLimitedTimeAudioMute:0<-|->SDK_bSourceSwitchAudioMute:0<-|->SDK_bMHEGApMute:0<-|
08-16 14:39:37.601 I/tvos    ( 1764): #12|->SDK_bPowerOnMute:0<-|->SDK_bUsrSpdifAudioMute:0<-|->SDK_bNullSourceMute:0<-|->SDK_bByAppMute:0<-|
08-16 14:39:37.634 I/tvos    ( 1764): Mute ,mute Status repetition!
08-16 14:39:37.634 I/tvos    ( 1764): SetSoundMuteStatus : m_hpMute : 1, m_spdifMute : 0, m_DataInMute : 0, m_channel7Mute : 0, m_internalMute : 0, m_spkrMute : 1, m_PcmCapture1Mute : 0, m_PcmCapture2Mute : 1 
08-16 14:39:37.634 I/tvos    ( 1764): [audioOutPolicy] device: MSAPI_AUD_OUTPUT_SPDIF_ 
08-16 14:39:37.635 I/CECManager_JNI( 2720): setCecConfiguration
08-16 14:39:37.654 I/tvos    ( 1764): [CEC] CECSetting->u8CECStatus = 1 
08-16 14:39:37.654 I/tvos    ( 1764): [CEC] CECSetting->bAutoStandby = 1 
08-16 14:39:37.654 I/tvos    ( 1764): [CEC] CECSetting->u8ARCStatus = 1 
08-16 14:39:37.654 I/tvos    ( 1764): [CEC] CECSetting->u8AudioModeStatus = 1 
08-16 14:39:37.654 I/tvos    ( 1764): [CEC] CECSetting->u8TvAutpPowerOn = 1 
08-16 14:39:37.654 I/tvos    ( 1764): [CEC] CECSetting->u8AmplifierControl = 1 
08-16 14:39:37.654 I/tvos    ( 1764): [CEC] CECSetting->u8SpearkerPreference = 1 
08-16 14:39:37.654 I/tvos    ( 1764): [CEC] CECSetting->u8QuickMenuSpeakerPreference = 1 
08-16 14:39:37.654 I/tvos    ( 1764): [bspaudio_arc] OldARCStatus: 1,NewARCStatus: 1
08-16 14:39:37.654 I/tvos    ( 1764): [CEC] reset flags to resend Give Physical Address message to AVR!
08-16 14:39:37.654 I/tvos    ( 1764): get machine type is:0 
08-16 14:39:37.658 I/TvUserSettingProvider(22042): update in progress
08-16 14:39:37.673 I/DatabaseManager_JNI(22042): JNI_OnLoad
08-16 14:39:37.673 I/DatabaseManager_JNI(22042): native_init
08-16 14:39:37.673 I/DatabaseManager_JNI(22042): native_setup
08-16 14:39:37.675 I/DatabaseManager_JNI(22042): setDatabaseDirtyByApplication
08-16 14:39:37.676 E/DataBaseDeskImpl( 4876): ===========>>>> now change Index = 25
08-16 14:39:37.690 E/LetvRemoteupgradeManager-JNI( 2613): can't get LetvManager service!
08-16 14:39:37.709 I/tvos    ( 1764): @@@MSrv_System_Database::GetUserSystemSetting [CEC] GUI has updated the Ctrl state
08-16 14:39:37.728 I/tvos    ( 1764): GetAudioOutputDevice, retval : 1
08-16 14:39:37.728 I/tvos    ( 1764): yuepff boot video finished , when connect coaxial or arc, set spdif volume...
