08-16 14:46:25.334 I/tvos    ( 1764): #12|->SDK_bPowerOnMute:0<-|->SDK_bUsrSpdifAudioMute:1<-|->SDK_bNullSourceMute:0<-|->SDK_bByAppMute:0<-|
08-16 14:46:25.334 I/tvos    ( 1764): ---Amplifier_ALC1310_LR_SWMute(1)
08-16 14:46:25.334 I/tvos    ( 1764): ALC1310 mute write good, addr: 0x13, readback data : 49164, write cmd times : 1
08-16 14:46:25.336 I/tvos    ( 1764): SetSoundMuteStatus : m_hpMute : 1, m_spdifMute : 1, m_DataInMute : 0, m_channel7Mute : 0, m_internalMute : 0, m_spkrMute : 1, m_PcmCapture1Mute : 0, m_PcmCapture2Mute : 1 
08-16 14:46:25.356 E/audio_hw_primary( 1758): out_get_presentation_position pcm_get_htimestamp(pcm, &avail, timestamp) != 0!!!
08-16 14:46:25.435 I/tvos    ( 1764): GetAudioOutputDevice, retval : 0
08-16 14:46:25.685 I/tvos    ( 1764): GetAudioOutputDevice, retval : 0
08-16 14:46:25.749 E/LetvRemoteupgradeManager-JNI( 2613): can't get LetvManager service!
08-16 14:46:25.857 I/APM::AudioPolicyEngine( 1758): getDeviceForStrategy, 359
08-16 14:46:25.936 I/tvos    ( 1764): GetAudioOutputDevice, retval : 0
08-16 14:46:26.186 I/tvos    ( 1764): GetAudioOutputDevice, retval : 0
08-16 14:46:26.436 I/tvos    ( 1764): GetAudioOutputDevice, retval : 0
08-16 14:46:26.687 I/tvos    ( 1764): GetAudioOutputDevice, retval : 0
08-16 14:46:26.937 I/tvos    ( 1764): GetAudioOutputDevice, retval : 0
08-16 14:46:27.188 I/tvos    ( 1764): GetAudioOutputDevice, retval : 0
08-16 14:46:27.438 I/tvos    ( 1764): GetAudioOutputDevice, retval : 0
08-16 14:46:27.688 I/tvos    ( 1764): GetAudioOutputDevice, retval : 0
08-16 14:46:27.939 I/tvos    ( 1764): GetAudioOutputDevice, retval : 0
08-16 14:46:28.189 I/tvos    ( 1764): GetAudioOutputDevice, retval : 0
08-16 14:46:28.440 I/tvos    ( 1764): GetAudioOutputDevice, retval : 0
08-16 14:46:28.690 I/tvos    ( 1764): GetAudioOutputDevice, retval : 0
08-16 14:46:28.749 E/LetvRemoteupgradeManager-JNI( 2613): can't get LetvManager service!
08-16 14:46:28.769 I/tvos    ( 1764): bq32kDriver:rtc_read_time.
08-16 14:46:28.769 I/tvos    ( 1764): [hq]rtc_read_time: read 0x28 0x46 0xc6 0x05 0x16 0x08 0x18
08-16 14:46:28.769 I/tvos    ( 1764): rtc_read_time: date 28s 46m 6h 16md 7m 118y
08-16 14:46:28.769 I/tvos    ( 1764): rtc read time:2018-8-16 6:46:28.
08-16 14:46:28.769 I/tvos    ( 1764): tm_year = 2018, tm_mon = 8, tm_mday = 16, tm_hour = 6,tm_min= 46,  tm_sec = 28
08-16 14:46:28.769 I/tvos    ( 1764): timeSeconds:1534401988 rtcTimeSeconds:1534401988.
08-16 14:46:28.853 I/remotestatus( 2207): Msg.what is 101
08-16 14:46:28.853 I/WindowManager( 2207): turn cursor off
08-16 14:46:28.853 E/RemoteManager( 2207): RemoteManager is no longer support in eui6.5
08-16 14:46:28.853 W/InputDispatcher( 2207): findFocusedWindow finished: injectionResult=0, timeSpentWaitingForApplication=0.0ms
08-16 14:46:28.853 E/InputManager-JNI( 2207): call nativeDisableCursor method with hideCursor
08-16 14:46:28.856 W/InputDispatcher( 2207): findFocusedWindow finished: injectionResult=0, timeSpentWaitingForApplication=0.0ms
08-16 14:46:28.940 I/tvos    ( 1764): GetAudioOutputDevice, retval : 0
08-16 14:46:29.191 I/tvos    ( 1764): GetAudioOutputDevice, retval : 0
08-16 14:46:29.360 W/InputDispatcher( 2207): findFocusedWindow finished: injectionResult=0, timeSpentWaitingForApplication=0.0ms
08-16 14:46:29.363 W/InputDispatcher( 2207): findFocusedWindow finished: injectionResult=0, timeSpentWaitingForApplication=0.0ms
08-16 14:46:29.364 I/SoundPool( 2207): enter : func play
08-16 14:46:29.364 W/ContextImpl( 2822): Calling a method in the system process without a qualified user: android.app.ContextImpl.sendBroadcast:766 android.content.ContextWrapper.sendBroadcast:396 com.stv.globalsetting.fragment.MiracastFragment.sendCurrenMultiScreenStatus:121 com.stv.globalsetting.fragment.MiracastFragment.onClick:72 android.view.View.performClick:5201 
08-16 14:46:29.364 I/APM::AudioPolicyEngine( 1758): getDeviceForStrategy, 359
08-16 14:46:29.365 I/audio_hw_primary( 1758): version:a00004 adev_create_audio_patch::mix->device 
08-16 14:46:29.365 I/audio_hw_primary( 1758): adev_create_audio_patch *handle=-1420227928 num_audio_patch=3
08-16 14:46:29.369 E/AudioManagerService( 1803): setAudioVolume(callingPid 1758, clientPid 1758, enSoundPath 0, volumn:0 )
08-16 14:46:29.371 I/tvos    ( 1764): SetVolume, subWooExist 0!
08-16 14:46:29.372 I/tvos    ( 1764): mapi_audio_customer::SetAbsoluteVolume: project name is X440M
08-16 14:46:29.372 I/tvos    ( 1764): SetAbsoluteVolume: uPercent : 0, path=52(speaker), VolumeInt=7f, VolumeFra=0
08-16 14:46:29.372 I/tvos    ( 1764): SetAbsoluteVolume: uPercent(currVol) : 0, realPath=52(default), VolumeInt=7f, VolumeFra=0
08-16 14:46:29.372 I/tvos    ( 1764): mapi_audio_customer::SetAbsoluteVolume: project name is X440M
08-16 14:46:29.372 I/tvos    ( 1764): SetAbsoluteVolume: uPercent : 0, path=49(HP), VolumeInt=7f, VolumeFra=0
08-16 14:46:29.372 I/tvos    ( 1764): SetAbsoluteVolume: uPercent(currVol) : 0, realPath=49(default), VolumeInt=7f, VolumeFra=0
08-16 14:46:29.372 I/tvos    ( 1764): mapi_audio_customer::SetAbsoluteVolume: project name is X440M
08-16 14:46:29.372 I/tvos    ( 1764): SetAbsoluteVolume, m_bBTDetect is false! 
08-16 14:46:29.372 I/tvos    ( 1764): mapi_audio_customer::SetAbsoluteVolume: project name is X440M
08-16 14:46:29.372 I/tvos    ( 1764): SetAbsoluteVolume: uPercent : 0, path=255(speaker), VolumeInt=7f, VolumeFra=0
08-16 14:46:29.372 I/tvos    ( 1764): SetAbsoluteVolume: uPercent(currVol) : 0, realPath=255(default), VolumeInt=7f, VolumeFra=0
08-16 14:46:29.372 I/tvos    ( 1764): [SetMuteStatus] call SetSoundMuteStatus, line : 10369, muteType: 4, onOff : 0 
08-16 14:46:29.372 I/tvos    ( 1764): [audioBSP] #1 m_internalMute : 0 ..
08-16 14:46:29.372 I/tvos    ( 1764): #1|->SDK_bPermanentAudioMute:0<-|->SDK_bMomentAudioMute:0 <-|->SDK_bBySyncAudioMute:0<-|->SDK_bByBlockAudioMute:0<-|->SDK_bByVChipAudioMute:0<-|
08-16 14:46:29.372 I/tvos    ( 1764): #1|->SDK_bInternal1AudioMute:0<-|->SDK_bInternal2AudioMute:0<-|->SDK_bInternal3AudioMute:0<-|->SDK_bInternal4AudioMute:0<-|
08-16 14:46:29.372 I/tvos    ( 1764): #1|->SDK_bByScanInOutchgCHchg:0<-|->SDK_bByDuringLimitedTimeAudioMute:0<-|->SDK_bSourceSwitchAudioMute:0<-|
08-16 14:46:29.372 I/tvos    ( 1764): #1|->SDK_bMHEGApMute:0<-|->SDK_bAllAudioMuteCtrl:0<-|->SDK_bPowerOnMute:0<-|->SDK_bNullSourceMute0<-|->SDK_bSetInputSourceAudioMute:0<-|
08-16 14:46:29.372 I/tvos    ( 1764): [audioBSP] #2 m_spkrMute : 0 ..|->SDK_bUsrSpkrAudioMute:0<-|->SDK_bPowerOnMute:0<-|->SDK_bByUserAudioMute:0<-|
08-16 14:46:29.372 I/tvos    ( 1764): [audioBSP] #3 m_PcmCapture2Mute:0 |->SDK_bByUserPcmCapture2Mute:0<-|->SDK_SUB_bByUserAudioMute:0<-|->SDK_bByUserAudioMute:0<-|
08-16 14:46:29.372 I/tvos    ( 1764): [audioBSP] #5 m_hpMute : 1 ..|->SDK_bUsrHpAudioMute:1<-|->SDK_bPowerOnMute:0<-|->SDK_bByUserAudioMute:0<-|
08-16 14:46:29.372 I/tvos    ( 1764): [audioBSP] #12 m_spdifMute : 1 ..
08-16 14:46:29.372 I/tvos    ( 1764): #12|->SDK_bPermanentAudioMute:0<-|->SDK_bMomentAudioMute:0<-|->SDK_bByBlockAudioMute:0<-|
08-16 14:46:29.372 I/tvos    ( 1764): #12|->SDK_bByVChipAudioMute:0<-|->SDK_bInternal1AudioMute:0<-|->SDK_bInternal4AudioMute:0<-|
08-16 14:46:29.372 I/tvos    ( 1764): #12|->SDK_bByDuringLimitedTimeAudioMute:0<-|->SDK_bSourceSwitchAudioMute:0<-|->SDK_bMHEGApMute:0<-|
08-16 14:46:29.372 I/tvos    ( 1764): #12|->SDK_bPowerOnMute:0<-|->SDK_bUsrSpdifAudioMute:1<-|->SDK_bNullSourceMute:0<-|->SDK_bByAppMute:0<-|
08-16 14:46:29.372 I/tvos    ( 1764): ---Amplifier_ALC1310_LR_SWMute(0)
08-16 14:46:29.372 I/tvos    ( 1764): ALC1310 unmute good, addr: 0x13 readbackvalue: 4 
08-16 14:46:29.373 I/tvos    ( 1764): SetSoundMuteStatus : m_hpMute : 1, m_spdifMute : 1, m_DataInMute : 0, m_channel7Mute : 0, m_internalMute : 0, m_spkrMute : 0, m_PcmCapture1Mute : 0, m_PcmCapture2Mute : 0 
08-16 14:46:29.374 I/AudioUtil( 1758): setParameters spk_volume=0
08-16 14:46:29.374 I/audio_hw_primary( 1758): adev_set_parameters: spk_volume=0
08-16 14:46:29.376 I/tvos    ( 1764): GetAudioOutputDevice, retval : 0
08-16 14:46:29.377 I/tvos    ( 1764): [SetMuteStatus] call SetSoundMuteStatus, line : 10369, muteType: 67108864, onOff : 1 
08-16 14:46:29.377 I/tvos    ( 1764): _TransMSrvMuteTypeToSDKMuteType: Err! muteType(67108864) is out of Range
08-16 14:46:29.380 I/tvos    ( 1764): [SetMuteStatus] call SetSoundMuteStatus, line : 10369, muteType: 4, onOff : 1 
08-16 14:46:29.380 I/tvos    ( 1764): [audioBSP] #1 m_internalMute : 0 ..
08-16 14:46:29.380 I/tvos    ( 1764): #1|->SDK_bPermanentAudioMute:0<-|->SDK_bMomentAudioMute:0 <-|->SDK_bBySyncAudioMute:0<-|->SDK_bByBlockAudioMute:0<-|->SDK_bByVChipAudioMute:0<-|
08-16 14:46:29.380 I/tvos    ( 1764): #1|->SDK_bInternal1AudioMute:0<-|->SDK_bInternal2AudioMute:0<-|->SDK_bInternal3AudioMute:0<-|->SDK_bInternal4AudioMute:0<-|
08-16 14:46:29.380 I/tvos    ( 1764): #1|->SDK_bByScanInOutchgCHchg:0<-|->SDK_bByDuringLimitedTimeAudioMute:0<-|->SDK_bSourceSwitchAudioMute:0<-|
08-16 14:46:29.380 I/tvos    ( 1764): #1|->SDK_bMHEGApMute:0<-|->SDK_bAllAudioMuteCtrl:0<-|->SDK_bPowerOnMute:0<-|->SDK_bNullSourceMute0<-|->SDK_bSetInputSourceAudioMute:0<-|
08-16 14:46:29.380 I/tvos    ( 1764): [audioBSP] #2 m_spkrMute : 1 ..|->SDK_bUsrSpkrAudioMute:0<-|->SDK_bPowerOnMute:0<-|->SDK_bByUserAudioMute:1<-|
08-16 14:46:29.380 I/tvos    ( 1764): [audioBSP] #3 m_PcmCapture2Mute:1 |->SDK_bByUserPcmCapture2Mute:0<-|->SDK_SUB_bByUserAudioMute:0<-|->SDK_bByUserAudioMute:1<-|
08-16 14:46:29.380 I/tvos    ( 1764): [audioBSP] #5 m_hpMute : 1 ..|->SDK_bUsrHpAudioMute:1<-|->SDK_bPowerOnMute:0<-|->SDK_bByUserAudioMute:1<-|
08-16 14:46:29.380 I/tvos    ( 1764): [audioBSP] #12 m_spdifMute : 1 ..
08-16 14:46:29.380 I/tvos    ( 1764): #12|->SDK_bPermanentAudioMute:0<-|->SDK_bMomentAudioMute:0<-|->SDK_bByBlockAudioMute:0<-|
08-16 14:46:29.380 I/tvos    ( 1764): #12|->SDK_bByVChipAudioMute:0<-|->SDK_bInternal1AudioMute:0<-|->SDK_bInternal4AudioMute:0<-|
08-16 14:46:29.380 I/tvos    ( 1764): #12|->SDK_bByDuringLimitedTimeAudioMute:0<-|->SDK_bSourceSwitchAudioMute:0<-|->SDK_bMHEGApMute:0<-|
08-16 14:46:29.380 I/tvos    ( 1764): #12|->SDK_bPowerOnMute:0<-|->SDK_bUsrSpdifAudioMute:1<-|->SDK_bNullSourceMute:0<-|->SDK_bByAppMute:0<-|
08-16 14:46:29.380 I/tvos    ( 1764): ---Amplifier_ALC1310_LR_SWMute(1)
08-16 14:46:29.380 I/tvos    ( 1764): ALC1310 mute write good, addr: 0x13, readback data : 49164, write cmd times : 1
08-16 14:46:29.382 I/tvos    ( 1764): SetSoundMuteStatus : m_hpMute : 1, m_spdifMute : 1, m_DataInMute : 0, m_channel7Mute : 0, m_internalMute : 0, m_spkrMute : 1, m_PcmCapture1Mute : 0, m_PcmCapture2Mute : 1 
08-16 14:46:29.397 E/audio_hw_primary( 1758): out_get_presentation_position pcm_get_htimestamp(pcm, &avail, timestamp) != 0!!!
08-16 14:46:29.441 I/tvos    ( 1764): GetAudioOutputDevice, retval : 0
08-16 14:46:29.692 I/tvos    ( 1764): GetAudioOutputDevice, retval : 0
08-16 14:46:29.901 I/APM::AudioPolicyEngine( 1758): getDeviceForStrategy, 359
08-16 14:46:29.942 I/tvos    ( 1764): GetAudioOutputDevice, retval : 0
08-16 14:46:30.192 I/tvos    ( 1764): GetAudioOutputDevice, retval : 0
08-16 14:46:30.443 I/tvos    ( 1764): GetAudioOutputDevice, retval : 0
08-16 14:46:30.693 I/tvos    ( 1764): GetAudioOutputDevice, retval : 0
08-16 14:46:30.944 I/tvos    ( 1764): GetAudioOutputDevice, retval : 0
08-16 14:46:31.194 I/tvos    ( 1764): GetAudioOutputDevice, retval : 0
08-16 14:46:31.445 I/tvos    ( 1764): GetAudioOutputDevice, retval : 0
08-16 14:46:31.695 I/tvos    ( 1764): GetAudioOutputDevice, retval : 0
08-16 14:46:31.749 E/LetvRemoteupgradeManager-JNI( 2613): can't get LetvManager service!
08-16 14:46:31.945 I/tvos    ( 1764): GetAudioOutputDevice, retval : 0
08-16 14:46:32.196 I/tvos    ( 1764): GetAudioOutputDevice, retval : 0
08-16 14:46:32.446 I/tvos    ( 1764): GetAudioOutputDevice, retval : 0
08-16 14:46:32.697 I/tvos    ( 1764): GetAudioOutputDevice, retval : 0
08-16 14:46:32.914 I/remotestatus( 2207): Msg.what is 101
08-16 14:46:32.914 I/WindowManager( 2207): turn cursor off
08-16 14:46:32.914 E/RemoteManager( 2207): RemoteManager is no longer support in eui6.5
08-16 14:46:32.914 W/InputDispatcher( 2207): findFocusedWindow finished: injectionResult=0, timeSpentWaitingForApplication=0.0ms
08-16 14:46:32.914 E/InputManager-JNI( 2207): call nativeDisableCursor method with hideCursor
08-16 14:46:32.918 W/InputDispatcher( 2207): findFocusedWindow finished: injectionResult=0, timeSpentWaitingForApplication=0.0ms
08-16 14:46:32.947 I/tvos    ( 1764): GetAudioOutputDevice, retval : 0
08-16 14:46:33.197 I/tvos    ( 1764): GetAudioOutputDevice, retval : 0
08-16 14:46:33.421 W/InputDispatcher( 2207): findFocusedWindow finished: injectionResult=0, timeSpentWaitingForApplication=0.0ms
08-16 14:46:33.425 W/InputDispatcher( 2207): findFocusedWindow finished: injectionResult=0, timeSpentWaitingForApplication=0.0ms
08-16 14:46:33.426 I/SoundPool( 2207): enter : func play
08-16 14:46:33.426 W/ContextImpl( 2822): Calling a method in the system process without a qualified user: android.app.ContextImpl.sendBroadcast:766 android.content.ContextWrapper.sendBroadcast:396 com.stv.globalsetting.fragment.MiracastFragment.sendCurrenMultiScreenStatus:121 com.stv.globalsetting.fragment.MiracastFragment.onClick:69 android.view.View.performClick:5201 
08-16 14:46:33.427 I/APM::AudioPolicyEngine( 1758): getDeviceForStrategy, 359
08-16 14:46:33.430 I/audio_hw_primary( 1758): version:a00004 adev_create_audio_patch::mix->device 
08-16 14:46:33.430 I/audio_hw_primary( 1758): adev_create_audio_patch *handle=-1420227928 num_audio_patch=3
08-16 14:46:33.440 E/AudioManagerService( 1803): setAudioVolume(callingPid 1758, clientPid 1758, enSoundPath 0, volumn:0 )
08-16 14:46:33.442 I/tvos    ( 1764): SetVolume, subWooExist 0!
08-16 14:46:33.442 I/tvos    ( 1764): mapi_audio_customer::SetAbsoluteVolume: project name is X440M
08-16 14:46:33.442 I/tvos    ( 1764): SetAbsoluteVolume: uPercent : 0, path=52(speaker), VolumeInt=7f, VolumeFra=0
08-16 14:46:33.442 I/tvos    ( 1764): SetAbsoluteVolume: uPercent(currVol) : 0, realPath=52(default), VolumeInt=7f, VolumeFra=0
08-16 14:46:33.442 I/tvos    ( 1764): mapi_audio_customer::SetAbsoluteVolume: project name is X440M
08-16 14:46:33.442 I/tvos    ( 1764): SetAbsoluteVolume: uPercent : 0, path=49(HP), VolumeInt=7f, VolumeFra=0
08-16 14:46:33.442 I/tvos    ( 1764): SetAbsoluteVolume: uPercent(currVol) : 0, realPath=49(default), VolumeInt=7f, VolumeFra=0
08-16 14:46:33.442 I/tvos    ( 1764): mapi_audio_customer::SetAbsoluteVolume: project name is X440M
08-16 14:46:33.442 I/tvos    ( 1764): SetAbsoluteVolume, m_bBTDetect is false! 
08-16 14:46:33.443 I/tvos    ( 1764): mapi_audio_customer::SetAbsoluteVolume: project name is X440M
08-16 14:46:33.443 I/tvos    ( 1764): SetAbsoluteVolume: uPercent : 0, path=255(speaker), VolumeInt=7f, VolumeFra=0
08-16 14:46:33.443 I/tvos    ( 1764): SetAbsoluteVolume: uPercent(currVol) : 0, realPath=255(default), VolumeInt=7f, VolumeFra=0
08-16 14:46:33.443 I/tvos    ( 1764): [SetMuteStatus] call SetSoundMuteStatus, line : 10369, muteType: 4, onOff : 0 
08-16 14:46:33.443 I/tvos    ( 1764): [audioBSP] #1 m_internalMute : 0 ..
08-16 14:46:33.443 I/tvos    ( 1764): #1|->SDK_bPermanentAudioMute:0<-|->SDK_bMomentAudioMute:0 <-|->SDK_bBySyncAudioMute:0<-|->SDK_bByBlockAudioMute:0<-|->SDK_bByVChipAudioMute:0<-|
08-16 14:46:33.443 I/tvos    ( 1764): #1|->SDK_bInternal1AudioMute:0<-|->SDK_bInternal2AudioMute:0<-|->SDK_bInternal3AudioMute:0<-|->SDK_bInternal4AudioMute:0<-|
08-16 14:46:33.443 I/tvos    ( 1764): #1|->SDK_bByScanInOutchgCHchg:0<-|->SDK_bByDuringLimitedTimeAudioMute:0<-|->SDK_bSourceSwitchAudioMute:0<-|
08-16 14:46:33.443 I/tvos    ( 1764): #1|->SDK_bMHEGApMute:0<-|->SDK_bAllAudioMuteCtrl:0<-|->SDK_bPowerOnMute:0<-|->SDK_bNullSourceMute0<-|->SDK_bSetInputSourceAudioMute:0<-|
08-16 14:46:33.443 I/tvos    ( 1764): [audioBSP] #2 m_spkrMute : 0 ..|->SDK_bUsrSpkrAudioMute:0<-|->SDK_bPowerOnMute:0<-|->SDK_bByUserAudioMute:0<-|
08-16 14:46:33.443 I/tvos    ( 1764): [audioBSP] #3 m_PcmCapture2Mute:0 |->SDK_bByUserPcmCapture2Mute:0<-|->SDK_SUB_bByUserAudioMute:0<-|->SDK_bByUserAudioMute:0<-|
08-16 14:46:33.443 I/tvos    ( 1764): [audioBSP] #5 m_hpMute : 1 ..|->SDK_bUsrHpAudioMute:1<-|->SDK_bPowerOnMute:0<-|->SDK_bByUserAudioMute:0<-|
08-16 14:46:33.443 I/tvos    ( 1764): [audioBSP] #12 m_spdifMute : 1 ..
08-16 14:46:33.443 I/tvos    ( 1764): #12|->SDK_bPermanentAudioMute:0<-|->SDK_bMomentAudioMute:0<-|->SDK_bByBlockAudioMute:0<-|
08-16 14:46:33.443 I/tvos    ( 1764): #12|->SDK_bByVChipAudioMute:0<-|->SDK_bInternal1AudioMute:0<-|->SDK_bInternal4AudioMute:0<-|
08-16 14:46:33.443 I/tvos    ( 1764): #12|->SDK_bByDuringLimitedTimeAudioMute:0<-|->SDK_bSourceSwitchAudioMute:0<-|->SDK_bMHEGApMute:0<-|
08-16 14:46:33.443 I/tvos    ( 1764): #12|->SDK_bPowerOnMute:0<-|->SDK_bUsrSpdifAudioMute:1<-|->SDK_bNullSourceMute:0<-|->SDK_bByAppMute:0<-|
08-16 14:46:33.443 I/tvos    ( 1764): ---Amplifier_ALC1310_LR_SWMute(0)
08-16 14:46:33.443 I/tvos    ( 1764): ALC1310 unmute good, addr: 0x13 readbackvalue: 4 
08-16 14:46:33.445 I/tvos    ( 1764): SetSoundMuteStatus : m_hpMute : 1, m_spdifMute : 1, m_DataInMute : 0, m_channel7Mute : 0, m_internalMute : 0, m_spkrMute : 0, m_PcmCapture1Mute : 0, m_PcmCapture2Mute : 0 
08-16 14:46:33.445 I/AudioUtil( 1758): setParameters spk_volume=0
08-16 14:46:33.445 I/audio_hw_primary( 1758): adev_set_parameters: spk_volume=0
08-16 14:46:33.447 I/tvos    ( 1764): GetAudioOutputDevice, retval : 0
08-16 14:46:33.447 I/tvos    ( 1764): [SetMuteStatus] call SetSoundMuteStatus, line : 10369, muteType: 67108864, onOff : 1 
08-16 14:46:33.447 I/tvos    ( 1764): _TransMSrvMuteTypeToSDKMuteType: Err! muteType(67108864) is out of Range
08-16 14:46:33.449 I/tvos    ( 1764): [SetMuteStatus] call SetSoundMuteStatus, line : 10369, muteType: 4, onOff : 1 
08-16 14:46:33.449 I/tvos    ( 1764): [audioBSP] #1 m_internalMute : 0 ..
08-16 14:46:33.449 I/tvos    ( 1764): #1|->SDK_bPermanentAudioMute:0<-|->SDK_bMomentAudioMute:0 <-|->SDK_bBySyncAudioMute:0<-|->SDK_bByBlockAudioMute:0<-|->SDK_bByVChipAudioMute:0<-|
08-16 14:46:33.449 I/tvos    ( 1764): #1|->SDK_bInternal1AudioMute:0<-|->SDK_bInternal2AudioMute:0<-|->SDK_bInternal3AudioMute:0<-|->SDK_bInternal4AudioMute:0<-|
08-16 14:46:33.449 I/tvos    ( 1764): #1|->SDK_bByScanInOutchgCHchg:0<-|->SDK_bByDuringLimitedTimeAudioMute:0<-|->SDK_bSourceSwitchAudioMute:0<-|
08-16 14:46:33.449 I/tvos    ( 1764): #1|->SDK_bMHEGApMute:0<-|->SDK_bAllAudioMuteCtrl:0<-|->SDK_bPowerOnMute:0<-|->SDK_bNullSourceMute0<-|->SDK_bSetInputSourceAudioMute:0<-|
08-16 14:46:33.449 I/tvos    ( 1764): [audioBSP] #2 m_spkrMute : 1 ..|->SDK_bUsrSpkrAudioMute:0<-|->SDK_bPowerOnMute:0<-|->SDK_bByUserAudioMute:1<-|
08-16 14:46:33.449 I/tvos    ( 1764): [audioBSP] #3 m_PcmCapture2Mute:1 |->SDK_bByUserPcmCapture2Mute:0<-|->SDK_SUB_bByUserAudioMute:0<-|->SDK_bByUserAudioMute:1<-|
08-16 14:46:33.449 I/tvos    ( 1764): [audioBSP] #5 m_hpMute : 1 ..|->SDK_bUsrHpAudioMute:1<-|->SDK_bPowerOnMute:0<-|->SDK_bByUserAudioMute:1<-|
08-16 14:46:33.449 I/tvos    ( 1764): [audioBSP] #12 m_spdifMute : 1 ..
08-16 14:46:33.449 I/tvos    ( 1764): #12|->SDK_bPermanentAudioMute:0<-|->SDK_bMomentAudioMute:0<-|->SDK_bByBlockAudioMute:0<-|
08-16 14:46:33.449 I/tvos    ( 1764): #12|->SDK_bByVChipAudioMute:0<-|->SDK_bInternal1AudioMute:0<-|->SDK_bInternal4AudioMute:0<-|
08-16 14:46:33.449 I/tvos    ( 1764): #12|->SDK_bByDuringLimitedTimeAudioMute:0<-|->SDK_bSourceSwitchAudioMute:0<-|->SDK_bMHEGApMute:0<-|
08-16 14:46:33.449 I/tvos    ( 1764): #12|->SDK_bPowerOnMute:0<-|->SDK_bUsrSpdifAudioMute:1<-|->SDK_bNullSourceMute:0<-|->SDK_bByAppMute:0<-|
08-16 14:46:33.449 I/tvos    ( 1764): ---Amplifier_ALC1310_LR_SWMute(1)
08-16 14:46:33.449 I/tvos    ( 1764): GetAudioOutputDevice, retval : 0
08-16 14:46:33.449 I/tvos    ( 1764): ALC1310 mute write good, addr: 0x13, readback data : 49164, write cmd times : 1
08-16 14:46:33.452 I/tvos    ( 1764): SetSoundMuteStatus : m_hpMute : 1, m_spdifMute : 1, m_DataInMute : 0, m_channel7Mute : 0, m_internalMute : 0, m_spkrMute : 1, m_PcmCapture1Mute : 0, m_PcmCapture2Mute : 1 
08-16 14:46:33.471 E/audio_hw_primary( 1758): out_get_presentation_position pcm_get_htimestamp(pcm, &avail, timestamp) != 0!!!
08-16 14:46:33.698 I/tvos    ( 1764): GetAudioOutputDevice, retval : 0
08-16 14:46:33.948 I/tvos    ( 1764): GetAudioOutputDevice, retval : 0
08-16 14:46:33.977 I/APM::AudioPolicyEngine( 1758): getDeviceForStrategy, 359
08-16 14:46:34.199 I/tvos    ( 1764): GetAudioOutputDevice, retval : 0
08-16 14:46:34.449 I/tvos    ( 1764): GetAudioOutputDevice, retval : 0
08-16 14:46:34.672 I/reService( 2207): onReportKeyEvent  type=type0 keycode=22*23*22*23*22*23*22*23 
08-16 14:46:34.673 E/LETV_DEVICE( 1780): no name sn for Mstar
08-16 14:46:34.679 E/ActivityThread( 2837): Failed to find provider info for com.letv.agnes.InfoProvider
08-16 14:46:34.680 E/ActivityThread( 2837): Failed to find provider info for com.letv.agnes.InfoProvider
08-16 14:46:34.681 W/System.err( 2837): java.lang.IllegalArgumentException: Unknown URL content://com.letv.agnes.InfoProvider
08-16 14:46:34.681 W/System.err( 2837): 	at android.content.ContentResolver.insert(ContentResolver.java:1227)
08-16 14:46:34.681 W/System.err( 2837): 	at com.letv.tracker2.agnes.Configuration.addDebugInfo(Configuration.java:289)
08-16 14:46:34.681 W/System.err( 2837): 	at com.letv.tracker2.agnes.MessageProcessor$SendEnvMsgTr$1.handleMessage(MessageProcessor.java:661)
08-16 14:46:34.681 W/System.err( 2837): 	at android.os.Handler.dispatchMessage(Handler.java:102)
08-16 14:46:34.681 W/System.err( 2837): 	at android.os.Looper.loop(Looper.java:148)
08-16 14:46:34.681 W/System.err( 2837): 	at com.letv.tracker2.agnes.MessageProcessor$SendEnvMsgTr.run(MessageProcessor.java:665)
08-16 14:46:34.687 I/[T1.0.6.3]EuiAgnes_Server( 2837): resCode:1
08-16 14:46:34.687 I/[T1.0.6.3]EuiAgnes_Server( 2837): b[0]:0
08-16 14:46:34.700 I/tvos    ( 1764): GetAudioOutputDevice, retval : 0
08-16 14:46:34.751 E/LetvRemoteupgradeManager-JNI( 2613): can't get LetvManager service!
08-16 14:46:34.950 I/tvos    ( 1764): GetAudioOutputDevice, retval : 0
08-16 14:46:35.201 I/tvos    ( 1764): GetAudioOutputDevice, retval : 0
08-16 14:46:35.451 I/tvos    ( 1764): GetAudioOutputDevice, retval : 0
08-16 14:46:35.702 I/tvos    ( 1764): GetAudioOutputDevice, retval : 0
08-16 14:46:35.952 I/tvos    ( 1764): GetAudioOutputDevice, retval : 0
08-16 14:46:36.202 I/tvos    ( 1764): GetAudioOutputDevice, retval : 0
08-16 14:46:36.453 I/tvos    ( 1764): GetAudioOutputDevice, retval : 0
08-16 14:46:36.703 I/tvos    ( 1764): GetAudioOutputDevice, retval : 0
08-16 14:46:36.954 I/tvos    ( 1764): GetAudioOutputDevice, retval : 0
08-16 14:46:36.969 I/remotestatus( 2207): Msg.what is 101
08-16 14:46:36.969 I/WindowManager( 2207): turn cursor off
08-16 14:46:36.969 E/RemoteManager( 2207): RemoteManager is no longer support in eui6.5
08-16 14:46:36.969 W/InputDispatcher( 2207): findFocusedWindow finished: injectionResult=0, timeSpentWaitingForApplication=0.0ms
08-16 14:46:36.969 E/InputManager-JNI( 2207): call nativeDisableCursor method with hideCursor
08-16 14:46:36.973 W/InputDispatcher( 2207): findFocusedWindow finished: injectionResult=0, timeSpentWaitingForApplication=0.0ms
08-16 14:46:37.204 I/tvos    ( 1764): GetAudioOutputDevice, retval : 0
08-16 14:46:37.455 I/tvos    ( 1764): GetAudioOutputDevice, retval : 0
08-16 14:46:37.476 W/InputDispatcher( 2207): findFocusedWindow finished: injectionResult=0, timeSpentWaitingForApplication=0.0ms
08-16 14:46:37.480 W/InputDispatcher( 2207): findFocusedWindow finished: injectionResult=0, timeSpentWaitingForApplication=0.0ms
08-16 14:46:37.481 I/SoundPool( 2207): enter : func play
08-16 14:46:37.481 W/ContextImpl( 2822): Calling a method in the system process without a qualified user: android.app.ContextImpl.sendBroadcast:766 android.content.ContextWrapper.sendBroadcast:396 com.stv.globalsetting.fragment.MiracastFragment.sendCurrenMultiScreenStatus:121 com.stv.globalsetting.fragment.MiracastFragment.onClick:72 android.view.View.performClick:5201 
08-16 14:46:37.482 I/APM::AudioPolicyEngine( 1758): getDeviceForStrategy, 359
08-16 14:46:37.482 I/audio_hw_primary( 1758): version:a00004 adev_create_audio_patch::mix->device 
08-16 14:46:37.482 I/audio_hw_primary( 1758): adev_create_audio_patch *handle=-1420227928 num_audio_patch=3
08-16 14:46:37.495 E/AudioManagerService( 1803): setAudioVolume(callingPid 1758, clientPid 1758, enSoundPath 0, volumn:0 )
08-16 14:46:37.497 I/tvos    ( 1764): SetVolume, subWooExist 0!
08-16 14:46:37.497 I/tvos    ( 1764): mapi_audio_customer::SetAbsoluteVolume: project name is X440M
08-16 14:46:37.497 I/tvos    ( 1764): SetAbsoluteVolume: uPercent : 0, path=52(speaker), VolumeInt=7f, VolumeFra=0
08-16 14:46:37.497 I/tvos    ( 1764): SetAbsoluteVolume: uPercent(currVol) : 0, realPath=52(default), VolumeInt=7f, VolumeFra=0
08-16 14:46:37.497 I/tvos    ( 1764): mapi_audio_customer::SetAbsoluteVolume: project name is X440M
08-16 14:46:37.497 I/tvos    ( 1764): SetAbsoluteVolume: uPercent : 0, path=49(HP), VolumeInt=7f, VolumeFra=0
08-16 14:46:37.497 I/tvos    ( 1764): SetAbsoluteVolume: uPercent(currVol) : 0, realPath=49(default), VolumeInt=7f, VolumeFra=0
08-16 14:46:37.497 I/tvos    ( 1764): mapi_audio_customer::SetAbsoluteVolume: project name is X440M
08-16 14:46:37.497 I/tvos    ( 1764): SetAbsoluteVolume, m_bBTDetect is false! 
08-16 14:46:37.497 I/tvos    ( 1764): mapi_audio_customer::SetAbsoluteVolume: project name is X440M
08-16 14:46:37.498 I/tvos    ( 1764): SetAbsoluteVolume: uPercent : 0, path=255(speaker), VolumeInt=7f, VolumeFra=0
08-16 14:46:37.498 I/tvos    ( 1764): SetAbsoluteVolume: uPercent(currVol) : 0, realPath=255(default), VolumeInt=7f, VolumeFra=0
08-16 14:46:37.498 I/tvos    ( 1764): [SetMuteStatus] call SetSoundMuteStatus, line : 10369, muteType: 4, onOff : 0 
08-16 14:46:37.498 I/tvos    ( 1764): [audioBSP] #1 m_internalMute : 0 ..
08-16 14:46:37.498 I/tvos    ( 1764): #1|->SDK_bPermanentAudioMute:0<-|->SDK_bMomentAudioMute:0 <-|->SDK_bBySyncAudioMute:0<-|->SDK_bByBlockAudioMute:0<-|->SDK_bByVChipAudioMute:0<-|
08-16 14:46:37.498 I/tvos    ( 1764): #1|->SDK_bInternal1AudioMute:0<-|->SDK_bInternal2AudioMute:0<-|->SDK_bInternal3AudioMute:0<-|->SDK_bInternal4AudioMute:0<-|
08-16 14:46:37.498 I/tvos    ( 1764): #1|->SDK_bByScanInOutchgCHchg:0<-|->SDK_bByDuringLimitedTimeAudioMute:0<-|->SDK_bSourceSwitchAudioMute:0<-|
08-16 14:46:37.498 I/tvos    ( 1764): #1|->SDK_bMHEGApMute:0<-|->SDK_bAllAudioMuteCtrl:0<-|->SDK_bPowerOnMute:0<-|->SDK_bNullSourceMute0<-|->SDK_bSetInputSourceAudioMute:0<-|
08-16 14:46:37.498 I/tvos    ( 1764): [audioBSP] #2 m_spkrMute : 0 ..|->SDK_bUsrSpkrAudioMute:0<-|->SDK_bPowerOnMute:0<-|->SDK_bByUserAudioMute:0<-|
08-16 14:46:37.498 I/tvos    ( 1764): [audioBSP] #3 m_PcmCapture2Mute:0 |->SDK_bByUserPcmCapture2Mute:0<-|->SDK_SUB_bByUserAudioMute:0<-|->SDK_bByUserAudioMute:0<-|
08-16 14:46:37.498 I/tvos    ( 1764): [audioBSP] #5 m_hpMute : 1 ..|->SDK_bUsrHpAudioMute:1<-|->SDK_bPowerOnMute:0<-|->SDK_bByUserAudioMute:0<-|
08-16 14:46:37.498 I/tvos    ( 1764): [audioBSP] #12 m_spdifMute : 1 ..
08-16 14:46:37.498 I/tvos    ( 1764): #12|->SDK_bPermanentAudioMute:0<-|->SDK_bMomentAudioMute:0<-|->SDK_bByBlockAudioMute:0<-|
08-16 14:46:37.498 I/tvos    ( 1764): #12|->SDK_bByVChipAudioMute:0<-|->SDK_bInternal1AudioMute:0<-|->SDK_bInternal4AudioMute:0<-|
08-16 14:46:37.498 I/tvos    ( 1764): #12|->SDK_bByDuringLimitedTimeAudioMute:0<-|->SDK_bSourceSwitchAudioMute:0<-|->SDK_bMHEGApMute:0<-|
08-16 14:46:37.498 I/tvos    ( 1764): #12|->SDK_bPowerOnMute:0<-|->SDK_bUsrSpdifAudioMute:1<-|->SDK_bNullSourceMute:0<-|->SDK_bByAppMute:0<-|
08-16 14:46:37.498 I/tvos    ( 1764): ---Amplifier_ALC1310_LR_SWMute(0)
08-16 14:46:37.498 I/tvos    ( 1764): ALC1310 unmute good, addr: 0x13 readbackvalue: 4 
08-16 14:46:37.500 I/tvos    ( 1764): SetSoundMuteStatus : m_hpMute : 1, m_spdifMute : 1, m_DataInMute : 0, m_channel7Mute : 0, m_internalMute : 0, m_spkrMute : 0, m_PcmCapture1Mute : 0, m_PcmCapture2Mute : 0 
08-16 14:46:37.501 I/AudioUtil( 1758): setParameters spk_volume=0
08-16 14:46:37.501 I/audio_hw_primary( 1758): adev_set_parameters: spk_volume=0
08-16 14:46:37.501 I/tvos    ( 1764): GetAudioOutputDevice, retval : 0
08-16 14:46:37.502 I/tvos    ( 1764): [SetMuteStatus] call SetSoundMuteStatus, line : 10369, muteType: 67108864, onOff : 1 
08-16 14:46:37.502 I/tvos    ( 1764): _TransMSrvMuteTypeToSDKMuteType: Err! muteType(67108864) is out of Range
08-16 14:46:37.505 I/tvos    ( 1764): [SetMuteStatus] call SetSoundMuteStatus, line : 10369, muteType: 4, onOff : 1 
08-16 14:46:37.505 I/tvos    ( 1764): [audioBSP] #1 m_internalMute : 0 ..
08-16 14:46:37.505 I/tvos    ( 1764): #1|->SDK_bPermanentAudioMute:0<-|->SDK_bMomentAudioMute:0 <-|->SDK_bBySyncAudioMute:0<-|->SDK_bByBlockAudioMute:0<-|->SDK_bByVChipAudioMute:0<-|
08-16 14:46:37.505 I/tvos    ( 1764): #1|->SDK_bInternal1AudioMute:0<-|->SDK_bInternal2AudioMute:0<-|->SDK_bInternal3AudioMute:0<-|->SDK_bInternal4AudioMute:0<-|
08-16 14:46:37.505 I/tvos    ( 1764): #1|->SDK_bByScanInOutchgCHchg:0<-|->SDK_bByDuringLimitedTimeAudioMute:0<-|->SDK_bSourceSwitchAudioMute:0<-|
08-16 14:46:37.505 I/tvos    ( 1764): #1|->SDK_bMHEGApMute:0<-|->SDK_bAllAudioMuteCtrl:0<-|->SDK_bPowerOnMute:0<-|->SDK_bNullSourceMute0<-|->SDK_bSetInputSourceAudioMute:0<-|
08-16 14:46:37.505 I/tvos    ( 1764): [audioBSP] #2 m_spkrMute : 1 ..|->SDK_bUsrSpkrAudioMute:0<-|->SDK_bPowerOnMute:0<-|->SDK_bByUserAudioMute:1<-|
08-16 14:46:37.505 I/tvos    ( 1764): [audioBSP] #3 m_PcmCapture2Mute:1 |->SDK_bByUserPcmCapture2Mute:0<-|->SDK_SUB_bByUserAudioMute:0<-|->SDK_bByUserAudioMute:1<-|
08-16 14:46:37.505 I/tvos    ( 1764): [audioBSP] #5 m_hpMute : 1 ..|->SDK_bUsrHpAudioMute:1<-|->SDK_bPowerOnMute:0<-|->SDK_bByUserAudioMute:1<-|
08-16 14:46:37.505 I/tvos    ( 1764): [audioBSP] #12 m_spdifMute : 1 ..
08-16 14:46:37.505 I/tvos    ( 1764): #12|->SDK_bPermanentAudioMute:0<-|->SDK_bMomentAudioMute:0<-|->SDK_bByBlockAudioMute:0<-|
08-16 14:46:37.505 I/tvos    ( 1764): #12|->SDK_bByVChipAudioMute:0<-|->SDK_bInternal1AudioMute:0<-|->SDK_bInternal4AudioMute:0<-|
08-16 14:46:37.505 I/tvos    ( 1764): #12|->SDK_bByDuringLimitedTimeAudioMute:0<-|->SDK_bSourceSwitchAudioMute:0<-|->SDK_bMHEGApMute:0<-|
08-16 14:46:37.505 I/tvos    ( 1764): #12|->SDK_bPowerOnMute:0<-|->SDK_bUsrSpdifAudioMute:1<-|->SDK_bNullSourceMute:0<-|->SDK_bByAppMute:0<-|
08-16 14:46:37.505 I/tvos    ( 1764): ---Amplifier_ALC1310_LR_SWMute(1)
08-16 14:46:37.505 I/tvos    ( 1764): ALC1310 mute write good, addr: 0x13, readback data : 49164, write cmd times : 1
08-16 14:46:37.507 I/tvos    ( 1764): SetSoundMuteStatus : m_hpMute : 1, m_spdifMute : 1, m_DataInMute : 0, m_channel7Mute : 0, m_internalMute : 0, m_spkrMute : 1, m_PcmCapture1Mute : 0, m_PcmCapture2Mute : 1 
08-16 14:46:37.524 E/audio_hw_primary( 1758): out_get_presentation_position pcm_get_htimestamp(pcm, &avail, timestamp) != 0!!!
08-16 14:46:37.705 I/tvos    ( 1764): GetAudioOutputDevice, retval : 0
08-16 14:46:37.751 E/LetvRemoteupgradeManager-JNI( 2613): can't get LetvManager service!
08-16 14:46:37.955 I/tvos    ( 1764): GetAudioOutputDevice, retval : 0
08-16 14:46:38.029 I/APM::AudioPolicyEngine( 1758): getDeviceForStrategy, 359
08-16 14:46:38.206 I/tvos    ( 1764): GetAudioOutputDevice, retval : 0
08-16 14:46:38.456 I/tvos    ( 1764): GetAudioOutputDevice, retval : 0
08-16 14:46:38.707 I/tvos    ( 1764): GetAudioOutputDevice, retval : 0
08-16 14:46:38.957 I/tvos    ( 1764): GetAudioOutputDevice, retval : 0
08-16 14:46:39.207 I/tvos    ( 1764): GetAudioOutputDevice, retval : 0
08-16 14:46:39.458 I/tvos    ( 1764): GetAudioOutputDevice, retval : 0
08-16 14:46:39.708 I/tvos    ( 1764): GetAudioOutputDevice, retval : 0
08-16 14:46:39.959 I/tvos    ( 1764): GetAudioOutputDevice, retval : 0
08-16 14:46:40.209 I/tvos    ( 1764): GetAudioOutputDevice, retval : 0
08-16 14:46:40.459 I/tvos    ( 1764): GetAudioOutputDevice, retval : 0
08-16 14:46:40.710 I/tvos    ( 1764): GetAudioOutputDevice, retval : 0
08-16 14:46:40.751 E/LetvRemoteupgradeManager-JNI( 2613): can't get LetvManager service!
08-16 14:46:40.960 I/tvos    ( 1764): GetAudioOutputDevice, retval : 0
08-16 14:46:41.034 I/remotestatus( 2207): Msg.what is 101
08-16 14:46:41.034 W/InputDispatcher( 2207): findFocusedWindow finished: injectionResult=0, timeSpentWaitingForApplication=0.0ms
08-16 14:46:41.035 I/WindowManager( 2207): turn cursor off
08-16 14:46:41.035 E/RemoteManager( 2207): RemoteManager is no longer support in eui6.5
08-16 14:46:41.036 E/InputManager-JNI( 2207): call nativeDisableCursor method with hideCursor
08-16 14:46:41.037 W/InputDispatcher( 2207): findFocusedWindow finished: injectionResult=0, timeSpentWaitingForApplication=0.0ms
08-16 14:46:41.211 I/tvos    ( 1764): GetAudioOutputDevice, retval : 0
08-16 14:46:41.461 I/tvos    ( 1764): GetAudioOutputDevice, retval : 0
08-16 14:46:41.541 W/InputDispatcher( 2207): findFocusedWindow finished: injectionResult=0, timeSpentWaitingForApplication=0.0ms
08-16 14:46:41.544 W/InputDispatcher( 2207): findFocusedWindow finished: injectionResult=0, timeSpentWaitingForApplication=0.0ms
08-16 14:46:41.545 I/SoundPool( 2207): enter : func play
08-16 14:46:41.546 W/ContextImpl( 2822): Calling a method in the system process without a qualified user: android.app.ContextImpl.sendBroadcast:766 android.content.ContextWrapper.sendBroadcast:396 com.stv.globalsetting.fragment.MiracastFragment.sendCurrenMultiScreenStatus:121 com.stv.globalsetting.fragment.MiracastFragment.onClick:69 android.view.View.performClick:5201 
08-16 14:46:41.546 I/APM::AudioPolicyEngine( 1758): getDeviceForStrategy, 359
08-16 14:46:41.547 I/audio_hw_primary( 1758): version:a00004 adev_create_audio_patch::mix->device 
08-16 14:46:41.547 I/audio_hw_primary( 1758): adev_create_audio_patch *handle=-1420227928 num_audio_patch=3
08-16 14:46:41.554 E/AudioManagerService( 1803): setAudioVolume(callingPid 1758, clientPid 1758, enSoundPath 0, volumn:0 )
08-16 14:46:41.556 I/tvos    ( 1764): SetVolume, subWooExist 0!
08-16 14:46:41.556 I/tvos    ( 1764): mapi_audio_customer::SetAbsoluteVolume: project name is X440M
08-16 14:46:41.556 I/tvos    ( 1764): SetAbsoluteVolume: uPercent : 0, path=52(speaker), VolumeInt=7f, VolumeFra=0
08-16 14:46:41.556 I/tvos    ( 1764): SetAbsoluteVolume: uPercent(currVol) : 0, realPath=52(default), VolumeInt=7f, VolumeFra=0
08-16 14:46:41.557 I/tvos    ( 1764): mapi_audio_customer::SetAbsoluteVolume: project name is X440M
08-16 14:46:41.557 I/tvos    ( 1764): SetAbsoluteVolume: uPercent : 0, path=49(HP), VolumeInt=7f, VolumeFra=0
08-16 14:46:41.557 I/tvos    ( 1764): SetAbsoluteVolume: uPercent(currVol) : 0, realPath=49(default), VolumeInt=7f, VolumeFra=0
08-16 14:46:41.557 I/tvos    ( 1764): mapi_audio_customer::SetAbsoluteVolume: project name is X440M
08-16 14:46:41.557 I/tvos    ( 1764): SetAbsoluteVolume, m_bBTDetect is false! 
08-16 14:46:41.557 I/tvos    ( 1764): mapi_audio_customer::SetAbsoluteVolume: project name is X440M
08-16 14:46:41.557 I/tvos    ( 1764): SetAbsoluteVolume: uPercent : 0, path=255(speaker), VolumeInt=7f, VolumeFra=0
08-16 14:46:41.557 I/tvos    ( 1764): SetAbsoluteVolume: uPercent(currVol) : 0, realPath=255(default), VolumeInt=7f, VolumeFra=0
08-16 14:46:41.557 I/tvos    ( 1764): [SetMuteStatus] call SetSoundMuteStatus, line : 10369, muteType: 4, onOff : 0 
08-16 14:46:41.557 I/tvos    ( 1764): [audioBSP] #1 m_internalMute : 0 ..
08-16 14:46:41.557 I/tvos    ( 1764): #1|->SDK_bPermanentAudioMute:0<-|->SDK_bMomentAudioMute:0 <-|->SDK_bBySyncAudioMute:0<-|->SDK_bByBlockAudioMute:0<-|->SDK_bByVChipAudioMute:0<-|
08-16 14:46:41.557 I/tvos    ( 1764): #1|->SDK_bInternal1AudioMute:0<-|->SDK_bInternal2AudioMute:0<-|->SDK_bInternal3AudioMute:0<-|->SDK_bInternal4AudioMute:0<-|
08-16 14:46:41.557 I/tvos    ( 1764): #1|->SDK_bByScanInOutchgCHchg:0<-|->SDK_bByDuringLimitedTimeAudioMute:0<-|->SDK_bSourceSwitchAudioMute:0<-|
08-16 14:46:41.557 I/tvos    ( 1764): #1|->SDK_bMHEGApMute:0<-|->SDK_bAllAudioMuteCtrl:0<-|->SDK_bPowerOnMute:0<-|->SDK_bNullSourceMute0<-|->SDK_bSetInputSourceAudioMute:0<-|
08-16 14:46:41.557 I/tvos    ( 1764): [audioBSP] #2 m_spkrMute : 0 ..|->SDK_bUsrSpkrAudioMute:0<-|->SDK_bPowerOnMute:0<-|->SDK_bByUserAudioMute:0<-|
08-16 14:46:41.557 I/tvos    ( 1764): [audioBSP] #3 m_PcmCapture2Mute:0 |->SDK_bByUserPcmCapture2Mute:0<-|->SDK_SUB_bByUserAudioMute:0<-|->SDK_bByUserAudioMute:0<-|
08-16 14:46:41.557 I/tvos    ( 1764): [audioBSP] #5 m_hpMute : 1 ..|->SDK_bUsrHpAudioMute:1<-|->SDK_bPowerOnMute:0<-|->SDK_bByUserAudioMute:0<-|
08-16 14:46:41.557 I/tvos    ( 1764): [audioBSP] #12 m_spdifMute : 1 ..
08-16 14:46:41.557 I/tvos    ( 1764): #12|->SDK_bPermanentAudioMute:0<-|->SDK_bMomentAudioMute:0<-|->SDK_bByBlockAudioMute:0<-|
08-16 14:46:41.557 I/tvos    ( 1764): #12|->SDK_bByVChipAudioMute:0<-|->SDK_bInternal1AudioMute:0<-|->SDK_bInternal4AudioMute:0<-|
08-16 14:46:41.557 I/tvos    ( 1764): #12|->SDK_bByDuringLimitedTimeAudioMute:0<-|->SDK_bSourceSwitchAudioMute:0<-|->SDK_bMHEGApMute:0<-|
08-16 14:46:41.557 I/tvos    ( 1764): #12|->SDK_bPowerOnMute:0<-|->SDK_bUsrSpdifAudioMute:1<-|->SDK_bNullSourceMute:0<-|->SDK_bByAppMute:0<-|
08-16 14:46:41.557 I/tvos    ( 1764): ---Amplifier_ALC1310_LR_SWMute(0)
08-16 14:46:41.557 I/tvos    ( 1764): ALC1310 unmute good, addr: 0x13 readbackvalue: 4 
08-16 14:46:41.559 I/tvos    ( 1764): SetSoundMuteStatus : m_hpMute : 1, m_spdifMute : 1, m_DataInMute : 0, m_channel7Mute : 0, m_internalMute : 0, m_spkrMute : 0, m_PcmCapture1Mute : 0, m_PcmCapture2Mute : 0 
08-16 14:46:41.562 I/AudioUtil( 1758): setParameters spk_volume=0
08-16 14:46:41.562 I/audio_hw_primary( 1758): adev_set_parameters: spk_volume=0
08-16 14:46:41.563 I/tvos    ( 1764): GetAudioOutputDevice, retval : 0
08-16 14:46:41.563 I/tvos    ( 1764): [SetMuteStatus] call SetSoundMuteStatus, line : 10369, muteType: 67108864, onOff : 1 
08-16 14:46:41.563 I/tvos    ( 1764): _TransMSrvMuteTypeToSDKMuteType: Err! muteType(67108864) is out of Range
08-16 14:46:41.565 I/tvos    ( 1764): [SetMuteStatus] call SetSoundMuteStatus, line : 10369, muteType: 4, onOff : 1 
08-16 14:46:41.566 I/tvos    ( 1764): [audioBSP] #1 m_internalMute : 0 ..
08-16 14:46:41.566 I/tvos    ( 1764): #1|->SDK_bPermanentAudioMute:0<-|->SDK_bMomentAudioMute:0 <-|->SDK_bBySyncAudioMute:0<-|->SDK_bByBlockAudioMute:0<-|->SDK_bByVChipAudioMute:0<-|
08-16 14:46:41.566 I/tvos    ( 1764): #1|->SDK_bInternal1AudioMute:0<-|->SDK_bInternal2AudioMute:0<-|->SDK_bInternal3AudioMute:0<-|->SDK_bInternal4AudioMute:0<-|
08-16 14:46:41.566 I/tvos    ( 1764): #1|->SDK_bByScanInOutchgCHchg:0<-|->SDK_bByDuringLimitedTimeAudioMute:0<-|->SDK_bSourceSwitchAudioMute:0<-|
08-16 14:46:41.566 I/tvos    ( 1764): #1|->SDK_bMHEGApMute:0<-|->SDK_bAllAudioMuteCtrl:0<-|->SDK_bPowerOnMute:0<-|->SDK_bNullSourceMute0<-|->SDK_bSetInputSourceAudioMute:0<-|
08-16 14:46:41.566 I/tvos    ( 1764): [audioBSP] #2 m_spkrMute : 1 ..|->SDK_bUsrSpkrAudioMute:0<-|->SDK_bPowerOnMute:0<-|->SDK_bByUserAudioMute:1<-|
08-16 14:46:41.566 I/tvos    ( 1764): [audioBSP] #3 m_PcmCapture2Mute:1 |->SDK_bByUserPcmCapture2Mute:0<-|->SDK_SUB_bByUserAudioMute:0<-|->SDK_bByUserAudioMute:1<-|
08-16 14:46:41.566 I/tvos    ( 1764): [audioBSP] #5 m_hpMute : 1 ..|->SDK_bUsrHpAudioMute:1<-|->SDK_bPowerOnMute:0<-|->SDK_bByUserAudioMute:1<-|
08-16 14:46:41.566 I/tvos    ( 1764): [audioBSP] #12 m_spdifMute : 1 ..
08-16 14:46:41.566 I/tvos    ( 1764): #12|->SDK_bPermanentAudioMute:0<-|->SDK_bMomentAudioMute:0<-|->SDK_bByBlockAudioMute:0<-|
08-16 14:46:41.566 I/tvos    ( 1764): #12|->SDK_bByVChipAudioMute:0<-|->SDK_bInternal1AudioMute:0<-|->SDK_bInternal4AudioMute:0<-|
08-16 14:46:41.566 I/tvos    ( 1764): #12|->SDK_bByDuringLimitedTimeAudioMute:0<-|->SDK_bSourceSwitchAudioMute:0<-|->SDK_bMHEGApMute:0<-|
08-16 14:46:41.566 I/tvos    ( 1764): #12|->SDK_bPowerOnMute:0<-|->SDK_bUsrSpdifAudioMute:1<-|->SDK_bNullSourceMute:0<-|->SDK_bByAppMute:0<-|
08-16 14:46:41.566 I/tvos    ( 1764): ---Amplifier_ALC1310_LR_SWMute(1)
08-16 14:46:41.566 I/tvos    ( 1764): ALC1310 mute write good, addr: 0x13, readback data : 49164, write cmd times : 1
08-16 14:46:41.568 I/tvos    ( 1764): SetSoundMuteStatus : m_hpMute : 1, m_spdifMute : 1, m_DataInMute : 0, m_channel7Mute : 0, m_internalMute : 0, m_spkrMute : 1, m_PcmCapture1Mute : 0, m_PcmCapture2Mute : 1 
08-16 14:46:41.588 E/audio_hw_primary( 1758): out_get_presentation_position pcm_get_htimestamp(pcm, &avail, timestamp) != 0!!!
08-16 14:46:41.711 I/tvos    ( 1764): GetAudioOutputDevice, retval : 0
08-16 14:46:41.962 I/tvos    ( 1764): GetAudioOutputDevice, retval : 0
08-16 14:46:42.093 I/APM::AudioPolicyEngine( 1758): getDeviceForStrategy, 359
08-16 14:46:42.212 I/tvos    ( 1764): GetAudioOutputDevice, retval : 0
08-16 14:46:42.463 I/tvos    ( 1764): GetAudioOutputDevice, retval : 0
08-16 14:46:42.713 I/tvos    ( 1764): GetAudioOutputDevice, retval : 0
08-16 14:46:42.963 I/tvos    ( 1764): GetAudioOutputDevice, retval : 0
08-16 14:46:43.214 I/tvos    ( 1764): GetAudioOutputDevice, retval : 0
08-16 14:46:43.464 I/tvos    ( 1764): GetAudioOutputDevice, retval : 0
08-16 14:46:43.715 I/tvos    ( 1764): GetAudioOutputDevice, retval : 0
08-16 14:46:43.752 E/LetvRemoteupgradeManager-JNI( 2613): can't get LetvManager service!
08-16 14:46:43.965 I/tvos    ( 1764): GetAudioOutputDevice, retval : 0
08-16 14:46:44.215 I/tvos    ( 1764): GetAudioOutputDevice, retval : 0
08-16 14:46:44.466 I/tvos    ( 1764): GetAudioOutputDevice, retval : 0
08-16 14:46:44.716 I/tvos    ( 1764): GetAudioOutputDevice, retval : 0
08-16 14:46:44.967 I/tvos    ( 1764): GetAudioOutputDevice, retval : 0
08-16 14:46:45.093 I/remotestatus( 2207): Msg.what is 101
08-16 14:46:45.093 I/WindowManager( 2207): turn cursor off
08-16 14:46:45.093 E/RemoteManager( 2207): RemoteManager is no longer support in eui6.5
08-16 14:46:45.093 W/InputDispatcher( 2207): findFocusedWindow finished: injectionResult=0, timeSpentWaitingForApplication=0.0ms
08-16 14:46:45.093 E/InputManager-JNI( 2207): call nativeDisableCursor method with hideCursor
08-16 14:46:45.097 W/InputDispatcher( 2207): findFocusedWindow finished: injectionResult=0, timeSpentWaitingForApplication=0.0ms
08-16 14:46:45.217 I/tvos    ( 1764): GetAudioOutputDevice, retval : 0
08-16 14:46:45.468 I/tvos    ( 1764): GetAudioOutputDevice, retval : 0
08-16 14:46:45.600 W/InputDispatcher( 2207): findFocusedWindow finished: injectionResult=0, timeSpentWaitingForApplication=0.0ms
08-16 14:46:45.604 W/InputDispatcher( 2207): findFocusedWindow finished: injectionResult=0, timeSpentWaitingForApplication=0.0ms
08-16 14:46:45.605 I/SoundPool( 2207): enter : func play
08-16 14:46:45.605 W/ContextImpl( 2822): Calling a method in the system process without a qualified user: android.app.ContextImpl.sendBroadcast:766 android.content.ContextWrapper.sendBroadcast:396 com.stv.globalsetting.fragment.MiracastFragment.sendCurrenMultiScreenStatus:121 com.stv.globalsetting.fragment.MiracastFragment.onClick:72 android.view.View.performClick:5201 
08-16 14:46:45.605 I/APM::AudioPolicyEngine( 1758): getDeviceForStrategy, 359
08-16 14:46:45.606 I/audio_hw_primary( 1758): version:a00004 adev_create_audio_patch::mix->device 
08-16 14:46:45.606 I/audio_hw_primary( 1758): adev_create_audio_patch *handle=-1420227928 num_audio_patch=3
08-16 14:46:45.613 E/AudioManagerService( 1803): setAudioVolume(callingPid 1758, clientPid 1758, enSoundPath 0, volumn:0 )
08-16 14:46:45.615 I/tvos    ( 1764): SetVolume, subWooExist 0!
08-16 14:46:45.615 I/tvos    ( 1764): mapi_audio_customer::SetAbsoluteVolume: project name is X440M
08-16 14:46:45.615 I/tvos    ( 1764): SetAbsoluteVolume: uPercent : 0, path=52(speaker), VolumeInt=7f, VolumeFra=0
08-16 14:46:45.615 I/tvos    ( 1764): SetAbsoluteVolume: uPercent(currVol) : 0, realPath=52(default), VolumeInt=7f, VolumeFra=0
08-16 14:46:45.615 I/tvos    ( 1764): mapi_audio_customer::SetAbsoluteVolume: project name is X440M
08-16 14:46:45.615 I/tvos    ( 1764): SetAbsoluteVolume: uPercent : 0, path=49(HP), VolumeInt=7f, VolumeFra=0
08-16 14:46:45.615 I/tvos    ( 1764): SetAbsoluteVolume: uPercent(currVol) : 0, realPath=49(default), VolumeInt=7f, VolumeFra=0
08-16 14:46:45.615 I/tvos    ( 1764): mapi_audio_customer::SetAbsoluteVolume: project name is X440M
08-16 14:46:45.615 I/tvos    ( 1764): SetAbsoluteVolume, m_bBTDetect is false! 
08-16 14:46:45.615 I/tvos    ( 1764): mapi_audio_customer::SetAbsoluteVolume: project name is X440M
08-16 14:46:45.615 I/tvos    ( 1764): SetAbsoluteVolume: uPercent : 0, path=255(speaker), VolumeInt=7f, VolumeFra=0
08-16 14:46:45.615 I/tvos    ( 1764): SetAbsoluteVolume: uPercent(currVol) : 0, realPath=255(default), VolumeInt=7f, VolumeFra=0
08-16 14:46:45.615 I/tvos    ( 1764): [SetMuteStatus] call SetSoundMuteStatus, line : 10369, muteType: 4, onOff : 0 
08-16 14:46:45.615 I/tvos    ( 1764): [audioBSP] #1 m_internalMute : 0 ..
08-16 14:46:45.615 I/tvos    ( 1764): #1|->SDK_bPermanentAudioMute:0<-|->SDK_bMomentAudioMute:0 <-|->SDK_bBySyncAudioMute:0<-|->SDK_bByBlockAudioMute:0<-|->SDK_bByVChipAudioMute:0<-|
08-16 14:46:45.615 I/tvos    ( 1764): #1|->SDK_bInternal1AudioMute:0<-|->SDK_bInternal2AudioMute:0<-|->SDK_bInternal3AudioMute:0<-|->SDK_bInternal4AudioMute:0<-|
08-16 14:46:45.615 I/tvos    ( 1764): #1|->SDK_bByScanInOutchgCHchg:0<-|->SDK_bByDuringLimitedTimeAudioMute:0<-|->SDK_bSourceSwitchAudioMute:0<-|
08-16 14:46:45.615 I/tvos    ( 1764): #1|->SDK_bMHEGApMute:0<-|->SDK_bAllAudioMuteCtrl:0<-|->SDK_bPowerOnMute:0<-|->SDK_bNullSourceMute0<-|->SDK_bSetInputSourceAudioMute:0<-|
08-16 14:46:45.616 I/tvos    ( 1764): [audioBSP] #2 m_spkrMute : 0 ..|->SDK_bUsrSpkrAudioMute:0<-|->SDK_bPowerOnMute:0<-|->SDK_bByUserAudioMute:0<-|
08-16 14:46:45.616 I/tvos    ( 1764): [audioBSP] #3 m_PcmCapture2Mute:0 |->SDK_bByUserPcmCapture2Mute:0<-|->SDK_SUB_bByUserAudioMute:0<-|->SDK_bByUserAudioMute:0<-|
08-16 14:46:45.616 I/tvos    ( 1764): [audioBSP] #5 m_hpMute : 1 ..|->SDK_bUsrHpAudioMute:1<-|->SDK_bPowerOnMute:0<-|->SDK_bByUserAudioMute:0<-|
08-16 14:46:45.616 I/tvos    ( 1764): [audioBSP] #12 m_spdifMute : 1 ..
08-16 14:46:45.616 I/tvos    ( 1764): #12|->SDK_bPermanentAudioMute:0<-|->SDK_bMomentAudioMute:0<-|->SDK_bByBlockAudioMute:0<-|
08-16 14:46:45.616 I/tvos    ( 1764): #12|->SDK_bByVChipAudioMute:0<-|->SDK_bInternal1AudioMute:0<-|->SDK_bInternal4AudioMute:0<-|
08-16 14:46:45.616 I/tvos    ( 1764): #12|->SDK_bByDuringLimitedTimeAudioMute:0<-|->SDK_bSourceSwitchAudioMute:0<-|->SDK_bMHEGApMute:0<-|
08-16 14:46:45.616 I/tvos    ( 1764): #12|->SDK_bPowerOnMute:0<-|->SDK_bUsrSpdifAudioMute:1<-|->SDK_bNullSourceMute:0<-|->SDK_bByAppMute:0<-|
08-16 14:46:45.616 I/tvos    ( 1764): ---Amplifier_ALC1310_LR_SWMute(0)
08-16 14:46:45.616 I/tvos    ( 1764): ALC1310 unmute good, addr: 0x13 readbackvalue: 4 
08-16 14:46:45.619 I/tvos    ( 1764): SetSoundMuteStatus : m_hpMute : 1, m_spdifMute : 1, m_DataInMute : 0, m_channel7Mute : 0, m_internalMute : 0, m_spkrMute : 0, m_PcmCapture1Mute : 0, m_PcmCapture2Mute : 0 
08-16 14:46:45.621 I/AudioUtil( 1758): setParameters spk_volume=0
08-16 14:46:45.622 I/audio_hw_primary( 1758): adev_set_parameters: spk_volume=0
08-16 14:46:45.623 I/tvos    ( 1764): GetAudioOutputDevice, retval : 0
08-16 14:46:45.624 I/tvos    ( 1764): [SetMuteStatus] call SetSoundMuteStatus, line : 10369, muteType: 67108864, onOff : 1 
08-16 14:46:45.624 I/tvos    ( 1764): _TransMSrvMuteTypeToSDKMuteType: Err! muteType(67108864) is out of Range
08-16 14:46:45.627 I/tvos    ( 1764): [SetMuteStatus] call SetSoundMuteStatus, line : 10369, muteType: 4, onOff : 1 
08-16 14:46:45.627 I/tvos    ( 1764): [audioBSP] #1 m_internalMute : 0 ..
08-16 14:46:45.627 I/tvos    ( 1764): #1|->SDK_bPermanentAudioMute:0<-|->SDK_bMomentAudioMute:0 <-|->SDK_bBySyncAudioMute:0<-|->SDK_bByBlockAudioMute:0<-|->SDK_bByVChipAudioMute:0<-|
08-16 14:46:45.627 I/tvos    ( 1764): #1|->SDK_bInternal1AudioMute:0<-|->SDK_bInternal2AudioMute:0<-|->SDK_bInternal3AudioMute:0<-|->SDK_bInternal4AudioMute:0<-|
08-16 14:46:45.627 I/tvos    ( 1764): #1|->SDK_bByScanInOutchgCHchg:0<-|->SDK_bByDuringLimitedTimeAudioMute:0<-|->SDK_bSourceSwitchAudioMute:0<-|
08-16 14:46:45.627 I/tvos    ( 1764): #1|->SDK_bMHEGApMute:0<-|->SDK_bAllAudioMuteCtrl:0<-|->SDK_bPowerOnMute:0<-|->SDK_bNullSourceMute0<-|->SDK_bSetInputSourceAudioMute:0<-|
08-16 14:46:45.627 I/tvos    ( 1764): [audioBSP] #2 m_spkrMute : 1 ..|->SDK_bUsrSpkrAudioMute:0<-|->SDK_bPowerOnMute:0<-|->SDK_bByUserAudioMute:1<-|
08-16 14:46:45.627 I/tvos    ( 1764): [audioBSP] #3 m_PcmCapture2Mute:1 |->SDK_bByUserPcmCapture2Mute:0<-|->SDK_SUB_bByUserAudioMute:0<-|->SDK_bByUserAudioMute:1<-|
08-16 14:46:45.627 I/tvos    ( 1764): [audioBSP] #5 m_hpMute : 1 ..|->SDK_bUsrHpAudioMute:1<-|->SDK_bPowerOnMute:0<-|->SDK_bByUserAudioMute:1<-|
08-16 14:46:45.627 I/tvos    ( 1764): [audioBSP] #12 m_spdifMute : 1 ..
08-16 14:46:45.627 I/tvos    ( 1764): #12|->SDK_bPermanentAudioMute:0<-|->SDK_bMomentAudioMute:0<-|->SDK_bByBlockAudioMute:0<-|
08-16 14:46:45.628 I/tvos    ( 1764): #12|->SDK_bByVChipAudioMute:0<-|->SDK_bInternal1AudioMute:0<-|->SDK_bInternal4AudioMute:0<-|
08-16 14:46:45.628 I/tvos    ( 1764): #12|->SDK_bByDuringLimitedTimeAudioMute:0<-|->SDK_bSourceSwitchAudioMute:0<-|->SDK_bMHEGApMute:0<-|
08-16 14:46:45.628 I/tvos    ( 1764): #12|->SDK_bPowerOnMute:0<-|->SDK_bUsrSpdifAudioMute:1<-|->SDK_bNullSourceMute:0<-|->SDK_bByAppMute:0<-|
08-16 14:46:45.628 I/tvos    ( 1764): ---Amplifier_ALC1310_LR_SWMute(1)
08-16 14:46:45.628 I/tvos    ( 1764): ALC1310 mute write good, addr: 0x13, readback data : 49164, write cmd times : 1
08-16 14:46:45.631 I/tvos    ( 1764): SetSoundMuteStatus : m_hpMute : 1, m_spdifMute : 1, m_DataInMute : 0, m_channel7Mute : 0, m_internalMute : 0, m_spkrMute : 1, m_PcmCapture1Mute : 0, m_PcmCapture2Mute : 1 
08-16 14:46:45.647 E/audio_hw_primary( 1758): out_get_presentation_position pcm_get_htimestamp(pcm, &avail, timestamp) != 0!!!
08-16 14:46:45.718 I/tvos    ( 1764): GetAudioOutputDevice, retval : 0
