--------- beginning of main
08-16 14:45:56.134 I/tvos    ( 1764): GetAudioOutputDevice, retval : 0
08-16 14:45:56.287 I/tvos    ( 1764): [37m[INFO] Change to Voltage: 1150 mV (0x22)[m
08-16 14:45:56.287 I/tvos    ( 1764): [37m[INFO] Change to Voltage: 1150 mV (0x25)[m
08-16 14:45:56.287 I/tvos    ( 1764): [37m[INFO] Change to Voltage: 1150 mV (0x28)[m
08-16 14:45:56.287 I/tvos    ( 1764): [37m[INFO] Change to Voltage: 1150 mV (0x2B)[m
08-16 14:45:56.287 I/tvos    ( 1764): [37m[INFO] Change to Voltage: 1150 mV (0x2E)[m
08-16 14:45:56.287 I/tvos    ( 1764): [37m[INFO] Change to Voltage: 1150 mV (0x2E)[m
08-16 14:45:56.385 I/tvos    ( 1764): GetAudioOutputDevice, retval : 0
08-16 14:45:56.635 I/tvos    ( 1764): GetAudioOutputDevice, retval : 0
08-16 14:45:56.885 I/tvos    ( 1764): GetAudioOutputDevice, retval : 0
08-16 14:45:56.894 I/Radio-JNI(23682): register_android_hardware_Radio DONE
--------- beginning of system
08-16 14:45:56.918 I/ActivityManager( 2207): Force stopping com.le.tcauto.uitest appid=10097 user=0: start instr
08-16 14:45:56.930 I/art     (23694): Late-enabling -Xcheck:jni
08-16 14:45:56.931 I/ActivityManager( 2207): Start proc 23694:com.le.tcauto.uitest/u0a97 for added application com.le.tcauto.uitest
08-16 14:45:56.969 W/System  (23694): ClassLoader referenced unknown path: /data/app/com.le.tcauto.uitest.test-1/lib/arm64
08-16 14:45:56.969 W/System  (23694): ClassLoader referenced unknown path: /data/app/com.le.tcauto.uitest-1/lib/arm64
08-16 14:45:56.983 I/MonitoringInstrumentation(23694): Instrumentation Started!
08-16 14:45:56.984 I/MonitoringInstrumentation(23694): Setting context classloader to 'dalvik.system.PathClassLoader[DexPathList[[zip file "/system/framework/android.test.runner.jar", zip file "/data/app/com.le.tcauto.uitest.test-1/base.apk", zip file "/data/app/com.le.tcauto.uitest-1/base.apk"],nativeLibraryDirectories=[/data/app/com.le.tcauto.uitest.test-1/lib/arm64, /data/app/com.le.tcauto.uitest-1/lib/arm64, /vendor/lib64, /system/lib64]]]', Original: 'dalvik.system.PathClassLoader[DexPathList[[zip file "/system/framework/android.test.runner.jar", zip file "/data/app/com.le.tcauto.uitest.test-1/base.apk", zip file "/data/app/com.le.tcauto.uitest-1/base.apk"],nativeLibraryDirectories=[/data/app/com.le.tcauto.uitest.test-1/lib/arm64, /data/app/com.le.tcauto.uitest-1/lib/arm64, /vendor/lib64, /system/lib64]]]'
08-16 14:45:56.986 I/tvos    ( 1764): [37m[INFO] Change to Voltage: 1030 mV (0x2E)[m
08-16 14:45:56.987 I/tvos    ( 1764): [37m[INFO] Change to Voltage: 1030 mV (0x2B)[m
08-16 14:45:56.987 I/tvos    ( 1764): [37m[INFO] Change to Voltage: 1030 mV (0x28)[m
08-16 14:45:56.987 I/tvos    ( 1764): [37m[INFO] Change to Voltage: 1030 mV (0x25)[m
08-16 14:45:56.987 I/tvos    ( 1764): [37m[INFO] Change to Voltage: 1030 mV (0x22)[m
08-16 14:45:56.987 I/tvos    ( 1764): [37m[INFO] Change to Voltage: 1030 mV (0x22)[m
08-16 14:45:56.988 I/MonitoringInstrumentation(23694): No JSBridge.
08-16 14:45:56.988 I/MonitoringInstrumentation(23694): java.lang.ClassNotFoundException: android.support.test.espresso.web.bridge.JavaScriptBridge
08-16 14:45:56.988 I/MonitoringInstrumentation(23694): 	at java.lang.Class.classForName(Native Method)
08-16 14:45:56.988 I/MonitoringInstrumentation(23694): 	at java.lang.Class.forName(Class.java:324)
08-16 14:45:56.988 I/MonitoringInstrumentation(23694): 	at java.lang.Class.forName(Class.java:285)
08-16 14:45:56.988 I/MonitoringInstrumentation(23694): 	at android.support.test.runner.MonitoringInstrumentation.tryLoadingJsBridge(MonitoringInstrumentation.java:612)
08-16 14:45:56.988 I/MonitoringInstrumentation(23694): 	at android.support.test.runner.MonitoringInstrumentation.access$100(MonitoringInstrumentation.java:88)
08-16 14:45:56.988 I/MonitoringInstrumentation(23694): 	at android.support.test.runner.MonitoringInstrumentation$3.run(MonitoringInstrumentation.java:223)
08-16 14:45:56.988 I/MonitoringInstrumentation(23694): 	at android.app.Instrumentation$SyncRunnable.run(Instrumentation.java:1897)
08-16 14:45:56.988 I/MonitoringInstrumentation(23694): 	at android.os.Handler.handleCallback(Handler.java:739)
08-16 14:45:56.988 I/MonitoringInstrumentation(23694): 	at android.os.Handler.dispatchMessage(Handler.java:95)
08-16 14:45:56.988 I/MonitoringInstrumentation(23694): 	at android.os.Looper.loop(Looper.java:148)
08-16 14:45:56.988 I/MonitoringInstrumentation(23694): 	at android.app.ActivityThread.main(ActivityThread.java:5423)
08-16 14:45:56.988 I/MonitoringInstrumentation(23694): 	at java.lang.reflect.Method.invoke(Native Method)
08-16 14:45:56.988 I/MonitoringInstrumentation(23694): 	at com.android.internal.os.ZygoteInit$MethodAndArgsCaller.run(ZygoteInit.java:744)
08-16 14:45:56.988 I/MonitoringInstrumentation(23694): 	at com.android.internal.os.ZygoteInit.main(ZygoteInit.java:634)
08-16 14:45:56.988 I/MonitoringInstrumentation(23694): Caused by: java.lang.ClassNotFoundException: Didn't find class "android.support.test.espresso.web.bridge.JavaScriptBridge" on path: DexPathList[[zip file "/system/framework/android.test.runner.jar", zip file "/data/app/com.le.tcauto.uitest.test-1/base.apk", zip file "/data/app/com.le.tcauto.uitest-1/base.apk"],nativeLibraryDirectories=[/data/app/com.le.tcauto.uitest.test-1/lib/arm64, /data/app/com.le.tcauto.uitest-1/lib/arm64, /vendor/lib64, /system/lib64]]
08-16 14:45:56.988 I/MonitoringInstrumentation(23694): 	at dalvik.system.BaseDexClassLoader.findClass(BaseDexClassLoader.java:56)
08-16 14:45:56.988 I/MonitoringInstrumentation(23694): 	at java.lang.ClassLoader.loadClass(ClassLoader.java:511)
08-16 14:45:56.988 I/MonitoringInstrumentation(23694): 	at java.lang.ClassLoader.loadClass(ClassLoader.java:469)
08-16 14:45:56.988 I/MonitoringInstrumentation(23694): 	... 14 more
08-16 14:45:56.988 I/MonitoringInstrumentation(23694): 	Suppressed: java.lang.ClassNotFoundException: android.support.test.espresso.web.bridge.JavaScriptBridge
08-16 14:45:56.988 I/MonitoringInstrumentation(23694): 		at java.lang.Class.classForName(Native Method)
08-16 14:45:56.988 I/MonitoringInstrumentation(23694): 		at java.lang.BootClassLoader.findClass(ClassLoader.java:781)
08-16 14:45:56.988 I/MonitoringInstrumentation(23694): 		at java.lang.BootClassLoader.loadClass(ClassLoader.java:841)
08-16 14:45:56.988 I/MonitoringInstrumentation(23694): 		at java.lang.ClassLoader.loadClass(ClassLoader.java:504)
08-16 14:45:56.988 I/MonitoringInstrumentation(23694): 		... 15 more
08-16 14:45:56.988 I/MonitoringInstrumentation(23694): 	Caused by: java.lang.NoClassDefFoundError: Class not found using the boot class loader; no stack trace available
08-16 14:45:57.025 I/TestRunner(23694): run started: 1 tests
08-16 14:45:57.029 I/TestRunner(23694): started: testScreenInteraction(com.letv.cases.leui.SmokeSetting)
08-16 14:45:57.033 I/MonitoringInstrumentation(23694): Activities that are still in CREATED to STOPPED: 0
08-16 14:45:57.043 I/LetvTestCase(23694): =====================case start time is :2018-8-16-2-45-57
08-16 14:45:57.047 I/System.out(23694): The folder /sdcard/AutoSmoke_UI30/testScreenInteraction_20180816_144550 has existed!
08-16 14:45:57.047 I/System.out(23694): current_case_root_folder=testScreenInteraction_20180816_144550
08-16 14:45:57.136 I/tvos    ( 1764): GetAudioOutputDevice, retval : 0
08-16 14:45:57.187 I/tvos    ( 1764): [37m[INFO] Change to Voltage: 1150 mV (0x22)[m
08-16 14:45:57.187 I/tvos    ( 1764): [37m[INFO] Change to Voltage: 1150 mV (0x25)[m
08-16 14:45:57.187 I/tvos    ( 1764): [37m[INFO] Change to Voltage: 1150 mV (0x28)[m
08-16 14:45:57.187 I/tvos    ( 1764): [37m[INFO] Change to Voltage: 1150 mV (0x2B)[m
08-16 14:45:57.188 I/tvos    ( 1764): [37m[INFO] Change to Voltage: 1150 mV (0x2E)[m
08-16 14:45:57.188 I/tvos    ( 1764): [37m[INFO] Change to Voltage: 1150 mV (0x2E)[m
08-16 14:45:57.290 I/tvos    ( 1764): [37m[INFO] Change to Voltage: 1030 mV (0x2E)[m
08-16 14:45:57.290 I/tvos    ( 1764): [37m[INFO] Change to Voltage: 1030 mV (0x2B)[m
08-16 14:45:57.290 I/tvos    ( 1764): [37m[INFO] Change to Voltage: 1030 mV (0x28)[m
08-16 14:45:57.290 I/tvos    ( 1764): [37m[INFO] Change to Voltage: 1030 mV (0x25)[m
08-16 14:45:57.291 I/tvos    ( 1764): [37m[INFO] Change to Voltage: 1030 mV (0x22)[m
08-16 14:45:57.292 I/tvos    ( 1764): [37m[INFO] Change to Voltage: 1030 mV (0x22)[m
08-16 14:45:57.386 I/tvos    ( 1764): GetAudioOutputDevice, retval : 0
08-16 14:45:57.548 W/InputDispatcher( 2207): findFocusedWindow finished: injectionResult=0, timeSpentWaitingForApplication=0.0ms
08-16 14:45:57.554 W/InputDispatcher( 2207): findFocusedWindow finished: injectionResult=0, timeSpentWaitingForApplication=0.0ms
08-16 14:45:57.637 I/tvos    ( 1764): GetAudioOutputDevice, retval : 0
08-16 14:45:57.887 I/tvos    ( 1764): GetAudioOutputDevice, retval : 0
08-16 14:45:58.059 I/System.out(23694): .............looper : 0
08-16 14:45:58.062 I/WindowManager( 2207): startSettingMain------------------
08-16 14:45:58.063 I/SettingUtil( 2207):  startSettingMain
08-16 14:45:58.064 I/GlobalSettings( 2822): GlobalSettingService -- startSettingMain
08-16 14:45:58.064 I/GlobalSettings( 2822): SettingsApp -- updateStartTime time=1534401958064
08-16 14:45:58.064 I/GlobalSettings( 2822): GlobalSettingService -- isCanRecoverDialog=false
08-16 14:45:58.067 I/System.out( 2822): From style:
08-16 14:45:58.067 I/System.out( 2822): Attrs: 3010001=0.6 3010002=#0 3010003=null 3010004=true
08-16 14:45:58.071 W/InputDispatcher( 2207): findFocusedWindow finished: injectionResult=0, timeSpentWaitingForApplication=0.0ms
08-16 14:45:58.091 I/GlobalSettings( 2822): SettingDialog -- --------is main -------uiType:cibn
08-16 14:45:58.092 I/GlobalSettings( 2822): SettingDialog -- ---------LetvManager.getLetvDimensions()-----------2D
08-16 14:45:58.108 W/ContextImpl( 2822): Calling a method in the system process without a qualified user: android.app.ContextImpl.startService:1224 android.content.ContextWrapper.startService:581 com.stv.settingadapter.PqManager.updateBinder:2843 com.stv.settingadapter.PqManager.getInstance:616 com.stv.globalsetting.dialog.SettingDialog.onCreate:129 
08-16 14:45:58.137 I/tvos    ( 1764): GetAudioOutputDevice, retval : 0
08-16 14:45:58.165 W/InputDispatcher( 2207): Focus left window: Window{23c0535 u0 com.stv.launcher/com.stv.launcher.ui.activity.Launcher}
08-16 14:45:58.165 W/InputDispatcher( 2207): Focus entered window: Window{5f846e3 u0 com.stv.globalsetting}
08-16 14:45:58.169 I/GlobalSettings( 2822): BaseMultiLayerDialogHelper -- setDisMissTime on start
08-16 14:45:58.169 W/ContextImpl( 2822): Calling a method in the system process without a qualified user: android.app.ContextImpl.sendBroadcast:766 android.content.ContextWrapper.sendBroadcast:396 com.stv.globalsetting.service.GlobalSettingService.sendSettingOpenMsg:433 com.stv.globalsetting.service.GlobalSettingService$ActionCreateAndShowDialog.run:321 android.os.Handler.handleCallback:739 
08-16 14:45:58.171 I/GlobalSettings( 2822): ReportEuiLog_U -- ReportEuiLog action is: tvaction and reportmsg is: action=quickSetOpen
08-16 14:45:58.173 I/GlobalSettings( 2822): GlobalSettingService -- quick_open_result is: true
08-16 14:45:58.183 I/LetvManager-LogReport( 1780): [send_msg] line: 490 report url = http://log.hdtv.cp21.ott.cibntv.net:80/api/log/tvAction
08-16 14:45:58.231 E/BufferQueueProducer( 1749): [] connect(P): already connected (cur=1 req=1)
08-16 14:45:58.246 I/GlobalSettings( 2822): SettingDialog -- gain focus, report lunch time
08-16 14:45:58.246 I/GlobalSettings( 2822): SettingsApp -- reportStartTime time=1534401958246 lunch time=182
08-16 14:45:58.246 I/GlobalSettings( 2822): SettingsApp -- upload  boot time json {"app.launch_time":182,"attr":{"name":"com.stv.globalsetting"}}
08-16 14:45:58.253 W/InputMethodManagerService( 2207): Starting input on non-focused client com.android.internal.view.IInputMethodClient$Stub$Proxy@7163e83 (uid=1000 pid=3007)
08-16 14:45:58.255 W/ByMatcher(23694): Node returned null child: android.view.accessibility.AccessibilityNodeInfo@8012dca7; boundsInParent: Rect(0, 0 - 312, 234); boundsInScreen: Rect(804, 680 - 1116, 914); packageName: com.stv.plugin.app; className: android.widget.RelativeLayout; text: null; error: null; maxTextLength: -1; contentDescription: null; viewIdResName: com.stv.plugin.app:id/item_03; checkable: false; checked: false; focusable: true; focused: false; selected: false; clickable: true; longClickable: false; contextClickable: false; enabled: true; password: false; scrollable: false; actions: [AccessibilityAction: ACTION_FOCUS - null, AccessibilityAction: ACTION_SELECT - null, AccessibilityAction: ACTION_CLEAR_SELECTION - null, AccessibilityAction: ACTION_CLICK - null, AccessibilityAction: ACTION_ACCESSIBILITY_FOCUS - null, AccessibilityAction: ACTION_UNKNOWN - null]
08-16 14:45:58.256 W/ByMatcher(23694): Skipping null child (4 of 5)
08-16 14:45:58.257 W/ByMatcher(23694): Node returned null child: android.view.accessibility.AccessibilityNodeInfo@8012be9f; boundsInParent: Rect(0, 0 - 1680, 234); boundsInScreen: Rect(120, 680 - 1800, 914); packageName: com.stv.plugin.app; className: android.widget.LinearLayout; text: null; error: null; maxTextLength: -1; contentDescription: null; viewIdResName: null; checkable: false; checked: false; focusable: false; focused: false; selected: false; clickable: false; longClickable: false; contextClickable: false; enabled: true; password: false; scrollable: false; actions: [AccessibilityAction: ACTION_SELECT - null, AccessibilityAction: ACTION_CLEAR_SELECTION - null, AccessibilityAction: ACTION_ACCESSIBILITY_FOCUS - null, AccessibilityAction: ACTION_UNKNOWN - null]
08-16 14:45:58.257 W/ByMatcher(23694): Skipping null child (3 of 5)
08-16 14:45:58.258 W/ByMatcher(23694): Skipping null child (4 of 5)
08-16 14:45:58.260 W/ByMatcher(23694): Node returned null child: android.view.accessibility.AccessibilityNodeInfo@800f66bb; boundsInParent: Rect(0, 0 - 1920, 888); boundsInScreen: Rect(0, 192 - 1920, 1080); packageName: com.stv.plugin.app; className: android.support.v7.widget.RecyclerView; text: null; error: null; maxTextLength: -1; contentDescription: null; viewIdResName: com.stv.plugin.app:id/app_workspace_recyclerView; checkable: false; checked: false; focusable: true; focused: false; selected: false; clickable: false; longClickable: false; contextClickable: false; enabled: true; password: false; scrollable: true; actions: [AccessibilityAction: ACTION_FOCUS - null, AccessibilityAction: ACTION_SELECT - null, AccessibilityAction: ACTION_CLEAR_SELECTION - null, AccessibilityAction: ACTION_ACCESSIBILITY_FOCUS - null, AccessibilityAction: ACTION_SCROLL_FORWARD - null, AccessibilityAction: ACTION_UNKNOWN - null]
08-16 14:45:58.260 W/ByMatcher(23694): Skipping null child (2 of 7)
08-16 14:45:58.260 W/ByMatcher(23694): Skipping null child (3 of 7)
08-16 14:45:58.261 W/ByMatcher(23694): Skipping null child (4 of 7)
08-16 14:45:58.262 W/ByMatcher(23694): Skipping null child (5 of 7)
08-16 14:45:58.263 W/ByMatcher(23694): Skipping null child (6 of 7)
08-16 14:45:58.264 W/ByMatcher(23694): Node returned null child: android.view.accessibility.AccessibilityNodeInfo@80007941; boundsInParent: Rect(11520, 0 - 13440, 1080); boundsInScreen: Rect(0, 0 - 1920, 1080); packageName: com.stv.launcher; className: android.support.v4.view.ViewPager; text: null; error: null; maxTextLength: -1; contentDescription: null; viewIdResName: com.stv.launcher:id/metro_space; checkable: false; checked: false; focusable: false; focused: false; selected: false; clickable: false; longClickable: false; contextClickable: false; enabled: true; password: false; scrollable: true; actions: [AccessibilityAction: ACTION_SELECT - null, AccessibilityAction: ACTION_CLEAR_SELECTION - null, AccessibilityAction: ACTION_ACCESSIBILITY_FOCUS - null, AccessibilityAction: ACTION_SCROLL_FORWARD - null, AccessibilityAction: ACTION_SCROLL_BACKWARD - null, AccessibilityAction: ACTION_UNKNOWN - null]
08-16 14:45:58.264 W/ByMatcher(23694): Skipping null child (7 of 8)
08-16 14:45:58.264 W/ByMatcher(23694): Node returned null child: android.view.accessibility.AccessibilityNodeInfo@80009388; boundsInParent: Rect(0, 0 - 1920, 1080); boundsInScreen: Rect(0, 0 - 1920, 1080); packageName: com.stv.launcher; className: android.widget.FrameLayout; text: null; error: null; maxTextLength: -1; contentDescription: null; viewIdResName: com.stv.launcher:id/activity_root; checkable: false; checked: false; focusable: false; focused: false; selected: false; clickable: false; longClickable: false; contextClickable: false; enabled: true; password: false; scrollable: false; actions: [AccessibilityAction: ACTION_SELECT - null, AccessibilityAction: ACTION_CLEAR_SELECTION - null, AccessibilityAction: ACTION_ACCESSIBILITY_FOCUS - null, AccessibilityAction: ACTION_UNKNOWN - null]
08-16 14:45:58.264 W/ByMatcher(23694): Skipping null child (1 of 4)
08-16 14:45:58.265 W/ByMatcher(23694): Skipping null child (2 of 4)
08-16 14:45:58.266 W/ByMatcher(23694): Skipping null child (3 of 4)
08-16 14:45:58.388 I/tvos    ( 1764): GetAudioOutputDevice, retval : 0
08-16 14:45:58.638 I/tvos    ( 1764): GetAudioOutputDevice, retval : 0
08-16 14:45:58.745 E/LetvRemoteupgradeManager-JNI( 2613): can't get LetvManager service!
08-16 14:45:58.768 I/tvos    ( 1764): bq32kDriver:rtc_read_time.
08-16 14:45:58.768 I/tvos    ( 1764): [hq]rtc_read_time: read 0x58 0x45 0xc6 0x05 0x16 0x08 0x18
08-16 14:45:58.768 I/tvos    ( 1764): rtc_read_time: date 58s 45m 6h 16md 7m 118y
08-16 14:45:58.768 I/tvos    ( 1764): rtc read time:2018-8-16 6:45:58.
08-16 14:45:58.768 I/tvos    ( 1764): tm_year = 2018, tm_mon = 8, tm_mday = 16, tm_hour = 6,tm_min= 45,  tm_sec = 58
08-16 14:45:58.768 I/tvos    ( 1764): timeSeconds:1534401958 rtcTimeSeconds:1534401958.
08-16 14:45:58.889 I/tvos    ( 1764): GetAudioOutputDevice, retval : 0
08-16 14:45:59.139 I/tvos    ( 1764): GetAudioOutputDevice, retval : 0
08-16 14:45:59.275 W/InputDispatcher( 2207): findTouchedWindow finished: injectionResult=0, injectionPermission=1, timeSpentWaitingForApplication=0.0ms
08-16 14:45:59.278 W/InputDispatcher( 2207): findTouchedWindow finished: injectionResult=0, injectionPermission=1, timeSpentWaitingForApplication=0.0ms
08-16 14:45:59.278 I/SoundPool( 2207): enter : func play
08-16 14:45:59.283 I/APM::AudioPolicyEngine( 1758): getDeviceForStrategy, 359
08-16 14:45:59.284 I/audio_hw_primary( 1758): version:a00004 adev_create_audio_patch::mix->device 
08-16 14:45:59.284 I/audio_hw_primary( 1758): adev_create_audio_patch *handle=-1420227928 num_audio_patch=3
08-16 14:45:59.288 E/AudioManagerService( 1803): setAudioVolume(callingPid 1758, clientPid 1758, enSoundPath 0, volumn:0 )
08-16 14:45:59.290 I/tvos    ( 1764): SetVolume, subWooExist 0!
08-16 14:45:59.290 I/tvos    ( 1764): mapi_audio_customer::SetAbsoluteVolume: project name is X440M
08-16 14:45:59.290 I/tvos    ( 1764): SetAbsoluteVolume: uPercent : 0, path=52(speaker), VolumeInt=7f, VolumeFra=0
08-16 14:45:59.290 I/tvos    ( 1764): SetAbsoluteVolume: uPercent(currVol) : 0, realPath=52(default), VolumeInt=7f, VolumeFra=0
08-16 14:45:59.290 I/tvos    ( 1764): mapi_audio_customer::SetAbsoluteVolume: project name is X440M
08-16 14:45:59.290 I/tvos    ( 1764): SetAbsoluteVolume: uPercent : 0, path=49(HP), VolumeInt=7f, VolumeFra=0
08-16 14:45:59.290 I/tvos    ( 1764): SetAbsoluteVolume: uPercent(currVol) : 0, realPath=49(default), VolumeInt=7f, VolumeFra=0
08-16 14:45:59.290 I/tvos    ( 1764): mapi_audio_customer::SetAbsoluteVolume: project name is X440M
08-16 14:45:59.290 I/tvos    ( 1764): SetAbsoluteVolume, m_bBTDetect is false! 
08-16 14:45:59.290 I/tvos    ( 1764): mapi_audio_customer::SetAbsoluteVolume: project name is X440M
08-16 14:45:59.290 I/tvos    ( 1764): SetAbsoluteVolume: uPercent : 0, path=255(speaker), VolumeInt=7f, VolumeFra=0
08-16 14:45:59.290 I/tvos    ( 1764): SetAbsoluteVolume: uPercent(currVol) : 0, realPath=255(default), VolumeInt=7f, VolumeFra=0
08-16 14:45:59.290 I/tvos    ( 1764): [SetMuteStatus] call SetSoundMuteStatus, line : 10369, muteType: 4, onOff : 0 
08-16 14:45:59.290 I/tvos    ( 1764): [audioBSP] #1 m_internalMute : 0 ..
08-16 14:45:59.290 I/tvos    ( 1764): #1|->SDK_bPermanentAudioMute:0<-|->SDK_bMomentAudioMute:0 <-|->SDK_bBySyncAudioMute:0<-|->SDK_bByBlockAudioMute:0<-|->SDK_bByVChipAudioMute:0<-|
08-16 14:45:59.290 I/tvos    ( 1764): #1|->SDK_bInternal1AudioMute:0<-|->SDK_bInternal2AudioMute:0<-|->SDK_bInternal3AudioMute:0<-|->SDK_bInternal4AudioMute:0<-|
08-16 14:45:59.290 I/tvos    ( 1764): #1|->SDK_bByScanInOutchgCHchg:0<-|->SDK_bByDuringLimitedTimeAudioMute:0<-|->SDK_bSourceSwitchAudioMute:0<-|
08-16 14:45:59.290 I/tvos    ( 1764): #1|->SDK_bMHEGApMute:0<-|->SDK_bAllAudioMuteCtrl:0<-|->SDK_bPowerOnMute:0<-|->SDK_bNullSourceMute0<-|->SDK_bSetInputSourceAudioMute:0<-|
08-16 14:45:59.290 I/tvos    ( 1764): [audioBSP] #2 m_spkrMute : 0 ..|->SDK_bUsrSpkrAudioMute:0<-|->SDK_bPowerOnMute:0<-|->SDK_bByUserAudioMute:0<-|
08-16 14:45:59.290 I/tvos    ( 1764): [audioBSP] #3 m_PcmCapture2Mute:0 |->SDK_bByUserPcmCapture2Mute:0<-|->SDK_SUB_bByUserAudioMute:0<-|->SDK_bByUserAudioMute:0<-|
08-16 14:45:59.290 I/tvos    ( 1764): [audioBSP] #5 m_hpMute : 1 ..|->SDK_bUsrHpAudioMute:1<-|->SDK_bPowerOnMute:0<-|->SDK_bByUserAudioMute:0<-|
08-16 14:45:59.290 I/tvos    ( 1764): [audioBSP] #12 m_spdifMute : 1 ..
08-16 14:45:59.291 I/tvos    ( 1764): #12|->SDK_bPermanentAudioMute:0<-|->SDK_bMomentAudioMute:0<-|->SDK_bByBlockAudioMute:0<-|
08-16 14:45:59.291 I/tvos    ( 1764): #12|->SDK_bByVChipAudioMute:0<-|->SDK_bInternal1AudioMute:0<-|->SDK_bInternal4AudioMute:0<-|
08-16 14:45:59.291 I/tvos    ( 1764): #12|->SDK_bByDuringLimitedTimeAudioMute:0<-|->SDK_bSourceSwitchAudioMute:0<-|->SDK_bMHEGApMute:0<-|
08-16 14:45:59.291 I/tvos    ( 1764): #12|->SDK_bPowerOnMute:0<-|->SDK_bUsrSpdifAudioMute:1<-|->SDK_bNullSourceMute:0<-|->SDK_bByAppMute:0<-|
08-16 14:45:59.291 I/tvos    ( 1764): ---Amplifier_ALC1310_LR_SWMute(0)
08-16 14:45:59.291 I/tvos    ( 1764): ALC1310 unmute good, addr: 0x13 readbackvalue: 4 
08-16 14:45:59.292 W/InputDispatcher( 2207): findTouchedWindow finished: injectionResult=0, injectionPermission=1, timeSpentWaitingForApplication=0.0ms
08-16 14:45:59.294 I/tvos    ( 1764): SetSoundMuteStatus : m_hpMute : 1, m_spdifMute : 1, m_DataInMute : 0, m_channel7Mute : 0, m_internalMute : 0, m_spkrMute : 0, m_PcmCapture1Mute : 0, m_PcmCapture2Mute : 0 
08-16 14:45:59.294 I/AudioUtil( 1758): setParameters spk_volume=0
08-16 14:45:59.294 I/audio_hw_primary( 1758): adev_set_parameters: spk_volume=0
08-16 14:45:59.295 W/InputDispatcher( 2207): findTouchedWindow finished: injectionResult=0, injectionPermission=1, timeSpentWaitingForApplication=0.0ms
08-16 14:45:59.299 I/tvos    ( 1764): GetAudioOutputDevice, retval : 0
08-16 14:45:59.299 I/tvos    ( 1764): [SetMuteStatus] call SetSoundMuteStatus, line : 10369, muteType: 67108864, onOff : 1 
08-16 14:45:59.299 I/tvos    ( 1764): _TransMSrvMuteTypeToSDKMuteType: Err! muteType(67108864) is out of Range
08-16 14:45:59.299 I/tvos    ( 1764): [SetMuteStatus] call SetSoundMuteStatus, line : 10369, muteType: 4, onOff : 1 
08-16 14:45:59.299 I/tvos    ( 1764): [audioBSP] #1 m_internalMute : 0 ..
08-16 14:45:59.299 I/tvos    ( 1764): #1|->SDK_bPermanentAudioMute:0<-|->SDK_bMomentAudioMute:0 <-|->SDK_bBySyncAudioMute:0<-|->SDK_bByBlockAudioMute:0<-|->SDK_bByVChipAudioMute:0<-|
08-16 14:45:59.299 I/tvos    ( 1764): #1|->SDK_bInternal1AudioMute:0<-|->SDK_bInternal2AudioMute:0<-|->SDK_bInternal3AudioMute:0<-|->SDK_bInternal4AudioMute:0<-|
08-16 14:45:59.299 I/tvos    ( 1764): #1|->SDK_bByScanInOutchgCHchg:0<-|->SDK_bByDuringLimitedTimeAudioMute:0<-|->SDK_bSourceSwitchAudioMute:0<-|
08-16 14:45:59.299 I/tvos    ( 1764): #1|->SDK_bMHEGApMute:0<-|->SDK_bAllAudioMuteCtrl:0<-|->SDK_bPowerOnMute:0<-|->SDK_bNullSourceMute0<-|->SDK_bSetInputSourceAudioMute:0<-|
08-16 14:45:59.299 I/tvos    ( 1764): [audioBSP] #2 m_spkrMute : 1 ..|->SDK_bUsrSpkrAudioMute:0<-|->SDK_bPowerOnMute:0<-|->SDK_bByUserAudioMute:1<-|
08-16 14:45:59.299 I/tvos    ( 1764): [audioBSP] #3 m_PcmCapture2Mute:1 |->SDK_bByUserPcmCapture2Mute:0<-|->SDK_SUB_bByUserAudioMute:0<-|->SDK_bByUserAudioMute:1<-|
08-16 14:45:59.299 I/tvos    ( 1764): [audioBSP] #5 m_hpMute : 1 ..|->SDK_bUsrHpAudioMute:1<-|->SDK_bPowerOnMute:0<-|->SDK_bByUserAudioMute:1<-|
08-16 14:45:59.299 I/tvos    ( 1764): [audioBSP] #12 m_spdifMute : 1 ..
08-16 14:45:59.299 I/tvos    ( 1764): #12|->SDK_bPermanentAudioMute:0<-|->SDK_bMomentAudioMute:0<-|->SDK_bByBlockAudioMute:0<-|
08-16 14:45:59.299 I/tvos    ( 1764): #12|->SDK_bByVChipAudioMute:0<-|->SDK_bInternal1AudioMute:0<-|->SDK_bInternal4AudioMute:0<-|
08-16 14:45:59.299 I/tvos    ( 1764): #12|->SDK_bByDuringLimitedTimeAudioMute:0<-|->SDK_bSourceSwitchAudioMute:0<-|->SDK_bMHEGApMute:0<-|
08-16 14:45:59.299 I/tvos    ( 1764): #12|->SDK_bPowerOnMute:0<-|->SDK_bUsrSpdifAudioMute:1<-|->SDK_bNullSourceMute:0<-|->SDK_bByAppMute:0<-|
08-16 14:45:59.299 I/tvos    ( 1764): ---Amplifier_ALC1310_LR_SWMute(1)
08-16 14:45:59.299 I/tvos    ( 1764): ALC1310 mute write good, addr: 0x13, readback data : 49164, write cmd times : 1
08-16 14:45:59.301 I/tvos    ( 1764): SetSoundMuteStatus : m_hpMute : 1, m_spdifMute : 1, m_DataInMute : 0, m_channel7Mute : 0, m_internalMute : 0, m_spkrMute : 1, m_PcmCapture1Mute : 0, m_PcmCapture2Mute : 1 
08-16 14:45:59.301 I/SoundPool( 2207): enter : func play
08-16 14:45:59.315 E/audio_hw_primary( 1758): out_get_presentation_position pcm_get_htimestamp(pcm, &avail, timestamp) != 0!!!
08-16 14:45:59.390 I/tvos    ( 1764): GetAudioOutputDevice, retval : 0
08-16 14:45:59.543 W/ContextImpl( 2822): Calling a method in the system process without a qualified user: android.app.ContextImpl.startActivity:659 android.content.ContextWrapper.startActivity:331 com.stv.globalsetting.dialog.SettingDialog.onKeyDown:217 com.stv.globalsetting.widget.LetvSettingAnimationLayout$OnMouseClickRunnable.run:565 android.os.Handler.handleCallback:739 
08-16 14:45:59.543 W/ContextImpl( 2822): Calling a method in the system process without a qualified user: android.app.ContextImpl.startActivity:671 android.app.ContextImpl.startActivity:660 android.content.ContextWrapper.startActivity:331 com.stv.globalsetting.dialog.SettingDialog.onKeyDown:217 com.stv.globalsetting.widget.LetvSettingAnimationLayout$OnMouseClickRunnable.run:565 
08-16 14:45:59.543 E/ContextImpl( 2822): startAdManager() action is null
08-16 14:45:59.544 I/ActivityManager( 2207): START u0 {flg=0x10008000 cmp=com.stv.globalsetting/.activity.NetworkActivity} from uid 1000 on display 0
08-16 14:45:59.548 I/TvLiveBaseFragment( 3007): onPause
08-16 14:45:59.548 I/ShoppingPlugin-stv-PluginFragment( 3007): onPause ->in
08-16 14:45:59.548 I/ShoppingPlugin-stv-PluginRootLayout( 3007): onFragmentPause ---> in
08-16 14:45:59.549 I/Launcher( 3007): [com.stv.launcher] LauncherActivity -- onPause  mBootSignalFirst=false sCurrentScreen = com.stv.plugin.app
08-16 14:45:59.549 I/Launcher( 3007): [com.stv.launcher] ===== enalbeAllKey =====
08-16 14:45:59.550 I/WindowManager( 2207): setBlockVoiceKey = false
08-16 14:45:59.551 I/WindowManager( 2207): setBlockSourceKey = false
08-16 14:45:59.551 I/WindowManager( 2207): setBlockSettingKey = false
08-16 14:45:59.551 I/System.out( 2207): From style:
08-16 14:45:59.551 I/System.out( 2207): Attrs: 3010001=0.6 3010002=res/drawable-hdpi-v4/ic_desk_app_bg.jpg 3010003=null 3010004=true
08-16 14:45:59.552 I/WindowManager( 2207): setBlockFunctionKeys = false
08-16 14:45:59.552 I/WindowManager( 2207): setBlockHomeKey = false
08-16 14:45:59.558 W/InputDispatcher( 2207): setFocusedApplication
08-16 14:45:59.565 W/InputDispatcher( 2207): Focus left window: Window{5f846e3 u0 com.stv.globalsetting}
08-16 14:45:59.565 W/InputDispatcher( 2207): Window went away: Window{5f846e3 u0 com.stv.globalsetting}
08-16 14:45:59.569 I/ActivityManager( 2207): TR12) TaskRecord{28cb909 #33 A=com.stv.globalsetting U=0 sz=1}
08-16 14:45:59.569 I/ActivityManager( 2207): TR11) TaskRecord{14b0d11 #1 A=com.stv.launcher U=0 sz=1}
08-16 14:45:59.570 I/ActivityManager( 2207): accel TR12) TaskRecord{28cb909 #33 A=com.stv.globalsetting U=0 sz=1}
08-16 14:45:59.570 I/ActivityManager( 2207): accel TR11) TaskRecord{14b0d11 #1 A=com.stv.launcher U=0 sz=1}
08-16 14:45:59.573 E/LETV_DEVICE( 1780): no name sn for Mstar
08-16 14:45:59.583 I/GlobalSettings( 2822): ReportEuiLog_U -- ReportEuiLog action is: tvaction and reportmsg is: action=perQuickSetClick&setModule=4
08-16 14:45:59.588 I/GlobalSettings( 2822): SettingDialog -- Open_NetworkActivity_Result is: true
08-16 14:45:59.592 E/ActivityThread( 2837): Failed to find provider info for com.letv.agnes.InfoProvider
08-16 14:45:59.596 I/System.out( 2822): From style:
08-16 14:45:59.596 I/System.out( 2822): Attrs: 3010001=0.6 3010002=res/drawable-hdpi-v4/ic_desk_app_bg.jpg 3010003=null 3010004=true
08-16 14:45:59.600 I/[T1.0.6.3]EuiAgnes_Server( 2837): resCode:1
08-16 14:45:59.600 E/ActivityThread( 2837): Failed to find provider info for com.letv.agnes.InfoProvider
08-16 14:45:59.600 I/[T1.0.6.3]EuiAgnes_Server( 2837): b[0]:0
08-16 14:45:59.600 W/System.err( 2837): java.lang.IllegalArgumentException: Unknown URL content://com.letv.agnes.InfoProvider
08-16 14:45:59.600 I/Launcher( 3007): [com.stv.launcher] LauncherApplication -- ========= tryTrimMemoryCache =========20
08-16 14:45:59.600 W/System.err( 2837): 	at android.content.ContentResolver.insert(ContentResolver.java:1227)
08-16 14:45:59.600 W/System.err( 2837): 	at com.letv.tracker2.agnes.Configuration.addDebugInfo(Configuration.java:289)
08-16 14:45:59.600 W/System.err( 2837): 	at com.letv.tracker2.agnes.MessageProcessor$SendEnvMsgTr$1.handleMessage(MessageProcessor.java:661)
08-16 14:45:59.600 W/System.err( 2837): 	at android.os.Handler.dispatchMessage(Handler.java:102)
08-16 14:45:59.600 W/System.err( 2837): 	at android.os.Looper.loop(Looper.java:148)
08-16 14:45:59.600 W/System.err( 2837): 	at com.letv.tracker2.agnes.MessageProcessor$SendEnvMsgTr.run(MessageProcessor.java:665)
08-16 14:45:59.603 I/LetvManager-LogReport( 1780): [send_msg] line: 490 report url = http://log.hdtv.cp21.ott.cibntv.net:80/api/log/tvAction
08-16 14:45:59.638 I/GlobalSettings( 2822): NetworkActivity -- get wire style is==0
08-16 14:45:59.640 I/tvos    ( 1764): GetAudioOutputDevice, retval : 0
08-16 14:45:59.665 I/OMXClient( 2822): Using client-side OMX mux.
08-16 14:45:59.674 W/InputDispatcher( 2207): Focus entered window: Window{92199e6 u0 com.stv.globalsetting/com.stv.globalsetting.activity.NetworkActivity}
08-16 14:45:59.680 E/BufferQueueProducer( 1749): [com.stv.globalsetting/com.stv.globalsetting.activity.NetworkActivity] connect(P): already connected (cur=1 req=1)
08-16 14:45:59.687 I/tvos    ( 1764): [37m[INFO] Change to Voltage: 1150 mV (0x22)[m
08-16 14:45:59.687 I/tvos    ( 1764): [37m[INFO] Change to Voltage: 1150 mV (0x25)[m
08-16 14:45:59.687 I/tvos    ( 1764): [37m[INFO] Change to Voltage: 1150 mV (0x28)[m
08-16 14:45:59.687 I/tvos    ( 1764): [37m[INFO] Change to Voltage: 1150 mV (0x2B)[m
08-16 14:45:59.687 I/tvos    ( 1764): [37m[INFO] Change to Voltage: 1150 mV (0x2E)[m
08-16 14:45:59.687 I/tvos    ( 1764): [37m[INFO] Change to Voltage: 1150 mV (0x2E)[m
08-16 14:45:59.713 I/GlobalSettings( 2822): BaseMultiLayerDialogHelper -- dialog is all dismiss,cancel timer
08-16 14:45:59.733 I/GlobalSettings( 2822): WifiFragment -- the init wifi status : 0
08-16 14:45:59.773 I/GlobalSettings( 2822): WifiFragment -- handleEvent action = android.net.wifi.WIFI_STATE_CHANGED
08-16 14:45:59.773 I/GlobalSettings( 2822): WifiFragment -- updateWifiState = 1
08-16 14:45:59.776 I/GlobalSettings( 2822): WifiFragment -- handleEvent action = android.net.wifi.supplicant.STATE_CHANGE
08-16 14:45:59.776 I/GlobalSettings( 2822): WifiFragment -- handleEvent action = android.net.wifi.STATE_CHANGE
08-16 14:45:59.778 I/GlobalSettings( 2822): WifiFragment -- updateAccessPoints wifiState = 1
08-16 14:45:59.778 I/GlobalSettings( 2822): WifiFragment -- updateAccessPoints WIFI_STATE_DISABLED
08-16 14:45:59.779 I/GlobalSettings( 2822): WifiFragment -- DetailedState = DISCONNECTED
08-16 14:45:59.779 E/critical_path_log( 3007): superlive_7799adbbe191b8ab_onTrimMemory: level = 20
08-16 14:45:59.784 I/ActivityManager( 2207): Displayed com.stv.globalsetting/.activity.NetworkActivity: +225ms (total +224ms)
08-16 14:45:59.785 W/ContextImpl( 2207): Calling a method in the system process without a qualified user: android.app.ContextImpl.sendBroadcast:766 com.android.server.am.ActivityRecord.reportLaunchTimeLocked:1056 com.android.server.am.ActivityRecord.windowsDrawnLocked:1080 com.android.server.am.ActivityRecord$Token.windowsDrawn:345 com.android.server.wm.WindowManagerService$H.handleMessage:8042 
08-16 14:45:59.787 W/ContextImpl( 2613): Calling a method in the system process without a qualified user: android.app.ContextImpl.startService:1224 android.content.ContextWrapper.startService:581 com.stv.helper.service.TvMasterService.noteLaunchTime:169 letv.tvmaster.ITvMasterService$Stub.onTransact:136 android.os.Binder.execTransact:453 
08-16 14:45:59.810 I/LetvManager-LogReport( 1780): [send_msg] line: 490 report url = http://log.hdtv.cp21.ott.cibntv.net:80/api/log/tvAction
08-16 14:45:59.811 W/InputDispatcher( 2207): Window went away: Window{9c2990d u0 Starting com.stv.globalsetting}
08-16 14:45:59.821 I/APM::AudioPolicyEngine( 1758): getDeviceForStrategy, 359
08-16 14:45:59.826 I/StvLogReport( 2837): StargazerReportTask, action=appClose&name=æ¡Œé¢&packagename=com.stv.launcher&versionCode=20180321&appVersionName=1.0.5&appType=1&mark=80&totalTime=61
08-16 14:45:59.835 I/StvLogReport( 2837): StargazerReportTask, reponse2 : {"status":"OK","statusCode":200,"message":"succeefully"}
08-16 14:45:59.841 E/LETV_DEVICE( 1780): no name sn for Mstar
08-16 14:45:59.869 E/ActivityThread( 2837): Failed to find provider info for com.letv.agnes.InfoProvider
08-16 14:45:59.878 E/ActivityThread( 2837): Failed to find provider info for com.letv.agnes.InfoProvider
08-16 14:45:59.878 W/System.err( 2837): java.lang.IllegalArgumentException: Unknown URL content://com.letv.agnes.InfoProvider
08-16 14:45:59.879 W/System.err( 2837): 	at android.content.ContentResolver.insert(ContentResolver.java:1227)
08-16 14:45:59.879 W/System.err( 2837): 	at com.letv.tracker2.agnes.Configuration.addDebugInfo(Configuration.java:289)
08-16 14:45:59.879 W/System.err( 2837): 	at com.letv.tracker2.agnes.MessageProcessor$SendEnvMsgTr$1.handleMessage(MessageProcessor.java:661)
08-16 14:45:59.879 W/System.err( 2837): 	at android.os.Handler.dispatchMessage(Handler.java:102)
08-16 14:45:59.879 W/System.err( 2837): 	at android.os.Looper.loop(Looper.java:148)
08-16 14:45:59.879 W/System.err( 2837): 	at com.letv.tracker2.agnes.MessageProcessor$SendEnvMsgTr.run(MessageProcessor.java:665)
08-16 14:45:59.885 I/tvos    ( 1764): [37m[INFO] Change to Voltage: 1130 mV (0x1F)[m
08-16 14:45:59.885 I/tvos    ( 1764): [37m[INFO] Change to Voltage: 1130 mV (0x22)[m
08-16 14:45:59.885 I/tvos    ( 1764): [37m[INFO] Change to Voltage: 1130 mV (0x25)[m
08-16 14:45:59.886 I/tvos    ( 1764): [37m[INFO] Change to Voltage: 1130 mV (0x28)[m
08-16 14:45:59.887 I/tvos    ( 1764): [37m[INFO] Change to Voltage: 1130 mV (0x2B)[m
08-16 14:45:59.888 I/[T1.0.6.3]EuiAgnes_Server( 2837): resCode:1
08-16 14:45:59.888 I/[T1.0.6.3]EuiAgnes_Server( 2837): b[0]:0
08-16 14:45:59.888 I/tvos    ( 1764): [37m[INFO] Change to Voltage: 1130 mV (0x2C)[m
08-16 14:45:59.892 I/tvos    ( 1764): GetAudioOutputDevice, retval : 0
08-16 14:45:59.904 I/StvLogReport( 2837): StargazerReportTask, action=appOpen&name=è®¾ç½®&packagename=com.stv.globalsetting&versionCode=1&appVersionName=1.0&appType=1&mark=81
08-16 14:45:59.914 I/StvLogReport( 2837): StargazerReportTask, reponse2 : {"status":"OK","statusCode":200,"message":"succeefully"}
08-16 14:45:59.986 I/tvos    ( 1764): [37m[INFO] Change to Voltage: 1000 mV (0x2C)[m
08-16 14:45:59.986 I/tvos    ( 1764): [37m[INFO] Change to Voltage: 1000 mV (0x29)[m
08-16 14:45:59.986 I/tvos    ( 1764): [37m[INFO] Change to Voltage: 1000 mV (0x26)[m
08-16 14:45:59.986 I/tvos    ( 1764): [37m[INFO] Change to Voltage: 1000 mV (0x23)[m
08-16 14:45:59.988 I/tvos    ( 1764): [37m[INFO] Change to Voltage: 1000 mV (0x20)[m
08-16 14:45:59.989 I/tvos    ( 1764): [37m[INFO] Change to Voltage: 1000 mV (0x1F)[m
08-16 14:46:00.018 I/LetvManager-LogReport( 1780): [send_msg] line: 490 report url = http://log.hdtv.cp21.ott.cibntv.net:80/api/log/tvAction
08-16 14:46:00.039 I/AnalysisLog( 3007): Plugin:onFragmentShowChanged_hide:com.stv.plugin.app----start:time='512826472'
08-16 14:46:00.039 I/AppPlugin( 3007): AppFragment -- onFragmentShowChanged gainSelect true screen = com.stv.plugin.app packageName = com.stv.plugin.app
08-16 14:46:00.041 I/AnalysisLog( 3007): Plugin:onFragmentShowChanged_hide:com.stv.plugin.app----end:time='512826474'
08-16 14:46:00.041 I/TvLiveBaseFragment( 3007): onStop
08-16 14:46:00.062 E/LETV_DEVICE( 1780): no name sn for Mstar
08-16 14:46:00.065 E/ActivityThread( 2837): Failed to find provider info for com.letv.agnes.InfoProvider
08-16 14:46:00.066 E/ActivityThread( 2837): Failed to find provider info for com.letv.agnes.InfoProvider
08-16 14:46:00.067 W/System.err( 2837): java.lang.IllegalArgumentException: Unknown URL content://com.letv.agnes.InfoProvider
08-16 14:46:00.067 W/System.err( 2837): 	at android.content.ContentResolver.insert(ContentResolver.java:1227)
08-16 14:46:00.067 W/System.err( 2837): 	at com.letv.tracker2.agnes.Configuration.addDebugInfo(Configuration.java:289)
08-16 14:46:00.067 W/System.err( 2837): 	at com.letv.tracker2.agnes.MessageProcessor$SendEnvMsgTr$1.handleMessage(MessageProcessor.java:661)
08-16 14:46:00.067 W/System.err( 2837): 	at android.os.Handler.dispatchMessage(Handler.java:102)
08-16 14:46:00.067 W/System.err( 2837): 	at android.os.Looper.loop(Looper.java:148)
08-16 14:46:00.067 W/System.err( 2837): 	at com.letv.tracker2.agnes.MessageProcessor$SendEnvMsgTr.run(MessageProcessor.java:665)
08-16 14:46:00.080 I/[T1.0.6.3]EuiAgnes_Server( 2837): resCode:1
08-16 14:46:00.080 I/[T1.0.6.3]EuiAgnes_Server( 2837): b[0]:0
08-16 14:46:00.141 I/tvos    ( 1764): GetAudioOutputDevice, retval : 0
08-16 14:46:00.221 I/LetvManager-LogReport( 1780): [send_msg] line: 490 report url = http://log.hdtv.cp21.ott.cibntv.net:80/api/log/tvAction
08-16 14:46:00.337 I/remotestatus( 2207): Msg.what is 101
08-16 14:46:00.337 I/WindowManager( 2207): turn cursor off
08-16 14:46:00.337 E/RemoteManager( 2207): RemoteManager is no longer support in eui6.5
08-16 14:46:00.337 W/InputDispatcher( 2207): findFocusedWindow finished: injectionResult=0, timeSpentWaitingForApplication=0.0ms
08-16 14:46:00.337 E/InputManager-JNI( 2207): call nativeDisableCursor method with hideCursor
08-16 14:46:00.358 W/InputDispatcher( 2207): findFocusedWindow finished: injectionResult=0, timeSpentWaitingForApplication=0.0ms
08-16 14:46:00.359 I/BrowseView( 2822): --onItemSelected i : 0
08-16 14:46:00.392 I/tvos    ( 1764): GetAudioOutputDevice, retval : 0
08-16 14:46:00.643 I/tvos    ( 1764): GetAudioOutputDevice, retval : 0
08-16 14:46:00.678 I/StvLogReport( 2837): Report Nielsen, handleMessage: 'send bd ok
08-16 14:46:00.678 I/StvLogReport( 2837): 6^C2014082201^X440M-b01bd2542d51-^A1A90F9A1254CF6F^^2529141877B42C0F^10.58.81.60^2018-08-16 14:45:17^1^2.57^5^I^^^^^^^^^-100^10.58.81.60^5BBYXB2^5BBYXB2^
08-16 14:46:00.678 I/StvLogReport( 2837): 6^C2014082201^X440M-b01bd2542d51-^A1A90F9A1254CF6F^^357A246968FDECE7^192.168.0.1^2018-08-16 14:45:17^1^2.57^0^I^^^^^^^^^-100^192.168.0.1^^^
08-16 14:46:00.678 I/StvLogReport( 2837): 6^C2014082201^X440M-b01bd2542d51-^A1A90F9A1254CF6F^^816B705A0F27D860^10.58.80.116^2018-08-16 14:45:17^1^2.57^0^O^^^^^^^^^-100^10.58.80.116^^^ (104)'.
08-16 14:46:00.893 I/tvos    ( 1764): GetAudioOutputDevice, retval : 0
08-16 14:46:00.953 I/remotestatus( 2207): Msg.what is 101
08-16 14:46:00.953 I/WindowManager( 2207): turn cursor off
08-16 14:46:00.953 E/RemoteManager( 2207): RemoteManager is no longer support in eui6.5
08-16 14:46:00.954 W/InputDispatcher( 2207): findFocusedWindow finished: injectionResult=0, timeSpentWaitingForApplication=0.0ms
08-16 14:46:00.954 E/InputManager-JNI( 2207): call nativeDisableCursor method with hideCursor
08-16 14:46:00.986 I/SoundPool( 2207): enter : func play
08-16 14:46:00.987 I/BrowseView( 2822): --onItemSelected i : 1
08-16 14:46:00.994 W/InputDispatcher( 2207): findFocusedWindow finished: injectionResult=0, timeSpentWaitingForApplication=0.0ms
08-16 14:46:00.999 I/APM::AudioPolicyEngine( 1758): getDeviceForStrategy, 359
08-16 14:46:01.009 I/audio_hw_primary( 1758): version:a00004 adev_create_audio_patch::mix->device 
08-16 14:46:01.009 I/audio_hw_primary( 1758): adev_create_audio_patch *handle=-1420227928 num_audio_patch=3
08-16 14:46:01.013 E/AudioManagerService( 1803): setAudioVolume(callingPid 1758, clientPid 1758, enSoundPath 0, volumn:0 )
08-16 14:46:01.020 I/tvos    ( 1764): SetVolume, subWooExist 0!
08-16 14:46:01.020 I/tvos    ( 1764): mapi_audio_customer::SetAbsoluteVolume: project name is X440M
08-16 14:46:01.020 I/tvos    ( 1764): SetAbsoluteVolume: uPercent : 0, path=52(speaker), VolumeInt=7f, VolumeFra=0
08-16 14:46:01.020 I/tvos    ( 1764): SetAbsoluteVolume: uPercent(currVol) : 0, realPath=52(default), VolumeInt=7f, VolumeFra=0
08-16 14:46:01.020 I/tvos    ( 1764): mapi_audio_customer::SetAbsoluteVolume: project name is X440M
08-16 14:46:01.020 I/tvos    ( 1764): SetAbsoluteVolume: uPercent : 0, path=49(HP), VolumeInt=7f, VolumeFra=0
08-16 14:46:01.020 I/tvos    ( 1764): SetAbsoluteVolume: uPercent(currVol) : 0, realPath=49(default), VolumeInt=7f, VolumeFra=0
08-16 14:46:01.020 I/tvos    ( 1764): mapi_audio_customer::SetAbsoluteVolume: project name is X440M
08-16 14:46:01.020 I/tvos    ( 1764): SetAbsoluteVolume, m_bBTDetect is false! 
08-16 14:46:01.020 I/tvos    ( 1764): mapi_audio_customer::SetAbsoluteVolume: project name is X440M
08-16 14:46:01.020 I/tvos    ( 1764): SetAbsoluteVolume: uPercent : 0, path=255(speaker), VolumeInt=7f, VolumeFra=0
08-16 14:46:01.020 I/tvos    ( 1764): SetAbsoluteVolume: uPercent(currVol) : 0, realPath=255(default), VolumeInt=7f, VolumeFra=0
08-16 14:46:01.020 I/tvos    ( 1764): [SetMuteStatus] call SetSoundMuteStatus, line : 10369, muteType: 4, onOff : 0 
08-16 14:46:01.020 I/tvos    ( 1764): [audioBSP] #1 m_internalMute : 0 ..
08-16 14:46:01.020 I/tvos    ( 1764): #1|->SDK_bPermanentAudioMute:0<-|->SDK_bMomentAudioMute:0 <-|->SDK_bBySyncAudioMute:0<-|->SDK_bByBlockAudioMute:0<-|->SDK_bByVChipAudioMute:0<-|
08-16 14:46:01.020 I/tvos    ( 1764): #1|->SDK_bInternal1AudioMute:0<-|->SDK_bInternal2AudioMute:0<-|->SDK_bInternal3AudioMute:0<-|->SDK_bInternal4AudioMute:0<-|
08-16 14:46:01.020 I/tvos    ( 1764): #1|->SDK_bByScanInOutchgCHchg:0<-|->SDK_bByDuringLimitedTimeAudioMute:0<-|->SDK_bSourceSwitchAudioMute:0<-|
08-16 14:46:01.020 I/tvos    ( 1764): #1|->SDK_bMHEGApMute:0<-|->SDK_bAllAudioMuteCtrl:0<-|->SDK_bPowerOnMute:0<-|->SDK_bNullSourceMute0<-|->SDK_bSetInputSourceAudioMute:0<-|
08-16 14:46:01.020 I/tvos    ( 1764): [audioBSP] #2 m_spkrMute : 0 ..|->SDK_bUsrSpkrAudioMute:0<-|->SDK_bPowerOnMute:0<-|->SDK_bByUserAudioMute:0<-|
08-16 14:46:01.020 I/tvos    ( 1764): [audioBSP] #3 m_PcmCapture2Mute:0 |->SDK_bByUserPcmCapture2Mute:0<-|->SDK_SUB_bByUserAudioMute:0<-|->SDK_bByUserAudioMute:0<-|
08-16 14:46:01.020 I/tvos    ( 1764): [audioBSP] #5 m_hpMute : 1 ..|->SDK_bUsrHpAudioMute:1<-|->SDK_bPowerOnMute:0<-|->SDK_bByUserAudioMute:0<-|
08-16 14:46:01.020 I/tvos    ( 1764): [audioBSP] #12 m_spdifMute : 1 ..
08-16 14:46:01.020 I/tvos    ( 1764): #12|->SDK_bPermanentAudioMute:0<-|->SDK_bMomentAudioMute:0<-|->SDK_bByBlockAudioMute:0<-|
08-16 14:46:01.020 I/tvos    ( 1764): #12|->SDK_bByVChipAudioMute:0<-|->SDK_bInternal1AudioMute:0<-|->SDK_bInternal4AudioMute:0<-|
08-16 14:46:01.020 I/tvos    ( 1764): #12|->SDK_bByDuringLimitedTimeAudioMute:0<-|->SDK_bSourceSwitchAudioMute:0<-|->SDK_bMHEGApMute:0<-|
08-16 14:46:01.020 I/tvos    ( 1764): #12|->SDK_bPowerOnMute:0<-|->SDK_bUsrSpdifAudioMute:1<-|->SDK_bNullSourceMute:0<-|->SDK_bByAppMute:0<-|
08-16 14:46:01.020 I/tvos    ( 1764): ---Amplifier_ALC1310_LR_SWMute(0)
08-16 14:46:01.020 I/tvos    ( 1764): ALC1310 unmute good, addr: 0x13 readbackvalue: 4 
08-16 14:46:01.024 I/AudioUtil( 1758): setParameters spk_volume=0
08-16 14:46:01.024 I/audio_hw_primary( 1758): adev_set_parameters: spk_volume=0
08-16 14:46:01.026 I/tvos    ( 1764): SetSoundMuteStatus : m_hpMute : 1, m_spdifMute : 1, m_DataInMute : 0, m_channel7Mute : 0, m_internalMute : 0, m_spkrMute : 0, m_PcmCapture1Mute : 0, m_PcmCapture2Mute : 0 
08-16 14:46:01.026 I/tvos    ( 1764): GetAudioOutputDevice, retval : 0
08-16 14:46:01.027 I/tvos    ( 1764): [SetMuteStatus] call SetSoundMuteStatus, line : 10369, muteType: 67108864, onOff : 1 
08-16 14:46:01.027 I/tvos    ( 1764): _TransMSrvMuteTypeToSDKMuteType: Err! muteType(67108864) is out of Range
08-16 14:46:01.027 I/tvos    ( 1764): [SetMuteStatus] call SetSoundMuteStatus, line : 10369, muteType: 4, onOff : 1 
08-16 14:46:01.027 I/tvos    ( 1764): [audioBSP] #1 m_internalMute : 0 ..
08-16 14:46:01.027 I/tvos    ( 1764): #1|->SDK_bPermanentAudioMute:0<-|->SDK_bMomentAudioMute:0 <-|->SDK_bBySyncAudioMute:0<-|->SDK_bByBlockAudioMute:0<-|->SDK_bByVChipAudioMute:0<-|
08-16 14:46:01.027 I/tvos    ( 1764): #1|->SDK_bInternal1AudioMute:0<-|->SDK_bInternal2AudioMute:0<-|->SDK_bInternal3AudioMute:0<-|->SDK_bInternal4AudioMute:0<-|
08-16 14:46:01.027 I/tvos    ( 1764): #1|->SDK_bByScanInOutchgCHchg:0<-|->SDK_bByDuringLimitedTimeAudioMute:0<-|->SDK_bSourceSwitchAudioMute:0<-|
08-16 14:46:01.027 I/tvos    ( 1764): #1|->SDK_bMHEGApMute:0<-|->SDK_bAllAudioMuteCtrl:0<-|->SDK_bPowerOnMute:0<-|->SDK_bNullSourceMute0<-|->SDK_bSetInputSourceAudioMute:0<-|
08-16 14:46:01.027 I/tvos    ( 1764): [audioBSP] #2 m_spkrMute : 1 ..|->SDK_bUsrSpkrAudioMute:0<-|->SDK_bPowerOnMute:0<-|->SDK_bByUserAudioMute:1<-|
08-16 14:46:01.027 I/tvos    ( 1764): [audioBSP] #3 m_PcmCapture2Mute:1 |->SDK_bByUserPcmCapture2Mute:0<-|->SDK_SUB_bByUserAudioMute:0<-|->SDK_bByUserAudioMute:1<-|
08-16 14:46:01.027 I/tvos    ( 1764): [audioBSP] #5 m_hpMute : 1 ..|->SDK_bUsrHpAudioMute:1<-|->SDK_bPowerOnMute:0<-|->SDK_bByUserAudioMute:1<-|
08-16 14:46:01.027 I/tvos    ( 1764): [audioBSP] #12 m_spdifMute : 1 ..
08-16 14:46:01.027 I/tvos    ( 1764): #12|->SDK_bPermanentAudioMute:0<-|->SDK_bMomentAudioMute:0<-|->SDK_bByBlockAudioMute:0<-|
08-16 14:46:01.027 I/tvos    ( 1764): #12|->SDK_bByVChipAudioMute:0<-|->SDK_bInternal1AudioMute:0<-|->SDK_bInternal4AudioMute:0<-|
08-16 14:46:01.027 I/tvos    ( 1764): #12|->SDK_bByDuringLimitedTimeAudioMute:0<-|->SDK_bSourceSwitchAudioMute:0<-|->SDK_bMHEGApMute:0<-|
08-16 14:46:01.027 I/tvos    ( 1764): #12|->SDK_bPowerOnMute:0<-|->SDK_bUsrSpdifAudioMute:1<-|->SDK_bNullSourceMute:0<-|->SDK_bByAppMute:0<-|
08-16 14:46:01.027 I/tvos    ( 1764): ---Amplifier_ALC1310_LR_SWMute(1)
08-16 14:46:01.027 I/tvos    ( 1764): ALC1310 mute write good, addr: 0x13, readback data : 49164, write cmd times : 1
08-16 14:46:01.029 I/tvos    ( 1764): SetSoundMuteStatus : m_hpMute : 1, m_spdifMute : 1, m_DataInMute : 0, m_channel7Mute : 0, m_internalMute : 0, m_spkrMute : 1, m_PcmCapture1Mute : 0, m_PcmCapture2Mute : 1 
08-16 14:46:01.088 I/tvos    ( 1764): [37m[INFO] Change to Voltage: 1130 mV (0x1F)[m
08-16 14:46:01.088 I/tvos    ( 1764): [37m[INFO] Change to Voltage: 1130 mV (0x22)[m
08-16 14:46:01.088 I/tvos    ( 1764): [37m[INFO] Change to Voltage: 1130 mV (0x25)[m
08-16 14:46:01.089 I/tvos    ( 1764): [37m[INFO] Change to Voltage: 1130 mV (0x28)[m
08-16 14:46:01.089 I/tvos    ( 1764): [37m[INFO] Change to Voltage: 1130 mV (0x2B)[m
08-16 14:46:01.089 I/tvos    ( 1764): [37m[INFO] Change to Voltage: 1130 mV (0x2C)[m
08-16 14:46:01.097 I/APM::AudioPolicyEngine( 1758): getDeviceForStrategy, 359
08-16 14:46:01.144 I/tvos    ( 1764): GetAudioOutputDevice, retval : 0
08-16 14:46:01.186 I/tvos    ( 1764): [37m[INFO] Change to Voltage: 1000 mV (0x2C)[m
08-16 14:46:01.186 I/tvos    ( 1764): [37m[INFO] Change to Voltage: 1000 mV (0x29)[m
08-16 14:46:01.186 I/tvos    ( 1764): [37m[INFO] Change to Voltage: 1000 mV (0x26)[m
08-16 14:46:01.188 I/tvos    ( 1764): [37m[INFO] Change to Voltage: 1000 mV (0x23)[m
08-16 14:46:01.189 I/tvos    ( 1764): [37m[INFO] Change to Voltage: 1000 mV (0x20)[m
08-16 14:46:01.191 I/tvos    ( 1764): [37m[INFO] Change to Voltage: 1000 mV (0x1F)[m
08-16 14:46:01.395 I/tvos    ( 1764): GetAudioOutputDevice, retval : 0
08-16 14:46:01.645 I/tvos    ( 1764): GetAudioOutputDevice, retval : 0
08-16 14:46:01.741 I/remotestatus( 2207): Msg.what is 101
08-16 14:46:01.741 I/WindowManager( 2207): turn cursor off
08-16 14:46:01.741 E/RemoteManager( 2207): RemoteManager is no longer support in eui6.5
08-16 14:46:01.741 W/InputDispatcher( 2207): findFocusedWindow finished: injectionResult=0, timeSpentWaitingForApplication=0.0ms
08-16 14:46:01.741 E/InputManager-JNI( 2207): call nativeDisableCursor method with hideCursor
08-16 14:46:01.746 E/LetvRemoteupgradeManager-JNI( 2613): can't get LetvManager service!
08-16 14:46:01.758 I/SoundPool( 2207): enter : func play
08-16 14:46:01.759 I/BrowseView( 2822): --onItemSelected i : 2
08-16 14:46:01.764 W/InputDispatcher( 2207): findFocusedWindow finished: injectionResult=0, timeSpentWaitingForApplication=0.0ms
08-16 14:46:01.767 I/APM::AudioPolicyEngine( 1758): getDeviceForStrategy, 359
08-16 14:46:01.777 I/audio_hw_primary( 1758): version:a00004 adev_create_audio_patch::mix->device 
08-16 14:46:01.777 I/audio_hw_primary( 1758): adev_create_audio_patch *handle=-1420227928 num_audio_patch=3
08-16 14:46:01.779 E/AudioManagerService( 1803): setAudioVolume(callingPid 1758, clientPid 1758, enSoundPath 0, volumn:0 )
08-16 14:46:01.781 I/tvos    ( 1764): SetVolume, subWooExist 0!
