08-16 14:46:01.781 I/tvos    ( 1764): mapi_audio_customer::SetAbsoluteVolume: project name is X440M
08-16 14:46:01.781 I/tvos    ( 1764): SetAbsoluteVolume: uPercent : 0, path=52(speaker), VolumeInt=7f, VolumeFra=0
08-16 14:46:01.781 I/tvos    ( 1764): SetAbsoluteVolume: uPercent(currVol) : 0, realPath=52(default), VolumeInt=7f, VolumeFra=0
08-16 14:46:01.781 I/tvos    ( 1764): mapi_audio_customer::SetAbsoluteVolume: project name is X440M
08-16 14:46:01.781 I/tvos    ( 1764): SetAbsoluteVolume: uPercent : 0, path=49(HP), VolumeInt=7f, VolumeFra=0
08-16 14:46:01.781 I/tvos    ( 1764): SetAbsoluteVolume: uPercent(currVol) : 0, realPath=49(default), VolumeInt=7f, VolumeFra=0
08-16 14:46:01.781 I/tvos    ( 1764): mapi_audio_customer::SetAbsoluteVolume: project name is X440M
08-16 14:46:01.781 I/tvos    ( 1764): SetAbsoluteVolume, m_bBTDetect is false! 
08-16 14:46:01.781 I/tvos    ( 1764): mapi_audio_customer::SetAbsoluteVolume: project name is X440M
08-16 14:46:01.781 I/tvos    ( 1764): SetAbsoluteVolume: uPercent : 0, path=255(speaker), VolumeInt=7f, VolumeFra=0
08-16 14:46:01.781 I/tvos    ( 1764): SetAbsoluteVolume: uPercent(currVol) : 0, realPath=255(default), VolumeInt=7f, VolumeFra=0
08-16 14:46:01.781 I/tvos    ( 1764): [SetMuteStatus] call SetSoundMuteStatus, line : 10369, muteType: 4, onOff : 0 
08-16 14:46:01.781 I/tvos    ( 1764): [audioBSP] #1 m_internalMute : 0 ..
08-16 14:46:01.781 I/tvos    ( 1764): #1|->SDK_bPermanentAudioMute:0<-|->SDK_bMomentAudioMute:0 <-|->SDK_bBySyncAudioMute:0<-|->SDK_bByBlockAudioMute:0<-|->SDK_bByVChipAudioMute:0<-|
08-16 14:46:01.781 I/tvos    ( 1764): #1|->SDK_bInternal1AudioMute:0<-|->SDK_bInternal2AudioMute:0<-|->SDK_bInternal3AudioMute:0<-|->SDK_bInternal4AudioMute:0<-|
08-16 14:46:01.781 I/tvos    ( 1764): #1|->SDK_bByScanInOutchgCHchg:0<-|->SDK_bByDuringLimitedTimeAudioMute:0<-|->SDK_bSourceSwitchAudioMute:0<-|
08-16 14:46:01.781 I/tvos    ( 1764): #1|->SDK_bMHEGApMute:0<-|->SDK_bAllAudioMuteCtrl:0<-|->SDK_bPowerOnMute:0<-|->SDK_bNullSourceMute0<-|->SDK_bSetInputSourceAudioMute:0<-|
08-16 14:46:01.781 I/tvos    ( 1764): [audioBSP] #2 m_spkrMute : 0 ..|->SDK_bUsrSpkrAudioMute:0<-|->SDK_bPowerOnMute:0<-|->SDK_bByUserAudioMute:0<-|
08-16 14:46:01.781 I/tvos    ( 1764): [audioBSP] #3 m_PcmCapture2Mute:0 |->SDK_bByUserPcmCapture2Mute:0<-|->SDK_SUB_bByUserAudioMute:0<-|->SDK_bByUserAudioMute:0<-|
08-16 14:46:01.781 I/tvos    ( 1764): [audioBSP] #5 m_hpMute : 1 ..|->SDK_bUsrHpAudioMute:1<-|->SDK_bPowerOnMute:0<-|->SDK_bByUserAudioMute:0<-|
08-16 14:46:01.781 I/tvos    ( 1764): [audioBSP] #12 m_spdifMute : 1 ..
08-16 14:46:01.781 I/tvos    ( 1764): #12|->SDK_bPermanentAudioMute:0<-|->SDK_bMomentAudioMute:0<-|->SDK_bByBlockAudioMute:0<-|
08-16 14:46:01.781 I/tvos    ( 1764): #12|->SDK_bByVChipAudioMute:0<-|->SDK_bInternal1AudioMute:0<-|->SDK_bInternal4AudioMute:0<-|
08-16 14:46:01.781 I/tvos    ( 1764): #12|->SDK_bByDuringLimitedTimeAudioMute:0<-|->SDK_bSourceSwitchAudioMute:0<-|->SDK_bMHEGApMute:0<-|
08-16 14:46:01.781 I/tvos    ( 1764): #12|->SDK_bPowerOnMute:0<-|->SDK_bUsrSpdifAudioMute:1<-|->SDK_bNullSourceMute:0<-|->SDK_bByAppMute:0<-|
08-16 14:46:01.781 I/tvos    ( 1764): ---Amplifier_ALC1310_LR_SWMute(0)
08-16 14:46:01.781 I/tvos    ( 1764): ALC1310 unmute good, addr: 0x13 readbackvalue: 4 
08-16 14:46:01.784 I/AudioUtil( 1758): setParameters spk_volume=0
08-16 14:46:01.784 I/tvos    ( 1764): SetSoundMuteStatus : m_hpMute : 1, m_spdifMute : 1, m_DataInMute : 0, m_channel7Mute : 0, m_internalMute : 0, m_spkrMute : 0, m_PcmCapture1Mute : 0, m_PcmCapture2Mute : 0 
08-16 14:46:01.784 I/audio_hw_primary( 1758): adev_set_parameters: spk_volume=0
08-16 14:46:01.784 I/tvos    ( 1764): GetAudioOutputDevice, retval : 0
08-16 14:46:01.784 I/tvos    ( 1764): [SetMuteStatus] call SetSoundMuteStatus, line : 10369, muteType: 67108864, onOff : 1 
08-16 14:46:01.784 I/tvos    ( 1764): _TransMSrvMuteTypeToSDKMuteType: Err! muteType(67108864) is out of Range
08-16 14:46:01.786 I/tvos    ( 1764): [SetMuteStatus] call SetSoundMuteStatus, line : 10369, muteType: 4, onOff : 1 
08-16 14:46:01.786 I/tvos    ( 1764): [audioBSP] #1 m_internalMute : 0 ..
08-16 14:46:01.786 I/tvos    ( 1764): #1|->SDK_bPermanentAudioMute:0<-|->SDK_bMomentAudioMute:0 <-|->SDK_bBySyncAudioMute:0<-|->SDK_bByBlockAudioMute:0<-|->SDK_bByVChipAudioMute:0<-|
08-16 14:46:01.786 I/tvos    ( 1764): #1|->SDK_bInternal1AudioMute:0<-|->SDK_bInternal2AudioMute:0<-|->SDK_bInternal3AudioMute:0<-|->SDK_bInternal4AudioMute:0<-|
08-16 14:46:01.786 I/tvos    ( 1764): #1|->SDK_bByScanInOutchgCHchg:0<-|->SDK_bByDuringLimitedTimeAudioMute:0<-|->SDK_bSourceSwitchAudioMute:0<-|
08-16 14:46:01.786 I/tvos    ( 1764): #1|->SDK_bMHEGApMute:0<-|->SDK_bAllAudioMuteCtrl:0<-|->SDK_bPowerOnMute:0<-|->SDK_bNullSourceMute0<-|->SDK_bSetInputSourceAudioMute:0<-|
08-16 14:46:01.786 I/tvos    ( 1764): [audioBSP] #2 m_spkrMute : 1 ..|->SDK_bUsrSpkrAudioMute:0<-|->SDK_bPowerOnMute:0<-|->SDK_bByUserAudioMute:1<-|
08-16 14:46:01.786 I/tvos    ( 1764): [audioBSP] #3 m_PcmCapture2Mute:1 |->SDK_bByUserPcmCapture2Mute:0<-|->SDK_SUB_bByUserAudioMute:0<-|->SDK_bByUserAudioMute:1<-|
08-16 14:46:01.786 I/tvos    ( 1764): [audioBSP] #5 m_hpMute : 1 ..|->SDK_bUsrHpAudioMute:1<-|->SDK_bPowerOnMute:0<-|->SDK_bByUserAudioMute:1<-|
08-16 14:46:01.786 I/tvos    ( 1764): [audioBSP] #12 m_spdifMute : 1 ..
08-16 14:46:01.786 I/tvos    ( 1764): #12|->SDK_bPermanentAudioMute:0<-|->SDK_bMomentAudioMute:0<-|->SDK_bByBlockAudioMute:0<-|
08-16 14:46:01.786 I/tvos    ( 1764): #12|->SDK_bByVChipAudioMute:0<-|->SDK_bInternal1AudioMute:0<-|->SDK_bInternal4AudioMute:0<-|
08-16 14:46:01.787 I/tvos    ( 1764): #12|->SDK_bByDuringLimitedTimeAudioMute:0<-|->SDK_bSourceSwitchAudioMute:0<-|->SDK_bMHEGApMute:0<-|
08-16 14:46:01.787 I/tvos    ( 1764): #12|->SDK_bPowerOnMute:0<-|->SDK_bUsrSpdifAudioMute:1<-|->SDK_bNullSourceMute:0<-|->SDK_bByAppMute:0<-|
08-16 14:46:01.787 I/tvos    ( 1764): ---Amplifier_ALC1310_LR_SWMute(1)
08-16 14:46:01.787 I/tvos    ( 1764): ALC1310 mute write good, addr: 0x13, readback data : 49164, write cmd times : 1
08-16 14:46:01.789 I/tvos    ( 1764): SetSoundMuteStatus : m_hpMute : 1, m_spdifMute : 1, m_DataInMute : 0, m_channel7Mute : 0, m_internalMute : 0, m_spkrMute : 1, m_PcmCapture1Mute : 0, m_PcmCapture2Mute : 1 
08-16 14:46:01.865 I/APM::AudioPolicyEngine( 1758): getDeviceForStrategy, 359
08-16 14:46:01.895 I/tvos    ( 1764): GetAudioOutputDevice, retval : 0
08-16 14:46:02.146 I/tvos    ( 1764): GetAudioOutputDevice, retval : 0
08-16 14:46:02.290 W/InputDispatcher( 2207): findTouchedWindow finished: injectionResult=0, injectionPermission=1, timeSpentWaitingForApplication=0.0ms
08-16 14:46:02.300 W/InputDispatcher( 2207): findTouchedWindow finished: injectionResult=0, injectionPermission=1, timeSpentWaitingForApplication=0.0ms
08-16 14:46:02.346 W/InputDispatcher( 2207): findTouchedWindow finished: injectionResult=0, injectionPermission=1, timeSpentWaitingForApplication=0.0ms
08-16 14:46:02.348 W/InputDispatcher( 2207): findTouchedWindow finished: injectionResult=0, injectionPermission=1, timeSpentWaitingForApplication=0.0ms
08-16 14:46:02.396 I/tvos    ( 1764): GetAudioOutputDevice, retval : 0
08-16 14:46:02.413 I/BrowseView( 2822): --onItemClick position : 2
08-16 14:46:02.413 I/SoundPool( 2207): enter : func play
08-16 14:46:02.415 I/APM::AudioPolicyEngine( 1758): getDeviceForStrategy, 359
08-16 14:46:02.417 I/audio_hw_primary( 1758): version:a00004 adev_create_audio_patch::mix->device 
08-16 14:46:02.417 I/audio_hw_primary( 1758): adev_create_audio_patch *handle=-1420227928 num_audio_patch=3
08-16 14:46:02.419 E/AudioManagerService( 1803): setAudioVolume(callingPid 1758, clientPid 1758, enSoundPath 0, volumn:0 )
08-16 14:46:02.422 I/tvos    ( 1764): SetVolume, subWooExist 0!
08-16 14:46:02.422 I/tvos    ( 1764): mapi_audio_customer::SetAbsoluteVolume: project name is X440M
08-16 14:46:02.422 I/tvos    ( 1764): SetAbsoluteVolume: uPercent : 0, path=52(speaker), VolumeInt=7f, VolumeFra=0
08-16 14:46:02.422 I/tvos    ( 1764): SetAbsoluteVolume: uPercent(currVol) : 0, realPath=52(default), VolumeInt=7f, VolumeFra=0
08-16 14:46:02.422 I/tvos    ( 1764): mapi_audio_customer::SetAbsoluteVolume: project name is X440M
08-16 14:46:02.422 I/tvos    ( 1764): SetAbsoluteVolume: uPercent : 0, path=49(HP), VolumeInt=7f, VolumeFra=0
08-16 14:46:02.422 I/tvos    ( 1764): SetAbsoluteVolume: uPercent(currVol) : 0, realPath=49(default), VolumeInt=7f, VolumeFra=0
08-16 14:46:02.422 I/tvos    ( 1764): mapi_audio_customer::SetAbsoluteVolume: project name is X440M
08-16 14:46:02.422 I/tvos    ( 1764): SetAbsoluteVolume, m_bBTDetect is false! 
08-16 14:46:02.422 I/tvos    ( 1764): mapi_audio_customer::SetAbsoluteVolume: project name is X440M
08-16 14:46:02.422 I/tvos    ( 1764): SetAbsoluteVolume: uPercent : 0, path=255(speaker), VolumeInt=7f, VolumeFra=0
08-16 14:46:02.422 I/tvos    ( 1764): SetAbsoluteVolume: uPercent(currVol) : 0, realPath=255(default), VolumeInt=7f, VolumeFra=0
08-16 14:46:02.422 I/tvos    ( 1764): [SetMuteStatus] call SetSoundMuteStatus, line : 10369, muteType: 4, onOff : 0 
08-16 14:46:02.422 I/tvos    ( 1764): [audioBSP] #1 m_internalMute : 0 ..
08-16 14:46:02.422 I/tvos    ( 1764): #1|->SDK_bPermanentAudioMute:0<-|->SDK_bMomentAudioMute:0 <-|->SDK_bBySyncAudioMute:0<-|->SDK_bByBlockAudioMute:0<-|->SDK_bByVChipAudioMute:0<-|
08-16 14:46:02.422 I/tvos    ( 1764): #1|->SDK_bInternal1AudioMute:0<-|->SDK_bInternal2AudioMute:0<-|->SDK_bInternal3AudioMute:0<-|->SDK_bInternal4AudioMute:0<-|
08-16 14:46:02.422 I/tvos    ( 1764): #1|->SDK_bByScanInOutchgCHchg:0<-|->SDK_bByDuringLimitedTimeAudioMute:0<-|->SDK_bSourceSwitchAudioMute:0<-|
08-16 14:46:02.422 I/tvos    ( 1764): #1|->SDK_bMHEGApMute:0<-|->SDK_bAllAudioMuteCtrl:0<-|->SDK_bPowerOnMute:0<-|->SDK_bNullSourceMute0<-|->SDK_bSetInputSourceAudioMute:0<-|
08-16 14:46:02.422 I/tvos    ( 1764): [audioBSP] #2 m_spkrMute : 0 ..|->SDK_bUsrSpkrAudioMute:0<-|->SDK_bPowerOnMute:0<-|->SDK_bByUserAudioMute:0<-|
08-16 14:46:02.422 I/tvos    ( 1764): [audioBSP] #3 m_PcmCapture2Mute:0 |->SDK_bByUserPcmCapture2Mute:0<-|->SDK_SUB_bByUserAudioMute:0<-|->SDK_bByUserAudioMute:0<-|
08-16 14:46:02.422 I/tvos    ( 1764): [audioBSP] #5 m_hpMute : 1 ..|->SDK_bUsrHpAudioMute:1<-|->SDK_bPowerOnMute:0<-|->SDK_bByUserAudioMute:0<-|
08-16 14:46:02.422 I/tvos    ( 1764): [audioBSP] #12 m_spdifMute : 1 ..
08-16 14:46:02.422 I/tvos    ( 1764): #12|->SDK_bPermanentAudioMute:0<-|->SDK_bMomentAudioMute:0<-|->SDK_bByBlockAudioMute:0<-|
08-16 14:46:02.422 I/tvos    ( 1764): #12|->SDK_bByVChipAudioMute:0<-|->SDK_bInternal1AudioMute:0<-|->SDK_bInternal4AudioMute:0<-|
08-16 14:46:02.422 I/tvos    ( 1764): #12|->SDK_bByDuringLimitedTimeAudioMute:0<-|->SDK_bSourceSwitchAudioMute:0<-|->SDK_bMHEGApMute:0<-|
08-16 14:46:02.422 I/tvos    ( 1764): #12|->SDK_bPowerOnMute:0<-|->SDK_bUsrSpdifAudioMute:1<-|->SDK_bNullSourceMute:0<-|->SDK_bByAppMute:0<-|
08-16 14:46:02.422 I/tvos    ( 1764): ---Amplifier_ALC1310_LR_SWMute(0)
08-16 14:46:02.422 I/tvos    ( 1764): ALC1310 unmute good, addr: 0x13 readbackvalue: 4 
08-16 14:46:02.424 I/AudioUtil( 1758): setParameters spk_volume=0
08-16 14:46:02.424 I/tvos    ( 1764): SetSoundMuteStatus : m_hpMute : 1, m_spdifMute : 1, m_DataInMute : 0, m_channel7Mute : 0, m_internalMute : 0, m_spkrMute : 0, m_PcmCapture1Mute : 0, m_PcmCapture2Mute : 0 
08-16 14:46:02.424 I/audio_hw_primary( 1758): adev_set_parameters: spk_volume=0
08-16 14:46:02.424 I/tvos    ( 1764): GetAudioOutputDevice, retval : 0
08-16 14:46:02.425 I/tvos    ( 1764): [SetMuteStatus] call SetSoundMuteStatus, line : 10369, muteType: 67108864, onOff : 1 
08-16 14:46:02.425 I/tvos    ( 1764): _TransMSrvMuteTypeToSDKMuteType: Err! muteType(67108864) is out of Range
08-16 14:46:02.427 I/tvos    ( 1764): [SetMuteStatus] call SetSoundMuteStatus, line : 10369, muteType: 4, onOff : 1 
08-16 14:46:02.427 I/tvos    ( 1764): [audioBSP] #1 m_internalMute : 0 ..
08-16 14:46:02.427 I/tvos    ( 1764): #1|->SDK_bPermanentAudioMute:0<-|->SDK_bMomentAudioMute:0 <-|->SDK_bBySyncAudioMute:0<-|->SDK_bByBlockAudioMute:0<-|->SDK_bByVChipAudioMute:0<-|
08-16 14:46:02.427 I/tvos    ( 1764): #1|->SDK_bInternal1AudioMute:0<-|->SDK_bInternal2AudioMute:0<-|->SDK_bInternal3AudioMute:0<-|->SDK_bInternal4AudioMute:0<-|
08-16 14:46:02.427 I/tvos    ( 1764): #1|->SDK_bByScanInOutchgCHchg:0<-|->SDK_bByDuringLimitedTimeAudioMute:0<-|->SDK_bSourceSwitchAudioMute:0<-|
08-16 14:46:02.427 I/tvos    ( 1764): #1|->SDK_bMHEGApMute:0<-|->SDK_bAllAudioMuteCtrl:0<-|->SDK_bPowerOnMute:0<-|->SDK_bNullSourceMute0<-|->SDK_bSetInputSourceAudioMute:0<-|
08-16 14:46:02.427 I/tvos    ( 1764): [audioBSP] #2 m_spkrMute : 1 ..|->SDK_bUsrSpkrAudioMute:0<-|->SDK_bPowerOnMute:0<-|->SDK_bByUserAudioMute:1<-|
08-16 14:46:02.427 I/tvos    ( 1764): [audioBSP] #3 m_PcmCapture2Mute:1 |->SDK_bByUserPcmCapture2Mute:0<-|->SDK_SUB_bByUserAudioMute:0<-|->SDK_bByUserAudioMute:1<-|
08-16 14:46:02.427 I/tvos    ( 1764): [audioBSP] #5 m_hpMute : 1 ..|->SDK_bUsrHpAudioMute:1<-|->SDK_bPowerOnMute:0<-|->SDK_bByUserAudioMute:1<-|
08-16 14:46:02.427 I/tvos    ( 1764): [audioBSP] #12 m_spdifMute : 1 ..
08-16 14:46:02.427 I/tvos    ( 1764): #12|->SDK_bPermanentAudioMute:0<-|->SDK_bMomentAudioMute:0<-|->SDK_bByBlockAudioMute:0<-|
08-16 14:46:02.427 I/tvos    ( 1764): #12|->SDK_bByVChipAudioMute:0<-|->SDK_bInternal1AudioMute:0<-|->SDK_bInternal4AudioMute:0<-|
08-16 14:46:02.427 I/tvos    ( 1764): #12|->SDK_bByDuringLimitedTimeAudioMute:0<-|->SDK_bSourceSwitchAudioMute:0<-|->SDK_bMHEGApMute:0<-|
08-16 14:46:02.427 I/tvos    ( 1764): #12|->SDK_bPowerOnMute:0<-|->SDK_bUsrSpdifAudioMute:1<-|->SDK_bNullSourceMute:0<-|->SDK_bByAppMute:0<-|
08-16 14:46:02.427 I/tvos    ( 1764): ---Amplifier_ALC1310_LR_SWMute(1)
08-16 14:46:02.427 I/tvos    ( 1764): ALC1310 mute write good, addr: 0x13, readback data : 49164, write cmd times : 1
08-16 14:46:02.429 I/tvos    ( 1764): SetSoundMuteStatus : m_hpMute : 1, m_spdifMute : 1, m_DataInMute : 0, m_channel7Mute : 0, m_internalMute : 0, m_spkrMute : 1, m_PcmCapture1Mute : 0, m_PcmCapture2Mute : 1 
08-16 14:46:02.647 I/tvos    ( 1764): GetAudioOutputDevice, retval : 0
08-16 14:46:02.897 I/tvos    ( 1764): GetAudioOutputDevice, retval : 0
08-16 14:46:02.938 I/remotestatus( 2207): Msg.what is 101
08-16 14:46:02.938 I/WindowManager( 2207): turn cursor off
08-16 14:46:02.938 E/RemoteManager( 2207): RemoteManager is no longer support in eui6.5
08-16 14:46:02.938 W/InputDispatcher( 2207): findFocusedWindow finished: injectionResult=0, timeSpentWaitingForApplication=0.0ms
08-16 14:46:02.938 E/InputManager-JNI( 2207): call nativeDisableCursor method with hideCursor
08-16 14:46:02.947 I/SoundPool( 2822): enter : func play
08-16 14:46:02.948 W/AudioTrack( 2822): AUDIO_OUTPUT_FLAG_FAST denied by client; transfer 4, track 44100 Hz, output 48000 Hz
08-16 14:46:02.956 W/InputDispatcher( 2207): findFocusedWindow finished: injectionResult=0, timeSpentWaitingForApplication=0.0ms
08-16 14:46:02.962 I/BrowseView( 2822): --onItemSelected i : 2
08-16 14:46:03.041 I/APM::AudioPolicyEngine( 1758): getDeviceForStrategy, 359
08-16 14:46:03.148 I/tvos    ( 1764): GetAudioOutputDevice, retval : 0
08-16 14:46:03.398 I/tvos    ( 1764): GetAudioOutputDevice, retval : 0
08-16 14:46:03.648 I/tvos    ( 1764): GetAudioOutputDevice, retval : 0
08-16 14:46:03.899 I/tvos    ( 1764): GetAudioOutputDevice, retval : 0
08-16 14:46:04.149 I/tvos    ( 1764): GetAudioOutputDevice, retval : 0
08-16 14:46:04.400 I/tvos    ( 1764): GetAudioOutputDevice, retval : 0
08-16 14:46:04.465 I/remotestatus( 2207): Msg.what is 101
08-16 14:46:04.465 I/WindowManager( 2207): turn cursor off
08-16 14:46:04.465 E/RemoteManager( 2207): RemoteManager is no longer support in eui6.5
08-16 14:46:04.466 W/InputDispatcher( 2207): findFocusedWindow finished: injectionResult=0, timeSpentWaitingForApplication=0.0ms
08-16 14:46:04.466 E/InputManager-JNI( 2207): call nativeDisableCursor method with hideCursor
08-16 14:46:04.481 I/SoundPool( 2822): enter : func play
08-16 14:46:04.481 I/APM::AudioPolicyEngine( 1758): getDeviceForStrategy, 359
08-16 14:46:04.483 I/audio_hw_primary( 1758): version:a00004 adev_create_audio_patch::mix->device 
08-16 14:46:04.483 I/audio_hw_primary( 1758): adev_create_audio_patch *handle=-1420227928 num_audio_patch=3
08-16 14:46:04.484 E/AudioManagerService( 1803): setAudioVolume(callingPid 1758, clientPid 1758, enSoundPath 0, volumn:0 )
08-16 14:46:04.486 I/tvos    ( 1764): SetVolume, subWooExist 0!
08-16 14:46:04.486 I/tvos    ( 1764): mapi_audio_customer::SetAbsoluteVolume: project name is X440M
08-16 14:46:04.486 I/tvos    ( 1764): SetAbsoluteVolume: uPercent : 0, path=52(speaker), VolumeInt=7f, VolumeFra=0
08-16 14:46:04.487 I/tvos    ( 1764): SetAbsoluteVolume: uPercent(currVol) : 0, realPath=52(default), VolumeInt=7f, VolumeFra=0
08-16 14:46:04.487 I/tvos    ( 1764): mapi_audio_customer::SetAbsoluteVolume: project name is X440M
08-16 14:46:04.487 I/tvos    ( 1764): SetAbsoluteVolume: uPercent : 0, path=49(HP), VolumeInt=7f, VolumeFra=0
08-16 14:46:04.487 I/tvos    ( 1764): SetAbsoluteVolume: uPercent(currVol) : 0, realPath=49(default), VolumeInt=7f, VolumeFra=0
08-16 14:46:04.487 I/tvos    ( 1764): mapi_audio_customer::SetAbsoluteVolume: project name is X440M
08-16 14:46:04.487 I/tvos    ( 1764): SetAbsoluteVolume, m_bBTDetect is false! 
08-16 14:46:04.487 I/tvos    ( 1764): mapi_audio_customer::SetAbsoluteVolume: project name is X440M
08-16 14:46:04.487 I/tvos    ( 1764): SetAbsoluteVolume: uPercent : 0, path=255(speaker), VolumeInt=7f, VolumeFra=0
08-16 14:46:04.487 I/tvos    ( 1764): SetAbsoluteVolume: uPercent(currVol) : 0, realPath=255(default), VolumeInt=7f, VolumeFra=0
08-16 14:46:04.487 I/tvos    ( 1764): [SetMuteStatus] call SetSoundMuteStatus, line : 10369, muteType: 4, onOff : 0 
08-16 14:46:04.487 I/tvos    ( 1764): [audioBSP] #1 m_internalMute : 0 ..
08-16 14:46:04.487 I/tvos    ( 1764): #1|->SDK_bPermanentAudioMute:0<-|->SDK_bMomentAudioMute:0 <-|->SDK_bBySyncAudioMute:0<-|->SDK_bByBlockAudioMute:0<-|->SDK_bByVChipAudioMute:0<-|
08-16 14:46:04.487 I/tvos    ( 1764): #1|->SDK_bInternal1AudioMute:0<-|->SDK_bInternal2AudioMute:0<-|->SDK_bInternal3AudioMute:0<-|->SDK_bInternal4AudioMute:0<-|
08-16 14:46:04.487 I/tvos    ( 1764): #1|->SDK_bByScanInOutchgCHchg:0<-|->SDK_bByDuringLimitedTimeAudioMute:0<-|->SDK_bSourceSwitchAudioMute:0<-|
08-16 14:46:04.487 I/tvos    ( 1764): #1|->SDK_bMHEGApMute:0<-|->SDK_bAllAudioMuteCtrl:0<-|->SDK_bPowerOnMute:0<-|->SDK_bNullSourceMute0<-|->SDK_bSetInputSourceAudioMute:0<-|
08-16 14:46:04.487 I/tvos    ( 1764): [audioBSP] #2 m_spkrMute : 0 ..|->SDK_bUsrSpkrAudioMute:0<-|->SDK_bPowerOnMute:0<-|->SDK_bByUserAudioMute:0<-|
08-16 14:46:04.487 I/tvos    ( 1764): [audioBSP] #3 m_PcmCapture2Mute:0 |->SDK_bByUserPcmCapture2Mute:0<-|->SDK_SUB_bByUserAudioMute:0<-|->SDK_bByUserAudioMute:0<-|
08-16 14:46:04.487 I/tvos    ( 1764): [audioBSP] #5 m_hpMute : 1 ..|->SDK_bUsrHpAudioMute:1<-|->SDK_bPowerOnMute:0<-|->SDK_bByUserAudioMute:0<-|
08-16 14:46:04.487 I/tvos    ( 1764): [audioBSP] #12 m_spdifMute : 1 ..
08-16 14:46:04.487 I/tvos    ( 1764): #12|->SDK_bPermanentAudioMute:0<-|->SDK_bMomentAudioMute:0<-|->SDK_bByBlockAudioMute:0<-|
08-16 14:46:04.487 I/tvos    ( 1764): #12|->SDK_bByVChipAudioMute:0<-|->SDK_bInternal1AudioMute:0<-|->SDK_bInternal4AudioMute:0<-|
08-16 14:46:04.487 I/tvos    ( 1764): #12|->SDK_bByDuringLimitedTimeAudioMute:0<-|->SDK_bSourceSwitchAudioMute:0<-|->SDK_bMHEGApMute:0<-|
08-16 14:46:04.487 I/tvos    ( 1764): #12|->SDK_bPowerOnMute:0<-|->SDK_bUsrSpdifAudioMute:1<-|->SDK_bNullSourceMute:0<-|->SDK_bByAppMute:0<-|
08-16 14:46:04.487 I/tvos    ( 1764): ---Amplifier_ALC1310_LR_SWMute(0)
08-16 14:46:04.487 I/tvos    ( 1764): ALC1310 unmute good, addr: 0x13 readbackvalue: 4 
08-16 14:46:04.489 I/tvos    ( 1764): SetSoundMuteStatus : m_hpMute : 1, m_spdifMute : 1, m_DataInMute : 0, m_channel7Mute : 0, m_internalMute : 0, m_spkrMute : 0, m_PcmCapture1Mute : 0, m_PcmCapture2Mute : 0 
08-16 14:46:04.489 I/AudioUtil( 1758): setParameters spk_volume=0
08-16 14:46:04.489 I/audio_hw_primary( 1758): adev_set_parameters: spk_volume=0
08-16 14:46:04.490 I/tvos    ( 1764): GetAudioOutputDevice, retval : 0
08-16 14:46:04.490 I/tvos    ( 1764): [SetMuteStatus] call SetSoundMuteStatus, line : 10369, muteType: 67108864, onOff : 1 
08-16 14:46:04.490 I/tvos    ( 1764): _TransMSrvMuteTypeToSDKMuteType: Err! muteType(67108864) is out of Range
08-16 14:46:04.493 I/tvos    ( 1764): [SetMuteStatus] call SetSoundMuteStatus, line : 10369, muteType: 4, onOff : 1 
08-16 14:46:04.493 I/tvos    ( 1764): [audioBSP] #1 m_internalMute : 0 ..
08-16 14:46:04.493 I/tvos    ( 1764): #1|->SDK_bPermanentAudioMute:0<-|->SDK_bMomentAudioMute:0 <-|->SDK_bBySyncAudioMute:0<-|->SDK_bByBlockAudioMute:0<-|->SDK_bByVChipAudioMute:0<-|
08-16 14:46:04.493 I/tvos    ( 1764): #1|->SDK_bInternal1AudioMute:0<-|->SDK_bInternal2AudioMute:0<-|->SDK_bInternal3AudioMute:0<-|->SDK_bInternal4AudioMute:0<-|
08-16 14:46:04.493 I/tvos    ( 1764): #1|->SDK_bByScanInOutchgCHchg:0<-|->SDK_bByDuringLimitedTimeAudioMute:0<-|->SDK_bSourceSwitchAudioMute:0<-|
08-16 14:46:04.493 I/tvos    ( 1764): #1|->SDK_bMHEGApMute:0<-|->SDK_bAllAudioMuteCtrl:0<-|->SDK_bPowerOnMute:0<-|->SDK_bNullSourceMute0<-|->SDK_bSetInputSourceAudioMute:0<-|
08-16 14:46:04.493 I/tvos    ( 1764): [audioBSP] #2 m_spkrMute : 1 ..|->SDK_bUsrSpkrAudioMute:0<-|->SDK_bPowerOnMute:0<-|->SDK_bByUserAudioMute:1<-|
08-16 14:46:04.493 I/tvos    ( 1764): [audioBSP] #3 m_PcmCapture2Mute:1 |->SDK_bByUserPcmCapture2Mute:0<-|->SDK_SUB_bByUserAudioMute:0<-|->SDK_bByUserAudioMute:1<-|
08-16 14:46:04.493 I/tvos    ( 1764): [audioBSP] #5 m_hpMute : 1 ..|->SDK_bUsrHpAudioMute:1<-|->SDK_bPowerOnMute:0<-|->SDK_bByUserAudioMute:1<-|
08-16 14:46:04.493 I/tvos    ( 1764): [audioBSP] #12 m_spdifMute : 1 ..
08-16 14:46:04.493 I/tvos    ( 1764): #12|->SDK_bPermanentAudioMute:0<-|->SDK_bMomentAudioMute:0<-|->SDK_bByBlockAudioMute:0<-|
08-16 14:46:04.493 I/tvos    ( 1764): #12|->SDK_bByVChipAudioMute:0<-|->SDK_bInternal1AudioMute:0<-|->SDK_bInternal4AudioMute:0<-|
08-16 14:46:04.493 I/tvos    ( 1764): #12|->SDK_bByDuringLimitedTimeAudioMute:0<-|->SDK_bSourceSwitchAudioMute:0<-|->SDK_bMHEGApMute:0<-|
08-16 14:46:04.493 I/tvos    ( 1764): #12|->SDK_bPowerOnMute:0<-|->SDK_bUsrSpdifAudioMute:1<-|->SDK_bNullSourceMute:0<-|->SDK_bByAppMute:0<-|
08-16 14:46:04.493 I/tvos    ( 1764): ---Amplifier_ALC1310_LR_SWMute(1)
08-16 14:46:04.493 I/tvos    ( 1764): ALC1310 mute write good, addr: 0x13, readback data : 49164, write cmd times : 1
08-16 14:46:04.495 I/tvos    ( 1764): SetSoundMuteStatus : m_hpMute : 1, m_spdifMute : 1, m_DataInMute : 0, m_channel7Mute : 0, m_internalMute : 0, m_spkrMute : 1, m_PcmCapture1Mute : 0, m_PcmCapture2Mute : 1 
08-16 14:46:04.500 W/InputDispatcher( 2207): findFocusedWindow finished: injectionResult=0, timeSpentWaitingForApplication=0.0ms
08-16 14:46:04.573 I/APM::AudioPolicyEngine( 1758): getDeviceForStrategy, 359
08-16 14:46:04.647 I/reService( 2207): onReportKeyEvent  type=type0 keycode=4*176*20*20*20*22*20 
08-16 14:46:04.648 E/LETV_DEVICE( 1780): no name sn for Mstar
08-16 14:46:04.650 I/tvos    ( 1764): GetAudioOutputDevice, retval : 0
08-16 14:46:04.659 E/ActivityThread( 2837): Failed to find provider info for com.letv.agnes.InfoProvider
08-16 14:46:04.660 E/ActivityThread( 2837): Failed to find provider info for com.letv.agnes.InfoProvider
08-16 14:46:04.660 W/System.err( 2837): java.lang.IllegalArgumentException: Unknown URL content://com.letv.agnes.InfoProvider
08-16 14:46:04.660 W/System.err( 2837): 	at android.content.ContentResolver.insert(ContentResolver.java:1227)
08-16 14:46:04.660 W/System.err( 2837): 	at com.letv.tracker2.agnes.Configuration.addDebugInfo(Configuration.java:289)
08-16 14:46:04.660 W/System.err( 2837): 	at com.letv.tracker2.agnes.MessageProcessor$SendEnvMsgTr$1.handleMessage(MessageProcessor.java:661)
08-16 14:46:04.660 W/System.err( 2837): 	at android.os.Handler.dispatchMessage(Handler.java:102)
08-16 14:46:04.660 W/System.err( 2837): 	at android.os.Looper.loop(Looper.java:148)
08-16 14:46:04.661 W/System.err( 2837): 	at com.letv.tracker2.agnes.MessageProcessor$SendEnvMsgTr.run(MessageProcessor.java:665)
08-16 14:46:04.667 I/[T1.0.6.3]EuiAgnes_Server( 2837): resCode:1
08-16 14:46:04.667 I/[T1.0.6.3]EuiAgnes_Server( 2837): b[0]:0
08-16 14:46:04.746 E/LetvRemoteupgradeManager-JNI( 2613): can't get LetvManager service!
08-16 14:46:04.793 I/tvos    ( 1764): [37m[INFO] Change to Voltage: 1030 mV (0x2E)[m
08-16 14:46:04.793 I/tvos    ( 1764): [37m[INFO] Change to Voltage: 1030 mV (0x2B)[m
08-16 14:46:04.793 I/tvos    ( 1764): [37m[INFO] Change to Voltage: 1030 mV (0x28)[m
08-16 14:46:04.793 I/tvos    ( 1764): [37m[INFO] Change to Voltage: 1030 mV (0x25)[m
08-16 14:46:04.793 I/tvos    ( 1764): [37m[INFO] Change to Voltage: 1030 mV (0x22)[m
08-16 14:46:04.793 I/tvos    ( 1764): [37m[INFO] Change to Voltage: 1030 mV (0x22)[m
08-16 14:46:04.900 I/tvos    ( 1764): GetAudioOutputDevice, retval : 0
08-16 14:46:05.151 I/tvos    ( 1764): GetAudioOutputDevice, retval : 0
08-16 14:46:05.401 I/tvos    ( 1764): GetAudioOutputDevice, retval : 0
08-16 14:46:05.652 I/tvos    ( 1764): GetAudioOutputDevice, retval : 0
08-16 14:46:05.902 I/tvos    ( 1764): GetAudioOutputDevice, retval : 0
08-16 14:46:06.153 I/tvos    ( 1764): GetAudioOutputDevice, retval : 0
08-16 14:46:06.403 I/tvos    ( 1764): GetAudioOutputDevice, retval : 0
08-16 14:46:06.653 I/tvos    ( 1764): GetAudioOutputDevice, retval : 0
08-16 14:46:06.904 I/tvos    ( 1764): GetAudioOutputDevice, retval : 0
08-16 14:46:07.154 I/tvos    ( 1764): GetAudioOutputDevice, retval : 0
08-16 14:46:07.405 I/tvos    ( 1764): GetAudioOutputDevice, retval : 0
08-16 14:46:07.655 I/tvos    ( 1764): GetAudioOutputDevice, retval : 0
08-16 14:46:07.746 E/LetvRemoteupgradeManager-JNI( 2613): can't get LetvManager service!
08-16 14:46:07.905 I/tvos    ( 1764): GetAudioOutputDevice, retval : 0
08-16 14:46:08.156 I/tvos    ( 1764): GetAudioOutputDevice, retval : 0
08-16 14:46:08.406 I/tvos    ( 1764): GetAudioOutputDevice, retval : 0
08-16 14:46:08.657 I/tvos    ( 1764): GetAudioOutputDevice, retval : 0
08-16 14:46:08.907 I/tvos    ( 1764): GetAudioOutputDevice, retval : 0
08-16 14:46:09.157 I/tvos    ( 1764): GetAudioOutputDevice, retval : 0
08-16 14:46:09.408 I/tvos    ( 1764): GetAudioOutputDevice, retval : 0
08-16 14:46:09.658 I/tvos    ( 1764): GetAudioOutputDevice, retval : 0
08-16 14:46:09.908 I/tvos    ( 1764): GetAudioOutputDevice, retval : 0
08-16 14:46:10.159 I/tvos    ( 1764): GetAudioOutputDevice, retval : 0
08-16 14:46:10.409 I/tvos    ( 1764): GetAudioOutputDevice, retval : 0
08-16 14:46:10.660 I/tvos    ( 1764): GetAudioOutputDevice, retval : 0
08-16 14:46:10.747 E/LetvRemoteupgradeManager-JNI( 2613): can't get LetvManager service!
08-16 14:46:10.911 I/tvos    ( 1764): GetAudioOutputDevice, retval : 0
08-16 14:46:11.161 I/tvos    ( 1764): GetAudioOutputDevice, retval : 0
08-16 14:46:11.411 I/tvos    ( 1764): GetAudioOutputDevice, retval : 0
08-16 14:46:11.662 I/tvos    ( 1764): GetAudioOutputDevice, retval : 0
08-16 14:46:11.912 I/tvos    ( 1764): GetAudioOutputDevice, retval : 0
08-16 14:46:12.059 E/InternetUtils( 4594): java.net.SocketTimeoutException: failed to connect to www.cibn.com/61.133.127.115 (port 80) after 3000ms
08-16 14:46:12.163 I/tvos    ( 1764): GetAudioOutputDevice, retval : 0
08-16 14:46:12.413 I/tvos    ( 1764): GetAudioOutputDevice, retval : 0
08-16 14:46:12.663 I/tvos    ( 1764): GetAudioOutputDevice, retval : 0
08-16 14:46:12.914 I/tvos    ( 1764): GetAudioOutputDevice, retval : 0
08-16 14:46:13.164 I/tvos    ( 1764): GetAudioOutputDevice, retval : 0
08-16 14:46:13.415 I/tvos    ( 1764): GetAudioOutputDevice, retval : 0
08-16 14:46:13.665 I/tvos    ( 1764): GetAudioOutputDevice, retval : 0
08-16 14:46:13.747 E/LetvRemoteupgradeManager-JNI( 2613): can't get LetvManager service!
08-16 14:46:13.915 I/tvos    ( 1764): GetAudioOutputDevice, retval : 0
08-16 14:46:14.156 I/TimeProvider( 5085): com.letv.tv : startSyncTimeInternal timeFetcher is class com.letv.core.g.c sRetryCount = 0 ProcessId = 5085
08-16 14:46:14.166 I/tvos    ( 1764): GetAudioOutputDevice, retval : 0
08-16 14:46:14.174 I/HttpHeaderTimeFetcher( 5085): com.letv.tv : startHttpGet host = https://sso.cp21.ott
08-16 14:46:14.175 I/HttpHeaderTimeFetcher( 5085): com.letv.tv :  Host: https://sso.cp21.ott sync ready current time is :Thu Aug 16 14:46:10 GMT+08:00 2018
08-16 14:46:14.175 I/HttpHeaderTimeFetcher( 5085): com.letv.tv : System time is :Thu Aug 16 14:46:14 GMT+08:00 2018
08-16 14:46:14.175 I/TimeProvider( 5085): com.letv.tv : sCurrentTime = 1534401970009 Date = Thu Aug 16 14:46:10 GMT+08:00 2018
08-16 14:46:14.416 I/tvos    ( 1764): GetAudioOutputDevice, retval : 0
08-16 14:46:14.667 I/tvos    ( 1764): GetAudioOutputDevice, retval : 0
08-16 14:46:14.804 I/TimeProvider( 5085): com.letv.tv : startSyncTimeInternal timeFetcher is class com.letv.core.g.c sRetryCount = 0 ProcessId = 5085
08-16 14:46:14.817 I/HttpHeaderTimeFetcher( 5085): com.letv.tv : startHttpGet host = https://sso.cp21.ott
08-16 14:46:14.817 I/HttpHeaderTimeFetcher( 5085): com.letv.tv :  Host: https://sso.cp21.ott sync ready current time is :Thu Aug 16 14:46:18 GMT+08:00 2018
08-16 14:46:14.817 I/HttpHeaderTimeFetcher( 5085): com.letv.tv : System time is :Thu Aug 16 14:46:14 GMT+08:00 2018
08-16 14:46:14.818 I/TimeProvider( 5085): com.letv.tv : sCurrentTime = 1534401978007 Date = Thu Aug 16 14:46:18 GMT+08:00 2018
08-16 14:46:14.917 I/tvos    ( 1764): GetAudioOutputDevice, retval : 0
08-16 14:46:15.167 I/tvos    ( 1764): GetAudioOutputDevice, retval : 0
08-16 14:46:15.418 I/tvos    ( 1764): GetAudioOutputDevice, retval : 0
08-16 14:46:15.668 I/tvos    ( 1764): GetAudioOutputDevice, retval : 0
08-16 14:46:15.919 I/tvos    ( 1764): GetAudioOutputDevice, retval : 0
08-16 14:46:16.169 I/tvos    ( 1764): GetAudioOutputDevice, retval : 0
08-16 14:46:16.419 I/tvos    ( 1764): GetAudioOutputDevice, retval : 0
08-16 14:46:16.670 I/tvos    ( 1764): GetAudioOutputDevice, retval : 0
08-16 14:46:16.748 E/LetvRemoteupgradeManager-JNI( 2613): can't get LetvManager service!
08-16 14:46:16.921 I/tvos    ( 1764): GetAudioOutputDevice, retval : 0
08-16 14:46:17.171 I/tvos    ( 1764): GetAudioOutputDevice, retval : 0
08-16 14:46:17.421 I/tvos    ( 1764): GetAudioOutputDevice, retval : 0
08-16 14:46:17.672 I/tvos    ( 1764): GetAudioOutputDevice, retval : 0
08-16 14:46:17.680 I/TimeProvider( 5085): startSyncTimeInternal timeFetcher is class com.letv.core.timer.c sRetryCount = 0 ProcessId = 5085
08-16 14:46:17.695 I/HttpHeaderTimeFetcher( 5085): startHttpGet host = https://sso.cp21.ott
08-16 14:46:17.695 I/HttpHeaderTimeFetcher( 5085):  Host: https://sso.cp21.ott sync ready current time is :Thu Aug 16 14:46:17 GMT+08:00 2018
08-16 14:46:17.695 I/HttpHeaderTimeFetcher( 5085): System time is :Thu Aug 16 14:46:17 GMT+08:00 2018
08-16 14:46:17.696 I/TimeProvider( 5085): sCurrentTime = 1534401977008 Date = Thu Aug 16 14:46:17 GMT+08:00 2018
08-16 14:46:17.922 I/tvos    ( 1764): GetAudioOutputDevice, retval : 0
08-16 14:46:18.173 I/tvos    ( 1764): GetAudioOutputDevice, retval : 0
08-16 14:46:18.423 I/tvos    ( 1764): GetAudioOutputDevice, retval : 0
08-16 14:46:18.673 I/tvos    ( 1764): GetAudioOutputDevice, retval : 0
08-16 14:46:18.731 I/TimeProvider( 5085): startSyncTimeInternal timeFetcher is class com.letv.core.timer.c sRetryCount = 0 ProcessId = 5085
08-16 14:46:18.744 I/HttpHeaderTimeFetcher( 5085): startHttpGet host = https://sso.cp21.ott
08-16 14:46:18.744 I/HttpHeaderTimeFetcher( 5085):  Host: https://sso.cp21.ott sync ready current time is :Thu Aug 16 14:46:22 GMT+08:00 2018
08-16 14:46:18.744 I/HttpHeaderTimeFetcher( 5085): System time is :Thu Aug 16 14:46:18 GMT+08:00 2018
08-16 14:46:18.745 I/TimeProvider( 5085): sCurrentTime = 1534401982007 Date = Thu Aug 16 14:46:22 GMT+08:00 2018
08-16 14:46:18.924 I/tvos    ( 1764): GetAudioOutputDevice, retval : 0
08-16 14:46:19.174 I/tvos    ( 1764): GetAudioOutputDevice, retval : 0
08-16 14:46:19.425 I/tvos    ( 1764): GetAudioOutputDevice, retval : 0
08-16 14:46:19.675 I/tvos    ( 1764): GetAudioOutputDevice, retval : 0
08-16 14:46:19.748 E/LetvRemoteupgradeManager-JNI( 2613): can't get LetvManager service!
08-16 14:46:19.925 I/tvos    ( 1764): GetAudioOutputDevice, retval : 0
08-16 14:46:20.030 I/lbplayer( 4071): [main]:ServiceDOWN:dlnaRender is running
08-16 14:46:20.030 I/lbplayer( 4071): [main]:ServiceDOWN:LeLinkService is running
08-16 14:46:20.030 I/lbplayer( 4071): [main]:ServiceDOWN:mainServer is running
08-16 14:46:20.176 I/tvos    ( 1764): GetAudioOutputDevice, retval : 0
08-16 14:46:20.427 I/tvos    ( 1764): GetAudioOutputDevice, retval : 0
08-16 14:46:20.677 I/tvos    ( 1764): GetAudioOutputDevice, retval : 0
08-16 14:46:20.736 I/remotestatus( 2207): Msg.what is 101
08-16 14:46:20.736 I/WindowManager( 2207): turn cursor off
08-16 14:46:20.736 E/RemoteManager( 2207): RemoteManager is no longer support in eui6.5
08-16 14:46:20.736 W/InputDispatcher( 2207): findFocusedWindow finished: injectionResult=0, timeSpentWaitingForApplication=0.0ms
08-16 14:46:20.736 E/InputManager-JNI( 2207): call nativeDisableCursor method with hideCursor
08-16 14:46:20.739 W/InputDispatcher( 2207): findFocusedWindow finished: injectionResult=0, timeSpentWaitingForApplication=0.0ms
08-16 14:46:20.927 I/tvos    ( 1764): GetAudioOutputDevice, retval : 0
08-16 14:46:21.178 I/tvos    ( 1764): GetAudioOutputDevice, retval : 0
08-16 14:46:21.243 W/InputDispatcher( 2207): findFocusedWindow finished: injectionResult=0, timeSpentWaitingForApplication=0.0ms
08-16 14:46:21.246 W/InputDispatcher( 2207): findFocusedWindow finished: injectionResult=0, timeSpentWaitingForApplication=0.0ms
08-16 14:46:21.247 I/SoundPool( 2207): enter : func play
08-16 14:46:21.247 I/APM::AudioPolicyEngine( 1758): getDeviceForStrategy, 359
08-16 14:46:21.247 W/ContextImpl( 2822): Calling a method in the system process without a qualified user: android.app.ContextImpl.sendBroadcast:766 android.content.ContextWrapper.sendBroadcast:396 com.stv.globalsetting.fragment.MiracastFragment.sendCurrenMultiScreenStatus:121 com.stv.globalsetting.fragment.MiracastFragment.onClick:72 android.view.View.performClick:5201 
08-16 14:46:21.248 I/audio_hw_primary( 1758): version:a00004 adev_create_audio_patch::mix->device 
08-16 14:46:21.248 I/audio_hw_primary( 1758): adev_create_audio_patch *handle=-1420227928 num_audio_patch=3
08-16 14:46:21.253 E/AudioManagerService( 1803): setAudioVolume(callingPid 1758, clientPid 1758, enSoundPath 0, volumn:0 )
08-16 14:46:21.256 I/tvos    ( 1764): SetVolume, subWooExist 0!
08-16 14:46:21.256 I/tvos    ( 1764): mapi_audio_customer::SetAbsoluteVolume: project name is X440M
08-16 14:46:21.256 I/tvos    ( 1764): SetAbsoluteVolume: uPercent : 0, path=52(speaker), VolumeInt=7f, VolumeFra=0
08-16 14:46:21.256 I/tvos    ( 1764): SetAbsoluteVolume: uPercent(currVol) : 0, realPath=52(default), VolumeInt=7f, VolumeFra=0
08-16 14:46:21.256 I/tvos    ( 1764): mapi_audio_customer::SetAbsoluteVolume: project name is X440M
08-16 14:46:21.256 I/tvos    ( 1764): SetAbsoluteVolume: uPercent : 0, path=49(HP), VolumeInt=7f, VolumeFra=0
08-16 14:46:21.256 I/tvos    ( 1764): SetAbsoluteVolume: uPercent(currVol) : 0, realPath=49(default), VolumeInt=7f, VolumeFra=0
08-16 14:46:21.256 I/tvos    ( 1764): mapi_audio_customer::SetAbsoluteVolume: project name is X440M
08-16 14:46:21.256 I/tvos    ( 1764): SetAbsoluteVolume, m_bBTDetect is false! 
08-16 14:46:21.256 I/tvos    ( 1764): mapi_audio_customer::SetAbsoluteVolume: project name is X440M
08-16 14:46:21.256 I/tvos    ( 1764): SetAbsoluteVolume: uPercent : 0, path=255(speaker), VolumeInt=7f, VolumeFra=0
08-16 14:46:21.256 I/tvos    ( 1764): SetAbsoluteVolume: uPercent(currVol) : 0, realPath=255(default), VolumeInt=7f, VolumeFra=0
08-16 14:46:21.256 I/tvos    ( 1764): [SetMuteStatus] call SetSoundMuteStatus, line : 10369, muteType: 4, onOff : 0 
08-16 14:46:21.256 I/tvos    ( 1764): [audioBSP] #1 m_internalMute : 0 ..
08-16 14:46:21.256 I/tvos    ( 1764): #1|->SDK_bPermanentAudioMute:0<-|->SDK_bMomentAudioMute:0 <-|->SDK_bBySyncAudioMute:0<-|->SDK_bByBlockAudioMute:0<-|->SDK_bByVChipAudioMute:0<-|
08-16 14:46:21.256 I/tvos    ( 1764): #1|->SDK_bInternal1AudioMute:0<-|->SDK_bInternal2AudioMute:0<-|->SDK_bInternal3AudioMute:0<-|->SDK_bInternal4AudioMute:0<-|
08-16 14:46:21.256 I/tvos    ( 1764): #1|->SDK_bByScanInOutchgCHchg:0<-|->SDK_bByDuringLimitedTimeAudioMute:0<-|->SDK_bSourceSwitchAudioMute:0<-|
08-16 14:46:21.256 I/tvos    ( 1764): #1|->SDK_bMHEGApMute:0<-|->SDK_bAllAudioMuteCtrl:0<-|->SDK_bPowerOnMute:0<-|->SDK_bNullSourceMute0<-|->SDK_bSetInputSourceAudioMute:0<-|
08-16 14:46:21.256 I/tvos    ( 1764): [audioBSP] #2 m_spkrMute : 0 ..|->SDK_bUsrSpkrAudioMute:0<-|->SDK_bPowerOnMute:0<-|->SDK_bByUserAudioMute:0<-|
08-16 14:46:21.256 I/tvos    ( 1764): [audioBSP] #3 m_PcmCapture2Mute:0 |->SDK_bByUserPcmCapture2Mute:0<-|->SDK_SUB_bByUserAudioMute:0<-|->SDK_bByUserAudioMute:0<-|
08-16 14:46:21.256 I/tvos    ( 1764): [audioBSP] #5 m_hpMute : 1 ..|->SDK_bUsrHpAudioMute:1<-|->SDK_bPowerOnMute:0<-|->SDK_bByUserAudioMute:0<-|
08-16 14:46:21.256 I/tvos    ( 1764): [audioBSP] #12 m_spdifMute : 1 ..
08-16 14:46:21.256 I/tvos    ( 1764): #12|->SDK_bPermanentAudioMute:0<-|->SDK_bMomentAudioMute:0<-|->SDK_bByBlockAudioMute:0<-|
08-16 14:46:21.256 I/tvos    ( 1764): #12|->SDK_bByVChipAudioMute:0<-|->SDK_bInternal1AudioMute:0<-|->SDK_bInternal4AudioMute:0<-|
08-16 14:46:21.256 I/tvos    ( 1764): #12|->SDK_bByDuringLimitedTimeAudioMute:0<-|->SDK_bSourceSwitchAudioMute:0<-|->SDK_bMHEGApMute:0<-|
08-16 14:46:21.256 I/tvos    ( 1764): #12|->SDK_bPowerOnMute:0<-|->SDK_bUsrSpdifAudioMute:1<-|->SDK_bNullSourceMute:0<-|->SDK_bByAppMute:0<-|
08-16 14:46:21.256 I/tvos    ( 1764): ---Amplifier_ALC1310_LR_SWMute(0)
08-16 14:46:21.256 I/tvos    ( 1764): ALC1310 unmute good, addr: 0x13 readbackvalue: 4 
08-16 14:46:21.258 I/tvos    ( 1764): SetSoundMuteStatus : m_hpMute : 1, m_spdifMute : 1, m_DataInMute : 0, m_channel7Mute : 0, m_internalMute : 0, m_spkrMute : 0, m_PcmCapture1Mute : 0, m_PcmCapture2Mute : 0 
08-16 14:46:21.260 I/AudioUtil( 1758): setParameters spk_volume=0
08-16 14:46:21.260 I/audio_hw_primary( 1758): adev_set_parameters: spk_volume=0
08-16 14:46:21.262 I/tvos    ( 1764): GetAudioOutputDevice, retval : 0
08-16 14:46:21.263 I/tvos    ( 1764): [SetMuteStatus] call SetSoundMuteStatus, line : 10369, muteType: 67108864, onOff : 1 
08-16 14:46:21.263 I/tvos    ( 1764): _TransMSrvMuteTypeToSDKMuteType: Err! muteType(67108864) is out of Range
08-16 14:46:21.266 I/tvos    ( 1764): [SetMuteStatus] call SetSoundMuteStatus, line : 10369, muteType: 4, onOff : 1 
08-16 14:46:21.266 I/tvos    ( 1764): [audioBSP] #1 m_internalMute : 0 ..
08-16 14:46:21.266 I/tvos    ( 1764): #1|->SDK_bPermanentAudioMute:0<-|->SDK_bMomentAudioMute:0 <-|->SDK_bBySyncAudioMute:0<-|->SDK_bByBlockAudioMute:0<-|->SDK_bByVChipAudioMute:0<-|
08-16 14:46:21.266 I/tvos    ( 1764): #1|->SDK_bInternal1AudioMute:0<-|->SDK_bInternal2AudioMute:0<-|->SDK_bInternal3AudioMute:0<-|->SDK_bInternal4AudioMute:0<-|
08-16 14:46:21.266 I/tvos    ( 1764): #1|->SDK_bByScanInOutchgCHchg:0<-|->SDK_bByDuringLimitedTimeAudioMute:0<-|->SDK_bSourceSwitchAudioMute:0<-|
08-16 14:46:21.266 I/tvos    ( 1764): #1|->SDK_bMHEGApMute:0<-|->SDK_bAllAudioMuteCtrl:0<-|->SDK_bPowerOnMute:0<-|->SDK_bNullSourceMute0<-|->SDK_bSetInputSourceAudioMute:0<-|
08-16 14:46:21.266 I/tvos    ( 1764): [audioBSP] #2 m_spkrMute : 1 ..|->SDK_bUsrSpkrAudioMute:0<-|->SDK_bPowerOnMute:0<-|->SDK_bByUserAudioMute:1<-|
08-16 14:46:21.266 I/tvos    ( 1764): [audioBSP] #3 m_PcmCapture2Mute:1 |->SDK_bByUserPcmCapture2Mute:0<-|->SDK_SUB_bByUserAudioMute:0<-|->SDK_bByUserAudioMute:1<-|
08-16 14:46:21.266 I/tvos    ( 1764): [audioBSP] #5 m_hpMute : 1 ..|->SDK_bUsrHpAudioMute:1<-|->SDK_bPowerOnMute:0<-|->SDK_bByUserAudioMute:1<-|
08-16 14:46:21.266 I/tvos    ( 1764): [audioBSP] #12 m_spdifMute : 1 ..
08-16 14:46:21.266 I/tvos    ( 1764): #12|->SDK_bPermanentAudioMute:0<-|->SDK_bMomentAudioMute:0<-|->SDK_bByBlockAudioMute:0<-|
08-16 14:46:21.266 I/tvos    ( 1764): #12|->SDK_bByVChipAudioMute:0<-|->SDK_bInternal1AudioMute:0<-|->SDK_bInternal4AudioMute:0<-|
08-16 14:46:21.266 I/tvos    ( 1764): #12|->SDK_bByDuringLimitedTimeAudioMute:0<-|->SDK_bSourceSwitchAudioMute:0<-|->SDK_bMHEGApMute:0<-|
08-16 14:46:21.266 I/tvos    ( 1764): #12|->SDK_bPowerOnMute:0<-|->SDK_bUsrSpdifAudioMute:1<-|->SDK_bNullSourceMute:0<-|->SDK_bByAppMute:0<-|
08-16 14:46:21.266 I/tvos    ( 1764): ---Amplifier_ALC1310_LR_SWMute(1)
08-16 14:46:21.266 I/tvos    ( 1764): ALC1310 mute write good, addr: 0x13, readback data : 49164, write cmd times : 1
08-16 14:46:21.268 I/tvos    ( 1764): SetSoundMuteStatus : m_hpMute : 1, m_spdifMute : 1, m_DataInMute : 0, m_channel7Mute : 0, m_internalMute : 0, m_spkrMute : 1, m_PcmCapture1Mute : 0, m_PcmCapture2Mute : 1 
08-16 14:46:21.289 E/audio_hw_primary( 1758): out_get_presentation_position pcm_get_htimestamp(pcm, &avail, timestamp) != 0!!!
08-16 14:46:21.428 I/tvos    ( 1764): GetAudioOutputDevice, retval : 0
08-16 14:46:21.678 I/tvos    ( 1764): GetAudioOutputDevice, retval : 0
08-16 14:46:21.793 I/APM::AudioPolicyEngine( 1758): getDeviceForStrategy, 359
08-16 14:46:21.929 I/tvos    ( 1764): GetAudioOutputDevice, retval : 0
08-16 14:46:22.124 E/InternetUtils( 4594): java.net.SocketTimeoutException: failed to connect to www.cibn.com/61.133.127.115 (port 80) after 3000ms
08-16 14:46:22.179 I/tvos    ( 1764): GetAudioOutputDevice, retval : 0
08-16 14:46:22.430 I/tvos    ( 1764): GetAudioOutputDevice, retval : 0
08-16 14:46:22.680 I/tvos    ( 1764): GetAudioOutputDevice, retval : 0
08-16 14:46:22.748 E/LetvRemoteupgradeManager-JNI( 2613): can't get LetvManager service!
08-16 14:46:22.931 I/tvos    ( 1764): GetAudioOutputDevice, retval : 0
08-16 14:46:23.181 I/tvos    ( 1764): GetAudioOutputDevice, retval : 0
08-16 14:46:23.432 I/tvos    ( 1764): GetAudioOutputDevice, retval : 0
08-16 14:46:23.682 I/tvos    ( 1764): GetAudioOutputDevice, retval : 0
08-16 14:46:23.932 I/tvos    ( 1764): GetAudioOutputDevice, retval : 0
08-16 14:46:24.183 I/tvos    ( 1764): GetAudioOutputDevice, retval : 0
08-16 14:46:24.433 I/tvos    ( 1764): GetAudioOutputDevice, retval : 0
08-16 14:46:24.684 I/tvos    ( 1764): GetAudioOutputDevice, retval : 0
08-16 14:46:24.797 I/remotestatus( 2207): Msg.what is 101
08-16 14:46:24.797 I/WindowManager( 2207): turn cursor off
08-16 14:46:24.797 E/RemoteManager( 2207): RemoteManager is no longer support in eui6.5
08-16 14:46:24.797 W/InputDispatcher( 2207): findFocusedWindow finished: injectionResult=0, timeSpentWaitingForApplication=0.0ms
08-16 14:46:24.798 E/InputManager-JNI( 2207): call nativeDisableCursor method with hideCursor
08-16 14:46:24.801 W/InputDispatcher( 2207): findFocusedWindow finished: injectionResult=0, timeSpentWaitingForApplication=0.0ms
08-16 14:46:24.934 I/tvos    ( 1764): GetAudioOutputDevice, retval : 0
08-16 14:46:25.184 I/tvos    ( 1764): GetAudioOutputDevice, retval : 0
08-16 14:46:25.305 W/InputDispatcher( 2207): findFocusedWindow finished: injectionResult=0, timeSpentWaitingForApplication=0.0ms
08-16 14:46:25.308 W/InputDispatcher( 2207): findFocusedWindow finished: injectionResult=0, timeSpentWaitingForApplication=0.0ms
08-16 14:46:25.309 I/SoundPool( 2207): enter : func play
08-16 14:46:25.310 W/ContextImpl( 2822): Calling a method in the system process without a qualified user: android.app.ContextImpl.sendBroadcast:766 android.content.ContextWrapper.sendBroadcast:396 com.stv.globalsetting.fragment.MiracastFragment.sendCurrenMultiScreenStatus:121 com.stv.globalsetting.fragment.MiracastFragment.onClick:69 android.view.View.performClick:5201 
08-16 14:46:25.313 I/APM::AudioPolicyEngine( 1758): getDeviceForStrategy, 359
08-16 14:46:25.314 I/audio_hw_primary( 1758): version:a00004 adev_create_audio_patch::mix->device 
08-16 14:46:25.314 I/audio_hw_primary( 1758): adev_create_audio_patch *handle=-1420227928 num_audio_patch=3
08-16 14:46:25.322 E/AudioManagerService( 1803): setAudioVolume(callingPid 1758, clientPid 1758, enSoundPath 0, volumn:0 )
08-16 14:46:25.324 I/tvos    ( 1764): SetVolume, subWooExist 0!
08-16 14:46:25.324 I/tvos    ( 1764): mapi_audio_customer::SetAbsoluteVolume: project name is X440M
08-16 14:46:25.324 I/tvos    ( 1764): SetAbsoluteVolume: uPercent : 0, path=52(speaker), VolumeInt=7f, VolumeFra=0
08-16 14:46:25.324 I/tvos    ( 1764): SetAbsoluteVolume: uPercent(currVol) : 0, realPath=52(default), VolumeInt=7f, VolumeFra=0
08-16 14:46:25.324 I/tvos    ( 1764): mapi_audio_customer::SetAbsoluteVolume: project name is X440M
08-16 14:46:25.324 I/tvos    ( 1764): SetAbsoluteVolume: uPercent : 0, path=49(HP), VolumeInt=7f, VolumeFra=0
08-16 14:46:25.324 I/tvos    ( 1764): SetAbsoluteVolume: uPercent(currVol) : 0, realPath=49(default), VolumeInt=7f, VolumeFra=0
08-16 14:46:25.324 I/tvos    ( 1764): mapi_audio_customer::SetAbsoluteVolume: project name is X440M
08-16 14:46:25.324 I/tvos    ( 1764): SetAbsoluteVolume, m_bBTDetect is false! 
08-16 14:46:25.324 I/tvos    ( 1764): mapi_audio_customer::SetAbsoluteVolume: project name is X440M
08-16 14:46:25.324 I/tvos    ( 1764): SetAbsoluteVolume: uPercent : 0, path=255(speaker), VolumeInt=7f, VolumeFra=0
08-16 14:46:25.324 I/tvos    ( 1764): SetAbsoluteVolume: uPercent(currVol) : 0, realPath=255(default), VolumeInt=7f, VolumeFra=0
08-16 14:46:25.324 I/tvos    ( 1764): [SetMuteStatus] call SetSoundMuteStatus, line : 10369, muteType: 4, onOff : 0 
08-16 14:46:25.324 I/tvos    ( 1764): [audioBSP] #1 m_internalMute : 0 ..
08-16 14:46:25.324 I/tvos    ( 1764): #1|->SDK_bPermanentAudioMute:0<-|->SDK_bMomentAudioMute:0 <-|->SDK_bBySyncAudioMute:0<-|->SDK_bByBlockAudioMute:0<-|->SDK_bByVChipAudioMute:0<-|
08-16 14:46:25.324 I/tvos    ( 1764): #1|->SDK_bInternal1AudioMute:0<-|->SDK_bInternal2AudioMute:0<-|->SDK_bInternal3AudioMute:0<-|->SDK_bInternal4AudioMute:0<-|
08-16 14:46:25.324 I/tvos    ( 1764): #1|->SDK_bByScanInOutchgCHchg:0<-|->SDK_bByDuringLimitedTimeAudioMute:0<-|->SDK_bSourceSwitchAudioMute:0<-|
08-16 14:46:25.324 I/tvos    ( 1764): #1|->SDK_bMHEGApMute:0<-|->SDK_bAllAudioMuteCtrl:0<-|->SDK_bPowerOnMute:0<-|->SDK_bNullSourceMute0<-|->SDK_bSetInputSourceAudioMute:0<-|
08-16 14:46:25.324 I/tvos    ( 1764): [audioBSP] #2 m_spkrMute : 0 ..|->SDK_bUsrSpkrAudioMute:0<-|->SDK_bPowerOnMute:0<-|->SDK_bByUserAudioMute:0<-|
08-16 14:46:25.324 I/tvos    ( 1764): [audioBSP] #3 m_PcmCapture2Mute:0 |->SDK_bByUserPcmCapture2Mute:0<-|->SDK_SUB_bByUserAudioMute:0<-|->SDK_bByUserAudioMute:0<-|
08-16 14:46:25.324 I/tvos    ( 1764): [audioBSP] #5 m_hpMute : 1 ..|->SDK_bUsrHpAudioMute:1<-|->SDK_bPowerOnMute:0<-|->SDK_bByUserAudioMute:0<-|
08-16 14:46:25.324 I/tvos    ( 1764): [audioBSP] #12 m_spdifMute : 1 ..
08-16 14:46:25.324 I/tvos    ( 1764): #12|->SDK_bPermanentAudioMute:0<-|->SDK_bMomentAudioMute:0<-|->SDK_bByBlockAudioMute:0<-|
08-16 14:46:25.324 I/tvos    ( 1764): #12|->SDK_bByVChipAudioMute:0<-|->SDK_bInternal1AudioMute:0<-|->SDK_bInternal4AudioMute:0<-|
08-16 14:46:25.324 I/tvos    ( 1764): #12|->SDK_bByDuringLimitedTimeAudioMute:0<-|->SDK_bSourceSwitchAudioMute:0<-|->SDK_bMHEGApMute:0<-|
08-16 14:46:25.324 I/tvos    ( 1764): #12|->SDK_bPowerOnMute:0<-|->SDK_bUsrSpdifAudioMute:1<-|->SDK_bNullSourceMute:0<-|->SDK_bByAppMute:0<-|
08-16 14:46:25.325 I/tvos    ( 1764): ---Amplifier_ALC1310_LR_SWMute(0)
08-16 14:46:25.325 I/tvos    ( 1764): ALC1310 unmute good, addr: 0x13 readbackvalue: 4 
08-16 14:46:25.326 I/tvos    ( 1764): SetSoundMuteStatus : m_hpMute : 1, m_spdifMute : 1, m_DataInMute : 0, m_channel7Mute : 0, m_internalMute : 0, m_spkrMute : 0, m_PcmCapture1Mute : 0, m_PcmCapture2Mute : 0 
08-16 14:46:25.327 I/AudioUtil( 1758): setParameters spk_volume=0
08-16 14:46:25.327 I/audio_hw_primary( 1758): adev_set_parameters: spk_volume=0
08-16 14:46:25.327 I/tvos    ( 1764): GetAudioOutputDevice, retval : 0
08-16 14:46:25.328 I/tvos    ( 1764): [SetMuteStatus] call SetSoundMuteStatus, line : 10369, muteType: 67108864, onOff : 1 
08-16 14:46:25.328 I/tvos    ( 1764): _TransMSrvMuteTypeToSDKMuteType: Err! muteType(67108864) is out of Range
08-16 14:46:25.334 I/tvos    ( 1764): [SetMuteStatus] call SetSoundMuteStatus, line : 10369, muteType: 4, onOff : 1 
08-16 14:46:25.334 I/tvos    ( 1764): [audioBSP] #1 m_internalMute : 0 ..
08-16 14:46:25.334 I/tvos    ( 1764): #1|->SDK_bPermanentAudioMute:0<-|->SDK_bMomentAudioMute:0 <-|->SDK_bBySyncAudioMute:0<-|->SDK_bByBlockAudioMute:0<-|->SDK_bByVChipAudioMute:0<-|
08-16 14:46:25.334 I/tvos    ( 1764): #1|->SDK_bInternal1AudioMute:0<-|->SDK_bInternal2AudioMute:0<-|->SDK_bInternal3AudioMute:0<-|->SDK_bInternal4AudioMute:0<-|
08-16 14:46:25.334 I/tvos    ( 1764): #1|->SDK_bByScanInOutchgCHchg:0<-|->SDK_bByDuringLimitedTimeAudioMute:0<-|->SDK_bSourceSwitchAudioMute:0<-|
08-16 14:46:25.334 I/tvos    ( 1764): #1|->SDK_bMHEGApMute:0<-|->SDK_bAllAudioMuteCtrl:0<-|->SDK_bPowerOnMute:0<-|->SDK_bNullSourceMute0<-|->SDK_bSetInputSourceAudioMute:0<-|
08-16 14:46:25.334 I/tvos    ( 1764): [audioBSP] #2 m_spkrMute : 1 ..|->SDK_bUsrSpkrAudioMute:0<-|->SDK_bPowerOnMute:0<-|->SDK_bByUserAudioMute:1<-|
08-16 14:46:25.334 I/tvos    ( 1764): [audioBSP] #3 m_PcmCapture2Mute:1 |->SDK_bByUserPcmCapture2Mute:0<-|->SDK_SUB_bByUserAudioMute:0<-|->SDK_bByUserAudioMute:1<-|
08-16 14:46:25.334 I/tvos    ( 1764): [audioBSP] #5 m_hpMute : 1 ..|->SDK_bUsrHpAudioMute:1<-|->SDK_bPowerOnMute:0<-|->SDK_bByUserAudioMute:1<-|
08-16 14:46:25.334 I/tvos    ( 1764): [audioBSP] #12 m_spdifMute : 1 ..
08-16 14:46:25.334 I/tvos    ( 1764): #12|->SDK_bPermanentAudioMute:0<-|->SDK_bMomentAudioMute:0<-|->SDK_bByBlockAudioMute:0<-|
08-16 14:46:25.334 I/tvos    ( 1764): #12|->SDK_bByVChipAudioMute:0<-|->SDK_bInternal1AudioMute:0<-|->SDK_bInternal4AudioMute:0<-|
08-16 14:46:25.334 I/tvos    ( 1764): #12|->SDK_bByDuringLimitedTimeAudioMute:0<-|->SDK_bSourceSwitchAudioMute:0<-|->SDK_bMHEGApMute:0<-|
