08-16 14:47:02.307 W/System.err( 2837): 	at com.letv.tracker2.agnes.Configuration.addDebugInfo(Configuration.java:289)
08-16 14:47:02.307 W/System.err( 2837): 	at com.letv.tracker2.agnes.MessageProcessor$SendEnvMsgTr$1.handleMessage(MessageProcessor.java:661)
08-16 14:47:02.307 W/System.err( 2837): 	at android.os.Handler.dispatchMessage(Handler.java:102)
08-16 14:47:02.307 W/System.err( 2837): 	at android.os.Looper.loop(Looper.java:148)
08-16 14:47:02.307 W/System.err( 2837): 	at com.letv.tracker2.agnes.MessageProcessor$SendEnvMsgTr.run(MessageProcessor.java:665)
08-16 14:47:02.316 I/[T1.0.6.3]EuiAgnes_Server( 2837): resCode:1
08-16 14:47:02.317 I/[T1.0.6.3]EuiAgnes_Server( 2837): b[0]:0
08-16 14:47:02.371 I/LetvManager-LogReport( 1780): [send_msg] line: 490 report url = http://log.hdtv.cp21.ott.cibntv.net:80/api/log/tvAction
08-16 14:47:02.393 I/tvos    ( 1764): [37m[INFO] Change to Voltage: 1030 mV (0x2E)[m
08-16 14:47:02.395 I/tvos    ( 1764): [37m[INFO] Change to Voltage: 1030 mV (0x2B)[m
08-16 14:47:02.395 I/tvos    ( 1764): [37m[INFO] Change to Voltage: 1030 mV (0x28)[m
08-16 14:47:02.395 I/tvos    ( 1764): [37m[INFO] Change to Voltage: 1030 mV (0x25)[m
08-16 14:47:02.396 I/tvos    ( 1764): [37m[INFO] Change to Voltage: 1030 mV (0x22)[m
08-16 14:47:02.397 I/tvos    ( 1764): [37m[INFO] Change to Voltage: 1030 mV (0x22)[m
08-16 14:47:02.496 I/tvos    ( 1764): GetAudioOutputDevice, retval : 0
08-16 14:47:02.576 I/LetvManager-LogReport( 1780): [send_msg] line: 490 report url = http://log.hdtv.cp21.ott.cibntv.net:80/api/log/tvAction
08-16 14:47:02.747 I/tvos    ( 1764): GetAudioOutputDevice, retval : 0
08-16 14:47:02.997 I/tvos    ( 1764): GetAudioOutputDevice, retval : 0
08-16 14:47:03.221 W/InputDispatcher( 2207): findFocusedWindow finished: injectionResult=0, timeSpentWaitingForApplication=0.0ms
08-16 14:47:03.227 W/InputDispatcher( 2207): findFocusedWindow finished: injectionResult=0, timeSpentWaitingForApplication=0.0ms
08-16 14:47:03.248 I/tvos    ( 1764): GetAudioOutputDevice, retval : 0
08-16 14:47:03.498 I/tvos    ( 1764): GetAudioOutputDevice, retval : 0
08-16 14:47:03.748 I/tvos    ( 1764): GetAudioOutputDevice, retval : 0
08-16 14:47:03.999 I/tvos    ( 1764): GetAudioOutputDevice, retval : 0
08-16 14:47:04.249 I/tvos    ( 1764): GetAudioOutputDevice, retval : 0
08-16 14:47:04.500 I/tvos    ( 1764): GetAudioOutputDevice, retval : 0
08-16 14:47:04.697 I/reService( 2207): onReportKeyEvent  type=type0 keycode=22*23*4*4*4*4*4*4*4*4*4 
08-16 14:47:04.699 E/LETV_DEVICE( 1780): no name sn for Mstar
08-16 14:47:04.702 E/ActivityThread( 2837): Failed to find provider info for com.letv.agnes.InfoProvider
08-16 14:47:04.703 E/ActivityThread( 2837): Failed to find provider info for com.letv.agnes.InfoProvider
08-16 14:47:04.704 W/System.err( 2837): java.lang.IllegalArgumentException: Unknown URL content://com.letv.agnes.InfoProvider
08-16 14:47:04.704 W/System.err( 2837): 	at android.content.ContentResolver.insert(ContentResolver.java:1227)
08-16 14:47:04.704 W/System.err( 2837): 	at com.letv.tracker2.agnes.Configuration.addDebugInfo(Configuration.java:289)
08-16 14:47:04.704 W/System.err( 2837): 	at com.letv.tracker2.agnes.MessageProcessor$SendEnvMsgTr$1.handleMessage(MessageProcessor.java:661)
08-16 14:47:04.704 W/System.err( 2837): 	at android.os.Handler.dispatchMessage(Handler.java:102)
08-16 14:47:04.704 W/System.err( 2837): 	at android.os.Looper.loop(Looper.java:148)
08-16 14:47:04.704 W/System.err( 2837): 	at com.letv.tracker2.agnes.MessageProcessor$SendEnvMsgTr.run(MessageProcessor.java:665)
08-16 14:47:04.713 I/[T1.0.6.3]EuiAgnes_Server( 2837): resCode:1
08-16 14:47:04.713 I/[T1.0.6.3]EuiAgnes_Server( 2837): b[0]:0
08-16 14:47:04.750 I/tvos    ( 1764): GetAudioOutputDevice, retval : 0
08-16 14:47:04.754 E/LetvRemoteupgradeManager-JNI( 2613): can't get LetvManager service!
08-16 14:47:04.786 I/tvos    ( 1764): [37m[INFO] Change to Voltage: 1130 mV (0x1F)[m
08-16 14:47:04.786 I/tvos    ( 1764): [37m[INFO] Change to Voltage: 1130 mV (0x22)[m
08-16 14:47:04.787 I/tvos    ( 1764): [37m[INFO] Change to Voltage: 1130 mV (0x25)[m
08-16 14:47:04.788 I/tvos    ( 1764): [37m[INFO] Change to Voltage: 1130 mV (0x28)[m
08-16 14:47:04.789 I/tvos    ( 1764): [37m[INFO] Change to Voltage: 1130 mV (0x2B)[m
08-16 14:47:04.791 I/tvos    ( 1764): [37m[INFO] Change to Voltage: 1130 mV (0x2C)[m
08-16 14:47:04.887 I/tvos    ( 1764): [37m[INFO] Change to Voltage: 1000 mV (0x2C)[m
08-16 14:47:04.887 I/tvos    ( 1764): [37m[INFO] Change to Voltage: 1000 mV (0x29)[m
08-16 14:47:04.887 I/tvos    ( 1764): [37m[INFO] Change to Voltage: 1000 mV (0x26)[m
08-16 14:47:04.887 I/tvos    ( 1764): [37m[INFO] Change to Voltage: 1000 mV (0x23)[m
08-16 14:47:04.887 I/tvos    ( 1764): [37m[INFO] Change to Voltage: 1000 mV (0x20)[m
08-16 14:47:04.887 I/tvos    ( 1764): [37m[INFO] Change to Voltage: 1000 mV (0x1F)[m
08-16 14:47:04.908 I/System.out(23694): The phone type is: X4-40M
08-16 14:47:04.908 I/LetvTestCase(23694): ==========================case end time is :2018-8-16-2-47-4
08-16 14:47:04.909 I/TestRunner(23694): finished: testScreenInteraction(com.letv.cases.leui.SmokeSetting)
08-16 14:47:04.914 I/MonitoringInstrumentation(23694): Activities that are still in CREATED to STOPPED: 0
08-16 14:47:04.915 I/TestRunner(23694): run finished: 1 tests, 0 failed, 0 ignored
08-16 14:47:04.917 I/MonitoringInstrumentation(23694): waitForActivitiesToComplete() took: 0ms
08-16 14:47:04.918 I/MonitoringInstrumentation(23694): Activities that are still in CREATED to STOPPED: 0
08-16 14:47:04.919 W/WindowManager( 2207): Attempted to remove non-existing token: android.os.Binder@8abce9d
08-16 14:47:04.933 I/ActivityManager( 2207): Force stopping com.le.tcauto.uitest appid=10097 user=0: finished inst
08-16 14:47:04.933 I/ActivityManager( 2207): Killing 23694:com.le.tcauto.uitest/u0a97 (adj 0): stop com.le.tcauto.uitest
08-16 14:47:04.984 W/ActivityManager( 2207): Spurious death for ProcessRecord{fe06e58 0:com.le.tcauto.uitest/u0a97}, curProc for 23694: null
08-16 14:47:05.001 I/tvos    ( 1764): GetAudioOutputDevice, retval : 0
08-16 14:47:05.251 I/tvos    ( 1764): GetAudioOutputDevice, retval : 0
08-16 14:47:05.502 I/tvos    ( 1764): GetAudioOutputDevice, retval : 0
08-16 14:47:05.752 I/tvos    ( 1764): GetAudioOutputDevice, retval : 0
08-16 14:47:06.003 I/tvos    ( 1764): GetAudioOutputDevice, retval : 0
08-16 14:47:06.253 I/tvos    ( 1764): GetAudioOutputDevice, retval : 0
08-16 14:47:06.504 I/tvos    ( 1764): GetAudioOutputDevice, retval : 0
08-16 14:47:06.754 I/tvos    ( 1764): GetAudioOutputDevice, retval : 0
08-16 14:47:07.004 I/tvos    ( 1764): GetAudioOutputDevice, retval : 0
08-16 14:47:07.255 I/tvos    ( 1764): GetAudioOutputDevice, retval : 0
08-16 14:47:07.505 I/tvos    ( 1764): GetAudioOutputDevice, retval : 0
08-16 14:47:07.755 E/LetvRemoteupgradeManager-JNI( 2613): can't get LetvManager service!
08-16 14:47:07.756 I/tvos    ( 1764): GetAudioOutputDevice, retval : 0
08-16 14:47:08.006 I/tvos    ( 1764): GetAudioOutputDevice, retval : 0
08-16 14:47:08.187 I/tvos    ( 1764): [37m[INFO] Change to Voltage: 1130 mV (0x1F)[m
08-16 14:47:08.187 I/tvos    ( 1764): [37m[INFO] Change to Voltage: 1130 mV (0x22)[m
08-16 14:47:08.187 I/tvos    ( 1764): [37m[INFO] Change to Voltage: 1130 mV (0x25)[m
08-16 14:47:08.187 I/tvos    ( 1764): [37m[INFO] Change to Voltage: 1130 mV (0x28)[m
08-16 14:47:08.187 I/tvos    ( 1764): [37m[INFO] Change to Voltage: 1130 mV (0x2B)[m
08-16 14:47:08.187 I/tvos    ( 1764): [37m[INFO] Change to Voltage: 1130 mV (0x2C)[m
08-16 14:47:08.256 I/tvos    ( 1764): GetAudioOutputDevice, retval : 0
08-16 14:47:08.286 I/tvos    ( 1764): [37m[INFO] Change to Voltage: 1000 mV (0x2C)[m
08-16 14:47:08.286 I/tvos    ( 1764): [37m[INFO] Change to Voltage: 1000 mV (0x29)[m
08-16 14:47:08.286 I/tvos    ( 1764): [37m[INFO] Change to Voltage: 1000 mV (0x26)[m
08-16 14:47:08.286 I/tvos    ( 1764): [37m[INFO] Change to Voltage: 1000 mV (0x23)[m
08-16 14:47:08.287 I/tvos    ( 1764): [37m[INFO] Change to Voltage: 1000 mV (0x20)[m
08-16 14:47:08.288 I/tvos    ( 1764): [37m[INFO] Change to Voltage: 1000 mV (0x1F)[m
08-16 14:47:08.507 I/tvos    ( 1764): GetAudioOutputDevice, retval : 0
08-16 14:47:08.757 I/tvos    ( 1764): GetAudioOutputDevice, retval : 0
08-16 14:47:09.008 I/tvos    ( 1764): GetAudioOutputDevice, retval : 0
08-16 14:47:09.258 I/tvos    ( 1764): GetAudioOutputDevice, retval : 0
08-16 14:47:09.509 I/tvos    ( 1764): GetAudioOutputDevice, retval : 0
08-16 14:47:09.759 I/tvos    ( 1764): GetAudioOutputDevice, retval : 0
08-16 14:47:10.009 I/tvos    ( 1764): GetAudioOutputDevice, retval : 0
08-16 14:47:10.260 I/tvos    ( 1764): GetAudioOutputDevice, retval : 0
08-16 14:47:10.511 I/tvos    ( 1764): GetAudioOutputDevice, retval : 0
08-16 14:47:10.755 E/LetvRemoteupgradeManager-JNI( 2613): can't get LetvManager service!
08-16 14:47:10.761 I/tvos    ( 1764): GetAudioOutputDevice, retval : 0
08-16 14:47:11.012 I/tvos    ( 1764): GetAudioOutputDevice, retval : 0
08-16 14:47:11.262 I/tvos    ( 1764): GetAudioOutputDevice, retval : 0
08-16 14:47:11.513 I/tvos    ( 1764): GetAudioOutputDevice, retval : 0
08-16 14:47:11.763 I/tvos    ( 1764): GetAudioOutputDevice, retval : 0
08-16 14:47:11.927 E/InternetUtils( 4594): java.net.SocketTimeoutException: failed to connect to www.cibn.com/61.133.127.115 (port 80) after 3000ms
08-16 14:47:12.014 I/tvos    ( 1764): GetAudioOutputDevice, retval : 0
08-16 14:47:12.264 I/tvos    ( 1764): GetAudioOutputDevice, retval : 0
08-16 14:47:12.514 I/tvos    ( 1764): GetAudioOutputDevice, retval : 0
08-16 14:47:12.687 I/tvos    ( 1764): [37m[INFO] Change to Voltage: 1130 mV (0x1F)[m
08-16 14:47:12.687 I/tvos    ( 1764): [37m[INFO] Change to Voltage: 1130 mV (0x22)[m
08-16 14:47:12.687 I/tvos    ( 1764): [37m[INFO] Change to Voltage: 1130 mV (0x25)[m
08-16 14:47:12.687 I/tvos    ( 1764): [37m[INFO] Change to Voltage: 1130 mV (0x28)[m
08-16 14:47:12.687 I/tvos    ( 1764): [37m[INFO] Change to Voltage: 1130 mV (0x2B)[m
08-16 14:47:12.688 I/tvos    ( 1764): [37m[INFO] Change to Voltage: 1130 mV (0x2C)[m
08-16 14:47:12.765 I/tvos    ( 1764): GetAudioOutputDevice, retval : 0
08-16 14:47:12.786 I/tvos    ( 1764): [37m[INFO] Change to Voltage: 1000 mV (0x2C)[m
08-16 14:47:12.786 I/tvos    ( 1764): [37m[INFO] Change to Voltage: 1000 mV (0x29)[m
08-16 14:47:12.786 I/tvos    ( 1764): [37m[INFO] Change to Voltage: 1000 mV (0x26)[m
08-16 14:47:12.787 I/tvos    ( 1764): [37m[INFO] Change to Voltage: 1000 mV (0x23)[m
08-16 14:47:12.788 I/tvos    ( 1764): [37m[INFO] Change to Voltage: 1000 mV (0x20)[m
08-16 14:47:12.789 I/tvos    ( 1764): [37m[INFO] Change to Voltage: 1000 mV (0x1F)[m
08-16 14:47:13.015 I/tvos    ( 1764): GetAudioOutputDevice, retval : 0
08-16 14:47:13.266 I/tvos    ( 1764): GetAudioOutputDevice, retval : 0
08-16 14:47:13.516 I/tvos    ( 1764): GetAudioOutputDevice, retval : 0
08-16 14:47:13.756 E/LetvRemoteupgradeManager-JNI( 2613): can't get LetvManager service!
08-16 14:47:13.766 I/tvos    ( 1764): GetAudioOutputDevice, retval : 0
08-16 14:47:13.804 W/ContextImpl( 4071): Calling a method in the system process without a qualified user: android.app.ContextImpl.stopService:1230 android.content.ContextWrapper.stopService:586 android.content.ContextWrapper.stopService:586 com.stv.application.b.b:143 com.stv.application.b.b:21 
08-16 14:47:13.808 I/lbplayer( 4071): [main]:AllCast:com.hpplaysdk.happyplay.daemon_stop
08-16 14:47:13.808 W/ContextImpl( 4071): Calling a method in the system process without a qualified user: android.app.ContextImpl.stopService:1230 android.content.ContextWrapper.stopService:586 android.content.ContextWrapper.stopService:586 com.stv.application.c.handleMessage:105 android.os.Handler.dispatchMessage:102 
08-16 14:47:13.811 W/ContextImpl( 4071): Calling a method in the system process without a qualified user: android.app.ContextImpl.stopService:1230 android.content.ContextWrapper.stopService:586 android.content.ContextWrapper.stopService:586 com.stv.application.c.handleMessage:109 android.os.Handler.dispatchMessage:102 
08-16 14:47:13.813 W/ContextImpl( 4071): Calling a method in the system process without a qualified user: android.app.ContextImpl.stopService:1230 android.content.ContextWrapper.stopService:586 android.content.ContextWrapper.stopService:586 com.stv.application.c.handleMessage:111 android.os.Handler.dispatchMessage:102 
08-16 14:47:13.816 W/ContextImpl( 4071): Calling a method in the system process without a qualified user: android.app.ContextImpl.sendBroadcast:766 android.content.ContextWrapper.sendBroadcast:396 com.hpplay.happyplay.AllCast.stopDaemonService:-1 com.stv.hpplay.LeboService.onDestroy:181 android.app.ActivityThread.handleStopService:3045 
08-16 14:47:13.822 W/ContextImpl( 4071): Calling a method in the system process without a qualified user: android.app.ContextImpl.stopService:1230 android.content.ContextWrapper.stopService:586 android.content.ContextWrapper.stopService:586 com.stv.application.c.handleMessage:112 android.os.Handler.dispatchMessage:102 
08-16 14:47:13.835 I/WifiStateMachine( 2207):  InitialState !CMD_START_PACKET_FILTERING  rt=512900268/512900268 0 0
08-16 14:47:13.836 I/WifiStateMachine( 2207):  DefaultState !CMD_START_PACKET_FILTERING  rt=512900269/512900269 0 0
08-16 14:47:13.836 E/WifiStateMachine( 2207): Error! unhandled message{ when=-2ms what=131156 target=com.android.internal.util.StateMachine$SmHandler }
08-16 14:47:13.890 I/tvos    ( 1764): [37m[INFO] Change to Voltage: 1130 mV (0x1F)[m
08-16 14:47:13.891 I/tvos    ( 1764): [37m[INFO] Change to Voltage: 1130 mV (0x22)[m
08-16 14:47:13.892 I/tvos    ( 1764): [37m[INFO] Change to Voltage: 1130 mV (0x25)[m
08-16 14:47:13.893 I/tvos    ( 1764): [37m[INFO] Change to Voltage: 1130 mV (0x28)[m
08-16 14:47:13.894 I/tvos    ( 1764): [37m[INFO] Change to Voltage: 1130 mV (0x2B)[m
08-16 14:47:13.895 I/tvos    ( 1764): [37m[INFO] Change to Voltage: 1130 mV (0x2C)[m
08-16 14:47:13.987 I/tvos    ( 1764): [37m[INFO] Change to Voltage: 1000 mV (0x2C)[m
08-16 14:47:13.987 I/tvos    ( 1764): [37m[INFO] Change to Voltage: 1000 mV (0x29)[m
08-16 14:47:13.987 I/tvos    ( 1764): [37m[INFO] Change to Voltage: 1000 mV (0x26)[m
08-16 14:47:13.987 I/tvos    ( 1764): [37m[INFO] Change to Voltage: 1000 mV (0x23)[m
08-16 14:47:13.987 I/tvos    ( 1764): [37m[INFO] Change to Voltage: 1000 mV (0x20)[m
08-16 14:47:13.987 I/tvos    ( 1764): [37m[INFO] Change to Voltage: 1000 mV (0x1F)[m
08-16 14:47:14.017 I/tvos    ( 1764): GetAudioOutputDevice, retval : 0
08-16 14:47:14.267 I/tvos    ( 1764): GetAudioOutputDevice, retval : 0
08-16 14:47:14.456 I/LePlaySdk( 4071): LanBroadCast:wq->[LanBroadCast] Thread Exit!
08-16 14:47:14.478 W/ContextImpl( 4071): Calling a method in the system process without a qualified user: android.app.ContextImpl.stopService:1230 android.content.ContextWrapper.stopService:586 com.stv.control.ControlService.onDestroy:113 android.app.ActivityThread.handleStopService:3045 android.app.ActivityThread.-wrap21:-1 
08-16 14:47:14.481 I/lbplayer( 4071): [main]:SdkServiceForRestart:action=com.stv.smartControlcom.hpplaysdk.happyplay.daemon_stop
08-16 14:47:14.481 I/lbplayer( 4071): [main]:SdkServiceForRestart:mDaemonRuning=true,1534402034481,0,false
08-16 14:47:14.485 W/ContextImpl( 4071): Calling a method in the system process without a qualified user: android.app.ContextImpl.stopService:1230 android.content.ContextWrapper.stopService:586 com.eui.sink.smartlink.service.LePlayService$1.handleMessage:85 android.os.Handler.dispatchMessage:102 android.os.Looper.loop:148 
08-16 14:47:14.518 I/tvos    ( 1764): GetAudioOutputDevice, retval : 0
08-16 14:47:14.769 I/tvos    ( 1764): GetAudioOutputDevice, retval : 0
08-16 14:47:15.019 I/tvos    ( 1764): GetAudioOutputDevice, retval : 0
08-16 14:47:15.270 I/tvos    ( 1764): GetAudioOutputDevice, retval : 0
08-16 14:47:15.520 I/tvos    ( 1764): GetAudioOutputDevice, retval : 0
08-16 14:47:15.532 W/ContextImpl( 4071): Calling a method in the system process without a qualified user: android.app.ContextImpl.stopService:1230 android.content.ContextWrapper.stopService:586 com.hpplay.happyplay.ag.handleMessage:-1 android.os.Handler.dispatchMessage:102 android.os.Looper.loop:148 
08-16 14:47:15.540 W/lbplayer( 4071): [AllCast Main Listener]:Response:
08-16 14:47:15.542 I/lbplayer( 4071): [main]:Daemon:Stopping server
08-16 14:47:15.542 W/ContextImpl( 4071): Calling a method in the system process without a qualified user: android.app.ContextImpl.stopService:1230 android.content.ContextWrapper.stopService:586 com.hpplay.happyplay.daemonService.onDestroy:-1 android.app.ActivityThread.handleStopService:3045 android.app.ActivityThread.-wrap21:-1 
08-16 14:47:15.544 W/ContextImpl( 4071): Calling a method in the system process without a qualified user: android.app.ContextImpl.stopService:1230 android.content.ContextWrapper.stopService:586 com.hpplay.happyplay.daemonService.onDestroy:-1 android.app.ActivityThread.handleStopService:3045 android.app.ActivityThread.-wrap21:-1 
08-16 14:47:15.546 W/ContextImpl( 4071): Calling a method in the system process without a qualified user: android.app.ContextImpl.stopService:1230 android.content.ContextWrapper.stopService:586 com.hpplay.happyplay.daemonService.onDestroy:-1 android.app.ActivityThread.handleStopService:3045 android.app.ActivityThread.-wrap21:-1 
08-16 14:47:15.548 I/lbplayer( 4071): [main]:Daemon:Stopped server
08-16 14:47:15.548 I/lbplayer( 4071): [main]:Daemon:Stopped server sleep max 1s 
08-16 14:47:15.548 I/Daemon  ( 4071): stopMdns  mDnsState=PublishEnd mPublishCount=0 mIsAirplayRuning=false
08-16 14:47:15.557 I/Daemon  ( 4071): MDNS onEnd should_stop_mdns= true mDnsState=PublishEnd m_ServiceIsPublished=false
08-16 14:47:15.771 I/tvos    ( 1764): GetAudioOutputDevice, retval : 0
08-16 14:47:15.787 I/Daemon  ( 4071): onDestroy  mDnsState=Idle mPublishCount=0 mIsAirplayRuning=false
08-16 14:47:15.787 W/ContextImpl( 4071): Calling a method in the system process without a qualified user: android.app.ContextImpl.sendBroadcast:766 android.content.ContextWrapper.sendBroadcast:396 com.hpplay.happyplay.daemonService.x:-1 com.hpplay.happyplay.daemonService.P:-1 com.hpplay.happyplay.bb.onEnd:-1 
08-16 14:47:15.791 W/lbplayer( 4071): [Thread-73]:UDPRemoteLinstener:
08-16 14:47:16.021 I/tvos    ( 1764): GetAudioOutputDevice, retval : 0
08-16 14:47:16.271 I/tvos    ( 1764): GetAudioOutputDevice, retval : 0
08-16 14:47:16.522 I/tvos    ( 1764): GetAudioOutputDevice, retval : 0
08-16 14:47:16.671 I/lbplayer( 4071): [main]:Daemon:report exiting...
08-16 14:47:16.691 I/lbplayer( 4071): [main]:Daemon:report exited
08-16 14:47:16.691 I/lbplayer( 4071): [main]:Daemon:AllCast Daemon Destroyed
08-16 14:47:16.705 I/lbplayer( 4071): [main]:DMR:DMR onDestroy
08-16 14:47:16.756 E/LetvRemoteupgradeManager-JNI( 2613): can't get LetvManager service!
08-16 14:47:16.772 I/tvos    ( 1764): GetAudioOutputDevice, retval : 0
08-16 14:47:17.023 I/tvos    ( 1764): GetAudioOutputDevice, retval : 0
08-16 14:47:17.077 I/lbplayer( 4071): [main]:DMR:onDestroyed
08-16 14:47:17.085 I/lbplayer( 4071): [main]:LeLinkService:onDestroy
08-16 14:47:17.086 W/lbplayer( 4071): [Thread-114]:TCPRemoteLinstener:
08-16 14:47:17.088 I/lbplayer( 4071): [main]:Server:AllCast Stopped!
08-16 14:47:17.089 W/lbplayer( 4071): [Thread-117]:Server:
08-16 14:47:17.092 W/lbplayer( 4071): [Thread-119]:LaunchThread:
08-16 14:47:17.092 I/lbplayer( 4071): [Thread-119]:LaunchThread:Music Thread Stopped
08-16 14:47:17.093 W/lbplayer( 4071): [Thread-118]:Server:
08-16 14:47:17.273 I/tvos    ( 1764): GetAudioOutputDevice, retval : 0
08-16 14:47:17.524 I/tvos    ( 1764): GetAudioOutputDevice, retval : 0
08-16 14:47:17.774 I/tvos    ( 1764): GetAudioOutputDevice, retval : 0
08-16 14:47:18.024 I/tvos    ( 1764): GetAudioOutputDevice, retval : 0
08-16 14:47:18.275 I/tvos    ( 1764): GetAudioOutputDevice, retval : 0
08-16 14:47:18.525 I/tvos    ( 1764): GetAudioOutputDevice, retval : 0
08-16 14:47:18.776 I/tvos    ( 1764): GetAudioOutputDevice, retval : 0
08-16 14:47:19.026 I/tvos    ( 1764): GetAudioOutputDevice, retval : 0
08-16 14:47:19.277 I/tvos    ( 1764): GetAudioOutputDevice, retval : 0
08-16 14:47:19.527 I/tvos    ( 1764): GetAudioOutputDevice, retval : 0
08-16 14:47:19.757 E/LetvRemoteupgradeManager-JNI( 2613): can't get LetvManager service!
08-16 14:47:19.778 I/tvos    ( 1764): GetAudioOutputDevice, retval : 0
08-16 14:47:20.028 I/tvos    ( 1764): GetAudioOutputDevice, retval : 0
08-16 14:47:20.279 I/tvos    ( 1764): GetAudioOutputDevice, retval : 0
08-16 14:47:20.529 I/tvos    ( 1764): GetAudioOutputDevice, retval : 0
08-16 14:47:20.779 I/tvos    ( 1764): GetAudioOutputDevice, retval : 0
08-16 14:47:20.786 I/tvos    ( 1764): [37m[INFO] Change to Voltage: 1130 mV (0x1F)[m
08-16 14:47:20.786 I/tvos    ( 1764): [37m[INFO] Change to Voltage: 1130 mV (0x22)[m
08-16 14:47:20.786 I/tvos    ( 1764): [37m[INFO] Change to Voltage: 1130 mV (0x25)[m
08-16 14:47:20.786 I/tvos    ( 1764): [37m[INFO] Change to Voltage: 1130 mV (0x28)[m
08-16 14:47:20.786 I/tvos    ( 1764): [37m[INFO] Change to Voltage: 1130 mV (0x2B)[m
08-16 14:47:20.788 I/tvos    ( 1764): [37m[INFO] Change to Voltage: 1130 mV (0x2C)[m
08-16 14:47:20.886 I/tvos    ( 1764): [37m[INFO] Change to Voltage: 1000 mV (0x2C)[m
08-16 14:47:20.887 I/tvos    ( 1764): [37m[INFO] Change to Voltage: 1000 mV (0x29)[m
08-16 14:47:20.887 I/tvos    ( 1764): [37m[INFO] Change to Voltage: 1000 mV (0x26)[m
08-16 14:47:20.887 I/tvos    ( 1764): [37m[INFO] Change to Voltage: 1000 mV (0x23)[m
08-16 14:47:20.887 I/tvos    ( 1764): [37m[INFO] Change to Voltage: 1000 mV (0x20)[m
08-16 14:47:20.887 I/tvos    ( 1764): [37m[INFO] Change to Voltage: 1000 mV (0x1F)[m
08-16 14:47:21.031 I/tvos    ( 1764): GetAudioOutputDevice, retval : 0
08-16 14:47:21.280 I/tvos    ( 1764): GetAudioOutputDevice, retval : 0
08-16 14:47:21.531 I/tvos    ( 1764): GetAudioOutputDevice, retval : 0
08-16 14:47:21.781 I/tvos    ( 1764): GetAudioOutputDevice, retval : 0
08-16 14:47:22.032 I/tvos    ( 1764): GetAudioOutputDevice, retval : 0
08-16 14:47:22.282 I/tvos    ( 1764): GetAudioOutputDevice, retval : 0
08-16 14:47:22.532 I/tvos    ( 1764): GetAudioOutputDevice, retval : 0
08-16 14:47:22.758 E/LetvRemoteupgradeManager-JNI( 2613): can't get LetvManager service!
08-16 14:47:22.783 I/tvos    ( 1764): GetAudioOutputDevice, retval : 0
08-16 14:47:23.034 I/tvos    ( 1764): GetAudioOutputDevice, retval : 0
08-16 14:47:23.284 I/tvos    ( 1764): GetAudioOutputDevice, retval : 0
08-16 14:47:23.534 I/tvos    ( 1764): GetAudioOutputDevice, retval : 0
08-16 14:47:23.784 I/tvos    ( 1764): GetAudioOutputDevice, retval : 0
08-16 14:47:24.035 I/tvos    ( 1764): GetAudioOutputDevice, retval : 0
08-16 14:47:24.285 I/tvos    ( 1764): GetAudioOutputDevice, retval : 0
08-16 14:47:24.536 I/tvos    ( 1764): GetAudioOutputDevice, retval : 0
08-16 14:47:24.786 I/tvos    ( 1764): GetAudioOutputDevice, retval : 0
08-16 14:47:25.036 I/tvos    ( 1764): GetAudioOutputDevice, retval : 0
08-16 14:47:25.287 I/tvos    ( 1764): GetAudioOutputDevice, retval : 0
08-16 14:47:25.537 I/tvos    ( 1764): GetAudioOutputDevice, retval : 0
08-16 14:47:25.758 E/LetvRemoteupgradeManager-JNI( 2613): can't get LetvManager service!
08-16 14:47:25.788 I/tvos    ( 1764): GetAudioOutputDevice, retval : 0
08-16 14:47:26.038 I/tvos    ( 1764): GetAudioOutputDevice, retval : 0
08-16 14:47:26.288 I/tvos    ( 1764): GetAudioOutputDevice, retval : 0
08-16 14:47:26.539 I/tvos    ( 1764): GetAudioOutputDevice, retval : 0
08-16 14:47:26.789 I/tvos    ( 1764): GetAudioOutputDevice, retval : 0
08-16 14:47:27.040 I/tvos    ( 1764): GetAudioOutputDevice, retval : 0
08-16 14:47:27.290 I/tvos    ( 1764): GetAudioOutputDevice, retval : 0
08-16 14:47:27.541 I/tvos    ( 1764): GetAudioOutputDevice, retval : 0
08-16 14:47:27.791 I/tvos    ( 1764): GetAudioOutputDevice, retval : 0
