08-16 14:33:32.786 W/System.err( 2837): java.lang.IllegalArgumentException: Unknown URL content://com.letv.agnes.InfoProvider
08-16 14:33:32.786 W/System.err( 2837): 	at android.content.ContentResolver.insert(ContentResolver.java:1227)
08-16 14:33:32.787 W/System.err( 2837): 	at com.letv.tracker2.agnes.Configuration.addDebugInfo(Configuration.java:289)
08-16 14:33:32.787 W/System.err( 2837): 	at com.letv.tracker2.agnes.MessageProcessor$SendEnvMsgTr$1.handleMessage(MessageProcessor.java:661)
08-16 14:33:32.787 W/System.err( 2837): 	at android.os.Handler.dispatchMessage(Handler.java:102)
08-16 14:33:32.787 W/System.err( 2837): 	at android.os.Looper.loop(Looper.java:148)
08-16 14:33:32.787 W/System.err( 2837): 	at com.letv.tracker2.agnes.MessageProcessor$SendEnvMsgTr.run(MessageProcessor.java:665)
08-16 14:33:32.795 I/[T1.0.6.3]EuiAgnes_Server( 2837): resCode:1
08-16 14:33:32.796 I/[T1.0.6.3]EuiAgnes_Server( 2837): b[0]:0
08-16 14:33:32.887 I/TVFeedback(20195): PermissionUtil -- no permission :[]
08-16 14:33:32.887 I/TVFeedback(20195): FeedbackActivity -- dataFromDesktop:null
08-16 14:33:32.887 I/TVFeedback(20195): FeedbackActivity -- onResume
08-16 14:33:32.888 I/TVFeedback(20195): FeedbackActivity -- dataFromDesktop:null
08-16 14:33:32.897 I/CommonService( 2808): [GetDomain][DomainUtil]:internet label : xfeedback domain : xfeedback-scloud.cp21.ott.cibntv.net
08-16 14:33:32.907 I/CommonService( 2808): [Common][SystemCommonServcice]:label : xfeedback  domain: xfeedback-scloud.cp21.ott.cibntv.net
08-16 14:33:32.913 I/StvManager(20195): getDomain label : xfeedback domain : xfeedback-scloud.cp21.ott.cibntv.net
08-16 14:33:32.918 I/LetvAccount(14745): UserInfoProvider -- appName: com.stv.feedback, permission: system(true) app(true), match=1
08-16 14:33:32.919 I/AccountManagerService( 2207): getTypesVisibleToCaller: isPermitted? true
08-16 14:33:32.922 I/TVFeedback(20195): MyApplication -- registerId = 4815ec4a634422bc9e6df7c66ad50ade8511383b
08-16 14:33:32.930 I/TVFeedback(20195): FeedBackUtils -- getSystemUserId - ssoToken = 103XXXWLm5iFfp7oHVCl5Nm5QniTYMwRr1riQV7kzFHb0cKblm5JnT7VZ62yLz6NiwchqILK4Vglv7ZN0oREFxfOiiJUsxPtqnon9LQtCfSYWPGD5q0Qm4
08-16 14:33:32.937 E/WVMExtractor(20195): Failed to open libwvm.so: dlopen failed: library "libwvm.so" not found
08-16 14:33:32.942 I/TVFeedback(20195): UrlUtils -- getCrashUploadParams - params = platform=PLATFORM_6A938&model=X440M&sys_version=V2409RCN02C065307D08011D
08-16 14:33:32.948 I/TVFeedback(20195): UrlUtils -- getNoticeUrl - URL = http://xfeedback-scloud.cp21.ott.cibntv.net/api/v3/Tvnotice?platform=PLATFORM_6A938&model=X440M&sys_version=V2409RCN02C065307D08011D&sso_tk=103XXXWLm5iFfp7oHVCl5Nm5QniTYMwRr1riQV7kzFHb0cKblm5JnT7VZ62yLz6NiwchqILK4Vglv7ZN0oREFxfOiiJUsxPtqnon9LQtCfSYWPGD5q0Qm4&&_ak=akfileup_YHoqMHgt&_time=1534401212942&_sign=41e2d049af30f6e64761b047da2a722e
08-16 14:33:32.957 I/OMXClient(20195): Using client-side OMX mux.
08-16 14:33:32.975 W/InputDispatcher( 2207): Focus entered window: Window{308ca70 u0 com.stv.feedback/com.stv.feedback.FeedbackActivity}
08-16 14:33:32.987 I/tvos    ( 1764): [37m[INFO] Change to Voltage: 1130 mV (0x1F)[m
08-16 14:33:32.987 I/tvos    ( 1764): [37m[INFO] Change to Voltage: 1130 mV (0x22)[m
08-16 14:33:32.987 I/tvos    ( 1764): [37m[INFO] Change to Voltage: 1130 mV (0x25)[m
08-16 14:33:32.987 I/tvos    ( 1764): [37m[INFO] Change to Voltage: 1130 mV (0x28)[m
08-16 14:33:32.989 I/tvos    ( 1764): [37m[INFO] Change to Voltage: 1130 mV (0x2B)[m
08-16 14:33:32.990 I/tvos    ( 1764): [37m[INFO] Change to Voltage: 1130 mV (0x2C)[m
08-16 14:33:33.002 I/OpenGLRenderer(20195): Initialized EGL, version 1.4
08-16 14:33:33.008 I/tvos    ( 1764): GetAudioOutputDevice, retval : 0
08-16 14:33:33.022 E/BufferQueueProducer( 1749): [com.stv.feedback/com.stv.feedback.FeedbackActivity] connect(P): already connected (cur=1 req=1)
08-16 14:33:33.023 I/TVFeedback(20195): FeedbackActivity -- NoticeThread - response code = 200
08-16 14:33:33.025 I/TVFeedback(20195): FeedbackActivity -- notice list = null
08-16 14:33:33.113 E/LETV_DEVICE( 1780): no name sn for Mstar
08-16 14:33:33.123 E/ActivityThread( 2837): Failed to find provider info for com.letv.agnes.InfoProvider
08-16 14:33:33.125 E/ActivityThread( 2837): Failed to find provider info for com.letv.agnes.InfoProvider
08-16 14:33:33.126 W/System.err( 2837): java.lang.IllegalArgumentException: Unknown URL content://com.letv.agnes.InfoProvider
08-16 14:33:33.126 W/System.err( 2837): 	at android.content.ContentResolver.insert(ContentResolver.java:1227)
08-16 14:33:33.126 W/System.err( 2837): 	at com.letv.tracker2.agnes.Configuration.addDebugInfo(Configuration.java:289)
08-16 14:33:33.126 W/System.err( 2837): 	at com.letv.tracker2.agnes.MessageProcessor$SendEnvMsgTr$1.handleMessage(MessageProcessor.java:661)
08-16 14:33:33.126 W/System.err( 2837): 	at android.os.Handler.dispatchMessage(Handler.java:102)
08-16 14:33:33.126 W/System.err( 2837): 	at android.os.Looper.loop(Looper.java:148)
08-16 14:33:33.126 W/System.err( 2837): 	at com.letv.tracker2.agnes.MessageProcessor$SendEnvMsgTr.run(MessageProcessor.java:665)
08-16 14:33:33.130 I/TVFeedback(20195): LetvModelUtil -- getModel - X440M
08-16 14:33:33.133 I/TVFeedback(20195): AddReportFragment -- mUiType is: cibn
08-16 14:33:33.136 I/TVFeedback(20195): AddReportFragment -- ==========the log switch is: 0
08-16 14:33:33.137 I/[T1.0.6.3]EuiAgnes_Server( 2837): resCode:1
08-16 14:33:33.137 I/[T1.0.6.3]EuiAgnes_Server( 2837): b[0]:0
08-16 14:33:33.139 E/LETV_DEVICE( 1780): no name sn for Mstar
08-16 14:33:33.140 I/TVFeedback(20195): AddReportFragment -- onResume
08-16 14:33:33.149 I/LetvAccount(14745): UserInfoProvider -- appName: com.stv.feedback, permission: system(true) app(true), match=1
08-16 14:33:33.150 I/AccountManagerService( 2207): getTypesVisibleToCaller: isPermitted? true
08-16 14:33:33.168 I/art     (20264): Late-enabling -Xcheck:jni
08-16 14:33:33.168 I/ActivityManager( 2207): Start proc 20264:com.android.testing.dummyime/u0a93 for service com.android.testing.dummyime/.DummyIme
08-16 14:33:33.172 I/BrowseView(20195): --onItemSelected i : 0
08-16 14:33:33.183 I/TVFeedback(20195): FeedBackUtils -- getSystemUserId - ssoToken = 103XXXWLm5iFfp7oHVCl5Nm5QniTYMwRr1riQV7kzFHb0cKblm5JnT7VZ62yLz6NiwchqILK4Vglv7ZN0oREFxfOiiJUsxPtqnon9LQtCfSYWPGD5q0Qm4
08-16 14:33:33.187 I/tvos    ( 1764): [37m[INFO] Change to Voltage: 1000 mV (0x2C)[m
08-16 14:33:33.187 I/tvos    ( 1764): [37m[INFO] Change to Voltage: 1000 mV (0x29)[m
08-16 14:33:33.187 I/tvos    ( 1764): [37m[INFO] Change to Voltage: 1000 mV (0x26)[m
08-16 14:33:33.187 I/tvos    ( 1764): [37m[INFO] Change to Voltage: 1000 mV (0x23)[m
08-16 14:33:33.187 I/tvos    ( 1764): [37m[INFO] Change to Voltage: 1000 mV (0x20)[m
08-16 14:33:33.187 I/tvos    ( 1764): [37m[INFO] Change to Voltage: 1000 mV (0x1F)[m
08-16 14:33:33.207 I/TVFeedback(20195): UrlUtils -- getUniqueIDUrl - URL= http://xfeedback-scloud.cp21.ott.cibntv.net/api/v3/Tvfeedback?version=V2409RCN02C065307D08011D&versionName=6.5.307D_0801&model=X440M&ui=6.5&hwVersion=H5000&mac=b01bd2542d51&region=CN&user-prefer-language=zh-cn&sso_tk=103XXXWLm5iFfp7oHVCl5Nm5QniTYMwRr1riQV7kzFHb0cKblm5JnT7VZ62yLz6NiwchqILK4Vglv7ZN0oREFxfOiiJUsxPtqnon9LQtCfSYWPGD5q0Qm4&&_ak=akfileup_YHoqMHgt&_time=1534401213206&_sign=d97a390938e6371a5edb7c84d3a00264
08-16 14:33:33.223 W/System  (20264): ClassLoader referenced unknown path: /data/app/com.android.testing.dummyime-2/lib/arm64
08-16 14:33:33.236 I/TVFeedback(20195): FeedBackUtils -- get Id suc: 5b751ad055f56
08-16 14:33:33.239 I/System.out(20264): From style:
08-16 14:33:33.240 I/System.out(20264): Attrs: 3010001=0.6 3010002=#0 3010003=null 3010004=true
08-16 14:33:33.258 I/tvos    ( 1764): GetAudioOutputDevice, retval : 0
08-16 14:33:33.356 I/ActivityManager( 2207): Displayed com.stv.feedback/.FeedbackActivity: +992ms
08-16 14:33:33.357 W/ContextImpl( 2207): Calling a method in the system process without a qualified user: android.app.ContextImpl.sendBroadcast:766 com.android.server.am.ActivityRecord.reportLaunchTimeLocked:1056 com.android.server.am.ActivityRecord.windowsDrawnLocked:1080 com.android.server.am.ActivityRecord$Token.windowsDrawn:345 com.android.server.wm.WindowManagerService$H.handleMessage:8042 
08-16 14:33:33.358 W/ContextImpl( 2613): Calling a method in the system process without a qualified user: android.app.ContextImpl.startService:1224 android.content.ContextWrapper.startService:581 com.stv.helper.service.TvMasterService.noteLaunchTime:169 letv.tvmaster.ITvMasterService$Stub.onTransact:136 android.os.Binder.execTransact:453 
08-16 14:33:33.364 W/InputDispatcher( 2207): Window went away: Window{a4cb4c3 u0 Starting com.stv.feedback}
08-16 14:33:33.375 I/TVFeedback(20195): GetQRCodeSyncTask -- uniqID is: 5b751ad055f56
08-16 14:33:33.382 I/TVFeedback(20195): UrlUtils -- getPhoneSubmitUrlParams - params = mac=b01bd2542d51&_id=5b751ad055f56&device=X440M
08-16 14:33:33.383 I/TVFeedback(20195): UrlUtils -- getSubmitQuestionQRCodeImgUrl - URL= http://xfeedback-scloud.cp21.ott.cibntv.net/tvfeedbackweb?mac=b01bd2542d51&_id=5b751ad055f56&device=X440M&_ak=akfileup_YHoqMHgt&_time=1534401213382&_sign=2c66dc3d8bc45730d8af423b2103343a
08-16 14:33:33.383 I/TVFeedback(20195): GetQRCodeSyncTask -- onPostExecute - QrCode URL = http://xfeedback-scloud.cp21.ott.cibntv.net/tvfeedbackweb?mac=b01bd2542d51&_id=5b751ad055f56&device=X440M&_ak=akfileup_YHoqMHgt&_time=1534401213382&_sign=2c66dc3d8bc45730d8af423b2103343a
08-16 14:33:33.441 I/AnalysisLog( 3007): Plugin:onFragmentShowChanged_hide:com.stv.plugin.app----start:time='512079874'
08-16 14:33:33.447 I/AppPlugin( 3007): AppFragment -- onFragmentShowChanged gainSelect true screen = com.stv.plugin.app packageName = com.stv.plugin.app
08-16 14:33:33.448 I/AnalysisLog( 3007): Plugin:onFragmentShowChanged_hide:com.stv.plugin.app----end:time='512079881'
08-16 14:33:33.448 I/TvLiveBaseFragment( 3007): onStop
08-16 14:33:33.485 I/tvos    ( 1764): [37m[INFO] Change to Voltage: 1130 mV (0x1F)[m
08-16 14:33:33.485 I/tvos    ( 1764): [37m[INFO] Change to Voltage: 1130 mV (0x22)[m
08-16 14:33:33.486 I/tvos    ( 1764): [37m[INFO] Change to Voltage: 1130 mV (0x25)[m
08-16 14:33:33.487 I/tvos    ( 1764): [37m[INFO] Change to Voltage: 1130 mV (0x28)[m
08-16 14:33:33.487 I/tvos    ( 1764): [37m[INFO] Change to Voltage: 1130 mV (0x2B)[m
08-16 14:33:33.488 I/tvos    ( 1764): [37m[INFO] Change to Voltage: 1130 mV (0x2C)[m
08-16 14:33:33.498 E/LETV_DEVICE( 1780): no name sn for Mstar
08-16 14:33:33.509 I/tvos    ( 1764): GetAudioOutputDevice, retval : 0
08-16 14:33:33.509 E/ActivityThread( 2837): Failed to find provider info for com.letv.agnes.InfoProvider
08-16 14:33:33.515 E/ActivityThread( 2837): Failed to find provider info for com.letv.agnes.InfoProvider
08-16 14:33:33.515 W/System.err( 2837): java.lang.IllegalArgumentException: Unknown URL content://com.letv.agnes.InfoProvider
08-16 14:33:33.515 W/System.err( 2837): 	at android.content.ContentResolver.insert(ContentResolver.java:1227)
08-16 14:33:33.515 W/System.err( 2837): 	at com.letv.tracker2.agnes.Configuration.addDebugInfo(Configuration.java:289)
08-16 14:33:33.515 W/System.err( 2837): 	at com.letv.tracker2.agnes.MessageProcessor$SendEnvMsgTr$1.handleMessage(MessageProcessor.java:661)
08-16 14:33:33.515 W/System.err( 2837): 	at android.os.Handler.dispatchMessage(Handler.java:102)
08-16 14:33:33.515 W/System.err( 2837): 	at android.os.Looper.loop(Looper.java:148)
08-16 14:33:33.515 W/System.err( 2837): 	at com.letv.tracker2.agnes.MessageProcessor$SendEnvMsgTr.run(MessageProcessor.java:665)
08-16 14:33:33.522 I/[T1.0.6.3]EuiAgnes_Server( 2837): resCode:1
08-16 14:33:33.522 I/[T1.0.6.3]EuiAgnes_Server( 2837): b[0]:0
08-16 14:33:33.560 I/LetvManager-LogReport( 1780): [send_msg] line: 490 report url = http://log.hdtv.cp21.ott.cibntv.net:80/api/log/tvAction
08-16 14:33:33.586 I/tvos    ( 1764): [37m[INFO] Change to Voltage: 1000 mV (0x2C)[m
08-16 14:33:33.586 I/tvos    ( 1764): [37m[INFO] Change to Voltage: 1000 mV (0x29)[m
08-16 14:33:33.586 I/tvos    ( 1764): [37m[INFO] Change to Voltage: 1000 mV (0x26)[m
08-16 14:33:33.586 I/tvos    ( 1764): [37m[INFO] Change to Voltage: 1000 mV (0x23)[m
08-16 14:33:33.586 I/tvos    ( 1764): [37m[INFO] Change to Voltage: 1000 mV (0x20)[m
08-16 14:33:33.587 I/tvos    ( 1764): [37m[INFO] Change to Voltage: 1000 mV (0x1F)[m
08-16 14:33:33.759 I/tvos    ( 1764): GetAudioOutputDevice, retval : 0
08-16 14:33:33.944 I/ActivityManager( 2207): Force stopping com.android.testing.dummyime appid=10093 user=0: from pid 2207
08-16 14:33:33.944 I/ActivityManager( 2207): Killing 20264:com.android.testing.dummyime/u0a93 (adj 2): stop com.android.testing.dummyime
08-16 14:33:33.976 W/ActivityManager( 2207): Scheduling restart of crashed service com.android.testing.dummyime/.DummyIme in 1000ms
08-16 14:33:33.978 I/ActivityManager( 2207):   Force stopping service ServiceRecord{c477788 u0 com.android.testing.dummyime/.DummyIme}
08-16 14:33:33.979 W/ActivityManager( 2207): Spurious death for ProcessRecord{ebb8b07 0:com.android.testing.dummyime/u0a93}, curProc for 20264: null
08-16 14:33:33.980 W/InputMethodManagerService( 2207): Session failed to close due to remote exception
08-16 14:33:33.980 W/InputMethodManagerService( 2207): android.os.DeadObjectException
08-16 14:33:33.980 W/InputMethodManagerService( 2207): 	at android.os.BinderProxy.transactNative(Native Method)
08-16 14:33:33.980 W/InputMethodManagerService( 2207): 	at android.os.BinderProxy.transact(Binder.java:503)
08-16 14:33:33.980 W/InputMethodManagerService( 2207): 	at com.android.internal.view.IInputMethodSession$Stub$Proxy.finishSession(IInputMethodSession.java:305)
08-16 14:33:33.980 W/InputMethodManagerService( 2207): 	at com.android.server.InputMethodManagerService.finishSessionLocked(InputMethodManagerService.java:1622)
08-16 14:33:33.980 W/InputMethodManagerService( 2207): 	at com.android.server.InputMethodManagerService.clearClientSessionLocked(InputMethodManagerService.java:1613)
08-16 14:33:33.980 W/InputMethodManagerService( 2207): 	at com.android.server.InputMethodManagerService.clearCurMethodLocked(InputMethodManagerService.java:1639)
08-16 14:33:33.980 W/InputMethodManagerService( 2207): 	at com.android.server.InputMethodManagerService.onServiceDisconnected(InputMethodManagerService.java:1658)
08-16 14:33:33.980 W/InputMethodManagerService( 2207): 	at android.app.LoadedApk$ServiceDispatcher.doDeath(LoadedApk.java:1228)
08-16 14:33:33.980 W/InputMethodManagerService( 2207): 	at android.app.LoadedApk$ServiceDispatcher$RunConnection.run(LoadedApk.java:1242)
08-16 14:33:33.980 W/InputMethodManagerService( 2207): 	at android.os.Handler.handleCallback(Handler.java:739)
08-16 14:33:33.980 W/InputMethodManagerService( 2207): 	at android.os.Handler.dispatchMessage(Handler.java:95)
08-16 14:33:33.980 W/InputMethodManagerService( 2207): 	at android.os.Looper.loop(Looper.java:148)
08-16 14:33:33.980 W/InputMethodManagerService( 2207): 	at com.android.server.SystemServer.run(SystemServer.java:309)
08-16 14:33:33.980 W/InputMethodManagerService( 2207): 	at com.android.server.SystemServer.main(SystemServer.java:179)
08-16 14:33:33.980 W/InputMethodManagerService( 2207): 	at java.lang.reflect.Method.invoke(Native Method)
08-16 14:33:33.980 W/InputMethodManagerService( 2207): 	at com.android.internal.os.ZygoteInit$MethodAndArgsCaller.run(ZygoteInit.java:744)
08-16 14:33:33.980 W/InputMethodManagerService( 2207): 	at com.android.internal.os.ZygoteInit.main(ZygoteInit.java:634)
08-16 14:33:34.010 I/tvos    ( 1764): GetAudioOutputDevice, retval : 0
08-16 14:33:34.155 I/reService( 2207): onReportKeyEvent  type=type0 keycode=4*20*20*20 
08-16 14:33:34.156 E/LETV_DEVICE( 1780): no name sn for Mstar
08-16 14:33:34.168 E/ActivityThread( 2837): Failed to find provider info for com.letv.agnes.InfoProvider
08-16 14:33:34.169 E/ActivityThread( 2837): Failed to find provider info for com.letv.agnes.InfoProvider
08-16 14:33:34.169 W/System.err( 2837): java.lang.IllegalArgumentException: Unknown URL content://com.letv.agnes.InfoProvider
08-16 14:33:34.169 W/System.err( 2837): 	at android.content.ContentResolver.insert(ContentResolver.java:1227)
08-16 14:33:34.170 W/System.err( 2837): 	at com.letv.tracker2.agnes.Configuration.addDebugInfo(Configuration.java:289)
08-16 14:33:34.170 W/System.err( 2837): 	at com.letv.tracker2.agnes.MessageProcessor$SendEnvMsgTr$1.handleMessage(MessageProcessor.java:661)
08-16 14:33:34.170 W/System.err( 2837): 	at android.os.Handler.dispatchMessage(Handler.java:102)
08-16 14:33:34.170 W/System.err( 2837): 	at android.os.Looper.loop(Looper.java:148)
08-16 14:33:34.170 W/System.err( 2837): 	at com.letv.tracker2.agnes.MessageProcessor$SendEnvMsgTr.run(MessageProcessor.java:665)
08-16 14:33:34.175 I/[T1.0.6.3]EuiAgnes_Server( 2837): resCode:1
08-16 14:33:34.175 I/[T1.0.6.3]EuiAgnes_Server( 2837): b[0]:0
08-16 14:33:34.260 I/tvos    ( 1764): GetAudioOutputDevice, retval : 0
08-16 14:33:34.511 I/tvos    ( 1764): GetAudioOutputDevice, retval : 0
08-16 14:33:34.632 E/LetvRemoteupgradeManager-JNI( 2613): can't get LetvManager service!
08-16 14:33:34.761 I/tvos    ( 1764): GetAudioOutputDevice, retval : 0
08-16 14:33:35.011 I/tvos    ( 1764): GetAudioOutputDevice, retval : 0
08-16 14:33:35.262 I/tvos    ( 1764): GetAudioOutputDevice, retval : 0
08-16 14:33:35.512 I/tvos    ( 1764): GetAudioOutputDevice, retval : 0
08-16 14:33:35.762 I/tvos    ( 1764): GetAudioOutputDevice, retval : 0
08-16 14:33:36.013 I/tvos    ( 1764): GetAudioOutputDevice, retval : 0
08-16 14:33:36.263 I/tvos    ( 1764): GetAudioOutputDevice, retval : 0
08-16 14:33:36.471 I/WifiStateMachine( 2207):  DisconnectedState !CMD_START_SCAN  rt=512082904/512082904 -2 34117 ic=1 proc(ms):15012 dur:2906 cnt=34117 rssi=-127 f=-1 sc=0 link=-1 tx=0.0, 0.0, 0.0  rx=0.0 fiv=20000 [on:0 tx:0 rx:0 period:15010] from screen [on:0 period:1097891799]
08-16 14:33:36.471 I/WifiStateMachine( 2207): handlescanrequest  starting scan for 
08-16 14:33:36.471 I/WifiStateMachine( 2207): startscannative  starting scan for 
08-16 14:33:36.514 I/tvos    ( 1764): GetAudioOutputDevice, retval : 0
08-16 14:33:36.764 I/tvos    ( 1764): GetAudioOutputDevice, retval : 0
08-16 14:33:37.014 I/tvos    ( 1764): GetAudioOutputDevice, retval : 0
08-16 14:33:37.265 I/tvos    ( 1764): GetAudioOutputDevice, retval : 0
08-16 14:33:37.515 I/tvos    ( 1764): GetAudioOutputDevice, retval : 0
08-16 14:33:37.586 I/tvos    ( 1764): [37m[INFO] Change to Voltage: 1030 mV (0x2E)[m
08-16 14:33:37.586 I/tvos    ( 1764): [37m[INFO] Change to Voltage: 1030 mV (0x2B)[m
08-16 14:33:37.586 I/tvos    ( 1764): [37m[INFO] Change to Voltage: 1030 mV (0x28)[m
08-16 14:33:37.586 I/tvos    ( 1764): [37m[INFO] Change to Voltage: 1030 mV (0x25)[m
08-16 14:33:37.587 I/tvos    ( 1764): [37m[INFO] Change to Voltage: 1030 mV (0x22)[m
08-16 14:33:37.587 I/tvos    ( 1764): [37m[INFO] Change to Voltage: 1030 mV (0x22)[m
08-16 14:33:37.618 I/remotestatus( 2207): Msg.what is 101
08-16 14:33:37.618 I/WindowManager( 2207): turn cursor off
08-16 14:33:37.618 E/RemoteManager( 2207): RemoteManager is no longer support in eui6.5
08-16 14:33:37.618 W/InputDispatcher( 2207): findFocusedWindow finished: injectionResult=0, timeSpentWaitingForApplication=0.0ms
08-16 14:33:37.618 E/InputManager-JNI( 2207): call nativeDisableCursor method with hideCursor
08-16 14:33:37.623 W/InputDispatcher( 2207): findFocusedWindow finished: injectionResult=0, timeSpentWaitingForApplication=0.0ms
08-16 14:33:37.633 E/LetvRemoteupgradeManager-JNI( 2613): can't get LetvManager service!
08-16 14:33:37.766 I/tvos    ( 1764): GetAudioOutputDevice, retval : 0
08-16 14:33:38.016 I/tvos    ( 1764): GetAudioOutputDevice, retval : 0
08-16 14:33:38.127 I/remotestatus( 2207): Msg.what is 101
08-16 14:33:38.127 I/WindowManager( 2207): turn cursor off
08-16 14:33:38.127 E/RemoteManager( 2207): RemoteManager is no longer support in eui6.5
08-16 14:33:38.127 W/InputDispatcher( 2207): findFocusedWindow finished: injectionResult=0, timeSpentWaitingForApplication=0.0ms
08-16 14:33:38.127 E/InputManager-JNI( 2207): call nativeDisableCursor method with hideCursor
08-16 14:33:38.131 W/InputDispatcher( 2207): findFocusedWindow finished: injectionResult=0, timeSpentWaitingForApplication=0.0ms
08-16 14:33:38.266 I/tvos    ( 1764): GetAudioOutputDevice, retval : 0
08-16 14:33:38.517 I/tvos    ( 1764): GetAudioOutputDevice, retval : 0
08-16 14:33:38.648 W/InputDispatcher( 2207): findTouchedWindow finished: injectionResult=0, injectionPermission=1, timeSpentWaitingForApplication=0.0ms
08-16 14:33:38.661 W/InputDispatcher( 2207): findTouchedWindow finished: injectionResult=0, injectionPermission=1, timeSpentWaitingForApplication=0.0ms
08-16 14:33:38.698 W/InputDispatcher( 2207): findTouchedWindow finished: injectionResult=0, injectionPermission=1, timeSpentWaitingForApplication=0.0ms
08-16 14:33:38.700 W/InputDispatcher( 2207): findTouchedWindow finished: injectionResult=0, injectionPermission=1, timeSpentWaitingForApplication=0.0ms
08-16 14:33:38.767 I/tvos    ( 1764): GetAudioOutputDevice, retval : 0
08-16 14:33:38.767 I/BrowseView(20195): --onItemClick position : 2
08-16 14:33:38.767 I/SoundPool( 2207): enter : func play
08-16 14:33:38.769 I/APM::AudioPolicyEngine( 1758): getDeviceForStrategy, 359
08-16 14:33:38.770 I/audio_hw_primary( 1758): version:a00004 adev_create_audio_patch::mix->device 
08-16 14:33:38.770 I/audio_hw_primary( 1758): adev_create_audio_patch *handle=-1420227928 num_audio_patch=3
08-16 14:33:38.774 E/AudioManagerService( 1803): setAudioVolume(callingPid 1758, clientPid 1758, enSoundPath 0, volumn:0 )
08-16 14:33:38.775 I/tvos    ( 1764): SetVolume, subWooExist 0!
08-16 14:33:38.775 I/tvos    ( 1764): mapi_audio_customer::SetAbsoluteVolume: project name is X440M
08-16 14:33:38.775 I/tvos    ( 1764): SetAbsoluteVolume: uPercent : 0, path=52(speaker), VolumeInt=7f, VolumeFra=0
08-16 14:33:38.775 I/tvos    ( 1764): SetAbsoluteVolume: uPercent(currVol) : 0, realPath=52(default), VolumeInt=7f, VolumeFra=0
08-16 14:33:38.775 I/tvos    ( 1764): mapi_audio_customer::SetAbsoluteVolume: project name is X440M
08-16 14:33:38.775 I/tvos    ( 1764): SetAbsoluteVolume: uPercent : 0, path=49(HP), VolumeInt=7f, VolumeFra=0
08-16 14:33:38.775 I/tvos    ( 1764): SetAbsoluteVolume: uPercent(currVol) : 0, realPath=49(default), VolumeInt=7f, VolumeFra=0
08-16 14:33:38.775 I/tvos    ( 1764): mapi_audio_customer::SetAbsoluteVolume: project name is X440M
08-16 14:33:38.775 I/tvos    ( 1764): SetAbsoluteVolume, m_bBTDetect is false! 
08-16 14:33:38.775 I/tvos    ( 1764): mapi_audio_customer::SetAbsoluteVolume: project name is X440M
08-16 14:33:38.775 I/tvos    ( 1764): SetAbsoluteVolume: uPercent : 0, path=255(speaker), VolumeInt=7f, VolumeFra=0
08-16 14:33:38.775 I/tvos    ( 1764): SetAbsoluteVolume: uPercent(currVol) : 0, realPath=255(default), VolumeInt=7f, VolumeFra=0
08-16 14:33:38.775 I/tvos    ( 1764): [SetMuteStatus] call SetSoundMuteStatus, line : 10369, muteType: 4, onOff : 0 
08-16 14:33:38.775 I/tvos    ( 1764): [audioBSP] #1 m_internalMute : 0 ..
08-16 14:33:38.775 I/tvos    ( 1764): #1|->SDK_bPermanentAudioMute:0<-|->SDK_bMomentAudioMute:0 <-|->SDK_bBySyncAudioMute:0<-|->SDK_bByBlockAudioMute:0<-|->SDK_bByVChipAudioMute:0<-|
08-16 14:33:38.775 I/tvos    ( 1764): #1|->SDK_bInternal1AudioMute:0<-|->SDK_bInternal2AudioMute:0<-|->SDK_bInternal3AudioMute:0<-|->SDK_bInternal4AudioMute:0<-|
08-16 14:33:38.775 I/tvos    ( 1764): #1|->SDK_bByScanInOutchgCHchg:0<-|->SDK_bByDuringLimitedTimeAudioMute:0<-|->SDK_bSourceSwitchAudioMute:0<-|
08-16 14:33:38.775 I/tvos    ( 1764): #1|->SDK_bMHEGApMute:0<-|->SDK_bAllAudioMuteCtrl:0<-|->SDK_bPowerOnMute:0<-|->SDK_bNullSourceMute0<-|->SDK_bSetInputSourceAudioMute:0<-|
08-16 14:33:38.775 I/tvos    ( 1764): [audioBSP] #2 m_spkrMute : 0 ..|->SDK_bUsrSpkrAudioMute:0<-|->SDK_bPowerOnMute:0<-|->SDK_bByUserAudioMute:0<-|
08-16 14:33:38.775 I/tvos    ( 1764): [audioBSP] #3 m_PcmCapture2Mute:0 |->SDK_bByUserPcmCapture2Mute:0<-|->SDK_SUB_bByUserAudioMute:0<-|->SDK_bByUserAudioMute:0<-|
08-16 14:33:38.775 I/tvos    ( 1764): [audioBSP] #5 m_hpMute : 1 ..|->SDK_bUsrHpAudioMute:1<-|->SDK_bPowerOnMute:0<-|->SDK_bByUserAudioMute:0<-|
08-16 14:33:38.775 I/tvos    ( 1764): [audioBSP] #12 m_spdifMute : 1 ..
08-16 14:33:38.775 I/tvos    ( 1764): #12|->SDK_bPermanentAudioMute:0<-|->SDK_bMomentAudioMute:0<-|->SDK_bByBlockAudioMute:0<-|
08-16 14:33:38.775 I/tvos    ( 1764): #12|->SDK_bByVChipAudioMute:0<-|->SDK_bInternal1AudioMute:0<-|->SDK_bInternal4AudioMute:0<-|
08-16 14:33:38.775 I/tvos    ( 1764): #12|->SDK_bByDuringLimitedTimeAudioMute:0<-|->SDK_bSourceSwitchAudioMute:0<-|->SDK_bMHEGApMute:0<-|
08-16 14:33:38.775 I/tvos    ( 1764): #12|->SDK_bPowerOnMute:0<-|->SDK_bUsrSpdifAudioMute:1<-|->SDK_bNullSourceMute:0<-|->SDK_bByAppMute:0<-|
08-16 14:33:38.776 I/tvos    ( 1764): ---Amplifier_ALC1310_LR_SWMute(0)
08-16 14:33:38.778 I/tvos    ( 1764): ALC1310 unmute good, addr: 0x13 readbackvalue: 4 
08-16 14:33:38.781 I/tvos    ( 1764): SetSoundMuteStatus : m_hpMute : 1, m_spdifMute : 1, m_DataInMute : 0, m_channel7Mute : 0, m_internalMute : 0, m_spkrMute : 0, m_PcmCapture1Mute : 0, m_PcmCapture2Mute : 0 
08-16 14:33:38.782 I/AudioUtil( 1758): setParameters spk_volume=0
08-16 14:33:38.782 I/audio_hw_primary( 1758): adev_set_parameters: spk_volume=0
08-16 14:33:38.782 I/tvos    ( 1764): GetAudioOutputDevice, retval : 0
08-16 14:33:38.782 I/tvos    ( 1764): [SetMuteStatus] call SetSoundMuteStatus, line : 10369, muteType: 67108864, onOff : 1 
08-16 14:33:38.782 I/tvos    ( 1764): _TransMSrvMuteTypeToSDKMuteType: Err! muteType(67108864) is out of Range
08-16 14:33:38.784 I/tvos    ( 1764): [SetMuteStatus] call SetSoundMuteStatus, line : 10369, muteType: 4, onOff : 1 
08-16 14:33:38.784 I/tvos    ( 1764): [audioBSP] #1 m_internalMute : 0 ..
08-16 14:33:38.784 I/tvos    ( 1764): #1|->SDK_bPermanentAudioMute:0<-|->SDK_bMomentAudioMute:0 <-|->SDK_bBySyncAudioMute:0<-|->SDK_bByBlockAudioMute:0<-|->SDK_bByVChipAudioMute:0<-|
08-16 14:33:38.784 I/tvos    ( 1764): #1|->SDK_bInternal1AudioMute:0<-|->SDK_bInternal2AudioMute:0<-|->SDK_bInternal3AudioMute:0<-|->SDK_bInternal4AudioMute:0<-|
08-16 14:33:38.784 I/tvos    ( 1764): #1|->SDK_bByScanInOutchgCHchg:0<-|->SDK_bByDuringLimitedTimeAudioMute:0<-|->SDK_bSourceSwitchAudioMute:0<-|
08-16 14:33:38.784 I/tvos    ( 1764): #1|->SDK_bMHEGApMute:0<-|->SDK_bAllAudioMuteCtrl:0<-|->SDK_bPowerOnMute:0<-|->SDK_bNullSourceMute0<-|->SDK_bSetInputSourceAudioMute:0<-|
08-16 14:33:38.784 I/tvos    ( 1764): [audioBSP] #2 m_spkrMute : 1 ..|->SDK_bUsrSpkrAudioMute:0<-|->SDK_bPowerOnMute:0<-|->SDK_bByUserAudioMute:1<-|
08-16 14:33:38.784 I/tvos    ( 1764): [audioBSP] #3 m_PcmCapture2Mute:1 |->SDK_bByUserPcmCapture2Mute:0<-|->SDK_SUB_bByUserAudioMute:0<-|->SDK_bByUserAudioMute:1<-|
08-16 14:33:38.784 I/tvos    ( 1764): [audioBSP] #5 m_hpMute : 1 ..|->SDK_bUsrHpAudioMute:1<-|->SDK_bPowerOnMute:0<-|->SDK_bByUserAudioMute:1<-|
08-16 14:33:38.784 I/tvos    ( 1764): [audioBSP] #12 m_spdifMute : 1 ..
08-16 14:33:38.784 I/tvos    ( 1764): #12|->SDK_bPermanentAudioMute:0<-|->SDK_bMomentAudioMute:0<-|->SDK_bByBlockAudioMute:0<-|
08-16 14:33:38.784 I/tvos    ( 1764): #12|->SDK_bByVChipAudioMute:0<-|->SDK_bInternal1AudioMute:0<-|->SDK_bInternal4AudioMute:0<-|
08-16 14:33:38.784 I/tvos    ( 1764): #12|->SDK_bByDuringLimitedTimeAudioMute:0<-|->SDK_bSourceSwitchAudioMute:0<-|->SDK_bMHEGApMute:0<-|
08-16 14:33:38.784 I/tvos    ( 1764): #12|->SDK_bPowerOnMute:0<-|->SDK_bUsrSpdifAudioMute:1<-|->SDK_bNullSourceMute:0<-|->SDK_bByAppMute:0<-|
08-16 14:33:38.784 I/tvos    ( 1764): ---Amplifier_ALC1310_LR_SWMute(1)
08-16 14:33:38.784 I/tvos    ( 1764): ALC1310 mute write good, addr: 0x13, readback data : 49164, write cmd times : 1
08-16 14:33:38.787 I/tvos    ( 1764): SetSoundMuteStatus : m_hpMute : 1, m_spdifMute : 1, m_DataInMute : 0, m_channel7Mute : 0, m_internalMute : 0, m_spkrMute : 1, m_PcmCapture1Mute : 0, m_PcmCapture2Mute : 1 
08-16 14:33:38.801 E/audio_hw_primary( 1758): out_get_presentation_position pcm_get_htimestamp(pcm, &avail, timestamp) != 0!!!
08-16 14:33:38.804 E/LETV_DEVICE( 1780): no name sn for Mstar
08-16 14:33:38.816 I/SettingUtil(20195): create instance
08-16 14:33:38.817 E/ActivityThread( 2837): Failed to find provider info for com.letv.agnes.InfoProvider
08-16 14:33:38.818 E/ActivityThread( 2837): Failed to find provider info for com.letv.agnes.InfoProvider
08-16 14:33:38.819 W/System.err( 2837): java.lang.IllegalArgumentException: Unknown URL content://com.letv.agnes.InfoProvider
08-16 14:33:38.819 W/System.err( 2837): 	at android.content.ContentResolver.insert(ContentResolver.java:1227)
08-16 14:33:38.819 W/System.err( 2837): 	at com.letv.tracker2.agnes.Configuration.addDebugInfo(Configuration.java:289)
08-16 14:33:38.819 W/System.err( 2837): 	at com.letv.tracker2.agnes.MessageProcessor$SendEnvMsgTr$1.handleMessage(MessageProcessor.java:661)
08-16 14:33:38.819 W/System.err( 2837): 	at android.os.Handler.dispatchMessage(Handler.java:102)
08-16 14:33:38.819 W/System.err( 2837): 	at android.os.Looper.loop(Looper.java:148)
08-16 14:33:38.819 W/System.err( 2837): 	at com.letv.tracker2.agnes.MessageProcessor$SendEnvMsgTr.run(MessageProcessor.java:665)
08-16 14:33:38.823 E/LETV_DEVICE( 1780): no name sn for Mstar
08-16 14:33:38.830 I/[T1.0.6.3]EuiAgnes_Server( 2837): resCode:1
08-16 14:33:38.830 I/[T1.0.6.3]EuiAgnes_Server( 2837): b[0]:0
08-16 14:33:38.833 I/TVFeedback(20195): UrlUtils -- getCommonIssueParams - params = version=V2409RCN02C065307D08011D&versionName=6.5.307D_0801&model=X440M&ui=6.5&hwVersion=H5000&mac=b01bd2542d51&region=CN&user-prefer-language=zh-cn&sys_version=6.5.307D_0801&device=X440M&area=CN&source_package=com.stv.feedback&source_version=1
08-16 14:33:38.837 I/LetvAccount(14745): UserInfoProvider -- appName: com.stv.feedback, permission: system(true) app(true), match=1
08-16 14:33:38.837 I/AccountManagerService( 2207): getTypesVisibleToCaller: isPermitted? true
08-16 14:33:38.844 I/TVFeedback(20195): FeedBackUtils -- getSystemUserId - ssoToken = 103XXXWLm5iFfp7oHVCl5Nm5QniTYMwRr1riQV7kzFHb0cKblm5JnT7VZ62yLz6NiwchqILK4Vglv7ZN0oREFxfOiiJUsxPtqnon9LQtCfSYWPGD5q0Qm4
08-16 14:33:38.846 I/TVFeedback(20195): UrlUtils -- getCommonIssueUrl - URL= http://xfeedback-scloud.cp21.ott.cibntv.net/api/v3/tvfeedbacklist/commonlist?version=V2409RCN02C065307D08011D&versionName=6.5.307D_0801&model=X440M&ui=6.5&hwVersion=H5000&mac=b01bd2542d51&region=CN&user-prefer-language=zh-cn&sys_version=6.5.307D_0801&device=X440M&area=CN&source_package=com.stv.feedback&source_version=1&sso_tk=103XXXWLm5iFfp7oHVCl5Nm5QniTYMwRr1riQV7kzFHb0cKblm5JnT7VZ62yLz6NiwchqILK4Vglv7ZN0oREFxfOiiJUsxPtqnon9LQtCfSYWPGD5q0Qm4&&_ak=akfileup_YHoqMHgt&_time=1534401218845&_sign=987656cb6da3fed3749d9aeb8d636c39
08-16 14:33:39.018 I/tvos    ( 1764): GetAudioOutputDevice, retval : 0
08-16 14:33:39.268 I/tvos    ( 1764): GetAudioOutputDevice, retval : 0
08-16 14:33:39.305 I/APM::AudioPolicyEngine( 1758): getDeviceForStrategy, 359
08-16 14:33:39.328 I/WifiStateMachine( 2207):  DisconnectedState !SCAN_RESULTS_EVENT  rt=512085762/512085762 0 0 found=170 known=0 got=170 bcn=0 con=0
08-16 14:33:39.329 I/WifiStateMachine( 2207):  ConnectModeState !SCAN_RESULTS_EVENT  rt=512085762/512085762 0 0 found=170 known=0 got=170 bcn=0 con=0
08-16 14:33:39.329 I/WifiStateMachine( 2207):  DriverStartedState !SCAN_RESULTS_EVENT  rt=512085762/512085762 0 0 found=170 known=0 got=170 bcn=0 con=0
08-16 14:33:39.329 I/WifiStateMachine( 2207):  SupplicantStartedState !SCAN_RESULTS_EVENT  rt=512085762/512085762 0 0 found=170 known=0 got=170 bcn=0 con=0
08-16 14:33:39.410 I/WifiStateMachine( 2207): setscanresults newsupplicantresult
08-16 14:33:39.519 I/tvos    ( 1764): GetAudioOutputDevice, retval : 0
08-16 14:33:39.769 I/tvos    ( 1764): GetAudioOutputDevice, retval : 0
08-16 14:33:40.019 I/tvos    ( 1764): GetAudioOutputDevice, retval : 0
08-16 14:33:40.270 I/tvos    ( 1764): GetAudioOutputDevice, retval : 0
08-16 14:33:40.520 I/tvos    ( 1764): GetAudioOutputDevice, retval : 0
08-16 14:33:40.633 E/LetvRemoteupgradeManager-JNI( 2613): can't get LetvManager service!
08-16 14:33:40.705 I/remotestatus( 2207): Msg.what is 101
08-16 14:33:40.705 I/WindowManager( 2207): turn cursor off
08-16 14:33:40.705 E/RemoteManager( 2207): RemoteManager is no longer support in eui6.5
08-16 14:33:40.705 W/InputDispatcher( 2207): findFocusedWindow finished: injectionResult=0, timeSpentWaitingForApplication=0.0ms
08-16 14:33:40.705 E/InputManager-JNI( 2207): call nativeDisableCursor method with hideCursor
08-16 14:33:40.710 I/TVFeedback(20195): BaseActivity -- onFocus: isFocused = false
08-16 14:33:40.712 I/BrowseView(20195): onSideTabExpand false
08-16 14:33:40.712 I/BrowseView(20195): onSideTabExpand false
08-16 14:33:40.719 I/SoundPool(20195): enter : func play
08-16 14:33:40.723 W/AudioTrack(20195): AUDIO_OUTPUT_FLAG_FAST denied by client; transfer 4, track 44100 Hz, output 48000 Hz
08-16 14:33:40.725 I/APM::AudioPolicyEngine( 1758): getDeviceForStrategy, 359
08-16 14:33:40.727 I/audio_hw_primary( 1758): version:a00004 adev_create_audio_patch::mix->device 
08-16 14:33:40.727 I/audio_hw_primary( 1758): adev_create_audio_patch *handle=-1420227928 num_audio_patch=3
08-16 14:33:40.728 E/AudioManagerService( 1803): setAudioVolume(callingPid 1758, clientPid 1758, enSoundPath 0, volumn:0 )
08-16 14:33:40.731 I/tvos    ( 1764): SetVolume, subWooExist 0!
08-16 14:33:40.731 I/tvos    ( 1764): mapi_audio_customer::SetAbsoluteVolume: project name is X440M
08-16 14:33:40.731 I/tvos    ( 1764): SetAbsoluteVolume: uPercent : 0, path=52(speaker), VolumeInt=7f, VolumeFra=0
08-16 14:33:40.731 I/tvos    ( 1764): SetAbsoluteVolume: uPercent(currVol) : 0, realPath=52(default), VolumeInt=7f, VolumeFra=0
08-16 14:33:40.731 I/tvos    ( 1764): mapi_audio_customer::SetAbsoluteVolume: project name is X440M
08-16 14:33:40.731 I/tvos    ( 1764): SetAbsoluteVolume: uPercent : 0, path=49(HP), VolumeInt=7f, VolumeFra=0
08-16 14:33:40.731 I/tvos    ( 1764): SetAbsoluteVolume: uPercent(currVol) : 0, realPath=49(default), VolumeInt=7f, VolumeFra=0
08-16 14:33:40.731 I/tvos    ( 1764): mapi_audio_customer::SetAbsoluteVolume: project name is X440M
08-16 14:33:40.731 I/tvos    ( 1764): SetAbsoluteVolume, m_bBTDetect is false! 
08-16 14:33:40.731 I/tvos    ( 1764): mapi_audio_customer::SetAbsoluteVolume: project name is X440M
08-16 14:33:40.731 I/tvos    ( 1764): SetAbsoluteVolume: uPercent : 0, path=255(speaker), VolumeInt=7f, VolumeFra=0
08-16 14:33:40.731 I/tvos    ( 1764): SetAbsoluteVolume: uPercent(currVol) : 0, realPath=255(default), VolumeInt=7f, VolumeFra=0
08-16 14:33:40.731 I/tvos    ( 1764): [SetMuteStatus] call SetSoundMuteStatus, line : 10369, muteType: 4, onOff : 0 
08-16 14:33:40.731 I/tvos    ( 1764): [audioBSP] #1 m_internalMute : 0 ..
08-16 14:33:40.731 I/tvos    ( 1764): #1|->SDK_bPermanentAudioMute:0<-|->SDK_bMomentAudioMute:0 <-|->SDK_bBySyncAudioMute:0<-|->SDK_bByBlockAudioMute:0<-|->SDK_bByVChipAudioMute:0<-|
08-16 14:33:40.731 I/tvos    ( 1764): #1|->SDK_bInternal1AudioMute:0<-|->SDK_bInternal2AudioMute:0<-|->SDK_bInternal3AudioMute:0<-|->SDK_bInternal4AudioMute:0<-|
08-16 14:33:40.731 I/tvos    ( 1764): #1|->SDK_bByScanInOutchgCHchg:0<-|->SDK_bByDuringLimitedTimeAudioMute:0<-|->SDK_bSourceSwitchAudioMute:0<-|
08-16 14:33:40.731 I/tvos    ( 1764): #1|->SDK_bMHEGApMute:0<-|->SDK_bAllAudioMuteCtrl:0<-|->SDK_bPowerOnMute:0<-|->SDK_bNullSourceMute0<-|->SDK_bSetInputSourceAudioMute:0<-|
08-16 14:33:40.731 I/tvos    ( 1764): [audioBSP] #2 m_spkrMute : 0 ..|->SDK_bUsrSpkrAudioMute:0<-|->SDK_bPowerOnMute:0<-|->SDK_bByUserAudioMute:0<-|
08-16 14:33:40.731 I/tvos    ( 1764): [audioBSP] #3 m_PcmCapture2Mute:0 |->SDK_bByUserPcmCapture2Mute:0<-|->SDK_SUB_bByUserAudioMute:0<-|->SDK_bByUserAudioMute:0<-|
08-16 14:33:40.731 I/tvos    ( 1764): [audioBSP] #5 m_hpMute : 1 ..|->SDK_bUsrHpAudioMute:1<-|->SDK_bPowerOnMute:0<-|->SDK_bByUserAudioMute:0<-|
08-16 14:33:40.731 I/tvos    ( 1764): [audioBSP] #12 m_spdifMute : 1 ..
08-16 14:33:40.731 I/tvos    ( 1764): #12|->SDK_bPermanentAudioMute:0<-|->SDK_bMomentAudioMute:0<-|->SDK_bByBlockAudioMute:0<-|
08-16 14:33:40.731 I/tvos    ( 1764): #12|->SDK_bByVChipAudioMute:0<-|->SDK_bInternal1AudioMute:0<-|->SDK_bInternal4AudioMute:0<-|
08-16 14:33:40.731 I/tvos    ( 1764): #12|->SDK_bByDuringLimitedTimeAudioMute:0<-|->SDK_bSourceSwitchAudioMute:0<-|->SDK_bMHEGApMute:0<-|
08-16 14:33:40.731 I/tvos    ( 1764): #12|->SDK_bPowerOnMute:0<-|->SDK_bUsrSpdifAudioMute:1<-|->SDK_bNullSourceMute:0<-|->SDK_bByAppMute:0<-|
08-16 14:33:40.731 I/tvos    ( 1764): ---Amplifier_ALC1310_LR_SWMute(0)
08-16 14:33:40.731 I/tvos    ( 1764): ALC1310 unmute good, addr: 0x13 readbackvalue: 4 
08-16 14:33:40.734 I/tvos    ( 1764): SetSoundMuteStatus : m_hpMute : 1, m_spdifMute : 1, m_DataInMute : 0, m_channel7Mute : 0, m_internalMute : 0, m_spkrMute : 0, m_PcmCapture1Mute : 0, m_PcmCapture2Mute : 0 
08-16 14:33:40.734 I/AudioUtil( 1758): setParameters spk_volume=0
08-16 14:33:40.734 I/audio_hw_primary( 1758): adev_set_parameters: spk_volume=0
08-16 14:33:40.734 I/tvos    ( 1764): GetAudioOutputDevice, retval : 0
08-16 14:33:40.734 I/tvos    ( 1764): [SetMuteStatus] call SetSoundMuteStatus, line : 10369, muteType: 67108864, onOff : 1 
08-16 14:33:40.734 I/tvos    ( 1764): _TransMSrvMuteTypeToSDKMuteType: Err! muteType(67108864) is out of Range
08-16 14:33:40.736 I/tvos    ( 1764): [SetMuteStatus] call SetSoundMuteStatus, line : 10369, muteType: 4, onOff : 1 
08-16 14:33:40.736 I/tvos    ( 1764): [audioBSP] #1 m_internalMute : 0 ..
08-16 14:33:40.736 I/tvos    ( 1764): #1|->SDK_bPermanentAudioMute:0<-|->SDK_bMomentAudioMute:0 <-|->SDK_bBySyncAudioMute:0<-|->SDK_bByBlockAudioMute:0<-|->SDK_bByVChipAudioMute:0<-|
08-16 14:33:40.736 I/tvos    ( 1764): #1|->SDK_bInternal1AudioMute:0<-|->SDK_bInternal2AudioMute:0<-|->SDK_bInternal3AudioMute:0<-|->SDK_bInternal4AudioMute:0<-|
08-16 14:33:40.736 I/tvos    ( 1764): #1|->SDK_bByScanInOutchgCHchg:0<-|->SDK_bByDuringLimitedTimeAudioMute:0<-|->SDK_bSourceSwitchAudioMute:0<-|
08-16 14:33:40.736 I/tvos    ( 1764): #1|->SDK_bMHEGApMute:0<-|->SDK_bAllAudioMuteCtrl:0<-|->SDK_bPowerOnMute:0<-|->SDK_bNullSourceMute0<-|->SDK_bSetInputSourceAudioMute:0<-|
08-16 14:33:40.736 I/tvos    ( 1764): [audioBSP] #2 m_spkrMute : 1 ..|->SDK_bUsrSpkrAudioMute:0<-|->SDK_bPowerOnMute:0<-|->SDK_bByUserAudioMute:1<-|
08-16 14:33:40.736 I/tvos    ( 1764): [audioBSP] #3 m_PcmCapture2Mute:1 |->SDK_bByUserPcmCapture2Mute:0<-|->SDK_SUB_bByUserAudioMute:0<-|->SDK_bByUserAudioMute:1<-|
08-16 14:33:40.736 I/tvos    ( 1764): [audioBSP] #5 m_hpMute : 1 ..|->SDK_bUsrHpAudioMute:1<-|->SDK_bPowerOnMute:0<-|->SDK_bByUserAudioMute:1<-|
08-16 14:33:40.736 I/tvos    ( 1764): [audioBSP] #12 m_spdifMute : 1 ..
08-16 14:33:40.736 I/tvos    ( 1764): #12|->SDK_bPermanentAudioMute:0<-|->SDK_bMomentAudioMute:0<-|->SDK_bByBlockAudioMute:0<-|
08-16 14:33:40.736 I/tvos    ( 1764): #12|->SDK_bByVChipAudioMute:0<-|->SDK_bInternal1AudioMute:0<-|->SDK_bInternal4AudioMute:0<-|
08-16 14:33:40.736 I/tvos    ( 1764): #12|->SDK_bByDuringLimitedTimeAudioMute:0<-|->SDK_bSourceSwitchAudioMute:0<-|->SDK_bMHEGApMute:0<-|
08-16 14:33:40.736 I/tvos    ( 1764): #12|->SDK_bPowerOnMute:0<-|->SDK_bUsrSpdifAudioMute:1<-|->SDK_bNullSourceMute:0<-|->SDK_bByAppMute:0<-|
08-16 14:33:40.736 I/tvos    ( 1764): ---Amplifier_ALC1310_LR_SWMute(1)
08-16 14:33:40.736 I/tvos    ( 1764): ALC1310 mute write good, addr: 0x13, readback data : 49164, write cmd times : 1
08-16 14:33:40.739 I/tvos    ( 1764): SetSoundMuteStatus : m_hpMute : 1, m_spdifMute : 1, m_DataInMute : 0, m_channel7Mute : 0, m_internalMute : 0, m_spkrMute : 1, m_PcmCapture1Mute : 0, m_PcmCapture2Mute : 1 
08-16 14:33:40.742 W/InputDispatcher( 2207): findFocusedWindow finished: injectionResult=0, timeSpentWaitingForApplication=0.0ms
08-16 14:33:40.746 I/BrowseView(20195): --onItemSelected i : 2
08-16 14:33:40.771 I/tvos    ( 1764): GetAudioOutputDevice, retval : 0
08-16 14:33:40.817 I/APM::AudioPolicyEngine( 1758): getDeviceForStrategy, 359
08-16 14:33:41.021 I/tvos    ( 1764): GetAudioOutputDevice, retval : 0
08-16 14:33:41.272 I/tvos    ( 1764): GetAudioOutputDevice, retval : 0
08-16 14:33:41.519 I/remotestatus( 2207): Msg.what is 101
08-16 14:33:41.519 I/WindowManager( 2207): turn cursor off
08-16 14:33:41.519 E/RemoteManager( 2207): RemoteManager is no longer support in eui6.5
08-16 14:33:41.519 W/InputDispatcher( 2207): findFocusedWindow finished: injectionResult=0, timeSpentWaitingForApplication=0.0ms
08-16 14:33:41.519 E/InputManager-JNI( 2207): call nativeDisableCursor method with hideCursor
08-16 14:33:41.522 I/tvos    ( 1764): GetAudioOutputDevice, retval : 0
08-16 14:33:41.523 W/InputDispatcher( 2207): findFocusedWindow finished: injectionResult=0, timeSpentWaitingForApplication=0.0ms
08-16 14:33:41.772 I/tvos    ( 1764): GetAudioOutputDevice, retval : 0
08-16 14:33:42.023 I/tvos    ( 1764): GetAudioOutputDevice, retval : 0
08-16 14:33:42.273 I/tvos    ( 1764): GetAudioOutputDevice, retval : 0
08-16 14:33:42.524 I/tvos    ( 1764): GetAudioOutputDevice, retval : 0
08-16 14:33:42.774 I/tvos    ( 1764): GetAudioOutputDevice, retval : 0
08-16 14:33:43.024 I/tvos    ( 1764): GetAudioOutputDevice, retval : 0
08-16 14:33:43.040 W/InputDispatcher( 2207): findFocusedWindow finished: injectionResult=0, timeSpentWaitingForApplication=0.0ms
08-16 14:33:43.044 W/InputDispatcher( 2207): findFocusedWindow finished: injectionResult=0, timeSpentWaitingForApplication=0.0ms
08-16 14:33:43.045 I/SoundPool( 2207): enter : func play
08-16 14:33:43.046 I/APM::AudioPolicyEngine( 1758): getDeviceForStrategy, 359
08-16 14:33:43.047 I/System.out(20195): From style:
08-16 14:33:43.047 I/System.out(20195): Attrs: 3010001=0.6 3010002=#0 3010003=null 3010004=true
08-16 14:33:43.050 I/audio_hw_primary( 1758): version:a00004 adev_create_audio_patch::mix->device 
08-16 14:33:43.051 I/audio_hw_primary( 1758): adev_create_audio_patch *handle=-1420227928 num_audio_patch=3
08-16 14:33:43.052 E/AudioManagerService( 1803): setAudioVolume(callingPid 1758, clientPid 1758, enSoundPath 0, volumn:0 )
08-16 14:33:43.055 I/tvos    ( 1764): SetVolume, subWooExist 0!
08-16 14:33:43.055 I/tvos    ( 1764): mapi_audio_customer::SetAbsoluteVolume: project name is X440M
08-16 14:33:43.055 I/tvos    ( 1764): SetAbsoluteVolume: uPercent : 0, path=52(speaker), VolumeInt=7f, VolumeFra=0
08-16 14:33:43.055 I/tvos    ( 1764): SetAbsoluteVolume: uPercent(currVol) : 0, realPath=52(default), VolumeInt=7f, VolumeFra=0
08-16 14:33:43.055 I/tvos    ( 1764): mapi_audio_customer::SetAbsoluteVolume: project name is X440M
08-16 14:33:43.055 I/tvos    ( 1764): SetAbsoluteVolume: uPercent : 0, path=49(HP), VolumeInt=7f, VolumeFra=0
08-16 14:33:43.055 I/tvos    ( 1764): SetAbsoluteVolume: uPercent(currVol) : 0, realPath=49(default), VolumeInt=7f, VolumeFra=0
08-16 14:33:43.055 I/tvos    ( 1764): mapi_audio_customer::SetAbsoluteVolume: project name is X440M
08-16 14:33:43.055 I/tvos    ( 1764): SetAbsoluteVolume, m_bBTDetect is false! 
08-16 14:33:43.055 I/tvos    ( 1764): mapi_audio_customer::SetAbsoluteVolume: project name is X440M
08-16 14:33:43.055 I/tvos    ( 1764): SetAbsoluteVolume: uPercent : 0, path=255(speaker), VolumeInt=7f, VolumeFra=0
08-16 14:33:43.055 I/tvos    ( 1764): SetAbsoluteVolume: uPercent(currVol) : 0, realPath=255(default), VolumeInt=7f, VolumeFra=0
08-16 14:33:43.055 I/tvos    ( 1764): [SetMuteStatus] call SetSoundMuteStatus, line : 10369, muteType: 4, onOff : 0 
08-16 14:33:43.055 I/tvos    ( 1764): [audioBSP] #1 m_internalMute : 0 ..
08-16 14:33:43.055 I/tvos    ( 1764): #1|->SDK_bPermanentAudioMute:0<-|->SDK_bMomentAudioMute:0 <-|->SDK_bBySyncAudioMute:0<-|->SDK_bByBlockAudioMute:0<-|->SDK_bByVChipAudioMute:0<-|
08-16 14:33:43.055 I/tvos    ( 1764): #1|->SDK_bInternal1AudioMute:0<-|->SDK_bInternal2AudioMute:0<-|->SDK_bInternal3AudioMute:0<-|->SDK_bInternal4AudioMute:0<-|
08-16 14:33:43.055 I/tvos    ( 1764): #1|->SDK_bByScanInOutchgCHchg:0<-|->SDK_bByDuringLimitedTimeAudioMute:0<-|->SDK_bSourceSwitchAudioMute:0<-|
08-16 14:33:43.055 I/tvos    ( 1764): #1|->SDK_bMHEGApMute:0<-|->SDK_bAllAudioMuteCtrl:0<-|->SDK_bPowerOnMute:0<-|->SDK_bNullSourceMute0<-|->SDK_bSetInputSourceAudioMute:0<-|
08-16 14:33:43.055 I/tvos    ( 1764): [audioBSP] #2 m_spkrMute : 0 ..|->SDK_bUsrSpkrAudioMute:0<-|->SDK_bPowerOnMute:0<-|->SDK_bByUserAudioMute:0<-|
08-16 14:33:43.055 I/tvos    ( 1764): [audioBSP] #3 m_PcmCapture2Mute:0 |->SDK_bByUserPcmCapture2Mute:0<-|->SDK_SUB_bByUserAudioMute:0<-|->SDK_bByUserAudioMute:0<-|
08-16 14:33:43.055 I/tvos    ( 1764): [audioBSP] #5 m_hpMute : 1 ..|->SDK_bUsrHpAudioMute:1<-|->SDK_bPowerOnMute:0<-|->SDK_bByUserAudioMute:0<-|
08-16 14:33:43.055 I/tvos    ( 1764): [audioBSP] #12 m_spdifMute : 1 ..
08-16 14:33:43.055 I/tvos    ( 1764): #12|->SDK_bPermanentAudioMute:0<-|->SDK_bMomentAudioMute:0<-|->SDK_bByBlockAudioMute:0<-|
08-16 14:33:43.055 I/tvos    ( 1764): #12|->SDK_bByVChipAudioMute:0<-|->SDK_bInternal1AudioMute:0<-|->SDK_bInternal4AudioMute:0<-|
08-16 14:33:43.055 I/tvos    ( 1764): #12|->SDK_bByDuringLimitedTimeAudioMute:0<-|->SDK_bSourceSwitchAudioMute:0<-|->SDK_bMHEGApMute:0<-|
08-16 14:33:43.055 I/tvos    ( 1764): #12|->SDK_bPowerOnMute:0<-|->SDK_bUsrSpdifAudioMute:1<-|->SDK_bNullSourceMute:0<-|->SDK_bByAppMute:0<-|
08-16 14:33:43.055 I/tvos    ( 1764): ---Amplifier_ALC1310_LR_SWMute(0)
08-16 14:33:43.055 I/tvos    ( 1764): ALC1310 unmute good, addr: 0x13 readbackvalue: 4 
08-16 14:33:43.057 I/AudioUtil( 1758): setParameters spk_volume=0
08-16 14:33:43.057 I/audio_hw_primary( 1758): adev_set_parameters: spk_volume=0
08-16 14:33:43.058 I/tvos    ( 1764): SetSoundMuteStatus : m_hpMute : 1, m_spdifMute : 1, m_DataInMute : 0, m_channel7Mute : 0, m_internalMute : 0, m_spkrMute : 0, m_PcmCapture1Mute : 0, m_PcmCapture2Mute : 0 
08-16 14:33:43.058 I/tvos    ( 1764): GetAudioOutputDevice, retval : 0
08-16 14:33:43.059 W/InputDispatcher( 2207): Focus left window: Window{308ca70 u0 com.stv.feedback/com.stv.feedback.FeedbackActivity}
08-16 14:33:43.059 W/InputDispatcher( 2207): Focus entered window: Window{8d8525d u0 com.stv.feedback/com.stv.feedback.FeedbackActivity}
08-16 14:33:43.064 I/tvos    ( 1764): [SetMuteStatus] call SetSoundMuteStatus, line : 10369, muteType: 67108864, onOff : 1 
08-16 14:33:43.064 I/tvos    ( 1764): _TransMSrvMuteTypeToSDKMuteType: Err! muteType(67108864) is out of Range
08-16 14:33:43.064 I/tvos    ( 1764): [SetMuteStatus] call SetSoundMuteStatus, line : 10369, muteType: 4, onOff : 1 
08-16 14:33:43.064 I/tvos    ( 1764): [audioBSP] #1 m_internalMute : 0 ..
08-16 14:33:43.064 I/tvos    ( 1764): #1|->SDK_bPermanentAudioMute:0<-|->SDK_bMomentAudioMute:0 <-|->SDK_bBySyncAudioMute:0<-|->SDK_bByBlockAudioMute:0<-|->SDK_bByVChipAudioMute:0<-|
08-16 14:33:43.064 I/tvos    ( 1764): #1|->SDK_bInternal1AudioMute:0<-|->SDK_bInternal2AudioMute:0<-|->SDK_bInternal3AudioMute:0<-|->SDK_bInternal4AudioMute:0<-|
08-16 14:33:43.064 I/tvos    ( 1764): #1|->SDK_bByScanInOutchgCHchg:0<-|->SDK_bByDuringLimitedTimeAudioMute:0<-|->SDK_bSourceSwitchAudioMute:0<-|
08-16 14:33:43.064 I/tvos    ( 1764): #1|->SDK_bMHEGApMute:0<-|->SDK_bAllAudioMuteCtrl:0<-|->SDK_bPowerOnMute:0<-|->SDK_bNullSourceMute0<-|->SDK_bSetInputSourceAudioMute:0<-|
08-16 14:33:43.064 I/tvos    ( 1764): [audioBSP] #2 m_spkrMute : 1 ..|->SDK_bUsrSpkrAudioMute:0<-|->SDK_bPowerOnMute:0<-|->SDK_bByUserAudioMute:1<-|
08-16 14:33:43.064 I/tvos    ( 1764): [audioBSP] #3 m_PcmCapture2Mute:1 |->SDK_bByUserPcmCapture2Mute:0<-|->SDK_SUB_bByUserAudioMute:0<-|->SDK_bByUserAudioMute:1<-|
08-16 14:33:43.064 I/tvos    ( 1764): [audioBSP] #5 m_hpMute : 1 ..|->SDK_bUsrHpAudioMute:1<-|->SDK_bPowerOnMute:0<-|->SDK_bByUserAudioMute:1<-|
08-16 14:33:43.064 I/tvos    ( 1764): [audioBSP] #12 m_spdifMute : 1 ..
08-16 14:33:43.064 I/tvos    ( 1764): #12|->SDK_bPermanentAudioMute:0<-|->SDK_bMomentAudioMute:0<-|->SDK_bByBlockAudioMute:0<-|
08-16 14:33:43.064 I/tvos    ( 1764): #12|->SDK_bByVChipAudioMute:0<-|->SDK_bInternal1AudioMute:0<-|->SDK_bInternal4AudioMute:0<-|
08-16 14:33:43.064 I/tvos    ( 1764): #12|->SDK_bByDuringLimitedTimeAudioMute:0<-|->SDK_bSourceSwitchAudioMute:0<-|->SDK_bMHEGApMute:0<-|
08-16 14:33:43.064 I/tvos    ( 1764): #12|->SDK_bPowerOnMute:0<-|->SDK_bUsrSpdifAudioMute:1<-|->SDK_bNullSourceMute:0<-|->SDK_bByAppMute:0<-|
08-16 14:33:43.064 I/tvos    ( 1764): ---Amplifier_ALC1310_LR_SWMute(1)
08-16 14:33:43.064 I/tvos    ( 1764): ALC1310 mute write good, addr: 0x13, readback data : 49164, write cmd times : 1
08-16 14:33:43.065 I/tvos    ( 1764): SetSoundMuteStatus : m_hpMute : 1, m_spdifMute : 1, m_DataInMute : 0, m_channel7Mute : 0, m_internalMute : 0, m_spkrMute : 1, m_PcmCapture1Mute : 0, m_PcmCapture2Mute : 1 
08-16 14:33:43.095 E/BufferQueueProducer( 1749): [com.stv.feedback/com.stv.feedback.FeedbackActivity] connect(P): already connected (cur=1 req=1)
08-16 14:33:43.275 I/tvos    ( 1764): GetAudioOutputDevice, retval : 0
08-16 14:33:43.525 I/tvos    ( 1764): GetAudioOutputDevice, retval : 0
08-16 14:33:43.634 E/LetvRemoteupgradeManager-JNI( 2613): can't get LetvManager service!
08-16 14:33:43.653 I/APM::AudioPolicyEngine( 1758): getDeviceForStrategy, 359
08-16 14:33:43.776 I/tvos    ( 1764): GetAudioOutputDevice, retval : 0
08-16 14:33:44.026 I/tvos    ( 1764): GetAudioOutputDevice, retval : 0
08-16 14:33:44.276 I/tvos    ( 1764): GetAudioOutputDevice, retval : 0
08-16 14:33:44.527 I/tvos    ( 1764): GetAudioOutputDevice, retval : 0
08-16 14:33:44.573 W/InputDispatcher( 2207): findTouchedWindow finished: injectionResult=0, injectionPermission=1, timeSpentWaitingForApplication=0.0ms
08-16 14:33:44.576 W/InputDispatcher( 2207): findTouchedWindow finished: injectionResult=0, injectionPermission=1, timeSpentWaitingForApplication=0.0ms
08-16 14:33:44.592 I/SoundPool( 2207): enter : func play
08-16 14:33:44.595 I/APM::AudioPolicyEngine( 1758): getDeviceForStrategy, 359
