08-16 14:34:04.175 E/LETV_DEVICE( 1780): no name sn for Mstar
08-16 14:34:04.186 E/ActivityThread( 2837): Failed to find provider info for com.letv.agnes.InfoProvider
08-16 14:34:04.187 E/ActivityThread( 2837): Failed to find provider info for com.letv.agnes.InfoProvider
08-16 14:34:04.187 W/System.err( 2837): java.lang.IllegalArgumentException: Unknown URL content://com.letv.agnes.InfoProvider
08-16 14:34:04.187 W/System.err( 2837): 	at android.content.ContentResolver.insert(ContentResolver.java:1227)
08-16 14:34:04.187 W/System.err( 2837): 	at com.letv.tracker2.agnes.Configuration.addDebugInfo(Configuration.java:289)
08-16 14:34:04.187 W/System.err( 2837): 	at com.letv.tracker2.agnes.MessageProcessor$SendEnvMsgTr$1.handleMessage(MessageProcessor.java:661)
08-16 14:34:04.187 W/System.err( 2837): 	at android.os.Handler.dispatchMessage(Handler.java:102)
08-16 14:34:04.187 W/System.err( 2837): 	at android.os.Looper.loop(Looper.java:148)
08-16 14:34:04.188 W/System.err( 2837): 	at com.letv.tracker2.agnes.MessageProcessor$SendEnvMsgTr.run(MessageProcessor.java:665)
08-16 14:34:04.191 I/[T1.0.6.3]EuiAgnes_Server( 2837): resCode:1
08-16 14:34:04.191 I/[T1.0.6.3]EuiAgnes_Server( 2837): b[0]:0
08-16 14:34:04.311 I/tvos    ( 1764): GetAudioOutputDevice, retval : 0
08-16 14:34:04.561 I/tvos    ( 1764): GetAudioOutputDevice, retval : 0
08-16 14:34:04.636 E/LetvRemoteupgradeManager-JNI( 2613): can't get LetvManager service!
08-16 14:34:04.812 I/tvos    ( 1764): GetAudioOutputDevice, retval : 0
08-16 14:34:04.911 W/InputDispatcher( 2207): findTouchedWindow finished: injectionResult=0, injectionPermission=1, timeSpentWaitingForApplication=0.0ms
08-16 14:34:04.914 W/InputDispatcher( 2207): findTouchedWindow finished: injectionResult=0, injectionPermission=1, timeSpentWaitingForApplication=0.0ms
08-16 14:34:04.932 I/SoundPool( 2207): enter : func play
08-16 14:34:04.935 I/APM::AudioPolicyEngine( 1758): getDeviceForStrategy, 359
08-16 14:34:04.942 W/InputDispatcher( 2207): Focus left window: Window{b0cf891 u0 com.stv.feedback/com.stv.feedback.FeedbackActivity}
08-16 14:34:04.942 W/InputDispatcher( 2207): Focus entered window: Window{308ca70 u0 com.stv.feedback/com.stv.feedback.FeedbackActivity}
08-16 14:34:04.942 W/InputDispatcher( 2207): Window went away: Window{b0cf891 u0 com.stv.feedback/com.stv.feedback.FeedbackActivity}
08-16 14:34:04.945 I/audio_hw_primary( 1758): version:a00004 adev_create_audio_patch::mix->device 
08-16 14:34:04.945 I/audio_hw_primary( 1758): adev_create_audio_patch *handle=-1420227928 num_audio_patch=3
08-16 14:34:04.948 E/AudioManagerService( 1803): setAudioVolume(callingPid 1758, clientPid 1758, enSoundPath 0, volumn:0 )
08-16 14:34:04.950 I/tvos    ( 1764): SetVolume, subWooExist 0!
08-16 14:34:04.950 I/tvos    ( 1764): mapi_audio_customer::SetAbsoluteVolume: project name is X440M
08-16 14:34:04.950 I/tvos    ( 1764): SetAbsoluteVolume: uPercent : 0, path=52(speaker), VolumeInt=7f, VolumeFra=0
08-16 14:34:04.950 I/tvos    ( 1764): SetAbsoluteVolume: uPercent(currVol) : 0, realPath=52(default), VolumeInt=7f, VolumeFra=0
08-16 14:34:04.950 I/tvos    ( 1764): mapi_audio_customer::SetAbsoluteVolume: project name is X440M
08-16 14:34:04.950 I/tvos    ( 1764): SetAbsoluteVolume: uPercent : 0, path=49(HP), VolumeInt=7f, VolumeFra=0
08-16 14:34:04.950 I/tvos    ( 1764): SetAbsoluteVolume: uPercent(currVol) : 0, realPath=49(default), VolumeInt=7f, VolumeFra=0
08-16 14:34:04.950 I/tvos    ( 1764): mapi_audio_customer::SetAbsoluteVolume: project name is X440M
08-16 14:34:04.950 I/tvos    ( 1764): SetAbsoluteVolume, m_bBTDetect is false! 
08-16 14:34:04.950 I/tvos    ( 1764): mapi_audio_customer::SetAbsoluteVolume: project name is X440M
08-16 14:34:04.950 I/tvos    ( 1764): SetAbsoluteVolume: uPercent : 0, path=255(speaker), VolumeInt=7f, VolumeFra=0
08-16 14:34:04.950 I/tvos    ( 1764): SetAbsoluteVolume: uPercent(currVol) : 0, realPath=255(default), VolumeInt=7f, VolumeFra=0
08-16 14:34:04.950 I/tvos    ( 1764): [SetMuteStatus] call SetSoundMuteStatus, line : 10369, muteType: 4, onOff : 0 
08-16 14:34:04.950 I/tvos    ( 1764): [audioBSP] #1 m_internalMute : 0 ..
08-16 14:34:04.950 I/tvos    ( 1764): #1|->SDK_bPermanentAudioMute:0<-|->SDK_bMomentAudioMute:0 <-|->SDK_bBySyncAudioMute:0<-|->SDK_bByBlockAudioMute:0<-|->SDK_bByVChipAudioMute:0<-|
08-16 14:34:04.950 I/tvos    ( 1764): #1|->SDK_bInternal1AudioMute:0<-|->SDK_bInternal2AudioMute:0<-|->SDK_bInternal3AudioMute:0<-|->SDK_bInternal4AudioMute:0<-|
08-16 14:34:04.950 I/tvos    ( 1764): #1|->SDK_bByScanInOutchgCHchg:0<-|->SDK_bByDuringLimitedTimeAudioMute:0<-|->SDK_bSourceSwitchAudioMute:0<-|
08-16 14:34:04.950 I/tvos    ( 1764): #1|->SDK_bMHEGApMute:0<-|->SDK_bAllAudioMuteCtrl:0<-|->SDK_bPowerOnMute:0<-|->SDK_bNullSourceMute0<-|->SDK_bSetInputSourceAudioMute:0<-|
08-16 14:34:04.950 I/tvos    ( 1764): [audioBSP] #2 m_spkrMute : 0 ..|->SDK_bUsrSpkrAudioMute:0<-|->SDK_bPowerOnMute:0<-|->SDK_bByUserAudioMute:0<-|
08-16 14:34:04.950 I/tvos    ( 1764): [audioBSP] #3 m_PcmCapture2Mute:0 |->SDK_bByUserPcmCapture2Mute:0<-|->SDK_SUB_bByUserAudioMute:0<-|->SDK_bByUserAudioMute:0<-|
08-16 14:34:04.950 I/tvos    ( 1764): [audioBSP] #5 m_hpMute : 1 ..|->SDK_bUsrHpAudioMute:1<-|->SDK_bPowerOnMute:0<-|->SDK_bByUserAudioMute:0<-|
08-16 14:34:04.950 I/tvos    ( 1764): [audioBSP] #12 m_spdifMute : 1 ..
08-16 14:34:04.950 I/tvos    ( 1764): #12|->SDK_bPermanentAudioMute:0<-|->SDK_bMomentAudioMute:0<-|->SDK_bByBlockAudioMute:0<-|
08-16 14:34:04.950 I/tvos    ( 1764): #12|->SDK_bByVChipAudioMute:0<-|->SDK_bInternal1AudioMute:0<-|->SDK_bInternal4AudioMute:0<-|
08-16 14:34:04.950 I/tvos    ( 1764): #12|->SDK_bByDuringLimitedTimeAudioMute:0<-|->SDK_bSourceSwitchAudioMute:0<-|->SDK_bMHEGApMute:0<-|
08-16 14:34:04.950 I/tvos    ( 1764): #12|->SDK_bPowerOnMute:0<-|->SDK_bUsrSpdifAudioMute:1<-|->SDK_bNullSourceMute:0<-|->SDK_bByAppMute:0<-|
08-16 14:34:04.950 I/tvos    ( 1764): ---Amplifier_ALC1310_LR_SWMute(0)
08-16 14:34:04.954 I/AudioUtil( 1758): setParameters spk_volume=0
08-16 14:34:04.954 I/audio_hw_primary( 1758): adev_set_parameters: spk_volume=0
08-16 14:34:04.954 I/tvos    ( 1764): ALC1310 unmute good, addr: 0x13 readbackvalue: 4 
08-16 14:34:04.954 I/tvos    ( 1764): SetSoundMuteStatus : m_hpMute : 1, m_spdifMute : 1, m_DataInMute : 0, m_channel7Mute : 0, m_internalMute : 0, m_spkrMute : 0, m_PcmCapture1Mute : 0, m_PcmCapture2Mute : 0 
08-16 14:34:04.955 I/tvos    ( 1764): GetAudioOutputDevice, retval : 0
08-16 14:34:04.955 I/tvos    ( 1764): [SetMuteStatus] call SetSoundMuteStatus, line : 10369, muteType: 67108864, onOff : 1 
08-16 14:34:04.955 I/tvos    ( 1764): _TransMSrvMuteTypeToSDKMuteType: Err! muteType(67108864) is out of Range
08-16 14:34:04.958 I/tvos    ( 1764): [SetMuteStatus] call SetSoundMuteStatus, line : 10369, muteType: 4, onOff : 1 
08-16 14:34:04.958 I/tvos    ( 1764): [audioBSP] #1 m_internalMute : 0 ..
08-16 14:34:04.958 I/tvos    ( 1764): #1|->SDK_bPermanentAudioMute:0<-|->SDK_bMomentAudioMute:0 <-|->SDK_bBySyncAudioMute:0<-|->SDK_bByBlockAudioMute:0<-|->SDK_bByVChipAudioMute:0<-|
08-16 14:34:04.958 I/tvos    ( 1764): #1|->SDK_bInternal1AudioMute:0<-|->SDK_bInternal2AudioMute:0<-|->SDK_bInternal3AudioMute:0<-|->SDK_bInternal4AudioMute:0<-|
08-16 14:34:04.958 I/tvos    ( 1764): #1|->SDK_bByScanInOutchgCHchg:0<-|->SDK_bByDuringLimitedTimeAudioMute:0<-|->SDK_bSourceSwitchAudioMute:0<-|
08-16 14:34:04.958 I/tvos    ( 1764): #1|->SDK_bMHEGApMute:0<-|->SDK_bAllAudioMuteCtrl:0<-|->SDK_bPowerOnMute:0<-|->SDK_bNullSourceMute0<-|->SDK_bSetInputSourceAudioMute:0<-|
08-16 14:34:04.958 I/tvos    ( 1764): [audioBSP] #2 m_spkrMute : 1 ..|->SDK_bUsrSpkrAudioMute:0<-|->SDK_bPowerOnMute:0<-|->SDK_bByUserAudioMute:1<-|
08-16 14:34:04.958 I/tvos    ( 1764): [audioBSP] #3 m_PcmCapture2Mute:1 |->SDK_bByUserPcmCapture2Mute:0<-|->SDK_SUB_bByUserAudioMute:0<-|->SDK_bByUserAudioMute:1<-|
08-16 14:34:04.958 I/tvos    ( 1764): [audioBSP] #5 m_hpMute : 1 ..|->SDK_bUsrHpAudioMute:1<-|->SDK_bPowerOnMute:0<-|->SDK_bByUserAudioMute:1<-|
08-16 14:34:04.958 I/tvos    ( 1764): [audioBSP] #12 m_spdifMute : 1 ..
08-16 14:34:04.958 I/tvos    ( 1764): #12|->SDK_bPermanentAudioMute:0<-|->SDK_bMomentAudioMute:0<-|->SDK_bByBlockAudioMute:0<-|
08-16 14:34:04.958 I/tvos    ( 1764): #12|->SDK_bByVChipAudioMute:0<-|->SDK_bInternal1AudioMute:0<-|->SDK_bInternal4AudioMute:0<-|
08-16 14:34:04.958 I/tvos    ( 1764): #12|->SDK_bByDuringLimitedTimeAudioMute:0<-|->SDK_bSourceSwitchAudioMute:0<-|->SDK_bMHEGApMute:0<-|
08-16 14:34:04.958 I/tvos    ( 1764): #12|->SDK_bPowerOnMute:0<-|->SDK_bUsrSpdifAudioMute:1<-|->SDK_bNullSourceMute:0<-|->SDK_bByAppMute:0<-|
08-16 14:34:04.958 I/tvos    ( 1764): ---Amplifier_ALC1310_LR_SWMute(1)
08-16 14:34:04.958 I/tvos    ( 1764): ALC1310 mute write good, addr: 0x13, readback data : 49164, write cmd times : 1
08-16 14:34:04.959 I/tvos    ( 1764): SetSoundMuteStatus : m_hpMute : 1, m_spdifMute : 1, m_DataInMute : 0, m_channel7Mute : 0, m_internalMute : 0, m_spkrMute : 1, m_PcmCapture1Mute : 0, m_PcmCapture2Mute : 1 
08-16 14:34:05.062 I/tvos    ( 1764): GetAudioOutputDevice, retval : 0
08-16 14:34:05.312 I/tvos    ( 1764): GetAudioOutputDevice, retval : 0
08-16 14:34:05.545 I/APM::AudioPolicyEngine( 1758): getDeviceForStrategy, 359
08-16 14:34:05.563 I/tvos    ( 1764): GetAudioOutputDevice, retval : 0
08-16 14:34:05.813 I/tvos    ( 1764): GetAudioOutputDevice, retval : 0
08-16 14:34:06.064 I/tvos    ( 1764): GetAudioOutputDevice, retval : 0
08-16 14:34:06.314 I/tvos    ( 1764): GetAudioOutputDevice, retval : 0
08-16 14:34:06.495 I/WifiStateMachine( 2207):  DisconnectedState !CMD_START_SCAN  rt=512112928/512112928 -2 34119 ic=1 proc(ms):15012 dur:2825 cnt=34119 rssi=-127 f=-1 sc=0 link=-1 tx=0.0, 0.0, 0.0  rx=0.0 fiv=20000 [on:0 tx:0 rx:0 period:15010] from screen [on:0 period:1097921823]
08-16 14:34:06.495 I/WifiStateMachine( 2207): handlescanrequest  starting scan for 
08-16 14:34:06.495 I/WifiStateMachine( 2207): startscannative  starting scan for 
08-16 14:34:06.564 I/tvos    ( 1764): GetAudioOutputDevice, retval : 0
08-16 14:34:06.815 I/tvos    ( 1764): GetAudioOutputDevice, retval : 0
08-16 14:34:06.918 I/remotestatus( 2207): Msg.what is 101
08-16 14:34:06.918 I/WindowManager( 2207): turn cursor off
08-16 14:34:06.918 E/RemoteManager( 2207): RemoteManager is no longer support in eui6.5
08-16 14:34:06.918 W/InputDispatcher( 2207): findFocusedWindow finished: injectionResult=0, timeSpentWaitingForApplication=0.0ms
08-16 14:34:06.918 E/InputManager-JNI( 2207): call nativeDisableCursor method with hideCursor
08-16 14:34:06.923 I/SoundPool(20195): enter : func play
08-16 14:34:06.924 I/APM::AudioPolicyEngine( 1758): getDeviceForStrategy, 359
08-16 14:34:06.933 I/audio_hw_primary( 1758): version:a00004 adev_create_audio_patch::mix->device 
08-16 14:34:06.933 I/audio_hw_primary( 1758): adev_create_audio_patch *handle=-1420227928 num_audio_patch=3
08-16 14:34:06.935 E/AudioManagerService( 1803): setAudioVolume(callingPid 1758, clientPid 1758, enSoundPath 0, volumn:0 )
08-16 14:34:06.937 I/tvos    ( 1764): SetVolume, subWooExist 0!
08-16 14:34:06.937 I/tvos    ( 1764): mapi_audio_customer::SetAbsoluteVolume: project name is X440M
08-16 14:34:06.938 I/tvos    ( 1764): SetAbsoluteVolume: uPercent : 0, path=52(speaker), VolumeInt=7f, VolumeFra=0
08-16 14:34:06.938 I/tvos    ( 1764): SetAbsoluteVolume: uPercent(currVol) : 0, realPath=52(default), VolumeInt=7f, VolumeFra=0
08-16 14:34:06.938 I/tvos    ( 1764): mapi_audio_customer::SetAbsoluteVolume: project name is X440M
08-16 14:34:06.938 I/tvos    ( 1764): SetAbsoluteVolume: uPercent : 0, path=49(HP), VolumeInt=7f, VolumeFra=0
08-16 14:34:06.938 I/tvos    ( 1764): SetAbsoluteVolume: uPercent(currVol) : 0, realPath=49(default), VolumeInt=7f, VolumeFra=0
08-16 14:34:06.938 I/tvos    ( 1764): mapi_audio_customer::SetAbsoluteVolume: project name is X440M
08-16 14:34:06.938 I/tvos    ( 1764): SetAbsoluteVolume, m_bBTDetect is false! 
08-16 14:34:06.938 I/tvos    ( 1764): mapi_audio_customer::SetAbsoluteVolume: project name is X440M
08-16 14:34:06.938 I/tvos    ( 1764): SetAbsoluteVolume: uPercent : 0, path=255(speaker), VolumeInt=7f, VolumeFra=0
08-16 14:34:06.938 I/tvos    ( 1764): SetAbsoluteVolume: uPercent(currVol) : 0, realPath=255(default), VolumeInt=7f, VolumeFra=0
08-16 14:34:06.938 I/tvos    ( 1764): [SetMuteStatus] call SetSoundMuteStatus, line : 10369, muteType: 4, onOff : 0 
08-16 14:34:06.938 I/tvos    ( 1764): [audioBSP] #1 m_internalMute : 0 ..
08-16 14:34:06.938 I/tvos    ( 1764): #1|->SDK_bPermanentAudioMute:0<-|->SDK_bMomentAudioMute:0 <-|->SDK_bBySyncAudioMute:0<-|->SDK_bByBlockAudioMute:0<-|->SDK_bByVChipAudioMute:0<-|
08-16 14:34:06.938 I/tvos    ( 1764): #1|->SDK_bInternal1AudioMute:0<-|->SDK_bInternal2AudioMute:0<-|->SDK_bInternal3AudioMute:0<-|->SDK_bInternal4AudioMute:0<-|
08-16 14:34:06.938 I/tvos    ( 1764): #1|->SDK_bByScanInOutchgCHchg:0<-|->SDK_bByDuringLimitedTimeAudioMute:0<-|->SDK_bSourceSwitchAudioMute:0<-|
08-16 14:34:06.938 I/tvos    ( 1764): #1|->SDK_bMHEGApMute:0<-|->SDK_bAllAudioMuteCtrl:0<-|->SDK_bPowerOnMute:0<-|->SDK_bNullSourceMute0<-|->SDK_bSetInputSourceAudioMute:0<-|
08-16 14:34:06.938 I/tvos    ( 1764): [audioBSP] #2 m_spkrMute : 0 ..|->SDK_bUsrSpkrAudioMute:0<-|->SDK_bPowerOnMute:0<-|->SDK_bByUserAudioMute:0<-|
08-16 14:34:06.938 I/tvos    ( 1764): [audioBSP] #3 m_PcmCapture2Mute:0 |->SDK_bByUserPcmCapture2Mute:0<-|->SDK_SUB_bByUserAudioMute:0<-|->SDK_bByUserAudioMute:0<-|
08-16 14:34:06.938 I/tvos    ( 1764): [audioBSP] #5 m_hpMute : 1 ..|->SDK_bUsrHpAudioMute:1<-|->SDK_bPowerOnMute:0<-|->SDK_bByUserAudioMute:0<-|
08-16 14:34:06.938 I/tvos    ( 1764): [audioBSP] #12 m_spdifMute : 1 ..
08-16 14:34:06.938 I/tvos    ( 1764): #12|->SDK_bPermanentAudioMute:0<-|->SDK_bMomentAudioMute:0<-|->SDK_bByBlockAudioMute:0<-|
08-16 14:34:06.938 I/tvos    ( 1764): #12|->SDK_bByVChipAudioMute:0<-|->SDK_bInternal1AudioMute:0<-|->SDK_bInternal4AudioMute:0<-|
08-16 14:34:06.938 I/tvos    ( 1764): #12|->SDK_bByDuringLimitedTimeAudioMute:0<-|->SDK_bSourceSwitchAudioMute:0<-|->SDK_bMHEGApMute:0<-|
08-16 14:34:06.938 I/tvos    ( 1764): #12|->SDK_bPowerOnMute:0<-|->SDK_bUsrSpdifAudioMute:1<-|->SDK_bNullSourceMute:0<-|->SDK_bByAppMute:0<-|
08-16 14:34:06.938 I/tvos    ( 1764): ---Amplifier_ALC1310_LR_SWMute(0)
08-16 14:34:06.938 I/tvos    ( 1764): ALC1310 unmute good, addr: 0x13 readbackvalue: 4 
08-16 14:34:06.940 I/AudioUtil( 1758): setParameters spk_volume=0
08-16 14:34:06.940 I/tvos    ( 1764): SetSoundMuteStatus : m_hpMute : 1, m_spdifMute : 1, m_DataInMute : 0, m_channel7Mute : 0, m_internalMute : 0, m_spkrMute : 0, m_PcmCapture1Mute : 0, m_PcmCapture2Mute : 0 
08-16 14:34:06.940 I/audio_hw_primary( 1758): adev_set_parameters: spk_volume=0
08-16 14:34:06.940 I/tvos    ( 1764): GetAudioOutputDevice, retval : 0
08-16 14:34:06.940 I/tvos    ( 1764): [SetMuteStatus] call SetSoundMuteStatus, line : 10369, muteType: 67108864, onOff : 1 
08-16 14:34:06.940 I/tvos    ( 1764): _TransMSrvMuteTypeToSDKMuteType: Err! muteType(67108864) is out of Range
08-16 14:34:06.942 I/tvos    ( 1764): [SetMuteStatus] call SetSoundMuteStatus, line : 10369, muteType: 4, onOff : 1 
08-16 14:34:06.942 I/tvos    ( 1764): [audioBSP] #1 m_internalMute : 0 ..
08-16 14:34:06.942 I/tvos    ( 1764): #1|->SDK_bPermanentAudioMute:0<-|->SDK_bMomentAudioMute:0 <-|->SDK_bBySyncAudioMute:0<-|->SDK_bByBlockAudioMute:0<-|->SDK_bByVChipAudioMute:0<-|
08-16 14:34:06.942 I/tvos    ( 1764): #1|->SDK_bInternal1AudioMute:0<-|->SDK_bInternal2AudioMute:0<-|->SDK_bInternal3AudioMute:0<-|->SDK_bInternal4AudioMute:0<-|
08-16 14:34:06.942 I/tvos    ( 1764): #1|->SDK_bByScanInOutchgCHchg:0<-|->SDK_bByDuringLimitedTimeAudioMute:0<-|->SDK_bSourceSwitchAudioMute:0<-|
08-16 14:34:06.942 I/tvos    ( 1764): #1|->SDK_bMHEGApMute:0<-|->SDK_bAllAudioMuteCtrl:0<-|->SDK_bPowerOnMute:0<-|->SDK_bNullSourceMute0<-|->SDK_bSetInputSourceAudioMute:0<-|
08-16 14:34:06.942 I/tvos    ( 1764): [audioBSP] #2 m_spkrMute : 1 ..|->SDK_bUsrSpkrAudioMute:0<-|->SDK_bPowerOnMute:0<-|->SDK_bByUserAudioMute:1<-|
08-16 14:34:06.942 I/tvos    ( 1764): [audioBSP] #3 m_PcmCapture2Mute:1 |->SDK_bByUserPcmCapture2Mute:0<-|->SDK_SUB_bByUserAudioMute:0<-|->SDK_bByUserAudioMute:1<-|
08-16 14:34:06.942 I/tvos    ( 1764): [audioBSP] #5 m_hpMute : 1 ..|->SDK_bUsrHpAudioMute:1<-|->SDK_bPowerOnMute:0<-|->SDK_bByUserAudioMute:1<-|
08-16 14:34:06.942 I/tvos    ( 1764): [audioBSP] #12 m_spdifMute : 1 ..
08-16 14:34:06.942 I/tvos    ( 1764): #12|->SDK_bPermanentAudioMute:0<-|->SDK_bMomentAudioMute:0<-|->SDK_bByBlockAudioMute:0<-|
08-16 14:34:06.942 I/tvos    ( 1764): #12|->SDK_bByVChipAudioMute:0<-|->SDK_bInternal1AudioMute:0<-|->SDK_bInternal4AudioMute:0<-|
08-16 14:34:06.942 I/tvos    ( 1764): #12|->SDK_bByDuringLimitedTimeAudioMute:0<-|->SDK_bSourceSwitchAudioMute:0<-|->SDK_bMHEGApMute:0<-|
08-16 14:34:06.942 I/tvos    ( 1764): #12|->SDK_bPowerOnMute:0<-|->SDK_bUsrSpdifAudioMute:1<-|->SDK_bNullSourceMute:0<-|->SDK_bByAppMute:0<-|
08-16 14:34:06.942 I/tvos    ( 1764): ---Amplifier_ALC1310_LR_SWMute(1)
08-16 14:34:06.942 I/tvos    ( 1764): ALC1310 mute write good, addr: 0x13, readback data : 49164, write cmd times : 1
08-16 14:34:06.945 I/tvos    ( 1764): SetSoundMuteStatus : m_hpMute : 1, m_spdifMute : 1, m_DataInMute : 0, m_channel7Mute : 0, m_internalMute : 0, m_spkrMute : 1, m_PcmCapture1Mute : 0, m_PcmCapture2Mute : 1 
08-16 14:34:06.949 W/InputDispatcher( 2207): findFocusedWindow finished: injectionResult=0, timeSpentWaitingForApplication=0.0ms
08-16 14:34:07.013 I/APM::AudioPolicyEngine( 1758): getDeviceForStrategy, 359
08-16 14:34:07.065 I/tvos    ( 1764): GetAudioOutputDevice, retval : 0
08-16 14:34:07.316 I/tvos    ( 1764): GetAudioOutputDevice, retval : 0
08-16 14:34:07.567 I/tvos    ( 1764): GetAudioOutputDevice, retval : 0
08-16 14:34:07.637 E/LetvRemoteupgradeManager-JNI( 2613): can't get LetvManager service!
08-16 14:34:07.817 I/tvos    ( 1764): GetAudioOutputDevice, retval : 0
08-16 14:34:08.068 I/tvos    ( 1764): GetAudioOutputDevice, retval : 0
08-16 14:34:08.318 I/tvos    ( 1764): GetAudioOutputDevice, retval : 0
08-16 14:34:08.465 W/InputDispatcher( 2207): findFocusedWindow finished: injectionResult=0, timeSpentWaitingForApplication=0.0ms
08-16 14:34:08.468 W/InputDispatcher( 2207): findFocusedWindow finished: injectionResult=0, timeSpentWaitingForApplication=0.0ms
08-16 14:34:08.471 I/SoundPool( 2207): enter : func play
08-16 14:34:08.472 I/APM::AudioPolicyEngine( 1758): getDeviceForStrategy, 359
08-16 14:34:08.473 I/System.out(20195): From style:
08-16 14:34:08.473 I/System.out(20195): Attrs: 3010001=0.6 3010002=#0 3010003=null 3010004=true
08-16 14:34:08.475 I/audio_hw_primary( 1758): version:a00004 adev_create_audio_patch::mix->device 
08-16 14:34:08.475 I/audio_hw_primary( 1758): adev_create_audio_patch *handle=-1420227928 num_audio_patch=3
08-16 14:34:08.476 E/AudioManagerService( 1803): setAudioVolume(callingPid 1758, clientPid 1758, enSoundPath 0, volumn:0 )
08-16 14:34:08.478 I/tvos    ( 1764): SetVolume, subWooExist 0!
08-16 14:34:08.478 I/tvos    ( 1764): mapi_audio_customer::SetAbsoluteVolume: project name is X440M
08-16 14:34:08.478 I/tvos    ( 1764): SetAbsoluteVolume: uPercent : 0, path=52(speaker), VolumeInt=7f, VolumeFra=0
08-16 14:34:08.478 I/tvos    ( 1764): SetAbsoluteVolume: uPercent(currVol) : 0, realPath=52(default), VolumeInt=7f, VolumeFra=0
08-16 14:34:08.478 I/tvos    ( 1764): mapi_audio_customer::SetAbsoluteVolume: project name is X440M
08-16 14:34:08.478 I/tvos    ( 1764): SetAbsoluteVolume: uPercent : 0, path=49(HP), VolumeInt=7f, VolumeFra=0
08-16 14:34:08.478 I/tvos    ( 1764): SetAbsoluteVolume: uPercent(currVol) : 0, realPath=49(default), VolumeInt=7f, VolumeFra=0
08-16 14:34:08.478 I/tvos    ( 1764): mapi_audio_customer::SetAbsoluteVolume: project name is X440M
08-16 14:34:08.478 I/tvos    ( 1764): SetAbsoluteVolume, m_bBTDetect is false! 
08-16 14:34:08.478 I/tvos    ( 1764): mapi_audio_customer::SetAbsoluteVolume: project name is X440M
08-16 14:34:08.479 I/tvos    ( 1764): SetAbsoluteVolume: uPercent : 0, path=255(speaker), VolumeInt=7f, VolumeFra=0
08-16 14:34:08.479 I/tvos    ( 1764): SetAbsoluteVolume: uPercent(currVol) : 0, realPath=255(default), VolumeInt=7f, VolumeFra=0
08-16 14:34:08.479 I/tvos    ( 1764): [SetMuteStatus] call SetSoundMuteStatus, line : 10369, muteType: 4, onOff : 0 
08-16 14:34:08.479 I/tvos    ( 1764): [audioBSP] #1 m_internalMute : 0 ..
08-16 14:34:08.479 I/tvos    ( 1764): #1|->SDK_bPermanentAudioMute:0<-|->SDK_bMomentAudioMute:0 <-|->SDK_bBySyncAudioMute:0<-|->SDK_bByBlockAudioMute:0<-|->SDK_bByVChipAudioMute:0<-|
08-16 14:34:08.479 I/tvos    ( 1764): #1|->SDK_bInternal1AudioMute:0<-|->SDK_bInternal2AudioMute:0<-|->SDK_bInternal3AudioMute:0<-|->SDK_bInternal4AudioMute:0<-|
08-16 14:34:08.479 I/tvos    ( 1764): #1|->SDK_bByScanInOutchgCHchg:0<-|->SDK_bByDuringLimitedTimeAudioMute:0<-|->SDK_bSourceSwitchAudioMute:0<-|
08-16 14:34:08.479 I/tvos    ( 1764): #1|->SDK_bMHEGApMute:0<-|->SDK_bAllAudioMuteCtrl:0<-|->SDK_bPowerOnMute:0<-|->SDK_bNullSourceMute0<-|->SDK_bSetInputSourceAudioMute:0<-|
08-16 14:34:08.479 I/tvos    ( 1764): [audioBSP] #2 m_spkrMute : 0 ..|->SDK_bUsrSpkrAudioMute:0<-|->SDK_bPowerOnMute:0<-|->SDK_bByUserAudioMute:0<-|
08-16 14:34:08.479 I/tvos    ( 1764): [audioBSP] #3 m_PcmCapture2Mute:0 |->SDK_bByUserPcmCapture2Mute:0<-|->SDK_SUB_bByUserAudioMute:0<-|->SDK_bByUserAudioMute:0<-|
08-16 14:34:08.479 I/tvos    ( 1764): [audioBSP] #5 m_hpMute : 1 ..|->SDK_bUsrHpAudioMute:1<-|->SDK_bPowerOnMute:0<-|->SDK_bByUserAudioMute:0<-|
08-16 14:34:08.479 I/tvos    ( 1764): [audioBSP] #12 m_spdifMute : 1 ..
08-16 14:34:08.479 I/tvos    ( 1764): #12|->SDK_bPermanentAudioMute:0<-|->SDK_bMomentAudioMute:0<-|->SDK_bByBlockAudioMute:0<-|
08-16 14:34:08.479 I/tvos    ( 1764): #12|->SDK_bByVChipAudioMute:0<-|->SDK_bInternal1AudioMute:0<-|->SDK_bInternal4AudioMute:0<-|
08-16 14:34:08.479 I/tvos    ( 1764): #12|->SDK_bByDuringLimitedTimeAudioMute:0<-|->SDK_bSourceSwitchAudioMute:0<-|->SDK_bMHEGApMute:0<-|
08-16 14:34:08.479 I/tvos    ( 1764): #12|->SDK_bPowerOnMute:0<-|->SDK_bUsrSpdifAudioMute:1<-|->SDK_bNullSourceMute:0<-|->SDK_bByAppMute:0<-|
08-16 14:34:08.479 I/tvos    ( 1764): ---Amplifier_ALC1310_LR_SWMute(0)
08-16 14:34:08.479 I/tvos    ( 1764): ALC1310 unmute good, addr: 0x13 readbackvalue: 4 
08-16 14:34:08.480 I/tvos    ( 1764): SetSoundMuteStatus : m_hpMute : 1, m_spdifMute : 1, m_DataInMute : 0, m_channel7Mute : 0, m_internalMute : 0, m_spkrMute : 0, m_PcmCapture1Mute : 0, m_PcmCapture2Mute : 0 
08-16 14:34:08.481 I/AudioUtil( 1758): setParameters spk_volume=0
08-16 14:34:08.481 I/audio_hw_primary( 1758): adev_set_parameters: spk_volume=0
08-16 14:34:08.481 I/tvos    ( 1764): GetAudioOutputDevice, retval : 0
08-16 14:34:08.482 I/tvos    ( 1764): [SetMuteStatus] call SetSoundMuteStatus, line : 10369, muteType: 67108864, onOff : 1 
08-16 14:34:08.482 I/tvos    ( 1764): _TransMSrvMuteTypeToSDKMuteType: Err! muteType(67108864) is out of Range
08-16 14:34:08.484 I/tvos    ( 1764): [SetMuteStatus] call SetSoundMuteStatus, line : 10369, muteType: 4, onOff : 1 
08-16 14:34:08.484 I/tvos    ( 1764): [audioBSP] #1 m_internalMute : 0 ..
08-16 14:34:08.484 I/tvos    ( 1764): #1|->SDK_bPermanentAudioMute:0<-|->SDK_bMomentAudioMute:0 <-|->SDK_bBySyncAudioMute:0<-|->SDK_bByBlockAudioMute:0<-|->SDK_bByVChipAudioMute:0<-|
08-16 14:34:08.484 I/tvos    ( 1764): #1|->SDK_bInternal1AudioMute:0<-|->SDK_bInternal2AudioMute:0<-|->SDK_bInternal3AudioMute:0<-|->SDK_bInternal4AudioMute:0<-|
08-16 14:34:08.484 I/tvos    ( 1764): #1|->SDK_bByScanInOutchgCHchg:0<-|->SDK_bByDuringLimitedTimeAudioMute:0<-|->SDK_bSourceSwitchAudioMute:0<-|
08-16 14:34:08.484 I/tvos    ( 1764): #1|->SDK_bMHEGApMute:0<-|->SDK_bAllAudioMuteCtrl:0<-|->SDK_bPowerOnMute:0<-|->SDK_bNullSourceMute0<-|->SDK_bSetInputSourceAudioMute:0<-|
08-16 14:34:08.484 I/tvos    ( 1764): [audioBSP] #2 m_spkrMute : 1 ..|->SDK_bUsrSpkrAudioMute:0<-|->SDK_bPowerOnMute:0<-|->SDK_bByUserAudioMute:1<-|
08-16 14:34:08.484 I/tvos    ( 1764): [audioBSP] #3 m_PcmCapture2Mute:1 |->SDK_bByUserPcmCapture2Mute:0<-|->SDK_SUB_bByUserAudioMute:0<-|->SDK_bByUserAudioMute:1<-|
08-16 14:34:08.484 I/tvos    ( 1764): [audioBSP] #5 m_hpMute : 1 ..|->SDK_bUsrHpAudioMute:1<-|->SDK_bPowerOnMute:0<-|->SDK_bByUserAudioMute:1<-|
08-16 14:34:08.484 I/tvos    ( 1764): [audioBSP] #12 m_spdifMute : 1 ..
08-16 14:34:08.484 I/tvos    ( 1764): #12|->SDK_bPermanentAudioMute:0<-|->SDK_bMomentAudioMute:0<-|->SDK_bByBlockAudioMute:0<-|
08-16 14:34:08.484 I/tvos    ( 1764): #12|->SDK_bByVChipAudioMute:0<-|->SDK_bInternal1AudioMute:0<-|->SDK_bInternal4AudioMute:0<-|
08-16 14:34:08.484 I/tvos    ( 1764): #12|->SDK_bByDuringLimitedTimeAudioMute:0<-|->SDK_bSourceSwitchAudioMute:0<-|->SDK_bMHEGApMute:0<-|
08-16 14:34:08.484 I/tvos    ( 1764): #12|->SDK_bPowerOnMute:0<-|->SDK_bUsrSpdifAudioMute:1<-|->SDK_bNullSourceMute:0<-|->SDK_bByAppMute:0<-|
08-16 14:34:08.484 I/tvos    ( 1764): ---Amplifier_ALC1310_LR_SWMute(1)
08-16 14:34:08.484 I/tvos    ( 1764): ALC1310 mute write good, addr: 0x13, readback data : 49164, write cmd times : 1
08-16 14:34:08.487 I/tvos    ( 1764): SetSoundMuteStatus : m_hpMute : 1, m_spdifMute : 1, m_DataInMute : 0, m_channel7Mute : 0, m_internalMute : 0, m_spkrMute : 1, m_PcmCapture1Mute : 0, m_PcmCapture2Mute : 1 
08-16 14:34:08.487 W/InputDispatcher( 2207): Focus left window: Window{308ca70 u0 com.stv.feedback/com.stv.feedback.FeedbackActivity}
08-16 14:34:08.487 W/InputDispatcher( 2207): Focus entered window: Window{77743f7 u0 com.stv.feedback/com.stv.feedback.FeedbackActivity}
08-16 14:34:08.515 E/BufferQueueProducer( 1749): [com.stv.feedback/com.stv.feedback.FeedbackActivity] connect(P): already connected (cur=1 req=1)
08-16 14:34:08.568 I/tvos    ( 1764): GetAudioOutputDevice, retval : 0
08-16 14:34:08.819 I/tvos    ( 1764): GetAudioOutputDevice, retval : 0
08-16 14:34:08.888 E/InternetUtils( 4594): java.net.SocketTimeoutException: failed to connect to www.cibn.com/61.133.127.115 (port 80) after 3000ms
08-16 14:34:09.069 I/tvos    ( 1764): GetAudioOutputDevice, retval : 0
08-16 14:34:09.085 I/APM::AudioPolicyEngine( 1758): getDeviceForStrategy, 359
08-16 14:34:09.320 I/tvos    ( 1764): GetAudioOutputDevice, retval : 0
08-16 14:34:09.348 I/WifiStateMachine( 2207):  DisconnectedState !SCAN_RESULTS_EVENT  rt=512115781/512115781 0 0 found=177 known=0 got=177 bcn=0 con=0
08-16 14:34:09.348 I/WifiStateMachine( 2207):  ConnectModeState !SCAN_RESULTS_EVENT  rt=512115781/512115781 0 0 found=177 known=0 got=177 bcn=0 con=0
08-16 14:34:09.348 I/WifiStateMachine( 2207):  DriverStartedState !SCAN_RESULTS_EVENT  rt=512115781/512115781 0 0 found=177 known=0 got=177 bcn=0 con=0
08-16 14:34:09.348 I/WifiStateMachine( 2207):  SupplicantStartedState !SCAN_RESULTS_EVENT  rt=512115782/512115782 0 0 found=177 known=0 got=177 bcn=0 con=0
08-16 14:34:09.419 I/WifiStateMachine( 2207): setscanresults newsupplicantresult
08-16 14:34:09.571 I/tvos    ( 1764): GetAudioOutputDevice, retval : 0
08-16 14:34:09.821 I/tvos    ( 1764): GetAudioOutputDevice, retval : 0
08-16 14:34:09.999 W/InputDispatcher( 2207): findTouchedWindow finished: injectionResult=0, injectionPermission=1, timeSpentWaitingForApplication=0.0ms
08-16 14:34:10.002 W/InputDispatcher( 2207): findTouchedWindow finished: injectionResult=0, injectionPermission=1, timeSpentWaitingForApplication=0.0ms
08-16 14:34:10.013 I/SoundPool( 2207): enter : func play
08-16 14:34:10.015 I/APM::AudioPolicyEngine( 1758): getDeviceForStrategy, 359
08-16 14:34:10.021 I/audio_hw_primary( 1758): version:a00004 adev_create_audio_patch::mix->device 
08-16 14:34:10.021 W/InputDispatcher( 2207): Focus left window: Window{77743f7 u0 com.stv.feedback/com.stv.feedback.FeedbackActivity}
08-16 14:34:10.021 I/audio_hw_primary( 1758): adev_create_audio_patch *handle=-1420227928 num_audio_patch=3
08-16 14:34:10.021 W/InputDispatcher( 2207): Focus entered window: Window{308ca70 u0 com.stv.feedback/com.stv.feedback.FeedbackActivity}
08-16 14:34:10.021 W/InputDispatcher( 2207): Window went away: Window{77743f7 u0 com.stv.feedback/com.stv.feedback.FeedbackActivity}
08-16 14:34:10.024 E/AudioManagerService( 1803): setAudioVolume(callingPid 1758, clientPid 1758, enSoundPath 0, volumn:0 )
08-16 14:34:10.026 I/tvos    ( 1764): SetVolume, subWooExist 0!
08-16 14:34:10.026 I/tvos    ( 1764): mapi_audio_customer::SetAbsoluteVolume: project name is X440M
08-16 14:34:10.026 I/tvos    ( 1764): SetAbsoluteVolume: uPercent : 0, path=52(speaker), VolumeInt=7f, VolumeFra=0
08-16 14:34:10.026 I/tvos    ( 1764): SetAbsoluteVolume: uPercent(currVol) : 0, realPath=52(default), VolumeInt=7f, VolumeFra=0
08-16 14:34:10.026 I/tvos    ( 1764): mapi_audio_customer::SetAbsoluteVolume: project name is X440M
08-16 14:34:10.026 I/tvos    ( 1764): SetAbsoluteVolume: uPercent : 0, path=49(HP), VolumeInt=7f, VolumeFra=0
08-16 14:34:10.026 I/tvos    ( 1764): SetAbsoluteVolume: uPercent(currVol) : 0, realPath=49(default), VolumeInt=7f, VolumeFra=0
08-16 14:34:10.026 I/tvos    ( 1764): mapi_audio_customer::SetAbsoluteVolume: project name is X440M
08-16 14:34:10.026 I/tvos    ( 1764): SetAbsoluteVolume, m_bBTDetect is false! 
08-16 14:34:10.026 I/tvos    ( 1764): mapi_audio_customer::SetAbsoluteVolume: project name is X440M
08-16 14:34:10.026 I/tvos    ( 1764): SetAbsoluteVolume: uPercent : 0, path=255(speaker), VolumeInt=7f, VolumeFra=0
08-16 14:34:10.026 I/tvos    ( 1764): SetAbsoluteVolume: uPercent(currVol) : 0, realPath=255(default), VolumeInt=7f, VolumeFra=0
08-16 14:34:10.027 I/tvos    ( 1764): [SetMuteStatus] call SetSoundMuteStatus, line : 10369, muteType: 4, onOff : 0 
08-16 14:34:10.027 I/tvos    ( 1764): [audioBSP] #1 m_internalMute : 0 ..
08-16 14:34:10.027 I/tvos    ( 1764): #1|->SDK_bPermanentAudioMute:0<-|->SDK_bMomentAudioMute:0 <-|->SDK_bBySyncAudioMute:0<-|->SDK_bByBlockAudioMute:0<-|->SDK_bByVChipAudioMute:0<-|
08-16 14:34:10.027 I/tvos    ( 1764): #1|->SDK_bInternal1AudioMute:0<-|->SDK_bInternal2AudioMute:0<-|->SDK_bInternal3AudioMute:0<-|->SDK_bInternal4AudioMute:0<-|
08-16 14:34:10.027 I/tvos    ( 1764): #1|->SDK_bByScanInOutchgCHchg:0<-|->SDK_bByDuringLimitedTimeAudioMute:0<-|->SDK_bSourceSwitchAudioMute:0<-|
08-16 14:34:10.027 I/tvos    ( 1764): #1|->SDK_bMHEGApMute:0<-|->SDK_bAllAudioMuteCtrl:0<-|->SDK_bPowerOnMute:0<-|->SDK_bNullSourceMute0<-|->SDK_bSetInputSourceAudioMute:0<-|
08-16 14:34:10.027 I/tvos    ( 1764): [audioBSP] #2 m_spkrMute : 0 ..|->SDK_bUsrSpkrAudioMute:0<-|->SDK_bPowerOnMute:0<-|->SDK_bByUserAudioMute:0<-|
08-16 14:34:10.027 I/tvos    ( 1764): [audioBSP] #3 m_PcmCapture2Mute:0 |->SDK_bByUserPcmCapture2Mute:0<-|->SDK_SUB_bByUserAudioMute:0<-|->SDK_bByUserAudioMute:0<-|
08-16 14:34:10.027 I/tvos    ( 1764): [audioBSP] #5 m_hpMute : 1 ..|->SDK_bUsrHpAudioMute:1<-|->SDK_bPowerOnMute:0<-|->SDK_bByUserAudioMute:0<-|
08-16 14:34:10.027 I/tvos    ( 1764): [audioBSP] #12 m_spdifMute : 1 ..
08-16 14:34:10.027 I/tvos    ( 1764): #12|->SDK_bPermanentAudioMute:0<-|->SDK_bMomentAudioMute:0<-|->SDK_bByBlockAudioMute:0<-|
08-16 14:34:10.027 I/tvos    ( 1764): #12|->SDK_bByVChipAudioMute:0<-|->SDK_bInternal1AudioMute:0<-|->SDK_bInternal4AudioMute:0<-|
08-16 14:34:10.027 I/tvos    ( 1764): #12|->SDK_bByDuringLimitedTimeAudioMute:0<-|->SDK_bSourceSwitchAudioMute:0<-|->SDK_bMHEGApMute:0<-|
08-16 14:34:10.027 I/tvos    ( 1764): #12|->SDK_bPowerOnMute:0<-|->SDK_bUsrSpdifAudioMute:1<-|->SDK_bNullSourceMute:0<-|->SDK_bByAppMute:0<-|
08-16 14:34:10.027 I/tvos    ( 1764): ---Amplifier_ALC1310_LR_SWMute(0)
08-16 14:34:10.027 I/tvos    ( 1764): ALC1310 unmute good, addr: 0x13 readbackvalue: 4 
08-16 14:34:10.029 I/tvos    ( 1764): SetSoundMuteStatus : m_hpMute : 1, m_spdifMute : 1, m_DataInMute : 0, m_channel7Mute : 0, m_internalMute : 0, m_spkrMute : 0, m_PcmCapture1Mute : 0, m_PcmCapture2Mute : 0 
08-16 14:34:10.029 I/AudioUtil( 1758): setParameters spk_volume=0
08-16 14:34:10.029 I/audio_hw_primary( 1758): adev_set_parameters: spk_volume=0
08-16 14:34:10.029 I/tvos    ( 1764): GetAudioOutputDevice, retval : 0
08-16 14:34:10.030 I/tvos    ( 1764): [SetMuteStatus] call SetSoundMuteStatus, line : 10369, muteType: 67108864, onOff : 1 
08-16 14:34:10.030 I/tvos    ( 1764): _TransMSrvMuteTypeToSDKMuteType: Err! muteType(67108864) is out of Range
08-16 14:34:10.033 I/tvos    ( 1764): [SetMuteStatus] call SetSoundMuteStatus, line : 10369, muteType: 4, onOff : 1 
08-16 14:34:10.033 I/tvos    ( 1764): [audioBSP] #1 m_internalMute : 0 ..
08-16 14:34:10.033 I/tvos    ( 1764): #1|->SDK_bPermanentAudioMute:0<-|->SDK_bMomentAudioMute:0 <-|->SDK_bBySyncAudioMute:0<-|->SDK_bByBlockAudioMute:0<-|->SDK_bByVChipAudioMute:0<-|
08-16 14:34:10.033 I/tvos    ( 1764): #1|->SDK_bInternal1AudioMute:0<-|->SDK_bInternal2AudioMute:0<-|->SDK_bInternal3AudioMute:0<-|->SDK_bInternal4AudioMute:0<-|
08-16 14:34:10.033 I/tvos    ( 1764): #1|->SDK_bByScanInOutchgCHchg:0<-|->SDK_bByDuringLimitedTimeAudioMute:0<-|->SDK_bSourceSwitchAudioMute:0<-|
08-16 14:34:10.033 I/tvos    ( 1764): #1|->SDK_bMHEGApMute:0<-|->SDK_bAllAudioMuteCtrl:0<-|->SDK_bPowerOnMute:0<-|->SDK_bNullSourceMute0<-|->SDK_bSetInputSourceAudioMute:0<-|
08-16 14:34:10.033 I/tvos    ( 1764): [audioBSP] #2 m_spkrMute : 1 ..|->SDK_bUsrSpkrAudioMute:0<-|->SDK_bPowerOnMute:0<-|->SDK_bByUserAudioMute:1<-|
08-16 14:34:10.033 I/tvos    ( 1764): [audioBSP] #3 m_PcmCapture2Mute:1 |->SDK_bByUserPcmCapture2Mute:0<-|->SDK_SUB_bByUserAudioMute:0<-|->SDK_bByUserAudioMute:1<-|
08-16 14:34:10.033 I/tvos    ( 1764): [audioBSP] #5 m_hpMute : 1 ..|->SDK_bUsrHpAudioMute:1<-|->SDK_bPowerOnMute:0<-|->SDK_bByUserAudioMute:1<-|
08-16 14:34:10.033 I/tvos    ( 1764): [audioBSP] #12 m_spdifMute : 1 ..
08-16 14:34:10.033 I/tvos    ( 1764): #12|->SDK_bPermanentAudioMute:0<-|->SDK_bMomentAudioMute:0<-|->SDK_bByBlockAudioMute:0<-|
08-16 14:34:10.033 I/tvos    ( 1764): #12|->SDK_bByVChipAudioMute:0<-|->SDK_bInternal1AudioMute:0<-|->SDK_bInternal4AudioMute:0<-|
08-16 14:34:10.033 I/tvos    ( 1764): #12|->SDK_bByDuringLimitedTimeAudioMute:0<-|->SDK_bSourceSwitchAudioMute:0<-|->SDK_bMHEGApMute:0<-|
08-16 14:34:10.033 I/tvos    ( 1764): #12|->SDK_bPowerOnMute:0<-|->SDK_bUsrSpdifAudioMute:1<-|->SDK_bNullSourceMute:0<-|->SDK_bByAppMute:0<-|
08-16 14:34:10.033 I/tvos    ( 1764): ---Amplifier_ALC1310_LR_SWMute(1)
08-16 14:34:10.033 I/tvos    ( 1764): ALC1310 mute write good, addr: 0x13, readback data : 49164, write cmd times : 1
08-16 14:34:10.035 I/tvos    ( 1764): SetSoundMuteStatus : m_hpMute : 1, m_spdifMute : 1, m_DataInMute : 0, m_channel7Mute : 0, m_internalMute : 0, m_spkrMute : 1, m_PcmCapture1Mute : 0, m_PcmCapture2Mute : 1 
08-16 14:34:10.072 I/tvos    ( 1764): GetAudioOutputDevice, retval : 0
08-16 14:34:10.322 I/tvos    ( 1764): GetAudioOutputDevice, retval : 0
08-16 14:34:10.572 I/tvos    ( 1764): GetAudioOutputDevice, retval : 0
08-16 14:34:10.621 I/APM::AudioPolicyEngine( 1758): getDeviceForStrategy, 359
08-16 14:34:10.637 E/LetvRemoteupgradeManager-JNI( 2613): can't get LetvManager service!
08-16 14:34:10.823 I/tvos    ( 1764): GetAudioOutputDevice, retval : 0
08-16 14:34:11.073 I/tvos    ( 1764): GetAudioOutputDevice, retval : 0
08-16 14:34:11.323 I/tvos    ( 1764): GetAudioOutputDevice, retval : 0
08-16 14:34:11.574 I/tvos    ( 1764): GetAudioOutputDevice, retval : 0
08-16 14:34:11.824 I/tvos    ( 1764): GetAudioOutputDevice, retval : 0
08-16 14:34:12.006 I/remotestatus( 2207): Msg.what is 101
08-16 14:34:12.006 I/WindowManager( 2207): turn cursor off
08-16 14:34:12.006 E/RemoteManager( 2207): RemoteManager is no longer support in eui6.5
08-16 14:34:12.006 W/InputDispatcher( 2207): findFocusedWindow finished: injectionResult=0, timeSpentWaitingForApplication=0.0ms
08-16 14:34:12.006 E/InputManager-JNI( 2207): call nativeDisableCursor method with hideCursor
08-16 14:34:12.010 W/InputDispatcher( 2207): findFocusedWindow finished: injectionResult=0, timeSpentWaitingForApplication=0.0ms
08-16 14:34:12.075 I/tvos    ( 1764): GetAudioOutputDevice, retval : 0
08-16 14:34:12.183 I/LetvManager-LogReport( 1780): [send_msg] line: 490 report url = http://log.hdtv.cp21.ott.cibntv.net:80/api/log/heartbeat
08-16 14:34:12.325 I/tvos    ( 1764): GetAudioOutputDevice, retval : 0
08-16 14:34:12.576 I/tvos    ( 1764): GetAudioOutputDevice, retval : 0
08-16 14:34:12.826 I/tvos    ( 1764): GetAudioOutputDevice, retval : 0
08-16 14:34:13.076 I/tvos    ( 1764): GetAudioOutputDevice, retval : 0
08-16 14:34:13.327 I/tvos    ( 1764): GetAudioOutputDevice, retval : 0
08-16 14:34:13.513 I/remotestatus( 2207): Msg.what is 101
08-16 14:34:13.514 I/WindowManager( 2207): turn cursor off
08-16 14:34:13.514 E/RemoteManager( 2207): RemoteManager is no longer support in eui6.5
08-16 14:34:13.514 W/InputDispatcher( 2207): findFocusedWindow finished: injectionResult=0, timeSpentWaitingForApplication=0.0ms
08-16 14:34:13.516 E/InputManager-JNI( 2207): call nativeDisableCursor method with hideCursor
08-16 14:34:13.521 I/TVFeedback(20195): BaseActivity -- onFocus: isFocused = true
08-16 14:34:13.530 I/BrowseView(20195): onSideTabExpand true
08-16 14:34:13.530 I/SoundPool(20195): enter : func play
08-16 14:34:13.531 I/APM::AudioPolicyEngine( 1758): getDeviceForStrategy, 359
08-16 14:34:13.535 I/audio_hw_primary( 1758): version:a00004 adev_create_audio_patch::mix->device 
08-16 14:34:13.535 I/audio_hw_primary( 1758): adev_create_audio_patch *handle=-1420227928 num_audio_patch=3
08-16 14:34:13.536 E/AudioManagerService( 1803): setAudioVolume(callingPid 1758, clientPid 1758, enSoundPath 0, volumn:0 )
08-16 14:34:13.539 I/tvos    ( 1764): SetVolume, subWooExist 0!
08-16 14:34:13.539 I/tvos    ( 1764): mapi_audio_customer::SetAbsoluteVolume: project name is X440M
08-16 14:34:13.539 I/tvos    ( 1764): SetAbsoluteVolume: uPercent : 0, path=52(speaker), VolumeInt=7f, VolumeFra=0
08-16 14:34:13.539 I/tvos    ( 1764): SetAbsoluteVolume: uPercent(currVol) : 0, realPath=52(default), VolumeInt=7f, VolumeFra=0
08-16 14:34:13.539 I/tvos    ( 1764): mapi_audio_customer::SetAbsoluteVolume: project name is X440M
08-16 14:34:13.539 I/tvos    ( 1764): SetAbsoluteVolume: uPercent : 0, path=49(HP), VolumeInt=7f, VolumeFra=0
08-16 14:34:13.539 I/tvos    ( 1764): SetAbsoluteVolume: uPercent(currVol) : 0, realPath=49(default), VolumeInt=7f, VolumeFra=0
08-16 14:34:13.539 I/tvos    ( 1764): mapi_audio_customer::SetAbsoluteVolume: project name is X440M
08-16 14:34:13.539 I/tvos    ( 1764): SetAbsoluteVolume, m_bBTDetect is false! 
08-16 14:34:13.539 I/tvos    ( 1764): mapi_audio_customer::SetAbsoluteVolume: project name is X440M
08-16 14:34:13.539 I/tvos    ( 1764): SetAbsoluteVolume: uPercent : 0, path=255(speaker), VolumeInt=7f, VolumeFra=0
08-16 14:34:13.539 I/tvos    ( 1764): SetAbsoluteVolume: uPercent(currVol) : 0, realPath=255(default), VolumeInt=7f, VolumeFra=0
08-16 14:34:13.539 I/tvos    ( 1764): [SetMuteStatus] call SetSoundMuteStatus, line : 10369, muteType: 4, onOff : 0 
08-16 14:34:13.539 I/tvos    ( 1764): [audioBSP] #1 m_internalMute : 0 ..
08-16 14:34:13.539 I/tvos    ( 1764): #1|->SDK_bPermanentAudioMute:0<-|->SDK_bMomentAudioMute:0 <-|->SDK_bBySyncAudioMute:0<-|->SDK_bByBlockAudioMute:0<-|->SDK_bByVChipAudioMute:0<-|
08-16 14:34:13.539 I/tvos    ( 1764): #1|->SDK_bInternal1AudioMute:0<-|->SDK_bInternal2AudioMute:0<-|->SDK_bInternal3AudioMute:0<-|->SDK_bInternal4AudioMute:0<-|
08-16 14:34:13.539 I/tvos    ( 1764): #1|->SDK_bByScanInOutchgCHchg:0<-|->SDK_bByDuringLimitedTimeAudioMute:0<-|->SDK_bSourceSwitchAudioMute:0<-|
08-16 14:34:13.539 I/tvos    ( 1764): #1|->SDK_bMHEGApMute:0<-|->SDK_bAllAudioMuteCtrl:0<-|->SDK_bPowerOnMute:0<-|->SDK_bNullSourceMute0<-|->SDK_bSetInputSourceAudioMute:0<-|
08-16 14:34:13.539 I/tvos    ( 1764): [audioBSP] #2 m_spkrMute : 0 ..|->SDK_bUsrSpkrAudioMute:0<-|->SDK_bPowerOnMute:0<-|->SDK_bByUserAudioMute:0<-|
08-16 14:34:13.539 I/tvos    ( 1764): [audioBSP] #3 m_PcmCapture2Mute:0 |->SDK_bByUserPcmCapture2Mute:0<-|->SDK_SUB_bByUserAudioMute:0<-|->SDK_bByUserAudioMute:0<-|
08-16 14:34:13.539 I/tvos    ( 1764): [audioBSP] #5 m_hpMute : 1 ..|->SDK_bUsrHpAudioMute:1<-|->SDK_bPowerOnMute:0<-|->SDK_bByUserAudioMute:0<-|
08-16 14:34:13.539 I/tvos    ( 1764): [audioBSP] #12 m_spdifMute : 1 ..
08-16 14:34:13.539 I/tvos    ( 1764): #12|->SDK_bPermanentAudioMute:0<-|->SDK_bMomentAudioMute:0<-|->SDK_bByBlockAudioMute:0<-|
08-16 14:34:13.539 I/tvos    ( 1764): #12|->SDK_bByVChipAudioMute:0<-|->SDK_bInternal1AudioMute:0<-|->SDK_bInternal4AudioMute:0<-|
08-16 14:34:13.539 I/tvos    ( 1764): #12|->SDK_bByDuringLimitedTimeAudioMute:0<-|->SDK_bSourceSwitchAudioMute:0<-|->SDK_bMHEGApMute:0<-|
08-16 14:34:13.539 I/tvos    ( 1764): #12|->SDK_bPowerOnMute:0<-|->SDK_bUsrSpdifAudioMute:1<-|->SDK_bNullSourceMute:0<-|->SDK_bByAppMute:0<-|
08-16 14:34:13.539 I/tvos    ( 1764): ---Amplifier_ALC1310_LR_SWMute(0)
08-16 14:34:13.539 I/tvos    ( 1764): ALC1310 unmute good, addr: 0x13 readbackvalue: 4 
08-16 14:34:13.542 I/tvos    ( 1764): SetSoundMuteStatus : m_hpMute : 1, m_spdifMute : 1, m_DataInMute : 0, m_channel7Mute : 0, m_internalMute : 0, m_spkrMute : 0, m_PcmCapture1Mute : 0, m_PcmCapture2Mute : 0 
08-16 14:34:13.542 I/AudioUtil( 1758): setParameters spk_volume=0
08-16 14:34:13.542 I/audio_hw_primary( 1758): adev_set_parameters: spk_volume=0
08-16 14:34:13.542 I/tvos    ( 1764): GetAudioOutputDevice, retval : 0
08-16 14:34:13.542 I/tvos    ( 1764): [SetMuteStatus] call SetSoundMuteStatus, line : 10369, muteType: 67108864, onOff : 1 
08-16 14:34:13.542 I/tvos    ( 1764): _TransMSrvMuteTypeToSDKMuteType: Err! muteType(67108864) is out of Range
08-16 14:34:13.544 I/tvos    ( 1764): [SetMuteStatus] call SetSoundMuteStatus, line : 10369, muteType: 4, onOff : 1 
08-16 14:34:13.544 I/tvos    ( 1764): [audioBSP] #1 m_internalMute : 0 ..
08-16 14:34:13.544 I/tvos    ( 1764): #1|->SDK_bPermanentAudioMute:0<-|->SDK_bMomentAudioMute:0 <-|->SDK_bBySyncAudioMute:0<-|->SDK_bByBlockAudioMute:0<-|->SDK_bByVChipAudioMute:0<-|
08-16 14:34:13.545 I/tvos    ( 1764): #1|->SDK_bInternal1AudioMute:0<-|->SDK_bInternal2AudioMute:0<-|->SDK_bInternal3AudioMute:0<-|->SDK_bInternal4AudioMute:0<-|
08-16 14:34:13.545 I/tvos    ( 1764): #1|->SDK_bByScanInOutchgCHchg:0<-|->SDK_bByDuringLimitedTimeAudioMute:0<-|->SDK_bSourceSwitchAudioMute:0<-|
08-16 14:34:13.545 I/tvos    ( 1764): #1|->SDK_bMHEGApMute:0<-|->SDK_bAllAudioMuteCtrl:0<-|->SDK_bPowerOnMute:0<-|->SDK_bNullSourceMute0<-|->SDK_bSetInputSourceAudioMute:0<-|
08-16 14:34:13.545 I/tvos    ( 1764): [audioBSP] #2 m_spkrMute : 1 ..|->SDK_bUsrSpkrAudioMute:0<-|->SDK_bPowerOnMute:0<-|->SDK_bByUserAudioMute:1<-|
08-16 14:34:13.545 I/tvos    ( 1764): [audioBSP] #3 m_PcmCapture2Mute:1 |->SDK_bByUserPcmCapture2Mute:0<-|->SDK_SUB_bByUserAudioMute:0<-|->SDK_bByUserAudioMute:1<-|
08-16 14:34:13.545 I/tvos    ( 1764): [audioBSP] #5 m_hpMute : 1 ..|->SDK_bUsrHpAudioMute:1<-|->SDK_bPowerOnMute:0<-|->SDK_bByUserAudioMute:1<-|
08-16 14:34:13.545 I/tvos    ( 1764): [audioBSP] #12 m_spdifMute : 1 ..
08-16 14:34:13.545 I/tvos    ( 1764): #12|->SDK_bPermanentAudioMute:0<-|->SDK_bMomentAudioMute:0<-|->SDK_bByBlockAudioMute:0<-|
08-16 14:34:13.545 I/tvos    ( 1764): #12|->SDK_bByVChipAudioMute:0<-|->SDK_bInternal1AudioMute:0<-|->SDK_bInternal4AudioMute:0<-|
08-16 14:34:13.545 I/tvos    ( 1764): #12|->SDK_bByDuringLimitedTimeAudioMute:0<-|->SDK_bSourceSwitchAudioMute:0<-|->SDK_bMHEGApMute:0<-|
08-16 14:34:13.545 I/tvos    ( 1764): #12|->SDK_bPowerOnMute:0<-|->SDK_bUsrSpdifAudioMute:1<-|->SDK_bNullSourceMute:0<-|->SDK_bByAppMute:0<-|
08-16 14:34:13.545 I/tvos    ( 1764): ---Amplifier_ALC1310_LR_SWMute(1)
08-16 14:34:13.545 I/tvos    ( 1764): ALC1310 mute write good, addr: 0x13, readback data : 49164, write cmd times : 1
08-16 14:34:13.547 I/tvos    ( 1764): SetSoundMuteStatus : m_hpMute : 1, m_spdifMute : 1, m_DataInMute : 0, m_channel7Mute : 0, m_internalMute : 0, m_spkrMute : 1, m_PcmCapture1Mute : 0, m_PcmCapture2Mute : 1 
08-16 14:34:13.552 W/InputDispatcher( 2207): findFocusedWindow finished: injectionResult=0, timeSpentWaitingForApplication=0.0ms
08-16 14:34:13.576 I/BrowseView(20195): --onItemSelected i : 2
08-16 14:34:13.577 I/tvos    ( 1764): GetAudioOutputDevice, retval : 0
08-16 14:34:13.633 I/APM::AudioPolicyEngine( 1758): getDeviceForStrategy, 359
08-16 14:34:13.638 E/LetvRemoteupgradeManager-JNI( 2613): can't get LetvManager service!
08-16 14:34:13.828 I/tvos    ( 1764): GetAudioOutputDevice, retval : 0
08-16 14:34:14.078 I/tvos    ( 1764): GetAudioOutputDevice, retval : 0
08-16 14:34:14.296 W/InputDispatcher( 2207): findFocusedWindow finished: injectionResult=0, timeSpentWaitingForApplication=0.0ms
08-16 14:34:14.296 I/remotestatus( 2207): Msg.what is 101
08-16 14:34:14.296 I/WindowManager( 2207): turn cursor off
08-16 14:34:14.296 E/RemoteManager( 2207): RemoteManager is no longer support in eui6.5
08-16 14:34:14.297 E/InputManager-JNI( 2207): call nativeDisableCursor method with hideCursor
08-16 14:34:14.300 W/InputDispatcher( 2207): findFocusedWindow finished: injectionResult=0, timeSpentWaitingForApplication=0.0ms
08-16 14:34:14.328 I/tvos    ( 1764): GetAudioOutputDevice, retval : 0
08-16 14:34:14.579 I/tvos    ( 1764): GetAudioOutputDevice, retval : 0
08-16 14:34:14.804 W/InputDispatcher( 2207): findFocusedWindow finished: injectionResult=0, timeSpentWaitingForApplication=0.0ms
08-16 14:34:14.807 W/InputDispatcher( 2207): findFocusedWindow finished: injectionResult=0, timeSpentWaitingForApplication=0.0ms
08-16 14:34:14.811 W/InputDispatcher( 2207): setFocusedApplication
08-16 14:34:14.813 W/InputDispatcher( 2207): Focus left window: Window{308ca70 u0 com.stv.feedback/com.stv.feedback.FeedbackActivity}
08-16 14:34:14.820 I/ActivityManager( 2207): TR12) TaskRecord{14b0d11 #1 A=com.stv.launcher U=0 sz=1}
08-16 14:34:14.820 I/ActivityManager( 2207): TR11) TaskRecord{813513c #30 A=com.stv.feedback U=0 sz=1}
08-16 14:34:14.821 I/ActivityManager( 2207): accel TR12) TaskRecord{14b0d11 #1 A=com.stv.launcher U=0 sz=1}
08-16 14:34:14.821 I/ActivityManager( 2207): accel TR11) TaskRecord{813513c #30 A=com.stv.feedback U=0 sz=1}
08-16 14:34:14.829 I/tvos    ( 1764): GetAudioOutputDevice, retval : 0
08-16 14:34:14.838 E/LETV_DEVICE( 1780): no name sn for Mstar
08-16 14:34:14.844 I/AnalysisLog( 3007): Activ:onStart----start:time='512121277'
08-16 14:34:14.844 I/TvLiveBaseFragment( 3007): onStart
08-16 14:34:14.847 I/Launcher( 3007): [com.stv.launcher] LauncherActivity -- onStart, switchByStr: false
08-16 14:34:14.848 I/AnalysisLog( 3007): Plugin:onFragmentShowChanged_show:com.stv.plugin.app----start:time='512121281'
08-16 14:34:14.848 I/AppPlugin( 3007): ReportLogUtil -- startExposureReport
08-16 14:34:14.850 I/AnalysisLog( 3007): Plugin:onFragmentShowChanged_show:com.stv.plugin.app----end:time='512121283'
08-16 14:34:14.854 I/AnalysisLog( 3007): Activ:onStart----end:time='512121287'
08-16 14:34:14.855 I/Launcher( 3007): [com.stv.launcher] LauncherActivity --  debug_tag onResume
08-16 14:34:14.856 I/AnalysisLog( 3007): Activ:onResume----start:time='512121289'
08-16 14:34:14.856 I/Launcher( 3007): [com.stv.launcher] boot video finished=1 bootAnifinished = 1 str =  strAdFinished = 3
08-16 14:34:14.856 I/Launcher( 3007): [com.stv.launcher] LauncherActivity -- onResume, switchByStr: false, bootAdFinish true
08-16 14:34:14.857 I/Launcher( 3007): [com.stv.launcher] LauncherActivity -- onResume mHandDetectStarted: false mHandDetectType: 0 mLastSelectedScreen = null
08-16 14:34:14.857 I/Launcher( 3007): [com.stv.launcher] PluginShell --  debug_tag  >>>>>> startLoadFirst <<<<<<
08-16 14:34:14.857 I/Launcher( 3007): [com.stv.launcher] PluginShell --  debug_tag  >>>>>> createPlugin <<<<<<
08-16 14:34:14.857 I/Launcher( 3007): [com.stv.launcher] PluginShell --  debug_tag  ** createPlugin but current has empty **
08-16 14:34:14.857 I/AnalysisLog( 3007): Activ:onResume----end:time='512121291'
08-16 14:34:14.858 I/AnalysisLog( 3007): Plugin:onAttach2onResume:com.letv.android.tv.letvlive----end:time='512121291'
08-16 14:34:14.858 I/TvLiveBaseFragment( 3007): onResume
08-16 14:34:14.858 I/AnalysisLog( 3007): Plugin:onAttach2onResume:com.stv.plugin.tencent----end:time='512121291'
08-16 14:34:14.858 I/AnalysisLog( 3007): Plugin:onAttach2onResume:com.stv.plugin.video----end:time='512121291'
08-16 14:34:14.858 I/AnalysisLog( 3007): Plugin:onAttach2onResume:com.stv.plugin.search----end:time='512121291'
08-16 14:34:14.858 I/ShoppingPlugin-stv-PluginFragment( 3007): onResume ->in
08-16 14:34:14.858 I/AnalysisLog( 3007): Plugin:onAttach2onResume:com.stv.shopping----end:time='512121291'
08-16 14:34:14.858 I/AnalysisLog( 3007): Plugin:onAttach2onResume:com.stv.plugin.kids----end:time='512121291'
08-16 14:34:14.858 I/AnalysisLog( 3007): Plugin:onAttach2onResume:com.stv.plugin.app----end:time='512121291'
08-16 14:34:14.858 I/AnalysisLog( 3007): Plugin:onAttach2onResume:com.stv.plugin.ucenter----end:time='512121291'
08-16 14:34:14.867 E/ActivityThread( 2837): Failed to find provider info for com.letv.agnes.InfoProvider
08-16 14:34:14.871 I/tvos    ( 1764): [37m[INFO] Change to Voltage: 1150 mV (0x22)[m
08-16 14:34:14.871 I/tvos    ( 1764): [37m[INFO] Change to Voltage: 1150 mV (0x25)[m
08-16 14:34:14.872 I/tvos    ( 1764): [37m[INFO] Change to Voltage: 1150 mV (0x28)[m
08-16 14:34:14.873 I/tvos    ( 1764): [37m[INFO] Change to Voltage: 1150 mV (0x2B)[m
08-16 14:34:14.874 I/tvos    ( 1764): [37m[INFO] Change to Voltage: 1150 mV (0x2E)[m
08-16 14:34:14.875 I/tvos    ( 1764): [37m[INFO] Change to Voltage: 1150 mV (0x2E)[m
08-16 14:34:14.877 E/ActivityThread( 2837): Failed to find provider info for com.letv.agnes.InfoProvider
08-16 14:34:14.877 W/System.err( 2837): java.lang.IllegalArgumentException: Unknown URL content://com.letv.agnes.InfoProvider
08-16 14:34:14.878 W/System.err( 2837): 	at android.content.ContentResolver.insert(ContentResolver.java:1227)
08-16 14:34:14.878 W/System.err( 2837): 	at com.letv.tracker2.agnes.Configuration.addDebugInfo(Configuration.java:289)
