08-16 14:34:14.878 W/System.err( 2837): 	at com.letv.tracker2.agnes.MessageProcessor$SendEnvMsgTr$1.handleMessage(MessageProcessor.java:661)
08-16 14:34:14.878 W/System.err( 2837): 	at android.os.Handler.dispatchMessage(Handler.java:102)
08-16 14:34:14.878 W/System.err( 2837): 	at android.os.Looper.loop(Looper.java:148)
08-16 14:34:14.878 W/System.err( 2837): 	at com.letv.tracker2.agnes.MessageProcessor$SendEnvMsgTr.run(MessageProcessor.java:665)
08-16 14:34:14.879 I/[T1.0.6.3]EuiAgnes_Server( 2837): resCode:1
08-16 14:34:14.879 I/[T1.0.6.3]EuiAgnes_Server( 2837): b[0]:0
08-16 14:34:14.887 W/InputDispatcher( 2207): Focus entered window: Window{23c0535 u0 com.stv.launcher/com.stv.launcher.ui.activity.Launcher}
08-16 14:34:14.893 E/BufferQueueProducer( 1749): [com.stv.launcher/com.stv.launcher.ui.activity.Launcher] connect(P): already connected (cur=1 req=1)
08-16 14:34:14.904 I/StvLogReport( 2837): StargazerReportTask, action=appClose&name=问题反馈&packagename=com.stv.feedback&versionCode=1&appVersionName=1.0.0&appType=1&mark=73&totalTime=42
08-16 14:34:14.911 I/StvLogReport( 2837): StargazerReportTask, reponse2 : {"status":"OK","statusCode":200,"message":"succeefully"}
08-16 14:34:14.915 E/LETV_DEVICE( 1780): no name sn for Mstar
08-16 14:34:14.989 I/LetvManager-LogReport( 1780): [send_msg] line: 490 report url = http://log.hdtv.cp21.ott.cibntv.net:80/api/log/tvAction
08-16 14:34:15.021 E/ActivityThread( 2837): Failed to find provider info for com.letv.agnes.InfoProvider
08-16 14:34:15.022 E/ActivityThread( 2837): Failed to find provider info for com.letv.agnes.InfoProvider
08-16 14:34:15.022 W/System.err( 2837): java.lang.IllegalArgumentException: Unknown URL content://com.letv.agnes.InfoProvider
08-16 14:34:15.023 W/System.err( 2837): 	at android.content.ContentResolver.insert(ContentResolver.java:1227)
08-16 14:34:15.023 W/System.err( 2837): 	at com.letv.tracker2.agnes.Configuration.addDebugInfo(Configuration.java:289)
08-16 14:34:15.023 W/System.err( 2837): 	at com.letv.tracker2.agnes.MessageProcessor$SendEnvMsgTr$1.handleMessage(MessageProcessor.java:661)
08-16 14:34:15.023 W/System.err( 2837): 	at android.os.Handler.dispatchMessage(Handler.java:102)
08-16 14:34:15.023 W/System.err( 2837): 	at android.os.Looper.loop(Looper.java:148)
08-16 14:34:15.023 W/System.err( 2837): 	at com.letv.tracker2.agnes.MessageProcessor$SendEnvMsgTr.run(MessageProcessor.java:665)
08-16 14:34:15.037 I/[T1.0.6.3]EuiAgnes_Server( 2837): resCode:1
08-16 14:34:15.037 I/[T1.0.6.3]EuiAgnes_Server( 2837): b[0]:0
08-16 14:34:15.080 I/tvos    ( 1764): GetAudioOutputDevice, retval : 0
08-16 14:34:15.147 I/ActivityManager( 2207): Displayed com.stv.launcher/.ui.activity.Launcher: +329ms
08-16 14:34:15.148 W/ContextImpl( 2207): Calling a method in the system process without a qualified user: android.app.ContextImpl.sendBroadcast:766 com.android.server.am.ActivityRecord.reportLaunchTimeLocked:1056 com.android.server.am.ActivityRecord.windowsDrawnLocked:1080 com.android.server.am.ActivityRecord$Token.windowsDrawn:345 com.android.server.wm.WindowManagerService$H.handleMessage:8042 
08-16 14:34:15.149 W/ContextImpl( 2613): Calling a method in the system process without a qualified user: android.app.ContextImpl.startService:1224 android.content.ContextWrapper.startService:581 com.stv.helper.service.TvMasterService.noteLaunchTime:169 letv.tvmaster.ITvMasterService$Stub.onTransact:136 android.os.Binder.execTransact:453 
08-16 14:34:15.196 I/LetvManager-LogReport( 1780): [send_msg] line: 490 report url = http://log.hdtv.cp21.ott.cibntv.net:80/api/log/tvAction
08-16 14:34:15.331 I/tvos    ( 1764): GetAudioOutputDevice, retval : 0
08-16 14:34:15.562 I/TVFeedback(20195): FeedbackActivity -- onDestroy
08-16 14:34:15.562 I/TVFeedback(20195): BaseActivity -- onDestroy
08-16 14:34:15.562 I/TVFeedback(20195): MyApplication -- onActivityDestroyed mVisible = 0, mIsWorkInit = false
08-16 14:34:15.567 W/InputDispatcher( 2207): Window went away: Window{308ca70 u0 com.stv.feedback/com.stv.feedback.FeedbackActivity}
08-16 14:34:15.582 I/tvos    ( 1764): GetAudioOutputDevice, retval : 0
08-16 14:34:15.653 W/InputDispatcher( 2207): findFocusedWindow finished: injectionResult=0, timeSpentWaitingForApplication=0.0ms
08-16 14:34:15.653 I/AppPlugin( 3007): AppWorkspace -- dispatchKeyEvent folderWorkspace back event no respose,so force hide folderWorkspace.
08-16 14:34:15.656 I/GlobalFocusChangedListe( 3007): com.stv.launcher.ui.widget.TabItemNew
08-16 14:34:15.672 W/InputDispatcher( 2207): findFocusedWindow finished: injectionResult=0, timeSpentWaitingForApplication=0.0ms
08-16 14:34:15.711 I/AppPlugin( 3007): ReportLogUtil -- startExposureReport
08-16 14:34:15.832 I/tvos    ( 1764): GetAudioOutputDevice, retval : 0
08-16 14:34:15.853 I/AppPlugin( 3007): AppFragment --  find index 0 view = Background {mUrl = http://picture-scloud.cp21.ott.cibntv.net/stargazer/1532585612302_1103 isTimeOut = false type = 2 mPluginID = null isDied = false}
08-16 14:34:15.853 I/AppPlugin( 3007): AppFragment --  remove bg 
08-16 14:34:16.082 I/tvos    ( 1764): GetAudioOutputDevice, retval : 0
08-16 14:34:16.319 W/InputDispatcher( 2207): findFocusedWindow finished: injectionResult=0, timeSpentWaitingForApplication=0.0ms
08-16 14:34:16.324 W/InputDispatcher( 2207): findFocusedWindow finished: injectionResult=0, timeSpentWaitingForApplication=0.0ms
08-16 14:34:16.333 I/tvos    ( 1764): GetAudioOutputDevice, retval : 0
08-16 14:34:16.584 I/tvos    ( 1764): GetAudioOutputDevice, retval : 0
08-16 14:34:16.638 E/LetvRemoteupgradeManager-JNI( 2613): can't get LetvManager service!
08-16 14:34:16.829 W/InputDispatcher( 2207): findFocusedWindow finished: injectionResult=0, timeSpentWaitingForApplication=0.0ms
08-16 14:34:16.835 I/tvos    ( 1764): GetAudioOutputDevice, retval : 0
08-16 14:34:16.837 W/InputDispatcher( 2207): findFocusedWindow finished: injectionResult=0, timeSpentWaitingForApplication=0.0ms
08-16 14:34:16.860 E/LETV_DEVICE( 1780): no name sn for Mstar
08-16 14:34:16.863 I/StvLogReport( 2837): StargazerReportTask, action=desktopShow&desktop=5&packageName=com.stv.plugin.app
08-16 14:34:16.866 E/ActivityThread( 2837): Failed to find provider info for com.letv.agnes.InfoProvider
08-16 14:34:16.867 E/ActivityThread( 2837): Failed to find provider info for com.letv.agnes.InfoProvider
08-16 14:34:16.867 W/System.err( 2837): java.lang.IllegalArgumentException: Unknown URL content://com.letv.agnes.InfoProvider
08-16 14:34:16.867 W/System.err( 2837): 	at android.content.ContentResolver.insert(ContentResolver.java:1227)
08-16 14:34:16.867 W/System.err( 2837): 	at com.letv.tracker2.agnes.Configuration.addDebugInfo(Configuration.java:289)
08-16 14:34:16.867 W/System.err( 2837): 	at com.letv.tracker2.agnes.MessageProcessor$SendEnvMsgTr$1.handleMessage(MessageProcessor.java:661)
08-16 14:34:16.867 W/System.err( 2837): 	at android.os.Handler.dispatchMessage(Handler.java:102)
08-16 14:34:16.867 W/System.err( 2837): 	at android.os.Looper.loop(Looper.java:148)
08-16 14:34:16.867 W/System.err( 2837): 	at com.letv.tracker2.agnes.MessageProcessor$SendEnvMsgTr.run(MessageProcessor.java:665)
08-16 14:34:16.872 I/StvLogReport( 2837): StargazerReportTask, reponse2 : {"status":"OK","statusCode":200,"message":"succeefully"}
08-16 14:34:16.873 I/AppPlugin( 3007): AppFragment -- handlerData isRefreshedUI = true isCanUpdate() = true isCanInit() = true
08-16 14:34:16.873 I/[T1.0.6.3]EuiAgnes_Server( 2837): resCode:1
08-16 14:34:16.874 I/[T1.0.6.3]EuiAgnes_Server( 2837): b[0]:0
08-16 14:34:17.002 I/LetvManager-LogReport( 1780): [send_msg] line: 490 report url = http://log.hdtv.cp21.ott.cibntv.net:80/api/log/tvAction
08-16 14:34:17.085 I/tvos    ( 1764): GetAudioOutputDevice, retval : 0
08-16 14:34:17.335 I/tvos    ( 1764): GetAudioOutputDevice, retval : 0
08-16 14:34:17.586 I/tvos    ( 1764): GetAudioOutputDevice, retval : 0
08-16 14:34:17.711 I/PluginFramework -- WidgetManager( 3007): getWidget id =#com.stv.plugin.app#
08-16 14:34:17.711 I/PluginFramework -- WidgetManager( 3007): getWidget widget = Widget{, mWidgetId=com.stv.plugin.app, mState=15, mLocation='/data/user/0/com.stv.launcher/files/plugins/com.stv.plugin.app_LetvAppPlugin_2.5.0.005_2018050710.apk', mVersionName='2.5.0.005', mVersionCode=2018050710, mName='LetvAppPlugin', mDexDir='/data/user/0/com.stv.launcher/files/plugins_data/com.stv.plugin.app/dex/', mLibDir='/data/user/0/com.stv.launcher/files/plugins_data/com.stv.plugin.app/libs/', mDataDir='/data/user/0/com.stv.launcher/files/plugins_data/com.stv.plugin.app'}
08-16 14:34:17.712 I/PluginFramework -- WidgetManager( 3007): getWidget id =#com.stv.plugin.app#
08-16 14:34:17.712 I/PluginFramework -- WidgetManager( 3007): getWidget widget = Widget{, mWidgetId=com.stv.plugin.app, mState=15, mLocation='/data/user/0/com.stv.launcher/files/plugins/com.stv.plugin.app_LetvAppPlugin_2.5.0.005_2018050710.apk', mVersionName='2.5.0.005', mVersionCode=2018050710, mName='LetvAppPlugin', mDexDir='/data/user/0/com.stv.launcher/files/plugins_data/com.stv.plugin.app/dex/', mLibDir='/data/user/0/com.stv.launcher/files/plugins_data/com.stv.plugin.app/libs/', mDataDir='/data/user/0/com.stv.launcher/files/plugins_data/com.stv.plugin.app'}
08-16 14:34:17.713 I/PluginFramework -- WidgetManager( 3007): getWidget id =#com.stv.plugin.app#
08-16 14:34:17.713 I/PluginFramework -- WidgetManager( 3007): getWidget widget = Widget{, mWidgetId=com.stv.plugin.app, mState=15, mLocation='/data/user/0/com.stv.launcher/files/plugins/com.stv.plugin.app_LetvAppPlugin_2.5.0.005_2018050710.apk', mVersionName='2.5.0.005', mVersionCode=2018050710, mName='LetvAppPlugin', mDexDir='/data/user/0/com.stv.launcher/files/plugins_data/com.stv.plugin.app/dex/', mLibDir='/data/user/0/com.stv.launcher/files/plugins_data/com.stv.plugin.app/libs/', mDataDir='/data/user/0/com.stv.launcher/files/plugins_data/com.stv.plugin.app'}
08-16 14:34:17.713 I/PluginFramework -- WidgetManager( 3007): getWidget id =#com.stv.plugin.app#
08-16 14:34:17.713 I/PluginFramework -- WidgetManager( 3007): getWidget widget = Widget{, mWidgetId=com.stv.plugin.app, mState=15, mLocation='/data/user/0/com.stv.launcher/files/plugins/com.stv.plugin.app_LetvAppPlugin_2.5.0.005_2018050710.apk', mVersionName='2.5.0.005', mVersionCode=2018050710, mName='LetvAppPlugin', mDexDir='/data/user/0/com.stv.launcher/files/plugins_data/com.stv.plugin.app/dex/', mLibDir='/data/user/0/com.stv.launcher/files/plugins_data/com.stv.plugin.app/libs/', mDataDir='/data/user/0/com.stv.launcher/files/plugins_data/com.stv.plugin.app'}
08-16 14:34:17.714 I/PluginFramework -- WidgetManager( 3007): getWidget id =#com.stv.plugin.app#
08-16 14:34:17.714 I/PluginFramework -- WidgetManager( 3007): getWidget widget = Widget{, mWidgetId=com.stv.plugin.app, mState=15, mLocation='/data/user/0/com.stv.launcher/files/plugins/com.stv.plugin.app_LetvAppPlugin_2.5.0.005_2018050710.apk', mVersionName='2.5.0.005', mVersionCode=2018050710, mName='LetvAppPlugin', mDexDir='/data/user/0/com.stv.launcher/files/plugins_data/com.stv.plugin.app/dex/', mLibDir='/data/user/0/com.stv.launcher/files/plugins_data/com.stv.plugin.app/libs/', mDataDir='/data/user/0/com.stv.launcher/files/plugins_data/com.stv.plugin.app'}
08-16 14:34:17.714 I/PluginFramework -- WidgetManager( 3007): getWidget id =#com.stv.plugin.app#
08-16 14:34:17.714 I/PluginFramework -- WidgetManager( 3007): getWidget widget = Widget{, mWidgetId=com.stv.plugin.app, mState=15, mLocation='/data/user/0/com.stv.launcher/files/plugins/com.stv.plugin.app_LetvAppPlugin_2.5.0.005_2018050710.apk', mVersionName='2.5.0.005', mVersionCode=2018050710, mName='LetvAppPlugin', mDexDir='/data/user/0/com.stv.launcher/files/plugins_data/com.stv.plugin.app/dex/', mLibDir='/data/user/0/com.stv.launcher/files/plugins_data/com.stv.plugin.app/libs/', mDataDir='/data/user/0/com.stv.launcher/files/plugins_data/com.stv.plugin.app'}
08-16 14:34:17.716 I/PluginFramework -- WidgetManager( 3007): getWidget id =#com.stv.plugin.app#
08-16 14:34:17.717 I/PluginFramework -- WidgetManager( 3007): getWidget widget = Widget{, mWidgetId=com.stv.plugin.app, mState=15, mLocation='/data/user/0/com.stv.launcher/files/plugins/com.stv.plugin.app_LetvAppPlugin_2.5.0.005_2018050710.apk', mVersionName='2.5.0.005', mVersionCode=2018050710, mName='LetvAppPlugin', mDexDir='/data/user/0/com.stv.launcher/files/plugins_data/com.stv.plugin.app/dex/', mLibDir='/data/user/0/com.stv.launcher/files/plugins_data/com.stv.plugin.app/libs/', mDataDir='/data/user/0/com.stv.launcher/files/plugins_data/com.stv.plugin.app'}
08-16 14:34:17.718 I/PluginFramework -- WidgetManager( 3007): getWidget id =#com.stv.plugin.app#
08-16 14:34:17.718 I/PluginFramework -- WidgetManager( 3007): getWidget widget = Widget{, mWidgetId=com.stv.plugin.app, mState=15, mLocation='/data/user/0/com.stv.launcher/files/plugins/com.stv.plugin.app_LetvAppPlugin_2.5.0.005_2018050710.apk', mVersionName='2.5.0.005', mVersionCode=2018050710, mName='LetvAppPlugin', mDexDir='/data/user/0/com.stv.launcher/files/plugins_data/com.stv.plugin.app/dex/', mLibDir='/data/user/0/com.stv.launcher/files/plugins_data/com.stv.plugin.app/libs/', mDataDir='/data/user/0/com.stv.launcher/files/plugins_data/com.stv.plugin.app'}
08-16 14:34:17.719 I/PluginFramework -- WidgetManager( 3007): getWidget id =#com.stv.plugin.app#
08-16 14:34:17.719 I/PluginFramework -- WidgetManager( 3007): getWidget widget = Widget{, mWidgetId=com.stv.plugin.app, mState=15, mLocation='/data/user/0/com.stv.launcher/files/plugins/com.stv.plugin.app_LetvAppPlugin_2.5.0.005_2018050710.apk', mVersionName='2.5.0.005', mVersionCode=2018050710, mName='LetvAppPlugin', mDexDir='/data/user/0/com.stv.launcher/files/plugins_data/com.stv.plugin.app/dex/', mLibDir='/data/user/0/com.stv.launcher/files/plugins_data/com.stv.plugin.app/libs/', mDataDir='/data/user/0/com.stv.launcher/files/plugins_data/com.stv.plugin.app'}
08-16 14:34:17.807 I/LetvManager-LogReport( 1780): [send_msg] line: 490 report url = http://log.hdtv.cp21.ott.cibntv.net:80/api/log/tvAction
08-16 14:34:17.836 I/tvos    ( 1764): GetAudioOutputDevice, retval : 0
08-16 14:34:17.859 I/Launcher( 3007): [com.stv.launcher] AdvertisingModel -- getData fromCache = false
08-16 14:34:17.859 I/Launcher( 3007): [com.stv.launcher] AdvertisingModel -- getData url = http://stargazer-sandbox.scloud.cp21.ott.cibntv.net/proxy/api/v1/promotion?mac=b01bd2542d51&posid=launcher_tab,launcher_logo,launcher_background,launcher_tab_isnew
08-16 14:34:17.913 I/Launcher( 3007): [com.stv.launcher] AdvertisingPresenter -- launcher_logo beginTime :Wed Dec 13 00:00:00 GMT+08:00 2017 end :Thu Dec 14 14:00:00 GMT+08:00 2017 now :Thu Aug 16 14:34:17 GMT+08:00 2018 isTimeout :true
08-16 14:34:17.913 I/Launcher( 3007): [com.stv.launcher] AdvertisingPresenter -- launcher_tab beginTime :Tue Jul 17 00:00:00 GMT+08:00 2018 end :Mon Oct 01 00:00:00 GMT+08:00 2018 now :Thu Aug 16 14:34:17 GMT+08:00 2018 isTimeout :false
08-16 14:34:17.913 I/Launcher( 3007): [com.stv.launcher] AdvertisingPresenter -- launcher_background beginTime :Tue Jul 17 00:00:00 GMT+08:00 2018 end :Mon Oct 01 00:00:00 GMT+08:00 2018 now :Thu Aug 16 14:34:17 GMT+08:00 2018 isTimeout :false
08-16 14:34:17.913 I/Launcher( 3007): [com.stv.launcher] AdvertisingPresenter -- updateView dataList : [img_url = http://picture-scloud.cp21.ott.cibntv.net/stargazer/1531809918780_3441 begin_time = 1531756800000 end_time = 1538323200000 open = 0 tab_id = com.stv.local.tencent position = launcher_tab, img_url = http://picture-scloud.cp21.ott.cibntv.net/stargazer/1532585612302_1103 begin_time = 1531756800000 end_time = 1538323200000 open = 0 tab_id = null position = launcher_background]
08-16 14:34:17.920 I/Launcher( 3007): [com.stv.launcher] AdvertisingPresenter --  updateTab : img_url = http://picture-scloud.cp21.ott.cibntv.net/stargazer/1531809918780_3441 begin_time = 1531756800000 end_time = 1538323200000 open = 0 tab_id = com.stv.local.tencent position = launcher_tab
08-16 14:34:17.920 I/Launcher( 3007): [com.stv.launcher] AdvertisingPresenter --  updateBackground img_url = http://picture-scloud.cp21.ott.cibntv.net/stargazer/1532585612302_1103 begin_time = 1531756800000 end_time = 1538323200000 open = 0 tab_id = null position = launcher_background
08-16 14:34:17.932 I/Launcher( 3007): [com.stv.launcher] AdvertisingPresenter --  updateTab cachedView null
08-16 14:34:17.932 I/Launcher( 3007): [com.stv.launcher] AdvertisingPresenter --  updateTab pluginId = com.stv.local.tencent imageUrl = http://picture-scloud.cp21.ott.cibntv.net/stargazer/1531809918780_3441
08-16 14:34:17.932 I/Launcher( 3007): [com.stv.launcher] AdvertisingPresenter --  updateAdView begin ---
08-16 14:34:17.933 I/Launcher( 3007): [com.stv.launcher] AdvertisingPresenter --  setCacheViewDied type = 3
08-16 14:34:17.933 I/Launcher( 3007): [com.stv.launcher] AdvertisingPresenter -- TAB beginTime :Tue Jul 17 00:00:00 GMT+08:00 2018 end :Mon Oct 01 00:00:00 GMT+08:00 2018 now :Thu Aug 16 14:34:17 GMT+08:00 2018 isTimeout :false
08-16 14:34:17.933 I/Launcher( 3007): [com.stv.launcher] AdvertisingPresenter --  updateAdView  canNew = true now = 1534401257933 nowSecond = 1534401257
08-16 14:34:17.933 I/Launcher( 3007): [com.stv.launcher] AdvertisingPresenter --  updateAdView ,find tabAdView = null
08-16 14:34:17.933 I/Launcher( 3007): [com.stv.launcher] AdvertisingPresenter --  checkShowOrHide  
08-16 14:34:17.933 I/Launcher( 3007): [com.stv.launcher] AdvertisingPresenter --  updateAdView end ---
08-16 14:34:17.933 I/Launcher( 3007): [com.stv.launcher] AdvertisingPresenter --  updateBackground cachedView Background {mUrl = http://picture-scloud.cp21.ott.cibntv.net/stargazer/1532585612302_1103 isTimeOut = true type = 2 mPluginID = null isDied = false}
08-16 14:34:17.933 I/Launcher( 3007): [com.stv.launcher] AdvertisingPresenter --  updateAdView begin ---
08-16 14:34:17.933 I/Launcher( 3007): [com.stv.launcher] AdvertisingPresenter --  updateAdView  canNew = false now = 1534401257933 nowSecond = 1534401257
08-16 14:34:17.933 I/Launcher( 3007): [com.stv.launcher] AdvertisingPresenter --  checkShowOrHide  
08-16 14:34:17.933 I/Launcher( 3007): [com.stv.launcher] AdvertisingPresenter --  updateAdView end ---
08-16 14:34:17.989 I/lbplayer( 4071): [main]:ServiceDOWN:dlnaRender is running
08-16 14:34:17.989 I/lbplayer( 4071): [main]:ServiceDOWN:LeLinkService is running
08-16 14:34:17.989 I/lbplayer( 4071): [main]:ServiceDOWN:mainServer is running
08-16 14:34:18.014 I/LetvManager-LogReport( 1780): [send_msg] line: 490 report url = http://log.hdtv.cp21.ott.cibntv.net:80/api/log/tvAction
08-16 14:34:18.052 I/Launcher( 3007): [com.stv.launcher] AdvertisingView -- ---show ----Background {mUrl = http://picture-scloud.cp21.ott.cibntv.net/stargazer/1532585612302_1103 isTimeOut = false type = 2 mPluginID = null isDied = false}
08-16 14:34:18.087 I/tvos    ( 1764): GetAudioOutputDevice, retval : 0
08-16 14:34:18.219 I/LetvManager-LogReport( 1780): [send_msg] line: 490 report url = http://log.hdtv.cp21.ott.cibntv.net:80/api/log/tvAction
08-16 14:34:18.337 I/tvos    ( 1764): GetAudioOutputDevice, retval : 0
08-16 14:34:18.424 I/LetvManager-LogReport( 1780): [send_msg] line: 490 report url = http://log.hdtv.cp21.ott.cibntv.net:80/api/log/tvAction
08-16 14:34:18.567 W/InputDispatcher( 2207): findFocusedWindow finished: injectionResult=0, timeSpentWaitingForApplication=0.0ms
08-16 14:34:18.573 W/InputDispatcher( 2207): findFocusedWindow finished: injectionResult=0, timeSpentWaitingForApplication=0.0ms
08-16 14:34:18.587 I/tvos    ( 1764): GetAudioOutputDevice, retval : 0
08-16 14:34:18.628 I/LetvManager-LogReport( 1780): [send_msg] line: 490 report url = http://log.hdtv.cp21.ott.cibntv.net:80/api/log/tvAction
08-16 14:34:18.832 I/LetvManager-LogReport( 1780): [send_msg] line: 490 report url = http://log.hdtv.cp21.ott.cibntv.net:80/api/log/tvAction
08-16 14:34:18.838 I/tvos    ( 1764): GetAudioOutputDevice, retval : 0
08-16 14:34:19.038 I/LetvManager-LogReport( 1780): [send_msg] line: 490 report url = http://log.hdtv.cp21.ott.cibntv.net:80/api/log/tvAction
08-16 14:34:19.089 I/tvos    ( 1764): GetAudioOutputDevice, retval : 0
08-16 14:34:19.185 I/reService( 2207): onReportKeyEvent  type=type0 keycode=20*23*20*21*21*4*4*4*4*4 
08-16 14:34:19.186 E/LETV_DEVICE( 1780): no name sn for Mstar
08-16 14:34:19.189 E/ActivityThread( 2837): Failed to find provider info for com.letv.agnes.InfoProvider
08-16 14:34:19.192 E/ActivityThread( 2837): Failed to find provider info for com.letv.agnes.InfoProvider
08-16 14:34:19.192 W/System.err( 2837): java.lang.IllegalArgumentException: Unknown URL content://com.letv.agnes.InfoProvider
08-16 14:34:19.192 W/System.err( 2837): 	at android.content.ContentResolver.insert(ContentResolver.java:1227)
08-16 14:34:19.192 W/System.err( 2837): 	at com.letv.tracker2.agnes.Configuration.addDebugInfo(Configuration.java:289)
08-16 14:34:19.192 W/System.err( 2837): 	at com.letv.tracker2.agnes.MessageProcessor$SendEnvMsgTr$1.handleMessage(MessageProcessor.java:661)
08-16 14:34:19.192 W/System.err( 2837): 	at android.os.Handler.dispatchMessage(Handler.java:102)
08-16 14:34:19.192 W/System.err( 2837): 	at android.os.Looper.loop(Looper.java:148)
08-16 14:34:19.192 W/System.err( 2837): 	at com.letv.tracker2.agnes.MessageProcessor$SendEnvMsgTr.run(MessageProcessor.java:665)
08-16 14:34:19.203 I/[T1.0.6.3]EuiAgnes_Server( 2837): resCode:1
08-16 14:34:19.203 I/[T1.0.6.3]EuiAgnes_Server( 2837): b[0]:0
08-16 14:34:19.298 I/LetvManager-LogReport( 1780): [send_msg] line: 490 report url = http://log.hdtv.cp21.ott.cibntv.net:80/api/log/tvAction
08-16 14:34:19.339 I/tvos    ( 1764): GetAudioOutputDevice, retval : 0
08-16 14:34:19.505 I/LetvManager-LogReport( 1780): [send_msg] line: 490 report url = http://log.hdtv.cp21.ott.cibntv.net:80/api/log/tvAction
08-16 14:34:19.589 I/tvos    ( 1764): GetAudioOutputDevice, retval : 0
08-16 14:34:19.639 E/LetvRemoteupgradeManager-JNI( 2613): can't get LetvManager service!
08-16 14:34:19.840 I/tvos    ( 1764): GetAudioOutputDevice, retval : 0
08-16 14:34:19.860 E/LETV_DEVICE( 1780): no name sn for Mstar
08-16 14:34:19.863 E/ActivityThread( 2837): Failed to find provider info for com.letv.agnes.InfoProvider
08-16 14:34:19.865 E/ActivityThread( 2837): Failed to find provider info for com.letv.agnes.InfoProvider
08-16 14:34:19.865 W/System.err( 2837): java.lang.IllegalArgumentException: Unknown URL content://com.letv.agnes.InfoProvider
08-16 14:34:19.865 W/System.err( 2837): 	at android.content.ContentResolver.insert(ContentResolver.java:1227)
08-16 14:34:19.865 W/System.err( 2837): 	at com.letv.tracker2.agnes.Configuration.addDebugInfo(Configuration.java:289)
08-16 14:34:19.865 W/System.err( 2837): 	at com.letv.tracker2.agnes.MessageProcessor$SendEnvMsgTr$1.handleMessage(MessageProcessor.java:661)
08-16 14:34:19.865 W/System.err( 2837): 	at android.os.Handler.dispatchMessage(Handler.java:102)
08-16 14:34:19.865 W/System.err( 2837): 	at android.os.Looper.loop(Looper.java:148)
08-16 14:34:19.865 W/System.err( 2837): 	at com.letv.tracker2.agnes.MessageProcessor$SendEnvMsgTr.run(MessageProcessor.java:665)
08-16 14:34:19.880 I/[T1.0.6.3]EuiAgnes_Server( 2837): resCode:1
08-16 14:34:19.880 I/[T1.0.6.3]EuiAgnes_Server( 2837): b[0]:0
08-16 14:34:19.887 I/tvos    ( 1764): [37m[INFO] Change to Voltage: 1030 mV (0x2E)[m
08-16 14:34:19.887 I/tvos    ( 1764): [37m[INFO] Change to Voltage: 1030 mV (0x2B)[m
08-16 14:34:19.887 I/tvos    ( 1764): [37m[INFO] Change to Voltage: 1030 mV (0x28)[m
08-16 14:34:19.887 I/tvos    ( 1764): [37m[INFO] Change to Voltage: 1030 mV (0x25)[m
08-16 14:34:19.889 I/tvos    ( 1764): [37m[INFO] Change to Voltage: 1030 mV (0x22)[m
08-16 14:34:19.889 I/tvos    ( 1764): [37m[INFO] Change to Voltage: 1030 mV (0x22)[m
08-16 14:34:19.909 I/LetvManager-LogReport( 1780): [send_msg] line: 490 report url = http://log.hdtv.cp21.ott.cibntv.net:80/api/log/tvAction
08-16 14:34:20.091 I/tvos    ( 1764): GetAudioOutputDevice, retval : 0
08-16 14:34:20.181 I/LetvManager-LogReport( 1780): [send_msg] line: 490 report url = http://log.hdtv.cp21.ott.cibntv.net:80/api/log/tvAction
08-16 14:34:20.268 I/System.out(20114): The phone type is: X4-40M
08-16 14:34:20.268 I/LetvTestCase(20114): ==========================case end time is :2018-8-16-2-34-20
08-16 14:34:20.268 I/TestRunner(20114): finished: testCommonProblem(com.letv.cases.leui.SmokeFeedback)
08-16 14:34:20.272 I/MonitoringInstrumentation(20114): Activities that are still in CREATED to STOPPED: 0
08-16 14:34:20.273 I/TestRunner(20114): run finished: 1 tests, 0 failed, 0 ignored
08-16 14:34:20.277 I/MonitoringInstrumentation(20114): waitForActivitiesToComplete() took: 0ms
08-16 14:34:20.277 I/MonitoringInstrumentation(20114): Activities that are still in CREATED to STOPPED: 0
08-16 14:34:20.278 W/WindowManager( 2207): Attempted to remove non-existing token: android.os.Binder@fb571a4
08-16 14:34:20.341 I/tvos    ( 1764): GetAudioOutputDevice, retval : 0
08-16 14:34:20.554 I/ActivityManager( 2207): Force stopping com.le.tcauto.uitest appid=10097 user=0: finished inst
08-16 14:34:20.554 I/ActivityManager( 2207): Killing 20114:com.le.tcauto.uitest/u0a97 (adj 0): stop com.le.tcauto.uitest
08-16 14:34:20.563 W/ActivityManager( 2207): Error shutting down UiAutomationConnection
08-16 14:34:20.591 I/tvos    ( 1764): GetAudioOutputDevice, retval : 0
08-16 14:34:20.686 I/tvos    ( 1764): [37m[INFO] Change to Voltage: 1130 mV (0x1F)[m
08-16 14:34:20.687 I/tvos    ( 1764): [37m[INFO] Change to Voltage: 1130 mV (0x22)[m
08-16 14:34:20.687 I/tvos    ( 1764): [37m[INFO] Change to Voltage: 1130 mV (0x25)[m
08-16 14:34:20.687 I/tvos    ( 1764): [37m[INFO] Change to Voltage: 1130 mV (0x28)[m
08-16 14:34:20.687 I/tvos    ( 1764): [37m[INFO] Change to Voltage: 1130 mV (0x2B)[m
08-16 14:34:20.687 I/tvos    ( 1764): [37m[INFO] Change to Voltage: 1130 mV (0x2C)[m
08-16 14:34:20.787 I/tvos    ( 1764): [37m[INFO] Change to Voltage: 1000 mV (0x2C)[m
08-16 14:34:20.787 I/tvos    ( 1764): [37m[INFO] Change to Voltage: 1000 mV (0x29)[m
08-16 14:34:20.787 I/tvos    ( 1764): [37m[INFO] Change to Voltage: 1000 mV (0x26)[m
08-16 14:34:20.787 I/tvos    ( 1764): [37m[INFO] Change to Voltage: 1000 mV (0x23)[m
08-16 14:34:20.787 I/tvos    ( 1764): [37m[INFO] Change to Voltage: 1000 mV (0x20)[m
08-16 14:34:20.787 I/tvos    ( 1764): [37m[INFO] Change to Voltage: 1000 mV (0x1F)[m
08-16 14:34:20.841 I/tvos    ( 1764): GetAudioOutputDevice, retval : 0
08-16 14:34:21.092 I/tvos    ( 1764): GetAudioOutputDevice, retval : 0
08-16 14:34:21.342 I/tvos    ( 1764): GetAudioOutputDevice, retval : 0
08-16 14:34:21.507 I/WifiStateMachine( 2207):  DisconnectedState !CMD_START_SCAN  rt=512127940/512127940 -2 34120 ic=1 proc(ms):15012 dur:2853 cnt=34120 rssi=-127 f=-1 sc=0 link=-1 tx=0.0, 0.0, 0.0  rx=0.0 fiv=20000 [on:0 tx:0 rx:0 period:15011] from screen [on:0 period:1097936835]
08-16 14:34:21.508 I/WifiStateMachine( 2207): handlescanrequest  starting scan for 
08-16 14:34:21.508 I/WifiStateMachine( 2207): startscannative  starting scan for 
08-16 14:34:21.595 I/tvos    ( 1764): GetAudioOutputDevice, retval : 0
08-16 14:34:21.845 I/tvos    ( 1764): GetAudioOutputDevice, retval : 0
08-16 14:34:22.095 I/tvos    ( 1764): GetAudioOutputDevice, retval : 0
08-16 14:34:22.346 I/tvos    ( 1764): GetAudioOutputDevice, retval : 0
08-16 14:34:22.596 I/tvos    ( 1764): GetAudioOutputDevice, retval : 0
08-16 14:34:22.639 E/LetvRemoteupgradeManager-JNI( 2613): can't get LetvManager service!
08-16 14:34:22.847 I/tvos    ( 1764): GetAudioOutputDevice, retval : 0
08-16 14:34:23.097 I/tvos    ( 1764): GetAudioOutputDevice, retval : 0
08-16 14:34:23.347 I/tvos    ( 1764): GetAudioOutputDevice, retval : 0
08-16 14:34:23.598 I/tvos    ( 1764): GetAudioOutputDevice, retval : 0
08-16 14:34:23.847 I/WifiStateMachine( 2207):  DisconnectedState !CMD_NO_NETWORKS_PERIODIC_SCAN  rt=512130280/512130280 1708 0
08-16 14:34:23.849 I/tvos    ( 1764): GetAudioOutputDevice, retval : 0
08-16 14:34:23.853 I/WifiStateMachine( 2207):  DisconnectedState !CMD_START_SCAN  rt=512130282/512130282 -1 -1 ic=1 proc(ms):2 onGoing full started:1534401261509,2340 cnt=34121 rssi=-127 f=-1 sc=0 link=-1 tx=0.0, 0.0, 0.0  rx=0.0 fiv=20000 [on:0 tx:0 rx:0 period:2338] from screen [on:0 period:1097939178]
08-16 14:34:23.855 I/WifiStateMachine( 2207):  ConnectModeState !CMD_START_SCAN  rt=512130287/512130287 -1 -1 ic=1 proc(ms):7 onGoing full started:1534401261509,2345 cnt=34121 rssi=-127 f=-1 sc=0 link=-1 tx=0.0, 0.0, 0.0  rx=0.0 fiv=20000 [on:0 tx:0 rx:0 period:5] from screen [on:0 period:1097939183]
08-16 14:34:23.857 I/WifiStateMachine( 2207):  DriverStartedState !CMD_START_SCAN  rt=512130289/512130289 -1 -1 ic=1 proc(ms):9 onGoing full started:1534401261509,2347 cnt=34121 rssi=-127 f=-1 sc=0 link=-1 tx=0.0, 0.0, 0.0  rx=0.0 fiv=20000 [on:0 tx:0 rx:0 period:1] from screen [on:0 period:1097939184]
08-16 14:34:23.857 I/WifiStateMachine( 2207): handlescanrequest  starting scan for 
08-16 14:34:23.857 I/WifiStateMachine( 2207): startscannative  starting scan for 
08-16 14:34:24.099 I/tvos    ( 1764): GetAudioOutputDevice, retval : 0
08-16 14:34:24.350 I/tvos    ( 1764): GetAudioOutputDevice, retval : 0
08-16 14:34:24.416 I/WifiStateMachine( 2207):  DisconnectedState !SCAN_RESULTS_EVENT  rt=512130849/512130849 0 0 found=180 known=0 got=180 bcn=0 con=0
08-16 14:34:24.417 I/WifiStateMachine( 2207):  ConnectModeState !SCAN_RESULTS_EVENT  rt=512130850/512130850 0 0 found=180 known=0 got=180 bcn=0 con=0
08-16 14:34:24.418 I/WifiStateMachine( 2207):  DriverStartedState !SCAN_RESULTS_EVENT  rt=512130851/512130851 0 0 found=180 known=0 got=180 bcn=0 con=0
08-16 14:34:24.419 I/WifiStateMachine( 2207):  SupplicantStartedState !SCAN_RESULTS_EVENT  rt=512130852/512130852 0 0 found=180 known=0 got=180 bcn=0 con=0
08-16 14:34:24.486 I/tvos    ( 1764): [37m[INFO] Change to Voltage: 1130 mV (0x1F)[m
08-16 14:34:24.486 I/tvos    ( 1764): [37m[INFO] Change to Voltage: 1130 mV (0x22)[m
08-16 14:34:24.487 I/tvos    ( 1764): [37m[INFO] Change to Voltage: 1130 mV (0x25)[m
08-16 14:34:24.487 I/tvos    ( 1764): [37m[INFO] Change to Voltage: 1130 mV (0x28)[m
08-16 14:34:24.487 I/tvos    ( 1764): [37m[INFO] Change to Voltage: 1130 mV (0x2B)[m
08-16 14:34:24.488 I/tvos    ( 1764): [37m[INFO] Change to Voltage: 1130 mV (0x2C)[m
08-16 14:34:24.536 I/WifiStateMachine( 2207): setscanresults newsupplicantresult
08-16 14:34:24.586 I/tvos    ( 1764): [37m[INFO] Change to Voltage: 1000 mV (0x2C)[m
08-16 14:34:24.586 I/tvos    ( 1764): [37m[INFO] Change to Voltage: 1000 mV (0x29)[m
08-16 14:34:24.586 I/tvos    ( 1764): [37m[INFO] Change to Voltage: 1000 mV (0x26)[m
08-16 14:34:24.586 I/tvos    ( 1764): [37m[INFO] Change to Voltage: 1000 mV (0x23)[m
08-16 14:34:24.587 I/tvos    ( 1764): [37m[INFO] Change to Voltage: 1000 mV (0x20)[m
08-16 14:34:24.589 I/tvos    ( 1764): [37m[INFO] Change to Voltage: 1000 mV (0x1F)[m
08-16 14:34:24.600 I/tvos    ( 1764): GetAudioOutputDevice, retval : 0
08-16 14:34:24.851 I/tvos    ( 1764): GetAudioOutputDevice, retval : 0
08-16 14:34:25.101 I/tvos    ( 1764): GetAudioOutputDevice, retval : 0
08-16 14:34:25.354 I/tvos    ( 1764): GetAudioOutputDevice, retval : 0
08-16 14:34:25.605 I/tvos    ( 1764): GetAudioOutputDevice, retval : 0
08-16 14:34:25.640 E/LetvRemoteupgradeManager-JNI( 2613): can't get LetvManager service!
08-16 14:34:25.855 I/tvos    ( 1764): GetAudioOutputDevice, retval : 0
08-16 14:34:26.106 I/tvos    ( 1764): GetAudioOutputDevice, retval : 0
08-16 14:34:26.356 I/tvos    ( 1764): GetAudioOutputDevice, retval : 0
08-16 14:34:26.607 I/tvos    ( 1764): GetAudioOutputDevice, retval : 0
08-16 14:34:26.857 I/tvos    ( 1764): GetAudioOutputDevice, retval : 0
08-16 14:34:27.107 I/tvos    ( 1764): GetAudioOutputDevice, retval : 0
08-16 14:34:27.358 I/tvos    ( 1764): GetAudioOutputDevice, retval : 0
08-16 14:34:27.608 I/tvos    ( 1764): GetAudioOutputDevice, retval : 0
08-16 14:34:27.787 I/tvos    ( 1764): [37m[INFO] Change to Voltage: 1130 mV (0x1F)[m
08-16 14:34:27.787 I/tvos    ( 1764): [37m[INFO] Change to Voltage: 1130 mV (0x22)[m
08-16 14:34:27.787 I/tvos    ( 1764): [37m[INFO] Change to Voltage: 1130 mV (0x25)[m
08-16 14:34:27.787 I/tvos    ( 1764): [37m[INFO] Change to Voltage: 1130 mV (0x28)[m
08-16 14:34:27.787 I/tvos    ( 1764): [37m[INFO] Change to Voltage: 1130 mV (0x2B)[m
08-16 14:34:27.788 I/tvos    ( 1764): [37m[INFO] Change to Voltage: 1130 mV (0x2C)[m
08-16 14:34:27.859 I/tvos    ( 1764): GetAudioOutputDevice, retval : 0
08-16 14:34:27.886 I/tvos    ( 1764): [37m[INFO] Change to Voltage: 1000 mV (0x2C)[m
08-16 14:34:27.886 I/tvos    ( 1764): [37m[INFO] Change to Voltage: 1000 mV (0x29)[m
08-16 14:34:27.886 I/tvos    ( 1764): [37m[INFO] Change to Voltage: 1000 mV (0x26)[m
08-16 14:34:27.886 I/tvos    ( 1764): [37m[INFO] Change to Voltage: 1000 mV (0x23)[m
08-16 14:34:27.886 I/tvos    ( 1764): [37m[INFO] Change to Voltage: 1000 mV (0x20)[m
08-16 14:34:27.887 I/tvos    ( 1764): [37m[INFO] Change to Voltage: 1000 mV (0x1F)[m
08-16 14:34:28.109 I/tvos    ( 1764): GetAudioOutputDevice, retval : 0
08-16 14:34:28.360 I/tvos    ( 1764): GetAudioOutputDevice, retval : 0
08-16 14:34:28.611 I/tvos    ( 1764): GetAudioOutputDevice, retval : 0
08-16 14:34:28.640 E/LetvRemoteupgradeManager-JNI( 2613): can't get LetvManager service!
08-16 14:34:28.737 I/tvos    ( 1764): bq32kDriver:rtc_read_time.
08-16 14:34:28.737 I/tvos    ( 1764): [hq]rtc_read_time: read 0x28 0x34 0xc6 0x05 0x16 0x08 0x18
08-16 14:34:28.737 I/tvos    ( 1764): rtc_read_time: date 28s 34m 6h 16md 7m 118y
08-16 14:34:28.737 I/tvos    ( 1764): rtc read time:2018-8-16 6:34:28.
08-16 14:34:28.737 I/tvos    ( 1764): tm_year = 2018, tm_mon = 8, tm_mday = 16, tm_hour = 6,tm_min= 34,  tm_sec = 28
08-16 14:34:28.737 I/tvos    ( 1764): timeSeconds:1534401268 rtcTimeSeconds:1534401268.
08-16 14:34:28.861 I/tvos    ( 1764): GetAudioOutputDevice, retval : 0
08-16 14:34:29.112 I/tvos    ( 1764): GetAudioOutputDevice, retval : 0
08-16 14:34:29.152 E/InternetUtils( 4594): java.net.SocketTimeoutException: failed to connect to www.cibn.com/61.133.127.115 (port 80) after 3000ms
08-16 14:34:29.362 I/tvos    ( 1764): GetAudioOutputDevice, retval : 0
08-16 14:34:29.528 I/StvLogReport( 2837): Report Nielsen, handleMessage: 'send bd ok
08-16 14:34:29.528 I/StvLogReport( 2837): 6^C2014082201^X440M-b01bd2542d51-^A1A90F9A1254CF6F^C12CB01BD2542D51^^^2018-08-16 14:34:25^1^2.57^1^H^^^^^^^^^^^^^ (104)'.
08-16 14:34:29.613 I/tvos    ( 1764): GetAudioOutputDevice, retval : 0
08-16 14:34:29.864 I/tvos    ( 1764): GetAudioOutputDevice, retval : 0
08-16 14:34:30.114 I/tvos    ( 1764): GetAudioOutputDevice, retval : 0
08-16 14:34:30.364 I/tvos    ( 1764): GetAudioOutputDevice, retval : 0
08-16 14:34:30.615 I/tvos    ( 1764): GetAudioOutputDevice, retval : 0
08-16 14:34:30.865 I/tvos    ( 1764): GetAudioOutputDevice, retval : 0
08-16 14:34:31.116 I/tvos    ( 1764): GetAudioOutputDevice, retval : 0
08-16 14:34:31.366 I/tvos    ( 1764): GetAudioOutputDevice, retval : 0
08-16 14:34:31.617 I/tvos    ( 1764): GetAudioOutputDevice, retval : 0
08-16 14:34:31.640 E/LetvRemoteupgradeManager-JNI( 2613): can't get LetvManager service!
08-16 14:34:31.867 I/tvos    ( 1764): GetAudioOutputDevice, retval : 0
08-16 14:34:32.118 I/tvos    ( 1764): GetAudioOutputDevice, retval : 0
08-16 14:34:32.368 I/tvos    ( 1764): GetAudioOutputDevice, retval : 0
08-16 14:34:32.618 I/tvos    ( 1764): GetAudioOutputDevice, retval : 0
08-16 14:34:32.869 I/tvos    ( 1764): GetAudioOutputDevice, retval : 0
08-16 14:34:33.119 I/tvos    ( 1764): GetAudioOutputDevice, retval : 0
08-16 14:34:33.372 I/tvos    ( 1764): GetAudioOutputDevice, retval : 0
08-16 14:34:33.622 I/tvos    ( 1764): GetAudioOutputDevice, retval : 0
08-16 14:34:33.873 I/tvos    ( 1764): GetAudioOutputDevice, retval : 0
08-16 14:34:34.123 I/tvos    ( 1764): GetAudioOutputDevice, retval : 0
08-16 14:34:34.374 I/tvos    ( 1764): GetAudioOutputDevice, retval : 0
08-16 14:34:34.624 I/tvos    ( 1764): GetAudioOutputDevice, retval : 0
08-16 14:34:34.641 E/LetvRemoteupgradeManager-JNI( 2613): can't get LetvManager service!
08-16 14:34:34.875 I/tvos    ( 1764): GetAudioOutputDevice, retval : 0
08-16 14:34:35.125 I/tvos    ( 1764): GetAudioOutputDevice, retval : 0
08-16 14:34:35.375 I/tvos    ( 1764): GetAudioOutputDevice, retval : 0
08-16 14:34:35.626 I/tvos    ( 1764): GetAudioOutputDevice, retval : 0
08-16 14:34:35.877 I/tvos    ( 1764): GetAudioOutputDevice, retval : 0
08-16 14:34:36.127 I/tvos    ( 1764): GetAudioOutputDevice, retval : 0
08-16 14:34:36.378 I/tvos    ( 1764): GetAudioOutputDevice, retval : 0
08-16 14:34:36.519 I/WifiStateMachine( 2207):  DisconnectedState !CMD_START_SCAN  rt=512142952/512142952 -2 34121 ic=1 proc(ms):15012 dur:2911 cnt=34121 rssi=-127 f=-1 sc=0 link=-1 tx=0.0, 0.0, 0.0  rx=0.0 fiv=20000 [on:0 tx:0 rx:0 period:12660] from screen [on:0 period:1097951847]
08-16 14:34:36.521 I/WifiStateMachine( 2207): handlescanrequest  starting scan for 
08-16 14:34:36.521 I/WifiStateMachine( 2207): startscannative  starting scan for 
08-16 14:34:36.628 I/tvos    ( 1764): GetAudioOutputDevice, retval : 0
08-16 14:34:36.879 I/tvos    ( 1764): GetAudioOutputDevice, retval : 0
08-16 14:34:37.129 I/tvos    ( 1764): GetAudioOutputDevice, retval : 0
08-16 14:34:37.380 I/tvos    ( 1764): GetAudioOutputDevice, retval : 0
