08-16 14:16:04.749 I/GuideViewsControl( 3007): View loop runnable stop
08-16 14:16:04.749 I/Feature_Pay_Channel_PayTipControl( 3007): hideView
08-16 14:16:04.749 I/Feature_Pay_Channel_PayTipControl( 3007): hidePayTip , isTemperary = false
08-16 14:16:04.749 E/ViewManagerImpl( 3007): dismissView f for com.letv.android.letvlive.paylive.view.n@cbb0a48 isDuringOneViewShown:false
08-16 14:16:04.749 E/ViewManagerImpl( 3007): dismissView c for com.letv.android.letvlive.paylive.view.j@47580e1 isDuringOneViewShown:false
08-16 14:16:04.749 I/Feature_Seek_PlayActionManager( 3007): clear
08-16 14:16:04.749 I/Feature_Program_NewStyleProgramController( 3007): release
08-16 14:16:04.749 I/Feature_Program_NewStyleProgramController( 3007): clear
08-16 14:16:04.749 I/Feature_Program_NewStyleProgramController( 3007): updateCurrentShowData
08-16 14:16:04.749 I/Feature_Program_ProgramControllerView( 3007): notifyDataChanged mSlideDownState false
08-16 14:16:04.749 I/Feature_Program_ProgramControllerView( 3007): update program list data , the list adapter size is 9
08-16 14:16:04.749 I/Feature_Program_ProgramControllerView( 3007): isViewShow false isShowLoading false
08-16 14:16:04.749 I/Feature_Seek_PlayActionManager( 3007): mPlayProgramList is empty
08-16 14:16:04.749 I/Feature_Program_ProgramControllerView( 3007): reset
08-16 14:16:04.749 I/Feature_Program_ProgramControllerView( 3007): hide view false
08-16 14:16:04.749 I/Feature_Seek_PlayActionManager( 3007): mPlayProgramList is empty
08-16 14:16:04.749 I/Feature_Program_ProgramControllerView( 3007): release
08-16 14:16:04.749 I/Feature_Program_ProgramControllerView( 3007): reset
08-16 14:16:04.749 I/Feature_Program_ProgramControllerView( 3007): hide view false
08-16 14:16:04.749 I/Feature_Seek_PlayActionManager( 3007): mPlayProgramList is empty
08-16 14:16:04.750 I/Feature_Program_ProgramListDataDealController( 3007): release
08-16 14:16:04.750 I/Feature_Program_ProgramListDataDealController( 3007): cancel recently program request
08-16 14:16:04.750 I/SubPlayerControl( 3007): isSubPlayerShowing: false
08-16 14:16:04.750 I/SubPlayerControl( 3007): onStop the sub Play set mNeedResume false:
08-16 14:16:04.750 I/MultiProgramsControlVerticalGridView( 3007): Life circle --------------- onStop, currentMainChannel=[channelId=2282, channelName=欢乐颂]
08-16 14:16:04.750 I/BigNavigationControl( 3007): onStop: 
08-16 14:16:04.750 I/BigMenuPresentersManager( 3007): updateContentData: mContentPresenter == presenter true  mContentItem == contentItem true mContentShowed = true
08-16 14:16:04.750 I/RateTipController( 3007): cancelShowOrDismiss isShowing()false
08-16 14:16:04.750 I/AdTipViewControl( 3007): onFragmentStop
08-16 14:16:04.750 I/MiddleAdPlayManager( 3007): resetAd
08-16 14:16:04.750 I/MiddleAdPlayManager( 3007): cancelDelayAdEndRunnable
08-16 14:16:04.750 I/MiddleAdPlayManager( 3007): isAdPlaying mIsPlayAd = false
08-16 14:16:04.750 I/MiddleAdFetchAndPostPresenter( 3007): clearAllData
08-16 14:16:04.750 I/MiddleAdHandlePresenter( 3007): clearEventData
08-16 14:16:04.750 I/AdTipViewControl( 3007): resetAdData
08-16 14:16:04.750 I/PlaylistController( 3007): onFragmentStop
08-16 14:16:04.750 I/PlayReportManager( 3007): isBigScreenPlay isBigScreenPlay = true
08-16 14:16:04.750 I/PreAdPresenter( 3007): isAdPlaying isPlaying = false
08-16 14:16:04.750 I/PlayReportManager( 3007): shouldNotReport : isNotNeedReport = false
08-16 14:16:04.750 I/PlayReportManager( 3007): isBigScreenPlay isBigScreenPlay = true
08-16 14:16:04.750 I/PreAdPresenter( 3007): isAdPlaying isPlaying = false
08-16 14:16:04.750 I/PlayReportManager( 3007): shouldNotReport : isNotNeedReport = false
08-16 14:16:04.750 I/PlayReportManager( 3007): reportActionEnd record.getLastReportAction = END
08-16 14:16:04.751 I/PlayReportManager( 3007): reportActionEnd return
08-16 14:16:04.751 I/SlotAdStockReportController( 3007): onFragmentStop
08-16 14:16:04.751 I/SlotAdStockReportController( 3007): clearMessage
08-16 14:16:04.751 I/PurchaseAdManager( 3007): handleForceEnd mIsShow = false
08-16 14:16:04.751 I/PurchaseAdUtil( 3007): isSupportOneKeyPurchase version = 2070
08-16 14:16:04.751 I/HourViewControl( 3007): stop
08-16 14:16:04.752 W/VIDEO   ( 1803): Enter LockMuteStatus
08-16 14:16:04.753 W/VIDEO   ( 1803): Lock Status: APP:UNLOCK, RESERVE_1:UNLOCK, RESERVE_2:UNLOCK, RESERVE_3:UNLOCK
08-16 14:16:04.753 W/VIDEO   ( 1803): enScalerWinType: MAIN, isLock: 0
08-16 14:16:04.753 W/VIDEO   ( 1803): bEnable: 1, getMuteFlag(engine, eWin): 0, 
08-16 14:16:04.753 W/VIDEO   ( 1803): [36m Mute Engine is 0, engine is 0 [m
08-16 14:16:04.753 W/VIDEO   ( 1803): Lock Status: APP:UNLOCK, RESERVE_1:UNLOCK, RESERVE_2:UNLOCK, RESERVE_3:UNLOCK
08-16 14:16:04.753 W/VIDEO   ( 1803): enScalerWinType: MAIN, isLock: 0
08-16 14:16:04.753 W/VIDEO   ( 1803): bEnable: 1, getMuteFlag(engine, eWin): 0, 
08-16 14:16:04.753 W/VIDEO   ( 1803): BACKEND engine is 0
08-16 14:16:04.753 W/VIDEO   ( 1803): BACKEND engine video only is 0
08-16 14:16:04.753 W/VIDEO   ( 1803): SOC engine is 0
08-16 14:16:04.753 W/VIDEO   ( 1803): XC engine (MAIN) is 0
08-16 14:16:04.753 W/VIDEO   ( 1803): XC engine (SUB) is 1
08-16 14:16:04.753 W/VIDEO   ( 1803): Lock Mute Status => 
08-16 14:16:04.753 W/VIDEO   ( 1803): Lock Status: APP:UNLOCK, RESERVE_1:UNLOCK, RESERVE_2:UNLOCK, RESERVE_3:UNLOCK
08-16 14:16:04.753 W/VIDEO   ( 1803): enScalerWinType: MAIN, isLock: 0
08-16 14:16:04.753 W/VIDEO   ( 1803): Lock Status: APP:UNLOCK, RESERVE_1:UNLOCK, RESERVE_2:UNLOCK, RESERVE_3:UNLOCK
08-16 14:16:04.753 W/VIDEO   ( 1803): enScalerWinType: SUB, isLock: 0
08-16 14:16:04.753 W/VIDEO   ( 1803): ==== Increase After ====
08-16 14:16:04.753 W/VIDEO   ( 1803): BACKEND engine is 0
08-16 14:16:04.753 W/VIDEO   ( 1803): BACKEND engine video only is 0
08-16 14:16:04.753 W/VIDEO   ( 1803): SOC engine is 0
08-16 14:16:04.753 W/VIDEO   ( 1803): XC engine (MAIN) is 0
08-16 14:16:04.753 W/VIDEO   ( 1803): XC engine (SUB) is 1
08-16 14:16:04.753 W/VIDEO   ( 1803): Lock Mute Status => 
08-16 14:16:04.753 W/VIDEO   ( 1803): Lock Status: APP:UNLOCK, RESERVE_1:UNLOCK, RESERVE_2:UNLOCK, RESERVE_3:UNLOCK
08-16 14:16:04.753 W/VIDEO   ( 1803): enScalerWinType: MAIN, isLock: 0
08-16 14:16:04.753 W/VIDEO   ( 1803): Lock Status: APP:UNLOCK, RESERVE_1:UNLOCK, RESERVE_2:UNLOCK, RESERVE_3:UNLOCK
08-16 14:16:04.753 W/VIDEO   ( 1803): enScalerWinType: SUB, isLock: 0
08-16 14:16:04.753 W/VIDEO   ( 1803): [Mute By API]MuteEngine: 0, u16WaitToDoTime :0 , tid: 8293 
08-16 14:16:04.753 I/tvos    ( 1764): TvManagerService::Client::setVideoMute  eSrcType = 34,bScreenMute= 1,enColor =0,screenUnMuteTime =0
08-16 14:16:04.753 I/tvos    ( 1764): TvManagerService::Client::setVideoMute  eSrcType = 34,bScreenMute= 1,engine =0
08-16 14:16:04.753 I/tvos    ( 1764): Enter LockMuteStatus =======>
08-16 14:16:04.754 I/PlayerMainFragment( 3007): PlayMainFragment onFragmentStop
08-16 14:16:04.754 I/WaterMarkControl2( 3007): update observable com.letv.android.letvlive.aj.e@566a219
08-16 14:16:04.754 I/WaterMarkControl2( 3007): current channel id 2282 type is 3 before channelId is 2282channelType 3 playType 0
08-16 14:16:04.754 I/WaterMarkControl2( 3007): dismissWaterMarkView
08-16 14:16:04.754 I/WaterMarkControl2( 3007): IWaterMarkViewController dismiss
08-16 14:16:04.754 I/WaterMarkControl2( 3007): clear all data
08-16 14:16:04.754 I/WaterMarkControl2( 3007): channelId 2282 state 4
08-16 14:16:04.754 I/PlayerMainFragment( 3007): recommend stop
08-16 14:16:04.754 I/PlayerMainFragment( 3007): recommend cancel
08-16 14:16:04.755 I/KuYunStatusSender( 3007): onExitLive
08-16 14:16:04.755 I/KuYunStatusSender( 3007): sendMessageByProvider
08-16 14:16:04.755 I/ControllerManager( 3007): onPlayStop
08-16 14:16:04.755 I/ProgramTipControl( 3007): onProgramTipHide
08-16 14:16:04.755 I/ProgramTipControl( 3007): hide ProgramTipAd
08-16 14:16:04.755 I/ProgramTipControl( 3007): mIProgramTipAdView is null return
08-16 14:16:04.756 I/MediaFocusControl( 2207):  AudioFocus  abandonAudioFocus() from android.media.AudioManager@2043d2acom.letv.android.letvlive.playerlibs.a$6@eed071b
08-16 14:16:04.756 I/BaseMainManager( 3007): clear 446cache
08-16 14:16:04.756 I/AdTipViewControl( 3007): onPlayStop
08-16 14:16:04.756 I/AdTipViewControl( 3007): hideView
08-16 14:16:04.756 I/AdTipViewControl( 3007): hideAdTipView useAnim = false
08-16 14:16:04.756 I/AdTipViewControl( 3007): resetAdData
08-16 14:16:04.756 I/PurchaseAdManager( 3007): handleForceEnd mIsShow = false
08-16 14:16:04.756 I/PurchaseAdUtil( 3007): isSupportOneKeyPurchase version = 2070
08-16 14:16:04.756 I/PlaylistController( 3007): onPlayStop
08-16 14:16:04.757 I/VideoUrlProcessor( 3007): cancelRequestingData
08-16 14:16:04.757 I/BasePlaylistPresenter( 3007): stopVodCde
08-16 14:16:04.757 I/BasePlaylistPresenter( 3007): stopCDE : urlFromCDE = null
08-16 14:16:04.757 I/BasePlaylistPresenter( 3007): stopCDE : urlFromCDE = null
08-16 14:16:04.757 I/ChainContext( 3007): setPrepareItemIndex channelId = 10108, position = 0
08-16 14:16:04.757 I/PlaylistController( 3007): hidePlayResumeTip
08-16 14:16:04.757 I/PlaylistController( 3007): hideVideoCandidate
08-16 14:16:04.757 E/ViewManagerImpl( 3007): dismissView h for com.letv.android.letvlive.x.a@18e3623 isDuringOneViewShown:false
08-16 14:16:04.757 I/PlayReportManager( 3007): isBigScreenPlay isBigScreenPlay = true
08-16 14:16:04.757 I/PreAdPresenter( 3007): isAdPlaying isPlaying = false
08-16 14:16:04.757 I/PlayReportManager( 3007): shouldNotReport : isNotNeedReport = false
08-16 14:16:04.757 I/PlayReportManager( 3007): isBigScreenPlay isBigScreenPlay = true
08-16 14:16:04.757 I/PreAdPresenter( 3007): isAdPlaying isPlaying = false
08-16 14:16:04.757 I/PlayReportManager( 3007): shouldNotReport : isNotNeedReport = false
08-16 14:16:04.757 I/PlayReportManager( 3007): reportActionEnd record.getLastReportAction = END
08-16 14:16:04.757 I/PlayReportManager( 3007): reportActionEnd return
08-16 14:16:04.757 I/SlotAdStockReportController( 3007): clearMessage
08-16 14:16:04.757 I/TvLiveBaseFragment( 3007): onHiddenChanged
08-16 14:16:04.757 I/TvLiveBaseFragment( 3007): onHiddenChanged: live is not showing, ignore this call
08-16 14:16:04.757 I/PlayReportManager( 3007): markUuidInvalidForNextReportPlay
08-16 14:16:04.757 I/GlobalFocusChangedListe( 3007): android.widget.LinearLayout
08-16 14:16:04.771 I/AnalysisLog( 3007): Plugin:onFragmentShowChanged_hide:com.letv.android.tv.letvlive----end:time='511031204'
08-16 14:16:04.771 I/AppPlugin( 3007): AppFragment -- handlerData isRefreshedUI = true isCanUpdate() = false isCanInit() = false
08-16 14:16:04.775 I/KuYunStatusSender( 3007): sendMessageByProvider: use time = 20ms, value = {"currentScreen":"launcher","status":"leave"}
08-16 14:16:04.775 I/OrderedSingleThreadPool( 3007): KuYunStatusSender:wait
08-16 14:16:04.776 W/VIDEO   ( 1803): Lock Mute Status => 
08-16 14:16:04.776 W/VIDEO   ( 1803): Lock Status: APP:LOCK, RESERVE_1:UNLOCK, RESERVE_2:UNLOCK, RESERVE_3:UNLOCK
08-16 14:16:04.776 W/VIDEO   ( 1803): enScalerWinType: MAIN, isLock: 1
08-16 14:16:04.776 W/VIDEO   ( 1803): Lock Status: APP:UNLOCK, RESERVE_1:UNLOCK, RESERVE_2:UNLOCK, RESERVE_3:UNLOCK
08-16 14:16:04.776 W/VIDEO   ( 1803): enScalerWinType: SUB, isLock: 0
08-16 14:16:04.786 W/InputDispatcher( 2207): Waiting for application to become ready for input: AppWindowToken{ba06999 token=Token{141c2e0 ActivityRecord{d2d28e3 u0 com.stv.signalsourcemanager/.MainActivity t3}}}.  Reason: Waiting because no window has focus but there is a focused application that may eventually add a window when it finishes starting up.
08-16 14:16:04.786 W/InputDispatcher( 2207): findFocusedWindow finished: injectionResult=-1, timeSpentWaitingForApplication=0.0ms
08-16 14:16:04.787 W/InputDispatcher( 2207): findFocusedWindow finished: injectionResult=-1, timeSpentWaitingForApplication=1.5ms
08-16 14:16:04.788 I/cdeclientapi( 3007): [NetworkUtils] doHttpGet. url(http://127.0.0.1:6990/play/stop?enc=base64&url=aHR0cDovL2xpdmUuZzNwcm94eS5jcDIxLm90dC5jaWJudHYubmV0L2dzbGI/c3RyZWFtX2lkPWxiX3pjemI1XzE4MDAmdGFnPWxpdmUmZXh0PW0zdTgmc2lnbj1saXZlX3R2JnNwbGF0aWQ9MTA2MDcwNDAwMiZwbGF0aWQ9MTAmcGxheWlkPTEmdGVybWlkPTImcGF5PTAmdG09MTQxMTk3NDE2NSZvc3R5cGU9YW5kcmlvZCZod3R5cGU9dW4mZXhwZWN0PTMmZm9ybWF0PTEmdWlkPTE3NTQwNDU3NDYmYXBwX25hbWU9dHZsaXZlJmFwcF92ZXI9NC4yLjAuMDUwJmRldmlkPW1hY0IwMUJEMjU0MkQ1MSZ1dWlkPUIwMUJEMjU0MkQ1MTE1MzQzNTAzNzMzMTFfMCZzdGF0aW9uPWxiX3pjemI1JnNpZ25fZGV2PUMwQkM4NzBEM0VGNDI3NjEyNkQ2Njk5NTAyMEIwREJBJmFwcF9jb2RlPTIwMTgwNzE5MTcmbGl2ZUlkPTIyODImcDE9MiZwMj0yMCZwMz0yMF90dmxpdmVfY2libiZ3bWFjPWI4OmZjOjliOjA0OjY4OjJhJmxzdG09MWZweWNjJmxzYnY9MmZuJmxzc3Y9MUVjanVUX1QxX1MxOW1iWjRfVmlSRF9QN0lPb3M0THNRYW5Cc2NKUTl0RmJSUjNCWWdCSV9JMF9NMCZsc2RnPTM0MGw2ajdySEo3OVN3bU9YN045bGQ0S2hqTWkmbHNzdD0xJmxzc2U9MkRpMFVG&&mediatype=m3u8)
08-16 14:16:04.790 W/InputDispatcher( 2207): findFocusedWindow finished: injectionResult=-1, timeSpentWaitingForApplication=4.3ms
08-16 14:16:04.796 I/TvLiveBaseFragment( 3007): onPause
08-16 14:16:04.796 I/ShoppingPlugin-stv-PluginFragment( 3007): onPause ->in
08-16 14:16:04.796 I/ShoppingPlugin-stv-PluginRootLayout( 3007): onFragmentPause ---> in
08-16 14:16:04.796 I/Launcher( 3007): [com.stv.launcher] LauncherActivity -- onPause  mBootSignalFirst=false sCurrentScreen = signal
08-16 14:16:04.796 I/Launcher( 3007): [com.stv.launcher] ===== enalbeAllKey =====
08-16 14:16:04.800 I/Utopia  ( 1749): [DIP API]DIP already Opened
08-16 14:16:04.800 I/Utopia  ( 1749): [DIP API]MDrv_CMD_DIP_RELEASE_RESOURCE[0]   start
08-16 14:16:04.800 I/Utopia  ( 1749): [DIP API]MDrv_CMD_DIP_RELEASE_RESOURCE[0]   end
08-16 14:16:04.801 I/WindowManager( 2207): setBlockVoiceKey = false
08-16 14:16:04.802 I/WindowManager( 2207): setBlockSourceKey = false
08-16 14:16:04.803 I/WindowManager( 2207): setBlockSettingKey = false
08-16 14:16:04.806 I/WindowManager( 2207): setBlockFunctionKeys = false
08-16 14:16:04.806 I/cdelog  ( 3380): core::supernode::HttpConnection(345)::[HLS]Client(127.0.0.1:55066), query full url(/play/stop?enc=base64&url=aHR0cDovL2xpdmUuZzNwcm94eS5jcDIxLm90dC5jaWJudHYubmV0L2dzbGI/c3RyZWFtX2lkPWxiX3pjemI1XzE4MDAmdGFnPWxpdmUmZXh0PW0zdTgmc2lnbj1saXZlX3R2JnNwbGF0aWQ9MTA2MDcwNDAwMiZwbGF0aWQ9MTAmcGxheWlkPTEmdGVybWlkPTImcGF5PTAmdG09MTQxMTk3NDE2NSZvc3R5cGU9YW5kcmlvZCZod3R5cGU9dW4mZXhwZWN0PTMmZm9ybWF0PTEmdWlkPTE3NTQwNDU3NDYmYXBwX25hbWU9dHZsaXZlJmFwcF92ZXI9NC4yLjAuMDUwJmRldmlkPW1hY0IwMUJEMjU0MkQ1MSZ1dWlkPUIwMUJEMjU0MkQ1MTE1MzQzNTAzNzMzMTFfMCZzdGF0aW9uPWxiX3pjemI1JnNpZ25fZGV2PUMwQkM4NzBEM0VGNDI3NjEyNkQ2Njk5NTAyMEIwREJBJmFwcF9jb2RlPTIwMTgwNzE5MTcmbGl2ZUlkPTIyODImcDE9MiZwMj0yMCZwMz0yMF90dmxpdmVfY2libiZ3bWFjPWI4OmZjOjliOjA0OjY4OjJhJmxzdG09MWZweWNjJmxzYnY9MmZuJmxzc3Y9MUVjanVUX1QxX1MxOW1iWjRfVmlSRF9QN0lPb3M0THNRYW5Cc2NKUTl0RmJSUjNCWWdCSV9JMF9NMCZsc2RnPTM0MGw2ajdySEo3OVN3bU9YN045bGQ0S2hqTWkmbHNzdD0xJmxzc2U9MkRpMFVG&&mediatype=m3u8), method(GET), 3 params, 5 header(s), content-length 0 bytes
08-16 14:16:04.807 W/cdeclientapi( 3007): [NetworkUtils] doHttpGet. abnormal response code(404), url(http://127.0.0.1:6990/play/stop?enc=base64&url=aHR0cDovL2xpdmUuZzNwcm94eS5jcDIxLm90dC5jaWJudHYubmV0L2dzbGI/c3RyZWFtX2lkPWxiX3pjemI1XzE4MDAmdGFnPWxpdmUmZXh0PW0zdTgmc2lnbj1saXZlX3R2JnNwbGF0aWQ9MTA2MDcwNDAwMiZwbGF0aWQ9MTAmcGxheWlkPTEmdGVybWlkPTImcGF5PTAmdG09MTQxMTk3NDE2NSZvc3R5cGU9YW5kcmlvZCZod3R5cGU9dW4mZXhwZWN0PTMmZm9ybWF0PTEmdWlkPTE3NTQwNDU3NDYmYXBwX25hbWU9dHZsaXZlJmFwcF92ZXI9NC4yLjAuMDUwJmRldmlkPW1hY0IwMUJEMjU0MkQ1MSZ1dWlkPUIwMUJEMjU0MkQ1MTE1MzQzNTAzNzMzMTFfMCZzdGF0aW9uPWxiX3pjemI1JnNpZ25fZGV2PUMwQkM4NzBEM0VGNDI3NjEyNkQ2Njk5NTAyMEIwREJBJmFwcF9jb2RlPTIwMTgwNzE5MTcmbGl2ZUlkPTIyODImcDE9MiZwMj0yMCZwMz0yMF90dmxpdmVfY2libiZ3bWFjPWI4OmZjOjliOjA0OjY4OjJhJmxzdG09MWZweWNjJmxzYnY9MmZuJmxzc3Y9MUVjanVUX1QxX1MxOW1iWjRfVmlSRF9QN0lPb3M0THNRYW5Cc2NKUTl0RmJSUjNCWWdCSV9JMF9NMCZsc2RnPTM0MGw2ajdySEo3OVN3bU9YN045bGQ0S2hqTWkmbHNzdD0xJmxzc2U9MkRpMFVG&&mediatype=m3u8)
08-16 14:16:04.813 I/cdelog  ( 3380): core::entrance::HlsServer(654)::Request stop channel(http://live.g3proxy.cp21.ott.cibntv.net/gslb?stream_id=lb_zczb5_1800&tag=live&ext=m3u8&sign=live_tv&splatid=1060704002&platid=10&playid=1&termid=2&pay=0&tm=1411974165&ostype=andriod&hwtype=un&expect=3&format=1&uid=1754045746&app_name=tvlive&app_ver=4.2.0.050&devid=macB01BD2542D51&uuid=B01BD2542D511534350373311_0&station=lb_zczb5&sign_dev=C0BC870D3EF4276126D66995020B0DBA&app_code=2018071917&liveId=2282&p1=2&p2=20&p3=20_tvlive_cibn&wmac=b8:fc:9b:04:68:2a&lstm=1fpycc&lsbv=2fn&lssv=1EcjuT_T1_S19mbZ4_ViRD_P7IOos4LsQanBscJQ9tFbRR3BYgBI_I0_M0&lsdg=340l6j7rHJ79SwmOX7N9ld4KhjMi&lsst=1&lsse=2Di0UF), result(404 - Channel Close Failed)
08-16 14:16:04.815 I/WindowManager( 2207): setBlockHomeKey = false
08-16 14:16:04.815 I/cdelog  ( 3380): core::supernode::HttpServer(137)::close connection(127.0.0.1:55066), url(/play/stop)
08-16 14:16:04.821 D/IVideoSet( 1803): Receive VIDEO_CLOSEWIN
08-16 14:16:04.821 E/VIDEO   ( 1803): This API will be removed in next version, please reduce use it. thanks!!
08-16 14:16:04.821 E/VIDEO   ( 1803): enable:1, u16VideoUnMuteTime: 0 
08-16 14:16:04.821 W/VIDEO   ( 1803): [36m Mute Engine is 0, engine is 0 [m
08-16 14:16:04.821 W/VIDEO   ( 1803): Lock Status: APP:LOCK, RESERVE_1:UNLOCK, RESERVE_2:UNLOCK, RESERVE_3:UNLOCK
08-16 14:16:04.821 W/VIDEO   ( 1803): enScalerWinType: MAIN, isLock: 1
08-16 14:16:04.821 W/VIDEO   ( 1803): bEnable: 1, getMuteFlag(engine, eWin): 0, 
08-16 14:16:04.821 W/VIDEO   ( 1803): BACKEND engine is 0
08-16 14:16:04.821 W/VIDEO   ( 1803): BACKEND engine video only is 0
08-16 14:16:04.821 W/VIDEO   ( 1803): SOC engine is 0
08-16 14:16:04.821 W/VIDEO   ( 1803): XC engine (MAIN) is 0
08-16 14:16:04.821 W/VIDEO   ( 1803): XC engine (SUB) is 1
08-16 14:16:04.821 W/VIDEO   ( 1803): Lock Mute Status => 
08-16 14:16:04.821 W/VIDEO   ( 1803): Lock Status: APP:LOCK, RESERVE_1:UNLOCK, RESERVE_2:UNLOCK, RESERVE_3:UNLOCK
08-16 14:16:04.821 W/VIDEO   ( 1803): enScalerWinType: MAIN, isLock: 1
08-16 14:16:04.821 W/VIDEO   ( 1803): Lock Status: APP:UNLOCK, RESERVE_1:UNLOCK, RESERVE_2:UNLOCK, RESERVE_3:UNLOCK
08-16 14:16:04.821 W/VIDEO   ( 1803): enScalerWinType: SUB, isLock: 0
08-16 14:16:04.821 W/VIDEO   ( 1803): ==== Increase After ====
08-16 14:16:04.821 W/VIDEO   ( 1803): BACKEND engine is 0
08-16 14:16:04.821 W/VIDEO   ( 1803): BACKEND engine video only is 0
08-16 14:16:04.821 W/VIDEO   ( 1803): SOC engine is 0
08-16 14:16:04.822 W/VIDEO   ( 1803): XC engine (MAIN) is 1
08-16 14:16:04.822 W/VIDEO   ( 1803): XC engine (SUB) is 1
08-16 14:16:04.822 W/VIDEO   ( 1803): Lock Mute Status => 
08-16 14:16:04.822 W/VIDEO   ( 1803): Lock Status: APP:LOCK, RESERVE_1:UNLOCK, RESERVE_2:UNLOCK, RESERVE_3:UNLOCK
08-16 14:16:04.822 W/VIDEO   ( 1803): enScalerWinType: MAIN, isLock: 1
08-16 14:16:04.822 W/VIDEO   ( 1803): Lock Status: APP:UNLOCK, RESERVE_1:UNLOCK, RESERVE_2:UNLOCK, RESERVE_3:UNLOCK
08-16 14:16:04.822 W/VIDEO   ( 1803): enScalerWinType: SUB, isLock: 0
08-16 14:16:04.822 W/HDR     ( 1803): [SetHdrMetadata][11085] HDR metadata type is 0.
08-16 14:16:04.822 I/tvos    ( 1764): =============Enter SetVideoMute =======>
08-16 14:16:04.823 I/tvos    ( 1764): =============
08-16 14:16:04.823 I/tvos    ( 1764): [SetBacklight] backlight value 100
08-16 14:16:04.823 I/tvos    ( 1764): get machine type is:0 
08-16 14:16:04.823 I/tvos    ( 1764): Go pql pwm 100 !!!!!
08-16 14:16:04.823 I/tvos    ( 1764): get machine type is:0 
08-16 14:16:04.823 I/tvos    ( 1764): [3D]SetVideostartFlag(0)
08-16 14:16:04.823 I/ActivityManager( 2207): TR7) TaskRecord{93ba410 #3 A=com.stv.signalsourcemanager U=0 sz=1}
08-16 14:16:04.823 I/ActivityManager( 2207): TR6) TaskRecord{14b0d11 #1 A=com.stv.launcher U=0 sz=1}
08-16 14:16:04.825 W/VIDEO   ( 1803): Finalize:3269 Video Finalize : Win[0], Source[34]
08-16 14:16:04.825 I/tvos    ( 1764): mapi_video_base::Finalize lock m_u16TestCount: 1
08-16 14:16:04.830 E/PictureManagerService( 1803): EV_EVENT_VIDEO_STATUS, wParam is 0,  lParam is 0.
08-16 14:16:04.830 I/tvos    ( 1764): Send NOTIFY_CALLBACK
08-16 14:16:04.830 E/PictureManager_JNI( 2881): notifyCB event = -1610613699
08-16 14:16:04.831 E/PictureManager_JNI( 2720): notifyCB event = -1610613699
08-16 14:16:04.832 I/tvos    ( 1764): Send NOTIFY_CALLBACK
08-16 14:16:04.832 D/VideoSetService( 1803): AsyncProcThread :: post evetn : 4
08-16 14:16:04.832 I/tvos    ( 1764): [WARNING]Post Event 4 but not registered, ignored!!!
08-16 14:16:04.833 E/com.mstar.android.tvapi.common.PictureManager.EventHandler( 2881): [PIC]video status change to :0
08-16 14:16:04.834 E/com.mstar.android.tvapi.common.PictureManager.EventHandler( 2720): [PIC]video status change to :0
08-16 14:16:04.834 E/PictureManager_JNI( 7791): notifyCB event = -1610613699
08-16 14:16:04.834 I/tvos    ( 1764): Send NOTIFY_CALLBACK
08-16 14:16:04.834 I/tvos    ( 1764): Send NOTIFY_CALLBACK
08-16 14:16:04.835 E/PictureManager_JNI( 4876): notifyCB event = -1610613699
08-16 14:16:04.835 I/tvos    ( 1764): Send NOTIFY_CALLBACK
08-16 14:16:04.837 I/ActivityManager( 2207): accel TR7) TaskRecord{93ba410 #3 A=com.stv.signalsourcemanager U=0 sz=1}
08-16 14:16:04.837 I/ActivityManager( 2207): accel TR6) TaskRecord{14b0d11 #1 A=com.stv.launcher U=0 sz=1}
08-16 14:16:04.837 W/InputDispatcher( 2207): findFocusedWindow finished: injectionResult=-1, timeSpentWaitingForApplication=51.8ms
08-16 14:16:04.838 I/tvos    ( 1764): Unknow Input Type 
08-16 14:16:04.838 E/com.mstar.android.tvapi.common.PictureManager.EventHandler( 7791): [PIC]video status change to :0
08-16 14:16:04.839 W/InputDispatcher( 2207): findFocusedWindow finished: injectionResult=-1, timeSpentWaitingForApplication=53.7ms
08-16 14:16:04.840 E/com.mstar.android.tvapi.common.PictureManager.EventHandler( 4876): [PIC]video status change to :0
08-16 14:16:04.843 E/VIDEO   ( 1803): This API will be removed in next version, please reduce use it. thanks!!
08-16 14:16:04.843 E/VIDEO   ( 1803): enable:0, u16VideoUnMuteTime: 0 
08-16 14:16:04.843 I/tvos    ( 1764): mapi_video_base::Finalize unlock m_u16TestCount: 0
08-16 14:16:04.843 I/tvos    ( 1764): Enter SetVideoMute =======>
08-16 14:16:04.843 I/tvos    ( 1764): =============BW Window:0, PQSource:9, Hsize:3840, Vsize: 2160, interlace:0, Vfreq=500
08-16 14:16:04.843 I/tvos    ( 1764): Read Bandwidthtable.bin
08-16 14:16:04.844 V/VideoSetService( 1803): disconnect (callingPid 1749, clientPid 1749)
08-16 14:16:04.844 V/VideoSetService( 1803): removeClient(callingPid 1749)
08-16 14:16:04.844 W/VIDEO   ( 1803): Enter LockMuteStatus
08-16 14:16:04.844 W/VIDEO   ( 1803): bEnable: 0, getMuteFlag(engine, eWin): 1, 
08-16 14:16:04.844 W/VIDEO   ( 1803): Lock Mute Status => 
08-16 14:16:04.844 W/VIDEO   ( 1803): Lock Status: APP:UNLOCK, RESERVE_1:UNLOCK, RESERVE_2:UNLOCK, RESERVE_3:UNLOCK
08-16 14:16:04.844 W/VIDEO   ( 1803): enScalerWinType: MAIN, isLock: 0
08-16 14:16:04.844 W/VIDEO   ( 1803): Lock Status: APP:UNLOCK, RESERVE_1:UNLOCK, RESERVE_2:UNLOCK, RESERVE_3:UNLOCK
08-16 14:16:04.844 W/VIDEO   ( 1803): enScalerWinType: SUB, isLock: 0
08-16 14:16:04.844 I/tvos    ( 1764): TvManagerService::Client::setVideoMute  eSrcType = 34,bScreenMute= 0,enColor =0,screenUnMuteTime =0
08-16 14:16:04.844 I/tvos    ( 1764): TvManagerService::Client::setVideoMute  eSrcType = 34,bScreenMute= 0,engine =0
08-16 14:16:04.844 I/tvos    ( 1764): Enter LockMuteStatus =======>
08-16 14:16:04.845 I/ThreeDimensionManager( 1749): ThreeDimensionManager disconnect
08-16 14:16:04.845 I/ThreeDimensionManager( 1749): 
08-16 14:16:04.845 V/VideoSetService( 1803): VideoSetService::Client destructor(callingPid 1749)
08-16 14:16:04.845 V/VideoSetService( 1803): disconnect (callingPid 1803, clientPid 1749)
08-16 14:16:04.845 V/VideoSetService( 1803): removeClient(callingPid 1803)
08-16 14:16:04.846 I/ThreeDimensionManager( 1749): ~ThreeDimensionManager destructor
08-16 14:16:04.846 I/ThreeDimensionManager( 1749): 
08-16 14:16:04.846 I/ThreeDimensionManager( 1749): ThreeDimensionManager disconnect
08-16 14:16:04.846 I/ThreeDimensionManager( 1749): 
08-16 14:16:04.855 I/RMAllocator( 1750): ~ClientInfo this=1656329264,mRMClient=1656328800. id=24
08-16 14:16:04.855 W/RMAllocator( 1750): returnAllResourcesFor: not registered, nothing to do
08-16 14:16:04.867 W/InputDispatcher( 2207): findFocusedWindow finished: injectionResult=-1, timeSpentWaitingForApplication=80.9ms
08-16 14:16:04.868 W/InputDispatcher( 2207): findFocusedWindow finished: injectionResult=-1, timeSpentWaitingForApplication=82.0ms
08-16 14:16:04.871 I/SpoPlayer( 3007): [33] onVideoDisabled
08-16 14:16:04.871 I/SpoPlayer( 3007): [33] onAudioDisabled
08-16 14:16:04.872 I/TvLiveBaseFragment( 3007): onHiddenChanged
08-16 14:16:04.872 I/TvLiveBaseFragment( 3007): onHiddenChanged: live is not showing, ignore this call
08-16 14:16:04.873 W/InputMethodManagerService( 2207): Starting input on non-focused client com.android.internal.view.IInputMethodClient$Stub$Proxy@7163e83 (uid=1000 pid=3007)
08-16 14:16:04.887 I/tvos    ( 1764): =============[37m[INFO] Change to Voltage: 1130 mV (0x1F)[m
08-16 14:16:04.887 I/tvos    ( 1764): [37m[INFO] Change to Voltage: 1130 mV (0x22)[m
08-16 14:16:04.887 I/tvos    ( 1764): [37m[INFO] Change to Voltage: 1130 mV (0x25)[m
08-16 14:16:04.887 I/tvos    ( 1764): [37m[INFO] Change to Voltage: 1130 mV (0x28)[m
08-16 14:16:04.887 I/tvos    ( 1764): [37m[INFO] Change to Voltage: 1130 mV (0x2B)[m
08-16 14:16:04.887 I/tvos    ( 1764): [37m[INFO] Change to Voltage: 1130 mV (0x2C)[m
08-16 14:16:04.889 W/ContextImpl( 4876): Calling a method in the system process without a qualified user: android.app.ContextImpl.sendStickyBroadcast:1015 android.content.ContextWrapper.sendStickyBroadcast:509 com.stv.signalsourcemanager.BaseActivity.onStart:110 com.stv.signalsourcemanager.BaseUIActivity.onStart:240 com.stv.signalsourcemanager.MainActivity.onStart:182 
08-16 14:16:04.897 E/LETV_DEVICE( 1780): no name sn for Mstar
08-16 14:16:04.897 W/ContextImpl( 4876): Calling a method in the system process without a qualified user: android.app.ContextImpl.sendBroadcast:766 android.content.ContextWrapper.sendBroadcast:396 com.stv.signalsourcemanager.BaseActivity.onStart:119 com.stv.signalsourcemanager.BaseUIActivity.onStart:240 com.stv.signalsourcemanager.MainActivity.onStart:182 
08-16 14:16:04.899 W/ContextImpl( 4876): Calling a method in the system process without a qualified user: android.app.ContextImpl.sendBroadcast:766 android.content.ContextWrapper.sendBroadcast:396 com.stv.signalsourcemanager.BaseActivity.onStart:125 com.stv.signalsourcemanager.BaseUIActivity.onStart:240 com.stv.signalsourcemanager.MainActivity.onStart:182 
08-16 14:16:04.906 W/InputDispatcher( 2207): findFocusedWindow finished: injectionResult=-1, timeSpentWaitingForApplication=120.1ms
08-16 14:16:04.908 I/MediaFocusControl( 2207):  AudioFocus  requestAudioFocus() from android.media.AudioManager@ea278bacom.stv.signalsourcemanager.BaseActivity$1@5d2436b req=1flags=0x0
08-16 14:16:04.909 W/InputDispatcher( 2207): findFocusedWindow finished: injectionResult=-1, timeSpentWaitingForApplication=123.4ms
08-16 14:16:04.916 W/ContextImpl( 4876): Calling a method in the system process without a qualified user: android.app.ContextImpl.startService:1224 android.content.ContextWrapper.startService:581 com.stv.signalsourcemanager.SourceBase.startReportService:1072 com.stv.signalsourcemanager.SourceBase.onStart:149 com.stv.signalsourcemanager.mstar.MstarSource.onStart:24 
08-16 14:16:04.916 I/columnmanager( 4326): changeTV:null,curent tvid:null
08-16 14:16:04.916 I/columnmanager( 4326): set tvid:null
08-16 14:16:04.917 I/columnmanager( 4326): set tvid:null
08-16 14:16:04.924 W/ContextImpl( 2837): Calling a method in the system process without a qualified user: android.app.ContextImpl.startService:1224 android.content.ContextWrapper.startService:581 android.content.ContextWrapper.startService:581 com.stv.reportlog.channel.stargazer.receiver.StargazerCustomReceiver.onReceive:18 android.app.ActivityThread.handleReceiver:2730 
08-16 14:16:04.943 I/[T1.0.6.3]EuiAgnes_Server( 2837): resCode:1
08-16 14:16:04.943 I/[T1.0.6.3]EuiAgnes_Server( 2837): b[0]:0
08-16 14:16:04.945 W/InputDispatcher( 2207): findFocusedWindow finished: injectionResult=-1, timeSpentWaitingForApplication=159.4ms
08-16 14:16:04.947 E/ActivityThread( 2837): Failed to find provider info for com.letv.agnes.InfoProvider
08-16 14:16:04.965 E/ActivityThread( 2837): Failed to find provider info for com.letv.agnes.InfoProvider
08-16 14:16:04.967 I/LetvHelperService( 2613): [com.stv.helper.service] TvMasterService -- listenActivityChanged callback = android.os.BinderProxy@c0ad104
08-16 14:16:04.967 W/System.err( 2837): java.lang.IllegalArgumentException: Unknown URL content://com.letv.agnes.InfoProvider
08-16 14:16:04.976 W/System.err( 2837): 	at android.content.ContentResolver.insert(ContentResolver.java:1227)
08-16 14:16:04.976 W/System.err( 2837): 	at com.letv.tracker2.agnes.Configuration.addDebugInfo(Configuration.java:289)
08-16 14:16:04.977 W/System.err( 2837): 	at com.letv.tracker2.agnes.MessageProcessor$SendEnvMsgTr$1.handleMessage(MessageProcessor.java:661)
08-16 14:16:04.977 W/System.err( 2837): 	at android.os.Handler.dispatchMessage(Handler.java:102)
08-16 14:16:04.977 W/System.err( 2837): 	at android.os.Looper.loop(Looper.java:148)
08-16 14:16:04.977 W/System.err( 2837): 	at com.letv.tracker2.agnes.MessageProcessor$SendEnvMsgTr.run(MessageProcessor.java:665)
08-16 14:16:04.992 I/tvos    ( 1764): GetAudioOutputDevice, retval : 0
08-16 14:16:05.017 I/tvos    ( 1764): get TvEventListenerReady
08-16 14:16:05.020 I/StvLogReport( 2837): StargazerReportTask, {"seq":684,"devid":"X440M-b01bd2542d51-","mac":"b01bd2542d51","uid":"1754045746","clientVersion":"6.5.307D_0801","model":"X440M","time":1534400165,"app":"信号源","status":"播放","signalType":"直播","channelName":""}
08-16 14:16:05.035 I/StvLogReport( 2837): StargazerReportTask, reponse1 : {"status":"OK","statusCode":200,"message":"succeefully"}
08-16 14:16:05.050 E/LETV_DEVICE( 1780): no name sn for Mstar
08-16 14:16:05.060 I/StvLogReport( 2837): StargazerReportTask, action=appClose&name=桌面&packagename=com.stv.launcher&versionCode=20180321&appVersionName=1.0.5&appType=1&mark=45&totalTime=109
08-16 14:16:05.066 E/critical_path_log( 3007): superlive_7799adbbe191b8ab_onTrimMemory: level = 20
08-16 14:16:05.068 I/StvLogReport( 2837): StargazerReportTask, reponse2 : {"status":"OK","statusCode":200,"message":"succeefully"}
08-16 14:16:05.071 W/InputDispatcher( 2207): findFocusedWindow finished: injectionResult=-1, timeSpentWaitingForApplication=285.3ms
08-16 14:16:05.075 W/InputDispatcher( 2207): findFocusedWindow finished: injectionResult=-1, timeSpentWaitingForApplication=289.1ms
08-16 14:16:05.086 W/InputDispatcher( 2207): findFocusedWindow finished: injectionResult=-1, timeSpentWaitingForApplication=300.6ms
08-16 14:16:05.089 I/tvos    ( 1764): [37m[INFO] Change to Voltage: 1000 mV (0x2C)[m
08-16 14:16:05.089 I/tvos    ( 1764): [37m[INFO] Change to Voltage: 1000 mV (0x29)[m
08-16 14:16:05.090 I/tvos    ( 1764): [37m[INFO] Change to Voltage: 1000 mV (0x26)[m
08-16 14:16:05.095 I/tvos    ( 1764): [37m[INFO] Change to Voltage: 1000 mV (0x23)[m
08-16 14:16:05.096 I/tvos    ( 1764): [37m[INFO] Change to Voltage: 1000 mV (0x20)[m
08-16 14:16:05.097 I/tvos    ( 1764): [37m[INFO] Change to Voltage: 1000 mV (0x1F)[m
08-16 14:16:05.101 W/InputDispatcher( 2207): Focus entered window: Window{3a28d46 u0 com.stv.signalsourcemanager/com.stv.signalsourcemanager.MainActivity}
08-16 14:16:05.102 W/InputDispatcher( 2207): findFocusedWindow finished: injectionResult=0, timeSpentWaitingForApplication=316.0ms
08-16 14:16:05.120 E/BufferQueueProducer( 1749): [com.stv.signalsourcemanager/com.stv.signalsourcemanager.MainActivity] connect(P): already connected (cur=1 req=1)
08-16 14:16:05.123 E/ActivityThread( 2837): Failed to find provider info for com.letv.agnes.InfoProvider
08-16 14:16:05.128 E/ActivityThread( 2837): Failed to find provider info for com.letv.agnes.InfoProvider
08-16 14:16:05.130 W/System.err( 2837): java.lang.IllegalArgumentException: Unknown URL content://com.letv.agnes.InfoProvider
08-16 14:16:05.131 W/ViewRootImpl( 4876): Cancelling event due to no window focus: KeyEvent { action=ACTION_UP, keyCode=KEYCODE_DPAD_LEFT, scanCode=0, metaState=0, flags=0x20, repeatCount=0, eventTime=511030828, downTime=511030828, deviceId=-1, source=0x101 }
08-16 14:16:05.131 W/ViewRootImpl( 4876): Cancelling event due to no window focus: KeyEvent { action=ACTION_UP, keyCode=KEYCODE_DPAD_LEFT, scanCode=0, metaState=0, flags=0x20, repeatCount=0, eventTime=511030828, downTime=511030828, deviceId=-1, source=0x101 }
08-16 14:16:05.131 W/ViewRootImpl( 4876): Cancelling event due to no window focus: KeyEvent { action=ACTION_UP, keyCode=KEYCODE_DPAD_LEFT, scanCode=0, metaState=0, flags=0x20, repeatCount=0, eventTime=511030828, downTime=511030828, deviceId=-1, source=0x101 }
08-16 14:16:05.131 W/ViewRootImpl( 4876): Cancelling event due to no window focus: KeyEvent { action=ACTION_UP, keyCode=KEYCODE_DPAD_LEFT, scanCode=0, metaState=0, flags=0x20, repeatCount=0, eventTime=511030828, downTime=511030828, deviceId=-1, source=0x101 }
08-16 14:16:05.131 W/ViewRootImpl( 4876): Cancelling event due to no window focus: KeyEvent { action=ACTION_UP, keyCode=KEYCODE_DPAD_LEFT, scanCode=0, metaState=0, flags=0x20, repeatCount=0, eventTime=511030828, downTime=511030828, deviceId=-1, source=0x101 }
08-16 14:16:05.131 W/ViewRootImpl( 4876): Cancelling event due to no window focus: KeyEvent { action=ACTION_UP, keyCode=KEYCODE_DPAD_LEFT, scanCode=0, metaState=0, flags=0x20, repeatCount=0, eventTime=511030828, downTime=511030828, deviceId=-1, source=0x101 }
08-16 14:16:05.131 W/ViewRootImpl( 4876): Cancelling event due to no window focus: KeyEvent { action=ACTION_UP, keyCode=KEYCODE_DPAD_LEFT, scanCode=0, metaState=0, flags=0x20, repeatCount=0, eventTime=511030828, downTime=511030828, deviceId=-1, source=0x101 }
08-16 14:16:05.131 W/ViewRootImpl( 4876): Cancelling event due to no window focus: KeyEvent { action=ACTION_UP, keyCode=KEYCODE_DPAD_LEFT, scanCode=0, metaState=0, flags=0x20, repeatCount=0, eventTime=511030828, downTime=511030828, deviceId=-1, source=0x101 }
08-16 14:16:05.131 W/ViewRootImpl( 4876): Cancelling event due to no window focus: KeyEvent { action=ACTION_UP, keyCode=KEYCODE_DPAD_LEFT, scanCode=0, metaState=0, flags=0x20, repeatCount=0, eventTime=511030828, downTime=511030828, deviceId=-1, source=0x101 }
08-16 14:16:05.131 W/System.err( 2837): 	at android.content.ContentResolver.insert(ContentResolver.java:1227)
08-16 14:16:05.134 W/System.err( 2837): 	at com.letv.tracker2.agnes.Configuration.addDebugInfo(Configuration.java:289)
08-16 14:16:05.134 W/System.err( 2837): 	at com.letv.tracker2.agnes.MessageProcessor$SendEnvMsgTr$1.handleMessage(MessageProcessor.java:661)
08-16 14:16:05.134 W/System.err( 2837): 	at android.os.Handler.dispatchMessage(Handler.java:102)
08-16 14:16:05.135 W/System.err( 2837): 	at android.os.Looper.loop(Looper.java:148)
08-16 14:16:05.135 W/System.err( 2837): 	at com.letv.tracker2.agnes.MessageProcessor$SendEnvMsgTr.run(MessageProcessor.java:665)
08-16 14:16:05.145 I/[T1.0.6.3]EuiAgnes_Server( 2837): resCode:1
08-16 14:16:05.145 I/[T1.0.6.3]EuiAgnes_Server( 2837): b[0]:0
08-16 14:16:05.189 I/tvos    ( 1764): [37m[INFO] Change to Voltage: 1130 mV (0x1F)[m
08-16 14:16:05.196 I/tvos    ( 1764): [37m[INFO] Change to Voltage: 1130 mV (0x22)[m
08-16 14:16:05.197 I/tvos    ( 1764): [37m[INFO] Change to Voltage: 1130 mV (0x25)[m
08-16 14:16:05.198 I/tvos    ( 1764): [37m[INFO] Change to Voltage: 1130 mV (0x28)[m
08-16 14:16:05.199 I/tvos    ( 1764): [37m[INFO] Change to Voltage: 1130 mV (0x2B)[m
08-16 14:16:05.204 I/tvos    ( 1764): [37m[INFO] Change to Voltage: 1130 mV (0x2C)[m
08-16 14:16:05.211 I/ActivityManager( 2207): Displayed com.stv.signalsourcemanager/.MainActivity: +392ms
08-16 14:16:05.211 W/ContextImpl( 2207): Calling a method in the system process without a qualified user: android.app.ContextImpl.sendBroadcast:766 com.android.server.am.ActivityRecord.reportLaunchTimeLocked:1056 com.android.server.am.ActivityRecord.windowsDrawnLocked:1080 com.android.server.am.ActivityRecord$Token.windowsDrawn:345 com.android.server.wm.WindowManagerService$H.handleMessage:8042 
08-16 14:16:05.219 W/ContextImpl( 2613): Calling a method in the system process without a qualified user: android.app.ContextImpl.startService:1224 android.content.ContextWrapper.startService:581 com.stv.helper.service.TvMasterService.noteLaunchTime:169 letv.tvmaster.ITvMasterService$Stub.onTransact:136 android.os.Binder.execTransact:453 
08-16 14:16:05.223 I/LetvManager-LogReport( 1780): [send_msg] line: 490 report url = http://log.hdtv.cp21.ott.cibntv.net:80/api/log/tvAction
08-16 14:16:05.243 I/tvos    ( 1764): GetAudioOutputDevice, retval : 0
08-16 14:16:05.277 I/tvos    ( 1764): Attention! Should enable input source when do auto detect 3d
08-16 14:16:05.277 I/tvos    ( 1764): Attention! Should enable input source when do auto detect 3d
08-16 14:16:05.277 I/tvos    ( 1764): Attention! Should enable input source when do auto detect 3d
08-16 14:16:05.277 I/tvos    ( 1764): Detect3DFormat when is not auto detect=======
08-16 14:16:05.285 E/TvApp   ( 4876): SetSourceType:E_INPUT_SOURCE_DTV
08-16 14:16:05.287 D/TvManagerService( 1803): IsSourceChanging-check switch inputsource ret=0!
08-16 14:16:05.290 I/RMAllocator( 1750): ClientInfo this=1656322800, mRMClient=1656322176. id=1
08-16 14:16:05.296 I/DatabaseManager_JNI( 3538): setDatabaseDirtyByApplication
08-16 14:16:05.309 I/tvos    ( 1764): @@@MSrv_System_Database::GetUserSystemSetting./src/MSrv_Control_common.cpp,line:3117 eInputSrc =28,eWin =0,bForceSet =0
08-16 14:16:05.309 I/tvos    ( 1764): TvManagerService::PostEvent, nEvt is 536875018.
08-16 14:16:05.309 I/tvos    ( 1764): No power-off timer be trigger!!!
08-16 14:16:05.309 I/tvos    ( 1764): MonitorOffModeTimer:ts.tv_sec = 2147483647
08-16 14:16:05.309 I/tvos    ( 1764): init device_pcb and SetTunerWakeUp 
08-16 14:16:05.309 I/tvos    ( 1764): caigang 11301715 device_tuner_R846: SetTunerWakeUp
08-16 14:16:05.310 E/DataBaseDeskImpl( 4876): ===========>>>> now change Index = 25
08-16 14:16:05.316 E/TvManager_JNI( 4876): notifyCB event = 536875018
08-16 14:16:05.317 I/TvLiveBaseFragment( 3007): onStop
08-16 14:16:05.321 I/tvos    ( 1764): threadMonitor,line:595..will call SetInputSourceCmd 
08-16 14:16:05.321 I/tvos    ( 1764): [AutoTest][SourceChange][SetInputSourceCmd  28 START][511031754]
08-16 14:16:05.332 E/TvManager_JNI( 2207): notifyCB event = 536875018
08-16 14:16:05.339 E/TvManager_JNI( 3538): notifyCB event = 536875018
08-16 14:16:05.340 E/TvManager_JNI( 2822): notifyCB event = 536875018
08-16 14:16:05.340 E/TvManager_JNI( 2720): notifyCB event = 536875018
08-16 14:16:05.340 E/TvManager_JNI( 2881): notifyCB event = 536875018
08-16 14:16:05.343 E/TvManager_JNI( 7791): notifyCB event = 536875018
08-16 14:16:05.344 E/TvManager_JNI(14251): notifyCB event = 536875018
08-16 14:16:05.353 I/tvos    ( 1764): @@@MSrv_System_Database::GetVideoSetting
08-16 14:16:05.353 I/tvos    ( 1764): [SetBacklight] backlight value 100
08-16 14:16:05.353 I/tvos    ( 1764): get machine type is:0 
08-16 14:16:05.354 I/tvos    ( 1764): Go pql pwm 100 !!!!!
08-16 14:16:05.354 I/tvos    ( 1764): get machine type is:0 
08-16 14:16:05.361 I/tvos    ( 1764): [SetInputSourceCmd] call SetSoundMuteStatus, Line :1180
08-16 14:16:05.361 I/tvos    ( 1764): mapi_str::addStrThreadItem ptid=0xc5601460 m_StrThreadItems.size()=12,this=0xd93dc0, name=InitCECThread
08-16 14:16:05.361 I/tvos    ( 1764): [audioBSP] #1 m_internalMute : 1 ..
08-16 14:16:05.361 I/tvos    ( 1764): #1|->SDK_bPermanentAudioMute:0<-|->SDK_bMomentAudioMute:0 <-|->SDK_bBySyncAudioMute:0<-|->SDK_bByBlockAudioMute:0<-|->SDK_bByVChipAudioMute:0<-|
08-16 14:16:05.361 I/tvos    ( 1764): #1|->SDK_bInternal1AudioMute:0<-|->SDK_bInternal2AudioMute:0<-|->SDK_bInternal3AudioMute:0<-|->SDK_bInternal4AudioMute:0<-|
08-16 14:16:05.361 I/tvos    ( 1764): #1|->SDK_bByScanInOutchgCHchg:0<-|->SDK_bByDuringLimitedTimeAudioMute:0<-|->SDK_bSourceSwitchAudioMute:1<-|
08-16 14:16:05.361 I/tvos    ( 1764): #1|->SDK_bMHEGApMute:0<-|->SDK_bAllAudioMuteCtrl:0<-|->SDK_bPowerOnMute:0<-|->SDK_bNullSourceMute0<-|->SDK_bSetInputSourceAudioMute:0<-|
08-16 14:16:05.361 I/tvos    ( 1764): [audioBSP] #2 m_spkrMute : 1 ..|->SDK_bUsrSpkrAudioMute:0<-|->SDK_bPowerOnMute:0<-|->SDK_bByUserAudioMute:1<-|
08-16 14:16:05.361 I/tvos    ( 1764): [audioBSP] #3 m_PcmCapture2Mute:1 |->SDK_bByUserPcmCapture2Mute:0<-|->SDK_SUB_bByUserAudioMute:0<-|->SDK_bByUserAudioMute:1<-|
08-16 14:16:05.361 I/tvos    ( 1764): [audioBSP] #5 m_hpMute : 1 ..|->SDK_bUsrHpAudioMute:1<-|->SDK_bPowerOnMute:0<-|->SDK_bByUserAudioMute:1<-|
08-16 14:16:05.361 I/tvos    ( 1764): [audioBSP] #12 m_spdifMute : 1 ..
08-16 14:16:05.361 I/tvos    ( 1764): #12|->SDK_bPermanentAudioMute:0<-|->SDK_bMomentAudioMute:0<-|->SDK_bByBlockAudioMute:0<-|
08-16 14:16:05.361 I/tvos    ( 1764): #12|->SDK_bByVChipAudioMute:0<-|->SDK_bInternal1AudioMute:0<-|->SDK_bInternal4AudioMute:0<-|
08-16 14:16:05.361 I/tvos    ( 1764): #12|->SDK_bByDuringLimitedTimeAudioMute:0<-|->SDK_bSourceSwitchAudioMute:1<-|->SDK_bMHEGApMute:0<-|
08-16 14:16:05.361 I/tvos    ( 1764): #12|->SDK_bPowerOnMute:0<-|->SDK_bUsrSpdifAudioMute:1<-|->SDK_bNullSourceMute:0<-|->SDK_bByAppMute:0<-|
08-16 14:16:05.361 I/tvos    ( 1764): Mute ,mute Status repetition!
08-16 14:16:05.361 W/HDR     ( 1803): [SetHdrMetadata][11085] HDR metadata type is 0.
08-16 14:16:05.361 W/VIDEO   ( 1803): [36m Mute Engine is 0, engine is 0 [m
08-16 14:16:05.361 W/VIDEO   ( 1803): bEnable: 1, getMuteFlag(engine, eWin): 1, 
08-16 14:16:05.361 W/VIDEO   ( 1803): BACKEND engine is 0
08-16 14:16:05.361 W/VIDEO   ( 1803): BACKEND engine video only is 0
08-16 14:16:05.361 W/VIDEO   ( 1803): SOC engine is 0
08-16 14:16:05.362 W/VIDEO   ( 1803): XC engine (MAIN) is 1
08-16 14:16:05.362 W/VIDEO   ( 1803): XC engine (SUB) is 1
08-16 14:16:05.362 W/VIDEO   ( 1803): Lock Mute Status => 
08-16 14:16:05.362 W/VIDEO   ( 1803): Lock Status: APP:UNLOCK, RESERVE_1:UNLOCK, RESERVE_2:UNLOCK, RESERVE_3:UNLOCK
08-16 14:16:05.362 W/VIDEO   ( 1803): enScalerWinType: MAIN, isLock: 0
08-16 14:16:05.362 W/VIDEO   ( 1803): Lock Status: APP:UNLOCK, RESERVE_1:UNLOCK, RESERVE_2:UNLOCK, RESERVE_3:UNLOCK
08-16 14:16:05.362 W/VIDEO   ( 1803): enScalerWinType: SUB, isLock: 0
08-16 14:16:05.362 W/VIDEO   ( 1803): ==== Increase After ====
08-16 14:16:05.362 W/VIDEO   ( 1803): BACKEND engine is 0
08-16 14:16:05.362 W/VIDEO   ( 1803): BACKEND engine video only is 0
08-16 14:16:05.362 W/VIDEO   ( 1803): SOC engine is 0
08-16 14:16:05.362 W/VIDEO   ( 1803): XC engine (MAIN) is 1
08-16 14:16:05.362 W/VIDEO   ( 1803): XC engine (SUB) is 1
08-16 14:16:05.362 W/VIDEO   ( 1803): Lock Mute Status => 
08-16 14:16:05.362 W/VIDEO   ( 1803): Lock Status: APP:UNLOCK, RESERVE_1:UNLOCK, RESERVE_2:UNLOCK, RESERVE_3:UNLOCK
08-16 14:16:05.362 W/VIDEO   ( 1803): enScalerWinType: MAIN, isLock: 0
08-16 14:16:05.362 W/VIDEO   ( 1803): Lock Status: APP:UNLOCK, RESERVE_1:UNLOCK, RESERVE_2:UNLOCK, RESERVE_3:UNLOCK
08-16 14:16:05.362 W/VIDEO   ( 1803): enScalerWinType: SUB, isLock: 0
08-16 14:16:05.363 I/tvos    ( 1764): SetSoundMuteStatus : m_hpMute : 1, m_spdifMute : 1, m_DataInMute : 0, m_channel7Mute : 0, m_internalMute : 1, m_spkrMute : 1, m_PcmCapture1Mute : 0, m_PcmCapture2Mute : 1 
08-16 14:16:05.363 I/tvos    ( 1764): [CEC] msAPI_CEC_SetMyPhyAddr
08-16 14:16:05.363 I/tvos    ( 1764): ./src/MSrv_Control_common.cpp,line:11037 SwitchInputSource 
08-16 14:16:05.363 I/tvos    ( 1764): [CEC] !H&!H msAPI_CEC_RoutingSourceChange->TxMsgActiveSource line = 5276
08-16 14:16:05.363 I/tvos    ( 1764): [AutoTest][SourceChange][player finalize START][511031794]
08-16 14:16:05.363 I/tvos    ( 1764): [CEC][TxMsg_ReqARCInitiation:2731] Non-adjacent ARC device exist
08-16 14:16:05.363 I/tvos    ( 1764): Enter SetVideoMute =======>
08-16 14:16:05.363 I/tvos    ( 1764): =============mapi_str::removeStrThreadItem ptid=0xc5601460 m_StrThreadItems.size()=11,this=0xd93dc0, name=InitCECThread
08-16 14:16:05.363 I/tvos    ( 1764): Not initialized
08-16 14:16:05.363 I/tvos    ( 1764): disconnect finalize ok!Send EVENT_NOTIFY_TEMPLATE
08-16 14:16:05.365 I/tvos    ( 1764): Send EVENT_NOTIFY_TEMPLATE
08-16 14:16:05.386 I/tvos    ( 1764): [37m[INFO] Change to Voltage: 1000 mV (0x2C)[m
08-16 14:16:05.386 I/tvos    ( 1764): [37m[INFO] Change to Voltage: 1000 mV (0x29)[m
08-16 14:16:05.386 I/tvos    ( 1764): [37m[INFO] Change to Voltage: 1000 mV (0x26)[m
08-16 14:16:05.386 I/tvos    ( 1764): [37m[INFO] Change to Voltage: 1000 mV (0x23)[m
08-16 14:16:05.386 I/tvos    ( 1764): [37m[INFO] Change to Voltage: 1000 mV (0x20)[m
08-16 14:16:05.388 I/tvos    ( 1764): [37m[INFO] Change to Voltage: 1000 mV (0x1F)[m
08-16 14:16:05.421 E/IPlayerImplClient( 1803): Send NOTIFY_CALLBACK
08-16 14:16:05.421 E/PlayerImpl_JNI( 2720): notifyCB event = 536875042
08-16 14:16:05.421 E/PlayerImpl_JNI( 2720): SIG: EV_SIGNAL_UNSTABLE
08-16 14:16:05.422 E/IPlayerImplClient( 1803): Send NOTIFY_CALLBACK
08-16 14:16:05.422 E/PlayerImpl_JNI( 2207): notifyCB event = 536875042
08-16 14:16:05.422 E/PlayerImpl_JNI( 2207): SIG: EV_SIGNAL_UNSTABLE
08-16 14:16:05.422 I/tvos    ( 1764): IRQ 48 polling thread destroyed
08-16 14:16:05.422 E/IPlayerImplClient( 1803): Send NOTIFY_CALLBACK
08-16 14:16:05.422 I/tvos    ( 1764): IRQ 48 polling fd closed!!
08-16 14:16:05.422 I/tvos    ( 1764):  player get EV_SIGNAL_UNSTABLE event = 536875042
08-16 14:16:05.422 I/tvos    ( 1764): [AutoTest][SourceChange][player finalize END][511031854]
08-16 14:16:05.422 I/tvos    ( 1764): [AutoTest][SourceChange][player init START][511031854]
08-16 14:16:05.422 I/tvos    ( 1764): [InputSource_ChangeAudioSource] call SetSoundMuteStatus, Line 1764
08-16 14:16:05.423 I/tvos    ( 1764): [audioBSP] #1 m_internalMute : 1 ..
08-16 14:16:05.423 I/tvos    ( 1764): #1|->SDK_bPermanentAudioMute:0<-|->SDK_bMomentAudioMute:0 <-|->SDK_bBySyncAudioMute:0<-|->SDK_bByBlockAudioMute:0<-|->SDK_bByVChipAudioMute:0<-|
08-16 14:16:05.423 I/tvos    ( 1764): #1|->SDK_bInternal1AudioMute:0<-|->SDK_bInternal2AudioMute:0<-|->SDK_bInternal3AudioMute:0<-|->SDK_bInternal4AudioMute:0<-|
08-16 14:16:05.423 I/tvos    ( 1764): #1|->SDK_bByScanInOutchgCHchg:0<-|->SDK_bByDuringLimitedTimeAudioMute:0<-|->SDK_bSourceSwitchAudioMute:1<-|
08-16 14:16:05.423 I/tvos    ( 1764): #1|->SDK_bMHEGApMute:0<-|->SDK_bAllAudioMuteCtrl:0<-|->SDK_bPowerOnMute:0<-|->SDK_bNullSourceMute0<-|->SDK_bSetInputSourceAudioMute:0<-|
08-16 14:16:05.423 I/tvos    ( 1764): [audioBSP] #2 m_spkrMute : 1 ..|->SDK_bUsrSpkrAudioMute:0<-|->SDK_bPowerOnMute:0<-|->SDK_bByUserAudioMute:1<-|
08-16 14:16:05.423 I/tvos    ( 1764): [audioBSP] #3 m_PcmCapture2Mute:1 |->SDK_bByUserPcmCapture2Mute:0<-|->SDK_SUB_bByUserAudioMute:0<-|->SDK_bByUserAudioMute:1<-|
08-16 14:16:05.423 I/tvos    ( 1764): [audioBSP] #5 m_hpMute : 1 ..|->SDK_bUsrHpAudioMute:1<-|->SDK_bPowerOnMute:0<-|->SDK_bByUserAudioMute:1<-|
08-16 14:16:05.423 I/tvos    ( 1764): [audioBSP] #12 m_spdifMute : 1 ..
08-16 14:16:05.423 E/PlayerImpl_JNI( 7791): notifyCB event = 536875042
08-16 14:16:05.423 I/tvos    ( 1764): #12|->SDK_bPermanentAudioMute:0<-|->SDK_bMomentAudioMute:0<-|->SDK_bByBlockAudioMute:0<-|
08-16 14:16:05.423 I/tvos    ( 1764): #12|->SDK_bByVChipAudioMute:0<-|->SDK_bInternal1AudioMute:0<-|->SDK_bInternal4AudioMute:0<-|
08-16 14:16:05.423 E/PlayerImpl_JNI( 7791): SIG: EV_SIGNAL_UNSTABLE
08-16 14:16:05.423 I/tvos    ( 1764): #12|->SDK_bByDuringLimitedTimeAudioMute:0<-|->SDK_bSourceSwitchAudioMute:1<-|->SDK_bMHEGApMute:0<-|
08-16 14:16:05.423 I/tvos    ( 1764): #12|->SDK_bPowerOnMute:0<-|->SDK_bUsrSpdifAudioMute:1<-|->SDK_bNullSourceMute:0<-|->SDK_bByAppMute:0<-|
08-16 14:16:05.423 I/tvos    ( 1764): EV_SIGNAL_UNSTABLE  =  536875042
08-16 14:16:05.423 I/tvos    ( 1764): Send NOTIFY_CALLBACK
08-16 14:16:05.423 I/tvos    ( 1764): Mute ,mute Status repetition!
08-16 14:16:05.423 I/tvos    ( 1764): SetSoundMuteStatus : m_hpMute : 1, m_spdifMute : 1, m_DataInMute : 0, m_channel7Mute : 0, m_internalMute : 1, m_spkrMute : 1, m_PcmCapture1Mute : 0, m_PcmCapture2Mute : 1 
08-16 14:16:05.423 I/tvos    ( 1764): [InputSource_ChangeAudioSource]:sora[1817], uitype: cibn, isHK: 0
08-16 14:16:05.423 I/tvos    ( 1764): [InputSource_ChangeAudioSource]:sora[1826]: project name is X440M
08-16 14:16:05.423 I/tvos    ( 1764): [audioBSP] InputSource change to MAPI_INPUT_SOURCE_DTV
08-16 14:16:05.423 I/tvos    ( 1764): SPDIF_SetMode, spdif_mode=0 
08-16 14:16:05.423 I/tvos    ( 1764): [InputSource_ChangeAudioSource] call SetSoundMuteStatus, Line 1875
08-16 14:16:05.423 I/tvos    ( 1764): [InputSource_ChangeAudioSource] Line:2210 Audio_AC3_infoType_DrcMode=1
08-16 14:16:05.423 I/tvos    ( 1764): SPDIF_SetMode, spdif_mode=0 
08-16 14:16:05.423 I/tvos    ( 1764): [audioBSP] #1 m_internalMute : 1 ..
08-16 14:16:05.423 I/tvos    ( 1764): #1|->SDK_bPermanentAudioMute:0<-|->SDK_bMomentAudioMute:0 <-|->SDK_bBySyncAudioMute:0<-|->SDK_bByBlockAudioMute:0<-|->SDK_bByVChipAudioMute:0<-|
08-16 14:16:05.423 I/tvos    ( 1764): #1|->SDK_bInternal1AudioMute:0<-|->SDK_bInternal2AudioMute:0<-|->SDK_bInternal3AudioMute:0<-|->SDK_bInternal4AudioMute:0<-|
08-16 14:16:05.423 I/tvos    ( 1764): #1|->SDK_bByScanInOutchgCHchg:0<-|->SDK_bByDuringLimitedTimeAudioMute:1<-|->SDK_bSourceSwitchAudioMute:1<-|
08-16 14:16:05.423 I/tvos    ( 1764): #1|->SDK_bMHEGApMute:0<-|->SDK_bAllAudioMuteCtrl:0<-|->SDK_bPowerOnMute:0<-|->SDK_bNullSourceMute0<-|->SDK_bSetInputSourceAudioMute:0<-|
08-16 14:16:05.423 E/IPlayerImplClient( 1803): Send NOTIFY_CALLBACK
08-16 14:16:05.423 I/tvos    ( 1764): [audioBSP] #2 m_spkrMute : 1 ..|->SDK_bUsrSpkrAudioMute:0<-|->SDK_bPowerOnMute:0<-|->SDK_bByUserAudioMute:1<-|
08-16 14:16:05.423 I/tvos    ( 1764): [audioBSP] #3 m_PcmCapture2Mute:1 |->SDK_bByUserPcmCapture2Mute:0<-|->SDK_SUB_bByUserAudioMute:0<-|->SDK_bByUserAudioMute:1<-|
