08-16 14:16:05.423 I/tvos    ( 1764): [audioBSP] #5 m_hpMute : 1 ..|->SDK_bUsrHpAudioMute:1<-|->SDK_bPowerOnMute:0<-|->SDK_bByUserAudioMute:1<-|
08-16 14:16:05.423 I/tvos    ( 1764): [audioBSP] #12 m_spdifMute : 1 ..
08-16 14:16:05.423 I/tvos    ( 1764): #12|->SDK_bPermanentAudioMute:0<-|->SDK_bMomentAudioMute:0<-|->SDK_bByBlockAudioMute:0<-|
08-16 14:16:05.423 I/tvos    ( 1764): #12|->SDK_bByVChipAudioMute:0<-|->SDK_bInternal1AudioMute:0<-|->SDK_bInternal4AudioMute:0<-|
08-16 14:16:05.423 I/tvos    ( 1764): #12|->SDK_bByDuringLimitedTimeAudioMute:1<-|->SDK_bSourceSwitchAudioMute:1<-|->SDK_bMHEGApMute:0<-|
08-16 14:16:05.423 I/tvos    ( 1764): #12|->SDK_bPowerOnMute:0<-|->SDK_bUsrSpdifAudioMute:1<-|->SDK_bNullSourceMute:0<-|->SDK_bByAppMute:0<-|
08-16 14:16:05.423 I/tvos    ( 1764): Mute ,mute Status repetition!
08-16 14:16:05.423 I/tvos    ( 1764): SetSoundMuteStatus : m_hpMute : 1, m_spdifMute : 1, m_DataInMute : 0, m_channel7Mute : 0, m_internalMute : 1, m_spkrMute : 1, m_PcmCapture1Mute : 0, m_PcmCapture2Mute : 1 
08-16 14:16:05.423 I/tvos    ( 1764): [InputSource_ChangeAudioSource] call SetSoundMuteStatus, Line 2261
08-16 14:16:05.423 I/tvos    ( 1764): [InputSource_ChangeAudioSource] call SetSoundMuteStatus, Line 2269
08-16 14:16:05.423 E/PlayerImpl_JNI( 4876): notifyCB event = 536875042
08-16 14:16:05.423 I/tvos    ( 1764): [InputSource_ChangeAudioSource] call SetSoundMuteStatus, Line 2273
08-16 14:16:05.423 E/PlayerImpl_JNI( 4876): SIG: EV_SIGNAL_UNSTABLE
08-16 14:16:05.423 I/tvos    ( 1764): [audioBSP] #1 m_internalMute : 1 ..
08-16 14:16:05.423 E/IPlayerImplClient( 1803): Send NOTIFY_CALLBACK
08-16 14:16:05.423 I/tvos    ( 1764): #1|->SDK_bPermanentAudioMute:0<-|->SDK_bMomentAudioMute:0 <-|->SDK_bBySyncAudioMute:0<-|->SDK_bByBlockAudioMute:0<-|->SDK_bByVChipAudioMute:0<-|
08-16 14:16:05.423 E/PlayerImpl_JNI( 2822): notifyCB event = 536875042
08-16 14:16:05.423 I/tvos    ( 1764): #1|->SDK_bInternal1AudioMute:0<-|->SDK_bInternal2AudioMute:0<-|->SDK_bInternal3AudioMute:0<-|->SDK_bInternal4AudioMute:0<-|
08-16 14:16:05.423 I/tvos    ( 1764): #1|->SDK_bByScanInOutchgCHchg:0<-|->SDK_bByDuringLimitedTimeAudioMute:1<-|->SDK_bSourceSwitchAudioMute:0<-|
08-16 14:16:05.423 E/PlayerImpl_JNI( 2822): SIG: EV_SIGNAL_UNSTABLE
08-16 14:16:05.423 I/tvos    ( 1764): #1|->SDK_bMHEGApMute:0<-|->SDK_bAllAudioMuteCtrl:0<-|->SDK_bPowerOnMute:0<-|->SDK_bNullSourceMute0<-|->SDK_bSetInputSourceAudioMute:0<-|
08-16 14:16:05.423 I/tvos    ( 1764): [audioBSP] #2 m_spkrMute : 1 ..|->SDK_bUsrSpkrAudioMute:0<-|->SDK_bPowerOnMute:0<-|->SDK_bByUserAudioMute:1<-|
08-16 14:16:05.423 I/tvos    ( 1764): [audioBSP] #3 m_PcmCapture2Mute:1 |->SDK_bByUserPcmCapture2Mute:0<-|->SDK_SUB_bByUserAudioMute:0<-|->SDK_bByUserAudioMute:1<-|
08-16 14:16:05.423 I/tvos    ( 1764): [audioBSP] #5 m_hpMute : 1 ..|->SDK_bUsrHpAudioMute:1<-|->SDK_bPowerOnMute:0<-|->SDK_bByUserAudioMute:1<-|
08-16 14:16:05.423 I/tvos    ( 1764): [audioBSP] #12 m_spdifMute : 1 ..
08-16 14:16:05.423 I/tvos    ( 1764): #12|->SDK_bPermanentAudioMute:0<-|->SDK_bMomentAudioMute:0<-|->SDK_bByBlockAudioMute:0<-|
08-16 14:16:05.423 I/tvos    ( 1764): #12|->SDK_bByVChipAudioMute:0<-|->SDK_bInternal1AudioMute:0<-|->SDK_bInternal4AudioMute:0<-|
08-16 14:16:05.423 I/tvos    ( 1764): EV_SIGNAL_UNSTABLE  =  536875042
08-16 14:16:05.423 I/tvos    ( 1764): Send NOTIFY_CALLBACK
08-16 14:16:05.423 I/tvos    ( 1764): #12|->SDK_bByDuringLimitedTimeAudioMute:1<-|->SDK_bSourceSwitchAudioMute:0<-|->SDK_bMHEGApMute:0<-|
08-16 14:16:05.423 I/tvos    ( 1764): #12|->SDK_bPowerOnMute:0<-|->SDK_bUsrSpdifAudioMute:1<-|->SDK_bNullSourceMute:0<-|->SDK_bByAppMute:0<-|
08-16 14:16:05.423 I/tvos    ( 1764): Mute ,mute Status repetition!
08-16 14:16:05.423 I/tvos    ( 1764): SetSoundMuteStatus : m_hpMute : 1, m_spdifMute : 1, m_DataInMute : 0, m_channel7Mute : 0, m_internalMute : 1, m_spkrMute : 1, m_PcmCapture1Mute : 0, m_PcmCapture2Mute : 1 
08-16 14:16:05.424 I/tvos    ( 1764):  player get EV_SIGNAL_UNSTABLE event = 536875042
08-16 14:16:05.424 I/tvos    ( 1764): Can't find out selected GPIO device 3!!Please add GPIO device into system.cfg
08-16 14:16:05.424 I/tvos    ( 1764): Can't find out selected GPIO device 52!!Please add GPIO device into system.cfg
08-16 14:16:05.424 I/tvos    ( 1764): [utopia shm warning] 				register duplicated shared memory ID 222: MODULE_DMX@0xf5be24b8
08-16 14:16:05.424 I/tvos    ( 1764): [utopia shm warning] 				register duplicated shared memory ID 223: MODULE_DMX_PRI@0xf5be2538
08-16 14:16:05.424 I/tvos    ( 1764): [utopia module warning] register duplicated module: MODULE_DMX
08-16 14:16:05.424 I/tvos    ( 1764): EV_SIGNAL_UNSTABLE  =  536875042
08-16 14:16:05.424 I/tvos    ( 1764): Send NOTIFY_CALLBACK
08-16 14:16:05.424 I/tvos    ( 1764): [utopia shm warning] 				register duplicated shared memory ID 224: DMX@0xf5be2540
08-16 14:16:05.424 I/tvos    ( 1764): [utopia shm warning] 				register duplicated shared memory ID 225: DMX_PRI@0xf5be2638
08-16 14:16:05.424 I/tvos    ( 1764): [utopia rpool warning] MODULE_DMX has already been established in this processRPOOL_DMX_0
08-16 14:16:05.424 I/tvos    ( 1764): EV_SIGNAL_UNSTABLE  =  536875042
08-16 14:16:05.424 I/tvos    ( 1764): Send NOTIFY_CALLBACK
08-16 14:16:05.424 I/tvos    ( 1764): EV_SIGNAL_UNSTABLE  =  536875042
08-16 14:16:05.424 I/tvos    ( 1764): Send NOTIFY_CALLBACK
08-16 14:16:05.426 E/IPlayerImplClient( 1803): Send NOTIFY_CALLBACK
08-16 14:16:05.426 E/PlayerImpl_JNI( 2720): notifyCB event = 536875042
08-16 14:16:05.426 E/PlayerImpl_JNI( 2720): SIG: EV_SIGNAL_UNSTABLE
08-16 14:16:05.427 E/IPlayerImplClient( 1803): Send NOTIFY_CALLBACK
08-16 14:16:05.427 E/PlayerImpl_JNI( 2207): notifyCB event = 536875042
08-16 14:16:05.427 E/PlayerImpl_JNI( 2207): SIG: EV_SIGNAL_UNSTABLE
08-16 14:16:05.428 E/IPlayerImplClient( 1803): Send NOTIFY_CALLBACK
08-16 14:16:05.429 E/PlayerImpl_JNI( 7791): notifyCB event = 536875042
08-16 14:16:05.429 E/PlayerImpl_JNI( 7791): SIG: EV_SIGNAL_UNSTABLE
08-16 14:16:05.430 E/IPlayerImplClient( 1803): Send NOTIFY_CALLBACK
08-16 14:16:05.430 I/LetvManager-LogReport( 1780): [send_msg] line: 490 report url = http://log.hdtv.cp21.ott.cibntv.net:80/api/log/tvAction
08-16 14:16:05.430 E/PlayerImpl_JNI( 4876): notifyCB event = 536875042
08-16 14:16:05.430 E/PlayerImpl_JNI( 4876): SIG: EV_SIGNAL_UNSTABLE
08-16 14:16:05.431 E/IPlayerImplClient( 1803): Send NOTIFY_CALLBACK
08-16 14:16:05.431 E/PlayerImpl_JNI( 2822): notifyCB event = 536875042
08-16 14:16:05.431 E/PlayerImpl_JNI( 2822): SIG: EV_SIGNAL_UNSTABLE
08-16 14:16:05.439 W/VIDEO   ( 1803): Initialize:3026 Video Init : Win Change[0->0], Source Change[44->28]
08-16 14:16:05.444 I/tvos    ( 1764): EV_SIGNAL_UNSTABLE  =  536875042
08-16 14:16:05.444 I/tvos    ( 1764): Send NOTIFY_CALLBACK
08-16 14:16:05.444 I/tvos    ( 1764): EV_SIGNAL_UNSTABLE  =  536875042
08-16 14:16:05.444 I/tvos    ( 1764): Send NOTIFY_CALLBACK
08-16 14:16:05.444 I/tvos    ( 1764): EV_SIGNAL_UNSTABLE  =  536875042
08-16 14:16:05.444 I/tvos    ( 1764): Send NOTIFY_CALLBACK
08-16 14:16:05.444 I/tvos    ( 1764): EV_SIGNAL_UNSTABLE  =  536875042
08-16 14:16:05.444 I/tvos    ( 1764): Send NOTIFY_CALLBACK
08-16 14:16:05.444 I/tvos    ( 1764): EV_SIGNAL_UNSTABLE  =  536875042
08-16 14:16:05.444 I/tvos    ( 1764): Send NOTIFY_CALLBACK
08-16 14:16:05.444 I/tvos    ( 1764): [HAL_TSP_CPU_SetBase][4192] load firmware (address, size) = (0x000a0000, 0x000054d7)
08-16 14:16:05.444 I/tvos    ( 1764): firmware 111 0x000a0000 0x00000000 0x00000a00
08-16 14:16:05.444 I/tvos    ( 1764): MApi_DMX_GetCap...........................................128
08-16 14:16:05.444 I/tvos    ( 1764): mapi_video_base::Initialize lock m_u16TestCount: 0
08-16 14:16:05.444 I/tvos    ( 1764): [Hal_SC_mux_dispatch][686]src_port=100, dest_port=1
08-16 14:16:05.447 I/tvos    ( 1764): mapi_video_base::Initialize unlock m_u16TestCount: 1
08-16 14:16:05.449 I/tvos    ( 1764): [Hal_SC_mux_dispatch][686]src_port=100, dest_port=20
08-16 14:16:05.527 W/VIDEO   ( 1803): [setSwdrLevel:12664][SWDR] SWDR OFF u16DreIndex=0 u16SwdrIndex=0 bForceDisable=0 m_bEnablePCmode=0
08-16 14:16:05.527 W/VIDEO   ( 1803): [setSwdrLevel:12693][SWDR] u16DreIndex=0 u16SwdrIndex=0 bForceDisable=0 m_bEnablePCmode=0 bApplySetting=0bDRE_En=0 bDRE_SWDR_En=0 u32Version=0 u16Length=0 u16NumofData=0 eWindow=0
08-16 14:16:05.527 E/Utopia  ( 1803): [DMD_VD_MBX]MDrv_SYS_DMD_VD_MBX_Init more than twice
08-16 14:16:05.527 I/tvos    ( 1764): [AT][SN][read database][511035436]
08-16 14:16:05.527 I/tvos    ( 1764): MW_DTV_FrontEnd_DTMB::MW_DTV_FrontEnd_DTMB() 
08-16 14:16:05.527 I/tvos    ( 1764):  [warning] tuner connect wakeup.
08-16 14:16:05.527 I/tvos    ( 1764): device_demodulator_maserati: Connect 4
08-16 14:16:05.527 I/tvos    ( 1764): caigang 11301731 u8SubCmd = 13!JIKO^^^^^m_DTMB_addr/16:2fff000
08-16 14:16:05.527 I/tvos    ( 1764): --------------DMD_DTMB_CHIP_MASERATI_MACAN--------------
08-16 14:16:05.568 I/tvos    ( 1764): SwitchToDtmb..........................
08-16 14:16:05.568 I/tvos    ( 1764): mapi_str::addStrThreadItem ptid=0xc7f01460 m_StrThreadItems.size()=12,this=0xd93dc0, name=__FilterMonitor
08-16 14:16:05.569 I/tvos    ( 1764): mapi_str::addStrThreadItem ptid=0xc3421460 m_StrThreadItems.size()=13,this=0xd93dc0, name=SI ParserMonito
08-16 14:16:05.570 I/tvos    ( 1764): mapi_str::addStrThreadItem ptid=0x985e6460 m_StrThreadItems.size()=14,this=0xd93dc0, name=EIT ParserMonit
08-16 14:16:05.601 I/tvos    ( 1764):  Create path fail src = 28  dest = 20 
08-16 14:16:05.631 I/WifiStateMachine( 2207):  DisconnectedState !CMD_START_SCAN  rt=511032064/511032064 -2 34047 ic=1 proc(ms):15010 dur:2981 cnt=34047 rssi=-127 f=-1 sc=0 link=-1 tx=0.0, 0.0, 0.0  rx=0.0 fiv=20000 [on:0 tx:0 rx:0 period:14993] from screen [on:0 period:1096840959]
08-16 14:16:05.636 I/WifiStateMachine( 2207): handlescanrequest  starting scan for 
08-16 14:16:05.636 I/WifiStateMachine( 2207): startscannative  starting scan for 
08-16 14:16:05.643 I/LetvManager-LogReport( 1780): [send_msg] line: 490 report url = http://log.hdtv.cp21.ott.cibntv.net:80/api/log/tvAction
08-16 14:16:05.658 I/remotestatus( 2207): Msg.what is 101
08-16 14:16:05.658 I/WindowManager( 2207): turn cursor off
08-16 14:16:05.658 E/RemoteManager( 2207): RemoteManager is no longer support in eui6.5
08-16 14:16:05.658 W/InputDispatcher( 2207): findFocusedWindow finished: injectionResult=0, timeSpentWaitingForApplication=0.0ms
08-16 14:16:05.658 E/InputManager-JNI( 2207): call nativeDisableCursor method with hideCursor
08-16 14:16:05.669 W/InputDispatcher( 2207): findFocusedWindow finished: injectionResult=0, timeSpentWaitingForApplication=0.0ms
08-16 14:16:05.677 I/tvos    ( 1764): mapi_str::addStrThreadItem ptid=0xd6f2d460 m_StrThreadItems.size()=15,this=0xd93dc0, name=AVMonitor
08-16 14:16:05.677 I/tvos    ( 1764): [AT][SN][init frontend][511035581]
08-16 14:16:05.677 I/tvos    ( 1764): [AutoTest][SourceChange][player init END][511032106]
08-16 14:16:05.677 I/tvos    ( 1764): mapi_str::addStrThreadItem ptid=0x97307460 m_StrThreadItems.size()=16,this=0xd93dc0, name=DTV CMD Task
08-16 14:16:05.677 I/tvos    ( 1764): ./src/MSrv_Control_common.cpp,line:11512 SwitchInputSource end
08-16 14:16:05.683 I/tvos    ( 1764): [SetInputSourceCmd] call SetSoundMuteStatus, Line :1276 
08-16 14:16:05.683 I/tvos    ( 1764): mapi_audio_customer::SetAbsoluteVolume: project name is X440M
08-16 14:16:05.683 I/tvos    ( 1764): SetAbsoluteVolume: uPercent : 0, path=52(speaker), VolumeInt=7f, VolumeFra=0
08-16 14:16:05.684 I/tvos    ( 1764): SetAbsoluteVolume: uPercent(currVol) : 0, realPath=52(default), VolumeInt=7f, VolumeFra=0
08-16 14:16:05.684 I/tvos    ( 1764): mapi_audio_customer::SetAbsoluteVolume: project name is X440M
08-16 14:16:05.684 I/tvos    ( 1764): SetAbsoluteVolume: uPercent : 0, path=49(HP), VolumeInt=7f, VolumeFra=0
08-16 14:16:05.684 I/tvos    ( 1764): SetAbsoluteVolume: uPercent(currVol) : 0, realPath=49(default), VolumeInt=7f, VolumeFra=0
08-16 14:16:05.685 I/tvos    ( 1764): mapi_audio_customer::SetAbsoluteVolume: project name is X440M
08-16 14:16:05.685 I/tvos    ( 1764): SetAbsoluteVolume: uPercent : 0, path=255(speaker), VolumeInt=7f, VolumeFra=0
08-16 14:16:05.685 I/tvos    ( 1764): SetAbsoluteVolume: uPercent(currVol) : 0, realPath=255(default), VolumeInt=7f, VolumeFra=0
08-16 14:16:05.685 I/tvos    ( 1764): [SetBacklight] backlight value 100
08-16 14:16:05.685 I/tvos    ( 1764): get machine type is:0 
08-16 14:16:05.685 I/tvos    ( 1764): Go pql pwm 100 !!!!!
08-16 14:16:05.685 I/tvos    ( 1764): get machine type is:0 
08-16 14:16:05.685 I/tvos    ( 1764): [AutoTest][SourceChange][SetInputSourceCmd END][511032119]
08-16 14:16:05.686 I/tvos    ( 1764): GetAudioOutputDevice, retval : 0
08-16 14:16:05.687 I/tvos    ( 1764): [SetInputSource]:sora[3263] DRC RF Mode and enable bulletin11!
08-16 14:16:05.687 I/tvos    ( 1764): [SetInputSource]:sora[3266] DRC RF_MODE 0 0
08-16 14:16:05.687 I/tvos    ( 1764): [EnableBasicSoundEffect] seems the same basic sound effect setting for item : 9 !
08-16 14:16:05.691 I/ChannelManager_JNI( 4876): native_changeToFirstService
08-16 14:16:05.691 E/ChannelManagerService( 1803): changeToFirstService(callingPid 4876, clientPid 4876)
08-16 14:16:05.692 I/tvos    ( 1764): [SN][Change Channel][TVOS]:changeToFirstService(enInputType 1, clientPid 4876)
08-16 14:16:05.692 I/tvos    ( 1764): ChangeToFirstProgram  eFirstChangeType=4
08-16 14:16:05.692 I/tvos    ( 1764): UpdateProgramCount [ATV] = 0
08-16 14:16:05.692 I/tvos    ( 1764): UpdateProgramCount [DTV] = 0
08-16 14:16:05.692 I/tvos    ( 1764): DelNum [DTV] = 0
08-16 14:16:05.692 I/tvos    ( 1764): ChangeToFirstProgram  call SetInputSource=4
08-16 14:16:05.692 I/tvos    ( 1764): ./src/MSrv_Control_common.cpp,line:3117 eInputSrc =28,eWin =0,bForceSet =0
08-16 14:16:05.692 I/tvos    ( 1764): [AT][SN][enable frontend][511035600]
08-16 14:16:05.695 E/IPlayerImplClient( 1803): Send NOTIFY_CALLBACK
08-16 14:16:05.696 E/PlayerImpl_JNI( 2720): notifyCB event = 536936458
08-16 14:16:05.696 E/PlayerImpl_JNI( 2720): Unknown event '0x2001000a'
08-16 14:16:05.697 I/tvos    ( 1764): Send NOTIFY_CALLBACK
08-16 14:16:05.697 I/tvos    ( 1764): Send EVENT_NOTIFY_TEMPLATE
08-16 14:16:05.701 I/tvos    ( 1764): Send EVENT_NOTIFY_TEMPLATE
08-16 14:16:05.701 I/tvos    ( 1764): Send NOTIFY_CALLBACK
08-16 14:16:05.701 E/IPlayerImplClient( 1803): Send NOTIFY_CALLBACK
08-16 14:16:05.701 E/PlayerImpl_JNI( 2207): notifyCB event = 536936458
08-16 14:16:05.701 E/PlayerImpl_JNI( 2207): Unknown event '0x2001000a'
08-16 14:16:05.701 E/IPlayerImplClient( 1803): Send NOTIFY_CALLBACK
08-16 14:16:05.701 I/tvos    ( 1764): Send NOTIFY_CALLBACK
08-16 14:16:05.701 E/PlayerImpl_JNI( 7791): notifyCB event = 536936458
08-16 14:16:05.701 E/PlayerImpl_JNI( 7791): Unknown event '0x2001000a'
08-16 14:16:05.701 E/IPlayerImplClient( 1803): Send NOTIFY_CALLBACK
08-16 14:16:05.702 E/PlayerImpl_JNI( 4876): notifyCB event = 536936458
08-16 14:16:05.702 E/PlayerImpl_JNI( 4876): Unknown event '0x2001000a'
08-16 14:16:05.702 I/ChannelManager_JNI( 4876): getProgramCount
08-16 14:16:05.702 I/tvos    ( 1764): Send NOTIFY_CALLBACK
08-16 14:16:05.702 I/tvos    ( 1764): hjb[debug] CurrentInputSource is:28
08-16 14:16:05.702 E/IPlayerImplClient( 1803): Send NOTIFY_CALLBACK
08-16 14:16:05.702 E/PlayerImpl_JNI( 2822): notifyCB event = 536936458
08-16 14:16:05.702 E/PlayerImpl_JNI( 2822): Unknown event '0x2001000a'
08-16 14:16:05.703 I/tvos    ( 1764): Send NOTIFY_CALLBACK
08-16 14:16:05.704 I/tvos    ( 1764): UpdateProgramCount [ATV] = 0
08-16 14:16:05.704 I/tvos    ( 1764): UpdateProgramCount [DTV] = 0
08-16 14:16:05.704 I/tvos    ( 1764): DelNum [DTV] = 0
08-16 14:16:05.704 I/tvos    ( 1764): hjb[debug] program count is:0
08-16 14:16:05.704 I/ChannelManager_JNI( 4876): selectProgram
08-16 14:16:05.704 I/tvos    ( 1764): [SN][Change Channel][TVOS]:selectProgram(u32ProgNumber 1, u8ProgType 1,u16ProgID 0)
08-16 14:16:05.704 I/tvos    ( 1764): [1;31m[AUTO_TEST][channel change]: ProgramSel [PIU][511035613][0m
08-16 14:16:05.704 I/tvos    ( 1764): MSrv_ChannelManager_DVB::ProgramSelForTV Number[1] u8ServiceType[1] 
08-16 14:16:05.704 I/tvos    ( 1764): mapi_audio_customer::SetAbsoluteVolume: project name is X440M
08-16 14:16:05.704 I/tvos    ( 1764): SetAbsoluteVolume: uPercent : 0, path=52(speaker), VolumeInt=7f, VolumeFra=0
08-16 14:16:05.704 I/tvos    ( 1764): SetAbsoluteVolume: uPercent(currVol) : 0, realPath=52(default), VolumeInt=7f, VolumeFra=0
08-16 14:16:05.705 I/tvos    ( 1764): mapi_audio_customer::SetAbsoluteVolume: project name is X440M
08-16 14:16:05.705 I/tvos    ( 1764): SetAbsoluteVolume: uPercent : 0, path=49(HP), VolumeInt=7f, VolumeFra=0
08-16 14:16:05.705 W/AVMON   ( 1803): m_u32MuteStatus : 1
08-16 14:16:05.705 W/AVMON   ( 1803): u32_MW_DTV_AVMON_MUTE_VIDEO_MASK : 1ABFD
08-16 14:16:05.705 W/AVMON   ( 1803): m_bVideoMute : 1
08-16 14:16:05.705 W/AVMON   ( 1803): m_bPVRMonitor : 0
08-16 14:16:05.705 I/tvos    ( 1764): SetAbsoluteVolume: uPercent(currVol) : 0, realPath=49(default), VolumeInt=7f, VolumeFra=0
08-16 14:16:05.705 I/tvos    ( 1764): mapi_audio_customer::SetAbsoluteVolume: project name is X440M
08-16 14:16:05.705 I/tvos    ( 1764): SetAbsoluteVolume: uPercent : 0, path=255(speaker), VolumeInt=7f, VolumeFra=0
08-16 14:16:05.705 I/tvos    ( 1764): SetAbsoluteVolume: uPercent(currVol) : 0, realPath=255(default), VolumeInt=7f, VolumeFra=0
08-16 14:16:05.705 I/tvos    ( 1764): ./src/MSrv_ChannelManager_DVB.cpp,line:126 eInputSrc =28,eWin =0,bForceSet =0
08-16 14:16:05.705 I/tvos    ( 1764): ./src/MSrv_Control_common.cpp,line:3117 eInputSrc =28,eWin =0,bForceSet =0
08-16 14:16:05.705 I/tvos    ( 1764): ddd MSrv_DTV_Player::ProgramSel(1,1) 
08-16 14:16:05.708 W/ContextImpl( 4876): Calling a method in the system process without a qualified user: android.app.ContextImpl.startService:1224 android.content.ContextWrapper.startService:581 com.stv.signalsourcemanager.SourceBase.startReportService:1072 com.stv.signalsourcemanager.SourceBase$ThreadHandler.handleMessage:728 android.os.Handler.dispatchMessage:102 
08-16 14:16:05.736 D/AVMON   ( 1803): MW_DTV_AVMonitor::DoStop 
08-16 14:16:05.736 I/tvos    ( 1764): CHECK RESULT FAIL: ./src/MSrv_DTV_Player_DVB.cpp virtual BOOL MSrv_DTV_Player_DVB::DoProgSel(U8, U16, U32, BOOL, BOOL) 2711 RESULT 0x0
08-16 14:16:05.746 I/StvLogReport( 2837): StargazerReportTask, action=signalSource&signalId=1&signalType=Digital TV
08-16 14:16:05.757 I/StvLogReport( 2837): StargazerReportTask, reponse2 : {"status":"OK","statusCode":200,"message":"succeefully"}
08-16 14:16:05.785 I/tvos    ( 1764): [37m[INFO] Change to Voltage: 1130 mV (0x1F)[m
08-16 14:16:05.785 I/tvos    ( 1764): [37m[INFO] Change to Voltage: 1130 mV (0x22)[m
08-16 14:16:05.786 I/tvos    ( 1764): [37m[INFO] Change to Voltage: 1130 mV (0x25)[m
08-16 14:16:05.787 I/tvos    ( 1764): [37m[INFO] Change to Voltage: 1130 mV (0x28)[m
08-16 14:16:05.788 I/tvos    ( 1764): [37m[INFO] Change to Voltage: 1130 mV (0x2B)[m
08-16 14:16:05.788 I/tvos    ( 1764): [37m[INFO] Change to Voltage: 1130 mV (0x2C)[m
08-16 14:16:05.848 I/LetvManager-LogReport( 1780): [send_msg] line: 490 report url = http://log.hdtv.cp21.ott.cibntv.net:80/api/log/tvAction
08-16 14:16:05.886 I/tvos    ( 1764): [37m[INFO] Change to Voltage: 1000 mV (0x2C)[m
08-16 14:16:05.886 I/tvos    ( 1764): [37m[INFO] Change to Voltage: 1000 mV (0x29)[m
08-16 14:16:05.886 I/tvos    ( 1764): [37m[INFO] Change to Voltage: 1000 mV (0x26)[m
08-16 14:16:05.886 I/tvos    ( 1764): [37m[INFO] Change to Voltage: 1000 mV (0x23)[m
08-16 14:16:05.887 I/tvos    ( 1764): [37m[INFO] Change to Voltage: 1000 mV (0x20)[m
08-16 14:16:05.889 I/tvos    ( 1764): [37m[INFO] Change to Voltage: 1000 mV (0x1F)[m
08-16 14:16:05.995 I/tvos    ( 1764): GetAudioOutputDevice, retval : 0
08-16 14:16:06.043 I/SignalSourceManager( 4876): PortManager -- getCurrentPortName ---> portName is Digital TV
08-16 14:16:06.302 I/tvos    ( 1764): GetAudioOutputDevice, retval : 0
08-16 14:16:06.579 I/tvos    ( 1764): GetAudioOutputDevice, retval : 0
08-16 14:16:06.594 I/tvos    ( 1764): [AudioMonitor] call SetSoundMuteStatus, Line 3091
08-16 14:16:06.594 I/tvos    ( 1764): [audioBSP] #1 m_internalMute : 0 ..
08-16 14:16:06.594 I/tvos    ( 1764): #1|->SDK_bPermanentAudioMute:0<-|->SDK_bMomentAudioMute:0 <-|->SDK_bBySyncAudioMute:0<-|->SDK_bByBlockAudioMute:0<-|->SDK_bByVChipAudioMute:0<-|
08-16 14:16:06.594 I/tvos    ( 1764): #1|->SDK_bInternal1AudioMute:0<-|->SDK_bInternal2AudioMute:0<-|->SDK_bInternal3AudioMute:0<-|->SDK_bInternal4AudioMute:0<-|
08-16 14:16:06.594 I/tvos    ( 1764): #1|->SDK_bByScanInOutchgCHchg:0<-|->SDK_bByDuringLimitedTimeAudioMute:0<-|->SDK_bSourceSwitchAudioMute:0<-|
08-16 14:16:06.594 I/tvos    ( 1764): #1|->SDK_bMHEGApMute:0<-|->SDK_bAllAudioMuteCtrl:0<-|->SDK_bPowerOnMute:0<-|->SDK_bNullSourceMute0<-|->SDK_bSetInputSourceAudioMute:0<-|
08-16 14:16:06.594 I/tvos    ( 1764): [audioBSP] #2 m_spkrMute : 1 ..|->SDK_bUsrSpkrAudioMute:0<-|->SDK_bPowerOnMute:0<-|->SDK_bByUserAudioMute:1<-|
08-16 14:16:06.594 I/tvos    ( 1764): [audioBSP] #3 m_PcmCapture2Mute:1 |->SDK_bByUserPcmCapture2Mute:0<-|->SDK_SUB_bByUserAudioMute:0<-|->SDK_bByUserAudioMute:1<-|
08-16 14:16:06.594 I/tvos    ( 1764): [audioBSP] #5 m_hpMute : 1 ..|->SDK_bUsrHpAudioMute:1<-|->SDK_bPowerOnMute:0<-|->SDK_bByUserAudioMute:1<-|
08-16 14:16:06.594 I/tvos    ( 1764): [audioBSP] #12 m_spdifMute : 1 ..
08-16 14:16:06.594 I/tvos    ( 1764): #12|->SDK_bPermanentAudioMute:0<-|->SDK_bMomentAudioMute:0<-|->SDK_bByBlockAudioMute:0<-|
08-16 14:16:06.594 I/tvos    ( 1764): #12|->SDK_bByVChipAudioMute:0<-|->SDK_bInternal1AudioMute:0<-|->SDK_bInternal4AudioMute:0<-|
08-16 14:16:06.594 I/tvos    ( 1764): #12|->SDK_bByDuringLimitedTimeAudioMute:0<-|->SDK_bSourceSwitchAudioMute:0<-|->SDK_bMHEGApMute:0<-|
08-16 14:16:06.594 I/tvos    ( 1764): #12|->SDK_bPowerOnMute:0<-|->SDK_bUsrSpdifAudioMute:1<-|->SDK_bNullSourceMute:0<-|->SDK_bByAppMute:0<-|
08-16 14:16:06.594 I/tvos    ( 1764): Mute ,mute Status repetition!
08-16 14:16:06.594 I/tvos    ( 1764): SetSoundMuteStatus : m_hpMute : 1, m_spdifMute : 1, m_DataInMute : 0, m_channel7Mute : 0, m_internalMute : 0, m_spkrMute : 1, m_PcmCapture1Mute : 0, m_PcmCapture2Mute : 1 
08-16 14:16:06.662 I/remotestatus( 2207): Msg.what is 101
08-16 14:16:06.662 I/WindowManager( 2207): turn cursor off
08-16 14:16:06.662 E/RemoteManager( 2207): RemoteManager is no longer support in eui6.5
08-16 14:16:06.662 W/InputDispatcher( 2207): findFocusedWindow finished: injectionResult=0, timeSpentWaitingForApplication=0.0ms
08-16 14:16:06.664 E/InputManager-JNI( 2207): call nativeDisableCursor method with hideCursor
08-16 14:16:06.668 W/InputDispatcher( 2207): findFocusedWindow finished: injectionResult=0, timeSpentWaitingForApplication=0.0ms
08-16 14:16:06.853 I/tvos    ( 1764): GetAudioOutputDevice, retval : 0
08-16 14:16:07.123 I/tvos    ( 1764): GetAudioOutputDevice, retval : 0
08-16 14:16:07.172 W/InputDispatcher( 2207): findFocusedWindow finished: injectionResult=0, timeSpentWaitingForApplication=0.0ms
08-16 14:16:07.172 I/remotestatus( 2207): Msg.what is 101
08-16 14:16:07.172 I/WindowManager( 2207): turn cursor off
08-16 14:16:07.172 E/RemoteManager( 2207): RemoteManager is no longer support in eui6.5
08-16 14:16:07.173 E/InputManager-JNI( 2207): call nativeDisableCursor method with hideCursor
08-16 14:16:07.178 W/InputDispatcher( 2207): findFocusedWindow finished: injectionResult=0, timeSpentWaitingForApplication=0.0ms
08-16 14:16:07.322 E/LETV_DEVICE( 1780): no name sn for Mstar
08-16 14:16:07.333 E/ActivityThread( 2837): Failed to find provider info for com.letv.agnes.InfoProvider
08-16 14:16:07.334 E/ActivityThread( 2837): Failed to find provider info for com.letv.agnes.InfoProvider
08-16 14:16:07.334 W/System.err( 2837): java.lang.IllegalArgumentException: Unknown URL content://com.letv.agnes.InfoProvider
08-16 14:16:07.334 W/System.err( 2837): 	at android.content.ContentResolver.insert(ContentResolver.java:1227)
08-16 14:16:07.334 W/System.err( 2837): 	at com.letv.tracker2.agnes.Configuration.addDebugInfo(Configuration.java:289)
08-16 14:16:07.334 W/System.err( 2837): 	at com.letv.tracker2.agnes.MessageProcessor$SendEnvMsgTr$1.handleMessage(MessageProcessor.java:661)
08-16 14:16:07.334 W/System.err( 2837): 	at android.os.Handler.dispatchMessage(Handler.java:102)
08-16 14:16:07.334 W/System.err( 2837): 	at android.os.Looper.loop(Looper.java:148)
08-16 14:16:07.334 W/System.err( 2837): 	at com.letv.tracker2.agnes.MessageProcessor$SendEnvMsgTr.run(MessageProcessor.java:665)
08-16 14:16:07.339 I/[T1.0.6.3]EuiAgnes_Server( 2837): resCode:1
08-16 14:16:07.339 I/[T1.0.6.3]EuiAgnes_Server( 2837): b[0]:0
08-16 14:16:07.396 I/tvos    ( 1764): GetAudioOutputDevice, retval : 0
08-16 14:16:07.422 E/LetvRemoteupgradeManager-JNI( 2613): can't get LetvManager service!
08-16 14:16:07.456 I/LetvManager-LogReport( 1780): [send_msg] line: 490 report url = http://log.hdtv.cp21.ott.cibntv.net:80/api/log/tvAction
08-16 14:16:07.458 E/LETV_DEVICE( 1780): no name sn for Mstar
08-16 14:16:07.479 E/ActivityThread( 2837): Failed to find provider info for com.letv.agnes.InfoProvider
08-16 14:16:07.480 E/ActivityThread( 2837): Failed to find provider info for com.letv.agnes.InfoProvider
08-16 14:16:07.480 W/System.err( 2837): java.lang.IllegalArgumentException: Unknown URL content://com.letv.agnes.InfoProvider
08-16 14:16:07.480 W/System.err( 2837): 	at android.content.ContentResolver.insert(ContentResolver.java:1227)
08-16 14:16:07.480 W/System.err( 2837): 	at com.letv.tracker2.agnes.Configuration.addDebugInfo(Configuration.java:289)
08-16 14:16:07.480 W/System.err( 2837): 	at com.letv.tracker2.agnes.MessageProcessor$SendEnvMsgTr$1.handleMessage(MessageProcessor.java:661)
08-16 14:16:07.480 W/System.err( 2837): 	at android.os.Handler.dispatchMessage(Handler.java:102)
08-16 14:16:07.480 W/System.err( 2837): 	at android.os.Looper.loop(Looper.java:148)
08-16 14:16:07.480 W/System.err( 2837): 	at com.letv.tracker2.agnes.MessageProcessor$SendEnvMsgTr.run(MessageProcessor.java:665)
08-16 14:16:07.483 I/[T1.0.6.3]EuiAgnes_Server( 2837): resCode:1
08-16 14:16:07.483 I/[T1.0.6.3]EuiAgnes_Server( 2837): b[0]:0
08-16 14:16:07.486 E/Utopia  ( 1758): [AUDIO]MDrv_AUDIO_PCM_Stop: Stop PCM device-id 3
08-16 14:16:07.486 E/Utopia  ( 1758): [AUDIO]HAL_AUDIO_PCM_R2Dma_Reader2_Stop: Stop R2 DMA Reader2
08-16 14:16:07.486 E/Utopia  ( 1758): [AUDIO]MDrv_AUDIO_PCM_Close: Close PCM device-id 3
08-16 14:16:07.486 E/Utopia  ( 1758): [AUDIO]HAL_AUDIO_PCM_R2Dma_Reader2_Close: Close R2 DMA Reader2
08-16 14:16:07.486 E/Utopia  ( 1758): [AUDIO]HAL_AUDIO_PCM_R2Dma_Reader2_Flush: Flush R2 DMA Reader2
08-16 14:16:07.487 E/Utopia  ( 1758): [AUDIO]HAL_AUDIO_PCM_R2Dma_Reader2_Stop: Stop R2 DMA Reader2
08-16 14:16:07.662 I/LetvManager-LogReport( 1780): [send_msg] line: 490 report url = http://log.hdtv.cp21.ott.cibntv.net:80/api/log/tvAction
08-16 14:16:07.664 I/tvos    ( 1764): GetAudioOutputDevice, retval : 0
08-16 14:16:07.685 W/TelecomManager( 2207): Telecom Service not found.
08-16 14:16:07.686 I/TencentReportManagers( 7946): home key pressed
08-16 14:16:07.689 E/DesktopManager( 2207): startDockOrHome, mDm=letv.desktop.DesktopManagerService@442694d
08-16 14:16:07.690 W/ContextImpl( 2207): Calling a method in the system process without a qualified user: android.app.ContextImpl.startActivity:659 letv.desktop.DesktopManagerService.startActivity:922 letv.desktop.DesktopManagerService.startDockOrHome:956 letv.desktop.DesktopManager.startDockOrHome:783 com.android.server.policy.PhoneWindowManager.startDockOrHome:8954 
08-16 14:16:07.690 W/ContextImpl( 2207): Calling a method in the system process without a qualified user: android.app.ContextImpl.startActivity:671 android.app.ContextImpl.startActivity:660 letv.desktop.DesktopManagerService.startActivity:922 letv.desktop.DesktopManagerService.startDockOrHome:956 letv.desktop.DesktopManager.startDockOrHome:783 
08-16 14:16:07.690 E/ContextImpl( 2207): startAdManager() intent contains not android.intent.category.LAUNCHER
08-16 14:16:07.690 I/ActivityManager( 2207): START u0 {act=android.intent.action.MAIN cat=[android.intent.category.HOME] flg=0x10200000 pkg=com.stv.launcher cmp=com.stv.launcher/.ui.activity.Launcher} from uid 1000 on display 0
08-16 14:16:07.694 W/InputDispatcher( 2207): setFocusedApplication
08-16 14:16:07.695 W/InputDispatcher( 2207): Focus left window: Window{3a28d46 u0 com.stv.signalsourcemanager/com.stv.signalsourcemanager.MainActivity}
08-16 14:16:07.698 I/MediaFocusControl( 2207):  AudioFocus  abandonAudioFocus() from android.media.AudioManager@ea278bacom.stv.signalsourcemanager.BaseActivity$1@5d2436b
08-16 14:16:07.699 W/ContextImpl( 4876): Calling a method in the system process without a qualified user: android.app.ContextImpl.sendBroadcast:766 android.content.ContextWrapper.sendBroadcast:396 com.stv.signalsourcemanager.BaseActivity.doPause:216 com.stv.signalsourcemanager.BaseActivity.onPause:205 com.stv.signalsourcemanager.BaseUIActivity.onPause:196 
08-16 14:16:07.703 I/ActivityManager( 2207): TR7) TaskRecord{14b0d11 #1 A=com.stv.launcher U=0 sz=1}
08-16 14:16:07.703 I/ActivityManager( 2207): TR6) TaskRecord{93ba410 #3 A=com.stv.signalsourcemanager U=0 sz=1}
08-16 14:16:07.718 I/ActivityManager( 2207): accel TR7) TaskRecord{14b0d11 #1 A=com.stv.launcher U=0 sz=1}
08-16 14:16:07.718 I/ActivityManager( 2207): accel TR6) TaskRecord{93ba410 #3 A=com.stv.signalsourcemanager U=0 sz=1}
08-16 14:16:07.726 W/ContextImpl( 3007): Calling a method in the system process without a qualified user: android.app.ContextImpl.sendBroadcast:766 android.content.ContextWrapper.sendBroadcast:396 com.stv.launcher.ui.activity.Launcher.onNewIntent:646 android.app.Instrumentation.callActivityOnNewIntent:1212 android.app.Instrumentation.callActivityOnNewIntent:1224 
08-16 14:16:07.732 I/Launcher( 3007): [com.stv.launcher] LauncherActivity -- onNewIntent [caller=DesktopManager, current=signal, to=null, jumpParams=, jumpType=, mStopped=true, mIsTopActivity=false, mBlockKeyEvent=false]
08-16 14:16:07.733 I/GlobalFocusChangedListe( 3007): com.stv.launcher.ui.widget.TabItemNew
08-16 14:16:07.739 I/AnalysisLog( 3007): Activ:onStart----start:time='511034172'
08-16 14:16:07.739 I/TvLiveBaseFragment( 3007): onStart
08-16 14:16:07.741 I/Launcher( 3007): [com.stv.launcher] LauncherActivity -- onStart, switchByStr: false
08-16 14:16:07.742 I/AnalysisLog( 3007): Plugin:onFragmentShowChanged_show:com.letv.android.tv.letvlive----start:time='511034175'
08-16 14:16:07.742 I/LauncherFragment( 3007): Show Flag:1
08-16 14:16:07.742 I/LiveStatusManager( 3007): setShowing: true
08-16 14:16:07.743 I/CdeUtil ( 3007): CdeHelper isReady:true port = 6990
08-16 14:16:07.744 I/AdStatusObservable( 3007): live status changed
08-16 14:16:07.744 I/TvLiveBaseFragment( 3007): live status changed
08-16 14:16:07.744 I/TvLiveBaseFragment( 3007): doOnHiddenChanged: hidden = false
08-16 14:16:07.744 I/TvLiveBaseFragment( 3007): doOnHiddenChanged: this is not top fragment, so ignore this call
08-16 14:16:07.744 I/KuYunStatusSender( 3007): onEnterLive
08-16 14:16:07.744 I/LauncherFragment( 3007): check cde status
08-16 14:16:07.745 I/CdeUtil ( 3007): CdeHelper isReady:true port = 6990
08-16 14:16:07.745 I/LauncherFragment( 3007): LauncherFragment: onFragmentShowChanged isNeedUserConfimfalse
08-16 14:16:07.745 I/CibnVerifyUtil( 3007): isVerified: broadcastSwitchtrue
08-16 14:16:07.745 E/critical_path_log( 3007): superlive_0b21396eb359444f_AppConfig.getBroadcastSwitch:true
08-16 14:16:07.745 I/StvManager( 3007): getLetvCarrierState
08-16 14:16:07.746 I/CommonService( 2808): [Common][SystemCommonServcice]:getLetvCarrierState requestCode: 1
08-16 14:16:07.754 I/StvManager( 3007): getLetvCarrierState requestCode : 1
08-16 14:16:07.754 I/DeviceUtils( 3007): AppConfig.getBroadcastSwitch status:1
08-16 14:16:07.754 E/critical_path_log( 3007): superlive_0b21396eb359444f_deviceVerified:true
08-16 14:16:07.755 I/AnalysisLog( 3007): Plugin:onFragmentShowChanged_show:com.letv.android.tv.letvlive----end:time='511034188'
08-16 14:16:07.756 I/BaseMainManager( 3007): isMultiProgramShow : false
08-16 14:16:07.756 I/BaseMainManager( 3007): isProgramsViewShow : false
08-16 14:16:07.756 I/BaseMainManager( 3007): isSettingShow : false
08-16 14:16:07.756 I/BaseMainManager( 3007): isChannelMenuShow : false
08-16 14:16:07.757 I/AnalysisLog( 3007): Activ:onStart----end:time='511034190'
08-16 14:16:07.758 I/Launcher( 3007): [com.stv.launcher] LauncherActivity --  debug_tag onResume
08-16 14:16:07.759 I/AnalysisLog( 3007): Activ:onResume----start:time='511034192'
08-16 14:16:07.759 E/LETV_DEVICE( 1780): no name sn for Mstar
08-16 14:16:07.760 I/Launcher( 3007): [com.stv.launcher] boot video finished=1 bootAnifinished = 1 str =  strAdFinished = 3
08-16 14:16:07.760 I/Launcher( 3007): [com.stv.launcher] LauncherActivity -- onResume, switchByStr: false, bootAdFinish true
08-16 14:16:07.761 I/Launcher( 3007): [com.stv.launcher] LauncherActivity -- onResume mHandDetectStarted: false mHandDetectType: 0 mLastSelectedScreen = null
08-16 14:16:07.761 I/Launcher( 3007): [com.stv.launcher] PluginShell --  debug_tag  >>>>>> startLoadFirst <<<<<<
08-16 14:16:07.761 I/Launcher( 3007): [com.stv.launcher] PluginShell --  debug_tag  >>>>>> createPlugin <<<<<<
08-16 14:16:07.761 I/Launcher( 3007): [com.stv.launcher] PluginShell --  debug_tag  ** createPlugin but current has empty **
08-16 14:16:07.762 I/AnalysisLog( 3007): Activ:onResume----end:time='511034195'
08-16 14:16:07.764 I/TvLiveBaseFragment( 3007): onHiddenChanged
08-16 14:16:07.764 I/TvLiveBaseFragment( 3007): doOnHiddenChanged: hidden = false
08-16 14:16:07.764 I/TvliveStartSpeedTest( 3007): playerMainFragment onFragmentStart
08-16 14:16:07.764 I/PlayerMainFragment( 3007): onFragmentStart
08-16 14:16:07.764 I/LiveVoice( 3007): enterScene
08-16 14:16:07.784 I/PlayLoadingViewControl( 3007): showView type : LOADING_CHANGE_CHANNEL
08-16 14:16:07.784 I/PlayErrorControl( 3007): isStateInError mPlayVideoState=0
08-16 14:16:07.784 I/PlayLoadingView( 3007): showView type: LOADING_CHANGE_CHANNEL mIsShowingLoading = false
08-16 14:16:07.784 E/ViewManagerImpl( 3007): Trying to show view a for com.letv.android.letvlive.y.d@75259ce
08-16 14:16:07.784 I/ShimmerLine( 3007): onVisibilityChanged visibility = 8
08-16 14:16:07.785 I/ShimmerLine( 3007): onVisibilityChanged visibility = 8
08-16 14:16:07.785 E/ViewManagerImpl( 3007): Trying to show view end isDuringOneViewShown:false
08-16 14:16:07.785 I/VideoJJControl( 3007): onStart
08-16 14:16:07.785 I/SettingMenuControl( 3007): hideSettingView
08-16 14:16:07.785 I/TVlivePlayingManager( 3007): resume
08-16 14:16:07.785 I/PlayerStatusProvider( 3007): onStatusChanged: ILDE
08-16 14:16:07.785 E/ActivityThread( 2837): Failed to find provider info for com.letv.agnes.InfoProvider
08-16 14:16:07.786 I/Feature_Seek_PauseViewControl( 3007): onPlayerStatusChanged newStatus: STARTED
08-16 14:16:07.786 E/ViewManagerImpl( 3007): dismissView a for com.letv.android.letvlive.ac.d@685111d isDuringOneViewShown:false
08-16 14:16:07.786 I/WaterMarkControl2( 3007): status is started
08-16 14:16:07.786 I/ControllerCallbacks( 3007): onPlayResume() called with 
08-16 14:16:07.786 I/SystemUtil( 3007): isSupportDisplayBySys: sSupportDisplayBySys = 1
08-16 14:16:07.786 I/PlayerUtil( 3007): setSystemScreenProp isFragmentStart = true isSupportDisplayBySys = true
08-16 14:16:07.787 I/SystemUtil( 3007): setVideoSizeProperty value = 2
08-16 14:16:07.787 I/ProgramUpdateMonitorForLunBoLive( 3007): reset
08-16 14:16:07.787 I/PlayerBlockHelper( 3007): reset
08-16 14:16:07.787 I/ChannelIconControl( 3007): onStart
08-16 14:16:07.792 I/tvos    ( 1764): [37m[INFO] Change to Voltage: 1130 mV (0x1F)[m
08-16 14:16:07.792 I/tvos    ( 1764): [37m[INFO] Change to Voltage: 1130 mV (0x22)[m
08-16 14:16:07.792 I/tvos    ( 1764): [37m[INFO] Change to Voltage: 1130 mV (0x25)[m
08-16 14:16:07.793 I/[T1.0.6.3]EuiAgnes_Server( 2837): resCode:1
08-16 14:16:07.793 I/[T1.0.6.3]EuiAgnes_Server( 2837): b[0]:0
08-16 14:16:07.793 I/tvos    ( 1764): [37m[INFO] Change to Voltage: 1130 mV (0x28)[m
08-16 14:16:07.793 I/tvos    ( 1764): [37m[INFO] Change to Voltage: 1130 mV (0x2B)[m
08-16 14:16:07.794 I/tvos    ( 1764): [37m[INFO] Change to Voltage: 1130 mV (0x2C)[m
08-16 14:16:07.796 E/ActivityThread( 2837): Failed to find provider info for com.letv.agnes.InfoProvider
08-16 14:16:07.796 I/ChannelInfoViewControl( 3007): onStart
08-16 14:16:07.796 I/PlayerUtil( 3007): isJumpFromOther：false
08-16 14:16:07.796 W/System.err( 2837): java.lang.IllegalArgumentException: Unknown URL content://com.letv.agnes.InfoProvider
08-16 14:16:07.796 I/ChannelInfoViewControl( 3007): showView curChannelInfo =  channelId = 2282 channelName = 欢乐颂 numberKeys = 33 type = 3 playType = 0 spuNo = null isCurNull = false
08-16 14:16:07.796 E/ViewManagerImpl( 3007): Trying to show view d for com.letv.android.letvlive.ChannelInfoView.a@1c7e987
08-16 14:16:07.796 W/System.err( 2837): 	at android.content.ContentResolver.insert(ContentResolver.java:1227)
08-16 14:16:07.796 W/System.err( 2837): 	at com.letv.tracker2.agnes.Configuration.addDebugInfo(Configuration.java:289)
08-16 14:16:07.796 I/PreAdPresenter( 3007): isAdPlaying isPlaying = false
08-16 14:16:07.796 I/MiddleAdPlayManager( 3007): isAdPlaying mIsPlayAd = false
08-16 14:16:07.796 W/System.err( 2837): 	at com.letv.tracker2.agnes.MessageProcessor$SendEnvMsgTr$1.handleMessage(MessageProcessor.java:661)
08-16 14:16:07.796 W/System.err( 2837): 	at android.os.Handler.dispatchMessage(Handler.java:102)
08-16 14:16:07.796 W/System.err( 2837): 	at android.os.Looper.loop(Looper.java:148)
08-16 14:16:07.796 W/System.err( 2837): 	at com.letv.tracker2.agnes.MessageProcessor$SendEnvMsgTr.run(MessageProcessor.java:665)
08-16 14:16:07.796 E/ViewManagerImpl( 3007):     KEEP_BOTH for b existing: com.letv.android.letvlive.y.c@7c6ee85
08-16 14:16:07.797 I/ChannelInfoViewControl( 3007): onVisibilityChanged: visibility = 0 channelInfo =  channelId = 2282 channelName = 欢乐颂 numberKeys = 33 type = 3 playType = 0 spuNo = null isCurNull = false
08-16 14:16:07.797 I/ChannelInfoViewControl( 3007): updateViewWithComming
08-16 14:16:07.797 I/ChannelInfoViewPresenter( 3007): updateViewWithComming: channelInfo =  channelId = 2282 channelName = 欢乐颂 numberKeys = 33 type = 3 playType = 0 spuNo = null isCurNull = false
08-16 14:16:07.797 I/Feature_Seek_PlayActionManager( 3007): mPlayProgramList size 0 mServerProgramList size 0
08-16 14:16:07.797 I/Feature_Seek_PlayActionManager( 3007): next program is  null
08-16 14:16:07.797 I/ChannelInfoViewPresenter( 3007): refreshPayInfo: isChannelPay = false
08-16 14:16:07.797 I/ChannelInfoViewPresenter( 3007): updateProgress cur_progress=100 originProgress = 100
08-16 14:16:07.797 I/ChannelInfoViewPresenter( 3007): setSubTitleSelect: select = true
08-16 14:16:07.799 E/ViewManagerImpl( 3007): Trying to show view end isDuringOneViewShown:false
08-16 14:16:07.799 I/ChannelInfoViewControl( 3007): cancelDelayClose
08-16 14:16:07.799 I/ChannelIconControl( 3007): onChannelInfoShowEvent
08-16 14:16:07.799 E/ViewManagerImpl( 3007): dismissView d for com.letv.android.letvlive.d.a@2861fa1 isDuringOneViewShown:false
08-16 14:16:07.799 I/ChannelInfoViewControl( 3007): cancelDelayClose
08-16 14:16:07.799 I/ChannelInfoViewControl( 3007): delayClose
08-16 14:16:07.799 I/ChannelInfoViewControl( 3007): show channelInfo ad
08-16 14:16:07.799 I/ChannelInfoViewControl( 3007): showChannelInfoAdView streamName = lb_zczb5_1800
08-16 14:16:07.799 I/ChannelInfoViewControl( 3007): showChannelInfoAdView StreamUrl = http://live.g3proxy.cp21.ott.cibntv.net/gslb?stream_id=lb_zczb5_1800&tag=live&ext=m3u8&sign=live_tv
08-16 14:16:07.799 I/AdManager( 3007): fetch Channel Info Ad
08-16 14:16:07.799 I/ChannelInfoViewControl( 3007): onFetchStart
08-16 14:16:07.800 I/WaterMarkControl( 3007): hideView
08-16 14:16:07.800 I/WaterMarkControl( 3007): stopProcedure
08-16 14:16:07.800 I/WaterMarkControl( 3007): stopPlayWaterMark
08-16 14:16:07.800 I/GuideUtils( 3007): last versionCode 0 BuildConfig.VERSION_CODE 2018071917
08-16 14:16:07.800 I/GuideViewsControl( 3007): startViewsStatusLoop:needShow:true hasShownToday:false
08-16 14:16:07.800 I/GuideViewsControl( 3007): View loop runnable start
08-16 14:16:07.800 I/Feature_Pay_Channel_PayTipControl( 3007): hideView
08-16 14:16:07.800 I/Feature_Pay_Channel_PayTipControl( 3007): hidePayTip , isTemperary = false
08-16 14:16:07.800 E/ViewManagerImpl( 3007): dismissView f for com.letv.android.letvlive.paylive.view.n@cbb0a48 isDuringOneViewShown:false
08-16 14:16:07.800 I/MultiProgramsControlVerticalGridView( 3007): Life circle --------------- onResume, newChannel=[channelId=2282, channelName=欢乐颂]
08-16 14:16:07.800 I/MultiProgramsControlVerticalGridView( 3007): Life circle --------------- onResume, lastChannel=[channelId=2282, channelName=欢乐颂]
08-16 14:16:07.800 I/MultiProgramsControlVerticalGridView( 3007): Life circle --------------- onResume, currentMainChannel=[channelId=2282, channelName=欢乐颂]
08-16 14:16:07.800 I/SubPlayerControl( 3007): onResume the sub Play mNeedResume:false
08-16 14:16:07.800 I/BigNavigationControl( 3007): onStart: 
08-16 14:16:07.800 I/BigNavigationControl( 3007): Navigation Hide View
08-16 14:16:07.800 I/AdTipViewControl( 3007): onFragmentStart
08-16 14:16:07.801 I/AdTipViewControl( 3007): onFragmentStart mIsHandleBlockForAd = false
08-16 14:16:07.801 I/PreAdPresenter( 3007): isAdPlaying isPlaying = false
08-16 14:16:07.801 I/PlayReportManager( 3007): isBigScreenPlay isBigScreenPlay = true
08-16 14:16:07.801 I/PreAdPresenter( 3007): isAdPlaying isPlaying = false
08-16 14:16:07.801 I/PlayReportManager( 3007): shouldNotReport : isNotNeedReport = false
08-16 14:16:07.801 I/PlayReportManager( 3007): getPyString
08-16 14:16:07.801 I/PlayReportManager( 3007): getPyString mReplayType = 3
08-16 14:16:07.801 I/PlayReportManager( 3007): getPyString pyString = replaytype=3&totaltime=992
08-16 14:16:07.801 I/PlayReportManager( 3007): init pyStringEncode = replaytype=3&totaltime=992
08-16 14:16:07.801 I/PlayReportManager( 3007): reportActionInit : source = CHANNEL_MENU_CHANNEL_KEY , uuid = B01BD2542D511534400169426_0
08-16 14:16:07.801 I/SlotAdStockReportController( 3007): onFragmentStart
08-16 14:16:07.801 I/HourViewControl( 3007): start
08-16 14:16:07.804 I/AdUtil  ( 3007): createRParams: adType = CHANNEL_INFO_VIEW_AD
08-16 14:16:07.804 I/AdUtil  ( 3007): assembleAdInfoParams = {sid=lb_zczb5_1800, token=103XXXym3vjCwfGSybbVYyLyM12Cm1zwLoAD7vux5sDnKGsJVEp6H1pPOOWm2stOKn8u57CrvwZcPm1EFou8TChzqoC5ulgn31I9Pl9NUpVHy7Q5y70YYm4, codeRage=flv_720p, streamURL=http://live.g3proxy.cp21.ott.cibntv.net/gslb?stream_id=lb_zczb5_1800&tag=live&ext=m3u8&sign=live_tv, uuid=B01BD2542D511534400169426_0, adInfoType=15, adZoneType=27, isVIP=0, isTryLook=null, adReqType=1}
08-16 14:16:07.804 E/AdSDKManagerProxy( 3007):  getInstance 
08-16 14:16:07.804 E/ReflectionUtils( 3007): callADObjectMethod class=class com.letv.adsdk.AdSDKManager   methodName=getAD
08-16 14:16:07.804 I/LetvHttp( 3007): LetvTeleHttpAsyncRequest requestData
08-16 14:16:07.804 E/AdSDKManager( 3007): getAD initComplete=true
08-16 14:16:07.804 E/AdSDKManager( 3007): getAD parameters=sid:lb_zczb5_1800,token:103XXXym3vjCwfGSybbVYyLyM12Cm1zwLoAD7vux5sDnKGsJVEp6H1pPOOWm2stOKn8u57CrvwZcPm1EFou8TChzqoC5ulgn31I9Pl9NUpVHy7Q5y70YYm4,codeRage:flv_720p,streamURL:http://live.g3proxy.cp21.ott.cibntv.net/gslb?stream_id=lb_zczb5_1800&tag=live&ext=m3u8&sign=live_tv,uuid:B01BD2542D511534400169426_0,adInfoType:15,adZoneType:27,isVIP:0,isTryLook:null,adReqType:1,
08-16 14:16:07.804 E/AdSDKManager( 3007): getAD11 adZoneTypeStr:27
08-16 14:16:07.804 E/AdSDKManager( 3007): getAD ctStr:0,arkKey:c_l
08-16 14:16:07.804 E/AdSDKManager( 3007):  ad getCacheAdInfo=true
08-16 14:16:07.804 E/ads     ( 3007): adSdkReq ArkJniApi
08-16 14:16:07.805 I/HourManager( 3007): setOclockAlarmPreByElapsedTime , android SDK version = 23 , millis = 26205731534400169430 , after format : 14:59:50
08-16 14:16:07.805 I/LetvHttp( 3007): requestUrl = http://dc.cp21.ott.cibntv.net/pl/?vt=flv_720p&ch=letv&source=unknown&install_id=372990f9fdcb454a9b2c51d84a2891c8&pv=4.2.0.050&uuid=B01BD2542D511534400169426_0&prl=unknown&wmac=unknown&stime=1534400169426&ipt=0&auid=B01BD2542D51&app_name=superlive&joint=unknown&p2=20&nt=wired&lid=2282&caid=1009&ref=10&p3=20_tvlive_cibn&cdev=1.1.17&serialno=b01bd2542d51&pcode=01001001000&ac=init&pay=unknown&py=replaytype%3D3%26totaltime%3D992&android_id=1254cf6fa1a90f9a&st=lb_zczb5&vid=unknown&p1=2&ty=2&mac=B01BD2542D51&cid=category_id_all&ctime=1534400169426&app=4.2.0.050&owner=1&apprunid=B01BD2542D51_1533889159020&pt=unknown&ilu=0&uid=1754045746&r=599485408816&ver=2.0
08-16 14:16:07.805 I/LetvHttp( 3007): LetvHttpClient requestData
08-16 14:16:07.807 I/HourManager( 3007): setOclockAlarmPostByElapsedTime , android SDK version = 23 , millis = 26315691534400169432 , after format : 15:00:01
08-16 14:16:07.810 I/PlayerMainFragment( 3007): onFragmentStart: mIsFragmentStart = false
08-16 14:16:07.810 I/PlayerMainFragment( 3007): recommend start
08-16 14:16:07.810 I/VideoJJControl( 3007): onRestart
08-16 14:16:07.810 I/PlayerMainFragment( 3007): PlayMainFragment onFragmentResume
08-16 14:16:07.810 I/TVlivePlayingManager( 3007): resume
08-16 14:16:07.810 I/ControllerCallbacks( 3007): onPlayResume() called with 
08-16 14:16:07.810 I/VideoJJControl( 3007): onResume
08-16 14:16:07.810 I/BaseMainManager( 3007): resumeCde isAdNoUseCdePlaying =  mLastLinkShellUrl = http://live.g3proxy.cp21.ott.cibntv.net/gslb?stream_id=lb_zczb5_1800&tag=live&ext=m3u8&sign=live_tv&splatid=1060704002&platid=10&playid=1&termid=2&pay=0&tm=1411974165&ostype=andriod&hwtype=un&expect=3&format=1&uid=1754045746&app_name=tvlive&app_ver=4.2.0.050&devid=macB01BD2542D51&uuid=B01BD2542D511534350373311_0&station=lb_zczb5&sign_dev=C0BC870D3EF4276126D66995020B0DBA&app_code=2018071917&liveId=2282&p1=2&p2=20&p3=20_tvlive_cibn&wmac=b8:fc:9b:04:68:2a&lstm=1fpycc&lsbv=2fn&lssv=1EcjuT_T1_S19mbZ4_ViRD_P7IOos4LsQanBscJQ9tFbRR3BYgBI_I0_M0&lsdg=340l6j7rHJ79SwmOX7N9ld4KhjMi&lsst=1&lsse=2Di0UF
08-16 14:16:07.810 I/AnalysisLog( 3007): Plugin:onAttach2onResume:com.letv.android.tv.letvlive----end:time='511034244'
08-16 14:16:07.810 I/TvLiveBaseFragment( 3007): onResume
08-16 14:16:07.811 I/AnalysisLog( 3007): Plugin:onAttach2onResume:com.stv.plugin.tencent----end:time='511034244'
08-16 14:16:07.811 I/AnalysisLog( 3007): Plugin:onAttach2onResume:com.stv.plugin.video----end:time='511034244'
08-16 14:16:07.811 I/AnalysisLog( 3007): Plugin:onAttach2onResume:com.stv.plugin.search----end:time='511034244'
08-16 14:16:07.811 I/ShoppingPlugin-stv-PluginFragment( 3007): onResume ->in
08-16 14:16:07.811 I/AnalysisLog( 3007): Plugin:onAttach2onResume:com.stv.shopping----end:time='511034244'
08-16 14:16:07.811 I/AnalysisLog( 3007): Plugin:onAttach2onResume:com.stv.plugin.kids----end:time='511034244'
08-16 14:16:07.811 I/AnalysisLog( 3007): Plugin:onAttach2onResume:com.stv.plugin.app----end:time='511034244'
08-16 14:16:07.812 I/cdeclientapi( 3007): [NetworkUtils] doHttpGet. url(http://127.0.0.1:6990/play/resume?enc=base64&url=aHR0cDovL2xpdmUuZzNwcm94eS5jcDIxLm90dC5jaWJudHYubmV0L2dzbGI/c3RyZWFtX2lkPWxiX3pjemI1XzE4MDAmdGFnPWxpdmUmZXh0PW0zdTgmc2lnbj1saXZlX3R2JnNwbGF0aWQ9MTA2MDcwNDAwMiZwbGF0aWQ9MTAmcGxheWlkPTEmdGVybWlkPTImcGF5PTAmdG09MTQxMTk3NDE2NSZvc3R5cGU9YW5kcmlvZCZod3R5cGU9dW4mZXhwZWN0PTMmZm9ybWF0PTEmdWlkPTE3NTQwNDU3NDYmYXBwX25hbWU9dHZsaXZlJmFwcF92ZXI9NC4yLjAuMDUwJmRldmlkPW1hY0IwMUJEMjU0MkQ1MSZ1dWlkPUIwMUJEMjU0MkQ1MTE1MzQzNTAzNzMzMTFfMCZzdGF0aW9uPWxiX3pjemI1JnNpZ25fZGV2PUMwQkM4NzBEM0VGNDI3NjEyNkQ2Njk5NTAyMEIwREJBJmFwcF9jb2RlPTIwMTgwNzE5MTcmbGl2ZUlkPTIyODImcDE9MiZwMj0yMCZwMz0yMF90dmxpdmVfY2libiZ3bWFjPWI4OmZjOjliOjA0OjY4OjJhJmxzdG09MWZweWNjJmxzYnY9MmZuJmxzc3Y9MUVjanVUX1QxX1MxOW1iWjRfVmlSRF9QN0lPb3M0THNRYW5Cc2NKUTl0RmJSUjNCWWdCSV9JMF9NMCZsc2RnPTM0MGw2ajdySEo3OVN3bU9YN045bGQ0S2hqTWkmbHNzdD0xJmxzc2U9MkRpMFVG&&mediatype=m3u8)
08-16 14:16:07.812 I/ShimmerLine( 3007): onVisibilityChanged visibility = 0
08-16 14:16:07.813 I/ShimmerLine( 3007): onVisibilityChanged visibility = 0
08-16 14:16:07.813 I/ChannelInfoViewControl( 3007): onVisibilityChanged: visibility = 0 channelInfo =  channelId = 2282 channelName = 欢乐颂 numberKeys = 33 type = 3 playType = 0 spuNo = null isCurNull = false
08-16 14:16:07.813 I/ChannelInfoViewControl( 3007): updateViewWithComming
08-16 14:16:07.813 I/ChannelInfoViewPresenter( 3007): updateViewWithComming: channelInfo =  channelId = 2282 channelName = 欢乐颂 numberKeys = 33 type = 3 playType = 0 spuNo = null isCurNull = false
08-16 14:16:07.813 I/Feature_Seek_PlayActionManager( 3007): mPlayProgramList size 0 mServerProgramList size 0
08-16 14:16:07.813 I/Feature_Seek_PlayActionManager( 3007): next program is  null
08-16 14:16:07.813 I/ChannelInfoViewPresenter( 3007): refreshPayInfo: isChannelPay = false
08-16 14:16:07.813 I/ChannelInfoViewPresenter( 3007): updateProgress cur_progress=100 originProgress = 100
08-16 14:16:07.813 I/ChannelInfoViewPresenter( 3007): setSubTitleSelect: select = true
08-16 14:16:07.814 E/LETV_DEVICE( 1780): no name sn for Mstar
