08-16 14:16:09.327 I/ProgramUpdateMonitorForLunBoLive( 3007): reset
08-16 14:16:09.327 I/PlayerBlockHelper( 3007): reset
08-16 14:16:09.327 I/ChannelIconControl( 3007): onStop
08-16 14:16:09.327 I/ChannelInfoViewControl( 3007): cancelDelayClose
08-16 14:16:09.328 I/ChannelInfoViewControl( 3007): onVisibilityChanged: visibility = 8 channelInfo =  channelId = 2282 channelName = 欢乐颂 numberKeys = 33 type = 3 playType = 0 spuNo = null isCurNull = false
08-16 14:16:09.328 I/ChannelInfoViewPresenter( 3007): setSubTitleSelect: select = false
08-16 14:16:09.328 I/ChannelInfoViewControl( 3007): hideChannelInfoAdView
08-16 14:16:09.328 I/HourViewControl( 3007): hideView
08-16 14:16:09.328 E/ViewManagerImpl( 3007): dismissView b for com.letv.android.letvlive.hour.c@69967de isDuringOneViewShown:false
08-16 14:16:09.328 I/ChannelInfoViewControl( 3007): hideChannelInfoAdView
08-16 14:16:09.328 E/ViewManagerImpl( 3007): dismissView d for com.letv.android.letvlive.ChannelInfoView.a@1c7e987 isDuringOneViewShown:false
08-16 14:16:09.329 I/ChannelInfoViewControl( 3007): onVisibilityChanged: visibility = 8 channelInfo =  channelId = 2282 channelName = 欢乐颂 numberKeys = 33 type = 3 playType = 0 spuNo = null isCurNull = false
08-16 14:16:09.329 I/ChannelInfoViewPresenter( 3007): setSubTitleSelect: select = false
08-16 14:16:09.329 I/ChannelInfoViewControl( 3007): hideChannelInfoAdView
08-16 14:16:09.329 I/HourViewControl( 3007): hideView
08-16 14:16:09.329 E/ViewManagerImpl( 3007): dismissView b for com.letv.android.letvlive.hour.c@69967de isDuringOneViewShown:false
08-16 14:16:09.329 I/ChannelInfoViewControl( 3007): hideChannelInfoAdView
08-16 14:16:09.329 I/ChannelInfoViewControl( 3007): channelInfoView set GONE
08-16 14:16:09.329 I/Feature_Pay_Channel_PayCashierControl( 3007): dismiss
08-16 14:16:09.329 E/ViewManagerImpl( 3007): dismissView i for com.letv.android.letvlive.paylive.view.h@1448f13 isDuringOneViewShown:false
08-16 14:16:09.329 I/GuideViewsControl( 3007): View loop runnable stop
08-16 14:16:09.329 I/Feature_Pay_Channel_PayTipControl( 3007): hideView
08-16 14:16:09.329 I/Feature_Pay_Channel_PayTipControl( 3007): hidePayTip , isTemperary = false
08-16 14:16:09.329 E/ViewManagerImpl( 3007): dismissView f for com.letv.android.letvlive.paylive.view.n@cbb0a48 isDuringOneViewShown:false
08-16 14:16:09.329 E/ViewManagerImpl( 3007): dismissView c for com.letv.android.letvlive.paylive.view.j@47580e1 isDuringOneViewShown:false
08-16 14:16:09.329 I/Feature_Seek_PlayActionManager( 3007): clear
08-16 14:16:09.329 I/SubPlayerControl( 3007): isSubPlayerShowing: false
08-16 14:16:09.329 I/SubPlayerControl( 3007): onStop the sub Play set mNeedResume false:
08-16 14:16:09.329 I/MultiProgramsControlVerticalGridView( 3007): Life circle --------------- onStop, currentMainChannel=[channelId=2282, channelName=欢乐颂]
08-16 14:16:09.330 I/BigNavigationControl( 3007): onStop: 
08-16 14:16:09.330 I/BigMenuPresentersManager( 3007): updateContentData: mContentPresenter == presenter true  mContentItem == contentItem true mContentShowed = true
08-16 14:16:09.330 I/RateTipController( 3007): cancelShowOrDismiss isShowing()false
08-16 14:16:09.330 I/AdTipViewControl( 3007): onFragmentStop
08-16 14:16:09.330 I/MiddleAdPlayManager( 3007): resetAd
08-16 14:16:09.330 I/MiddleAdPlayManager( 3007): cancelDelayAdEndRunnable
08-16 14:16:09.330 I/MiddleAdPlayManager( 3007): isAdPlaying mIsPlayAd = false
08-16 14:16:09.330 I/MiddleAdFetchAndPostPresenter( 3007): clearAllData
08-16 14:16:09.330 I/MiddleAdHandlePresenter( 3007): clearEventData
08-16 14:16:09.330 I/AdTipViewControl( 3007): resetAdData
08-16 14:16:09.330 I/PlaylistController( 3007): onFragmentStop
08-16 14:16:09.330 I/PlayReportManager( 3007): isBigScreenPlay isBigScreenPlay = true
08-16 14:16:09.330 I/PreAdPresenter( 3007): isAdPlaying isPlaying = false
08-16 14:16:09.330 I/PlayReportManager( 3007): shouldNotReport : isNotNeedReport = false
08-16 14:16:09.330 I/PlayReportManager( 3007): isBigScreenPlay isBigScreenPlay = true
08-16 14:16:09.330 I/PreAdPresenter( 3007): isAdPlaying isPlaying = false
08-16 14:16:09.330 I/PlayReportManager( 3007): shouldNotReport : isNotNeedReport = false
08-16 14:16:09.330 I/PlayReportManager( 3007): reportActionEnd record.getLastReportAction = END
08-16 14:16:09.330 I/PlayReportManager( 3007): reportActionEnd return
08-16 14:16:09.330 I/SlotAdStockReportController( 3007): onFragmentStop
08-16 14:16:09.330 I/SlotAdStockReportController( 3007): clearMessage
08-16 14:16:09.330 I/PurchaseAdManager( 3007): handleForceEnd mIsShow = false
08-16 14:16:09.330 I/PurchaseAdUtil( 3007): isSupportOneKeyPurchase version = 2070
08-16 14:16:09.330 I/HourViewControl( 3007): stop
08-16 14:16:09.333 I/PlayerMainFragment( 3007): PlayMainFragment onFragmentStop
08-16 14:16:09.333 I/WaterMarkControl2( 3007): update observable com.letv.android.letvlive.aj.e@566a219
08-16 14:16:09.333 I/WaterMarkControl2( 3007): current channel id 2282 type is 3 before null
08-16 14:16:09.333 I/WaterMarkControl2( 3007): dismissWaterMarkView
08-16 14:16:09.333 I/WaterMarkControl2( 3007): IWaterMarkViewController dismiss
08-16 14:16:09.333 I/WaterMarkControl2( 3007): clear all data
08-16 14:16:09.333 I/WaterMarkControl2( 3007): channelId 2282 state 4
08-16 14:16:09.333 I/PlayerMainFragment( 3007): recommend stop
08-16 14:16:09.333 I/PlayerMainFragment( 3007): recommend cancel
08-16 14:16:09.334 I/AnalysisLog( 3007): Plugin:onFragmentSelectedPre_hide:com.letv.android.tv.letvlive----end:time='511035767'
08-16 14:16:09.335 W/VIDEO   ( 1803): Enter LockMuteStatus
08-16 14:16:09.335 W/VIDEO   ( 1803): bEnable: 0, getMuteFlag(engine, eWin): 0, 
08-16 14:16:09.335 W/VIDEO   ( 1803): WaitFrameWrite2XC will modify from 50 to 0
08-16 14:16:09.335 W/VIDEO   ( 1803): [36m Mute Engine is 0, engine is 0 [m
08-16 14:16:09.335 W/VIDEO   ( 1803): bEnable: 0, getMuteFlag(engine, eWin): 0, 
08-16 14:16:09.335 W/VIDEO   ( 1803): [Unmute By API]MuteEngine: 0,  u16WaitToDoTime :0 , tid: 5159 
08-16 14:16:09.336 W/VIDEO   ( 1803): u16PQDelayTime=140   win=main [_WaitVideoStable][1836]
08-16 14:16:09.336 I/tvos    ( 1764): TvManagerService::Client::setVideoMute  eSrcType = 34,bScreenMute= 0,enColor =0,screenUnMuteTime =0
08-16 14:16:09.336 I/tvos    ( 1764): TvManagerService::Client::setVideoMute  eSrcType = 34,bScreenMute= 0,engine =0
08-16 14:16:09.336 I/tvos    ( 1764): Enter LockMuteStatus =======>
08-16 14:16:09.336 I/tvos    ( 1764): =============
08-16 14:16:09.336 I/tvos    ( 1764):  dirk=MDrv_PQ_GetDelayTime _u8PQDelayCount=2 u8FrameNum=4 2230
08-16 14:16:09.336 I/tvos    ( 1764):  dirk=MDrv_PQ_GetDelayTime MApi_XC_GetWRBankMappingNum=1 2232
08-16 14:16:09.336 I/tvos    ( 1764):  dirk=MDrv_PQ_GetDelayTime u8PQDelayCountNum=3 2247
08-16 14:16:09.336 I/tvos    ( 1764):  dirk=MDrv_PQ_GetDelayTime u8PQDelayCountNum=3 2249
08-16 14:16:09.336 I/tvos    ( 1764):  dirk=MDrv_PQ_GetDelayTime u8PQDelayCountNum=3 QM_GetInputVFreq(eWindow)=500 2254
08-16 14:16:09.336 I/tvos    ( 1764):  dirk=MDrv_PQ_GetDelayTime _u16PQDelyaTime=140 2282
08-16 14:16:09.340 I/Launcher( 3007): [com.stv.launcher] LauncherAdapterPresenter -- AdapterPosition : 1-- TabItem Position :2
08-16 14:16:09.359 I/SoundPool( 3007): enter : func play
08-16 14:16:09.360 I/APM::AudioPolicyEngine( 1758): getDeviceForStrategy, 350
08-16 14:16:09.360 I/audio_hw_primary( 1758): version:a00004 adev_create_audio_patch::mix->device 
08-16 14:16:09.360 I/audio_hw_primary( 1758): adev_create_audio_patch *handle=-1420227928 num_audio_patch=3
08-16 14:16:09.367 E/LETV_DEVICE( 1780): no name sn for Mstar
08-16 14:16:09.379 E/ActivityThread( 2837): Failed to find provider info for com.letv.agnes.InfoProvider
08-16 14:16:09.380 E/ActivityThread( 2837): Failed to find provider info for com.letv.agnes.InfoProvider
08-16 14:16:09.380 W/System.err( 2837): java.lang.IllegalArgumentException: Unknown URL content://com.letv.agnes.InfoProvider
08-16 14:16:09.381 W/System.err( 2837): 	at android.content.ContentResolver.insert(ContentResolver.java:1227)
08-16 14:16:09.381 W/System.err( 2837): 	at com.letv.tracker2.agnes.Configuration.addDebugInfo(Configuration.java:289)
08-16 14:16:09.381 W/System.err( 2837): 	at com.letv.tracker2.agnes.MessageProcessor$SendEnvMsgTr$1.handleMessage(MessageProcessor.java:661)
08-16 14:16:09.381 W/System.err( 2837): 	at android.os.Handler.dispatchMessage(Handler.java:102)
08-16 14:16:09.381 W/System.err( 2837): 	at android.os.Looper.loop(Looper.java:148)
08-16 14:16:09.381 W/System.err( 2837): 	at com.letv.tracker2.agnes.MessageProcessor$SendEnvMsgTr.run(MessageProcessor.java:665)
08-16 14:16:09.386 I/[T1.0.6.3]EuiAgnes_Server( 2837): resCode:1
08-16 14:16:09.386 I/[T1.0.6.3]EuiAgnes_Server( 2837): b[0]:0
08-16 14:16:09.386 I/tvos    ( 1764): [37m[INFO] Change to Voltage: 1130 mV (0x1F)[m
08-16 14:16:09.386 I/tvos    ( 1764): [37m[INFO] Change to Voltage: 1130 mV (0x22)[m
08-16 14:16:09.386 I/tvos    ( 1764): [37m[INFO] Change to Voltage: 1130 mV (0x25)[m
08-16 14:16:09.386 I/tvos    ( 1764): [37m[INFO] Change to Voltage: 1130 mV (0x28)[m
08-16 14:16:09.386 I/tvos    ( 1764): [37m[INFO] Change to Voltage: 1130 mV (0x2B)[m
08-16 14:16:09.387 I/tvos    ( 1764): [37m[INFO] Change to Voltage: 1130 mV (0x2C)[m
08-16 14:16:09.448 I/tvos    ( 1764): [AudioMonitor] call SetSoundMuteStatus, Line 3091
08-16 14:16:09.448 I/tvos    ( 1764): [audioBSP] #1 m_internalMute : 0 ..
08-16 14:16:09.448 I/tvos    ( 1764): #1|->SDK_bPermanentAudioMute:0<-|->SDK_bMomentAudioMute:0 <-|->SDK_bBySyncAudioMute:0<-|->SDK_bByBlockAudioMute:0<-|->SDK_bByVChipAudioMute:0<-|
08-16 14:16:09.448 I/tvos    ( 1764): #1|->SDK_bInternal1AudioMute:0<-|->SDK_bInternal2AudioMute:0<-|->SDK_bInternal3AudioMute:0<-|->SDK_bInternal4AudioMute:0<-|
08-16 14:16:09.448 I/tvos    ( 1764): #1|->SDK_bByScanInOutchgCHchg:0<-|->SDK_bByDuringLimitedTimeAudioMute:0<-|->SDK_bSourceSwitchAudioMute:0<-|
08-16 14:16:09.449 I/tvos    ( 1764): #1|->SDK_bMHEGApMute:0<-|->SDK_bAllAudioMuteCtrl:0<-|->SDK_bPowerOnMute:0<-|->SDK_bNullSourceMute0<-|->SDK_bSetInputSourceAudioMute:0<-|
08-16 14:16:09.449 I/tvos    ( 1764): [audioBSP] #2 m_spkrMute : 1 ..|->SDK_bUsrSpkrAudioMute:0<-|->SDK_bPowerOnMute:0<-|->SDK_bByUserAudioMute:1<-|
08-16 14:16:09.449 I/tvos    ( 1764): [audioBSP] #3 m_PcmCapture2Mute:1 |->SDK_bByUserPcmCapture2Mute:0<-|->SDK_SUB_bByUserAudioMute:0<-|->SDK_bByUserAudioMute:1<-|
08-16 14:16:09.449 I/tvos    ( 1764): [audioBSP] #5 m_hpMute : 1 ..|->SDK_bUsrHpAudioMute:1<-|->SDK_bPowerOnMute:0<-|->SDK_bByUserAudioMute:1<-|
08-16 14:16:09.449 I/tvos    ( 1764): [audioBSP] #12 m_spdifMute : 1 ..
08-16 14:16:09.449 I/tvos    ( 1764): #12|->SDK_bPermanentAudioMute:0<-|->SDK_bMomentAudioMute:0<-|->SDK_bByBlockAudioMute:0<-|
08-16 14:16:09.449 I/tvos    ( 1764): #12|->SDK_bByVChipAudioMute:0<-|->SDK_bInternal1AudioMute:0<-|->SDK_bInternal4AudioMute:0<-|
08-16 14:16:09.449 I/tvos    ( 1764): #12|->SDK_bByDuringLimitedTimeAudioMute:0<-|->SDK_bSourceSwitchAudioMute:0<-|->SDK_bMHEGApMute:0<-|
08-16 14:16:09.449 I/tvos    ( 1764): #12|->SDK_bPowerOnMute:0<-|->SDK_bUsrSpdifAudioMute:1<-|->SDK_bNullSourceMute:0<-|->SDK_bByAppMute:0<-|
08-16 14:16:09.449 I/tvos    ( 1764): Mute ,mute Status repetition!
08-16 14:16:09.449 I/tvos    ( 1764): SetSoundMuteStatus : m_hpMute : 1, m_spdifMute : 1, m_DataInMute : 0, m_channel7Mute : 0, m_internalMute : 0, m_spkrMute : 1, m_PcmCapture1Mute : 0, m_PcmCapture2Mute : 1 
08-16 14:16:09.482 W/VIDEO   ( 1803): BACKEND engine is 0
08-16 14:16:09.482 W/VIDEO   ( 1803): BACKEND engine video only is 0
08-16 14:16:09.482 W/VIDEO   ( 1803): SOC engine is 0
08-16 14:16:09.482 W/VIDEO   ( 1803): XC engine (MAIN) is 0
08-16 14:16:09.482 W/VIDEO   ( 1803): XC engine (SUB) is 1
08-16 14:16:09.482 W/VIDEO   ( 1803): Lock Mute Status => 
08-16 14:16:09.482 W/VIDEO   ( 1803): Lock Status: APP:LOCK, RESERVE_1:UNLOCK, RESERVE_2:UNLOCK, RESERVE_3:UNLOCK
08-16 14:16:09.482 W/VIDEO   ( 1803): enScalerWinType: MAIN, isLock: 1
08-16 14:16:09.482 W/VIDEO   ( 1803): Lock Status: APP:UNLOCK, RESERVE_1:UNLOCK, RESERVE_2:UNLOCK, RESERVE_3:UNLOCK
08-16 14:16:09.482 W/VIDEO   ( 1803): enScalerWinType: SUB, isLock: 0
08-16 14:16:09.482 W/VIDEO   ( 1803): ==== Decrease After ====
08-16 14:16:09.482 W/VIDEO   ( 1803): BACKEND engine is 0
08-16 14:16:09.482 W/VIDEO   ( 1803): BACKEND engine video only is 0
08-16 14:16:09.482 W/VIDEO   ( 1803): SOC engine is 0
08-16 14:16:09.482 W/VIDEO   ( 1803): XC engine (MAIN) is 0
08-16 14:16:09.482 W/VIDEO   ( 1803): XC engine (SUB) is 1
08-16 14:16:09.482 W/VIDEO   ( 1803): Lock Mute Status => 
08-16 14:16:09.482 W/VIDEO   ( 1803): Lock Status: APP:LOCK, RESERVE_1:UNLOCK, RESERVE_2:UNLOCK, RESERVE_3:UNLOCK
08-16 14:16:09.482 W/VIDEO   ( 1803): enScalerWinType: MAIN, isLock: 1
08-16 14:16:09.482 W/VIDEO   ( 1803): Lock Status: APP:UNLOCK, RESERVE_1:UNLOCK, RESERVE_2:UNLOCK, RESERVE_3:UNLOCK
08-16 14:16:09.482 W/VIDEO   ( 1803): enScalerWinType: SUB, isLock: 0
08-16 14:16:09.482 W/VIDEO   ( 1803): Lock Mute Status => 
08-16 14:16:09.482 W/VIDEO   ( 1803): Lock Status: APP:UNLOCK, RESERVE_1:UNLOCK, RESERVE_2:UNLOCK, RESERVE_3:UNLOCK
08-16 14:16:09.482 W/VIDEO   ( 1803): enScalerWinType: MAIN, isLock: 0
08-16 14:16:09.482 W/VIDEO   ( 1803): Lock Status: APP:UNLOCK, RESERVE_1:UNLOCK, RESERVE_2:UNLOCK, RESERVE_3:UNLOCK
08-16 14:16:09.482 W/VIDEO   ( 1803): enScalerWinType: SUB, isLock: 0
08-16 14:16:09.483 W/VIDEO   ( 1803): Enter LockMuteStatus
08-16 14:16:09.483 W/VIDEO   ( 1803): Lock Status: APP:UNLOCK, RESERVE_1:UNLOCK, RESERVE_2:UNLOCK, RESERVE_3:UNLOCK
08-16 14:16:09.483 W/VIDEO   ( 1803): enScalerWinType: MAIN, isLock: 0
08-16 14:16:09.483 W/VIDEO   ( 1803): bEnable: 1, getMuteFlag(engine, eWin): 0, 
08-16 14:16:09.483 W/VIDEO   ( 1803): [36m Mute Engine is 0, engine is 0 [m
08-16 14:16:09.483 W/VIDEO   ( 1803): Lock Status: APP:UNLOCK, RESERVE_1:UNLOCK, RESERVE_2:UNLOCK, RESERVE_3:UNLOCK
08-16 14:16:09.483 W/VIDEO   ( 1803): enScalerWinType: MAIN, isLock: 0
08-16 14:16:09.483 W/VIDEO   ( 1803): bEnable: 1, getMuteFlag(engine, eWin): 0, 
08-16 14:16:09.483 W/VIDEO   ( 1803): BACKEND engine is 0
08-16 14:16:09.483 W/VIDEO   ( 1803): BACKEND engine video only is 0
08-16 14:16:09.483 W/VIDEO   ( 1803): SOC engine is 0
08-16 14:16:09.483 W/VIDEO   ( 1803): XC engine (MAIN) is 0
08-16 14:16:09.483 W/VIDEO   ( 1803): XC engine (SUB) is 1
08-16 14:16:09.483 W/VIDEO   ( 1803): Lock Mute Status => 
08-16 14:16:09.483 W/VIDEO   ( 1803): Lock Status: APP:UNLOCK, RESERVE_1:UNLOCK, RESERVE_2:UNLOCK, RESERVE_3:UNLOCK
08-16 14:16:09.483 W/VIDEO   ( 1803): enScalerWinType: MAIN, isLock: 0
08-16 14:16:09.483 W/VIDEO   ( 1803): Lock Status: APP:UNLOCK, RESERVE_1:UNLOCK, RESERVE_2:UNLOCK, RESERVE_3:UNLOCK
08-16 14:16:09.483 W/VIDEO   ( 1803): enScalerWinType: SUB, isLock: 0
08-16 14:16:09.483 W/VIDEO   ( 1803): ==== Increase After ====
08-16 14:16:09.483 W/VIDEO   ( 1803): BACKEND engine is 0
08-16 14:16:09.483 W/VIDEO   ( 1803): BACKEND engine video only is 0
08-16 14:16:09.483 W/VIDEO   ( 1803): SOC engine is 0
08-16 14:16:09.483 W/VIDEO   ( 1803): XC engine (MAIN) is 0
08-16 14:16:09.483 W/VIDEO   ( 1803): XC engine (SUB) is 1
08-16 14:16:09.483 W/VIDEO   ( 1803): Lock Mute Status => 
08-16 14:16:09.483 W/VIDEO   ( 1803): Lock Status: APP:UNLOCK, RESERVE_1:UNLOCK, RESERVE_2:UNLOCK, RESERVE_3:UNLOCK
08-16 14:16:09.484 W/VIDEO   ( 1803): enScalerWinType: MAIN, isLock: 0
08-16 14:16:09.484 W/VIDEO   ( 1803): Lock Status: APP:UNLOCK, RESERVE_1:UNLOCK, RESERVE_2:UNLOCK, RESERVE_3:UNLOCK
08-16 14:16:09.484 W/VIDEO   ( 1803): enScalerWinType: SUB, isLock: 0
08-16 14:16:09.484 W/VIDEO   ( 1803): [Mute By API]MuteEngine: 0, u16WaitToDoTime :0 , tid: 14208 
08-16 14:16:09.484 E/AudioManagerService( 1803): setAudioVolume(callingPid 1758, clientPid 1758, enSoundPath 0, volumn:0 )
08-16 14:16:09.484 I/AudioUtil( 1758): setParameters spk_volume=0
08-16 14:16:09.484 I/audio_hw_primary( 1758): adev_set_parameters: spk_volume=0
08-16 14:16:09.486 I/tvos    ( 1764): TvManagerService::Client::setVideoMute  eSrcType = 34,bScreenMute= 1,enColor =0,screenUnMuteTime =0
08-16 14:16:09.486 I/tvos    ( 1764): TvManagerService::Client::setVideoMute  eSrcType = 34,bScreenMute= 1,engine =0
08-16 14:16:09.486 I/tvos    ( 1764): Enter LockMuteStatus =======>
08-16 14:16:09.486 I/tvos    ( 1764): =============SetVolume, subWooExist 0!
08-16 14:16:09.486 I/tvos    ( 1764): mapi_audio_customer::SetAbsoluteVolume: project name is X440M
08-16 14:16:09.486 I/tvos    ( 1764): SetAbsoluteVolume: uPercent : 0, path=52(speaker), VolumeInt=7f, VolumeFra=0
08-16 14:16:09.486 I/tvos    ( 1764): SetAbsoluteVolume: uPercent(currVol) : 0, realPath=52(default), VolumeInt=7f, VolumeFra=0
08-16 14:16:09.486 I/tvos    ( 1764): mapi_audio_customer::SetAbsoluteVolume: project name is X440M
08-16 14:16:09.486 I/tvos    ( 1764): SetAbsoluteVolume: uPercent : 0, path=49(HP), VolumeInt=7f, VolumeFra=0
08-16 14:16:09.486 I/tvos    ( 1764): SetAbsoluteVolume: uPercent(currVol) : 0, realPath=49(default), VolumeInt=7f, VolumeFra=0
08-16 14:16:09.486 I/tvos    ( 1764): mapi_audio_customer::SetAbsoluteVolume: project name is X440M
08-16 14:16:09.486 I/tvos    ( 1764): SetAbsoluteVolume, m_bBTDetect is false! 
08-16 14:16:09.486 I/tvos    ( 1764): mapi_audio_customer::SetAbsoluteVolume: project name is X440M
08-16 14:16:09.486 I/tvos    ( 1764): SetAbsoluteVolume: uPercent : 0, path=255(speaker), VolumeInt=7f, VolumeFra=0
08-16 14:16:09.486 I/tvos    ( 1764): SetAbsoluteVolume: uPercent(currVol) : 0, realPath=255(default), VolumeInt=7f, VolumeFra=0
08-16 14:16:09.486 I/tvos    ( 1764): [37m[INFO] Change to Voltage: 1000 mV (0x2C)[m
08-16 14:16:09.487 I/tvos    ( 1764): [37m[INFO] Change to Voltage: 1000 mV (0x29)[m
08-16 14:16:09.487 I/tvos    ( 1764): [37m[INFO] Change to Voltage: 1000 mV (0x26)[m
08-16 14:16:09.487 I/tvos    ( 1764): GetAudioOutputDevice, retval : 0
08-16 14:16:09.487 I/LetvManager-LogReport( 1780): [send_msg] line: 490 report url = http://log.hdtv.cp21.ott.cibntv.net:80/api/log/tvAction
08-16 14:16:09.488 I/Choreographer( 3007): Skipped 46 frames!  The application may be doing too much work on its main thread.
08-16 14:16:09.488 I/tvos    ( 1764): [SetMuteStatus] call SetSoundMuteStatus, line : 10369, muteType: 67108864, onOff : 1 
08-16 14:16:09.488 I/tvos    ( 1764): _TransMSrvMuteTypeToSDKMuteType: Err! muteType(67108864) is out of Range
08-16 14:16:09.488 I/tvos    ( 1764): [SetMuteStatus] call SetSoundMuteStatus, line : 10369, muteType: 4, onOff : 1 
08-16 14:16:09.489 I/tvos    ( 1764): [37m[INFO] Change to Voltage: 1000 mV (0x23)[m
08-16 14:16:09.491 I/STVADLOG3:UI(13525): UIManager, There is no body in ui list, exit!
08-16 14:16:09.495 I/tvos    ( 1764): [37m[INFO] Change to Voltage: 1000 mV (0x20)[m
08-16 14:16:09.497 I/tvos    ( 1764): [37m[INFO] Change to Voltage: 1000 mV (0x1F)[m
08-16 14:16:09.498 W/InputDispatcher( 2207): findFocusedWindow finished: injectionResult=0, timeSpentWaitingForApplication=0.0ms
08-16 14:16:09.501 I/art     (13525): System.exit called, status: 0
08-16 14:16:09.502 I/AndroidRuntime(13525): VM exiting with result code 0, cleanup skipped.
08-16 14:16:09.507 E/audio_hw_primary( 1758): out_get_presentation_position pcm_get_htimestamp(pcm, &avail, timestamp) != 0!!!
08-16 14:16:09.511 I/CommonFrescoView( 3007): [ucenter][2.4.1.016] : addView(ControllableEcoImageView)-sdkversion=1.0.4
08-16 14:16:09.512 W/ResourceType( 3007): No package identifier when getting value for resource number 0x00000000
08-16 14:16:09.513 I/ControllableEcoImageView( 3007): [ucenter][2.4.1.016] : setCommonPlaceHolderImage()-resource not find-resId=0
08-16 14:16:09.514 W/ResourceType( 3007): No known package when getting value for resource number 0xffffffff
08-16 14:16:09.514 I/ControllableEcoImageView( 3007): [ucenter][2.4.1.016] : setCommonPlaceHolderImage()-resource not find-resId=-1
08-16 14:16:09.516 I/CommonFrescoView( 3007): [ucenter][2.4.1.016] : addView(ControllableEcoImageView)-sdkversion=1.0.4
08-16 14:16:09.521 I/CommonFrescoView( 3007): [ucenter][2.4.1.016] : addView(ControllableEcoImageView)-sdkversion=1.0.4
08-16 14:16:09.523 W/VIDEO   ( 1803): Lock Mute Status => 
08-16 14:16:09.523 W/VIDEO   ( 1803): Lock Status: APP:LOCK, RESERVE_1:UNLOCK, RESERVE_2:UNLOCK, RESERVE_3:UNLOCK
08-16 14:16:09.523 W/VIDEO   ( 1803): enScalerWinType: MAIN, isLock: 1
08-16 14:16:09.523 W/VIDEO   ( 1803): Lock Status: APP:UNLOCK, RESERVE_1:UNLOCK, RESERVE_2:UNLOCK, RESERVE_3:UNLOCK
08-16 14:16:09.523 W/VIDEO   ( 1803): enScalerWinType: SUB, isLock: 0
08-16 14:16:09.524 I/CommonFrescoView( 3007): [ucenter][2.4.1.016] : addView(ControllableEcoImageView)-sdkversion=1.0.4
08-16 14:16:09.529 I/CommonFrescoView( 3007): [ucenter][2.4.1.016] : addView(ControllableEcoImageView)-sdkversion=1.0.4
08-16 14:16:09.529 W/ResourceType( 3007): No package identifier when getting value for resource number 0x00000000
08-16 14:16:09.529 I/ControllableEcoImageView( 3007): [ucenter][2.4.1.016] : setCommonPlaceHolderImage()-resource not find-resId=0
08-16 14:16:09.531 I/CommonFrescoView( 3007): [ucenter][2.4.1.016] : addView(ControllableEcoImageView)-sdkversion=1.0.4
08-16 14:16:09.531 W/ResourceType( 3007): No package identifier when getting value for resource number 0x00000000
08-16 14:16:09.533 I/ControllableEcoImageView( 3007): [ucenter][2.4.1.016] : setCommonPlaceHolderImage()-resource not find-resId=0
08-16 14:16:09.537 I/CommonFrescoView( 3007): [ucenter][2.4.1.016] : addView(ControllableEcoImageView)-sdkversion=1.0.4
08-16 14:16:09.537 W/ResourceType( 3007): No package identifier when getting value for resource number 0x00000000
08-16 14:16:09.538 I/tvos    ( 1764): [Player],file:./src/MSrv_Player.cpp,line:1950,Post EV_SIGNAL_LOCK to UI.
08-16 14:16:09.538 I/tvos    ( 1764): EV_SIGNAL_LOCK
08-16 14:16:09.538 I/ControllableEcoImageView( 3007): [ucenter][2.4.1.016] : setCommonPlaceHolderImage()-resource not find-resId=0
08-16 14:16:09.539 I/ActivityManager( 2207): Process com.stv.bootadmanager:ui (pid 13525) has died
08-16 14:16:09.539 W/ActivityManager( 2207): Scheduling restart of crashed service com.stv.bootadmanager/com.stv.admanager.process.ui.UIService in 1000ms
08-16 14:16:09.539 I/CommonFrescoView( 3007): [ucenter][2.4.1.016] : addView(ControllableEcoImageView)-sdkversion=1.0.4
08-16 14:16:09.539 W/ResourceType( 3007): No package identifier when getting value for resource number 0x00000000
08-16 14:16:09.540 E/ActivityManager( 2207): Already have existing proc ProcessRecord{69d60e 13525:com.stv.bootadmanager:ui/1000} when adding ProcessRecord{69d60e 13525:com.stv.bootadmanager:ui/1000}
08-16 14:16:09.540 I/ControllableEcoImageView( 3007): [ucenter][2.4.1.016] : setCommonPlaceHolderImage()-resource not find-resId=0
08-16 14:16:09.540 I/APM::AudioPolicyEngine( 1758): getDeviceForStrategy, 359
08-16 14:16:09.541 I/CommonFrescoView( 3007): [ucenter][2.4.1.016] : addView(ControllableEcoImageView)-sdkversion=1.0.4
08-16 14:16:09.541 W/ResourceType( 3007): No package identifier when getting value for resource number 0x00000000
08-16 14:16:09.541 E/PlayerImpl_JNI( 2720): SIG: EV_SIGNAL_LOCK 
08-16 14:16:09.541 I/ControllableEcoImageView( 3007): [ucenter][2.4.1.016] : setCommonPlaceHolderImage()-resource not find-resId=0
08-16 14:16:09.541 I/tvos    ( 1764): EV_SIGNAL_LOCK to client
08-16 14:16:09.542 E/PlayerImpl_JNI( 2207): SIG: EV_SIGNAL_LOCK 
08-16 14:16:09.542 I/tvos    ( 1764): EV_SIGNAL_LOCK to client
08-16 14:16:09.543 I/tvos    ( 1764): GetAudioOutputDevice, retval : 0
08-16 14:16:09.543 I/CommonFrescoView( 3007): [ucenter][2.4.1.016] : addView(ControllableEcoImageView)-sdkversion=1.0.4
08-16 14:16:09.543 E/PlayerImpl_JNI( 7791): SIG: EV_SIGNAL_LOCK 
08-16 14:16:09.544 I/tvos    ( 1764): EV_SIGNAL_LOCK to client
08-16 14:16:09.544 E/PlayerImpl_JNI( 4876): SIG: EV_SIGNAL_LOCK 
08-16 14:16:09.544 I/tvos    ( 1764): EV_SIGNAL_LOCK to client
08-16 14:16:09.545 I/CommonFrescoView( 3007): [ucenter][2.4.1.016] : addView(ControllableEcoImageView)-sdkversion=1.0.4
08-16 14:16:09.545 E/PlayerImpl_JNI( 2822): SIG: EV_SIGNAL_LOCK 
08-16 14:16:09.545 I/tvos    ( 1764): EV_SIGNAL_LOCK to client
08-16 14:16:09.546 I/GrowthView( 3007): [ucenter][2.4.1.016] : bindData() - growth: GrowthModel{growth=742, overcome=65, increase=0, identify='银牌一星', identifyIcon='http://i2.img.cp21.ott.cibntv.net/lc07_user/201702/22/14/42/2017022214425595178.png', isShown=false, channel=[GrowthChannel{total=742, icon='null', title='每日开机', color='#17a6ff'}, GrowthChannel{total=0, icon='null', title='大屏购物', color='#ffa349'}, GrowthChannel{total=0, icon='null', title='影视会员', color='#ff5050'}, GrowthChannel{total=0, icon='null', title='体育会员', color='#df8627'}, GrowthChannel{total=0, icon='null', title='游戏充值', color='#23cc97'}, GrowthChannel{total=0, icon='null', title='小C会员', color='#8e8fff'}, GrowthChannel{total=0, icon='null', title='华数会员', color='#fcc704'}, GrowthChannel{total=0, icon='null', title='同步剧场', color='#ff638f'}]} BaseModel{params=JumpParam{type=1, action='com.stv.ucenter.action', from='com.stv.plugin.ucenter', value={"type": 1}}, jumpPackage='com.stv.ucenter', jumpName='我的乐范', jumpVersion='0', posId='1-2', widgetId='1-2'}
08-16 14:16:09.548 I/Utopia  ( 1749): [DIP API]DIP already Opened
08-16 14:16:09.548 I/Utopia  ( 1749): [DIP API]MDrv_CMD_DIP_RELEASE_RESOURCE[0]   start
08-16 14:16:09.548 I/Utopia  ( 1749): [DIP API]MDrv_CMD_DIP_RELEASE_RESOURCE[0]   end
08-16 14:16:09.555 I/FunctionView( 3007): [ucenter][2.4.1.016] : bindData() - function: FunctionModel{image='http://i1.img.cp21.ott.cibntv.net/lc06_user/201805/16/14/49/2018051614501422650.png', title='个人中心', type=0, identify=0, missionId=0} BaseModel{params=JumpParam{type=12, action='com.stv.ucenter.action', from='com.stv.plugin.ucenter', value=}, jumpPackage='com.stv.ucenter', jumpName='我的乐范', jumpVersion='0', posId='1-7-3', widgetId='1-7'}
08-16 14:16:09.556 I/FunctionView( 3007): [ucenter][2.4.1.016] : bindData() - function: FunctionModel{image='http://i0.img.cp21.ott.cibntv.net/lc03_user/201805/16/14/49/2018051614500426691.png', title='全部特权', type=0, identify=0, missionId=0} BaseModel{params=JumpParam{type=9, action='com.stv.ucenter.action', from='com.stv.plugin.ucenter', value={"type":2,"privilege":1}}, jumpPackage='com.stv.ucenter', jumpName='我的乐范', jumpVersion='0', posId='1-7-2', widgetId='1-7'}
08-16 14:16:09.556 I/FunctionView( 3007): [ucenter][2.4.1.016] : bindData() - function: FunctionModel{image='http://i2.img.cp21.ott.cibntv.net/lc03_user/201805/16/14/49/2018051614494191255.png', title='我的卡券', type=2, identify=0, missionId=0} BaseModel{params=JumpParam{type=3, action='com.stv.ucenter.action', from='com.stv.plugin.ucenter', value={"type":3,"privilege":0}}, jumpPackage='com.stv.ucenter', jumpName='我的乐范', jumpVersion='0', posId='1-7-1', widgetId='1-7'}
08-16 14:16:09.556 I/OperationView( 3007): [ucenter][2.4.1.016] : bindData() - operation: OperationModel{image='http://picture-scloud.cp21.ott.cibntv.net/stargazer/1528427063605_5650.png', text='低价淘宝贝', bgColor='#E0EE7B0B'} BaseModel{params=JumpParam{type=9, action='com.stv.ucenter.action', from='com.stv.plugin.ucenter', value={"id":"","privilege":2}}, jumpPackage='com.stv.ucenter', jumpName='我的乐范', jumpVersion='0', posId='1-9-2', widgetId='1-9'}
08-16 14:16:09.557 I/OperationView( 3007): [ucenter][2.4.1.016] : bindData() - operation: OperationModel{image='http://picture-scloud.cp21.ott.cibntv.net/stargazer/1528426966357_1476.png', text='免费领福利', bgColor='#E017a6ff'} BaseModel{params=JumpParam{type=9, action='com.stv.ucenter.action', from='com.stv.plugin.ucenter', value={"id":"","privilege":1,"type":2}}, jumpPackage='com.stv.ucenter', jumpName='我的乐范', jumpVersion='0', posId='1-9-1', widgetId='1-9'}
08-16 14:16:09.557 I/CtrManager( 3007): [ucenter][2.4.1.016] : setBanner: com.stv.plugin.ucenter.ui.view.CarouselView{7cba212 VFE...C.. ......I. 0,0-0,0 #7f090044 app:id/carousel}
08-16 14:16:09.559 W/System.err( 3007): java.lang.RuntimeException: Unsupported uri scheme! Uri is: 
08-16 14:16:09.560 W/System.err( 3007): 	at com.facebook.imagepipeline.core.ProducerSequenceFactory.getBasicDecodedImageSequence(ProducerSequenceFactory.java:189)
08-16 14:16:09.560 W/System.err( 3007): 	at com.facebook.imagepipeline.core.ProducerSequenceFactory.getDecodedImageProducerSequence(ProducerSequenceFactory.java:143)
08-16 14:16:09.560 W/System.err( 3007): 	at com.facebook.imagepipeline.core.ImagePipeline.fetchDecodedImage(ImagePipeline.java:190)
08-16 14:16:09.560 W/System.err( 3007): 	at com.facebook.drawee.backends.pipeline.PipelineDraweeControllerBuilder.getDataSourceForRequest(PipelineDraweeControllerBuilder.java:89)
08-16 14:16:09.560 W/System.err( 3007): 	at com.facebook.drawee.backends.pipeline.PipelineDraweeControllerBuilder.getDataSourceForRequest(PipelineDraweeControllerBuilder.java:1)
08-16 14:16:09.560 W/System.err( 3007): 	at com.facebook.drawee.controller.AbstractDraweeControllerBuilder$2.get(AbstractDraweeControllerBuilder.java:353)
08-16 14:16:09.560 W/System.err( 3007): 	at com.facebook.drawee.controller.AbstractDraweeControllerBuilder$2.get(AbstractDraweeControllerBuilder.java:350)
08-16 14:16:09.560 W/System.err( 3007): 	at com.facebook.drawee.backends.pipeline.PipelineDraweeController.getDataSource(PipelineDraweeController.java:103)
08-16 14:16:09.560 W/System.err( 3007): 	at com.facebook.drawee.controller.AbstractDraweeController.submitRequest(AbstractDraweeController.java:399)
08-16 14:16:09.560 W/System.err( 3007): 	at com.facebook.drawee.controller.AbstractDraweeController.onAttach(AbstractDraweeController.java:339)
08-16 14:16:09.560 W/System.err( 3007): 	at com.facebook.drawee.view.DraweeHolder.attachController(DraweeHolder.java:297)
08-16 14:16:09.560 W/System.err( 3007): 	at com.facebook.drawee.view.DraweeHolder.attachOrDetachController(DraweeHolder.java:314)
08-16 14:16:09.560 W/System.err( 3007): 	at com.facebook.drawee.view.DraweeHolder.onAttach(DraweeHolder.java:121)
08-16 14:16:09.560 W/System.err( 3007): 	at com.facebook.drawee.view.DraweeView.doAttach(DraweeView.java:165)
08-16 14:16:09.560 W/System.err( 3007): 	at com.facebook.drawee.view.DraweeView.onAttach(DraweeView.java:151)
08-16 14:16:09.560 W/System.err( 3007): 	at com.facebook.drawee.view.DraweeView.onAttachedToWindow(DraweeView.java:128)
08-16 14:16:09.560 W/System.err( 3007): 	at android.view.View.dispatchAttachedToWindow(View.java:14522)
08-16 14:16:09.560 W/System.err( 3007): 	at android.view.ViewGroup.dispatchAttachedToWindow(ViewGroup.java:2843)
08-16 14:16:09.560 W/System.err( 3007): 	at android.view.ViewGroup.dispatchAttachedToWindow(ViewGroup.java:2843)
08-16 14:16:09.560 W/System.err( 3007): 	at android.view.ViewGroup.dispatchAttachedToWindow(ViewGroup.java:2843)
08-16 14:16:09.560 W/System.err( 3007): 	at android.view.ViewGroup.dispatchAttachedToWindow(ViewGroup.java:2843)
08-16 14:16:09.560 W/System.err( 3007): 	at android.view.ViewGroup.dispatchAttachedToWindow(ViewGroup.java:2843)
08-16 14:16:09.560 W/System.err( 3007): 	at android.view.ViewGroup.dispatchAttachedToWindow(ViewGroup.java:2843)
08-16 14:16:09.560 W/System.err( 3007): 	at android.view.ViewGroup.addViewInner(ViewGroup.java:4348)
08-16 14:16:09.560 W/System.err( 3007): 	at android.view.ViewGroup.addView(ViewGroup.java:4145)
08-16 14:16:09.560 W/System.err( 3007): 	at android.view.ViewGroup.addView(ViewGroup.java:4086)
08-16 14:16:09.560 W/System.err( 3007): 	at android.support.v7.widget.RecyclerView$4.addView(RecyclerView.java:322)
08-16 14:16:09.560 W/System.err( 3007): 	at android.support.v7.widget.ChildHelper.addView(ChildHelper.java:79)
08-16 14:16:09.560 W/System.err( 3007): 	at android.support.v7.widget.RecyclerView$LayoutManager.addViewInt(RecyclerView.java:4845)
08-16 14:16:09.560 W/System.err( 3007): 	at android.support.v7.widget.RecyclerView$LayoutManager.addView(RecyclerView.java:4803)
08-16 14:16:09.560 W/System.err( 3007): 	at android.support.v7.widget.RecyclerView$LayoutManager.addView(RecyclerView.java:4791)
08-16 14:16:09.560 W/System.err( 3007): 	at android.support.v7.widget.LinearLayoutManager.layoutChunk(LinearLayoutManager.java:1316)
08-16 14:16:09.560 W/System.err( 3007): 	at android.support.v7.widget.LinearLayoutManager.fill(LinearLayoutManager.java:1265)
08-16 14:16:09.560 W/System.err( 3007): 	at android.support.v7.widget.LinearLayoutManager.onLayoutChildren(LinearLayoutManager.java:522)
08-16 14:16:09.560 W/System.err( 3007): 	at com.stv.plugin.ucenter.ui.recyclerview.VerticalLinearLayoutManager.onLayoutChildren(VerticalLinearLayoutManager.java:143)
08-16 14:16:09.560 W/System.err( 3007): 	at android.support.v7.widget.RecyclerView.dispatchLayout(RecyclerView.java:1918)
08-16 14:16:09.560 W/System.err( 3007): 	at android.support.v7.widget.RecyclerView.onLayout(RecyclerView.java:2155)
08-16 14:16:09.560 W/System.err( 3007): 	at android.view.View.layout(View.java:16638)
08-16 14:16:09.560 W/System.err( 3007): 	at android.view.ViewGroup.layout(ViewGroup.java:5437)
08-16 14:16:09.560 W/System.err( 3007): 	at android.widget.FrameLayout.layoutChildren(FrameLayout.java:336)
08-16 14:16:09.560 W/System.err( 3007): 	at android.widget.FrameLayout.onLayout(FrameLayout.java:273)
08-16 14:16:09.560 W/System.err( 3007): 	at android.view.View.layout(View.java:16638)
08-16 14:16:09.560 W/System.err( 3007): 	at android.view.ViewGroup.layout(ViewGroup.java:5437)
08-16 14:16:09.560 W/System.err( 3007): 	at android.widget.FrameLayout.layoutChildren(FrameLayout.java:336)
08-16 14:16:09.560 W/System.err( 3007): 	at android.widget.FrameLayout.onLayout(FrameLayout.java:273)
08-16 14:16:09.561 W/System.err( 3007): 	at android.view.View.layout(View.java:16638)
08-16 14:16:09.561 W/System.err( 3007): 	at android.view.ViewGroup.layout(ViewGroup.java:5437)
08-16 14:16:09.561 W/System.err( 3007): 	at android.support.v4.view.ViewPager.onLayout(ViewPager.java:1602)
08-16 14:16:09.561 W/System.err( 3007): 	at android.view.View.layout(View.java:16638)
08-16 14:16:09.561 W/System.err( 3007): 	at android.view.ViewGroup.layout(ViewGroup.java:5437)
08-16 14:16:09.561 W/System.err( 3007): 	at android.widget.FrameLayout.layoutChildren(FrameLayout.java:336)
08-16 14:16:09.561 W/System.err( 3007): 	at android.widget.FrameLayout.onLayout(FrameLayout.java:273)
08-16 14:16:09.561 W/System.err( 3007): 	at android.view.View.layout(View.java:16638)
08-16 14:16:09.561 W/System.err( 3007): 	at android.view.ViewGroup.layout(ViewGroup.java:5437)
08-16 14:16:09.561 W/System.err( 3007): 	at android.widget.FrameLayout.layoutChildren(FrameLayout.java:336)
08-16 14:16:09.561 W/System.err( 3007): 	at android.widget.FrameLayout.onLayout(FrameLayout.java:273)
08-16 14:16:09.561 W/System.err( 3007): 	at com.android.internal.policy.PhoneWindow$DecorView.onLayout(PhoneWindow.java:2794)
08-16 14:16:09.561 W/System.err( 3007): 	at android.view.View.layout(View.java:16638)
08-16 14:16:09.561 W/System.err( 3007): 	at android.view.ViewGroup.layout(ViewGroup.java:5437)
08-16 14:16:09.561 W/System.err( 3007): 	at android.view.ViewRootImpl.performLayout(ViewRootImpl.java:2176)
08-16 14:16:09.561 W/System.err( 3007): 	at android.view.ViewRootImpl.performTraversals(ViewRootImpl.java:1936)
08-16 14:16:09.561 W/System.err( 3007): 	at android.view.ViewRootImpl.doTraversal(ViewRootImpl.java:1112)
08-16 14:16:09.561 W/System.err( 3007): 	at android.view.ViewRootImpl$TraversalRunnable.run(ViewRootImpl.java:6023)
08-16 14:16:09.561 W/System.err( 3007): 	at android.view.Choreographer$CallbackRecord.run(Choreographer.java:974)
08-16 14:16:09.561 W/System.err( 3007): 	at android.view.Choreographer.doCallbacks(Choreographer.java:786)
08-16 14:16:09.561 W/System.err( 3007): 	at android.view.Choreographer.doFrame(Choreographer.java:704)
08-16 14:16:09.561 W/System.err( 3007): 	at android.view.Choreographer$FrameDisplayEventReceiver.run(Choreographer.java:960)
08-16 14:16:09.561 W/System.err( 3007): 	at android.os.Handler.handleCallback(Handler.java:739)
08-16 14:16:09.561 W/System.err( 3007): 	at android.os.Handler.dispatchMessage(Handler.java:95)
08-16 14:16:09.561 W/System.err( 3007): 	at android.os.Looper.loop(Looper.java:148)
08-16 14:16:09.561 W/System.err( 3007): 	at android.app.ActivityThread.main(ActivityThread.java:5423)
08-16 14:16:09.561 W/System.err( 3007): 	at java.lang.reflect.Method.invoke(Native Method)
08-16 14:16:09.561 W/System.err( 3007): 	at com.android.internal.os.ZygoteInit$MethodAndArgsCaller.run(ZygoteInit.java:744)
08-16 14:16:09.561 W/System.err( 3007): 	at com.android.internal.os.ZygoteInit.main(ZygoteInit.java:634)
08-16 14:16:09.561 I/ControllableEcoImageView( 3007): [ucenter][2.4.1.016] : setImage()--onFailure()-tag=每日开机-msg=Unsupported uri scheme! Uri is: -retryTimes=3-uri=null
08-16 14:16:09.561 W/System.err( 3007): java.lang.RuntimeException: Unsupported uri scheme! Uri is: 
08-16 14:16:09.562 W/System.err( 3007): 	at com.facebook.imagepipeline.core.ProducerSequenceFactory.getBasicDecodedImageSequence(ProducerSequenceFactory.java:189)
08-16 14:16:09.562 W/System.err( 3007): 	at com.facebook.imagepipeline.core.ProducerSequenceFactory.getDecodedImageProducerSequence(ProducerSequenceFactory.java:143)
08-16 14:16:09.562 W/System.err( 3007): 	at com.facebook.imagepipeline.core.ImagePipeline.fetchDecodedImage(ImagePipeline.java:190)
08-16 14:16:09.562 W/System.err( 3007): 	at com.facebook.drawee.backends.pipeline.PipelineDraweeControllerBuilder.getDataSourceForRequest(PipelineDraweeControllerBuilder.java:89)
08-16 14:16:09.562 W/System.err( 3007): 	at com.facebook.drawee.backends.pipeline.PipelineDraweeControllerBuilder.getDataSourceForRequest(PipelineDraweeControllerBuilder.java:1)
08-16 14:16:09.562 W/System.err( 3007): 	at com.facebook.drawee.controller.AbstractDraweeControllerBuilder$2.get(AbstractDraweeControllerBuilder.java:353)
08-16 14:16:09.562 W/System.err( 3007): 	at com.facebook.drawee.controller.AbstractDraweeControllerBuilder$2.get(AbstractDraweeControllerBuilder.java:350)
08-16 14:16:09.562 W/System.err( 3007): 	at com.facebook.drawee.backends.pipeline.PipelineDraweeController.getDataSource(PipelineDraweeController.java:103)
08-16 14:16:09.562 W/System.err( 3007): 	at com.facebook.drawee.controller.AbstractDraweeController.submitRequest(AbstractDraweeController.java:399)
08-16 14:16:09.562 W/System.err( 3007): 	at com.facebook.drawee.controller.AbstractDraweeController.onAttach(AbstractDraweeController.java:339)
08-16 14:16:09.562 W/System.err( 3007): 	at com.facebook.drawee.view.DraweeHolder.attachController(DraweeHolder.java:297)
08-16 14:16:09.562 W/System.err( 3007): 	at com.facebook.drawee.view.DraweeHolder.attachOrDetachController(DraweeHolder.java:314)
08-16 14:16:09.562 W/System.err( 3007): 	at com.facebook.drawee.view.DraweeHolder.onAttach(DraweeHolder.java:121)
08-16 14:16:09.562 W/System.err( 3007): 	at com.facebook.drawee.view.DraweeView.doAttach(DraweeView.java:165)
08-16 14:16:09.562 W/System.err( 3007): 	at com.facebook.drawee.view.DraweeView.onAttach(DraweeView.java:151)
08-16 14:16:09.562 W/System.err( 3007): 	at com.facebook.drawee.view.DraweeView.onAttachedToWindow(DraweeView.java:128)
08-16 14:16:09.562 W/System.err( 3007): 	at android.view.View.dispatchAttachedToWindow(View.java:14522)
08-16 14:16:09.562 W/System.err( 3007): 	at android.view.ViewGroup.dispatchAttachedToWindow(ViewGroup.java:2843)
08-16 14:16:09.562 W/System.err( 3007): 	at android.view.ViewGroup.dispatchAttachedToWindow(ViewGroup.java:2843)
08-16 14:16:09.562 W/System.err( 3007): 	at android.view.ViewGroup.dispatchAttachedToWindow(ViewGroup.java:2843)
08-16 14:16:09.562 W/System.err( 3007): 	at android.view.ViewGroup.dispatchAttachedToWindow(ViewGroup.java:2843)
08-16 14:16:09.562 W/System.err( 3007): 	at android.view.ViewGroup.dispatchAttachedToWindow(ViewGroup.java:2843)
08-16 14:16:09.562 W/System.err( 3007): 	at android.view.ViewGroup.dispatchAttachedToWindow(ViewGroup.java:2843)
08-16 14:16:09.562 W/System.err( 3007): 	at android.view.ViewGroup.addViewInner(ViewGroup.java:4348)
08-16 14:16:09.562 W/System.err( 3007): 	at android.view.ViewGroup.addView(ViewGroup.java:4145)
08-16 14:16:09.562 W/System.err( 3007): 	at android.view.ViewGroup.addView(ViewGroup.java:4086)
08-16 14:16:09.562 W/System.err( 3007): 	at android.support.v7.widget.RecyclerView$4.addView(RecyclerView.java:322)
08-16 14:16:09.562 W/System.err( 3007): 	at android.support.v7.widget.ChildHelper.addView(ChildHelper.java:79)
08-16 14:16:09.562 W/System.err( 3007): 	at android.support.v7.widget.RecyclerView$LayoutManager.addViewInt(RecyclerView.java:4845)
08-16 14:16:09.562 W/System.err( 3007): 	at android.support.v7.widget.RecyclerView$LayoutManager.addView(RecyclerView.java:4803)
08-16 14:16:09.562 W/System.err( 3007): 	at android.support.v7.widget.RecyclerView$LayoutManager.addView(RecyclerView.java:4791)
08-16 14:16:09.562 W/System.err( 3007): 	at android.support.v7.widget.LinearLayoutManager.layoutChunk(LinearLayoutManager.java:1316)
08-16 14:16:09.562 W/System.err( 3007): 	at android.support.v7.widget.LinearLayoutManager.fill(LinearLayoutManager.java:1265)
08-16 14:16:09.562 W/System.err( 3007): 	at android.support.v7.widget.LinearLayoutManager.onLayoutChildren(LinearLayoutManager.java:522)
08-16 14:16:09.562 W/System.err( 3007): 	at com.stv.plugin.ucenter.ui.recyclerview.VerticalLinearLayoutManager.onLayoutChildren(VerticalLinearLayoutManager.java:143)
08-16 14:16:09.562 W/System.err( 3007): 	at android.support.v7.widget.RecyclerView.dispatchLayout(RecyclerView.java:1918)
08-16 14:16:09.562 W/System.err( 3007): 	at android.support.v7.widget.RecyclerView.onLayout(RecyclerView.java:2155)
08-16 14:16:09.562 W/System.err( 3007): 	at android.view.View.layout(View.java:16638)
08-16 14:16:09.562 W/System.err( 3007): 	at android.view.ViewGroup.layout(ViewGroup.java:5437)
08-16 14:16:09.562 W/System.err( 3007): 	at android.widget.FrameLayout.layoutChildren(FrameLayout.java:336)
08-16 14:16:09.562 W/System.err( 3007): 	at android.widget.FrameLayout.onLayout(FrameLayout.java:273)
08-16 14:16:09.562 W/System.err( 3007): 	at android.view.View.layout(View.java:16638)
08-16 14:16:09.562 W/System.err( 3007): 	at android.view.ViewGroup.layout(ViewGroup.java:5437)
08-16 14:16:09.562 W/System.err( 3007): 	at android.widget.FrameLayout.layoutChildren(FrameLayout.java:336)
08-16 14:16:09.562 W/System.err( 3007): 	at android.widget.FrameLayout.onLayout(FrameLayout.java:273)
08-16 14:16:09.562 W/System.err( 3007): 	at android.view.View.layout(View.java:16638)
08-16 14:16:09.562 W/System.err( 3007): 	at android.view.ViewGroup.layout(ViewGroup.java:5437)
08-16 14:16:09.562 W/System.err( 3007): 	at android.support.v4.view.ViewPager.onLayout(ViewPager.java:1602)
08-16 14:16:09.562 W/System.err( 3007): 	at android.view.View.layout(View.java:16638)
08-16 14:16:09.562 W/System.err( 3007): 	at android.view.ViewGroup.layout(ViewGroup.java:5437)
08-16 14:16:09.563 W/System.err( 3007): 	at android.widget.FrameLayout.layoutChildren(FrameLayout.java:336)
08-16 14:16:09.563 W/System.err( 3007): 	at android.widget.FrameLayout.onLayout(FrameLayout.java:273)
08-16 14:16:09.563 W/System.err( 3007): 	at android.view.View.layout(View.java:16638)
08-16 14:16:09.563 W/System.err( 3007): 	at android.view.ViewGroup.layout(ViewGroup.java:5437)
08-16 14:16:09.563 W/System.err( 3007): 	at android.widget.FrameLayout.layoutChildren(FrameLayout.java:336)
08-16 14:16:09.563 W/System.err( 3007): 	at android.widget.FrameLayout.onLayout(FrameLayout.java:273)
08-16 14:16:09.563 W/System.err( 3007): 	at com.android.internal.policy.PhoneWindow$DecorView.onLayout(PhoneWindow.java:2794)
08-16 14:16:09.563 W/System.err( 3007): 	at android.view.View.layout(View.java:16638)
08-16 14:16:09.563 W/System.err( 3007): 	at android.view.ViewGroup.layout(ViewGroup.java:5437)
08-16 14:16:09.563 W/System.err( 3007): 	at android.view.ViewRootImpl.performLayout(ViewRootImpl.java:2176)
08-16 14:16:09.563 W/System.err( 3007): 	at android.view.ViewRootImpl.performTraversals(ViewRootImpl.java:1936)
08-16 14:16:09.563 W/System.err( 3007): 	at android.view.ViewRootImpl.doTraversal(ViewRootImpl.java:1112)
08-16 14:16:09.563 W/System.err( 3007): 	at android.view.ViewRootImpl$TraversalRunnable.run(ViewRootImpl.java:6023)
08-16 14:16:09.563 W/System.err( 3007): 	at android.view.Choreographer$CallbackRecord.run(Choreographer.java:974)
08-16 14:16:09.563 W/System.err( 3007): 	at android.view.Choreographer.doCallbacks(Choreographer.java:786)
08-16 14:16:09.563 W/System.err( 3007): 	at android.view.Choreographer.doFrame(Choreographer.java:704)
08-16 14:16:09.563 W/System.err( 3007): 	at android.view.Choreographer$FrameDisplayEventReceiver.run(Choreographer.java:960)
08-16 14:16:09.563 W/System.err( 3007): 	at android.os.Handler.handleCallback(Handler.java:739)
08-16 14:16:09.563 W/System.err( 3007): 	at android.os.Handler.dispatchMessage(Handler.java:95)
08-16 14:16:09.563 W/System.err( 3007): 	at android.os.Looper.loop(Looper.java:148)
08-16 14:16:09.563 W/System.err( 3007): 	at android.app.ActivityThread.main(ActivityThread.java:5423)
08-16 14:16:09.563 W/System.err( 3007): 	at java.lang.reflect.Method.invoke(Native Method)
08-16 14:16:09.563 W/System.err( 3007): 	at com.android.internal.os.ZygoteInit$MethodAndArgsCaller.run(ZygoteInit.java:744)
08-16 14:16:09.563 W/System.err( 3007): 	at com.android.internal.os.ZygoteInit.main(ZygoteInit.java:634)
08-16 14:16:09.563 I/ControllableEcoImageView( 3007): [ucenter][2.4.1.016] : setImage()--onFailure()-tag=大屏购物-msg=Unsupported uri scheme! Uri is: -retryTimes=3-uri=null
08-16 14:16:09.563 W/System.err( 3007): java.lang.RuntimeException: Unsupported uri scheme! Uri is: 
08-16 14:16:09.564 W/System.err( 3007): 	at com.facebook.imagepipeline.core.ProducerSequenceFactory.getBasicDecodedImageSequence(ProducerSequenceFactory.java:189)
08-16 14:16:09.564 W/System.err( 3007): 	at com.facebook.imagepipeline.core.ProducerSequenceFactory.getDecodedImageProducerSequence(ProducerSequenceFactory.java:143)
08-16 14:16:09.564 W/System.err( 3007): 	at com.facebook.imagepipeline.core.ImagePipeline.fetchDecodedImage(ImagePipeline.java:190)
08-16 14:16:09.564 W/System.err( 3007): 	at com.facebook.drawee.backends.pipeline.PipelineDraweeControllerBuilder.getDataSourceForRequest(PipelineDraweeControllerBuilder.java:89)
08-16 14:16:09.564 W/System.err( 3007): 	at com.facebook.drawee.backends.pipeline.PipelineDraweeControllerBuilder.getDataSourceForRequest(PipelineDraweeControllerBuilder.java:1)
08-16 14:16:09.564 W/System.err( 3007): 	at com.facebook.drawee.controller.AbstractDraweeControllerBuilder$2.get(AbstractDraweeControllerBuilder.java:353)
08-16 14:16:09.564 W/System.err( 3007): 	at com.facebook.drawee.controller.AbstractDraweeControllerBuilder$2.get(AbstractDraweeControllerBuilder.java:350)
08-16 14:16:09.564 W/System.err( 3007): 	at com.facebook.drawee.backends.pipeline.PipelineDraweeController.getDataSource(PipelineDraweeController.java:103)
08-16 14:16:09.564 W/System.err( 3007): 	at com.facebook.drawee.controller.AbstractDraweeController.submitRequest(AbstractDraweeController.java:399)
08-16 14:16:09.564 W/System.err( 3007): 	at com.facebook.drawee.controller.AbstractDraweeController.onAttach(AbstractDraweeController.java:339)
08-16 14:16:09.564 W/System.err( 3007): 	at com.facebook.drawee.view.DraweeHolder.attachController(DraweeHolder.java:297)
08-16 14:16:09.564 W/System.err( 3007): 	at com.facebook.drawee.view.DraweeHolder.attachOrDetachController(DraweeHolder.java:314)
08-16 14:16:09.564 W/System.err( 3007): 	at com.facebook.drawee.view.DraweeHolder.onAttach(DraweeHolder.java:121)
08-16 14:16:09.564 W/System.err( 3007): 	at com.facebook.drawee.view.DraweeView.doAttach(DraweeView.java:165)
08-16 14:16:09.564 W/System.err( 3007): 	at com.facebook.drawee.view.DraweeView.onAttach(DraweeView.java:151)
08-16 14:16:09.564 W/System.err( 3007): 	at com.facebook.drawee.view.DraweeView.onAttachedToWindow(DraweeView.java:128)
08-16 14:16:09.564 W/System.err( 3007): 	at android.view.View.dispatchAttachedToWindow(View.java:14522)
08-16 14:16:09.564 W/System.err( 3007): 	at android.view.ViewGroup.dispatchAttachedToWindow(ViewGroup.java:2843)
08-16 14:16:09.564 W/System.err( 3007): 	at android.view.ViewGroup.dispatchAttachedToWindow(ViewGroup.java:2843)
08-16 14:16:09.564 W/System.err( 3007): 	at android.view.ViewGroup.dispatchAttachedToWindow(ViewGroup.java:2843)
08-16 14:16:09.564 W/System.err( 3007): 	at android.view.ViewGroup.dispatchAttachedToWindow(ViewGroup.java:2843)
08-16 14:16:09.564 W/System.err( 3007): 	at android.view.ViewGroup.dispatchAttachedToWindow(ViewGroup.java:2843)
08-16 14:16:09.564 W/System.err( 3007): 	at android.view.ViewGroup.dispatchAttachedToWindow(ViewGroup.java:2843)
08-16 14:16:09.564 W/System.err( 3007): 	at android.view.ViewGroup.addViewInner(ViewGroup.java:4348)
08-16 14:16:09.564 W/System.err( 3007): 	at android.view.ViewGroup.addView(ViewGroup.java:4145)
08-16 14:16:09.564 W/System.err( 3007): 	at android.view.ViewGroup.addView(ViewGroup.java:4086)
08-16 14:16:09.564 W/System.err( 3007): 	at android.support.v7.widget.RecyclerView$4.addView(RecyclerView.java:322)
08-16 14:16:09.564 W/System.err( 3007): 	at android.support.v7.widget.ChildHelper.addView(ChildHelper.java:79)
08-16 14:16:09.564 W/System.err( 3007): 	at android.support.v7.widget.RecyclerView$LayoutManager.addViewInt(RecyclerView.java:4845)
08-16 14:16:09.564 W/System.err( 3007): 	at android.support.v7.widget.RecyclerView$LayoutManager.addView(RecyclerView.java:4803)
08-16 14:16:09.564 W/System.err( 3007): 	at android.support.v7.widget.RecyclerView$LayoutManager.addView(RecyclerView.java:4791)
08-16 14:16:09.564 W/System.err( 3007): 	at android.support.v7.widget.LinearLayoutManager.layoutChunk(LinearLayoutManager.java:1316)
08-16 14:16:09.564 W/System.err( 3007): 	at android.support.v7.widget.LinearLayoutManager.fill(LinearLayoutManager.java:1265)
08-16 14:16:09.564 W/System.err( 3007): 	at android.support.v7.widget.LinearLayoutManager.onLayoutChildren(LinearLayoutManager.java:522)
