08-16 14:16:07.816 I/cdelog  ( 3380): core::supernode::HttpConnection(345)::[HLS]Client(127.0.0.1:37495), query full url(/play/resume?enc=base64&url=aHR0cDovL2xpdmUuZzNwcm94eS5jcDIxLm90dC5jaWJudHYubmV0L2dzbGI/c3RyZWFtX2lkPWxiX3pjemI1XzE4MDAmdGFnPWxpdmUmZXh0PW0zdTgmc2lnbj1saXZlX3R2JnNwbGF0aWQ9MTA2MDcwNDAwMiZwbGF0aWQ9MTAmcGxheWlkPTEmdGVybWlkPTImcGF5PTAmdG09MTQxMTk3NDE2NSZvc3R5cGU9YW5kcmlvZCZod3R5cGU9dW4mZXhwZWN0PTMmZm9ybWF0PTEmdWlkPTE3NTQwNDU3NDYmYXBwX25hbWU9dHZsaXZlJmFwcF92ZXI9NC4yLjAuMDUwJmRldmlkPW1hY0IwMUJEMjU0MkQ1MSZ1dWlkPUIwMUJEMjU0MkQ1MTE1MzQzNTAzNzMzMTFfMCZzdGF0aW9uPWxiX3pjemI1JnNpZ25fZGV2PUMwQkM4NzBEM0VGNDI3NjEyNkQ2Njk5NTAyMEIwREJBJmFwcF9jb2RlPTIwMTgwNzE5MTcmbGl2ZUlkPTIyODImcDE9MiZwMj0yMCZwMz0yMF90dmxpdmVfY2libiZ3bWFjPWI4OmZjOjliOjA0OjY4OjJhJmxzdG09MWZweWNjJmxzYnY9MmZuJmxzc3Y9MUVjanVUX1QxX1MxOW1iWjRfVmlSRF9QN0lPb3M0THNRYW5Cc2NKUTl0RmJSUjNCWWdCSV9JMF9NMCZsc2RnPTM0MGw2ajdySEo3OVN3bU9YN045bGQ0S2hqTWkmbHNzdD0xJmxzc2U9MkRpMFVG&&mediatype=m3u8), method(GET), 3 params, 5 header(s), content-length 0 bytes
08-16 14:16:07.818 W/cdeclientapi( 3007): [NetworkUtils] doHttpGet. abnormal response code(404), url(http://127.0.0.1:6990/play/resume?enc=base64&url=aHR0cDovL2xpdmUuZzNwcm94eS5jcDIxLm90dC5jaWJudHYubmV0L2dzbGI/c3RyZWFtX2lkPWxiX3pjemI1XzE4MDAmdGFnPWxpdmUmZXh0PW0zdTgmc2lnbj1saXZlX3R2JnNwbGF0aWQ9MTA2MDcwNDAwMiZwbGF0aWQ9MTAmcGxheWlkPTEmdGVybWlkPTImcGF5PTAmdG09MTQxMTk3NDE2NSZvc3R5cGU9YW5kcmlvZCZod3R5cGU9dW4mZXhwZWN0PTMmZm9ybWF0PTEmdWlkPTE3NTQwNDU3NDYmYXBwX25hbWU9dHZsaXZlJmFwcF92ZXI9NC4yLjAuMDUwJmRldmlkPW1hY0IwMUJEMjU0MkQ1MSZ1dWlkPUIwMUJEMjU0MkQ1MTE1MzQzNTAzNzMzMTFfMCZzdGF0aW9uPWxiX3pjemI1JnNpZ25fZGV2PUMwQkM4NzBEM0VGNDI3NjEyNkQ2Njk5NTAyMEIwREJBJmFwcF9jb2RlPTIwMTgwNzE5MTcmbGl2ZUlkPTIyODImcDE9MiZwMj0yMCZwMz0yMF90dmxpdmVfY2libiZ3bWFjPWI4OmZjOjliOjA0OjY4OjJhJmxzdG09MWZweWNjJmxzYnY9MmZuJmxzc3Y9MUVjanVUX1QxX1MxOW1iWjRfVmlSRF9QN0lPb3M0THNRYW5Cc2NKUTl0RmJSUjNCWWdCSV9JMF9NMCZsc2RnPTM0MGw2ajdySEo3OVN3bU9YN045bGQ0S2hqTWkmbHNzdD0xJmxzc2U9MkRpMFVG&&mediatype=m3u8)
08-16 14:16:07.820 I/StvLogReport( 2837): StargazerReportTask, action=appClose&name=SignalSourceManager&packagename=com.stv.signalsourcemanager&versionCode=3&appVersionName=2.0&appType=1&mark=46&totalTime=2
08-16 14:16:07.822 I/cdelog  ( 3380): core::entrance::HlsServer(729)::Request resume channel(http://live.g3proxy.cp21.ott.cibntv.net/gslb?stream_id=lb_zczb5_1800&tag=live&ext=m3u8&sign=live_tv&splatid=1060704002&platid=10&playid=1&termid=2&pay=0&tm=1411974165&ostype=andriod&hwtype=un&expect=3&format=1&uid=1754045746&app_name=tvlive&app_ver=4.2.0.050&devid=macB01BD2542D51&uuid=B01BD2542D511534350373311_0&station=lb_zczb5&sign_dev=C0BC870D3EF4276126D66995020B0DBA&app_code=2018071917&liveId=2282&p1=2&p2=20&p3=20_tvlive_cibn&wmac=b8:fc:9b:04:68:2a&lstm=1fpycc&lsbv=2fn&lssv=1EcjuT_T1_S19mbZ4_ViRD_P7IOos4LsQanBscJQ9tFbRR3BYgBI_I0_M0&lsdg=340l6j7rHJ79SwmOX7N9ld4KhjMi&lsst=1&lsse=2Di0UF), result(404 - Channel Resume Failed)
08-16 14:16:07.823 I/cdelog  ( 3380): core::supernode::HttpServer(137)::close connection(127.0.0.1:37495), url(/play/resume)
08-16 14:16:07.828 I/VideoViewTVWrapper( 3007): [1]surfaceCreated()
08-16 14:16:07.828 W/ContextImpl( 3007): Calling a method in the system process without a qualified user: android.app.ContextImpl.sendBroadcast:766 android.content.ContextWrapper.sendBroadcast:396 android.content.ContextWrapper.sendBroadcast:396 com.letv.component.player.videoview.VideoViewTVWrapper.openVideo:-1 com.letv.component.player.videoview.VideoViewTVWrapper.access$900:-1 
08-16 14:16:07.829 I/BasePlayControllerImpl( 3007): OnMediaStateTimeListener: stateType = CREATE
08-16 14:16:07.829 I/Letv_player( 3007): 乐视电视videoviewTV mIsDrm = false
08-16 14:16:07.829 I/Letv_player( 3007): pathDownload=/data/user/0/com.stv.launcher/files/plugins_data/com.letv.android.tv.letvlive/app_LetvLog
08-16 14:16:07.830 I/StvLogReport( 2837): StargazerReportTask, reponse2 : {"status":"OK","statusCode":200,"message":"succeefully"}
08-16 14:16:07.830 I/Letv_player( 3007): [1]系统当前时间:  2018-08-16 14:16:07(1534400167830) VideoViewH264mp4(乐视电视videoview)  创建MediaPlayer对象
08-16 14:16:07.831 I/Letv_player( 3007): pathDownload=/data/user/0/com.stv.launcher/files/plugins_data/com.letv.android.tv.letvlive/app_LetvLog
08-16 14:16:07.833 I/AsyncMediaPlayer( 3007): getCurrentPosition: failed
08-16 14:16:07.836 I/LetvHttp( 3007): responseCode = 200; baseUrl = http://dc.cp21.ott.cibntv.net/pl/?vt=flv_720p&ch=letv&source=unknown&install_id=372990f9fdcb454a9b2c51d84a2891c8&pv=4.2.0.050&uuid=B01BD2542D511534400169426_0&prl=unknown&wmac=unknown&stime=1534400169426&ipt=0&auid=B01BD2542D51&app_name=superlive&joint=unknown&p2=20&nt=wired&lid=2282&caid=1009&ref=10&p3=20_tvlive_cibn&cdev=1.1.17&serialno=b01bd2542d51&pcode=01001001000&ac=init&pay=unknown&py=replaytype%3D3%26totaltime%3D992&android_id=1254cf6fa1a90f9a&st=lb_zczb5&vid=unknown&p1=2&ty=2&mac=B01BD2542D51&cid=category_id_all&ctime=1534400169426&app=4.2.0.050&owner=1&apprunid=B01BD2542D51_1533889159020&pt=unknown&ilu=0&uid=1754045746&r=599485408816&ver=2.0
08-16 14:16:07.836 I/VideoViewTVWrapper( 3007): createPlayer: isUseExoMediaPlayer = true
08-16 14:16:07.836 I/VideoViewTVWrapper( 3007): createPlayer: SpoPlayer
08-16 14:16:07.836 I/MediaPlayerEx( 3007): [PLAYER_INFO] MODEL = X4-40M, API level = 23, Version = 2.2.4, build by zhanghui9 at 2018-04-19:07-06, buildConfig: 4
08-16 14:16:07.841 E/TvApp   ( 4876): SetSourceType:E_INPUT_SOURCE_STORAGE
08-16 14:16:07.841 I/SpoPlayer( 3007): [34] constructor
08-16 14:16:07.842 I/SpoPlayer( 3007): [34] setOnPreparedListener()
08-16 14:16:07.842 I/SpoPlayer( 3007): [34] setOnPreparedListener()
08-16 14:16:07.842 I/VideoViewTVWrapper( 3007): setOnMediaEventListener = com.media.threadedmediaplaye.AsyncMediaPlayer
08-16 14:16:07.842 I/VideoViewTVWrapper( 3007): setOnMediaEventListener
08-16 14:16:07.842 I/VideoViewTVWrapper( 3007): setOnDataSourceSwitchListener = com.media.threadedmediaplaye.AsyncMediaPlayer
08-16 14:16:07.842 I/Letv_player( 3007): 乐视电视videoviewTV initPlayer: headers = null
08-16 14:16:07.842 I/DeviceUtils( 3007): getUIVersion, mUiVersion:6.5
08-16 14:16:07.842 I/SpoPlayer( 3007): [34] setDataSource(), with headers.
08-16 14:16:07.842 I/Letv_player( 3007): pathDownload=/data/user/0/com.stv.launcher/files/plugins_data/com.letv.android.tv.letvlive/app_LetvLog
08-16 14:16:07.842 I/SpoPlayer( 3007): [34] setDataSource(http://127.0.0.1:6990/play?enc=base64&url=aHR0cDovL2xpdmUuZzNwcm94eS5jcDIxLm90dC5jaWJudHYubmV0L2dzbGI/c3RyZWFtX2lkPWxiX3pjemI1XzE4MDAmdGFnPWxpdmUmZXh0PW0zdTgmc2lnbj1saXZlX3R2JnNwbGF0aWQ9MTA2MDcwNDAwMiZwbGF0aWQ9MTAmcGxheWlkPTEmdGVybWlkPTImcGF5PTAmdG09MTQxMTk3NDE2NSZvc3R5cGU9YW5kcmlvZCZod3R5cGU9dW4mZXhwZWN0PTMmZm9ybWF0PTEmdWlkPTE3NTQwNDU3NDYmYXBwX25hbWU9dHZsaXZlJmFwcF92ZXI9NC4yLjAuMDUwJmRldmlkPW1hY0IwMUJEMjU0MkQ1MSZ1dWlkPUIwMUJEMjU0MkQ1MTE1MzQzNTAzNzMzMTFfMCZzdGF0aW9uPWxiX3pjemI1JnNpZ25fZGV2PUMwQkM4NzBEM0VGNDI3NjEyNkQ2Njk5NTAyMEIwREJBJmFwcF9jb2RlPTIwMTgwNzE5MTcmbGl2ZUlkPTIyODImcDE9MiZwMj0yMCZwMz0yMF90dmxpdmVfY2libiZ3bWFjPWI4OmZjOjliOjA0OjY4OjJhJmxzdG09MWZweWNjJmxzYnY9MmZuJmxzc3Y9MUVjanVUX1QxX1MxOW1iWjRfVmlSRF9QN0lPb3M0THNRYW5Cc2NKUTl0RmJSUjNCWWdCSV9JMF9NMCZsc2RnPTM0MGw2ajdySEo3OVN3bU9YN045bGQ0S2hqTWkmbHNzdD0xJmxzc2U9MkRpMFVG&ext=m3u8&adCode=27g2l&cuid=74da97e8e680ec7ed8230e1139727a1a&device_id=74da97e8e680ec7ed8230e1139727a1a&im=&pcode=00001001000&pv=4.2.0.050&py=&deviceUa=Dalvik%2F2.1.0+%28Linux%3B+U%3B+Android+6.0%3B+X4-40M+Build%2FV2409RCN02C065307D08011D%29&externalAppArea=CN&adReplaceVersion=2&showLetvCks=1&appVsionForAd=TV_2_tvLive_4.2.0.050&appNewVersionForAd=TV_4.2.0.050_tvLive_2&dev=X440M&group=850&uuid=9f73a8f0cdc54541bf695900b3446903&mediatype=m3u8&tagtime=1534350371)
08-16 14:16:07.842 I/SpoPlayer( 3007): [34] setDataSource done, appName: com.letv.android.tv.letvlive
08-16 14:16:07.842 I/SpoPlayer( 3007): [34] setDisplay
08-16 14:16:07.842 I/SpoPlayer( 3007): [34] setDisplay done
08-16 14:16:07.842 I/SpoPlayer( 3007): [34] setScreenOnWhilePlaying, true
08-16 14:16:07.842 I/SpoPlayer( 3007): [34] prepareAsync
08-16 14:16:07.842 I/SpoPlayer( 3007): [34] initialize player
08-16 14:16:07.842 I/PluginFramework -- WidgetManager( 3007): getWidget id =#com.letv.android.tv.letvlive#
08-16 14:16:07.842 I/PluginFramework -- WidgetManager( 3007): getWidget widget = Widget{, mWidgetId=com.letv.android.tv.letvlive, mState=15, mLocation='/data/user/0/com.stv.launcher/files/plugins/com.stv.plugin.tvlive_tvlive-cibn_4.2.0.050_2018071917.apk', mVersionName='4.2.0.050', mVersionCode=2018071917, mName='LIVE', mDexDir='/data/user/0/com.stv.launcher/files/plugins_data/com.letv.android.tv.letvlive/dex/', mLibDir='/data/user/0/com.stv.launcher/files/plugins_data/com.letv.android.tv.letvlive/libs/', mDataDir='/data/user/0/com.stv.launcher/files/plugins_data/com.letv.android.tv.letvlive'}
08-16 14:16:07.842 I/Letv_player( 3007): VideoViewTVWrapper clearCachePlayerData
08-16 14:16:07.843 I/Letv_player( 3007): pathDownload=/data/user/0/com.stv.launcher/files/plugins_data/com.letv.android.tv.letvlive/app_LetvLog
08-16 14:16:07.843 I/LetvHttp( 3007): lastModified = null
08-16 14:16:07.844 I/LetvHttp( 3007): LetvHttpClient after dataHull.lastModified: null
08-16 14:16:07.844 I/LetvHttp( 3007): LetvHttpAsyncRequest after dataHull.lastModified = null
08-16 14:16:07.847 I/ExoPlayerImpl( 3007): Init ExoPlayerLib/2.4.3 [DemeterFHD, X4-40M, LeTV, 23]
08-16 14:16:07.848 I/SpoPlayer( 3007): [34] buildMediaSource, type: 2, HLS
08-16 14:16:07.848 I/SpoPlayer( 3007): [34] prepareAsync done
08-16 14:16:07.848 I/BasePlayControllerImpl( 3007): onSurfaceHolderStateChange type = 0
08-16 14:16:07.848 I/AdTipViewControl( 3007): onSurfaceEventReceived eventType = 0
08-16 14:16:07.848 I/AdTipViewControl( 3007): onSurfaceEventReceived isShow = true
08-16 14:16:07.848 I/MiddleAdPlayManager( 3007): isAdPlaying mIsPlayAd = false
08-16 14:16:07.848 I/AdTipViewControl( 3007): onSurfaceEventReceived isTwoVer = true isMiddleAdPlay = false
08-16 14:16:07.848 I/VideoViewTVWrapper( 3007): [1]surfaceChanged(), mSurfaceWidth=1920, mSurfaceHeight=1080
08-16 14:16:07.848 I/BasePlayControllerImpl( 3007): onSurfaceHolderStateChange type = 1
08-16 14:16:07.848 I/AdTipViewControl( 3007): onSurfaceEventReceived eventType = 1
08-16 14:16:07.856 W/InputDispatcher( 2207): Focus entered window: Window{23c0535 u0 com.stv.launcher/com.stv.launcher.ui.activity.Launcher}
08-16 14:16:07.858 I/cdelog  ( 3380): core::supernode::HttpConnection(345)::[HLS]Client(127.0.0.1:41201), query full url(/play?enc=base64&url=aHR0cDovL2xpdmUuZzNwcm94eS5jcDIxLm90dC5jaWJudHYubmV0L2dzbGI/c3RyZWFtX2lkPWxiX3pjemI1XzE4MDAmdGFnPWxpdmUmZXh0PW0zdTgmc2lnbj1saXZlX3R2JnNwbGF0aWQ9MTA2MDcwNDAwMiZwbGF0aWQ9MTAmcGxheWlkPTEmdGVybWlkPTImcGF5PTAmdG09MTQxMTk3NDE2NSZvc3R5cGU9YW5kcmlvZCZod3R5cGU9dW4mZXhwZWN0PTMmZm9ybWF0PTEmdWlkPTE3NTQwNDU3NDYmYXBwX25hbWU9dHZsaXZlJmFwcF92ZXI9NC4yLjAuMDUwJmRldmlkPW1hY0IwMUJEMjU0MkQ1MSZ1dWlkPUIwMUJEMjU0MkQ1MTE1MzQzNTAzNzMzMTFfMCZzdGF0aW9uPWxiX3pjemI1JnNpZ25fZGV2PUMwQkM4NzBEM0VGNDI3NjEyNkQ2Njk5NTAyMEIwREJBJmFwcF9jb2RlPTIwMTgwNzE5MTcmbGl2ZUlkPTIyODImcDE9MiZwMj0yMCZwMz0yMF90dmxpdmVfY2libiZ3bWFjPWI4OmZjOjliOjA0OjY4OjJhJmxzdG09MWZweWNjJmxzYnY9MmZuJmxzc3Y9MUVjanVUX1QxX1MxOW1iWjRfVmlSRF9QN0lPb3M0THNRYW5Cc2NKUTl0RmJSUjNCWWdCSV9JMF9NMCZsc2RnPTM0MGw2ajdySEo3OVN3bU9YN045bGQ0S2hqTWkmbHNzdD0xJmxzc2U9MkRpMFVG&ext=m3u8&adCode=27g2l&cuid=74da97e8e680ec7ed8230e1139727a1a&device_id=74da97e8e680ec7ed8230e1139727a1a&im=&pcode=00001001000&p
08-16 14:16:07.858 E/BufferQueueProducer( 1749): [com.stv.launcher/com.stv.launcher.ui.activity.Launcher] connect(P): already connected (cur=1 req=1)
08-16 14:16:07.860 I/cdelog  ( 3380): logic::base::BlockRequestSchedule(268)::Schedule module has start: initial speed 50000[20000:<pending>](min:max), reserved [1/2 : <Pending>](low:high)
08-16 14:16:07.862 I/TvLiveBaseFragment( 3007): onHiddenChanged
08-16 14:16:07.862 I/TvLiveBaseFragment( 3007): doOnHiddenChanged: hidden = false
08-16 14:16:07.862 I/TvLiveBaseFragment( 3007): doOnHiddenChanged: same status, return
08-16 14:16:07.863 I/PreAdPresenter( 3007): isAdPlaying isPlaying = false
08-16 14:16:07.863 I/MiddleAdPlayManager( 3007): isAdPlaying mIsPlayAd = false
08-16 14:16:07.863 I/LiveViewPolicy( 3007): SubViewShowing: true
08-16 14:16:07.863 E/ViewManagerImpl( 3007):     REFUSE for a existing: com.letv.android.letvlive.ChannelInfoView.view.b@b8621f0
08-16 14:16:07.863 I/GuideViewsControl( 3007): loopRunnable running, canShowGuide = false
08-16 14:16:07.866 I/LetvManager-LogReport( 1780): [send_msg] line: 490 report url = http://log.hdtv.cp21.ott.cibntv.net:80/api/log/tvAction
08-16 14:16:07.868 I/cdelog  ( 3380): tools::collector::ReportClient(109)::Send report(index report), 2 pending item(s) to url(http://s.webp2p.cp21.ott.cibntv.net/index?act=index)
08-16 14:16:07.869 I/cdelog  ( 3380): tools::collector::ReportClient(124)::post param(p1=2&p2=20&platid=10&splatid=1060704002&ch=&custid=&uid=1754045746&token=&time=1534400168&did=e092cc1f-9a33-3835-9689-a7a400e7ead2&appid=110&nt=wired&geo=&iipl=10.58.80.199&dt=LETV X4-40M&des=&dis=9136&dms=3452&dosv=Android 6.0&dsr=1920*1080&ddpi=240&dct=Maserati&dcr=1.351424&dccn=4&cid=&pid=&vid=&lid=&sid=lb_zczb5_1800&st=lb_zczb5&zid=&type=liv&vt=&pay=&dur=0&vf=lm3u8&cmfv=&plv=&cdev=cde.1.1.17.32&lsbv=&cmfid=&cdeid=d2422c501bf3b3fcfb0d70a85b3d7c7e&uuid=9f73a8f0cdc54541bf695900b3446903&starttime=1534400166136&ccid=42&termid=2&sn=1&qos=0)
08-16 14:16:07.870 I/cdelog  ( 3380): core::supernode::HttpDownloader(527)::[collector::report]Start download method(POST), range(), server(s.webp2p.cp21.ott.cibntv.net:80), channel(), proxy(disabled), 1 addtional header(s) ...
08-16 14:16:07.871 I/cdelog  ( 3380): core::supernode::HttpDownloader(532)::[collector::report]Request url(http://s.webp2p.cp21.ott.cibntv.net/index?act=index)
08-16 14:16:07.875 I/cdelog  ( 3380): core::supernode::HttpDownloader(527)::[base::gslb]Start download method(GET), range(), server(live.g3proxy.cp21.ott.cibntv.net:80), channel(70f8798d72ff0ac99462999af2ba7c5d), proxy(disabled), 0 addtional header(s) ...
08-16 14:16:07.877 I/cdelog  ( 3380): core::supernode::HttpDownloader(532)::[base::gslb]Request url(http://live.g3proxy.cp21.ott.cibntv.net/gslb?stream_id=lb_zczb5_1800&tag=live&ext=m3u8&sign=live_tv&splatid=1060704002&platid=10&playid=1&termid=2&pay=0&tm=1534400468&ostype=andriod&hwtype=un&expect=3&format=1&uid=1754045746&app_name=tvlive&app_ver=4.2.0.050&devid=macB01BD2542D51&uuid=B01BD2542D511534350373311_0&station=lb_zczb5&sign_dev=C0BC870D3EF4276126D66995020B0DBA&app_code=2018071917&liveId=2282&p1=2&p2=20&p3=20_tvlive_cibn&wmac=b8:fc:9b:04:68:2a&lstm=1fqBZo&lsbv=2fn&lssv=4ULxuB_T0_S19mbZ4_ViRD_P7IOos4LsQanBscJQ9tFbRR3BYgBI_I0_M0&lsdg=2ZLbeUCGhD98qB2ziNaf74zl8kY&lsst=0&lsse=2Di0UF&cde=1117&cdeid=d2422c501bf3b3fcfb0d70a85b3d7c7e&appid=110&cdetm=1534400468&cdekey=c5268cc07203823f78f30a14e5864910&tss=tvts&m3v=1&mslice=5&utp=701&key=3ee94ad0e6ed086b53aba49bc770b719)
08-16 14:16:07.878 I/cdelog  ( 3380): logic::base::Manager(379)::Open new live channel id(70f8798d72ff0ac99462999af2ba7c5d), group(850), url(http://live.g3proxy.cp21.ott.cibntv.net/gslb?stream_id=lb_zczb5_1800&tag=live&ext=m3u8&sign=live_tv&splatid=1060704002&platid=10&playid=1&termid=2&pay=0&tm=1411974165&ostype=andriod&hwtype=un&expect=3&format=1&uid=1754045746&app_name=tvlive&app_ver=4.2.0.050&devid=macB01BD2542D51&uuid=B01BD2542D511534350373311_0&station=lb_zczb5&sign_dev=C0BC870D3EF4276126D66995020B0DBA&app_code=2018071917&liveId=2282&p1=2&p2=20&p3=20_tvlive_cibn&wmac=b8:fc:9b:04:68:2a&lstm=1fpycc&lsbv=2fn&lssv=1EcjuT_T1_S19mbZ4_ViRD_P7IOos4LsQanBscJQ9tFbRR3BYgBI_I0_M0&lsdg=340l6j7rHJ79SwmOX7N9ld4KhjMi&lsst=1&lsse=2Di0UF), player task() OK, total 1 channel(s) now
08-16 14:16:07.883 I/cdelog  ( 3380): core::supernode::HttpDownloader(711)::[collector::report]Download OK : , channel(), url(http://s.webp2p.cp21.ott.cibntv.net/index?act=index), server(123.125.36.224:80), name(nginx/1.8.0), response code(200), version(HTTP/1.1), details(OK), data(0/0 Bytes), transfer(normal), encoding(), resolved time(9 ms), connected time(1 ms), responsed time(1 ms), total used time(12 ms), transfered time(12 ms), speed(13969 Byte/s), bytes(173), 0 alive times
08-16 14:16:07.884 I/cdelog  ( 3380): tools::collector::ReportClient(109)::Send report(stage report:init), 1 pending item(s) to url(http://s.webp2p.cp21.ott.cibntv.net/act/cde?act=init)
08-16 14:16:07.884 I/cdelog  ( 3380): tools::collector::ReportClient(124)::post param(act=init&p1=2&p2=20&platid=10&splatid=1060704002&ch=&custid=&uid=1754045746&cdeport=6990&token=&time=1534400168&did=e092cc1f-9a33-3835-9689-a7a400e7ead2&appid=110&nt=wired&lid=&sid=lb_zczb5_1800&st=lb_zczb5&type=liv&vt=&cmfv=&plv=&cdev=cde.1.1.17.32&uuid=9f73a8f0cdc54541bf695900b3446903&ccid=42&err=0&r=0.14695&sn=1&termid=2&mac=B0-1B-D2-54-2D-51&prel=0&ad=0&cip=10.58.80.199)
08-16 14:16:07.886 I/cdelog  ( 3380): core::supernode::HttpDownloader(527)::[collector::report]Start download method(POST), range(), server(s.webp2p.cp21.ott.cibntv.net:80), channel(), proxy(disabled), 1 addtional header(s) ...
08-16 14:16:07.887 I/cdelog  ( 3380): core::supernode::HttpDownloader(532)::[collector::report]Request url(http://s.webp2p.cp21.ott.cibntv.net/act/cde?act=init)
08-16 14:16:07.887 I/tvos    ( 1764): [37m[INFO] Change to Voltage: 1000 mV (0x2C)[m
08-16 14:16:07.887 I/tvos    ( 1764): [37m[INFO] Change to Voltage: 1000 mV (0x29)[m
08-16 14:16:07.887 I/tvos    ( 1764): [37m[INFO] Change to Voltage: 1000 mV (0x26)[m
08-16 14:16:07.888 I/tvos    ( 1764): [37m[INFO] Change to Voltage: 1000 mV (0x23)[m
08-16 14:16:07.889 I/tvos    ( 1764): [37m[INFO] Change to Voltage: 1000 mV (0x20)[m
08-16 14:16:07.890 I/tvos    ( 1764): [37m[INFO] Change to Voltage: 1000 mV (0x1F)[m
08-16 14:16:07.896 I/cdelog  ( 3380): core::supernode::HttpDownloader(711)::[collector::report]Download OK : , channel(), url(http://s.webp2p.cp21.ott.cibntv.net/act/cde?act=init), server(123.125.36.224:80), name(nginx/1.8.0), response code(200), version(HTTP/1.1), details(OK), data(0/0 Bytes), transfer(normal), encoding(), resolved time(6 ms), connected time(2 ms), responsed time(1 ms), total used time(10 ms), transfered time(10 ms), speed(17118 Byte/s), bytes(173), 0 alive times
08-16 14:16:07.904 D/TvManagerService( 1803): IsSourceChanging-check switch inputsource ret=0!
08-16 14:16:07.911 I/cdelog  ( 3380): core::supernode::HttpDownloader(669)::[base::gslb]Download OK: , channel(70f8798d72ff0ac99462999af2ba7c5d), url(http://live.g3proxy.cp21.ott.cibntv.net/gslb?stream_id=lb_zczb5_1800&tag=live&ext=m3u8&sign=live_tv&splatid=1060704002&platid=10&playid=1&termid=2&pay=0&tm=1534400468&ostype=andriod&hwtype=un&expect=3&format=1&uid=1754045746&app_name=tvlive&app_ver=4.2.0.050&devid=macB01BD2542D51&uuid=B01BD2542D511534350373311_0&station=lb_zczb5&sign_dev=C0BC870D3EF4276126D66995020B0DBA&app_code=2018071917&liveId=2282&p1=2&p2=20&p3=20_tvlive_cibn&wmac=b8:fc:9b:04:68:2a&lstm=1fqBZo&lsbv=2fn&lssv=4ULxuB_T0_S19mbZ4_ViRD_P7IOos4LsQanBscJQ9tFbRR3BYgBI_I0_M0&lsdg=2ZLbeUCGhD98qB2ziNaf74zl8kY&lsst=0&lsse=2Di0UF&cde=1117&cdeid=d2422c501bf3b3fcfb0d70a85b3d7c7e&appid=110&cdetm=1534400468&cdekey=c5268cc07203823f78f30a14e5864910&tss=tvts&m3v=1&mslice=5&utp=701&key=3ee94ad0e6ed086b53aba49bc770b719)
08-16 14:16:07.912 I/cdelog  ( 3380): core::supernode::HttpDownloader(684)::[base::gslb]Response channel(70f8798d72ff0ac99462999af2ba7c5d), server(123.125.36.229:80), name(nginx), response code(200), version(HTTP/1.1), details(OK), data(6578/6578 Bytes), transfer(normal), encoding(), resolved time(12 ms), connected time(1 ms), responsed time(20 ms), total used time(35 ms), transfered time(35 ms), speed(192802 Byte/s), bytes(6783), 0 alive times
08-16 14:16:07.913 I/cdelog  ( 3380): logic::gslb::GslbLetv(95)::[live]Http complete for tag(base::gslb), channel(70f8798d72ff0ac99462999af2ba7c5d), response code(200), details(OK), size(6578)
08-16 14:16:07.916 I/cdelog  ( 3380): logic::gslb::GslbLetv(48)::[live]Gslb responsed, error code(0), details(), url(http://live.g3proxy.cp21.ott.cibntv.net/gslb?stream_id=lb_zczb5_1800&tag=live&ext=m3u8&sign=live_tv&splatid=1060704002&platid=10&playid=1&termid=2&pay=0&tm=1534400468&ostype=andriod&hwtype=un&expect=3&format=1&uid=1754045746&app_name=tvlive&app_ver=4.2.0.050&devid=macB01BD2542D51&uuid=B01BD2542D511534350373311_0&station=lb_zczb5&sign_dev=C0BC870D3EF4276126D66995020B0DBA&app_code=2018071917&liveId=2282&p1=2&p2=20&p3=20_tvlive_cibn&wmac=b8:fc:9b:04:68:2a&lstm=1fqBZo&lsbv=2fn&lssv=4ULxuB_T0_S19mbZ4_ViRD_P7IOos4LsQanBscJQ9tFbRR3BYgBI_I0_M0&lsdg=2ZLbeUCGhD98qB2ziNaf74zl8kY&lsst=0&lsse=2Di0UF&cde=1117&cdeid=d2422c501bf3b3fcfb0d70a85b3d7c7e&appid=110&cdetm=1534400468&cdekey=c5268cc07203823f78f30a14e5864910&tss=tvts&m3v=1&mslice=5&utp=701&key=3ee94ad0e6ed086b53aba49bc770b719), channel(70f8798d72ff0ac99462999af2ba7c5d)
08-16 14:16:07.917 I/cdelog  ( 3380): logic::gslb::GslbLetv(60)::[live]Gslb cdn node(1), url(http://211.154.226.238/live.videocache.lecloud.com/m3u8/lb_zczb5_1800/desc.m3u8?stream_id=lb_zczb5_1800&amltag=99&mltag=99&platid=10&splatid=1060704002&qos=3&fcheck=0&lsbv=2fn&uid=1754045746&keyitem=iDipdd1vuVFcNrewScXV_qA9anmyuuMxAiFPNbvcYujMEdbjduvlnqfflyUxsCMm&ntm=1534418400&nkey2=8275fb0525cd18ab4d6d9c4c63befbb9&nkey=a1970958a2b31a6347c0dc2464dffb28&auth_key=1534418400-2-0-10-1060704002-lb_zczb5_1800-37eb7b3079b23ca27ab677169d576951&tag=live&video_type=m3u8&useloc=0&mslice=5&ffgname=streamGroup_323&ver=live_3&uidx=0&errc=0&gn=3001&ndtype=0&lrtmcd=104&buss=99&cips=10.58.80.199&geo=CN-1-5-666&tmn=1534400167&pnl=3001,3001,3334,497&ext=m3u8&sign=live_tv&playid=1&termid=2&pay=0&tm=1534400468&ostype=andriod&hwtype=un&app_name=tvlive&app_ver=4.2.0.050&devid=macB01BD2542D51&uuid=B01BD2542D511534350373311_0&station=lb_zczb5&sign_dev=C0BC870D3EF4276126D66995020B0DBA&app_code=2018071917&liveId=2282&p1=2&p2=20&p3=20_tvlive_cibn&wmac=b8:fc:9b:04:68:2a&lsse=2Di0UF
08-16 14:16:07.921 I/tvos    ( 1764): ./src/MSrv_Control_common.cpp,line:3117 eInputSrc =34,eWin =0,bForceSet =0
08-16 14:16:07.922 I/tvos    ( 1764): TvManagerService::PostEvent, nEvt is 536875018.
08-16 14:16:07.922 E/TvManager_JNI( 4876): notifyCB event = 536875018
08-16 14:16:07.922 I/cdelog  ( 3380): logic::gslb::GslbLetv(60)::[live]Gslb cdn node(2), url(http://123.125.39.231/live.videocache.lecloud.com/m3u8/lb_zczb5_1800/desc.m3u8?stream_id=lb_zczb5_1800&amltag=99&mltag=99&platid=10&splatid=1060704002&qos=3&fcheck=0&lsbv=2fn&uid=1754045746&keyitem=iDipdd1vuVFcNrewScXV_qA9anmyuuMxAiFPNbvcYujMEdbjduvlnqfflyUxsCMm&ntm=1534418400&nkey2=8275fb0525cd18ab4d6d9c4c63befbb9&nkey=a1970958a2b31a6347c0dc2464dffb28&auth_key=1534418400-2-0-10-1060704002-lb_zczb5_1800-37eb7b3079b23ca27ab677169d576951&tag=live&video_type=m3u8&useloc=0&mslice=5&ffgname=streamGroup_323&ver=live_3&uidx=1&errc=0&gn=3334&ndtype=0&lrtmcd=104&buss=99&cips=10.58.80.199&geo=CN-1-5-666&tmn=1534400167&pnl=3334,3334,3334,497&ext=m3u8&sign=live_tv&playid=1&termid=2&pay=0&tm=1534400468&ostype=andriod&hwtype=un&app_name=tvlive&app_ver=4.2.0.050&devid=macB01BD2542D51&uuid=B01BD2542D511534350373311_0&station=lb_zczb5&sign_dev=C0BC870D3EF4276126D66995020B0DBA&app_code=2018071917&liveId=2282&p1=2&p2=20&p3=20_tvlive_cibn&wmac=b8:fc:9b:04:68:2a&lsse=2Di0UF&
08-16 14:16:07.923 E/TvManager_JNI( 2207): notifyCB event = 536875018
08-16 14:16:07.926 I/cdelog  ( 3380): logic::gslb::GslbLetv(60)::[live]Gslb cdn node(3), url(http://27.221.33.29/live.videocache.lecloud.com/m3u8/lb_zczb5_1800/desc.m3u8?stream_id=lb_zczb5_1800&amltag=99&mltag=99&platid=10&splatid=1060704002&qos=3&fcheck=0&lsbv=2fn&uid=1754045746&keyitem=iDipdd1vuVFcNrewScXV_qA9anmyuuMxAiFPNbvcYujMEdbjduvlnqfflyUxsCMm&ntm=1534418400&nkey2=8275fb0525cd18ab4d6d9c4c63befbb9&nkey=a1970958a2b31a6347c0dc2464dffb28&auth_key=1534418400-2-0-10-1060704002-lb_zczb5_1800-37eb7b3079b23ca27ab677169d576951&tag=live&video_type=m3u8&useloc=0&mslice=5&ffgname=streamGroup_323&ver=live_3&uidx=2&errc=0&gn=3313&ndtype=0&lrtmcd=201&buss=99&cips=10.58.80.199&geo=CN-1-5-666&tmn=1534400167&pnl=3313,3313,3334,497&ext=m3u8&sign=live_tv&playid=1&termid=2&pay=0&tm=1534400468&ostype=andriod&hwtype=un&app_name=tvlive&app_ver=4.2.0.050&devid=macB01BD2542D51&uuid=B01BD2542D511534350373311_0&station=lb_zczb5&sign_dev=C0BC870D3EF4276126D66995020B0DBA&app_code=2018071917&liveId=2282&p1=2&p2=20&p3=20_tvlive_cibn&wmac=b8:fc:9b:04:68:2a&lsse=2Di0UF&cd
08-16 14:16:07.926 I/tvos    ( 1764): @@@MSrv_System_Database::GetVideoSettingNo power-off timer be trigger!!!
08-16 14:16:07.926 I/tvos    ( 1764): MonitorOffModeTimer:ts.tv_sec = 2147483647
08-16 14:16:07.929 I/cdelog  ( 3380): tools::collector::ReportClient(109)::Send report(stage report:gslb), 1 pending item(s) to url(http://s.webp2p.cp21.ott.cibntv.net/act/cde?act=gslb)
08-16 14:16:07.929 E/TvManager_JNI( 3538): notifyCB event = 536875018
08-16 14:16:07.929 E/TvManager_JNI( 2822): notifyCB event = 536875018
08-16 14:16:07.930 E/TvManager_JNI( 2720): notifyCB event = 536875018
08-16 14:16:07.930 E/TvManager_JNI( 2881): notifyCB event = 536875018
08-16 14:16:07.932 I/cdelog  ( 3380): tools::collector::ReportClient(124)::post param(act=gslb&p1=2&p2=20&platid=10&splatid=1060704002&ch=&custid=&ilu=&token=&time=1534400168&did=e092cc1f-9a33-3835-9689-a7a400e7ead2&appid=110&nt=wired&geo=CN.1.5.666&lid=&sid=lb_zczb5_1800&st=lb_zczb5&type=liv&vt=&cmfv=&plv=&cdev=cde.1.1.17.32&lsbv=2fn&uuid=9f73a8f0cdc54541bf695900b3446903&err=0&utime=53&r=0.91704&sn=2&termid=2&mac=B0-1B-D2-54-2D-51&qos=3&srvver=&stage=1&avgutime=35&errcnt=0&cip=10.58.80.199&httpinfo={1,(200,2071799013:80,35,6783,12,1,35)})
08-16 14:16:07.934 I/cdelog  ( 3380): core::supernode::HttpDownloader(527)::[collector::report]Start download method(POST), range(), server(s.webp2p.cp21.ott.cibntv.net:80), channel(), proxy(disabled), 1 addtional header(s) ...
08-16 14:16:07.935 E/TvManager_JNI( 7791): notifyCB event = 536875018
08-16 14:16:07.935 E/TvManager_JNI(14251): notifyCB event = 536875018
08-16 14:16:07.936 I/cdelog  ( 3380): core::supernode::HttpDownloader(532)::[collector::report]Request url(http://s.webp2p.cp21.ott.cibntv.net/act/cde?act=gslb)
08-16 14:16:07.937 I/cdelog  ( 3380): logic::live::Channel(372)::Detect channel(70f8798d72ff0ac99462999af2ba7c5d), time shift(120 sec), gslb reload(10800 sec), current time(1534400167/2018-08-16 14:16:07), start time(1970-01-01 08:00:00), direct meta(false)
08-16 14:16:07.942 E/ActivityThread( 2837): Failed to find provider info for com.letv.agnes.InfoProvider
08-16 14:16:07.945 I/cdelog  ( 3380): core::supernode::HttpDownloader(527)::[base::meta]Start download method(GET), range(), server(211.154.226.238:80), channel(70f8798d72ff0ac99462999af2ba7c5d), proxy(disabled), 0 addtional header(s) ...
08-16 14:16:07.946 I/cdelog  ( 3380): core::supernode::HttpDownloader(532)::[base::meta]Request url(http://211.154.226.238/live.videocache.lecloud.com/m3u8/lb_zczb5_1800/desc.m3u8?stream_id=lb_zczb5_1800&amltag=99&mltag=99&platid=10&splatid=1060704002&qos=3&fcheck=0&lsbv=2fn&uid=1754045746&keyitem=iDipdd1vuVFcNrewScXV_qA9anmyuuMxAiFPNbvcYujMEdbjduvlnqfflyUxsCMm&ntm=1534418400&nkey2=8275fb0525cd18ab4d6d9c4c63befbb9&nkey=a1970958a2b31a6347c0dc2464dffb28&auth_key=1534418400-2-0-10-1060704002-lb_zczb5_1800-37eb7b3079b23ca27ab677169d576951&tag=live&video_type=m3u8&useloc=0&mslice=5&ffgname=streamGroup_323&ver=live_3&uidx=0&errc=0&gn=3001&ndtype=0&lrtmcd=104&buss=99&cips=10.58.80.199&geo=CN-1-5-666&tmn=1534400167&pnl=3001,3001,3334,497&ext=m3u8&sign=live_tv&playid=1&termid=2&pay=0&tm=1534400468&ostype=andriod&hwtype=un&app_name=tvlive&app_ver=4.2.0.050&devid=macB01BD2542D51&uuid=B01BD2542D511534350373311_0&station=lb_zczb5&sign_dev=C0BC870D3EF4276126D66995020B0DBA&app_code=2018071917&liveId=2282&p1=2&p2=20&p3=20_tvlive_cibn&wmac=b8:fc:9b:04:68:2a&lsse
08-16 14:16:07.952 E/ActivityThread( 2837): Failed to find provider info for com.letv.agnes.InfoProvider
08-16 14:16:07.952 W/System.err( 2837): java.lang.IllegalArgumentException: Unknown URL content://com.letv.agnes.InfoProvider
08-16 14:16:07.952 W/System.err( 2837): 	at android.content.ContentResolver.insert(ContentResolver.java:1227)
08-16 14:16:07.952 W/System.err( 2837): 	at com.letv.tracker2.agnes.Configuration.addDebugInfo(Configuration.java:289)
08-16 14:16:07.952 W/System.err( 2837): 	at com.letv.tracker2.agnes.MessageProcessor$SendEnvMsgTr$1.handleMessage(MessageProcessor.java:661)
08-16 14:16:07.952 W/System.err( 2837): 	at android.os.Handler.dispatchMessage(Handler.java:102)
08-16 14:16:07.952 W/System.err( 2837): 	at android.os.Looper.loop(Looper.java:148)
08-16 14:16:07.952 W/System.err( 2837): 	at com.letv.tracker2.agnes.MessageProcessor$SendEnvMsgTr.run(MessageProcessor.java:665)
08-16 14:16:07.953 I/tvos    ( 1764): init device_pcb and SetTunerStandbyMode eInputSrc 34
08-16 14:16:07.954 I/tvos    ( 1764): [SetBacklight] backlight value 100
08-16 14:16:07.954 I/tvos    ( 1764): get machine type is:0 
08-16 14:16:07.954 I/tvos    ( 1764): Go pql pwm 100 !!!!!
08-16 14:16:07.954 I/tvos    ( 1764): get machine type is:0 
08-16 14:16:07.954 I/tvos    ( 1764): caigang 11301715 device_tuner_R846: SetTunerStandbyMode
08-16 14:16:07.963 I/[T1.0.6.3]EuiAgnes_Server( 2837): resCode:1
08-16 14:16:07.963 I/[T1.0.6.3]EuiAgnes_Server( 2837): b[0]:0
08-16 14:16:07.968 I/cdelog  ( 3380): core::supernode::HttpDownloader(711)::[collector::report]Download OK : , channel(), url(http://s.webp2p.cp21.ott.cibntv.net/act/cde?act=gslb), server(123.125.36.224:80), name(nginx/1.8.0), response code(200), version(HTTP/1.1), details(OK), data(0/0 Bytes), transfer(normal), encoding(), resolved time(14 ms), connected time(18 ms), responsed time(1 ms), total used time(35 ms), transfered time(35 ms), speed(4926 Byte/s), bytes(173), 0 alive times
08-16 14:16:07.978 I/tvos    ( 1764): GetAudioOutputDevice, retval : 0
08-16 14:16:07.978 I/tvos    ( 1764): threadMonitor,line:595..will call SetInputSourceCmd 
08-16 14:16:07.978 I/tvos    ( 1764): [AutoTest][SourceChange][SetInputSourceCmd  34 START][511034411]
08-16 14:16:07.988 I/tvos    ( 1764): [37m[INFO] Change to Voltage: 1130 mV (0x1F)[m
08-16 14:16:07.988 I/tvos    ( 1764): [37m[INFO] Change to Voltage: 1130 mV (0x22)[m
08-16 14:16:07.988 I/tvos    ( 1764): [37m[INFO] Change to Voltage: 1130 mV (0x25)[m
08-16 14:16:07.988 I/tvos    ( 1764): [37m[INFO] Change to Voltage: 1130 mV (0x28)[m
08-16 14:16:07.988 I/tvos    ( 1764): [37m[INFO] Change to Voltage: 1130 mV (0x2B)[m
08-16 14:16:07.988 I/tvos    ( 1764): [37m[INFO] Change to Voltage: 1130 mV (0x2C)[m
08-16 14:16:08.002 I/tvos    ( 1764): [SetInputSourceCmd] call SetSoundMuteStatus, Line :1180
08-16 14:16:08.002 I/tvos    ( 1764): [audioBSP] #1 m_internalMute : 1 ..
08-16 14:16:08.002 I/tvos    ( 1764): #1|->SDK_bPermanentAudioMute:0<-|->SDK_bMomentAudioMute:0 <-|->SDK_bBySyncAudioMute:0<-|->SDK_bByBlockAudioMute:0<-|->SDK_bByVChipAudioMute:0<-|
08-16 14:16:08.002 I/tvos    ( 1764): #1|->SDK_bInternal1AudioMute:0<-|->SDK_bInternal2AudioMute:0<-|->SDK_bInternal3AudioMute:0<-|->SDK_bInternal4AudioMute:0<-|
08-16 14:16:08.002 I/tvos    ( 1764): #1|->SDK_bByScanInOutchgCHchg:0<-|->SDK_bByDuringLimitedTimeAudioMute:0<-|->SDK_bSourceSwitchAudioMute:1<-|
08-16 14:16:08.002 I/tvos    ( 1764): #1|->SDK_bMHEGApMute:0<-|->SDK_bAllAudioMuteCtrl:0<-|->SDK_bPowerOnMute:0<-|->SDK_bNullSourceMute0<-|->SDK_bSetInputSourceAudioMute:0<-|
08-16 14:16:08.002 I/tvos    ( 1764): [audioBSP] #2 m_spkrMute : 1 ..|->SDK_bUsrSpkrAudioMute:0<-|->SDK_bPowerOnMute:0<-|->SDK_bByUserAudioMute:1<-|
08-16 14:16:08.002 I/tvos    ( 1764): [audioBSP] #3 m_PcmCapture2Mute:1 |->SDK_bByUserPcmCapture2Mute:0<-|->SDK_SUB_bByUserAudioMute:0<-|->SDK_bByUserAudioMute:1<-|
08-16 14:16:08.002 I/tvos    ( 1764): [audioBSP] #5 m_hpMute : 1 ..|->SDK_bUsrHpAudioMute:1<-|->SDK_bPowerOnMute:0<-|->SDK_bByUserAudioMute:1<-|
08-16 14:16:08.002 I/tvos    ( 1764): [audioBSP] #12 m_spdifMute : 1 ..
08-16 14:16:08.002 I/tvos    ( 1764): #12|->SDK_bPermanentAudioMute:0<-|->SDK_bMomentAudioMute:0<-|->SDK_bByBlockAudioMute:0<-|
08-16 14:16:08.002 I/tvos    ( 1764): #12|->SDK_bByVChipAudioMute:0<-|->SDK_bInternal1AudioMute:0<-|->SDK_bInternal4AudioMute:0<-|
08-16 14:16:08.002 I/tvos    ( 1764): #12|->SDK_bByDuringLimitedTimeAudioMute:0<-|->SDK_bSourceSwitchAudioMute:1<-|->SDK_bMHEGApMute:0<-|
08-16 14:16:08.002 I/tvos    ( 1764): #12|->SDK_bPowerOnMute:0<-|->SDK_bUsrSpdifAudioMute:1<-|->SDK_bNullSourceMute:0<-|->SDK_bByAppMute:0<-|
08-16 14:16:08.003 I/tvos    ( 1764): Mute ,mute Status repetition!
08-16 14:16:08.003 I/tvos    ( 1764): SetSoundMuteStatus : m_hpMute : 1, m_spdifMute : 1, m_DataInMute : 0, m_channel7Mute : 0, m_internalMute : 1, m_spkrMute : 1, m_PcmCapture1Mute : 0, m_PcmCapture2Mute : 1 
08-16 14:16:08.003 I/tvos    ( 1764): ./src/MSrv_Control_common.cpp,line:11037 SwitchInputSource 
08-16 14:16:08.003 I/tvos    ( 1764): [AutoTest][SourceChange][player finalize START][511034436]
08-16 14:16:08.003 I/tvos    ( 1764): ddd MSrv_DTV_Player::StopScan() 
08-16 14:16:08.003 I/tvos    ( 1764): mapi_str::removeStrThreadItem ptid=0x97307460 m_StrThreadItems.size()=15,this=0xd93dc0, name=DTV CMD Task
08-16 14:16:08.003 D/AVMON   ( 1803): MW_DTV_AVMonitor::DoStop 
08-16 14:16:08.003 D/AVMON   ( 1803): MW_DTV_AVMonitor::DoStop 
08-16 14:16:08.005 I/tvos    ( 1764): mapi_str::removeStrThreadItem ptid=0xd6f2d460 m_StrThreadItems.size()=14,this=0xd93dc0, name=AVMonitor
08-16 14:16:08.005 I/tvos    ( 1764): Send EVENT_NOTIFY_TEMPLATE
08-16 14:16:08.005 I/tvos    ( 1764): Send EVENT_NOTIFY_TEMPLATE
08-16 14:16:08.007 I/tvos    ( 1764): mapi_str::removeStrThreadItem ptid=0x985e6460 m_StrThreadItems.size()=13,this=0xd93dc0, name=EIT ParserMonit
08-16 14:16:08.011 I/tvos    ( 1764): mapi_str::addStrThreadItem ptid=0xc5601460 m_StrThreadItems.size()=14,this=0xd93dc0, name=InitCECThread
08-16 14:16:08.011 I/tvos    ( 1764): [CEC] msAPI_CEC_SetMyPhyAddr
08-16 14:16:08.011 I/tvos    ( 1764): [CEC] !H&!H msAPI_CEC_RoutingSourceChange->TxMsgActiveSource line = 5276
08-16 14:16:08.011 I/tvos    ( 1764): [CEC][TxMsg_ReqARCInitiation:2731] Non-adjacent ARC device exist
08-16 14:16:08.011 I/tvos    ( 1764): mapi_str::removeStrThreadItem ptid=0xc5601460 m_StrThreadItems.size()=13,this=0xd93dc0, name=InitCECThread
08-16 14:16:08.072 I/LetvManager-LogReport( 1780): [send_msg] line: 490 report url = http://log.hdtv.cp21.ott.cibntv.net:80/api/log/tvAction
08-16 14:16:08.073 I/tvos    ( 1764): mapi_str::removeStrThreadItem ptid=0xc3421460 m_StrThreadItems.size()=12,this=0xd93dc0, name=SI ParserMonito
08-16 14:16:08.074 I/tvos    ( 1764): Create EPG memory pool by HEAP, the max memory allocation will be 15728640 bytes
08-16 14:16:08.074 I/tvos    ( 1764): MW_DTV_FrontEnd_DTMB::~MW_DTV_FrontEnd_DTMB() 
08-16 14:16:08.074 I/tvos    ( 1764):  device_demodulator_maserati: Disconnect
08-16 14:16:08.078 I/tvos    ( 1764): >> DTMB Exit Ok!
08-16 14:16:08.078 I/tvos    ( 1764): [warning] tuner disconnect StandbyMode.
08-16 14:16:08.078 I/tvos    ( 1764): mapi_str::removeStrThreadItem ptid=0xc7f01460 m_StrThreadItems.size()=11,this=0xd93dc0, name=__FilterMonitor
08-16 14:16:08.086 I/tvos    ( 1764): [37m[INFO] Change to Voltage: 1000 mV (0x2C)[m
08-16 14:16:08.086 I/tvos    ( 1764): [37m[INFO] Change to Voltage: 1000 mV (0x29)[m
08-16 14:16:08.086 I/tvos    ( 1764): [37m[INFO] Change to Voltage: 1000 mV (0x26)[m
08-16 14:16:08.087 I/ActivityManager( 2207): Displayed com.stv.launcher/.ui.activity.Launcher: +386ms
08-16 14:16:08.087 W/ContextImpl( 2207): Calling a method in the system process without a qualified user: android.app.ContextImpl.sendBroadcast:766 com.android.server.am.ActivityRecord.reportLaunchTimeLocked:1056 com.android.server.am.ActivityRecord.windowsDrawnLocked:1080 com.android.server.am.ActivityRecord$Token.windowsDrawn:345 com.android.server.wm.WindowManagerService$H.handleMessage:8042 
08-16 14:16:08.088 I/tvos    ( 1764): [37m[INFO] Change to Voltage: 1000 mV (0x23)[m
08-16 14:16:08.089 I/tvos    ( 1764): [37m[INFO] Change to Voltage: 1000 mV (0x20)[m
08-16 14:16:08.090 I/tvos    ( 1764): [37m[INFO] Change to Voltage: 1000 mV (0x1F)[m
08-16 14:16:08.091 I/ChannelInfoViewControl( 3007): onFetchEmpty
08-16 14:16:08.091 I/ChannelInfoViewControl( 3007): hideChannelInfoAdView
08-16 14:16:08.092 W/ContextImpl( 2613): Calling a method in the system process without a qualified user: android.app.ContextImpl.startService:1224 android.content.ContextWrapper.startService:581 com.stv.helper.service.TvMasterService.noteLaunchTime:169 letv.tvmaster.ITvMasterService$Stub.onTransact:136 android.os.Binder.execTransact:453 
08-16 14:16:08.138 I/AnalysisLog( 3007): Plugin:onFragmentShowChanged_show:com.letv.android.tv.letvlive----start:time='511034571'
08-16 14:16:08.138 I/LauncherFragment( 3007): Show Flag:1
08-16 14:16:08.138 I/LiveStatusManager( 3007): setShowing: true
08-16 14:16:08.138 I/LiveStatusManager( 3007): setShowing: return
08-16 14:16:08.138 I/AnalysisLog( 3007): Plugin:onFragmentShowChanged_show:com.letv.android.tv.letvlive----end:time='511034572'
08-16 14:16:08.140 I/tvos    ( 1764): IRQ 48 polling thread destroyed
08-16 14:16:08.140 I/tvos    ( 1764): IRQ 48 polling fd closed!!
08-16 14:16:08.140 W/VIDEO   ( 1803): Finalize:3269 Video Finalize : Win[0], Source[28]
08-16 14:16:08.141 I/tvos    ( 1764): mapi_video_base::Finalize lock m_u16TestCount: 1
08-16 14:16:08.155 I/tvos    ( 1764): Unknow Input Type 
08-16 14:16:08.160 I/tvos    ( 1764): mapi_video_base::Finalize unlock m_u16TestCount: 0
08-16 14:16:08.160 I/tvos    ( 1764):  player get EV_SIGNAL_UNSTABLE event = 536875042
08-16 14:16:08.160 I/tvos    ( 1764): [AutoTest][SourceChange][player finalize END][511034593]
08-16 14:16:08.160 I/tvos    ( 1764): [AutoTest][SourceChange][player init START][511034593]
08-16 14:16:08.160 I/tvos    ( 1764): [InputSource_ChangeAudioSource] call SetSoundMuteStatus, Line 1764
08-16 14:16:08.160 E/IPlayerImplClient( 1803): Send NOTIFY_CALLBACK
08-16 14:16:08.161 E/PlayerImpl_JNI( 2720): notifyCB event = 536875042
08-16 14:16:08.161 E/PlayerImpl_JNI( 2720): SIG: EV_SIGNAL_UNSTABLE
08-16 14:16:08.161 I/tvos    ( 1764): EV_SIGNAL_UNSTABLE  =  536875042
08-16 14:16:08.161 I/tvos    ( 1764): Send NOTIFY_CALLBACK
08-16 14:16:08.161 E/IPlayerImplClient( 1803): Send NOTIFY_CALLBACK
08-16 14:16:08.161 E/PlayerImpl_JNI( 2207): notifyCB event = 536875042
08-16 14:16:08.161 E/PlayerImpl_JNI( 2207): SIG: EV_SIGNAL_UNSTABLE
08-16 14:16:08.166 I/tvos    ( 1764): EV_SIGNAL_UNSTABLE  =  536875042
08-16 14:16:08.166 I/tvos    ( 1764): Send NOTIFY_CALLBACK
08-16 14:16:08.166 E/IPlayerImplClient( 1803): Send NOTIFY_CALLBACK
08-16 14:16:08.166 I/tvos    ( 1764): [InputSource_ChangeAudioSource]:sora[1817], uitype: cibn, isHK: 0
08-16 14:16:08.166 I/tvos    ( 1764): [InputSource_ChangeAudioSource]:sora[1826]: project name is X440M
08-16 14:16:08.166 I/tvos    ( 1764): [audioBSP] InputSource change to MAPI_INPUT_SOURCE_STORAGE
08-16 14:16:08.166 I/tvos    ( 1764): SPDIF_SetMode, spdif_mode=0 
08-16 14:16:08.166 I/tvos    ( 1764): SPDIF_SetMode, spdif_mode=0 
08-16 14:16:08.166 I/tvos    ( 1764): [InputSource_ChangeAudioSource] call SetSoundMuteStatus, Line 2177
08-16 14:16:08.166 I/tvos    ( 1764): [audioBSP] #1 m_internalMute : 1 ..
08-16 14:16:08.166 I/tvos    ( 1764): #1|->SDK_bPermanentAudioMute:0<-|->SDK_bMomentAudioMute:0 <-|->SDK_bBySyncAudioMute:0<-|->SDK_bByBlockAudioMute:0<-|->SDK_bByVChipAudioMute:0<-|
08-16 14:16:08.166 I/tvos    ( 1764): #1|->SDK_bInternal1AudioMute:0<-|->SDK_bInternal2AudioMute:0<-|->SDK_bInternal3AudioMute:0<-|->SDK_bInternal4AudioMute:0<-|
08-16 14:16:08.166 I/tvos    ( 1764): #1|->SDK_bByScanInOutchgCHchg:0<-|->SDK_bByDuringLimitedTimeAudioMute:0<-|->SDK_bSourceSwitchAudioMute:1<-|
08-16 14:16:08.166 I/tvos    ( 1764): #1|->SDK_bMHEGApMute:0<-|->SDK_bAllAudioMuteCtrl:0<-|->SDK_bPowerOnMute:0<-|->SDK_bNullSourceMute0<-|->SDK_bSetInputSourceAudioMute:0<-|
08-16 14:16:08.166 I/tvos    ( 1764): [audioBSP] #2 m_spkrMute : 1 ..|->SDK_bUsrSpkrAudioMute:0<-|->SDK_bPowerOnMute:0<-|->SDK_bByUserAudioMute:1<-|
08-16 14:16:08.166 I/tvos    ( 1764): [audioBSP] #3 m_PcmCapture2Mute:1 |->SDK_bByUserPcmCapture2Mute:0<-|->SDK_SUB_bByUserAudioMute:0<-|->SDK_bByUserAudioMute:1<-|
08-16 14:16:08.166 I/tvos    ( 1764): [audioBSP] #5 m_hpMute : 1 ..|->SDK_bUsrHpAudioMute:1<-|->SDK_bPowerOnMute:0<-|->SDK_bByUserAudioMute:1<-|
08-16 14:16:08.166 I/tvos    ( 1764): [audioBSP] #12 m_spdifMute : 1 ..
08-16 14:16:08.166 E/PlayerImpl_JNI( 7791): notifyCB event = 536875042
08-16 14:16:08.166 I/tvos    ( 1764): #12|->SDK_bPermanentAudioMute:0<-|->SDK_bMomentAudioMute:0<-|->SDK_bByBlockAudioMute:0<-|
08-16 14:16:08.166 I/tvos    ( 1764): #12|->SDK_bByVChipAudioMute:0<-|->SDK_bInternal1AudioMute:0<-|->SDK_bInternal4AudioMute:0<-|
08-16 14:16:08.166 E/PlayerImpl_JNI( 7791): SIG: EV_SIGNAL_UNSTABLE
08-16 14:16:08.166 I/tvos    ( 1764): #12|->SDK_bByDuringLimitedTimeAudioMute:0<-|->SDK_bSourceSwitchAudioMute:1<-|->SDK_bMHEGApMute:0<-|
08-16 14:16:08.166 I/tvos    ( 1764): #12|->SDK_bPowerOnMute:0<-|->SDK_bUsrSpdifAudioMute:1<-|->SDK_bNullSourceMute:0<-|->SDK_bByAppMute:0<-|
08-16 14:16:08.166 I/tvos    ( 1764): Mute ,mute Status repetition!
08-16 14:16:08.166 I/tvos    ( 1764): SetSoundMuteStatus : m_hpMute : 1, m_spdifMute : 1, m_DataInMute : 0, m_channel7Mute : 0, m_internalMute : 1, m_spkrMute : 1, m_PcmCapture1Mute : 0, m_PcmCapture2Mute : 1 
08-16 14:16:08.166 I/tvos    ( 1764): [InputSource_ChangeAudioSource] Line:2214 Audio_AC3_infoType_DrcMode=1
08-16 14:16:08.166 I/tvos    ( 1764): SPDIF_SetMode, spdif_mode=0 
08-16 14:16:08.166 I/tvos    ( 1764): [audioBSP] #1 m_internalMute : 1 ..
08-16 14:16:08.166 I/tvos    ( 1764): #1|->SDK_bPermanentAudioMute:0<-|->SDK_bMomentAudioMute:0 <-|->SDK_bBySyncAudioMute:0<-|->SDK_bByBlockAudioMute:0<-|->SDK_bByVChipAudioMute:0<-|
08-16 14:16:08.166 I/tvos    ( 1764): #1|->SDK_bInternal1AudioMute:0<-|->SDK_bInternal2AudioMute:0<-|->SDK_bInternal3AudioMute:0<-|->SDK_bInternal4AudioMute:0<-|
08-16 14:16:08.166 I/tvos    ( 1764): #1|->SDK_bByScanInOutchgCHchg:0<-|->SDK_bByDuringLimitedTimeAudioMute:1<-|->SDK_bSourceSwitchAudioMute:1<-|
08-16 14:16:08.166 I/tvos    ( 1764): #1|->SDK_bMHEGApMute:0<-|->SDK_bAllAudioMuteCtrl:0<-|->SDK_bPowerOnMute:0<-|->SDK_bNullSourceMute0<-|->SDK_bSetInputSourceAudioMute:0<-|
08-16 14:16:08.167 I/tvos    ( 1764): [audioBSP] #2 m_spkrMute : 1 ..|->SDK_bUsrSpkrAudioMute:0<-|->SDK_bPowerOnMute:0<-|->SDK_bByUserAudioMute:1<-|
08-16 14:16:08.167 I/tvos    ( 1764): [audioBSP] #3 m_PcmCapture2Mute:1 |->SDK_bByUserPcmCapture2Mute:0<-|->SDK_SUB_bByUserAudioMute:0<-|->SDK_bByUserAudioMute:1<-|
08-16 14:16:08.167 I/tvos    ( 1764): [audioBSP] #5 m_hpMute : 1 ..|->SDK_bUsrHpAudioMute:1<-|->SDK_bPowerOnMute:0<-|->SDK_bByUserAudioMute:1<-|
08-16 14:16:08.167 I/tvos    ( 1764): [audioBSP] #12 m_spdifMute : 1 ..
08-16 14:16:08.167 I/tvos    ( 1764): #12|->SDK_bPermanentAudioMute:0<-|->SDK_bMomentAudioMute:0<-|->SDK_bByBlockAudioMute:0<-|
08-16 14:16:08.167 I/tvos    ( 1764): #12|->SDK_bByVChipAudioMute:0<-|->SDK_bInternal1AudioMute:0<-|->SDK_bInternal4AudioMute:0<-|
08-16 14:16:08.167 I/tvos    ( 1764): #12|->SDK_bByDuringLimitedTimeAudioMute:1<-|->SDK_bSourceSwitchAudioMute:1<-|->SDK_bMHEGApMute:0<-|
08-16 14:16:08.167 I/tvos    ( 1764): #12|->SDK_bPowerOnMute:0<-|->SDK_bUsrSpdifAudioMute:1<-|->SDK_bNullSourceMute:0<-|->SDK_bByAppMute:0<-|
08-16 14:16:08.167 I/tvos    ( 1764): Mute ,mute Status repetition!
08-16 14:16:08.167 I/tvos    ( 1764): SetSoundMuteStatus : m_hpMute : 1, m_spdifMute : 1, m_DataInMute : 0, m_channel7Mute : 0, m_internalMute : 1, m_spkrMute : 1, m_PcmCapture1Mute : 0, m_PcmCapture2Mute : 1 
08-16 14:16:08.167 I/tvos    ( 1764): [InputSource_ChangeAudioSource] call SetSoundMuteStatus, Line 2261
08-16 14:16:08.167 E/IPlayerImplClient( 1803): Send NOTIFY_CALLBACK
08-16 14:16:08.167 I/tvos    ( 1764): [InputSource_ChangeAudioSource] call SetSoundMuteStatus, Line 2269
08-16 14:16:08.167 I/tvos    ( 1764): [InputSource_ChangeAudioSource] call SetSoundMuteStatus, Line 2273
08-16 14:16:08.167 I/tvos    ( 1764): [audioBSP] #1 m_internalMute : 1 ..
08-16 14:16:08.167 I/tvos    ( 1764): #1|->SDK_bPermanentAudioMute:0<-|->SDK_bMomentAudioMute:0 <-|->SDK_bBySyncAudioMute:0<-|->SDK_bByBlockAudioMute:0<-|->SDK_bByVChipAudioMute:0<-|
08-16 14:16:08.167 I/tvos    ( 1764): #1|->SDK_bInternal1AudioMute:0<-|->SDK_bInternal2AudioMute:0<-|->SDK_bInternal3AudioMute:0<-|->SDK_bInternal4AudioMute:0<-|
08-16 14:16:08.167 E/PlayerImpl_JNI( 4876): notifyCB event = 536875042
08-16 14:16:08.167 E/PlayerImpl_JNI( 4876): SIG: EV_SIGNAL_UNSTABLE
08-16 14:16:08.167 I/tvos    ( 1764): #1|->SDK_bByScanInOutchgCHchg:0<-|->SDK_bByDuringLimitedTimeAudioMute:1<-|->SDK_bSourceSwitchAudioMute:0<-|
08-16 14:16:08.167 I/tvos    ( 1764): #1|->SDK_bMHEGApMute:0<-|->SDK_bAllAudioMuteCtrl:0<-|->SDK_bPowerOnMute:0<-|->SDK_bNullSourceMute0<-|->SDK_bSetInputSourceAudioMute:0<-|
08-16 14:16:08.167 I/tvos    ( 1764): [audioBSP] #2 m_spkrMute : 1 ..|->SDK_bUsrSpkrAudioMute:0<-|->SDK_bPowerOnMute:0<-|->SDK_bByUserAudioMute:1<-|
08-16 14:16:08.167 I/tvos    ( 1764): [audioBSP] #3 m_PcmCapture2Mute:1 |->SDK_bByUserPcmCapture2Mute:0<-|->SDK_SUB_bByUserAudioMute:0<-|->SDK_bByUserAudioMute:1<-|
08-16 14:16:08.167 I/tvos    ( 1764): [audioBSP] #5 m_hpMute : 1 ..|->SDK_bUsrHpAudioMute:1<-|->SDK_bPowerOnMute:0<-|->SDK_bByUserAudioMute:1<-|
08-16 14:16:08.167 I/tvos    ( 1764): [audioBSP] #12 m_spdifMute : 1 ..
08-16 14:16:08.167 I/tvos    ( 1764): #12|->SDK_bPermanentAudioMute:0<-|->SDK_bMomentAudioMute:0<-|->SDK_bByBlockAudioMute:0<-|
08-16 14:16:08.167 I/tvos    ( 1764): #12|->SDK_bByVChipAudioMute:0<-|->SDK_bInternal1AudioMute:0<-|->SDK_bInternal4AudioMute:0<-|
08-16 14:16:08.167 I/tvos    ( 1764): #12|->SDK_bByDuringLimitedTimeAudioMute:1<-|->SDK_bSourceSwitchAudioMute:0<-|->SDK_bMHEGApMute:0<-|
08-16 14:16:08.167 I/tvos    ( 1764): #12|->SDK_bPowerOnMute:0<-|->SDK_bUsrSpdifAudioMute:1<-|->SDK_bNullSourceMute:0<-|->SDK_bByAppMute:0<-|
08-16 14:16:08.167 I/tvos    ( 1764): Mute ,mute Status repetition!
08-16 14:16:08.167 I/tvos    ( 1764): SetSoundMuteStatus : m_hpMute : 1, m_spdifMute : 1, m_DataInMute : 0, m_channel7Mute : 0, m_internalMute : 1, m_spkrMute : 1, m_PcmCapture1Mute : 0, m_PcmCapture2Mute : 1 
08-16 14:16:08.167 I/tvos    ( 1764):  player get EV_SIGNAL_UNSTABLE event = 536875042
08-16 14:16:08.167 I/tvos    ( 1764): [utopia shm warning] 				register duplicated shared memory ID 222: MODULE_DMX@0xf5be24b8
08-16 14:16:08.167 I/tvos    ( 1764): [utopia shm warning] 				register duplicated shared memory ID 223: MODULE_DMX_PRI@0xf5be2538
08-16 14:16:08.167 I/tvos    ( 1764): [utopia module warning] register duplicated module: MODULE_DMX
08-16 14:16:08.167 I/tvos    ( 1764): [utopia shm warning] 				register duplicated shared memory ID 224: DMX@0xf5be2540
08-16 14:16:08.167 I/tvos    ( 1764): [utopia shm warning] 				register duplicated shared memory ID 225: DMX_PRI@0xf5be2638
08-16 14:16:08.167 I/tvos    ( 1764): [utopia rpool warning] MODULE_DMX has already been established in this processRPOOL_DMX_0
08-16 14:16:08.167 I/tvos    ( 1764): EV_SIGNAL_UNSTABLE  =  536875042
08-16 14:16:08.167 I/tvos    ( 1764): Send NOTIFY_CALLBACK
08-16 14:16:08.167 I/tvos    ( 1764): EV_SIGNAL_UNSTABLE  =  536875042
08-16 14:16:08.167 E/IPlayerImplClient( 1803): Send NOTIFY_CALLBACK
08-16 14:16:08.167 I/tvos    ( 1764): Send NOTIFY_CALLBACK
08-16 14:16:08.168 E/PlayerImpl_JNI( 2822): notifyCB event = 536875042
08-16 14:16:08.168 E/PlayerImpl_JNI( 2822): SIG: EV_SIGNAL_UNSTABLE
08-16 14:16:08.168 E/IPlayerImplClient( 1803): Send NOTIFY_CALLBACK
08-16 14:16:08.168 E/PlayerImpl_JNI( 2720): notifyCB event = 536875042
08-16 14:16:08.168 E/PlayerImpl_JNI( 2720): SIG: EV_SIGNAL_UNSTABLE
08-16 14:16:08.169 I/tvos    ( 1764): EV_SIGNAL_UNSTABLE  =  536875042
08-16 14:16:08.169 I/tvos    ( 1764): Send NOTIFY_CALLBACK
08-16 14:16:08.169 I/tvos    ( 1764): EV_SIGNAL_UNSTABLE  =  536875042
08-16 14:16:08.169 I/tvos    ( 1764): Send NOTIFY_CALLBACK
08-16 14:16:08.169 E/IPlayerImplClient( 1803): Send NOTIFY_CALLBACK
08-16 14:16:08.169 E/PlayerImpl_JNI( 2207): notifyCB event = 536875042
08-16 14:16:08.169 E/PlayerImpl_JNI( 2207): SIG: EV_SIGNAL_UNSTABLE
08-16 14:16:08.169 E/IPlayerImplClient( 1803): Send NOTIFY_CALLBACK
08-16 14:16:08.169 E/PlayerImpl_JNI( 7791): notifyCB event = 536875042
08-16 14:16:08.169 E/PlayerImpl_JNI( 7791): SIG: EV_SIGNAL_UNSTABLE
08-16 14:16:08.169 E/IPlayerImplClient( 1803): Send NOTIFY_CALLBACK
08-16 14:16:08.170 E/PlayerImpl_JNI( 4876): notifyCB event = 536875042
08-16 14:16:08.170 E/PlayerImpl_JNI( 4876): SIG: EV_SIGNAL_UNSTABLE
08-16 14:16:08.170 I/tvos    ( 1764): EV_SIGNAL_UNSTABLE  =  536875042
08-16 14:16:08.170 I/tvos    ( 1764): Send NOTIFY_CALLBACK
08-16 14:16:08.170 I/tvos    ( 1764): EV_SIGNAL_UNSTABLE  =  536875042
08-16 14:16:08.170 I/tvos    ( 1764): Send NOTIFY_CALLBACK
08-16 14:16:08.170 E/IPlayerImplClient( 1803): Send NOTIFY_CALLBACK
08-16 14:16:08.170 E/PlayerImpl_JNI( 2822): notifyCB event = 536875042
08-16 14:16:08.170 E/PlayerImpl_JNI( 2822): SIG: EV_SIGNAL_UNSTABLE
08-16 14:16:08.172 I/tvos    ( 1764): EV_SIGNAL_UNSTABLE  =  536875042
08-16 14:16:08.172 I/tvos    ( 1764): Send NOTIFY_CALLBACK
08-16 14:16:08.172 I/tvos    ( 1764): EV_SIGNAL_UNSTABLE  =  536875042
08-16 14:16:08.172 I/tvos    ( 1764): Send NOTIFY_CALLBACK
