08-16 14:22:36.469 I/tvos    ( 1764): mapi_audio_customer::SetAbsoluteVolume: project name is X440M
08-16 14:22:36.469 I/tvos    ( 1764): SetAbsoluteVolume, m_bBTDetect is false! 
08-16 14:22:36.469 I/tvos    ( 1764): mapi_audio_customer::SetAbsoluteVolume: project name is X440M
08-16 14:22:36.469 I/tvos    ( 1764): SetAbsoluteVolume: uPercent : 0, path=255(speaker), VolumeInt=7f, VolumeFra=0
08-16 14:22:36.469 I/tvos    ( 1764): SetAbsoluteVolume: uPercent(currVol) : 0, realPath=255(default), VolumeInt=7f, VolumeFra=0
08-16 14:22:36.469 I/tvos    ( 1764): [SetMuteStatus] call SetSoundMuteStatus, line : 10369, muteType: 4, onOff : 0 
08-16 14:22:36.469 I/tvos    ( 1764): [audioBSP] #1 m_internalMute : 0 ..
08-16 14:22:36.469 I/tvos    ( 1764): #1|->SDK_bPermanentAudioMute:0<-|->SDK_bMomentAudioMute:0 <-|->SDK_bBySyncAudioMute:0<-|->SDK_bByBlockAudioMute:0<-|->SDK_bByVChipAudioMute:0<-|
08-16 14:22:36.469 I/tvos    ( 1764): #1|->SDK_bInternal1AudioMute:0<-|->SDK_bInternal2AudioMute:0<-|->SDK_bInternal3AudioMute:0<-|->SDK_bInternal4AudioMute:0<-|
08-16 14:22:36.469 I/tvos    ( 1764): #1|->SDK_bByScanInOutchgCHchg:0<-|->SDK_bByDuringLimitedTimeAudioMute:0<-|->SDK_bSourceSwitchAudioMute:0<-|
08-16 14:22:36.469 I/tvos    ( 1764): #1|->SDK_bMHEGApMute:0<-|->SDK_bAllAudioMuteCtrl:0<-|->SDK_bPowerOnMute:0<-|->SDK_bNullSourceMute0<-|->SDK_bSetInputSourceAudioMute:0<-|
08-16 14:22:36.469 I/tvos    ( 1764): [audioBSP] #2 m_spkrMute : 0 ..|->SDK_bUsrSpkrAudioMute:0<-|->SDK_bPowerOnMute:0<-|->SDK_bByUserAudioMute:0<-|
08-16 14:22:36.469 I/tvos    ( 1764): [audioBSP] #3 m_PcmCapture2Mute:0 |->SDK_bByUserPcmCapture2Mute:0<-|->SDK_SUB_bByUserAudioMute:0<-|->SDK_bByUserAudioMute:0<-|
08-16 14:22:36.469 I/tvos    ( 1764): [audioBSP] #5 m_hpMute : 1 ..|->SDK_bUsrHpAudioMute:1<-|->SDK_bPowerOnMute:0<-|->SDK_bByUserAudioMute:0<-|
08-16 14:22:36.469 I/tvos    ( 1764): [audioBSP] #12 m_spdifMute : 1 ..
08-16 14:22:36.469 I/tvos    ( 1764): #12|->SDK_bPermanentAudioMute:0<-|->SDK_bMomentAudioMute:0<-|->SDK_bByBlockAudioMute:0<-|
08-16 14:22:36.469 I/tvos    ( 1764): #12|->SDK_bByVChipAudioMute:0<-|->SDK_bInternal1AudioMute:0<-|->SDK_bInternal4AudioMute:0<-|
08-16 14:22:36.469 I/tvos    ( 1764): #12|->SDK_bByDuringLimitedTimeAudioMute:0<-|->SDK_bSourceSwitchAudioMute:0<-|->SDK_bMHEGApMute:0<-|
08-16 14:22:36.469 I/tvos    ( 1764): #12|->SDK_bPowerOnMute:0<-|->SDK_bUsrSpdifAudioMute:1<-|->SDK_bNullSourceMute:0<-|->SDK_bByAppMute:0<-|
08-16 14:22:36.469 I/tvos    ( 1764): ---Amplifier_ALC1310_LR_SWMute(0)
08-16 14:22:36.469 I/tvos    ( 1764): ALC1310 unmute good, addr: 0x13 readbackvalue: 4 
08-16 14:22:36.472 I/tvos    ( 1764): SetSoundMuteStatus : m_hpMute : 1, m_spdifMute : 1, m_DataInMute : 0, m_channel7Mute : 0, m_internalMute : 0, m_spkrMute : 0, m_PcmCapture1Mute : 0, m_PcmCapture2Mute : 0 
08-16 14:22:36.472 I/AudioUtil( 1758): setParameters spk_volume=0
08-16 14:22:36.472 I/audio_hw_primary( 1758): adev_set_parameters: spk_volume=0
08-16 14:22:36.472 I/tvos    ( 1764): GetAudioOutputDevice, retval : 0
08-16 14:22:36.472 W/InputDispatcher( 2207): setFocusedApplication
08-16 14:22:36.472 I/tvos    ( 1764): [SetMuteStatus] call SetSoundMuteStatus, line : 10369, muteType: 67108864, onOff : 1 
08-16 14:22:36.472 I/tvos    ( 1764): _TransMSrvMuteTypeToSDKMuteType: Err! muteType(67108864) is out of Range
08-16 14:22:36.474 I/tvos    ( 1764): [SetMuteStatus] call SetSoundMuteStatus, line : 10369, muteType: 4, onOff : 1 
08-16 14:22:36.474 I/tvos    ( 1764): [audioBSP] #1 m_internalMute : 0 ..
08-16 14:22:36.474 I/tvos    ( 1764): #1|->SDK_bPermanentAudioMute:0<-|->SDK_bMomentAudioMute:0 <-|->SDK_bBySyncAudioMute:0<-|->SDK_bByBlockAudioMute:0<-|->SDK_bByVChipAudioMute:0<-|
08-16 14:22:36.474 I/tvos    ( 1764): #1|->SDK_bInternal1AudioMute:0<-|->SDK_bInternal2AudioMute:0<-|->SDK_bInternal3AudioMute:0<-|->SDK_bInternal4AudioMute:0<-|
08-16 14:22:36.474 I/tvos    ( 1764): #1|->SDK_bByScanInOutchgCHchg:0<-|->SDK_bByDuringLimitedTimeAudioMute:0<-|->SDK_bSourceSwitchAudioMute:0<-|
08-16 14:22:36.474 I/tvos    ( 1764): #1|->SDK_bMHEGApMute:0<-|->SDK_bAllAudioMuteCtrl:0<-|->SDK_bPowerOnMute:0<-|->SDK_bNullSourceMute0<-|->SDK_bSetInputSourceAudioMute:0<-|
08-16 14:22:36.474 I/tvos    ( 1764): [audioBSP] #2 m_spkrMute : 1 ..|->SDK_bUsrSpkrAudioMute:0<-|->SDK_bPowerOnMute:0<-|->SDK_bByUserAudioMute:1<-|
08-16 14:22:36.474 I/tvos    ( 1764): [audioBSP] #3 m_PcmCapture2Mute:1 |->SDK_bByUserPcmCapture2Mute:0<-|->SDK_SUB_bByUserAudioMute:0<-|->SDK_bByUserAudioMute:1<-|
08-16 14:22:36.474 I/tvos    ( 1764): [audioBSP] #5 m_hpMute : 1 ..|->SDK_bUsrHpAudioMute:1<-|->SDK_bPowerOnMute:0<-|->SDK_bByUserAudioMute:1<-|
08-16 14:22:36.474 I/tvos    ( 1764): [audioBSP] #12 m_spdifMute : 1 ..
08-16 14:22:36.474 I/tvos    ( 1764): #12|->SDK_bPermanentAudioMute:0<-|->SDK_bMomentAudioMute:0<-|->SDK_bByBlockAudioMute:0<-|
08-16 14:22:36.474 I/tvos    ( 1764): #12|->SDK_bByVChipAudioMute:0<-|->SDK_bInternal1AudioMute:0<-|->SDK_bInternal4AudioMute:0<-|
08-16 14:22:36.474 I/tvos    ( 1764): #12|->SDK_bByDuringLimitedTimeAudioMute:0<-|->SDK_bSourceSwitchAudioMute:0<-|->SDK_bMHEGApMute:0<-|
08-16 14:22:36.474 I/tvos    ( 1764): #12|->SDK_bPowerOnMute:0<-|->SDK_bUsrSpdifAudioMute:1<-|->SDK_bNullSourceMute:0<-|->SDK_bByAppMute:0<-|
08-16 14:22:36.475 I/tvos    ( 1764): ---Amplifier_ALC1310_LR_SWMute(1)
08-16 14:22:36.475 I/tvos    ( 1764): ALC1310 mute write good, addr: 0x13, readback data : 49164, write cmd times : 1
08-16 14:22:36.475 W/InputDispatcher( 2207): Focus left window: Window{8a12742 u0 com.stv.helper.main/com.stv.helper.main.LetvHelperActivity}
08-16 14:22:36.477 I/tvos    ( 1764): SetSoundMuteStatus : m_hpMute : 1, m_spdifMute : 1, m_DataInMute : 0, m_channel7Mute : 0, m_internalMute : 0, m_spkrMute : 1, m_PcmCapture1Mute : 0, m_PcmCapture2Mute : 1 
08-16 14:22:36.477 I/LetvHelperMain(15946): [com.stv.helper.main] LetvHelperActivity --  onPause 
08-16 14:22:36.481 I/tvos    ( 1764): GetAudioOutputDevice, retval : 0
08-16 14:22:36.483 E/LETV_DEVICE( 1780): no name sn for Mstar
08-16 14:22:36.486 I/ActivityManager( 2207): accel TR9) TaskRecord{3243592 #22 A=letv.task.helper U=0 sz=2}
08-16 14:22:36.486 I/ActivityManager( 2207): accel TR8) TaskRecord{14b0d11 #1 A=com.stv.launcher U=0 sz=1}
08-16 14:22:36.493 I/LetvHelperMain(15946): [com.stv.helper.main] SecurityKillingActivity --  onCreate 
08-16 14:22:36.494 I/System.out(15946): From style:
08-16 14:22:36.494 I/System.out(15946): Attrs: 3010001=0.6 3010002=res/drawable-hdpi-v4/ic_desk_app_bg.jpg 3010003=null 3010004=true
08-16 14:22:36.500 I/InputDispatcher( 2207): Dropping event because there is no touchable window at (1170, 944).
08-16 14:22:36.500 E/audio_hw_primary( 1758): out_get_presentation_position pcm_get_htimestamp(pcm, &avail, timestamp) != 0!!!
08-16 14:22:36.500 W/InputDispatcher( 2207): findTouchedWindow finished: injectionResult=2, injectionPermission=1, timeSpentWaitingForApplication=0.0ms
08-16 14:22:36.500 W/InputManager( 2207): Input event injection from pid 15874 failed.
08-16 14:22:36.501 W/InputDispatcher( 2207): Dropping event because there is no touched foreground window to receive it.
08-16 14:22:36.501 W/InputDispatcher( 2207): findTouchedWindow finished: injectionResult=2, injectionPermission=1, timeSpentWaitingForApplication=0.0ms
08-16 14:22:36.501 W/InputManager( 2207): Input event injection from pid 15874 failed.
08-16 14:22:36.517 E/ActivityThread( 2837): Failed to find provider info for com.letv.agnes.InfoProvider
08-16 14:22:36.518 E/ActivityThread( 2837): Failed to find provider info for com.letv.agnes.InfoProvider
08-16 14:22:36.518 W/System.err( 2837): java.lang.IllegalArgumentException: Unknown URL content://com.letv.agnes.InfoProvider
08-16 14:22:36.518 W/System.err( 2837): 	at android.content.ContentResolver.insert(ContentResolver.java:1227)
08-16 14:22:36.518 W/System.err( 2837): 	at com.letv.tracker2.agnes.Configuration.addDebugInfo(Configuration.java:289)
08-16 14:22:36.519 W/System.err( 2837): 	at com.letv.tracker2.agnes.MessageProcessor$SendEnvMsgTr$1.handleMessage(MessageProcessor.java:661)
08-16 14:22:36.519 W/System.err( 2837): 	at android.os.Handler.dispatchMessage(Handler.java:102)
08-16 14:22:36.519 W/System.err( 2837): 	at android.os.Looper.loop(Looper.java:148)
08-16 14:22:36.519 W/System.err( 2837): 	at com.letv.tracker2.agnes.MessageProcessor$SendEnvMsgTr.run(MessageProcessor.java:665)
08-16 14:22:36.538 I/[T1.0.6.3]EuiAgnes_Server( 2837): resCode:1
08-16 14:22:36.538 I/[T1.0.6.3]EuiAgnes_Server( 2837): b[0]:0
08-16 14:22:36.539 I/LetvHelperMain(15946): [com.stv.helper.main] SecurityKillingActivity --  onStart 
08-16 14:22:36.539 I/LetvHelperMain(15946): [com.stv.helper.main] SecurityKillingActivity --  onResume 
08-16 14:22:36.573 W/InputDispatcher( 2207): Focus entered window: Window{1cbf020 u0 com.stv.helper.main/com.stv.helper.ui.SecurityKillingActivity}
08-16 14:22:36.578 E/BufferQueueProducer( 1749): [com.stv.helper.main/com.stv.helper.ui.SecurityKillingActivity] connect(P): already connected (cur=1 req=1)
08-16 14:22:36.587 I/tvos    ( 1764): [37m[INFO] Change to Voltage: 1150 mV (0x22)[m
08-16 14:22:36.587 I/tvos    ( 1764): [37m[INFO] Change to Voltage: 1150 mV (0x25)[m
08-16 14:22:36.587 I/tvos    ( 1764): [37m[INFO] Change to Voltage: 1150 mV (0x28)[m
08-16 14:22:36.587 I/tvos    ( 1764): [37m[INFO] Change to Voltage: 1150 mV (0x2B)[m
08-16 14:22:36.587 I/tvos    ( 1764): [37m[INFO] Change to Voltage: 1150 mV (0x2E)[m
08-16 14:22:36.587 I/tvos    ( 1764): [37m[INFO] Change to Voltage: 1150 mV (0x2E)[m
08-16 14:22:36.597 I/LetvHelperMain(15946): [com.stv.helper.main] SdkManager -- curentVersionCode = 161, oldVersionCode = 0
08-16 14:22:36.649 I/ActivityManager( 2207): Displayed com.stv.helper.main/com.stv.helper.ui.SecurityKillingActivity: +171ms
08-16 14:22:36.649 W/ContextImpl( 2207): Calling a method in the system process without a qualified user: android.app.ContextImpl.sendBroadcast:766 com.android.server.am.ActivityRecord.reportLaunchTimeLocked:1056 com.android.server.am.ActivityRecord.windowsDrawnLocked:1080 com.android.server.am.ActivityRecord$Token.windowsDrawn:345 com.android.server.wm.WindowManagerService$H.handleMessage:8042 
08-16 14:22:36.731 I/tvos    ( 1764): GetAudioOutputDevice, retval : 0
08-16 14:22:36.787 I/tvos    ( 1764): [37m[INFO] Change to Voltage: 1030 mV (0x2E)[m
08-16 14:22:36.787 I/tvos    ( 1764): [37m[INFO] Change to Voltage: 1030 mV (0x2B)[m
08-16 14:22:36.787 I/tvos    ( 1764): [37m[INFO] Change to Voltage: 1030 mV (0x28)[m
08-16 14:22:36.787 I/tvos    ( 1764): [37m[INFO] Change to Voltage: 1030 mV (0x25)[m
08-16 14:22:36.787 I/tvos    ( 1764): [37m[INFO] Change to Voltage: 1030 mV (0x22)[m
08-16 14:22:36.787 I/tvos    ( 1764): [37m[INFO] Change to Voltage: 1030 mV (0x22)[m
08-16 14:22:36.982 I/tvos    ( 1764): GetAudioOutputDevice, retval : 0
08-16 14:22:37.001 I/APM::AudioPolicyEngine( 1758): getDeviceForStrategy, 359
08-16 14:22:37.074 I/LetvHelperMain(15946): [com.stv.helper.main] LetvHelperActivity --  onStop 
08-16 14:22:37.158 W/ActivityThread(15946): ClassLoader.loadClass: The class loader returned by Thread.getContextClassLoader() may fail for processes that host multiple applications. You should explicitly specify a context class loader. For example: Thread.setContextClassLoader(getClass().getClassLoader());
08-16 14:22:37.174 I/LetvHelperMain(15946): [com.stv.helper.main] SdkManager -- AVLEngine init result = 0    spend=578
08-16 14:22:37.189 I/tvos    ( 1764): [37m[INFO] Change to Voltage: 1130 mV (0x1F)[m
08-16 14:22:37.189 I/tvos    ( 1764): [37m[INFO] Change to Voltage: 1130 mV (0x22)[m
08-16 14:22:37.189 I/tvos    ( 1764): [37m[INFO] Change to Voltage: 1130 mV (0x25)[m
08-16 14:22:37.189 I/tvos    ( 1764): [37m[INFO] Change to Voltage: 1130 mV (0x28)[m
08-16 14:22:37.189 I/tvos    ( 1764): [37m[INFO] Change to Voltage: 1130 mV (0x2B)[m
08-16 14:22:37.189 I/tvos    ( 1764): [37m[INFO] Change to Voltage: 1130 mV (0x2C)[m
08-16 14:22:37.233 I/tvos    ( 1764): GetAudioOutputDevice, retval : 0
08-16 14:22:37.286 I/tvos    ( 1764): [37m[INFO] Change to Voltage: 1000 mV (0x2C)[m
08-16 14:22:37.286 I/tvos    ( 1764): [37m[INFO] Change to Voltage: 1000 mV (0x29)[m
08-16 14:22:37.286 I/tvos    ( 1764): [37m[INFO] Change to Voltage: 1000 mV (0x26)[m
08-16 14:22:37.287 I/tvos    ( 1764): [37m[INFO] Change to Voltage: 1000 mV (0x23)[m
08-16 14:22:37.288 I/tvos    ( 1764): [37m[INFO] Change to Voltage: 1000 mV (0x20)[m
08-16 14:22:37.289 I/tvos    ( 1764): [37m[INFO] Change to Voltage: 1000 mV (0x1F)[m
08-16 14:22:37.414 I/System  (15946): Loaded time zone names for "zh_CN" in 118ms (117ms in ICU)
08-16 14:22:37.487 I/tvos    ( 1764): GetAudioOutputDevice, retval : 0
08-16 14:22:37.487 I/tvos    ( 1764): [37m[INFO] Change to Voltage: 1150 mV (0x22)[m
08-16 14:22:37.487 I/tvos    ( 1764): [37m[INFO] Change to Voltage: 1150 mV (0x25)[m
08-16 14:22:37.487 I/tvos    ( 1764): [37m[INFO] Change to Voltage: 1150 mV (0x28)[m
08-16 14:22:37.487 I/tvos    ( 1764): [37m[INFO] Change to Voltage: 1150 mV (0x2B)[m
08-16 14:22:37.487 I/tvos    ( 1764): [37m[INFO] Change to Voltage: 1150 mV (0x2E)[m
08-16 14:22:37.488 I/tvos    ( 1764): [37m[INFO] Change to Voltage: 1150 mV (0x2E)[m
08-16 14:22:37.495 I/tvos    ( 1764): [37m[INFO] Change to Voltage: 1130 mV (0x1F)[m
08-16 14:22:37.497 I/tvos    ( 1764): [37m[INFO] Change to Voltage: 1130 mV (0x22)[m
08-16 14:22:37.498 I/tvos    ( 1764): [37m[INFO] Change to Voltage: 1130 mV (0x25)[m
08-16 14:22:37.500 I/tvos    ( 1764): [37m[INFO] Change to Voltage: 1130 mV (0x28)[m
08-16 14:22:37.501 I/tvos    ( 1764): [37m[INFO] Change to Voltage: 1130 mV (0x2B)[m
08-16 14:22:37.503 I/tvos    ( 1764): [37m[INFO] Change to Voltage: 1130 mV (0x2C)[m
08-16 14:22:37.507 E/LetvRemoteupgradeManager-JNI( 2613): can't get LetvManager service!
08-16 14:22:37.581 I/art     (15946): Background partial concurrent mark sweep GC freed 39093(2MB) AllocSpace objects, 27(3MB) LOS objects, 40% free, 23MB/38MB, paused 1.180ms total 106.426ms
08-16 14:22:37.734 I/tvos    ( 1764): GetAudioOutputDevice, retval : 0
08-16 14:22:37.985 I/tvos    ( 1764): GetAudioOutputDevice, retval : 0
08-16 14:22:38.139 I/art     (15946): Background sticky concurrent mark sweep GC freed 73667(4MB) AllocSpace objects, 70(11MB) LOS objects, 31% free, 26MB/38MB, paused 989us total 125.448ms
08-16 14:22:38.235 I/tvos    ( 1764): GetAudioOutputDevice, retval : 0
08-16 14:22:38.486 I/tvos    ( 1764): GetAudioOutputDevice, retval : 0
08-16 14:22:38.586 I/tvos    ( 1764): [37m[INFO] Change to Voltage: 1000 mV (0x2C)[m
08-16 14:22:38.586 I/tvos    ( 1764): [37m[INFO] Change to Voltage: 1000 mV (0x29)[m
08-16 14:22:38.586 I/tvos    ( 1764): [37m[INFO] Change to Voltage: 1000 mV (0x26)[m
08-16 14:22:38.586 I/tvos    ( 1764): [37m[INFO] Change to Voltage: 1000 mV (0x23)[m
08-16 14:22:38.587 I/tvos    ( 1764): [37m[INFO] Change to Voltage: 1000 mV (0x20)[m
08-16 14:22:38.587 I/tvos    ( 1764): [37m[INFO] Change to Voltage: 1000 mV (0x1F)[m
08-16 14:22:38.687 I/tvos    ( 1764): [37m[INFO] Change to Voltage: 1130 mV (0x1F)[m
08-16 14:22:38.687 I/tvos    ( 1764): [37m[INFO] Change to Voltage: 1130 mV (0x22)[m
08-16 14:22:38.687 I/tvos    ( 1764): [37m[INFO] Change to Voltage: 1130 mV (0x25)[m
08-16 14:22:38.687 I/tvos    ( 1764): [37m[INFO] Change to Voltage: 1130 mV (0x28)[m
08-16 14:22:38.689 I/tvos    ( 1764): [37m[INFO] Change to Voltage: 1130 mV (0x2B)[m
08-16 14:22:38.700 I/tvos    ( 1764): [37m[INFO] Change to Voltage: 1130 mV (0x2C)[m
08-16 14:22:38.738 I/tvos    ( 1764): GetAudioOutputDevice, retval : 0
08-16 14:22:38.831 W/art     (15946): Suspending all threads took: 5.289ms
08-16 14:22:38.883 I/art     (15946): Background sticky concurrent mark sweep GC freed 53981(3MB) AllocSpace objects, 69(12MB) LOS objects, 29% free, 29MB/41MB, paused 7.282ms total 99.535ms
08-16 14:22:38.986 I/tvos    ( 1764): [37m[INFO] Change to Voltage: 1000 mV (0x2C)[m
08-16 14:22:38.987 I/tvos    ( 1764): [37m[INFO] Change to Voltage: 1000 mV (0x29)[m
08-16 14:22:38.987 I/tvos    ( 1764): [37m[INFO] Change to Voltage: 1000 mV (0x26)[m
08-16 14:22:38.987 I/tvos    ( 1764): [37m[INFO] Change to Voltage: 1000 mV (0x23)[m
08-16 14:22:38.987 I/tvos    ( 1764): [37m[INFO] Change to Voltage: 1000 mV (0x20)[m
08-16 14:22:38.988 I/tvos    ( 1764): [37m[INFO] Change to Voltage: 1000 mV (0x1F)[m
08-16 14:22:38.988 I/tvos    ( 1764): GetAudioOutputDevice, retval : 0
08-16 14:22:39.063 I/WifiStateMachine( 2207):  DisconnectedState !SCAN_RESULTS_EVENT  rt=511425496/511425496 0 0 found=159 known=0 got=159 bcn=0 con=0
08-16 14:22:39.064 I/WifiStateMachine( 2207):  ConnectModeState !SCAN_RESULTS_EVENT  rt=511425497/511425497 0 0 found=159 known=0 got=159 bcn=0 con=0
08-16 14:22:39.065 I/WifiStateMachine( 2207):  DriverStartedState !SCAN_RESULTS_EVENT  rt=511425498/511425498 0 0 found=159 known=0 got=159 bcn=0 con=0
08-16 14:22:39.066 I/WifiStateMachine( 2207):  SupplicantStartedState !SCAN_RESULTS_EVENT  rt=511425499/511425499 0 0 found=159 known=0 got=159 bcn=0 con=0
08-16 14:22:39.086 I/tvos    ( 1764): [37m[INFO] Change to Voltage: 1130 mV (0x1F)[m
08-16 14:22:39.086 I/tvos    ( 1764): [37m[INFO] Change to Voltage: 1130 mV (0x22)[m
08-16 14:22:39.087 I/tvos    ( 1764): [37m[INFO] Change to Voltage: 1130 mV (0x25)[m
08-16 14:22:39.089 I/tvos    ( 1764): [37m[INFO] Change to Voltage: 1130 mV (0x28)[m
08-16 14:22:39.100 I/tvos    ( 1764): [37m[INFO] Change to Voltage: 1130 mV (0x2B)[m
08-16 14:22:39.102 I/tvos    ( 1764): [37m[INFO] Change to Voltage: 1130 mV (0x2C)[m
08-16 14:22:39.209 I/WifiStateMachine( 2207): setscanresults newsupplicantresult
08-16 14:22:39.239 I/tvos    ( 1764): GetAudioOutputDevice, retval : 0
08-16 14:22:39.327 I/art     (15946): Background partial concurrent mark sweep GC freed 145571(8MB) AllocSpace objects, 59(7MB) LOS objects, 34% free, 30MB/46MB, paused 5.594ms total 134.915ms
08-16 14:22:39.386 I/tvos    ( 1764): [37m[INFO] Change to Voltage: 1000 mV (0x2C)[m
08-16 14:22:39.386 I/tvos    ( 1764): [37m[INFO] Change to Voltage: 1000 mV (0x29)[m
08-16 14:22:39.386 I/tvos    ( 1764): [37m[INFO] Change to Voltage: 1000 mV (0x26)[m
08-16 14:22:39.387 I/tvos    ( 1764): [37m[INFO] Change to Voltage: 1000 mV (0x23)[m
08-16 14:22:39.388 I/tvos    ( 1764): [37m[INFO] Change to Voltage: 1000 mV (0x20)[m
08-16 14:22:39.389 I/tvos    ( 1764): [37m[INFO] Change to Voltage: 1000 mV (0x1F)[m
08-16 14:22:39.415 W/art     ( 4071): Suspending all threads took: 16.028ms
08-16 14:22:39.485 I/tvos    ( 1764): [37m[INFO] Change to Voltage: 1130 mV (0x1F)[m
08-16 14:22:39.485 I/tvos    ( 1764): [37m[INFO] Change to Voltage: 1130 mV (0x22)[m
08-16 14:22:39.485 I/tvos    ( 1764): [37m[INFO] Change to Voltage: 1130 mV (0x25)[m
08-16 14:22:39.486 I/tvos    ( 1764): [37m[INFO] Change to Voltage: 1130 mV (0x28)[m
08-16 14:22:39.487 I/tvos    ( 1764): [37m[INFO] Change to Voltage: 1130 mV (0x2B)[m
08-16 14:22:39.487 I/tvos    ( 1764): [37m[INFO] Change to Voltage: 1130 mV (0x2C)[m
08-16 14:22:39.489 I/tvos    ( 1764): GetAudioOutputDevice, retval : 0
08-16 14:22:39.586 I/tvos    ( 1764): [37m[INFO] Change to Voltage: 1000 mV (0x2C)[m
08-16 14:22:39.586 I/tvos    ( 1764): [37m[INFO] Change to Voltage: 1000 mV (0x29)[m
08-16 14:22:39.586 I/tvos    ( 1764): [37m[INFO] Change to Voltage: 1000 mV (0x26)[m
08-16 14:22:39.589 I/tvos    ( 1764): [37m[INFO] Change to Voltage: 1000 mV (0x23)[m
08-16 14:22:39.595 I/tvos    ( 1764): [37m[INFO] Change to Voltage: 1000 mV (0x20)[m
08-16 14:22:39.597 I/tvos    ( 1764): [37m[INFO] Change to Voltage: 1000 mV (0x1F)[m
08-16 14:22:39.685 I/tvos    ( 1764): [37m[INFO] Change to Voltage: 1130 mV (0x1F)[m
08-16 14:22:39.685 I/tvos    ( 1764): [37m[INFO] Change to Voltage: 1130 mV (0x22)[m
08-16 14:22:39.687 I/tvos    ( 1764): [37m[INFO] Change to Voltage: 1130 mV (0x25)[m
08-16 14:22:39.688 I/tvos    ( 1764): [37m[INFO] Change to Voltage: 1130 mV (0x28)[m
08-16 14:22:39.689 I/tvos    ( 1764): [37m[INFO] Change to Voltage: 1130 mV (0x2B)[m
08-16 14:22:39.691 I/art     (15946): Background sticky concurrent mark sweep GC freed 64698(4MB) AllocSpace objects, 73(12MB) LOS objects, 32% free, 31MB/46MB, paused 2.738ms total 114.238ms
08-16 14:22:39.700 I/tvos    ( 1764): [37m[INFO] Change to Voltage: 1130 mV (0x2C)[m
08-16 14:22:39.740 I/tvos    ( 1764): GetAudioOutputDevice, retval : 0
08-16 14:22:39.785 I/tvos    ( 1764): [37m[INFO] Change to Voltage: 1000 mV (0x2C)[m
08-16 14:22:39.785 I/tvos    ( 1764): [37m[INFO] Change to Voltage: 1000 mV (0x29)[m
08-16 14:22:39.786 I/tvos    ( 1764): [37m[INFO] Change to Voltage: 1000 mV (0x26)[m
08-16 14:22:39.790 I/tvos    ( 1764): [37m[INFO] Change to Voltage: 1000 mV (0x23)[m
08-16 14:22:39.790 I/tvos    ( 1764): [37m[INFO] Change to Voltage: 1000 mV (0x20)[m
08-16 14:22:39.794 I/tvos    ( 1764): [37m[INFO] Change to Voltage: 1000 mV (0x1F)[m
08-16 14:22:39.992 I/tvos    ( 1764): GetAudioOutputDevice, retval : 0
08-16 14:22:40.186 I/tvos    ( 1764): [37m[INFO] Change to Voltage: 1130 mV (0x1F)[m
08-16 14:22:40.187 I/tvos    ( 1764): [37m[INFO] Change to Voltage: 1130 mV (0x22)[m
08-16 14:22:40.187 I/tvos    ( 1764): [37m[INFO] Change to Voltage: 1130 mV (0x25)[m
08-16 14:22:40.187 I/tvos    ( 1764): [37m[INFO] Change to Voltage: 1130 mV (0x28)[m
08-16 14:22:40.187 I/tvos    ( 1764): [37m[INFO] Change to Voltage: 1130 mV (0x2B)[m
08-16 14:22:40.188 I/tvos    ( 1764): [37m[INFO] Change to Voltage: 1130 mV (0x2C)[m
08-16 14:22:40.241 I/tvos    ( 1764): GetAudioOutputDevice, retval : 0
08-16 14:22:40.386 I/tvos    ( 1764): [37m[INFO] Change to Voltage: 1030 mV (0x2E)[m
08-16 14:22:40.386 I/tvos    ( 1764): [37m[INFO] Change to Voltage: 1030 mV (0x2B)[m
08-16 14:22:40.386 I/tvos    ( 1764): [37m[INFO] Change to Voltage: 1030 mV (0x28)[m
08-16 14:22:40.386 I/tvos    ( 1764): [37m[INFO] Change to Voltage: 1030 mV (0x25)[m
08-16 14:22:40.387 I/tvos    ( 1764): [37m[INFO] Change to Voltage: 1030 mV (0x22)[m
08-16 14:22:40.387 I/tvos    ( 1764): [37m[INFO] Change to Voltage: 1030 mV (0x22)[m
08-16 14:22:40.391 I/tvos    ( 1764): [37m[INFO] Change to Voltage: 1000 mV (0x2C)[m
08-16 14:22:40.394 I/tvos    ( 1764): [37m[INFO] Change to Voltage: 1000 mV (0x29)[m
08-16 14:22:40.395 I/tvos    ( 1764): [37m[INFO] Change to Voltage: 1000 mV (0x26)[m
08-16 14:22:40.396 I/tvos    ( 1764): [37m[INFO] Change to Voltage: 1000 mV (0x23)[m
08-16 14:22:40.398 I/tvos    ( 1764): [37m[INFO] Change to Voltage: 1000 mV (0x20)[m
08-16 14:22:40.399 I/tvos    ( 1764): [37m[INFO] Change to Voltage: 1000 mV (0x1F)[m
08-16 14:22:40.485 I/tvos    ( 1764): [37m[INFO] Change to Voltage: 1130 mV (0x1F)[m
08-16 14:22:40.485 I/tvos    ( 1764): [37m[INFO] Change to Voltage: 1130 mV (0x22)[m
08-16 14:22:40.486 I/tvos    ( 1764): [37m[INFO] Change to Voltage: 1130 mV (0x25)[m
08-16 14:22:40.487 I/tvos    ( 1764): [37m[INFO] Change to Voltage: 1130 mV (0x28)[m
08-16 14:22:40.488 I/tvos    ( 1764): [37m[INFO] Change to Voltage: 1130 mV (0x2B)[m
08-16 14:22:40.491 I/tvos    ( 1764): [37m[INFO] Change to Voltage: 1130 mV (0x2C)[m
08-16 14:22:40.493 I/tvos    ( 1764): GetAudioOutputDevice, retval : 0
08-16 14:22:40.508 E/LetvRemoteupgradeManager-JNI( 2613): can't get LetvManager service!
08-16 14:22:40.586 I/tvos    ( 1764): [37m[INFO] Change to Voltage: 1150 mV (0x22)[m
08-16 14:22:40.586 I/tvos    ( 1764): [37m[INFO] Change to Voltage: 1150 mV (0x25)[m
08-16 14:22:40.586 I/tvos    ( 1764): [37m[INFO] Change to Voltage: 1150 mV (0x28)[m
08-16 14:22:40.586 I/tvos    ( 1764): [37m[INFO] Change to Voltage: 1150 mV (0x2B)[m
08-16 14:22:40.586 I/tvos    ( 1764): [37m[INFO] Change to Voltage: 1150 mV (0x2E)[m
08-16 14:22:40.586 I/tvos    ( 1764): [37m[INFO] Change to Voltage: 1150 mV (0x2E)[m
08-16 14:22:40.686 I/tvos    ( 1764): [37m[INFO] Change to Voltage: 1000 mV (0x2C)[m
08-16 14:22:40.686 I/tvos    ( 1764): [37m[INFO] Change to Voltage: 1000 mV (0x29)[m
08-16 14:22:40.686 I/tvos    ( 1764): [37m[INFO] Change to Voltage: 1000 mV (0x26)[m
08-16 14:22:40.686 I/tvos    ( 1764): [37m[INFO] Change to Voltage: 1000 mV (0x23)[m
08-16 14:22:40.687 I/tvos    ( 1764): [37m[INFO] Change to Voltage: 1000 mV (0x20)[m
08-16 14:22:40.687 I/tvos    ( 1764): [37m[INFO] Change to Voltage: 1000 mV (0x1F)[m
08-16 14:22:40.743 I/tvos    ( 1764): GetAudioOutputDevice, retval : 0
08-16 14:22:40.885 I/tvos    ( 1764): [37m[INFO] Change to Voltage: 1030 mV (0x2E)[m
08-16 14:22:40.885 I/tvos    ( 1764): [37m[INFO] Change to Voltage: 1030 mV (0x2B)[m
08-16 14:22:40.886 I/tvos    ( 1764): [37m[INFO] Change to Voltage: 1030 mV (0x28)[m
08-16 14:22:40.887 I/tvos    ( 1764): [37m[INFO] Change to Voltage: 1030 mV (0x25)[m
08-16 14:22:40.888 I/tvos    ( 1764): [37m[INFO] Change to Voltage: 1030 mV (0x22)[m
08-16 14:22:40.889 I/tvos    ( 1764): [37m[INFO] Change to Voltage: 1030 mV (0x22)[m
08-16 14:22:40.897 I/tvos    ( 1764): [37m[INFO] Change to Voltage: 1130 mV (0x1F)[m
08-16 14:22:40.898 I/tvos    ( 1764): [37m[INFO] Change to Voltage: 1130 mV (0x22)[m
08-16 14:22:40.901 I/tvos    ( 1764): [37m[INFO] Change to Voltage: 1130 mV (0x25)[m
08-16 14:22:40.903 I/tvos    ( 1764): [37m[INFO] Change to Voltage: 1130 mV (0x28)[m
08-16 14:22:40.904 I/tvos    ( 1764): [37m[INFO] Change to Voltage: 1130 mV (0x2B)[m
08-16 14:22:40.906 I/tvos    ( 1764): [37m[INFO] Change to Voltage: 1130 mV (0x2C)[m
08-16 14:22:40.985 I/tvos    ( 1764): [37m[INFO] Change to Voltage: 1150 mV (0x22)[m
08-16 14:22:40.985 I/tvos    ( 1764): [37m[INFO] Change to Voltage: 1150 mV (0x25)[m
08-16 14:22:40.985 I/tvos    ( 1764): [37m[INFO] Change to Voltage: 1150 mV (0x28)[m
08-16 14:22:40.987 I/tvos    ( 1764): [37m[INFO] Change to Voltage: 1150 mV (0x2B)[m
08-16 14:22:40.987 I/tvos    ( 1764): [37m[INFO] Change to Voltage: 1150 mV (0x2E)[m
08-16 14:22:40.988 I/tvos    ( 1764): [37m[INFO] Change to Voltage: 1150 mV (0x2E)[m
08-16 14:22:40.993 I/tvos    ( 1764): GetAudioOutputDevice, retval : 0
08-16 14:22:41.009 I/art     (15946): Background partial concurrent mark sweep GC freed 188782(11MB) AllocSpace objects, 86(12MB) LOS objects, 36% free, 28MB/44MB, paused 2.383ms total 155.880ms
08-16 14:22:41.072 I/art     ( 2207): Background partial concurrent mark sweep GC freed 54218(5MB) AllocSpace objects, 36(1672KB) LOS objects, 33% free, 23MB/35MB, paused 8.494ms total 211.032ms
08-16 14:22:41.185 I/tvos    ( 1764): [37m[INFO] Change to Voltage: 1030 mV (0x2E)[m
08-16 14:22:41.185 I/tvos    ( 1764): [37m[INFO] Change to Voltage: 1030 mV (0x2B)[m
08-16 14:22:41.185 I/tvos    ( 1764): [37m[INFO] Change to Voltage: 1030 mV (0x28)[m
08-16 14:22:41.187 I/tvos    ( 1764): [37m[INFO] Change to Voltage: 1030 mV (0x25)[m
08-16 14:22:41.187 I/tvos    ( 1764): [37m[INFO] Change to Voltage: 1030 mV (0x22)[m
08-16 14:22:41.187 I/tvos    ( 1764): [37m[INFO] Change to Voltage: 1030 mV (0x22)[m
08-16 14:22:41.243 I/tvos    ( 1764): GetAudioOutputDevice, retval : 0
08-16 14:22:41.287 I/tvos    ( 1764): [37m[INFO] Change to Voltage: 1000 mV (0x2C)[m
08-16 14:22:41.287 I/tvos    ( 1764): [37m[INFO] Change to Voltage: 1000 mV (0x29)[m
08-16 14:22:41.287 I/tvos    ( 1764): [37m[INFO] Change to Voltage: 1000 mV (0x26)[m
08-16 14:22:41.287 I/tvos    ( 1764): [37m[INFO] Change to Voltage: 1000 mV (0x23)[m
08-16 14:22:41.287 I/tvos    ( 1764): [37m[INFO] Change to Voltage: 1000 mV (0x20)[m
08-16 14:22:41.287 I/tvos    ( 1764): [37m[INFO] Change to Voltage: 1000 mV (0x1F)[m
08-16 14:22:41.289 I/tvos    ( 1764): [37m[INFO] Change to Voltage: 1150 mV (0x22)[m
08-16 14:22:41.290 I/tvos    ( 1764): [37m[INFO] Change to Voltage: 1150 mV (0x25)[m
08-16 14:22:41.292 I/tvos    ( 1764): [37m[INFO] Change to Voltage: 1150 mV (0x28)[m
08-16 14:22:41.296 I/tvos    ( 1764): [37m[INFO] Change to Voltage: 1150 mV (0x2B)[m
08-16 14:22:41.296 I/tvos    ( 1764): [37m[INFO] Change to Voltage: 1150 mV (0x2E)[m
08-16 14:22:41.297 I/tvos    ( 1764): [37m[INFO] Change to Voltage: 1150 mV (0x2E)[m
08-16 14:22:41.386 I/tvos    ( 1764): [37m[INFO] Change to Voltage: 1130 mV (0x1F)[m
08-16 14:22:41.386 I/tvos    ( 1764): [37m[INFO] Change to Voltage: 1130 mV (0x22)[m
08-16 14:22:41.386 I/tvos    ( 1764): [37m[INFO] Change to Voltage: 1130 mV (0x25)[m
08-16 14:22:41.387 I/tvos    ( 1764): [37m[INFO] Change to Voltage: 1130 mV (0x28)[m
08-16 14:22:41.388 I/tvos    ( 1764): [37m[INFO] Change to Voltage: 1130 mV (0x2B)[m
08-16 14:22:41.390 I/tvos    ( 1764): [37m[INFO] Change to Voltage: 1130 mV (0x2C)[m
08-16 14:22:41.431 I/art     (15946): Background sticky concurrent mark sweep GC freed 78794(5MB) AllocSpace objects, 107(12MB) LOS objects, 29% free, 31MB/44MB, paused 4.080ms total 132.501ms
08-16 14:22:41.485 I/tvos    ( 1764): [37m[INFO] Change to Voltage: 1000 mV (0x2C)[m
08-16 14:22:41.486 I/tvos    ( 1764): [37m[INFO] Change to Voltage: 1000 mV (0x29)[m
08-16 14:22:41.486 I/tvos    ( 1764): [37m[INFO] Change to Voltage: 1000 mV (0x26)[m
08-16 14:22:41.487 I/tvos    ( 1764): [37m[INFO] Change to Voltage: 1000 mV (0x23)[m
08-16 14:22:41.488 I/tvos    ( 1764): [37m[INFO] Change to Voltage: 1000 mV (0x20)[m
08-16 14:22:41.489 I/tvos    ( 1764): [37m[INFO] Change to Voltage: 1000 mV (0x1F)[m
08-16 14:22:41.494 I/tvos    ( 1764): GetAudioOutputDevice, retval : 0
08-16 14:22:41.584 I/tvos    ( 1764): [37m[INFO] Change to Voltage: 1130 mV (0x1F)[m
08-16 14:22:41.585 I/tvos    ( 1764): [37m[INFO] Change to Voltage: 1130 mV (0x22)[m
08-16 14:22:41.585 I/tvos    ( 1764): [37m[INFO] Change to Voltage: 1130 mV (0x25)[m
08-16 14:22:41.586 I/tvos    ( 1764): [37m[INFO] Change to Voltage: 1130 mV (0x28)[m
08-16 14:22:41.587 I/tvos    ( 1764): [37m[INFO] Change to Voltage: 1130 mV (0x2B)[m
08-16 14:22:41.587 I/tvos    ( 1764): [37m[INFO] Change to Voltage: 1130 mV (0x2C)[m
08-16 14:22:41.686 I/tvos    ( 1764): [37m[INFO] Change to Voltage: 1000 mV (0x2C)[m
08-16 14:22:41.686 I/tvos    ( 1764): [37m[INFO] Change to Voltage: 1000 mV (0x29)[m
08-16 14:22:41.686 I/tvos    ( 1764): [37m[INFO] Change to Voltage: 1000 mV (0x26)[m
08-16 14:22:41.686 I/tvos    ( 1764): [37m[INFO] Change to Voltage: 1000 mV (0x23)[m
08-16 14:22:41.687 I/tvos    ( 1764): [37m[INFO] Change to Voltage: 1000 mV (0x20)[m
08-16 14:22:41.688 I/tvos    ( 1764): [37m[INFO] Change to Voltage: 1000 mV (0x1F)[m
08-16 14:22:41.745 I/tvos    ( 1764): GetAudioOutputDevice, retval : 0
08-16 14:22:41.785 I/art     (15946): Background partial concurrent mark sweep GC freed 148071(8MB) AllocSpace objects, 41(8MB) LOS objects, 33% free, 31MB/47MB, paused 3.054ms total 164.434ms
08-16 14:22:41.996 I/tvos    ( 1764): GetAudioOutputDevice, retval : 0
08-16 14:22:42.129 W/InputDispatcher( 2207): findFocusedWindow finished: injectionResult=0, timeSpentWaitingForApplication=0.0ms
08-16 14:22:42.143 W/InputDispatcher( 2207): findFocusedWindow finished: injectionResult=0, timeSpentWaitingForApplication=0.0ms
08-16 14:22:42.154 W/InputDispatcher( 2207): setFocusedApplication
08-16 14:22:42.163 I/LetvHelperMain(15946): [com.stv.helper.main] SecurityKillingActivity --  onPause 
08-16 14:22:42.164 W/ActivityManager( 2207): Duplicate finish request for ActivityRecord{36daba1 u0 com.stv.helper.main/com.stv.helper.ui.SecurityKillingActivity t22 f}
08-16 14:22:42.167 I/ActivityManager( 2207): accel TR9) TaskRecord{3243592 #22 A=letv.task.helper U=0 sz=2}
08-16 14:22:42.167 I/ActivityManager( 2207): accel TR8) TaskRecord{14b0d11 #1 A=com.stv.launcher U=0 sz=1}
08-16 14:22:42.186 I/tvos    ( 1764): [37m[INFO] Change to Voltage: 1030 mV (0x2E)[m
08-16 14:22:42.186 I/tvos    ( 1764): [37m[INFO] Change to Voltage: 1030 mV (0x2B)[m
08-16 14:22:42.186 I/tvos    ( 1764): [37m[INFO] Change to Voltage: 1030 mV (0x28)[m
08-16 14:22:42.186 I/tvos    ( 1764): [37m[INFO] Change to Voltage: 1030 mV (0x25)[m
08-16 14:22:42.187 I/tvos    ( 1764): [37m[INFO] Change to Voltage: 1030 mV (0x22)[m
08-16 14:22:42.188 I/tvos    ( 1764): [37m[INFO] Change to Voltage: 1030 mV (0x22)[m
08-16 14:22:42.190 I/tvos    ( 1764): [37m[INFO] Change to Voltage: 1130 mV (0x1F)[m
08-16 14:22:42.197 I/tvos    ( 1764): [37m[INFO] Change to Voltage: 1130 mV (0x22)[m
08-16 14:22:42.203 I/tvos    ( 1764): [37m[INFO] Change to Voltage: 1130 mV (0x25)[m
08-16 14:22:42.204 I/LetvHelperMain(15946): [com.stv.helper.main] LetvHelperActivity --  onStart 
08-16 14:22:42.205 I/LetvHelperMain(15946): [com.stv.helper.main] LetvHelperActivity --  onResume 
08-16 14:22:42.208 I/tvos    ( 1764): [37m[INFO] Change to Voltage: 1130 mV (0x28)[m
08-16 14:22:42.217 I/tvos    ( 1764): [37m[INFO] Change to Voltage: 1130 mV (0x2B)[m
08-16 14:22:42.220 I/tvos    ( 1764): [37m[INFO] Change to Voltage: 1130 mV (0x2C)[m
08-16 14:22:42.225 I/LetvHelperMain(15946): [com.stv.helper.main] LetvHelperActivity -- mRomTotalSize 9580281856, mRomUsedSize 2725830656
08-16 14:22:42.233 I/LetvHelperMain(15946): [com.stv.helper.main] LetvHelperActivity -- mRamTotalSize 3620216832, mRamFreeSize 1431019520
08-16 14:22:42.233 I/LetvHelperMain(15946): [com.stv.helper.main] LetvHelperActivity -- refreshOneKeyExamView
08-16 14:22:42.247 I/tvos    ( 1764): GetAudioOutputDevice, retval : 0
08-16 14:22:42.260 I/art     (15946): Background sticky concurrent mark sweep GC freed 59631(4MB) AllocSpace objects, 65(13MB) LOS objects, 34% free, 30MB/46MB, paused 973us total 124.132ms
08-16 14:22:42.268 W/InputDispatcher( 2207): Focus left window: Window{1cbf020 u0 com.stv.helper.main/com.stv.helper.ui.SecurityKillingActivity}
08-16 14:22:42.268 W/InputDispatcher( 2207): Focus entered window: Window{8a12742 u0 com.stv.helper.main/com.stv.helper.main.LetvHelperActivity}
08-16 14:22:42.277 E/BufferQueueProducer( 1749): [com.stv.helper.main/com.stv.helper.main.LetvHelperActivity] connect(P): already connected (cur=1 req=1)
08-16 14:22:42.489 I/tvos    ( 1764): [37m[INFO] Change to Voltage: 1000 mV (0x2C)[m
08-16 14:22:42.489 I/tvos    ( 1764): [37m[INFO] Change to Voltage: 1000 mV (0x29)[m
08-16 14:22:42.489 I/tvos    ( 1764): [37m[INFO] Change to Voltage: 1000 mV (0x26)[m
08-16 14:22:42.492 I/tvos    ( 1764): [37m[INFO] Change to Voltage: 1000 mV (0x23)[m
08-16 14:22:42.494 I/tvos    ( 1764): [37m[INFO] Change to Voltage: 1000 mV (0x20)[m
08-16 14:22:42.495 I/tvos    ( 1764): [37m[INFO] Change to Voltage: 1000 mV (0x1F)[m
08-16 14:22:42.497 I/tvos    ( 1764): GetAudioOutputDevice, retval : 0
08-16 14:22:42.585 I/tvos    ( 1764): [37m[INFO] Change to Voltage: 1130 mV (0x1F)[m
08-16 14:22:42.585 I/tvos    ( 1764): [37m[INFO] Change to Voltage: 1130 mV (0x22)[m
08-16 14:22:42.586 I/tvos    ( 1764): [37m[INFO] Change to Voltage: 1130 mV (0x25)[m
08-16 14:22:42.587 I/tvos    ( 1764): [37m[INFO] Change to Voltage: 1130 mV (0x28)[m
08-16 14:22:42.589 I/tvos    ( 1764): [37m[INFO] Change to Voltage: 1130 mV (0x2B)[m
08-16 14:22:42.592 I/tvos    ( 1764): [37m[INFO] Change to Voltage: 1130 mV (0x2C)[m
08-16 14:22:42.687 W/InputDispatcher( 2207): findTouchedWindow finished: injectionResult=0, injectionPermission=1, timeSpentWaitingForApplication=0.0ms
08-16 14:22:42.702 W/InputDispatcher( 2207): findTouchedWindow finished: injectionResult=0, injectionPermission=1, timeSpentWaitingForApplication=0.0ms
08-16 14:22:42.706 I/SoundPool( 2207): enter : func play
08-16 14:22:42.707 I/ActivityManager( 2207): START u0 {cmp=com.stv.helper.main/com.stv.helper.ui.AppManagerActivity} from uid 1000 on display 0
08-16 14:22:42.719 I/APM::AudioPolicyEngine( 1758): getDeviceForStrategy, 359
08-16 14:22:42.720 I/audio_hw_primary( 1758): version:a00004 adev_create_audio_patch::mix->device 
08-16 14:22:42.720 I/audio_hw_primary( 1758): adev_create_audio_patch *handle=-1420227928 num_audio_patch=3
08-16 14:22:42.723 E/AudioManagerService( 1803): setAudioVolume(callingPid 1758, clientPid 1758, enSoundPath 0, volumn:0 )
08-16 14:22:42.725 I/tvos    ( 1764): SetVolume, subWooExist 0!
08-16 14:22:42.725 I/tvos    ( 1764): mapi_audio_customer::SetAbsoluteVolume: project name is X440M
08-16 14:22:42.725 I/tvos    ( 1764): SetAbsoluteVolume: uPercent : 0, path=52(speaker), VolumeInt=7f, VolumeFra=0
08-16 14:22:42.725 I/tvos    ( 1764): SetAbsoluteVolume: uPercent(currVol) : 0, realPath=52(default), VolumeInt=7f, VolumeFra=0
08-16 14:22:42.725 I/tvos    ( 1764): mapi_audio_customer::SetAbsoluteVolume: project name is X440M
08-16 14:22:42.725 I/tvos    ( 1764): SetAbsoluteVolume: uPercent : 0, path=49(HP), VolumeInt=7f, VolumeFra=0
08-16 14:22:42.725 I/tvos    ( 1764): SetAbsoluteVolume: uPercent(currVol) : 0, realPath=49(default), VolumeInt=7f, VolumeFra=0
08-16 14:22:42.725 I/tvos    ( 1764): mapi_audio_customer::SetAbsoluteVolume: project name is X440M
08-16 14:22:42.725 I/tvos    ( 1764): SetAbsoluteVolume, m_bBTDetect is false! 
08-16 14:22:42.725 I/tvos    ( 1764): mapi_audio_customer::SetAbsoluteVolume: project name is X440M
08-16 14:22:42.725 I/tvos    ( 1764): SetAbsoluteVolume: uPercent : 0, path=255(speaker), VolumeInt=7f, VolumeFra=0
08-16 14:22:42.725 I/tvos    ( 1764): SetAbsoluteVolume: uPercent(currVol) : 0, realPath=255(default), VolumeInt=7f, VolumeFra=0
08-16 14:22:42.725 I/tvos    ( 1764): [SetMuteStatus] call SetSoundMuteStatus, line : 10369, muteType: 4, onOff : 0 
08-16 14:22:42.725 I/tvos    ( 1764): [audioBSP] #1 m_internalMute : 0 ..
08-16 14:22:42.725 I/tvos    ( 1764): #1|->SDK_bPermanentAudioMute:0<-|->SDK_bMomentAudioMute:0 <-|->SDK_bBySyncAudioMute:0<-|->SDK_bByBlockAudioMute:0<-|->SDK_bByVChipAudioMute:0<-|
08-16 14:22:42.725 I/tvos    ( 1764): #1|->SDK_bInternal1AudioMute:0<-|->SDK_bInternal2AudioMute:0<-|->SDK_bInternal3AudioMute:0<-|->SDK_bInternal4AudioMute:0<-|
08-16 14:22:42.725 I/tvos    ( 1764): #1|->SDK_bByScanInOutchgCHchg:0<-|->SDK_bByDuringLimitedTimeAudioMute:0<-|->SDK_bSourceSwitchAudioMute:0<-|
08-16 14:22:42.725 I/tvos    ( 1764): #1|->SDK_bMHEGApMute:0<-|->SDK_bAllAudioMuteCtrl:0<-|->SDK_bPowerOnMute:0<-|->SDK_bNullSourceMute0<-|->SDK_bSetInputSourceAudioMute:0<-|
08-16 14:22:42.725 I/tvos    ( 1764): [audioBSP] #2 m_spkrMute : 0 ..|->SDK_bUsrSpkrAudioMute:0<-|->SDK_bPowerOnMute:0<-|->SDK_bByUserAudioMute:0<-|
08-16 14:22:42.725 I/tvos    ( 1764): [audioBSP] #3 m_PcmCapture2Mute:0 |->SDK_bByUserPcmCapture2Mute:0<-|->SDK_SUB_bByUserAudioMute:0<-|->SDK_bByUserAudioMute:0<-|
08-16 14:22:42.725 I/tvos    ( 1764): [audioBSP] #5 m_hpMute : 1 ..|->SDK_bUsrHpAudioMute:1<-|->SDK_bPowerOnMute:0<-|->SDK_bByUserAudioMute:0<-|
08-16 14:22:42.725 I/tvos    ( 1764): [audioBSP] #12 m_spdifMute : 1 ..
08-16 14:22:42.725 I/tvos    ( 1764): #12|->SDK_bPermanentAudioMute:0<-|->SDK_bMomentAudioMute:0<-|->SDK_bByBlockAudioMute:0<-|
08-16 14:22:42.725 I/tvos    ( 1764): #12|->SDK_bByVChipAudioMute:0<-|->SDK_bInternal1AudioMute:0<-|->SDK_bInternal4AudioMute:0<-|
08-16 14:22:42.725 I/tvos    ( 1764): #12|->SDK_bByDuringLimitedTimeAudioMute:0<-|->SDK_bSourceSwitchAudioMute:0<-|->SDK_bMHEGApMute:0<-|
08-16 14:22:42.725 I/tvos    ( 1764): #12|->SDK_bPowerOnMute:0<-|->SDK_bUsrSpdifAudioMute:1<-|->SDK_bNullSourceMute:0<-|->SDK_bByAppMute:0<-|
08-16 14:22:42.725 I/tvos    ( 1764): ---Amplifier_ALC1310_LR_SWMute(0)
08-16 14:22:42.725 I/tvos    ( 1764): ALC1310 unmute good, addr: 0x13 readbackvalue: 4 
08-16 14:22:42.728 I/tvos    ( 1764): SetSoundMuteStatus : m_hpMute : 1, m_spdifMute : 1, m_DataInMute : 0, m_channel7Mute : 0, m_internalMute : 0, m_spkrMute : 0, m_PcmCapture1Mute : 0, m_PcmCapture2Mute : 0 
08-16 14:22:42.728 I/AudioUtil( 1758): setParameters spk_volume=0
08-16 14:22:42.728 I/audio_hw_primary( 1758): adev_set_parameters: spk_volume=0
08-16 14:22:42.728 I/tvos    ( 1764): GetAudioOutputDevice, retval : 0
08-16 14:22:42.731 I/tvos    ( 1764): [SetMuteStatus] call SetSoundMuteStatus, line : 10369, muteType: 67108864, onOff : 1 
08-16 14:22:42.731 I/tvos    ( 1764): _TransMSrvMuteTypeToSDKMuteType: Err! muteType(67108864) is out of Range
08-16 14:22:42.731 I/tvos    ( 1764): [SetMuteStatus] call SetSoundMuteStatus, line : 10369, muteType: 4, onOff : 1 
08-16 14:22:42.731 I/tvos    ( 1764): [audioBSP] #1 m_internalMute : 0 ..
08-16 14:22:42.731 I/tvos    ( 1764): #1|->SDK_bPermanentAudioMute:0<-|->SDK_bMomentAudioMute:0 <-|->SDK_bBySyncAudioMute:0<-|->SDK_bByBlockAudioMute:0<-|->SDK_bByVChipAudioMute:0<-|
08-16 14:22:42.731 I/tvos    ( 1764): #1|->SDK_bInternal1AudioMute:0<-|->SDK_bInternal2AudioMute:0<-|->SDK_bInternal3AudioMute:0<-|->SDK_bInternal4AudioMute:0<-|
08-16 14:22:42.731 I/tvos    ( 1764): #1|->SDK_bByScanInOutchgCHchg:0<-|->SDK_bByDuringLimitedTimeAudioMute:0<-|->SDK_bSourceSwitchAudioMute:0<-|
08-16 14:22:42.731 I/tvos    ( 1764): #1|->SDK_bMHEGApMute:0<-|->SDK_bAllAudioMuteCtrl:0<-|->SDK_bPowerOnMute:0<-|->SDK_bNullSourceMute0<-|->SDK_bSetInputSourceAudioMute:0<-|
08-16 14:22:42.731 I/tvos    ( 1764): [audioBSP] #2 m_spkrMute : 1 ..|->SDK_bUsrSpkrAudioMute:0<-|->SDK_bPowerOnMute:0<-|->SDK_bByUserAudioMute:1<-|
08-16 14:22:42.731 I/tvos    ( 1764): [audioBSP] #3 m_PcmCapture2Mute:1 |->SDK_bByUserPcmCapture2Mute:0<-|->SDK_SUB_bByUserAudioMute:0<-|->SDK_bByUserAudioMute:1<-|
08-16 14:22:42.731 I/tvos    ( 1764): [audioBSP] #5 m_hpMute : 1 ..|->SDK_bUsrHpAudioMute:1<-|->SDK_bPowerOnMute:0<-|->SDK_bByUserAudioMute:1<-|
08-16 14:22:42.731 I/tvos    ( 1764): [audioBSP] #12 m_spdifMute : 1 ..
08-16 14:22:42.731 I/tvos    ( 1764): #12|->SDK_bPermanentAudioMute:0<-|->SDK_bMomentAudioMute:0<-|->SDK_bByBlockAudioMute:0<-|
08-16 14:22:42.731 I/tvos    ( 1764): #12|->SDK_bByVChipAudioMute:0<-|->SDK_bInternal1AudioMute:0<-|->SDK_bInternal4AudioMute:0<-|
08-16 14:22:42.731 I/tvos    ( 1764): #12|->SDK_bByDuringLimitedTimeAudioMute:0<-|->SDK_bSourceSwitchAudioMute:0<-|->SDK_bMHEGApMute:0<-|
08-16 14:22:42.731 I/tvos    ( 1764): #12|->SDK_bPowerOnMute:0<-|->SDK_bUsrSpdifAudioMute:1<-|->SDK_bNullSourceMute:0<-|->SDK_bByAppMute:0<-|
08-16 14:22:42.731 I/tvos    ( 1764): ---Amplifier_ALC1310_LR_SWMute(1)
08-16 14:22:42.731 I/tvos    ( 1764): ALC1310 mute write good, addr: 0x13, readback data : 49164, write cmd times : 1
08-16 14:22:42.734 I/tvos    ( 1764): SetSoundMuteStatus : m_hpMute : 1, m_spdifMute : 1, m_DataInMute : 0, m_channel7Mute : 0, m_internalMute : 0, m_spkrMute : 1, m_PcmCapture1Mute : 0, m_PcmCapture2Mute : 1 
08-16 14:22:42.739 W/InputDispatcher( 2207): setFocusedApplication
08-16 14:22:42.740 W/InputDispatcher( 2207): Focus left window: Window{8a12742 u0 com.stv.helper.main/com.stv.helper.main.LetvHelperActivity}
08-16 14:22:42.748 I/LetvHelperMain(15946): [com.stv.helper.main] LetvHelperActivity --  onPause 
08-16 14:22:42.752 I/tvos    ( 1764): GetAudioOutputDevice, retval : 0
08-16 14:22:42.752 E/audio_hw_primary( 1758): out_get_presentation_position pcm_get_htimestamp(pcm, &avail, timestamp) != 0!!!
08-16 14:22:42.756 E/LETV_DEVICE( 1780): no name sn for Mstar
08-16 14:22:42.762 I/ActivityManager( 2207): accel TR9) TaskRecord{3243592 #22 A=letv.task.helper U=0 sz=3}
08-16 14:22:42.762 I/ActivityManager( 2207): accel TR8) TaskRecord{14b0d11 #1 A=com.stv.launcher U=0 sz=1}
08-16 14:22:42.778 E/ActivityThread( 2837): Failed to find provider info for com.letv.agnes.InfoProvider
08-16 14:22:42.788 E/ActivityThread( 2837): Failed to find provider info for com.letv.agnes.InfoProvider
08-16 14:22:42.788 W/System.err( 2837): java.lang.IllegalArgumentException: Unknown URL content://com.letv.agnes.InfoProvider
08-16 14:22:42.788 W/System.err( 2837): 	at android.content.ContentResolver.insert(ContentResolver.java:1227)
08-16 14:22:42.788 W/System.err( 2837): 	at com.letv.tracker2.agnes.Configuration.addDebugInfo(Configuration.java:289)
08-16 14:22:42.788 W/System.err( 2837): 	at com.letv.tracker2.agnes.MessageProcessor$SendEnvMsgTr$1.handleMessage(MessageProcessor.java:661)
08-16 14:22:42.788 W/System.err( 2837): 	at android.os.Handler.dispatchMessage(Handler.java:102)
08-16 14:22:42.788 W/System.err( 2837): 	at android.os.Looper.loop(Looper.java:148)
08-16 14:22:42.788 W/System.err( 2837): 	at com.letv.tracker2.agnes.MessageProcessor$SendEnvMsgTr.run(MessageProcessor.java:665)
08-16 14:22:42.789 I/LetvHelperMain(15946): [com.stv.helper.main] AppManagerActivity --  onCreate 
08-16 14:22:42.792 I/System.out(15946): From style:
08-16 14:22:42.792 I/System.out(15946): Attrs: 3010001=0.6 3010002=res/drawable-hdpi-v4/ic_desk_app_bg.jpg 3010003=null 3010004=true
08-16 14:22:42.798 I/[T1.0.6.3]EuiAgnes_Server( 2837): resCode:1
08-16 14:22:42.798 I/[T1.0.6.3]EuiAgnes_Server( 2837): b[0]:0
08-16 14:22:42.817 I/InputDispatcher( 2207): Dropping event because there is no touchable window at (1602, 944).
08-16 14:22:42.817 W/InputDispatcher( 2207): findTouchedWindow finished: injectionResult=2, injectionPermission=1, timeSpentWaitingForApplication=0.0ms
08-16 14:22:42.817 W/InputManager( 2207): Input event injection from pid 15874 failed.
08-16 14:22:42.821 W/InputDispatcher( 2207): Dropping event because there is no touched foreground window to receive it.
08-16 14:22:42.821 W/InputDispatcher( 2207): findTouchedWindow finished: injectionResult=2, injectionPermission=1, timeSpentWaitingForApplication=0.0ms
08-16 14:22:42.822 W/InputManager( 2207): Input event injection from pid 15874 failed.
08-16 14:22:42.838 I/LetvHelperMain(15946): [com.stv.helper.main] AppManagerActivity --  onStart 
08-16 14:22:42.838 I/LetvHelperMain(15946): [com.stv.helper.main] AppManagerActivity --  onResume 
08-16 14:22:42.843 I/CommonService( 2808): [GetDomain][DomainUtil]:internet label : tvmanager domain : test.tvapi.letv.com
08-16 14:22:42.847 I/CommonService( 2808): [Common][SystemCommonServcice]:label : tvmanager  domain: test.tvapi.letv.com
08-16 14:22:42.857 I/StvManager(15946): getDomain label : tvmanager domain : test.tvapi.letv.com
08-16 14:22:42.860 I/CommonService( 2808): [GetDomain][DomainUtil]:internet label : tvmanager domain : test.tvapi.letv.com
08-16 14:22:42.863 I/CommonService( 2808): [Common][SystemCommonServcice]:label : tvmanager  domain: test.tvapi.letv.com
08-16 14:22:42.868 I/StvManager(15946): getDomain label : tvmanager domain : test.tvapi.letv.com
08-16 14:22:42.875 I/CommonService( 2808): [GetDomain][DomainUtil]:internet label : tvmanager domain : test.tvapi.letv.com
08-16 14:22:42.880 I/CommonService( 2808): [Common][SystemCommonServcice]:label : tvmanager  domain: test.tvapi.letv.com
08-16 14:22:42.891 I/StvManager(15946): getDomain label : tvmanager domain : test.tvapi.letv.com
08-16 14:22:42.916 W/InputDispatcher( 2207): Focus entered window: Window{51827c u0 com.stv.helper.main/com.stv.helper.ui.AppManagerActivity}
08-16 14:22:42.930 E/BufferQueueProducer( 1749): [com.stv.helper.main/com.stv.helper.ui.AppManagerActivity] connect(P): already connected (cur=1 req=1)
08-16 14:22:42.995 I/ActivityManager( 2207): Displayed com.stv.helper.main/com.stv.helper.ui.AppManagerActivity: +246ms
08-16 14:22:42.996 W/ContextImpl( 2207): Calling a method in the system process without a qualified user: android.app.ContextImpl.sendBroadcast:766 com.android.server.am.ActivityRecord.reportLaunchTimeLocked:1056 com.android.server.am.ActivityRecord.windowsDrawnLocked:1080 com.android.server.am.ActivityRecord$Token.windowsDrawn:345 com.android.server.wm.WindowManagerService$H.handleMessage:8042 
08-16 14:22:43.002 I/tvos    ( 1764): GetAudioOutputDevice, retval : 0
08-16 14:22:43.086 I/tvos    ( 1764): [37m[INFO] Change to Voltage: 1000 mV (0x2C)[m
08-16 14:22:43.086 I/tvos    ( 1764): [37m[INFO] Change to Voltage: 1000 mV (0x29)[m
08-16 14:22:43.086 I/tvos    ( 1764): [37m[INFO] Change to Voltage: 1000 mV (0x26)[m
08-16 14:22:43.086 I/tvos    ( 1764): [37m[INFO] Change to Voltage: 1000 mV (0x23)[m
08-16 14:22:43.087 I/tvos    ( 1764): [37m[INFO] Change to Voltage: 1000 mV (0x20)[m
08-16 14:22:43.087 I/tvos    ( 1764): [37m[INFO] Change to Voltage: 1000 mV (0x1F)[m
08-16 14:22:43.186 I/tvos    ( 1764): [37m[INFO] Change to Voltage: 1130 mV (0x1F)[m
08-16 14:22:43.186 I/tvos    ( 1764): [37m[INFO] Change to Voltage: 1130 mV (0x22)[m
08-16 14:22:43.186 I/tvos    ( 1764): [37m[INFO] Change to Voltage: 1130 mV (0x25)[m
08-16 14:22:43.186 I/tvos    ( 1764): [37m[INFO] Change to Voltage: 1130 mV (0x28)[m
08-16 14:22:43.186 I/tvos    ( 1764): [37m[INFO] Change to Voltage: 1130 mV (0x2B)[m
08-16 14:22:43.187 I/tvos    ( 1764): [37m[INFO] Change to Voltage: 1130 mV (0x2C)[m
08-16 14:22:43.253 I/tvos    ( 1764): GetAudioOutputDevice, retval : 0
08-16 14:22:43.257 I/APM::AudioPolicyEngine( 1758): getDeviceForStrategy, 359
08-16 14:22:43.285 I/tvos    ( 1764): [37m[INFO] Change to Voltage: 1000 mV (0x2C)[m
08-16 14:22:43.285 I/tvos    ( 1764): [37m[INFO] Change to Voltage: 1000 mV (0x29)[m
08-16 14:22:43.286 I/tvos    ( 1764): [37m[INFO] Change to Voltage: 1000 mV (0x26)[m
08-16 14:22:43.288 I/tvos    ( 1764): [37m[INFO] Change to Voltage: 1000 mV (0x23)[m
08-16 14:22:43.288 I/tvos    ( 1764): [37m[INFO] Change to Voltage: 1000 mV (0x20)[m
08-16 14:22:43.289 I/tvos    ( 1764): [37m[INFO] Change to Voltage: 1000 mV (0x1F)[m
08-16 14:22:43.503 I/tvos    ( 1764): GetAudioOutputDevice, retval : 0
08-16 14:22:43.508 E/LetvRemoteupgradeManager-JNI( 2613): can't get LetvManager service!
08-16 14:22:43.691 I/LetvHelperMain(15946): [com.stv.helper.main] LetvHelperActivity --  onStop 
08-16 14:22:43.691 I/LetvHelperMain(15946): [com.stv.helper.main] SecurityKillingActivity --  onStop 
08-16 14:22:43.692 I/LetvHelperMain(15946): [com.stv.helper.main] SecurityKillingActivity --  onDestroy 
08-16 14:22:43.695 W/InputDispatcher( 2207): Window went away: Window{1cbf020 u0 com.stv.helper.main/com.stv.helper.ui.SecurityKillingActivity}
08-16 14:22:43.754 I/tvos    ( 1764): GetAudioOutputDevice, retval : 0
08-16 14:22:43.787 I/tvos    ( 1764): [37m[INFO] Change to Voltage: 1130 mV (0x1F)[m
08-16 14:22:43.787 I/tvos    ( 1764): [37m[INFO] Change to Voltage: 1130 mV (0x22)[m
