08-16 14:22:06.566 I/StvLogReport( 2837): StargazerReportTask, action=appClose&name=桌面&packagename=com.stv.launcher&versionCode=20180321&appVersionName=1.0.5&appType=1&mark=57&totalTime=56
08-16 14:22:06.584 I/StvLogReport( 2837): StargazerReportTask, reponse2 : {"status":"OK","statusCode":200,"message":"succeefully"}
08-16 14:22:06.587 E/LETV_DEVICE( 1780): no name sn for Mstar
08-16 14:22:06.619 E/critical_path_log( 3007): superlive_7799adbbe191b8ab_onTrimMemory: level = 20
08-16 14:22:06.633 I/StvLogReport( 2837): StargazerReportTask, action=appOpen&name=电视管家&packagename=com.stv.helper.main&versionCode=161&appVersionName=1.6.1&appType=1&mark=58
08-16 14:22:06.652 I/LetvHelperMain(15946): [com.stv.helper.main] LetvHelperActivity --  onCreate 
08-16 14:22:06.658 I/StvLogReport( 2837): StargazerReportTask, reponse2 : {"status":"OK","statusCode":200,"message":"succeefully"}
08-16 14:22:06.660 I/System.out(15946): From style:
08-16 14:22:06.660 I/System.out(15946): Attrs: 3010001=0.6 3010002=res/drawable-hdpi-v4/ic_desk_app_bg.jpg 3010003=null 3010004=true
08-16 14:22:06.672 I/tvos    ( 1764): GetAudioOutputDevice, retval : 0
08-16 14:22:06.701 E/ActivityThread( 2837): Failed to find provider info for com.letv.agnes.InfoProvider
08-16 14:22:06.706 E/ActivityThread( 2837): Failed to find provider info for com.letv.agnes.InfoProvider
08-16 14:22:06.706 W/System.err( 2837): java.lang.IllegalArgumentException: Unknown URL content://com.letv.agnes.InfoProvider
08-16 14:22:06.706 W/System.err( 2837): 	at android.content.ContentResolver.insert(ContentResolver.java:1227)
08-16 14:22:06.706 W/System.err( 2837): 	at com.letv.tracker2.agnes.Configuration.addDebugInfo(Configuration.java:289)
08-16 14:22:06.706 W/System.err( 2837): 	at com.letv.tracker2.agnes.MessageProcessor$SendEnvMsgTr$1.handleMessage(MessageProcessor.java:661)
08-16 14:22:06.706 W/System.err( 2837): 	at android.os.Handler.dispatchMessage(Handler.java:102)
08-16 14:22:06.706 W/System.err( 2837): 	at android.os.Looper.loop(Looper.java:148)
08-16 14:22:06.706 W/System.err( 2837): 	at com.letv.tracker2.agnes.MessageProcessor$SendEnvMsgTr.run(MessageProcessor.java:665)
08-16 14:22:06.720 I/[T1.0.6.3]EuiAgnes_Server( 2837): resCode:1
08-16 14:22:06.720 I/[T1.0.6.3]EuiAgnes_Server( 2837): b[0]:0
08-16 14:22:06.762 I/LetvManager-LogReport( 1780): [send_msg] line: 490 report url = http://log.hdtv.cp21.ott.cibntv.net:80/api/log/tvAction
08-16 14:22:06.787 I/tvos    ( 1764): [37m[INFO] Change to Voltage: 1000 mV (0x2C)[m
08-16 14:22:06.787 I/tvos    ( 1764): [37m[INFO] Change to Voltage: 1000 mV (0x29)[m
08-16 14:22:06.787 I/tvos    ( 1764): [37m[INFO] Change to Voltage: 1000 mV (0x26)[m
08-16 14:22:06.787 I/tvos    ( 1764): [37m[INFO] Change to Voltage: 1000 mV (0x23)[m
08-16 14:22:06.787 I/tvos    ( 1764): [37m[INFO] Change to Voltage: 1000 mV (0x20)[m
08-16 14:22:06.789 I/tvos    ( 1764): [37m[INFO] Change to Voltage: 1000 mV (0x1F)[m
08-16 14:22:06.896 I/LetvHelperMain(15946): [com.stv.helper.main] LetvHelperActivity --  onStart 
08-16 14:22:06.896 I/LetvHelperMain(15946): [com.stv.helper.main] LetvHelperActivity --  onResume 
08-16 14:22:06.907 I/LetvHelperMain(15946): [com.stv.helper.main] LetvHelperActivity -- mRomTotalSize 9580281856, mRomUsedSize 2723012608
08-16 14:22:06.915 I/LetvHelperMain(15946): [com.stv.helper.main] LetvHelperActivity -- mRamTotalSize 3620216832, mRamFreeSize 1495531520
08-16 14:22:06.915 I/LetvHelperMain(15946): [com.stv.helper.main] LetvHelperActivity -- refreshOneKeyExamView
08-16 14:22:06.923 I/tvos    ( 1764): GetAudioOutputDevice, retval : 0
08-16 14:22:06.968 I/LetvManager-LogReport( 1780): [send_msg] line: 490 report url = http://log.hdtv.cp21.ott.cibntv.net:80/api/log/tvAction
08-16 14:22:06.992 W/InputDispatcher( 2207): Focus entered window: Window{8a12742 u0 com.stv.helper.main/com.stv.helper.main.LetvHelperActivity}
08-16 14:22:07.006 I/OpenGLRenderer(15946): Initialized EGL, version 1.4
08-16 14:22:07.012 E/BufferQueueProducer( 1749): [com.stv.helper.main/com.stv.helper.main.LetvHelperActivity] connect(P): already connected (cur=1 req=1)
08-16 14:22:07.086 I/tvos    ( 1764): [37m[INFO] Change to Voltage: 1130 mV (0x1F)[m
08-16 14:22:07.086 I/tvos    ( 1764): [37m[INFO] Change to Voltage: 1130 mV (0x22)[m
08-16 14:22:07.086 I/tvos    ( 1764): [37m[INFO] Change to Voltage: 1130 mV (0x25)[m
08-16 14:22:07.086 I/tvos    ( 1764): [37m[INFO] Change to Voltage: 1130 mV (0x28)[m
08-16 14:22:07.089 I/tvos    ( 1764): [37m[INFO] Change to Voltage: 1130 mV (0x2B)[m
08-16 14:22:07.093 I/tvos    ( 1764): [37m[INFO] Change to Voltage: 1130 mV (0x2C)[m
08-16 14:22:07.174 I/tvos    ( 1764): GetAudioOutputDevice, retval : 0
08-16 14:22:07.186 I/tvos    ( 1764): [37m[INFO] Change to Voltage: 1000 mV (0x2C)[m
08-16 14:22:07.187 I/tvos    ( 1764): [37m[INFO] Change to Voltage: 1000 mV (0x29)[m
08-16 14:22:07.187 I/tvos    ( 1764): [37m[INFO] Change to Voltage: 1000 mV (0x26)[m
08-16 14:22:07.187 I/tvos    ( 1764): [37m[INFO] Change to Voltage: 1000 mV (0x23)[m
08-16 14:22:07.187 I/tvos    ( 1764): [37m[INFO] Change to Voltage: 1000 mV (0x20)[m
08-16 14:22:07.187 I/tvos    ( 1764): [37m[INFO] Change to Voltage: 1000 mV (0x1F)[m
08-16 14:22:07.216 I/ActivityManager( 2207): Displayed com.stv.helper.main/.LetvHelperActivity: +851ms
08-16 14:22:07.217 W/ContextImpl( 2207): Calling a method in the system process without a qualified user: android.app.ContextImpl.sendBroadcast:766 com.android.server.am.ActivityRecord.reportLaunchTimeLocked:1056 com.android.server.am.ActivityRecord.windowsDrawnLocked:1080 com.android.server.am.ActivityRecord$Token.windowsDrawn:345 com.android.server.wm.WindowManagerService$H.handleMessage:8042 
08-16 14:22:07.219 W/ContextImpl( 2613): Calling a method in the system process without a qualified user: android.app.ContextImpl.startService:1224 android.content.ContextWrapper.startService:581 com.stv.helper.service.TvMasterService.noteLaunchTime:169 letv.tvmaster.ITvMasterService$Stub.onTransact:136 android.os.Binder.execTransact:453 
08-16 14:22:07.224 W/InputDispatcher( 2207): Window went away: Window{fcc18de u0 Starting com.stv.helper.main}
08-16 14:22:07.240 I/AnalysisLog( 3007): Plugin:onFragmentShowChanged_hide:com.stv.plugin.app----start:time='511393674'
08-16 14:22:07.242 I/AppPlugin( 3007): AppFragment -- onFragmentShowChanged gainSelect true screen = com.stv.plugin.app packageName = com.stv.plugin.app
08-16 14:22:07.243 I/AnalysisLog( 3007): Plugin:onFragmentShowChanged_hide:com.stv.plugin.app----end:time='511393676'
08-16 14:22:07.243 I/TvLiveBaseFragment( 3007): onStop
08-16 14:22:07.287 I/tvos    ( 1764): [37m[INFO] Change to Voltage: 1130 mV (0x1F)[m
08-16 14:22:07.287 I/tvos    ( 1764): [37m[INFO] Change to Voltage: 1130 mV (0x22)[m
08-16 14:22:07.287 I/tvos    ( 1764): [37m[INFO] Change to Voltage: 1130 mV (0x25)[m
08-16 14:22:07.287 I/tvos    ( 1764): [37m[INFO] Change to Voltage: 1130 mV (0x28)[m
08-16 14:22:07.287 I/tvos    ( 1764): [37m[INFO] Change to Voltage: 1130 mV (0x2B)[m
08-16 14:22:07.288 I/tvos    ( 1764): [37m[INFO] Change to Voltage: 1130 mV (0x2C)[m
08-16 14:22:07.293 E/LETV_DEVICE( 1780): no name sn for Mstar
08-16 14:22:07.299 E/ActivityThread( 2837): Failed to find provider info for com.letv.agnes.InfoProvider
08-16 14:22:07.301 E/ActivityThread( 2837): Failed to find provider info for com.letv.agnes.InfoProvider
08-16 14:22:07.301 W/System.err( 2837): java.lang.IllegalArgumentException: Unknown URL content://com.letv.agnes.InfoProvider
08-16 14:22:07.301 W/System.err( 2837): 	at android.content.ContentResolver.insert(ContentResolver.java:1227)
08-16 14:22:07.301 W/System.err( 2837): 	at com.letv.tracker2.agnes.Configuration.addDebugInfo(Configuration.java:289)
08-16 14:22:07.301 W/System.err( 2837): 	at com.letv.tracker2.agnes.MessageProcessor$SendEnvMsgTr$1.handleMessage(MessageProcessor.java:661)
08-16 14:22:07.301 W/System.err( 2837): 	at android.os.Handler.dispatchMessage(Handler.java:102)
08-16 14:22:07.301 W/System.err( 2837): 	at android.os.Looper.loop(Looper.java:148)
08-16 14:22:07.304 W/System.err( 2837): 	at com.letv.tracker2.agnes.MessageProcessor$SendEnvMsgTr.run(MessageProcessor.java:665)
08-16 14:22:07.305 I/[T1.0.6.3]EuiAgnes_Server( 2837): resCode:1
08-16 14:22:07.305 I/[T1.0.6.3]EuiAgnes_Server( 2837): b[0]:0
08-16 14:22:07.372 I/LetvManager-LogReport( 1780): [send_msg] line: 490 report url = http://log.hdtv.cp21.ott.cibntv.net:80/api/log/tvAction
08-16 14:22:07.390 I/tvos    ( 1764): [37m[INFO] Change to Voltage: 1000 mV (0x2C)[m
08-16 14:22:07.394 I/tvos    ( 1764): [37m[INFO] Change to Voltage: 1000 mV (0x29)[m
08-16 14:22:07.396 I/tvos    ( 1764): [37m[INFO] Change to Voltage: 1000 mV (0x26)[m
08-16 14:22:07.397 I/tvos    ( 1764): [37m[INFO] Change to Voltage: 1000 mV (0x23)[m
08-16 14:22:07.398 I/tvos    ( 1764): [37m[INFO] Change to Voltage: 1000 mV (0x20)[m
08-16 14:22:07.399 I/tvos    ( 1764): [37m[INFO] Change to Voltage: 1000 mV (0x1F)[m
08-16 14:22:07.424 I/tvos    ( 1764): GetAudioOutputDevice, retval : 0
08-16 14:22:07.503 E/LetvRemoteupgradeManager-JNI( 2613): can't get LetvManager service!
08-16 14:22:07.675 I/tvos    ( 1764): GetAudioOutputDevice, retval : 0
08-16 14:22:07.925 I/tvos    ( 1764): GetAudioOutputDevice, retval : 0
08-16 14:22:08.178 I/tvos    ( 1764): GetAudioOutputDevice, retval : 0
08-16 14:22:08.426 I/tvos    ( 1764): GetAudioOutputDevice, retval : 0
08-16 14:22:08.677 I/tvos    ( 1764): GetAudioOutputDevice, retval : 0
08-16 14:22:08.848 I/WifiStateMachine( 2207):  DisconnectedState !SCAN_RESULTS_EVENT  rt=511395281/511395281 0 0 found=157 known=0 got=157 bcn=0 con=0
08-16 14:22:08.848 I/WifiStateMachine( 2207):  ConnectModeState !SCAN_RESULTS_EVENT  rt=511395281/511395281 0 0 found=157 known=0 got=157 bcn=0 con=0
08-16 14:22:08.849 I/WifiStateMachine( 2207):  DriverStartedState !SCAN_RESULTS_EVENT  rt=511395282/511395282 0 0 found=157 known=0 got=157 bcn=0 con=0
08-16 14:22:08.849 I/WifiStateMachine( 2207):  SupplicantStartedState !SCAN_RESULTS_EVENT  rt=511395282/511395282 0 0 found=157 known=0 got=157 bcn=0 con=0
08-16 14:22:08.897 I/WifiStateMachine( 2207): setscanresults newsupplicantresult
08-16 14:22:08.927 I/tvos    ( 1764): GetAudioOutputDevice, retval : 0
08-16 14:22:09.178 I/tvos    ( 1764): GetAudioOutputDevice, retval : 0
08-16 14:22:09.428 I/tvos    ( 1764): GetAudioOutputDevice, retval : 0
08-16 14:22:09.678 I/tvos    ( 1764): GetAudioOutputDevice, retval : 0
08-16 14:22:09.929 I/tvos    ( 1764): GetAudioOutputDevice, retval : 0
08-16 14:22:10.179 I/tvos    ( 1764): GetAudioOutputDevice, retval : 0
08-16 14:22:10.430 I/tvos    ( 1764): GetAudioOutputDevice, retval : 0
08-16 14:22:10.504 E/LetvRemoteupgradeManager-JNI( 2613): can't get LetvManager service!
08-16 14:22:10.680 I/tvos    ( 1764): GetAudioOutputDevice, retval : 0
08-16 14:22:10.931 I/tvos    ( 1764): GetAudioOutputDevice, retval : 0
08-16 14:22:11.181 I/tvos    ( 1764): GetAudioOutputDevice, retval : 0
08-16 14:22:11.432 I/tvos    ( 1764): GetAudioOutputDevice, retval : 0
08-16 14:22:11.585 I/tvos    ( 1764): [37m[INFO] Change to Voltage: 1030 mV (0x2E)[m
08-16 14:22:11.585 I/tvos    ( 1764): [37m[INFO] Change to Voltage: 1030 mV (0x2B)[m
08-16 14:22:11.585 I/tvos    ( 1764): [37m[INFO] Change to Voltage: 1030 mV (0x28)[m
08-16 14:22:11.586 I/tvos    ( 1764): [37m[INFO] Change to Voltage: 1030 mV (0x25)[m
08-16 14:22:11.587 I/tvos    ( 1764): [37m[INFO] Change to Voltage: 1030 mV (0x22)[m
08-16 14:22:11.588 I/tvos    ( 1764): [37m[INFO] Change to Voltage: 1030 mV (0x22)[m
08-16 14:22:11.647 I/remotestatus( 2207): Msg.what is 101
08-16 14:22:11.647 I/WindowManager( 2207): turn cursor off
08-16 14:22:11.647 E/RemoteManager( 2207): RemoteManager is no longer support in eui6.5
08-16 14:22:11.648 W/InputDispatcher( 2207): findFocusedWindow finished: injectionResult=0, timeSpentWaitingForApplication=0.0ms
08-16 14:22:11.648 E/InputManager-JNI( 2207): call nativeDisableCursor method with hideCursor
08-16 14:22:11.653 W/InputDispatcher( 2207): findFocusedWindow finished: injectionResult=0, timeSpentWaitingForApplication=0.0ms
08-16 14:22:11.682 I/tvos    ( 1764): GetAudioOutputDevice, retval : 0
08-16 14:22:11.932 I/tvos    ( 1764): GetAudioOutputDevice, retval : 0
08-16 14:22:12.160 W/InputDispatcher( 2207): findTouchedWindow finished: injectionResult=0, injectionPermission=1, timeSpentWaitingForApplication=0.0ms
08-16 14:22:12.165 W/InputDispatcher( 2207): findTouchedWindow finished: injectionResult=0, injectionPermission=1, timeSpentWaitingForApplication=0.0ms
08-16 14:22:12.174 I/SoundPool( 2207): enter : func play
08-16 14:22:12.174 I/ActivityManager( 2207): START u0 {cmp=com.stv.helper.main/com.stv.helper.ui.OneKeyExamMainActivity} from uid 1000 on display 0
08-16 14:22:12.178 I/APM::AudioPolicyEngine( 1758): getDeviceForStrategy, 359
08-16 14:22:12.179 I/audio_hw_primary( 1758): version:a00004 adev_create_audio_patch::mix->device 
08-16 14:22:12.179 I/audio_hw_primary( 1758): adev_create_audio_patch *handle=-1420227928 num_audio_patch=3
08-16 14:22:12.181 E/AudioManagerService( 1803): setAudioVolume(callingPid 1758, clientPid 1758, enSoundPath 0, volumn:0 )
08-16 14:22:12.184 I/tvos    ( 1764): SetVolume, subWooExist 0!
08-16 14:22:12.184 I/tvos    ( 1764): mapi_audio_customer::SetAbsoluteVolume: project name is X440M
08-16 14:22:12.184 I/tvos    ( 1764): SetAbsoluteVolume: uPercent : 0, path=52(speaker), VolumeInt=7f, VolumeFra=0
08-16 14:22:12.184 I/tvos    ( 1764): SetAbsoluteVolume: uPercent(currVol) : 0, realPath=52(default), VolumeInt=7f, VolumeFra=0
08-16 14:22:12.184 I/tvos    ( 1764): mapi_audio_customer::SetAbsoluteVolume: project name is X440M
08-16 14:22:12.184 I/tvos    ( 1764): SetAbsoluteVolume: uPercent : 0, path=49(HP), VolumeInt=7f, VolumeFra=0
08-16 14:22:12.184 I/tvos    ( 1764): SetAbsoluteVolume: uPercent(currVol) : 0, realPath=49(default), VolumeInt=7f, VolumeFra=0
08-16 14:22:12.184 I/tvos    ( 1764): mapi_audio_customer::SetAbsoluteVolume: project name is X440M
08-16 14:22:12.184 I/tvos    ( 1764): SetAbsoluteVolume, m_bBTDetect is false! 
08-16 14:22:12.184 I/tvos    ( 1764): mapi_audio_customer::SetAbsoluteVolume: project name is X440M
08-16 14:22:12.184 I/tvos    ( 1764): SetAbsoluteVolume: uPercent : 0, path=255(speaker), VolumeInt=7f, VolumeFra=0
08-16 14:22:12.184 I/tvos    ( 1764): SetAbsoluteVolume: uPercent(currVol) : 0, realPath=255(default), VolumeInt=7f, VolumeFra=0
08-16 14:22:12.184 I/tvos    ( 1764): [SetMuteStatus] call SetSoundMuteStatus, line : 10369, muteType: 4, onOff : 0 
08-16 14:22:12.184 I/tvos    ( 1764): [audioBSP] #1 m_internalMute : 0 ..
08-16 14:22:12.184 I/tvos    ( 1764): #1|->SDK_bPermanentAudioMute:0<-|->SDK_bMomentAudioMute:0 <-|->SDK_bBySyncAudioMute:0<-|->SDK_bByBlockAudioMute:0<-|->SDK_bByVChipAudioMute:0<-|
08-16 14:22:12.184 I/tvos    ( 1764): #1|->SDK_bInternal1AudioMute:0<-|->SDK_bInternal2AudioMute:0<-|->SDK_bInternal3AudioMute:0<-|->SDK_bInternal4AudioMute:0<-|
08-16 14:22:12.184 I/tvos    ( 1764): #1|->SDK_bByScanInOutchgCHchg:0<-|->SDK_bByDuringLimitedTimeAudioMute:0<-|->SDK_bSourceSwitchAudioMute:0<-|
08-16 14:22:12.184 I/tvos    ( 1764): #1|->SDK_bMHEGApMute:0<-|->SDK_bAllAudioMuteCtrl:0<-|->SDK_bPowerOnMute:0<-|->SDK_bNullSourceMute0<-|->SDK_bSetInputSourceAudioMute:0<-|
08-16 14:22:12.184 I/tvos    ( 1764): [audioBSP] #2 m_spkrMute : 0 ..|->SDK_bUsrSpkrAudioMute:0<-|->SDK_bPowerOnMute:0<-|->SDK_bByUserAudioMute:0<-|
08-16 14:22:12.184 I/tvos    ( 1764): [audioBSP] #3 m_PcmCapture2Mute:0 |->SDK_bByUserPcmCapture2Mute:0<-|->SDK_SUB_bByUserAudioMute:0<-|->SDK_bByUserAudioMute:0<-|
08-16 14:22:12.184 I/tvos    ( 1764): [audioBSP] #5 m_hpMute : 1 ..|->SDK_bUsrHpAudioMute:1<-|->SDK_bPowerOnMute:0<-|->SDK_bByUserAudioMute:0<-|
08-16 14:22:12.184 I/tvos    ( 1764): [audioBSP] #12 m_spdifMute : 1 ..
08-16 14:22:12.184 I/tvos    ( 1764): #12|->SDK_bPermanentAudioMute:0<-|->SDK_bMomentAudioMute:0<-|->SDK_bByBlockAudioMute:0<-|
08-16 14:22:12.184 I/tvos    ( 1764): #12|->SDK_bByVChipAudioMute:0<-|->SDK_bInternal1AudioMute:0<-|->SDK_bInternal4AudioMute:0<-|
08-16 14:22:12.184 I/tvos    ( 1764): #12|->SDK_bByDuringLimitedTimeAudioMute:0<-|->SDK_bSourceSwitchAudioMute:0<-|->SDK_bMHEGApMute:0<-|
08-16 14:22:12.184 I/tvos    ( 1764): #12|->SDK_bPowerOnMute:0<-|->SDK_bUsrSpdifAudioMute:1<-|->SDK_bNullSourceMute:0<-|->SDK_bByAppMute:0<-|
08-16 14:22:12.184 I/tvos    ( 1764): ---Amplifier_ALC1310_LR_SWMute(0)
08-16 14:22:12.184 I/tvos    ( 1764): ALC1310 unmute good, addr: 0x13 readbackvalue: 4 
08-16 14:22:12.185 I/tvos    ( 1764): GetAudioOutputDevice, retval : 0
08-16 14:22:12.186 I/AudioUtil( 1758): setParameters spk_volume=0
08-16 14:22:12.186 I/audio_hw_primary( 1758): adev_set_parameters: spk_volume=0
08-16 14:22:12.186 I/tvos    ( 1764): SetSoundMuteStatus : m_hpMute : 1, m_spdifMute : 1, m_DataInMute : 0, m_channel7Mute : 0, m_internalMute : 0, m_spkrMute : 0, m_PcmCapture1Mute : 0, m_PcmCapture2Mute : 0 
08-16 14:22:12.187 I/tvos    ( 1764): GetAudioOutputDevice, retval : 0
08-16 14:22:12.187 I/tvos    ( 1764): [SetMuteStatus] call SetSoundMuteStatus, line : 10369, muteType: 67108864, onOff : 1 
08-16 14:22:12.187 I/tvos    ( 1764): _TransMSrvMuteTypeToSDKMuteType: Err! muteType(67108864) is out of Range
08-16 14:22:12.187 W/InputDispatcher( 2207): setFocusedApplication
08-16 14:22:12.189 I/tvos    ( 1764): [SetMuteStatus] call SetSoundMuteStatus, line : 10369, muteType: 4, onOff : 1 
08-16 14:22:12.189 I/tvos    ( 1764): [audioBSP] #1 m_internalMute : 0 ..
08-16 14:22:12.189 I/tvos    ( 1764): #1|->SDK_bPermanentAudioMute:0<-|->SDK_bMomentAudioMute:0 <-|->SDK_bBySyncAudioMute:0<-|->SDK_bByBlockAudioMute:0<-|->SDK_bByVChipAudioMute:0<-|
08-16 14:22:12.189 I/tvos    ( 1764): #1|->SDK_bInternal1AudioMute:0<-|->SDK_bInternal2AudioMute:0<-|->SDK_bInternal3AudioMute:0<-|->SDK_bInternal4AudioMute:0<-|
08-16 14:22:12.189 I/tvos    ( 1764): #1|->SDK_bByScanInOutchgCHchg:0<-|->SDK_bByDuringLimitedTimeAudioMute:0<-|->SDK_bSourceSwitchAudioMute:0<-|
08-16 14:22:12.189 I/tvos    ( 1764): #1|->SDK_bMHEGApMute:0<-|->SDK_bAllAudioMuteCtrl:0<-|->SDK_bPowerOnMute:0<-|->SDK_bNullSourceMute0<-|->SDK_bSetInputSourceAudioMute:0<-|
08-16 14:22:12.189 I/tvos    ( 1764): [audioBSP] #2 m_spkrMute : 1 ..|->SDK_bUsrSpkrAudioMute:0<-|->SDK_bPowerOnMute:0<-|->SDK_bByUserAudioMute:1<-|
08-16 14:22:12.189 I/tvos    ( 1764): [audioBSP] #3 m_PcmCapture2Mute:1 |->SDK_bByUserPcmCapture2Mute:0<-|->SDK_SUB_bByUserAudioMute:0<-|->SDK_bByUserAudioMute:1<-|
08-16 14:22:12.189 I/tvos    ( 1764): [audioBSP] #5 m_hpMute : 1 ..|->SDK_bUsrHpAudioMute:1<-|->SDK_bPowerOnMute:0<-|->SDK_bByUserAudioMute:1<-|
08-16 14:22:12.189 I/tvos    ( 1764): [audioBSP] #12 m_spdifMute : 1 ..
08-16 14:22:12.189 I/tvos    ( 1764): #12|->SDK_bPermanentAudioMute:0<-|->SDK_bMomentAudioMute:0<-|->SDK_bByBlockAudioMute:0<-|
08-16 14:22:12.189 I/tvos    ( 1764): #12|->SDK_bByVChipAudioMute:0<-|->SDK_bInternal1AudioMute:0<-|->SDK_bInternal4AudioMute:0<-|
08-16 14:22:12.189 I/tvos    ( 1764): #12|->SDK_bByDuringLimitedTimeAudioMute:0<-|->SDK_bSourceSwitchAudioMute:0<-|->SDK_bMHEGApMute:0<-|
08-16 14:22:12.189 I/tvos    ( 1764): #12|->SDK_bPowerOnMute:0<-|->SDK_bUsrSpdifAudioMute:1<-|->SDK_bNullSourceMute:0<-|->SDK_bByAppMute:0<-|
08-16 14:22:12.189 I/tvos    ( 1764): ---Amplifier_ALC1310_LR_SWMute(1)
08-16 14:22:12.189 I/tvos    ( 1764): ALC1310 mute write good, addr: 0x13, readback data : 49164, write cmd times : 1
08-16 14:22:12.190 W/InputDispatcher( 2207): Focus left window: Window{8a12742 u0 com.stv.helper.main/com.stv.helper.main.LetvHelperActivity}
08-16 14:22:12.191 I/tvos    ( 1764): SetSoundMuteStatus : m_hpMute : 1, m_spdifMute : 1, m_DataInMute : 0, m_channel7Mute : 0, m_internalMute : 0, m_spkrMute : 1, m_PcmCapture1Mute : 0, m_PcmCapture2Mute : 1 
08-16 14:22:12.193 I/LetvHelperMain(15946): [com.stv.helper.main] LetvHelperActivity --  onPause 
08-16 14:22:12.209 I/ActivityManager( 2207): accel TR9) TaskRecord{3243592 #22 A=letv.task.helper U=0 sz=2}
08-16 14:22:12.209 I/ActivityManager( 2207): accel TR8) TaskRecord{14b0d11 #1 A=com.stv.launcher U=0 sz=1}
08-16 14:22:12.210 E/LETV_DEVICE( 1780): no name sn for Mstar
08-16 14:22:12.210 E/audio_hw_primary( 1758): out_get_presentation_position pcm_get_htimestamp(pcm, &avail, timestamp) != 0!!!
08-16 14:22:12.218 I/InputDispatcher( 2207): Dropping event because there is no touchable window at (1159, 512).
08-16 14:22:12.218 W/InputDispatcher( 2207): findTouchedWindow finished: injectionResult=2, injectionPermission=1, timeSpentWaitingForApplication=0.0ms
08-16 14:22:12.219 W/InputManager( 2207): Input event injection from pid 15874 failed.
08-16 14:22:12.220 W/InputDispatcher( 2207): Dropping event because there is no touched foreground window to receive it.
08-16 14:22:12.220 W/InputDispatcher( 2207): findTouchedWindow finished: injectionResult=2, injectionPermission=1, timeSpentWaitingForApplication=0.0ms
08-16 14:22:12.220 W/InputManager( 2207): Input event injection from pid 15874 failed.
08-16 14:22:12.224 I/LetvHelperMain(15946): [com.stv.helper.main] OneKeyExamMainActivity --  onCreate 
08-16 14:22:12.239 E/ActivityThread( 2837): Failed to find provider info for com.letv.agnes.InfoProvider
08-16 14:22:12.241 E/ActivityThread( 2837): Failed to find provider info for com.letv.agnes.InfoProvider
08-16 14:22:12.241 W/System.err( 2837): java.lang.IllegalArgumentException: Unknown URL content://com.letv.agnes.InfoProvider
08-16 14:22:12.241 W/System.err( 2837): 	at android.content.ContentResolver.insert(ContentResolver.java:1227)
08-16 14:22:12.241 W/System.err( 2837): 	at com.letv.tracker2.agnes.Configuration.addDebugInfo(Configuration.java:289)
08-16 14:22:12.241 W/System.err( 2837): 	at com.letv.tracker2.agnes.MessageProcessor$SendEnvMsgTr$1.handleMessage(MessageProcessor.java:661)
08-16 14:22:12.241 W/System.err( 2837): 	at android.os.Handler.dispatchMessage(Handler.java:102)
08-16 14:22:12.241 W/System.err( 2837): 	at android.os.Looper.loop(Looper.java:148)
08-16 14:22:12.241 W/System.err( 2837): 	at com.letv.tracker2.agnes.MessageProcessor$SendEnvMsgTr.run(MessageProcessor.java:665)
08-16 14:22:12.250 I/[T1.0.6.3]EuiAgnes_Server( 2837): resCode:1
08-16 14:22:12.250 I/[T1.0.6.3]EuiAgnes_Server( 2837): b[0]:0
08-16 14:22:12.273 I/System.out(15946): From style:
08-16 14:22:12.273 I/System.out(15946): Attrs: 3010001=0.6 3010002=res/drawable-hdpi-v4/ic_desk_app_bg.jpg 3010003=null 3010004=true
08-16 14:22:12.276 I/LetvHelperMain(15946): [com.stv.helper.main] OneKeyExamMainActivity --  onStart 
08-16 14:22:12.276 I/LetvHelperMain(15946): [com.stv.helper.main] OneKeyExamMainActivity --  onResume 
08-16 14:22:12.287 I/tvos    ( 1764): [37m[INFO] Change to Voltage: 1150 mV (0x22)[m
08-16 14:22:12.287 I/tvos    ( 1764): [37m[INFO] Change to Voltage: 1150 mV (0x25)[m
08-16 14:22:12.287 I/tvos    ( 1764): [37m[INFO] Change to Voltage: 1150 mV (0x28)[m
08-16 14:22:12.287 I/tvos    ( 1764): [37m[INFO] Change to Voltage: 1150 mV (0x2B)[m
08-16 14:22:12.287 I/tvos    ( 1764): [37m[INFO] Change to Voltage: 1150 mV (0x2E)[m
08-16 14:22:12.287 I/tvos    ( 1764): [37m[INFO] Change to Voltage: 1150 mV (0x2E)[m
08-16 14:22:12.312 W/InputDispatcher( 2207): Focus entered window: Window{59d81af u0 com.stv.helper.main/com.stv.helper.ui.OneKeyExamMainActivity}
08-16 14:22:12.316 E/BufferQueueProducer( 1749): [com.stv.helper.main/com.stv.helper.ui.OneKeyExamMainActivity] connect(P): already connected (cur=1 req=1)
08-16 14:22:12.349 I/LetvHelperMain(15946): [com.stv.helper.main] OneKeyExamMainActivity -- onStatusChange status:正在检测开机耗时…
08-16 14:22:12.354 I/LetvHelperMain(15946): [com.stv.helper.main] ScanBootConsumeSubTask -- boot complete time  30089
08-16 14:22:12.355 I/LetvHelperMain(15946): [com.stv.helper.main] OneKeyExamMainActivity -- onStatusChange status:正在检测开机启动项…
08-16 14:22:12.394 I/LetvHelperMain(15946): [com.stv.helper.main] OneKeyExamMainActivity -- onScoreChange changedScore:-10
08-16 14:22:12.402 I/ActivityManager( 2207): Displayed com.stv.helper.main/com.stv.helper.ui.OneKeyExamMainActivity: +207ms
08-16 14:22:12.403 W/ContextImpl( 2207): Calling a method in the system process without a qualified user: android.app.ContextImpl.sendBroadcast:766 com.android.server.am.ActivityRecord.reportLaunchTimeLocked:1056 com.android.server.am.ActivityRecord.windowsDrawnLocked:1080 com.android.server.am.ActivityRecord$Token.windowsDrawn:345 com.android.server.wm.WindowManagerService$H.handleMessage:8042 
08-16 14:22:12.414 I/LetvHelperMain(15946): [com.stv.helper.main] CirecleProgressView -- ===================>    mProgress :  3.6
08-16 14:22:12.435 I/tvos    ( 1764): GetAudioOutputDevice, retval : 0
08-16 14:22:12.487 I/tvos    ( 1764): [37m[INFO] Change to Voltage: 1030 mV (0x2E)[m
08-16 14:22:12.487 I/tvos    ( 1764): [37m[INFO] Change to Voltage: 1030 mV (0x2B)[m
08-16 14:22:12.487 I/tvos    ( 1764): [37m[INFO] Change to Voltage: 1030 mV (0x28)[m
08-16 14:22:12.487 I/tvos    ( 1764): [37m[INFO] Change to Voltage: 1030 mV (0x25)[m
08-16 14:22:12.487 I/tvos    ( 1764): [37m[INFO] Change to Voltage: 1030 mV (0x22)[m
08-16 14:22:12.487 I/tvos    ( 1764): [37m[INFO] Change to Voltage: 1030 mV (0x22)[m
08-16 14:22:12.685 I/tvos    ( 1764): GetAudioOutputDevice, retval : 0
08-16 14:22:12.709 I/APM::AudioPolicyEngine( 1758): getDeviceForStrategy, 359
08-16 14:22:12.833 I/LetvHelperMain(15946): [com.stv.helper.main] LetvHelperActivity --  onStop 
08-16 14:22:12.936 I/tvos    ( 1764): GetAudioOutputDevice, retval : 0
08-16 14:22:13.186 I/tvos    ( 1764): GetAudioOutputDevice, retval : 0
08-16 14:22:13.437 I/tvos    ( 1764): GetAudioOutputDevice, retval : 0
08-16 14:22:13.504 E/LetvRemoteupgradeManager-JNI( 2613): can't get LetvManager service!
08-16 14:22:13.687 I/tvos    ( 1764): GetAudioOutputDevice, retval : 0
08-16 14:22:13.938 I/tvos    ( 1764): GetAudioOutputDevice, retval : 0
08-16 14:22:14.049 I/LetvHelperMain(15946): [com.stv.helper.main] CirecleProgressView -- *********************>    mProgress :  100.199844
08-16 14:22:14.188 I/tvos    ( 1764): GetAudioOutputDevice, retval : 0
08-16 14:22:14.439 I/tvos    ( 1764): GetAudioOutputDevice, retval : 0
08-16 14:22:14.576 I/LetvHelperMain(15946): [com.stv.helper.main] OneKeyExamMainActivity -- onStatusChange status:正在检测桌面资源占用…
08-16 14:22:14.687 I/tvos    ( 1764): [37m[INFO] Change to Voltage: 1150 mV (0x22)[m
08-16 14:22:14.687 I/tvos    ( 1764): [37m[INFO] Change to Voltage: 1150 mV (0x25)[m
08-16 14:22:14.687 I/tvos    ( 1764): [37m[INFO] Change to Voltage: 1150 mV (0x28)[m
08-16 14:22:14.687 I/tvos    ( 1764): [37m[INFO] Change to Voltage: 1150 mV (0x2B)[m
08-16 14:22:14.687 I/tvos    ( 1764): [37m[INFO] Change to Voltage: 1150 mV (0x2E)[m
08-16 14:22:14.687 I/tvos    ( 1764): [37m[INFO] Change to Voltage: 1150 mV (0x2E)[m
08-16 14:22:14.689 I/tvos    ( 1764): GetAudioOutputDevice, retval : 0
08-16 14:22:14.696 I/LetvHelperMain(15946): [com.stv.helper.main] OneKeyExamMainActivity -- onScoreChange changedScore:-10
08-16 14:22:14.698 I/LetvHelperMain(15946): [com.stv.helper.main] OneKeyExamMainActivity -- onStatusChange status:正在检测桌面插件…
08-16 14:22:14.709 I/LetvHelperMain(15946): [com.stv.helper.main] OneKeyExamMainActivity -- onScoreChange changedScore:0
08-16 14:22:14.716 I/LetvHelperMain(15946): [com.stv.helper.main] CirecleProgressView -- ===================>    mProgress :  8.4
08-16 14:22:14.787 I/tvos    ( 1764): [37m[INFO] Change to Voltage: 1030 mV (0x2E)[m
08-16 14:22:14.787 I/tvos    ( 1764): [37m[INFO] Change to Voltage: 1030 mV (0x2B)[m
08-16 14:22:14.787 I/tvos    ( 1764): [37m[INFO] Change to Voltage: 1030 mV (0x28)[m
08-16 14:22:14.787 I/tvos    ( 1764): [37m[INFO] Change to Voltage: 1030 mV (0x25)[m
08-16 14:22:14.787 I/tvos    ( 1764): [37m[INFO] Change to Voltage: 1030 mV (0x22)[m
08-16 14:22:14.787 I/tvos    ( 1764): [37m[INFO] Change to Voltage: 1030 mV (0x22)[m
08-16 14:22:14.939 I/tvos    ( 1764): GetAudioOutputDevice, retval : 0
08-16 14:22:15.190 I/tvos    ( 1764): GetAudioOutputDevice, retval : 0
08-16 14:22:15.440 I/tvos    ( 1764): GetAudioOutputDevice, retval : 0
08-16 14:22:15.691 I/tvos    ( 1764): GetAudioOutputDevice, retval : 0
08-16 14:22:15.942 I/tvos    ( 1764): GetAudioOutputDevice, retval : 0
08-16 14:22:16.193 I/tvos    ( 1764): GetAudioOutputDevice, retval : 0
08-16 14:22:16.196 I/lbplayer( 4071): [main]:ServiceDOWN:dlnaRender is running
08-16 14:22:16.196 I/lbplayer( 4071): [main]:ServiceDOWN:LeLinkService is running
08-16 14:22:16.196 I/lbplayer( 4071): [main]:ServiceDOWN:mainServer is running
08-16 14:22:16.268 I/LetvHelperMain(15946): [com.stv.helper.main] CirecleProgressView -- *********************>    mProgress :  100.199844
08-16 14:22:16.443 I/tvos    ( 1764): GetAudioOutputDevice, retval : 0
08-16 14:22:16.505 E/LetvRemoteupgradeManager-JNI( 2613): can't get LetvManager service!
08-16 14:22:16.693 I/tvos    ( 1764): GetAudioOutputDevice, retval : 0
08-16 14:22:16.801 I/LetvHelperMain(15946): [com.stv.helper.main] OneKeyExamMainActivity -- onStatusChange status:正在获取待测资源…
08-16 14:22:16.809 I/LetvHelperMain(15946): [com.stv.helper.main] ScanNetworkLatencySubTask -- The gateway list : /0.0.0.0
08-16 14:22:16.809 I/LetvHelperMain(15946): [com.stv.helper.main] ScanNetworkLatencySubTask -- The gateway list : /10.58.80.1
08-16 14:22:16.809 I/LetvHelperMain(15946): [com.stv.helper.main] ScanNetworkLatencySubTask -- The gateway is : /10.58.80.1
08-16 14:22:16.944 I/tvos    ( 1764): GetAudioOutputDevice, retval : 0
08-16 14:22:17.194 I/tvos    ( 1764): GetAudioOutputDevice, retval : 0
08-16 14:22:17.395 W/InputDispatcher( 2207): findFocusedWindow finished: injectionResult=0, timeSpentWaitingForApplication=0.0ms
08-16 14:22:17.403 W/InputDispatcher( 2207): findFocusedWindow finished: injectionResult=0, timeSpentWaitingForApplication=0.0ms
08-16 14:22:17.406 W/InputDispatcher( 2207): setFocusedApplication
08-16 14:22:17.409 W/ActivityManager( 2207): Duplicate finish request for ActivityRecord{5a00353 u0 com.stv.helper.main/com.stv.helper.ui.OneKeyExamMainActivity t22 f}
08-16 14:22:17.413 I/LetvHelperMain(15946): [com.stv.helper.main] OneKeyExamMainActivity --  onPause 
08-16 14:22:17.414 W/ActivityManager( 2207): Duplicate finish request for ActivityRecord{5a00353 u0 com.stv.helper.main/com.stv.helper.ui.OneKeyExamMainActivity t22 f}
08-16 14:22:17.415 I/ActivityManager( 2207): accel TR9) TaskRecord{3243592 #22 A=letv.task.helper U=0 sz=2}
08-16 14:22:17.415 I/ActivityManager( 2207): accel TR8) TaskRecord{14b0d11 #1 A=com.stv.launcher U=0 sz=1}
08-16 14:22:17.435 I/LetvHelperMain(15946): [com.stv.helper.main] LetvHelperActivity --  onStart 
08-16 14:22:17.435 I/LetvHelperMain(15946): [com.stv.helper.main] LetvHelperActivity --  onResume 
08-16 14:22:17.445 I/tvos    ( 1764): GetAudioOutputDevice, retval : 0
08-16 14:22:17.446 I/LetvHelperMain(15946): [com.stv.helper.main] LetvHelperActivity -- mRomTotalSize 9580281856, mRomUsedSize 2723045376
08-16 14:22:17.449 I/LetvHelperMain(15946): [com.stv.helper.main] LetvHelperActivity -- mRamTotalSize 3620216832, mRamFreeSize 1492635648
08-16 14:22:17.449 I/LetvHelperMain(15946): [com.stv.helper.main] LetvHelperActivity -- refreshOneKeyExamView
08-16 14:22:17.479 W/InputDispatcher( 2207): Focus left window: Window{59d81af u0 com.stv.helper.main/com.stv.helper.ui.OneKeyExamMainActivity}
08-16 14:22:17.479 W/InputDispatcher( 2207): Focus entered window: Window{8a12742 u0 com.stv.helper.main/com.stv.helper.main.LetvHelperActivity}
08-16 14:22:17.482 E/BufferQueueProducer( 1749): [com.stv.helper.main/com.stv.helper.main.LetvHelperActivity] connect(P): already connected (cur=1 req=1)
08-16 14:22:17.485 I/tvos    ( 1764): [37m[INFO] Change to Voltage: 1150 mV (0x22)[m
08-16 14:22:17.485 I/tvos    ( 1764): [37m[INFO] Change to Voltage: 1150 mV (0x25)[m
08-16 14:22:17.486 I/tvos    ( 1764): [37m[INFO] Change to Voltage: 1150 mV (0x28)[m
08-16 14:22:17.487 I/tvos    ( 1764): [37m[INFO] Change to Voltage: 1150 mV (0x2B)[m
08-16 14:22:17.488 I/tvos    ( 1764): [37m[INFO] Change to Voltage: 1150 mV (0x2E)[m
08-16 14:22:17.489 I/tvos    ( 1764): [37m[INFO] Change to Voltage: 1150 mV (0x2E)[m
08-16 14:22:17.587 I/tvos    ( 1764): [37m[INFO] Change to Voltage: 1030 mV (0x2E)[m
08-16 14:22:17.587 I/tvos    ( 1764): [37m[INFO] Change to Voltage: 1030 mV (0x2B)[m
08-16 14:22:17.587 I/tvos    ( 1764): [37m[INFO] Change to Voltage: 1030 mV (0x28)[m
08-16 14:22:17.587 I/tvos    ( 1764): [37m[INFO] Change to Voltage: 1030 mV (0x25)[m
08-16 14:22:17.587 I/tvos    ( 1764): [37m[INFO] Change to Voltage: 1030 mV (0x22)[m
08-16 14:22:17.587 I/tvos    ( 1764): [37m[INFO] Change to Voltage: 1030 mV (0x22)[m
08-16 14:22:17.695 I/tvos    ( 1764): GetAudioOutputDevice, retval : 0
08-16 14:22:17.946 I/tvos    ( 1764): GetAudioOutputDevice, retval : 0
08-16 14:22:17.953 I/LetvHelperMain(15946): [com.stv.helper.main] OneKeyExamMainActivity --  onStop 
08-16 14:22:17.953 I/LetvHelperMain(15946): [com.stv.helper.main] OneKeyExamMainActivity --  onDestroy 
08-16 14:22:17.991 W/InputDispatcher( 2207): Window went away: Window{59d81af u0 com.stv.helper.main/com.stv.helper.ui.OneKeyExamMainActivity}
08-16 14:22:18.196 I/tvos    ( 1764): GetAudioOutputDevice, retval : 0
08-16 14:22:18.446 I/tvos    ( 1764): GetAudioOutputDevice, retval : 0
08-16 14:22:18.658 I/reService( 2207): onReportKeyEvent  type=type0 keycode=19*4 
08-16 14:22:18.659 E/LETV_DEVICE( 1780): no name sn for Mstar
08-16 14:22:18.665 E/ActivityThread( 2837): Failed to find provider info for com.letv.agnes.InfoProvider
08-16 14:22:18.666 E/ActivityThread( 2837): Failed to find provider info for com.letv.agnes.InfoProvider
08-16 14:22:18.667 W/System.err( 2837): java.lang.IllegalArgumentException: Unknown URL content://com.letv.agnes.InfoProvider
08-16 14:22:18.667 W/System.err( 2837): 	at android.content.ContentResolver.insert(ContentResolver.java:1227)
08-16 14:22:18.667 W/System.err( 2837): 	at com.letv.tracker2.agnes.Configuration.addDebugInfo(Configuration.java:289)
08-16 14:22:18.668 W/System.err( 2837): 	at com.letv.tracker2.agnes.MessageProcessor$SendEnvMsgTr$1.handleMessage(MessageProcessor.java:661)
08-16 14:22:18.668 W/System.err( 2837): 	at android.os.Handler.dispatchMessage(Handler.java:102)
08-16 14:22:18.668 W/System.err( 2837): 	at android.os.Looper.loop(Looper.java:148)
08-16 14:22:18.668 W/System.err( 2837): 	at com.letv.tracker2.agnes.MessageProcessor$SendEnvMsgTr.run(MessageProcessor.java:665)
08-16 14:22:18.675 I/[T1.0.6.3]EuiAgnes_Server( 2837): resCode:1
08-16 14:22:18.675 I/[T1.0.6.3]EuiAgnes_Server( 2837): b[0]:0
08-16 14:22:18.697 I/tvos    ( 1764): GetAudioOutputDevice, retval : 0
08-16 14:22:18.947 I/tvos    ( 1764): GetAudioOutputDevice, retval : 0
08-16 14:22:19.198 I/tvos    ( 1764): GetAudioOutputDevice, retval : 0
08-16 14:22:19.448 I/tvos    ( 1764): GetAudioOutputDevice, retval : 0
08-16 14:22:19.505 E/LetvRemoteupgradeManager-JNI( 2613): can't get LetvManager service!
08-16 14:22:19.699 I/tvos    ( 1764): GetAudioOutputDevice, retval : 0
08-16 14:22:19.847 I/LetvHelperMain(15946): [com.stv.helper.main] ScanNetworkLatencySubTask -- Test gateway : 10.58.80.1; delay = 0.9, loss = 0
08-16 14:22:19.847 I/LetvHelperMain(15946): [com.stv.helper.main] OneKeyExamMainActivity -- onScoreChange changedScore:0
08-16 14:22:19.860 I/LetvHelperMain(15946): [com.stv.helper.main] CirecleProgressView -- ===================>    mProgress :  10.200001
08-16 14:22:19.923 W/InputDispatcher( 2207): findTouchedWindow finished: injectionResult=0, injectionPermission=1, timeSpentWaitingForApplication=0.0ms
08-16 14:22:19.925 W/InputDispatcher( 2207): findTouchedWindow finished: injectionResult=0, injectionPermission=1, timeSpentWaitingForApplication=0.0ms
08-16 14:22:19.927 I/ActivityManager( 2207): START u0 {cmp=com.stv.helper.main/com.stv.helper.ui.RubbishCleanupActivity} from uid 1000 on display 0
08-16 14:22:19.927 I/SoundPool( 2207): enter : func play
08-16 14:22:19.931 I/APM::AudioPolicyEngine( 1758): getDeviceForStrategy, 359
08-16 14:22:19.931 I/audio_hw_primary( 1758): version:a00004 adev_create_audio_patch::mix->device 
08-16 14:22:19.931 I/audio_hw_primary( 1758): adev_create_audio_patch *handle=-1420227928 num_audio_patch=3
08-16 14:22:19.936 E/AudioManagerService( 1803): setAudioVolume(callingPid 1758, clientPid 1758, enSoundPath 0, volumn:0 )
08-16 14:22:19.937 W/InputDispatcher( 2207): setFocusedApplication
08-16 14:22:19.938 I/tvos    ( 1764): SetVolume, subWooExist 0!
08-16 14:22:19.938 I/tvos    ( 1764): mapi_audio_customer::SetAbsoluteVolume: project name is X440M
08-16 14:22:19.938 I/tvos    ( 1764): SetAbsoluteVolume: uPercent : 0, path=52(speaker), VolumeInt=7f, VolumeFra=0
08-16 14:22:19.939 I/tvos    ( 1764): SetAbsoluteVolume: uPercent(currVol) : 0, realPath=52(default), VolumeInt=7f, VolumeFra=0
08-16 14:22:19.939 I/tvos    ( 1764): mapi_audio_customer::SetAbsoluteVolume: project name is X440M
08-16 14:22:19.939 I/tvos    ( 1764): SetAbsoluteVolume: uPercent : 0, path=49(HP), VolumeInt=7f, VolumeFra=0
08-16 14:22:19.939 I/tvos    ( 1764): SetAbsoluteVolume: uPercent(currVol) : 0, realPath=49(default), VolumeInt=7f, VolumeFra=0
08-16 14:22:19.939 I/tvos    ( 1764): mapi_audio_customer::SetAbsoluteVolume: project name is X440M
08-16 14:22:19.939 I/tvos    ( 1764): SetAbsoluteVolume, m_bBTDetect is false! 
08-16 14:22:19.939 I/tvos    ( 1764): mapi_audio_customer::SetAbsoluteVolume: project name is X440M
08-16 14:22:19.939 I/tvos    ( 1764): SetAbsoluteVolume: uPercent : 0, path=255(speaker), VolumeInt=7f, VolumeFra=0
08-16 14:22:19.939 I/tvos    ( 1764): SetAbsoluteVolume: uPercent(currVol) : 0, realPath=255(default), VolumeInt=7f, VolumeFra=0
08-16 14:22:19.939 I/tvos    ( 1764): [SetMuteStatus] call SetSoundMuteStatus, line : 10369, muteType: 4, onOff : 0 
08-16 14:22:19.939 I/tvos    ( 1764): [audioBSP] #1 m_internalMute : 0 ..
08-16 14:22:19.939 I/tvos    ( 1764): #1|->SDK_bPermanentAudioMute:0<-|->SDK_bMomentAudioMute:0 <-|->SDK_bBySyncAudioMute:0<-|->SDK_bByBlockAudioMute:0<-|->SDK_bByVChipAudioMute:0<-|
08-16 14:22:19.939 I/tvos    ( 1764): #1|->SDK_bInternal1AudioMute:0<-|->SDK_bInternal2AudioMute:0<-|->SDK_bInternal3AudioMute:0<-|->SDK_bInternal4AudioMute:0<-|
08-16 14:22:19.939 I/tvos    ( 1764): #1|->SDK_bByScanInOutchgCHchg:0<-|->SDK_bByDuringLimitedTimeAudioMute:0<-|->SDK_bSourceSwitchAudioMute:0<-|
08-16 14:22:19.939 I/tvos    ( 1764): #1|->SDK_bMHEGApMute:0<-|->SDK_bAllAudioMuteCtrl:0<-|->SDK_bPowerOnMute:0<-|->SDK_bNullSourceMute0<-|->SDK_bSetInputSourceAudioMute:0<-|
08-16 14:22:19.939 I/tvos    ( 1764): [audioBSP] #2 m_spkrMute : 0 ..|->SDK_bUsrSpkrAudioMute:0<-|->SDK_bPowerOnMute:0<-|->SDK_bByUserAudioMute:0<-|
08-16 14:22:19.939 I/tvos    ( 1764): [audioBSP] #3 m_PcmCapture2Mute:0 |->SDK_bByUserPcmCapture2Mute:0<-|->SDK_SUB_bByUserAudioMute:0<-|->SDK_bByUserAudioMute:0<-|
08-16 14:22:19.939 I/tvos    ( 1764): [audioBSP] #5 m_hpMute : 1 ..|->SDK_bUsrHpAudioMute:1<-|->SDK_bPowerOnMute:0<-|->SDK_bByUserAudioMute:0<-|
08-16 14:22:19.939 I/tvos    ( 1764): [audioBSP] #12 m_spdifMute : 1 ..
08-16 14:22:19.939 I/tvos    ( 1764): #12|->SDK_bPermanentAudioMute:0<-|->SDK_bMomentAudioMute:0<-|->SDK_bByBlockAudioMute:0<-|
08-16 14:22:19.939 I/tvos    ( 1764): #12|->SDK_bByVChipAudioMute:0<-|->SDK_bInternal1AudioMute:0<-|->SDK_bInternal4AudioMute:0<-|
08-16 14:22:19.939 I/tvos    ( 1764): #12|->SDK_bByDuringLimitedTimeAudioMute:0<-|->SDK_bSourceSwitchAudioMute:0<-|->SDK_bMHEGApMute:0<-|
08-16 14:22:19.939 I/tvos    ( 1764): #12|->SDK_bPowerOnMute:0<-|->SDK_bUsrSpdifAudioMute:1<-|->SDK_bNullSourceMute:0<-|->SDK_bByAppMute:0<-|
08-16 14:22:19.939 I/tvos    ( 1764): ---Amplifier_ALC1310_LR_SWMute(0)
08-16 14:22:19.939 I/tvos    ( 1764): ALC1310 unmute good, addr: 0x13 readbackvalue: 4 
08-16 14:22:19.939 W/InputDispatcher( 2207): Focus left window: Window{8a12742 u0 com.stv.helper.main/com.stv.helper.main.LetvHelperActivity}
08-16 14:22:19.941 I/tvos    ( 1764): SetSoundMuteStatus : m_hpMute : 1, m_spdifMute : 1, m_DataInMute : 0, m_channel7Mute : 0, m_internalMute : 0, m_spkrMute : 0, m_PcmCapture1Mute : 0, m_PcmCapture2Mute : 0 
08-16 14:22:19.942 I/AudioUtil( 1758): setParameters spk_volume=0
08-16 14:22:19.942 I/audio_hw_primary( 1758): adev_set_parameters: spk_volume=0
08-16 14:22:19.943 E/LETV_DEVICE( 1780): no name sn for Mstar
08-16 14:22:19.943 I/tvos    ( 1764): GetAudioOutputDevice, retval : 0
08-16 14:22:19.943 I/LetvHelperMain(15946): [com.stv.helper.main] LetvHelperActivity --  onPause 
08-16 14:22:19.944 I/tvos    ( 1764): [SetMuteStatus] call SetSoundMuteStatus, line : 10369, muteType: 67108864, onOff : 1 
08-16 14:22:19.944 I/tvos    ( 1764): _TransMSrvMuteTypeToSDKMuteType: Err! muteType(67108864) is out of Range
08-16 14:22:19.946 I/tvos    ( 1764): [SetMuteStatus] call SetSoundMuteStatus, line : 10369, muteType: 4, onOff : 1 
08-16 14:22:19.946 I/tvos    ( 1764): [audioBSP] #1 m_internalMute : 0 ..
08-16 14:22:19.946 I/tvos    ( 1764): #1|->SDK_bPermanentAudioMute:0<-|->SDK_bMomentAudioMute:0 <-|->SDK_bBySyncAudioMute:0<-|->SDK_bByBlockAudioMute:0<-|->SDK_bByVChipAudioMute:0<-|
08-16 14:22:19.946 I/tvos    ( 1764): #1|->SDK_bInternal1AudioMute:0<-|->SDK_bInternal2AudioMute:0<-|->SDK_bInternal3AudioMute:0<-|->SDK_bInternal4AudioMute:0<-|
08-16 14:22:19.946 I/tvos    ( 1764): #1|->SDK_bByScanInOutchgCHchg:0<-|->SDK_bByDuringLimitedTimeAudioMute:0<-|->SDK_bSourceSwitchAudioMute:0<-|
08-16 14:22:19.946 I/tvos    ( 1764): #1|->SDK_bMHEGApMute:0<-|->SDK_bAllAudioMuteCtrl:0<-|->SDK_bPowerOnMute:0<-|->SDK_bNullSourceMute0<-|->SDK_bSetInputSourceAudioMute:0<-|
08-16 14:22:19.946 I/tvos    ( 1764): [audioBSP] #2 m_spkrMute : 1 ..|->SDK_bUsrSpkrAudioMute:0<-|->SDK_bPowerOnMute:0<-|->SDK_bByUserAudioMute:1<-|
08-16 14:22:19.946 I/tvos    ( 1764): [audioBSP] #3 m_PcmCapture2Mute:1 |->SDK_bByUserPcmCapture2Mute:0<-|->SDK_SUB_bByUserAudioMute:0<-|->SDK_bByUserAudioMute:1<-|
08-16 14:22:19.946 I/tvos    ( 1764): [audioBSP] #5 m_hpMute : 1 ..|->SDK_bUsrHpAudioMute:1<-|->SDK_bPowerOnMute:0<-|->SDK_bByUserAudioMute:1<-|
08-16 14:22:19.946 I/tvos    ( 1764): [audioBSP] #12 m_spdifMute : 1 ..
08-16 14:22:19.946 I/tvos    ( 1764): #12|->SDK_bPermanentAudioMute:0<-|->SDK_bMomentAudioMute:0<-|->SDK_bByBlockAudioMute:0<-|
08-16 14:22:19.946 I/tvos    ( 1764): #12|->SDK_bByVChipAudioMute:0<-|->SDK_bInternal1AudioMute:0<-|->SDK_bInternal4AudioMute:0<-|
08-16 14:22:19.946 I/tvos    ( 1764): #12|->SDK_bByDuringLimitedTimeAudioMute:0<-|->SDK_bSourceSwitchAudioMute:0<-|->SDK_bMHEGApMute:0<-|
08-16 14:22:19.946 I/tvos    ( 1764): #12|->SDK_bPowerOnMute:0<-|->SDK_bUsrSpdifAudioMute:1<-|->SDK_bNullSourceMute:0<-|->SDK_bByAppMute:0<-|
08-16 14:22:19.946 I/tvos    ( 1764): ---Amplifier_ALC1310_LR_SWMute(1)
08-16 14:22:19.946 I/tvos    ( 1764): ALC1310 mute write good, addr: 0x13, readback data : 49164, write cmd times : 1
08-16 14:22:19.949 I/tvos    ( 1764): SetSoundMuteStatus : m_hpMute : 1, m_spdifMute : 1, m_DataInMute : 0, m_channel7Mute : 0, m_internalMute : 0, m_spkrMute : 1, m_PcmCapture1Mute : 0, m_PcmCapture2Mute : 1 
08-16 14:22:19.949 I/tvos    ( 1764): GetAudioOutputDevice, retval : 0
08-16 14:22:19.955 I/ActivityManager( 2207): accel TR9) TaskRecord{3243592 #22 A=letv.task.helper U=0 sz=2}
08-16 14:22:19.955 I/ActivityManager( 2207): accel TR8) TaskRecord{14b0d11 #1 A=com.stv.launcher U=0 sz=1}
08-16 14:22:19.966 E/ActivityThread( 2837): Failed to find provider info for com.letv.agnes.InfoProvider
08-16 14:22:19.967 E/audio_hw_primary( 1758): out_get_presentation_position pcm_get_htimestamp(pcm, &avail, timestamp) != 0!!!
08-16 14:22:19.967 E/ActivityThread( 2837): Failed to find provider info for com.letv.agnes.InfoProvider
08-16 14:22:19.967 W/System.err( 2837): java.lang.IllegalArgumentException: Unknown URL content://com.letv.agnes.InfoProvider
08-16 14:22:19.968 W/System.err( 2837): 	at android.content.ContentResolver.insert(ContentResolver.java:1227)
08-16 14:22:19.968 W/System.err( 2837): 	at com.letv.tracker2.agnes.Configuration.addDebugInfo(Configuration.java:289)
08-16 14:22:19.968 W/System.err( 2837): 	at com.letv.tracker2.agnes.MessageProcessor$SendEnvMsgTr$1.handleMessage(MessageProcessor.java:661)
08-16 14:22:19.969 W/System.err( 2837): 	at android.os.Handler.dispatchMessage(Handler.java:102)
08-16 14:22:19.969 W/System.err( 2837): 	at android.os.Looper.loop(Looper.java:148)
08-16 14:22:19.969 W/System.err( 2837): 	at com.letv.tracker2.agnes.MessageProcessor$SendEnvMsgTr.run(MessageProcessor.java:665)
08-16 14:22:19.970 I/LetvHelperMain(15946): [com.stv.helper.main] RubbishCleanupActivity --  onCreate 
08-16 14:22:19.971 I/System.out(15946): From style:
08-16 14:22:19.971 I/System.out(15946): Attrs: 3010001=0.6 3010002=res/drawable-hdpi-v4/ic_desk_app_bg.jpg 3010003=null 3010004=true
08-16 14:22:19.971 I/[T1.0.6.3]EuiAgnes_Server( 2837): resCode:1
08-16 14:22:19.971 I/[T1.0.6.3]EuiAgnes_Server( 2837): b[0]:0
08-16 14:22:19.978 I/InputDispatcher( 2207): Dropping event because there is no touchable window at (306, 944).
08-16 14:22:19.978 W/InputDispatcher( 2207): findTouchedWindow finished: injectionResult=2, injectionPermission=1, timeSpentWaitingForApplication=0.0ms
08-16 14:22:19.978 W/InputManager( 2207): Input event injection from pid 15874 failed.
08-16 14:22:19.979 W/InputDispatcher( 2207): Dropping event because there is no touched foreground window to receive it.
08-16 14:22:19.979 W/InputDispatcher( 2207): findTouchedWindow finished: injectionResult=2, injectionPermission=1, timeSpentWaitingForApplication=0.0ms
08-16 14:22:19.980 W/InputManager( 2207): Input event injection from pid 15874 failed.
08-16 14:22:19.994 W/CursorWrapperInner(15946): Cursor finalized without prior close()
08-16 14:22:20.018 I/LetvHelperMain(15946): [com.stv.helper.main] RubbishCleanupActivity --  onStart 
08-16 14:22:20.018 I/LetvHelperMain(15946): [com.stv.helper.main] RubbishCleanupActivity --  onResume 
08-16 14:22:20.056 W/InputDispatcher( 2207): Focus entered window: Window{8d98454 u0 com.stv.helper.main/com.stv.helper.ui.RubbishCleanupActivity}
08-16 14:22:20.062 E/BufferQueueProducer( 1749): [com.stv.helper.main/com.stv.helper.ui.RubbishCleanupActivity] connect(P): already connected (cur=1 req=1)
08-16 14:22:20.086 I/tvos    ( 1764): [37m[INFO] Change to Voltage: 1150 mV (0x22)[m
08-16 14:22:20.086 I/tvos    ( 1764): [37m[INFO] Change to Voltage: 1150 mV (0x25)[m
08-16 14:22:20.086 I/tvos    ( 1764): [37m[INFO] Change to Voltage: 1150 mV (0x28)[m
08-16 14:22:20.087 I/tvos    ( 1764): [37m[INFO] Change to Voltage: 1150 mV (0x2B)[m
08-16 14:22:20.087 I/tvos    ( 1764): [37m[INFO] Change to Voltage: 1150 mV (0x2E)[m
08-16 14:22:20.088 E/ActivityThread(15946): Failed to find provider info for com.stv.helper.RubbishPathProvider
08-16 14:22:20.088 I/tvos    ( 1764): [37m[INFO] Change to Voltage: 1150 mV (0x2E)[m
08-16 14:22:20.089 E/ActivityThread(15946): Failed to find provider info for com.stv.helper.RubbishPathProvider
08-16 14:22:20.136 I/ActivityManager( 2207): Displayed com.stv.helper.main/com.stv.helper.ui.RubbishCleanupActivity: +187ms
08-16 14:22:20.137 W/ContextImpl( 2207): Calling a method in the system process without a qualified user: android.app.ContextImpl.sendBroadcast:766 com.android.server.am.ActivityRecord.reportLaunchTimeLocked:1056 com.android.server.am.ActivityRecord.windowsDrawnLocked:1080 com.android.server.am.ActivityRecord$Token.windowsDrawn:345 com.android.server.wm.WindowManagerService$H.handleMessage:8042 
08-16 14:22:20.187 I/tvos    ( 1764): [37m[INFO] Change to Voltage: 1030 mV (0x2E)[m
08-16 14:22:20.187 I/tvos    ( 1764): [37m[INFO] Change to Voltage: 1030 mV (0x2B)[m
08-16 14:22:20.187 I/tvos    ( 1764): [37m[INFO] Change to Voltage: 1030 mV (0x28)[m
08-16 14:22:20.187 I/tvos    ( 1764): [37m[INFO] Change to Voltage: 1030 mV (0x25)[m
08-16 14:22:20.188 I/tvos    ( 1764): [37m[INFO] Change to Voltage: 1030 mV (0x22)[m
08-16 14:22:20.188 I/tvos    ( 1764): [37m[INFO] Change to Voltage: 1030 mV (0x22)[m
08-16 14:22:20.199 I/tvos    ( 1764): GetAudioOutputDevice, retval : 0
08-16 14:22:20.450 I/tvos    ( 1764): GetAudioOutputDevice, retval : 0
08-16 14:22:20.473 I/APM::AudioPolicyEngine( 1758): getDeviceForStrategy, 359
08-16 14:22:20.562 I/LetvHelperMain(15946): [com.stv.helper.main] LetvHelperActivity --  onStop 
08-16 14:22:20.700 I/tvos    ( 1764): GetAudioOutputDevice, retval : 0
08-16 14:22:20.927 I/WifiStateMachine( 2207):  DisconnectedState !CMD_START_SCAN  rt=511407360/511407360 -2 34072 ic=1 proc(ms):15012 dur:2933 cnt=34072 rssi=-127 f=-1 sc=0 link=-1 tx=0.0, 0.0, 0.0  rx=0.0 fiv=20000 [on:0 tx:0 rx:0 period:15010] from screen [on:0 period:1097216255]
08-16 14:22:20.928 I/WifiStateMachine( 2207): handlescanrequest  starting scan for 
08-16 14:22:20.928 I/WifiStateMachine( 2207): startscannative  starting scan for 
08-16 14:22:20.951 I/tvos    ( 1764): GetAudioOutputDevice, retval : 0
08-16 14:22:20.985 I/tvos    ( 1764): [37m[INFO] Change to Voltage: 1130 mV (0x1F)[m
08-16 14:22:20.985 I/tvos    ( 1764): [37m[INFO] Change to Voltage: 1130 mV (0x22)[m
08-16 14:22:20.986 I/tvos    ( 1764): [37m[INFO] Change to Voltage: 1130 mV (0x25)[m
08-16 14:22:20.987 I/tvos    ( 1764): [37m[INFO] Change to Voltage: 1130 mV (0x28)[m
08-16 14:22:20.988 I/tvos    ( 1764): [37m[INFO] Change to Voltage: 1130 mV (0x2B)[m
08-16 14:22:20.988 I/tvos    ( 1764): [37m[INFO] Change to Voltage: 1130 mV (0x2C)[m
08-16 14:22:21.201 I/tvos    ( 1764): GetAudioOutputDevice, retval : 0
08-16 14:22:21.288 I/tvos    ( 1764): [37m[INFO] Change to Voltage: 1000 mV (0x2C)[m
08-16 14:22:21.288 I/tvos    ( 1764): [37m[INFO] Change to Voltage: 1000 mV (0x29)[m
08-16 14:22:21.288 I/tvos    ( 1764): [37m[INFO] Change to Voltage: 1000 mV (0x26)[m
08-16 14:22:21.288 I/tvos    ( 1764): [37m[INFO] Change to Voltage: 1000 mV (0x23)[m
