08-16 14:23:09.804 I/tvos    ( 1764): GetAudioOutputDevice, retval : 0
08-16 14:23:10.054 I/tvos    ( 1764): GetAudioOutputDevice, retval : 0
08-16 14:23:10.304 I/tvos    ( 1764): GetAudioOutputDevice, retval : 0
08-16 14:23:10.517 E/LetvRemoteupgradeManager-JNI( 2613): can't get LetvManager service!
08-16 14:23:10.555 I/tvos    ( 1764): GetAudioOutputDevice, retval : 0
08-16 14:23:10.806 I/tvos    ( 1764): GetAudioOutputDevice, retval : 0
08-16 14:23:11.056 I/tvos    ( 1764): GetAudioOutputDevice, retval : 0
08-16 14:23:11.306 I/tvos    ( 1764): GetAudioOutputDevice, retval : 0
08-16 14:23:11.557 I/tvos    ( 1764): GetAudioOutputDevice, retval : 0
08-16 14:23:11.807 I/tvos    ( 1764): GetAudioOutputDevice, retval : 0
08-16 14:23:12.058 I/tvos    ( 1764): GetAudioOutputDevice, retval : 0
08-16 14:23:12.308 I/tvos    ( 1764): GetAudioOutputDevice, retval : 0
08-16 14:23:12.559 I/tvos    ( 1764): GetAudioOutputDevice, retval : 0
08-16 14:23:12.809 I/tvos    ( 1764): GetAudioOutputDevice, retval : 0
08-16 14:23:13.062 I/tvos    ( 1764): GetAudioOutputDevice, retval : 0
08-16 14:23:13.311 I/tvos    ( 1764): GetAudioOutputDevice, retval : 0
08-16 14:23:13.517 E/LetvRemoteupgradeManager-JNI( 2613): can't get LetvManager service!
08-16 14:23:13.561 I/tvos    ( 1764): GetAudioOutputDevice, retval : 0
08-16 14:23:13.812 I/tvos    ( 1764): GetAudioOutputDevice, retval : 0
08-16 14:23:14.063 I/tvos    ( 1764): GetAudioOutputDevice, retval : 0
08-16 14:23:14.313 I/tvos    ( 1764): GetAudioOutputDevice, retval : 0
08-16 14:23:14.564 I/tvos    ( 1764): GetAudioOutputDevice, retval : 0
08-16 14:23:14.814 I/tvos    ( 1764): GetAudioOutputDevice, retval : 0
08-16 14:23:15.065 I/tvos    ( 1764): GetAudioOutputDevice, retval : 0
08-16 14:23:15.308 I/StvLogReport( 2837): Report Nielsen, handleMessage: 'send bd ok
08-16 14:23:15.308 I/StvLogReport( 2837): 6^C2014082201^X440M-b01bd2542d51-^A1A90F9A1254CF6F^^55B944A842EFE85D^10.58.81.134^2018-08-16 14:23:05^1^2.57^5^I^^^^^^^^^-100^10.58.81.134^DESKTOP-8BOKCO0^DESKTOP-8BOKCO0^
08-16 14:23:15.308 I/StvLogReport( 2837): 6^C2014082201^X440M-b01bd2542d51-^A1A90F9A1254CF6F^^2529141877B42C0F^10.58.81.60^2018-08-16 14:23:05^1^2.57^5^I^^^^^^^^^-100^10.58.81.60^5BBYXB2^5BBYXB2^
08-16 14:23:15.308 I/StvLogReport( 2837): 6^C2014082201^X440M-b01bd2542d51-^A1A90F9A1254CF6F^^816B705A0F2D2CF7^10.58.81.67^2018-08-16 14:23:05^1^2.57^5^I^^^^^^^^^-100^10.58.81.67^5CD6151516^5CD6151516^
08-16 14:23:15.308 I/StvLogReport( 2837): 6^C2014082201^X440M-b01bd2542d51-^A1A90F9A1254CF6F^^45753464A9268F57^10.58.81.61^2018-08-16 14:23:05^1^2.57^0^I^^^^^^^^^-100^10.58.81.61^^^
08-16 14:23:15.308 I/StvLogReport( 2837): 6^C2014082201^X440M-b01bd2542d51-^A1A90F9A1254CF6F^^111F000EC6A87799^10.58.81.132^2018-08-16 14:23:05^1^2.57^5^I^^^^^^^^^-100^10.58.81.132^WORKGROUP^LETV-PC^
08-16 14:23:15.308 I/StvLogReport( 2837): 6^C2014082201^X440M-b01bd2542d51-^A1A90F9A1254CF6F^^C12CB01BD269DDFA^10.58.81.58^2018-08-16 14:23:05^1^2.57^0^I^^^^^^^^^-100^10.58.81.58^^^
08-16 14:23:15.308 I/StvLogReport( 2837): 6^C2014082201^X440M-b01bd2542d51-^A1A90F9A1254CF6F^^ED5BDC4A3EECCB4D^10.58.81.231^2018-08-16 14:23:05^1^2.57^0^I^^^^^^^^^-100^10.58.81.231^^^
08-16 14:23:15.308 I/StvLogReport( 2837): 6^C2014082201^X440M-b01bd2542d51-^A1A90F9A1254CF6F^^E170D06F4A641BF7^10.58.81.81^2018-08-16 14:23:05^1^2.57^0^I^^^^^^^^^-100^10.58.81.81^^^
08-16 14:23:15.308 I/StvLogReport( 2837): 6^C2014082201^X440M-b01bd2542d51-^A1A90F9A1254CF6F^^61765065F33C0638^10.58.81.124^2018-08-16 14:23:05^1^2.57^5^I^^^^^^^^^-100^10.58.81.124^HSR^HSR^
08-16 14:23:15.308 I/StvLogReport( 2837): 6^C2014082201^X440M-b01bd2542d51-^A1A90F9A1254CF6F^^E5FFD4EE07369963^10.58.81.176^2018-08-16 14:23:05^1^2.57^0^I^^^^^^^^^-100^10.58.81.176^^^ (104)'.
08-16 14:23:15.315 I/tvos    ( 1764): GetAudioOutputDevice, retval : 0
08-16 14:23:15.566 I/tvos    ( 1764): GetAudioOutputDevice, retval : 0
08-16 14:23:15.816 I/tvos    ( 1764): GetAudioOutputDevice, retval : 0
08-16 14:23:16.067 I/tvos    ( 1764): GetAudioOutputDevice, retval : 0
08-16 14:23:16.318 I/tvos    ( 1764): GetAudioOutputDevice, retval : 0
08-16 14:23:16.393 I/lbplayer( 4071): [main]:ServiceDOWN:dlnaRender is running
08-16 14:23:16.393 I/lbplayer( 4071): [main]:ServiceDOWN:LeLinkService is running
08-16 14:23:16.393 I/lbplayer( 4071): [main]:ServiceDOWN:mainServer is running
08-16 14:23:16.518 E/LetvRemoteupgradeManager-JNI( 2613): can't get LetvManager service!
08-16 14:23:16.568 I/tvos    ( 1764): GetAudioOutputDevice, retval : 0
08-16 14:23:16.819 I/tvos    ( 1764): GetAudioOutputDevice, retval : 0
08-16 14:23:17.070 I/tvos    ( 1764): GetAudioOutputDevice, retval : 0
08-16 14:23:17.320 I/tvos    ( 1764): GetAudioOutputDevice, retval : 0
08-16 14:23:17.571 I/tvos    ( 1764): GetAudioOutputDevice, retval : 0
08-16 14:23:17.821 I/tvos    ( 1764): GetAudioOutputDevice, retval : 0
08-16 14:23:18.072 I/tvos    ( 1764): GetAudioOutputDevice, retval : 0
08-16 14:23:18.322 I/tvos    ( 1764): GetAudioOutputDevice, retval : 0
08-16 14:23:18.572 I/tvos    ( 1764): GetAudioOutputDevice, retval : 0
08-16 14:23:18.823 I/tvos    ( 1764): GetAudioOutputDevice, retval : 0
08-16 14:23:19.073 I/tvos    ( 1764): GetAudioOutputDevice, retval : 0
08-16 14:23:19.324 I/tvos    ( 1764): GetAudioOutputDevice, retval : 0
08-16 14:23:19.518 E/LetvRemoteupgradeManager-JNI( 2613): can't get LetvManager service!
08-16 14:23:19.574 I/tvos    ( 1764): GetAudioOutputDevice, retval : 0
08-16 14:23:19.824 I/tvos    ( 1764): GetAudioOutputDevice, retval : 0
08-16 14:23:20.075 I/tvos    ( 1764): GetAudioOutputDevice, retval : 0
08-16 14:23:20.325 I/tvos    ( 1764): GetAudioOutputDevice, retval : 0
08-16 14:23:20.576 I/tvos    ( 1764): GetAudioOutputDevice, retval : 0
08-16 14:23:20.826 I/tvos    ( 1764): GetAudioOutputDevice, retval : 0
08-16 14:23:20.975 I/WifiStateMachine( 2207):  DisconnectedState !CMD_START_SCAN  rt=511467408/511467408 -2 34076 ic=1 proc(ms):15012 dur:2916 cnt=34076 rssi=-127 f=-1 sc=0 link=-1 tx=0.0, 0.0, 0.0  rx=0.0 fiv=20000 [on:0 tx:0 rx:0 period:15008] from screen [on:0 period:1097276303]
08-16 14:23:20.976 I/WifiStateMachine( 2207): handlescanrequest  starting scan for 
08-16 14:23:20.976 I/WifiStateMachine( 2207): startscannative  starting scan for 
08-16 14:23:21.077 I/tvos    ( 1764): GetAudioOutputDevice, retval : 0
08-16 14:23:21.327 I/tvos    ( 1764): GetAudioOutputDevice, retval : 0
08-16 14:23:21.392 I/StvLogReport( 2837): Report Nielsen, handleMessage: 'send bd ok
08-16 14:23:21.392 I/StvLogReport( 2837): 6^C2014082201^X440M-b01bd2542d51-^A1A90F9A1254CF6F^^C12CB01BD25AAF23^10.58.81.106^2018-08-16 14:23:05^1^2.57^0^I^^^^^^^^^-100^10.58.81.106^^^
08-16 14:23:21.392 I/StvLogReport( 2837): 6^C2014082201^X440M-b01bd2542d51-^A1A90F9A1254CF6F^^61765065F321A8D3^10.58.81.125^2018-08-16 14:23:05^1^2.57^5^I^^^^^^^^^-100^10.58.81.125^LIXIN-HP-Z440-W^LIXIN-HP-Z440-W^
08-16 14:23:21.392 I/StvLogReport( 2837): 6^C2014082201^X440M-b01bd2542d51-^A1A90F9A1254CF6F^^111D000C29227B7C^10.58.81.76^2018-08-16 14:23:05^1^2.57^0^I^^^^^^^^^-100^10.58.81.76^^^
08-16 14:23:21.392 I/StvLogReport( 2837): 6^C2014082201^X440M-b01bd2542d51-^A1A90F9A1254CF6F^^C16BB05ADADC87F2^10.58.81.104^2018-08-16 14:23:05^1^2.57^5^I^^^^^^^^^-100^10.58.81.104^MIYD9RPXWIWMFVS^MIYD9RPXWIWMFVS^
08-16 14:23:21.392 I/StvLogReport( 2837): 6^C2014082201^X440M-b01bd2542d51-^A1A90F9A1254CF6F^^111D000C291F5F50^10.58.81.74^2018-08-16 14:23:05^1^2.57^0^I^^^^^^^^^-100^10.58.81.74^^^
08-16 14:23:21.392 I/StvLogReport( 2837): 6^C2014082201^X440M-b01bd2542d51-^A1A90F9A1254CF6F^^111D000C29A8331D^10.58.81.75^2018-08-16 14:23:05^1^2.57^0^I^^^^^^^^^-100^10.58.81.75^^^
08-16 14:23:21.392 I/StvLogReport( 2837): 6^C2014082201^X440M-b01bd2542d51-^A1A90F9A1254CF6F^^7DB96CA8498527CB^10.58.81.170^2018-08-16 14:23:05^1^2.57^0^I^^^^^^^^^-100^10.58.81.170^^^
08-16 14:23:21.392 I/StvLogReport( 2837): 6^C2014082201^X440M-b01bd2542d51-^A1A90F9A1254CF6F^^C12CB01BD269D04E^10.58.81.53^2018-08-16 14:23:05^1^2.57^0^I^^^^^^^^^-100^10.58.81.53^^^
08-16 14:23:21.392 I/StvLogReport( 2837): 6^C2014082201^X440M-b01bd2542d51-^A1A90F9A1254CF6F^^111D000C29A0A465^10.58.81.73^2018-08-16 14:23:05^1^2.57^0^I^^^^^^^^^-100^10.58.81.73^^^
08-16 14:23:21.392 I/StvLogReport( 2837): 6^C2014082201^X440M-b01bd2542d51-^A1A90F9A1254CF6F^^C12CB01BD251766C^10.58.81.20^2018-08-16 14:23:05^1^2.57^0^I^^^^^^^^^-100^10.58.81.20^^^ (104)'.
08-16 14:23:21.578 I/tvos    ( 1764): GetAudioOutputDevice, retval : 0
08-16 14:23:21.828 I/tvos    ( 1764): GetAudioOutputDevice, retval : 0
08-16 14:23:22.079 I/tvos    ( 1764): GetAudioOutputDevice, retval : 0
08-16 14:23:22.185 I/tvos    ( 1764): [37m[INFO] Change to Voltage: 1130 mV (0x1F)[m
08-16 14:23:22.185 I/tvos    ( 1764): [37m[INFO] Change to Voltage: 1130 mV (0x22)[m
08-16 14:23:22.185 I/tvos    ( 1764): [37m[INFO] Change to Voltage: 1130 mV (0x25)[m
08-16 14:23:22.186 I/tvos    ( 1764): [37m[INFO] Change to Voltage: 1130 mV (0x28)[m
08-16 14:23:22.187 I/tvos    ( 1764): [37m[INFO] Change to Voltage: 1130 mV (0x2B)[m
08-16 14:23:22.188 I/tvos    ( 1764): [37m[INFO] Change to Voltage: 1130 mV (0x2C)[m
08-16 14:23:22.284 I/tvos    ( 1764): [37m[INFO] Change to Voltage: 1000 mV (0x2C)[m
08-16 14:23:22.285 I/tvos    ( 1764): [37m[INFO] Change to Voltage: 1000 mV (0x29)[m
08-16 14:23:22.286 I/tvos    ( 1764): [37m[INFO] Change to Voltage: 1000 mV (0x26)[m
08-16 14:23:22.287 I/tvos    ( 1764): [37m[INFO] Change to Voltage: 1000 mV (0x23)[m
08-16 14:23:22.288 I/tvos    ( 1764): [37m[INFO] Change to Voltage: 1000 mV (0x20)[m
08-16 14:23:22.289 I/tvos    ( 1764): [37m[INFO] Change to Voltage: 1000 mV (0x1F)[m
08-16 14:23:22.329 I/tvos    ( 1764): GetAudioOutputDevice, retval : 0
08-16 14:23:22.519 E/LetvRemoteupgradeManager-JNI( 2613): can't get LetvManager service!
08-16 14:23:22.580 I/tvos    ( 1764): GetAudioOutputDevice, retval : 0
08-16 14:23:22.832 I/tvos    ( 1764): GetAudioOutputDevice, retval : 0
08-16 14:23:23.083 I/tvos    ( 1764): GetAudioOutputDevice, retval : 0
08-16 14:23:23.333 I/tvos    ( 1764): GetAudioOutputDevice, retval : 0
08-16 14:23:23.584 I/tvos    ( 1764): GetAudioOutputDevice, retval : 0
08-16 14:23:23.834 I/tvos    ( 1764): GetAudioOutputDevice, retval : 0
08-16 14:23:23.882 I/WifiStateMachine( 2207):  DisconnectedState !SCAN_RESULTS_EVENT  rt=511470315/511470315 0 0 found=173 known=0 got=173 bcn=0 con=0
08-16 14:23:23.883 I/WifiStateMachine( 2207):  ConnectModeState !SCAN_RESULTS_EVENT  rt=511470316/511470316 0 0 found=173 known=0 got=173 bcn=0 con=0
08-16 14:23:23.884 I/WifiStateMachine( 2207):  DriverStartedState !SCAN_RESULTS_EVENT  rt=511470316/511470317 0 0 found=173 known=0 got=173 bcn=0 con=0
08-16 14:23:23.884 I/WifiStateMachine( 2207):  SupplicantStartedState !SCAN_RESULTS_EVENT  rt=511470317/511470317 0 0 found=173 known=0 got=173 bcn=0 con=0
08-16 14:23:24.007 I/WifiStateMachine( 2207): setscanresults newsupplicantresult
08-16 14:23:24.085 I/tvos    ( 1764): GetAudioOutputDevice, retval : 0
08-16 14:23:24.335 I/tvos    ( 1764): GetAudioOutputDevice, retval : 0
08-16 14:23:24.585 I/tvos    ( 1764): GetAudioOutputDevice, retval : 0
08-16 14:23:24.836 I/tvos    ( 1764): GetAudioOutputDevice, retval : 0
08-16 14:23:25.086 I/tvos    ( 1764): GetAudioOutputDevice, retval : 0
08-16 14:23:25.337 I/tvos    ( 1764): GetAudioOutputDevice, retval : 0
08-16 14:23:25.519 E/LetvRemoteupgradeManager-JNI( 2613): can't get LetvManager service!
08-16 14:23:25.587 I/tvos    ( 1764): GetAudioOutputDevice, retval : 0
08-16 14:23:25.838 I/tvos    ( 1764): GetAudioOutputDevice, retval : 0
08-16 14:23:26.088 I/tvos    ( 1764): GetAudioOutputDevice, retval : 0
08-16 14:23:26.338 I/tvos    ( 1764): GetAudioOutputDevice, retval : 0
08-16 14:23:26.589 I/tvos    ( 1764): GetAudioOutputDevice, retval : 0
