08-16 14:22:52.657 I/tvos    ( 1764): SetSoundMuteStatus : m_hpMute : 1, m_spdifMute : 1, m_DataInMute : 0, m_channel7Mute : 0, m_internalMute : 0, m_spkrMute : 0, m_PcmCapture1Mute : 0, m_PcmCapture2Mute : 0 
08-16 14:22:52.657 I/AudioUtil( 1758): setParameters spk_volume=0
08-16 14:22:52.658 I/audio_hw_primary( 1758): adev_set_parameters: spk_volume=0
08-16 14:22:52.658 E/LETV_DEVICE( 1780): no name sn for Mstar
08-16 14:22:52.659 I/tvos    ( 1764): GetAudioOutputDevice, retval : 0
08-16 14:22:52.659 I/LetvHelperMain(15946): [com.stv.helper.main] LetvHelperActivity --  onPause 
08-16 14:22:52.660 I/tvos    ( 1764): [SetMuteStatus] call SetSoundMuteStatus, line : 10369, muteType: 67108864, onOff : 1 
08-16 14:22:52.660 I/tvos    ( 1764): _TransMSrvMuteTypeToSDKMuteType: Err! muteType(67108864) is out of Range
08-16 14:22:52.665 I/tvos    ( 1764): [SetMuteStatus] call SetSoundMuteStatus, line : 10369, muteType: 4, onOff : 1 
08-16 14:22:52.665 I/tvos    ( 1764): [audioBSP] #1 m_internalMute : 0 ..
08-16 14:22:52.665 I/tvos    ( 1764): #1|->SDK_bPermanentAudioMute:0<-|->SDK_bMomentAudioMute:0 <-|->SDK_bBySyncAudioMute:0<-|->SDK_bByBlockAudioMute:0<-|->SDK_bByVChipAudioMute:0<-|
08-16 14:22:52.665 I/tvos    ( 1764): #1|->SDK_bInternal1AudioMute:0<-|->SDK_bInternal2AudioMute:0<-|->SDK_bInternal3AudioMute:0<-|->SDK_bInternal4AudioMute:0<-|
08-16 14:22:52.665 I/tvos    ( 1764): #1|->SDK_bByScanInOutchgCHchg:0<-|->SDK_bByDuringLimitedTimeAudioMute:0<-|->SDK_bSourceSwitchAudioMute:0<-|
08-16 14:22:52.665 I/tvos    ( 1764): #1|->SDK_bMHEGApMute:0<-|->SDK_bAllAudioMuteCtrl:0<-|->SDK_bPowerOnMute:0<-|->SDK_bNullSourceMute0<-|->SDK_bSetInputSourceAudioMute:0<-|
08-16 14:22:52.665 I/tvos    ( 1764): [audioBSP] #2 m_spkrMute : 1 ..|->SDK_bUsrSpkrAudioMute:0<-|->SDK_bPowerOnMute:0<-|->SDK_bByUserAudioMute:1<-|
08-16 14:22:52.665 I/tvos    ( 1764): [audioBSP] #3 m_PcmCapture2Mute:1 |->SDK_bByUserPcmCapture2Mute:0<-|->SDK_SUB_bByUserAudioMute:0<-|->SDK_bByUserAudioMute:1<-|
08-16 14:22:52.665 I/tvos    ( 1764): [audioBSP] #5 m_hpMute : 1 ..|->SDK_bUsrHpAudioMute:1<-|->SDK_bPowerOnMute:0<-|->SDK_bByUserAudioMute:1<-|
08-16 14:22:52.665 I/tvos    ( 1764): [audioBSP] #12 m_spdifMute : 1 ..
08-16 14:22:52.665 I/tvos    ( 1764): #12|->SDK_bPermanentAudioMute:0<-|->SDK_bMomentAudioMute:0<-|->SDK_bByBlockAudioMute:0<-|
08-16 14:22:52.665 I/tvos    ( 1764): #12|->SDK_bByVChipAudioMute:0<-|->SDK_bInternal1AudioMute:0<-|->SDK_bInternal4AudioMute:0<-|
08-16 14:22:52.665 I/tvos    ( 1764): #12|->SDK_bByDuringLimitedTimeAudioMute:0<-|->SDK_bSourceSwitchAudioMute:0<-|->SDK_bMHEGApMute:0<-|
08-16 14:22:52.665 I/tvos    ( 1764): #12|->SDK_bPowerOnMute:0<-|->SDK_bUsrSpdifAudioMute:1<-|->SDK_bNullSourceMute:0<-|->SDK_bByAppMute:0<-|
08-16 14:22:52.665 I/tvos    ( 1764): ---Amplifier_ALC1310_LR_SWMute(1)
08-16 14:22:52.665 I/tvos    ( 1764): ALC1310 mute write good, addr: 0x13, readback data : 49164, write cmd times : 1
08-16 14:22:52.667 I/tvos    ( 1764): SetSoundMuteStatus : m_hpMute : 1, m_spdifMute : 1, m_DataInMute : 0, m_channel7Mute : 0, m_internalMute : 0, m_spkrMute : 1, m_PcmCapture1Mute : 0, m_PcmCapture2Mute : 1 
08-16 14:22:52.671 I/[T1.0.6.3]EuiAgnes_Server( 2837): resCode:1
08-16 14:22:52.671 I/[T1.0.6.3]EuiAgnes_Server( 2837): b[0]:0
08-16 14:22:52.672 I/ActivityManager( 2207): accel TR9) TaskRecord{3243592 #22 A=letv.task.helper U=0 sz=2}
08-16 14:22:52.672 I/ActivityManager( 2207): accel TR8) TaskRecord{14b0d11 #1 A=com.stv.launcher U=0 sz=1}
08-16 14:22:52.680 E/ActivityThread( 2837): Failed to find provider info for com.letv.agnes.InfoProvider
08-16 14:22:52.681 E/ActivityThread( 2837): Failed to find provider info for com.letv.agnes.InfoProvider
08-16 14:22:52.681 W/System.err( 2837): java.lang.IllegalArgumentException: Unknown URL content://com.letv.agnes.InfoProvider
08-16 14:22:52.682 W/System.err( 2837): 	at android.content.ContentResolver.insert(ContentResolver.java:1227)
08-16 14:22:52.682 W/System.err( 2837): 	at com.letv.tracker2.agnes.Configuration.addDebugInfo(Configuration.java:289)
08-16 14:22:52.682 W/System.err( 2837): 	at com.letv.tracker2.agnes.MessageProcessor$SendEnvMsgTr$1.handleMessage(MessageProcessor.java:661)
08-16 14:22:52.682 W/System.err( 2837): 	at android.os.Handler.dispatchMessage(Handler.java:102)
08-16 14:22:52.682 W/System.err( 2837): 	at android.os.Looper.loop(Looper.java:148)
08-16 14:22:52.682 W/System.err( 2837): 	at com.letv.tracker2.agnes.MessageProcessor$SendEnvMsgTr.run(MessageProcessor.java:665)
08-16 14:22:52.683 I/LetvHelperMain(15946): [com.stv.helper.main] ParentLockActivity --  onCreate 
08-16 14:22:52.684 I/System.out(15946): From style:
08-16 14:22:52.684 I/System.out(15946): Attrs: 3010001=0.6 3010002=res/drawable-hdpi-v4/ic_desk_app_bg.jpg 3010003=null 3010004=true
08-16 14:22:52.739 I/LetvHelperMain(15946): [com.stv.helper.main] ParentLockActivity --  onStart 
08-16 14:22:52.739 I/LetvHelperMain(15946): [com.stv.helper.main] ParentLockActivity --  onResume 
08-16 14:22:52.740 W/ContextImpl(15946): Calling a method in the system process without a qualified user: android.app.ContextImpl.bindService:1288 android.content.ContextWrapper.bindService:604 com.stv.helper.ui.ParentLockActivity.connectToAppLockService:939 com.stv.helper.ui.ParentLockActivity.onResume:127 android.app.Instrumentation.callActivityOnResume:1258 
08-16 14:22:52.769 I/tvos    ( 1764): GetAudioOutputDevice, retval : 0
08-16 14:22:52.787 I/tvos    ( 1764): [37m[INFO] Change to Voltage: 1150 mV (0x22)[m
08-16 14:22:52.787 I/tvos    ( 1764): [37m[INFO] Change to Voltage: 1150 mV (0x25)[m
08-16 14:22:52.787 I/tvos    ( 1764): [37m[INFO] Change to Voltage: 1150 mV (0x28)[m
08-16 14:22:52.787 I/tvos    ( 1764): [37m[INFO] Change to Voltage: 1150 mV (0x2B)[m
08-16 14:22:52.787 I/tvos    ( 1764): [37m[INFO] Change to Voltage: 1150 mV (0x2E)[m
08-16 14:22:52.787 I/tvos    ( 1764): [37m[INFO] Change to Voltage: 1150 mV (0x2E)[m
08-16 14:22:52.792 W/InputDispatcher( 2207): Focus entered window: Window{303185f u0 com.stv.helper.main/com.stv.helper.ui.ParentLockActivity}
08-16 14:22:52.797 E/BufferQueueProducer( 1749): [com.stv.helper.main/com.stv.helper.ui.ParentLockActivity] connect(P): already connected (cur=1 req=1)
08-16 14:22:52.822 W/InputDispatcher( 2207): findTouchedWindow finished: injectionResult=0, injectionPermission=1, timeSpentWaitingForApplication=0.0ms
08-16 14:22:52.849 W/InputDispatcher( 2207): findTouchedWindow finished: injectionResult=0, injectionPermission=1, timeSpentWaitingForApplication=0.0ms
08-16 14:22:52.852 I/ActivityManager( 2207): Displayed com.stv.helper.main/com.stv.helper.ui.ParentLockActivity: +191ms
08-16 14:22:52.852 W/ContextImpl( 2207): Calling a method in the system process without a qualified user: android.app.ContextImpl.sendBroadcast:766 com.android.server.am.ActivityRecord.reportLaunchTimeLocked:1056 com.android.server.am.ActivityRecord.windowsDrawnLocked:1080 com.android.server.am.ActivityRecord$Token.windowsDrawn:345 com.android.server.wm.WindowManagerService$H.handleMessage:8042 
08-16 14:22:52.987 I/tvos    ( 1764): [37m[INFO] Change to Voltage: 1030 mV (0x2E)[m
08-16 14:22:52.987 I/tvos    ( 1764): [37m[INFO] Change to Voltage: 1030 mV (0x2B)[m
08-16 14:22:52.987 I/tvos    ( 1764): [37m[INFO] Change to Voltage: 1030 mV (0x28)[m
08-16 14:22:52.987 I/tvos    ( 1764): [37m[INFO] Change to Voltage: 1030 mV (0x25)[m
08-16 14:22:52.987 I/tvos    ( 1764): [37m[INFO] Change to Voltage: 1030 mV (0x22)[m
08-16 14:22:52.987 I/tvos    ( 1764): [37m[INFO] Change to Voltage: 1030 mV (0x22)[m
08-16 14:22:53.020 I/tvos    ( 1764): GetAudioOutputDevice, retval : 0
08-16 14:22:53.249 I/APM::AudioPolicyEngine( 1758): getDeviceForStrategy, 359
08-16 14:22:53.257 I/LetvHelperMain(15946): [com.stv.helper.main] LetvHelperActivity --  onStop 
08-16 14:22:53.271 I/tvos    ( 1764): GetAudioOutputDevice, retval : 0
08-16 14:22:53.521 I/tvos    ( 1764): GetAudioOutputDevice, retval : 0
08-16 14:22:53.771 I/tvos    ( 1764): GetAudioOutputDevice, retval : 0
08-16 14:22:53.853 I/WifiStateMachine( 2207):  DisconnectedState !SCAN_RESULTS_EVENT  rt=511440286/511440286 0 0 found=166 known=0 got=166 bcn=0 con=0
08-16 14:22:53.854 I/WifiStateMachine( 2207):  ConnectModeState !SCAN_RESULTS_EVENT  rt=511440287/511440287 0 0 found=166 known=0 got=166 bcn=0 con=0
08-16 14:22:53.854 I/WifiStateMachine( 2207):  DriverStartedState !SCAN_RESULTS_EVENT  rt=511440287/511440287 0 0 found=166 known=0 got=166 bcn=0 con=0
08-16 14:22:53.855 I/WifiStateMachine( 2207):  SupplicantStartedState !SCAN_RESULTS_EVENT  rt=511440288/511440288 0 0 found=166 known=0 got=166 bcn=0 con=0
08-16 14:22:53.934 I/WifiStateMachine( 2207): setscanresults newsupplicantresult
08-16 14:22:54.022 I/tvos    ( 1764): GetAudioOutputDevice, retval : 0
08-16 14:22:54.272 I/tvos    ( 1764): GetAudioOutputDevice, retval : 0
08-16 14:22:54.523 I/tvos    ( 1764): GetAudioOutputDevice, retval : 0
08-16 14:22:54.773 I/tvos    ( 1764): GetAudioOutputDevice, retval : 0
08-16 14:22:55.024 I/tvos    ( 1764): GetAudioOutputDevice, retval : 0
08-16 14:22:55.274 I/tvos    ( 1764): GetAudioOutputDevice, retval : 0
08-16 14:22:55.510 E/LetvRemoteupgradeManager-JNI( 2613): can't get LetvManager service!
08-16 14:22:55.524 I/tvos    ( 1764): GetAudioOutputDevice, retval : 0
08-16 14:22:55.775 I/tvos    ( 1764): GetAudioOutputDevice, retval : 0
08-16 14:22:56.025 I/tvos    ( 1764): GetAudioOutputDevice, retval : 0
08-16 14:22:56.276 I/tvos    ( 1764): GetAudioOutputDevice, retval : 0
08-16 14:22:56.526 I/tvos    ( 1764): GetAudioOutputDevice, retval : 0
08-16 14:22:56.776 I/tvos    ( 1764): GetAudioOutputDevice, retval : 0
08-16 14:22:57.027 I/tvos    ( 1764): GetAudioOutputDevice, retval : 0
08-16 14:22:57.277 I/tvos    ( 1764): GetAudioOutputDevice, retval : 0
08-16 14:22:57.528 I/tvos    ( 1764): GetAudioOutputDevice, retval : 0
08-16 14:22:57.778 I/tvos    ( 1764): GetAudioOutputDevice, retval : 0
08-16 14:22:57.858 W/InputDispatcher( 2207): findFocusedWindow finished: injectionResult=0, timeSpentWaitingForApplication=0.0ms
08-16 14:22:57.862 W/InputDispatcher( 2207): findFocusedWindow finished: injectionResult=0, timeSpentWaitingForApplication=0.0ms
08-16 14:22:57.865 W/InputDispatcher( 2207): setFocusedApplication
08-16 14:22:57.868 I/LetvHelperMain(15946): [com.stv.helper.main] ParentLockActivity --  onPause 
08-16 14:22:57.872 I/ActivityManager( 2207): accel TR9) TaskRecord{3243592 #22 A=letv.task.helper U=0 sz=2}
08-16 14:22:57.872 I/ActivityManager( 2207): accel TR8) TaskRecord{14b0d11 #1 A=com.stv.launcher U=0 sz=1}
08-16 14:22:57.880 I/LetvHelperMain(15946): [com.stv.helper.main] LetvHelperActivity --  onStart 
08-16 14:22:57.880 I/LetvHelperMain(15946): [com.stv.helper.main] LetvHelperActivity --  onResume 
08-16 14:22:57.889 I/LetvHelperMain(15946): [com.stv.helper.main] LetvHelperActivity -- mRomTotalSize 9580281856, mRomUsedSize 2725949440
08-16 14:22:57.892 I/LetvHelperMain(15946): [com.stv.helper.main] LetvHelperActivity -- mRamTotalSize 3620216832, mRamFreeSize 1427152896
08-16 14:22:57.892 I/LetvHelperMain(15946): [com.stv.helper.main] LetvHelperActivity -- refreshOneKeyExamView
08-16 14:22:57.899 W/InputDispatcher( 2207): Focus left window: Window{303185f u0 com.stv.helper.main/com.stv.helper.ui.ParentLockActivity}
08-16 14:22:57.899 W/InputDispatcher( 2207): Focus entered window: Window{8a12742 u0 com.stv.helper.main/com.stv.helper.main.LetvHelperActivity}
08-16 14:22:57.902 E/BufferQueueProducer( 1749): [com.stv.helper.main/com.stv.helper.main.LetvHelperActivity] connect(P): already connected (cur=1 req=1)
08-16 14:22:57.987 I/tvos    ( 1764): [37m[INFO] Change to Voltage: 1150 mV (0x22)[m
08-16 14:22:57.987 I/tvos    ( 1764): [37m[INFO] Change to Voltage: 1150 mV (0x25)[m
08-16 14:22:57.987 I/tvos    ( 1764): [37m[INFO] Change to Voltage: 1150 mV (0x28)[m
08-16 14:22:57.987 I/tvos    ( 1764): [37m[INFO] Change to Voltage: 1150 mV (0x2B)[m
08-16 14:22:57.987 I/tvos    ( 1764): [37m[INFO] Change to Voltage: 1150 mV (0x2E)[m
08-16 14:22:57.987 I/tvos    ( 1764): [37m[INFO] Change to Voltage: 1150 mV (0x2E)[m
08-16 14:22:58.029 I/tvos    ( 1764): GetAudioOutputDevice, retval : 0
08-16 14:22:58.087 I/tvos    ( 1764): [37m[INFO] Change to Voltage: 1030 mV (0x2E)[m
08-16 14:22:58.087 I/tvos    ( 1764): [37m[INFO] Change to Voltage: 1030 mV (0x2B)[m
08-16 14:22:58.087 I/tvos    ( 1764): [37m[INFO] Change to Voltage: 1030 mV (0x28)[m
08-16 14:22:58.087 I/tvos    ( 1764): [37m[INFO] Change to Voltage: 1030 mV (0x25)[m
08-16 14:22:58.087 I/tvos    ( 1764): [37m[INFO] Change to Voltage: 1030 mV (0x22)[m
08-16 14:22:58.087 I/tvos    ( 1764): [37m[INFO] Change to Voltage: 1030 mV (0x22)[m
08-16 14:22:58.279 I/tvos    ( 1764): GetAudioOutputDevice, retval : 0
08-16 14:22:58.371 I/LetvHelperMain(15946): [com.stv.helper.main] ParentLockActivity --  onStop 
08-16 14:22:58.371 I/LetvHelperMain(15946): [com.stv.helper.main] ParentLockActivity --  onDestroy 
08-16 14:22:58.375 W/InputDispatcher( 2207): Window went away: Window{303185f u0 com.stv.helper.main/com.stv.helper.ui.ParentLockActivity}
08-16 14:22:58.419 W/InputDispatcher( 2207): findFocusedWindow finished: injectionResult=0, timeSpentWaitingForApplication=0.0ms
08-16 14:22:58.423 W/InputDispatcher( 2207): findFocusedWindow finished: injectionResult=0, timeSpentWaitingForApplication=0.0ms
08-16 14:22:58.427 W/InputDispatcher( 2207): setFocusedApplication
08-16 14:22:58.428 W/InputDispatcher( 2207): Focus left window: Window{8a12742 u0 com.stv.helper.main/com.stv.helper.main.LetvHelperActivity}
08-16 14:22:58.431 I/LetvHelperMain(15946): [com.stv.helper.main] LetvHelperActivity --  onPause 
08-16 14:22:58.436 I/ActivityManager( 2207): TR9) TaskRecord{14b0d11 #1 A=com.stv.launcher U=0 sz=1}
08-16 14:22:58.436 I/ActivityManager( 2207): TR8) TaskRecord{3243592 #22 A=letv.task.helper U=0 sz=1}
08-16 14:22:58.437 I/ActivityManager( 2207): accel TR9) TaskRecord{14b0d11 #1 A=com.stv.launcher U=0 sz=1}
08-16 14:22:58.437 I/ActivityManager( 2207): accel TR8) TaskRecord{3243592 #22 A=letv.task.helper U=0 sz=1}
08-16 14:22:58.459 I/AnalysisLog( 3007): Activ:onStart----start:time='511444892'
08-16 14:22:58.459 I/TvLiveBaseFragment( 3007): onStart
08-16 14:22:58.463 I/Launcher( 3007): [com.stv.launcher] LauncherActivity -- onStart, switchByStr: false
08-16 14:22:58.463 I/AnalysisLog( 3007): Plugin:onFragmentShowChanged_show:com.stv.plugin.app----start:time='511444896'
08-16 14:22:58.463 I/AppPlugin( 3007): ReportLogUtil -- startExposureReport
08-16 14:22:58.465 I/AnalysisLog( 3007): Plugin:onFragmentShowChanged_show:com.stv.plugin.app----end:time='511444898'
08-16 14:22:58.467 I/AnalysisLog( 3007): Activ:onStart----end:time='511444901'
08-16 14:22:58.468 I/Launcher( 3007): [com.stv.launcher] LauncherActivity --  debug_tag onResume
08-16 14:22:58.468 I/AnalysisLog( 3007): Activ:onResume----start:time='511444902'
08-16 14:22:58.469 I/Launcher( 3007): [com.stv.launcher] boot video finished=1 bootAnifinished = 1 str =  strAdFinished = 3
08-16 14:22:58.469 I/Launcher( 3007): [com.stv.launcher] LauncherActivity -- onResume, switchByStr: false, bootAdFinish true
08-16 14:22:58.470 I/Launcher( 3007): [com.stv.launcher] LauncherActivity -- onResume mHandDetectStarted: false mHandDetectType: 0 mLastSelectedScreen = null
08-16 14:22:58.470 I/Launcher( 3007): [com.stv.launcher] PluginShell --  debug_tag  >>>>>> startLoadFirst <<<<<<
08-16 14:22:58.470 I/Launcher( 3007): [com.stv.launcher] PluginShell --  debug_tag  >>>>>> createPlugin <<<<<<
08-16 14:22:58.470 I/Launcher( 3007): [com.stv.launcher] PluginShell --  debug_tag  ** createPlugin but current has empty **
08-16 14:22:58.470 I/AnalysisLog( 3007): Activ:onResume----end:time='511444903'
08-16 14:22:58.471 I/AnalysisLog( 3007): Plugin:onAttach2onResume:com.letv.android.tv.letvlive----end:time='511444904'
08-16 14:22:58.471 I/TvLiveBaseFragment( 3007): onResume
08-16 14:22:58.471 I/AnalysisLog( 3007): Plugin:onAttach2onResume:com.stv.plugin.tencent----end:time='511444904'
08-16 14:22:58.471 I/AnalysisLog( 3007): Plugin:onAttach2onResume:com.stv.plugin.video----end:time='511444904'
08-16 14:22:58.471 I/AnalysisLog( 3007): Plugin:onAttach2onResume:com.stv.plugin.search----end:time='511444904'
08-16 14:22:58.471 I/ShoppingPlugin-stv-PluginFragment( 3007): onResume ->in
08-16 14:22:58.471 I/AnalysisLog( 3007): Plugin:onAttach2onResume:com.stv.shopping----end:time='511444904'
08-16 14:22:58.471 I/AnalysisLog( 3007): Plugin:onAttach2onResume:com.stv.plugin.kids----end:time='511444904'
08-16 14:22:58.471 I/AnalysisLog( 3007): Plugin:onAttach2onResume:com.stv.plugin.app----end:time='511444904'
08-16 14:22:58.471 I/AnalysisLog( 3007): Plugin:onAttach2onResume:com.stv.plugin.ucenter----end:time='511444904'
08-16 14:22:58.478 E/LETV_DEVICE( 1780): no name sn for Mstar
08-16 14:22:58.493 I/tvos    ( 1764): [37m[INFO] Change to Voltage: 1150 mV (0x22)[m
08-16 14:22:58.493 I/tvos    ( 1764): [37m[INFO] Change to Voltage: 1150 mV (0x25)[m
08-16 14:22:58.493 I/tvos    ( 1764): [37m[INFO] Change to Voltage: 1150 mV (0x28)[m
08-16 14:22:58.494 I/tvos    ( 1764): [37m[INFO] Change to Voltage: 1150 mV (0x2B)[m
08-16 14:22:58.495 I/tvos    ( 1764): [37m[INFO] Change to Voltage: 1150 mV (0x2E)[m
08-16 14:22:58.496 I/tvos    ( 1764): [37m[INFO] Change to Voltage: 1150 mV (0x2E)[m
08-16 14:22:58.497 W/InputDispatcher( 2207): Focus entered window: Window{23c0535 u0 com.stv.launcher/com.stv.launcher.ui.activity.Launcher}
08-16 14:22:58.503 E/BufferQueueProducer( 1749): [com.stv.launcher/com.stv.launcher.ui.activity.Launcher] connect(P): already connected (cur=1 req=1)
08-16 14:22:58.504 E/ActivityThread( 2837): Failed to find provider info for com.letv.agnes.InfoProvider
08-16 14:22:58.507 I/GlobalFocusChangedListe( 3007): com.stv.plugin.app.widget.AppRecyclerView
08-16 14:22:58.508 E/ActivityThread( 2837): Failed to find provider info for com.letv.agnes.InfoProvider
08-16 14:22:58.508 W/System.err( 2837): java.lang.IllegalArgumentException: Unknown URL content://com.letv.agnes.InfoProvider
08-16 14:22:58.508 W/System.err( 2837): 	at android.content.ContentResolver.insert(ContentResolver.java:1227)
08-16 14:22:58.508 W/System.err( 2837): 	at com.letv.tracker2.agnes.Configuration.addDebugInfo(Configuration.java:289)
08-16 14:22:58.508 W/System.err( 2837): 	at com.letv.tracker2.agnes.MessageProcessor$SendEnvMsgTr$1.handleMessage(MessageProcessor.java:661)
08-16 14:22:58.508 W/System.err( 2837): 	at android.os.Handler.dispatchMessage(Handler.java:102)
08-16 14:22:58.508 W/System.err( 2837): 	at android.os.Looper.loop(Looper.java:148)
08-16 14:22:58.508 W/System.err( 2837): 	at com.letv.tracker2.agnes.MessageProcessor$SendEnvMsgTr.run(MessageProcessor.java:665)
08-16 14:22:58.515 E/LetvRemoteupgradeManager-JNI( 2613): can't get LetvManager service!
08-16 14:22:58.531 I/tvos    ( 1764): GetAudioOutputDevice, retval : 0
08-16 14:22:58.580 I/[T1.0.6.3]EuiAgnes_Server( 2837): resCode:1
08-16 14:22:58.580 I/[T1.0.6.3]EuiAgnes_Server( 2837): b[0]:0
08-16 14:22:58.586 I/tvos    ( 1764): [37m[INFO] Change to Voltage: 1130 mV (0x1F)[m
08-16 14:22:58.587 I/tvos    ( 1764): [37m[INFO] Change to Voltage: 1130 mV (0x22)[m
08-16 14:22:58.587 I/tvos    ( 1764): [37m[INFO] Change to Voltage: 1130 mV (0x25)[m
08-16 14:22:58.587 I/tvos    ( 1764): [37m[INFO] Change to Voltage: 1130 mV (0x28)[m
08-16 14:22:58.587 I/tvos    ( 1764): [37m[INFO] Change to Voltage: 1130 mV (0x2B)[m
08-16 14:22:58.588 I/tvos    ( 1764): [37m[INFO] Change to Voltage: 1130 mV (0x2C)[m
08-16 14:22:58.601 I/StvLogReport( 2837): StargazerReportTask, action=appClose&name=电视管家&packagename=com.stv.helper.main&versionCode=161&appVersionName=1.6.1&appType=1&mark=58&totalTime=51
08-16 14:22:58.606 E/LETV_DEVICE( 1780): no name sn for Mstar
08-16 14:22:58.612 I/LetvManager-LogReport( 1780): [send_msg] line: 490 report url = http://log.hdtv.cp21.ott.cibntv.net:80/api/log/tvAction
08-16 14:22:58.615 I/StvLogReport( 2837): StargazerReportTask, reponse2 : {"status":"OK","statusCode":200,"message":"succeefully"}
08-16 14:22:58.687 I/tvos    ( 1764): [37m[INFO] Change to Voltage: 1000 mV (0x2C)[m
08-16 14:22:58.687 I/tvos    ( 1764): [37m[INFO] Change to Voltage: 1000 mV (0x29)[m
08-16 14:22:58.687 I/tvos    ( 1764): [37m[INFO] Change to Voltage: 1000 mV (0x26)[m
08-16 14:22:58.687 I/tvos    ( 1764): [37m[INFO] Change to Voltage: 1000 mV (0x23)[m
08-16 14:22:58.687 I/tvos    ( 1764): [37m[INFO] Change to Voltage: 1000 mV (0x20)[m
08-16 14:22:58.688 I/tvos    ( 1764): [37m[INFO] Change to Voltage: 1000 mV (0x1F)[m
08-16 14:22:58.704 I/tvos    ( 1764): bq32kDriver:rtc_read_time.
08-16 14:22:58.704 I/tvos    ( 1764): [hq]rtc_read_time: read 0x58 0x22 0xc6 0x05 0x16 0x08 0x18
08-16 14:22:58.704 I/tvos    ( 1764): rtc_read_time: date 58s 22m 6h 16md 7m 118y
08-16 14:22:58.704 I/tvos    ( 1764): rtc read time:2018-8-16 6:22:58.
08-16 14:22:58.704 I/tvos    ( 1764): tm_year = 2018, tm_mon = 8, tm_mday = 16, tm_hour = 6,tm_min= 22,  tm_sec = 58
08-16 14:22:58.704 I/tvos    ( 1764): timeSeconds:1534400578 rtcTimeSeconds:1534400578.
08-16 14:22:58.722 E/ActivityThread( 2837): Failed to find provider info for com.letv.agnes.InfoProvider
08-16 14:22:58.725 E/ActivityThread( 2837): Failed to find provider info for com.letv.agnes.InfoProvider
08-16 14:22:58.725 W/System.err( 2837): java.lang.IllegalArgumentException: Unknown URL content://com.letv.agnes.InfoProvider
08-16 14:22:58.725 W/System.err( 2837): 	at android.content.ContentResolver.insert(ContentResolver.java:1227)
08-16 14:22:58.725 W/System.err( 2837): 	at com.letv.tracker2.agnes.Configuration.addDebugInfo(Configuration.java:289)
08-16 14:22:58.725 W/System.err( 2837): 	at com.letv.tracker2.agnes.MessageProcessor$SendEnvMsgTr$1.handleMessage(MessageProcessor.java:661)
08-16 14:22:58.725 W/System.err( 2837): 	at android.os.Handler.dispatchMessage(Handler.java:102)
08-16 14:22:58.726 W/System.err( 2837): 	at android.os.Looper.loop(Looper.java:148)
08-16 14:22:58.726 W/System.err( 2837): 	at com.letv.tracker2.agnes.MessageProcessor$SendEnvMsgTr.run(MessageProcessor.java:665)
08-16 14:22:58.731 I/[T1.0.6.3]EuiAgnes_Server( 2837): resCode:1
08-16 14:22:58.731 I/[T1.0.6.3]EuiAgnes_Server( 2837): b[0]:0
08-16 14:22:58.782 I/tvos    ( 1764): GetAudioOutputDevice, retval : 0
08-16 14:22:58.789 I/ActivityManager( 2207): Displayed com.stv.launcher/.ui.activity.Launcher: +355ms
08-16 14:22:58.789 W/ContextImpl( 2207): Calling a method in the system process without a qualified user: android.app.ContextImpl.sendBroadcast:766 com.android.server.am.ActivityRecord.reportLaunchTimeLocked:1056 com.android.server.am.ActivityRecord.windowsDrawnLocked:1080 com.android.server.am.ActivityRecord$Token.windowsDrawn:345 com.android.server.wm.WindowManagerService$H.handleMessage:8042 
08-16 14:22:58.792 W/ContextImpl( 2613): Calling a method in the system process without a qualified user: android.app.ContextImpl.startService:1224 android.content.ContextWrapper.startService:581 com.stv.helper.service.TvMasterService.noteLaunchTime:169 letv.tvmaster.ITvMasterService$Stub.onTransact:136 android.os.Binder.execTransact:453 
08-16 14:22:58.820 I/LetvManager-LogReport( 1780): [send_msg] line: 490 report url = http://log.hdtv.cp21.ott.cibntv.net:80/api/log/tvAction
08-16 14:22:59.032 I/tvos    ( 1764): GetAudioOutputDevice, retval : 0
08-16 14:22:59.197 I/LetvHelperMain(15946): [com.stv.helper.main] LetvHelperActivity --  onStop 
08-16 14:22:59.197 I/LetvHelperMain(15946): [com.stv.helper.main] LetvHelperActivity --  onDestroy 
08-16 14:22:59.199 I/art     (15946): System.exit called, status: 0
08-16 14:22:59.199 I/AndroidRuntime(15946): VM exiting with result code 0, cleanup skipped.
08-16 14:22:59.282 I/tvos    ( 1764): GetAudioOutputDevice, retval : 0
08-16 14:22:59.296 W/InputDispatcher( 2207): findFocusedWindow finished: injectionResult=0, timeSpentWaitingForApplication=0.0ms
08-16 14:22:59.298 I/WindowState( 2207): WIN DEATH: Window{8a12742 u0 com.stv.helper.main/com.stv.helper.main.LetvHelperActivity}
08-16 14:22:59.304 I/AppPlugin( 3007): AppWorkspace -- dispatchKeyEvent folderWorkspace back event no respose,so force hide folderWorkspace.
08-16 14:22:59.309 I/GlobalFocusChangedListe( 3007): com.stv.launcher.ui.widget.TabItemNew
08-16 14:22:59.309 W/InputDispatcher( 2207): Window went away: Window{8a12742 u0 com.stv.helper.main/com.stv.helper.main.LetvHelperActivity}
08-16 14:22:59.330 W/InputDispatcher( 2207): findFocusedWindow finished: injectionResult=0, timeSpentWaitingForApplication=0.0ms
08-16 14:22:59.362 I/ActivityManager( 2207): Process com.stv.helper.main (pid 15946) has died
08-16 14:22:59.371 I/AppPlugin( 3007): ReportLogUtil -- startExposureReport
08-16 14:22:59.473 I/AppPlugin( 3007): AppFragment --  find index 0 view = Background {mUrl = http://picture-scloud.cp21.ott.cibntv.net/stargazer/1532585612302_1103 isTimeOut = false type = 2 mPluginID = null isDied = false}
08-16 14:22:59.473 I/AppPlugin( 3007): AppFragment --  remove bg 
08-16 14:22:59.532 I/tvos    ( 1764): GetAudioOutputDevice, retval : 0
08-16 14:22:59.783 I/tvos    ( 1764): GetAudioOutputDevice, retval : 0
08-16 14:22:59.962 W/InputDispatcher( 2207): findFocusedWindow finished: injectionResult=0, timeSpentWaitingForApplication=0.0ms
08-16 14:22:59.968 W/InputDispatcher( 2207): findFocusedWindow finished: injectionResult=0, timeSpentWaitingForApplication=0.0ms
08-16 14:23:00.034 I/tvos    ( 1764): GetAudioOutputDevice, retval : 0
08-16 14:23:00.284 I/tvos    ( 1764): GetAudioOutputDevice, retval : 0
08-16 14:23:00.473 I/AppPlugin( 3007): AppFragment -- handlerData isRefreshedUI = true isCanUpdate() = true isCanInit() = true
08-16 14:23:00.474 W/InputDispatcher( 2207): findFocusedWindow finished: injectionResult=0, timeSpentWaitingForApplication=0.0ms
08-16 14:23:00.481 W/InputDispatcher( 2207): findFocusedWindow finished: injectionResult=0, timeSpentWaitingForApplication=0.0ms
08-16 14:23:00.488 I/StvLogReport( 2837): StargazerReportTask, action=desktopShow&desktop=5&packageName=com.stv.plugin.app
08-16 14:23:00.493 E/LETV_DEVICE( 1780): no name sn for Mstar
08-16 14:23:00.496 I/StvLogReport( 2837): StargazerReportTask, reponse2 : {"status":"OK","statusCode":200,"message":"succeefully"}
08-16 14:23:00.509 E/ActivityThread( 2837): Failed to find provider info for com.letv.agnes.InfoProvider
08-16 14:23:00.510 E/ActivityThread( 2837): Failed to find provider info for com.letv.agnes.InfoProvider
08-16 14:23:00.510 W/System.err( 2837): java.lang.IllegalArgumentException: Unknown URL content://com.letv.agnes.InfoProvider
08-16 14:23:00.511 W/System.err( 2837): 	at android.content.ContentResolver.insert(ContentResolver.java:1227)
08-16 14:23:00.511 W/System.err( 2837): 	at com.letv.tracker2.agnes.Configuration.addDebugInfo(Configuration.java:289)
08-16 14:23:00.511 W/System.err( 2837): 	at com.letv.tracker2.agnes.MessageProcessor$SendEnvMsgTr$1.handleMessage(MessageProcessor.java:661)
08-16 14:23:00.511 W/System.err( 2837): 	at android.os.Handler.dispatchMessage(Handler.java:102)
08-16 14:23:00.511 W/System.err( 2837): 	at android.os.Looper.loop(Looper.java:148)
08-16 14:23:00.511 W/System.err( 2837): 	at com.letv.tracker2.agnes.MessageProcessor$SendEnvMsgTr.run(MessageProcessor.java:665)
08-16 14:23:00.516 I/[T1.0.6.3]EuiAgnes_Server( 2837): resCode:1
08-16 14:23:00.516 I/[T1.0.6.3]EuiAgnes_Server( 2837): b[0]:0
08-16 14:23:00.535 I/tvos    ( 1764): GetAudioOutputDevice, retval : 0
08-16 14:23:00.626 I/LetvManager-LogReport( 1780): [send_msg] line: 490 report url = http://log.hdtv.cp21.ott.cibntv.net:80/api/log/tvAction
08-16 14:23:00.785 I/tvos    ( 1764): GetAudioOutputDevice, retval : 0
08-16 14:23:01.036 I/tvos    ( 1764): GetAudioOutputDevice, retval : 0
08-16 14:23:01.286 I/tvos    ( 1764): GetAudioOutputDevice, retval : 0
08-16 14:23:01.373 I/PluginFramework -- WidgetManager( 3007): getWidget id =#com.stv.plugin.app#
08-16 14:23:01.373 I/PluginFramework -- WidgetManager( 3007): getWidget widget = Widget{, mWidgetId=com.stv.plugin.app, mState=15, mLocation='/data/user/0/com.stv.launcher/files/plugins/com.stv.plugin.app_LetvAppPlugin_2.5.0.005_2018050710.apk', mVersionName='2.5.0.005', mVersionCode=2018050710, mName='LetvAppPlugin', mDexDir='/data/user/0/com.stv.launcher/files/plugins_data/com.stv.plugin.app/dex/', mLibDir='/data/user/0/com.stv.launcher/files/plugins_data/com.stv.plugin.app/libs/', mDataDir='/data/user/0/com.stv.launcher/files/plugins_data/com.stv.plugin.app'}
08-16 14:23:01.374 I/PluginFramework -- WidgetManager( 3007): getWidget id =#com.stv.plugin.app#
08-16 14:23:01.374 I/PluginFramework -- WidgetManager( 3007): getWidget widget = Widget{, mWidgetId=com.stv.plugin.app, mState=15, mLocation='/data/user/0/com.stv.launcher/files/plugins/com.stv.plugin.app_LetvAppPlugin_2.5.0.005_2018050710.apk', mVersionName='2.5.0.005', mVersionCode=2018050710, mName='LetvAppPlugin', mDexDir='/data/user/0/com.stv.launcher/files/plugins_data/com.stv.plugin.app/dex/', mLibDir='/data/user/0/com.stv.launcher/files/plugins_data/com.stv.plugin.app/libs/', mDataDir='/data/user/0/com.stv.launcher/files/plugins_data/com.stv.plugin.app'}
08-16 14:23:01.375 I/PluginFramework -- WidgetManager( 3007): getWidget id =#com.stv.plugin.app#
08-16 14:23:01.375 I/PluginFramework -- WidgetManager( 3007): getWidget widget = Widget{, mWidgetId=com.stv.plugin.app, mState=15, mLocation='/data/user/0/com.stv.launcher/files/plugins/com.stv.plugin.app_LetvAppPlugin_2.5.0.005_2018050710.apk', mVersionName='2.5.0.005', mVersionCode=2018050710, mName='LetvAppPlugin', mDexDir='/data/user/0/com.stv.launcher/files/plugins_data/com.stv.plugin.app/dex/', mLibDir='/data/user/0/com.stv.launcher/files/plugins_data/com.stv.plugin.app/libs/', mDataDir='/data/user/0/com.stv.launcher/files/plugins_data/com.stv.plugin.app'}
08-16 14:23:01.375 I/PluginFramework -- WidgetManager( 3007): getWidget id =#com.stv.plugin.app#
08-16 14:23:01.376 I/PluginFramework -- WidgetManager( 3007): getWidget widget = Widget{, mWidgetId=com.stv.plugin.app, mState=15, mLocation='/data/user/0/com.stv.launcher/files/plugins/com.stv.plugin.app_LetvAppPlugin_2.5.0.005_2018050710.apk', mVersionName='2.5.0.005', mVersionCode=2018050710, mName='LetvAppPlugin', mDexDir='/data/user/0/com.stv.launcher/files/plugins_data/com.stv.plugin.app/dex/', mLibDir='/data/user/0/com.stv.launcher/files/plugins_data/com.stv.plugin.app/libs/', mDataDir='/data/user/0/com.stv.launcher/files/plugins_data/com.stv.plugin.app'}
08-16 14:23:01.377 I/PluginFramework -- WidgetManager( 3007): getWidget id =#com.stv.plugin.app#
08-16 14:23:01.377 I/PluginFramework -- WidgetManager( 3007): getWidget widget = Widget{, mWidgetId=com.stv.plugin.app, mState=15, mLocation='/data/user/0/com.stv.launcher/files/plugins/com.stv.plugin.app_LetvAppPlugin_2.5.0.005_2018050710.apk', mVersionName='2.5.0.005', mVersionCode=2018050710, mName='LetvAppPlugin', mDexDir='/data/user/0/com.stv.launcher/files/plugins_data/com.stv.plugin.app/dex/', mLibDir='/data/user/0/com.stv.launcher/files/plugins_data/com.stv.plugin.app/libs/', mDataDir='/data/user/0/com.stv.launcher/files/plugins_data/com.stv.plugin.app'}
08-16 14:23:01.379 I/PluginFramework -- WidgetManager( 3007): getWidget id =#com.stv.plugin.app#
08-16 14:23:01.379 I/PluginFramework -- WidgetManager( 3007): getWidget widget = Widget{, mWidgetId=com.stv.plugin.app, mState=15, mLocation='/data/user/0/com.stv.launcher/files/plugins/com.stv.plugin.app_LetvAppPlugin_2.5.0.005_2018050710.apk', mVersionName='2.5.0.005', mVersionCode=2018050710, mName='LetvAppPlugin', mDexDir='/data/user/0/com.stv.launcher/files/plugins_data/com.stv.plugin.app/dex/', mLibDir='/data/user/0/com.stv.launcher/files/plugins_data/com.stv.plugin.app/libs/', mDataDir='/data/user/0/com.stv.launcher/files/plugins_data/com.stv.plugin.app'}
08-16 14:23:01.380 I/PluginFramework -- WidgetManager( 3007): getWidget id =#com.stv.plugin.app#
08-16 14:23:01.380 I/PluginFramework -- WidgetManager( 3007): getWidget widget = Widget{, mWidgetId=com.stv.plugin.app, mState=15, mLocation='/data/user/0/com.stv.launcher/files/plugins/com.stv.plugin.app_LetvAppPlugin_2.5.0.005_2018050710.apk', mVersionName='2.5.0.005', mVersionCode=2018050710, mName='LetvAppPlugin', mDexDir='/data/user/0/com.stv.launcher/files/plugins_data/com.stv.plugin.app/dex/', mLibDir='/data/user/0/com.stv.launcher/files/plugins_data/com.stv.plugin.app/libs/', mDataDir='/data/user/0/com.stv.launcher/files/plugins_data/com.stv.plugin.app'}
08-16 14:23:01.380 I/PluginFramework -- WidgetManager( 3007): getWidget id =#com.stv.plugin.app#
08-16 14:23:01.380 I/PluginFramework -- WidgetManager( 3007): getWidget widget = Widget{, mWidgetId=com.stv.plugin.app, mState=15, mLocation='/data/user/0/com.stv.launcher/files/plugins/com.stv.plugin.app_LetvAppPlugin_2.5.0.005_2018050710.apk', mVersionName='2.5.0.005', mVersionCode=2018050710, mName='LetvAppPlugin', mDexDir='/data/user/0/com.stv.launcher/files/plugins_data/com.stv.plugin.app/dex/', mLibDir='/data/user/0/com.stv.launcher/files/plugins_data/com.stv.plugin.app/libs/', mDataDir='/data/user/0/com.stv.launcher/files/plugins_data/com.stv.plugin.app'}
08-16 14:23:01.381 I/PluginFramework -- WidgetManager( 3007): getWidget id =#com.stv.plugin.app#
08-16 14:23:01.381 I/PluginFramework -- WidgetManager( 3007): getWidget widget = Widget{, mWidgetId=com.stv.plugin.app, mState=15, mLocation='/data/user/0/com.stv.launcher/files/plugins/com.stv.plugin.app_LetvAppPlugin_2.5.0.005_2018050710.apk', mVersionName='2.5.0.005', mVersionCode=2018050710, mName='LetvAppPlugin', mDexDir='/data/user/0/com.stv.launcher/files/plugins_data/com.stv.plugin.app/dex/', mLibDir='/data/user/0/com.stv.launcher/files/plugins_data/com.stv.plugin.app/libs/', mDataDir='/data/user/0/com.stv.launcher/files/plugins_data/com.stv.plugin.app'}
08-16 14:23:01.431 I/LetvManager-LogReport( 1780): [send_msg] line: 490 report url = http://log.hdtv.cp21.ott.cibntv.net:80/api/log/tvAction
08-16 14:23:01.476 I/Launcher( 3007): [com.stv.launcher] AdvertisingModel -- getData fromCache = false
08-16 14:23:01.477 I/Launcher( 3007): [com.stv.launcher] AdvertisingModel -- getData url = http://stargazer-sandbox.scloud.cp21.ott.cibntv.net/proxy/api/v1/promotion?mac=b01bd2542d51&posid=launcher_tab,launcher_logo,launcher_background,launcher_tab_isnew
08-16 14:23:01.515 E/LetvRemoteupgradeManager-JNI( 2613): can't get LetvManager service!
08-16 14:23:01.526 I/Launcher( 3007): [com.stv.launcher] AdvertisingPresenter -- launcher_logo beginTime :Wed Dec 13 00:00:00 GMT+08:00 2017 end :Thu Dec 14 14:00:00 GMT+08:00 2017 now :Thu Aug 16 14:23:01 GMT+08:00 2018 isTimeout :true
08-16 14:23:01.526 I/Launcher( 3007): [com.stv.launcher] AdvertisingPresenter -- launcher_tab beginTime :Tue Jul 17 00:00:00 GMT+08:00 2018 end :Mon Oct 01 00:00:00 GMT+08:00 2018 now :Thu Aug 16 14:23:01 GMT+08:00 2018 isTimeout :false
08-16 14:23:01.526 I/Launcher( 3007): [com.stv.launcher] AdvertisingPresenter -- launcher_background beginTime :Tue Jul 17 00:00:00 GMT+08:00 2018 end :Mon Oct 01 00:00:00 GMT+08:00 2018 now :Thu Aug 16 14:23:01 GMT+08:00 2018 isTimeout :false
08-16 14:23:01.526 I/Launcher( 3007): [com.stv.launcher] AdvertisingPresenter -- updateView dataList : [img_url = http://picture-scloud.cp21.ott.cibntv.net/stargazer/1531809918780_3441 begin_time = 1531756800000 end_time = 1538323200000 open = 0 tab_id = com.stv.local.tencent position = launcher_tab, img_url = http://picture-scloud.cp21.ott.cibntv.net/stargazer/1532585612302_1103 begin_time = 1531756800000 end_time = 1538323200000 open = 0 tab_id = null position = launcher_background]
08-16 14:23:01.532 I/Launcher( 3007): [com.stv.launcher] AdvertisingPresenter --  updateTab : img_url = http://picture-scloud.cp21.ott.cibntv.net/stargazer/1531809918780_3441 begin_time = 1531756800000 end_time = 1538323200000 open = 0 tab_id = com.stv.local.tencent position = launcher_tab
08-16 14:23:01.533 I/Launcher( 3007): [com.stv.launcher] AdvertisingPresenter --  updateBackground img_url = http://picture-scloud.cp21.ott.cibntv.net/stargazer/1532585612302_1103 begin_time = 1531756800000 end_time = 1538323200000 open = 0 tab_id = null position = launcher_background
08-16 14:23:01.537 I/tvos    ( 1764): GetAudioOutputDevice, retval : 0
08-16 14:23:01.552 I/Launcher( 3007): [com.stv.launcher] AdvertisingPresenter --  updateTab cachedView null
08-16 14:23:01.552 I/Launcher( 3007): [com.stv.launcher] AdvertisingPresenter --  updateTab pluginId = com.stv.local.tencent imageUrl = http://picture-scloud.cp21.ott.cibntv.net/stargazer/1531809918780_3441
08-16 14:23:01.552 I/Launcher( 3007): [com.stv.launcher] AdvertisingPresenter --  updateAdView begin ---
08-16 14:23:01.553 I/Launcher( 3007): [com.stv.launcher] AdvertisingPresenter --  setCacheViewDied type = 3
08-16 14:23:01.553 I/Launcher( 3007): [com.stv.launcher] AdvertisingPresenter -- TAB beginTime :Tue Jul 17 00:00:00 GMT+08:00 2018 end :Mon Oct 01 00:00:00 GMT+08:00 2018 now :Thu Aug 16 14:23:01 GMT+08:00 2018 isTimeout :false
08-16 14:23:01.553 I/Launcher( 3007): [com.stv.launcher] AdvertisingPresenter --  updateAdView  canNew = true now = 1534400581552 nowSecond = 1534400581
08-16 14:23:01.553 I/Launcher( 3007): [com.stv.launcher] AdvertisingPresenter --  updateAdView ,find tabAdView = null
08-16 14:23:01.553 I/Launcher( 3007): [com.stv.launcher] AdvertisingPresenter --  checkShowOrHide  
08-16 14:23:01.553 I/Launcher( 3007): [com.stv.launcher] AdvertisingPresenter --  updateAdView end ---
08-16 14:23:01.553 I/Launcher( 3007): [com.stv.launcher] AdvertisingPresenter --  updateBackground cachedView Background {mUrl = http://picture-scloud.cp21.ott.cibntv.net/stargazer/1532585612302_1103 isTimeOut = true type = 2 mPluginID = null isDied = false}
08-16 14:23:01.553 I/Launcher( 3007): [com.stv.launcher] AdvertisingPresenter --  updateAdView begin ---
08-16 14:23:01.553 I/Launcher( 3007): [com.stv.launcher] AdvertisingPresenter --  updateAdView  canNew = false now = 1534400581553 nowSecond = 1534400581
08-16 14:23:01.553 I/Launcher( 3007): [com.stv.launcher] AdvertisingPresenter --  checkShowOrHide  
08-16 14:23:01.553 I/Launcher( 3007): [com.stv.launcher] AdvertisingPresenter --  updateAdView end ---
08-16 14:23:01.637 I/LetvManager-LogReport( 1780): [send_msg] line: 490 report url = http://log.hdtv.cp21.ott.cibntv.net:80/api/log/tvAction
08-16 14:23:01.673 I/Launcher( 3007): [com.stv.launcher] AdvertisingView -- ---show ----Background {mUrl = http://picture-scloud.cp21.ott.cibntv.net/stargazer/1532585612302_1103 isTimeOut = false type = 2 mPluginID = null isDied = false}
08-16 14:23:01.787 I/tvos    ( 1764): GetAudioOutputDevice, retval : 0
08-16 14:23:01.841 I/LetvManager-LogReport( 1780): [send_msg] line: 490 report url = http://log.hdtv.cp21.ott.cibntv.net:80/api/log/tvAction
08-16 14:23:02.038 I/tvos    ( 1764): GetAudioOutputDevice, retval : 0
08-16 14:23:02.047 I/LetvManager-LogReport( 1780): [send_msg] line: 490 report url = http://log.hdtv.cp21.ott.cibntv.net:80/api/log/tvAction
08-16 14:23:02.221 W/InputDispatcher( 2207): findFocusedWindow finished: injectionResult=0, timeSpentWaitingForApplication=0.0ms
08-16 14:23:02.227 W/InputDispatcher( 2207): findFocusedWindow finished: injectionResult=0, timeSpentWaitingForApplication=0.0ms
08-16 14:23:02.252 I/LetvManager-LogReport( 1780): [send_msg] line: 490 report url = http://log.hdtv.cp21.ott.cibntv.net:80/api/log/tvAction
08-16 14:23:02.288 I/tvos    ( 1764): GetAudioOutputDevice, retval : 0
08-16 14:23:02.460 I/LetvManager-LogReport( 1780): [send_msg] line: 490 report url = http://log.hdtv.cp21.ott.cibntv.net:80/api/log/tvAction
08-16 14:23:02.538 I/tvos    ( 1764): GetAudioOutputDevice, retval : 0
08-16 14:23:02.663 I/LetvManager-LogReport( 1780): [send_msg] line: 490 report url = http://log.hdtv.cp21.ott.cibntv.net:80/api/log/tvAction
08-16 14:23:02.789 I/tvos    ( 1764): GetAudioOutputDevice, retval : 0
08-16 14:23:02.868 I/LetvManager-LogReport( 1780): [send_msg] line: 490 report url = http://log.hdtv.cp21.ott.cibntv.net:80/api/log/tvAction
08-16 14:23:03.039 I/tvos    ( 1764): GetAudioOutputDevice, retval : 0
08-16 14:23:03.076 I/LetvManager-LogReport( 1780): [send_msg] line: 490 report url = http://log.hdtv.cp21.ott.cibntv.net:80/api/log/tvAction
08-16 14:23:03.290 I/tvos    ( 1764): GetAudioOutputDevice, retval : 0
08-16 14:23:03.475 E/LETV_DEVICE( 1780): no name sn for Mstar
08-16 14:23:03.482 I/LetvManager-LogReport( 1780): [send_msg] line: 490 report url = http://log.hdtv.cp21.ott.cibntv.net:80/api/log/tvAction
08-16 14:23:03.498 E/ActivityThread( 2837): Failed to find provider info for com.letv.agnes.InfoProvider
08-16 14:23:03.499 E/ActivityThread( 2837): Failed to find provider info for com.letv.agnes.InfoProvider
08-16 14:23:03.499 W/System.err( 2837): java.lang.IllegalArgumentException: Unknown URL content://com.letv.agnes.InfoProvider
08-16 14:23:03.499 W/System.err( 2837): 	at android.content.ContentResolver.insert(ContentResolver.java:1227)
08-16 14:23:03.499 W/System.err( 2837): 	at com.letv.tracker2.agnes.Configuration.addDebugInfo(Configuration.java:289)
08-16 14:23:03.499 W/System.err( 2837): 	at com.letv.tracker2.agnes.MessageProcessor$SendEnvMsgTr$1.handleMessage(MessageProcessor.java:661)
08-16 14:23:03.499 W/System.err( 2837): 	at android.os.Handler.dispatchMessage(Handler.java:102)
08-16 14:23:03.499 W/System.err( 2837): 	at android.os.Looper.loop(Looper.java:148)
08-16 14:23:03.499 W/System.err( 2837): 	at com.letv.tracker2.agnes.MessageProcessor$SendEnvMsgTr.run(MessageProcessor.java:665)
08-16 14:23:03.509 I/[T1.0.6.3]EuiAgnes_Server( 2837): resCode:1
08-16 14:23:03.509 I/[T1.0.6.3]EuiAgnes_Server( 2837): b[0]:0
08-16 14:23:03.541 I/tvos    ( 1764): GetAudioOutputDevice, retval : 0
08-16 14:23:03.590 I/tvos    ( 1764): [37m[INFO] Change to Voltage: 1030 mV (0x2E)[m
08-16 14:23:03.590 I/tvos    ( 1764): [37m[INFO] Change to Voltage: 1030 mV (0x2B)[m
08-16 14:23:03.590 I/tvos    ( 1764): [37m[INFO] Change to Voltage: 1030 mV (0x28)[m
08-16 14:23:03.590 I/tvos    ( 1764): [37m[INFO] Change to Voltage: 1030 mV (0x25)[m
08-16 14:23:03.592 I/tvos    ( 1764): [37m[INFO] Change to Voltage: 1030 mV (0x22)[m
08-16 14:23:03.593 I/tvos    ( 1764): [37m[INFO] Change to Voltage: 1030 mV (0x22)[m
08-16 14:23:03.683 I/reService( 2207): onReportKeyEvent  type=type0 keycode=20*22*22*22*22*4*4*4*4*4*4 
08-16 14:23:03.684 E/LETV_DEVICE( 1780): no name sn for Mstar
08-16 14:23:03.685 I/LetvManager-LogReport( 1780): [send_msg] line: 490 report url = http://log.hdtv.cp21.ott.cibntv.net:80/api/log/tvAction
08-16 14:23:03.702 E/ActivityThread( 2837): Failed to find provider info for com.letv.agnes.InfoProvider
08-16 14:23:03.703 E/ActivityThread( 2837): Failed to find provider info for com.letv.agnes.InfoProvider
08-16 14:23:03.703 W/System.err( 2837): java.lang.IllegalArgumentException: Unknown URL content://com.letv.agnes.InfoProvider
08-16 14:23:03.703 W/System.err( 2837): 	at android.content.ContentResolver.insert(ContentResolver.java:1227)
08-16 14:23:03.703 W/System.err( 2837): 	at com.letv.tracker2.agnes.Configuration.addDebugInfo(Configuration.java:289)
08-16 14:23:03.703 W/System.err( 2837): 	at com.letv.tracker2.agnes.MessageProcessor$SendEnvMsgTr$1.handleMessage(MessageProcessor.java:661)
08-16 14:23:03.703 W/System.err( 2837): 	at android.os.Handler.dispatchMessage(Handler.java:102)
08-16 14:23:03.703 W/System.err( 2837): 	at android.os.Looper.loop(Looper.java:148)
08-16 14:23:03.703 W/System.err( 2837): 	at com.letv.tracker2.agnes.MessageProcessor$SendEnvMsgTr.run(MessageProcessor.java:665)
08-16 14:23:03.708 I/[T1.0.6.3]EuiAgnes_Server( 2837): resCode:1
08-16 14:23:03.708 I/[T1.0.6.3]EuiAgnes_Server( 2837): b[0]:0
08-16 14:23:03.788 I/tvos    ( 1764): [37m[INFO] Change to Voltage: 1130 mV (0x1F)[m
08-16 14:23:03.788 I/tvos    ( 1764): [37m[INFO] Change to Voltage: 1130 mV (0x22)[m
08-16 14:23:03.788 I/tvos    ( 1764): [37m[INFO] Change to Voltage: 1130 mV (0x25)[m
08-16 14:23:03.788 I/tvos    ( 1764): [37m[INFO] Change to Voltage: 1130 mV (0x28)[m
08-16 14:23:03.788 I/tvos    ( 1764): [37m[INFO] Change to Voltage: 1130 mV (0x2B)[m
08-16 14:23:03.788 I/tvos    ( 1764): [37m[INFO] Change to Voltage: 1130 mV (0x2C)[m
08-16 14:23:03.792 I/tvos    ( 1764): GetAudioOutputDevice, retval : 0
08-16 14:23:03.889 I/tvos    ( 1764): [37m[INFO] Change to Voltage: 1000 mV (0x2C)[m
08-16 14:23:03.889 I/tvos    ( 1764): [37m[INFO] Change to Voltage: 1000 mV (0x29)[m
08-16 14:23:03.889 I/tvos    ( 1764): [37m[INFO] Change to Voltage: 1000 mV (0x26)[m
08-16 14:23:03.889 I/tvos    ( 1764): [37m[INFO] Change to Voltage: 1000 mV (0x23)[m
08-16 14:23:03.889 I/tvos    ( 1764): [37m[INFO] Change to Voltage: 1000 mV (0x20)[m
08-16 14:23:03.890 I/tvos    ( 1764): [37m[INFO] Change to Voltage: 1000 mV (0x1F)[m
08-16 14:23:03.908 I/System.out(15883): The phone type is: X4-40M
08-16 14:23:03.908 I/LetvTestCase(15883): ==========================case end time is :2018-8-16-2-23-3
08-16 14:23:03.908 I/TestRunner(15883): finished: testHousekeeper(com.letv.cases.leui.SmokeHousekeeper)
08-16 14:23:03.913 I/MonitoringInstrumentation(15883): Activities that are still in CREATED to STOPPED: 0
08-16 14:23:03.913 I/TestRunner(15883): run finished: 1 tests, 0 failed, 0 ignored
08-16 14:23:03.914 I/MonitoringInstrumentation(15883): waitForActivitiesToComplete() took: 0ms
08-16 14:23:03.914 I/MonitoringInstrumentation(15883): Activities that are still in CREATED to STOPPED: 0
08-16 14:23:03.916 W/WindowManager( 2207): Attempted to remove non-existing token: android.os.Binder@623b93a
08-16 14:23:04.042 I/tvos    ( 1764): GetAudioOutputDevice, retval : 0
08-16 14:23:04.190 I/ActivityManager( 2207): Force stopping com.le.tcauto.uitest appid=10097 user=0: finished inst
08-16 14:23:04.190 I/ActivityManager( 2207): Killing 15883:com.le.tcauto.uitest/u0a97 (adj 0): stop com.le.tcauto.uitest
08-16 14:23:04.199 W/ActivityManager( 2207): Error shutting down UiAutomationConnection
08-16 14:23:04.292 I/tvos    ( 1764): GetAudioOutputDevice, retval : 0
08-16 14:23:04.516 E/LetvRemoteupgradeManager-JNI( 2613): can't get LetvManager service!
08-16 14:23:04.543 I/tvos    ( 1764): GetAudioOutputDevice, retval : 0
08-16 14:23:04.793 I/tvos    ( 1764): GetAudioOutputDevice, retval : 0
08-16 14:23:05.044 I/tvos    ( 1764): GetAudioOutputDevice, retval : 0
08-16 14:23:05.294 I/tvos    ( 1764): GetAudioOutputDevice, retval : 0
08-16 14:23:05.544 I/tvos    ( 1764): GetAudioOutputDevice, retval : 0
08-16 14:23:05.795 I/tvos    ( 1764): GetAudioOutputDevice, retval : 0
08-16 14:23:05.963 I/WifiStateMachine( 2207):  DisconnectedState !CMD_START_SCAN  rt=511452396/511452396 -2 34075 ic=1 proc(ms):15012 dur:2903 cnt=34075 rssi=-127 f=-1 sc=0 link=-1 tx=0.0, 0.0, 0.0  rx=0.0 fiv=20000 [on:0 tx:0 rx:0 period:15011] from screen [on:0 period:1097261291]
08-16 14:23:05.964 I/WifiStateMachine( 2207): handlescanrequest  starting scan for 
08-16 14:23:05.964 I/WifiStateMachine( 2207): startscannative  starting scan for 
08-16 14:23:06.046 I/tvos    ( 1764): GetAudioOutputDevice, retval : 0
08-16 14:23:06.088 I/tvos    ( 1764): [37m[INFO] Change to Voltage: 1130 mV (0x1F)[m
08-16 14:23:06.088 I/tvos    ( 1764): [37m[INFO] Change to Voltage: 1130 mV (0x22)[m
08-16 14:23:06.088 I/tvos    ( 1764): [37m[INFO] Change to Voltage: 1130 mV (0x25)[m
08-16 14:23:06.088 I/tvos    ( 1764): [37m[INFO] Change to Voltage: 1130 mV (0x28)[m
08-16 14:23:06.088 I/tvos    ( 1764): [37m[INFO] Change to Voltage: 1130 mV (0x2B)[m
08-16 14:23:06.088 I/tvos    ( 1764): [37m[INFO] Change to Voltage: 1130 mV (0x2C)[m
08-16 14:23:06.187 I/tvos    ( 1764): [37m[INFO] Change to Voltage: 1000 mV (0x2C)[m
08-16 14:23:06.187 I/tvos    ( 1764): [37m[INFO] Change to Voltage: 1000 mV (0x29)[m
08-16 14:23:06.187 I/tvos    ( 1764): [37m[INFO] Change to Voltage: 1000 mV (0x26)[m
08-16 14:23:06.187 I/tvos    ( 1764): [37m[INFO] Change to Voltage: 1000 mV (0x23)[m
08-16 14:23:06.187 I/tvos    ( 1764): [37m[INFO] Change to Voltage: 1000 mV (0x20)[m
08-16 14:23:06.187 I/tvos    ( 1764): [37m[INFO] Change to Voltage: 1000 mV (0x1F)[m
08-16 14:23:06.297 I/tvos    ( 1764): GetAudioOutputDevice, retval : 0
08-16 14:23:06.547 I/tvos    ( 1764): GetAudioOutputDevice, retval : 0
08-16 14:23:06.798 I/tvos    ( 1764): GetAudioOutputDevice, retval : 0
08-16 14:23:07.048 I/tvos    ( 1764): GetAudioOutputDevice, retval : 0
08-16 14:23:07.299 I/tvos    ( 1764): GetAudioOutputDevice, retval : 0
08-16 14:23:07.516 E/LetvRemoteupgradeManager-JNI( 2613): can't get LetvManager service!
08-16 14:23:07.549 I/tvos    ( 1764): GetAudioOutputDevice, retval : 0
08-16 14:23:07.800 I/tvos    ( 1764): GetAudioOutputDevice, retval : 0
08-16 14:23:08.051 I/tvos    ( 1764): GetAudioOutputDevice, retval : 0
08-16 14:23:08.301 I/tvos    ( 1764): GetAudioOutputDevice, retval : 0
08-16 14:23:08.551 I/tvos    ( 1764): GetAudioOutputDevice, retval : 0
08-16 14:23:08.802 I/tvos    ( 1764): GetAudioOutputDevice, retval : 0
08-16 14:23:08.876 I/WifiStateMachine( 2207):  DisconnectedState !SCAN_RESULTS_EVENT  rt=511455309/511455309 0 0 found=172 known=0 got=172 bcn=0 con=0
08-16 14:23:08.877 I/WifiStateMachine( 2207):  ConnectModeState !SCAN_RESULTS_EVENT  rt=511455310/511455310 0 0 found=172 known=0 got=172 bcn=0 con=0
08-16 14:23:08.877 I/WifiStateMachine( 2207):  DriverStartedState !SCAN_RESULTS_EVENT  rt=511455310/511455310 0 0 found=172 known=0 got=172 bcn=0 con=0
08-16 14:23:08.881 I/WifiStateMachine( 2207):  SupplicantStartedState !SCAN_RESULTS_EVENT  rt=511455314/511455314 0 0 found=172 known=0 got=172 bcn=0 con=0
08-16 14:23:09.019 I/WifiStateMachine( 2207): setscanresults newsupplicantresult
08-16 14:23:09.052 I/tvos    ( 1764): GetAudioOutputDevice, retval : 0
08-16 14:23:09.303 I/tvos    ( 1764): GetAudioOutputDevice, retval : 0
08-16 14:23:09.553 I/tvos    ( 1764): GetAudioOutputDevice, retval : 0
