08-16 14:25:36.681 I/tvos    ( 1764): [audioBSP] #12 m_spdifMute : 1 ..
08-16 14:25:36.681 I/tvos    ( 1764): #12|->SDK_bPermanentAudioMute:0<-|->SDK_bMomentAudioMute:0<-|->SDK_bByBlockAudioMute:0<-|
08-16 14:25:36.681 I/tvos    ( 1764): #12|->SDK_bByVChipAudioMute:0<-|->SDK_bInternal1AudioMute:0<-|->SDK_bInternal4AudioMute:0<-|
08-16 14:25:36.681 I/tvos    ( 1764): #12|->SDK_bByDuringLimitedTimeAudioMute:0<-|->SDK_bSourceSwitchAudioMute:0<-|->SDK_bMHEGApMute:0<-|
08-16 14:25:36.681 I/tvos    ( 1764): #12|->SDK_bPowerOnMute:0<-|->SDK_bUsrSpdifAudioMute:1<-|->SDK_bNullSourceMute:0<-|->SDK_bByAppMute:0<-|
08-16 14:25:36.681 I/tvos    ( 1764): ---Amplifier_ALC1310_LR_SWMute(0)
08-16 14:25:36.681 I/tvos    ( 1764): ALC1310 unmute good, addr: 0x13 readbackvalue: 4 
08-16 14:25:36.683 I/AudioUtil( 1758): setParameters spk_volume=0
08-16 14:25:36.683 I/audio_hw_primary( 1758): adev_set_parameters: spk_volume=0
08-16 14:25:36.683 I/tvos    ( 1764): SetSoundMuteStatus : m_hpMute : 1, m_spdifMute : 1, m_DataInMute : 0, m_channel7Mute : 0, m_internalMute : 0, m_spkrMute : 0, m_PcmCapture1Mute : 0, m_PcmCapture2Mute : 0 
08-16 14:25:36.683 I/tvos    ( 1764): GetAudioOutputDevice, retval : 0
08-16 14:25:36.683 I/tvos    ( 1764): [SetMuteStatus] call SetSoundMuteStatus, line : 10369, muteType: 67108864, onOff : 1 
08-16 14:25:36.683 I/tvos    ( 1764): _TransMSrvMuteTypeToSDKMuteType: Err! muteType(67108864) is out of Range
08-16 14:25:36.686 I/tvos    ( 1764): [SetMuteStatus] call SetSoundMuteStatus, line : 10369, muteType: 4, onOff : 1 
08-16 14:25:36.686 I/tvos    ( 1764): [audioBSP] #1 m_internalMute : 0 ..
08-16 14:25:36.686 I/tvos    ( 1764): #1|->SDK_bPermanentAudioMute:0<-|->SDK_bMomentAudioMute:0 <-|->SDK_bBySyncAudioMute:0<-|->SDK_bByBlockAudioMute:0<-|->SDK_bByVChipAudioMute:0<-|
08-16 14:25:36.686 I/tvos    ( 1764): #1|->SDK_bInternal1AudioMute:0<-|->SDK_bInternal2AudioMute:0<-|->SDK_bInternal3AudioMute:0<-|->SDK_bInternal4AudioMute:0<-|
08-16 14:25:36.686 I/tvos    ( 1764): #1|->SDK_bByScanInOutchgCHchg:0<-|->SDK_bByDuringLimitedTimeAudioMute:0<-|->SDK_bSourceSwitchAudioMute:0<-|
08-16 14:25:36.686 I/tvos    ( 1764): #1|->SDK_bMHEGApMute:0<-|->SDK_bAllAudioMuteCtrl:0<-|->SDK_bPowerOnMute:0<-|->SDK_bNullSourceMute0<-|->SDK_bSetInputSourceAudioMute:0<-|
08-16 14:25:36.686 I/tvos    ( 1764): [audioBSP] #2 m_spkrMute : 1 ..|->SDK_bUsrSpkrAudioMute:0<-|->SDK_bPowerOnMute:0<-|->SDK_bByUserAudioMute:1<-|
08-16 14:25:36.686 I/tvos    ( 1764): [audioBSP] #3 m_PcmCapture2Mute:1 |->SDK_bByUserPcmCapture2Mute:0<-|->SDK_SUB_bByUserAudioMute:0<-|->SDK_bByUserAudioMute:1<-|
08-16 14:25:36.686 I/tvos    ( 1764): [audioBSP] #5 m_hpMute : 1 ..|->SDK_bUsrHpAudioMute:1<-|->SDK_bPowerOnMute:0<-|->SDK_bByUserAudioMute:1<-|
08-16 14:25:36.686 I/tvos    ( 1764): [audioBSP] #12 m_spdifMute : 1 ..
08-16 14:25:36.686 I/tvos    ( 1764): #12|->SDK_bPermanentAudioMute:0<-|->SDK_bMomentAudioMute:0<-|->SDK_bByBlockAudioMute:0<-|
08-16 14:25:36.686 I/tvos    ( 1764): #12|->SDK_bByVChipAudioMute:0<-|->SDK_bInternal1AudioMute:0<-|->SDK_bInternal4AudioMute:0<-|
08-16 14:25:36.686 I/tvos    ( 1764): #12|->SDK_bByDuringLimitedTimeAudioMute:0<-|->SDK_bSourceSwitchAudioMute:0<-|->SDK_bMHEGApMute:0<-|
08-16 14:25:36.686 I/tvos    ( 1764): #12|->SDK_bPowerOnMute:0<-|->SDK_bUsrSpdifAudioMute:1<-|->SDK_bNullSourceMute:0<-|->SDK_bByAppMute:0<-|
08-16 14:25:36.686 I/tvos    ( 1764): ---Amplifier_ALC1310_LR_SWMute(1)
08-16 14:25:36.686 I/tvos    ( 1764): ALC1310 mute write good, addr: 0x13, readback data : 49164, write cmd times : 1
08-16 14:25:36.688 I/tvos    ( 1764): SetSoundMuteStatus : m_hpMute : 1, m_spdifMute : 1, m_DataInMute : 0, m_channel7Mute : 0, m_internalMute : 0, m_spkrMute : 1, m_PcmCapture1Mute : 0, m_PcmCapture2Mute : 1 
08-16 14:25:36.761 I/APM::AudioPolicyEngine( 1758): getDeviceForStrategy, 359
08-16 14:25:36.799 E/InternetUtils( 4594): java.net.SocketTimeoutException: failed to connect to www.cibn.com/61.133.127.115 (port 80) after 3000ms
08-16 14:25:36.824 I/tvos    ( 1764): GetAudioOutputDevice, retval : 0
08-16 14:25:37.074 I/tvos    ( 1764): GetAudioOutputDevice, retval : 0
08-16 14:25:37.178 W/InputDispatcher( 2207): findFocusedWindow finished: injectionResult=0, timeSpentWaitingForApplication=0.0ms
08-16 14:25:37.180 I/remotestatus( 2207): Msg.what is 101
08-16 14:25:37.180 I/WindowManager( 2207): turn cursor off
08-16 14:25:37.180 E/RemoteManager( 2207): RemoteManager is no longer support in eui6.5
08-16 14:25:37.181 I/GlobalFocusChangedListe( 3007): com.stv.plugin.app.widget.AppCellView
08-16 14:25:37.182 E/InputManager-JNI( 2207): call nativeDisableCursor method with hideCursor
08-16 14:25:37.184 I/SoundPool( 2207): enter : func play
08-16 14:25:37.186 I/APM::AudioPolicyEngine( 1758): getDeviceForStrategy, 359
08-16 14:25:37.190 W/InputDispatcher( 2207): findFocusedWindow finished: injectionResult=0, timeSpentWaitingForApplication=0.0ms
08-16 14:25:37.193 I/audio_hw_primary( 1758): version:a00004 adev_create_audio_patch::mix->device 
08-16 14:25:37.193 I/audio_hw_primary( 1758): adev_create_audio_patch *handle=-1420227928 num_audio_patch=3
08-16 14:25:37.200 E/AudioManagerService( 1803): setAudioVolume(callingPid 1758, clientPid 1758, enSoundPath 0, volumn:0 )
08-16 14:25:37.203 I/tvos    ( 1764): SetVolume, subWooExist 0!
08-16 14:25:37.203 I/tvos    ( 1764): mapi_audio_customer::SetAbsoluteVolume: project name is X440M
08-16 14:25:37.203 I/tvos    ( 1764): SetAbsoluteVolume: uPercent : 0, path=52(speaker), VolumeInt=7f, VolumeFra=0
08-16 14:25:37.203 I/tvos    ( 1764): SetAbsoluteVolume: uPercent(currVol) : 0, realPath=52(default), VolumeInt=7f, VolumeFra=0
08-16 14:25:37.203 I/tvos    ( 1764): mapi_audio_customer::SetAbsoluteVolume: project name is X440M
08-16 14:25:37.203 I/tvos    ( 1764): SetAbsoluteVolume: uPercent : 0, path=49(HP), VolumeInt=7f, VolumeFra=0
08-16 14:25:37.203 I/tvos    ( 1764): SetAbsoluteVolume: uPercent(currVol) : 0, realPath=49(default), VolumeInt=7f, VolumeFra=0
08-16 14:25:37.203 I/tvos    ( 1764): mapi_audio_customer::SetAbsoluteVolume: project name is X440M
08-16 14:25:37.203 I/tvos    ( 1764): SetAbsoluteVolume, m_bBTDetect is false! 
08-16 14:25:37.203 I/tvos    ( 1764): mapi_audio_customer::SetAbsoluteVolume: project name is X440M
08-16 14:25:37.203 I/tvos    ( 1764): SetAbsoluteVolume: uPercent : 0, path=255(speaker), VolumeInt=7f, VolumeFra=0
08-16 14:25:37.203 I/tvos    ( 1764): SetAbsoluteVolume: uPercent(currVol) : 0, realPath=255(default), VolumeInt=7f, VolumeFra=0
08-16 14:25:37.203 I/tvos    ( 1764): [SetMuteStatus] call SetSoundMuteStatus, line : 10369, muteType: 4, onOff : 0 
08-16 14:25:37.203 I/tvos    ( 1764): [audioBSP] #1 m_internalMute : 0 ..
08-16 14:25:37.203 I/tvos    ( 1764): #1|->SDK_bPermanentAudioMute:0<-|->SDK_bMomentAudioMute:0 <-|->SDK_bBySyncAudioMute:0<-|->SDK_bByBlockAudioMute:0<-|->SDK_bByVChipAudioMute:0<-|
08-16 14:25:37.203 I/tvos    ( 1764): #1|->SDK_bInternal1AudioMute:0<-|->SDK_bInternal2AudioMute:0<-|->SDK_bInternal3AudioMute:0<-|->SDK_bInternal4AudioMute:0<-|
08-16 14:25:37.203 I/tvos    ( 1764): #1|->SDK_bByScanInOutchgCHchg:0<-|->SDK_bByDuringLimitedTimeAudioMute:0<-|->SDK_bSourceSwitchAudioMute:0<-|
08-16 14:25:37.203 I/tvos    ( 1764): #1|->SDK_bMHEGApMute:0<-|->SDK_bAllAudioMuteCtrl:0<-|->SDK_bPowerOnMute:0<-|->SDK_bNullSourceMute0<-|->SDK_bSetInputSourceAudioMute:0<-|
08-16 14:25:37.203 I/tvos    ( 1764): [audioBSP] #2 m_spkrMute : 0 ..|->SDK_bUsrSpkrAudioMute:0<-|->SDK_bPowerOnMute:0<-|->SDK_bByUserAudioMute:0<-|
08-16 14:25:37.203 I/tvos    ( 1764): [audioBSP] #3 m_PcmCapture2Mute:0 |->SDK_bByUserPcmCapture2Mute:0<-|->SDK_SUB_bByUserAudioMute:0<-|->SDK_bByUserAudioMute:0<-|
08-16 14:25:37.203 I/tvos    ( 1764): [audioBSP] #5 m_hpMute : 1 ..|->SDK_bUsrHpAudioMute:1<-|->SDK_bPowerOnMute:0<-|->SDK_bByUserAudioMute:0<-|
08-16 14:25:37.203 I/tvos    ( 1764): [audioBSP] #12 m_spdifMute : 1 ..
08-16 14:25:37.203 I/tvos    ( 1764): #12|->SDK_bPermanentAudioMute:0<-|->SDK_bMomentAudioMute:0<-|->SDK_bByBlockAudioMute:0<-|
08-16 14:25:37.203 I/tvos    ( 1764): #12|->SDK_bByVChipAudioMute:0<-|->SDK_bInternal1AudioMute:0<-|->SDK_bInternal4AudioMute:0<-|
08-16 14:25:37.203 I/tvos    ( 1764): #12|->SDK_bByDuringLimitedTimeAudioMute:0<-|->SDK_bSourceSwitchAudioMute:0<-|->SDK_bMHEGApMute:0<-|
08-16 14:25:37.203 I/tvos    ( 1764): #12|->SDK_bPowerOnMute:0<-|->SDK_bUsrSpdifAudioMute:1<-|->SDK_bNullSourceMute:0<-|->SDK_bByAppMute:0<-|
08-16 14:25:37.203 I/tvos    ( 1764): ---Amplifier_ALC1310_LR_SWMute(0)
08-16 14:25:37.203 I/tvos    ( 1764): ALC1310 unmute good, addr: 0x13 readbackvalue: 4 
08-16 14:25:37.206 I/AudioUtil( 1758): setParameters spk_volume=0
08-16 14:25:37.206 I/audio_hw_primary( 1758): adev_set_parameters: spk_volume=0
08-16 14:25:37.207 I/tvos    ( 1764): SetSoundMuteStatus : m_hpMute : 1, m_spdifMute : 1, m_DataInMute : 0, m_channel7Mute : 0, m_internalMute : 0, m_spkrMute : 0, m_PcmCapture1Mute : 0, m_PcmCapture2Mute : 0 
08-16 14:25:37.207 I/tvos    ( 1764): GetAudioOutputDevice, retval : 0
08-16 14:25:37.208 I/tvos    ( 1764): [SetMuteStatus] call SetSoundMuteStatus, line : 10369, muteType: 67108864, onOff : 1 
08-16 14:25:37.208 I/tvos    ( 1764): _TransMSrvMuteTypeToSDKMuteType: Err! muteType(67108864) is out of Range
08-16 14:25:37.210 I/tvos    ( 1764): [SetMuteStatus] call SetSoundMuteStatus, line : 10369, muteType: 4, onOff : 1 
08-16 14:25:37.210 I/tvos    ( 1764): [audioBSP] #1 m_internalMute : 0 ..
08-16 14:25:37.211 I/tvos    ( 1764): #1|->SDK_bPermanentAudioMute:0<-|->SDK_bMomentAudioMute:0 <-|->SDK_bBySyncAudioMute:0<-|->SDK_bByBlockAudioMute:0<-|->SDK_bByVChipAudioMute:0<-|
08-16 14:25:37.211 I/tvos    ( 1764): #1|->SDK_bInternal1AudioMute:0<-|->SDK_bInternal2AudioMute:0<-|->SDK_bInternal3AudioMute:0<-|->SDK_bInternal4AudioMute:0<-|
08-16 14:25:37.211 I/tvos    ( 1764): #1|->SDK_bByScanInOutchgCHchg:0<-|->SDK_bByDuringLimitedTimeAudioMute:0<-|->SDK_bSourceSwitchAudioMute:0<-|
08-16 14:25:37.211 I/tvos    ( 1764): #1|->SDK_bMHEGApMute:0<-|->SDK_bAllAudioMuteCtrl:0<-|->SDK_bPowerOnMute:0<-|->SDK_bNullSourceMute0<-|->SDK_bSetInputSourceAudioMute:0<-|
08-16 14:25:37.211 I/tvos    ( 1764): [audioBSP] #2 m_spkrMute : 1 ..|->SDK_bUsrSpkrAudioMute:0<-|->SDK_bPowerOnMute:0<-|->SDK_bByUserAudioMute:1<-|
08-16 14:25:37.211 I/tvos    ( 1764): [audioBSP] #3 m_PcmCapture2Mute:1 |->SDK_bByUserPcmCapture2Mute:0<-|->SDK_SUB_bByUserAudioMute:0<-|->SDK_bByUserAudioMute:1<-|
08-16 14:25:37.211 I/tvos    ( 1764): [audioBSP] #5 m_hpMute : 1 ..|->SDK_bUsrHpAudioMute:1<-|->SDK_bPowerOnMute:0<-|->SDK_bByUserAudioMute:1<-|
08-16 14:25:37.211 I/tvos    ( 1764): [audioBSP] #12 m_spdifMute : 1 ..
08-16 14:25:37.211 I/tvos    ( 1764): #12|->SDK_bPermanentAudioMute:0<-|->SDK_bMomentAudioMute:0<-|->SDK_bByBlockAudioMute:0<-|
08-16 14:25:37.211 I/tvos    ( 1764): #12|->SDK_bByVChipAudioMute:0<-|->SDK_bInternal1AudioMute:0<-|->SDK_bInternal4AudioMute:0<-|
08-16 14:25:37.211 I/tvos    ( 1764): #12|->SDK_bByDuringLimitedTimeAudioMute:0<-|->SDK_bSourceSwitchAudioMute:0<-|->SDK_bMHEGApMute:0<-|
08-16 14:25:37.211 I/tvos    ( 1764): #12|->SDK_bPowerOnMute:0<-|->SDK_bUsrSpdifAudioMute:1<-|->SDK_bNullSourceMute:0<-|->SDK_bByAppMute:0<-|
08-16 14:25:37.211 I/tvos    ( 1764): ---Amplifier_ALC1310_LR_SWMute(1)
08-16 14:25:37.211 I/tvos    ( 1764): ALC1310 mute write good, addr: 0x13, readback data : 49164, write cmd times : 1
08-16 14:25:37.212 I/tvos    ( 1764): SetSoundMuteStatus : m_hpMute : 1, m_spdifMute : 1, m_DataInMute : 0, m_channel7Mute : 0, m_internalMute : 0, m_spkrMute : 1, m_PcmCapture1Mute : 0, m_PcmCapture2Mute : 1 
08-16 14:25:37.293 I/APM::AudioPolicyEngine( 1758): getDeviceForStrategy, 359
08-16 14:25:37.324 I/tvos    ( 1764): GetAudioOutputDevice, retval : 0
08-16 14:25:37.495 I/Launcher( 3007): [com.stv.launcher] AdvertisingModel -- getData fromCache = false
08-16 14:25:37.495 I/Launcher( 3007): [com.stv.launcher] AdvertisingModel -- getData url = http://stargazer-sandbox.scloud.cp21.ott.cibntv.net/proxy/api/v1/promotion?mac=b01bd2542d51&posid=launcher_tab,launcher_logo,launcher_background,launcher_tab_isnew
08-16 14:25:37.539 E/LetvRemoteupgradeManager-JNI( 2613): can't get LetvManager service!
08-16 14:25:37.543 I/Launcher( 3007): [com.stv.launcher] AdvertisingPresenter -- launcher_logo beginTime :Wed Dec 13 00:00:00 GMT+08:00 2017 end :Thu Dec 14 14:00:00 GMT+08:00 2017 now :Thu Aug 16 14:25:37 GMT+08:00 2018 isTimeout :true
08-16 14:25:37.543 I/Launcher( 3007): [com.stv.launcher] AdvertisingPresenter -- launcher_tab beginTime :Tue Jul 17 00:00:00 GMT+08:00 2018 end :Mon Oct 01 00:00:00 GMT+08:00 2018 now :Thu Aug 16 14:25:37 GMT+08:00 2018 isTimeout :false
08-16 14:25:37.543 I/Launcher( 3007): [com.stv.launcher] AdvertisingPresenter -- launcher_background beginTime :Tue Jul 17 00:00:00 GMT+08:00 2018 end :Mon Oct 01 00:00:00 GMT+08:00 2018 now :Thu Aug 16 14:25:37 GMT+08:00 2018 isTimeout :false
08-16 14:25:37.543 I/Launcher( 3007): [com.stv.launcher] AdvertisingPresenter -- updateView dataList : [img_url = http://picture-scloud.cp21.ott.cibntv.net/stargazer/1531809918780_3441 begin_time = 1531756800000 end_time = 1538323200000 open = 0 tab_id = com.stv.local.tencent position = launcher_tab, img_url = http://picture-scloud.cp21.ott.cibntv.net/stargazer/1532585612302_1103 begin_time = 1531756800000 end_time = 1538323200000 open = 0 tab_id = null position = launcher_background]
08-16 14:25:37.552 I/Launcher( 3007): [com.stv.launcher] AdvertisingPresenter --  updateTab : img_url = http://picture-scloud.cp21.ott.cibntv.net/stargazer/1531809918780_3441 begin_time = 1531756800000 end_time = 1538323200000 open = 0 tab_id = com.stv.local.tencent position = launcher_tab
08-16 14:25:37.553 I/Launcher( 3007): [com.stv.launcher] AdvertisingPresenter --  updateBackground img_url = http://picture-scloud.cp21.ott.cibntv.net/stargazer/1532585612302_1103 begin_time = 1531756800000 end_time = 1538323200000 open = 0 tab_id = null position = launcher_background
08-16 14:25:37.573 I/Launcher( 3007): [com.stv.launcher] AdvertisingPresenter --  updateTab cachedView null
08-16 14:25:37.574 I/Launcher( 3007): [com.stv.launcher] AdvertisingPresenter --  updateTab pluginId = com.stv.local.tencent imageUrl = http://picture-scloud.cp21.ott.cibntv.net/stargazer/1531809918780_3441
08-16 14:25:37.574 I/Launcher( 3007): [com.stv.launcher] AdvertisingPresenter --  updateAdView begin ---
08-16 14:25:37.574 I/Launcher( 3007): [com.stv.launcher] AdvertisingPresenter --  setCacheViewDied type = 3
08-16 14:25:37.574 I/Launcher( 3007): [com.stv.launcher] AdvertisingPresenter -- TAB beginTime :Tue Jul 17 00:00:00 GMT+08:00 2018 end :Mon Oct 01 00:00:00 GMT+08:00 2018 now :Thu Aug 16 14:25:37 GMT+08:00 2018 isTimeout :false
08-16 14:25:37.574 I/Launcher( 3007): [com.stv.launcher] AdvertisingPresenter --  updateAdView  canNew = true now = 1534400737574 nowSecond = 1534400737
08-16 14:25:37.574 I/Launcher( 3007): [com.stv.launcher] AdvertisingPresenter --  updateAdView ,find tabAdView = null
08-16 14:25:37.574 I/Launcher( 3007): [com.stv.launcher] AdvertisingPresenter --  checkShowOrHide  
08-16 14:25:37.574 I/Launcher( 3007): [com.stv.launcher] AdvertisingPresenter --  updateAdView end ---
08-16 14:25:37.574 I/Launcher( 3007): [com.stv.launcher] AdvertisingPresenter --  updateBackground cachedView Background {mUrl = http://picture-scloud.cp21.ott.cibntv.net/stargazer/1532585612302_1103 isTimeOut = true type = 2 mPluginID = null isDied = false}
08-16 14:25:37.574 I/Launcher( 3007): [com.stv.launcher] AdvertisingPresenter --  updateAdView begin ---
08-16 14:25:37.575 I/tvos    ( 1764): GetAudioOutputDevice, retval : 0
08-16 14:25:37.576 I/Launcher( 3007): [com.stv.launcher] AdvertisingPresenter --  updateAdView  canNew = false now = 1534400737574 nowSecond = 1534400737
08-16 14:25:37.576 I/Launcher( 3007): [com.stv.launcher] AdvertisingPresenter --  checkShowOrHide  
08-16 14:25:37.576 I/Launcher( 3007): [com.stv.launcher] AdvertisingPresenter --  updateAdView end ---
08-16 14:25:37.673 I/PluginFramework -- WidgetManager( 3007): getWidget id =#com.stv.plugin.app#
08-16 14:25:37.673 I/PluginFramework -- WidgetManager( 3007): getWidget widget = Widget{, mWidgetId=com.stv.plugin.app, mState=15, mLocation='/data/user/0/com.stv.launcher/files/plugins/com.stv.plugin.app_LetvAppPlugin_2.5.0.005_2018050710.apk', mVersionName='2.5.0.005', mVersionCode=2018050710, mName='LetvAppPlugin', mDexDir='/data/user/0/com.stv.launcher/files/plugins_data/com.stv.plugin.app/dex/', mLibDir='/data/user/0/com.stv.launcher/files/plugins_data/com.stv.plugin.app/libs/', mDataDir='/data/user/0/com.stv.launcher/files/plugins_data/com.stv.plugin.app'}
08-16 14:25:37.675 I/PluginFramework -- WidgetManager( 3007): getWidget id =#com.stv.plugin.app#
08-16 14:25:37.675 I/PluginFramework -- WidgetManager( 3007): getWidget widget = Widget{, mWidgetId=com.stv.plugin.app, mState=15, mLocation='/data/user/0/com.stv.launcher/files/plugins/com.stv.plugin.app_LetvAppPlugin_2.5.0.005_2018050710.apk', mVersionName='2.5.0.005', mVersionCode=2018050710, mName='LetvAppPlugin', mDexDir='/data/user/0/com.stv.launcher/files/plugins_data/com.stv.plugin.app/dex/', mLibDir='/data/user/0/com.stv.launcher/files/plugins_data/com.stv.plugin.app/libs/', mDataDir='/data/user/0/com.stv.launcher/files/plugins_data/com.stv.plugin.app'}
08-16 14:25:37.676 I/PluginFramework -- WidgetManager( 3007): getWidget id =#com.stv.plugin.app#
08-16 14:25:37.677 I/PluginFramework -- WidgetManager( 3007): getWidget widget = Widget{, mWidgetId=com.stv.plugin.app, mState=15, mLocation='/data/user/0/com.stv.launcher/files/plugins/com.stv.plugin.app_LetvAppPlugin_2.5.0.005_2018050710.apk', mVersionName='2.5.0.005', mVersionCode=2018050710, mName='LetvAppPlugin', mDexDir='/data/user/0/com.stv.launcher/files/plugins_data/com.stv.plugin.app/dex/', mLibDir='/data/user/0/com.stv.launcher/files/plugins_data/com.stv.plugin.app/libs/', mDataDir='/data/user/0/com.stv.launcher/files/plugins_data/com.stv.plugin.app'}
08-16 14:25:37.681 I/PluginFramework -- WidgetManager( 3007): getWidget id =#com.stv.plugin.app#
08-16 14:25:37.682 I/PluginFramework -- WidgetManager( 3007): getWidget widget = Widget{, mWidgetId=com.stv.plugin.app, mState=15, mLocation='/data/user/0/com.stv.launcher/files/plugins/com.stv.plugin.app_LetvAppPlugin_2.5.0.005_2018050710.apk', mVersionName='2.5.0.005', mVersionCode=2018050710, mName='LetvAppPlugin', mDexDir='/data/user/0/com.stv.launcher/files/plugins_data/com.stv.plugin.app/dex/', mLibDir='/data/user/0/com.stv.launcher/files/plugins_data/com.stv.plugin.app/libs/', mDataDir='/data/user/0/com.stv.launcher/files/plugins_data/com.stv.plugin.app'}
08-16 14:25:37.683 I/PluginFramework -- WidgetManager( 3007): getWidget id =#com.stv.plugin.app#
08-16 14:25:37.683 I/PluginFramework -- WidgetManager( 3007): getWidget widget = Widget{, mWidgetId=com.stv.plugin.app, mState=15, mLocation='/data/user/0/com.stv.launcher/files/plugins/com.stv.plugin.app_LetvAppPlugin_2.5.0.005_2018050710.apk', mVersionName='2.5.0.005', mVersionCode=2018050710, mName='LetvAppPlugin', mDexDir='/data/user/0/com.stv.launcher/files/plugins_data/com.stv.plugin.app/dex/', mLibDir='/data/user/0/com.stv.launcher/files/plugins_data/com.stv.plugin.app/libs/', mDataDir='/data/user/0/com.stv.launcher/files/plugins_data/com.stv.plugin.app'}
08-16 14:25:37.684 I/PluginFramework -- WidgetManager( 3007): getWidget id =#com.stv.plugin.app#
08-16 14:25:37.684 I/PluginFramework -- WidgetManager( 3007): getWidget widget = Widget{, mWidgetId=com.stv.plugin.app, mState=15, mLocation='/data/user/0/com.stv.launcher/files/plugins/com.stv.plugin.app_LetvAppPlugin_2.5.0.005_2018050710.apk', mVersionName='2.5.0.005', mVersionCode=2018050710, mName='LetvAppPlugin', mDexDir='/data/user/0/com.stv.launcher/files/plugins_data/com.stv.plugin.app/dex/', mLibDir='/data/user/0/com.stv.launcher/files/plugins_data/com.stv.plugin.app/libs/', mDataDir='/data/user/0/com.stv.launcher/files/plugins_data/com.stv.plugin.app'}
08-16 14:25:37.686 I/PluginFramework -- WidgetManager( 3007): getWidget id =#com.stv.plugin.app#
08-16 14:25:37.686 I/PluginFramework -- WidgetManager( 3007): getWidget widget = Widget{, mWidgetId=com.stv.plugin.app, mState=15, mLocation='/data/user/0/com.stv.launcher/files/plugins/com.stv.plugin.app_LetvAppPlugin_2.5.0.005_2018050710.apk', mVersionName='2.5.0.005', mVersionCode=2018050710, mName='LetvAppPlugin', mDexDir='/data/user/0/com.stv.launcher/files/plugins_data/com.stv.plugin.app/dex/', mLibDir='/data/user/0/com.stv.launcher/files/plugins_data/com.stv.plugin.app/libs/', mDataDir='/data/user/0/com.stv.launcher/files/plugins_data/com.stv.plugin.app'}
08-16 14:25:37.687 I/PluginFramework -- WidgetManager( 3007): getWidget id =#com.stv.plugin.app#
08-16 14:25:37.688 I/PluginFramework -- WidgetManager( 3007): getWidget widget = Widget{, mWidgetId=com.stv.plugin.app, mState=15, mLocation='/data/user/0/com.stv.launcher/files/plugins/com.stv.plugin.app_LetvAppPlugin_2.5.0.005_2018050710.apk', mVersionName='2.5.0.005', mVersionCode=2018050710, mName='LetvAppPlugin', mDexDir='/data/user/0/com.stv.launcher/files/plugins_data/com.stv.plugin.app/dex/', mLibDir='/data/user/0/com.stv.launcher/files/plugins_data/com.stv.plugin.app/libs/', mDataDir='/data/user/0/com.stv.launcher/files/plugins_data/com.stv.plugin.app'}
08-16 14:25:37.688 I/PluginFramework -- WidgetManager( 3007): getWidget id =#com.stv.plugin.app#
08-16 14:25:37.688 I/PluginFramework -- WidgetManager( 3007): getWidget widget = Widget{, mWidgetId=com.stv.plugin.app, mState=15, mLocation='/data/user/0/com.stv.launcher/files/plugins/com.stv.plugin.app_LetvAppPlugin_2.5.0.005_2018050710.apk', mVersionName='2.5.0.005', mVersionCode=2018050710, mName='LetvAppPlugin', mDexDir='/data/user/0/com.stv.launcher/files/plugins_data/com.stv.plugin.app/dex/', mLibDir='/data/user/0/com.stv.launcher/files/plugins_data/com.stv.plugin.app/libs/', mDataDir='/data/user/0/com.stv.launcher/files/plugins_data/com.stv.plugin.app'}
08-16 14:25:37.689 I/PluginFramework -- WidgetManager( 3007): getWidget id =#com.stv.plugin.app#
08-16 14:25:37.689 I/PluginFramework -- WidgetManager( 3007): getWidget widget = Widget{, mWidgetId=com.stv.plugin.app, mState=15, mLocation='/data/user/0/com.stv.launcher/files/plugins/com.stv.plugin.app_LetvAppPlugin_2.5.0.005_2018050710.apk', mVersionName='2.5.0.005', mVersionCode=2018050710, mName='LetvAppPlugin', mDexDir='/data/user/0/com.stv.launcher/files/plugins_data/com.stv.plugin.app/dex/', mLibDir='/data/user/0/com.stv.launcher/files/plugins_data/com.stv.plugin.app/libs/', mDataDir='/data/user/0/com.stv.launcher/files/plugins_data/com.stv.plugin.app'}
08-16 14:25:37.689 I/PluginFramework -- WidgetManager( 3007): getWidget id =#com.stv.plugin.app#
08-16 14:25:37.689 I/PluginFramework -- WidgetManager( 3007): getWidget widget = Widget{, mWidgetId=com.stv.plugin.app, mState=15, mLocation='/data/user/0/com.stv.launcher/files/plugins/com.stv.plugin.app_LetvAppPlugin_2.5.0.005_2018050710.apk', mVersionName='2.5.0.005', mVersionCode=2018050710, mName='LetvAppPlugin', mDexDir='/data/user/0/com.stv.launcher/files/plugins_data/com.stv.plugin.app/dex/', mLibDir='/data/user/0/com.stv.launcher/files/plugins_data/com.stv.plugin.app/libs/', mDataDir='/data/user/0/com.stv.launcher/files/plugins_data/com.stv.plugin.app'}
08-16 14:25:37.690 I/PluginFramework -- WidgetManager( 3007): getWidget id =#com.stv.plugin.app#
08-16 14:25:37.691 I/PluginFramework -- WidgetManager( 3007): getWidget widget = Widget{, mWidgetId=com.stv.plugin.app, mState=15, mLocation='/data/user/0/com.stv.launcher/files/plugins/com.stv.plugin.app_LetvAppPlugin_2.5.0.005_2018050710.apk', mVersionName='2.5.0.005', mVersionCode=2018050710, mName='LetvAppPlugin', mDexDir='/data/user/0/com.stv.launcher/files/plugins_data/com.stv.plugin.app/dex/', mLibDir='/data/user/0/com.stv.launcher/files/plugins_data/com.stv.plugin.app/libs/', mDataDir='/data/user/0/com.stv.launcher/files/plugins_data/com.stv.plugin.app'}
08-16 14:25:37.692 I/PluginFramework -- WidgetManager( 3007): getWidget id =#com.stv.plugin.app#
08-16 14:25:37.692 I/PluginFramework -- WidgetManager( 3007): getWidget widget = Widget{, mWidgetId=com.stv.plugin.app, mState=15, mLocation='/data/user/0/com.stv.launcher/files/plugins/com.stv.plugin.app_LetvAppPlugin_2.5.0.005_2018050710.apk', mVersionName='2.5.0.005', mVersionCode=2018050710, mName='LetvAppPlugin', mDexDir='/data/user/0/com.stv.launcher/files/plugins_data/com.stv.plugin.app/dex/', mLibDir='/data/user/0/com.stv.launcher/files/plugins_data/com.stv.plugin.app/libs/', mDataDir='/data/user/0/com.stv.launcher/files/plugins_data/com.stv.plugin.app'}
08-16 14:25:37.694 I/Launcher( 3007): [com.stv.launcher] AdvertisingView -- ---show ----Background {mUrl = http://picture-scloud.cp21.ott.cibntv.net/stargazer/1532585612302_1103 isTimeOut = false type = 2 mPluginID = null isDied = false}
08-16 14:25:37.696 I/PluginFramework -- WidgetManager( 3007): getWidget id =#com.stv.plugin.app#
08-16 14:25:37.697 I/PluginFramework -- WidgetManager( 3007): getWidget widget = Widget{, mWidgetId=com.stv.plugin.app, mState=15, mLocation='/data/user/0/com.stv.launcher/files/plugins/com.stv.plugin.app_LetvAppPlugin_2.5.0.005_2018050710.apk', mVersionName='2.5.0.005', mVersionCode=2018050710, mName='LetvAppPlugin', mDexDir='/data/user/0/com.stv.launcher/files/plugins_data/com.stv.plugin.app/dex/', mLibDir='/data/user/0/com.stv.launcher/files/plugins_data/com.stv.plugin.app/libs/', mDataDir='/data/user/0/com.stv.launcher/files/plugins_data/com.stv.plugin.app'}
08-16 14:25:37.825 I/tvos    ( 1764): GetAudioOutputDevice, retval : 0
08-16 14:25:37.831 I/LetvManager-LogReport( 1780): [send_msg] line: 490 report url = http://log.hdtv.cp21.ott.cibntv.net:80/api/log/tvAction
08-16 14:25:38.034 I/LetvManager-LogReport( 1780): [send_msg] line: 490 report url = http://log.hdtv.cp21.ott.cibntv.net:80/api/log/tvAction
08-16 14:25:38.076 I/tvos    ( 1764): GetAudioOutputDevice, retval : 0
08-16 14:25:38.120 W/InputDispatcher( 2207): findFocusedWindow finished: injectionResult=0, timeSpentWaitingForApplication=0.0ms
08-16 14:25:38.120 I/PluginFramework -- WidgetManager( 3007): getWidget id =#com.stv.plugin.app#
08-16 14:25:38.120 I/PluginFramework -- WidgetManager( 3007): getWidget widget = Widget{, mWidgetId=com.stv.plugin.app, mState=15, mLocation='/data/user/0/com.stv.launcher/files/plugins/com.stv.plugin.app_LetvAppPlugin_2.5.0.005_2018050710.apk', mVersionName='2.5.0.005', mVersionCode=2018050710, mName='LetvAppPlugin', mDexDir='/data/user/0/com.stv.launcher/files/plugins_data/com.stv.plugin.app/dex/', mLibDir='/data/user/0/com.stv.launcher/files/plugins_data/com.stv.plugin.app/libs/', mDataDir='/data/user/0/com.stv.launcher/files/plugins_data/com.stv.plugin.app'}
08-16 14:25:38.120 W/PluginFramework -- WidgetContextWrapper( 3007): Start other app Service for intent: Intent { act=com.stv.admanager.action.APP_SPLASH_AD_BY_DESKTOP pkg=com.stv.bootadmanager (has extras) }
08-16 14:25:38.123 W/ContextImpl( 3007): Calling a method in the system process without a qualified user: android.app.ContextImpl.startService:1224 letv.plugin.framework.core.WidgetContextWrapper.startService:200 com.stv.plugin.app.util.Utilities.startAdManagerInPlugin:240 com.stv.plugin.app.widget.BaseCellView.startActivitySafely:460 com.stv.plugin.app.widget.AppCellView.openCellView:175 
08-16 14:25:38.129 I/STVADLOG3:UI(14459): UIService, ***** onCreate() *****
08-16 14:25:38.130 I/STVADLOG3:UI(14459): UIService, process action: com.stv.admanager.action.APP_SPLASH_AD_BY_DESKTOP
08-16 14:25:38.130 I/AppPlugin( 3007): ItemInfoDBHelper --  update [ title = 电视管家 packageName = com.stv.helper.main className = com.stv.helper.main.LetvHelperActivity type = 0 flags = 948485701 ]
08-16 14:25:38.131 E/LETV_DEVICE( 1780): no name sn for Mstar
08-16 14:25:38.137 E/ActivityThread( 2837): Failed to find provider info for com.letv.agnes.InfoProvider
08-16 14:25:38.140 E/ActivityThread( 2837): Failed to find provider info for com.letv.agnes.InfoProvider
08-16 14:25:38.142 W/System.err( 2837): java.lang.IllegalArgumentException: Unknown URL content://com.letv.agnes.InfoProvider
08-16 14:25:38.143 W/System.err( 2837): 	at android.content.ContentResolver.insert(ContentResolver.java:1227)
08-16 14:25:38.143 W/System.err( 2837): 	at com.letv.tracker2.agnes.Configuration.addDebugInfo(Configuration.java:289)
08-16 14:25:38.143 W/System.err( 2837): 	at com.letv.tracker2.agnes.MessageProcessor$SendEnvMsgTr$1.handleMessage(MessageProcessor.java:661)
08-16 14:25:38.143 W/System.err( 2837): 	at android.os.Handler.dispatchMessage(Handler.java:102)
08-16 14:25:38.145 W/System.err( 2837): 	at android.os.Looper.loop(Looper.java:148)
08-16 14:25:38.145 W/System.err( 2837): 	at com.letv.tracker2.agnes.MessageProcessor$SendEnvMsgTr.run(MessageProcessor.java:665)
08-16 14:25:38.147 I/AppPlugin( 3007): ReportLogUtil -- startClickReport
08-16 14:25:38.148 I/PluginFramework -- WidgetManager( 3007): getWidget id =#com.stv.plugin.app#
08-16 14:25:38.148 I/PluginFramework -- WidgetManager( 3007): getWidget widget = Widget{, mWidgetId=com.stv.plugin.app, mState=15, mLocation='/data/user/0/com.stv.launcher/files/plugins/com.stv.plugin.app_LetvAppPlugin_2.5.0.005_2018050710.apk', mVersionName='2.5.0.005', mVersionCode=2018050710, mName='LetvAppPlugin', mDexDir='/data/user/0/com.stv.launcher/files/plugins_data/com.stv.plugin.app/dex/', mLibDir='/data/user/0/com.stv.launcher/files/plugins_data/com.stv.plugin.app/libs/', mDataDir='/data/user/0/com.stv.launcher/files/plugins_data/com.stv.plugin.app'}
08-16 14:25:38.158 W/InputDispatcher( 2207): findFocusedWindow finished: injectionResult=0, timeSpentWaitingForApplication=0.0ms
08-16 14:25:38.167 I/[T1.0.6.3]EuiAgnes_Server( 2837): resCode:1
08-16 14:25:38.167 I/[T1.0.6.3]EuiAgnes_Server( 2837): b[0]:0
08-16 14:25:38.186 W/ContextImpl(14459): Calling a method in the system process without a qualified user: android.app.ContextImpl.startActivity:659 android.content.ContextWrapper.startActivity:331 com.stv.library.d.c.d.a:40 com.stv.admanager.ad.stickers.appopen.a.a:94 com.stv.admanager.process.ui.UIService.onStartCommand:1069 
08-16 14:25:38.186 W/ContextImpl(14459): Calling a method in the system process without a qualified user: android.app.ContextImpl.startActivity:671 android.app.ContextImpl.startActivity:660 android.content.ContextWrapper.startActivity:331 com.stv.library.d.c.d.a:40 com.stv.admanager.ad.stickers.appopen.a.a:94 
08-16 14:25:38.186 E/ContextImpl(14459): startAdManager() action is null
08-16 14:25:38.186 I/ActivityManager( 2207): START u0 {flg=0x10200000 cmp=com.stv.bootadmanager/com.stv.admanager.ad.stickers.appopen.activty.AppOpenFirstActivity (has extras)} from uid 1000 on display 0
08-16 14:25:38.202 I/TvLiveBaseFragment( 3007): onPause
08-16 14:25:38.202 I/ShoppingPlugin-stv-PluginFragment( 3007): onPause ->in
08-16 14:25:38.202 I/ShoppingPlugin-stv-PluginRootLayout( 3007): onFragmentPause ---> in
08-16 14:25:38.202 I/Launcher( 3007): [com.stv.launcher] LauncherActivity -- onPause  mBootSignalFirst=false sCurrentScreen = com.stv.plugin.app
08-16 14:25:38.203 I/Launcher( 3007): [com.stv.launcher] ===== enalbeAllKey =====
08-16 14:25:38.204 I/WindowManager( 2207): setBlockVoiceKey = false
08-16 14:25:38.204 I/WindowManager( 2207): setBlockSourceKey = false
08-16 14:25:38.205 I/WindowManager( 2207): setBlockSettingKey = false
08-16 14:25:38.205 I/WindowManager( 2207): setBlockFunctionKeys = false
08-16 14:25:38.205 I/WindowManager( 2207): setBlockHomeKey = false
08-16 14:25:38.208 W/InputDispatcher( 2207): setFocusedApplication
08-16 14:25:38.208 W/InputDispatcher( 2207): Focus left window: Window{23c0535 u0 com.stv.launcher/com.stv.launcher.ui.activity.Launcher}
08-16 14:25:38.209 I/STVADLOG3:UI(14459): LapRemoteStartUtils, startActivitySafely() start activity success.Intent { flg=0x10200000 cmp=com.stv.bootadmanager/com.stv.admanager.ad.stickers.appopen.activty.AppOpenFirstActivity (has extras) }
08-16 14:25:38.214 E/LETV_DEVICE( 1780): no name sn for Mstar
08-16 14:25:38.216 I/ActivityManager( 2207): TR11) TaskRecord{dfa0f27 #24 A=com.stv.bootadmanager U=0 sz=1}
08-16 14:25:38.216 I/ActivityManager( 2207): TR10) TaskRecord{14b0d11 #1 A=com.stv.launcher U=0 sz=1}
08-16 14:25:38.223 I/ActivityManager( 2207): accel TR11) TaskRecord{dfa0f27 #24 A=com.stv.bootadmanager U=0 sz=1}
08-16 14:25:38.223 I/ActivityManager( 2207): accel TR10) TaskRecord{14b0d11 #1 A=com.stv.launcher U=0 sz=1}
08-16 14:25:38.243 I/LetvManager-LogReport( 1780): [send_msg] line: 490 report url = http://log.hdtv.cp21.ott.cibntv.net:80/api/log/tvAction
08-16 14:25:38.248 I/StvLogReport( 2837): StargazerReportTask, action=appClose&name=桌面&packagename=com.stv.launcher&versionCode=20180321&appVersionName=1.0.5&appType=1&mark=61&totalTime=3
08-16 14:25:38.253 I/System.out(14459): From style:
08-16 14:25:38.253 I/System.out(14459): Attrs: 3010001=0.6 3010002=#0 3010003=null 3010004=true
08-16 14:25:38.257 I/StvLogReport( 2837): StargazerReportTask, reponse2 : {"status":"OK","statusCode":200,"message":"succeefully"}
08-16 14:25:38.268 I/STVADLOG3:UI(14459): AppOpenFirstActivity, don't need to request ad, start app direct , pkg = com.stv.helper.main
08-16 14:25:38.278 I/STVADLOG3:UI(14459): AppOpenManager, startDestApp
08-16 14:25:38.278 I/STVADLOG3:UI(14459): AppOpenManager, eui_app_splash_ad=false adShowed=false showLength=0 ad_length_total=146
08-16 14:25:38.278 I/STVADLOG3:UI(14459): AppOpenManager, desktopSource=com.stv.plugin.app desktopParam=
08-16 14:25:38.279 W/ContextImpl(14459): Calling a method in the system process without a qualified user: android.app.ContextImpl.startActivity:659 android.content.ContextWrapper.startActivity:331 com.stv.admanager.ad.stickers.appopen.a.a:241 com.stv.admanager.ad.stickers.appopen.a.b:145 com.stv.admanager.ad.stickers.appopen.activty.AppOpenFirstActivity.onCreate:73 
08-16 14:25:38.279 W/ContextImpl(14459): Calling a method in the system process without a qualified user: android.app.ContextImpl.startActivity:671 android.app.ContextImpl.startActivity:660 android.content.ContextWrapper.startActivity:331 com.stv.admanager.ad.stickers.appopen.a.a:241 com.stv.admanager.ad.stickers.appopen.a.b:145 
08-16 14:25:38.279 E/ContextImpl(14459): startAdManager() intent categories is null.
08-16 14:25:38.280 I/ActivityManager( 2207): START u0 {act=android.intent.action.MAIN flg=0x10200000 cmp=com.stv.helper.main/.LetvHelperActivity (has extras)} from uid 1000 on display 0
08-16 14:25:38.286 I/System.out( 2207): From style:
08-16 14:25:38.287 I/System.out( 2207): Attrs: 3010001=0.6 3010002=res/drawable-hdpi-v4/ic_desk_app_bg.jpg 3010003=null 3010004=true
08-16 14:25:38.288 W/InputDispatcher( 2207): setFocusedApplication
08-16 14:25:38.320 I/ActivityManager( 2207): Start proc 17263:com.stv.helper.main/1000 for activity com.stv.helper.main/.LetvHelperActivity
08-16 14:25:38.323 E/ActivityThread( 2837): Failed to find provider info for com.letv.agnes.InfoProvider
08-16 14:25:38.323 E/ActivityThread( 2837): Failed to find provider info for com.letv.agnes.InfoProvider
08-16 14:25:38.324 W/System.err( 2837): java.lang.IllegalArgumentException: Unknown URL content://com.letv.agnes.InfoProvider
08-16 14:25:38.324 W/System.err( 2837): 	at android.content.ContentResolver.insert(ContentResolver.java:1227)
08-16 14:25:38.324 W/System.err( 2837): 	at com.letv.tracker2.agnes.Configuration.addDebugInfo(Configuration.java:289)
08-16 14:25:38.324 W/System.err( 2837): 	at com.letv.tracker2.agnes.MessageProcessor$SendEnvMsgTr$1.handleMessage(MessageProcessor.java:661)
08-16 14:25:38.324 W/System.err( 2837): 	at android.os.Handler.dispatchMessage(Handler.java:102)
08-16 14:25:38.324 W/System.err( 2837): 	at android.os.Looper.loop(Looper.java:148)
08-16 14:25:38.324 W/System.err( 2837): 	at com.letv.tracker2.agnes.MessageProcessor$SendEnvMsgTr.run(MessageProcessor.java:665)
08-16 14:25:38.326 I/tvos    ( 1764): GetAudioOutputDevice, retval : 0
08-16 14:25:38.389 I/ActivityManager( 2207): TR11) TaskRecord{b37bc1f #25 A=letv.task.helper U=0 sz=1}
08-16 14:25:38.389 I/ActivityManager( 2207): TR10) TaskRecord{dfa0f27 #24 A=com.stv.bootadmanager U=0 sz=1}
08-16 14:25:38.389 I/ActivityManager( 2207): accel TR11) TaskRecord{b37bc1f #25 A=letv.task.helper U=0 sz=1}
08-16 14:25:38.389 I/ActivityManager( 2207): accel TR10) TaskRecord{dfa0f27 #24 A=com.stv.bootadmanager U=0 sz=1}
08-16 14:25:38.399 I/Launcher( 3007): [com.stv.launcher] LauncherApplication -- ========= tryTrimMemoryCache =========20
08-16 14:25:38.449 I/LetvManager-LogReport( 1780): [send_msg] line: 490 report url = http://log.hdtv.cp21.ott.cibntv.net:80/api/log/tvAction
08-16 14:25:38.467 I/[T1.0.6.3]EuiAgnes_Server( 2837): resCode:1
08-16 14:25:38.467 I/[T1.0.6.3]EuiAgnes_Server( 2837): b[0]:0
08-16 14:25:38.486 I/tvos    ( 1764): [37m[INFO] Change to Voltage: 1130 mV (0x1F)[m
08-16 14:25:38.486 I/tvos    ( 1764): [37m[INFO] Change to Voltage: 1130 mV (0x22)[m
08-16 14:25:38.486 I/tvos    ( 1764): [37m[INFO] Change to Voltage: 1130 mV (0x25)[m
08-16 14:25:38.487 I/tvos    ( 1764): [37m[INFO] Change to Voltage: 1130 mV (0x28)[m
08-16 14:25:38.488 I/tvos    ( 1764): [37m[INFO] Change to Voltage: 1130 mV (0x2B)[m
08-16 14:25:38.489 I/tvos    ( 1764): [37m[INFO] Change to Voltage: 1130 mV (0x2C)[m
08-16 14:25:38.521 E/LETV_DEVICE( 1780): no name sn for Mstar
08-16 14:25:38.542 I/StvLogReport( 2837): StargazerReportTask, action=appOpen&name=广告管理&packagename=com.stv.bootadmanager&versionCode=2070&appVersionName=20.7.0&appType=1&mark=62
08-16 14:25:38.548 E/critical_path_log( 3007): superlive_7799adbbe191b8ab_onTrimMemory: level = 20
08-16 14:25:38.553 I/StvLogReport( 2837): StargazerReportTask, reponse2 : {"status":"OK","statusCode":200,"message":"succeefully"}
08-16 14:25:38.555 E/LETV_DEVICE( 1780): no name sn for Mstar
08-16 14:25:38.571 I/LetvHelperMain(17263): [com.stv.helper.main] LetvHelperActivity --  onCreate 
08-16 14:25:38.577 I/tvos    ( 1764): GetAudioOutputDevice, retval : 0
08-16 14:25:38.578 I/System.out(17263): From style:
08-16 14:25:38.578 I/System.out(17263): Attrs: 3010001=0.6 3010002=res/drawable-hdpi-v4/ic_desk_app_bg.jpg 3010003=null 3010004=true
08-16 14:25:38.619 E/ActivityThread( 2837): Failed to find provider info for com.letv.agnes.InfoProvider
08-16 14:25:38.623 E/ActivityThread( 2837): Failed to find provider info for com.letv.agnes.InfoProvider
08-16 14:25:38.624 W/System.err( 2837): java.lang.IllegalArgumentException: Unknown URL content://com.letv.agnes.InfoProvider
08-16 14:25:38.624 W/System.err( 2837): 	at android.content.ContentResolver.insert(ContentResolver.java:1227)
08-16 14:25:38.624 W/System.err( 2837): 	at com.letv.tracker2.agnes.Configuration.addDebugInfo(Configuration.java:289)
08-16 14:25:38.624 W/System.err( 2837): 	at com.letv.tracker2.agnes.MessageProcessor$SendEnvMsgTr$1.handleMessage(MessageProcessor.java:661)
08-16 14:25:38.625 W/System.err( 2837): 	at android.os.Handler.dispatchMessage(Handler.java:102)
08-16 14:25:38.625 W/System.err( 2837): 	at android.os.Looper.loop(Looper.java:148)
08-16 14:25:38.625 W/System.err( 2837): 	at com.letv.tracker2.agnes.MessageProcessor$SendEnvMsgTr.run(MessageProcessor.java:665)
08-16 14:25:38.631 I/[T1.0.6.3]EuiAgnes_Server( 2837): resCode:1
08-16 14:25:38.631 I/[T1.0.6.3]EuiAgnes_Server( 2837): b[0]:0
08-16 14:25:38.654 I/LetvManager-LogReport( 1780): [send_msg] line: 490 report url = http://log.hdtv.cp21.ott.cibntv.net:80/api/log/tvAction
08-16 14:25:38.659 I/StvLogReport( 2837): StargazerReportTask, action=appClose&name=广告管理&packagename=com.stv.bootadmanager&versionCode=2070&appVersionName=20.7.0&appType=1&mark=62&totalTime=0
08-16 14:25:38.671 I/StvLogReport( 2837): StargazerReportTask, reponse2 : {"status":"OK","statusCode":200,"message":"succeefully"}
08-16 14:25:38.673 E/LETV_DEVICE( 1780): no name sn for Mstar
08-16 14:25:38.681 W/art     ( 4071): Suspending all threads took: 11.706ms
08-16 14:25:38.720 I/StvLogReport( 2837): StargazerReportTask, action=appOpen&name=电视管家&packagename=com.stv.helper.main&versionCode=161&appVersionName=1.6.1&appType=1&mark=63
08-16 14:25:38.729 I/StvLogReport( 2837): StargazerReportTask, reponse2 : {"status":"OK","statusCode":200,"message":"succeefully"}
08-16 14:25:38.778 E/ActivityThread( 2837): Failed to find provider info for com.letv.agnes.InfoProvider
08-16 14:25:38.780 E/ActivityThread( 2837): Failed to find provider info for com.letv.agnes.InfoProvider
08-16 14:25:38.780 W/System.err( 2837): java.lang.IllegalArgumentException: Unknown URL content://com.letv.agnes.InfoProvider
08-16 14:25:38.780 W/System.err( 2837): 	at android.content.ContentResolver.insert(ContentResolver.java:1227)
08-16 14:25:38.780 W/System.err( 2837): 	at com.letv.tracker2.agnes.Configuration.addDebugInfo(Configuration.java:289)
08-16 14:25:38.780 W/System.err( 2837): 	at com.letv.tracker2.agnes.MessageProcessor$SendEnvMsgTr$1.handleMessage(MessageProcessor.java:661)
08-16 14:25:38.780 W/System.err( 2837): 	at android.os.Handler.dispatchMessage(Handler.java:102)
08-16 14:25:38.780 W/System.err( 2837): 	at android.os.Looper.loop(Looper.java:148)
08-16 14:25:38.780 W/System.err( 2837): 	at com.letv.tracker2.agnes.MessageProcessor$SendEnvMsgTr.run(MessageProcessor.java:665)
08-16 14:25:38.787 I/LetvHelperMain(17263): [com.stv.helper.main] LetvHelperActivity --  onStart 
08-16 14:25:38.787 I/LetvHelperMain(17263): [com.stv.helper.main] LetvHelperActivity --  onResume 
08-16 14:25:38.799 I/LetvHelperMain(17263): [com.stv.helper.main] LetvHelperActivity -- mRomTotalSize 9580281856, mRomUsedSize 2726322176
08-16 14:25:38.803 I/LetvHelperMain(17263): [com.stv.helper.main] LetvHelperActivity -- mRamTotalSize 3620216832, mRamFreeSize 1447129088
08-16 14:25:38.803 I/LetvHelperMain(17263): [com.stv.helper.main] LetvHelperActivity -- refreshOneKeyExamView
08-16 14:25:38.827 I/tvos    ( 1764): GetAudioOutputDevice, retval : 0
08-16 14:25:38.851 W/InputDispatcher( 2207): Focus entered window: Window{acdeb0f u0 com.stv.helper.main/com.stv.helper.main.LetvHelperActivity}
08-16 14:25:38.861 I/LetvManager-LogReport( 1780): [send_msg] line: 490 report url = http://log.hdtv.cp21.ott.cibntv.net:80/api/log/tvAction
08-16 14:25:38.862 I/OpenGLRenderer(17263): Initialized EGL, version 1.4
08-16 14:25:38.865 I/[T1.0.6.3]EuiAgnes_Server( 2837): resCode:1
08-16 14:25:38.865 I/[T1.0.6.3]EuiAgnes_Server( 2837): b[0]:0
08-16 14:25:38.867 E/BufferQueueProducer( 1749): [com.stv.helper.main/com.stv.helper.main.LetvHelperActivity] connect(P): already connected (cur=1 req=1)
08-16 14:25:38.887 I/tvos    ( 1764): [37m[INFO] Change to Voltage: 1000 mV (0x2C)[m
08-16 14:25:38.887 I/tvos    ( 1764): [37m[INFO] Change to Voltage: 1000 mV (0x29)[m
08-16 14:25:38.887 I/tvos    ( 1764): [37m[INFO] Change to Voltage: 1000 mV (0x26)[m
08-16 14:25:38.887 I/tvos    ( 1764): [37m[INFO] Change to Voltage: 1000 mV (0x23)[m
08-16 14:25:38.889 I/tvos    ( 1764): [37m[INFO] Change to Voltage: 1000 mV (0x20)[m
08-16 14:25:38.892 I/tvos    ( 1764): [37m[INFO] Change to Voltage: 1000 mV (0x1F)[m
08-16 14:25:38.986 I/tvos    ( 1764): [37m[INFO] Change to Voltage: 1130 mV (0x1F)[m
08-16 14:25:38.986 I/tvos    ( 1764): [37m[INFO] Change to Voltage: 1130 mV (0x22)[m
08-16 14:25:38.986 I/tvos    ( 1764): [37m[INFO] Change to Voltage: 1130 mV (0x25)[m
08-16 14:25:38.987 I/tvos    ( 1764): [37m[INFO] Change to Voltage: 1130 mV (0x28)[m
08-16 14:25:38.987 I/tvos    ( 1764): [37m[INFO] Change to Voltage: 1130 mV (0x2B)[m
08-16 14:25:38.988 I/tvos    ( 1764): [37m[INFO] Change to Voltage: 1130 mV (0x2C)[m
08-16 14:25:39.007 E/ActivityThread( 2837): Failed to find provider info for com.letv.agnes.InfoProvider
08-16 14:25:39.014 I/[T1.0.6.3]EuiAgnes_Server( 2837): resCode:1
08-16 14:25:39.014 I/[T1.0.6.3]EuiAgnes_Server( 2837): b[0]:0
08-16 14:25:39.018 E/ActivityThread( 2837): Failed to find provider info for com.letv.agnes.InfoProvider
08-16 14:25:39.019 W/System.err( 2837): java.lang.IllegalArgumentException: Unknown URL content://com.letv.agnes.InfoProvider
08-16 14:25:39.019 W/System.err( 2837): 	at android.content.ContentResolver.insert(ContentResolver.java:1227)
08-16 14:25:39.019 W/System.err( 2837): 	at com.letv.tracker2.agnes.Configuration.addDebugInfo(Configuration.java:289)
08-16 14:25:39.019 W/System.err( 2837): 	at com.letv.tracker2.agnes.MessageProcessor$SendEnvMsgTr$1.handleMessage(MessageProcessor.java:661)
08-16 14:25:39.019 W/System.err( 2837): 	at android.os.Handler.dispatchMessage(Handler.java:102)
08-16 14:25:39.019 W/System.err( 2837): 	at android.os.Looper.loop(Looper.java:148)
08-16 14:25:39.019 W/System.err( 2837): 	at com.letv.tracker2.agnes.MessageProcessor$SendEnvMsgTr.run(MessageProcessor.java:665)
08-16 14:25:39.048 I/WifiStateMachine( 2207):  DisconnectedState !SCAN_RESULTS_EVENT  rt=511605481/511605481 0 0 found=173 known=0 got=173 bcn=0 con=0
08-16 14:25:39.048 I/WifiStateMachine( 2207):  ConnectModeState !SCAN_RESULTS_EVENT  rt=511605481/511605481 0 0 found=173 known=0 got=173 bcn=0 con=0
08-16 14:25:39.049 I/WifiStateMachine( 2207):  DriverStartedState !SCAN_RESULTS_EVENT  rt=511605482/511605482 0 0 found=173 known=0 got=173 bcn=0 con=0
08-16 14:25:39.049 I/WifiStateMachine( 2207):  SupplicantStartedState !SCAN_RESULTS_EVENT  rt=511605482/511605482 0 0 found=173 known=0 got=173 bcn=0 con=0
08-16 14:25:39.066 I/LetvManager-LogReport( 1780): [send_msg] line: 490 report url = http://log.hdtv.cp21.ott.cibntv.net:80/api/log/tvAction
08-16 14:25:39.081 I/tvos    ( 1764): GetAudioOutputDevice, retval : 0
08-16 14:25:39.086 I/tvos    ( 1764): [37m[INFO] Change to Voltage: 1000 mV (0x2C)[m
08-16 14:25:39.087 I/tvos    ( 1764): [37m[INFO] Change to Voltage: 1000 mV (0x29)[m
08-16 14:25:39.087 I/tvos    ( 1764): [37m[INFO] Change to Voltage: 1000 mV (0x26)[m
08-16 14:25:39.088 I/tvos    ( 1764): [37m[INFO] Change to Voltage: 1000 mV (0x23)[m
08-16 14:25:39.102 I/tvos    ( 1764): [37m[INFO] Change to Voltage: 1000 mV (0x20)[m
08-16 14:25:39.108 I/tvos    ( 1764): [37m[INFO] Change to Voltage: 1000 mV (0x1F)[m
08-16 14:25:39.113 I/ActivityManager( 2207): Displayed com.stv.helper.main/.LetvHelperActivity: +829ms (total +904ms)
08-16 14:25:39.114 W/ContextImpl( 2207): Calling a method in the system process without a qualified user: android.app.ContextImpl.sendBroadcast:766 com.android.server.am.ActivityRecord.reportLaunchTimeLocked:1056 com.android.server.am.ActivityRecord.windowsDrawnLocked:1080 com.android.server.am.ActivityRecord$Token.windowsDrawn:345 com.android.server.wm.WindowManagerService$H.handleMessage:8042 
08-16 14:25:39.115 W/ContextImpl( 2613): Calling a method in the system process without a qualified user: android.app.ContextImpl.startService:1224 android.content.ContextWrapper.startService:581 com.stv.helper.service.TvMasterService.noteLaunchTime:169 letv.tvmaster.ITvMasterService$Stub.onTransact:136 android.os.Binder.execTransact:453 
08-16 14:25:39.129 W/InputDispatcher( 2207): Window went away: Window{625fb3b u0 Starting com.stv.helper.main}
08-16 14:25:39.131 I/AnalysisLog( 3007): Plugin:onFragmentShowChanged_hide:com.stv.plugin.app----start:time='511605564'
08-16 14:25:39.131 I/AppPlugin( 3007): AppFragment -- onFragmentShowChanged gainSelect true screen = com.stv.plugin.app packageName = com.stv.plugin.app
08-16 14:25:39.134 I/AnalysisLog( 3007): Plugin:onFragmentShowChanged_hide:com.stv.plugin.app----end:time='511605567'
08-16 14:25:39.135 I/TvLiveBaseFragment( 3007): onStop
08-16 14:25:39.160 I/WifiStateMachine( 2207): setscanresults newsupplicantresult
08-16 14:25:39.186 I/tvos    ( 1764): [37m[INFO] Change to Voltage: 1130 mV (0x1F)[m
08-16 14:25:39.186 I/tvos    ( 1764): [37m[INFO] Change to Voltage: 1130 mV (0x22)[m
08-16 14:25:39.186 I/tvos    ( 1764): [37m[INFO] Change to Voltage: 1130 mV (0x25)[m
08-16 14:25:39.187 I/tvos    ( 1764): [37m[INFO] Change to Voltage: 1130 mV (0x28)[m
08-16 14:25:39.188 I/tvos    ( 1764): [37m[INFO] Change to Voltage: 1130 mV (0x2B)[m
08-16 14:25:39.189 I/tvos    ( 1764): [37m[INFO] Change to Voltage: 1130 mV (0x2C)[m
08-16 14:25:39.228 E/LETV_DEVICE( 1780): no name sn for Mstar
08-16 14:25:39.244 E/ActivityThread( 2837): Failed to find provider info for com.letv.agnes.InfoProvider
08-16 14:25:39.246 E/ActivityThread( 2837): Failed to find provider info for com.letv.agnes.InfoProvider
08-16 14:25:39.246 W/System.err( 2837): java.lang.IllegalArgumentException: Unknown URL content://com.letv.agnes.InfoProvider
08-16 14:25:39.246 W/System.err( 2837): 	at android.content.ContentResolver.insert(ContentResolver.java:1227)
08-16 14:25:39.246 W/System.err( 2837): 	at com.letv.tracker2.agnes.Configuration.addDebugInfo(Configuration.java:289)
08-16 14:25:39.246 W/System.err( 2837): 	at com.letv.tracker2.agnes.MessageProcessor$SendEnvMsgTr$1.handleMessage(MessageProcessor.java:661)
08-16 14:25:39.246 W/System.err( 2837): 	at android.os.Handler.dispatchMessage(Handler.java:102)
08-16 14:25:39.246 W/System.err( 2837): 	at android.os.Looper.loop(Looper.java:148)
08-16 14:25:39.246 W/System.err( 2837): 	at com.letv.tracker2.agnes.MessageProcessor$SendEnvMsgTr.run(MessageProcessor.java:665)
08-16 14:25:39.269 I/[T1.0.6.3]EuiAgnes_Server( 2837): resCode:1
08-16 14:25:39.269 I/[T1.0.6.3]EuiAgnes_Server( 2837): b[0]:0
08-16 14:25:39.273 I/LetvManager-LogReport( 1780): [send_msg] line: 490 report url = http://log.hdtv.cp21.ott.cibntv.net:80/api/log/tvAction
08-16 14:25:39.331 I/tvos    ( 1764): GetAudioOutputDevice, retval : 0
08-16 14:25:39.386 I/tvos    ( 1764): [37m[INFO] Change to Voltage: 1000 mV (0x2C)[m
08-16 14:25:39.387 I/tvos    ( 1764): [37m[INFO] Change to Voltage: 1000 mV (0x29)[m
08-16 14:25:39.387 I/tvos    ( 1764): [37m[INFO] Change to Voltage: 1000 mV (0x26)[m
08-16 14:25:39.387 I/tvos    ( 1764): [37m[INFO] Change to Voltage: 1000 mV (0x23)[m
08-16 14:25:39.387 I/tvos    ( 1764): [37m[INFO] Change to Voltage: 1000 mV (0x20)[m
