08-16 14:25:39.387 I/tvos    ( 1764): [37m[INFO] Change to Voltage: 1000 mV (0x1F)[m
08-16 14:25:39.484 I/LetvManager-LogReport( 1780): [send_msg] line: 490 report url = http://log.hdtv.cp21.ott.cibntv.net:80/api/log/tvAction
08-16 14:25:39.582 I/tvos    ( 1764): GetAudioOutputDevice, retval : 0
08-16 14:25:39.688 I/LetvManager-LogReport( 1780): [send_msg] line: 490 report url = http://log.hdtv.cp21.ott.cibntv.net:80/api/log/tvAction
08-16 14:25:39.832 I/tvos    ( 1764): GetAudioOutputDevice, retval : 0
08-16 14:25:39.893 I/LetvManager-LogReport( 1780): [send_msg] line: 490 report url = http://log.hdtv.cp21.ott.cibntv.net:80/api/log/tvAction
08-16 14:25:40.083 I/tvos    ( 1764): GetAudioOutputDevice, retval : 0
08-16 14:25:40.099 I/LetvManager-LogReport( 1780): [send_msg] line: 490 report url = http://log.hdtv.cp21.ott.cibntv.net:80/api/log/tvAction
08-16 14:25:40.261 W/CursorWrapperInner(17114): Cursor finalized without prior close()
08-16 14:25:40.268 W/CursorWrapperInner(17114): Cursor finalized without prior close()
08-16 14:25:40.304 I/LetvManager-LogReport( 1780): [send_msg] line: 490 report url = http://log.hdtv.cp21.ott.cibntv.net:80/api/log/tvAction
08-16 14:25:40.334 I/tvos    ( 1764): GetAudioOutputDevice, retval : 0
08-16 14:25:40.508 I/LetvManager-LogReport( 1780): [send_msg] line: 490 report url = http://log.hdtv.cp21.ott.cibntv.net:80/api/log/tvAction
08-16 14:25:40.539 E/LetvRemoteupgradeManager-JNI( 2613): can't get LetvManager service!
08-16 14:25:40.584 I/tvos    ( 1764): GetAudioOutputDevice, retval : 0
08-16 14:25:40.712 I/LetvManager-LogReport( 1780): [send_msg] line: 490 report url = http://log.hdtv.cp21.ott.cibntv.net:80/api/log/tvAction
08-16 14:25:40.712 I/LetvTestCase(17055): screenShot: /sdcard/AutoSmoke_UI30/testMessage_20180816_142505/1534400740712.png
08-16 14:25:40.714 I/System.out(17055): The folder /sdcard/AutoSmoke_UI30/testMessage_20180816_142505/ has existed!
08-16 14:25:40.714 I/System.out(17055): current_case_root_folder=testMessage_20180816_142505
08-16 14:25:40.714 I/LetvTestCase(17055): screenShot: /sdcard/AutoSmoke_UI30/testMessage_20180816_142505/1534400740712.png
08-16 14:25:40.834 I/tvos    ( 1764): GetAudioOutputDevice, retval : 0
08-16 14:25:40.918 I/LetvManager-LogReport( 1780): [send_msg] line: 490 report url = http://log.hdtv.cp21.ott.cibntv.net:80/api/log/tvAction
08-16 14:25:41.085 I/tvos    ( 1764): GetAudioOutputDevice, retval : 0
08-16 14:25:41.223 I/LetvManager-LogReport( 1780): [send_msg] line: 490 report url = http://log.hdtv.cp21.ott.cibntv.net:80/api/log/tvAction
08-16 14:25:41.335 I/tvos    ( 1764): GetAudioOutputDevice, retval : 0
08-16 14:25:41.429 I/LetvManager-LogReport( 1780): [send_msg] line: 490 report url = http://log.hdtv.cp21.ott.cibntv.net:80/api/log/tvAction
08-16 14:25:41.585 I/tvos    ( 1764): GetAudioOutputDevice, retval : 0
08-16 14:25:41.635 I/LetvManager-LogReport( 1780): [send_msg] line: 490 report url = http://log.hdtv.cp21.ott.cibntv.net:80/api/log/tvAction
08-16 14:25:41.836 I/tvos    ( 1764): GetAudioOutputDevice, retval : 0
08-16 14:25:41.839 I/LetvManager-LogReport( 1780): [send_msg] line: 490 report url = http://log.hdtv.cp21.ott.cibntv.net:80/api/log/tvAction
08-16 14:25:42.043 I/LetvManager-LogReport( 1780): [send_msg] line: 490 report url = http://log.hdtv.cp21.ott.cibntv.net:80/api/log/tvAction
08-16 14:25:42.086 I/tvos    ( 1764): GetAudioOutputDevice, retval : 0
08-16 14:25:42.248 I/LetvManager-LogReport( 1780): [send_msg] line: 490 report url = http://log.hdtv.cp21.ott.cibntv.net:80/api/log/tvAction
08-16 14:25:42.337 I/tvos    ( 1764): GetAudioOutputDevice, retval : 0
08-16 14:25:42.453 I/LetvManager-LogReport( 1780): [send_msg] line: 490 report url = http://log.hdtv.cp21.ott.cibntv.net:80/api/log/tvAction
08-16 14:25:42.587 I/tvos    ( 1764): GetAudioOutputDevice, retval : 0
08-16 14:25:42.659 I/LetvManager-LogReport( 1780): [send_msg] line: 490 report url = http://log.hdtv.cp21.ott.cibntv.net:80/api/log/tvAction
08-16 14:25:42.837 I/tvos    ( 1764): GetAudioOutputDevice, retval : 0
08-16 14:25:43.088 I/tvos    ( 1764): GetAudioOutputDevice, retval : 0
08-16 14:25:43.338 I/tvos    ( 1764): GetAudioOutputDevice, retval : 0
08-16 14:25:43.486 I/tvos    ( 1764): [37m[INFO] Change to Voltage: 1030 mV (0x2E)[m
08-16 14:25:43.487 I/tvos    ( 1764): [37m[INFO] Change to Voltage: 1030 mV (0x2B)[m
08-16 14:25:43.487 I/tvos    ( 1764): [37m[INFO] Change to Voltage: 1030 mV (0x28)[m
08-16 14:25:43.487 I/tvos    ( 1764): [37m[INFO] Change to Voltage: 1030 mV (0x25)[m
08-16 14:25:43.487 I/tvos    ( 1764): [37m[INFO] Change to Voltage: 1030 mV (0x22)[m
08-16 14:25:43.488 I/tvos    ( 1764): [37m[INFO] Change to Voltage: 1030 mV (0x22)[m
08-16 14:25:43.502 I/STVADLOG3:UI(14459): UIManager, There is no body in ui list, exit!
08-16 14:25:43.534 I/art     (14459): System.exit called, status: 0
08-16 14:25:43.534 I/AndroidRuntime(14459): VM exiting with result code 0, cleanup skipped.
08-16 14:25:43.540 E/LetvRemoteupgradeManager-JNI( 2613): can't get LetvManager service!
08-16 14:25:43.578 I/ActivityManager( 2207): Process com.stv.bootadmanager:ui (pid 14459) has died
08-16 14:25:43.578 W/ActivityManager( 2207): Scheduling restart of crashed service com.stv.bootadmanager/com.stv.admanager.process.ui.UIService in 1000ms
08-16 14:25:43.579 E/ActivityManager( 2207): Already have existing proc ProcessRecord{69d60e 14459:com.stv.bootadmanager:ui/1000} when adding ProcessRecord{69d60e 14459:com.stv.bootadmanager:ui/1000}
08-16 14:25:43.589 I/tvos    ( 1764): GetAudioOutputDevice, retval : 0
08-16 14:25:43.593 I/ActivityManager( 2207): Start proc 17329:com.stv.bootadmanager:ui/1000 for restart com.stv.bootadmanager:ui
08-16 14:25:43.672 I/STVADLOG3:UI(17329): AdApplication, ****** onCreate() ******
08-16 14:25:43.679 I/STVADLOG3:UI(17329): AdApplication, versionCode: 2070, versionName: 20.7.0, pid: 17329
08-16 14:25:43.679 I/STVADLOG3:UI(17329): AdApplication, Core threads count: 5
08-16 14:25:43.680 I/STVADLOG3:UI(17329): AdApplication, Set core threads count: true
08-16 14:25:43.681 I/STVADLOG3:UI(17329): AdApplication, ****** onCreate() Finished! ******
08-16 14:25:43.839 I/tvos    ( 1764): GetAudioOutputDevice, retval : 0
08-16 14:25:44.090 I/tvos    ( 1764): GetAudioOutputDevice, retval : 0
08-16 14:25:44.201 I/Radio-JNI(17327): register_android_hardware_Radio DONE
08-16 14:25:44.340 I/tvos    ( 1764): GetAudioOutputDevice, retval : 0
08-16 14:25:44.586 I/tvos    ( 1764): [37m[INFO] Change to Voltage: 1150 mV (0x22)[m
08-16 14:25:44.586 I/tvos    ( 1764): [37m[INFO] Change to Voltage: 1150 mV (0x25)[m
08-16 14:25:44.586 I/tvos    ( 1764): [37m[INFO] Change to Voltage: 1150 mV (0x28)[m
08-16 14:25:44.586 I/tvos    ( 1764): [37m[INFO] Change to Voltage: 1150 mV (0x2B)[m
08-16 14:25:44.586 I/tvos    ( 1764): [37m[INFO] Change to Voltage: 1150 mV (0x2E)[m
08-16 14:25:44.587 I/tvos    ( 1764): [37m[INFO] Change to Voltage: 1150 mV (0x2E)[m
08-16 14:25:44.591 I/tvos    ( 1764): GetAudioOutputDevice, retval : 0
08-16 14:25:44.841 I/tvos    ( 1764): GetAudioOutputDevice, retval : 0
08-16 14:25:45.092 I/tvos    ( 1764): GetAudioOutputDevice, retval : 0
08-16 14:25:45.342 I/tvos    ( 1764): GetAudioOutputDevice, retval : 0
08-16 14:25:45.592 I/tvos    ( 1764): GetAudioOutputDevice, retval : 0
08-16 14:25:45.843 I/tvos    ( 1764): GetAudioOutputDevice, retval : 0
08-16 14:25:46.093 I/tvos    ( 1764): GetAudioOutputDevice, retval : 0
08-16 14:25:46.344 I/tvos    ( 1764): GetAudioOutputDevice, retval : 0
08-16 14:25:46.390 I/tvos    ( 1764): [37m[INFO] Change to Voltage: 1030 mV (0x2E)[m
08-16 14:25:46.390 I/tvos    ( 1764): [37m[INFO] Change to Voltage: 1030 mV (0x2B)[m
08-16 14:25:46.390 I/tvos    ( 1764): [37m[INFO] Change to Voltage: 1030 mV (0x28)[m
08-16 14:25:46.390 I/tvos    ( 1764): [37m[INFO] Change to Voltage: 1030 mV (0x25)[m
08-16 14:25:46.392 I/tvos    ( 1764): [37m[INFO] Change to Voltage: 1030 mV (0x22)[m
08-16 14:25:46.393 I/tvos    ( 1764): [37m[INFO] Change to Voltage: 1030 mV (0x22)[m
08-16 14:25:46.540 E/LetvRemoteupgradeManager-JNI( 2613): can't get LetvManager service!
08-16 14:25:46.594 I/tvos    ( 1764): GetAudioOutputDevice, retval : 0
08-16 14:25:46.844 I/tvos    ( 1764): GetAudioOutputDevice, retval : 0
08-16 14:25:47.063 I/Radio-JNI(17373): register_android_hardware_Radio DONE
08-16 14:25:47.095 I/tvos    ( 1764): GetAudioOutputDevice, retval : 0
08-16 14:25:47.322 I/LetvTestCase(17055): screenShot: /sdcard/AutoSmoke_UI30/testMessage_20180816_142505/1534400747321.png
08-16 14:25:47.326 I/System.out(17055): The folder /sdcard/AutoSmoke_UI30/testMessage_20180816_142505/ has existed!
08-16 14:25:47.326 I/System.out(17055): current_case_root_folder=testMessage_20180816_142505
08-16 14:25:47.326 I/LetvTestCase(17055): screenShot: /sdcard/AutoSmoke_UI30/testMessage_20180816_142505/1534400747321.png
08-16 14:25:47.345 I/tvos    ( 1764): GetAudioOutputDevice, retval : 0
08-16 14:25:47.485 I/tvos    ( 1764): [37m[INFO] Change to Voltage: 1150 mV (0x22)[m
08-16 14:25:47.485 I/tvos    ( 1764): [37m[INFO] Change to Voltage: 1150 mV (0x25)[m
08-16 14:25:47.485 I/tvos    ( 1764): [37m[INFO] Change to Voltage: 1150 mV (0x28)[m
08-16 14:25:47.486 I/tvos    ( 1764): [37m[INFO] Change to Voltage: 1150 mV (0x2B)[m
08-16 14:25:47.487 I/tvos    ( 1764): [37m[INFO] Change to Voltage: 1150 mV (0x2E)[m
08-16 14:25:47.488 I/tvos    ( 1764): [37m[INFO] Change to Voltage: 1150 mV (0x2E)[m
08-16 14:25:47.587 I/tvos    ( 1764): [37m[INFO] Change to Voltage: 1030 mV (0x2E)[m
08-16 14:25:47.587 I/tvos    ( 1764): [37m[INFO] Change to Voltage: 1030 mV (0x2B)[m
08-16 14:25:47.587 I/tvos    ( 1764): [37m[INFO] Change to Voltage: 1030 mV (0x28)[m
08-16 14:25:47.587 I/tvos    ( 1764): [37m[INFO] Change to Voltage: 1030 mV (0x25)[m
08-16 14:25:47.587 I/tvos    ( 1764): [37m[INFO] Change to Voltage: 1030 mV (0x22)[m
08-16 14:25:47.587 I/tvos    ( 1764): [37m[INFO] Change to Voltage: 1030 mV (0x22)[m
08-16 14:25:47.596 I/tvos    ( 1764): GetAudioOutputDevice, retval : 0
08-16 14:25:47.686 I/tvos    ( 1764): [37m[INFO] Change to Voltage: 1150 mV (0x22)[m
08-16 14:25:47.686 I/tvos    ( 1764): [37m[INFO] Change to Voltage: 1150 mV (0x25)[m
08-16 14:25:47.686 I/tvos    ( 1764): [37m[INFO] Change to Voltage: 1150 mV (0x28)[m
08-16 14:25:47.686 I/tvos    ( 1764): [37m[INFO] Change to Voltage: 1150 mV (0x2B)[m
08-16 14:25:47.686 I/tvos    ( 1764): [37m[INFO] Change to Voltage: 1150 mV (0x2E)[m
08-16 14:25:47.687 I/tvos    ( 1764): [37m[INFO] Change to Voltage: 1150 mV (0x2E)[m
08-16 14:25:47.846 I/tvos    ( 1764): GetAudioOutputDevice, retval : 0
08-16 14:25:48.097 I/tvos    ( 1764): GetAudioOutputDevice, retval : 0
08-16 14:25:48.347 I/tvos    ( 1764): GetAudioOutputDevice, retval : 0
08-16 14:25:48.598 I/tvos    ( 1764): GetAudioOutputDevice, retval : 0
08-16 14:25:48.803 I/reService( 2207): onReportKeyEvent  type=type0 keycode=4*20*22*22*22*23 
08-16 14:25:48.804 E/LETV_DEVICE( 1780): no name sn for Mstar
08-16 14:25:48.808 E/ActivityThread( 2837): Failed to find provider info for com.letv.agnes.InfoProvider
08-16 14:25:48.811 E/ActivityThread( 2837): Failed to find provider info for com.letv.agnes.InfoProvider
08-16 14:25:48.812 W/System.err( 2837): java.lang.IllegalArgumentException: Unknown URL content://com.letv.agnes.InfoProvider
08-16 14:25:48.812 W/System.err( 2837): 	at android.content.ContentResolver.insert(ContentResolver.java:1227)
08-16 14:25:48.812 W/System.err( 2837): 	at com.letv.tracker2.agnes.Configuration.addDebugInfo(Configuration.java:289)
08-16 14:25:48.812 W/System.err( 2837): 	at com.letv.tracker2.agnes.MessageProcessor$SendEnvMsgTr$1.handleMessage(MessageProcessor.java:661)
08-16 14:25:48.812 W/System.err( 2837): 	at android.os.Handler.dispatchMessage(Handler.java:102)
08-16 14:25:48.812 W/System.err( 2837): 	at android.os.Looper.loop(Looper.java:148)
08-16 14:25:48.812 W/System.err( 2837): 	at com.letv.tracker2.agnes.MessageProcessor$SendEnvMsgTr.run(MessageProcessor.java:665)
08-16 14:25:48.848 I/tvos    ( 1764): GetAudioOutputDevice, retval : 0
08-16 14:25:49.024 I/[T1.0.6.3]EuiAgnes_Server( 2837): resCode:1
08-16 14:25:49.024 I/[T1.0.6.3]EuiAgnes_Server( 2837): b[0]:0
08-16 14:25:49.099 I/tvos    ( 1764): GetAudioOutputDevice, retval : 0
08-16 14:25:49.349 I/tvos    ( 1764): GetAudioOutputDevice, retval : 0
08-16 14:25:49.541 E/LetvRemoteupgradeManager-JNI( 2613): can't get LetvManager service!
08-16 14:25:49.599 I/tvos    ( 1764): GetAudioOutputDevice, retval : 0
08-16 14:25:49.850 I/tvos    ( 1764): GetAudioOutputDevice, retval : 0
08-16 14:25:50.100 I/tvos    ( 1764): GetAudioOutputDevice, retval : 0
08-16 14:25:50.190 I/tvos    ( 1764): [37m[INFO] Change to Voltage: 1030 mV (0x2E)[m
08-16 14:25:50.190 I/tvos    ( 1764): [37m[INFO] Change to Voltage: 1030 mV (0x2B)[m
08-16 14:25:50.190 I/tvos    ( 1764): [37m[INFO] Change to Voltage: 1030 mV (0x28)[m
08-16 14:25:50.191 I/tvos    ( 1764): [37m[INFO] Change to Voltage: 1030 mV (0x25)[m
08-16 14:25:50.191 I/tvos    ( 1764): [37m[INFO] Change to Voltage: 1030 mV (0x22)[m
08-16 14:25:50.192 I/tvos    ( 1764): [37m[INFO] Change to Voltage: 1030 mV (0x22)[m
08-16 14:25:50.351 I/tvos    ( 1764): GetAudioOutputDevice, retval : 0
08-16 14:25:50.601 I/tvos    ( 1764): GetAudioOutputDevice, retval : 0
08-16 14:25:50.851 I/tvos    ( 1764): GetAudioOutputDevice, retval : 0
08-16 14:25:50.910 I/Radio-JNI(17395): register_android_hardware_Radio DONE
08-16 14:25:51.095 I/WifiStateMachine( 2207):  DisconnectedState !CMD_START_SCAN  rt=511617528/511617528 -2 34086 ic=1 proc(ms):15012 dur:2965 cnt=34086 rssi=-127 f=-1 sc=0 link=-1 tx=0.0, 0.0, 0.0  rx=0.0 fiv=20000 [on:0 tx:0 rx:0 period:15009] from screen [on:0 period:1097426423]
08-16 14:25:51.095 I/WifiStateMachine( 2207): handlescanrequest  starting scan for 
08-16 14:25:51.095 I/WifiStateMachine( 2207): startscannative  starting scan for 
08-16 14:25:51.102 I/tvos    ( 1764): GetAudioOutputDevice, retval : 0
08-16 14:25:51.352 I/tvos    ( 1764): GetAudioOutputDevice, retval : 0
08-16 14:25:51.603 I/tvos    ( 1764): GetAudioOutputDevice, retval : 0
08-16 14:25:51.853 I/tvos    ( 1764): GetAudioOutputDevice, retval : 0
08-16 14:25:52.104 I/tvos    ( 1764): GetAudioOutputDevice, retval : 0
08-16 14:25:52.354 I/tvos    ( 1764): GetAudioOutputDevice, retval : 0
08-16 14:25:52.541 E/LetvRemoteupgradeManager-JNI( 2613): can't get LetvManager service!
08-16 14:25:52.605 I/tvos    ( 1764): GetAudioOutputDevice, retval : 0
08-16 14:25:52.855 I/tvos    ( 1764): GetAudioOutputDevice, retval : 0
08-16 14:25:53.106 I/tvos    ( 1764): GetAudioOutputDevice, retval : 0
08-16 14:25:53.356 I/tvos    ( 1764): GetAudioOutputDevice, retval : 0
08-16 14:25:53.585 I/tvos    ( 1764): [37m[INFO] Change to Voltage: 1150 mV (0x22)[m
08-16 14:25:53.585 I/tvos    ( 1764): [37m[INFO] Change to Voltage: 1150 mV (0x25)[m
08-16 14:25:53.585 I/tvos    ( 1764): [37m[INFO] Change to Voltage: 1150 mV (0x28)[m
08-16 14:25:53.586 I/tvos    ( 1764): [37m[INFO] Change to Voltage: 1150 mV (0x2B)[m
08-16 14:25:53.587 I/tvos    ( 1764): [37m[INFO] Change to Voltage: 1150 mV (0x2E)[m
08-16 14:25:53.588 I/tvos    ( 1764): [37m[INFO] Change to Voltage: 1150 mV (0x2E)[m
08-16 14:25:53.607 I/tvos    ( 1764): GetAudioOutputDevice, retval : 0
08-16 14:25:53.857 I/tvos    ( 1764): GetAudioOutputDevice, retval : 0
08-16 14:25:53.983 I/WifiStateMachine( 2207):  DisconnectedState !SCAN_RESULTS_EVENT  rt=511620416/511620417 0 0 found=170 known=0 got=170 bcn=0 con=0
08-16 14:25:53.984 I/WifiStateMachine( 2207):  ConnectModeState !SCAN_RESULTS_EVENT  rt=511620417/511620417 0 0 found=170 known=0 got=170 bcn=0 con=0
08-16 14:25:53.984 I/WifiStateMachine( 2207):  DriverStartedState !SCAN_RESULTS_EVENT  rt=511620418/511620418 0 0 found=170 known=0 got=170 bcn=0 con=0
08-16 14:25:53.985 I/WifiStateMachine( 2207):  SupplicantStartedState !SCAN_RESULTS_EVENT  rt=511620418/511620418 0 0 found=170 known=0 got=170 bcn=0 con=0
08-16 14:25:54.107 I/tvos    ( 1764): GetAudioOutputDevice, retval : 0
08-16 14:25:54.120 I/WifiStateMachine( 2207): setscanresults newsupplicantresult
08-16 14:25:54.125 I/Radio-JNI(17413): register_android_hardware_Radio DONE
08-16 14:25:54.186 I/tvos    ( 1764): [37m[INFO] Change to Voltage: 1030 mV (0x2E)[m
08-16 14:25:54.186 I/tvos    ( 1764): [37m[INFO] Change to Voltage: 1030 mV (0x2B)[m
08-16 14:25:54.186 I/tvos    ( 1764): [37m[INFO] Change to Voltage: 1030 mV (0x28)[m
08-16 14:25:54.186 I/tvos    ( 1764): [37m[INFO] Change to Voltage: 1030 mV (0x25)[m
08-16 14:25:54.186 I/tvos    ( 1764): [37m[INFO] Change to Voltage: 1030 mV (0x22)[m
08-16 14:25:54.187 I/tvos    ( 1764): [37m[INFO] Change to Voltage: 1030 mV (0x22)[m
08-16 14:25:54.358 I/tvos    ( 1764): GetAudioOutputDevice, retval : 0
08-16 14:25:54.384 W/InputDispatcher( 2207): findFocusedWindow finished: injectionResult=0, timeSpentWaitingForApplication=0.0ms
08-16 14:25:54.391 W/InputDispatcher( 2207): findFocusedWindow finished: injectionResult=0, timeSpentWaitingForApplication=0.0ms
08-16 14:25:54.395 W/InputDispatcher( 2207): setFocusedApplication
08-16 14:25:54.397 W/InputDispatcher( 2207): Focus left window: Window{acdeb0f u0 com.stv.helper.main/com.stv.helper.main.LetvHelperActivity}
08-16 14:25:54.399 I/LetvHelperMain(17263): [com.stv.helper.main] LetvHelperActivity --  onPause 
08-16 14:25:54.403 I/ActivityManager( 2207): TR10) TaskRecord{14b0d11 #1 A=com.stv.launcher U=0 sz=1}
08-16 14:25:54.404 I/ActivityManager( 2207): TR9) TaskRecord{b37bc1f #25 A=letv.task.helper U=0 sz=1}
08-16 14:25:54.414 I/ActivityManager( 2207): accel TR10) TaskRecord{14b0d11 #1 A=com.stv.launcher U=0 sz=1}
08-16 14:25:54.414 I/ActivityManager( 2207): accel TR9) TaskRecord{b37bc1f #25 A=letv.task.helper U=0 sz=1}
08-16 14:25:54.426 I/AnalysisLog( 3007): Activ:onStart----start:time='511620859'
08-16 14:25:54.426 I/TvLiveBaseFragment( 3007): onStart
08-16 14:25:54.428 I/Launcher( 3007): [com.stv.launcher] LauncherActivity -- onStart, switchByStr: false
08-16 14:25:54.429 I/AnalysisLog( 3007): Plugin:onFragmentShowChanged_show:com.stv.plugin.app----start:time='511620862'
08-16 14:25:54.429 I/AppPlugin( 3007): ReportLogUtil -- startExposureReport
08-16 14:25:54.434 I/AnalysisLog( 3007): Plugin:onFragmentShowChanged_show:com.stv.plugin.app----end:time='511620867'
08-16 14:25:54.436 I/AnalysisLog( 3007): Activ:onStart----end:time='511620869'
08-16 14:25:54.436 I/Launcher( 3007): [com.stv.launcher] LauncherActivity --  debug_tag onResume
08-16 14:25:54.437 I/AnalysisLog( 3007): Activ:onResume----start:time='511620870'
08-16 14:25:54.438 I/Launcher( 3007): [com.stv.launcher] boot video finished=1 bootAnifinished = 1 str =  strAdFinished = 3
08-16 14:25:54.438 I/Launcher( 3007): [com.stv.launcher] LauncherActivity -- onResume, switchByStr: false, bootAdFinish true
08-16 14:25:54.439 I/Launcher( 3007): [com.stv.launcher] LauncherActivity -- onResume mHandDetectStarted: false mHandDetectType: 0 mLastSelectedScreen = null
08-16 14:25:54.439 I/Launcher( 3007): [com.stv.launcher] PluginShell --  debug_tag  >>>>>> startLoadFirst <<<<<<
08-16 14:25:54.439 I/Launcher( 3007): [com.stv.launcher] PluginShell --  debug_tag  >>>>>> createPlugin <<<<<<
08-16 14:25:54.439 I/AnalysisLog( 3007): Activ:onResume----end:time='511620873'
08-16 14:25:54.439 I/Launcher( 3007): [com.stv.launcher] PluginShell --  debug_tag  ** createPlugin but current has empty **
08-16 14:25:54.439 I/AnalysisLog( 3007): Plugin:onAttach2onResume:com.letv.android.tv.letvlive----end:time='511620873'
08-16 14:25:54.440 I/TvLiveBaseFragment( 3007): onResume
08-16 14:25:54.440 I/AnalysisLog( 3007): Plugin:onAttach2onResume:com.stv.plugin.tencent----end:time='511620873'
08-16 14:25:54.440 I/AnalysisLog( 3007): Plugin:onAttach2onResume:com.stv.plugin.video----end:time='511620873'
08-16 14:25:54.440 I/AnalysisLog( 3007): Plugin:onAttach2onResume:com.stv.plugin.search----end:time='511620873'
08-16 14:25:54.440 I/ShoppingPlugin-stv-PluginFragment( 3007): onResume ->in
08-16 14:25:54.440 I/AnalysisLog( 3007): Plugin:onAttach2onResume:com.stv.shopping----end:time='511620873'
08-16 14:25:54.440 I/AnalysisLog( 3007): Plugin:onAttach2onResume:com.stv.plugin.kids----end:time='511620873'
08-16 14:25:54.440 I/AnalysisLog( 3007): Plugin:onAttach2onResume:com.stv.plugin.app----end:time='511620873'
08-16 14:25:54.440 I/AnalysisLog( 3007): Plugin:onAttach2onResume:com.stv.plugin.ucenter----end:time='511620873'
08-16 14:25:54.462 W/InputDispatcher( 2207): Focus entered window: Window{23c0535 u0 com.stv.launcher/com.stv.launcher.ui.activity.Launcher}
08-16 14:25:54.469 E/BufferQueueProducer( 1749): [com.stv.launcher/com.stv.launcher.ui.activity.Launcher] connect(P): already connected (cur=1 req=1)
08-16 14:25:54.477 I/tvos    ( 1764): [37m[INFO] Change to Voltage: 1150 mV (0x22)[m
08-16 14:25:54.477 I/tvos    ( 1764): [37m[INFO] Change to Voltage: 1150 mV (0x25)[m
08-16 14:25:54.477 I/tvos    ( 1764): [37m[INFO] Change to Voltage: 1150 mV (0x28)[m
08-16 14:25:54.477 I/tvos    ( 1764): [37m[INFO] Change to Voltage: 1150 mV (0x2B)[m
08-16 14:25:54.477 I/tvos    ( 1764): [37m[INFO] Change to Voltage: 1150 mV (0x2E)[m
08-16 14:25:54.477 I/tvos    ( 1764): [37m[INFO] Change to Voltage: 1150 mV (0x2E)[m
08-16 14:25:54.479 E/LETV_DEVICE( 1780): no name sn for Mstar
08-16 14:25:54.490 E/ActivityThread( 2837): Failed to find provider info for com.letv.agnes.InfoProvider
08-16 14:25:54.504 E/ActivityThread( 2837): Failed to find provider info for com.letv.agnes.InfoProvider
08-16 14:25:54.504 W/System.err( 2837): java.lang.IllegalArgumentException: Unknown URL content://com.letv.agnes.InfoProvider
08-16 14:25:54.505 W/System.err( 2837): 	at android.content.ContentResolver.insert(ContentResolver.java:1227)
08-16 14:25:54.505 W/System.err( 2837): 	at com.letv.tracker2.agnes.Configuration.addDebugInfo(Configuration.java:289)
08-16 14:25:54.505 W/System.err( 2837): 	at com.letv.tracker2.agnes.MessageProcessor$SendEnvMsgTr$1.handleMessage(MessageProcessor.java:661)
08-16 14:25:54.505 W/System.err( 2837): 	at android.os.Handler.dispatchMessage(Handler.java:102)
08-16 14:25:54.505 W/System.err( 2837): 	at android.os.Looper.loop(Looper.java:148)
08-16 14:25:54.505 W/System.err( 2837): 	at com.letv.tracker2.agnes.MessageProcessor$SendEnvMsgTr.run(MessageProcessor.java:665)
08-16 14:25:54.507 I/[T1.0.6.3]EuiAgnes_Server( 2837): resCode:1
08-16 14:25:54.507 I/[T1.0.6.3]EuiAgnes_Server( 2837): b[0]:0
08-16 14:25:54.525 I/StvLogReport( 2837): StargazerReportTask, action=appClose&name=电视管家&packagename=com.stv.helper.main&versionCode=161&appVersionName=1.6.1&appType=1&mark=63&totalTime=15
08-16 14:25:54.528 E/LETV_DEVICE( 1780): no name sn for Mstar
08-16 14:25:54.538 I/StvLogReport( 2837): StargazerReportTask, reponse2 : {"status":"OK","statusCode":200,"message":"succeefully"}
08-16 14:25:54.608 I/tvos    ( 1764): GetAudioOutputDevice, retval : 0
08-16 14:25:54.624 W/art     ( 4071): Suspending all threads took: 11.231ms
08-16 14:25:54.656 E/ActivityThread( 2837): Failed to find provider info for com.letv.agnes.InfoProvider
08-16 14:25:54.658 E/ActivityThread( 2837): Failed to find provider info for com.letv.agnes.InfoProvider
08-16 14:25:54.658 W/System.err( 2837): java.lang.IllegalArgumentException: Unknown URL content://com.letv.agnes.InfoProvider
08-16 14:25:54.658 W/System.err( 2837): 	at android.content.ContentResolver.insert(ContentResolver.java:1227)
08-16 14:25:54.659 W/System.err( 2837): 	at com.letv.tracker2.agnes.Configuration.addDebugInfo(Configuration.java:289)
08-16 14:25:54.659 W/System.err( 2837): 	at com.letv.tracker2.agnes.MessageProcessor$SendEnvMsgTr$1.handleMessage(MessageProcessor.java:661)
08-16 14:25:54.659 W/System.err( 2837): 	at android.os.Handler.dispatchMessage(Handler.java:102)
08-16 14:25:54.659 W/System.err( 2837): 	at android.os.Looper.loop(Looper.java:148)
08-16 14:25:54.659 W/System.err( 2837): 	at com.letv.tracker2.agnes.MessageProcessor$SendEnvMsgTr.run(MessageProcessor.java:665)
08-16 14:25:54.668 I/[T1.0.6.3]EuiAgnes_Server( 2837): resCode:1
08-16 14:25:54.668 I/[T1.0.6.3]EuiAgnes_Server( 2837): b[0]:0
08-16 14:25:54.672 I/LetvManager-LogReport( 1780): [send_msg] line: 490 report url = http://log.hdtv.cp21.ott.cibntv.net:80/api/log/tvAction
08-16 14:25:54.727 I/ActivityManager( 2207): Displayed com.stv.launcher/.ui.activity.Launcher: +327ms
08-16 14:25:54.728 W/ContextImpl( 2207): Calling a method in the system process without a qualified user: android.app.ContextImpl.sendBroadcast:766 com.android.server.am.ActivityRecord.reportLaunchTimeLocked:1056 com.android.server.am.ActivityRecord.windowsDrawnLocked:1080 com.android.server.am.ActivityRecord$Token.windowsDrawn:345 com.android.server.wm.WindowManagerService$H.handleMessage:8042 
08-16 14:25:54.729 W/ContextImpl( 2613): Calling a method in the system process without a qualified user: android.app.ContextImpl.startService:1224 android.content.ContextWrapper.startService:581 com.stv.helper.service.TvMasterService.noteLaunchTime:169 letv.tvmaster.ITvMasterService$Stub.onTransact:136 android.os.Binder.execTransact:453 
08-16 14:25:54.859 I/tvos    ( 1764): GetAudioOutputDevice, retval : 0
08-16 14:25:54.880 I/LetvManager-LogReport( 1780): [send_msg] line: 490 report url = http://log.hdtv.cp21.ott.cibntv.net:80/api/log/tvAction
08-16 14:25:55.109 I/tvos    ( 1764): GetAudioOutputDevice, retval : 0
08-16 14:25:55.160 I/LetvHelperMain(17263): [com.stv.helper.main] LetvHelperActivity --  onStop 
08-16 14:25:55.160 I/LetvHelperMain(17263): [com.stv.helper.main] LetvHelperActivity --  onDestroy 
08-16 14:25:55.206 I/art     (17263): System.exit called, status: 0
08-16 14:25:55.206 I/AndroidRuntime(17263): VM exiting with result code 0, cleanup skipped.
08-16 14:25:55.233 W/InputDispatcher( 2207): findFocusedWindow finished: injectionResult=0, timeSpentWaitingForApplication=0.0ms
08-16 14:25:55.234 I/AppPlugin( 3007): AppWorkspace -- dispatchKeyEvent folderWorkspace back event no respose,so force hide folderWorkspace.
08-16 14:25:55.237 I/GlobalFocusChangedListe( 3007): com.stv.launcher.ui.widget.TabItemNew
08-16 14:25:55.253 W/InputDispatcher( 2207): findFocusedWindow finished: injectionResult=0, timeSpentWaitingForApplication=0.0ms
08-16 14:25:55.276 W/InputDispatcher( 2207): channel 'acdeb0f com.stv.helper.main/com.stv.helper.main.LetvHelperActivity (server)' ~ Consumer closed input channel or an error occurred.  events=0x9
08-16 14:25:55.277 E/InputDispatcher( 2207): channel 'acdeb0f com.stv.helper.main/com.stv.helper.main.LetvHelperActivity (server)' ~ Channel is unrecoverably broken and will be disposed!
08-16 14:25:55.312 I/WindowState( 2207): WIN DEATH: Window{acdeb0f u0 com.stv.helper.main/com.stv.helper.main.LetvHelperActivity}
08-16 14:25:55.312 W/InputDispatcher( 2207): Attempted to unregister already unregistered input channel 'acdeb0f com.stv.helper.main/com.stv.helper.main.LetvHelperActivity (server)'
08-16 14:25:55.313 I/tvos    ( 1764): [37m[INFO] Change to Voltage: 1130 mV (0x1F)[m
08-16 14:25:55.313 I/tvos    ( 1764): [37m[INFO] Change to Voltage: 1130 mV (0x22)[m
08-16 14:25:55.313 I/tvos    ( 1764): [37m[INFO] Change to Voltage: 1130 mV (0x25)[m
08-16 14:25:55.313 I/tvos    ( 1764): [37m[INFO] Change to Voltage: 1130 mV (0x28)[m
08-16 14:25:55.313 I/tvos    ( 1764): [37m[INFO] Change to Voltage: 1130 mV (0x2B)[m
08-16 14:25:55.313 I/tvos    ( 1764): [37m[INFO] Change to Voltage: 1130 mV (0x2C)[m
08-16 14:25:55.315 W/InputDispatcher( 2207): Window went away: Window{acdeb0f u0 com.stv.helper.main/com.stv.helper.main.LetvHelperActivity}
08-16 14:25:55.322 I/ActivityManager( 2207): Process com.stv.helper.main (pid 17263) has died
08-16 14:25:55.347 E/critical_path_log( 5085): com.letv.tv : letv_3820f7d3a20b3a40_onTrimMemory: level = 5
08-16 14:25:55.348 E/critical_path_log( 5085): com.letv.tv : letv_02fb16e5d46e18f0_will clear cache
08-16 14:25:55.348 E/critical_path_log( 5085): com.letv.tv : letv_02fb16e5d46e18f0_clear cache finished
08-16 14:25:55.351 I/AppPlugin( 3007): ReportLogUtil -- startExposureReport
08-16 14:25:55.353 I/Launcher( 3007): [com.stv.launcher] LauncherApplication -- ========= tryTrimMemoryCache =========5
08-16 14:25:55.353 E/critical_path_log( 3007): superlive_7799adbbe191b8ab_onTrimMemory: level = 5
08-16 14:25:55.359 I/tvos    ( 1764): GetAudioOutputDevice, retval : 0
08-16 14:25:55.387 I/tvos    ( 1764): [37m[INFO] Change to Voltage: 1000 mV (0x2C)[m
08-16 14:25:55.387 I/tvos    ( 1764): [37m[INFO] Change to Voltage: 1000 mV (0x29)[m
08-16 14:25:55.387 I/tvos    ( 1764): [37m[INFO] Change to Voltage: 1000 mV (0x26)[m
08-16 14:25:55.387 I/tvos    ( 1764): [37m[INFO] Change to Voltage: 1000 mV (0x23)[m
08-16 14:25:55.387 I/tvos    ( 1764): [37m[INFO] Change to Voltage: 1000 mV (0x20)[m
08-16 14:25:55.387 I/tvos    ( 1764): [37m[INFO] Change to Voltage: 1000 mV (0x1F)[m
08-16 14:25:55.453 I/AppPlugin( 3007): AppFragment --  find index 0 view = Background {mUrl = http://picture-scloud.cp21.ott.cibntv.net/stargazer/1532585612302_1103 isTimeOut = false type = 2 mPluginID = null isDied = false}
08-16 14:25:55.453 I/AppPlugin( 3007): AppFragment --  remove bg 
08-16 14:25:55.541 E/LetvRemoteupgradeManager-JNI( 2613): can't get LetvManager service!
08-16 14:25:55.610 I/tvos    ( 1764): GetAudioOutputDevice, retval : 0
08-16 14:25:55.860 I/tvos    ( 1764): GetAudioOutputDevice, retval : 0
08-16 14:25:55.901 W/InputDispatcher( 2207): findFocusedWindow finished: injectionResult=0, timeSpentWaitingForApplication=0.0ms
08-16 14:25:55.906 W/InputDispatcher( 2207): findFocusedWindow finished: injectionResult=0, timeSpentWaitingForApplication=0.0ms
08-16 14:25:56.111 I/tvos    ( 1764): GetAudioOutputDevice, retval : 0
08-16 14:25:56.361 I/tvos    ( 1764): GetAudioOutputDevice, retval : 0
08-16 14:25:56.412 W/InputDispatcher( 2207): findFocusedWindow finished: injectionResult=0, timeSpentWaitingForApplication=0.0ms
08-16 14:25:56.422 W/InputDispatcher( 2207): findFocusedWindow finished: injectionResult=0, timeSpentWaitingForApplication=0.0ms
08-16 14:25:56.444 I/StvLogReport( 2837): StargazerReportTask, action=desktopShow&desktop=5&packageName=com.stv.plugin.app
08-16 14:25:56.446 E/LETV_DEVICE( 1780): no name sn for Mstar
08-16 14:25:56.453 I/StvLogReport( 2837): StargazerReportTask, reponse2 : {"status":"OK","statusCode":200,"message":"succeefully"}
08-16 14:25:56.454 I/AppPlugin( 3007): AppFragment -- handlerData isRefreshedUI = true isCanUpdate() = true isCanInit() = true
08-16 14:25:56.460 E/ActivityThread( 2837): Failed to find provider info for com.letv.agnes.InfoProvider
08-16 14:25:56.461 E/ActivityThread( 2837): Failed to find provider info for com.letv.agnes.InfoProvider
08-16 14:25:56.461 W/System.err( 2837): java.lang.IllegalArgumentException: Unknown URL content://com.letv.agnes.InfoProvider
08-16 14:25:56.461 W/System.err( 2837): 	at android.content.ContentResolver.insert(ContentResolver.java:1227)
08-16 14:25:56.461 W/System.err( 2837): 	at com.letv.tracker2.agnes.Configuration.addDebugInfo(Configuration.java:289)
08-16 14:25:56.461 W/System.err( 2837): 	at com.letv.tracker2.agnes.MessageProcessor$SendEnvMsgTr$1.handleMessage(MessageProcessor.java:661)
08-16 14:25:56.461 W/System.err( 2837): 	at android.os.Handler.dispatchMessage(Handler.java:102)
08-16 14:25:56.461 W/System.err( 2837): 	at android.os.Looper.loop(Looper.java:148)
08-16 14:25:56.461 W/System.err( 2837): 	at com.letv.tracker2.agnes.MessageProcessor$SendEnvMsgTr.run(MessageProcessor.java:665)
08-16 14:25:56.468 I/[T1.0.6.3]EuiAgnes_Server( 2837): resCode:1
08-16 14:25:56.468 I/[T1.0.6.3]EuiAgnes_Server( 2837): b[0]:0
08-16 14:25:56.486 I/LetvManager-LogReport( 1780): [send_msg] line: 490 report url = http://log.hdtv.cp21.ott.cibntv.net:80/api/log/tvAction
08-16 14:25:56.612 I/tvos    ( 1764): GetAudioOutputDevice, retval : 0
08-16 14:25:56.862 I/tvos    ( 1764): GetAudioOutputDevice, retval : 0
08-16 14:25:57.113 I/tvos    ( 1764): GetAudioOutputDevice, retval : 0
08-16 14:25:57.139 E/InternetUtils( 4594): java.net.SocketTimeoutException: failed to connect to www.cibn.com/61.133.127.115 (port 80) after 3000ms
08-16 14:25:57.353 I/PluginFramework -- WidgetManager( 3007): getWidget id =#com.stv.plugin.app#
08-16 14:25:57.353 I/PluginFramework -- WidgetManager( 3007): getWidget widget = Widget{, mWidgetId=com.stv.plugin.app, mState=15, mLocation='/data/user/0/com.stv.launcher/files/plugins/com.stv.plugin.app_LetvAppPlugin_2.5.0.005_2018050710.apk', mVersionName='2.5.0.005', mVersionCode=2018050710, mName='LetvAppPlugin', mDexDir='/data/user/0/com.stv.launcher/files/plugins_data/com.stv.plugin.app/dex/', mLibDir='/data/user/0/com.stv.launcher/files/plugins_data/com.stv.plugin.app/libs/', mDataDir='/data/user/0/com.stv.launcher/files/plugins_data/com.stv.plugin.app'}
08-16 14:25:57.354 I/PluginFramework -- WidgetManager( 3007): getWidget id =#com.stv.plugin.app#
08-16 14:25:57.354 I/PluginFramework -- WidgetManager( 3007): getWidget widget = Widget{, mWidgetId=com.stv.plugin.app, mState=15, mLocation='/data/user/0/com.stv.launcher/files/plugins/com.stv.plugin.app_LetvAppPlugin_2.5.0.005_2018050710.apk', mVersionName='2.5.0.005', mVersionCode=2018050710, mName='LetvAppPlugin', mDexDir='/data/user/0/com.stv.launcher/files/plugins_data/com.stv.plugin.app/dex/', mLibDir='/data/user/0/com.stv.launcher/files/plugins_data/com.stv.plugin.app/libs/', mDataDir='/data/user/0/com.stv.launcher/files/plugins_data/com.stv.plugin.app'}
08-16 14:25:57.355 I/PluginFramework -- WidgetManager( 3007): getWidget id =#com.stv.plugin.app#
08-16 14:25:57.355 I/PluginFramework -- WidgetManager( 3007): getWidget widget = Widget{, mWidgetId=com.stv.plugin.app, mState=15, mLocation='/data/user/0/com.stv.launcher/files/plugins/com.stv.plugin.app_LetvAppPlugin_2.5.0.005_2018050710.apk', mVersionName='2.5.0.005', mVersionCode=2018050710, mName='LetvAppPlugin', mDexDir='/data/user/0/com.stv.launcher/files/plugins_data/com.stv.plugin.app/dex/', mLibDir='/data/user/0/com.stv.launcher/files/plugins_data/com.stv.plugin.app/libs/', mDataDir='/data/user/0/com.stv.launcher/files/plugins_data/com.stv.plugin.app'}
08-16 14:25:57.358 I/PluginFramework -- WidgetManager( 3007): getWidget id =#com.stv.plugin.app#
08-16 14:25:57.358 I/PluginFramework -- WidgetManager( 3007): getWidget widget = Widget{, mWidgetId=com.stv.plugin.app, mState=15, mLocation='/data/user/0/com.stv.launcher/files/plugins/com.stv.plugin.app_LetvAppPlugin_2.5.0.005_2018050710.apk', mVersionName='2.5.0.005', mVersionCode=2018050710, mName='LetvAppPlugin', mDexDir='/data/user/0/com.stv.launcher/files/plugins_data/com.stv.plugin.app/dex/', mLibDir='/data/user/0/com.stv.launcher/files/plugins_data/com.stv.plugin.app/libs/', mDataDir='/data/user/0/com.stv.launcher/files/plugins_data/com.stv.plugin.app'}
08-16 14:25:57.360 I/PluginFramework -- WidgetManager( 3007): getWidget id =#com.stv.plugin.app#
08-16 14:25:57.360 I/PluginFramework -- WidgetManager( 3007): getWidget widget = Widget{, mWidgetId=com.stv.plugin.app, mState=15, mLocation='/data/user/0/com.stv.launcher/files/plugins/com.stv.plugin.app_LetvAppPlugin_2.5.0.005_2018050710.apk', mVersionName='2.5.0.005', mVersionCode=2018050710, mName='LetvAppPlugin', mDexDir='/data/user/0/com.stv.launcher/files/plugins_data/com.stv.plugin.app/dex/', mLibDir='/data/user/0/com.stv.launcher/files/plugins_data/com.stv.plugin.app/libs/', mDataDir='/data/user/0/com.stv.launcher/files/plugins_data/com.stv.plugin.app'}
08-16 14:25:57.363 I/PluginFramework -- WidgetManager( 3007): getWidget id =#com.stv.plugin.app#
08-16 14:25:57.363 I/PluginFramework -- WidgetManager( 3007): getWidget widget = Widget{, mWidgetId=com.stv.plugin.app, mState=15, mLocation='/data/user/0/com.stv.launcher/files/plugins/com.stv.plugin.app_LetvAppPlugin_2.5.0.005_2018050710.apk', mVersionName='2.5.0.005', mVersionCode=2018050710, mName='LetvAppPlugin', mDexDir='/data/user/0/com.stv.launcher/files/plugins_data/com.stv.plugin.app/dex/', mLibDir='/data/user/0/com.stv.launcher/files/plugins_data/com.stv.plugin.app/libs/', mDataDir='/data/user/0/com.stv.launcher/files/plugins_data/com.stv.plugin.app'}
08-16 14:25:57.363 I/tvos    ( 1764): GetAudioOutputDevice, retval : 0
08-16 14:25:57.364 I/PluginFramework -- WidgetManager( 3007): getWidget id =#com.stv.plugin.app#
08-16 14:25:57.364 I/PluginFramework -- WidgetManager( 3007): getWidget widget = Widget{, mWidgetId=com.stv.plugin.app, mState=15, mLocation='/data/user/0/com.stv.launcher/files/plugins/com.stv.plugin.app_LetvAppPlugin_2.5.0.005_2018050710.apk', mVersionName='2.5.0.005', mVersionCode=2018050710, mName='LetvAppPlugin', mDexDir='/data/user/0/com.stv.launcher/files/plugins_data/com.stv.plugin.app/dex/', mLibDir='/data/user/0/com.stv.launcher/files/plugins_data/com.stv.plugin.app/libs/', mDataDir='/data/user/0/com.stv.launcher/files/plugins_data/com.stv.plugin.app'}
08-16 14:25:57.365 I/PluginFramework -- WidgetManager( 3007): getWidget id =#com.stv.plugin.app#
08-16 14:25:57.365 I/PluginFramework -- WidgetManager( 3007): getWidget widget = Widget{, mWidgetId=com.stv.plugin.app, mState=15, mLocation='/data/user/0/com.stv.launcher/files/plugins/com.stv.plugin.app_LetvAppPlugin_2.5.0.005_2018050710.apk', mVersionName='2.5.0.005', mVersionCode=2018050710, mName='LetvAppPlugin', mDexDir='/data/user/0/com.stv.launcher/files/plugins_data/com.stv.plugin.app/dex/', mLibDir='/data/user/0/com.stv.launcher/files/plugins_data/com.stv.plugin.app/libs/', mDataDir='/data/user/0/com.stv.launcher/files/plugins_data/com.stv.plugin.app'}
08-16 14:25:57.366 I/PluginFramework -- WidgetManager( 3007): getWidget id =#com.stv.plugin.app#
08-16 14:25:57.366 I/PluginFramework -- WidgetManager( 3007): getWidget widget = Widget{, mWidgetId=com.stv.plugin.app, mState=15, mLocation='/data/user/0/com.stv.launcher/files/plugins/com.stv.plugin.app_LetvAppPlugin_2.5.0.005_2018050710.apk', mVersionName='2.5.0.005', mVersionCode=2018050710, mName='LetvAppPlugin', mDexDir='/data/user/0/com.stv.launcher/files/plugins_data/com.stv.plugin.app/dex/', mLibDir='/data/user/0/com.stv.launcher/files/plugins_data/com.stv.plugin.app/libs/', mDataDir='/data/user/0/com.stv.launcher/files/plugins_data/com.stv.plugin.app'}
08-16 14:25:57.442 I/Launcher( 3007): [com.stv.launcher] AdvertisingModel -- getData fromCache = false
08-16 14:25:57.443 I/Launcher( 3007): [com.stv.launcher] AdvertisingModel -- getData url = http://stargazer-sandbox.scloud.cp21.ott.cibntv.net/proxy/api/v1/promotion?mac=b01bd2542d51&posid=launcher_tab,launcher_logo,launcher_background,launcher_tab_isnew
08-16 14:25:57.486 I/tvos    ( 1764): [37m[INFO] Change to Voltage: 1130 mV (0x1F)[m
08-16 14:25:57.486 I/tvos    ( 1764): [37m[INFO] Change to Voltage: 1130 mV (0x22)[m
08-16 14:25:57.486 I/tvos    ( 1764): [37m[INFO] Change to Voltage: 1130 mV (0x25)[m
08-16 14:25:57.486 I/tvos    ( 1764): [37m[INFO] Change to Voltage: 1130 mV (0x28)[m
08-16 14:25:57.486 I/LetvManager-LogReport( 1780): [send_msg] line: 490 report url = http://log.hdtv.cp21.ott.cibntv.net:80/api/log/tvAction
08-16 14:25:57.487 I/tvos    ( 1764): [37m[INFO] Change to Voltage: 1130 mV (0x2B)[m
08-16 14:25:57.488 I/tvos    ( 1764): [37m[INFO] Change to Voltage: 1130 mV (0x2C)[m
08-16 14:25:57.587 I/tvos    ( 1764): [37m[INFO] Change to Voltage: 1000 mV (0x2C)[m
08-16 14:25:57.587 I/tvos    ( 1764): [37m[INFO] Change to Voltage: 1000 mV (0x29)[m
08-16 14:25:57.587 I/tvos    ( 1764): [37m[INFO] Change to Voltage: 1000 mV (0x26)[m
08-16 14:25:57.587 I/tvos    ( 1764): [37m[INFO] Change to Voltage: 1000 mV (0x23)[m
08-16 14:25:57.587 I/tvos    ( 1764): [37m[INFO] Change to Voltage: 1000 mV (0x20)[m
08-16 14:25:57.588 I/tvos    ( 1764): [37m[INFO] Change to Voltage: 1000 mV (0x1F)[m
08-16 14:25:57.613 I/tvos    ( 1764): GetAudioOutputDevice, retval : 0
08-16 14:25:57.690 I/LetvManager-LogReport( 1780): [send_msg] line: 490 report url = http://log.hdtv.cp21.ott.cibntv.net:80/api/log/tvAction
08-16 14:25:57.864 I/tvos    ( 1764): GetAudioOutputDevice, retval : 0
08-16 14:25:57.886 I/tvos    ( 1764): [37m[INFO] Change to Voltage: 1130 mV (0x1F)[m
08-16 14:25:57.886 I/tvos    ( 1764): [37m[INFO] Change to Voltage: 1130 mV (0x22)[m
08-16 14:25:57.886 I/tvos    ( 1764): [37m[INFO] Change to Voltage: 1130 mV (0x25)[m
08-16 14:25:57.886 I/tvos    ( 1764): [37m[INFO] Change to Voltage: 1130 mV (0x28)[m
08-16 14:25:57.886 I/tvos    ( 1764): [37m[INFO] Change to Voltage: 1130 mV (0x2B)[m
08-16 14:25:57.887 I/tvos    ( 1764): [37m[INFO] Change to Voltage: 1130 mV (0x2C)[m
08-16 14:25:57.896 I/LetvManager-LogReport( 1780): [send_msg] line: 490 report url = http://log.hdtv.cp21.ott.cibntv.net:80/api/log/tvAction
08-16 14:25:57.986 I/tvos    ( 1764): [37m[INFO] Change to Voltage: 1000 mV (0x2C)[m
08-16 14:25:57.987 I/tvos    ( 1764): [37m[INFO] Change to Voltage: 1000 mV (0x29)[m
08-16 14:25:57.987 I/tvos    ( 1764): [37m[INFO] Change to Voltage: 1000 mV (0x26)[m
08-16 14:25:57.987 I/tvos    ( 1764): [37m[INFO] Change to Voltage: 1000 mV (0x23)[m
08-16 14:25:57.987 I/tvos    ( 1764): [37m[INFO] Change to Voltage: 1000 mV (0x20)[m
08-16 14:25:57.988 I/tvos    ( 1764): [37m[INFO] Change to Voltage: 1000 mV (0x1F)[m
08-16 14:25:58.115 I/tvos    ( 1764): GetAudioOutputDevice, retval : 0
08-16 14:25:58.161 I/LetvManager-LogReport( 1780): [send_msg] line: 490 report url = http://log.hdtv.cp21.ott.cibntv.net:80/api/log/tvAction
08-16 14:25:58.198 W/InputDispatcher( 2207): findFocusedWindow finished: injectionResult=0, timeSpentWaitingForApplication=0.0ms
08-16 14:25:58.203 W/InputDispatcher( 2207): findFocusedWindow finished: injectionResult=0, timeSpentWaitingForApplication=0.0ms
08-16 14:25:58.365 I/tvos    ( 1764): GetAudioOutputDevice, retval : 0
08-16 14:25:58.369 I/LetvManager-LogReport( 1780): [send_msg] line: 490 report url = http://log.hdtv.cp21.ott.cibntv.net:80/api/log/tvAction
08-16 14:25:58.542 E/LetvRemoteupgradeManager-JNI( 2613): can't get LetvManager service!
08-16 14:25:58.573 I/LetvManager-LogReport( 1780): [send_msg] line: 490 report url = http://log.hdtv.cp21.ott.cibntv.net:80/api/log/tvAction
08-16 14:25:58.615 I/tvos    ( 1764): GetAudioOutputDevice, retval : 0
08-16 14:25:58.712 I/tvos    ( 1764): bq32kDriver:rtc_read_time.
08-16 14:25:58.712 I/tvos    ( 1764): [hq]rtc_read_time: read 0x58 0x25 0xc6 0x05 0x16 0x08 0x18
08-16 14:25:58.712 I/tvos    ( 1764): rtc_read_time: date 58s 25m 6h 16md 7m 118y
08-16 14:25:58.712 I/tvos    ( 1764): rtc read time:2018-8-16 6:25:58.
08-16 14:25:58.712 I/tvos    ( 1764): tm_year = 2018, tm_mon = 8, tm_mday = 16, tm_hour = 6,tm_min= 25,  tm_sec = 58
08-16 14:25:58.712 I/tvos    ( 1764): timeSeconds:1534400758 rtcTimeSeconds:1534400758.
08-16 14:25:58.779 I/LetvManager-LogReport( 1780): [send_msg] line: 490 report url = http://log.hdtv.cp21.ott.cibntv.net:80/api/log/tvAction
08-16 14:25:58.866 I/tvos    ( 1764): GetAudioOutputDevice, retval : 0
08-16 14:25:58.983 I/LetvManager-LogReport( 1780): [send_msg] line: 490 report url = http://log.hdtv.cp21.ott.cibntv.net:80/api/log/tvAction
08-16 14:25:59.116 I/tvos    ( 1764): GetAudioOutputDevice, retval : 0
08-16 14:25:59.191 I/LetvManager-LogReport( 1780): [send_msg] line: 490 report url = http://log.hdtv.cp21.ott.cibntv.net:80/api/log/tvAction
08-16 14:25:59.367 I/tvos    ( 1764): GetAudioOutputDevice, retval : 0
08-16 14:25:59.441 E/LETV_DEVICE( 1780): no name sn for Mstar
08-16 14:25:59.456 E/ActivityThread( 2837): Failed to find provider info for com.letv.agnes.InfoProvider
08-16 14:25:59.458 E/ActivityThread( 2837): Failed to find provider info for com.letv.agnes.InfoProvider
08-16 14:25:59.459 W/System.err( 2837): java.lang.IllegalArgumentException: Unknown URL content://com.letv.agnes.InfoProvider
08-16 14:25:59.459 W/System.err( 2837): 	at android.content.ContentResolver.insert(ContentResolver.java:1227)
08-16 14:25:59.459 W/System.err( 2837): 	at com.letv.tracker2.agnes.Configuration.addDebugInfo(Configuration.java:289)
08-16 14:25:59.459 W/System.err( 2837): 	at com.letv.tracker2.agnes.MessageProcessor$SendEnvMsgTr$1.handleMessage(MessageProcessor.java:661)
08-16 14:25:59.459 W/System.err( 2837): 	at android.os.Handler.dispatchMessage(Handler.java:102)
08-16 14:25:59.459 W/System.err( 2837): 	at android.os.Looper.loop(Looper.java:148)
08-16 14:25:59.459 W/System.err( 2837): 	at com.letv.tracker2.agnes.MessageProcessor$SendEnvMsgTr.run(MessageProcessor.java:665)
08-16 14:25:59.468 I/[T1.0.6.3]EuiAgnes_Server( 2837): resCode:1
08-16 14:25:59.468 I/[T1.0.6.3]EuiAgnes_Server( 2837): b[0]:0
08-16 14:25:59.586 I/tvos    ( 1764): [37m[INFO] Change to Voltage: 1030 mV (0x2E)[m
08-16 14:25:59.587 I/tvos    ( 1764): [37m[INFO] Change to Voltage: 1030 mV (0x2B)[m
08-16 14:25:59.587 I/tvos    ( 1764): [37m[INFO] Change to Voltage: 1030 mV (0x28)[m
08-16 14:25:59.587 I/tvos    ( 1764): [37m[INFO] Change to Voltage: 1030 mV (0x25)[m
08-16 14:25:59.587 I/tvos    ( 1764): [37m[INFO] Change to Voltage: 1030 mV (0x22)[m
08-16 14:25:59.589 I/tvos    ( 1764): [37m[INFO] Change to Voltage: 1030 mV (0x22)[m
08-16 14:25:59.598 I/LetvManager-LogReport( 1780): [send_msg] line: 490 report url = http://log.hdtv.cp21.ott.cibntv.net:80/api/log/tvAction
08-16 14:25:59.617 I/tvos    ( 1764): GetAudioOutputDevice, retval : 0
08-16 14:25:59.803 I/LetvManager-LogReport( 1780): [send_msg] line: 490 report url = http://log.hdtv.cp21.ott.cibntv.net:80/api/log/tvAction
08-16 14:25:59.868 I/tvos    ( 1764): GetAudioOutputDevice, retval : 0
08-16 14:25:59.874 I/System.out(17055): The phone type is: X4-40M
08-16 14:25:59.874 I/LetvTestCase(17055): ==========================case end time is :2018-8-16-2-25-59
08-16 14:25:59.875 I/TestRunner(17055): failed: testMessage(com.letv.cases.leui.SmokeMessage)
08-16 14:25:59.875 I/TestRunner(17055): ----- begin exception -----
08-16 14:25:59.876 I/TestRunner(17055): junit.framework.AssertionFailedError: 示进入取消
08-16 14:25:59.876 I/TestRunner(17055): 	at junit.framework.Assert.fail(Assert.java:50)
08-16 14:25:59.876 I/TestRunner(17055): 	at com.letv.common.LetvTestCase.failCount(LetvTestCase.java:424)
08-16 14:25:59.876 I/TestRunner(17055): 	at com.letv.cases.leui.SmokeMessage.testMessage(SmokeMessage.java:85)
08-16 14:25:59.876 I/TestRunner(17055): 	at java.lang.reflect.Method.invoke(Native Method)
08-16 14:25:59.876 I/TestRunner(17055): 	at org.junit.runners.model.FrameworkMethod$1.runReflectiveCall(FrameworkMethod.java:50)
08-16 14:25:59.876 I/TestRunner(17055): 	at org.junit.internal.runners.model.ReflectiveCallable.run(ReflectiveCallable.java:12)
08-16 14:25:59.876 I/TestRunner(17055): 	at org.junit.runners.model.FrameworkMethod.invokeExplosively(FrameworkMethod.java:47)
08-16 14:25:59.876 I/TestRunner(17055): 	at org.junit.internal.runners.statements.InvokeMethod.evaluate(InvokeMethod.java:17)
08-16 14:25:59.876 I/TestRunner(17055): 	at org.junit.internal.runners.statements.RunBefores.evaluate(RunBefores.java:26)
08-16 14:25:59.876 I/TestRunner(17055): 	at com.letv.common.LeRunAfters.evaluate(LeRunAfters.java:38)
08-16 14:25:59.876 I/TestRunner(17055): 	at org.junit.rules.TestWatcher$1.evaluate(TestWatcher.java:55)
08-16 14:25:59.876 I/TestRunner(17055): 	at org.junit.rules.RunRules.evaluate(RunRules.java:20)
08-16 14:25:59.876 I/TestRunner(17055): 	at org.junit.runners.ParentRunner.runLeaf(ParentRunner.java:325)
08-16 14:25:59.876 I/TestRunner(17055): 	at org.junit.runners.BlockJUnit4ClassRunner.runChild(BlockJUnit4ClassRunner.java:78)
08-16 14:25:59.876 I/TestRunner(17055): 	at org.junit.runners.BlockJUnit4ClassRunner.runChild(BlockJUnit4ClassRunner.java:57)
08-16 14:25:59.876 I/TestRunner(17055): 	at org.junit.runners.ParentRunner$3.run(ParentRunner.java:290)
08-16 14:25:59.876 I/TestRunner(17055): 	at org.junit.runners.ParentRunner$1.schedule(ParentRunner.java:71)
08-16 14:25:59.876 I/TestRunner(17055): 	at org.junit.runners.ParentRunner.runChildren(ParentRunner.java:288)
08-16 14:25:59.876 I/TestRunner(17055): 	at org.junit.runners.ParentRunner.access$000(ParentRunner.java:58)
08-16 14:25:59.876 I/TestRunner(17055): 	at org.junit.runners.ParentRunner$2.evaluate(ParentRunner.java:268)
08-16 14:25:59.876 I/TestRunner(17055): 	at org.junit.runners.ParentRunner.run(ParentRunner.java:363)
08-16 14:25:59.876 I/TestRunner(17055): 	at org.junit.runners.Suite.runChild(Suite.java:128)
08-16 14:25:59.876 I/TestRunner(17055): 	at org.junit.runners.Suite.runChild(Suite.java:27)
08-16 14:25:59.876 I/TestRunner(17055): 	at org.junit.runners.ParentRunner$3.run(ParentRunner.java:290)
08-16 14:25:59.876 I/TestRunner(17055): 	at org.junit.runners.ParentRunner$1.schedule(ParentRunner.java:71)
08-16 14:25:59.876 I/TestRunner(17055): 	at org.junit.runners.ParentRunner.runChildren(ParentRunner.java:288)
08-16 14:25:59.876 I/TestRunner(17055): 	at org.junit.runners.ParentRunner.access$000(ParentRunner.java:58)
08-16 14:25:59.876 I/TestRunner(17055): 	at org.junit.runners.ParentRunner$2.evaluate(ParentRunner.java:268)
08-16 14:25:59.876 I/TestRunner(17055): 	at org.junit.runners.ParentRunner.run(ParentRunner.java:363)
08-16 14:25:59.876 I/TestRunner(17055): 	at org.junit.runner.JUnitCore.run(JUnitCore.java:137)
08-16 14:25:59.876 I/TestRunner(17055): 	at org.junit.runner.JUnitCore.run(JUnitCore.java:115)
08-16 14:25:59.876 I/TestRunner(17055): 	at android.support.test.internal.runner.TestExecutor.execute(TestExecutor.java:54)
08-16 14:25:59.876 I/TestRunner(17055): 	at android.support.test.runner.AndroidJUnitRunner.onStart(AndroidJUnitRunner.java:240)
08-16 14:25:59.876 I/TestRunner(17055): 	at android.app.Instrumentation$InstrumentationThread.run(Instrumentation.java:1879)
08-16 14:25:59.876 I/TestRunner(17055): ----- end exception -----
08-16 14:25:59.877 I/TestRunner(17055): finished: testMessage(com.letv.cases.leui.SmokeMessage)
