08-16 14:26:53.803 W/System.err( 2837): 	at android.os.Handler.dispatchMessage(Handler.java:102)
08-16 14:26:53.803 W/System.err( 2837): 	at android.os.Looper.loop(Looper.java:148)
08-16 14:26:53.803 W/System.err( 2837): 	at com.letv.tracker2.agnes.MessageProcessor$SendEnvMsgTr.run(MessageProcessor.java:665)
08-16 14:26:53.806 I/TQT     (17709): TQTApp:app create version:1.431
08-16 14:26:53.806 I/tvos    ( 1764): [37m[INFO] Change to Voltage: 1150 mV (0x22)[m
08-16 14:26:53.807 I/tvos    ( 1764): [37m[INFO] Change to Voltage: 1150 mV (0x25)[m
08-16 14:26:53.807 I/tvos    ( 1764): [37m[INFO] Change to Voltage: 1150 mV (0x28)[m
08-16 14:26:53.808 I/tvos    ( 1764): [37m[INFO] Change to Voltage: 1150 mV (0x2B)[m
08-16 14:26:53.810 I/tvos    ( 1764): [37m[INFO] Change to Voltage: 1150 mV (0x2E)[m
08-16 14:26:53.811 I/tvos    ( 1764): [37m[INFO] Change to Voltage: 1150 mV (0x2E)[m
08-16 14:26:53.812 I/[T1.0.6.3]EuiAgnes_Server( 2837): resCode:1
08-16 14:26:53.812 I/[T1.0.6.3]EuiAgnes_Server( 2837): b[0]:0
08-16 14:26:53.819 I/StvLogReport( 2837): StargazerReportTask, action=appClose&name=桌面&packagename=com.stv.launcher&versionCode=20180321&appVersionName=1.0.5&appType=1&mark=64&totalTime=59
08-16 14:26:53.823 E/LETV_DEVICE( 1780): no name sn for Mstar
08-16 14:26:53.829 I/StvLogReport( 2837): StargazerReportTask, reponse2 : {"status":"OK","statusCode":200,"message":"succeefully"}
08-16 14:26:53.831 I/Launcher( 3007): [com.stv.launcher] LauncherApplication -- ========= tryTrimMemoryCache =========20
08-16 14:26:53.857 I/LetvManager-LogReport( 1780): [send_msg] line: 490 report url = http://log.hdtv.cp21.ott.cibntv.net:80/api/log/tvAction
08-16 14:26:53.860 I/System.out(17709): From style:
08-16 14:26:53.861 I/System.out(17709): Attrs: 3010001=0.6 3010002=#ff000000 3010003=null 3010004=true
08-16 14:26:53.917 I/StvLogReport( 2837): StargazerReportTask, action=appOpen&name=天气&packagename=sina.mobile.tianqitongstv&versionCode=14&appVersionName=1.49&appType=1&mark=65
08-16 14:26:53.924 I/StvLogReport( 2837): StargazerReportTask, reponse2 : {"status":"OK","statusCode":200,"message":"succeefully"}
08-16 14:26:53.947 E/critical_path_log( 3007): superlive_7799adbbe191b8ab_onTrimMemory: level = 20
08-16 14:26:53.959 E/ActivityThread( 2837): Failed to find provider info for com.letv.agnes.InfoProvider
08-16 14:26:53.965 E/ActivityThread( 2837): Failed to find provider info for com.letv.agnes.InfoProvider
08-16 14:26:53.966 W/System.err( 2837): java.lang.IllegalArgumentException: Unknown URL content://com.letv.agnes.InfoProvider
08-16 14:26:53.966 W/System.err( 2837): 	at android.content.ContentResolver.insert(ContentResolver.java:1227)
08-16 14:26:53.966 W/System.err( 2837): 	at com.letv.tracker2.agnes.Configuration.addDebugInfo(Configuration.java:289)
08-16 14:26:53.966 W/System.err( 2837): 	at com.letv.tracker2.agnes.MessageProcessor$SendEnvMsgTr$1.handleMessage(MessageProcessor.java:661)
08-16 14:26:53.966 W/System.err( 2837): 	at android.os.Handler.dispatchMessage(Handler.java:102)
08-16 14:26:53.967 W/System.err( 2837): 	at android.os.Looper.loop(Looper.java:148)
08-16 14:26:53.967 W/System.err( 2837): 	at com.letv.tracker2.agnes.MessageProcessor$SendEnvMsgTr.run(MessageProcessor.java:665)
08-16 14:26:53.974 I/tvos    ( 1764): GetAudioOutputDevice, retval : 0
08-16 14:26:53.984 I/TQT     (17709): MainActivity:app create version:1.431
08-16 14:26:53.987 I/tvos    ( 1764): [37m[INFO] Change to Voltage: 1000 mV (0x2C)[m
08-16 14:26:53.987 I/tvos    ( 1764): [37m[INFO] Change to Voltage: 1000 mV (0x29)[m
08-16 14:26:53.988 I/tvos    ( 1764): [37m[INFO] Change to Voltage: 1000 mV (0x26)[m
08-16 14:26:53.990 I/tvos    ( 1764): [37m[INFO] Change to Voltage: 1000 mV (0x23)[m
08-16 14:26:53.992 I/[T1.0.6.3]EuiAgnes_Server( 2837): resCode:1
08-16 14:26:53.992 I/[T1.0.6.3]EuiAgnes_Server( 2837): b[0]:0
08-16 14:26:53.995 I/tvos    ( 1764): [37m[INFO] Change to Voltage: 1000 mV (0x20)[m
08-16 14:26:53.997 I/tvos    ( 1764): [37m[INFO] Change to Voltage: 1000 mV (0x1F)[m
08-16 14:26:54.001 E/WVMExtractor(17709): Failed to open libwvm.so: dlopen failed: library "libwvm.so" not found
08-16 14:26:54.022 E/ActivityThread(17709): Failed to find provider info for com.sina.weibo.sdkProvider
08-16 14:26:54.025 I/OMXClient(17709): Using client-side OMX mux.
08-16 14:26:54.025 E/ActivityThread(17709): Failed to find provider info for com.sina.weibo.sdkProvider
08-16 14:26:54.046 I/WifiStateMachine( 2207):  DisconnectedState !SCAN_RESULTS_EVENT  rt=511680479/511680479 0 0 found=170 known=0 got=170 bcn=0 con=0
08-16 14:26:54.047 I/WifiStateMachine( 2207):  ConnectModeState !SCAN_RESULTS_EVENT  rt=511680479/511680480 0 0 found=170 known=0 got=170 bcn=0 con=0
08-16 14:26:54.047 I/WifiStateMachine( 2207):  DriverStartedState !SCAN_RESULTS_EVENT  rt=511680480/511680480 0 0 found=170 known=0 got=170 bcn=0 con=0
08-16 14:26:54.048 I/WifiStateMachine( 2207):  SupplicantStartedState !SCAN_RESULTS_EVENT  rt=511680481/511680481 0 0 found=170 known=0 got=170 bcn=0 con=0
08-16 14:26:54.064 I/LetvManager-LogReport( 1780): [send_msg] line: 490 report url = http://log.hdtv.cp21.ott.cibntv.net:80/api/log/tvAction
08-16 14:26:54.086 I/tvos    ( 1764): [37m[INFO] Change to Voltage: 1130 mV (0x1F)[m
08-16 14:26:54.086 I/tvos    ( 1764): [37m[INFO] Change to Voltage: 1130 mV (0x22)[m
08-16 14:26:54.086 I/tvos    ( 1764): [37m[INFO] Change to Voltage: 1130 mV (0x25)[m
08-16 14:26:54.087 I/tvos    ( 1764): [37m[INFO] Change to Voltage: 1130 mV (0x28)[m
08-16 14:26:54.087 I/tvos    ( 1764): [37m[INFO] Change to Voltage: 1130 mV (0x2B)[m
08-16 14:26:54.090 I/tvos    ( 1764): [37m[INFO] Change to Voltage: 1130 mV (0x2C)[m
08-16 14:26:54.146 I/OMXClient(17709): Using client-side OMX mux.
08-16 14:26:54.165 E/ActivityThread(17709): Failed to find provider info for com.sina.weibo.sdkProvider
08-16 14:26:54.166 I/WifiStateMachine( 2207): setscanresults newsupplicantresult
08-16 14:26:54.224 I/tvos    ( 1764): GetAudioOutputDevice, retval : 0
08-16 14:26:54.240 W/InputDispatcher( 2207): Focus entered window: Window{79bb53d u0 sina.mobile.tianqitongstv/sina.mobile.tianqitongstv.ui.activity.MainActivity}
08-16 14:26:54.281 I/OpenGLRenderer(17709): Initialized EGL, version 1.4
08-16 14:26:54.288 E/BufferQueueProducer( 1749): [sina.mobile.tianqitongstv/sina.mobile.tianqitongstv.ui.activity.MainActivity] connect(P): already connected (cur=1 req=1)
08-16 14:26:54.385 I/tvos    ( 1764): [37m[INFO] Change to Voltage: 1000 mV (0x2C)[m
08-16 14:26:54.385 I/tvos    ( 1764): [37m[INFO] Change to Voltage: 1000 mV (0x29)[m
08-16 14:26:54.386 I/tvos    ( 1764): [37m[INFO] Change to Voltage: 1000 mV (0x26)[m
08-16 14:26:54.387 I/tvos    ( 1764): [37m[INFO] Change to Voltage: 1000 mV (0x23)[m
08-16 14:26:54.387 I/tvos    ( 1764): [37m[INFO] Change to Voltage: 1000 mV (0x20)[m
08-16 14:26:54.388 I/tvos    ( 1764): [37m[INFO] Change to Voltage: 1000 mV (0x1F)[m
08-16 14:26:54.475 I/tvos    ( 1764): GetAudioOutputDevice, retval : 0
08-16 14:26:54.726 I/tvos    ( 1764): GetAudioOutputDevice, retval : 0
08-16 14:26:54.857 I/ActivityManager( 2207): Displayed sina.mobile.tianqitongstv/.ui.activity.MainActivity: +1s164ms (total +1s163ms)
08-16 14:26:54.858 W/ContextImpl( 2207): Calling a method in the system process without a qualified user: android.app.ContextImpl.sendBroadcast:766 com.android.server.am.ActivityRecord.reportLaunchTimeLocked:1056 com.android.server.am.ActivityRecord.windowsDrawnLocked:1080 com.android.server.am.ActivityRecord$Token.windowsDrawn:345 com.android.server.wm.WindowManagerService$H.handleMessage:8042 
08-16 14:26:54.859 W/ContextImpl( 2613): Calling a method in the system process without a qualified user: android.app.ContextImpl.startService:1224 android.content.ContextWrapper.startService:581 com.stv.helper.service.TvMasterService.noteLaunchTime:169 letv.tvmaster.ITvMasterService$Stub.onTransact:136 android.os.Binder.execTransact:453 
08-16 14:26:54.865 W/InputDispatcher( 2207): Window went away: Window{289b31b u0 Starting sina.mobile.tianqitongstv}
08-16 14:26:54.976 I/tvos    ( 1764): GetAudioOutputDevice, retval : 0
08-16 14:26:54.984 I/tvos    ( 1764): [37m[INFO] Change to Voltage: 1130 mV (0x1F)[m
08-16 14:26:54.985 I/tvos    ( 1764): [37m[INFO] Change to Voltage: 1130 mV (0x22)[m
08-16 14:26:54.985 I/tvos    ( 1764): [37m[INFO] Change to Voltage: 1130 mV (0x25)[m
08-16 14:26:54.986 I/tvos    ( 1764): [37m[INFO] Change to Voltage: 1130 mV (0x28)[m
08-16 14:26:54.988 I/tvos    ( 1764): [37m[INFO] Change to Voltage: 1130 mV (0x2B)[m
08-16 14:26:54.989 I/tvos    ( 1764): [37m[INFO] Change to Voltage: 1130 mV (0x2C)[m
08-16 14:26:55.004 I/AnalysisLog( 3007): Plugin:onFragmentShowChanged_hide:com.stv.plugin.app----start:time='511681437'
08-16 14:26:55.005 I/AppPlugin( 3007): AppFragment -- onFragmentShowChanged gainSelect true screen = com.stv.plugin.app packageName = com.stv.plugin.app
08-16 14:26:55.006 I/AnalysisLog( 3007): Plugin:onFragmentShowChanged_hide:com.stv.plugin.app----end:time='511681439'
08-16 14:26:55.006 I/TvLiveBaseFragment( 3007): onStop
08-16 14:26:55.024 I/System  (17709): Loaded time zone names for "en_US" in 60ms (60ms in ICU)
08-16 14:26:55.056 E/LETV_DEVICE( 1780): no name sn for Mstar
08-16 14:26:55.063 E/ActivityThread( 2837): Failed to find provider info for com.letv.agnes.InfoProvider
08-16 14:26:55.064 E/ActivityThread( 2837): Failed to find provider info for com.letv.agnes.InfoProvider
08-16 14:26:55.064 W/System.err( 2837): java.lang.IllegalArgumentException: Unknown URL content://com.letv.agnes.InfoProvider
08-16 14:26:55.064 W/System.err( 2837): 	at android.content.ContentResolver.insert(ContentResolver.java:1227)
08-16 14:26:55.064 W/System.err( 2837): 	at com.letv.tracker2.agnes.Configuration.addDebugInfo(Configuration.java:289)
08-16 14:26:55.065 W/System.err( 2837): 	at com.letv.tracker2.agnes.MessageProcessor$SendEnvMsgTr$1.handleMessage(MessageProcessor.java:661)
08-16 14:26:55.065 W/System.err( 2837): 	at android.os.Handler.dispatchMessage(Handler.java:102)
08-16 14:26:55.065 W/System.err( 2837): 	at android.os.Looper.loop(Looper.java:148)
08-16 14:26:55.065 W/System.err( 2837): 	at com.letv.tracker2.agnes.MessageProcessor$SendEnvMsgTr.run(MessageProcessor.java:665)
08-16 14:26:55.070 I/[T1.0.6.3]EuiAgnes_Server( 2837): resCode:1
08-16 14:26:55.070 I/[T1.0.6.3]EuiAgnes_Server( 2837): b[0]:0
08-16 14:26:55.080 I/LetvManager-LogReport( 1780): [send_msg] line: 490 report url = http://log.hdtv.cp21.ott.cibntv.net:80/api/log/tvAction
08-16 14:26:55.187 I/tvos    ( 1764): [37m[INFO] Change to Voltage: 1000 mV (0x2C)[m
08-16 14:26:55.187 I/tvos    ( 1764): [37m[INFO] Change to Voltage: 1000 mV (0x29)[m
08-16 14:26:55.187 I/tvos    ( 1764): [37m[INFO] Change to Voltage: 1000 mV (0x26)[m
08-16 14:26:55.187 I/tvos    ( 1764): [37m[INFO] Change to Voltage: 1000 mV (0x23)[m
08-16 14:26:55.187 I/tvos    ( 1764): [37m[INFO] Change to Voltage: 1000 mV (0x20)[m
08-16 14:26:55.188 I/tvos    ( 1764): [37m[INFO] Change to Voltage: 1000 mV (0x1F)[m
08-16 14:26:55.227 I/tvos    ( 1764): GetAudioOutputDevice, retval : 0
08-16 14:26:55.285 I/tvos    ( 1764): [37m[INFO] Change to Voltage: 1130 mV (0x1F)[m
08-16 14:26:55.285 I/tvos    ( 1764): [37m[INFO] Change to Voltage: 1130 mV (0x22)[m
08-16 14:26:55.286 I/tvos    ( 1764): [37m[INFO] Change to Voltage: 1130 mV (0x25)[m
08-16 14:26:55.287 I/tvos    ( 1764): [37m[INFO] Change to Voltage: 1130 mV (0x28)[m
08-16 14:26:55.287 I/tvos    ( 1764): [37m[INFO] Change to Voltage: 1130 mV (0x2B)[m
08-16 14:26:55.289 I/tvos    ( 1764): [37m[INFO] Change to Voltage: 1130 mV (0x2C)[m
08-16 14:26:55.477 I/tvos    ( 1764): GetAudioOutputDevice, retval : 0
08-16 14:26:55.551 E/LetvRemoteupgradeManager-JNI( 2613): can't get LetvManager service!
08-16 14:26:55.686 I/tvos    ( 1764): [37m[INFO] Change to Voltage: 1000 mV (0x2C)[m
08-16 14:26:55.686 I/tvos    ( 1764): [37m[INFO] Change to Voltage: 1000 mV (0x29)[m
08-16 14:26:55.686 I/tvos    ( 1764): [37m[INFO] Change to Voltage: 1000 mV (0x26)[m
08-16 14:26:55.686 I/tvos    ( 1764): [37m[INFO] Change to Voltage: 1000 mV (0x23)[m
08-16 14:26:55.686 I/tvos    ( 1764): [37m[INFO] Change to Voltage: 1000 mV (0x20)[m
08-16 14:26:55.687 I/tvos    ( 1764): [37m[INFO] Change to Voltage: 1000 mV (0x1F)[m
08-16 14:26:55.727 I/tvos    ( 1764): GetAudioOutputDevice, retval : 0
08-16 14:26:55.978 I/tvos    ( 1764): GetAudioOutputDevice, retval : 0
08-16 14:26:56.228 I/tvos    ( 1764): GetAudioOutputDevice, retval : 0
08-16 14:26:56.479 I/tvos    ( 1764): GetAudioOutputDevice, retval : 0
08-16 14:26:56.729 I/tvos    ( 1764): GetAudioOutputDevice, retval : 0
08-16 14:26:56.980 I/tvos    ( 1764): GetAudioOutputDevice, retval : 0
08-16 14:26:56.980 E/InternetUtils( 4594): java.net.SocketTimeoutException: failed to connect to www.cibn.com/61.133.127.115 (port 80) after 3000ms
08-16 14:26:57.231 I/tvos    ( 1764): GetAudioOutputDevice, retval : 0
08-16 14:26:57.481 I/tvos    ( 1764): GetAudioOutputDevice, retval : 0
08-16 14:26:57.732 I/tvos    ( 1764): GetAudioOutputDevice, retval : 0
08-16 14:26:57.982 I/tvos    ( 1764): GetAudioOutputDevice, retval : 0
08-16 14:26:58.233 I/tvos    ( 1764): GetAudioOutputDevice, retval : 0
08-16 14:26:58.483 I/tvos    ( 1764): GetAudioOutputDevice, retval : 0
08-16 14:26:58.551 E/LetvRemoteupgradeManager-JNI( 2613): can't get LetvManager service!
08-16 14:26:58.715 I/tvos    ( 1764): bq32kDriver:rtc_read_time.
08-16 14:26:58.715 I/tvos    ( 1764): [hq]rtc_read_time: read 0x58 0x26 0xc6 0x05 0x16 0x08 0x18
08-16 14:26:58.715 I/tvos    ( 1764): rtc_read_time: date 58s 26m 6h 16md 7m 118y
08-16 14:26:58.715 I/tvos    ( 1764): rtc read time:2018-8-16 6:26:58.
08-16 14:26:58.715 I/tvos    ( 1764): tm_year = 2018, tm_mon = 8, tm_mday = 16, tm_hour = 6,tm_min= 26,  tm_sec = 58
08-16 14:26:58.715 I/tvos    ( 1764): timeSeconds:1534400818 rtcTimeSeconds:1534400818.
08-16 14:26:58.734 I/tvos    ( 1764): GetAudioOutputDevice, retval : 0
08-16 14:26:58.885 I/tvos    ( 1764): [37m[INFO] Change to Voltage: 1030 mV (0x2E)[m
08-16 14:26:58.885 I/tvos    ( 1764): [37m[INFO] Change to Voltage: 1030 mV (0x2B)[m
08-16 14:26:58.885 I/tvos    ( 1764): [37m[INFO] Change to Voltage: 1030 mV (0x28)[m
08-16 14:26:58.886 I/tvos    ( 1764): [37m[INFO] Change to Voltage: 1030 mV (0x25)[m
08-16 14:26:58.887 I/tvos    ( 1764): [37m[INFO] Change to Voltage: 1030 mV (0x22)[m
08-16 14:26:58.888 I/tvos    ( 1764): [37m[INFO] Change to Voltage: 1030 mV (0x22)[m
08-16 14:26:58.984 I/tvos    ( 1764): GetAudioOutputDevice, retval : 0
08-16 14:26:59.234 I/tvos    ( 1764): GetAudioOutputDevice, retval : 0
08-16 14:26:59.485 I/tvos    ( 1764): GetAudioOutputDevice, retval : 0
08-16 14:26:59.735 I/tvos    ( 1764): GetAudioOutputDevice, retval : 0
08-16 14:26:59.986 I/tvos    ( 1764): GetAudioOutputDevice, retval : 0
08-16 14:27:00.236 I/tvos    ( 1764): GetAudioOutputDevice, retval : 0
08-16 14:27:00.487 I/tvos    ( 1764): GetAudioOutputDevice, retval : 0
08-16 14:27:00.737 I/tvos    ( 1764): GetAudioOutputDevice, retval : 0
08-16 14:27:00.987 I/tvos    ( 1764): GetAudioOutputDevice, retval : 0
08-16 14:27:01.230 W/InputDispatcher( 2207): findFocusedWindow finished: injectionResult=0, timeSpentWaitingForApplication=0.0ms
08-16 14:27:01.234 I/System.out(17709): From style:
08-16 14:27:01.234 I/System.out(17709): Attrs: 3010001=0.6 3010002=#0 3010003=null 3010004=true
08-16 14:27:01.238 I/tvos    ( 1764): GetAudioOutputDevice, retval : 0
08-16 14:27:01.238 W/InputDispatcher( 2207): Focus left window: Window{79bb53d u0 sina.mobile.tianqitongstv/sina.mobile.tianqitongstv.ui.activity.MainActivity}
08-16 14:27:01.238 W/InputDispatcher( 2207): Focus entered window: Window{31aee7e u0 sina.mobile.tianqitongstv/sina.mobile.tianqitongstv.ui.activity.MainActivity}
08-16 14:27:01.280 I/DesktopManagerService( 2207): get screen shot
08-16 14:27:01.295 E/LetvContextMenuView(17709): screenshot success
08-16 14:27:01.325 W/InputDispatcher( 2207): findFocusedWindow finished: injectionResult=0, timeSpentWaitingForApplication=0.0ms
08-16 14:27:01.355 E/BufferQueueProducer( 1749): [sina.mobile.tianqitongstv/sina.mobile.tianqitongstv.ui.activity.MainActivity] connect(P): already connected (cur=1 req=1)
08-16 14:27:01.371 W/ViewRootImpl(17709): Cancelling event due to no window focus: KeyEvent { action=ACTION_UP, keyCode=KEYCODE_MENU, scanCode=0, metaState=0, flags=0x20, repeatCount=0, eventTime=511687659, downTime=511687659, deviceId=-1, source=0x101 }
08-16 14:27:01.371 W/ViewRootImpl(17709): Cancelling event due to no window focus: KeyEvent { action=ACTION_UP, keyCode=KEYCODE_MENU, scanCode=0, metaState=0, flags=0x20, repeatCount=0, eventTime=511687659, downTime=511687659, deviceId=-1, source=0x101 }
08-16 14:27:01.371 W/ViewRootImpl(17709): Cancelling event due to no window focus: KeyEvent { action=ACTION_UP, keyCode=KEYCODE_MENU, scanCode=0, metaState=0, flags=0x20, repeatCount=0, eventTime=511687659, downTime=511687659, deviceId=-1, source=0x101 }
08-16 14:27:01.371 W/ViewRootImpl(17709): Cancelling event due to no window focus: KeyEvent { action=ACTION_UP, keyCode=KEYCODE_MENU, scanCode=0, metaState=0, flags=0x20, repeatCount=0, eventTime=511687659, downTime=511687659, deviceId=-1, source=0x101 }
08-16 14:27:01.372 W/ViewRootImpl(17709): Cancelling event due to no window focus: KeyEvent { action=ACTION_UP, keyCode=KEYCODE_MENU, scanCode=0, metaState=0, flags=0x20, repeatCount=0, eventTime=511687659, downTime=511687659, deviceId=-1, source=0x101 }
08-16 14:27:01.372 W/ViewRootImpl(17709): Cancelling event due to no window focus: KeyEvent { action=ACTION_UP, keyCode=KEYCODE_MENU, scanCode=0, metaState=0, flags=0x20, repeatCount=0, eventTime=511687659, downTime=511687659, deviceId=-1, source=0x101 }
08-16 14:27:01.488 I/tvos    ( 1764): GetAudioOutputDevice, retval : 0
08-16 14:27:01.560 E/LetvRemoteupgradeManager-JNI( 2613): can't get LetvManager service!
08-16 14:27:01.739 I/tvos    ( 1764): GetAudioOutputDevice, retval : 0
08-16 14:27:01.986 I/tvos    ( 1764): [37m[INFO] Change to Voltage: 1150 mV (0x22)[m
08-16 14:27:01.986 I/tvos    ( 1764): [37m[INFO] Change to Voltage: 1150 mV (0x25)[m
08-16 14:27:01.986 I/tvos    ( 1764): [37m[INFO] Change to Voltage: 1150 mV (0x28)[m
08-16 14:27:01.986 I/tvos    ( 1764): [37m[INFO] Change to Voltage: 1150 mV (0x2B)[m
08-16 14:27:01.986 I/tvos    ( 1764): [37m[INFO] Change to Voltage: 1150 mV (0x2E)[m
08-16 14:27:01.987 I/tvos    ( 1764): [37m[INFO] Change to Voltage: 1150 mV (0x2E)[m
08-16 14:27:01.989 I/tvos    ( 1764): GetAudioOutputDevice, retval : 0
08-16 14:27:02.087 I/tvos    ( 1764): [37m[INFO] Change to Voltage: 1030 mV (0x2E)[m
08-16 14:27:02.087 I/tvos    ( 1764): [37m[INFO] Change to Voltage: 1030 mV (0x2B)[m
08-16 14:27:02.087 I/tvos    ( 1764): [37m[INFO] Change to Voltage: 1030 mV (0x28)[m
08-16 14:27:02.087 I/tvos    ( 1764): [37m[INFO] Change to Voltage: 1030 mV (0x25)[m
08-16 14:27:02.087 I/tvos    ( 1764): [37m[INFO] Change to Voltage: 1030 mV (0x22)[m
08-16 14:27:02.087 I/tvos    ( 1764): [37m[INFO] Change to Voltage: 1030 mV (0x22)[m
08-16 14:27:02.234 I/remotestatus( 2207): Msg.what is 101
08-16 14:27:02.234 I/WindowManager( 2207): turn cursor off
08-16 14:27:02.234 E/RemoteManager( 2207): RemoteManager is no longer support in eui6.5
08-16 14:27:02.234 W/InputDispatcher( 2207): findFocusedWindow finished: injectionResult=0, timeSpentWaitingForApplication=0.0ms
08-16 14:27:02.234 E/InputManager-JNI( 2207): call nativeDisableCursor method with hideCursor
08-16 14:27:02.239 W/InputDispatcher( 2207): findFocusedWindow finished: injectionResult=0, timeSpentWaitingForApplication=0.0ms
08-16 14:27:02.240 I/tvos    ( 1764): GetAudioOutputDevice, retval : 0
08-16 14:27:02.490 I/tvos    ( 1764): GetAudioOutputDevice, retval : 0
08-16 14:27:02.741 I/tvos    ( 1764): GetAudioOutputDevice, retval : 0
08-16 14:27:02.754 W/InputDispatcher( 2207): findTouchedWindow finished: injectionResult=0, injectionPermission=1, timeSpentWaitingForApplication=0.0ms
08-16 14:27:02.761 W/InputDispatcher( 2207): findTouchedWindow finished: injectionResult=0, injectionPermission=1, timeSpentWaitingForApplication=0.0ms
08-16 14:27:02.827 I/SoundPool( 2207): enter : func play
08-16 14:27:02.829 I/APM::AudioPolicyEngine( 1758): getDeviceForStrategy, 359
08-16 14:27:02.829 I/audio_hw_primary( 1758): version:a00004 adev_create_audio_patch::mix->device 
08-16 14:27:02.829 I/audio_hw_primary( 1758): adev_create_audio_patch *handle=-1420227928 num_audio_patch=3
08-16 14:27:02.837 E/AudioManagerService( 1803): setAudioVolume(callingPid 1758, clientPid 1758, enSoundPath 0, volumn:0 )
08-16 14:27:02.840 I/tvos    ( 1764): SetVolume, subWooExist 0!
08-16 14:27:02.840 I/tvos    ( 1764): mapi_audio_customer::SetAbsoluteVolume: project name is X440M
08-16 14:27:02.840 I/tvos    ( 1764): SetAbsoluteVolume: uPercent : 0, path=52(speaker), VolumeInt=7f, VolumeFra=0
08-16 14:27:02.840 I/tvos    ( 1764): SetAbsoluteVolume: uPercent(currVol) : 0, realPath=52(default), VolumeInt=7f, VolumeFra=0
08-16 14:27:02.840 I/tvos    ( 1764): mapi_audio_customer::SetAbsoluteVolume: project name is X440M
08-16 14:27:02.840 I/tvos    ( 1764): SetAbsoluteVolume: uPercent : 0, path=49(HP), VolumeInt=7f, VolumeFra=0
08-16 14:27:02.840 I/tvos    ( 1764): SetAbsoluteVolume: uPercent(currVol) : 0, realPath=49(default), VolumeInt=7f, VolumeFra=0
08-16 14:27:02.840 I/tvos    ( 1764): mapi_audio_customer::SetAbsoluteVolume: project name is X440M
08-16 14:27:02.840 I/tvos    ( 1764): SetAbsoluteVolume, m_bBTDetect is false! 
08-16 14:27:02.840 I/tvos    ( 1764): mapi_audio_customer::SetAbsoluteVolume: project name is X440M
08-16 14:27:02.840 I/tvos    ( 1764): SetAbsoluteVolume: uPercent : 0, path=255(speaker), VolumeInt=7f, VolumeFra=0
08-16 14:27:02.840 I/tvos    ( 1764): SetAbsoluteVolume: uPercent(currVol) : 0, realPath=255(default), VolumeInt=7f, VolumeFra=0
08-16 14:27:02.840 I/tvos    ( 1764): [SetMuteStatus] call SetSoundMuteStatus, line : 10369, muteType: 4, onOff : 0 
08-16 14:27:02.840 I/tvos    ( 1764): [audioBSP] #1 m_internalMute : 0 ..
08-16 14:27:02.840 I/tvos    ( 1764): #1|->SDK_bPermanentAudioMute:0<-|->SDK_bMomentAudioMute:0 <-|->SDK_bBySyncAudioMute:0<-|->SDK_bByBlockAudioMute:0<-|->SDK_bByVChipAudioMute:0<-|
08-16 14:27:02.840 I/tvos    ( 1764): #1|->SDK_bInternal1AudioMute:0<-|->SDK_bInternal2AudioMute:0<-|->SDK_bInternal3AudioMute:0<-|->SDK_bInternal4AudioMute:0<-|
08-16 14:27:02.840 I/tvos    ( 1764): #1|->SDK_bByScanInOutchgCHchg:0<-|->SDK_bByDuringLimitedTimeAudioMute:0<-|->SDK_bSourceSwitchAudioMute:0<-|
08-16 14:27:02.840 I/tvos    ( 1764): #1|->SDK_bMHEGApMute:0<-|->SDK_bAllAudioMuteCtrl:0<-|->SDK_bPowerOnMute:0<-|->SDK_bNullSourceMute0<-|->SDK_bSetInputSourceAudioMute:0<-|
08-16 14:27:02.840 I/tvos    ( 1764): [audioBSP] #2 m_spkrMute : 0 ..|->SDK_bUsrSpkrAudioMute:0<-|->SDK_bPowerOnMute:0<-|->SDK_bByUserAudioMute:0<-|
08-16 14:27:02.840 I/tvos    ( 1764): [audioBSP] #3 m_PcmCapture2Mute:0 |->SDK_bByUserPcmCapture2Mute:0<-|->SDK_SUB_bByUserAudioMute:0<-|->SDK_bByUserAudioMute:0<-|
08-16 14:27:02.840 I/tvos    ( 1764): [audioBSP] #5 m_hpMute : 1 ..|->SDK_bUsrHpAudioMute:1<-|->SDK_bPowerOnMute:0<-|->SDK_bByUserAudioMute:0<-|
08-16 14:27:02.840 I/tvos    ( 1764): [audioBSP] #12 m_spdifMute : 1 ..
08-16 14:27:02.840 I/tvos    ( 1764): #12|->SDK_bPermanentAudioMute:0<-|->SDK_bMomentAudioMute:0<-|->SDK_bByBlockAudioMute:0<-|
08-16 14:27:02.840 I/tvos    ( 1764): #12|->SDK_bByVChipAudioMute:0<-|->SDK_bInternal1AudioMute:0<-|->SDK_bInternal4AudioMute:0<-|
08-16 14:27:02.840 I/tvos    ( 1764): #12|->SDK_bByDuringLimitedTimeAudioMute:0<-|->SDK_bSourceSwitchAudioMute:0<-|->SDK_bMHEGApMute:0<-|
08-16 14:27:02.840 I/tvos    ( 1764): #12|->SDK_bPowerOnMute:0<-|->SDK_bUsrSpdifAudioMute:1<-|->SDK_bNullSourceMute:0<-|->SDK_bByAppMute:0<-|
08-16 14:27:02.840 I/tvos    ( 1764): ---Amplifier_ALC1310_LR_SWMute(0)
08-16 14:27:02.840 I/tvos    ( 1764): ALC1310 unmute good, addr: 0x13 readbackvalue: 4 
08-16 14:27:02.843 I/tvos    ( 1764): SetSoundMuteStatus : m_hpMute : 1, m_spdifMute : 1, m_DataInMute : 0, m_channel7Mute : 0, m_internalMute : 0, m_spkrMute : 0, m_PcmCapture1Mute : 0, m_PcmCapture2Mute : 0 
08-16 14:27:02.844 I/AudioUtil( 1758): setParameters spk_volume=0
08-16 14:27:02.844 I/audio_hw_primary( 1758): adev_set_parameters: spk_volume=0
08-16 14:27:02.844 I/tvos    ( 1764): GetAudioOutputDevice, retval : 0
08-16 14:27:02.845 I/tvos    ( 1764): [SetMuteStatus] call SetSoundMuteStatus, line : 10369, muteType: 67108864, onOff : 1 
08-16 14:27:02.845 I/tvos    ( 1764): _TransMSrvMuteTypeToSDKMuteType: Err! muteType(67108864) is out of Range
08-16 14:27:02.847 I/tvos    ( 1764): [SetMuteStatus] call SetSoundMuteStatus, line : 10369, muteType: 4, onOff : 1 
08-16 14:27:02.847 I/tvos    ( 1764): [audioBSP] #1 m_internalMute : 0 ..
08-16 14:27:02.847 I/tvos    ( 1764): #1|->SDK_bPermanentAudioMute:0<-|->SDK_bMomentAudioMute:0 <-|->SDK_bBySyncAudioMute:0<-|->SDK_bByBlockAudioMute:0<-|->SDK_bByVChipAudioMute:0<-|
08-16 14:27:02.847 I/tvos    ( 1764): #1|->SDK_bInternal1AudioMute:0<-|->SDK_bInternal2AudioMute:0<-|->SDK_bInternal3AudioMute:0<-|->SDK_bInternal4AudioMute:0<-|
08-16 14:27:02.847 I/tvos    ( 1764): #1|->SDK_bByScanInOutchgCHchg:0<-|->SDK_bByDuringLimitedTimeAudioMute:0<-|->SDK_bSourceSwitchAudioMute:0<-|
08-16 14:27:02.847 I/tvos    ( 1764): #1|->SDK_bMHEGApMute:0<-|->SDK_bAllAudioMuteCtrl:0<-|->SDK_bPowerOnMute:0<-|->SDK_bNullSourceMute0<-|->SDK_bSetInputSourceAudioMute:0<-|
08-16 14:27:02.847 I/tvos    ( 1764): [audioBSP] #2 m_spkrMute : 1 ..|->SDK_bUsrSpkrAudioMute:0<-|->SDK_bPowerOnMute:0<-|->SDK_bByUserAudioMute:1<-|
08-16 14:27:02.847 I/tvos    ( 1764): [audioBSP] #3 m_PcmCapture2Mute:1 |->SDK_bByUserPcmCapture2Mute:0<-|->SDK_SUB_bByUserAudioMute:0<-|->SDK_bByUserAudioMute:1<-|
08-16 14:27:02.847 I/tvos    ( 1764): [audioBSP] #5 m_hpMute : 1 ..|->SDK_bUsrHpAudioMute:1<-|->SDK_bPowerOnMute:0<-|->SDK_bByUserAudioMute:1<-|
08-16 14:27:02.847 I/tvos    ( 1764): [audioBSP] #12 m_spdifMute : 1 ..
08-16 14:27:02.847 I/tvos    ( 1764): #12|->SDK_bPermanentAudioMute:0<-|->SDK_bMomentAudioMute:0<-|->SDK_bByBlockAudioMute:0<-|
08-16 14:27:02.847 I/tvos    ( 1764): #12|->SDK_bByVChipAudioMute:0<-|->SDK_bInternal1AudioMute:0<-|->SDK_bInternal4AudioMute:0<-|
08-16 14:27:02.847 I/tvos    ( 1764): #12|->SDK_bByDuringLimitedTimeAudioMute:0<-|->SDK_bSourceSwitchAudioMute:0<-|->SDK_bMHEGApMute:0<-|
08-16 14:27:02.847 I/tvos    ( 1764): #12|->SDK_bPowerOnMute:0<-|->SDK_bUsrSpdifAudioMute:1<-|->SDK_bNullSourceMute:0<-|->SDK_bByAppMute:0<-|
08-16 14:27:02.847 I/tvos    ( 1764): ---Amplifier_ALC1310_LR_SWMute(1)
08-16 14:27:02.847 I/tvos    ( 1764): ALC1310 mute write good, addr: 0x13, readback data : 49164, write cmd times : 1
08-16 14:27:02.849 I/tvos    ( 1764): SetSoundMuteStatus : m_hpMute : 1, m_spdifMute : 1, m_DataInMute : 0, m_channel7Mute : 0, m_internalMute : 0, m_spkrMute : 1, m_PcmCapture1Mute : 0, m_PcmCapture2Mute : 1 
08-16 14:27:02.871 E/audio_hw_primary( 1758): out_get_presentation_position pcm_get_htimestamp(pcm, &avail, timestamp) != 0!!!
08-16 14:27:02.992 I/tvos    ( 1764): GetAudioOutputDevice, retval : 0
08-16 14:27:03.085 I/tvos    ( 1764): [37m[INFO] Change to Voltage: 1150 mV (0x22)[m
08-16 14:27:03.085 I/tvos    ( 1764): [37m[INFO] Change to Voltage: 1150 mV (0x25)[m
08-16 14:27:03.086 I/tvos    ( 1764): [37m[INFO] Change to Voltage: 1150 mV (0x28)[m
08-16 14:27:03.088 I/tvos    ( 1764): [37m[INFO] Change to Voltage: 1150 mV (0x2B)[m
08-16 14:27:03.088 I/tvos    ( 1764): [37m[INFO] Change to Voltage: 1150 mV (0x2E)[m
08-16 14:27:03.093 I/tvos    ( 1764): [37m[INFO] Change to Voltage: 1150 mV (0x2E)[m
08-16 14:27:03.094 W/InputDispatcher( 2207): Focus left window: Window{31aee7e u0 sina.mobile.tianqitongstv/sina.mobile.tianqitongstv.ui.activity.MainActivity}
08-16 14:27:03.094 W/InputDispatcher( 2207): Window went away: Window{31aee7e u0 sina.mobile.tianqitongstv/sina.mobile.tianqitongstv.ui.activity.MainActivity}
08-16 14:27:03.099 W/InputDispatcher( 2207): Focus entered window: Window{79bb53d u0 sina.mobile.tianqitongstv/sina.mobile.tianqitongstv.ui.activity.MainActivity}
08-16 14:27:03.185 I/tvos    ( 1764): [37m[INFO] Change to Voltage: 1030 mV (0x2E)[m
08-16 14:27:03.186 I/tvos    ( 1764): [37m[INFO] Change to Voltage: 1030 mV (0x2B)[m
08-16 14:27:03.186 I/tvos    ( 1764): [37m[INFO] Change to Voltage: 1030 mV (0x28)[m
08-16 14:27:03.186 I/tvos    ( 1764): [37m[INFO] Change to Voltage: 1030 mV (0x25)[m
08-16 14:27:03.188 I/tvos    ( 1764): [37m[INFO] Change to Voltage: 1030 mV (0x22)[m
08-16 14:27:03.188 I/tvos    ( 1764): [37m[INFO] Change to Voltage: 1030 mV (0x22)[m
08-16 14:27:03.242 I/tvos    ( 1764): GetAudioOutputDevice, retval : 0
08-16 14:27:03.373 I/APM::AudioPolicyEngine( 1758): getDeviceForStrategy, 359
08-16 14:27:03.493 I/tvos    ( 1764): GetAudioOutputDevice, retval : 0
08-16 14:27:03.743 I/tvos    ( 1764): GetAudioOutputDevice, retval : 0
08-16 14:27:03.851 I/reService( 2207): onReportKeyEvent  type=type0 keycode=82*19 
08-16 14:27:03.853 E/LETV_DEVICE( 1780): no name sn for Mstar
08-16 14:27:03.868 E/ActivityThread( 2837): Failed to find provider info for com.letv.agnes.InfoProvider
08-16 14:27:03.869 E/ActivityThread( 2837): Failed to find provider info for com.letv.agnes.InfoProvider
08-16 14:27:03.869 W/System.err( 2837): java.lang.IllegalArgumentException: Unknown URL content://com.letv.agnes.InfoProvider
08-16 14:27:03.869 W/System.err( 2837): 	at android.content.ContentResolver.insert(ContentResolver.java:1227)
08-16 14:27:03.869 W/System.err( 2837): 	at com.letv.tracker2.agnes.Configuration.addDebugInfo(Configuration.java:289)
08-16 14:27:03.869 W/System.err( 2837): 	at com.letv.tracker2.agnes.MessageProcessor$SendEnvMsgTr$1.handleMessage(MessageProcessor.java:661)
08-16 14:27:03.869 W/System.err( 2837): 	at android.os.Handler.dispatchMessage(Handler.java:102)
08-16 14:27:03.869 W/System.err( 2837): 	at android.os.Looper.loop(Looper.java:148)
08-16 14:27:03.869 W/System.err( 2837): 	at com.letv.tracker2.agnes.MessageProcessor$SendEnvMsgTr.run(MessageProcessor.java:665)
08-16 14:27:03.877 I/[T1.0.6.3]EuiAgnes_Server( 2837): resCode:1
08-16 14:27:03.877 I/[T1.0.6.3]EuiAgnes_Server( 2837): b[0]:0
08-16 14:27:03.994 I/tvos    ( 1764): GetAudioOutputDevice, retval : 0
08-16 14:27:04.246 I/tvos    ( 1764): GetAudioOutputDevice, retval : 0
08-16 14:27:04.495 I/tvos    ( 1764): GetAudioOutputDevice, retval : 0
08-16 14:27:04.562 E/LetvRemoteupgradeManager-JNI( 2613): can't get LetvManager service!
08-16 14:27:04.745 I/tvos    ( 1764): GetAudioOutputDevice, retval : 0
08-16 14:27:04.996 I/tvos    ( 1764): GetAudioOutputDevice, retval : 0
08-16 14:27:05.247 I/tvos    ( 1764): GetAudioOutputDevice, retval : 0
08-16 14:27:05.497 I/tvos    ( 1764): GetAudioOutputDevice, retval : 0
08-16 14:27:05.748 I/tvos    ( 1764): GetAudioOutputDevice, retval : 0
08-16 14:27:05.998 I/tvos    ( 1764): GetAudioOutputDevice, retval : 0
08-16 14:27:06.155 I/WifiStateMachine( 2207):  DisconnectedState !CMD_START_SCAN  rt=511692588/511692588 -2 34091 ic=1 proc(ms):15012 dur:2911 cnt=34091 rssi=-127 f=-1 sc=0 link=-1 tx=0.0, 0.0, 0.0  rx=0.0 fiv=20000 [on:0 tx:0 rx:0 period:15010] from screen [on:0 period:1097501483]
08-16 14:27:06.157 I/WifiStateMachine( 2207): handlescanrequest  starting scan for 
08-16 14:27:06.157 I/WifiStateMachine( 2207): startscannative  starting scan for 
08-16 14:27:06.248 I/tvos    ( 1764): GetAudioOutputDevice, retval : 0
08-16 14:27:06.499 I/tvos    ( 1764): GetAudioOutputDevice, retval : 0
08-16 14:27:06.750 I/tvos    ( 1764): GetAudioOutputDevice, retval : 0
08-16 14:27:07.001 I/tvos    ( 1764): GetAudioOutputDevice, retval : 0
08-16 14:27:07.048 E/InternetUtils( 4594): java.net.SocketTimeoutException: failed to connect to www.cibn.com/61.133.127.115 (port 80) after 3000ms
08-16 14:27:07.251 I/tvos    ( 1764): GetAudioOutputDevice, retval : 0
08-16 14:27:07.501 I/tvos    ( 1764): GetAudioOutputDevice, retval : 0
08-16 14:27:07.562 E/LetvRemoteupgradeManager-JNI( 2613): can't get LetvManager service!
08-16 14:27:07.752 I/tvos    ( 1764): GetAudioOutputDevice, retval : 0
08-16 14:27:08.002 I/tvos    ( 1764): GetAudioOutputDevice, retval : 0
08-16 14:27:08.253 I/tvos    ( 1764): GetAudioOutputDevice, retval : 0
08-16 14:27:08.503 I/tvos    ( 1764): GetAudioOutputDevice, retval : 0
08-16 14:27:08.754 I/tvos    ( 1764): GetAudioOutputDevice, retval : 0
08-16 14:27:08.868 W/InputDispatcher( 2207): findFocusedWindow finished: injectionResult=0, timeSpentWaitingForApplication=0.0ms
08-16 14:27:08.869 I/System.out(17709): From style:
08-16 14:27:08.869 I/System.out(17709): Attrs: 3010001=0.6 3010002=#0 3010003=null 3010004=true
08-16 14:27:08.875 W/InputDispatcher( 2207): Focus left window: Window{79bb53d u0 sina.mobile.tianqitongstv/sina.mobile.tianqitongstv.ui.activity.MainActivity}
08-16 14:27:08.875 W/InputDispatcher( 2207): Focus entered window: Window{566dafb u0 sina.mobile.tianqitongstv/sina.mobile.tianqitongstv.ui.activity.MainActivity}
08-16 14:27:08.907 I/DesktopManagerService( 2207): get screen shot
08-16 14:27:08.923 E/LetvContextMenuView(17709): screenshot success
08-16 14:27:08.947 W/InputDispatcher( 2207): findFocusedWindow finished: injectionResult=0, timeSpentWaitingForApplication=0.0ms
08-16 14:27:08.977 E/BufferQueueProducer( 1749): [sina.mobile.tianqitongstv/sina.mobile.tianqitongstv.ui.activity.MainActivity] connect(P): already connected (cur=1 req=1)
08-16 14:27:08.993 W/ViewRootImpl(17709): Cancelling event due to no window focus: KeyEvent { action=ACTION_UP, keyCode=KEYCODE_MENU, scanCode=0, metaState=0, flags=0x20, repeatCount=0, eventTime=511695297, downTime=511695297, deviceId=-1, source=0x101 }
08-16 14:27:08.993 W/ViewRootImpl(17709): Cancelling event due to no window focus: KeyEvent { action=ACTION_UP, keyCode=KEYCODE_MENU, scanCode=0, metaState=0, flags=0x20, repeatCount=0, eventTime=511695297, downTime=511695297, deviceId=-1, source=0x101 }
08-16 14:27:08.993 W/ViewRootImpl(17709): Cancelling event due to no window focus: KeyEvent { action=ACTION_UP, keyCode=KEYCODE_MENU, scanCode=0, metaState=0, flags=0x20, repeatCount=0, eventTime=511695297, downTime=511695297, deviceId=-1, source=0x101 }
08-16 14:27:08.993 W/ViewRootImpl(17709): Cancelling event due to no window focus: KeyEvent { action=ACTION_UP, keyCode=KEYCODE_MENU, scanCode=0, metaState=0, flags=0x20, repeatCount=0, eventTime=511695297, downTime=511695297, deviceId=-1, source=0x101 }
08-16 14:27:08.993 W/ViewRootImpl(17709): Cancelling event due to no window focus: KeyEvent { action=ACTION_UP, keyCode=KEYCODE_MENU, scanCode=0, metaState=0, flags=0x20, repeatCount=0, eventTime=511695297, downTime=511695297, deviceId=-1, source=0x101 }
08-16 14:27:08.993 W/ViewRootImpl(17709): Cancelling event due to no window focus: KeyEvent { action=ACTION_UP, keyCode=KEYCODE_MENU, scanCode=0, metaState=0, flags=0x20, repeatCount=0, eventTime=511695297, downTime=511695297, deviceId=-1, source=0x101 }
08-16 14:27:09.004 I/tvos    ( 1764): GetAudioOutputDevice, retval : 0
08-16 14:27:09.031 I/WifiStateMachine( 2207):  DisconnectedState !SCAN_RESULTS_EVENT  rt=511695463/511695463 0 0 found=177 known=0 got=177 bcn=0 con=0
08-16 14:27:09.032 I/WifiStateMachine( 2207):  ConnectModeState !SCAN_RESULTS_EVENT  rt=511695465/511695465 0 0 found=177 known=0 got=177 bcn=0 con=0
08-16 14:27:09.033 I/WifiStateMachine( 2207):  DriverStartedState !SCAN_RESULTS_EVENT  rt=511695466/511695466 0 0 found=177 known=0 got=177 bcn=0 con=0
08-16 14:27:09.033 I/WifiStateMachine( 2207):  SupplicantStartedState !SCAN_RESULTS_EVENT  rt=511695466/511695466 0 0 found=177 known=0 got=177 bcn=0 con=0
08-16 14:27:09.119 I/WifiStateMachine( 2207): setscanresults newsupplicantresult
08-16 14:27:09.255 I/tvos    ( 1764): GetAudioOutputDevice, retval : 0
08-16 14:27:09.505 I/tvos    ( 1764): GetAudioOutputDevice, retval : 0
08-16 14:27:09.755 I/tvos    ( 1764): GetAudioOutputDevice, retval : 0
08-16 14:27:09.862 I/remotestatus( 2207): Msg.what is 101
08-16 14:27:09.862 I/WindowManager( 2207): turn cursor off
08-16 14:27:09.862 E/RemoteManager( 2207): RemoteManager is no longer support in eui6.5
08-16 14:27:09.862 W/InputDispatcher( 2207): findFocusedWindow finished: injectionResult=0, timeSpentWaitingForApplication=0.0ms
08-16 14:27:09.862 E/InputManager-JNI( 2207): call nativeDisableCursor method with hideCursor
08-16 14:27:09.866 W/InputDispatcher( 2207): findFocusedWindow finished: injectionResult=0, timeSpentWaitingForApplication=0.0ms
08-16 14:27:10.006 I/tvos    ( 1764): GetAudioOutputDevice, retval : 0
08-16 14:27:10.256 I/tvos    ( 1764): GetAudioOutputDevice, retval : 0
08-16 14:27:10.372 I/remotestatus( 2207): Msg.what is 101
08-16 14:27:10.372 I/WindowManager( 2207): turn cursor off
08-16 14:27:10.372 E/RemoteManager( 2207): RemoteManager is no longer support in eui6.5
08-16 14:27:10.372 W/InputDispatcher( 2207): findFocusedWindow finished: injectionResult=0, timeSpentWaitingForApplication=0.0ms
08-16 14:27:10.372 E/InputManager-JNI( 2207): call nativeDisableCursor method with hideCursor
08-16 14:27:10.380 I/SoundPool( 2207): enter : func play
08-16 14:27:10.385 W/InputDispatcher( 2207): findFocusedWindow finished: injectionResult=0, timeSpentWaitingForApplication=0.0ms
08-16 14:27:10.386 I/APM::AudioPolicyEngine( 1758): getDeviceForStrategy, 359
08-16 14:27:10.386 I/audio_hw_primary( 1758): version:a00004 adev_create_audio_patch::mix->device 
08-16 14:27:10.386 I/audio_hw_primary( 1758): adev_create_audio_patch *handle=-1420227928 num_audio_patch=3
08-16 14:27:10.389 E/AudioManagerService( 1803): setAudioVolume(callingPid 1758, clientPid 1758, enSoundPath 0, volumn:0 )
08-16 14:27:10.390 I/tvos    ( 1764): SetVolume, subWooExist 0!
08-16 14:27:10.390 I/tvos    ( 1764): mapi_audio_customer::SetAbsoluteVolume: project name is X440M
08-16 14:27:10.390 I/tvos    ( 1764): SetAbsoluteVolume: uPercent : 0, path=52(speaker), VolumeInt=7f, VolumeFra=0
08-16 14:27:10.390 I/tvos    ( 1764): SetAbsoluteVolume: uPercent(currVol) : 0, realPath=52(default), VolumeInt=7f, VolumeFra=0
08-16 14:27:10.390 I/tvos    ( 1764): mapi_audio_customer::SetAbsoluteVolume: project name is X440M
08-16 14:27:10.390 I/tvos    ( 1764): SetAbsoluteVolume: uPercent : 0, path=49(HP), VolumeInt=7f, VolumeFra=0
08-16 14:27:10.390 I/tvos    ( 1764): SetAbsoluteVolume: uPercent(currVol) : 0, realPath=49(default), VolumeInt=7f, VolumeFra=0
08-16 14:27:10.390 I/tvos    ( 1764): mapi_audio_customer::SetAbsoluteVolume: project name is X440M
08-16 14:27:10.390 I/tvos    ( 1764): SetAbsoluteVolume, m_bBTDetect is false! 
08-16 14:27:10.390 I/tvos    ( 1764): mapi_audio_customer::SetAbsoluteVolume: project name is X440M
08-16 14:27:10.390 I/tvos    ( 1764): SetAbsoluteVolume: uPercent : 0, path=255(speaker), VolumeInt=7f, VolumeFra=0
08-16 14:27:10.390 I/tvos    ( 1764): SetAbsoluteVolume: uPercent(currVol) : 0, realPath=255(default), VolumeInt=7f, VolumeFra=0
08-16 14:27:10.390 I/tvos    ( 1764): [SetMuteStatus] call SetSoundMuteStatus, line : 10369, muteType: 4, onOff : 0 
08-16 14:27:10.390 I/tvos    ( 1764): [audioBSP] #1 m_internalMute : 0 ..
08-16 14:27:10.390 I/tvos    ( 1764): #1|->SDK_bPermanentAudioMute:0<-|->SDK_bMomentAudioMute:0 <-|->SDK_bBySyncAudioMute:0<-|->SDK_bByBlockAudioMute:0<-|->SDK_bByVChipAudioMute:0<-|
08-16 14:27:10.390 I/tvos    ( 1764): #1|->SDK_bInternal1AudioMute:0<-|->SDK_bInternal2AudioMute:0<-|->SDK_bInternal3AudioMute:0<-|->SDK_bInternal4AudioMute:0<-|
08-16 14:27:10.390 I/tvos    ( 1764): #1|->SDK_bByScanInOutchgCHchg:0<-|->SDK_bByDuringLimitedTimeAudioMute:0<-|->SDK_bSourceSwitchAudioMute:0<-|
08-16 14:27:10.390 I/tvos    ( 1764): #1|->SDK_bMHEGApMute:0<-|->SDK_bAllAudioMuteCtrl:0<-|->SDK_bPowerOnMute:0<-|->SDK_bNullSourceMute0<-|->SDK_bSetInputSourceAudioMute:0<-|
08-16 14:27:10.390 I/tvos    ( 1764): [audioBSP] #2 m_spkrMute : 0 ..|->SDK_bUsrSpkrAudioMute:0<-|->SDK_bPowerOnMute:0<-|->SDK_bByUserAudioMute:0<-|
08-16 14:27:10.390 I/tvos    ( 1764): [audioBSP] #3 m_PcmCapture2Mute:0 |->SDK_bByUserPcmCapture2Mute:0<-|->SDK_SUB_bByUserAudioMute:0<-|->SDK_bByUserAudioMute:0<-|
08-16 14:27:10.390 I/tvos    ( 1764): [audioBSP] #5 m_hpMute : 1 ..|->SDK_bUsrHpAudioMute:1<-|->SDK_bPowerOnMute:0<-|->SDK_bByUserAudioMute:0<-|
08-16 14:27:10.390 I/tvos    ( 1764): [audioBSP] #12 m_spdifMute : 1 ..
08-16 14:27:10.390 I/tvos    ( 1764): #12|->SDK_bPermanentAudioMute:0<-|->SDK_bMomentAudioMute:0<-|->SDK_bByBlockAudioMute:0<-|
08-16 14:27:10.390 I/tvos    ( 1764): #12|->SDK_bByVChipAudioMute:0<-|->SDK_bInternal1AudioMute:0<-|->SDK_bInternal4AudioMute:0<-|
08-16 14:27:10.391 I/tvos    ( 1764): #12|->SDK_bByDuringLimitedTimeAudioMute:0<-|->SDK_bSourceSwitchAudioMute:0<-|->SDK_bMHEGApMute:0<-|
08-16 14:27:10.391 I/tvos    ( 1764): #12|->SDK_bPowerOnMute:0<-|->SDK_bUsrSpdifAudioMute:1<-|->SDK_bNullSourceMute:0<-|->SDK_bByAppMute:0<-|
08-16 14:27:10.391 I/tvos    ( 1764): ---Amplifier_ALC1310_LR_SWMute(0)
08-16 14:27:10.393 I/tvos    ( 1764): ALC1310 unmute good, addr: 0x13 readbackvalue: 4 
08-16 14:27:10.395 I/tvos    ( 1764): SetSoundMuteStatus : m_hpMute : 1, m_spdifMute : 1, m_DataInMute : 0, m_channel7Mute : 0, m_internalMute : 0, m_spkrMute : 0, m_PcmCapture1Mute : 0, m_PcmCapture2Mute : 0 
08-16 14:27:10.395 I/AudioUtil( 1758): setParameters spk_volume=0
08-16 14:27:10.395 I/audio_hw_primary( 1758): adev_set_parameters: spk_volume=0
08-16 14:27:10.398 I/tvos    ( 1764): GetAudioOutputDevice, retval : 0
08-16 14:27:10.398 I/tvos    ( 1764): [SetMuteStatus] call SetSoundMuteStatus, line : 10369, muteType: 67108864, onOff : 1 
08-16 14:27:10.398 I/tvos    ( 1764): _TransMSrvMuteTypeToSDKMuteType: Err! muteType(67108864) is out of Range
08-16 14:27:10.398 I/tvos    ( 1764): [SetMuteStatus] call SetSoundMuteStatus, line : 10369, muteType: 4, onOff : 1 
08-16 14:27:10.398 I/tvos    ( 1764): [audioBSP] #1 m_internalMute : 0 ..
08-16 14:27:10.398 I/tvos    ( 1764): #1|->SDK_bPermanentAudioMute:0<-|->SDK_bMomentAudioMute:0 <-|->SDK_bBySyncAudioMute:0<-|->SDK_bByBlockAudioMute:0<-|->SDK_bByVChipAudioMute:0<-|
08-16 14:27:10.398 I/tvos    ( 1764): #1|->SDK_bInternal1AudioMute:0<-|->SDK_bInternal2AudioMute:0<-|->SDK_bInternal3AudioMute:0<-|->SDK_bInternal4AudioMute:0<-|
08-16 14:27:10.398 I/tvos    ( 1764): #1|->SDK_bByScanInOutchgCHchg:0<-|->SDK_bByDuringLimitedTimeAudioMute:0<-|->SDK_bSourceSwitchAudioMute:0<-|
08-16 14:27:10.398 I/tvos    ( 1764): #1|->SDK_bMHEGApMute:0<-|->SDK_bAllAudioMuteCtrl:0<-|->SDK_bPowerOnMute:0<-|->SDK_bNullSourceMute0<-|->SDK_bSetInputSourceAudioMute:0<-|
08-16 14:27:10.398 I/tvos    ( 1764): [audioBSP] #2 m_spkrMute : 1 ..|->SDK_bUsrSpkrAudioMute:0<-|->SDK_bPowerOnMute:0<-|->SDK_bByUserAudioMute:1<-|
08-16 14:27:10.398 I/tvos    ( 1764): [audioBSP] #3 m_PcmCapture2Mute:1 |->SDK_bByUserPcmCapture2Mute:0<-|->SDK_SUB_bByUserAudioMute:0<-|->SDK_bByUserAudioMute:1<-|
08-16 14:27:10.398 I/tvos    ( 1764): [audioBSP] #5 m_hpMute : 1 ..|->SDK_bUsrHpAudioMute:1<-|->SDK_bPowerOnMute:0<-|->SDK_bByUserAudioMute:1<-|
08-16 14:27:10.398 I/tvos    ( 1764): [audioBSP] #12 m_spdifMute : 1 ..
08-16 14:27:10.398 I/tvos    ( 1764): #12|->SDK_bPermanentAudioMute:0<-|->SDK_bMomentAudioMute:0<-|->SDK_bByBlockAudioMute:0<-|
08-16 14:27:10.398 I/tvos    ( 1764): #12|->SDK_bByVChipAudioMute:0<-|->SDK_bInternal1AudioMute:0<-|->SDK_bInternal4AudioMute:0<-|
08-16 14:27:10.398 I/tvos    ( 1764): #12|->SDK_bByDuringLimitedTimeAudioMute:0<-|->SDK_bSourceSwitchAudioMute:0<-|->SDK_bMHEGApMute:0<-|
08-16 14:27:10.398 I/tvos    ( 1764): #12|->SDK_bPowerOnMute:0<-|->SDK_bUsrSpdifAudioMute:1<-|->SDK_bNullSourceMute:0<-|->SDK_bByAppMute:0<-|
08-16 14:27:10.398 I/tvos    ( 1764): ---Amplifier_ALC1310_LR_SWMute(1)
08-16 14:27:10.398 I/tvos    ( 1764): ALC1310 mute write good, addr: 0x13, readback data : 49164, write cmd times : 1
08-16 14:27:10.401 I/tvos    ( 1764): SetSoundMuteStatus : m_hpMute : 1, m_spdifMute : 1, m_DataInMute : 0, m_channel7Mute : 0, m_internalMute : 0, m_spkrMute : 1, m_PcmCapture1Mute : 0, m_PcmCapture2Mute : 1 
08-16 14:27:10.417 E/audio_hw_primary( 1758): out_get_presentation_position pcm_get_htimestamp(pcm, &avail, timestamp) != 0!!!
08-16 14:27:10.451 I/APM::AudioPolicyEngine( 1758): getDeviceForStrategy, 359
08-16 14:27:10.507 I/tvos    ( 1764): GetAudioOutputDevice, retval : 0
08-16 14:27:10.563 E/LetvRemoteupgradeManager-JNI( 2613): can't get LetvManager service!
08-16 14:27:10.757 I/tvos    ( 1764): GetAudioOutputDevice, retval : 0
08-16 14:27:10.898 W/InputDispatcher( 2207): findTouchedWindow finished: injectionResult=0, injectionPermission=1, timeSpentWaitingForApplication=0.0ms
08-16 14:27:10.905 W/InputDispatcher( 2207): findTouchedWindow finished: injectionResult=0, injectionPermission=1, timeSpentWaitingForApplication=0.0ms
08-16 14:27:10.971 I/SoundPool( 2207): enter : func play
08-16 14:27:10.972 I/APM::AudioPolicyEngine( 1758): getDeviceForStrategy, 359
08-16 14:27:10.972 I/ActivityManager( 2207): START u0 {cmp=sina.mobile.tianqitongstv/.ui.activity.SearchCityActivity (has extras)} from uid 10039 on display 0
08-16 14:27:10.974 I/audio_hw_primary( 1758): version:a00004 adev_create_audio_patch::mix->device 
08-16 14:27:10.975 I/audio_hw_primary( 1758): adev_create_audio_patch *handle=-1420227928 num_audio_patch=3
08-16 14:27:10.977 E/AudioManagerService( 1803): setAudioVolume(callingPid 1758, clientPid 1758, enSoundPath 0, volumn:0 )
08-16 14:27:10.980 I/tvos    ( 1764): SetVolume, subWooExist 0!
08-16 14:27:10.980 I/tvos    ( 1764): mapi_audio_customer::SetAbsoluteVolume: project name is X440M
08-16 14:27:10.980 I/tvos    ( 1764): SetAbsoluteVolume: uPercent : 0, path=52(speaker), VolumeInt=7f, VolumeFra=0
08-16 14:27:10.980 I/tvos    ( 1764): SetAbsoluteVolume: uPercent(currVol) : 0, realPath=52(default), VolumeInt=7f, VolumeFra=0
08-16 14:27:10.980 I/tvos    ( 1764): mapi_audio_customer::SetAbsoluteVolume: project name is X440M
08-16 14:27:10.980 I/tvos    ( 1764): SetAbsoluteVolume: uPercent : 0, path=49(HP), VolumeInt=7f, VolumeFra=0
08-16 14:27:10.980 I/tvos    ( 1764): SetAbsoluteVolume: uPercent(currVol) : 0, realPath=49(default), VolumeInt=7f, VolumeFra=0
08-16 14:27:10.980 I/tvos    ( 1764): mapi_audio_customer::SetAbsoluteVolume: project name is X440M
08-16 14:27:10.980 I/tvos    ( 1764): SetAbsoluteVolume, m_bBTDetect is false! 
08-16 14:27:10.980 I/tvos    ( 1764): mapi_audio_customer::SetAbsoluteVolume: project name is X440M
08-16 14:27:10.980 I/tvos    ( 1764): SetAbsoluteVolume: uPercent : 0, path=255(speaker), VolumeInt=7f, VolumeFra=0
08-16 14:27:10.980 I/tvos    ( 1764): SetAbsoluteVolume: uPercent(currVol) : 0, realPath=255(default), VolumeInt=7f, VolumeFra=0
08-16 14:27:10.980 I/tvos    ( 1764): [SetMuteStatus] call SetSoundMuteStatus, line : 10369, muteType: 4, onOff : 0 
08-16 14:27:10.980 I/tvos    ( 1764): [audioBSP] #1 m_internalMute : 0 ..
08-16 14:27:10.980 I/tvos    ( 1764): #1|->SDK_bPermanentAudioMute:0<-|->SDK_bMomentAudioMute:0 <-|->SDK_bBySyncAudioMute:0<-|->SDK_bByBlockAudioMute:0<-|->SDK_bByVChipAudioMute:0<-|
08-16 14:27:10.980 I/tvos    ( 1764): #1|->SDK_bInternal1AudioMute:0<-|->SDK_bInternal2AudioMute:0<-|->SDK_bInternal3AudioMute:0<-|->SDK_bInternal4AudioMute:0<-|
08-16 14:27:10.980 I/tvos    ( 1764): #1|->SDK_bByScanInOutchgCHchg:0<-|->SDK_bByDuringLimitedTimeAudioMute:0<-|->SDK_bSourceSwitchAudioMute:0<-|
08-16 14:27:10.980 I/tvos    ( 1764): #1|->SDK_bMHEGApMute:0<-|->SDK_bAllAudioMuteCtrl:0<-|->SDK_bPowerOnMute:0<-|->SDK_bNullSourceMute0<-|->SDK_bSetInputSourceAudioMute:0<-|
08-16 14:27:10.980 I/tvos    ( 1764): [audioBSP] #2 m_spkrMute : 0 ..|->SDK_bUsrSpkrAudioMute:0<-|->SDK_bPowerOnMute:0<-|->SDK_bByUserAudioMute:0<-|
08-16 14:27:10.980 I/tvos    ( 1764): [audioBSP] #3 m_PcmCapture2Mute:0 |->SDK_bByUserPcmCapture2Mute:0<-|->SDK_SUB_bByUserAudioMute:0<-|->SDK_bByUserAudioMute:0<-|
08-16 14:27:10.980 I/tvos    ( 1764): [audioBSP] #5 m_hpMute : 1 ..|->SDK_bUsrHpAudioMute:1<-|->SDK_bPowerOnMute:0<-|->SDK_bByUserAudioMute:0<-|
08-16 14:27:10.980 I/tvos    ( 1764): [audioBSP] #12 m_spdifMute : 1 ..
08-16 14:27:10.980 I/tvos    ( 1764): #12|->SDK_bPermanentAudioMute:0<-|->SDK_bMomentAudioMute:0<-|->SDK_bByBlockAudioMute:0<-|
08-16 14:27:10.980 I/tvos    ( 1764): #12|->SDK_bByVChipAudioMute:0<-|->SDK_bInternal1AudioMute:0<-|->SDK_bInternal4AudioMute:0<-|
08-16 14:27:10.980 I/tvos    ( 1764): #12|->SDK_bByDuringLimitedTimeAudioMute:0<-|->SDK_bSourceSwitchAudioMute:0<-|->SDK_bMHEGApMute:0<-|
08-16 14:27:10.980 I/tvos    ( 1764): #12|->SDK_bPowerOnMute:0<-|->SDK_bUsrSpdifAudioMute:1<-|->SDK_bNullSourceMute:0<-|->SDK_bByAppMute:0<-|
08-16 14:27:10.980 I/tvos    ( 1764): ---Amplifier_ALC1310_LR_SWMute(0)
08-16 14:27:10.980 I/tvos    ( 1764): ALC1310 unmute good, addr: 0x13 readbackvalue: 4 
08-16 14:27:10.982 I/tvos    ( 1764): SetSoundMuteStatus : m_hpMute : 1, m_spdifMute : 1, m_DataInMute : 0, m_channel7Mute : 0, m_internalMute : 0, m_spkrMute : 0, m_PcmCapture1Mute : 0, m_PcmCapture2Mute : 0 
08-16 14:27:10.982 I/AudioUtil( 1758): setParameters spk_volume=0
08-16 14:27:10.982 I/audio_hw_primary( 1758): adev_set_parameters: spk_volume=0
08-16 14:27:10.983 I/tvos    ( 1764): GetAudioOutputDevice, retval : 0
08-16 14:27:10.983 I/tvos    ( 1764): [SetMuteStatus] call SetSoundMuteStatus, line : 10369, muteType: 67108864, onOff : 1 
08-16 14:27:10.983 I/tvos    ( 1764): _TransMSrvMuteTypeToSDKMuteType: Err! muteType(67108864) is out of Range
08-16 14:27:10.984 W/InputDispatcher( 2207): setFocusedApplication
08-16 14:27:10.985 W/InputDispatcher( 2207): Focus left window: Window{566dafb u0 sina.mobile.tianqitongstv/sina.mobile.tianqitongstv.ui.activity.MainActivity}
08-16 14:27:10.985 I/tvos    ( 1764): [SetMuteStatus] call SetSoundMuteStatus, line : 10369, muteType: 4, onOff : 1 
08-16 14:27:10.985 I/tvos    ( 1764): [audioBSP] #1 m_internalMute : 0 ..
