08-16 14:27:10.985 I/tvos    ( 1764): #1|->SDK_bPermanentAudioMute:0<-|->SDK_bMomentAudioMute:0 <-|->SDK_bBySyncAudioMute:0<-|->SDK_bByBlockAudioMute:0<-|->SDK_bByVChipAudioMute:0<-|
08-16 14:27:10.985 I/tvos    ( 1764): #1|->SDK_bInternal1AudioMute:0<-|->SDK_bInternal2AudioMute:0<-|->SDK_bInternal3AudioMute:0<-|->SDK_bInternal4AudioMute:0<-|
08-16 14:27:10.985 I/tvos    ( 1764): #1|->SDK_bByScanInOutchgCHchg:0<-|->SDK_bByDuringLimitedTimeAudioMute:0<-|->SDK_bSourceSwitchAudioMute:0<-|
08-16 14:27:10.985 I/tvos    ( 1764): #1|->SDK_bMHEGApMute:0<-|->SDK_bAllAudioMuteCtrl:0<-|->SDK_bPowerOnMute:0<-|->SDK_bNullSourceMute0<-|->SDK_bSetInputSourceAudioMute:0<-|
08-16 14:27:10.985 I/tvos    ( 1764): [audioBSP] #2 m_spkrMute : 1 ..|->SDK_bUsrSpkrAudioMute:0<-|->SDK_bPowerOnMute:0<-|->SDK_bByUserAudioMute:1<-|
08-16 14:27:10.985 I/tvos    ( 1764): [audioBSP] #3 m_PcmCapture2Mute:1 |->SDK_bByUserPcmCapture2Mute:0<-|->SDK_SUB_bByUserAudioMute:0<-|->SDK_bByUserAudioMute:1<-|
08-16 14:27:10.985 I/tvos    ( 1764): [audioBSP] #5 m_hpMute : 1 ..|->SDK_bUsrHpAudioMute:1<-|->SDK_bPowerOnMute:0<-|->SDK_bByUserAudioMute:1<-|
08-16 14:27:10.985 I/tvos    ( 1764): [audioBSP] #12 m_spdifMute : 1 ..
08-16 14:27:10.985 I/tvos    ( 1764): #12|->SDK_bPermanentAudioMute:0<-|->SDK_bMomentAudioMute:0<-|->SDK_bByBlockAudioMute:0<-|
08-16 14:27:10.985 I/tvos    ( 1764): #12|->SDK_bByVChipAudioMute:0<-|->SDK_bInternal1AudioMute:0<-|->SDK_bInternal4AudioMute:0<-|
08-16 14:27:10.985 I/tvos    ( 1764): #12|->SDK_bByDuringLimitedTimeAudioMute:0<-|->SDK_bSourceSwitchAudioMute:0<-|->SDK_bMHEGApMute:0<-|
08-16 14:27:10.985 I/tvos    ( 1764): #12|->SDK_bPowerOnMute:0<-|->SDK_bUsrSpdifAudioMute:1<-|->SDK_bNullSourceMute:0<-|->SDK_bByAppMute:0<-|
08-16 14:27:10.985 I/tvos    ( 1764): ---Amplifier_ALC1310_LR_SWMute(1)
08-16 14:27:10.985 I/tvos    ( 1764): ALC1310 mute write good, addr: 0x13, readback data : 49164, write cmd times : 1
08-16 14:27:10.988 I/tvos    ( 1764): SetSoundMuteStatus : m_hpMute : 1, m_spdifMute : 1, m_DataInMute : 0, m_channel7Mute : 0, m_internalMute : 0, m_spkrMute : 1, m_PcmCapture1Mute : 0, m_PcmCapture2Mute : 1 
08-16 14:27:11.008 I/tvos    ( 1764): GetAudioOutputDevice, retval : 0
08-16 14:27:11.009 I/ActivityManager( 2207): accel TR11) TaskRecord{e0665f7 #26 A=sina.mobile.tianqitongstv U=0 sz=2}
08-16 14:27:11.009 I/ActivityManager( 2207): accel TR10) TaskRecord{14b0d11 #1 A=com.stv.launcher U=0 sz=1}
08-16 14:27:11.026 I/System.out(17709): From style:
08-16 14:27:11.026 I/System.out(17709): Attrs: 3010001=0.6 3010002=#ff303030 3010003=null 3010004=false
08-16 14:27:11.087 I/tvos    ( 1764): [37m[INFO] Change to Voltage: 1150 mV (0x22)[m
08-16 14:27:11.087 I/tvos    ( 1764): [37m[INFO] Change to Voltage: 1150 mV (0x25)[m
08-16 14:27:11.087 I/tvos    ( 1764): [37m[INFO] Change to Voltage: 1150 mV (0x28)[m
08-16 14:27:11.087 I/tvos    ( 1764): [37m[INFO] Change to Voltage: 1150 mV (0x2B)[m
08-16 14:27:11.087 I/tvos    ( 1764): [37m[INFO] Change to Voltage: 1150 mV (0x2E)[m
08-16 14:27:11.087 I/tvos    ( 1764): [37m[INFO] Change to Voltage: 1150 mV (0x2E)[m
08-16 14:27:11.172 W/InputDispatcher( 2207): Focus entered window: Window{7cfae73 u0 sina.mobile.tianqitongstv/sina.mobile.tianqitongstv.ui.activity.SearchCityActivity}
08-16 14:27:11.178 E/BufferQueueProducer( 1749): [sina.mobile.tianqitongstv/sina.mobile.tianqitongstv.ui.activity.SearchCityActivity] connect(P): already connected (cur=1 req=1)
08-16 14:27:11.257 W/InputDispatcher( 2207): Window went away: Window{566dafb u0 sina.mobile.tianqitongstv/sina.mobile.tianqitongstv.ui.activity.MainActivity}
08-16 14:27:11.258 I/tvos    ( 1764): GetAudioOutputDevice, retval : 0
08-16 14:27:11.286 I/tvos    ( 1764): [37m[INFO] Change to Voltage: 1030 mV (0x2E)[m
08-16 14:27:11.286 I/tvos    ( 1764): [37m[INFO] Change to Voltage: 1030 mV (0x2B)[m
08-16 14:27:11.286 I/tvos    ( 1764): [37m[INFO] Change to Voltage: 1030 mV (0x28)[m
08-16 14:27:11.286 I/tvos    ( 1764): [37m[INFO] Change to Voltage: 1030 mV (0x25)[m
08-16 14:27:11.291 I/tvos    ( 1764): [37m[INFO] Change to Voltage: 1030 mV (0x22)[m
08-16 14:27:11.292 I/tvos    ( 1764): [37m[INFO] Change to Voltage: 1030 mV (0x22)[m
08-16 14:27:11.302 I/ActivityManager( 2207): Displayed sina.mobile.tianqitongstv/.ui.activity.SearchCityActivity: +298ms
08-16 14:27:11.302 W/ContextImpl( 2207): Calling a method in the system process without a qualified user: android.app.ContextImpl.sendBroadcast:766 com.android.server.am.ActivityRecord.reportLaunchTimeLocked:1056 com.android.server.am.ActivityRecord.windowsDrawnLocked:1080 com.android.server.am.ActivityRecord$Token.windowsDrawn:345 com.android.server.wm.WindowManagerService$H.handleMessage:8042 
08-16 14:27:11.317 I/art     (17894): Late-enabling -Xcheck:jni
08-16 14:27:11.318 I/ActivityManager( 2207): Start proc 17894:com.android.testing.dummyime/u0a93 for service com.android.testing.dummyime/.DummyIme
08-16 14:27:11.377 W/System  (17894): ClassLoader referenced unknown path: /data/app/com.android.testing.dummyime-2/lib/arm64
08-16 14:27:11.394 I/System.out(17894): From style:
08-16 14:27:11.394 I/System.out(17894): Attrs: 3010001=0.6 3010002=#0 3010003=null 3010004=true
08-16 14:27:11.509 I/tvos    ( 1764): GetAudioOutputDevice, retval : 0
08-16 14:27:11.585 I/APM::AudioPolicyEngine( 1758): getDeviceForStrategy, 359
08-16 14:27:11.759 I/tvos    ( 1764): GetAudioOutputDevice, retval : 0
08-16 14:27:11.862 I/ActivityManager( 2207): Force stopping com.android.testing.dummyime appid=10093 user=0: from pid 2207
08-16 14:27:11.863 I/ActivityManager( 2207): Killing 17894:com.android.testing.dummyime/u0a93 (adj 1): stop com.android.testing.dummyime
08-16 14:27:11.895 W/ActivityManager( 2207): Scheduling restart of crashed service com.android.testing.dummyime/.DummyIme in 1000ms
08-16 14:27:11.896 I/ActivityManager( 2207):   Force stopping service ServiceRecord{96d4648 u0 com.android.testing.dummyime/.DummyIme}
08-16 14:27:11.900 W/ActivityManager( 2207): Spurious death for ProcessRecord{3c0961d 0:com.android.testing.dummyime/u0a93}, curProc for 17894: null
08-16 14:27:11.901 W/InputMethodManagerService( 2207): Session failed to close due to remote exception
08-16 14:27:11.901 W/InputMethodManagerService( 2207): android.os.DeadObjectException
08-16 14:27:11.901 W/InputMethodManagerService( 2207): 	at android.os.BinderProxy.transactNative(Native Method)
08-16 14:27:11.901 W/InputMethodManagerService( 2207): 	at android.os.BinderProxy.transact(Binder.java:503)
08-16 14:27:11.901 W/InputMethodManagerService( 2207): 	at com.android.internal.view.IInputMethodSession$Stub$Proxy.finishSession(IInputMethodSession.java:305)
08-16 14:27:11.901 W/InputMethodManagerService( 2207): 	at com.android.server.InputMethodManagerService.finishSessionLocked(InputMethodManagerService.java:1622)
08-16 14:27:11.901 W/InputMethodManagerService( 2207): 	at com.android.server.InputMethodManagerService.clearClientSessionLocked(InputMethodManagerService.java:1613)
08-16 14:27:11.901 W/InputMethodManagerService( 2207): 	at com.android.server.InputMethodManagerService.clearCurMethodLocked(InputMethodManagerService.java:1639)
08-16 14:27:11.901 W/InputMethodManagerService( 2207): 	at com.android.server.InputMethodManagerService.onServiceDisconnected(InputMethodManagerService.java:1658)
08-16 14:27:11.901 W/InputMethodManagerService( 2207): 	at android.app.LoadedApk$ServiceDispatcher.doDeath(LoadedApk.java:1228)
08-16 14:27:11.901 W/InputMethodManagerService( 2207): 	at android.app.LoadedApk$ServiceDispatcher$RunConnection.run(LoadedApk.java:1242)
08-16 14:27:11.901 W/InputMethodManagerService( 2207): 	at android.os.Handler.handleCallback(Handler.java:739)
08-16 14:27:11.901 W/InputMethodManagerService( 2207): 	at android.os.Handler.dispatchMessage(Handler.java:95)
08-16 14:27:11.901 W/InputMethodManagerService( 2207): 	at android.os.Looper.loop(Looper.java:148)
08-16 14:27:11.901 W/InputMethodManagerService( 2207): 	at com.android.server.SystemServer.run(SystemServer.java:309)
08-16 14:27:11.901 W/InputMethodManagerService( 2207): 	at com.android.server.SystemServer.main(SystemServer.java:179)
08-16 14:27:11.901 W/InputMethodManagerService( 2207): 	at java.lang.reflect.Method.invoke(Native Method)
08-16 14:27:11.901 W/InputMethodManagerService( 2207): 	at com.android.internal.os.ZygoteInit$MethodAndArgsCaller.run(ZygoteInit.java:744)
08-16 14:27:11.901 W/InputMethodManagerService( 2207): 	at com.android.internal.os.ZygoteInit.main(ZygoteInit.java:634)
08-16 14:27:12.009 I/tvos    ( 1764): GetAudioOutputDevice, retval : 0
08-16 14:27:12.260 I/tvos    ( 1764): GetAudioOutputDevice, retval : 0
08-16 14:27:12.511 I/tvos    ( 1764): GetAudioOutputDevice, retval : 0
08-16 14:27:12.761 I/tvos    ( 1764): GetAudioOutputDevice, retval : 0
08-16 14:27:12.915 I/remotestatus( 2207): Msg.what is 101
08-16 14:27:12.915 I/WindowManager( 2207): turn cursor off
08-16 14:27:12.915 E/RemoteManager( 2207): RemoteManager is no longer support in eui6.5
08-16 14:27:12.915 W/InputDispatcher( 2207): findFocusedWindow finished: injectionResult=0, timeSpentWaitingForApplication=0.0ms
08-16 14:27:12.920 E/InputManager-JNI( 2207): call nativeDisableCursor method with hideCursor
08-16 14:27:12.927 I/SoundPool( 2207): enter : func play
08-16 14:27:12.932 W/InputDispatcher( 2207): findFocusedWindow finished: injectionResult=0, timeSpentWaitingForApplication=0.0ms
08-16 14:27:12.935 I/APM::AudioPolicyEngine( 1758): getDeviceForStrategy, 359
08-16 14:27:12.939 I/audio_hw_primary( 1758): version:a00004 adev_create_audio_patch::mix->device 
08-16 14:27:12.939 I/audio_hw_primary( 1758): adev_create_audio_patch *handle=-1420227928 num_audio_patch=3
08-16 14:27:12.944 E/AudioManagerService( 1803): setAudioVolume(callingPid 1758, clientPid 1758, enSoundPath 0, volumn:0 )
08-16 14:27:12.947 I/tvos    ( 1764): SetVolume, subWooExist 0!
08-16 14:27:12.947 I/tvos    ( 1764): mapi_audio_customer::SetAbsoluteVolume: project name is X440M
08-16 14:27:12.947 I/tvos    ( 1764): SetAbsoluteVolume: uPercent : 0, path=52(speaker), VolumeInt=7f, VolumeFra=0
08-16 14:27:12.947 I/tvos    ( 1764): SetAbsoluteVolume: uPercent(currVol) : 0, realPath=52(default), VolumeInt=7f, VolumeFra=0
08-16 14:27:12.947 I/tvos    ( 1764): mapi_audio_customer::SetAbsoluteVolume: project name is X440M
08-16 14:27:12.947 I/tvos    ( 1764): SetAbsoluteVolume: uPercent : 0, path=49(HP), VolumeInt=7f, VolumeFra=0
08-16 14:27:12.947 I/tvos    ( 1764): SetAbsoluteVolume: uPercent(currVol) : 0, realPath=49(default), VolumeInt=7f, VolumeFra=0
08-16 14:27:12.947 I/tvos    ( 1764): mapi_audio_customer::SetAbsoluteVolume: project name is X440M
08-16 14:27:12.947 I/tvos    ( 1764): SetAbsoluteVolume, m_bBTDetect is false! 
08-16 14:27:12.947 I/tvos    ( 1764): mapi_audio_customer::SetAbsoluteVolume: project name is X440M
08-16 14:27:12.947 I/tvos    ( 1764): SetAbsoluteVolume: uPercent : 0, path=255(speaker), VolumeInt=7f, VolumeFra=0
08-16 14:27:12.947 I/tvos    ( 1764): SetAbsoluteVolume: uPercent(currVol) : 0, realPath=255(default), VolumeInt=7f, VolumeFra=0
08-16 14:27:12.947 I/tvos    ( 1764): [SetMuteStatus] call SetSoundMuteStatus, line : 10369, muteType: 4, onOff : 0 
08-16 14:27:12.947 I/tvos    ( 1764): [audioBSP] #1 m_internalMute : 0 ..
08-16 14:27:12.947 I/tvos    ( 1764): #1|->SDK_bPermanentAudioMute:0<-|->SDK_bMomentAudioMute:0 <-|->SDK_bBySyncAudioMute:0<-|->SDK_bByBlockAudioMute:0<-|->SDK_bByVChipAudioMute:0<-|
08-16 14:27:12.947 I/tvos    ( 1764): #1|->SDK_bInternal1AudioMute:0<-|->SDK_bInternal2AudioMute:0<-|->SDK_bInternal3AudioMute:0<-|->SDK_bInternal4AudioMute:0<-|
08-16 14:27:12.947 I/tvos    ( 1764): #1|->SDK_bByScanInOutchgCHchg:0<-|->SDK_bByDuringLimitedTimeAudioMute:0<-|->SDK_bSourceSwitchAudioMute:0<-|
08-16 14:27:12.947 I/tvos    ( 1764): #1|->SDK_bMHEGApMute:0<-|->SDK_bAllAudioMuteCtrl:0<-|->SDK_bPowerOnMute:0<-|->SDK_bNullSourceMute0<-|->SDK_bSetInputSourceAudioMute:0<-|
08-16 14:27:12.947 I/tvos    ( 1764): [audioBSP] #2 m_spkrMute : 0 ..|->SDK_bUsrSpkrAudioMute:0<-|->SDK_bPowerOnMute:0<-|->SDK_bByUserAudioMute:0<-|
08-16 14:27:12.948 I/tvos    ( 1764): [audioBSP] #3 m_PcmCapture2Mute:0 |->SDK_bByUserPcmCapture2Mute:0<-|->SDK_SUB_bByUserAudioMute:0<-|->SDK_bByUserAudioMute:0<-|
08-16 14:27:12.948 I/tvos    ( 1764): [audioBSP] #5 m_hpMute : 1 ..|->SDK_bUsrHpAudioMute:1<-|->SDK_bPowerOnMute:0<-|->SDK_bByUserAudioMute:0<-|
08-16 14:27:12.948 I/tvos    ( 1764): [audioBSP] #12 m_spdifMute : 1 ..
08-16 14:27:12.948 I/tvos    ( 1764): #12|->SDK_bPermanentAudioMute:0<-|->SDK_bMomentAudioMute:0<-|->SDK_bByBlockAudioMute:0<-|
08-16 14:27:12.948 I/tvos    ( 1764): #12|->SDK_bByVChipAudioMute:0<-|->SDK_bInternal1AudioMute:0<-|->SDK_bInternal4AudioMute:0<-|
08-16 14:27:12.948 I/tvos    ( 1764): #12|->SDK_bByDuringLimitedTimeAudioMute:0<-|->SDK_bSourceSwitchAudioMute:0<-|->SDK_bMHEGApMute:0<-|
08-16 14:27:12.948 I/tvos    ( 1764): #12|->SDK_bPowerOnMute:0<-|->SDK_bUsrSpdifAudioMute:1<-|->SDK_bNullSourceMute:0<-|->SDK_bByAppMute:0<-|
08-16 14:27:12.948 I/tvos    ( 1764): ---Amplifier_ALC1310_LR_SWMute(0)
08-16 14:27:12.948 I/tvos    ( 1764): ALC1310 unmute good, addr: 0x13 readbackvalue: 4 
08-16 14:27:12.952 I/tvos    ( 1764): SetSoundMuteStatus : m_hpMute : 1, m_spdifMute : 1, m_DataInMute : 0, m_channel7Mute : 0, m_internalMute : 0, m_spkrMute : 0, m_PcmCapture1Mute : 0, m_PcmCapture2Mute : 0 
08-16 14:27:12.952 I/AudioUtil( 1758): setParameters spk_volume=0
08-16 14:27:12.952 I/audio_hw_primary( 1758): adev_set_parameters: spk_volume=0
08-16 14:27:12.953 I/tvos    ( 1764): GetAudioOutputDevice, retval : 0
08-16 14:27:12.953 I/tvos    ( 1764): [SetMuteStatus] call SetSoundMuteStatus, line : 10369, muteType: 67108864, onOff : 1 
08-16 14:27:12.953 I/tvos    ( 1764): _TransMSrvMuteTypeToSDKMuteType: Err! muteType(67108864) is out of Range
08-16 14:27:12.955 I/tvos    ( 1764): [SetMuteStatus] call SetSoundMuteStatus, line : 10369, muteType: 4, onOff : 1 
08-16 14:27:12.955 I/tvos    ( 1764): [audioBSP] #1 m_internalMute : 0 ..
08-16 14:27:12.955 I/tvos    ( 1764): #1|->SDK_bPermanentAudioMute:0<-|->SDK_bMomentAudioMute:0 <-|->SDK_bBySyncAudioMute:0<-|->SDK_bByBlockAudioMute:0<-|->SDK_bByVChipAudioMute:0<-|
08-16 14:27:12.955 I/tvos    ( 1764): #1|->SDK_bInternal1AudioMute:0<-|->SDK_bInternal2AudioMute:0<-|->SDK_bInternal3AudioMute:0<-|->SDK_bInternal4AudioMute:0<-|
08-16 14:27:12.955 I/tvos    ( 1764): #1|->SDK_bByScanInOutchgCHchg:0<-|->SDK_bByDuringLimitedTimeAudioMute:0<-|->SDK_bSourceSwitchAudioMute:0<-|
08-16 14:27:12.955 I/tvos    ( 1764): #1|->SDK_bMHEGApMute:0<-|->SDK_bAllAudioMuteCtrl:0<-|->SDK_bPowerOnMute:0<-|->SDK_bNullSourceMute0<-|->SDK_bSetInputSourceAudioMute:0<-|
08-16 14:27:12.955 I/tvos    ( 1764): [audioBSP] #2 m_spkrMute : 1 ..|->SDK_bUsrSpkrAudioMute:0<-|->SDK_bPowerOnMute:0<-|->SDK_bByUserAudioMute:1<-|
08-16 14:27:12.955 I/tvos    ( 1764): [audioBSP] #3 m_PcmCapture2Mute:1 |->SDK_bByUserPcmCapture2Mute:0<-|->SDK_SUB_bByUserAudioMute:0<-|->SDK_bByUserAudioMute:1<-|
08-16 14:27:12.955 I/tvos    ( 1764): [audioBSP] #5 m_hpMute : 1 ..|->SDK_bUsrHpAudioMute:1<-|->SDK_bPowerOnMute:0<-|->SDK_bByUserAudioMute:1<-|
08-16 14:27:12.955 I/tvos    ( 1764): [audioBSP] #12 m_spdifMute : 1 ..
08-16 14:27:12.955 I/tvos    ( 1764): #12|->SDK_bPermanentAudioMute:0<-|->SDK_bMomentAudioMute:0<-|->SDK_bByBlockAudioMute:0<-|
08-16 14:27:12.955 I/tvos    ( 1764): #12|->SDK_bByVChipAudioMute:0<-|->SDK_bInternal1AudioMute:0<-|->SDK_bInternal4AudioMute:0<-|
08-16 14:27:12.955 I/tvos    ( 1764): #12|->SDK_bByDuringLimitedTimeAudioMute:0<-|->SDK_bSourceSwitchAudioMute:0<-|->SDK_bMHEGApMute:0<-|
08-16 14:27:12.955 I/tvos    ( 1764): #12|->SDK_bPowerOnMute:0<-|->SDK_bUsrSpdifAudioMute:1<-|->SDK_bNullSourceMute:0<-|->SDK_bByAppMute:0<-|
08-16 14:27:12.955 I/tvos    ( 1764): ---Amplifier_ALC1310_LR_SWMute(1)
08-16 14:27:12.956 I/tvos    ( 1764): ALC1310 mute write good, addr: 0x13, readback data : 49164, write cmd times : 1
08-16 14:27:12.959 I/tvos    ( 1764): SetSoundMuteStatus : m_hpMute : 1, m_spdifMute : 1, m_DataInMute : 0, m_channel7Mute : 0, m_internalMute : 0, m_spkrMute : 1, m_PcmCapture1Mute : 0, m_PcmCapture2Mute : 1 
08-16 14:27:13.011 I/tvos    ( 1764): GetAudioOutputDevice, retval : 0
08-16 14:27:13.029 I/APM::AudioPolicyEngine( 1758): getDeviceForStrategy, 359
08-16 14:27:13.262 I/tvos    ( 1764): GetAudioOutputDevice, retval : 0
08-16 14:27:13.441 I/remotestatus( 2207): Msg.what is 101
08-16 14:27:13.442 I/WindowManager( 2207): turn cursor off
08-16 14:27:13.442 E/RemoteManager( 2207): RemoteManager is no longer support in eui6.5
08-16 14:27:13.442 W/InputDispatcher( 2207): findFocusedWindow finished: injectionResult=0, timeSpentWaitingForApplication=0.0ms
08-16 14:27:13.442 E/InputManager-JNI( 2207): call nativeDisableCursor method with hideCursor
08-16 14:27:13.446 I/SoundPool( 2207): enter : func play
08-16 14:27:13.448 I/APM::AudioPolicyEngine( 1758): getDeviceForStrategy, 359
08-16 14:27:13.449 W/InputDispatcher( 2207): findFocusedWindow finished: injectionResult=0, timeSpentWaitingForApplication=0.0ms
08-16 14:27:13.451 I/audio_hw_primary( 1758): version:a00004 adev_create_audio_patch::mix->device 
08-16 14:27:13.451 I/audio_hw_primary( 1758): adev_create_audio_patch *handle=-1420227928 num_audio_patch=3
08-16 14:27:13.453 E/AudioManagerService( 1803): setAudioVolume(callingPid 1758, clientPid 1758, enSoundPath 0, volumn:0 )
08-16 14:27:13.457 I/tvos    ( 1764): SetVolume, subWooExist 0!
08-16 14:27:13.457 I/tvos    ( 1764): mapi_audio_customer::SetAbsoluteVolume: project name is X440M
08-16 14:27:13.457 I/tvos    ( 1764): SetAbsoluteVolume: uPercent : 0, path=52(speaker), VolumeInt=7f, VolumeFra=0
08-16 14:27:13.457 I/tvos    ( 1764): SetAbsoluteVolume: uPercent(currVol) : 0, realPath=52(default), VolumeInt=7f, VolumeFra=0
08-16 14:27:13.457 I/tvos    ( 1764): mapi_audio_customer::SetAbsoluteVolume: project name is X440M
08-16 14:27:13.457 I/tvos    ( 1764): SetAbsoluteVolume: uPercent : 0, path=49(HP), VolumeInt=7f, VolumeFra=0
08-16 14:27:13.457 I/tvos    ( 1764): SetAbsoluteVolume: uPercent(currVol) : 0, realPath=49(default), VolumeInt=7f, VolumeFra=0
08-16 14:27:13.457 I/tvos    ( 1764): mapi_audio_customer::SetAbsoluteVolume: project name is X440M
08-16 14:27:13.457 I/tvos    ( 1764): SetAbsoluteVolume, m_bBTDetect is false! 
08-16 14:27:13.457 I/tvos    ( 1764): mapi_audio_customer::SetAbsoluteVolume: project name is X440M
08-16 14:27:13.457 I/tvos    ( 1764): SetAbsoluteVolume: uPercent : 0, path=255(speaker), VolumeInt=7f, VolumeFra=0
08-16 14:27:13.457 I/tvos    ( 1764): SetAbsoluteVolume: uPercent(currVol) : 0, realPath=255(default), VolumeInt=7f, VolumeFra=0
08-16 14:27:13.457 I/tvos    ( 1764): [SetMuteStatus] call SetSoundMuteStatus, line : 10369, muteType: 4, onOff : 0 
08-16 14:27:13.457 I/tvos    ( 1764): [audioBSP] #1 m_internalMute : 0 ..
08-16 14:27:13.457 I/tvos    ( 1764): #1|->SDK_bPermanentAudioMute:0<-|->SDK_bMomentAudioMute:0 <-|->SDK_bBySyncAudioMute:0<-|->SDK_bByBlockAudioMute:0<-|->SDK_bByVChipAudioMute:0<-|
08-16 14:27:13.457 I/tvos    ( 1764): #1|->SDK_bInternal1AudioMute:0<-|->SDK_bInternal2AudioMute:0<-|->SDK_bInternal3AudioMute:0<-|->SDK_bInternal4AudioMute:0<-|
08-16 14:27:13.457 I/tvos    ( 1764): #1|->SDK_bByScanInOutchgCHchg:0<-|->SDK_bByDuringLimitedTimeAudioMute:0<-|->SDK_bSourceSwitchAudioMute:0<-|
08-16 14:27:13.457 I/tvos    ( 1764): #1|->SDK_bMHEGApMute:0<-|->SDK_bAllAudioMuteCtrl:0<-|->SDK_bPowerOnMute:0<-|->SDK_bNullSourceMute0<-|->SDK_bSetInputSourceAudioMute:0<-|
08-16 14:27:13.457 I/tvos    ( 1764): [audioBSP] #2 m_spkrMute : 0 ..|->SDK_bUsrSpkrAudioMute:0<-|->SDK_bPowerOnMute:0<-|->SDK_bByUserAudioMute:0<-|
08-16 14:27:13.457 I/tvos    ( 1764): [audioBSP] #3 m_PcmCapture2Mute:0 |->SDK_bByUserPcmCapture2Mute:0<-|->SDK_SUB_bByUserAudioMute:0<-|->SDK_bByUserAudioMute:0<-|
08-16 14:27:13.457 I/tvos    ( 1764): [audioBSP] #5 m_hpMute : 1 ..|->SDK_bUsrHpAudioMute:1<-|->SDK_bPowerOnMute:0<-|->SDK_bByUserAudioMute:0<-|
08-16 14:27:13.457 I/tvos    ( 1764): [audioBSP] #12 m_spdifMute : 1 ..
08-16 14:27:13.457 I/tvos    ( 1764): #12|->SDK_bPermanentAudioMute:0<-|->SDK_bMomentAudioMute:0<-|->SDK_bByBlockAudioMute:0<-|
08-16 14:27:13.457 I/tvos    ( 1764): #12|->SDK_bByVChipAudioMute:0<-|->SDK_bInternal1AudioMute:0<-|->SDK_bInternal4AudioMute:0<-|
08-16 14:27:13.457 I/tvos    ( 1764): #12|->SDK_bByDuringLimitedTimeAudioMute:0<-|->SDK_bSourceSwitchAudioMute:0<-|->SDK_bMHEGApMute:0<-|
08-16 14:27:13.457 I/tvos    ( 1764): #12|->SDK_bPowerOnMute:0<-|->SDK_bUsrSpdifAudioMute:1<-|->SDK_bNullSourceMute:0<-|->SDK_bByAppMute:0<-|
08-16 14:27:13.457 I/tvos    ( 1764): ---Amplifier_ALC1310_LR_SWMute(0)
08-16 14:27:13.457 I/tvos    ( 1764): ALC1310 unmute good, addr: 0x13 readbackvalue: 4 
08-16 14:27:13.458 I/tvos    ( 1764): SetSoundMuteStatus : m_hpMute : 1, m_spdifMute : 1, m_DataInMute : 0, m_channel7Mute : 0, m_internalMute : 0, m_spkrMute : 0, m_PcmCapture1Mute : 0, m_PcmCapture2Mute : 0 
08-16 14:27:13.459 I/AudioUtil( 1758): setParameters spk_volume=0
08-16 14:27:13.459 I/audio_hw_primary( 1758): adev_set_parameters: spk_volume=0
08-16 14:27:13.460 I/tvos    ( 1764): GetAudioOutputDevice, retval : 0
08-16 14:27:13.461 I/tvos    ( 1764): [SetMuteStatus] call SetSoundMuteStatus, line : 10369, muteType: 67108864, onOff : 1 
08-16 14:27:13.461 I/tvos    ( 1764): _TransMSrvMuteTypeToSDKMuteType: Err! muteType(67108864) is out of Range
08-16 14:27:13.463 I/tvos    ( 1764): [SetMuteStatus] call SetSoundMuteStatus, line : 10369, muteType: 4, onOff : 1 
08-16 14:27:13.463 I/tvos    ( 1764): [audioBSP] #1 m_internalMute : 0 ..
08-16 14:27:13.463 I/tvos    ( 1764): #1|->SDK_bPermanentAudioMute:0<-|->SDK_bMomentAudioMute:0 <-|->SDK_bBySyncAudioMute:0<-|->SDK_bByBlockAudioMute:0<-|->SDK_bByVChipAudioMute:0<-|
08-16 14:27:13.463 I/tvos    ( 1764): #1|->SDK_bInternal1AudioMute:0<-|->SDK_bInternal2AudioMute:0<-|->SDK_bInternal3AudioMute:0<-|->SDK_bInternal4AudioMute:0<-|
08-16 14:27:13.463 I/tvos    ( 1764): #1|->SDK_bByScanInOutchgCHchg:0<-|->SDK_bByDuringLimitedTimeAudioMute:0<-|->SDK_bSourceSwitchAudioMute:0<-|
08-16 14:27:13.463 I/tvos    ( 1764): #1|->SDK_bMHEGApMute:0<-|->SDK_bAllAudioMuteCtrl:0<-|->SDK_bPowerOnMute:0<-|->SDK_bNullSourceMute0<-|->SDK_bSetInputSourceAudioMute:0<-|
08-16 14:27:13.463 I/tvos    ( 1764): [audioBSP] #2 m_spkrMute : 1 ..|->SDK_bUsrSpkrAudioMute:0<-|->SDK_bPowerOnMute:0<-|->SDK_bByUserAudioMute:1<-|
08-16 14:27:13.463 I/tvos    ( 1764): [audioBSP] #3 m_PcmCapture2Mute:1 |->SDK_bByUserPcmCapture2Mute:0<-|->SDK_SUB_bByUserAudioMute:0<-|->SDK_bByUserAudioMute:1<-|
08-16 14:27:13.463 I/tvos    ( 1764): [audioBSP] #5 m_hpMute : 1 ..|->SDK_bUsrHpAudioMute:1<-|->SDK_bPowerOnMute:0<-|->SDK_bByUserAudioMute:1<-|
08-16 14:27:13.463 I/tvos    ( 1764): [audioBSP] #12 m_spdifMute : 1 ..
08-16 14:27:13.463 I/tvos    ( 1764): #12|->SDK_bPermanentAudioMute:0<-|->SDK_bMomentAudioMute:0<-|->SDK_bByBlockAudioMute:0<-|
08-16 14:27:13.463 I/tvos    ( 1764): #12|->SDK_bByVChipAudioMute:0<-|->SDK_bInternal1AudioMute:0<-|->SDK_bInternal4AudioMute:0<-|
08-16 14:27:13.463 I/tvos    ( 1764): #12|->SDK_bByDuringLimitedTimeAudioMute:0<-|->SDK_bSourceSwitchAudioMute:0<-|->SDK_bMHEGApMute:0<-|
08-16 14:27:13.463 I/tvos    ( 1764): #12|->SDK_bPowerOnMute:0<-|->SDK_bUsrSpdifAudioMute:1<-|->SDK_bNullSourceMute:0<-|->SDK_bByAppMute:0<-|
08-16 14:27:13.463 I/tvos    ( 1764): ---Amplifier_ALC1310_LR_SWMute(1)
08-16 14:27:13.463 I/tvos    ( 1764): ALC1310 mute write good, addr: 0x13, readback data : 49164, write cmd times : 1
08-16 14:27:13.465 I/tvos    ( 1764): SetSoundMuteStatus : m_hpMute : 1, m_spdifMute : 1, m_DataInMute : 0, m_channel7Mute : 0, m_internalMute : 0, m_spkrMute : 1, m_PcmCapture1Mute : 0, m_PcmCapture2Mute : 1 
08-16 14:27:13.512 I/tvos    ( 1764): GetAudioOutputDevice, retval : 0
08-16 14:27:13.541 I/APM::AudioPolicyEngine( 1758): getDeviceForStrategy, 359
08-16 14:27:13.563 E/LetvRemoteupgradeManager-JNI( 2613): can't get LetvManager service!
08-16 14:27:13.763 I/tvos    ( 1764): GetAudioOutputDevice, retval : 0
08-16 14:27:13.952 I/System.out(17655): Random data : 2
08-16 14:27:13.954 I/remotestatus( 2207): Msg.what is 101
08-16 14:27:13.954 I/WindowManager( 2207): turn cursor off
08-16 14:27:13.954 W/InputDispatcher( 2207): findFocusedWindow finished: injectionResult=0, timeSpentWaitingForApplication=0.0ms
08-16 14:27:13.954 E/RemoteManager( 2207): RemoteManager is no longer support in eui6.5
08-16 14:27:13.955 E/InputManager-JNI( 2207): call nativeDisableCursor method with hideCursor
08-16 14:27:13.958 I/SoundPool( 2207): enter : func play
08-16 14:27:13.960 I/APM::AudioPolicyEngine( 1758): getDeviceForStrategy, 359
08-16 14:27:13.962 W/InputDispatcher( 2207): findFocusedWindow finished: injectionResult=0, timeSpentWaitingForApplication=0.0ms
08-16 14:27:13.963 I/audio_hw_primary( 1758): version:a00004 adev_create_audio_patch::mix->device 
08-16 14:27:13.963 I/audio_hw_primary( 1758): adev_create_audio_patch *handle=-1420227928 num_audio_patch=3
08-16 14:27:13.966 E/AudioManagerService( 1803): setAudioVolume(callingPid 1758, clientPid 1758, enSoundPath 0, volumn:0 )
08-16 14:27:13.969 I/tvos    ( 1764): SetVolume, subWooExist 0!
08-16 14:27:13.969 I/tvos    ( 1764): mapi_audio_customer::SetAbsoluteVolume: project name is X440M
08-16 14:27:13.969 I/tvos    ( 1764): SetAbsoluteVolume: uPercent : 0, path=52(speaker), VolumeInt=7f, VolumeFra=0
08-16 14:27:13.969 I/tvos    ( 1764): SetAbsoluteVolume: uPercent(currVol) : 0, realPath=52(default), VolumeInt=7f, VolumeFra=0
08-16 14:27:13.969 I/tvos    ( 1764): mapi_audio_customer::SetAbsoluteVolume: project name is X440M
08-16 14:27:13.969 I/tvos    ( 1764): SetAbsoluteVolume: uPercent : 0, path=49(HP), VolumeInt=7f, VolumeFra=0
08-16 14:27:13.969 I/tvos    ( 1764): SetAbsoluteVolume: uPercent(currVol) : 0, realPath=49(default), VolumeInt=7f, VolumeFra=0
08-16 14:27:13.969 I/tvos    ( 1764): mapi_audio_customer::SetAbsoluteVolume: project name is X440M
08-16 14:27:13.969 I/tvos    ( 1764): SetAbsoluteVolume, m_bBTDetect is false! 
08-16 14:27:13.969 I/tvos    ( 1764): mapi_audio_customer::SetAbsoluteVolume: project name is X440M
08-16 14:27:13.969 I/tvos    ( 1764): SetAbsoluteVolume: uPercent : 0, path=255(speaker), VolumeInt=7f, VolumeFra=0
08-16 14:27:13.969 I/tvos    ( 1764): SetAbsoluteVolume: uPercent(currVol) : 0, realPath=255(default), VolumeInt=7f, VolumeFra=0
08-16 14:27:13.969 I/tvos    ( 1764): [SetMuteStatus] call SetSoundMuteStatus, line : 10369, muteType: 4, onOff : 0 
08-16 14:27:13.969 I/tvos    ( 1764): [audioBSP] #1 m_internalMute : 0 ..
08-16 14:27:13.969 I/tvos    ( 1764): #1|->SDK_bPermanentAudioMute:0<-|->SDK_bMomentAudioMute:0 <-|->SDK_bBySyncAudioMute:0<-|->SDK_bByBlockAudioMute:0<-|->SDK_bByVChipAudioMute:0<-|
08-16 14:27:13.969 I/tvos    ( 1764): #1|->SDK_bInternal1AudioMute:0<-|->SDK_bInternal2AudioMute:0<-|->SDK_bInternal3AudioMute:0<-|->SDK_bInternal4AudioMute:0<-|
08-16 14:27:13.969 I/tvos    ( 1764): #1|->SDK_bByScanInOutchgCHchg:0<-|->SDK_bByDuringLimitedTimeAudioMute:0<-|->SDK_bSourceSwitchAudioMute:0<-|
08-16 14:27:13.969 I/tvos    ( 1764): #1|->SDK_bMHEGApMute:0<-|->SDK_bAllAudioMuteCtrl:0<-|->SDK_bPowerOnMute:0<-|->SDK_bNullSourceMute0<-|->SDK_bSetInputSourceAudioMute:0<-|
08-16 14:27:13.969 I/tvos    ( 1764): [audioBSP] #2 m_spkrMute : 0 ..|->SDK_bUsrSpkrAudioMute:0<-|->SDK_bPowerOnMute:0<-|->SDK_bByUserAudioMute:0<-|
08-16 14:27:13.969 I/tvos    ( 1764): [audioBSP] #3 m_PcmCapture2Mute:0 |->SDK_bByUserPcmCapture2Mute:0<-|->SDK_SUB_bByUserAudioMute:0<-|->SDK_bByUserAudioMute:0<-|
08-16 14:27:13.969 I/tvos    ( 1764): [audioBSP] #5 m_hpMute : 1 ..|->SDK_bUsrHpAudioMute:1<-|->SDK_bPowerOnMute:0<-|->SDK_bByUserAudioMute:0<-|
08-16 14:27:13.969 I/tvos    ( 1764): [audioBSP] #12 m_spdifMute : 1 ..
08-16 14:27:13.969 I/tvos    ( 1764): #12|->SDK_bPermanentAudioMute:0<-|->SDK_bMomentAudioMute:0<-|->SDK_bByBlockAudioMute:0<-|
08-16 14:27:13.969 I/tvos    ( 1764): #12|->SDK_bByVChipAudioMute:0<-|->SDK_bInternal1AudioMute:0<-|->SDK_bInternal4AudioMute:0<-|
08-16 14:27:13.969 I/tvos    ( 1764): #12|->SDK_bByDuringLimitedTimeAudioMute:0<-|->SDK_bSourceSwitchAudioMute:0<-|->SDK_bMHEGApMute:0<-|
08-16 14:27:13.969 I/tvos    ( 1764): #12|->SDK_bPowerOnMute:0<-|->SDK_bUsrSpdifAudioMute:1<-|->SDK_bNullSourceMute:0<-|->SDK_bByAppMute:0<-|
08-16 14:27:13.969 I/tvos    ( 1764): ---Amplifier_ALC1310_LR_SWMute(0)
08-16 14:27:13.969 I/tvos    ( 1764): ALC1310 unmute good, addr: 0x13 readbackvalue: 4 
08-16 14:27:13.972 I/tvos    ( 1764): SetSoundMuteStatus : m_hpMute : 1, m_spdifMute : 1, m_DataInMute : 0, m_channel7Mute : 0, m_internalMute : 0, m_spkrMute : 0, m_PcmCapture1Mute : 0, m_PcmCapture2Mute : 0 
08-16 14:27:13.973 I/AudioUtil( 1758): setParameters spk_volume=0
08-16 14:27:13.973 I/audio_hw_primary( 1758): adev_set_parameters: spk_volume=0
08-16 14:27:13.974 I/tvos    ( 1764): GetAudioOutputDevice, retval : 0
08-16 14:27:13.974 I/tvos    ( 1764): [SetMuteStatus] call SetSoundMuteStatus, line : 10369, muteType: 67108864, onOff : 1 
08-16 14:27:13.974 I/tvos    ( 1764): _TransMSrvMuteTypeToSDKMuteType: Err! muteType(67108864) is out of Range
08-16 14:27:13.977 I/tvos    ( 1764): [SetMuteStatus] call SetSoundMuteStatus, line : 10369, muteType: 4, onOff : 1 
08-16 14:27:13.977 I/tvos    ( 1764): [audioBSP] #1 m_internalMute : 0 ..
08-16 14:27:13.977 I/tvos    ( 1764): #1|->SDK_bPermanentAudioMute:0<-|->SDK_bMomentAudioMute:0 <-|->SDK_bBySyncAudioMute:0<-|->SDK_bByBlockAudioMute:0<-|->SDK_bByVChipAudioMute:0<-|
08-16 14:27:13.977 I/tvos    ( 1764): #1|->SDK_bInternal1AudioMute:0<-|->SDK_bInternal2AudioMute:0<-|->SDK_bInternal3AudioMute:0<-|->SDK_bInternal4AudioMute:0<-|
08-16 14:27:13.977 I/tvos    ( 1764): #1|->SDK_bByScanInOutchgCHchg:0<-|->SDK_bByDuringLimitedTimeAudioMute:0<-|->SDK_bSourceSwitchAudioMute:0<-|
08-16 14:27:13.977 I/tvos    ( 1764): #1|->SDK_bMHEGApMute:0<-|->SDK_bAllAudioMuteCtrl:0<-|->SDK_bPowerOnMute:0<-|->SDK_bNullSourceMute0<-|->SDK_bSetInputSourceAudioMute:0<-|
08-16 14:27:13.977 I/tvos    ( 1764): [audioBSP] #2 m_spkrMute : 1 ..|->SDK_bUsrSpkrAudioMute:0<-|->SDK_bPowerOnMute:0<-|->SDK_bByUserAudioMute:1<-|
08-16 14:27:13.977 I/tvos    ( 1764): [audioBSP] #3 m_PcmCapture2Mute:1 |->SDK_bByUserPcmCapture2Mute:0<-|->SDK_SUB_bByUserAudioMute:0<-|->SDK_bByUserAudioMute:1<-|
08-16 14:27:13.977 I/tvos    ( 1764): [audioBSP] #5 m_hpMute : 1 ..|->SDK_bUsrHpAudioMute:1<-|->SDK_bPowerOnMute:0<-|->SDK_bByUserAudioMute:1<-|
08-16 14:27:13.977 I/tvos    ( 1764): [audioBSP] #12 m_spdifMute : 1 ..
08-16 14:27:13.977 I/tvos    ( 1764): #12|->SDK_bPermanentAudioMute:0<-|->SDK_bMomentAudioMute:0<-|->SDK_bByBlockAudioMute:0<-|
08-16 14:27:13.977 I/tvos    ( 1764): #12|->SDK_bByVChipAudioMute:0<-|->SDK_bInternal1AudioMute:0<-|->SDK_bInternal4AudioMute:0<-|
08-16 14:27:13.977 I/tvos    ( 1764): #12|->SDK_bByDuringLimitedTimeAudioMute:0<-|->SDK_bSourceSwitchAudioMute:0<-|->SDK_bMHEGApMute:0<-|
08-16 14:27:13.977 I/tvos    ( 1764): #12|->SDK_bPowerOnMute:0<-|->SDK_bUsrSpdifAudioMute:1<-|->SDK_bNullSourceMute:0<-|->SDK_bByAppMute:0<-|
08-16 14:27:13.977 I/tvos    ( 1764): ---Amplifier_ALC1310_LR_SWMute(1)
08-16 14:27:13.977 I/tvos    ( 1764): ALC1310 mute write good, addr: 0x13, readback data : 49164, write cmd times : 1
08-16 14:27:13.979 I/tvos    ( 1764): SetSoundMuteStatus : m_hpMute : 1, m_spdifMute : 1, m_DataInMute : 0, m_channel7Mute : 0, m_internalMute : 0, m_spkrMute : 1, m_PcmCapture1Mute : 0, m_PcmCapture2Mute : 1 
08-16 14:27:14.013 I/tvos    ( 1764): GetAudioOutputDevice, retval : 0
08-16 14:27:14.053 I/APM::AudioPolicyEngine( 1758): getDeviceForStrategy, 359
08-16 14:27:14.263 I/tvos    ( 1764): GetAudioOutputDevice, retval : 0
08-16 14:27:14.466 I/remotestatus( 2207): Msg.what is 101
08-16 14:27:14.466 I/WindowManager( 2207): turn cursor off
08-16 14:27:14.466 E/RemoteManager( 2207): RemoteManager is no longer support in eui6.5
08-16 14:27:14.466 W/InputDispatcher( 2207): findFocusedWindow finished: injectionResult=0, timeSpentWaitingForApplication=0.0ms
08-16 14:27:14.466 E/InputManager-JNI( 2207): call nativeDisableCursor method with hideCursor
08-16 14:27:14.471 I/SoundPool( 2207): enter : func play
08-16 14:27:14.474 W/InputDispatcher( 2207): findFocusedWindow finished: injectionResult=0, timeSpentWaitingForApplication=0.0ms
08-16 14:27:14.474 I/APM::AudioPolicyEngine( 1758): getDeviceForStrategy, 359
08-16 14:27:14.481 I/audio_hw_primary( 1758): version:a00004 adev_create_audio_patch::mix->device 
08-16 14:27:14.481 I/audio_hw_primary( 1758): adev_create_audio_patch *handle=-1420227928 num_audio_patch=3
08-16 14:27:14.483 E/AudioManagerService( 1803): setAudioVolume(callingPid 1758, clientPid 1758, enSoundPath 0, volumn:0 )
08-16 14:27:14.485 I/tvos    ( 1764): SetVolume, subWooExist 0!
08-16 14:27:14.485 I/tvos    ( 1764): mapi_audio_customer::SetAbsoluteVolume: project name is X440M
08-16 14:27:14.485 I/tvos    ( 1764): SetAbsoluteVolume: uPercent : 0, path=52(speaker), VolumeInt=7f, VolumeFra=0
08-16 14:27:14.485 I/tvos    ( 1764): SetAbsoluteVolume: uPercent(currVol) : 0, realPath=52(default), VolumeInt=7f, VolumeFra=0
08-16 14:27:14.485 I/tvos    ( 1764): mapi_audio_customer::SetAbsoluteVolume: project name is X440M
08-16 14:27:14.485 I/tvos    ( 1764): SetAbsoluteVolume: uPercent : 0, path=49(HP), VolumeInt=7f, VolumeFra=0
08-16 14:27:14.485 I/tvos    ( 1764): SetAbsoluteVolume: uPercent(currVol) : 0, realPath=49(default), VolumeInt=7f, VolumeFra=0
08-16 14:27:14.485 I/tvos    ( 1764): mapi_audio_customer::SetAbsoluteVolume: project name is X440M
08-16 14:27:14.485 I/tvos    ( 1764): SetAbsoluteVolume, m_bBTDetect is false! 
08-16 14:27:14.485 I/tvos    ( 1764): mapi_audio_customer::SetAbsoluteVolume: project name is X440M
08-16 14:27:14.485 I/tvos    ( 1764): SetAbsoluteVolume: uPercent : 0, path=255(speaker), VolumeInt=7f, VolumeFra=0
08-16 14:27:14.485 I/tvos    ( 1764): SetAbsoluteVolume: uPercent(currVol) : 0, realPath=255(default), VolumeInt=7f, VolumeFra=0
08-16 14:27:14.485 I/tvos    ( 1764): [SetMuteStatus] call SetSoundMuteStatus, line : 10369, muteType: 4, onOff : 0 
08-16 14:27:14.485 I/tvos    ( 1764): [audioBSP] #1 m_internalMute : 0 ..
08-16 14:27:14.485 I/tvos    ( 1764): #1|->SDK_bPermanentAudioMute:0<-|->SDK_bMomentAudioMute:0 <-|->SDK_bBySyncAudioMute:0<-|->SDK_bByBlockAudioMute:0<-|->SDK_bByVChipAudioMute:0<-|
08-16 14:27:14.485 I/tvos    ( 1764): #1|->SDK_bInternal1AudioMute:0<-|->SDK_bInternal2AudioMute:0<-|->SDK_bInternal3AudioMute:0<-|->SDK_bInternal4AudioMute:0<-|
08-16 14:27:14.485 I/tvos    ( 1764): #1|->SDK_bByScanInOutchgCHchg:0<-|->SDK_bByDuringLimitedTimeAudioMute:0<-|->SDK_bSourceSwitchAudioMute:0<-|
08-16 14:27:14.485 I/tvos    ( 1764): #1|->SDK_bMHEGApMute:0<-|->SDK_bAllAudioMuteCtrl:0<-|->SDK_bPowerOnMute:0<-|->SDK_bNullSourceMute0<-|->SDK_bSetInputSourceAudioMute:0<-|
08-16 14:27:14.486 I/tvos    ( 1764): [audioBSP] #2 m_spkrMute : 0 ..|->SDK_bUsrSpkrAudioMute:0<-|->SDK_bPowerOnMute:0<-|->SDK_bByUserAudioMute:0<-|
08-16 14:27:14.486 I/tvos    ( 1764): [audioBSP] #3 m_PcmCapture2Mute:0 |->SDK_bByUserPcmCapture2Mute:0<-|->SDK_SUB_bByUserAudioMute:0<-|->SDK_bByUserAudioMute:0<-|
08-16 14:27:14.486 I/tvos    ( 1764): [audioBSP] #5 m_hpMute : 1 ..|->SDK_bUsrHpAudioMute:1<-|->SDK_bPowerOnMute:0<-|->SDK_bByUserAudioMute:0<-|
08-16 14:27:14.486 I/tvos    ( 1764): [audioBSP] #12 m_spdifMute : 1 ..
08-16 14:27:14.486 I/tvos    ( 1764): #12|->SDK_bPermanentAudioMute:0<-|->SDK_bMomentAudioMute:0<-|->SDK_bByBlockAudioMute:0<-|
08-16 14:27:14.486 I/tvos    ( 1764): #12|->SDK_bByVChipAudioMute:0<-|->SDK_bInternal1AudioMute:0<-|->SDK_bInternal4AudioMute:0<-|
08-16 14:27:14.486 I/tvos    ( 1764): #12|->SDK_bByDuringLimitedTimeAudioMute:0<-|->SDK_bSourceSwitchAudioMute:0<-|->SDK_bMHEGApMute:0<-|
08-16 14:27:14.486 I/tvos    ( 1764): #12|->SDK_bPowerOnMute:0<-|->SDK_bUsrSpdifAudioMute:1<-|->SDK_bNullSourceMute:0<-|->SDK_bByAppMute:0<-|
08-16 14:27:14.486 I/tvos    ( 1764): ---Amplifier_ALC1310_LR_SWMute(0)
08-16 14:27:14.486 I/tvos    ( 1764): ALC1310 unmute good, addr: 0x13 readbackvalue: 4 
08-16 14:27:14.488 I/tvos    ( 1764): SetSoundMuteStatus : m_hpMute : 1, m_spdifMute : 1, m_DataInMute : 0, m_channel7Mute : 0, m_internalMute : 0, m_spkrMute : 0, m_PcmCapture1Mute : 0, m_PcmCapture2Mute : 0 
08-16 14:27:14.488 I/AudioUtil( 1758): setParameters spk_volume=0
08-16 14:27:14.488 I/audio_hw_primary( 1758): adev_set_parameters: spk_volume=0
08-16 14:27:14.488 I/tvos    ( 1764): GetAudioOutputDevice, retval : 0
08-16 14:27:14.488 I/tvos    ( 1764): [SetMuteStatus] call SetSoundMuteStatus, line : 10369, muteType: 67108864, onOff : 1 
08-16 14:27:14.488 I/tvos    ( 1764): _TransMSrvMuteTypeToSDKMuteType: Err! muteType(67108864) is out of Range
08-16 14:27:14.491 I/tvos    ( 1764): [SetMuteStatus] call SetSoundMuteStatus, line : 10369, muteType: 4, onOff : 1 
08-16 14:27:14.491 I/tvos    ( 1764): [audioBSP] #1 m_internalMute : 0 ..
08-16 14:27:14.491 I/tvos    ( 1764): #1|->SDK_bPermanentAudioMute:0<-|->SDK_bMomentAudioMute:0 <-|->SDK_bBySyncAudioMute:0<-|->SDK_bByBlockAudioMute:0<-|->SDK_bByVChipAudioMute:0<-|
08-16 14:27:14.491 I/tvos    ( 1764): #1|->SDK_bInternal1AudioMute:0<-|->SDK_bInternal2AudioMute:0<-|->SDK_bInternal3AudioMute:0<-|->SDK_bInternal4AudioMute:0<-|
08-16 14:27:14.491 I/tvos    ( 1764): #1|->SDK_bByScanInOutchgCHchg:0<-|->SDK_bByDuringLimitedTimeAudioMute:0<-|->SDK_bSourceSwitchAudioMute:0<-|
08-16 14:27:14.491 I/tvos    ( 1764): #1|->SDK_bMHEGApMute:0<-|->SDK_bAllAudioMuteCtrl:0<-|->SDK_bPowerOnMute:0<-|->SDK_bNullSourceMute0<-|->SDK_bSetInputSourceAudioMute:0<-|
08-16 14:27:14.491 I/tvos    ( 1764): [audioBSP] #2 m_spkrMute : 1 ..|->SDK_bUsrSpkrAudioMute:0<-|->SDK_bPowerOnMute:0<-|->SDK_bByUserAudioMute:1<-|
08-16 14:27:14.491 I/tvos    ( 1764): [audioBSP] #3 m_PcmCapture2Mute:1 |->SDK_bByUserPcmCapture2Mute:0<-|->SDK_SUB_bByUserAudioMute:0<-|->SDK_bByUserAudioMute:1<-|
08-16 14:27:14.491 I/tvos    ( 1764): [audioBSP] #5 m_hpMute : 1 ..|->SDK_bUsrHpAudioMute:1<-|->SDK_bPowerOnMute:0<-|->SDK_bByUserAudioMute:1<-|
08-16 14:27:14.491 I/tvos    ( 1764): [audioBSP] #12 m_spdifMute : 1 ..
08-16 14:27:14.491 I/tvos    ( 1764): #12|->SDK_bPermanentAudioMute:0<-|->SDK_bMomentAudioMute:0<-|->SDK_bByBlockAudioMute:0<-|
08-16 14:27:14.491 I/tvos    ( 1764): #12|->SDK_bByVChipAudioMute:0<-|->SDK_bInternal1AudioMute:0<-|->SDK_bInternal4AudioMute:0<-|
08-16 14:27:14.491 I/tvos    ( 1764): #12|->SDK_bByDuringLimitedTimeAudioMute:0<-|->SDK_bSourceSwitchAudioMute:0<-|->SDK_bMHEGApMute:0<-|
08-16 14:27:14.491 I/tvos    ( 1764): #12|->SDK_bPowerOnMute:0<-|->SDK_bUsrSpdifAudioMute:1<-|->SDK_bNullSourceMute:0<-|->SDK_bByAppMute:0<-|
08-16 14:27:14.491 I/tvos    ( 1764): ---Amplifier_ALC1310_LR_SWMute(1)
08-16 14:27:14.491 I/tvos    ( 1764): ALC1310 mute write good, addr: 0x13, readback data : 49164, write cmd times : 1
08-16 14:27:14.493 I/tvos    ( 1764): SetSoundMuteStatus : m_hpMute : 1, m_spdifMute : 1, m_DataInMute : 0, m_channel7Mute : 0, m_internalMute : 0, m_spkrMute : 1, m_PcmCapture1Mute : 0, m_PcmCapture2Mute : 1 
08-16 14:27:14.514 I/tvos    ( 1764): GetAudioOutputDevice, retval : 0
08-16 14:27:14.569 I/APM::AudioPolicyEngine( 1758): getDeviceForStrategy, 359
08-16 14:27:14.764 I/tvos    ( 1764): GetAudioOutputDevice, retval : 0
08-16 14:27:14.976 I/System.out(17655): Random data : 0
08-16 14:27:14.992 W/InputDispatcher( 2207): findFocusedWindow finished: injectionResult=0, timeSpentWaitingForApplication=0.0ms
08-16 14:27:14.995 W/InputDispatcher( 2207): findFocusedWindow finished: injectionResult=0, timeSpentWaitingForApplication=0.0ms
08-16 14:27:14.996 I/SoundPool( 2207): enter : func play
08-16 14:27:14.999 I/APM::AudioPolicyEngine( 1758): getDeviceForStrategy, 359
08-16 14:27:15.000 W/InputDispatcher( 2207): setFocusedApplication
08-16 14:27:15.007 I/audio_hw_primary( 1758): version:a00004 adev_create_audio_patch::mix->device 
08-16 14:27:15.007 I/audio_hw_primary( 1758): adev_create_audio_patch *handle=-1420227928 num_audio_patch=3
08-16 14:27:15.009 E/AudioManagerService( 1803): setAudioVolume(callingPid 1758, clientPid 1758, enSoundPath 0, volumn:0 )
08-16 14:27:15.012 I/tvos    ( 1764): SetVolume, subWooExist 0!
08-16 14:27:15.013 I/tvos    ( 1764): mapi_audio_customer::SetAbsoluteVolume: project name is X440M
08-16 14:27:15.013 I/tvos    ( 1764): SetAbsoluteVolume: uPercent : 0, path=52(speaker), VolumeInt=7f, VolumeFra=0
08-16 14:27:15.013 I/tvos    ( 1764): SetAbsoluteVolume: uPercent(currVol) : 0, realPath=52(default), VolumeInt=7f, VolumeFra=0
08-16 14:27:15.013 I/tvos    ( 1764): mapi_audio_customer::SetAbsoluteVolume: project name is X440M
08-16 14:27:15.013 I/tvos    ( 1764): SetAbsoluteVolume: uPercent : 0, path=49(HP), VolumeInt=7f, VolumeFra=0
08-16 14:27:15.013 I/tvos    ( 1764): SetAbsoluteVolume: uPercent(currVol) : 0, realPath=49(default), VolumeInt=7f, VolumeFra=0
08-16 14:27:15.013 I/tvos    ( 1764): mapi_audio_customer::SetAbsoluteVolume: project name is X440M
08-16 14:27:15.013 I/tvos    ( 1764): SetAbsoluteVolume, m_bBTDetect is false! 
08-16 14:27:15.013 I/tvos    ( 1764): mapi_audio_customer::SetAbsoluteVolume: project name is X440M
08-16 14:27:15.013 I/tvos    ( 1764): SetAbsoluteVolume: uPercent : 0, path=255(speaker), VolumeInt=7f, VolumeFra=0
08-16 14:27:15.013 I/tvos    ( 1764): SetAbsoluteVolume: uPercent(currVol) : 0, realPath=255(default), VolumeInt=7f, VolumeFra=0
08-16 14:27:15.013 I/tvos    ( 1764): [SetMuteStatus] call SetSoundMuteStatus, line : 10369, muteType: 4, onOff : 0 
08-16 14:27:15.013 I/tvos    ( 1764): [audioBSP] #1 m_internalMute : 0 ..
08-16 14:27:15.013 I/tvos    ( 1764): #1|->SDK_bPermanentAudioMute:0<-|->SDK_bMomentAudioMute:0 <-|->SDK_bBySyncAudioMute:0<-|->SDK_bByBlockAudioMute:0<-|->SDK_bByVChipAudioMute:0<-|
08-16 14:27:15.013 I/tvos    ( 1764): #1|->SDK_bInternal1AudioMute:0<-|->SDK_bInternal2AudioMute:0<-|->SDK_bInternal3AudioMute:0<-|->SDK_bInternal4AudioMute:0<-|
08-16 14:27:15.013 I/tvos    ( 1764): #1|->SDK_bByScanInOutchgCHchg:0<-|->SDK_bByDuringLimitedTimeAudioMute:0<-|->SDK_bSourceSwitchAudioMute:0<-|
08-16 14:27:15.013 I/tvos    ( 1764): #1|->SDK_bMHEGApMute:0<-|->SDK_bAllAudioMuteCtrl:0<-|->SDK_bPowerOnMute:0<-|->SDK_bNullSourceMute0<-|->SDK_bSetInputSourceAudioMute:0<-|
08-16 14:27:15.013 I/tvos    ( 1764): [audioBSP] #2 m_spkrMute : 0 ..|->SDK_bUsrSpkrAudioMute:0<-|->SDK_bPowerOnMute:0<-|->SDK_bByUserAudioMute:0<-|
08-16 14:27:15.013 I/tvos    ( 1764): [audioBSP] #3 m_PcmCapture2Mute:0 |->SDK_bByUserPcmCapture2Mute:0<-|->SDK_SUB_bByUserAudioMute:0<-|->SDK_bByUserAudioMute:0<-|
08-16 14:27:15.013 I/tvos    ( 1764): [audioBSP] #5 m_hpMute : 1 ..|->SDK_bUsrHpAudioMute:1<-|->SDK_bPowerOnMute:0<-|->SDK_bByUserAudioMute:0<-|
08-16 14:27:15.013 I/tvos    ( 1764): [audioBSP] #12 m_spdifMute : 1 ..
08-16 14:27:15.013 I/tvos    ( 1764): #12|->SDK_bPermanentAudioMute:0<-|->SDK_bMomentAudioMute:0<-|->SDK_bByBlockAudioMute:0<-|
08-16 14:27:15.013 I/tvos    ( 1764): #12|->SDK_bByVChipAudioMute:0<-|->SDK_bInternal1AudioMute:0<-|->SDK_bInternal4AudioMute:0<-|
08-16 14:27:15.013 I/tvos    ( 1764): #12|->SDK_bByDuringLimitedTimeAudioMute:0<-|->SDK_bSourceSwitchAudioMute:0<-|->SDK_bMHEGApMute:0<-|
08-16 14:27:15.013 I/tvos    ( 1764): #12|->SDK_bPowerOnMute:0<-|->SDK_bUsrSpdifAudioMute:1<-|->SDK_bNullSourceMute:0<-|->SDK_bByAppMute:0<-|
08-16 14:27:15.013 I/tvos    ( 1764): ---Amplifier_ALC1310_LR_SWMute(0)
08-16 14:27:15.013 I/tvos    ( 1764): ALC1310 unmute good, addr: 0x13 readbackvalue: 4 
08-16 14:27:15.015 I/AudioUtil( 1758): setParameters spk_volume=0
08-16 14:27:15.015 I/tvos    ( 1764): SetSoundMuteStatus : m_hpMute : 1, m_spdifMute : 1, m_DataInMute : 0, m_channel7Mute : 0, m_internalMute : 0, m_spkrMute : 0, m_PcmCapture1Mute : 0, m_PcmCapture2Mute : 0 
08-16 14:27:15.015 I/audio_hw_primary( 1758): adev_set_parameters: spk_volume=0
08-16 14:27:15.015 I/tvos    ( 1764): GetAudioOutputDevice, retval : 0
08-16 14:27:15.016 I/tvos    ( 1764): GetAudioOutputDevice, retval : 0
08-16 14:27:15.016 I/tvos    ( 1764): [SetMuteStatus] call SetSoundMuteStatus, line : 10369, muteType: 67108864, onOff : 1 
08-16 14:27:15.016 I/tvos    ( 1764): _TransMSrvMuteTypeToSDKMuteType: Err! muteType(67108864) is out of Range
08-16 14:27:15.018 I/tvos    ( 1764): [SetMuteStatus] call SetSoundMuteStatus, line : 10369, muteType: 4, onOff : 1 
08-16 14:27:15.018 I/tvos    ( 1764): [audioBSP] #1 m_internalMute : 0 ..
08-16 14:27:15.018 I/tvos    ( 1764): #1|->SDK_bPermanentAudioMute:0<-|->SDK_bMomentAudioMute:0 <-|->SDK_bBySyncAudioMute:0<-|->SDK_bByBlockAudioMute:0<-|->SDK_bByVChipAudioMute:0<-|
08-16 14:27:15.018 I/tvos    ( 1764): #1|->SDK_bInternal1AudioMute:0<-|->SDK_bInternal2AudioMute:0<-|->SDK_bInternal3AudioMute:0<-|->SDK_bInternal4AudioMute:0<-|
08-16 14:27:15.018 I/tvos    ( 1764): #1|->SDK_bByScanInOutchgCHchg:0<-|->SDK_bByDuringLimitedTimeAudioMute:0<-|->SDK_bSourceSwitchAudioMute:0<-|
08-16 14:27:15.018 I/tvos    ( 1764): #1|->SDK_bMHEGApMute:0<-|->SDK_bAllAudioMuteCtrl:0<-|->SDK_bPowerOnMute:0<-|->SDK_bNullSourceMute0<-|->SDK_bSetInputSourceAudioMute:0<-|
08-16 14:27:15.018 I/tvos    ( 1764): [audioBSP] #2 m_spkrMute : 1 ..|->SDK_bUsrSpkrAudioMute:0<-|->SDK_bPowerOnMute:0<-|->SDK_bByUserAudioMute:1<-|
08-16 14:27:15.018 I/tvos    ( 1764): [audioBSP] #3 m_PcmCapture2Mute:1 |->SDK_bByUserPcmCapture2Mute:0<-|->SDK_SUB_bByUserAudioMute:0<-|->SDK_bByUserAudioMute:1<-|
08-16 14:27:15.018 I/tvos    ( 1764): [audioBSP] #5 m_hpMute : 1 ..|->SDK_bUsrHpAudioMute:1<-|->SDK_bPowerOnMute:0<-|->SDK_bByUserAudioMute:1<-|
08-16 14:27:15.018 I/tvos    ( 1764): [audioBSP] #12 m_spdifMute : 1 ..
08-16 14:27:15.018 I/tvos    ( 1764): #12|->SDK_bPermanentAudioMute:0<-|->SDK_bMomentAudioMute:0<-|->SDK_bByBlockAudioMute:0<-|
08-16 14:27:15.018 I/tvos    ( 1764): #12|->SDK_bByVChipAudioMute:0<-|->SDK_bInternal1AudioMute:0<-|->SDK_bInternal4AudioMute:0<-|
08-16 14:27:15.018 I/tvos    ( 1764): #12|->SDK_bByDuringLimitedTimeAudioMute:0<-|->SDK_bSourceSwitchAudioMute:0<-|->SDK_bMHEGApMute:0<-|
08-16 14:27:15.018 I/tvos    ( 1764): #12|->SDK_bPowerOnMute:0<-|->SDK_bUsrSpdifAudioMute:1<-|->SDK_bNullSourceMute:0<-|->SDK_bByAppMute:0<-|
08-16 14:27:15.018 I/tvos    ( 1764): ---Amplifier_ALC1310_LR_SWMute(1)
08-16 14:27:15.018 I/tvos    ( 1764): ALC1310 mute write good, addr: 0x13, readback data : 49164, write cmd times : 1
08-16 14:27:15.019 I/ActivityManager( 2207): accel TR11) TaskRecord{e0665f7 #26 A=sina.mobile.tianqitongstv U=0 sz=2}
08-16 14:27:15.019 I/ActivityManager( 2207): accel TR10) TaskRecord{14b0d11 #1 A=com.stv.launcher U=0 sz=1}
08-16 14:27:15.021 I/tvos    ( 1764): SetSoundMuteStatus : m_hpMute : 1, m_spdifMute : 1, m_DataInMute : 0, m_channel7Mute : 0, m_internalMute : 0, m_spkrMute : 1, m_PcmCapture1Mute : 0, m_PcmCapture2Mute : 1 
08-16 14:27:15.034 I/System.out(17709): From style:
08-16 14:27:15.034 I/System.out(17709): Attrs: 3010001=0.6 3010002=#cc000000 3010003=null 3010004=true
08-16 14:27:15.039 W/WindowManager( 2207): Non-null appWindowToken for system window of type=2003
08-16 14:27:15.041 W/InputDispatcher( 2207): Focus left window: Window{7cfae73 u0 sina.mobile.tianqitongstv/sina.mobile.tianqitongstv.ui.activity.SearchCityActivity}
08-16 14:27:15.041 W/InputDispatcher( 2207): Focus entered window: Window{8949660 u0 sina.mobile.tianqitongstv/sina.mobile.tianqitongstv.ui.activity.MainActivity}
08-16 14:27:15.078 E/BufferQueueProducer( 1749): [sina.mobile.tianqitongstv/sina.mobile.tianqitongstv.ui.activity.MainActivity] connect(P): already connected (cur=1 req=1)
08-16 14:27:15.098 E/BufferQueueProducer( 1749): [sina.mobile.tianqitongstv/sina.mobile.tianqitongstv.ui.activity.MainActivity] connect(P): already connected (cur=1 req=1)
08-16 14:27:15.132 W/ResourceType( 2207): Invalid package identifier when getting bag for resource number 0xffffffff
08-16 14:27:15.186 I/tvos    ( 1764): [37m[INFO] Change to Voltage: 1150 mV (0x22)[m
08-16 14:27:15.186 I/tvos    ( 1764): [37m[INFO] Change to Voltage: 1150 mV (0x25)[m
08-16 14:27:15.186 I/tvos    ( 1764): [37m[INFO] Change to Voltage: 1150 mV (0x28)[m
08-16 14:27:15.186 I/tvos    ( 1764): [37m[INFO] Change to Voltage: 1150 mV (0x2B)[m
08-16 14:27:15.186 I/tvos    ( 1764): [37m[INFO] Change to Voltage: 1150 mV (0x2E)[m
08-16 14:27:15.187 I/tvos    ( 1764): [37m[INFO] Change to Voltage: 1150 mV (0x2E)[m
08-16 14:27:15.264 W/AppOps  ( 2207): Finishing op nesting under-run: uid 10039 pkg sina.mobile.tianqitongstv code 24 time=0 duration=0 nesting=0
08-16 14:27:15.265 W/InputDispatcher( 2207): Focus left window: Window{8949660 u0 sina.mobile.tianqitongstv/sina.mobile.tianqitongstv.ui.activity.MainActivity}
08-16 14:27:15.265 W/InputDispatcher( 2207): Window went away: Window{8949660 u0 sina.mobile.tianqitongstv/sina.mobile.tianqitongstv.ui.activity.MainActivity}
08-16 14:27:15.266 I/tvos    ( 1764): GetAudioOutputDevice, retval : 0
08-16 14:27:15.271 W/InputDispatcher( 2207): Focus entered window: Window{79bb53d u0 sina.mobile.tianqitongstv/sina.mobile.tianqitongstv.ui.activity.MainActivity}
08-16 14:27:15.287 I/tvos    ( 1764): [37m[INFO] Change to Voltage: 1030 mV (0x2E)[m
08-16 14:27:15.287 I/tvos    ( 1764): [37m[INFO] Change to Voltage: 1030 mV (0x2B)[m
08-16 14:27:15.287 I/tvos    ( 1764): [37m[INFO] Change to Voltage: 1030 mV (0x28)[m
08-16 14:27:15.288 I/tvos    ( 1764): [37m[INFO] Change to Voltage: 1030 mV (0x25)[m
08-16 14:27:15.289 I/tvos    ( 1764): [37m[INFO] Change to Voltage: 1030 mV (0x22)[m
08-16 14:27:15.293 I/tvos    ( 1764): [37m[INFO] Change to Voltage: 1030 mV (0x22)[m
08-16 14:27:15.335 I/art     (17709): Background sticky concurrent mark sweep GC freed 9634(783KB) AllocSpace objects, 11(220KB) LOS objects, 0% free, 31MB/31MB, paused 10.796ms total 42.167ms
08-16 14:27:15.479 W/InputDispatcher( 2207): Window went away: Window{7cfae73 u0 sina.mobile.tianqitongstv/sina.mobile.tianqitongstv.ui.activity.SearchCityActivity}
