08-16 14:27:25.524 I/tvos    ( 1764): #1|->SDK_bPermanentAudioMute:0<-|->SDK_bMomentAudioMute:0 <-|->SDK_bBySyncAudioMute:0<-|->SDK_bByBlockAudioMute:0<-|->SDK_bByVChipAudioMute:0<-|
08-16 14:27:25.524 I/tvos    ( 1764): #1|->SDK_bInternal1AudioMute:0<-|->SDK_bInternal2AudioMute:0<-|->SDK_bInternal3AudioMute:0<-|->SDK_bInternal4AudioMute:0<-|
08-16 14:27:25.524 I/tvos    ( 1764): #1|->SDK_bByScanInOutchgCHchg:0<-|->SDK_bByDuringLimitedTimeAudioMute:0<-|->SDK_bSourceSwitchAudioMute:0<-|
08-16 14:27:25.524 I/tvos    ( 1764): #1|->SDK_bMHEGApMute:0<-|->SDK_bAllAudioMuteCtrl:0<-|->SDK_bPowerOnMute:0<-|->SDK_bNullSourceMute0<-|->SDK_bSetInputSourceAudioMute:0<-|
08-16 14:27:25.524 I/tvos    ( 1764): [audioBSP] #2 m_spkrMute : 0 ..|->SDK_bUsrSpkrAudioMute:0<-|->SDK_bPowerOnMute:0<-|->SDK_bByUserAudioMute:0<-|
08-16 14:27:25.524 I/tvos    ( 1764): [audioBSP] #3 m_PcmCapture2Mute:0 |->SDK_bByUserPcmCapture2Mute:0<-|->SDK_SUB_bByUserAudioMute:0<-|->SDK_bByUserAudioMute:0<-|
08-16 14:27:25.524 I/tvos    ( 1764): [audioBSP] #5 m_hpMute : 1 ..|->SDK_bUsrHpAudioMute:1<-|->SDK_bPowerOnMute:0<-|->SDK_bByUserAudioMute:0<-|
08-16 14:27:25.524 I/tvos    ( 1764): [audioBSP] #12 m_spdifMute : 1 ..
08-16 14:27:25.524 I/tvos    ( 1764): #12|->SDK_bPermanentAudioMute:0<-|->SDK_bMomentAudioMute:0<-|->SDK_bByBlockAudioMute:0<-|
08-16 14:27:25.524 I/tvos    ( 1764): #12|->SDK_bByVChipAudioMute:0<-|->SDK_bInternal1AudioMute:0<-|->SDK_bInternal4AudioMute:0<-|
08-16 14:27:25.524 I/tvos    ( 1764): #12|->SDK_bByDuringLimitedTimeAudioMute:0<-|->SDK_bSourceSwitchAudioMute:0<-|->SDK_bMHEGApMute:0<-|
08-16 14:27:25.524 I/tvos    ( 1764): #12|->SDK_bPowerOnMute:0<-|->SDK_bUsrSpdifAudioMute:1<-|->SDK_bNullSourceMute:0<-|->SDK_bByAppMute:0<-|
08-16 14:27:25.524 I/tvos    ( 1764): ---Amplifier_ALC1310_LR_SWMute(0)
08-16 14:27:25.524 I/tvos    ( 1764): ALC1310 unmute good, addr: 0x13 readbackvalue: 4 
08-16 14:27:25.526 I/tvos    ( 1764): SetSoundMuteStatus : m_hpMute : 1, m_spdifMute : 1, m_DataInMute : 0, m_channel7Mute : 0, m_internalMute : 0, m_spkrMute : 0, m_PcmCapture1Mute : 0, m_PcmCapture2Mute : 0 
08-16 14:27:25.526 I/AudioUtil( 1758): setParameters spk_volume=0
08-16 14:27:25.526 I/audio_hw_primary( 1758): adev_set_parameters: spk_volume=0
08-16 14:27:25.527 I/tvos    ( 1764): GetAudioOutputDevice, retval : 0
08-16 14:27:25.527 I/tvos    ( 1764): [SetMuteStatus] call SetSoundMuteStatus, line : 10369, muteType: 67108864, onOff : 1 
08-16 14:27:25.527 I/tvos    ( 1764): _TransMSrvMuteTypeToSDKMuteType: Err! muteType(67108864) is out of Range
08-16 14:27:25.529 I/tvos    ( 1764): [SetMuteStatus] call SetSoundMuteStatus, line : 10369, muteType: 4, onOff : 1 
08-16 14:27:25.529 I/tvos    ( 1764): [audioBSP] #1 m_internalMute : 0 ..
08-16 14:27:25.529 I/tvos    ( 1764): #1|->SDK_bPermanentAudioMute:0<-|->SDK_bMomentAudioMute:0 <-|->SDK_bBySyncAudioMute:0<-|->SDK_bByBlockAudioMute:0<-|->SDK_bByVChipAudioMute:0<-|
08-16 14:27:25.529 I/tvos    ( 1764): #1|->SDK_bInternal1AudioMute:0<-|->SDK_bInternal2AudioMute:0<-|->SDK_bInternal3AudioMute:0<-|->SDK_bInternal4AudioMute:0<-|
08-16 14:27:25.529 I/tvos    ( 1764): #1|->SDK_bByScanInOutchgCHchg:0<-|->SDK_bByDuringLimitedTimeAudioMute:0<-|->SDK_bSourceSwitchAudioMute:0<-|
08-16 14:27:25.529 I/tvos    ( 1764): #1|->SDK_bMHEGApMute:0<-|->SDK_bAllAudioMuteCtrl:0<-|->SDK_bPowerOnMute:0<-|->SDK_bNullSourceMute0<-|->SDK_bSetInputSourceAudioMute:0<-|
08-16 14:27:25.529 I/tvos    ( 1764): [audioBSP] #2 m_spkrMute : 1 ..|->SDK_bUsrSpkrAudioMute:0<-|->SDK_bPowerOnMute:0<-|->SDK_bByUserAudioMute:1<-|
08-16 14:27:25.529 I/tvos    ( 1764): [audioBSP] #3 m_PcmCapture2Mute:1 |->SDK_bByUserPcmCapture2Mute:0<-|->SDK_SUB_bByUserAudioMute:0<-|->SDK_bByUserAudioMute:1<-|
08-16 14:27:25.529 I/tvos    ( 1764): [audioBSP] #5 m_hpMute : 1 ..|->SDK_bUsrHpAudioMute:1<-|->SDK_bPowerOnMute:0<-|->SDK_bByUserAudioMute:1<-|
08-16 14:27:25.529 I/tvos    ( 1764): [audioBSP] #12 m_spdifMute : 1 ..
08-16 14:27:25.529 I/tvos    ( 1764): #12|->SDK_bPermanentAudioMute:0<-|->SDK_bMomentAudioMute:0<-|->SDK_bByBlockAudioMute:0<-|
08-16 14:27:25.529 I/tvos    ( 1764): #12|->SDK_bByVChipAudioMute:0<-|->SDK_bInternal1AudioMute:0<-|->SDK_bInternal4AudioMute:0<-|
08-16 14:27:25.529 I/tvos    ( 1764): #12|->SDK_bByDuringLimitedTimeAudioMute:0<-|->SDK_bSourceSwitchAudioMute:0<-|->SDK_bMHEGApMute:0<-|
08-16 14:27:25.529 I/tvos    ( 1764): #12|->SDK_bPowerOnMute:0<-|->SDK_bUsrSpdifAudioMute:1<-|->SDK_bNullSourceMute:0<-|->SDK_bByAppMute:0<-|
08-16 14:27:25.529 I/tvos    ( 1764): ---Amplifier_ALC1310_LR_SWMute(1)
08-16 14:27:25.529 I/tvos    ( 1764): ALC1310 mute write good, addr: 0x13, readback data : 49164, write cmd times : 1
08-16 14:27:25.532 I/tvos    ( 1764): SetSoundMuteStatus : m_hpMute : 1, m_spdifMute : 1, m_DataInMute : 0, m_channel7Mute : 0, m_internalMute : 0, m_spkrMute : 1, m_PcmCapture1Mute : 0, m_PcmCapture2Mute : 1 
08-16 14:27:25.540 I/tvos    ( 1764): GetAudioOutputDevice, retval : 0
08-16 14:27:25.571 E/LetvRemoteupgradeManager-JNI( 2613): can't get LetvManager service!
08-16 14:27:25.609 I/APM::AudioPolicyEngine( 1758): getDeviceForStrategy, 359
08-16 14:27:25.791 I/tvos    ( 1764): GetAudioOutputDevice, retval : 0
08-16 14:27:26.011 I/remotestatus( 2207): Msg.what is 101
08-16 14:27:26.011 W/InputDispatcher( 2207): findFocusedWindow finished: injectionResult=0, timeSpentWaitingForApplication=0.0ms
08-16 14:27:26.011 I/WindowManager( 2207): turn cursor off
08-16 14:27:26.011 E/RemoteManager( 2207): RemoteManager is no longer support in eui6.5
08-16 14:27:26.012 E/InputManager-JNI( 2207): call nativeDisableCursor method with hideCursor
08-16 14:27:26.015 I/SoundPool( 2207): enter : func play
08-16 14:27:26.016 I/APM::AudioPolicyEngine( 1758): getDeviceForStrategy, 359
08-16 14:27:26.018 W/InputDispatcher( 2207): findFocusedWindow finished: injectionResult=0, timeSpentWaitingForApplication=0.0ms
08-16 14:27:26.031 I/audio_hw_primary( 1758): version:a00004 adev_create_audio_patch::mix->device 
08-16 14:27:26.031 I/audio_hw_primary( 1758): adev_create_audio_patch *handle=-1420227928 num_audio_patch=3
08-16 14:27:26.032 E/AudioManagerService( 1803): setAudioVolume(callingPid 1758, clientPid 1758, enSoundPath 0, volumn:0 )
08-16 14:27:26.034 I/tvos    ( 1764): SetVolume, subWooExist 0!
08-16 14:27:26.035 I/tvos    ( 1764): mapi_audio_customer::SetAbsoluteVolume: project name is X440M
08-16 14:27:26.035 I/tvos    ( 1764): SetAbsoluteVolume: uPercent : 0, path=52(speaker), VolumeInt=7f, VolumeFra=0
08-16 14:27:26.035 I/tvos    ( 1764): SetAbsoluteVolume: uPercent(currVol) : 0, realPath=52(default), VolumeInt=7f, VolumeFra=0
08-16 14:27:26.035 I/tvos    ( 1764): mapi_audio_customer::SetAbsoluteVolume: project name is X440M
08-16 14:27:26.035 I/tvos    ( 1764): SetAbsoluteVolume: uPercent : 0, path=49(HP), VolumeInt=7f, VolumeFra=0
08-16 14:27:26.035 I/tvos    ( 1764): SetAbsoluteVolume: uPercent(currVol) : 0, realPath=49(default), VolumeInt=7f, VolumeFra=0
08-16 14:27:26.035 I/tvos    ( 1764): mapi_audio_customer::SetAbsoluteVolume: project name is X440M
08-16 14:27:26.035 I/tvos    ( 1764): SetAbsoluteVolume, m_bBTDetect is false! 
08-16 14:27:26.035 I/tvos    ( 1764): mapi_audio_customer::SetAbsoluteVolume: project name is X440M
08-16 14:27:26.035 I/tvos    ( 1764): SetAbsoluteVolume: uPercent : 0, path=255(speaker), VolumeInt=7f, VolumeFra=0
08-16 14:27:26.035 I/tvos    ( 1764): SetAbsoluteVolume: uPercent(currVol) : 0, realPath=255(default), VolumeInt=7f, VolumeFra=0
08-16 14:27:26.035 I/tvos    ( 1764): [SetMuteStatus] call SetSoundMuteStatus, line : 10369, muteType: 4, onOff : 0 
08-16 14:27:26.035 I/tvos    ( 1764): [audioBSP] #1 m_internalMute : 0 ..
08-16 14:27:26.035 I/tvos    ( 1764): #1|->SDK_bPermanentAudioMute:0<-|->SDK_bMomentAudioMute:0 <-|->SDK_bBySyncAudioMute:0<-|->SDK_bByBlockAudioMute:0<-|->SDK_bByVChipAudioMute:0<-|
08-16 14:27:26.035 I/tvos    ( 1764): #1|->SDK_bInternal1AudioMute:0<-|->SDK_bInternal2AudioMute:0<-|->SDK_bInternal3AudioMute:0<-|->SDK_bInternal4AudioMute:0<-|
08-16 14:27:26.035 I/tvos    ( 1764): #1|->SDK_bByScanInOutchgCHchg:0<-|->SDK_bByDuringLimitedTimeAudioMute:0<-|->SDK_bSourceSwitchAudioMute:0<-|
08-16 14:27:26.035 I/tvos    ( 1764): #1|->SDK_bMHEGApMute:0<-|->SDK_bAllAudioMuteCtrl:0<-|->SDK_bPowerOnMute:0<-|->SDK_bNullSourceMute0<-|->SDK_bSetInputSourceAudioMute:0<-|
08-16 14:27:26.035 I/tvos    ( 1764): [audioBSP] #2 m_spkrMute : 0 ..|->SDK_bUsrSpkrAudioMute:0<-|->SDK_bPowerOnMute:0<-|->SDK_bByUserAudioMute:0<-|
08-16 14:27:26.035 I/tvos    ( 1764): [audioBSP] #3 m_PcmCapture2Mute:0 |->SDK_bByUserPcmCapture2Mute:0<-|->SDK_SUB_bByUserAudioMute:0<-|->SDK_bByUserAudioMute:0<-|
08-16 14:27:26.035 I/tvos    ( 1764): [audioBSP] #5 m_hpMute : 1 ..|->SDK_bUsrHpAudioMute:1<-|->SDK_bPowerOnMute:0<-|->SDK_bByUserAudioMute:0<-|
08-16 14:27:26.035 I/tvos    ( 1764): [audioBSP] #12 m_spdifMute : 1 ..
08-16 14:27:26.035 I/tvos    ( 1764): #12|->SDK_bPermanentAudioMute:0<-|->SDK_bMomentAudioMute:0<-|->SDK_bByBlockAudioMute:0<-|
08-16 14:27:26.035 I/tvos    ( 1764): #12|->SDK_bByVChipAudioMute:0<-|->SDK_bInternal1AudioMute:0<-|->SDK_bInternal4AudioMute:0<-|
08-16 14:27:26.035 I/tvos    ( 1764): #12|->SDK_bByDuringLimitedTimeAudioMute:0<-|->SDK_bSourceSwitchAudioMute:0<-|->SDK_bMHEGApMute:0<-|
08-16 14:27:26.035 I/tvos    ( 1764): #12|->SDK_bPowerOnMute:0<-|->SDK_bUsrSpdifAudioMute:1<-|->SDK_bNullSourceMute:0<-|->SDK_bByAppMute:0<-|
08-16 14:27:26.035 I/tvos    ( 1764): ---Amplifier_ALC1310_LR_SWMute(0)
08-16 14:27:26.035 I/tvos    ( 1764): ALC1310 unmute good, addr: 0x13 readbackvalue: 4 
08-16 14:27:26.038 I/tvos    ( 1764): SetSoundMuteStatus : m_hpMute : 1, m_spdifMute : 1, m_DataInMute : 0, m_channel7Mute : 0, m_internalMute : 0, m_spkrMute : 0, m_PcmCapture1Mute : 0, m_PcmCapture2Mute : 0 
08-16 14:27:26.038 I/AudioUtil( 1758): setParameters spk_volume=0
08-16 14:27:26.038 I/audio_hw_primary( 1758): adev_set_parameters: spk_volume=0
08-16 14:27:26.038 I/tvos    ( 1764): GetAudioOutputDevice, retval : 0
08-16 14:27:26.039 I/tvos    ( 1764): [SetMuteStatus] call SetSoundMuteStatus, line : 10369, muteType: 67108864, onOff : 1 
08-16 14:27:26.039 I/tvos    ( 1764): _TransMSrvMuteTypeToSDKMuteType: Err! muteType(67108864) is out of Range
08-16 14:27:26.041 I/tvos    ( 1764): [SetMuteStatus] call SetSoundMuteStatus, line : 10369, muteType: 4, onOff : 1 
08-16 14:27:26.041 I/tvos    ( 1764): [audioBSP] #1 m_internalMute : 0 ..
08-16 14:27:26.041 I/tvos    ( 1764): #1|->SDK_bPermanentAudioMute:0<-|->SDK_bMomentAudioMute:0 <-|->SDK_bBySyncAudioMute:0<-|->SDK_bByBlockAudioMute:0<-|->SDK_bByVChipAudioMute:0<-|
08-16 14:27:26.041 I/tvos    ( 1764): #1|->SDK_bInternal1AudioMute:0<-|->SDK_bInternal2AudioMute:0<-|->SDK_bInternal3AudioMute:0<-|->SDK_bInternal4AudioMute:0<-|
08-16 14:27:26.041 I/tvos    ( 1764): #1|->SDK_bByScanInOutchgCHchg:0<-|->SDK_bByDuringLimitedTimeAudioMute:0<-|->SDK_bSourceSwitchAudioMute:0<-|
08-16 14:27:26.041 I/tvos    ( 1764): #1|->SDK_bMHEGApMute:0<-|->SDK_bAllAudioMuteCtrl:0<-|->SDK_bPowerOnMute:0<-|->SDK_bNullSourceMute0<-|->SDK_bSetInputSourceAudioMute:0<-|
08-16 14:27:26.041 I/tvos    ( 1764): [audioBSP] #2 m_spkrMute : 1 ..|->SDK_bUsrSpkrAudioMute:0<-|->SDK_bPowerOnMute:0<-|->SDK_bByUserAudioMute:1<-|
08-16 14:27:26.041 I/tvos    ( 1764): [audioBSP] #3 m_PcmCapture2Mute:1 |->SDK_bByUserPcmCapture2Mute:0<-|->SDK_SUB_bByUserAudioMute:0<-|->SDK_bByUserAudioMute:1<-|
08-16 14:27:26.041 I/tvos    ( 1764): [audioBSP] #5 m_hpMute : 1 ..|->SDK_bUsrHpAudioMute:1<-|->SDK_bPowerOnMute:0<-|->SDK_bByUserAudioMute:1<-|
08-16 14:27:26.041 I/tvos    ( 1764): [audioBSP] #12 m_spdifMute : 1 ..
08-16 14:27:26.041 I/tvos    ( 1764): #12|->SDK_bPermanentAudioMute:0<-|->SDK_bMomentAudioMute:0<-|->SDK_bByBlockAudioMute:0<-|
08-16 14:27:26.041 I/tvos    ( 1764): #12|->SDK_bByVChipAudioMute:0<-|->SDK_bInternal1AudioMute:0<-|->SDK_bInternal4AudioMute:0<-|
08-16 14:27:26.041 I/tvos    ( 1764): #12|->SDK_bByDuringLimitedTimeAudioMute:0<-|->SDK_bSourceSwitchAudioMute:0<-|->SDK_bMHEGApMute:0<-|
08-16 14:27:26.041 I/tvos    ( 1764): #12|->SDK_bPowerOnMute:0<-|->SDK_bUsrSpdifAudioMute:1<-|->SDK_bNullSourceMute:0<-|->SDK_bByAppMute:0<-|
08-16 14:27:26.041 I/tvos    ( 1764): ---Amplifier_ALC1310_LR_SWMute(1)
08-16 14:27:26.041 I/tvos    ( 1764): ALC1310 mute write good, addr: 0x13, readback data : 49164, write cmd times : 1
08-16 14:27:26.042 I/tvos    ( 1764): GetAudioOutputDevice, retval : 0
08-16 14:27:26.043 I/tvos    ( 1764): SetSoundMuteStatus : m_hpMute : 1, m_spdifMute : 1, m_DataInMute : 0, m_channel7Mute : 0, m_internalMute : 0, m_spkrMute : 1, m_PcmCapture1Mute : 0, m_PcmCapture2Mute : 1 
08-16 14:27:26.121 I/APM::AudioPolicyEngine( 1758): getDeviceForStrategy, 359
08-16 14:27:26.292 I/tvos    ( 1764): GetAudioOutputDevice, retval : 0
08-16 14:27:26.519 I/System.out(17655): Random data : 2
08-16 14:27:26.522 W/InputDispatcher( 2207): findFocusedWindow finished: injectionResult=0, timeSpentWaitingForApplication=0.0ms
08-16 14:27:26.522 I/remotestatus( 2207): Msg.what is 101
08-16 14:27:26.522 I/WindowManager( 2207): turn cursor off
08-16 14:27:26.522 E/RemoteManager( 2207): RemoteManager is no longer support in eui6.5
08-16 14:27:26.522 E/InputManager-JNI( 2207): call nativeDisableCursor method with hideCursor
08-16 14:27:26.526 I/SoundPool( 2207): enter : func play
08-16 14:27:26.527 I/APM::AudioPolicyEngine( 1758): getDeviceForStrategy, 359
08-16 14:27:26.529 I/audio_hw_primary( 1758): version:a00004 adev_create_audio_patch::mix->device 
08-16 14:27:26.529 I/audio_hw_primary( 1758): adev_create_audio_patch *handle=-1420227928 num_audio_patch=3
08-16 14:27:26.529 W/InputDispatcher( 2207): findFocusedWindow finished: injectionResult=0, timeSpentWaitingForApplication=0.0ms
08-16 14:27:26.532 E/AudioManagerService( 1803): setAudioVolume(callingPid 1758, clientPid 1758, enSoundPath 0, volumn:0 )
08-16 14:27:26.535 I/tvos    ( 1764): SetVolume, subWooExist 0!
08-16 14:27:26.535 I/tvos    ( 1764): mapi_audio_customer::SetAbsoluteVolume: project name is X440M
08-16 14:27:26.535 I/tvos    ( 1764): SetAbsoluteVolume: uPercent : 0, path=52(speaker), VolumeInt=7f, VolumeFra=0
08-16 14:27:26.535 I/tvos    ( 1764): SetAbsoluteVolume: uPercent(currVol) : 0, realPath=52(default), VolumeInt=7f, VolumeFra=0
08-16 14:27:26.535 I/tvos    ( 1764): mapi_audio_customer::SetAbsoluteVolume: project name is X440M
08-16 14:27:26.535 I/tvos    ( 1764): SetAbsoluteVolume: uPercent : 0, path=49(HP), VolumeInt=7f, VolumeFra=0
08-16 14:27:26.535 I/tvos    ( 1764): SetAbsoluteVolume: uPercent(currVol) : 0, realPath=49(default), VolumeInt=7f, VolumeFra=0
08-16 14:27:26.535 I/tvos    ( 1764): mapi_audio_customer::SetAbsoluteVolume: project name is X440M
08-16 14:27:26.535 I/tvos    ( 1764): SetAbsoluteVolume, m_bBTDetect is false! 
08-16 14:27:26.535 I/tvos    ( 1764): mapi_audio_customer::SetAbsoluteVolume: project name is X440M
08-16 14:27:26.535 I/tvos    ( 1764): SetAbsoluteVolume: uPercent : 0, path=255(speaker), VolumeInt=7f, VolumeFra=0
08-16 14:27:26.535 I/tvos    ( 1764): SetAbsoluteVolume: uPercent(currVol) : 0, realPath=255(default), VolumeInt=7f, VolumeFra=0
08-16 14:27:26.535 I/tvos    ( 1764): [SetMuteStatus] call SetSoundMuteStatus, line : 10369, muteType: 4, onOff : 0 
08-16 14:27:26.535 I/tvos    ( 1764): [audioBSP] #1 m_internalMute : 0 ..
08-16 14:27:26.535 I/tvos    ( 1764): #1|->SDK_bPermanentAudioMute:0<-|->SDK_bMomentAudioMute:0 <-|->SDK_bBySyncAudioMute:0<-|->SDK_bByBlockAudioMute:0<-|->SDK_bByVChipAudioMute:0<-|
08-16 14:27:26.535 I/tvos    ( 1764): #1|->SDK_bInternal1AudioMute:0<-|->SDK_bInternal2AudioMute:0<-|->SDK_bInternal3AudioMute:0<-|->SDK_bInternal4AudioMute:0<-|
08-16 14:27:26.535 I/tvos    ( 1764): #1|->SDK_bByScanInOutchgCHchg:0<-|->SDK_bByDuringLimitedTimeAudioMute:0<-|->SDK_bSourceSwitchAudioMute:0<-|
08-16 14:27:26.535 I/tvos    ( 1764): #1|->SDK_bMHEGApMute:0<-|->SDK_bAllAudioMuteCtrl:0<-|->SDK_bPowerOnMute:0<-|->SDK_bNullSourceMute0<-|->SDK_bSetInputSourceAudioMute:0<-|
08-16 14:27:26.535 I/tvos    ( 1764): [audioBSP] #2 m_spkrMute : 0 ..|->SDK_bUsrSpkrAudioMute:0<-|->SDK_bPowerOnMute:0<-|->SDK_bByUserAudioMute:0<-|
08-16 14:27:26.535 I/tvos    ( 1764): [audioBSP] #3 m_PcmCapture2Mute:0 |->SDK_bByUserPcmCapture2Mute:0<-|->SDK_SUB_bByUserAudioMute:0<-|->SDK_bByUserAudioMute:0<-|
08-16 14:27:26.535 I/tvos    ( 1764): [audioBSP] #5 m_hpMute : 1 ..|->SDK_bUsrHpAudioMute:1<-|->SDK_bPowerOnMute:0<-|->SDK_bByUserAudioMute:0<-|
08-16 14:27:26.535 I/tvos    ( 1764): [audioBSP] #12 m_spdifMute : 1 ..
08-16 14:27:26.535 I/tvos    ( 1764): #12|->SDK_bPermanentAudioMute:0<-|->SDK_bMomentAudioMute:0<-|->SDK_bByBlockAudioMute:0<-|
08-16 14:27:26.535 I/tvos    ( 1764): #12|->SDK_bByVChipAudioMute:0<-|->SDK_bInternal1AudioMute:0<-|->SDK_bInternal4AudioMute:0<-|
08-16 14:27:26.535 I/tvos    ( 1764): #12|->SDK_bByDuringLimitedTimeAudioMute:0<-|->SDK_bSourceSwitchAudioMute:0<-|->SDK_bMHEGApMute:0<-|
08-16 14:27:26.535 I/tvos    ( 1764): #12|->SDK_bPowerOnMute:0<-|->SDK_bUsrSpdifAudioMute:1<-|->SDK_bNullSourceMute:0<-|->SDK_bByAppMute:0<-|
08-16 14:27:26.535 I/tvos    ( 1764): ---Amplifier_ALC1310_LR_SWMute(0)
08-16 14:27:26.535 I/tvos    ( 1764): ALC1310 unmute good, addr: 0x13 readbackvalue: 4 
08-16 14:27:26.537 I/tvos    ( 1764): SetSoundMuteStatus : m_hpMute : 1, m_spdifMute : 1, m_DataInMute : 0, m_channel7Mute : 0, m_internalMute : 0, m_spkrMute : 0, m_PcmCapture1Mute : 0, m_PcmCapture2Mute : 0 
08-16 14:27:26.537 I/AudioUtil( 1758): setParameters spk_volume=0
08-16 14:27:26.537 I/audio_hw_primary( 1758): adev_set_parameters: spk_volume=0
08-16 14:27:26.538 I/tvos    ( 1764): GetAudioOutputDevice, retval : 0
08-16 14:27:26.538 I/tvos    ( 1764): [SetMuteStatus] call SetSoundMuteStatus, line : 10369, muteType: 67108864, onOff : 1 
08-16 14:27:26.538 I/tvos    ( 1764): _TransMSrvMuteTypeToSDKMuteType: Err! muteType(67108864) is out of Range
08-16 14:27:26.540 I/tvos    ( 1764): [SetMuteStatus] call SetSoundMuteStatus, line : 10369, muteType: 4, onOff : 1 
08-16 14:27:26.540 I/tvos    ( 1764): [audioBSP] #1 m_internalMute : 0 ..
08-16 14:27:26.540 I/tvos    ( 1764): #1|->SDK_bPermanentAudioMute:0<-|->SDK_bMomentAudioMute:0 <-|->SDK_bBySyncAudioMute:0<-|->SDK_bByBlockAudioMute:0<-|->SDK_bByVChipAudioMute:0<-|
08-16 14:27:26.540 I/tvos    ( 1764): #1|->SDK_bInternal1AudioMute:0<-|->SDK_bInternal2AudioMute:0<-|->SDK_bInternal3AudioMute:0<-|->SDK_bInternal4AudioMute:0<-|
08-16 14:27:26.540 I/tvos    ( 1764): #1|->SDK_bByScanInOutchgCHchg:0<-|->SDK_bByDuringLimitedTimeAudioMute:0<-|->SDK_bSourceSwitchAudioMute:0<-|
08-16 14:27:26.540 I/tvos    ( 1764): #1|->SDK_bMHEGApMute:0<-|->SDK_bAllAudioMuteCtrl:0<-|->SDK_bPowerOnMute:0<-|->SDK_bNullSourceMute0<-|->SDK_bSetInputSourceAudioMute:0<-|
08-16 14:27:26.540 I/tvos    ( 1764): [audioBSP] #2 m_spkrMute : 1 ..|->SDK_bUsrSpkrAudioMute:0<-|->SDK_bPowerOnMute:0<-|->SDK_bByUserAudioMute:1<-|
08-16 14:27:26.540 I/tvos    ( 1764): [audioBSP] #3 m_PcmCapture2Mute:1 |->SDK_bByUserPcmCapture2Mute:0<-|->SDK_SUB_bByUserAudioMute:0<-|->SDK_bByUserAudioMute:1<-|
08-16 14:27:26.540 I/tvos    ( 1764): [audioBSP] #5 m_hpMute : 1 ..|->SDK_bUsrHpAudioMute:1<-|->SDK_bPowerOnMute:0<-|->SDK_bByUserAudioMute:1<-|
08-16 14:27:26.540 I/tvos    ( 1764): [audioBSP] #12 m_spdifMute : 1 ..
08-16 14:27:26.540 I/tvos    ( 1764): #12|->SDK_bPermanentAudioMute:0<-|->SDK_bMomentAudioMute:0<-|->SDK_bByBlockAudioMute:0<-|
08-16 14:27:26.540 I/tvos    ( 1764): #12|->SDK_bByVChipAudioMute:0<-|->SDK_bInternal1AudioMute:0<-|->SDK_bInternal4AudioMute:0<-|
08-16 14:27:26.540 I/tvos    ( 1764): #12|->SDK_bByDuringLimitedTimeAudioMute:0<-|->SDK_bSourceSwitchAudioMute:0<-|->SDK_bMHEGApMute:0<-|
08-16 14:27:26.540 I/tvos    ( 1764): #12|->SDK_bPowerOnMute:0<-|->SDK_bUsrSpdifAudioMute:1<-|->SDK_bNullSourceMute:0<-|->SDK_bByAppMute:0<-|
08-16 14:27:26.540 I/tvos    ( 1764): ---Amplifier_ALC1310_LR_SWMute(1)
08-16 14:27:26.540 I/tvos    ( 1764): ALC1310 mute write good, addr: 0x13, readback data : 49164, write cmd times : 1
08-16 14:27:26.542 I/tvos    ( 1764): SetSoundMuteStatus : m_hpMute : 1, m_spdifMute : 1, m_DataInMute : 0, m_channel7Mute : 0, m_internalMute : 0, m_spkrMute : 1, m_PcmCapture1Mute : 0, m_PcmCapture2Mute : 1 
08-16 14:27:26.543 I/tvos    ( 1764): GetAudioOutputDevice, retval : 0
08-16 14:27:26.545 I/art     (17993): Late-enabling -Xcheck:jni
08-16 14:27:26.545 I/ActivityManager( 2207): Start proc 17993:com.android.testing.dummyime/u0a93 for service com.android.testing.dummyime/.DummyIme
08-16 14:27:26.586 W/System  (17993): ClassLoader referenced unknown path: /data/app/com.android.testing.dummyime-2/lib/arm64
08-16 14:27:26.600 I/System.out(17993): From style:
08-16 14:27:26.600 I/System.out(17993): Attrs: 3010001=0.6 3010002=#0 3010003=null 3010004=true
08-16 14:27:26.613 I/APM::AudioPolicyEngine( 1758): getDeviceForStrategy, 359
08-16 14:27:26.793 I/tvos    ( 1764): GetAudioOutputDevice, retval : 0
08-16 14:27:27.044 I/tvos    ( 1764): GetAudioOutputDevice, retval : 0
08-16 14:27:27.123 I/remotestatus( 2207): Msg.what is 101
08-16 14:27:27.123 I/WindowManager( 2207): turn cursor off
08-16 14:27:27.123 E/RemoteManager( 2207): RemoteManager is no longer support in eui6.5
08-16 14:27:27.123 W/InputDispatcher( 2207): findFocusedWindow finished: injectionResult=0, timeSpentWaitingForApplication=0.0ms
08-16 14:27:27.123 E/InputManager-JNI( 2207): call nativeDisableCursor method with hideCursor
08-16 14:27:27.130 I/SoundPool( 2207): enter : func play
08-16 14:27:27.133 I/APM::AudioPolicyEngine( 1758): getDeviceForStrategy, 359
08-16 14:27:27.134 W/InputDispatcher( 2207): findFocusedWindow finished: injectionResult=0, timeSpentWaitingForApplication=0.0ms
08-16 14:27:27.139 I/audio_hw_primary( 1758): version:a00004 adev_create_audio_patch::mix->device 
08-16 14:27:27.139 I/audio_hw_primary( 1758): adev_create_audio_patch *handle=-1420227928 num_audio_patch=3
08-16 14:27:27.141 E/AudioManagerService( 1803): setAudioVolume(callingPid 1758, clientPid 1758, enSoundPath 0, volumn:0 )
08-16 14:27:27.143 I/tvos    ( 1764): SetVolume, subWooExist 0!
08-16 14:27:27.143 I/tvos    ( 1764): mapi_audio_customer::SetAbsoluteVolume: project name is X440M
08-16 14:27:27.143 I/tvos    ( 1764): SetAbsoluteVolume: uPercent : 0, path=52(speaker), VolumeInt=7f, VolumeFra=0
08-16 14:27:27.143 I/tvos    ( 1764): SetAbsoluteVolume: uPercent(currVol) : 0, realPath=52(default), VolumeInt=7f, VolumeFra=0
08-16 14:27:27.143 I/tvos    ( 1764): mapi_audio_customer::SetAbsoluteVolume: project name is X440M
08-16 14:27:27.143 I/tvos    ( 1764): SetAbsoluteVolume: uPercent : 0, path=49(HP), VolumeInt=7f, VolumeFra=0
08-16 14:27:27.143 I/tvos    ( 1764): SetAbsoluteVolume: uPercent(currVol) : 0, realPath=49(default), VolumeInt=7f, VolumeFra=0
08-16 14:27:27.143 I/tvos    ( 1764): mapi_audio_customer::SetAbsoluteVolume: project name is X440M
08-16 14:27:27.143 I/tvos    ( 1764): SetAbsoluteVolume, m_bBTDetect is false! 
08-16 14:27:27.143 I/tvos    ( 1764): mapi_audio_customer::SetAbsoluteVolume: project name is X440M
08-16 14:27:27.143 I/tvos    ( 1764): SetAbsoluteVolume: uPercent : 0, path=255(speaker), VolumeInt=7f, VolumeFra=0
08-16 14:27:27.143 I/tvos    ( 1764): SetAbsoluteVolume: uPercent(currVol) : 0, realPath=255(default), VolumeInt=7f, VolumeFra=0
08-16 14:27:27.143 I/tvos    ( 1764): [SetMuteStatus] call SetSoundMuteStatus, line : 10369, muteType: 4, onOff : 0 
08-16 14:27:27.143 I/tvos    ( 1764): [audioBSP] #1 m_internalMute : 0 ..
08-16 14:27:27.143 I/tvos    ( 1764): #1|->SDK_bPermanentAudioMute:0<-|->SDK_bMomentAudioMute:0 <-|->SDK_bBySyncAudioMute:0<-|->SDK_bByBlockAudioMute:0<-|->SDK_bByVChipAudioMute:0<-|
08-16 14:27:27.143 I/tvos    ( 1764): #1|->SDK_bInternal1AudioMute:0<-|->SDK_bInternal2AudioMute:0<-|->SDK_bInternal3AudioMute:0<-|->SDK_bInternal4AudioMute:0<-|
08-16 14:27:27.143 I/tvos    ( 1764): #1|->SDK_bByScanInOutchgCHchg:0<-|->SDK_bByDuringLimitedTimeAudioMute:0<-|->SDK_bSourceSwitchAudioMute:0<-|
08-16 14:27:27.143 I/tvos    ( 1764): #1|->SDK_bMHEGApMute:0<-|->SDK_bAllAudioMuteCtrl:0<-|->SDK_bPowerOnMute:0<-|->SDK_bNullSourceMute0<-|->SDK_bSetInputSourceAudioMute:0<-|
08-16 14:27:27.143 I/tvos    ( 1764): [audioBSP] #2 m_spkrMute : 0 ..|->SDK_bUsrSpkrAudioMute:0<-|->SDK_bPowerOnMute:0<-|->SDK_bByUserAudioMute:0<-|
08-16 14:27:27.143 I/tvos    ( 1764): [audioBSP] #3 m_PcmCapture2Mute:0 |->SDK_bByUserPcmCapture2Mute:0<-|->SDK_SUB_bByUserAudioMute:0<-|->SDK_bByUserAudioMute:0<-|
08-16 14:27:27.143 I/tvos    ( 1764): [audioBSP] #5 m_hpMute : 1 ..|->SDK_bUsrHpAudioMute:1<-|->SDK_bPowerOnMute:0<-|->SDK_bByUserAudioMute:0<-|
08-16 14:27:27.143 I/tvos    ( 1764): [audioBSP] #12 m_spdifMute : 1 ..
08-16 14:27:27.143 I/tvos    ( 1764): #12|->SDK_bPermanentAudioMute:0<-|->SDK_bMomentAudioMute:0<-|->SDK_bByBlockAudioMute:0<-|
08-16 14:27:27.143 I/tvos    ( 1764): #12|->SDK_bByVChipAudioMute:0<-|->SDK_bInternal1AudioMute:0<-|->SDK_bInternal4AudioMute:0<-|
08-16 14:27:27.143 I/tvos    ( 1764): #12|->SDK_bByDuringLimitedTimeAudioMute:0<-|->SDK_bSourceSwitchAudioMute:0<-|->SDK_bMHEGApMute:0<-|
08-16 14:27:27.143 I/tvos    ( 1764): #12|->SDK_bPowerOnMute:0<-|->SDK_bUsrSpdifAudioMute:1<-|->SDK_bNullSourceMute:0<-|->SDK_bByAppMute:0<-|
08-16 14:27:27.143 I/tvos    ( 1764): ---Amplifier_ALC1310_LR_SWMute(0)
08-16 14:27:27.144 I/tvos    ( 1764): ALC1310 unmute good, addr: 0x13 readbackvalue: 4 
08-16 14:27:27.146 I/AudioUtil( 1758): setParameters spk_volume=0
08-16 14:27:27.146 I/tvos    ( 1764): SetSoundMuteStatus : m_hpMute : 1, m_spdifMute : 1, m_DataInMute : 0, m_channel7Mute : 0, m_internalMute : 0, m_spkrMute : 0, m_PcmCapture1Mute : 0, m_PcmCapture2Mute : 0 
08-16 14:27:27.146 I/audio_hw_primary( 1758): adev_set_parameters: spk_volume=0
08-16 14:27:27.146 I/tvos    ( 1764): GetAudioOutputDevice, retval : 0
08-16 14:27:27.146 I/tvos    ( 1764): [SetMuteStatus] call SetSoundMuteStatus, line : 10369, muteType: 67108864, onOff : 1 
08-16 14:27:27.146 I/tvos    ( 1764): _TransMSrvMuteTypeToSDKMuteType: Err! muteType(67108864) is out of Range
08-16 14:27:27.147 I/tvos    ( 1764): [SetMuteStatus] call SetSoundMuteStatus, line : 10369, muteType: 4, onOff : 1 
08-16 14:27:27.147 I/tvos    ( 1764): [audioBSP] #1 m_internalMute : 0 ..
08-16 14:27:27.147 I/tvos    ( 1764): #1|->SDK_bPermanentAudioMute:0<-|->SDK_bMomentAudioMute:0 <-|->SDK_bBySyncAudioMute:0<-|->SDK_bByBlockAudioMute:0<-|->SDK_bByVChipAudioMute:0<-|
08-16 14:27:27.147 I/tvos    ( 1764): #1|->SDK_bInternal1AudioMute:0<-|->SDK_bInternal2AudioMute:0<-|->SDK_bInternal3AudioMute:0<-|->SDK_bInternal4AudioMute:0<-|
08-16 14:27:27.147 I/tvos    ( 1764): #1|->SDK_bByScanInOutchgCHchg:0<-|->SDK_bByDuringLimitedTimeAudioMute:0<-|->SDK_bSourceSwitchAudioMute:0<-|
08-16 14:27:27.147 I/tvos    ( 1764): #1|->SDK_bMHEGApMute:0<-|->SDK_bAllAudioMuteCtrl:0<-|->SDK_bPowerOnMute:0<-|->SDK_bNullSourceMute0<-|->SDK_bSetInputSourceAudioMute:0<-|
08-16 14:27:27.147 I/tvos    ( 1764): [audioBSP] #2 m_spkrMute : 1 ..|->SDK_bUsrSpkrAudioMute:0<-|->SDK_bPowerOnMute:0<-|->SDK_bByUserAudioMute:1<-|
08-16 14:27:27.147 I/tvos    ( 1764): [audioBSP] #3 m_PcmCapture2Mute:1 |->SDK_bByUserPcmCapture2Mute:0<-|->SDK_SUB_bByUserAudioMute:0<-|->SDK_bByUserAudioMute:1<-|
08-16 14:27:27.147 I/tvos    ( 1764): [audioBSP] #5 m_hpMute : 1 ..|->SDK_bUsrHpAudioMute:1<-|->SDK_bPowerOnMute:0<-|->SDK_bByUserAudioMute:1<-|
08-16 14:27:27.147 I/tvos    ( 1764): [audioBSP] #12 m_spdifMute : 1 ..
08-16 14:27:27.147 I/tvos    ( 1764): #12|->SDK_bPermanentAudioMute:0<-|->SDK_bMomentAudioMute:0<-|->SDK_bByBlockAudioMute:0<-|
08-16 14:27:27.147 I/tvos    ( 1764): #12|->SDK_bByVChipAudioMute:0<-|->SDK_bInternal1AudioMute:0<-|->SDK_bInternal4AudioMute:0<-|
08-16 14:27:27.147 I/tvos    ( 1764): #12|->SDK_bByDuringLimitedTimeAudioMute:0<-|->SDK_bSourceSwitchAudioMute:0<-|->SDK_bMHEGApMute:0<-|
08-16 14:27:27.147 I/tvos    ( 1764): #12|->SDK_bPowerOnMute:0<-|->SDK_bUsrSpdifAudioMute:1<-|->SDK_bNullSourceMute:0<-|->SDK_bByAppMute:0<-|
08-16 14:27:27.149 I/tvos    ( 1764): ---Amplifier_ALC1310_LR_SWMute(1)
08-16 14:27:27.149 I/tvos    ( 1764): ALC1310 mute write good, addr: 0x13, readback data : 49164, write cmd times : 1
08-16 14:27:27.151 I/tvos    ( 1764): SetSoundMuteStatus : m_hpMute : 1, m_spdifMute : 1, m_DataInMute : 0, m_channel7Mute : 0, m_internalMute : 0, m_spkrMute : 1, m_PcmCapture1Mute : 0, m_PcmCapture2Mute : 1 
08-16 14:27:27.237 I/APM::AudioPolicyEngine( 1758): getDeviceForStrategy, 359
08-16 14:27:27.294 I/tvos    ( 1764): GetAudioOutputDevice, retval : 0
08-16 14:27:27.544 I/tvos    ( 1764): GetAudioOutputDevice, retval : 0
08-16 14:27:27.654 W/InputDispatcher( 2207): findFocusedWindow finished: injectionResult=0, timeSpentWaitingForApplication=0.0ms
08-16 14:27:27.657 W/InputDispatcher( 2207): findFocusedWindow finished: injectionResult=0, timeSpentWaitingForApplication=0.0ms
08-16 14:27:27.658 I/SoundPool( 2207): enter : func play
08-16 14:27:27.661 I/APM::AudioPolicyEngine( 1758): getDeviceForStrategy, 359
08-16 14:27:27.663 W/InputDispatcher( 2207): setFocusedApplication
08-16 14:27:27.673 I/ActivityManager( 2207): accel TR11) TaskRecord{e0665f7 #26 A=sina.mobile.tianqitongstv U=0 sz=2}
08-16 14:27:27.673 I/ActivityManager( 2207): accel TR10) TaskRecord{14b0d11 #1 A=com.stv.launcher U=0 sz=1}
08-16 14:27:27.675 I/audio_hw_primary( 1758): version:a00004 adev_create_audio_patch::mix->device 
08-16 14:27:27.675 I/audio_hw_primary( 1758): adev_create_audio_patch *handle=-1420227928 num_audio_patch=3
08-16 14:27:27.676 E/AudioManagerService( 1803): setAudioVolume(callingPid 1758, clientPid 1758, enSoundPath 0, volumn:0 )
08-16 14:27:27.679 I/tvos    ( 1764): SetVolume, subWooExist 0!
08-16 14:27:27.679 I/tvos    ( 1764): mapi_audio_customer::SetAbsoluteVolume: project name is X440M
08-16 14:27:27.679 I/tvos    ( 1764): SetAbsoluteVolume: uPercent : 0, path=52(speaker), VolumeInt=7f, VolumeFra=0
08-16 14:27:27.679 I/tvos    ( 1764): SetAbsoluteVolume: uPercent(currVol) : 0, realPath=52(default), VolumeInt=7f, VolumeFra=0
08-16 14:27:27.679 I/tvos    ( 1764): mapi_audio_customer::SetAbsoluteVolume: project name is X440M
08-16 14:27:27.679 I/tvos    ( 1764): SetAbsoluteVolume: uPercent : 0, path=49(HP), VolumeInt=7f, VolumeFra=0
08-16 14:27:27.679 I/tvos    ( 1764): SetAbsoluteVolume: uPercent(currVol) : 0, realPath=49(default), VolumeInt=7f, VolumeFra=0
08-16 14:27:27.679 I/tvos    ( 1764): mapi_audio_customer::SetAbsoluteVolume: project name is X440M
08-16 14:27:27.679 I/tvos    ( 1764): SetAbsoluteVolume, m_bBTDetect is false! 
08-16 14:27:27.679 I/tvos    ( 1764): mapi_audio_customer::SetAbsoluteVolume: project name is X440M
08-16 14:27:27.679 I/tvos    ( 1764): SetAbsoluteVolume: uPercent : 0, path=255(speaker), VolumeInt=7f, VolumeFra=0
08-16 14:27:27.679 I/tvos    ( 1764): SetAbsoluteVolume: uPercent(currVol) : 0, realPath=255(default), VolumeInt=7f, VolumeFra=0
08-16 14:27:27.679 I/tvos    ( 1764): [SetMuteStatus] call SetSoundMuteStatus, line : 10369, muteType: 4, onOff : 0 
08-16 14:27:27.679 I/tvos    ( 1764): [audioBSP] #1 m_internalMute : 0 ..
08-16 14:27:27.679 I/tvos    ( 1764): #1|->SDK_bPermanentAudioMute:0<-|->SDK_bMomentAudioMute:0 <-|->SDK_bBySyncAudioMute:0<-|->SDK_bByBlockAudioMute:0<-|->SDK_bByVChipAudioMute:0<-|
08-16 14:27:27.679 I/tvos    ( 1764): #1|->SDK_bInternal1AudioMute:0<-|->SDK_bInternal2AudioMute:0<-|->SDK_bInternal3AudioMute:0<-|->SDK_bInternal4AudioMute:0<-|
08-16 14:27:27.679 I/tvos    ( 1764): #1|->SDK_bByScanInOutchgCHchg:0<-|->SDK_bByDuringLimitedTimeAudioMute:0<-|->SDK_bSourceSwitchAudioMute:0<-|
08-16 14:27:27.679 I/tvos    ( 1764): #1|->SDK_bMHEGApMute:0<-|->SDK_bAllAudioMuteCtrl:0<-|->SDK_bPowerOnMute:0<-|->SDK_bNullSourceMute0<-|->SDK_bSetInputSourceAudioMute:0<-|
08-16 14:27:27.679 I/tvos    ( 1764): [audioBSP] #2 m_spkrMute : 0 ..|->SDK_bUsrSpkrAudioMute:0<-|->SDK_bPowerOnMute:0<-|->SDK_bByUserAudioMute:0<-|
08-16 14:27:27.679 I/tvos    ( 1764): [audioBSP] #3 m_PcmCapture2Mute:0 |->SDK_bByUserPcmCapture2Mute:0<-|->SDK_SUB_bByUserAudioMute:0<-|->SDK_bByUserAudioMute:0<-|
08-16 14:27:27.679 I/tvos    ( 1764): [audioBSP] #5 m_hpMute : 1 ..|->SDK_bUsrHpAudioMute:1<-|->SDK_bPowerOnMute:0<-|->SDK_bByUserAudioMute:0<-|
08-16 14:27:27.679 I/tvos    ( 1764): [audioBSP] #12 m_spdifMute : 1 ..
08-16 14:27:27.679 I/tvos    ( 1764): #12|->SDK_bPermanentAudioMute:0<-|->SDK_bMomentAudioMute:0<-|->SDK_bByBlockAudioMute:0<-|
08-16 14:27:27.679 I/tvos    ( 1764): #12|->SDK_bByVChipAudioMute:0<-|->SDK_bInternal1AudioMute:0<-|->SDK_bInternal4AudioMute:0<-|
08-16 14:27:27.679 I/tvos    ( 1764): #12|->SDK_bByDuringLimitedTimeAudioMute:0<-|->SDK_bSourceSwitchAudioMute:0<-|->SDK_bMHEGApMute:0<-|
08-16 14:27:27.679 I/tvos    ( 1764): #12|->SDK_bPowerOnMute:0<-|->SDK_bUsrSpdifAudioMute:1<-|->SDK_bNullSourceMute:0<-|->SDK_bByAppMute:0<-|
08-16 14:27:27.679 I/tvos    ( 1764): ---Amplifier_ALC1310_LR_SWMute(0)
08-16 14:27:27.679 I/tvos    ( 1764): ALC1310 unmute good, addr: 0x13 readbackvalue: 4 
08-16 14:27:27.681 I/AudioUtil( 1758): setParameters spk_volume=0
08-16 14:27:27.681 I/audio_hw_primary( 1758): adev_set_parameters: spk_volume=0
08-16 14:27:27.681 I/tvos    ( 1764): SetSoundMuteStatus : m_hpMute : 1, m_spdifMute : 1, m_DataInMute : 0, m_channel7Mute : 0, m_internalMute : 0, m_spkrMute : 0, m_PcmCapture1Mute : 0, m_PcmCapture2Mute : 0 
08-16 14:27:27.682 I/tvos    ( 1764): GetAudioOutputDevice, retval : 0
08-16 14:27:27.682 I/tvos    ( 1764): [SetMuteStatus] call SetSoundMuteStatus, line : 10369, muteType: 67108864, onOff : 1 
08-16 14:27:27.682 I/tvos    ( 1764): _TransMSrvMuteTypeToSDKMuteType: Err! muteType(67108864) is out of Range
08-16 14:27:27.686 I/tvos    ( 1764): [SetMuteStatus] call SetSoundMuteStatus, line : 10369, muteType: 4, onOff : 1 
08-16 14:27:27.686 I/tvos    ( 1764): [audioBSP] #1 m_internalMute : 0 ..
08-16 14:27:27.686 I/tvos    ( 1764): #1|->SDK_bPermanentAudioMute:0<-|->SDK_bMomentAudioMute:0 <-|->SDK_bBySyncAudioMute:0<-|->SDK_bByBlockAudioMute:0<-|->SDK_bByVChipAudioMute:0<-|
08-16 14:27:27.686 I/tvos    ( 1764): #1|->SDK_bInternal1AudioMute:0<-|->SDK_bInternal2AudioMute:0<-|->SDK_bInternal3AudioMute:0<-|->SDK_bInternal4AudioMute:0<-|
08-16 14:27:27.686 I/tvos    ( 1764): #1|->SDK_bByScanInOutchgCHchg:0<-|->SDK_bByDuringLimitedTimeAudioMute:0<-|->SDK_bSourceSwitchAudioMute:0<-|
08-16 14:27:27.686 I/tvos    ( 1764): #1|->SDK_bMHEGApMute:0<-|->SDK_bAllAudioMuteCtrl:0<-|->SDK_bPowerOnMute:0<-|->SDK_bNullSourceMute0<-|->SDK_bSetInputSourceAudioMute:0<-|
08-16 14:27:27.686 I/tvos    ( 1764): [audioBSP] #2 m_spkrMute : 1 ..|->SDK_bUsrSpkrAudioMute:0<-|->SDK_bPowerOnMute:0<-|->SDK_bByUserAudioMute:1<-|
08-16 14:27:27.686 I/tvos    ( 1764): [audioBSP] #3 m_PcmCapture2Mute:1 |->SDK_bByUserPcmCapture2Mute:0<-|->SDK_SUB_bByUserAudioMute:0<-|->SDK_bByUserAudioMute:1<-|
08-16 14:27:27.686 I/tvos    ( 1764): [audioBSP] #5 m_hpMute : 1 ..|->SDK_bUsrHpAudioMute:1<-|->SDK_bPowerOnMute:0<-|->SDK_bByUserAudioMute:1<-|
08-16 14:27:27.686 I/tvos    ( 1764): [audioBSP] #12 m_spdifMute : 1 ..
08-16 14:27:27.686 I/tvos    ( 1764): #12|->SDK_bPermanentAudioMute:0<-|->SDK_bMomentAudioMute:0<-|->SDK_bByBlockAudioMute:0<-|
08-16 14:27:27.686 I/tvos    ( 1764): #12|->SDK_bByVChipAudioMute:0<-|->SDK_bInternal1AudioMute:0<-|->SDK_bInternal4AudioMute:0<-|
08-16 14:27:27.686 I/tvos    ( 1764): #12|->SDK_bByDuringLimitedTimeAudioMute:0<-|->SDK_bSourceSwitchAudioMute:0<-|->SDK_bMHEGApMute:0<-|
08-16 14:27:27.686 I/tvos    ( 1764): #12|->SDK_bPowerOnMute:0<-|->SDK_bUsrSpdifAudioMute:1<-|->SDK_bNullSourceMute:0<-|->SDK_bByAppMute:0<-|
08-16 14:27:27.686 I/tvos    ( 1764): ---Amplifier_ALC1310_LR_SWMute(1)
08-16 14:27:27.686 I/tvos    ( 1764): ALC1310 mute write good, addr: 0x13, readback data : 49164, write cmd times : 1
08-16 14:27:27.687 I/System.out(17709): From style:
08-16 14:27:27.687 I/System.out(17709): Attrs: 3010001=0.6 3010002=#cc000000 3010003=null 3010004=true
08-16 14:27:27.688 I/tvos    ( 1764): SetSoundMuteStatus : m_hpMute : 1, m_spdifMute : 1, m_DataInMute : 0, m_channel7Mute : 0, m_internalMute : 0, m_spkrMute : 1, m_PcmCapture1Mute : 0, m_PcmCapture2Mute : 1 
08-16 14:27:27.694 W/WindowManager( 2207): Non-null appWindowToken for system window of type=2003
08-16 14:27:27.695 W/InputDispatcher( 2207): Focus left window: Window{b11d0af u0 sina.mobile.tianqitongstv/sina.mobile.tianqitongstv.ui.activity.SearchCityActivity}
08-16 14:27:27.695 W/InputDispatcher( 2207): Focus entered window: Window{cedeb31 u0 sina.mobile.tianqitongstv/sina.mobile.tianqitongstv.ui.activity.MainActivity}
08-16 14:27:27.737 E/BufferQueueProducer( 1749): [sina.mobile.tianqitongstv/sina.mobile.tianqitongstv.ui.activity.MainActivity] connect(P): already connected (cur=1 req=1)
08-16 14:27:27.759 E/BufferQueueProducer( 1749): [sina.mobile.tianqitongstv/sina.mobile.tianqitongstv.ui.activity.MainActivity] connect(P): already connected (cur=1 req=1)
08-16 14:27:27.786 I/tvos    ( 1764): [37m[INFO] Change to Voltage: 1150 mV (0x22)[m
08-16 14:27:27.786 I/tvos    ( 1764): [37m[INFO] Change to Voltage: 1150 mV (0x25)[m
08-16 14:27:27.787 I/tvos    ( 1764): [37m[INFO] Change to Voltage: 1150 mV (0x28)[m
08-16 14:27:27.787 I/tvos    ( 1764): [37m[INFO] Change to Voltage: 1150 mV (0x2B)[m
08-16 14:27:27.788 I/tvos    ( 1764): [37m[INFO] Change to Voltage: 1150 mV (0x2E)[m
08-16 14:27:27.789 I/tvos    ( 1764): [37m[INFO] Change to Voltage: 1150 mV (0x2E)[m
08-16 14:27:27.795 I/tvos    ( 1764): GetAudioOutputDevice, retval : 0
08-16 14:27:27.971 W/AppOps  ( 2207): Finishing op nesting under-run: uid 10039 pkg sina.mobile.tianqitongstv code 24 time=0 duration=0 nesting=0
08-16 14:27:27.976 W/InputDispatcher( 2207): Focus left window: Window{cedeb31 u0 sina.mobile.tianqitongstv/sina.mobile.tianqitongstv.ui.activity.MainActivity}
08-16 14:27:27.976 W/InputDispatcher( 2207): Window went away: Window{cedeb31 u0 sina.mobile.tianqitongstv/sina.mobile.tianqitongstv.ui.activity.MainActivity}
08-16 14:27:27.978 W/InputDispatcher( 2207): Focus entered window: Window{79bb53d u0 sina.mobile.tianqitongstv/sina.mobile.tianqitongstv.ui.activity.MainActivity}
08-16 14:27:27.985 I/tvos    ( 1764): [37m[INFO] Change to Voltage: 1030 mV (0x2E)[m
08-16 14:27:27.986 I/tvos    ( 1764): [37m[INFO] Change to Voltage: 1030 mV (0x2B)[m
08-16 14:27:27.987 I/tvos    ( 1764): [37m[INFO] Change to Voltage: 1030 mV (0x28)[m
08-16 14:27:27.988 I/tvos    ( 1764): [37m[INFO] Change to Voltage: 1030 mV (0x25)[m
08-16 14:27:27.990 I/tvos    ( 1764): [37m[INFO] Change to Voltage: 1030 mV (0x22)[m
08-16 14:27:27.991 I/tvos    ( 1764): [37m[INFO] Change to Voltage: 1030 mV (0x22)[m
08-16 14:27:28.046 I/tvos    ( 1764): GetAudioOutputDevice, retval : 0
08-16 14:27:28.115 W/InputDispatcher( 2207): Window went away: Window{b11d0af u0 sina.mobile.tianqitongstv/sina.mobile.tianqitongstv.ui.activity.SearchCityActivity}
08-16 14:27:28.277 I/APM::AudioPolicyEngine( 1758): getDeviceForStrategy, 359
08-16 14:27:28.296 I/tvos    ( 1764): GetAudioOutputDevice, retval : 0
08-16 14:27:28.345 I/ActivityManager( 2207): Force stopping com.android.testing.dummyime appid=10093 user=0: from pid 2207
08-16 14:27:28.345 I/ActivityManager( 2207): Killing 17993:com.android.testing.dummyime/u0a93 (adj 2): stop com.android.testing.dummyime
08-16 14:27:28.388 W/ActivityManager( 2207): Scheduling restart of crashed service com.android.testing.dummyime/.DummyIme in 1000ms
08-16 14:27:28.389 I/ActivityManager( 2207):   Force stopping service ServiceRecord{3376cec u0 com.android.testing.dummyime/.DummyIme}
08-16 14:27:28.392 W/InputMethodManagerService( 2207): Session failed to close due to remote exception
08-16 14:27:28.392 W/InputMethodManagerService( 2207): android.os.DeadObjectException
08-16 14:27:28.392 W/InputMethodManagerService( 2207): 	at android.os.BinderProxy.transactNative(Native Method)
08-16 14:27:28.392 W/InputMethodManagerService( 2207): 	at android.os.BinderProxy.transact(Binder.java:503)
08-16 14:27:28.392 W/InputMethodManagerService( 2207): 	at com.android.internal.view.IInputMethodSession$Stub$Proxy.finishSession(IInputMethodSession.java:305)
08-16 14:27:28.392 W/InputMethodManagerService( 2207): 	at com.android.server.InputMethodManagerService.finishSessionLocked(InputMethodManagerService.java:1622)
08-16 14:27:28.392 W/InputMethodManagerService( 2207): 	at com.android.server.InputMethodManagerService.clearClientSessionLocked(InputMethodManagerService.java:1613)
08-16 14:27:28.392 W/InputMethodManagerService( 2207): 	at com.android.server.InputMethodManagerService.clearCurMethodLocked(InputMethodManagerService.java:1639)
08-16 14:27:28.392 W/InputMethodManagerService( 2207): 	at com.android.server.InputMethodManagerService.onServiceDisconnected(InputMethodManagerService.java:1658)
08-16 14:27:28.392 W/InputMethodManagerService( 2207): 	at android.app.LoadedApk$ServiceDispatcher.doDeath(LoadedApk.java:1228)
08-16 14:27:28.392 W/InputMethodManagerService( 2207): 	at android.app.LoadedApk$ServiceDispatcher$RunConnection.run(LoadedApk.java:1242)
08-16 14:27:28.392 W/InputMethodManagerService( 2207): 	at android.os.Handler.handleCallback(Handler.java:739)
08-16 14:27:28.392 W/InputMethodManagerService( 2207): 	at android.os.Handler.dispatchMessage(Handler.java:95)
08-16 14:27:28.392 W/InputMethodManagerService( 2207): 	at android.os.Looper.loop(Looper.java:148)
08-16 14:27:28.392 W/InputMethodManagerService( 2207): 	at com.android.server.SystemServer.run(SystemServer.java:309)
08-16 14:27:28.392 W/InputMethodManagerService( 2207): 	at com.android.server.SystemServer.main(SystemServer.java:179)
08-16 14:27:28.392 W/InputMethodManagerService( 2207): 	at java.lang.reflect.Method.invoke(Native Method)
08-16 14:27:28.392 W/InputMethodManagerService( 2207): 	at com.android.internal.os.ZygoteInit$MethodAndArgsCaller.run(ZygoteInit.java:744)
08-16 14:27:28.392 W/InputMethodManagerService( 2207): 	at com.android.internal.os.ZygoteInit.main(ZygoteInit.java:634)
08-16 14:27:28.393 W/ActivityManager( 2207): Spurious death for ProcessRecord{5117dee 0:com.android.testing.dummyime/u0a93}, curProc for 17993: null
08-16 14:27:28.547 I/tvos    ( 1764): GetAudioOutputDevice, retval : 0
08-16 14:27:28.572 E/LetvRemoteupgradeManager-JNI( 2613): can't get LetvManager service!
08-16 14:27:28.719 I/tvos    ( 1764): bq32kDriver:rtc_read_time.
08-16 14:27:28.719 I/tvos    ( 1764): [hq]rtc_read_time: read 0x28 0x27 0xc6 0x05 0x16 0x08 0x18
08-16 14:27:28.719 I/tvos    ( 1764): rtc_read_time: date 28s 27m 6h 16md 7m 118y
08-16 14:27:28.719 I/tvos    ( 1764): rtc read time:2018-8-16 6:27:28.
08-16 14:27:28.719 I/tvos    ( 1764): tm_year = 2018, tm_mon = 8, tm_mday = 16, tm_hour = 6,tm_min= 27,  tm_sec = 28
08-16 14:27:28.719 I/tvos    ( 1764): timeSeconds:1534400848 rtcTimeSeconds:1534400848.
08-16 14:27:28.797 I/tvos    ( 1764): GetAudioOutputDevice, retval : 0
08-16 14:27:29.048 I/tvos    ( 1764): GetAudioOutputDevice, retval : 0
08-16 14:27:29.298 I/tvos    ( 1764): GetAudioOutputDevice, retval : 0
08-16 14:27:29.548 I/tvos    ( 1764): GetAudioOutputDevice, retval : 0
08-16 14:27:29.799 I/tvos    ( 1764): GetAudioOutputDevice, retval : 0
08-16 14:27:30.049 I/tvos    ( 1764): GetAudioOutputDevice, retval : 0
08-16 14:27:30.300 I/tvos    ( 1764): GetAudioOutputDevice, retval : 0
08-16 14:27:30.550 I/tvos    ( 1764): GetAudioOutputDevice, retval : 0
08-16 14:27:30.801 I/tvos    ( 1764): GetAudioOutputDevice, retval : 0
08-16 14:27:31.051 I/tvos    ( 1764): GetAudioOutputDevice, retval : 0
08-16 14:27:31.302 I/tvos    ( 1764): GetAudioOutputDevice, retval : 0
08-16 14:27:31.552 I/tvos    ( 1764): GetAudioOutputDevice, retval : 0
08-16 14:27:31.572 E/LetvRemoteupgradeManager-JNI( 2613): can't get LetvManager service!
08-16 14:27:31.802 I/tvos    ( 1764): GetAudioOutputDevice, retval : 0
08-16 14:27:32.053 I/tvos    ( 1764): GetAudioOutputDevice, retval : 0
08-16 14:27:32.303 I/tvos    ( 1764): GetAudioOutputDevice, retval : 0
08-16 14:27:32.554 I/tvos    ( 1764): GetAudioOutputDevice, retval : 0
08-16 14:27:32.804 I/tvos    ( 1764): GetAudioOutputDevice, retval : 0
08-16 14:27:33.054 I/tvos    ( 1764): GetAudioOutputDevice, retval : 0
08-16 14:27:33.305 I/tvos    ( 1764): GetAudioOutputDevice, retval : 0
08-16 14:27:33.555 I/tvos    ( 1764): GetAudioOutputDevice, retval : 0
08-16 14:27:33.806 I/tvos    ( 1764): GetAudioOutputDevice, retval : 0
08-16 14:27:33.880 I/reService( 2207): onReportKeyEvent  type=type0 keycode=82*19*20*20*20*20*20*22*22*23 
08-16 14:27:33.881 E/LETV_DEVICE( 1780): no name sn for Mstar
08-16 14:27:33.893 E/ActivityThread( 2837): Failed to find provider info for com.letv.agnes.InfoProvider
08-16 14:27:33.894 E/ActivityThread( 2837): Failed to find provider info for com.letv.agnes.InfoProvider
08-16 14:27:33.894 W/System.err( 2837): java.lang.IllegalArgumentException: Unknown URL content://com.letv.agnes.InfoProvider
08-16 14:27:33.894 W/System.err( 2837): 	at android.content.ContentResolver.insert(ContentResolver.java:1227)
08-16 14:27:33.894 W/System.err( 2837): 	at com.letv.tracker2.agnes.Configuration.addDebugInfo(Configuration.java:289)
08-16 14:27:33.894 W/System.err( 2837): 	at com.letv.tracker2.agnes.MessageProcessor$SendEnvMsgTr$1.handleMessage(MessageProcessor.java:661)
08-16 14:27:33.895 W/System.err( 2837): 	at android.os.Handler.dispatchMessage(Handler.java:102)
08-16 14:27:33.896 W/System.err( 2837): 	at android.os.Looper.loop(Looper.java:148)
08-16 14:27:33.896 W/System.err( 2837): 	at com.letv.tracker2.agnes.MessageProcessor$SendEnvMsgTr.run(MessageProcessor.java:665)
08-16 14:27:33.901 I/[T1.0.6.3]EuiAgnes_Server( 2837): resCode:1
08-16 14:27:33.901 I/[T1.0.6.3]EuiAgnes_Server( 2837): b[0]:0
08-16 14:27:34.056 I/tvos    ( 1764): GetAudioOutputDevice, retval : 0
08-16 14:27:34.307 I/tvos    ( 1764): GetAudioOutputDevice, retval : 0
08-16 14:27:34.557 I/tvos    ( 1764): GetAudioOutputDevice, retval : 0
08-16 14:27:34.572 E/LetvRemoteupgradeManager-JNI( 2613): can't get LetvManager service!
08-16 14:27:34.808 I/tvos    ( 1764): GetAudioOutputDevice, retval : 0
08-16 14:27:35.058 I/tvos    ( 1764): GetAudioOutputDevice, retval : 0
08-16 14:27:35.308 I/tvos    ( 1764): GetAudioOutputDevice, retval : 0
08-16 14:27:35.559 I/tvos    ( 1764): GetAudioOutputDevice, retval : 0
08-16 14:27:35.809 I/tvos    ( 1764): GetAudioOutputDevice, retval : 0
08-16 14:27:36.060 I/tvos    ( 1764): GetAudioOutputDevice, retval : 0
08-16 14:27:36.183 I/WifiStateMachine( 2207):  DisconnectedState !CMD_START_SCAN  rt=511722616/511722616 -2 34093 ic=1 proc(ms):15013 dur:2914 cnt=34093 rssi=-127 f=-1 sc=0 link=-1 tx=0.0, 0.0, 0.0  rx=0.0 fiv=20000 [on:0 tx:0 rx:0 period:15011] from screen [on:0 period:1097531511]
08-16 14:27:36.183 I/WifiStateMachine( 2207): handlescanrequest  starting scan for 
08-16 14:27:36.183 I/WifiStateMachine( 2207): startscannative  starting scan for 
08-16 14:27:36.193 W/InputDispatcher( 2207): findFocusedWindow finished: injectionResult=0, timeSpentWaitingForApplication=0.0ms
08-16 14:27:36.198 W/InputDispatcher( 2207): findFocusedWindow finished: injectionResult=0, timeSpentWaitingForApplication=0.0ms
08-16 14:27:36.202 W/InputDispatcher( 2207): setFocusedApplication
08-16 14:27:36.204 W/InputDispatcher( 2207): Focus left window: Window{79bb53d u0 sina.mobile.tianqitongstv/sina.mobile.tianqitongstv.ui.activity.MainActivity}
08-16 14:27:36.213 I/ActivityManager( 2207): TR11) TaskRecord{14b0d11 #1 A=com.stv.launcher U=0 sz=1}
08-16 14:27:36.213 I/ActivityManager( 2207): TR10) TaskRecord{e0665f7 #26 A=sina.mobile.tianqitongstv U=0 sz=1}
08-16 14:27:36.214 I/ActivityManager( 2207): accel TR11) TaskRecord{14b0d11 #1 A=com.stv.launcher U=0 sz=1}
08-16 14:27:36.214 I/ActivityManager( 2207): accel TR10) TaskRecord{e0665f7 #26 A=sina.mobile.tianqitongstv U=0 sz=1}
08-16 14:27:36.229 E/LETV_DEVICE( 1780): no name sn for Mstar
08-16 14:27:36.240 I/AnalysisLog( 3007): Activ:onStart----start:time='511722674'
08-16 14:27:36.241 I/TvLiveBaseFragment( 3007): onStart
08-16 14:27:36.244 I/Launcher( 3007): [com.stv.launcher] LauncherActivity -- onStart, switchByStr: false
08-16 14:27:36.245 I/AnalysisLog( 3007): Plugin:onFragmentShowChanged_show:com.stv.plugin.app----start:time='511722678'
08-16 14:27:36.245 I/AppPlugin( 3007): ReportLogUtil -- startExposureReport
08-16 14:27:36.249 I/AnalysisLog( 3007): Plugin:onFragmentShowChanged_show:com.stv.plugin.app----end:time='511722682'
08-16 14:27:36.255 I/AnalysisLog( 3007): Activ:onStart----end:time='511722688'
08-16 14:27:36.257 I/Launcher( 3007): [com.stv.launcher] LauncherActivity --  debug_tag onResume
08-16 14:27:36.258 I/AnalysisLog( 3007): Activ:onResume----start:time='511722691'
08-16 14:27:36.259 E/ActivityThread( 2837): Failed to find provider info for com.letv.agnes.InfoProvider
08-16 14:27:36.259 I/Launcher( 3007): [com.stv.launcher] boot video finished=1 bootAnifinished = 1 str =  strAdFinished = 3
08-16 14:27:36.259 I/Launcher( 3007): [com.stv.launcher] LauncherActivity -- onResume, switchByStr: false, bootAdFinish true
08-16 14:27:36.261 I/Launcher( 3007): [com.stv.launcher] LauncherActivity -- onResume mHandDetectStarted: false mHandDetectType: 0 mLastSelectedScreen = null
08-16 14:27:36.261 I/Launcher( 3007): [com.stv.launcher] PluginShell --  debug_tag  >>>>>> startLoadFirst <<<<<<
08-16 14:27:36.261 I/AnalysisLog( 3007): Activ:onResume----end:time='511722694'
08-16 14:27:36.261 I/AnalysisLog( 3007): Plugin:onAttach2onResume:com.letv.android.tv.letvlive----end:time='511722694'
08-16 14:27:36.261 I/TvLiveBaseFragment( 3007): onResume
08-16 14:27:36.261 I/AnalysisLog( 3007): Plugin:onAttach2onResume:com.stv.plugin.tencent----end:time='511722694'
08-16 14:27:36.261 I/AnalysisLog( 3007): Plugin:onAttach2onResume:com.stv.plugin.video----end:time='511722694'
08-16 14:27:36.261 I/AnalysisLog( 3007): Plugin:onAttach2onResume:com.stv.plugin.search----end:time='511722694'
08-16 14:27:36.261 I/ShoppingPlugin-stv-PluginFragment( 3007): onResume ->in
