08-16 14:27:15.519 I/tvos    ( 1764): GetAudioOutputDevice, retval : 0
08-16 14:27:15.613 I/APM::AudioPolicyEngine( 1758): getDeviceForStrategy, 359
08-16 14:27:15.769 I/tvos    ( 1764): GetAudioOutputDevice, retval : 0
08-16 14:27:16.020 I/tvos    ( 1764): GetAudioOutputDevice, retval : 0
08-16 14:27:16.273 I/tvos    ( 1764): GetAudioOutputDevice, retval : 0
08-16 14:27:16.524 I/tvos    ( 1764): GetAudioOutputDevice, retval : 0
08-16 14:27:16.564 E/LetvRemoteupgradeManager-JNI( 2613): can't get LetvManager service!
08-16 14:27:16.774 I/tvos    ( 1764): GetAudioOutputDevice, retval : 0
08-16 14:27:16.986 I/tvos    ( 1764): [37m[INFO] Change to Voltage: 1130 mV (0x1F)[m
08-16 14:27:16.986 I/tvos    ( 1764): [37m[INFO] Change to Voltage: 1130 mV (0x22)[m
08-16 14:27:16.986 I/tvos    ( 1764): [37m[INFO] Change to Voltage: 1130 mV (0x25)[m
08-16 14:27:16.986 I/tvos    ( 1764): [37m[INFO] Change to Voltage: 1130 mV (0x28)[m
08-16 14:27:16.987 I/tvos    ( 1764): [37m[INFO] Change to Voltage: 1130 mV (0x2B)[m
08-16 14:27:16.987 I/tvos    ( 1764): [37m[INFO] Change to Voltage: 1130 mV (0x2C)[m
08-16 14:27:16.999 I/lbplayer( 4071): [main]:ServiceDOWN:dlnaRender is running
08-16 14:27:16.999 I/lbplayer( 4071): [main]:ServiceDOWN:LeLinkService is running
08-16 14:27:16.999 I/lbplayer( 4071): [main]:ServiceDOWN:mainServer is running
08-16 14:27:17.024 I/tvos    ( 1764): GetAudioOutputDevice, retval : 0
08-16 14:27:17.084 I/tvos    ( 1764): [37m[INFO] Change to Voltage: 1000 mV (0x2C)[m
08-16 14:27:17.085 I/tvos    ( 1764): [37m[INFO] Change to Voltage: 1000 mV (0x29)[m
08-16 14:27:17.086 I/tvos    ( 1764): [37m[INFO] Change to Voltage: 1000 mV (0x26)[m
08-16 14:27:17.086 I/tvos    ( 1764): [37m[INFO] Change to Voltage: 1000 mV (0x23)[m
08-16 14:27:17.087 I/tvos    ( 1764): [37m[INFO] Change to Voltage: 1000 mV (0x20)[m
08-16 14:27:17.088 I/tvos    ( 1764): [37m[INFO] Change to Voltage: 1000 mV (0x1F)[m
08-16 14:27:17.111 E/InternetUtils( 4594): java.net.SocketTimeoutException: failed to connect to www.cibn.com/61.133.127.115 (port 80) after 3000ms
08-16 14:27:17.275 I/tvos    ( 1764): GetAudioOutputDevice, retval : 0
08-16 14:27:17.525 I/tvos    ( 1764): GetAudioOutputDevice, retval : 0
08-16 14:27:17.776 I/tvos    ( 1764): GetAudioOutputDevice, retval : 0
08-16 14:27:18.026 I/tvos    ( 1764): GetAudioOutputDevice, retval : 0
08-16 14:27:18.276 I/tvos    ( 1764): GetAudioOutputDevice, retval : 0
08-16 14:27:18.527 I/tvos    ( 1764): GetAudioOutputDevice, retval : 0
08-16 14:27:18.777 I/tvos    ( 1764): GetAudioOutputDevice, retval : 0
08-16 14:27:18.868 I/reService( 2207): onReportKeyEvent  type=type0 keycode=82*19*20*20*20*20*20*23 
08-16 14:27:18.869 E/LETV_DEVICE( 1780): no name sn for Mstar
08-16 14:27:18.876 E/ActivityThread( 2837): Failed to find provider info for com.letv.agnes.InfoProvider
08-16 14:27:18.877 E/ActivityThread( 2837): Failed to find provider info for com.letv.agnes.InfoProvider
08-16 14:27:18.877 W/System.err( 2837): java.lang.IllegalArgumentException: Unknown URL content://com.letv.agnes.InfoProvider
08-16 14:27:18.877 W/System.err( 2837): 	at android.content.ContentResolver.insert(ContentResolver.java:1227)
08-16 14:27:18.877 W/System.err( 2837): 	at com.letv.tracker2.agnes.Configuration.addDebugInfo(Configuration.java:289)
08-16 14:27:18.877 W/System.err( 2837): 	at com.letv.tracker2.agnes.MessageProcessor$SendEnvMsgTr$1.handleMessage(MessageProcessor.java:661)
08-16 14:27:18.877 W/System.err( 2837): 	at android.os.Handler.dispatchMessage(Handler.java:102)
08-16 14:27:18.877 W/System.err( 2837): 	at android.os.Looper.loop(Looper.java:148)
08-16 14:27:18.877 W/System.err( 2837): 	at com.letv.tracker2.agnes.MessageProcessor$SendEnvMsgTr.run(MessageProcessor.java:665)
08-16 14:27:18.884 I/[T1.0.6.3]EuiAgnes_Server( 2837): resCode:1
08-16 14:27:18.884 I/[T1.0.6.3]EuiAgnes_Server( 2837): b[0]:0
08-16 14:27:19.028 I/tvos    ( 1764): GetAudioOutputDevice, retval : 0
08-16 14:27:19.278 I/tvos    ( 1764): GetAudioOutputDevice, retval : 0
08-16 14:27:19.528 I/tvos    ( 1764): GetAudioOutputDevice, retval : 0
08-16 14:27:19.564 E/LetvRemoteupgradeManager-JNI( 2613): can't get LetvManager service!
08-16 14:27:19.779 I/tvos    ( 1764): GetAudioOutputDevice, retval : 0
08-16 14:27:20.029 I/tvos    ( 1764): GetAudioOutputDevice, retval : 0
08-16 14:27:20.280 I/tvos    ( 1764): GetAudioOutputDevice, retval : 0
08-16 14:27:20.530 W/InputDispatcher( 2207): findFocusedWindow finished: injectionResult=0, timeSpentWaitingForApplication=0.0ms
08-16 14:27:20.530 I/tvos    ( 1764): GetAudioOutputDevice, retval : 0
08-16 14:27:20.531 I/System.out(17709): From style:
08-16 14:27:20.531 I/System.out(17709): Attrs: 3010001=0.6 3010002=#0 3010003=null 3010004=true
08-16 14:27:20.535 W/InputDispatcher( 2207): Focus left window: Window{79bb53d u0 sina.mobile.tianqitongstv/sina.mobile.tianqitongstv.ui.activity.MainActivity}
08-16 14:27:20.535 W/InputDispatcher( 2207): Focus entered window: Window{10e61b7 u0 sina.mobile.tianqitongstv/sina.mobile.tianqitongstv.ui.activity.MainActivity}
08-16 14:27:20.567 I/DesktopManagerService( 2207): get screen shot
08-16 14:27:20.583 E/LetvContextMenuView(17709): screenshot success
08-16 14:27:20.613 W/InputDispatcher( 2207): findFocusedWindow finished: injectionResult=0, timeSpentWaitingForApplication=0.0ms
08-16 14:27:20.635 E/BufferQueueProducer( 1749): [sina.mobile.tianqitongstv/sina.mobile.tianqitongstv.ui.activity.MainActivity] connect(P): already connected (cur=1 req=1)
08-16 14:27:20.649 W/ViewRootImpl(17709): Cancelling event due to no window focus: KeyEvent { action=ACTION_UP, keyCode=KEYCODE_MENU, scanCode=0, metaState=0, flags=0x20, repeatCount=0, eventTime=511706961, downTime=511706961, deviceId=-1, source=0x101 }
08-16 14:27:20.649 W/ViewRootImpl(17709): Cancelling event due to no window focus: KeyEvent { action=ACTION_UP, keyCode=KEYCODE_MENU, scanCode=0, metaState=0, flags=0x20, repeatCount=0, eventTime=511706961, downTime=511706961, deviceId=-1, source=0x101 }
08-16 14:27:20.649 W/ViewRootImpl(17709): Cancelling event due to no window focus: KeyEvent { action=ACTION_UP, keyCode=KEYCODE_MENU, scanCode=0, metaState=0, flags=0x20, repeatCount=0, eventTime=511706961, downTime=511706961, deviceId=-1, source=0x101 }
08-16 14:27:20.649 W/ViewRootImpl(17709): Cancelling event due to no window focus: KeyEvent { action=ACTION_UP, keyCode=KEYCODE_MENU, scanCode=0, metaState=0, flags=0x20, repeatCount=0, eventTime=511706961, downTime=511706961, deviceId=-1, source=0x101 }
08-16 14:27:20.649 W/ViewRootImpl(17709): Cancelling event due to no window focus: KeyEvent { action=ACTION_UP, keyCode=KEYCODE_MENU, scanCode=0, metaState=0, flags=0x20, repeatCount=0, eventTime=511706961, downTime=511706961, deviceId=-1, source=0x101 }
08-16 14:27:20.649 W/ViewRootImpl(17709): Cancelling event due to no window focus: KeyEvent { action=ACTION_UP, keyCode=KEYCODE_MENU, scanCode=0, metaState=0, flags=0x20, repeatCount=0, eventTime=511706961, downTime=511706961, deviceId=-1, source=0x101 }
08-16 14:27:20.781 I/tvos    ( 1764): GetAudioOutputDevice, retval : 0
08-16 14:27:21.031 I/tvos    ( 1764): GetAudioOutputDevice, retval : 0
08-16 14:27:21.170 I/WifiStateMachine( 2207):  DisconnectedState !CMD_START_SCAN  rt=511707603/511707603 -2 34092 ic=1 proc(ms):15014 dur:2876 cnt=34092 rssi=-127 f=-1 sc=0 link=-1 tx=0.0, 0.0, 0.0  rx=0.0 fiv=20000 [on:0 tx:0 rx:0 period:15011] from screen [on:0 period:1097516498]
08-16 14:27:21.170 I/WifiStateMachine( 2207): handlescanrequest  starting scan for 
08-16 14:27:21.170 I/WifiStateMachine( 2207): startscannative  starting scan for 
08-16 14:27:21.281 I/tvos    ( 1764): GetAudioOutputDevice, retval : 0
08-16 14:27:21.422 I/remotestatus( 2207): Msg.what is 101
08-16 14:27:21.422 I/WindowManager( 2207): turn cursor off
08-16 14:27:21.422 E/RemoteManager( 2207): RemoteManager is no longer support in eui6.5
08-16 14:27:21.422 W/InputDispatcher( 2207): findFocusedWindow finished: injectionResult=0, timeSpentWaitingForApplication=0.0ms
08-16 14:27:21.423 E/InputManager-JNI( 2207): call nativeDisableCursor method with hideCursor
08-16 14:27:21.426 W/InputDispatcher( 2207): findFocusedWindow finished: injectionResult=0, timeSpentWaitingForApplication=0.0ms
08-16 14:27:21.532 I/tvos    ( 1764): GetAudioOutputDevice, retval : 0
08-16 14:27:21.782 I/tvos    ( 1764): GetAudioOutputDevice, retval : 0
08-16 14:27:21.930 I/remotestatus( 2207): Msg.what is 101
08-16 14:27:21.930 I/WindowManager( 2207): turn cursor off
08-16 14:27:21.930 E/RemoteManager( 2207): RemoteManager is no longer support in eui6.5
08-16 14:27:21.930 W/InputDispatcher( 2207): findFocusedWindow finished: injectionResult=0, timeSpentWaitingForApplication=0.0ms
08-16 14:27:21.931 E/InputManager-JNI( 2207): call nativeDisableCursor method with hideCursor
08-16 14:27:21.940 I/SoundPool( 2207): enter : func play
08-16 14:27:21.941 I/APM::AudioPolicyEngine( 1758): getDeviceForStrategy, 359
08-16 14:27:21.942 I/audio_hw_primary( 1758): version:a00004 adev_create_audio_patch::mix->device 
08-16 14:27:21.942 I/audio_hw_primary( 1758): adev_create_audio_patch *handle=-1420227928 num_audio_patch=3
08-16 14:27:21.944 W/InputDispatcher( 2207): findFocusedWindow finished: injectionResult=0, timeSpentWaitingForApplication=0.0ms
08-16 14:27:21.946 E/AudioManagerService( 1803): setAudioVolume(callingPid 1758, clientPid 1758, enSoundPath 0, volumn:0 )
08-16 14:27:21.949 I/tvos    ( 1764): SetVolume, subWooExist 0!
08-16 14:27:21.949 I/tvos    ( 1764): mapi_audio_customer::SetAbsoluteVolume: project name is X440M
08-16 14:27:21.949 I/tvos    ( 1764): SetAbsoluteVolume: uPercent : 0, path=52(speaker), VolumeInt=7f, VolumeFra=0
08-16 14:27:21.949 I/tvos    ( 1764): SetAbsoluteVolume: uPercent(currVol) : 0, realPath=52(default), VolumeInt=7f, VolumeFra=0
08-16 14:27:21.949 I/tvos    ( 1764): mapi_audio_customer::SetAbsoluteVolume: project name is X440M
08-16 14:27:21.949 I/tvos    ( 1764): SetAbsoluteVolume: uPercent : 0, path=49(HP), VolumeInt=7f, VolumeFra=0
08-16 14:27:21.949 I/tvos    ( 1764): SetAbsoluteVolume: uPercent(currVol) : 0, realPath=49(default), VolumeInt=7f, VolumeFra=0
08-16 14:27:21.949 I/tvos    ( 1764): mapi_audio_customer::SetAbsoluteVolume: project name is X440M
08-16 14:27:21.949 I/tvos    ( 1764): SetAbsoluteVolume, m_bBTDetect is false! 
08-16 14:27:21.949 I/tvos    ( 1764): mapi_audio_customer::SetAbsoluteVolume: project name is X440M
08-16 14:27:21.949 I/tvos    ( 1764): SetAbsoluteVolume: uPercent : 0, path=255(speaker), VolumeInt=7f, VolumeFra=0
08-16 14:27:21.949 I/tvos    ( 1764): SetAbsoluteVolume: uPercent(currVol) : 0, realPath=255(default), VolumeInt=7f, VolumeFra=0
08-16 14:27:21.949 I/tvos    ( 1764): [SetMuteStatus] call SetSoundMuteStatus, line : 10369, muteType: 4, onOff : 0 
08-16 14:27:21.949 I/tvos    ( 1764): [audioBSP] #1 m_internalMute : 0 ..
08-16 14:27:21.949 I/tvos    ( 1764): #1|->SDK_bPermanentAudioMute:0<-|->SDK_bMomentAudioMute:0 <-|->SDK_bBySyncAudioMute:0<-|->SDK_bByBlockAudioMute:0<-|->SDK_bByVChipAudioMute:0<-|
08-16 14:27:21.949 I/tvos    ( 1764): #1|->SDK_bInternal1AudioMute:0<-|->SDK_bInternal2AudioMute:0<-|->SDK_bInternal3AudioMute:0<-|->SDK_bInternal4AudioMute:0<-|
08-16 14:27:21.949 I/tvos    ( 1764): #1|->SDK_bByScanInOutchgCHchg:0<-|->SDK_bByDuringLimitedTimeAudioMute:0<-|->SDK_bSourceSwitchAudioMute:0<-|
08-16 14:27:21.949 I/tvos    ( 1764): #1|->SDK_bMHEGApMute:0<-|->SDK_bAllAudioMuteCtrl:0<-|->SDK_bPowerOnMute:0<-|->SDK_bNullSourceMute0<-|->SDK_bSetInputSourceAudioMute:0<-|
08-16 14:27:21.949 I/tvos    ( 1764): [audioBSP] #2 m_spkrMute : 0 ..|->SDK_bUsrSpkrAudioMute:0<-|->SDK_bPowerOnMute:0<-|->SDK_bByUserAudioMute:0<-|
08-16 14:27:21.949 I/tvos    ( 1764): [audioBSP] #3 m_PcmCapture2Mute:0 |->SDK_bByUserPcmCapture2Mute:0<-|->SDK_SUB_bByUserAudioMute:0<-|->SDK_bByUserAudioMute:0<-|
08-16 14:27:21.949 I/tvos    ( 1764): [audioBSP] #5 m_hpMute : 1 ..|->SDK_bUsrHpAudioMute:1<-|->SDK_bPowerOnMute:0<-|->SDK_bByUserAudioMute:0<-|
08-16 14:27:21.949 I/tvos    ( 1764): [audioBSP] #12 m_spdifMute : 1 ..
08-16 14:27:21.949 I/tvos    ( 1764): #12|->SDK_bPermanentAudioMute:0<-|->SDK_bMomentAudioMute:0<-|->SDK_bByBlockAudioMute:0<-|
08-16 14:27:21.949 I/tvos    ( 1764): #12|->SDK_bByVChipAudioMute:0<-|->SDK_bInternal1AudioMute:0<-|->SDK_bInternal4AudioMute:0<-|
08-16 14:27:21.949 I/tvos    ( 1764): #12|->SDK_bByDuringLimitedTimeAudioMute:0<-|->SDK_bSourceSwitchAudioMute:0<-|->SDK_bMHEGApMute:0<-|
08-16 14:27:21.949 I/tvos    ( 1764): #12|->SDK_bPowerOnMute:0<-|->SDK_bUsrSpdifAudioMute:1<-|->SDK_bNullSourceMute:0<-|->SDK_bByAppMute:0<-|
08-16 14:27:21.950 I/tvos    ( 1764): ---Amplifier_ALC1310_LR_SWMute(0)
08-16 14:27:21.950 I/tvos    ( 1764): ALC1310 unmute good, addr: 0x13 readbackvalue: 4 
08-16 14:27:21.951 I/tvos    ( 1764): SetSoundMuteStatus : m_hpMute : 1, m_spdifMute : 1, m_DataInMute : 0, m_channel7Mute : 0, m_internalMute : 0, m_spkrMute : 0, m_PcmCapture1Mute : 0, m_PcmCapture2Mute : 0 
08-16 14:27:21.953 I/AudioUtil( 1758): setParameters spk_volume=0
08-16 14:27:21.953 I/audio_hw_primary( 1758): adev_set_parameters: spk_volume=0
08-16 14:27:21.954 I/tvos    ( 1764): GetAudioOutputDevice, retval : 0
08-16 14:27:21.957 I/tvos    ( 1764): [SetMuteStatus] call SetSoundMuteStatus, line : 10369, muteType: 67108864, onOff : 1 
08-16 14:27:21.957 I/tvos    ( 1764): _TransMSrvMuteTypeToSDKMuteType: Err! muteType(67108864) is out of Range
08-16 14:27:21.957 I/tvos    ( 1764): [SetMuteStatus] call SetSoundMuteStatus, line : 10369, muteType: 4, onOff : 1 
08-16 14:27:21.957 I/tvos    ( 1764): [audioBSP] #1 m_internalMute : 0 ..
08-16 14:27:21.957 I/tvos    ( 1764): #1|->SDK_bPermanentAudioMute:0<-|->SDK_bMomentAudioMute:0 <-|->SDK_bBySyncAudioMute:0<-|->SDK_bByBlockAudioMute:0<-|->SDK_bByVChipAudioMute:0<-|
08-16 14:27:21.957 I/tvos    ( 1764): #1|->SDK_bInternal1AudioMute:0<-|->SDK_bInternal2AudioMute:0<-|->SDK_bInternal3AudioMute:0<-|->SDK_bInternal4AudioMute:0<-|
08-16 14:27:21.957 I/tvos    ( 1764): #1|->SDK_bByScanInOutchgCHchg:0<-|->SDK_bByDuringLimitedTimeAudioMute:0<-|->SDK_bSourceSwitchAudioMute:0<-|
08-16 14:27:21.957 I/tvos    ( 1764): #1|->SDK_bMHEGApMute:0<-|->SDK_bAllAudioMuteCtrl:0<-|->SDK_bPowerOnMute:0<-|->SDK_bNullSourceMute0<-|->SDK_bSetInputSourceAudioMute:0<-|
08-16 14:27:21.957 I/tvos    ( 1764): [audioBSP] #2 m_spkrMute : 1 ..|->SDK_bUsrSpkrAudioMute:0<-|->SDK_bPowerOnMute:0<-|->SDK_bByUserAudioMute:1<-|
08-16 14:27:21.957 I/tvos    ( 1764): [audioBSP] #3 m_PcmCapture2Mute:1 |->SDK_bByUserPcmCapture2Mute:0<-|->SDK_SUB_bByUserAudioMute:0<-|->SDK_bByUserAudioMute:1<-|
08-16 14:27:21.957 I/tvos    ( 1764): [audioBSP] #5 m_hpMute : 1 ..|->SDK_bUsrHpAudioMute:1<-|->SDK_bPowerOnMute:0<-|->SDK_bByUserAudioMute:1<-|
08-16 14:27:21.957 I/tvos    ( 1764): [audioBSP] #12 m_spdifMute : 1 ..
08-16 14:27:21.957 I/tvos    ( 1764): #12|->SDK_bPermanentAudioMute:0<-|->SDK_bMomentAudioMute:0<-|->SDK_bByBlockAudioMute:0<-|
08-16 14:27:21.957 I/tvos    ( 1764): #12|->SDK_bByVChipAudioMute:0<-|->SDK_bInternal1AudioMute:0<-|->SDK_bInternal4AudioMute:0<-|
08-16 14:27:21.957 I/tvos    ( 1764): #12|->SDK_bByDuringLimitedTimeAudioMute:0<-|->SDK_bSourceSwitchAudioMute:0<-|->SDK_bMHEGApMute:0<-|
08-16 14:27:21.957 I/tvos    ( 1764): #12|->SDK_bPowerOnMute:0<-|->SDK_bUsrSpdifAudioMute:1<-|->SDK_bNullSourceMute:0<-|->SDK_bByAppMute:0<-|
08-16 14:27:21.957 I/tvos    ( 1764): ---Amplifier_ALC1310_LR_SWMute(1)
08-16 14:27:21.957 I/tvos    ( 1764): ALC1310 mute write good, addr: 0x13, readback data : 49164, write cmd times : 1
08-16 14:27:21.959 I/tvos    ( 1764): SetSoundMuteStatus : m_hpMute : 1, m_spdifMute : 1, m_DataInMute : 0, m_channel7Mute : 0, m_internalMute : 0, m_spkrMute : 1, m_PcmCapture1Mute : 0, m_PcmCapture2Mute : 1 
08-16 14:27:21.973 E/audio_hw_primary( 1758): out_get_presentation_position pcm_get_htimestamp(pcm, &avail, timestamp) != 0!!!
08-16 14:27:22.006 I/APM::AudioPolicyEngine( 1758): getDeviceForStrategy, 359
08-16 14:27:22.033 I/tvos    ( 1764): GetAudioOutputDevice, retval : 0
08-16 14:27:22.283 I/tvos    ( 1764): GetAudioOutputDevice, retval : 0
08-16 14:27:22.454 W/InputDispatcher( 2207): findTouchedWindow finished: injectionResult=0, injectionPermission=1, timeSpentWaitingForApplication=0.0ms
08-16 14:27:22.461 W/InputDispatcher( 2207): findTouchedWindow finished: injectionResult=0, injectionPermission=1, timeSpentWaitingForApplication=0.0ms
08-16 14:27:22.526 I/SoundPool( 2207): enter : func play
08-16 14:27:22.527 I/ActivityManager( 2207): START u0 {cmp=sina.mobile.tianqitongstv/.ui.activity.SearchCityActivity (has extras)} from uid 10039 on display 0
08-16 14:27:22.529 I/APM::AudioPolicyEngine( 1758): getDeviceForStrategy, 359
08-16 14:27:22.530 I/audio_hw_primary( 1758): version:a00004 adev_create_audio_patch::mix->device 
08-16 14:27:22.531 I/audio_hw_primary( 1758): adev_create_audio_patch *handle=-1420227928 num_audio_patch=3
08-16 14:27:22.532 E/AudioManagerService( 1803): setAudioVolume(callingPid 1758, clientPid 1758, enSoundPath 0, volumn:0 )
08-16 14:27:22.535 I/tvos    ( 1764): SetVolume, subWooExist 0!
08-16 14:27:22.535 I/tvos    ( 1764): mapi_audio_customer::SetAbsoluteVolume: project name is X440M
08-16 14:27:22.535 I/tvos    ( 1764): SetAbsoluteVolume: uPercent : 0, path=52(speaker), VolumeInt=7f, VolumeFra=0
08-16 14:27:22.535 I/tvos    ( 1764): SetAbsoluteVolume: uPercent(currVol) : 0, realPath=52(default), VolumeInt=7f, VolumeFra=0
08-16 14:27:22.535 I/tvos    ( 1764): mapi_audio_customer::SetAbsoluteVolume: project name is X440M
08-16 14:27:22.535 I/tvos    ( 1764): SetAbsoluteVolume: uPercent : 0, path=49(HP), VolumeInt=7f, VolumeFra=0
08-16 14:27:22.535 I/tvos    ( 1764): SetAbsoluteVolume: uPercent(currVol) : 0, realPath=49(default), VolumeInt=7f, VolumeFra=0
08-16 14:27:22.535 I/tvos    ( 1764): mapi_audio_customer::SetAbsoluteVolume: project name is X440M
08-16 14:27:22.535 I/tvos    ( 1764): SetAbsoluteVolume, m_bBTDetect is false! 
08-16 14:27:22.535 I/tvos    ( 1764): mapi_audio_customer::SetAbsoluteVolume: project name is X440M
08-16 14:27:22.535 I/tvos    ( 1764): SetAbsoluteVolume: uPercent : 0, path=255(speaker), VolumeInt=7f, VolumeFra=0
08-16 14:27:22.535 I/tvos    ( 1764): SetAbsoluteVolume: uPercent(currVol) : 0, realPath=255(default), VolumeInt=7f, VolumeFra=0
08-16 14:27:22.535 I/tvos    ( 1764): [SetMuteStatus] call SetSoundMuteStatus, line : 10369, muteType: 4, onOff : 0 
08-16 14:27:22.535 I/tvos    ( 1764): [audioBSP] #1 m_internalMute : 0 ..
08-16 14:27:22.535 I/tvos    ( 1764): #1|->SDK_bPermanentAudioMute:0<-|->SDK_bMomentAudioMute:0 <-|->SDK_bBySyncAudioMute:0<-|->SDK_bByBlockAudioMute:0<-|->SDK_bByVChipAudioMute:0<-|
08-16 14:27:22.535 I/tvos    ( 1764): #1|->SDK_bInternal1AudioMute:0<-|->SDK_bInternal2AudioMute:0<-|->SDK_bInternal3AudioMute:0<-|->SDK_bInternal4AudioMute:0<-|
08-16 14:27:22.535 I/tvos    ( 1764): #1|->SDK_bByScanInOutchgCHchg:0<-|->SDK_bByDuringLimitedTimeAudioMute:0<-|->SDK_bSourceSwitchAudioMute:0<-|
08-16 14:27:22.535 I/tvos    ( 1764): #1|->SDK_bMHEGApMute:0<-|->SDK_bAllAudioMuteCtrl:0<-|->SDK_bPowerOnMute:0<-|->SDK_bNullSourceMute0<-|->SDK_bSetInputSourceAudioMute:0<-|
08-16 14:27:22.535 I/tvos    ( 1764): [audioBSP] #2 m_spkrMute : 0 ..|->SDK_bUsrSpkrAudioMute:0<-|->SDK_bPowerOnMute:0<-|->SDK_bByUserAudioMute:0<-|
08-16 14:27:22.535 I/tvos    ( 1764): [audioBSP] #3 m_PcmCapture2Mute:0 |->SDK_bByUserPcmCapture2Mute:0<-|->SDK_SUB_bByUserAudioMute:0<-|->SDK_bByUserAudioMute:0<-|
08-16 14:27:22.535 I/tvos    ( 1764): [audioBSP] #5 m_hpMute : 1 ..|->SDK_bUsrHpAudioMute:1<-|->SDK_bPowerOnMute:0<-|->SDK_bByUserAudioMute:0<-|
08-16 14:27:22.535 I/tvos    ( 1764): [audioBSP] #12 m_spdifMute : 1 ..
08-16 14:27:22.535 I/tvos    ( 1764): #12|->SDK_bPermanentAudioMute:0<-|->SDK_bMomentAudioMute:0<-|->SDK_bByBlockAudioMute:0<-|
08-16 14:27:22.535 I/tvos    ( 1764): #12|->SDK_bByVChipAudioMute:0<-|->SDK_bInternal1AudioMute:0<-|->SDK_bInternal4AudioMute:0<-|
08-16 14:27:22.535 I/tvos    ( 1764): #12|->SDK_bByDuringLimitedTimeAudioMute:0<-|->SDK_bSourceSwitchAudioMute:0<-|->SDK_bMHEGApMute:0<-|
08-16 14:27:22.535 I/tvos    ( 1764): #12|->SDK_bPowerOnMute:0<-|->SDK_bUsrSpdifAudioMute:1<-|->SDK_bNullSourceMute:0<-|->SDK_bByAppMute:0<-|
08-16 14:27:22.535 I/tvos    ( 1764): ---Amplifier_ALC1310_LR_SWMute(0)
08-16 14:27:22.535 I/tvos    ( 1764): ALC1310 unmute good, addr: 0x13 readbackvalue: 4 
08-16 14:27:22.535 I/tvos    ( 1764): GetAudioOutputDevice, retval : 0
08-16 14:27:22.537 I/tvos    ( 1764): SetSoundMuteStatus : m_hpMute : 1, m_spdifMute : 1, m_DataInMute : 0, m_channel7Mute : 0, m_internalMute : 0, m_spkrMute : 0, m_PcmCapture1Mute : 0, m_PcmCapture2Mute : 0 
08-16 14:27:22.537 I/AudioUtil( 1758): setParameters spk_volume=0
08-16 14:27:22.537 I/audio_hw_primary( 1758): adev_set_parameters: spk_volume=0
08-16 14:27:22.537 I/tvos    ( 1764): GetAudioOutputDevice, retval : 0
08-16 14:27:22.537 I/tvos    ( 1764): [SetMuteStatus] call SetSoundMuteStatus, line : 10369, muteType: 67108864, onOff : 1 
08-16 14:27:22.537 I/tvos    ( 1764): _TransMSrvMuteTypeToSDKMuteType: Err! muteType(67108864) is out of Range
08-16 14:27:22.539 I/tvos    ( 1764): [SetMuteStatus] call SetSoundMuteStatus, line : 10369, muteType: 4, onOff : 1 
08-16 14:27:22.540 I/tvos    ( 1764): [audioBSP] #1 m_internalMute : 0 ..
08-16 14:27:22.540 I/tvos    ( 1764): #1|->SDK_bPermanentAudioMute:0<-|->SDK_bMomentAudioMute:0 <-|->SDK_bBySyncAudioMute:0<-|->SDK_bByBlockAudioMute:0<-|->SDK_bByVChipAudioMute:0<-|
08-16 14:27:22.540 I/tvos    ( 1764): #1|->SDK_bInternal1AudioMute:0<-|->SDK_bInternal2AudioMute:0<-|->SDK_bInternal3AudioMute:0<-|->SDK_bInternal4AudioMute:0<-|
08-16 14:27:22.540 I/tvos    ( 1764): #1|->SDK_bByScanInOutchgCHchg:0<-|->SDK_bByDuringLimitedTimeAudioMute:0<-|->SDK_bSourceSwitchAudioMute:0<-|
08-16 14:27:22.540 I/tvos    ( 1764): #1|->SDK_bMHEGApMute:0<-|->SDK_bAllAudioMuteCtrl:0<-|->SDK_bPowerOnMute:0<-|->SDK_bNullSourceMute0<-|->SDK_bSetInputSourceAudioMute:0<-|
08-16 14:27:22.540 I/tvos    ( 1764): [audioBSP] #2 m_spkrMute : 1 ..|->SDK_bUsrSpkrAudioMute:0<-|->SDK_bPowerOnMute:0<-|->SDK_bByUserAudioMute:1<-|
08-16 14:27:22.540 I/tvos    ( 1764): [audioBSP] #3 m_PcmCapture2Mute:1 |->SDK_bByUserPcmCapture2Mute:0<-|->SDK_SUB_bByUserAudioMute:0<-|->SDK_bByUserAudioMute:1<-|
08-16 14:27:22.540 I/tvos    ( 1764): [audioBSP] #5 m_hpMute : 1 ..|->SDK_bUsrHpAudioMute:1<-|->SDK_bPowerOnMute:0<-|->SDK_bByUserAudioMute:1<-|
08-16 14:27:22.540 I/tvos    ( 1764): [audioBSP] #12 m_spdifMute : 1 ..
08-16 14:27:22.540 I/tvos    ( 1764): #12|->SDK_bPermanentAudioMute:0<-|->SDK_bMomentAudioMute:0<-|->SDK_bByBlockAudioMute:0<-|
08-16 14:27:22.540 I/tvos    ( 1764): #12|->SDK_bByVChipAudioMute:0<-|->SDK_bInternal1AudioMute:0<-|->SDK_bInternal4AudioMute:0<-|
08-16 14:27:22.540 I/tvos    ( 1764): #12|->SDK_bByDuringLimitedTimeAudioMute:0<-|->SDK_bSourceSwitchAudioMute:0<-|->SDK_bMHEGApMute:0<-|
08-16 14:27:22.540 I/tvos    ( 1764): #12|->SDK_bPowerOnMute:0<-|->SDK_bUsrSpdifAudioMute:1<-|->SDK_bNullSourceMute:0<-|->SDK_bByAppMute:0<-|
08-16 14:27:22.540 I/tvos    ( 1764): ---Amplifier_ALC1310_LR_SWMute(1)
08-16 14:27:22.540 I/tvos    ( 1764): ALC1310 mute write good, addr: 0x13, readback data : 49164, write cmd times : 1
08-16 14:27:22.542 I/tvos    ( 1764): SetSoundMuteStatus : m_hpMute : 1, m_spdifMute : 1, m_DataInMute : 0, m_channel7Mute : 0, m_internalMute : 0, m_spkrMute : 1, m_PcmCapture1Mute : 0, m_PcmCapture2Mute : 1 
08-16 14:27:22.559 W/InputDispatcher( 2207): setFocusedApplication
08-16 14:27:22.561 W/InputDispatcher( 2207): Focus left window: Window{10e61b7 u0 sina.mobile.tianqitongstv/sina.mobile.tianqitongstv.ui.activity.MainActivity}
08-16 14:27:22.571 E/LetvRemoteupgradeManager-JNI( 2613): can't get LetvManager service!
08-16 14:27:22.601 I/ActivityManager( 2207): accel TR11) TaskRecord{e0665f7 #26 A=sina.mobile.tianqitongstv U=0 sz=2}
08-16 14:27:22.601 I/ActivityManager( 2207): accel TR10) TaskRecord{14b0d11 #1 A=com.stv.launcher U=0 sz=1}
08-16 14:27:22.615 I/System.out(17709): From style:
08-16 14:27:22.615 I/System.out(17709): Attrs: 3010001=0.6 3010002=#ff303030 3010003=null 3010004=false
08-16 14:27:22.687 I/tvos    ( 1764): [37m[INFO] Change to Voltage: 1150 mV (0x22)[m
08-16 14:27:22.687 I/tvos    ( 1764): [37m[INFO] Change to Voltage: 1150 mV (0x25)[m
08-16 14:27:22.687 I/tvos    ( 1764): [37m[INFO] Change to Voltage: 1150 mV (0x28)[m
08-16 14:27:22.687 I/tvos    ( 1764): [37m[INFO] Change to Voltage: 1150 mV (0x2B)[m
08-16 14:27:22.688 I/tvos    ( 1764): [37m[INFO] Change to Voltage: 1150 mV (0x2E)[m
08-16 14:27:22.689 I/tvos    ( 1764): [37m[INFO] Change to Voltage: 1150 mV (0x2E)[m
08-16 14:27:22.752 W/InputDispatcher( 2207): Focus entered window: Window{b11d0af u0 sina.mobile.tianqitongstv/sina.mobile.tianqitongstv.ui.activity.SearchCityActivity}
08-16 14:27:22.757 E/BufferQueueProducer( 1749): [sina.mobile.tianqitongstv/sina.mobile.tianqitongstv.ui.activity.SearchCityActivity] connect(P): already connected (cur=1 req=1)
08-16 14:27:22.785 I/tvos    ( 1764): GetAudioOutputDevice, retval : 0
08-16 14:27:22.831 W/InputDispatcher( 2207): Window went away: Window{10e61b7 u0 sina.mobile.tianqitongstv/sina.mobile.tianqitongstv.ui.activity.MainActivity}
08-16 14:27:22.860 I/ActivityManager( 2207): Displayed sina.mobile.tianqitongstv/.ui.activity.SearchCityActivity: +264ms
08-16 14:27:22.860 W/ContextImpl( 2207): Calling a method in the system process without a qualified user: android.app.ContextImpl.sendBroadcast:766 com.android.server.am.ActivityRecord.reportLaunchTimeLocked:1056 com.android.server.am.ActivityRecord.windowsDrawnLocked:1080 com.android.server.am.ActivityRecord$Token.windowsDrawn:345 com.android.server.wm.WindowManagerService$H.handleMessage:8042 
08-16 14:27:22.873 I/art     (17975): Late-enabling -Xcheck:jni
08-16 14:27:22.874 I/ActivityManager( 2207): Start proc 17975:com.android.testing.dummyime/u0a93 for service com.android.testing.dummyime/.DummyIme
08-16 14:27:22.891 I/tvos    ( 1764): [37m[INFO] Change to Voltage: 1030 mV (0x2E)[m
08-16 14:27:22.891 I/tvos    ( 1764): [37m[INFO] Change to Voltage: 1030 mV (0x2B)[m
08-16 14:27:22.892 I/tvos    ( 1764): [37m[INFO] Change to Voltage: 1030 mV (0x28)[m
08-16 14:27:22.893 I/tvos    ( 1764): [37m[INFO] Change to Voltage: 1030 mV (0x25)[m
08-16 14:27:22.893 I/tvos    ( 1764): [37m[INFO] Change to Voltage: 1030 mV (0x22)[m
08-16 14:27:22.894 I/tvos    ( 1764): [37m[INFO] Change to Voltage: 1030 mV (0x22)[m
08-16 14:27:22.938 W/System  (17975): ClassLoader referenced unknown path: /data/app/com.android.testing.dummyime-2/lib/arm64
08-16 14:27:22.956 I/System.out(17975): From style:
08-16 14:27:22.956 I/System.out(17975): Attrs: 3010001=0.6 3010002=#0 3010003=null 3010004=true
08-16 14:27:22.988 I/tvos    ( 1764): [37m[INFO] Change to Voltage: 1150 mV (0x22)[m
08-16 14:27:22.989 I/tvos    ( 1764): [37m[INFO] Change to Voltage: 1150 mV (0x25)[m
08-16 14:27:22.989 I/tvos    ( 1764): [37m[INFO] Change to Voltage: 1150 mV (0x28)[m
08-16 14:27:22.989 I/tvos    ( 1764): [37m[INFO] Change to Voltage: 1150 mV (0x2B)[m
08-16 14:27:22.989 I/tvos    ( 1764): [37m[INFO] Change to Voltage: 1150 mV (0x2E)[m
08-16 14:27:22.989 I/tvos    ( 1764): [37m[INFO] Change to Voltage: 1150 mV (0x2E)[m
08-16 14:27:23.035 I/tvos    ( 1764): GetAudioOutputDevice, retval : 0
08-16 14:27:23.089 I/tvos    ( 1764): [37m[INFO] Change to Voltage: 1030 mV (0x2E)[m
08-16 14:27:23.089 I/tvos    ( 1764): [37m[INFO] Change to Voltage: 1030 mV (0x2B)[m
08-16 14:27:23.089 I/tvos    ( 1764): [37m[INFO] Change to Voltage: 1030 mV (0x28)[m
08-16 14:27:23.089 I/tvos    ( 1764): [37m[INFO] Change to Voltage: 1030 mV (0x25)[m
08-16 14:27:23.089 I/tvos    ( 1764): [37m[INFO] Change to Voltage: 1030 mV (0x22)[m
08-16 14:27:23.089 I/tvos    ( 1764): [37m[INFO] Change to Voltage: 1030 mV (0x22)[m
08-16 14:27:23.141 I/APM::AudioPolicyEngine( 1758): getDeviceForStrategy, 359
08-16 14:27:23.286 I/tvos    ( 1764): GetAudioOutputDevice, retval : 0
08-16 14:27:23.420 I/ActivityManager( 2207): Force stopping com.android.testing.dummyime appid=10093 user=0: from pid 2207
08-16 14:27:23.420 I/ActivityManager( 2207): Killing 17975:com.android.testing.dummyime/u0a93 (adj 1): stop com.android.testing.dummyime
08-16 14:27:23.442 W/ActivityManager( 2207): Scheduling restart of crashed service com.android.testing.dummyime/.DummyIme in 1000ms
08-16 14:27:23.443 I/ActivityManager( 2207):   Force stopping service ServiceRecord{6628754 u0 com.android.testing.dummyime/.DummyIme}
08-16 14:27:23.444 W/ActivityManager( 2207): Spurious death for ProcessRecord{80ac4c0 0:com.android.testing.dummyime/u0a93}, curProc for 17975: null
08-16 14:27:23.447 W/InputMethodManagerService( 2207): Session failed to close due to remote exception
08-16 14:27:23.447 W/InputMethodManagerService( 2207): android.os.DeadObjectException
08-16 14:27:23.447 W/InputMethodManagerService( 2207): 	at android.os.BinderProxy.transactNative(Native Method)
08-16 14:27:23.447 W/InputMethodManagerService( 2207): 	at android.os.BinderProxy.transact(Binder.java:503)
08-16 14:27:23.447 W/InputMethodManagerService( 2207): 	at com.android.internal.view.IInputMethodSession$Stub$Proxy.finishSession(IInputMethodSession.java:305)
08-16 14:27:23.447 W/InputMethodManagerService( 2207): 	at com.android.server.InputMethodManagerService.finishSessionLocked(InputMethodManagerService.java:1622)
08-16 14:27:23.447 W/InputMethodManagerService( 2207): 	at com.android.server.InputMethodManagerService.clearClientSessionLocked(InputMethodManagerService.java:1613)
08-16 14:27:23.447 W/InputMethodManagerService( 2207): 	at com.android.server.InputMethodManagerService.clearCurMethodLocked(InputMethodManagerService.java:1639)
08-16 14:27:23.447 W/InputMethodManagerService( 2207): 	at com.android.server.InputMethodManagerService.onServiceDisconnected(InputMethodManagerService.java:1658)
08-16 14:27:23.447 W/InputMethodManagerService( 2207): 	at android.app.LoadedApk$ServiceDispatcher.doDeath(LoadedApk.java:1228)
08-16 14:27:23.447 W/InputMethodManagerService( 2207): 	at android.app.LoadedApk$ServiceDispatcher$RunConnection.run(LoadedApk.java:1242)
08-16 14:27:23.447 W/InputMethodManagerService( 2207): 	at android.os.Handler.handleCallback(Handler.java:739)
08-16 14:27:23.447 W/InputMethodManagerService( 2207): 	at android.os.Handler.dispatchMessage(Handler.java:95)
08-16 14:27:23.447 W/InputMethodManagerService( 2207): 	at android.os.Looper.loop(Looper.java:148)
08-16 14:27:23.447 W/InputMethodManagerService( 2207): 	at com.android.server.SystemServer.run(SystemServer.java:309)
08-16 14:27:23.447 W/InputMethodManagerService( 2207): 	at com.android.server.SystemServer.main(SystemServer.java:179)
08-16 14:27:23.447 W/InputMethodManagerService( 2207): 	at java.lang.reflect.Method.invoke(Native Method)
08-16 14:27:23.447 W/InputMethodManagerService( 2207): 	at com.android.internal.os.ZygoteInit$MethodAndArgsCaller.run(ZygoteInit.java:744)
08-16 14:27:23.447 W/InputMethodManagerService( 2207): 	at com.android.internal.os.ZygoteInit.main(ZygoteInit.java:634)
08-16 14:27:23.536 I/tvos    ( 1764): GetAudioOutputDevice, retval : 0
08-16 14:27:23.787 I/tvos    ( 1764): GetAudioOutputDevice, retval : 0
08-16 14:27:24.037 I/tvos    ( 1764): GetAudioOutputDevice, retval : 0
08-16 14:27:24.084 I/WifiStateMachine( 2207):  DisconnectedState !SCAN_RESULTS_EVENT  rt=511710518/511710518 0 0 found=151 known=0 got=151 bcn=0 con=0
08-16 14:27:24.085 I/WifiStateMachine( 2207):  ConnectModeState !SCAN_RESULTS_EVENT  rt=511710518/511710518 0 0 found=151 known=0 got=151 bcn=0 con=0
08-16 14:27:24.085 I/WifiStateMachine( 2207):  DriverStartedState !SCAN_RESULTS_EVENT  rt=511710518/511710518 0 0 found=151 known=0 got=151 bcn=0 con=0
08-16 14:27:24.085 I/WifiStateMachine( 2207):  SupplicantStartedState !SCAN_RESULTS_EVENT  rt=511710518/511710518 0 0 found=151 known=0 got=151 bcn=0 con=0
08-16 14:27:24.148 I/WifiStateMachine( 2207): setscanresults newsupplicantresult
08-16 14:27:24.288 I/tvos    ( 1764): GetAudioOutputDevice, retval : 0
08-16 14:27:24.466 I/remotestatus( 2207): Msg.what is 101
08-16 14:27:24.466 I/WindowManager( 2207): turn cursor off
08-16 14:27:24.466 E/RemoteManager( 2207): RemoteManager is no longer support in eui6.5
08-16 14:27:24.466 W/InputDispatcher( 2207): findFocusedWindow finished: injectionResult=0, timeSpentWaitingForApplication=0.0ms
08-16 14:27:24.466 E/InputManager-JNI( 2207): call nativeDisableCursor method with hideCursor
08-16 14:27:24.476 I/SoundPool( 2207): enter : func play
08-16 14:27:24.481 W/InputDispatcher( 2207): findFocusedWindow finished: injectionResult=0, timeSpentWaitingForApplication=0.0ms
08-16 14:27:24.482 I/APM::AudioPolicyEngine( 1758): getDeviceForStrategy, 359
08-16 14:27:24.485 I/audio_hw_primary( 1758): version:a00004 adev_create_audio_patch::mix->device 
08-16 14:27:24.485 I/audio_hw_primary( 1758): adev_create_audio_patch *handle=-1420227928 num_audio_patch=3
08-16 14:27:24.493 E/AudioManagerService( 1803): setAudioVolume(callingPid 1758, clientPid 1758, enSoundPath 0, volumn:0 )
08-16 14:27:24.495 I/tvos    ( 1764): SetVolume, subWooExist 0!
08-16 14:27:24.495 I/tvos    ( 1764): mapi_audio_customer::SetAbsoluteVolume: project name is X440M
08-16 14:27:24.495 I/tvos    ( 1764): SetAbsoluteVolume: uPercent : 0, path=52(speaker), VolumeInt=7f, VolumeFra=0
08-16 14:27:24.495 I/tvos    ( 1764): SetAbsoluteVolume: uPercent(currVol) : 0, realPath=52(default), VolumeInt=7f, VolumeFra=0
08-16 14:27:24.495 I/tvos    ( 1764): mapi_audio_customer::SetAbsoluteVolume: project name is X440M
08-16 14:27:24.495 I/tvos    ( 1764): SetAbsoluteVolume: uPercent : 0, path=49(HP), VolumeInt=7f, VolumeFra=0
08-16 14:27:24.495 I/tvos    ( 1764): SetAbsoluteVolume: uPercent(currVol) : 0, realPath=49(default), VolumeInt=7f, VolumeFra=0
08-16 14:27:24.495 I/tvos    ( 1764): mapi_audio_customer::SetAbsoluteVolume: project name is X440M
08-16 14:27:24.495 I/tvos    ( 1764): SetAbsoluteVolume, m_bBTDetect is false! 
08-16 14:27:24.495 I/tvos    ( 1764): mapi_audio_customer::SetAbsoluteVolume: project name is X440M
08-16 14:27:24.495 I/tvos    ( 1764): SetAbsoluteVolume: uPercent : 0, path=255(speaker), VolumeInt=7f, VolumeFra=0
08-16 14:27:24.495 I/tvos    ( 1764): SetAbsoluteVolume: uPercent(currVol) : 0, realPath=255(default), VolumeInt=7f, VolumeFra=0
08-16 14:27:24.496 I/tvos    ( 1764): [SetMuteStatus] call SetSoundMuteStatus, line : 10369, muteType: 4, onOff : 0 
08-16 14:27:24.496 I/tvos    ( 1764): [audioBSP] #1 m_internalMute : 0 ..
08-16 14:27:24.496 I/tvos    ( 1764): #1|->SDK_bPermanentAudioMute:0<-|->SDK_bMomentAudioMute:0 <-|->SDK_bBySyncAudioMute:0<-|->SDK_bByBlockAudioMute:0<-|->SDK_bByVChipAudioMute:0<-|
08-16 14:27:24.496 I/tvos    ( 1764): #1|->SDK_bInternal1AudioMute:0<-|->SDK_bInternal2AudioMute:0<-|->SDK_bInternal3AudioMute:0<-|->SDK_bInternal4AudioMute:0<-|
08-16 14:27:24.496 I/tvos    ( 1764): #1|->SDK_bByScanInOutchgCHchg:0<-|->SDK_bByDuringLimitedTimeAudioMute:0<-|->SDK_bSourceSwitchAudioMute:0<-|
08-16 14:27:24.496 I/tvos    ( 1764): #1|->SDK_bMHEGApMute:0<-|->SDK_bAllAudioMuteCtrl:0<-|->SDK_bPowerOnMute:0<-|->SDK_bNullSourceMute0<-|->SDK_bSetInputSourceAudioMute:0<-|
08-16 14:27:24.496 I/tvos    ( 1764): [audioBSP] #2 m_spkrMute : 0 ..|->SDK_bUsrSpkrAudioMute:0<-|->SDK_bPowerOnMute:0<-|->SDK_bByUserAudioMute:0<-|
08-16 14:27:24.496 I/tvos    ( 1764): [audioBSP] #3 m_PcmCapture2Mute:0 |->SDK_bByUserPcmCapture2Mute:0<-|->SDK_SUB_bByUserAudioMute:0<-|->SDK_bByUserAudioMute:0<-|
08-16 14:27:24.496 I/tvos    ( 1764): [audioBSP] #5 m_hpMute : 1 ..|->SDK_bUsrHpAudioMute:1<-|->SDK_bPowerOnMute:0<-|->SDK_bByUserAudioMute:0<-|
08-16 14:27:24.496 I/tvos    ( 1764): [audioBSP] #12 m_spdifMute : 1 ..
08-16 14:27:24.496 I/tvos    ( 1764): #12|->SDK_bPermanentAudioMute:0<-|->SDK_bMomentAudioMute:0<-|->SDK_bByBlockAudioMute:0<-|
08-16 14:27:24.496 I/tvos    ( 1764): #12|->SDK_bByVChipAudioMute:0<-|->SDK_bInternal1AudioMute:0<-|->SDK_bInternal4AudioMute:0<-|
08-16 14:27:24.496 I/tvos    ( 1764): #12|->SDK_bByDuringLimitedTimeAudioMute:0<-|->SDK_bSourceSwitchAudioMute:0<-|->SDK_bMHEGApMute:0<-|
08-16 14:27:24.496 I/tvos    ( 1764): #12|->SDK_bPowerOnMute:0<-|->SDK_bUsrSpdifAudioMute:1<-|->SDK_bNullSourceMute:0<-|->SDK_bByAppMute:0<-|
08-16 14:27:24.496 I/tvos    ( 1764): ---Amplifier_ALC1310_LR_SWMute(0)
08-16 14:27:24.496 I/tvos    ( 1764): ALC1310 unmute good, addr: 0x13 readbackvalue: 4 
08-16 14:27:24.498 I/tvos    ( 1764): SetSoundMuteStatus : m_hpMute : 1, m_spdifMute : 1, m_DataInMute : 0, m_channel7Mute : 0, m_internalMute : 0, m_spkrMute : 0, m_PcmCapture1Mute : 0, m_PcmCapture2Mute : 0 
08-16 14:27:24.498 I/AudioUtil( 1758): setParameters spk_volume=0
08-16 14:27:24.498 I/audio_hw_primary( 1758): adev_set_parameters: spk_volume=0
08-16 14:27:24.499 I/tvos    ( 1764): GetAudioOutputDevice, retval : 0
08-16 14:27:24.499 I/tvos    ( 1764): [SetMuteStatus] call SetSoundMuteStatus, line : 10369, muteType: 67108864, onOff : 1 
08-16 14:27:24.499 I/tvos    ( 1764): _TransMSrvMuteTypeToSDKMuteType: Err! muteType(67108864) is out of Range
08-16 14:27:24.501 I/tvos    ( 1764): [SetMuteStatus] call SetSoundMuteStatus, line : 10369, muteType: 4, onOff : 1 
08-16 14:27:24.501 I/tvos    ( 1764): [audioBSP] #1 m_internalMute : 0 ..
08-16 14:27:24.501 I/tvos    ( 1764): #1|->SDK_bPermanentAudioMute:0<-|->SDK_bMomentAudioMute:0 <-|->SDK_bBySyncAudioMute:0<-|->SDK_bByBlockAudioMute:0<-|->SDK_bByVChipAudioMute:0<-|
08-16 14:27:24.501 I/tvos    ( 1764): #1|->SDK_bInternal1AudioMute:0<-|->SDK_bInternal2AudioMute:0<-|->SDK_bInternal3AudioMute:0<-|->SDK_bInternal4AudioMute:0<-|
08-16 14:27:24.501 I/tvos    ( 1764): #1|->SDK_bByScanInOutchgCHchg:0<-|->SDK_bByDuringLimitedTimeAudioMute:0<-|->SDK_bSourceSwitchAudioMute:0<-|
08-16 14:27:24.501 I/tvos    ( 1764): #1|->SDK_bMHEGApMute:0<-|->SDK_bAllAudioMuteCtrl:0<-|->SDK_bPowerOnMute:0<-|->SDK_bNullSourceMute0<-|->SDK_bSetInputSourceAudioMute:0<-|
08-16 14:27:24.501 I/tvos    ( 1764): [audioBSP] #2 m_spkrMute : 1 ..|->SDK_bUsrSpkrAudioMute:0<-|->SDK_bPowerOnMute:0<-|->SDK_bByUserAudioMute:1<-|
08-16 14:27:24.501 I/tvos    ( 1764): [audioBSP] #3 m_PcmCapture2Mute:1 |->SDK_bByUserPcmCapture2Mute:0<-|->SDK_SUB_bByUserAudioMute:0<-|->SDK_bByUserAudioMute:1<-|
08-16 14:27:24.501 I/tvos    ( 1764): [audioBSP] #5 m_hpMute : 1 ..|->SDK_bUsrHpAudioMute:1<-|->SDK_bPowerOnMute:0<-|->SDK_bByUserAudioMute:1<-|
08-16 14:27:24.501 I/tvos    ( 1764): [audioBSP] #12 m_spdifMute : 1 ..
08-16 14:27:24.501 I/tvos    ( 1764): #12|->SDK_bPermanentAudioMute:0<-|->SDK_bMomentAudioMute:0<-|->SDK_bByBlockAudioMute:0<-|
08-16 14:27:24.501 I/tvos    ( 1764): #12|->SDK_bByVChipAudioMute:0<-|->SDK_bInternal1AudioMute:0<-|->SDK_bInternal4AudioMute:0<-|
08-16 14:27:24.501 I/tvos    ( 1764): #12|->SDK_bByDuringLimitedTimeAudioMute:0<-|->SDK_bSourceSwitchAudioMute:0<-|->SDK_bMHEGApMute:0<-|
08-16 14:27:24.501 I/tvos    ( 1764): #12|->SDK_bPowerOnMute:0<-|->SDK_bUsrSpdifAudioMute:1<-|->SDK_bNullSourceMute:0<-|->SDK_bByAppMute:0<-|
08-16 14:27:24.501 I/tvos    ( 1764): ---Amplifier_ALC1310_LR_SWMute(1)
08-16 14:27:24.501 I/tvos    ( 1764): ALC1310 mute write good, addr: 0x13, readback data : 49164, write cmd times : 1
08-16 14:27:24.504 I/tvos    ( 1764): SetSoundMuteStatus : m_hpMute : 1, m_spdifMute : 1, m_DataInMute : 0, m_channel7Mute : 0, m_internalMute : 0, m_spkrMute : 1, m_PcmCapture1Mute : 0, m_PcmCapture2Mute : 1 
08-16 14:27:24.538 I/tvos    ( 1764): GetAudioOutputDevice, retval : 0
08-16 14:27:24.589 I/APM::AudioPolicyEngine( 1758): getDeviceForStrategy, 359
08-16 14:27:24.789 I/tvos    ( 1764): GetAudioOutputDevice, retval : 0
08-16 14:27:24.989 I/remotestatus( 2207): Msg.what is 101
08-16 14:27:24.989 I/WindowManager( 2207): turn cursor off
08-16 14:27:24.989 E/RemoteManager( 2207): RemoteManager is no longer support in eui6.5
08-16 14:27:24.989 W/InputDispatcher( 2207): findFocusedWindow finished: injectionResult=0, timeSpentWaitingForApplication=0.0ms
08-16 14:27:24.989 E/InputManager-JNI( 2207): call nativeDisableCursor method with hideCursor
08-16 14:27:24.993 I/SoundPool( 2207): enter : func play
08-16 14:27:24.995 I/APM::AudioPolicyEngine( 1758): getDeviceForStrategy, 359
08-16 14:27:24.997 W/InputDispatcher( 2207): findFocusedWindow finished: injectionResult=0, timeSpentWaitingForApplication=0.0ms
08-16 14:27:24.997 I/audio_hw_primary( 1758): version:a00004 adev_create_audio_patch::mix->device 
08-16 14:27:24.997 I/audio_hw_primary( 1758): adev_create_audio_patch *handle=-1420227928 num_audio_patch=3
08-16 14:27:24.999 E/AudioManagerService( 1803): setAudioVolume(callingPid 1758, clientPid 1758, enSoundPath 0, volumn:0 )
08-16 14:27:25.002 I/tvos    ( 1764): SetVolume, subWooExist 0!
08-16 14:27:25.002 I/tvos    ( 1764): mapi_audio_customer::SetAbsoluteVolume: project name is X440M
08-16 14:27:25.002 I/tvos    ( 1764): SetAbsoluteVolume: uPercent : 0, path=52(speaker), VolumeInt=7f, VolumeFra=0
08-16 14:27:25.002 I/tvos    ( 1764): SetAbsoluteVolume: uPercent(currVol) : 0, realPath=52(default), VolumeInt=7f, VolumeFra=0
08-16 14:27:25.002 I/tvos    ( 1764): mapi_audio_customer::SetAbsoluteVolume: project name is X440M
08-16 14:27:25.002 I/tvos    ( 1764): SetAbsoluteVolume: uPercent : 0, path=49(HP), VolumeInt=7f, VolumeFra=0
08-16 14:27:25.002 I/tvos    ( 1764): SetAbsoluteVolume: uPercent(currVol) : 0, realPath=49(default), VolumeInt=7f, VolumeFra=0
08-16 14:27:25.002 I/tvos    ( 1764): mapi_audio_customer::SetAbsoluteVolume: project name is X440M
08-16 14:27:25.002 I/tvos    ( 1764): SetAbsoluteVolume, m_bBTDetect is false! 
08-16 14:27:25.002 I/tvos    ( 1764): mapi_audio_customer::SetAbsoluteVolume: project name is X440M
08-16 14:27:25.002 I/tvos    ( 1764): SetAbsoluteVolume: uPercent : 0, path=255(speaker), VolumeInt=7f, VolumeFra=0
08-16 14:27:25.002 I/tvos    ( 1764): SetAbsoluteVolume: uPercent(currVol) : 0, realPath=255(default), VolumeInt=7f, VolumeFra=0
08-16 14:27:25.002 I/tvos    ( 1764): [SetMuteStatus] call SetSoundMuteStatus, line : 10369, muteType: 4, onOff : 0 
08-16 14:27:25.002 I/tvos    ( 1764): [audioBSP] #1 m_internalMute : 0 ..
08-16 14:27:25.002 I/tvos    ( 1764): #1|->SDK_bPermanentAudioMute:0<-|->SDK_bMomentAudioMute:0 <-|->SDK_bBySyncAudioMute:0<-|->SDK_bByBlockAudioMute:0<-|->SDK_bByVChipAudioMute:0<-|
08-16 14:27:25.002 I/tvos    ( 1764): #1|->SDK_bInternal1AudioMute:0<-|->SDK_bInternal2AudioMute:0<-|->SDK_bInternal3AudioMute:0<-|->SDK_bInternal4AudioMute:0<-|
08-16 14:27:25.002 I/tvos    ( 1764): #1|->SDK_bByScanInOutchgCHchg:0<-|->SDK_bByDuringLimitedTimeAudioMute:0<-|->SDK_bSourceSwitchAudioMute:0<-|
08-16 14:27:25.002 I/tvos    ( 1764): #1|->SDK_bMHEGApMute:0<-|->SDK_bAllAudioMuteCtrl:0<-|->SDK_bPowerOnMute:0<-|->SDK_bNullSourceMute0<-|->SDK_bSetInputSourceAudioMute:0<-|
08-16 14:27:25.002 I/tvos    ( 1764): [audioBSP] #2 m_spkrMute : 0 ..|->SDK_bUsrSpkrAudioMute:0<-|->SDK_bPowerOnMute:0<-|->SDK_bByUserAudioMute:0<-|
08-16 14:27:25.002 I/tvos    ( 1764): [audioBSP] #3 m_PcmCapture2Mute:0 |->SDK_bByUserPcmCapture2Mute:0<-|->SDK_SUB_bByUserAudioMute:0<-|->SDK_bByUserAudioMute:0<-|
08-16 14:27:25.002 I/tvos    ( 1764): [audioBSP] #5 m_hpMute : 1 ..|->SDK_bUsrHpAudioMute:1<-|->SDK_bPowerOnMute:0<-|->SDK_bByUserAudioMute:0<-|
08-16 14:27:25.002 I/tvos    ( 1764): [audioBSP] #12 m_spdifMute : 1 ..
08-16 14:27:25.002 I/tvos    ( 1764): #12|->SDK_bPermanentAudioMute:0<-|->SDK_bMomentAudioMute:0<-|->SDK_bByBlockAudioMute:0<-|
08-16 14:27:25.002 I/tvos    ( 1764): #12|->SDK_bByVChipAudioMute:0<-|->SDK_bInternal1AudioMute:0<-|->SDK_bInternal4AudioMute:0<-|
08-16 14:27:25.002 I/tvos    ( 1764): #12|->SDK_bByDuringLimitedTimeAudioMute:0<-|->SDK_bSourceSwitchAudioMute:0<-|->SDK_bMHEGApMute:0<-|
08-16 14:27:25.002 I/tvos    ( 1764): #12|->SDK_bPowerOnMute:0<-|->SDK_bUsrSpdifAudioMute:1<-|->SDK_bNullSourceMute:0<-|->SDK_bByAppMute:0<-|
08-16 14:27:25.002 I/tvos    ( 1764): ---Amplifier_ALC1310_LR_SWMute(0)
08-16 14:27:25.002 I/tvos    ( 1764): ALC1310 unmute good, addr: 0x13 readbackvalue: 4 
08-16 14:27:25.004 I/AudioUtil( 1758): setParameters spk_volume=0
08-16 14:27:25.004 I/tvos    ( 1764): SetSoundMuteStatus : m_hpMute : 1, m_spdifMute : 1, m_DataInMute : 0, m_channel7Mute : 0, m_internalMute : 0, m_spkrMute : 0, m_PcmCapture1Mute : 0, m_PcmCapture2Mute : 0 
08-16 14:27:25.004 I/audio_hw_primary( 1758): adev_set_parameters: spk_volume=0
08-16 14:27:25.004 I/tvos    ( 1764): GetAudioOutputDevice, retval : 0
08-16 14:27:25.004 I/tvos    ( 1764): [SetMuteStatus] call SetSoundMuteStatus, line : 10369, muteType: 67108864, onOff : 1 
08-16 14:27:25.004 I/tvos    ( 1764): _TransMSrvMuteTypeToSDKMuteType: Err! muteType(67108864) is out of Range
08-16 14:27:25.006 I/tvos    ( 1764): [SetMuteStatus] call SetSoundMuteStatus, line : 10369, muteType: 4, onOff : 1 
08-16 14:27:25.007 I/tvos    ( 1764): [audioBSP] #1 m_internalMute : 0 ..
08-16 14:27:25.007 I/tvos    ( 1764): #1|->SDK_bPermanentAudioMute:0<-|->SDK_bMomentAudioMute:0 <-|->SDK_bBySyncAudioMute:0<-|->SDK_bByBlockAudioMute:0<-|->SDK_bByVChipAudioMute:0<-|
08-16 14:27:25.007 I/tvos    ( 1764): #1|->SDK_bInternal1AudioMute:0<-|->SDK_bInternal2AudioMute:0<-|->SDK_bInternal3AudioMute:0<-|->SDK_bInternal4AudioMute:0<-|
08-16 14:27:25.007 I/tvos    ( 1764): #1|->SDK_bByScanInOutchgCHchg:0<-|->SDK_bByDuringLimitedTimeAudioMute:0<-|->SDK_bSourceSwitchAudioMute:0<-|
08-16 14:27:25.007 I/tvos    ( 1764): #1|->SDK_bMHEGApMute:0<-|->SDK_bAllAudioMuteCtrl:0<-|->SDK_bPowerOnMute:0<-|->SDK_bNullSourceMute0<-|->SDK_bSetInputSourceAudioMute:0<-|
08-16 14:27:25.007 I/tvos    ( 1764): [audioBSP] #2 m_spkrMute : 1 ..|->SDK_bUsrSpkrAudioMute:0<-|->SDK_bPowerOnMute:0<-|->SDK_bByUserAudioMute:1<-|
08-16 14:27:25.007 I/tvos    ( 1764): [audioBSP] #3 m_PcmCapture2Mute:1 |->SDK_bByUserPcmCapture2Mute:0<-|->SDK_SUB_bByUserAudioMute:0<-|->SDK_bByUserAudioMute:1<-|
08-16 14:27:25.007 I/tvos    ( 1764): [audioBSP] #5 m_hpMute : 1 ..|->SDK_bUsrHpAudioMute:1<-|->SDK_bPowerOnMute:0<-|->SDK_bByUserAudioMute:1<-|
08-16 14:27:25.007 I/tvos    ( 1764): [audioBSP] #12 m_spdifMute : 1 ..
08-16 14:27:25.007 I/tvos    ( 1764): #12|->SDK_bPermanentAudioMute:0<-|->SDK_bMomentAudioMute:0<-|->SDK_bByBlockAudioMute:0<-|
08-16 14:27:25.007 I/tvos    ( 1764): #12|->SDK_bByVChipAudioMute:0<-|->SDK_bInternal1AudioMute:0<-|->SDK_bInternal4AudioMute:0<-|
08-16 14:27:25.007 I/tvos    ( 1764): #12|->SDK_bByDuringLimitedTimeAudioMute:0<-|->SDK_bSourceSwitchAudioMute:0<-|->SDK_bMHEGApMute:0<-|
08-16 14:27:25.007 I/tvos    ( 1764): #12|->SDK_bPowerOnMute:0<-|->SDK_bUsrSpdifAudioMute:1<-|->SDK_bNullSourceMute:0<-|->SDK_bByAppMute:0<-|
08-16 14:27:25.007 I/tvos    ( 1764): ---Amplifier_ALC1310_LR_SWMute(1)
08-16 14:27:25.007 I/tvos    ( 1764): ALC1310 mute write good, addr: 0x13, readback data : 49164, write cmd times : 1
08-16 14:27:25.009 I/tvos    ( 1764): SetSoundMuteStatus : m_hpMute : 1, m_spdifMute : 1, m_DataInMute : 0, m_channel7Mute : 0, m_internalMute : 0, m_spkrMute : 1, m_PcmCapture1Mute : 0, m_PcmCapture2Mute : 1 
08-16 14:27:25.039 I/tvos    ( 1764): GetAudioOutputDevice, retval : 0
08-16 14:27:25.077 I/APM::AudioPolicyEngine( 1758): getDeviceForStrategy, 359
08-16 14:27:25.289 I/tvos    ( 1764): GetAudioOutputDevice, retval : 0
08-16 14:27:25.498 I/System.out(17655): Random data : 2
08-16 14:27:25.500 I/remotestatus( 2207): Msg.what is 101
08-16 14:27:25.501 I/WindowManager( 2207): turn cursor off
08-16 14:27:25.501 E/RemoteManager( 2207): RemoteManager is no longer support in eui6.5
08-16 14:27:25.501 W/InputDispatcher( 2207): findFocusedWindow finished: injectionResult=0, timeSpentWaitingForApplication=0.0ms
08-16 14:27:25.501 E/InputManager-JNI( 2207): call nativeDisableCursor method with hideCursor
08-16 14:27:25.505 I/SoundPool( 2207): enter : func play
08-16 14:27:25.506 I/APM::AudioPolicyEngine( 1758): getDeviceForStrategy, 359
08-16 14:27:25.508 W/InputDispatcher( 2207): findFocusedWindow finished: injectionResult=0, timeSpentWaitingForApplication=0.0ms
08-16 14:27:25.519 I/audio_hw_primary( 1758): version:a00004 adev_create_audio_patch::mix->device 
08-16 14:27:25.519 I/audio_hw_primary( 1758): adev_create_audio_patch *handle=-1420227928 num_audio_patch=3
08-16 14:27:25.520 E/AudioManagerService( 1803): setAudioVolume(callingPid 1758, clientPid 1758, enSoundPath 0, volumn:0 )
08-16 14:27:25.524 I/tvos    ( 1764): SetVolume, subWooExist 0!
08-16 14:27:25.524 I/tvos    ( 1764): mapi_audio_customer::SetAbsoluteVolume: project name is X440M
08-16 14:27:25.524 I/tvos    ( 1764): SetAbsoluteVolume: uPercent : 0, path=52(speaker), VolumeInt=7f, VolumeFra=0
08-16 14:27:25.524 I/tvos    ( 1764): SetAbsoluteVolume: uPercent(currVol) : 0, realPath=52(default), VolumeInt=7f, VolumeFra=0
08-16 14:27:25.524 I/tvos    ( 1764): mapi_audio_customer::SetAbsoluteVolume: project name is X440M
08-16 14:27:25.524 I/tvos    ( 1764): SetAbsoluteVolume: uPercent : 0, path=49(HP), VolumeInt=7f, VolumeFra=0
08-16 14:27:25.524 I/tvos    ( 1764): SetAbsoluteVolume: uPercent(currVol) : 0, realPath=49(default), VolumeInt=7f, VolumeFra=0
08-16 14:27:25.524 I/tvos    ( 1764): mapi_audio_customer::SetAbsoluteVolume: project name is X440M
08-16 14:27:25.524 I/tvos    ( 1764): SetAbsoluteVolume, m_bBTDetect is false! 
08-16 14:27:25.524 I/tvos    ( 1764): mapi_audio_customer::SetAbsoluteVolume: project name is X440M
08-16 14:27:25.524 I/tvos    ( 1764): SetAbsoluteVolume: uPercent : 0, path=255(speaker), VolumeInt=7f, VolumeFra=0
08-16 14:27:25.524 I/tvos    ( 1764): SetAbsoluteVolume: uPercent(currVol) : 0, realPath=255(default), VolumeInt=7f, VolumeFra=0
08-16 14:27:25.524 I/tvos    ( 1764): [SetMuteStatus] call SetSoundMuteStatus, line : 10369, muteType: 4, onOff : 0 
08-16 14:27:25.524 I/tvos    ( 1764): [audioBSP] #1 m_internalMute : 0 ..
