08-16 14:40:36.405 I/tvos    ( 1764): #12|->SDK_bByDuringLimitedTimeAudioMute:0<-|->SDK_bSourceSwitchAudioMute:0<-|->SDK_bMHEGApMute:0<-|
08-16 14:40:36.405 I/tvos    ( 1764): #12|->SDK_bPowerOnMute:0<-|->SDK_bUsrSpdifAudioMute:1<-|->SDK_bNullSourceMute:0<-|->SDK_bByAppMute:0<-|
08-16 14:40:36.405 I/tvos    ( 1764): ---Amplifier_ALC1310_LR_SWMute(1)
08-16 14:40:36.405 I/tvos    ( 1764): ALC1310 mute write good, addr: 0x13, readback data : 49164, write cmd times : 1
08-16 14:40:36.407 I/tvos    ( 1764): SetSoundMuteStatus : m_hpMute : 1, m_spdifMute : 1, m_DataInMute : 0, m_channel7Mute : 0, m_internalMute : 0, m_spkrMute : 1, m_PcmCapture1Mute : 0, m_PcmCapture2Mute : 1 
08-16 14:40:36.413 W/InputDispatcher( 2207): findTouchedWindow finished: injectionResult=0, injectionPermission=1, timeSpentWaitingForApplication=0.0ms
08-16 14:40:36.420 W/InputDispatcher( 2207): findTouchedWindow finished: injectionResult=0, injectionPermission=1, timeSpentWaitingForApplication=0.0ms
08-16 14:40:36.421 I/SoundPool( 2207): enter : func play
08-16 14:40:36.581 I/tvos    ( 1764): GetAudioOutputDevice, retval : 0
08-16 14:40:36.643 I/tvos    ( 1764): GetAudioOutputDevice, retval : 0
08-16 14:40:36.645 I/System.out( 2822): From style:
08-16 14:40:36.645 I/System.out( 2822): Attrs: 3010001=0.6 3010002=#0 3010003=null 3010004=true
08-16 14:40:36.656 W/ContextImpl( 2822): Calling a method in the system process without a qualified user: android.app.ContextImpl.startService:1224 android.content.ContextWrapper.startService:581 com.stv.settingadapter.EqManager.updateBinder:869 com.stv.settingadapter.EqManager.getInstance:176 com.stv.globalsetting.dialog.SoundSettingDialog.initData:71 
08-16 14:40:36.722 W/InputDispatcher( 2207): Focus left window: Window{bce5624 u0 com.stv.globalsetting}
08-16 14:40:36.723 W/InputDispatcher( 2207): Focus entered window: Window{dd7c89a u0 com.stv.globalsetting}
08-16 14:40:36.727 I/GlobalSettings( 2822): BaseMultiLayerDialogHelper -- setDisMissTime on start
08-16 14:40:36.754 E/BufferQueueProducer( 1749): [] connect(P): already connected (cur=1 req=1)
08-16 14:40:36.807 I/WifiStateMachine( 2207):  DisconnectedState !CMD_START_SCAN  rt=512503240/512503240 -2 34145 ic=1 proc(ms):15012 dur:2839 cnt=34145 rssi=-127 f=-1 sc=0 link=-1 tx=0.0, 0.0, 0.0  rx=0.0 fiv=20000 [on:0 tx:0 rx:0 period:15011] from screen [on:0 period:1098312135]
08-16 14:40:36.807 I/WifiStateMachine( 2207): handlescanrequest  starting scan for 
08-16 14:40:36.807 I/WifiStateMachine( 2207): startscannative  starting scan for 
08-16 14:40:36.832 I/tvos    ( 1764): GetAudioOutputDevice, retval : 0
08-16 14:40:36.839 E/BufferQueueProducer( 1749): [] connect(P): already connected (cur=1 req=1)
08-16 14:40:36.858 E/BufferQueueProducer( 1749): [] connect(P): already connected (cur=1 req=1)
08-16 14:40:36.878 E/BufferQueueProducer( 1749): [] connect(P): already connected (cur=1 req=1)
08-16 14:40:36.898 E/BufferQueueProducer( 1749): [] connect(P): already connected (cur=1 req=1)
08-16 14:40:36.917 E/BufferQueueProducer( 1749): [] connect(P): already connected (cur=1 req=1)
08-16 14:40:36.937 E/BufferQueueProducer( 1749): [] connect(P): already connected (cur=1 req=1)
08-16 14:40:36.957 E/BufferQueueProducer( 1749): [] connect(P): already connected (cur=1 req=1)
08-16 14:40:36.976 E/BufferQueueProducer( 1749): [] connect(P): already connected (cur=1 req=1)
08-16 14:40:36.997 E/BufferQueueProducer( 1749): [] connect(P): already connected (cur=1 req=1)
08-16 14:40:37.009 I/APM::AudioPolicyEngine( 1758): getDeviceForStrategy, 359
08-16 14:40:37.018 E/BufferQueueProducer( 1749): [] connect(P): already connected (cur=1 req=1)
08-16 14:40:37.038 E/BufferQueueProducer( 1749): [] connect(P): already connected (cur=1 req=1)
08-16 14:40:37.057 E/BufferQueueProducer( 1749): [] connect(P): already connected (cur=1 req=1)
08-16 14:40:37.077 E/BufferQueueProducer( 1749): [] connect(P): already connected (cur=1 req=1)
08-16 14:40:37.082 I/tvos    ( 1764): GetAudioOutputDevice, retval : 0
08-16 14:40:37.097 E/BufferQueueProducer( 1749): [] connect(P): already connected (cur=1 req=1)
08-16 14:40:37.118 E/BufferQueueProducer( 1749): [] connect(P): already connected (cur=1 req=1)
08-16 14:40:37.136 E/BufferQueueProducer( 1749): [] connect(P): already connected (cur=1 req=1)
08-16 14:40:37.333 I/tvos    ( 1764): GetAudioOutputDevice, retval : 0
08-16 14:40:37.432 W/InputDispatcher( 2207): findTouchedWindow finished: injectionResult=0, injectionPermission=1, timeSpentWaitingForApplication=0.0ms
08-16 14:40:37.434 W/InputDispatcher( 2207): findTouchedWindow finished: injectionResult=0, injectionPermission=1, timeSpentWaitingForApplication=0.0ms
08-16 14:40:37.435 I/SoundPool( 2207): enter : func play
08-16 14:40:37.436 I/APM::AudioPolicyEngine( 1758): getDeviceForStrategy, 359
08-16 14:40:37.441 I/audio_hw_primary( 1758): version:a00004 adev_create_audio_patch::mix->device 
08-16 14:40:37.441 I/audio_hw_primary( 1758): adev_create_audio_patch *handle=-1420227928 num_audio_patch=3
08-16 14:40:37.442 E/AudioManagerService( 1803): setAudioVolume(callingPid 1758, clientPid 1758, enSoundPath 0, volumn:0 )
08-16 14:40:37.445 I/tvos    ( 1764): SetVolume, subWooExist 0!
08-16 14:40:37.445 I/tvos    ( 1764): mapi_audio_customer::SetAbsoluteVolume: project name is X440M
08-16 14:40:37.445 I/tvos    ( 1764): SetAbsoluteVolume: uPercent : 0, path=52(speaker), VolumeInt=7f, VolumeFra=0
08-16 14:40:37.445 I/tvos    ( 1764): SetAbsoluteVolume: uPercent(currVol) : 0, realPath=52(default), VolumeInt=7f, VolumeFra=0
08-16 14:40:37.445 I/tvos    ( 1764): mapi_audio_customer::SetAbsoluteVolume: project name is X440M
08-16 14:40:37.445 I/tvos    ( 1764): SetAbsoluteVolume: uPercent : 0, path=49(HP), VolumeInt=7f, VolumeFra=0
08-16 14:40:37.445 I/tvos    ( 1764): SetAbsoluteVolume: uPercent(currVol) : 0, realPath=49(default), VolumeInt=7f, VolumeFra=0
08-16 14:40:37.445 I/tvos    ( 1764): mapi_audio_customer::SetAbsoluteVolume: project name is X440M
08-16 14:40:37.445 I/tvos    ( 1764): SetAbsoluteVolume, m_bBTDetect is false! 
08-16 14:40:37.445 I/tvos    ( 1764): mapi_audio_customer::SetAbsoluteVolume: project name is X440M
08-16 14:40:37.445 I/tvos    ( 1764): SetAbsoluteVolume: uPercent : 0, path=255(speaker), VolumeInt=7f, VolumeFra=0
08-16 14:40:37.445 I/tvos    ( 1764): SetAbsoluteVolume: uPercent(currVol) : 0, realPath=255(default), VolumeInt=7f, VolumeFra=0
08-16 14:40:37.445 I/tvos    ( 1764): [SetMuteStatus] call SetSoundMuteStatus, line : 10369, muteType: 4, onOff : 0 
08-16 14:40:37.445 I/tvos    ( 1764): [audioBSP] #1 m_internalMute : 0 ..
08-16 14:40:37.445 I/tvos    ( 1764): #1|->SDK_bPermanentAudioMute:0<-|->SDK_bMomentAudioMute:0 <-|->SDK_bBySyncAudioMute:0<-|->SDK_bByBlockAudioMute:0<-|->SDK_bByVChipAudioMute:0<-|
08-16 14:40:37.445 I/tvos    ( 1764): #1|->SDK_bInternal1AudioMute:0<-|->SDK_bInternal2AudioMute:0<-|->SDK_bInternal3AudioMute:0<-|->SDK_bInternal4AudioMute:0<-|
08-16 14:40:37.445 I/tvos    ( 1764): #1|->SDK_bByScanInOutchgCHchg:0<-|->SDK_bByDuringLimitedTimeAudioMute:0<-|->SDK_bSourceSwitchAudioMute:0<-|
08-16 14:40:37.445 I/tvos    ( 1764): #1|->SDK_bMHEGApMute:0<-|->SDK_bAllAudioMuteCtrl:0<-|->SDK_bPowerOnMute:0<-|->SDK_bNullSourceMute0<-|->SDK_bSetInputSourceAudioMute:0<-|
08-16 14:40:37.445 I/tvos    ( 1764): [audioBSP] #2 m_spkrMute : 0 ..|->SDK_bUsrSpkrAudioMute:0<-|->SDK_bPowerOnMute:0<-|->SDK_bByUserAudioMute:0<-|
08-16 14:40:37.445 I/tvos    ( 1764): [audioBSP] #3 m_PcmCapture2Mute:0 |->SDK_bByUserPcmCapture2Mute:0<-|->SDK_SUB_bByUserAudioMute:0<-|->SDK_bByUserAudioMute:0<-|
08-16 14:40:37.445 I/tvos    ( 1764): [audioBSP] #5 m_hpMute : 1 ..|->SDK_bUsrHpAudioMute:1<-|->SDK_bPowerOnMute:0<-|->SDK_bByUserAudioMute:0<-|
08-16 14:40:37.445 I/tvos    ( 1764): [audioBSP] #12 m_spdifMute : 1 ..
08-16 14:40:37.445 I/tvos    ( 1764): #12|->SDK_bPermanentAudioMute:0<-|->SDK_bMomentAudioMute:0<-|->SDK_bByBlockAudioMute:0<-|
08-16 14:40:37.445 I/tvos    ( 1764): #12|->SDK_bByVChipAudioMute:0<-|->SDK_bInternal1AudioMute:0<-|->SDK_bInternal4AudioMute:0<-|
08-16 14:40:37.445 I/tvos    ( 1764): #12|->SDK_bByDuringLimitedTimeAudioMute:0<-|->SDK_bSourceSwitchAudioMute:0<-|->SDK_bMHEGApMute:0<-|
08-16 14:40:37.445 I/tvos    ( 1764): #12|->SDK_bPowerOnMute:0<-|->SDK_bUsrSpdifAudioMute:1<-|->SDK_bNullSourceMute:0<-|->SDK_bByAppMute:0<-|
08-16 14:40:37.445 I/tvos    ( 1764): ---Amplifier_ALC1310_LR_SWMute(0)
08-16 14:40:37.445 I/tvos    ( 1764): ALC1310 unmute good, addr: 0x13 readbackvalue: 4 
08-16 14:40:37.447 I/AudioUtil( 1758): setParameters spk_volume=0
08-16 14:40:37.447 I/audio_hw_primary( 1758): adev_set_parameters: spk_volume=0
08-16 14:40:37.450 I/tvos    ( 1764): SetSoundMuteStatus : m_hpMute : 1, m_spdifMute : 1, m_DataInMute : 0, m_channel7Mute : 0, m_internalMute : 0, m_spkrMute : 0, m_PcmCapture1Mute : 0, m_PcmCapture2Mute : 0 
08-16 14:40:37.450 I/tvos    ( 1764): GetAudioOutputDevice, retval : 0
08-16 14:40:37.450 I/tvos    ( 1764): [SetMuteStatus] call SetSoundMuteStatus, line : 10369, muteType: 67108864, onOff : 1 
08-16 14:40:37.450 I/tvos    ( 1764): _TransMSrvMuteTypeToSDKMuteType: Err! muteType(67108864) is out of Range
08-16 14:40:37.450 I/tvos    ( 1764): [SetMuteStatus] call SetSoundMuteStatus, line : 10369, muteType: 4, onOff : 1 
08-16 14:40:37.450 I/tvos    ( 1764): [audioBSP] #1 m_internalMute : 0 ..
08-16 14:40:37.450 I/tvos    ( 1764): #1|->SDK_bPermanentAudioMute:0<-|->SDK_bMomentAudioMute:0 <-|->SDK_bBySyncAudioMute:0<-|->SDK_bByBlockAudioMute:0<-|->SDK_bByVChipAudioMute:0<-|
08-16 14:40:37.450 I/tvos    ( 1764): #1|->SDK_bInternal1AudioMute:0<-|->SDK_bInternal2AudioMute:0<-|->SDK_bInternal3AudioMute:0<-|->SDK_bInternal4AudioMute:0<-|
08-16 14:40:37.451 I/tvos    ( 1764): #1|->SDK_bByScanInOutchgCHchg:0<-|->SDK_bByDuringLimitedTimeAudioMute:0<-|->SDK_bSourceSwitchAudioMute:0<-|
08-16 14:40:37.451 I/tvos    ( 1764): #1|->SDK_bMHEGApMute:0<-|->SDK_bAllAudioMuteCtrl:0<-|->SDK_bPowerOnMute:0<-|->SDK_bNullSourceMute0<-|->SDK_bSetInputSourceAudioMute:0<-|
08-16 14:40:37.451 I/tvos    ( 1764): [audioBSP] #2 m_spkrMute : 1 ..|->SDK_bUsrSpkrAudioMute:0<-|->SDK_bPowerOnMute:0<-|->SDK_bByUserAudioMute:1<-|
08-16 14:40:37.451 I/tvos    ( 1764): [audioBSP] #3 m_PcmCapture2Mute:1 |->SDK_bByUserPcmCapture2Mute:0<-|->SDK_SUB_bByUserAudioMute:0<-|->SDK_bByUserAudioMute:1<-|
08-16 14:40:37.451 I/tvos    ( 1764): [audioBSP] #5 m_hpMute : 1 ..|->SDK_bUsrHpAudioMute:1<-|->SDK_bPowerOnMute:0<-|->SDK_bByUserAudioMute:1<-|
08-16 14:40:37.451 I/tvos    ( 1764): [audioBSP] #12 m_spdifMute : 1 ..
08-16 14:40:37.451 I/tvos    ( 1764): #12|->SDK_bPermanentAudioMute:0<-|->SDK_bMomentAudioMute:0<-|->SDK_bByBlockAudioMute:0<-|
08-16 14:40:37.451 I/tvos    ( 1764): #12|->SDK_bByVChipAudioMute:0<-|->SDK_bInternal1AudioMute:0<-|->SDK_bInternal4AudioMute:0<-|
08-16 14:40:37.451 I/tvos    ( 1764): #12|->SDK_bByDuringLimitedTimeAudioMute:0<-|->SDK_bSourceSwitchAudioMute:0<-|->SDK_bMHEGApMute:0<-|
08-16 14:40:37.451 I/tvos    ( 1764): #12|->SDK_bPowerOnMute:0<-|->SDK_bUsrSpdifAudioMute:1<-|->SDK_bNullSourceMute:0<-|->SDK_bByAppMute:0<-|
08-16 14:40:37.451 I/tvos    ( 1764): ---Amplifier_ALC1310_LR_SWMute(1)
08-16 14:40:37.451 I/tvos    ( 1764): ALC1310 mute write good, addr: 0x13, readback data : 49164, write cmd times : 1
08-16 14:40:37.452 I/tvos    ( 1764): SetSoundMuteStatus : m_hpMute : 1, m_spdifMute : 1, m_DataInMute : 0, m_channel7Mute : 0, m_internalMute : 0, m_spkrMute : 1, m_PcmCapture1Mute : 0, m_PcmCapture2Mute : 1 
08-16 14:40:37.465 W/InputDispatcher( 2207): findTouchedWindow finished: injectionResult=0, injectionPermission=1, timeSpentWaitingForApplication=0.0ms
08-16 14:40:37.467 W/InputDispatcher( 2207): findTouchedWindow finished: injectionResult=0, injectionPermission=1, timeSpentWaitingForApplication=0.0ms
08-16 14:40:37.468 I/SoundPool( 2207): enter : func play
08-16 14:40:37.583 I/tvos    ( 1764): GetAudioOutputDevice, retval : 0
08-16 14:40:37.698 E/LetvRemoteupgradeManager-JNI( 2613): can't get LetvManager service!
08-16 14:40:37.716 I/AudioManager_JNI( 2881): --[hpan]exectueAudioEffectExtCmd--
08-16 14:40:37.720 I/tvos    ( 1764): @@@MSrv_System_Database::GetSoundSetting[1;40;32m[sora]line11063: u8SubCmd:0,m_AudioPreSoundMode:5,m_AudioPreOutDevice:0[0m
08-16 14:40:37.745 I/tvos    ( 1764): Mute ,mute Status repetition!
08-16 14:40:37.795 I/tvos    ( 1764): [LETV_OUT]::sound mode is 0, close wall sound mode
08-16 14:40:37.795 I/tvos    ( 1764): audio effect active, will use dolby or dts
08-16 14:40:37.795 I/tvos    ( 1764): [Dolby][SetDolbyDapMode]eMode:0, m_DolbyDAPMode = 5 for zhengyang!
08-16 14:40:37.795 I/tvos    ( 1764): [SetDolbyDapMode] model:X440M
08-16 14:40:37.795 I/tvos    ( 1764):  it's x440N dolbyeffect 
08-16 14:40:37.796 I/tvos    ( 1764): [SetDolbyDapMode]:sora[16635] m_AudioPreOutDevice:0, DOLBY_DAP_EN_:1  
08-16 14:40:37.833 I/tvos    ( 1764): GetAudioOutputDevice, retval : 0
08-16 14:40:37.848 I/tvos    ( 1764): ---Amplifier_ALC1310_LR_SWMute(0)
08-16 14:40:37.848 I/tvos    ( 1764): ALC1310 unmute good, addr: 0x13 readbackvalue: 4 
08-16 14:40:37.850 I/AudioManager_JNI( 2881): --[hpan]exectueAudioEffectExtCmd end, return val : 1 
08-16 14:40:37.850 I/AudioManager_JNI( 2881): --
08-16 14:40:37.858 W/InputDispatcher( 2207): Focus left window: Window{dd7c89a u0 com.stv.globalsetting}
08-16 14:40:37.858 W/InputDispatcher( 2207): Focus entered window: Window{bce5624 u0 com.stv.globalsetting}
08-16 14:40:37.858 W/InputDispatcher( 2207): Window went away: Window{dd7c89a u0 com.stv.globalsetting}
08-16 14:40:37.860 I/GlobalSettings( 2822): ReportEuiLog_U -- ReportEuiLog action is: tvaction and reportmsg is: action=soundModeQuit&soundModule=1
08-16 14:40:37.861 I/GlobalSettings( 2822): SoundSettingDialog -- set_soundmode_result is: true and the value is: 1
08-16 14:40:37.863 I/DatabaseManager_JNI(22042): setDatabaseDirtyByApplication
08-16 14:40:37.864 E/DataBaseDeskImpl( 4876): ===========>>>> now change Index = 23
08-16 14:40:37.873 I/LetvManager-LogReport( 1780): [send_msg] line: 490 report url = http://log.hdtv.cp21.ott.cibntv.net:80/api/log/tvAction
08-16 14:40:37.917 E/BufferQueueProducer( 1749): [] connect(P): already connected (cur=1 req=1)
08-16 14:40:37.941 E/BufferQueueProducer( 1749): [] connect(P): already connected (cur=1 req=1)
08-16 14:40:37.956 E/BufferQueueProducer( 1749): [] connect(P): already connected (cur=1 req=1)
08-16 14:40:37.976 E/BufferQueueProducer( 1749): [] connect(P): already connected (cur=1 req=1)
08-16 14:40:38.077 I/APM::AudioPolicyEngine( 1758): getDeviceForStrategy, 359
08-16 14:40:38.084 I/tvos    ( 1764): GetAudioOutputDevice, retval : 0
08-16 14:40:38.334 I/tvos    ( 1764): GetAudioOutputDevice, retval : 0
08-16 14:40:38.479 W/InputDispatcher( 2207): findTouchedWindow finished: injectionResult=0, injectionPermission=1, timeSpentWaitingForApplication=0.0ms
08-16 14:40:38.482 W/InputDispatcher( 2207): findTouchedWindow finished: injectionResult=0, injectionPermission=1, timeSpentWaitingForApplication=0.0ms
08-16 14:40:38.483 I/SoundPool( 2207): enter : func play
08-16 14:40:38.486 I/APM::AudioPolicyEngine( 1758): getDeviceForStrategy, 359
08-16 14:40:38.490 I/audio_hw_primary( 1758): version:a00004 adev_create_audio_patch::mix->device 
08-16 14:40:38.491 I/audio_hw_primary( 1758): adev_create_audio_patch *handle=-1420227928 num_audio_patch=3
08-16 14:40:38.493 E/AudioManagerService( 1803): setAudioVolume(callingPid 1758, clientPid 1758, enSoundPath 0, volumn:0 )
08-16 14:40:38.494 I/tvos    ( 1764): SetVolume, subWooExist 0!
08-16 14:40:38.494 I/tvos    ( 1764): mapi_audio_customer::SetAbsoluteVolume: project name is X440M
08-16 14:40:38.494 I/tvos    ( 1764): SetAbsoluteVolume: uPercent : 0, path=52(speaker), VolumeInt=7f, VolumeFra=0
08-16 14:40:38.494 I/AudioUtil( 1758): setParameters spk_volume=0
08-16 14:40:38.494 I/tvos    ( 1764): SetAbsoluteVolume: uPercent(currVol) : 0, realPath=52(default), VolumeInt=7f, VolumeFra=0
08-16 14:40:38.494 I/tvos    ( 1764): mapi_audio_customer::SetAbsoluteVolume: project name is X440M
08-16 14:40:38.494 I/audio_hw_primary( 1758): adev_set_parameters: spk_volume=0
08-16 14:40:38.494 I/tvos    ( 1764): SetAbsoluteVolume: uPercent : 0, path=49(HP), VolumeInt=7f, VolumeFra=0
08-16 14:40:38.494 I/tvos    ( 1764): SetAbsoluteVolume: uPercent(currVol) : 0, realPath=49(default), VolumeInt=7f, VolumeFra=0
08-16 14:40:38.494 I/tvos    ( 1764): mapi_audio_customer::SetAbsoluteVolume: project name is X440M
08-16 14:40:38.494 I/tvos    ( 1764): SetAbsoluteVolume, m_bBTDetect is false! 
08-16 14:40:38.494 I/tvos    ( 1764): mapi_audio_customer::SetAbsoluteVolume: project name is X440M
08-16 14:40:38.494 I/tvos    ( 1764): SetAbsoluteVolume: uPercent : 0, path=255(speaker), VolumeInt=7f, VolumeFra=0
08-16 14:40:38.494 I/tvos    ( 1764): SetAbsoluteVolume: uPercent(currVol) : 0, realPath=255(default), VolumeInt=7f, VolumeFra=0
08-16 14:40:38.494 I/tvos    ( 1764): [SetMuteStatus] call SetSoundMuteStatus, line : 10369, muteType: 4, onOff : 0 
08-16 14:40:38.494 I/tvos    ( 1764): [audioBSP] #1 m_internalMute : 0 ..
08-16 14:40:38.494 I/tvos    ( 1764): #1|->SDK_bPermanentAudioMute:0<-|->SDK_bMomentAudioMute:0 <-|->SDK_bBySyncAudioMute:0<-|->SDK_bByBlockAudioMute:0<-|->SDK_bByVChipAudioMute:0<-|
08-16 14:40:38.494 I/tvos    ( 1764): #1|->SDK_bInternal1AudioMute:0<-|->SDK_bInternal2AudioMute:0<-|->SDK_bInternal3AudioMute:0<-|->SDK_bInternal4AudioMute:0<-|
08-16 14:40:38.494 I/tvos    ( 1764): #1|->SDK_bByScanInOutchgCHchg:0<-|->SDK_bByDuringLimitedTimeAudioMute:0<-|->SDK_bSourceSwitchAudioMute:0<-|
08-16 14:40:38.494 I/tvos    ( 1764): #1|->SDK_bMHEGApMute:0<-|->SDK_bAllAudioMuteCtrl:0<-|->SDK_bPowerOnMute:0<-|->SDK_bNullSourceMute0<-|->SDK_bSetInputSourceAudioMute:0<-|
08-16 14:40:38.494 I/tvos    ( 1764): [audioBSP] #2 m_spkrMute : 0 ..|->SDK_bUsrSpkrAudioMute:0<-|->SDK_bPowerOnMute:0<-|->SDK_bByUserAudioMute:0<-|
08-16 14:40:38.494 I/tvos    ( 1764): [audioBSP] #3 m_PcmCapture2Mute:0 |->SDK_bByUserPcmCapture2Mute:0<-|->SDK_SUB_bByUserAudioMute:0<-|->SDK_bByUserAudioMute:0<-|
08-16 14:40:38.494 I/tvos    ( 1764): [audioBSP] #5 m_hpMute : 1 ..|->SDK_bUsrHpAudioMute:1<-|->SDK_bPowerOnMute:0<-|->SDK_bByUserAudioMute:0<-|
08-16 14:40:38.494 I/tvos    ( 1764): [audioBSP] #12 m_spdifMute : 1 ..
08-16 14:40:38.494 I/tvos    ( 1764): #12|->SDK_bPermanentAudioMute:0<-|->SDK_bMomentAudioMute:0<-|->SDK_bByBlockAudioMute:0<-|
08-16 14:40:38.494 I/tvos    ( 1764): #12|->SDK_bByVChipAudioMute:0<-|->SDK_bInternal1AudioMute:0<-|->SDK_bInternal4AudioMute:0<-|
08-16 14:40:38.494 I/tvos    ( 1764): #12|->SDK_bByDuringLimitedTimeAudioMute:0<-|->SDK_bSourceSwitchAudioMute:0<-|->SDK_bMHEGApMute:0<-|
08-16 14:40:38.494 I/tvos    ( 1764): #12|->SDK_bPowerOnMute:0<-|->SDK_bUsrSpdifAudioMute:1<-|->SDK_bNullSourceMute:0<-|->SDK_bByAppMute:0<-|
08-16 14:40:38.494 I/tvos    ( 1764): Mute ,mute Status repetition!
08-16 14:40:38.494 I/tvos    ( 1764): SetSoundMuteStatus : m_hpMute : 1, m_spdifMute : 1, m_DataInMute : 0, m_channel7Mute : 0, m_internalMute : 0, m_spkrMute : 0, m_PcmCapture1Mute : 0, m_PcmCapture2Mute : 0 
08-16 14:40:38.495 I/tvos    ( 1764): GetAudioOutputDevice, retval : 0
08-16 14:40:38.498 I/tvos    ( 1764): [SetMuteStatus] call SetSoundMuteStatus, line : 10369, muteType: 67108864, onOff : 1 
08-16 14:40:38.498 I/tvos    ( 1764): _TransMSrvMuteTypeToSDKMuteType: Err! muteType(67108864) is out of Range
08-16 14:40:38.498 I/tvos    ( 1764): [SetMuteStatus] call SetSoundMuteStatus, line : 10369, muteType: 4, onOff : 1 
08-16 14:40:38.498 I/tvos    ( 1764): [audioBSP] #1 m_internalMute : 0 ..
08-16 14:40:38.498 I/tvos    ( 1764): #1|->SDK_bPermanentAudioMute:0<-|->SDK_bMomentAudioMute:0 <-|->SDK_bBySyncAudioMute:0<-|->SDK_bByBlockAudioMute:0<-|->SDK_bByVChipAudioMute:0<-|
08-16 14:40:38.498 I/tvos    ( 1764): #1|->SDK_bInternal1AudioMute:0<-|->SDK_bInternal2AudioMute:0<-|->SDK_bInternal3AudioMute:0<-|->SDK_bInternal4AudioMute:0<-|
08-16 14:40:38.499 I/tvos    ( 1764): #1|->SDK_bByScanInOutchgCHchg:0<-|->SDK_bByDuringLimitedTimeAudioMute:0<-|->SDK_bSourceSwitchAudioMute:0<-|
08-16 14:40:38.499 I/tvos    ( 1764): #1|->SDK_bMHEGApMute:0<-|->SDK_bAllAudioMuteCtrl:0<-|->SDK_bPowerOnMute:0<-|->SDK_bNullSourceMute0<-|->SDK_bSetInputSourceAudioMute:0<-|
08-16 14:40:38.499 I/tvos    ( 1764): [audioBSP] #2 m_spkrMute : 1 ..|->SDK_bUsrSpkrAudioMute:0<-|->SDK_bPowerOnMute:0<-|->SDK_bByUserAudioMute:1<-|
08-16 14:40:38.499 I/tvos    ( 1764): [audioBSP] #3 m_PcmCapture2Mute:1 |->SDK_bByUserPcmCapture2Mute:0<-|->SDK_SUB_bByUserAudioMute:0<-|->SDK_bByUserAudioMute:1<-|
08-16 14:40:38.499 I/tvos    ( 1764): [audioBSP] #5 m_hpMute : 1 ..|->SDK_bUsrHpAudioMute:1<-|->SDK_bPowerOnMute:0<-|->SDK_bByUserAudioMute:1<-|
08-16 14:40:38.499 I/tvos    ( 1764): [audioBSP] #12 m_spdifMute : 1 ..
08-16 14:40:38.499 I/tvos    ( 1764): #12|->SDK_bPermanentAudioMute:0<-|->SDK_bMomentAudioMute:0<-|->SDK_bByBlockAudioMute:0<-|
08-16 14:40:38.499 I/tvos    ( 1764): #12|->SDK_bByVChipAudioMute:0<-|->SDK_bInternal1AudioMute:0<-|->SDK_bInternal4AudioMute:0<-|
08-16 14:40:38.499 I/tvos    ( 1764): #12|->SDK_bByDuringLimitedTimeAudioMute:0<-|->SDK_bSourceSwitchAudioMute:0<-|->SDK_bMHEGApMute:0<-|
08-16 14:40:38.499 I/tvos    ( 1764): #12|->SDK_bPowerOnMute:0<-|->SDK_bUsrSpdifAudioMute:1<-|->SDK_bNullSourceMute:0<-|->SDK_bByAppMute:0<-|
08-16 14:40:38.499 I/tvos    ( 1764): ---Amplifier_ALC1310_LR_SWMute(1)
08-16 14:40:38.499 I/tvos    ( 1764): ALC1310 mute write good, addr: 0x13, readback data : 49164, write cmd times : 1
08-16 14:40:38.500 I/tvos    ( 1764): SetSoundMuteStatus : m_hpMute : 1, m_spdifMute : 1, m_DataInMute : 0, m_channel7Mute : 0, m_internalMute : 0, m_spkrMute : 1, m_PcmCapture1Mute : 0, m_PcmCapture2Mute : 1 
08-16 14:40:38.502 W/InputDispatcher( 2207): findTouchedWindow finished: injectionResult=0, injectionPermission=1, timeSpentWaitingForApplication=0.0ms
08-16 14:40:38.505 W/InputDispatcher( 2207): findTouchedWindow finished: injectionResult=0, injectionPermission=1, timeSpentWaitingForApplication=0.0ms
08-16 14:40:38.506 I/SoundPool( 2207): enter : func play
08-16 14:40:38.585 I/tvos    ( 1764): GetAudioOutputDevice, retval : 0
08-16 14:40:38.744 I/tvos    ( 1764): GetAudioOutputDevice, retval : 0
08-16 14:40:38.745 I/System.out( 2822): From style:
08-16 14:40:38.745 I/System.out( 2822): Attrs: 3010001=0.6 3010002=#0 3010003=null 3010004=true
08-16 14:40:38.755 W/ContextImpl( 2822): Calling a method in the system process without a qualified user: android.app.ContextImpl.startService:1224 android.content.ContextWrapper.startService:581 com.stv.settingadapter.EqManager.updateBinder:869 com.stv.settingadapter.EqManager.getInstance:176 com.stv.globalsetting.dialog.SoundSettingDialog.initData:71 
08-16 14:40:38.819 W/InputDispatcher( 2207): Focus left window: Window{bce5624 u0 com.stv.globalsetting}
08-16 14:40:38.819 W/InputDispatcher( 2207): Focus entered window: Window{15ab3a7 u0 com.stv.globalsetting}
08-16 14:40:38.823 I/GlobalSettings( 2822): BaseMultiLayerDialogHelper -- setDisMissTime on start
08-16 14:40:38.835 I/tvos    ( 1764): GetAudioOutputDevice, retval : 0
08-16 14:40:38.854 E/BufferQueueProducer( 1749): [] connect(P): already connected (cur=1 req=1)
08-16 14:40:38.937 E/BufferQueueProducer( 1749): [] connect(P): already connected (cur=1 req=1)
08-16 14:40:38.957 E/BufferQueueProducer( 1749): [] connect(P): already connected (cur=1 req=1)
08-16 14:40:38.977 E/BufferQueueProducer( 1749): [] connect(P): already connected (cur=1 req=1)
08-16 14:40:38.996 E/BufferQueueProducer( 1749): [] connect(P): already connected (cur=1 req=1)
08-16 14:40:39.017 E/BufferQueueProducer( 1749): [] connect(P): already connected (cur=1 req=1)
08-16 14:40:39.037 E/BufferQueueProducer( 1749): [] connect(P): already connected (cur=1 req=1)
08-16 14:40:39.058 E/BufferQueueProducer( 1749): [] connect(P): already connected (cur=1 req=1)
08-16 14:40:39.077 E/BufferQueueProducer( 1749): [] connect(P): already connected (cur=1 req=1)
08-16 14:40:39.085 I/tvos    ( 1764): GetAudioOutputDevice, retval : 0
08-16 14:40:39.097 E/BufferQueueProducer( 1749): [] connect(P): already connected (cur=1 req=1)
08-16 14:40:39.101 I/APM::AudioPolicyEngine( 1758): getDeviceForStrategy, 359
08-16 14:40:39.117 E/BufferQueueProducer( 1749): [] connect(P): already connected (cur=1 req=1)
08-16 14:40:39.136 E/BufferQueueProducer( 1749): [] connect(P): already connected (cur=1 req=1)
08-16 14:40:39.156 E/BufferQueueProducer( 1749): [] connect(P): already connected (cur=1 req=1)
08-16 14:40:39.177 E/BufferQueueProducer( 1749): [] connect(P): already connected (cur=1 req=1)
08-16 14:40:39.198 E/BufferQueueProducer( 1749): [] connect(P): already connected (cur=1 req=1)
08-16 14:40:39.218 E/BufferQueueProducer( 1749): [] connect(P): already connected (cur=1 req=1)
08-16 14:40:39.236 E/BufferQueueProducer( 1749): [] connect(P): already connected (cur=1 req=1)
08-16 14:40:39.336 I/tvos    ( 1764): GetAudioOutputDevice, retval : 0
08-16 14:40:39.516 W/InputDispatcher( 2207): findTouchedWindow finished: injectionResult=0, injectionPermission=1, timeSpentWaitingForApplication=0.0ms
08-16 14:40:39.519 W/InputDispatcher( 2207): findTouchedWindow finished: injectionResult=0, injectionPermission=1, timeSpentWaitingForApplication=0.0ms
08-16 14:40:39.520 I/SoundPool( 2207): enter : func play
08-16 14:40:39.525 I/APM::AudioPolicyEngine( 1758): getDeviceForStrategy, 359
08-16 14:40:39.529 I/audio_hw_primary( 1758): version:a00004 adev_create_audio_patch::mix->device 
08-16 14:40:39.529 I/audio_hw_primary( 1758): adev_create_audio_patch *handle=-1420227928 num_audio_patch=3
08-16 14:40:39.529 W/InputDispatcher( 2207): findTouchedWindow finished: injectionResult=0, injectionPermission=1, timeSpentWaitingForApplication=0.0ms
08-16 14:40:39.532 E/AudioManagerService( 1803): setAudioVolume(callingPid 1758, clientPid 1758, enSoundPath 0, volumn:0 )
08-16 14:40:39.533 W/InputDispatcher( 2207): findTouchedWindow finished: injectionResult=0, injectionPermission=1, timeSpentWaitingForApplication=0.0ms
08-16 14:40:39.535 I/tvos    ( 1764): SetVolume, subWooExist 0!
08-16 14:40:39.535 I/tvos    ( 1764): mapi_audio_customer::SetAbsoluteVolume: project name is X440M
08-16 14:40:39.535 I/tvos    ( 1764): SetAbsoluteVolume: uPercent : 0, path=52(speaker), VolumeInt=7f, VolumeFra=0
08-16 14:40:39.535 I/tvos    ( 1764): SetAbsoluteVolume: uPercent(currVol) : 0, realPath=52(default), VolumeInt=7f, VolumeFra=0
08-16 14:40:39.535 I/tvos    ( 1764): mapi_audio_customer::SetAbsoluteVolume: project name is X440M
08-16 14:40:39.535 I/tvos    ( 1764): SetAbsoluteVolume: uPercent : 0, path=49(HP), VolumeInt=7f, VolumeFra=0
08-16 14:40:39.535 I/tvos    ( 1764): SetAbsoluteVolume: uPercent(currVol) : 0, realPath=49(default), VolumeInt=7f, VolumeFra=0
08-16 14:40:39.535 I/tvos    ( 1764): mapi_audio_customer::SetAbsoluteVolume: project name is X440M
08-16 14:40:39.535 I/tvos    ( 1764): SetAbsoluteVolume, m_bBTDetect is false! 
08-16 14:40:39.535 I/tvos    ( 1764): mapi_audio_customer::SetAbsoluteVolume: project name is X440M
08-16 14:40:39.535 I/tvos    ( 1764): SetAbsoluteVolume: uPercent : 0, path=255(speaker), VolumeInt=7f, VolumeFra=0
08-16 14:40:39.535 I/tvos    ( 1764): SetAbsoluteVolume: uPercent(currVol) : 0, realPath=255(default), VolumeInt=7f, VolumeFra=0
08-16 14:40:39.535 I/tvos    ( 1764): [SetMuteStatus] call SetSoundMuteStatus, line : 10369, muteType: 4, onOff : 0 
08-16 14:40:39.535 I/tvos    ( 1764): [audioBSP] #1 m_internalMute : 0 ..
08-16 14:40:39.535 I/tvos    ( 1764): #1|->SDK_bPermanentAudioMute:0<-|->SDK_bMomentAudioMute:0 <-|->SDK_bBySyncAudioMute:0<-|->SDK_bByBlockAudioMute:0<-|->SDK_bByVChipAudioMute:0<-|
08-16 14:40:39.535 I/tvos    ( 1764): #1|->SDK_bInternal1AudioMute:0<-|->SDK_bInternal2AudioMute:0<-|->SDK_bInternal3AudioMute:0<-|->SDK_bInternal4AudioMute:0<-|
08-16 14:40:39.535 I/tvos    ( 1764): #1|->SDK_bByScanInOutchgCHchg:0<-|->SDK_bByDuringLimitedTimeAudioMute:0<-|->SDK_bSourceSwitchAudioMute:0<-|
08-16 14:40:39.535 I/tvos    ( 1764): #1|->SDK_bMHEGApMute:0<-|->SDK_bAllAudioMuteCtrl:0<-|->SDK_bPowerOnMute:0<-|->SDK_bNullSourceMute0<-|->SDK_bSetInputSourceAudioMute:0<-|
08-16 14:40:39.535 I/tvos    ( 1764): [audioBSP] #2 m_spkrMute : 0 ..|->SDK_bUsrSpkrAudioMute:0<-|->SDK_bPowerOnMute:0<-|->SDK_bByUserAudioMute:0<-|
08-16 14:40:39.535 I/tvos    ( 1764): [audioBSP] #3 m_PcmCapture2Mute:0 |->SDK_bByUserPcmCapture2Mute:0<-|->SDK_SUB_bByUserAudioMute:0<-|->SDK_bByUserAudioMute:0<-|
08-16 14:40:39.535 I/tvos    ( 1764): [audioBSP] #5 m_hpMute : 1 ..|->SDK_bUsrHpAudioMute:1<-|->SDK_bPowerOnMute:0<-|->SDK_bByUserAudioMute:0<-|
08-16 14:40:39.535 I/tvos    ( 1764): [audioBSP] #12 m_spdifMute : 1 ..
08-16 14:40:39.535 I/tvos    ( 1764): #12|->SDK_bPermanentAudioMute:0<-|->SDK_bMomentAudioMute:0<-|->SDK_bByBlockAudioMute:0<-|
08-16 14:40:39.535 I/tvos    ( 1764): #12|->SDK_bByVChipAudioMute:0<-|->SDK_bInternal1AudioMute:0<-|->SDK_bInternal4AudioMute:0<-|
08-16 14:40:39.535 I/tvos    ( 1764): #12|->SDK_bByDuringLimitedTimeAudioMute:0<-|->SDK_bSourceSwitchAudioMute:0<-|->SDK_bMHEGApMute:0<-|
08-16 14:40:39.535 I/tvos    ( 1764): #12|->SDK_bPowerOnMute:0<-|->SDK_bUsrSpdifAudioMute:1<-|->SDK_bNullSourceMute:0<-|->SDK_bByAppMute:0<-|
08-16 14:40:39.535 I/tvos    ( 1764): ---Amplifier_ALC1310_LR_SWMute(0)
08-16 14:40:39.535 I/tvos    ( 1764): ALC1310 unmute good, addr: 0x13 readbackvalue: 4 
08-16 14:40:39.537 I/tvos    ( 1764): SetSoundMuteStatus : m_hpMute : 1, m_spdifMute : 1, m_DataInMute : 0, m_channel7Mute : 0, m_internalMute : 0, m_spkrMute : 0, m_PcmCapture1Mute : 0, m_PcmCapture2Mute : 0 
08-16 14:40:39.539 I/AudioUtil( 1758): setParameters spk_volume=0
08-16 14:40:39.539 I/audio_hw_primary( 1758): adev_set_parameters: spk_volume=0
08-16 14:40:39.541 I/tvos    ( 1764): GetAudioOutputDevice, retval : 0
08-16 14:40:39.542 I/tvos    ( 1764): [SetMuteStatus] call SetSoundMuteStatus, line : 10369, muteType: 67108864, onOff : 1 
08-16 14:40:39.542 I/tvos    ( 1764): _TransMSrvMuteTypeToSDKMuteType: Err! muteType(67108864) is out of Range
08-16 14:40:39.545 I/tvos    ( 1764): [SetMuteStatus] call SetSoundMuteStatus, line : 10369, muteType: 4, onOff : 1 
08-16 14:40:39.545 I/tvos    ( 1764): [audioBSP] #1 m_internalMute : 0 ..
08-16 14:40:39.545 I/tvos    ( 1764): #1|->SDK_bPermanentAudioMute:0<-|->SDK_bMomentAudioMute:0 <-|->SDK_bBySyncAudioMute:0<-|->SDK_bByBlockAudioMute:0<-|->SDK_bByVChipAudioMute:0<-|
08-16 14:40:39.545 I/tvos    ( 1764): #1|->SDK_bInternal1AudioMute:0<-|->SDK_bInternal2AudioMute:0<-|->SDK_bInternal3AudioMute:0<-|->SDK_bInternal4AudioMute:0<-|
08-16 14:40:39.545 I/tvos    ( 1764): #1|->SDK_bByScanInOutchgCHchg:0<-|->SDK_bByDuringLimitedTimeAudioMute:0<-|->SDK_bSourceSwitchAudioMute:0<-|
08-16 14:40:39.545 I/tvos    ( 1764): #1|->SDK_bMHEGApMute:0<-|->SDK_bAllAudioMuteCtrl:0<-|->SDK_bPowerOnMute:0<-|->SDK_bNullSourceMute0<-|->SDK_bSetInputSourceAudioMute:0<-|
08-16 14:40:39.545 I/tvos    ( 1764): [audioBSP] #2 m_spkrMute : 1 ..|->SDK_bUsrSpkrAudioMute:0<-|->SDK_bPowerOnMute:0<-|->SDK_bByUserAudioMute:1<-|
08-16 14:40:39.545 I/tvos    ( 1764): [audioBSP] #3 m_PcmCapture2Mute:1 |->SDK_bByUserPcmCapture2Mute:0<-|->SDK_SUB_bByUserAudioMute:0<-|->SDK_bByUserAudioMute:1<-|
08-16 14:40:39.545 I/tvos    ( 1764): [audioBSP] #5 m_hpMute : 1 ..|->SDK_bUsrHpAudioMute:1<-|->SDK_bPowerOnMute:0<-|->SDK_bByUserAudioMute:1<-|
08-16 14:40:39.545 I/tvos    ( 1764): [audioBSP] #12 m_spdifMute : 1 ..
08-16 14:40:39.545 I/tvos    ( 1764): #12|->SDK_bPermanentAudioMute:0<-|->SDK_bMomentAudioMute:0<-|->SDK_bByBlockAudioMute:0<-|
08-16 14:40:39.545 I/tvos    ( 1764): #12|->SDK_bByVChipAudioMute:0<-|->SDK_bInternal1AudioMute:0<-|->SDK_bInternal4AudioMute:0<-|
08-16 14:40:39.545 I/tvos    ( 1764): #12|->SDK_bByDuringLimitedTimeAudioMute:0<-|->SDK_bSourceSwitchAudioMute:0<-|->SDK_bMHEGApMute:0<-|
08-16 14:40:39.545 I/tvos    ( 1764): #12|->SDK_bPowerOnMute:0<-|->SDK_bUsrSpdifAudioMute:1<-|->SDK_bNullSourceMute:0<-|->SDK_bByAppMute:0<-|
08-16 14:40:39.545 I/tvos    ( 1764): ---Amplifier_ALC1310_LR_SWMute(1)
08-16 14:40:39.545 I/tvos    ( 1764): ALC1310 mute write good, addr: 0x13, readback data : 49164, write cmd times : 1
08-16 14:40:39.547 I/tvos    ( 1764): SetSoundMuteStatus : m_hpMute : 1, m_spdifMute : 1, m_DataInMute : 0, m_channel7Mute : 0, m_internalMute : 0, m_spkrMute : 1, m_PcmCapture1Mute : 0, m_PcmCapture2Mute : 1 
08-16 14:40:39.548 I/SoundPool( 2207): enter : func play
08-16 14:40:39.586 I/tvos    ( 1764): GetAudioOutputDevice, retval : 0
08-16 14:40:39.686 I/WifiStateMachine( 2207):  DisconnectedState !SCAN_RESULTS_EVENT  rt=512506119/512506119 0 0 found=179 known=0 got=179 bcn=0 con=0
08-16 14:40:39.686 I/WifiStateMachine( 2207):  ConnectModeState !SCAN_RESULTS_EVENT  rt=512506119/512506119 0 0 found=179 known=0 got=179 bcn=0 con=0
08-16 14:40:39.687 I/WifiStateMachine( 2207):  DriverStartedState !SCAN_RESULTS_EVENT  rt=512506120/512506120 0 0 found=179 known=0 got=179 bcn=0 con=0
08-16 14:40:39.687 I/WifiStateMachine( 2207):  SupplicantStartedState !SCAN_RESULTS_EVENT  rt=512506120/512506120 0 0 found=179 known=0 got=179 bcn=0 con=0
08-16 14:40:39.773 I/WifiStateMachine( 2207): setscanresults newsupplicantresult
08-16 14:40:39.796 I/AudioManager_JNI( 2881): --[hpan]exectueAudioEffectExtCmd--
08-16 14:40:39.800 I/tvos    ( 1764): @@@MSrv_System_Database::GetSoundSetting[1;40;32m[sora]line11063: u8SubCmd:1,m_AudioPreSoundMode:0,m_AudioPreOutDevice:0[0m
08-16 14:40:39.826 I/tvos    ( 1764): Mute ,mute Status repetition!
08-16 14:40:39.837 I/tvos    ( 1764): GetAudioOutputDevice, retval : 0
08-16 14:40:39.876 I/tvos    ( 1764): [LETV_OUT]::sound mode is 1, close wall sound mode
08-16 14:40:39.876 I/tvos    ( 1764): audio effect active, will use dolby or dts
08-16 14:40:39.876 I/tvos    ( 1764): [Dolby][SetDolbyDapMode]eMode:1, m_DolbyDAPMode = 0 for zhengyang!
08-16 14:40:39.876 I/tvos    ( 1764): [SetDolbyDapMode] model:X440M
08-16 14:40:39.876 I/tvos    ( 1764):  it's x440N dolbyeffect 
08-16 14:40:39.877 I/tvos    ( 1764): [SetDolbyDapMode]:sora[16635] m_AudioPreOutDevice:0, DOLBY_DAP_EN_:1  
08-16 14:40:39.929 I/tvos    ( 1764): ---Amplifier_ALC1310_LR_SWMute(0)
08-16 14:40:39.929 I/tvos    ( 1764): ALC1310 unmute good, addr: 0x13 readbackvalue: 4 
08-16 14:40:39.931 I/AudioManager_JNI( 2881): --[hpan]exectueAudioEffectExtCmd end, return val : 1 
08-16 14:40:39.931 I/AudioManager_JNI( 2881): --
08-16 14:40:39.941 W/InputDispatcher( 2207): Focus left window: Window{15ab3a7 u0 com.stv.globalsetting}
08-16 14:40:39.942 W/InputDispatcher( 2207): Focus entered window: Window{bce5624 u0 com.stv.globalsetting}
08-16 14:40:39.942 W/InputDispatcher( 2207): Window went away: Window{15ab3a7 u0 com.stv.globalsetting}
08-16 14:40:39.942 I/DatabaseManager_JNI(22042): setDatabaseDirtyByApplication
08-16 14:40:39.943 E/DataBaseDeskImpl( 4876): ===========>>>> now change Index = 23
08-16 14:40:39.947 I/GlobalSettings( 2822): ReportEuiLog_U -- ReportEuiLog action is: tvaction and reportmsg is: action=soundModeQuit&soundModule=2
08-16 14:40:39.952 I/GlobalSettings( 2822): SoundSettingDialog -- set_soundmode_result is: true and the value is: 2
08-16 14:40:40.018 E/BufferQueueProducer( 1749): [] connect(P): already connected (cur=1 req=1)
08-16 14:40:40.038 E/BufferQueueProducer( 1749): [] connect(P): already connected (cur=1 req=1)
08-16 14:40:40.057 E/BufferQueueProducer( 1749): [] connect(P): already connected (cur=1 req=1)
08-16 14:40:40.078 E/BufferQueueProducer( 1749): [] connect(P): already connected (cur=1 req=1)
08-16 14:40:40.082 I/LetvManager-LogReport( 1780): [send_msg] line: 490 report url = http://log.hdtv.cp21.ott.cibntv.net:80/api/log/tvAction
08-16 14:40:40.087 I/tvos    ( 1764): GetAudioOutputDevice, retval : 0
08-16 14:40:40.129 I/APM::AudioPolicyEngine( 1758): getDeviceForStrategy, 359
08-16 14:40:40.338 I/tvos    ( 1764): GetAudioOutputDevice, retval : 0
08-16 14:40:40.419 E/InternetUtils( 4594): java.net.SocketTimeoutException: failed to connect to www.cibn.com/61.133.127.115 (port 80) after 3000ms
08-16 14:40:40.546 W/InputDispatcher( 2207): findTouchedWindow finished: injectionResult=0, injectionPermission=1, timeSpentWaitingForApplication=0.0ms
08-16 14:40:40.549 W/InputDispatcher( 2207): findTouchedWindow finished: injectionResult=0, injectionPermission=1, timeSpentWaitingForApplication=0.0ms
08-16 14:40:40.550 I/SoundPool( 2207): enter : func play
08-16 14:40:40.554 I/APM::AudioPolicyEngine( 1758): getDeviceForStrategy, 359
08-16 14:40:40.561 W/InputDispatcher( 2207): findTouchedWindow finished: injectionResult=0, injectionPermission=1, timeSpentWaitingForApplication=0.0ms
08-16 14:40:40.563 W/InputDispatcher( 2207): findTouchedWindow finished: injectionResult=0, injectionPermission=1, timeSpentWaitingForApplication=0.0ms
08-16 14:40:40.566 I/audio_hw_primary( 1758): version:a00004 adev_create_audio_patch::mix->device 
08-16 14:40:40.567 I/audio_hw_primary( 1758): adev_create_audio_patch *handle=-1420227928 num_audio_patch=3
08-16 14:40:40.568 E/AudioManagerService( 1803): setAudioVolume(callingPid 1758, clientPid 1758, enSoundPath 0, volumn:0 )
08-16 14:40:40.569 I/AudioUtil( 1758): setParameters spk_volume=0
08-16 14:40:40.569 I/audio_hw_primary( 1758): adev_set_parameters: spk_volume=0
08-16 14:40:40.569 I/tvos    ( 1764): SetVolume, subWooExist 0!
08-16 14:40:40.569 I/tvos    ( 1764): mapi_audio_customer::SetAbsoluteVolume: project name is X440M
08-16 14:40:40.569 I/tvos    ( 1764): SetAbsoluteVolume: uPercent : 0, path=52(speaker), VolumeInt=7f, VolumeFra=0
08-16 14:40:40.569 I/tvos    ( 1764): SetAbsoluteVolume: uPercent(currVol) : 0, realPath=52(default), VolumeInt=7f, VolumeFra=0
08-16 14:40:40.569 I/tvos    ( 1764): mapi_audio_customer::SetAbsoluteVolume: project name is X440M
08-16 14:40:40.569 I/tvos    ( 1764): SetAbsoluteVolume: uPercent : 0, path=49(HP), VolumeInt=7f, VolumeFra=0
08-16 14:40:40.569 I/tvos    ( 1764): SetAbsoluteVolume: uPercent(currVol) : 0, realPath=49(default), VolumeInt=7f, VolumeFra=0
08-16 14:40:40.569 I/tvos    ( 1764): mapi_audio_customer::SetAbsoluteVolume: project name is X440M
08-16 14:40:40.569 I/tvos    ( 1764): SetAbsoluteVolume, m_bBTDetect is false! 
08-16 14:40:40.569 I/tvos    ( 1764): mapi_audio_customer::SetAbsoluteVolume: project name is X440M
08-16 14:40:40.569 I/tvos    ( 1764): SetAbsoluteVolume: uPercent : 0, path=255(speaker), VolumeInt=7f, VolumeFra=0
08-16 14:40:40.569 I/tvos    ( 1764): SetAbsoluteVolume: uPercent(currVol) : 0, realPath=255(default), VolumeInt=7f, VolumeFra=0
08-16 14:40:40.569 I/tvos    ( 1764): [SetMuteStatus] call SetSoundMuteStatus, line : 10369, muteType: 4, onOff : 0 
08-16 14:40:40.569 I/tvos    ( 1764): [audioBSP] #1 m_internalMute : 0 ..
08-16 14:40:40.569 I/tvos    ( 1764): #1|->SDK_bPermanentAudioMute:0<-|->SDK_bMomentAudioMute:0 <-|->SDK_bBySyncAudioMute:0<-|->SDK_bByBlockAudioMute:0<-|->SDK_bByVChipAudioMute:0<-|
08-16 14:40:40.569 I/tvos    ( 1764): #1|->SDK_bInternal1AudioMute:0<-|->SDK_bInternal2AudioMute:0<-|->SDK_bInternal3AudioMute:0<-|->SDK_bInternal4AudioMute:0<-|
08-16 14:40:40.569 I/tvos    ( 1764): #1|->SDK_bByScanInOutchgCHchg:0<-|->SDK_bByDuringLimitedTimeAudioMute:0<-|->SDK_bSourceSwitchAudioMute:0<-|
08-16 14:40:40.569 I/tvos    ( 1764): #1|->SDK_bMHEGApMute:0<-|->SDK_bAllAudioMuteCtrl:0<-|->SDK_bPowerOnMute:0<-|->SDK_bNullSourceMute0<-|->SDK_bSetInputSourceAudioMute:0<-|
08-16 14:40:40.569 I/tvos    ( 1764): [audioBSP] #2 m_spkrMute : 0 ..|->SDK_bUsrSpkrAudioMute:0<-|->SDK_bPowerOnMute:0<-|->SDK_bByUserAudioMute:0<-|
08-16 14:40:40.569 I/tvos    ( 1764): [audioBSP] #3 m_PcmCapture2Mute:0 |->SDK_bByUserPcmCapture2Mute:0<-|->SDK_SUB_bByUserAudioMute:0<-|->SDK_bByUserAudioMute:0<-|
08-16 14:40:40.569 I/tvos    ( 1764): [audioBSP] #5 m_hpMute : 1 ..|->SDK_bUsrHpAudioMute:1<-|->SDK_bPowerOnMute:0<-|->SDK_bByUserAudioMute:0<-|
08-16 14:40:40.569 I/tvos    ( 1764): [audioBSP] #12 m_spdifMute : 1 ..
08-16 14:40:40.569 I/tvos    ( 1764): #12|->SDK_bPermanentAudioMute:0<-|->SDK_bMomentAudioMute:0<-|->SDK_bByBlockAudioMute:0<-|
08-16 14:40:40.569 I/tvos    ( 1764): #12|->SDK_bByVChipAudioMute:0<-|->SDK_bInternal1AudioMute:0<-|->SDK_bInternal4AudioMute:0<-|
08-16 14:40:40.569 I/tvos    ( 1764): #12|->SDK_bByDuringLimitedTimeAudioMute:0<-|->SDK_bSourceSwitchAudioMute:0<-|->SDK_bMHEGApMute:0<-|
08-16 14:40:40.569 I/tvos    ( 1764): #12|->SDK_bPowerOnMute:0<-|->SDK_bUsrSpdifAudioMute:1<-|->SDK_bNullSourceMute:0<-|->SDK_bByAppMute:0<-|
08-16 14:40:40.569 I/tvos    ( 1764): Mute ,mute Status repetition!
08-16 14:40:40.569 I/tvos    ( 1764): SetSoundMuteStatus : m_hpMute : 1, m_spdifMute : 1, m_DataInMute : 0, m_channel7Mute : 0, m_internalMute : 0, m_spkrMute : 0, m_PcmCapture1Mute : 0, m_PcmCapture2Mute : 0 
08-16 14:40:40.569 I/tvos    ( 1764): GetAudioOutputDevice, retval : 0
08-16 14:40:40.569 I/tvos    ( 1764): [SetMuteStatus] call SetSoundMuteStatus, line : 10369, muteType: 67108864, onOff : 1 
08-16 14:40:40.569 I/tvos    ( 1764): _TransMSrvMuteTypeToSDKMuteType: Err! muteType(67108864) is out of Range
08-16 14:40:40.572 I/tvos    ( 1764): [SetMuteStatus] call SetSoundMuteStatus, line : 10369, muteType: 4, onOff : 1 
08-16 14:40:40.572 I/tvos    ( 1764): [audioBSP] #1 m_internalMute : 0 ..
08-16 14:40:40.572 I/tvos    ( 1764): #1|->SDK_bPermanentAudioMute:0<-|->SDK_bMomentAudioMute:0 <-|->SDK_bBySyncAudioMute:0<-|->SDK_bByBlockAudioMute:0<-|->SDK_bByVChipAudioMute:0<-|
08-16 14:40:40.572 I/tvos    ( 1764): #1|->SDK_bInternal1AudioMute:0<-|->SDK_bInternal2AudioMute:0<-|->SDK_bInternal3AudioMute:0<-|->SDK_bInternal4AudioMute:0<-|
08-16 14:40:40.572 I/tvos    ( 1764): #1|->SDK_bByScanInOutchgCHchg:0<-|->SDK_bByDuringLimitedTimeAudioMute:0<-|->SDK_bSourceSwitchAudioMute:0<-|
08-16 14:40:40.572 I/tvos    ( 1764): #1|->SDK_bMHEGApMute:0<-|->SDK_bAllAudioMuteCtrl:0<-|->SDK_bPowerOnMute:0<-|->SDK_bNullSourceMute0<-|->SDK_bSetInputSourceAudioMute:0<-|
08-16 14:40:40.572 I/tvos    ( 1764): [audioBSP] #2 m_spkrMute : 1 ..|->SDK_bUsrSpkrAudioMute:0<-|->SDK_bPowerOnMute:0<-|->SDK_bByUserAudioMute:1<-|
08-16 14:40:40.572 I/tvos    ( 1764): [audioBSP] #3 m_PcmCapture2Mute:1 |->SDK_bByUserPcmCapture2Mute:0<-|->SDK_SUB_bByUserAudioMute:0<-|->SDK_bByUserAudioMute:1<-|
08-16 14:40:40.572 I/tvos    ( 1764): [audioBSP] #5 m_hpMute : 1 ..|->SDK_bUsrHpAudioMute:1<-|->SDK_bPowerOnMute:0<-|->SDK_bByUserAudioMute:1<-|
08-16 14:40:40.572 I/tvos    ( 1764): [audioBSP] #12 m_spdifMute : 1 ..
08-16 14:40:40.572 I/tvos    ( 1764): #12|->SDK_bPermanentAudioMute:0<-|->SDK_bMomentAudioMute:0<-|->SDK_bByBlockAudioMute:0<-|
08-16 14:40:40.572 I/tvos    ( 1764): #12|->SDK_bByVChipAudioMute:0<-|->SDK_bInternal1AudioMute:0<-|->SDK_bInternal4AudioMute:0<-|
08-16 14:40:40.572 I/tvos    ( 1764): #12|->SDK_bByDuringLimitedTimeAudioMute:0<-|->SDK_bSourceSwitchAudioMute:0<-|->SDK_bMHEGApMute:0<-|
08-16 14:40:40.572 I/tvos    ( 1764): #12|->SDK_bPowerOnMute:0<-|->SDK_bUsrSpdifAudioMute:1<-|->SDK_bNullSourceMute:0<-|->SDK_bByAppMute:0<-|
08-16 14:40:40.572 I/tvos    ( 1764): ---Amplifier_ALC1310_LR_SWMute(1)
08-16 14:40:40.572 I/tvos    ( 1764): ALC1310 mute write good, addr: 0x13, readback data : 49164, write cmd times : 1
08-16 14:40:40.574 I/tvos    ( 1764): SetSoundMuteStatus : m_hpMute : 1, m_spdifMute : 1, m_DataInMute : 0, m_channel7Mute : 0, m_internalMute : 0, m_spkrMute : 1, m_PcmCapture1Mute : 0, m_PcmCapture2Mute : 1 
08-16 14:40:40.577 I/SoundPool( 2207): enter : func play
08-16 14:40:40.589 I/tvos    ( 1764): GetAudioOutputDevice, retval : 0
08-16 14:40:40.699 E/LetvRemoteupgradeManager-JNI( 2613): can't get LetvManager service!
08-16 14:40:40.802 I/tvos    ( 1764): GetAudioOutputDevice, retval : 0
08-16 14:40:40.802 I/System.out( 2822): From style:
08-16 14:40:40.802 I/System.out( 2822): Attrs: 3010001=0.6 3010002=#0 3010003=null 3010004=true
08-16 14:40:40.808 W/ContextImpl( 2822): Calling a method in the system process without a qualified user: android.app.ContextImpl.startService:1224 android.content.ContextWrapper.startService:581 com.stv.settingadapter.EqManager.updateBinder:869 com.stv.settingadapter.EqManager.getInstance:176 com.stv.globalsetting.dialog.SoundSettingDialog.initData:71 
08-16 14:40:40.838 I/tvos    ( 1764): GetAudioOutputDevice, retval : 0
08-16 14:40:40.873 W/InputDispatcher( 2207): Focus left window: Window{bce5624 u0 com.stv.globalsetting}
08-16 14:40:40.873 W/InputDispatcher( 2207): Focus entered window: Window{bd55dc0 u0 com.stv.globalsetting}
08-16 14:40:40.876 I/GlobalSettings( 2822): BaseMultiLayerDialogHelper -- setDisMissTime on start
08-16 14:40:40.914 E/BufferQueueProducer( 1749): [] connect(P): already connected (cur=1 req=1)
08-16 14:40:40.997 E/BufferQueueProducer( 1749): [] connect(P): already connected (cur=1 req=1)
08-16 14:40:41.018 E/BufferQueueProducer( 1749): [] connect(P): already connected (cur=1 req=1)
08-16 14:40:41.038 E/BufferQueueProducer( 1749): [] connect(P): already connected (cur=1 req=1)
08-16 14:40:41.056 E/BufferQueueProducer( 1749): [] connect(P): already connected (cur=1 req=1)
08-16 14:40:41.077 E/BufferQueueProducer( 1749): [] connect(P): already connected (cur=1 req=1)
08-16 14:40:41.089 I/tvos    ( 1764): GetAudioOutputDevice, retval : 0
08-16 14:40:41.096 E/BufferQueueProducer( 1749): [] connect(P): already connected (cur=1 req=1)
08-16 14:40:41.117 E/BufferQueueProducer( 1749): [] connect(P): already connected (cur=1 req=1)
08-16 14:40:41.138 E/BufferQueueProducer( 1749): [] connect(P): already connected (cur=1 req=1)
08-16 14:40:41.156 E/BufferQueueProducer( 1749): [] connect(P): already connected (cur=1 req=1)
08-16 14:40:41.169 I/APM::AudioPolicyEngine( 1758): getDeviceForStrategy, 359
08-16 14:40:41.179 E/BufferQueueProducer( 1749): [] connect(P): already connected (cur=1 req=1)
08-16 14:40:41.196 E/BufferQueueProducer( 1749): [] connect(P): already connected (cur=1 req=1)
08-16 14:40:41.218 E/BufferQueueProducer( 1749): [] connect(P): already connected (cur=1 req=1)
08-16 14:40:41.236 E/BufferQueueProducer( 1749): [] connect(P): already connected (cur=1 req=1)
08-16 14:40:41.256 E/BufferQueueProducer( 1749): [] connect(P): already connected (cur=1 req=1)
08-16 14:40:41.279 E/BufferQueueProducer( 1749): [] connect(P): already connected (cur=1 req=1)
08-16 14:40:41.297 E/BufferQueueProducer( 1749): [] connect(P): already connected (cur=1 req=1)
08-16 14:40:41.339 I/tvos    ( 1764): GetAudioOutputDevice, retval : 0
08-16 14:40:41.576 W/InputDispatcher( 2207): findTouchedWindow finished: injectionResult=0, injectionPermission=1, timeSpentWaitingForApplication=0.0ms
08-16 14:40:41.578 W/InputDispatcher( 2207): findTouchedWindow finished: injectionResult=0, injectionPermission=1, timeSpentWaitingForApplication=0.0ms
08-16 14:40:41.579 I/SoundPool( 2207): enter : func play
08-16 14:40:41.584 I/APM::AudioPolicyEngine( 1758): getDeviceForStrategy, 359
08-16 14:40:41.586 I/audio_hw_primary( 1758): version:a00004 adev_create_audio_patch::mix->device 
08-16 14:40:41.587 I/audio_hw_primary( 1758): adev_create_audio_patch *handle=-1420227928 num_audio_patch=3
08-16 14:40:41.589 W/InputDispatcher( 2207): findTouchedWindow finished: injectionResult=0, injectionPermission=1, timeSpentWaitingForApplication=0.0ms
08-16 14:40:41.589 E/AudioManagerService( 1803): setAudioVolume(callingPid 1758, clientPid 1758, enSoundPath 0, volumn:0 )
08-16 14:40:41.590 I/tvos    ( 1764): SetVolume, subWooExist 0!
08-16 14:40:41.590 I/tvos    ( 1764): mapi_audio_customer::SetAbsoluteVolume: project name is X440M
08-16 14:40:41.590 I/tvos    ( 1764): SetAbsoluteVolume: uPercent : 0, path=52(speaker), VolumeInt=7f, VolumeFra=0
08-16 14:40:41.591 I/tvos    ( 1764): SetAbsoluteVolume: uPercent(currVol) : 0, realPath=52(default), VolumeInt=7f, VolumeFra=0
08-16 14:40:41.591 I/tvos    ( 1764): mapi_audio_customer::SetAbsoluteVolume: project name is X440M
08-16 14:40:41.591 I/tvos    ( 1764): SetAbsoluteVolume: uPercent : 0, path=49(HP), VolumeInt=7f, VolumeFra=0
08-16 14:40:41.591 I/tvos    ( 1764): SetAbsoluteVolume: uPercent(currVol) : 0, realPath=49(default), VolumeInt=7f, VolumeFra=0
08-16 14:40:41.591 I/tvos    ( 1764): mapi_audio_customer::SetAbsoluteVolume: project name is X440M
08-16 14:40:41.591 I/tvos    ( 1764): SetAbsoluteVolume, m_bBTDetect is false! 
08-16 14:40:41.591 I/tvos    ( 1764): mapi_audio_customer::SetAbsoluteVolume: project name is X440M
08-16 14:40:41.591 I/tvos    ( 1764): SetAbsoluteVolume: uPercent : 0, path=255(speaker), VolumeInt=7f, VolumeFra=0
08-16 14:40:41.591 I/tvos    ( 1764): SetAbsoluteVolume: uPercent(currVol) : 0, realPath=255(default), VolumeInt=7f, VolumeFra=0
08-16 14:40:41.591 I/tvos    ( 1764): [SetMuteStatus] call SetSoundMuteStatus, line : 10369, muteType: 4, onOff : 0 
08-16 14:40:41.591 I/tvos    ( 1764): [audioBSP] #1 m_internalMute : 0 ..
08-16 14:40:41.591 I/tvos    ( 1764): #1|->SDK_bPermanentAudioMute:0<-|->SDK_bMomentAudioMute:0 <-|->SDK_bBySyncAudioMute:0<-|->SDK_bByBlockAudioMute:0<-|->SDK_bByVChipAudioMute:0<-|
08-16 14:40:41.591 I/tvos    ( 1764): #1|->SDK_bInternal1AudioMute:0<-|->SDK_bInternal2AudioMute:0<-|->SDK_bInternal3AudioMute:0<-|->SDK_bInternal4AudioMute:0<-|
08-16 14:40:41.591 I/tvos    ( 1764): #1|->SDK_bByScanInOutchgCHchg:0<-|->SDK_bByDuringLimitedTimeAudioMute:0<-|->SDK_bSourceSwitchAudioMute:0<-|
08-16 14:40:41.591 I/tvos    ( 1764): #1|->SDK_bMHEGApMute:0<-|->SDK_bAllAudioMuteCtrl:0<-|->SDK_bPowerOnMute:0<-|->SDK_bNullSourceMute0<-|->SDK_bSetInputSourceAudioMute:0<-|
08-16 14:40:41.591 I/tvos    ( 1764): [audioBSP] #2 m_spkrMute : 0 ..|->SDK_bUsrSpkrAudioMute:0<-|->SDK_bPowerOnMute:0<-|->SDK_bByUserAudioMute:0<-|
08-16 14:40:41.591 I/tvos    ( 1764): [audioBSP] #3 m_PcmCapture2Mute:0 |->SDK_bByUserPcmCapture2Mute:0<-|->SDK_SUB_bByUserAudioMute:0<-|->SDK_bByUserAudioMute:0<-|
08-16 14:40:41.591 I/tvos    ( 1764): [audioBSP] #5 m_hpMute : 1 ..|->SDK_bUsrHpAudioMute:1<-|->SDK_bPowerOnMute:0<-|->SDK_bByUserAudioMute:0<-|
08-16 14:40:41.591 I/tvos    ( 1764): [audioBSP] #12 m_spdifMute : 1 ..
