08-16 14:40:47.518 W/InputEventReceiver( 2822): Attempted to finish an input event but the input event receiver has already been disposed.
08-16 14:40:47.518 I/GlobalSettings( 2822): BaseMultiLayerDialogHelper -- dialog is all dismiss,cancel timer
08-16 14:40:47.603 I/tvos    ( 1764): GetAudioOutputDevice, retval : 0
08-16 14:40:47.854 I/tvos    ( 1764): GetAudioOutputDevice, retval : 0
08-16 14:40:48.025 W/InputDispatcher( 2207): findFocusedWindow finished: injectionResult=0, timeSpentWaitingForApplication=0.0ms
08-16 14:40:48.030 W/InputDispatcher( 2207): findFocusedWindow finished: injectionResult=0, timeSpentWaitingForApplication=0.0ms
08-16 14:40:48.104 I/tvos    ( 1764): GetAudioOutputDevice, retval : 0
08-16 14:40:48.355 I/tvos    ( 1764): GetAudioOutputDevice, retval : 0
08-16 14:40:48.535 W/InputDispatcher( 2207): findFocusedWindow finished: injectionResult=0, timeSpentWaitingForApplication=0.0ms
08-16 14:40:48.539 W/InputDispatcher( 2207): findFocusedWindow finished: injectionResult=0, timeSpentWaitingForApplication=0.0ms
08-16 14:40:48.605 I/tvos    ( 1764): GetAudioOutputDevice, retval : 0
08-16 14:40:48.856 I/tvos    ( 1764): GetAudioOutputDevice, retval : 0
08-16 14:40:49.044 W/InputDispatcher( 2207): findFocusedWindow finished: injectionResult=0, timeSpentWaitingForApplication=0.0ms
08-16 14:40:49.048 W/InputDispatcher( 2207): findFocusedWindow finished: injectionResult=0, timeSpentWaitingForApplication=0.0ms
08-16 14:40:49.106 I/tvos    ( 1764): GetAudioOutputDevice, retval : 0
08-16 14:40:49.356 I/tvos    ( 1764): GetAudioOutputDevice, retval : 0
08-16 14:40:49.433 I/reService( 2207): onReportKeyEvent  type=type0 keycode=4*4*4*4*4 
08-16 14:40:49.434 E/LETV_DEVICE( 1780): no name sn for Mstar
08-16 14:40:49.438 E/ActivityThread( 2837): Failed to find provider info for com.letv.agnes.InfoProvider
08-16 14:40:49.439 E/ActivityThread( 2837): Failed to find provider info for com.letv.agnes.InfoProvider
08-16 14:40:49.439 W/System.err( 2837): java.lang.IllegalArgumentException: Unknown URL content://com.letv.agnes.InfoProvider
08-16 14:40:49.439 W/System.err( 2837): 	at android.content.ContentResolver.insert(ContentResolver.java:1227)
08-16 14:40:49.439 W/System.err( 2837): 	at com.letv.tracker2.agnes.Configuration.addDebugInfo(Configuration.java:289)
08-16 14:40:49.439 W/System.err( 2837): 	at com.letv.tracker2.agnes.MessageProcessor$SendEnvMsgTr$1.handleMessage(MessageProcessor.java:661)
08-16 14:40:49.439 W/System.err( 2837): 	at android.os.Handler.dispatchMessage(Handler.java:102)
08-16 14:40:49.440 W/System.err( 2837): 	at android.os.Looper.loop(Looper.java:148)
08-16 14:40:49.440 W/System.err( 2837): 	at com.letv.tracker2.agnes.MessageProcessor$SendEnvMsgTr.run(MessageProcessor.java:665)
08-16 14:40:49.445 I/[T1.0.6.3]EuiAgnes_Server( 2837): resCode:1
08-16 14:40:49.445 I/[T1.0.6.3]EuiAgnes_Server( 2837): b[0]:0
08-16 14:40:49.553 W/InputDispatcher( 2207): findFocusedWindow finished: injectionResult=0, timeSpentWaitingForApplication=0.0ms
08-16 14:40:49.557 W/InputDispatcher( 2207): findFocusedWindow finished: injectionResult=0, timeSpentWaitingForApplication=0.0ms
08-16 14:40:49.607 I/tvos    ( 1764): GetAudioOutputDevice, retval : 0
08-16 14:40:49.700 E/LetvRemoteupgradeManager-JNI( 2613): can't get LetvManager service!
08-16 14:40:49.857 I/tvos    ( 1764): GetAudioOutputDevice, retval : 0
08-16 14:40:50.061 W/InputDispatcher( 2207): findFocusedWindow finished: injectionResult=0, timeSpentWaitingForApplication=0.0ms
08-16 14:40:50.066 W/InputDispatcher( 2207): findFocusedWindow finished: injectionResult=0, timeSpentWaitingForApplication=0.0ms
08-16 14:40:50.108 I/tvos    ( 1764): GetAudioOutputDevice, retval : 0
08-16 14:40:50.358 I/tvos    ( 1764): GetAudioOutputDevice, retval : 0
08-16 14:40:50.483 E/InternetUtils( 4594): java.net.SocketTimeoutException: failed to connect to www.cibn.com/61.133.127.115 (port 80) after 3000ms
08-16 14:40:50.571 W/InputDispatcher( 2207): findFocusedWindow finished: injectionResult=0, timeSpentWaitingForApplication=0.0ms
08-16 14:40:50.575 W/InputDispatcher( 2207): findFocusedWindow finished: injectionResult=0, timeSpentWaitingForApplication=0.0ms
08-16 14:40:50.608 I/tvos    ( 1764): GetAudioOutputDevice, retval : 0
08-16 14:40:50.859 I/tvos    ( 1764): GetAudioOutputDevice, retval : 0
08-16 14:40:51.109 I/tvos    ( 1764): GetAudioOutputDevice, retval : 0
08-16 14:40:51.360 I/tvos    ( 1764): GetAudioOutputDevice, retval : 0
08-16 14:40:51.610 I/tvos    ( 1764): GetAudioOutputDevice, retval : 0
08-16 14:40:51.819 I/WifiStateMachine( 2207):  DisconnectedState !CMD_START_SCAN  rt=512518252/512518252 -2 34146 ic=1 proc(ms):15012 dur:2880 cnt=34146 rssi=-127 f=-1 sc=0 link=-1 tx=0.0, 0.0, 0.0  rx=0.0 fiv=20000 [on:0 tx:0 rx:0 period:15011] from screen [on:0 period:1098327147]
08-16 14:40:51.819 I/WifiStateMachine( 2207): handlescanrequest  starting scan for 
08-16 14:40:51.819 I/WifiStateMachine( 2207): startscannative  starting scan for 
08-16 14:40:51.861 I/tvos    ( 1764): GetAudioOutputDevice, retval : 0
08-16 14:40:52.111 I/tvos    ( 1764): GetAudioOutputDevice, retval : 0
08-16 14:40:52.286 W/InputDispatcher( 2207): findFocusedWindow finished: injectionResult=0, timeSpentWaitingForApplication=0.0ms
08-16 14:40:52.290 W/InputDispatcher( 2207): findFocusedWindow finished: injectionResult=0, timeSpentWaitingForApplication=0.0ms
08-16 14:40:52.362 I/tvos    ( 1764): GetAudioOutputDevice, retval : 0
08-16 14:40:52.612 I/tvos    ( 1764): GetAudioOutputDevice, retval : 0
08-16 14:40:52.700 E/LetvRemoteupgradeManager-JNI( 2613): can't get LetvManager service!
08-16 14:40:52.862 I/tvos    ( 1764): GetAudioOutputDevice, retval : 0
08-16 14:40:53.113 I/tvos    ( 1764): GetAudioOutputDevice, retval : 0
08-16 14:40:53.363 I/tvos    ( 1764): GetAudioOutputDevice, retval : 0
08-16 14:40:53.614 I/tvos    ( 1764): GetAudioOutputDevice, retval : 0
08-16 14:40:53.864 I/tvos    ( 1764): GetAudioOutputDevice, retval : 0
08-16 14:40:53.918 I/System.out(22466): The phone type is: X4-40M
08-16 14:40:53.918 I/LetvTestCase(22466): ==========================case end time is :2018-8-16-2-40-53
08-16 14:40:53.918 I/TestRunner(22466): finished: testSound_Mode(com.letv.cases.leui.SmokeSetting)
08-16 14:40:53.920 I/MonitoringInstrumentation(22466): Activities that are still in CREATED to STOPPED: 0
08-16 14:40:53.921 I/TestRunner(22466): run finished: 1 tests, 0 failed, 0 ignored
08-16 14:40:53.922 I/MonitoringInstrumentation(22466): waitForActivitiesToComplete() took: 0ms
08-16 14:40:53.922 I/MonitoringInstrumentation(22466): Activities that are still in CREATED to STOPPED: 0
08-16 14:40:53.923 W/WindowManager( 2207): Attempted to remove non-existing token: android.os.Binder@3ed60d5
08-16 14:40:54.115 I/tvos    ( 1764): GetAudioOutputDevice, retval : 0
08-16 14:40:54.179 I/ActivityManager( 2207): Force stopping com.le.tcauto.uitest appid=10097 user=0: finished inst
08-16 14:40:54.179 I/ActivityManager( 2207): Killing 22466:com.le.tcauto.uitest/u0a97 (adj 0): stop com.le.tcauto.uitest
08-16 14:40:54.186 W/ActivityManager( 2207): Error shutting down UiAutomationConnection
08-16 14:40:54.365 I/tvos    ( 1764): GetAudioOutputDevice, retval : 0
08-16 14:40:54.615 I/tvos    ( 1764): GetAudioOutputDevice, retval : 0
08-16 14:40:54.648 I/WifiStateMachine( 2207):  DisconnectedState !SCAN_RESULTS_EVENT  rt=512521081/512521081 0 0 found=180 known=0 got=180 bcn=0 con=0
08-16 14:40:54.648 I/WifiStateMachine( 2207):  ConnectModeState !SCAN_RESULTS_EVENT  rt=512521081/512521081 0 0 found=180 known=0 got=180 bcn=0 con=0
08-16 14:40:54.648 I/WifiStateMachine( 2207):  DriverStartedState !SCAN_RESULTS_EVENT  rt=512521081/512521081 0 0 found=180 known=0 got=180 bcn=0 con=0
08-16 14:40:54.648 I/WifiStateMachine( 2207):  SupplicantStartedState !SCAN_RESULTS_EVENT  rt=512521081/512521081 0 0 found=180 known=0 got=180 bcn=0 con=0
08-16 14:40:54.747 I/WifiStateMachine( 2207): setscanresults newsupplicantresult
08-16 14:40:54.866 I/tvos    ( 1764): GetAudioOutputDevice, retval : 0
08-16 14:40:55.116 I/tvos    ( 1764): GetAudioOutputDevice, retval : 0
08-16 14:40:55.367 I/tvos    ( 1764): GetAudioOutputDevice, retval : 0
08-16 14:40:55.617 I/tvos    ( 1764): GetAudioOutputDevice, retval : 0
08-16 14:40:55.701 E/LetvRemoteupgradeManager-JNI( 2613): can't get LetvManager service!
08-16 14:40:55.867 I/tvos    ( 1764): GetAudioOutputDevice, retval : 0
08-16 14:40:56.118 I/tvos    ( 1764): GetAudioOutputDevice, retval : 0
08-16 14:40:56.368 I/tvos    ( 1764): GetAudioOutputDevice, retval : 0
08-16 14:40:56.619 I/tvos    ( 1764): GetAudioOutputDevice, retval : 0
08-16 14:40:56.869 I/tvos    ( 1764): GetAudioOutputDevice, retval : 0
08-16 14:40:57.119 I/tvos    ( 1764): GetAudioOutputDevice, retval : 0
08-16 14:40:57.370 I/tvos    ( 1764): GetAudioOutputDevice, retval : 0
08-16 14:40:57.620 I/tvos    ( 1764): GetAudioOutputDevice, retval : 0
08-16 14:40:57.871 I/tvos    ( 1764): GetAudioOutputDevice, retval : 0
08-16 14:40:58.121 I/tvos    ( 1764): GetAudioOutputDevice, retval : 0
08-16 14:40:58.371 I/tvos    ( 1764): GetAudioOutputDevice, retval : 0
08-16 14:40:58.622 I/tvos    ( 1764): GetAudioOutputDevice, retval : 0
08-16 14:40:58.701 E/LetvRemoteupgradeManager-JNI( 2613): can't get LetvManager service!
08-16 14:40:58.754 I/tvos    ( 1764): bq32kDriver:rtc_read_time.
08-16 14:40:58.755 I/tvos    ( 1764): [hq]rtc_read_time: read 0x58 0x40 0xc6 0x05 0x16 0x08 0x18
08-16 14:40:58.755 I/tvos    ( 1764): rtc_read_time: date 58s 40m 6h 16md 7m 118y
08-16 14:40:58.755 I/tvos    ( 1764): rtc read time:2018-8-16 6:40:58.
08-16 14:40:58.755 I/tvos    ( 1764): tm_year = 2018, tm_mon = 8, tm_mday = 16, tm_hour = 6,tm_min= 40,  tm_sec = 58
08-16 14:40:58.755 I/tvos    ( 1764): timeSeconds:1534401658 rtcTimeSeconds:1534401658.
08-16 14:40:58.872 I/tvos    ( 1764): GetAudioOutputDevice, retval : 0
08-16 14:40:59.123 I/tvos    ( 1764): GetAudioOutputDevice, retval : 0
08-16 14:40:59.373 I/tvos    ( 1764): GetAudioOutputDevice, retval : 0
08-16 14:40:59.624 I/tvos    ( 1764): GetAudioOutputDevice, retval : 0
08-16 14:40:59.786 I/tvos    ( 1764): [37m[INFO] Change to Voltage: 1130 mV (0x1F)[m
08-16 14:40:59.786 I/tvos    ( 1764): [37m[INFO] Change to Voltage: 1130 mV (0x22)[m
08-16 14:40:59.786 I/tvos    ( 1764): [37m[INFO] Change to Voltage: 1130 mV (0x25)[m
08-16 14:40:59.786 I/tvos    ( 1764): [37m[INFO] Change to Voltage: 1130 mV (0x28)[m
08-16 14:40:59.787 I/tvos    ( 1764): [37m[INFO] Change to Voltage: 1130 mV (0x2B)[m
08-16 14:40:59.787 I/tvos    ( 1764): [37m[INFO] Change to Voltage: 1130 mV (0x2C)[m
08-16 14:40:59.874 I/tvos    ( 1764): GetAudioOutputDevice, retval : 0
08-16 14:40:59.887 I/tvos    ( 1764): [37m[INFO] Change to Voltage: 1000 mV (0x2C)[m
08-16 14:40:59.887 I/tvos    ( 1764): [37m[INFO] Change to Voltage: 1000 mV (0x29)[m
08-16 14:40:59.887 I/tvos    ( 1764): [37m[INFO] Change to Voltage: 1000 mV (0x26)[m
08-16 14:40:59.887 I/tvos    ( 1764): [37m[INFO] Change to Voltage: 1000 mV (0x23)[m
08-16 14:40:59.887 I/tvos    ( 1764): [37m[INFO] Change to Voltage: 1000 mV (0x20)[m
08-16 14:40:59.887 I/tvos    ( 1764): [37m[INFO] Change to Voltage: 1000 mV (0x1F)[m
08-16 14:41:00.124 I/tvos    ( 1764): GetAudioOutputDevice, retval : 0
08-16 14:41:00.375 I/tvos    ( 1764): GetAudioOutputDevice, retval : 0
08-16 14:41:00.547 E/InternetUtils( 4594): java.net.SocketTimeoutException: failed to connect to www.cibn.com/61.133.127.115 (port 80) after 3000ms
08-16 14:41:00.625 I/tvos    ( 1764): GetAudioOutputDevice, retval : 0
08-16 14:41:00.876 I/tvos    ( 1764): GetAudioOutputDevice, retval : 0
08-16 14:41:01.126 I/tvos    ( 1764): GetAudioOutputDevice, retval : 0
08-16 14:41:01.376 I/tvos    ( 1764): GetAudioOutputDevice, retval : 0
08-16 14:41:01.627 I/tvos    ( 1764): GetAudioOutputDevice, retval : 0
08-16 14:41:01.701 E/LetvRemoteupgradeManager-JNI( 2613): can't get LetvManager service!
08-16 14:41:01.877 I/tvos    ( 1764): GetAudioOutputDevice, retval : 0
08-16 14:41:02.128 I/tvos    ( 1764): GetAudioOutputDevice, retval : 0
08-16 14:41:02.378 I/tvos    ( 1764): GetAudioOutputDevice, retval : 0
08-16 14:41:02.628 I/tvos    ( 1764): GetAudioOutputDevice, retval : 0
08-16 14:41:02.879 I/tvos    ( 1764): GetAudioOutputDevice, retval : 0
08-16 14:41:03.129 I/tvos    ( 1764): GetAudioOutputDevice, retval : 0
08-16 14:41:03.380 I/tvos    ( 1764): GetAudioOutputDevice, retval : 0
08-16 14:41:03.630 I/tvos    ( 1764): GetAudioOutputDevice, retval : 0
08-16 14:41:03.880 I/tvos    ( 1764): GetAudioOutputDevice, retval : 0
08-16 14:41:04.131 I/tvos    ( 1764): GetAudioOutputDevice, retval : 0
08-16 14:41:04.381 I/tvos    ( 1764): GetAudioOutputDevice, retval : 0
08-16 14:41:04.435 I/reService( 2207): onReportKeyEvent  type=type0 keycode=4*4*4*4 
08-16 14:41:04.436 E/LETV_DEVICE( 1780): no name sn for Mstar
08-16 14:41:04.447 E/ActivityThread( 2837): Failed to find provider info for com.letv.agnes.InfoProvider
08-16 14:41:04.447 E/ActivityThread( 2837): Failed to find provider info for com.letv.agnes.InfoProvider
08-16 14:41:04.448 W/System.err( 2837): java.lang.IllegalArgumentException: Unknown URL content://com.letv.agnes.InfoProvider
08-16 14:41:04.448 W/System.err( 2837): 	at android.content.ContentResolver.insert(ContentResolver.java:1227)
08-16 14:41:04.448 W/System.err( 2837): 	at com.letv.tracker2.agnes.Configuration.addDebugInfo(Configuration.java:289)
08-16 14:41:04.448 W/System.err( 2837): 	at com.letv.tracker2.agnes.MessageProcessor$SendEnvMsgTr$1.handleMessage(MessageProcessor.java:661)
08-16 14:41:04.448 W/System.err( 2837): 	at android.os.Handler.dispatchMessage(Handler.java:102)
08-16 14:41:04.448 W/System.err( 2837): 	at android.os.Looper.loop(Looper.java:148)
08-16 14:41:04.448 W/System.err( 2837): 	at com.letv.tracker2.agnes.MessageProcessor$SendEnvMsgTr.run(MessageProcessor.java:665)
08-16 14:41:04.471 I/[T1.0.6.3]EuiAgnes_Server( 2837): resCode:1
08-16 14:41:04.471 I/[T1.0.6.3]EuiAgnes_Server( 2837): b[0]:0
08-16 14:41:04.632 I/tvos    ( 1764): GetAudioOutputDevice, retval : 0
08-16 14:41:04.702 E/LetvRemoteupgradeManager-JNI( 2613): can't get LetvManager service!
08-16 14:41:04.882 I/tvos    ( 1764): GetAudioOutputDevice, retval : 0
08-16 14:41:05.133 I/tvos    ( 1764): GetAudioOutputDevice, retval : 0
08-16 14:41:05.383 I/tvos    ( 1764): GetAudioOutputDevice, retval : 0
08-16 14:41:05.633 I/tvos    ( 1764): GetAudioOutputDevice, retval : 0
08-16 14:41:05.884 I/tvos    ( 1764): GetAudioOutputDevice, retval : 0
08-16 14:41:06.134 I/tvos    ( 1764): GetAudioOutputDevice, retval : 0
08-16 14:41:06.385 I/tvos    ( 1764): GetAudioOutputDevice, retval : 0
08-16 14:41:06.635 I/tvos    ( 1764): GetAudioOutputDevice, retval : 0
08-16 14:41:06.831 I/WifiStateMachine( 2207):  DisconnectedState !CMD_START_SCAN  rt=512533264/512533264 -2 34147 ic=1 proc(ms):15012 dur:2829 cnt=34147 rssi=-127 f=-1 sc=0 link=-1 tx=0.0, 0.0, 0.0  rx=0.0 fiv=20000 [on:0 tx:0 rx:0 period:15011] from screen [on:0 period:1098342159]
08-16 14:41:06.831 I/WifiStateMachine( 2207): handlescanrequest  starting scan for 
08-16 14:41:06.831 I/WifiStateMachine( 2207): startscannative  starting scan for 
08-16 14:41:06.885 I/tvos    ( 1764): GetAudioOutputDevice, retval : 0
08-16 14:41:07.136 I/tvos    ( 1764): GetAudioOutputDevice, retval : 0
08-16 14:41:07.386 I/tvos    ( 1764): GetAudioOutputDevice, retval : 0
08-16 14:41:07.637 I/tvos    ( 1764): GetAudioOutputDevice, retval : 0
08-16 14:41:07.702 E/LetvRemoteupgradeManager-JNI( 2613): can't get LetvManager service!
08-16 14:41:07.887 I/tvos    ( 1764): GetAudioOutputDevice, retval : 0
08-16 14:41:08.137 I/tvos    ( 1764): GetAudioOutputDevice, retval : 0
08-16 14:41:08.388 I/tvos    ( 1764): GetAudioOutputDevice, retval : 0
08-16 14:41:08.638 I/tvos    ( 1764): GetAudioOutputDevice, retval : 0
08-16 14:41:08.889 I/tvos    ( 1764): GetAudioOutputDevice, retval : 0
08-16 14:41:09.139 I/tvos    ( 1764): GetAudioOutputDevice, retval : 0
08-16 14:41:09.390 I/tvos    ( 1764): GetAudioOutputDevice, retval : 0
08-16 14:41:09.640 I/tvos    ( 1764): GetAudioOutputDevice, retval : 0
08-16 14:41:09.696 I/WifiStateMachine( 2207):  DisconnectedState !SCAN_RESULTS_EVENT  rt=512536129/512536129 0 0 found=200 known=0 got=200 bcn=0 con=0
08-16 14:41:09.697 I/WifiStateMachine( 2207):  ConnectModeState !SCAN_RESULTS_EVENT  rt=512536130/512536130 0 0 found=200 known=0 got=200 bcn=0 con=0
08-16 14:41:09.697 I/WifiStateMachine( 2207):  DriverStartedState !SCAN_RESULTS_EVENT  rt=512536130/512536130 0 0 found=200 known=0 got=200 bcn=0 con=0
08-16 14:41:09.697 I/WifiStateMachine( 2207):  SupplicantStartedState !SCAN_RESULTS_EVENT  rt=512536130/512536130 0 0 found=200 known=0 got=200 bcn=0 con=0
08-16 14:41:09.778 I/WifiStateMachine( 2207): setscanresults newsupplicantresult
08-16 14:41:09.891 I/tvos    ( 1764): GetAudioOutputDevice, retval : 0
08-16 14:41:10.141 I/tvos    ( 1764): GetAudioOutputDevice, retval : 0
08-16 14:41:10.392 I/tvos    ( 1764): GetAudioOutputDevice, retval : 0
08-16 14:41:10.612 E/InternetUtils( 4594): java.net.SocketTimeoutException: failed to connect to www.cibn.com/61.133.127.115 (port 80) after 3000ms
08-16 14:41:10.642 I/tvos    ( 1764): GetAudioOutputDevice, retval : 0
08-16 14:41:10.703 E/LetvRemoteupgradeManager-JNI( 2613): can't get LetvManager service!
08-16 14:41:10.892 I/tvos    ( 1764): GetAudioOutputDevice, retval : 0
08-16 14:41:11.143 I/tvos    ( 1764): GetAudioOutputDevice, retval : 0
08-16 14:41:11.393 I/tvos    ( 1764): GetAudioOutputDevice, retval : 0
08-16 14:41:11.644 I/tvos    ( 1764): GetAudioOutputDevice, retval : 0
08-16 14:41:11.894 I/tvos    ( 1764): GetAudioOutputDevice, retval : 0
08-16 14:41:12.144 I/tvos    ( 1764): GetAudioOutputDevice, retval : 0
08-16 14:41:12.395 I/tvos    ( 1764): GetAudioOutputDevice, retval : 0
08-16 14:41:12.645 I/tvos    ( 1764): GetAudioOutputDevice, retval : 0
08-16 14:41:12.896 I/tvos    ( 1764): GetAudioOutputDevice, retval : 0
08-16 14:41:13.146 I/tvos    ( 1764): GetAudioOutputDevice, retval : 0
08-16 14:41:13.396 I/tvos    ( 1764): GetAudioOutputDevice, retval : 0
08-16 14:41:13.647 I/tvos    ( 1764): GetAudioOutputDevice, retval : 0
08-16 14:41:13.703 E/LetvRemoteupgradeManager-JNI( 2613): can't get LetvManager service!
08-16 14:41:13.897 I/tvos    ( 1764): GetAudioOutputDevice, retval : 0
08-16 14:41:14.148 I/tvos    ( 1764): GetAudioOutputDevice, retval : 0
08-16 14:41:14.398 I/tvos    ( 1764): GetAudioOutputDevice, retval : 0
08-16 14:41:14.648 I/tvos    ( 1764): GetAudioOutputDevice, retval : 0
08-16 14:41:14.899 I/tvos    ( 1764): GetAudioOutputDevice, retval : 0
08-16 14:41:15.149 I/tvos    ( 1764): GetAudioOutputDevice, retval : 0
08-16 14:41:15.400 I/tvos    ( 1764): GetAudioOutputDevice, retval : 0
08-16 14:41:15.650 I/tvos    ( 1764): GetAudioOutputDevice, retval : 0
08-16 14:41:15.900 I/tvos    ( 1764): GetAudioOutputDevice, retval : 0
08-16 14:41:16.151 I/tvos    ( 1764): GetAudioOutputDevice, retval : 0
