08-16 14:40:41.591 I/tvos    ( 1764): #12|->SDK_bPermanentAudioMute:0<-|->SDK_bMomentAudioMute:0<-|->SDK_bByBlockAudioMute:0<-|
08-16 14:40:41.591 I/tvos    ( 1764): #12|->SDK_bByVChipAudioMute:0<-|->SDK_bInternal1AudioMute:0<-|->SDK_bInternal4AudioMute:0<-|
08-16 14:40:41.591 I/tvos    ( 1764): #12|->SDK_bByDuringLimitedTimeAudioMute:0<-|->SDK_bSourceSwitchAudioMute:0<-|->SDK_bMHEGApMute:0<-|
08-16 14:40:41.591 I/tvos    ( 1764): #12|->SDK_bPowerOnMute:0<-|->SDK_bUsrSpdifAudioMute:1<-|->SDK_bNullSourceMute:0<-|->SDK_bByAppMute:0<-|
08-16 14:40:41.591 I/tvos    ( 1764): ---Amplifier_ALC1310_LR_SWMute(0)
08-16 14:40:41.592 W/InputDispatcher( 2207): findTouchedWindow finished: injectionResult=0, injectionPermission=1, timeSpentWaitingForApplication=0.0ms
08-16 14:40:41.592 I/tvos    ( 1764): GetAudioOutputDevice, retval : 0
08-16 14:40:41.592 I/tvos    ( 1764): ALC1310 unmute good, addr: 0x13 readbackvalue: 4 
08-16 14:40:41.595 I/AudioUtil( 1758): setParameters spk_volume=0
08-16 14:40:41.595 I/audio_hw_primary( 1758): adev_set_parameters: spk_volume=0
08-16 14:40:41.596 I/tvos    ( 1764): SetSoundMuteStatus : m_hpMute : 1, m_spdifMute : 1, m_DataInMute : 0, m_channel7Mute : 0, m_internalMute : 0, m_spkrMute : 0, m_PcmCapture1Mute : 0, m_PcmCapture2Mute : 0 
08-16 14:40:41.596 I/tvos    ( 1764): GetAudioOutputDevice, retval : 0
08-16 14:40:41.599 I/tvos    ( 1764): [SetMuteStatus] call SetSoundMuteStatus, line : 10369, muteType: 67108864, onOff : 1 
08-16 14:40:41.599 I/tvos    ( 1764): _TransMSrvMuteTypeToSDKMuteType: Err! muteType(67108864) is out of Range
08-16 14:40:41.599 I/tvos    ( 1764): [SetMuteStatus] call SetSoundMuteStatus, line : 10369, muteType: 4, onOff : 1 
08-16 14:40:41.599 I/tvos    ( 1764): [audioBSP] #1 m_internalMute : 0 ..
08-16 14:40:41.599 I/tvos    ( 1764): #1|->SDK_bPermanentAudioMute:0<-|->SDK_bMomentAudioMute:0 <-|->SDK_bBySyncAudioMute:0<-|->SDK_bByBlockAudioMute:0<-|->SDK_bByVChipAudioMute:0<-|
08-16 14:40:41.599 I/tvos    ( 1764): #1|->SDK_bInternal1AudioMute:0<-|->SDK_bInternal2AudioMute:0<-|->SDK_bInternal3AudioMute:0<-|->SDK_bInternal4AudioMute:0<-|
08-16 14:40:41.599 I/tvos    ( 1764): #1|->SDK_bByScanInOutchgCHchg:0<-|->SDK_bByDuringLimitedTimeAudioMute:0<-|->SDK_bSourceSwitchAudioMute:0<-|
08-16 14:40:41.599 I/tvos    ( 1764): #1|->SDK_bMHEGApMute:0<-|->SDK_bAllAudioMuteCtrl:0<-|->SDK_bPowerOnMute:0<-|->SDK_bNullSourceMute0<-|->SDK_bSetInputSourceAudioMute:0<-|
08-16 14:40:41.599 I/tvos    ( 1764): [audioBSP] #2 m_spkrMute : 1 ..|->SDK_bUsrSpkrAudioMute:0<-|->SDK_bPowerOnMute:0<-|->SDK_bByUserAudioMute:1<-|
08-16 14:40:41.599 I/tvos    ( 1764): [audioBSP] #3 m_PcmCapture2Mute:1 |->SDK_bByUserPcmCapture2Mute:0<-|->SDK_SUB_bByUserAudioMute:0<-|->SDK_bByUserAudioMute:1<-|
08-16 14:40:41.599 I/tvos    ( 1764): [audioBSP] #5 m_hpMute : 1 ..|->SDK_bUsrHpAudioMute:1<-|->SDK_bPowerOnMute:0<-|->SDK_bByUserAudioMute:1<-|
08-16 14:40:41.599 I/tvos    ( 1764): [audioBSP] #12 m_spdifMute : 1 ..
08-16 14:40:41.599 I/tvos    ( 1764): #12|->SDK_bPermanentAudioMute:0<-|->SDK_bMomentAudioMute:0<-|->SDK_bByBlockAudioMute:0<-|
08-16 14:40:41.599 I/tvos    ( 1764): #12|->SDK_bByVChipAudioMute:0<-|->SDK_bInternal1AudioMute:0<-|->SDK_bInternal4AudioMute:0<-|
08-16 14:40:41.599 I/tvos    ( 1764): #12|->SDK_bByDuringLimitedTimeAudioMute:0<-|->SDK_bSourceSwitchAudioMute:0<-|->SDK_bMHEGApMute:0<-|
08-16 14:40:41.599 I/tvos    ( 1764): #12|->SDK_bPowerOnMute:0<-|->SDK_bUsrSpdifAudioMute:1<-|->SDK_bNullSourceMute:0<-|->SDK_bByAppMute:0<-|
08-16 14:40:41.599 I/tvos    ( 1764): ---Amplifier_ALC1310_LR_SWMute(1)
08-16 14:40:41.599 I/tvos    ( 1764): ALC1310 mute write good, addr: 0x13, readback data : 49164, write cmd times : 1
08-16 14:40:41.601 I/tvos    ( 1764): SetSoundMuteStatus : m_hpMute : 1, m_spdifMute : 1, m_DataInMute : 0, m_channel7Mute : 0, m_internalMute : 0, m_spkrMute : 1, m_PcmCapture1Mute : 0, m_PcmCapture2Mute : 1 
08-16 14:40:41.602 I/SoundPool( 2207): enter : func play
08-16 14:40:41.842 I/tvos    ( 1764): GetAudioOutputDevice, retval : 0
08-16 14:40:41.856 I/AudioManager_JNI( 2881): --[hpan]exectueAudioEffectExtCmd--
08-16 14:40:41.862 I/tvos    ( 1764): @@@MSrv_System_Database::GetSoundSetting[1;40;32m[sora]line11063: u8SubCmd:2,m_AudioPreSoundMode:1,m_AudioPreOutDevice:0[0m
08-16 14:40:41.888 I/tvos    ( 1764): Mute ,mute Status repetition!
08-16 14:40:41.938 I/tvos    ( 1764): [LETV_OUT]::sound mode is 2, close wall sound mode
08-16 14:40:41.938 I/tvos    ( 1764): audio effect active, will use dolby or dts
08-16 14:40:41.938 I/tvos    ( 1764): [Dolby][SetDolbyDapMode]eMode:2, m_DolbyDAPMode = 1 for zhengyang!
08-16 14:40:41.938 I/tvos    ( 1764): [SetDolbyDapMode] model:X440M
08-16 14:40:41.938 I/tvos    ( 1764):  it's x440N dolbyeffect 
08-16 14:40:41.938 I/tvos    ( 1764): [SetDolbyDapMode]:sora[16635] m_AudioPreOutDevice:0, DOLBY_DAP_EN_:1  
08-16 14:40:41.990 I/tvos    ( 1764): ---Amplifier_ALC1310_LR_SWMute(0)
08-16 14:40:41.991 I/tvos    ( 1764): ALC1310 unmute good, addr: 0x13 readbackvalue: 4 
08-16 14:40:41.993 I/AudioManager_JNI( 2881): --[hpan]exectueAudioEffectExtCmd end, return val : 1 
08-16 14:40:41.993 I/AudioManager_JNI( 2881): --
08-16 14:40:42.004 I/DatabaseManager_JNI(22042): setDatabaseDirtyByApplication
08-16 14:40:42.004 W/InputDispatcher( 2207): Focus left window: Window{bd55dc0 u0 com.stv.globalsetting}
08-16 14:40:42.004 W/InputDispatcher( 2207): Focus entered window: Window{bce5624 u0 com.stv.globalsetting}
08-16 14:40:42.004 W/InputDispatcher( 2207): Window went away: Window{bd55dc0 u0 com.stv.globalsetting}
08-16 14:40:42.006 E/DataBaseDeskImpl( 4876): ===========>>>> now change Index = 23
08-16 14:40:42.009 I/GlobalSettings( 2822): ReportEuiLog_U -- ReportEuiLog action is: tvaction and reportmsg is: action=soundModeQuit&soundModule=3
08-16 14:40:42.013 I/GlobalSettings( 2822): SoundSettingDialog -- set_soundmode_result is: true and the value is: 3
08-16 14:40:42.078 E/BufferQueueProducer( 1749): [] connect(P): already connected (cur=1 req=1)
08-16 14:40:42.089 I/LetvManager-LogReport( 1780): [send_msg] line: 490 report url = http://log.hdtv.cp21.ott.cibntv.net:80/api/log/tvAction
08-16 14:40:42.093 I/tvos    ( 1764): GetAudioOutputDevice, retval : 0
08-16 14:40:42.100 E/BufferQueueProducer( 1749): [] connect(P): already connected (cur=1 req=1)
08-16 14:40:42.117 E/BufferQueueProducer( 1749): [] connect(P): already connected (cur=1 req=1)
08-16 14:40:42.137 E/BufferQueueProducer( 1749): [] connect(P): already connected (cur=1 req=1)
08-16 14:40:42.193 I/APM::AudioPolicyEngine( 1758): getDeviceForStrategy, 359
08-16 14:40:42.343 I/tvos    ( 1764): GetAudioOutputDevice, retval : 0
08-16 14:40:42.594 I/tvos    ( 1764): GetAudioOutputDevice, retval : 0
08-16 14:40:42.603 W/InputDispatcher( 2207): findTouchedWindow finished: injectionResult=0, injectionPermission=1, timeSpentWaitingForApplication=0.0ms
08-16 14:40:42.606 W/InputDispatcher( 2207): findTouchedWindow finished: injectionResult=0, injectionPermission=1, timeSpentWaitingForApplication=0.0ms
08-16 14:40:42.607 I/SoundPool( 2207): enter : func play
08-16 14:40:42.614 I/APM::AudioPolicyEngine( 1758): getDeviceForStrategy, 359
08-16 14:40:42.614 I/audio_hw_primary( 1758): version:a00004 adev_create_audio_patch::mix->device 
08-16 14:40:42.615 I/audio_hw_primary( 1758): adev_create_audio_patch *handle=-1420227928 num_audio_patch=3
08-16 14:40:42.618 E/AudioManagerService( 1803): setAudioVolume(callingPid 1758, clientPid 1758, enSoundPath 0, volumn:0 )
08-16 14:40:42.619 I/tvos    ( 1764): SetVolume, subWooExist 0!
08-16 14:40:42.619 I/tvos    ( 1764): mapi_audio_customer::SetAbsoluteVolume: project name is X440M
08-16 14:40:42.619 I/tvos    ( 1764): SetAbsoluteVolume: uPercent : 0, path=52(speaker), VolumeInt=7f, VolumeFra=0
08-16 14:40:42.619 I/tvos    ( 1764): SetAbsoluteVolume: uPercent(currVol) : 0, realPath=52(default), VolumeInt=7f, VolumeFra=0
08-16 14:40:42.619 I/tvos    ( 1764): mapi_audio_customer::SetAbsoluteVolume: project name is X440M
08-16 14:40:42.619 I/tvos    ( 1764): SetAbsoluteVolume: uPercent : 0, path=49(HP), VolumeInt=7f, VolumeFra=0
08-16 14:40:42.619 I/tvos    ( 1764): SetAbsoluteVolume: uPercent(currVol) : 0, realPath=49(default), VolumeInt=7f, VolumeFra=0
08-16 14:40:42.619 I/tvos    ( 1764): mapi_audio_customer::SetAbsoluteVolume: project name is X440M
08-16 14:40:42.619 I/tvos    ( 1764): SetAbsoluteVolume, m_bBTDetect is false! 
08-16 14:40:42.619 I/tvos    ( 1764): mapi_audio_customer::SetAbsoluteVolume: project name is X440M
08-16 14:40:42.619 I/tvos    ( 1764): SetAbsoluteVolume: uPercent : 0, path=255(speaker), VolumeInt=7f, VolumeFra=0
08-16 14:40:42.619 I/tvos    ( 1764): SetAbsoluteVolume: uPercent(currVol) : 0, realPath=255(default), VolumeInt=7f, VolumeFra=0
08-16 14:40:42.619 I/tvos    ( 1764): [SetMuteStatus] call SetSoundMuteStatus, line : 10369, muteType: 4, onOff : 0 
08-16 14:40:42.619 I/tvos    ( 1764): [audioBSP] #1 m_internalMute : 0 ..
08-16 14:40:42.619 I/tvos    ( 1764): #1|->SDK_bPermanentAudioMute:0<-|->SDK_bMomentAudioMute:0 <-|->SDK_bBySyncAudioMute:0<-|->SDK_bByBlockAudioMute:0<-|->SDK_bByVChipAudioMute:0<-|
08-16 14:40:42.619 I/tvos    ( 1764): #1|->SDK_bInternal1AudioMute:0<-|->SDK_bInternal2AudioMute:0<-|->SDK_bInternal3AudioMute:0<-|->SDK_bInternal4AudioMute:0<-|
08-16 14:40:42.619 I/tvos    ( 1764): #1|->SDK_bByScanInOutchgCHchg:0<-|->SDK_bByDuringLimitedTimeAudioMute:0<-|->SDK_bSourceSwitchAudioMute:0<-|
08-16 14:40:42.619 I/tvos    ( 1764): #1|->SDK_bMHEGApMute:0<-|->SDK_bAllAudioMuteCtrl:0<-|->SDK_bPowerOnMute:0<-|->SDK_bNullSourceMute0<-|->SDK_bSetInputSourceAudioMute:0<-|
08-16 14:40:42.619 I/AudioUtil( 1758): setParameters spk_volume=0
08-16 14:40:42.619 I/tvos    ( 1764): [audioBSP] #2 m_spkrMute : 0 ..|->SDK_bUsrSpkrAudioMute:0<-|->SDK_bPowerOnMute:0<-|->SDK_bByUserAudioMute:0<-|
08-16 14:40:42.619 I/tvos    ( 1764): [audioBSP] #3 m_PcmCapture2Mute:0 |->SDK_bByUserPcmCapture2Mute:0<-|->SDK_SUB_bByUserAudioMute:0<-|->SDK_bByUserAudioMute:0<-|
08-16 14:40:42.619 I/tvos    ( 1764): [audioBSP] #5 m_hpMute : 1 ..|->SDK_bUsrHpAudioMute:1<-|->SDK_bPowerOnMute:0<-|->SDK_bByUserAudioMute:0<-|
08-16 14:40:42.619 I/audio_hw_primary( 1758): adev_set_parameters: spk_volume=0
08-16 14:40:42.619 I/tvos    ( 1764): [audioBSP] #12 m_spdifMute : 1 ..
08-16 14:40:42.619 I/tvos    ( 1764): #12|->SDK_bPermanentAudioMute:0<-|->SDK_bMomentAudioMute:0<-|->SDK_bByBlockAudioMute:0<-|
08-16 14:40:42.619 I/tvos    ( 1764): #12|->SDK_bByVChipAudioMute:0<-|->SDK_bInternal1AudioMute:0<-|->SDK_bInternal4AudioMute:0<-|
08-16 14:40:42.619 I/tvos    ( 1764): #12|->SDK_bByDuringLimitedTimeAudioMute:0<-|->SDK_bSourceSwitchAudioMute:0<-|->SDK_bMHEGApMute:0<-|
08-16 14:40:42.619 I/tvos    ( 1764): #12|->SDK_bPowerOnMute:0<-|->SDK_bUsrSpdifAudioMute:1<-|->SDK_bNullSourceMute:0<-|->SDK_bByAppMute:0<-|
08-16 14:40:42.619 I/tvos    ( 1764): Mute ,mute Status repetition!
08-16 14:40:42.619 I/tvos    ( 1764): SetSoundMuteStatus : m_hpMute : 1, m_spdifMute : 1, m_DataInMute : 0, m_channel7Mute : 0, m_internalMute : 0, m_spkrMute : 0, m_PcmCapture1Mute : 0, m_PcmCapture2Mute : 0 
08-16 14:40:42.622 I/tvos    ( 1764): GetAudioOutputDevice, retval : 0
08-16 14:40:42.622 I/tvos    ( 1764): [SetMuteStatus] call SetSoundMuteStatus, line : 10369, muteType: 67108864, onOff : 1 
08-16 14:40:42.622 I/tvos    ( 1764): _TransMSrvMuteTypeToSDKMuteType: Err! muteType(67108864) is out of Range
08-16 14:40:42.624 I/tvos    ( 1764): [SetMuteStatus] call SetSoundMuteStatus, line : 10369, muteType: 4, onOff : 1 
08-16 14:40:42.624 I/tvos    ( 1764): [audioBSP] #1 m_internalMute : 0 ..
08-16 14:40:42.624 I/tvos    ( 1764): #1|->SDK_bPermanentAudioMute:0<-|->SDK_bMomentAudioMute:0 <-|->SDK_bBySyncAudioMute:0<-|->SDK_bByBlockAudioMute:0<-|->SDK_bByVChipAudioMute:0<-|
08-16 14:40:42.624 I/tvos    ( 1764): #1|->SDK_bInternal1AudioMute:0<-|->SDK_bInternal2AudioMute:0<-|->SDK_bInternal3AudioMute:0<-|->SDK_bInternal4AudioMute:0<-|
08-16 14:40:42.624 I/tvos    ( 1764): #1|->SDK_bByScanInOutchgCHchg:0<-|->SDK_bByDuringLimitedTimeAudioMute:0<-|->SDK_bSourceSwitchAudioMute:0<-|
08-16 14:40:42.624 I/tvos    ( 1764): #1|->SDK_bMHEGApMute:0<-|->SDK_bAllAudioMuteCtrl:0<-|->SDK_bPowerOnMute:0<-|->SDK_bNullSourceMute0<-|->SDK_bSetInputSourceAudioMute:0<-|
08-16 14:40:42.624 I/tvos    ( 1764): [audioBSP] #2 m_spkrMute : 1 ..|->SDK_bUsrSpkrAudioMute:0<-|->SDK_bPowerOnMute:0<-|->SDK_bByUserAudioMute:1<-|
08-16 14:40:42.624 I/tvos    ( 1764): [audioBSP] #3 m_PcmCapture2Mute:1 |->SDK_bByUserPcmCapture2Mute:0<-|->SDK_SUB_bByUserAudioMute:0<-|->SDK_bByUserAudioMute:1<-|
08-16 14:40:42.625 I/tvos    ( 1764): [audioBSP] #5 m_hpMute : 1 ..|->SDK_bUsrHpAudioMute:1<-|->SDK_bPowerOnMute:0<-|->SDK_bByUserAudioMute:1<-|
08-16 14:40:42.625 I/tvos    ( 1764): [audioBSP] #12 m_spdifMute : 1 ..
08-16 14:40:42.625 I/tvos    ( 1764): #12|->SDK_bPermanentAudioMute:0<-|->SDK_bMomentAudioMute:0<-|->SDK_bByBlockAudioMute:0<-|
08-16 14:40:42.625 I/tvos    ( 1764): #12|->SDK_bByVChipAudioMute:0<-|->SDK_bInternal1AudioMute:0<-|->SDK_bInternal4AudioMute:0<-|
08-16 14:40:42.625 I/tvos    ( 1764): #12|->SDK_bByDuringLimitedTimeAudioMute:0<-|->SDK_bSourceSwitchAudioMute:0<-|->SDK_bMHEGApMute:0<-|
08-16 14:40:42.625 I/tvos    ( 1764): #12|->SDK_bPowerOnMute:0<-|->SDK_bUsrSpdifAudioMute:1<-|->SDK_bNullSourceMute:0<-|->SDK_bByAppMute:0<-|
08-16 14:40:42.625 I/tvos    ( 1764): ---Amplifier_ALC1310_LR_SWMute(1)
08-16 14:40:42.625 I/tvos    ( 1764): ALC1310 mute write good, addr: 0x13, readback data : 49164, write cmd times : 1
08-16 14:40:42.627 I/tvos    ( 1764): SetSoundMuteStatus : m_hpMute : 1, m_spdifMute : 1, m_DataInMute : 0, m_channel7Mute : 0, m_internalMute : 0, m_spkrMute : 1, m_PcmCapture1Mute : 0, m_PcmCapture2Mute : 1 
08-16 14:40:42.629 W/InputDispatcher( 2207): findTouchedWindow finished: injectionResult=0, injectionPermission=1, timeSpentWaitingForApplication=0.0ms
08-16 14:40:42.631 W/InputDispatcher( 2207): findTouchedWindow finished: injectionResult=0, injectionPermission=1, timeSpentWaitingForApplication=0.0ms
08-16 14:40:42.636 I/SoundPool( 2207): enter : func play
08-16 14:40:42.844 I/tvos    ( 1764): GetAudioOutputDevice, retval : 0
08-16 14:40:42.863 I/tvos    ( 1764): GetAudioOutputDevice, retval : 0
08-16 14:40:42.863 I/System.out( 2822): From style:
08-16 14:40:42.863 I/System.out( 2822): Attrs: 3010001=0.6 3010002=#0 3010003=null 3010004=true
08-16 14:40:42.870 W/ContextImpl( 2822): Calling a method in the system process without a qualified user: android.app.ContextImpl.startService:1224 android.content.ContextWrapper.startService:581 com.stv.settingadapter.EqManager.updateBinder:869 com.stv.settingadapter.EqManager.getInstance:176 com.stv.globalsetting.dialog.SoundSettingDialog.initData:71 
08-16 14:40:42.934 W/InputDispatcher( 2207): Focus left window: Window{bce5624 u0 com.stv.globalsetting}
08-16 14:40:42.934 W/InputDispatcher( 2207): Focus entered window: Window{79fedb5 u0 com.stv.globalsetting}
08-16 14:40:42.937 I/GlobalSettings( 2822): BaseMultiLayerDialogHelper -- setDisMissTime on start
08-16 14:40:42.974 E/BufferQueueProducer( 1749): [] connect(P): already connected (cur=1 req=1)
08-16 14:40:43.057 E/BufferQueueProducer( 1749): [] connect(P): already connected (cur=1 req=1)
08-16 14:40:43.081 E/BufferQueueProducer( 1749): [] connect(P): already connected (cur=1 req=1)
08-16 14:40:43.095 I/tvos    ( 1764): GetAudioOutputDevice, retval : 0
08-16 14:40:43.097 E/BufferQueueProducer( 1749): [] connect(P): already connected (cur=1 req=1)
08-16 14:40:43.118 E/BufferQueueProducer( 1749): [] connect(P): already connected (cur=1 req=1)
08-16 14:40:43.136 E/BufferQueueProducer( 1749): [] connect(P): already connected (cur=1 req=1)
08-16 14:40:43.157 E/BufferQueueProducer( 1749): [] connect(P): already connected (cur=1 req=1)
08-16 14:40:43.176 E/BufferQueueProducer( 1749): [] connect(P): already connected (cur=1 req=1)
08-16 14:40:43.197 E/BufferQueueProducer( 1749): [] connect(P): already connected (cur=1 req=1)
08-16 14:40:43.217 E/BufferQueueProducer( 1749): [] connect(P): already connected (cur=1 req=1)
08-16 14:40:43.236 E/BufferQueueProducer( 1749): [] connect(P): already connected (cur=1 req=1)
08-16 14:40:43.237 I/APM::AudioPolicyEngine( 1758): getDeviceForStrategy, 359
08-16 14:40:43.256 E/BufferQueueProducer( 1749): [] connect(P): already connected (cur=1 req=1)
08-16 14:40:43.277 E/BufferQueueProducer( 1749): [] connect(P): already connected (cur=1 req=1)
08-16 14:40:43.297 E/BufferQueueProducer( 1749): [] connect(P): already connected (cur=1 req=1)
08-16 14:40:43.317 E/BufferQueueProducer( 1749): [] connect(P): already connected (cur=1 req=1)
08-16 14:40:43.337 E/BufferQueueProducer( 1749): [] connect(P): already connected (cur=1 req=1)
08-16 14:40:43.345 I/tvos    ( 1764): GetAudioOutputDevice, retval : 0
08-16 14:40:43.357 E/BufferQueueProducer( 1749): [] connect(P): already connected (cur=1 req=1)
08-16 14:40:43.596 I/tvos    ( 1764): GetAudioOutputDevice, retval : 0
08-16 14:40:43.645 W/InputDispatcher( 2207): findTouchedWindow finished: injectionResult=0, injectionPermission=1, timeSpentWaitingForApplication=0.0ms
08-16 14:40:43.648 W/InputDispatcher( 2207): findTouchedWindow finished: injectionResult=0, injectionPermission=1, timeSpentWaitingForApplication=0.0ms
08-16 14:40:43.648 I/SoundPool( 2207): enter : func play
08-16 14:40:43.654 I/APM::AudioPolicyEngine( 1758): getDeviceForStrategy, 359
08-16 14:40:43.658 W/InputDispatcher( 2207): findTouchedWindow finished: injectionResult=0, injectionPermission=1, timeSpentWaitingForApplication=0.0ms
08-16 14:40:43.659 I/audio_hw_primary( 1758): version:a00004 adev_create_audio_patch::mix->device 
08-16 14:40:43.659 I/audio_hw_primary( 1758): adev_create_audio_patch *handle=-1420227928 num_audio_patch=3
08-16 14:40:43.661 W/InputDispatcher( 2207): findTouchedWindow finished: injectionResult=0, injectionPermission=1, timeSpentWaitingForApplication=0.0ms
08-16 14:40:43.661 E/AudioManagerService( 1803): setAudioVolume(callingPid 1758, clientPid 1758, enSoundPath 0, volumn:0 )
08-16 14:40:43.664 I/tvos    ( 1764): SetVolume, subWooExist 0!
08-16 14:40:43.664 I/tvos    ( 1764): mapi_audio_customer::SetAbsoluteVolume: project name is X440M
08-16 14:40:43.664 I/tvos    ( 1764): SetAbsoluteVolume: uPercent : 0, path=52(speaker), VolumeInt=7f, VolumeFra=0
08-16 14:40:43.664 I/tvos    ( 1764): SetAbsoluteVolume: uPercent(currVol) : 0, realPath=52(default), VolumeInt=7f, VolumeFra=0
08-16 14:40:43.664 I/tvos    ( 1764): mapi_audio_customer::SetAbsoluteVolume: project name is X440M
08-16 14:40:43.664 I/tvos    ( 1764): SetAbsoluteVolume: uPercent : 0, path=49(HP), VolumeInt=7f, VolumeFra=0
08-16 14:40:43.664 I/tvos    ( 1764): SetAbsoluteVolume: uPercent(currVol) : 0, realPath=49(default), VolumeInt=7f, VolumeFra=0
08-16 14:40:43.664 I/tvos    ( 1764): mapi_audio_customer::SetAbsoluteVolume: project name is X440M
08-16 14:40:43.664 I/tvos    ( 1764): SetAbsoluteVolume, m_bBTDetect is false! 
08-16 14:40:43.664 I/tvos    ( 1764): mapi_audio_customer::SetAbsoluteVolume: project name is X440M
08-16 14:40:43.664 I/tvos    ( 1764): SetAbsoluteVolume: uPercent : 0, path=255(speaker), VolumeInt=7f, VolumeFra=0
08-16 14:40:43.664 I/tvos    ( 1764): SetAbsoluteVolume: uPercent(currVol) : 0, realPath=255(default), VolumeInt=7f, VolumeFra=0
08-16 14:40:43.664 I/tvos    ( 1764): [SetMuteStatus] call SetSoundMuteStatus, line : 10369, muteType: 4, onOff : 0 
08-16 14:40:43.664 I/tvos    ( 1764): [audioBSP] #1 m_internalMute : 0 ..
08-16 14:40:43.664 I/tvos    ( 1764): #1|->SDK_bPermanentAudioMute:0<-|->SDK_bMomentAudioMute:0 <-|->SDK_bBySyncAudioMute:0<-|->SDK_bByBlockAudioMute:0<-|->SDK_bByVChipAudioMute:0<-|
08-16 14:40:43.664 I/tvos    ( 1764): #1|->SDK_bInternal1AudioMute:0<-|->SDK_bInternal2AudioMute:0<-|->SDK_bInternal3AudioMute:0<-|->SDK_bInternal4AudioMute:0<-|
08-16 14:40:43.664 I/tvos    ( 1764): #1|->SDK_bByScanInOutchgCHchg:0<-|->SDK_bByDuringLimitedTimeAudioMute:0<-|->SDK_bSourceSwitchAudioMute:0<-|
08-16 14:40:43.664 I/tvos    ( 1764): #1|->SDK_bMHEGApMute:0<-|->SDK_bAllAudioMuteCtrl:0<-|->SDK_bPowerOnMute:0<-|->SDK_bNullSourceMute0<-|->SDK_bSetInputSourceAudioMute:0<-|
08-16 14:40:43.664 I/tvos    ( 1764): [audioBSP] #2 m_spkrMute : 0 ..|->SDK_bUsrSpkrAudioMute:0<-|->SDK_bPowerOnMute:0<-|->SDK_bByUserAudioMute:0<-|
08-16 14:40:43.664 I/tvos    ( 1764): [audioBSP] #3 m_PcmCapture2Mute:0 |->SDK_bByUserPcmCapture2Mute:0<-|->SDK_SUB_bByUserAudioMute:0<-|->SDK_bByUserAudioMute:0<-|
08-16 14:40:43.664 I/tvos    ( 1764): [audioBSP] #5 m_hpMute : 1 ..|->SDK_bUsrHpAudioMute:1<-|->SDK_bPowerOnMute:0<-|->SDK_bByUserAudioMute:0<-|
08-16 14:40:43.664 I/tvos    ( 1764): [audioBSP] #12 m_spdifMute : 1 ..
08-16 14:40:43.664 I/tvos    ( 1764): #12|->SDK_bPermanentAudioMute:0<-|->SDK_bMomentAudioMute:0<-|->SDK_bByBlockAudioMute:0<-|
08-16 14:40:43.664 I/tvos    ( 1764): #12|->SDK_bByVChipAudioMute:0<-|->SDK_bInternal1AudioMute:0<-|->SDK_bInternal4AudioMute:0<-|
08-16 14:40:43.664 I/tvos    ( 1764): #12|->SDK_bByDuringLimitedTimeAudioMute:0<-|->SDK_bSourceSwitchAudioMute:0<-|->SDK_bMHEGApMute:0<-|
08-16 14:40:43.664 I/tvos    ( 1764): #12|->SDK_bPowerOnMute:0<-|->SDK_bUsrSpdifAudioMute:1<-|->SDK_bNullSourceMute:0<-|->SDK_bByAppMute:0<-|
08-16 14:40:43.664 I/tvos    ( 1764): ---Amplifier_ALC1310_LR_SWMute(0)
08-16 14:40:43.664 I/tvos    ( 1764): ALC1310 unmute good, addr: 0x13 readbackvalue: 4 
08-16 14:40:43.667 I/tvos    ( 1764): SetSoundMuteStatus : m_hpMute : 1, m_spdifMute : 1, m_DataInMute : 0, m_channel7Mute : 0, m_internalMute : 0, m_spkrMute : 0, m_PcmCapture1Mute : 0, m_PcmCapture2Mute : 0 
08-16 14:40:43.667 I/AudioUtil( 1758): setParameters spk_volume=0
08-16 14:40:43.667 I/audio_hw_primary( 1758): adev_set_parameters: spk_volume=0
08-16 14:40:43.667 I/tvos    ( 1764): GetAudioOutputDevice, retval : 0
08-16 14:40:43.667 I/tvos    ( 1764): [SetMuteStatus] call SetSoundMuteStatus, line : 10369, muteType: 67108864, onOff : 1 
08-16 14:40:43.667 I/tvos    ( 1764): _TransMSrvMuteTypeToSDKMuteType: Err! muteType(67108864) is out of Range
08-16 14:40:43.670 I/tvos    ( 1764): [SetMuteStatus] call SetSoundMuteStatus, line : 10369, muteType: 4, onOff : 1 
08-16 14:40:43.670 I/tvos    ( 1764): [audioBSP] #1 m_internalMute : 0 ..
08-16 14:40:43.670 I/tvos    ( 1764): #1|->SDK_bPermanentAudioMute:0<-|->SDK_bMomentAudioMute:0 <-|->SDK_bBySyncAudioMute:0<-|->SDK_bByBlockAudioMute:0<-|->SDK_bByVChipAudioMute:0<-|
08-16 14:40:43.670 I/tvos    ( 1764): #1|->SDK_bInternal1AudioMute:0<-|->SDK_bInternal2AudioMute:0<-|->SDK_bInternal3AudioMute:0<-|->SDK_bInternal4AudioMute:0<-|
08-16 14:40:43.670 I/tvos    ( 1764): #1|->SDK_bByScanInOutchgCHchg:0<-|->SDK_bByDuringLimitedTimeAudioMute:0<-|->SDK_bSourceSwitchAudioMute:0<-|
08-16 14:40:43.670 I/tvos    ( 1764): #1|->SDK_bMHEGApMute:0<-|->SDK_bAllAudioMuteCtrl:0<-|->SDK_bPowerOnMute:0<-|->SDK_bNullSourceMute0<-|->SDK_bSetInputSourceAudioMute:0<-|
08-16 14:40:43.670 I/tvos    ( 1764): [audioBSP] #2 m_spkrMute : 1 ..|->SDK_bUsrSpkrAudioMute:0<-|->SDK_bPowerOnMute:0<-|->SDK_bByUserAudioMute:1<-|
08-16 14:40:43.670 I/tvos    ( 1764): [audioBSP] #3 m_PcmCapture2Mute:1 |->SDK_bByUserPcmCapture2Mute:0<-|->SDK_SUB_bByUserAudioMute:0<-|->SDK_bByUserAudioMute:1<-|
08-16 14:40:43.670 I/tvos    ( 1764): [audioBSP] #5 m_hpMute : 1 ..|->SDK_bUsrHpAudioMute:1<-|->SDK_bPowerOnMute:0<-|->SDK_bByUserAudioMute:1<-|
08-16 14:40:43.670 I/tvos    ( 1764): [audioBSP] #12 m_spdifMute : 1 ..
08-16 14:40:43.670 I/tvos    ( 1764): #12|->SDK_bPermanentAudioMute:0<-|->SDK_bMomentAudioMute:0<-|->SDK_bByBlockAudioMute:0<-|
08-16 14:40:43.670 I/tvos    ( 1764): #12|->SDK_bByVChipAudioMute:0<-|->SDK_bInternal1AudioMute:0<-|->SDK_bInternal4AudioMute:0<-|
08-16 14:40:43.670 I/tvos    ( 1764): #12|->SDK_bByDuringLimitedTimeAudioMute:0<-|->SDK_bSourceSwitchAudioMute:0<-|->SDK_bMHEGApMute:0<-|
08-16 14:40:43.670 I/tvos    ( 1764): #12|->SDK_bPowerOnMute:0<-|->SDK_bUsrSpdifAudioMute:1<-|->SDK_bNullSourceMute:0<-|->SDK_bByAppMute:0<-|
08-16 14:40:43.670 I/tvos    ( 1764): ---Amplifier_ALC1310_LR_SWMute(1)
08-16 14:40:43.670 I/tvos    ( 1764): ALC1310 mute write good, addr: 0x13, readback data : 49164, write cmd times : 1
08-16 14:40:43.672 I/tvos    ( 1764): SetSoundMuteStatus : m_hpMute : 1, m_spdifMute : 1, m_DataInMute : 0, m_channel7Mute : 0, m_internalMute : 0, m_spkrMute : 1, m_PcmCapture1Mute : 0, m_PcmCapture2Mute : 1 
08-16 14:40:43.676 I/SoundPool( 2207): enter : func play
08-16 14:40:43.699 E/LetvRemoteupgradeManager-JNI( 2613): can't get LetvManager service!
08-16 14:40:43.846 I/tvos    ( 1764): GetAudioOutputDevice, retval : 0
08-16 14:40:43.915 I/AudioManager_JNI( 2881): --[hpan]exectueAudioEffectExtCmd--
08-16 14:40:43.923 I/tvos    ( 1764): @@@MSrv_System_Database::GetSoundSetting[1;40;32m[sora]line11063: u8SubCmd:3,m_AudioPreSoundMode:2,m_AudioPreOutDevice:0[0m
08-16 14:40:43.946 I/tvos    ( 1764): Mute ,mute Status repetition!
08-16 14:40:43.996 I/tvos    ( 1764): [LETV_OUT]::sound mode is 3, close wall sound mode
08-16 14:40:43.996 I/tvos    ( 1764): audio effect active, will use dolby or dts
08-16 14:40:43.996 I/tvos    ( 1764): [Dolby][SetDolbyDapMode]eMode:3, m_DolbyDAPMode = 2 for zhengyang!
08-16 14:40:43.996 I/tvos    ( 1764): [SetDolbyDapMode] model:X440M
08-16 14:40:43.996 I/tvos    ( 1764):  it's x440N dolbyeffect 
08-16 14:40:43.997 I/tvos    ( 1764): [SetDolbyDapMode]:sora[16635] m_AudioPreOutDevice:0, DOLBY_DAP_EN_:1  
08-16 14:40:44.049 I/tvos    ( 1764): ---Amplifier_ALC1310_LR_SWMute(0)
08-16 14:40:44.049 I/tvos    ( 1764): ALC1310 unmute good, addr: 0x13 readbackvalue: 4 
08-16 14:40:44.051 I/AudioManager_JNI( 2881): --[hpan]exectueAudioEffectExtCmd end, return val : 1 
08-16 14:40:44.051 I/AudioManager_JNI( 2881): --
08-16 14:40:44.060 W/InputDispatcher( 2207): Focus left window: Window{79fedb5 u0 com.stv.globalsetting}
08-16 14:40:44.060 W/InputDispatcher( 2207): Focus entered window: Window{bce5624 u0 com.stv.globalsetting}
08-16 14:40:44.060 W/InputDispatcher( 2207): Window went away: Window{79fedb5 u0 com.stv.globalsetting}
08-16 14:40:44.061 I/DatabaseManager_JNI(22042): setDatabaseDirtyByApplication
08-16 14:40:44.062 I/GlobalSettings( 2822): ReportEuiLog_U -- ReportEuiLog action is: tvaction and reportmsg is: action=soundModeQuit&soundModule=4
08-16 14:40:44.063 E/DataBaseDeskImpl( 4876): ===========>>>> now change Index = 23
08-16 14:40:44.066 I/GlobalSettings( 2822): SoundSettingDialog -- set_soundmode_result is: true and the value is: 4
08-16 14:40:44.094 I/LetvManager-LogReport( 1780): [send_msg] line: 490 report url = http://log.hdtv.cp21.ott.cibntv.net:80/api/log/tvAction
08-16 14:40:44.097 I/tvos    ( 1764): GetAudioOutputDevice, retval : 0
08-16 14:40:44.137 E/BufferQueueProducer( 1749): [] connect(P): already connected (cur=1 req=1)
08-16 14:40:44.159 E/BufferQueueProducer( 1749): [] connect(P): already connected (cur=1 req=1)
08-16 14:40:44.289 I/APM::AudioPolicyEngine( 1758): getDeviceForStrategy, 359
08-16 14:40:44.347 I/tvos    ( 1764): GetAudioOutputDevice, retval : 0
08-16 14:40:44.597 I/tvos    ( 1764): GetAudioOutputDevice, retval : 0
08-16 14:40:44.674 W/InputDispatcher( 2207): findTouchedWindow finished: injectionResult=0, injectionPermission=1, timeSpentWaitingForApplication=0.0ms
08-16 14:40:44.677 W/InputDispatcher( 2207): findTouchedWindow finished: injectionResult=0, injectionPermission=1, timeSpentWaitingForApplication=0.0ms
08-16 14:40:44.677 I/SoundPool( 2207): enter : func play
08-16 14:40:44.680 I/APM::AudioPolicyEngine( 1758): getDeviceForStrategy, 359
08-16 14:40:44.682 I/audio_hw_primary( 1758): version:a00004 adev_create_audio_patch::mix->device 
08-16 14:40:44.682 I/audio_hw_primary( 1758): adev_create_audio_patch *handle=-1420227928 num_audio_patch=3
08-16 14:40:44.684 E/AudioManagerService( 1803): setAudioVolume(callingPid 1758, clientPid 1758, enSoundPath 0, volumn:0 )
08-16 14:40:44.685 I/AudioUtil( 1758): setParameters spk_volume=0
08-16 14:40:44.685 I/audio_hw_primary( 1758): adev_set_parameters: spk_volume=0
08-16 14:40:44.685 I/tvos    ( 1764): SetVolume, subWooExist 0!
08-16 14:40:44.685 I/tvos    ( 1764): mapi_audio_customer::SetAbsoluteVolume: project name is X440M
08-16 14:40:44.685 I/tvos    ( 1764): SetAbsoluteVolume: uPercent : 0, path=52(speaker), VolumeInt=7f, VolumeFra=0
08-16 14:40:44.685 I/tvos    ( 1764): SetAbsoluteVolume: uPercent(currVol) : 0, realPath=52(default), VolumeInt=7f, VolumeFra=0
08-16 14:40:44.685 I/tvos    ( 1764): mapi_audio_customer::SetAbsoluteVolume: project name is X440M
08-16 14:40:44.685 I/tvos    ( 1764): SetAbsoluteVolume: uPercent : 0, path=49(HP), VolumeInt=7f, VolumeFra=0
08-16 14:40:44.685 I/tvos    ( 1764): SetAbsoluteVolume: uPercent(currVol) : 0, realPath=49(default), VolumeInt=7f, VolumeFra=0
08-16 14:40:44.685 I/tvos    ( 1764): mapi_audio_customer::SetAbsoluteVolume: project name is X440M
08-16 14:40:44.685 I/tvos    ( 1764): SetAbsoluteVolume, m_bBTDetect is false! 
08-16 14:40:44.685 I/tvos    ( 1764): mapi_audio_customer::SetAbsoluteVolume: project name is X440M
08-16 14:40:44.685 I/tvos    ( 1764): SetAbsoluteVolume: uPercent : 0, path=255(speaker), VolumeInt=7f, VolumeFra=0
08-16 14:40:44.685 I/tvos    ( 1764): SetAbsoluteVolume: uPercent(currVol) : 0, realPath=255(default), VolumeInt=7f, VolumeFra=0
08-16 14:40:44.685 I/tvos    ( 1764): [SetMuteStatus] call SetSoundMuteStatus, line : 10369, muteType: 4, onOff : 0 
08-16 14:40:44.685 I/tvos    ( 1764): [audioBSP] #1 m_internalMute : 0 ..
08-16 14:40:44.685 I/tvos    ( 1764): #1|->SDK_bPermanentAudioMute:0<-|->SDK_bMomentAudioMute:0 <-|->SDK_bBySyncAudioMute:0<-|->SDK_bByBlockAudioMute:0<-|->SDK_bByVChipAudioMute:0<-|
08-16 14:40:44.685 I/tvos    ( 1764): #1|->SDK_bInternal1AudioMute:0<-|->SDK_bInternal2AudioMute:0<-|->SDK_bInternal3AudioMute:0<-|->SDK_bInternal4AudioMute:0<-|
08-16 14:40:44.685 I/tvos    ( 1764): #1|->SDK_bByScanInOutchgCHchg:0<-|->SDK_bByDuringLimitedTimeAudioMute:0<-|->SDK_bSourceSwitchAudioMute:0<-|
08-16 14:40:44.685 I/tvos    ( 1764): #1|->SDK_bMHEGApMute:0<-|->SDK_bAllAudioMuteCtrl:0<-|->SDK_bPowerOnMute:0<-|->SDK_bNullSourceMute0<-|->SDK_bSetInputSourceAudioMute:0<-|
08-16 14:40:44.685 I/tvos    ( 1764): [audioBSP] #2 m_spkrMute : 0 ..|->SDK_bUsrSpkrAudioMute:0<-|->SDK_bPowerOnMute:0<-|->SDK_bByUserAudioMute:0<-|
08-16 14:40:44.685 I/tvos    ( 1764): [audioBSP] #3 m_PcmCapture2Mute:0 |->SDK_bByUserPcmCapture2Mute:0<-|->SDK_SUB_bByUserAudioMute:0<-|->SDK_bByUserAudioMute:0<-|
08-16 14:40:44.685 I/tvos    ( 1764): [audioBSP] #5 m_hpMute : 1 ..|->SDK_bUsrHpAudioMute:1<-|->SDK_bPowerOnMute:0<-|->SDK_bByUserAudioMute:0<-|
08-16 14:40:44.685 I/tvos    ( 1764): [audioBSP] #12 m_spdifMute : 1 ..
08-16 14:40:44.685 I/tvos    ( 1764): #12|->SDK_bPermanentAudioMute:0<-|->SDK_bMomentAudioMute:0<-|->SDK_bByBlockAudioMute:0<-|
08-16 14:40:44.685 I/tvos    ( 1764): #12|->SDK_bByVChipAudioMute:0<-|->SDK_bInternal1AudioMute:0<-|->SDK_bInternal4AudioMute:0<-|
08-16 14:40:44.685 I/tvos    ( 1764): #12|->SDK_bByDuringLimitedTimeAudioMute:0<-|->SDK_bSourceSwitchAudioMute:0<-|->SDK_bMHEGApMute:0<-|
08-16 14:40:44.685 I/tvos    ( 1764): #12|->SDK_bPowerOnMute:0<-|->SDK_bUsrSpdifAudioMute:1<-|->SDK_bNullSourceMute:0<-|->SDK_bByAppMute:0<-|
08-16 14:40:44.685 I/tvos    ( 1764): Mute ,mute Status repetition!
08-16 14:40:44.685 I/tvos    ( 1764): SetSoundMuteStatus : m_hpMute : 1, m_spdifMute : 1, m_DataInMute : 0, m_channel7Mute : 0, m_internalMute : 0, m_spkrMute : 0, m_PcmCapture1Mute : 0, m_PcmCapture2Mute : 0 
08-16 14:40:44.686 I/tvos    ( 1764): GetAudioOutputDevice, retval : 0
08-16 14:40:44.686 I/tvos    ( 1764): [SetMuteStatus] call SetSoundMuteStatus, line : 10369, muteType: 67108864, onOff : 1 
08-16 14:40:44.686 I/tvos    ( 1764): _TransMSrvMuteTypeToSDKMuteType: Err! muteType(67108864) is out of Range
08-16 14:40:44.688 I/tvos    ( 1764): [SetMuteStatus] call SetSoundMuteStatus, line : 10369, muteType: 4, onOff : 1 
08-16 14:40:44.688 I/tvos    ( 1764): [audioBSP] #1 m_internalMute : 0 ..
08-16 14:40:44.688 I/tvos    ( 1764): #1|->SDK_bPermanentAudioMute:0<-|->SDK_bMomentAudioMute:0 <-|->SDK_bBySyncAudioMute:0<-|->SDK_bByBlockAudioMute:0<-|->SDK_bByVChipAudioMute:0<-|
08-16 14:40:44.688 I/tvos    ( 1764): #1|->SDK_bInternal1AudioMute:0<-|->SDK_bInternal2AudioMute:0<-|->SDK_bInternal3AudioMute:0<-|->SDK_bInternal4AudioMute:0<-|
08-16 14:40:44.688 I/tvos    ( 1764): #1|->SDK_bByScanInOutchgCHchg:0<-|->SDK_bByDuringLimitedTimeAudioMute:0<-|->SDK_bSourceSwitchAudioMute:0<-|
08-16 14:40:44.688 I/tvos    ( 1764): #1|->SDK_bMHEGApMute:0<-|->SDK_bAllAudioMuteCtrl:0<-|->SDK_bPowerOnMute:0<-|->SDK_bNullSourceMute0<-|->SDK_bSetInputSourceAudioMute:0<-|
08-16 14:40:44.688 I/tvos    ( 1764): [audioBSP] #2 m_spkrMute : 1 ..|->SDK_bUsrSpkrAudioMute:0<-|->SDK_bPowerOnMute:0<-|->SDK_bByUserAudioMute:1<-|
08-16 14:40:44.688 I/tvos    ( 1764): [audioBSP] #3 m_PcmCapture2Mute:1 |->SDK_bByUserPcmCapture2Mute:0<-|->SDK_SUB_bByUserAudioMute:0<-|->SDK_bByUserAudioMute:1<-|
08-16 14:40:44.688 I/tvos    ( 1764): [audioBSP] #5 m_hpMute : 1 ..|->SDK_bUsrHpAudioMute:1<-|->SDK_bPowerOnMute:0<-|->SDK_bByUserAudioMute:1<-|
08-16 14:40:44.688 I/tvos    ( 1764): [audioBSP] #12 m_spdifMute : 1 ..
08-16 14:40:44.688 I/tvos    ( 1764): #12|->SDK_bPermanentAudioMute:0<-|->SDK_bMomentAudioMute:0<-|->SDK_bByBlockAudioMute:0<-|
08-16 14:40:44.688 I/tvos    ( 1764): #12|->SDK_bByVChipAudioMute:0<-|->SDK_bInternal1AudioMute:0<-|->SDK_bInternal4AudioMute:0<-|
08-16 14:40:44.688 I/tvos    ( 1764): #12|->SDK_bByDuringLimitedTimeAudioMute:0<-|->SDK_bSourceSwitchAudioMute:0<-|->SDK_bMHEGApMute:0<-|
08-16 14:40:44.688 I/tvos    ( 1764): #12|->SDK_bPowerOnMute:0<-|->SDK_bUsrSpdifAudioMute:1<-|->SDK_bNullSourceMute:0<-|->SDK_bByAppMute:0<-|
08-16 14:40:44.688 I/tvos    ( 1764): ---Amplifier_ALC1310_LR_SWMute(1)
08-16 14:40:44.688 I/tvos    ( 1764): ALC1310 mute write good, addr: 0x13, readback data : 49164, write cmd times : 1
08-16 14:40:44.690 I/tvos    ( 1764): SetSoundMuteStatus : m_hpMute : 1, m_spdifMute : 1, m_DataInMute : 0, m_channel7Mute : 0, m_internalMute : 0, m_spkrMute : 1, m_PcmCapture1Mute : 0, m_PcmCapture2Mute : 1 
08-16 14:40:44.699 W/InputDispatcher( 2207): findTouchedWindow finished: injectionResult=0, injectionPermission=1, timeSpentWaitingForApplication=0.0ms
08-16 14:40:44.701 W/InputDispatcher( 2207): findTouchedWindow finished: injectionResult=0, injectionPermission=1, timeSpentWaitingForApplication=0.0ms
08-16 14:40:44.702 I/SoundPool( 2207): enter : func play
08-16 14:40:44.848 I/tvos    ( 1764): GetAudioOutputDevice, retval : 0
08-16 14:40:44.942 I/tvos    ( 1764): GetAudioOutputDevice, retval : 0
08-16 14:40:44.942 I/System.out( 2822): From style:
08-16 14:40:44.942 I/System.out( 2822): Attrs: 3010001=0.6 3010002=#0 3010003=null 3010004=true
08-16 14:40:44.948 W/ContextImpl( 2822): Calling a method in the system process without a qualified user: android.app.ContextImpl.startService:1224 android.content.ContextWrapper.startService:581 com.stv.settingadapter.EqManager.updateBinder:869 com.stv.settingadapter.EqManager.getInstance:176 com.stv.globalsetting.dialog.SoundSettingDialog.initData:71 
08-16 14:40:45.014 W/InputDispatcher( 2207): Focus left window: Window{bce5624 u0 com.stv.globalsetting}
08-16 14:40:45.014 W/InputDispatcher( 2207): Focus entered window: Window{f762316 u0 com.stv.globalsetting}
08-16 14:40:45.017 I/GlobalSettings( 2822): BaseMultiLayerDialogHelper -- setDisMissTime on start
08-16 14:40:45.054 E/BufferQueueProducer( 1749): [] connect(P): already connected (cur=1 req=1)
08-16 14:40:45.098 I/tvos    ( 1764): GetAudioOutputDevice, retval : 0
08-16 14:40:45.137 E/BufferQueueProducer( 1749): [] connect(P): already connected (cur=1 req=1)
08-16 14:40:45.159 E/BufferQueueProducer( 1749): [] connect(P): already connected (cur=1 req=1)
08-16 14:40:45.176 E/BufferQueueProducer( 1749): [] connect(P): already connected (cur=1 req=1)
08-16 14:40:45.197 E/BufferQueueProducer( 1749): [] connect(P): already connected (cur=1 req=1)
08-16 14:40:45.217 E/BufferQueueProducer( 1749): [] connect(P): already connected (cur=1 req=1)
08-16 14:40:45.236 E/BufferQueueProducer( 1749): [] connect(P): already connected (cur=1 req=1)
08-16 14:40:45.258 E/BufferQueueProducer( 1749): [] connect(P): already connected (cur=1 req=1)
08-16 14:40:45.276 E/BufferQueueProducer( 1749): [] connect(P): already connected (cur=1 req=1)
08-16 14:40:45.289 I/APM::AudioPolicyEngine( 1758): getDeviceForStrategy, 359
08-16 14:40:45.296 E/BufferQueueProducer( 1749): [] connect(P): already connected (cur=1 req=1)
08-16 14:40:45.318 E/BufferQueueProducer( 1749): [] connect(P): already connected (cur=1 req=1)
08-16 14:40:45.337 E/BufferQueueProducer( 1749): [] connect(P): already connected (cur=1 req=1)
08-16 14:40:45.349 I/tvos    ( 1764): GetAudioOutputDevice, retval : 0
08-16 14:40:45.357 E/BufferQueueProducer( 1749): [] connect(P): already connected (cur=1 req=1)
08-16 14:40:45.377 E/BufferQueueProducer( 1749): [] connect(P): already connected (cur=1 req=1)
08-16 14:40:45.397 E/BufferQueueProducer( 1749): [] connect(P): already connected (cur=1 req=1)
08-16 14:40:45.419 E/BufferQueueProducer( 1749): [] connect(P): already connected (cur=1 req=1)
08-16 14:40:45.437 E/BufferQueueProducer( 1749): [] connect(P): already connected (cur=1 req=1)
08-16 14:40:45.599 I/tvos    ( 1764): GetAudioOutputDevice, retval : 0
08-16 14:40:45.715 W/InputDispatcher( 2207): findTouchedWindow finished: injectionResult=0, injectionPermission=1, timeSpentWaitingForApplication=0.0ms
08-16 14:40:45.717 W/InputDispatcher( 2207): findTouchedWindow finished: injectionResult=0, injectionPermission=1, timeSpentWaitingForApplication=0.0ms
08-16 14:40:45.718 I/SoundPool( 2207): enter : func play
08-16 14:40:45.722 I/APM::AudioPolicyEngine( 1758): getDeviceForStrategy, 359
08-16 14:40:45.727 I/audio_hw_primary( 1758): version:a00004 adev_create_audio_patch::mix->device 
08-16 14:40:45.727 I/audio_hw_primary( 1758): adev_create_audio_patch *handle=-1420227928 num_audio_patch=3
08-16 14:40:45.728 W/InputDispatcher( 2207): findTouchedWindow finished: injectionResult=0, injectionPermission=1, timeSpentWaitingForApplication=0.0ms
08-16 14:40:45.730 E/AudioManagerService( 1803): setAudioVolume(callingPid 1758, clientPid 1758, enSoundPath 0, volumn:0 )
08-16 14:40:45.731 W/InputDispatcher( 2207): findTouchedWindow finished: injectionResult=0, injectionPermission=1, timeSpentWaitingForApplication=0.0ms
08-16 14:40:45.733 I/tvos    ( 1764): SetVolume, subWooExist 0!
08-16 14:40:45.733 I/tvos    ( 1764): mapi_audio_customer::SetAbsoluteVolume: project name is X440M
08-16 14:40:45.733 I/tvos    ( 1764): SetAbsoluteVolume: uPercent : 0, path=52(speaker), VolumeInt=7f, VolumeFra=0
08-16 14:40:45.733 I/tvos    ( 1764): SetAbsoluteVolume: uPercent(currVol) : 0, realPath=52(default), VolumeInt=7f, VolumeFra=0
08-16 14:40:45.733 I/tvos    ( 1764): mapi_audio_customer::SetAbsoluteVolume: project name is X440M
08-16 14:40:45.733 I/tvos    ( 1764): SetAbsoluteVolume: uPercent : 0, path=49(HP), VolumeInt=7f, VolumeFra=0
08-16 14:40:45.733 I/tvos    ( 1764): SetAbsoluteVolume: uPercent(currVol) : 0, realPath=49(default), VolumeInt=7f, VolumeFra=0
08-16 14:40:45.733 I/tvos    ( 1764): mapi_audio_customer::SetAbsoluteVolume: project name is X440M
08-16 14:40:45.733 I/tvos    ( 1764): SetAbsoluteVolume, m_bBTDetect is false! 
08-16 14:40:45.733 I/tvos    ( 1764): mapi_audio_customer::SetAbsoluteVolume: project name is X440M
08-16 14:40:45.733 I/tvos    ( 1764): SetAbsoluteVolume: uPercent : 0, path=255(speaker), VolumeInt=7f, VolumeFra=0
08-16 14:40:45.733 I/tvos    ( 1764): SetAbsoluteVolume: uPercent(currVol) : 0, realPath=255(default), VolumeInt=7f, VolumeFra=0
08-16 14:40:45.733 I/tvos    ( 1764): [SetMuteStatus] call SetSoundMuteStatus, line : 10369, muteType: 4, onOff : 0 
08-16 14:40:45.733 I/tvos    ( 1764): [audioBSP] #1 m_internalMute : 0 ..
08-16 14:40:45.733 I/tvos    ( 1764): #1|->SDK_bPermanentAudioMute:0<-|->SDK_bMomentAudioMute:0 <-|->SDK_bBySyncAudioMute:0<-|->SDK_bByBlockAudioMute:0<-|->SDK_bByVChipAudioMute:0<-|
08-16 14:40:45.734 I/tvos    ( 1764): #1|->SDK_bInternal1AudioMute:0<-|->SDK_bInternal2AudioMute:0<-|->SDK_bInternal3AudioMute:0<-|->SDK_bInternal4AudioMute:0<-|
08-16 14:40:45.734 I/tvos    ( 1764): #1|->SDK_bByScanInOutchgCHchg:0<-|->SDK_bByDuringLimitedTimeAudioMute:0<-|->SDK_bSourceSwitchAudioMute:0<-|
08-16 14:40:45.734 I/tvos    ( 1764): #1|->SDK_bMHEGApMute:0<-|->SDK_bAllAudioMuteCtrl:0<-|->SDK_bPowerOnMute:0<-|->SDK_bNullSourceMute0<-|->SDK_bSetInputSourceAudioMute:0<-|
08-16 14:40:45.734 I/tvos    ( 1764): [audioBSP] #2 m_spkrMute : 0 ..|->SDK_bUsrSpkrAudioMute:0<-|->SDK_bPowerOnMute:0<-|->SDK_bByUserAudioMute:0<-|
08-16 14:40:45.734 I/tvos    ( 1764): [audioBSP] #3 m_PcmCapture2Mute:0 |->SDK_bByUserPcmCapture2Mute:0<-|->SDK_SUB_bByUserAudioMute:0<-|->SDK_bByUserAudioMute:0<-|
08-16 14:40:45.734 I/tvos    ( 1764): [audioBSP] #5 m_hpMute : 1 ..|->SDK_bUsrHpAudioMute:1<-|->SDK_bPowerOnMute:0<-|->SDK_bByUserAudioMute:0<-|
08-16 14:40:45.734 I/tvos    ( 1764): [audioBSP] #12 m_spdifMute : 1 ..
08-16 14:40:45.734 I/tvos    ( 1764): #12|->SDK_bPermanentAudioMute:0<-|->SDK_bMomentAudioMute:0<-|->SDK_bByBlockAudioMute:0<-|
08-16 14:40:45.734 I/tvos    ( 1764): #12|->SDK_bByVChipAudioMute:0<-|->SDK_bInternal1AudioMute:0<-|->SDK_bInternal4AudioMute:0<-|
08-16 14:40:45.734 I/tvos    ( 1764): #12|->SDK_bByDuringLimitedTimeAudioMute:0<-|->SDK_bSourceSwitchAudioMute:0<-|->SDK_bMHEGApMute:0<-|
08-16 14:40:45.734 I/tvos    ( 1764): #12|->SDK_bPowerOnMute:0<-|->SDK_bUsrSpdifAudioMute:1<-|->SDK_bNullSourceMute:0<-|->SDK_bByAppMute:0<-|
08-16 14:40:45.734 I/tvos    ( 1764): ---Amplifier_ALC1310_LR_SWMute(0)
08-16 14:40:45.734 I/tvos    ( 1764): ALC1310 unmute good, addr: 0x13 readbackvalue: 4 
08-16 14:40:45.735 I/tvos    ( 1764): SetSoundMuteStatus : m_hpMute : 1, m_spdifMute : 1, m_DataInMute : 0, m_channel7Mute : 0, m_internalMute : 0, m_spkrMute : 0, m_PcmCapture1Mute : 0, m_PcmCapture2Mute : 0 
08-16 14:40:45.736 I/AudioUtil( 1758): setParameters spk_volume=0
08-16 14:40:45.736 I/audio_hw_primary( 1758): adev_set_parameters: spk_volume=0
08-16 14:40:45.737 I/tvos    ( 1764): GetAudioOutputDevice, retval : 0
08-16 14:40:45.737 I/tvos    ( 1764): [SetMuteStatus] call SetSoundMuteStatus, line : 10369, muteType: 67108864, onOff : 1 
08-16 14:40:45.737 I/tvos    ( 1764): _TransMSrvMuteTypeToSDKMuteType: Err! muteType(67108864) is out of Range
08-16 14:40:45.740 I/tvos    ( 1764): [SetMuteStatus] call SetSoundMuteStatus, line : 10369, muteType: 4, onOff : 1 
08-16 14:40:45.740 I/tvos    ( 1764): [audioBSP] #1 m_internalMute : 0 ..
08-16 14:40:45.740 I/tvos    ( 1764): #1|->SDK_bPermanentAudioMute:0<-|->SDK_bMomentAudioMute:0 <-|->SDK_bBySyncAudioMute:0<-|->SDK_bByBlockAudioMute:0<-|->SDK_bByVChipAudioMute:0<-|
08-16 14:40:45.740 I/tvos    ( 1764): #1|->SDK_bInternal1AudioMute:0<-|->SDK_bInternal2AudioMute:0<-|->SDK_bInternal3AudioMute:0<-|->SDK_bInternal4AudioMute:0<-|
08-16 14:40:45.740 I/tvos    ( 1764): #1|->SDK_bByScanInOutchgCHchg:0<-|->SDK_bByDuringLimitedTimeAudioMute:0<-|->SDK_bSourceSwitchAudioMute:0<-|
08-16 14:40:45.740 I/tvos    ( 1764): #1|->SDK_bMHEGApMute:0<-|->SDK_bAllAudioMuteCtrl:0<-|->SDK_bPowerOnMute:0<-|->SDK_bNullSourceMute0<-|->SDK_bSetInputSourceAudioMute:0<-|
08-16 14:40:45.740 I/tvos    ( 1764): [audioBSP] #2 m_spkrMute : 1 ..|->SDK_bUsrSpkrAudioMute:0<-|->SDK_bPowerOnMute:0<-|->SDK_bByUserAudioMute:1<-|
08-16 14:40:45.740 I/tvos    ( 1764): [audioBSP] #3 m_PcmCapture2Mute:1 |->SDK_bByUserPcmCapture2Mute:0<-|->SDK_SUB_bByUserAudioMute:0<-|->SDK_bByUserAudioMute:1<-|
08-16 14:40:45.740 I/tvos    ( 1764): [audioBSP] #5 m_hpMute : 1 ..|->SDK_bUsrHpAudioMute:1<-|->SDK_bPowerOnMute:0<-|->SDK_bByUserAudioMute:1<-|
08-16 14:40:45.740 I/tvos    ( 1764): [audioBSP] #12 m_spdifMute : 1 ..
08-16 14:40:45.740 I/tvos    ( 1764): #12|->SDK_bPermanentAudioMute:0<-|->SDK_bMomentAudioMute:0<-|->SDK_bByBlockAudioMute:0<-|
08-16 14:40:45.740 I/tvos    ( 1764): #12|->SDK_bByVChipAudioMute:0<-|->SDK_bInternal1AudioMute:0<-|->SDK_bInternal4AudioMute:0<-|
08-16 14:40:45.740 I/tvos    ( 1764): #12|->SDK_bByDuringLimitedTimeAudioMute:0<-|->SDK_bSourceSwitchAudioMute:0<-|->SDK_bMHEGApMute:0<-|
08-16 14:40:45.740 I/tvos    ( 1764): #12|->SDK_bPowerOnMute:0<-|->SDK_bUsrSpdifAudioMute:1<-|->SDK_bNullSourceMute:0<-|->SDK_bByAppMute:0<-|
08-16 14:40:45.740 I/tvos    ( 1764): ---Amplifier_ALC1310_LR_SWMute(1)
08-16 14:40:45.740 I/tvos    ( 1764): ALC1310 mute write good, addr: 0x13, readback data : 49164, write cmd times : 1
08-16 14:40:45.742 I/tvos    ( 1764): SetSoundMuteStatus : m_hpMute : 1, m_spdifMute : 1, m_DataInMute : 0, m_channel7Mute : 0, m_internalMute : 0, m_spkrMute : 1, m_PcmCapture1Mute : 0, m_PcmCapture2Mute : 1 
08-16 14:40:45.743 I/SoundPool( 2207): enter : func play
08-16 14:40:45.850 I/tvos    ( 1764): GetAudioOutputDevice, retval : 0
08-16 14:40:46.016 I/AudioManager_JNI( 2881): --[hpan]exectueAudioEffectExtCmd--
08-16 14:40:46.020 I/tvos    ( 1764): @@@MSrv_System_Database::GetSoundSetting[1;40;32m[sora]line11063: u8SubCmd:4,m_AudioPreSoundMode:3,m_AudioPreOutDevice:0[0m
08-16 14:40:46.051 I/tvos    ( 1764): Mute ,mute Status repetition!
08-16 14:40:46.101 I/tvos    ( 1764): GetAudioOutputDevice, retval : 0
08-16 14:40:46.101 I/tvos    ( 1764): [LETV_OUT]::sound mode is 4, close wall sound mode
08-16 14:40:46.101 I/tvos    ( 1764): audio effect active, will use dolby or dts
08-16 14:40:46.101 I/tvos    ( 1764): [Dolby][SetDolbyDapMode]eMode:4, m_DolbyDAPMode = 3 for zhengyang!
08-16 14:40:46.101 I/tvos    ( 1764): [SetDolbyDapMode] model:X440M
08-16 14:40:46.101 I/tvos    ( 1764):  it's x440N dolbyeffect 
08-16 14:40:46.101 I/tvos    ( 1764): [SetDolbyDapMode]:sora[16635] m_AudioPreOutDevice:0, DOLBY_DAP_EN_:1  
08-16 14:40:46.154 I/tvos    ( 1764): ---Amplifier_ALC1310_LR_SWMute(0)
08-16 14:40:46.154 I/tvos    ( 1764): ALC1310 unmute good, addr: 0x13 readbackvalue: 4 
08-16 14:40:46.156 I/AudioManager_JNI( 2881): --[hpan]exectueAudioEffectExtCmd end, return val : 1 
08-16 14:40:46.156 I/AudioManager_JNI( 2881): --
08-16 14:40:46.164 W/InputDispatcher( 2207): Focus left window: Window{f762316 u0 com.stv.globalsetting}
08-16 14:40:46.164 W/InputDispatcher( 2207): Focus entered window: Window{bce5624 u0 com.stv.globalsetting}
08-16 14:40:46.164 W/InputDispatcher( 2207): Window went away: Window{f762316 u0 com.stv.globalsetting}
08-16 14:40:46.166 I/GlobalSettings( 2822): ReportEuiLog_U -- ReportEuiLog action is: tvaction and reportmsg is: action=soundModeQuit&soundModule=5
08-16 14:40:46.168 I/GlobalSettings( 2822): SoundSettingDialog -- set_soundmode_result is: true and the value is: 5
08-16 14:40:46.168 I/DatabaseManager_JNI(22042): setDatabaseDirtyByApplication
08-16 14:40:46.171 E/DataBaseDeskImpl( 4876): ===========>>>> now change Index = 23
08-16 14:40:46.237 E/BufferQueueProducer( 1749): [] connect(P): already connected (cur=1 req=1)
08-16 14:40:46.257 E/BufferQueueProducer( 1749): [] connect(P): already connected (cur=1 req=1)
08-16 14:40:46.304 I/LetvManager-LogReport( 1780): [send_msg] line: 490 report url = http://log.hdtv.cp21.ott.cibntv.net:80/api/log/tvAction
08-16 14:40:46.337 I/APM::AudioPolicyEngine( 1758): getDeviceForStrategy, 359
08-16 14:40:46.351 I/tvos    ( 1764): GetAudioOutputDevice, retval : 0
08-16 14:40:46.602 I/tvos    ( 1764): GetAudioOutputDevice, retval : 0
08-16 14:40:46.699 E/LetvRemoteupgradeManager-JNI( 2613): can't get LetvManager service!
08-16 14:40:46.852 I/tvos    ( 1764): GetAudioOutputDevice, retval : 0
08-16 14:40:46.862 W/InputDispatcher( 2207): findFocusedWindow finished: injectionResult=0, timeSpentWaitingForApplication=0.0ms
08-16 14:40:46.862 I/GlobalSettings( 2822): BaseMultiLayerDialogHelper -- setDisMissTime on start
08-16 14:40:46.866 W/InputDispatcher( 2207): findFocusedWindow finished: injectionResult=0, timeSpentWaitingForApplication=0.0ms
08-16 14:40:46.867 I/GlobalSettings( 2822): BaseMultiLayerDialogHelper -- setDisMissTime on start
08-16 14:40:46.872 W/InputDispatcher( 2207): Focus left window: Window{bce5624 u0 com.stv.globalsetting}
08-16 14:40:46.872 W/InputDispatcher( 2207): Focus entered window: Window{d42efdb u0 com.stv.globalsetting}
08-16 14:40:46.872 W/InputDispatcher( 2207): Window went away: Window{bce5624 u0 com.stv.globalsetting}
08-16 14:40:46.874 W/InputEventReceiver( 2822): Attempted to finish an input event but the input event receiver has already been disposed.
08-16 14:40:46.939 E/BufferQueueProducer( 1749): [] connect(P): already connected (cur=1 req=1)
08-16 14:40:46.950 E/SurfaceFlinger( 1749): rejecting buffer: bufWidth=608, bufHeight=1080, front.active.{w=630, h=1080}
08-16 14:40:46.957 E/BufferQueueProducer( 1749): [] connect(P): already connected (cur=1 req=1)
08-16 14:40:47.103 I/tvos    ( 1764): GetAudioOutputDevice, retval : 0
08-16 14:40:47.353 I/tvos    ( 1764): GetAudioOutputDevice, retval : 0
08-16 14:40:47.502 W/InputDispatcher( 2207): findFocusedWindow finished: injectionResult=0, timeSpentWaitingForApplication=0.0ms
08-16 14:40:47.502 I/GlobalSettings( 2822): BaseMultiLayerDialogHelper -- setDisMissTime on start
08-16 14:40:47.507 W/InputDispatcher( 2207): findFocusedWindow finished: injectionResult=0, timeSpentWaitingForApplication=0.0ms
08-16 14:40:47.507 I/GlobalSettings( 2822): BaseMultiLayerDialogHelper -- setDisMissTime on start
08-16 14:40:47.513 W/InputDispatcher( 2207): Focus left window: Window{d42efdb u0 com.stv.globalsetting}
08-16 14:40:47.513 W/InputDispatcher( 2207): Focus entered window: Window{23c0535 u0 com.stv.launcher/com.stv.launcher.ui.activity.Launcher}
08-16 14:40:47.513 W/InputDispatcher( 2207): Window went away: Window{d42efdb u0 com.stv.globalsetting}
08-16 14:40:47.518 I/GlobalSettings( 2822): SettingDialog --  onBackPressed 
