--------- beginning of main
08-16 14:40:30.068 I/tvos    ( 1764): GetAudioOutputDevice, retval : 0
08-16 14:40:30.319 I/tvos    ( 1764): GetAudioOutputDevice, retval : 0
08-16 14:40:30.355 E/InternetUtils( 4594): java.net.SocketTimeoutException: failed to connect to www.cibn.com/61.133.127.115 (port 80) after 3000ms
08-16 14:40:30.569 I/tvos    ( 1764): GetAudioOutputDevice, retval : 0
08-16 14:40:30.820 I/tvos    ( 1764): GetAudioOutputDevice, retval : 0
08-16 14:40:31.056 I/Radio-JNI(22455): register_android_hardware_Radio DONE
08-16 14:40:31.070 I/tvos    ( 1764): GetAudioOutputDevice, retval : 0
--------- beginning of system
08-16 14:40:31.084 I/ActivityManager( 2207): Force stopping com.le.tcauto.uitest appid=10097 user=0: start instr
08-16 14:40:31.094 I/ActivityManager( 2207): Start proc 22466:com.le.tcauto.uitest/u0a97 for added application com.le.tcauto.uitest
08-16 14:40:31.094 I/art     (22466): Late-enabling -Xcheck:jni
08-16 14:40:31.139 W/System  (22466): ClassLoader referenced unknown path: /data/app/com.le.tcauto.uitest.test-1/lib/arm64
08-16 14:40:31.139 W/System  (22466): ClassLoader referenced unknown path: /data/app/com.le.tcauto.uitest-1/lib/arm64
08-16 14:40:31.154 I/MonitoringInstrumentation(22466): Instrumentation Started!
08-16 14:40:31.155 I/MonitoringInstrumentation(22466): Setting context classloader to 'dalvik.system.PathClassLoader[DexPathList[[zip file "/system/framework/android.test.runner.jar", zip file "/data/app/com.le.tcauto.uitest.test-1/base.apk", zip file "/data/app/com.le.tcauto.uitest-1/base.apk"],nativeLibraryDirectories=[/data/app/com.le.tcauto.uitest.test-1/lib/arm64, /data/app/com.le.tcauto.uitest-1/lib/arm64, /vendor/lib64, /system/lib64]]]', Original: 'dalvik.system.PathClassLoader[DexPathList[[zip file "/system/framework/android.test.runner.jar", zip file "/data/app/com.le.tcauto.uitest.test-1/base.apk", zip file "/data/app/com.le.tcauto.uitest-1/base.apk"],nativeLibraryDirectories=[/data/app/com.le.tcauto.uitest.test-1/lib/arm64, /data/app/com.le.tcauto.uitest-1/lib/arm64, /vendor/lib64, /system/lib64]]]'
08-16 14:40:31.159 I/MonitoringInstrumentation(22466): No JSBridge.
08-16 14:40:31.159 I/MonitoringInstrumentation(22466): java.lang.ClassNotFoundException: android.support.test.espresso.web.bridge.JavaScriptBridge
08-16 14:40:31.159 I/MonitoringInstrumentation(22466): 	at java.lang.Class.classForName(Native Method)
08-16 14:40:31.159 I/MonitoringInstrumentation(22466): 	at java.lang.Class.forName(Class.java:324)
08-16 14:40:31.159 I/MonitoringInstrumentation(22466): 	at java.lang.Class.forName(Class.java:285)
08-16 14:40:31.159 I/MonitoringInstrumentation(22466): 	at android.support.test.runner.MonitoringInstrumentation.tryLoadingJsBridge(MonitoringInstrumentation.java:612)
08-16 14:40:31.159 I/MonitoringInstrumentation(22466): 	at android.support.test.runner.MonitoringInstrumentation.access$100(MonitoringInstrumentation.java:88)
08-16 14:40:31.159 I/MonitoringInstrumentation(22466): 	at android.support.test.runner.MonitoringInstrumentation$3.run(MonitoringInstrumentation.java:223)
08-16 14:40:31.159 I/MonitoringInstrumentation(22466): 	at android.app.Instrumentation$SyncRunnable.run(Instrumentation.java:1897)
08-16 14:40:31.159 I/MonitoringInstrumentation(22466): 	at android.os.Handler.handleCallback(Handler.java:739)
08-16 14:40:31.159 I/MonitoringInstrumentation(22466): 	at android.os.Handler.dispatchMessage(Handler.java:95)
08-16 14:40:31.159 I/MonitoringInstrumentation(22466): 	at android.os.Looper.loop(Looper.java:148)
08-16 14:40:31.159 I/MonitoringInstrumentation(22466): 	at android.app.ActivityThread.main(ActivityThread.java:5423)
08-16 14:40:31.159 I/MonitoringInstrumentation(22466): 	at java.lang.reflect.Method.invoke(Native Method)
08-16 14:40:31.159 I/MonitoringInstrumentation(22466): 	at com.android.internal.os.ZygoteInit$MethodAndArgsCaller.run(ZygoteInit.java:744)
08-16 14:40:31.159 I/MonitoringInstrumentation(22466): 	at com.android.internal.os.ZygoteInit.main(ZygoteInit.java:634)
08-16 14:40:31.159 I/MonitoringInstrumentation(22466): Caused by: java.lang.ClassNotFoundException: Didn't find class "android.support.test.espresso.web.bridge.JavaScriptBridge" on path: DexPathList[[zip file "/system/framework/android.test.runner.jar", zip file "/data/app/com.le.tcauto.uitest.test-1/base.apk", zip file "/data/app/com.le.tcauto.uitest-1/base.apk"],nativeLibraryDirectories=[/data/app/com.le.tcauto.uitest.test-1/lib/arm64, /data/app/com.le.tcauto.uitest-1/lib/arm64, /vendor/lib64, /system/lib64]]
08-16 14:40:31.159 I/MonitoringInstrumentation(22466): 	at dalvik.system.BaseDexClassLoader.findClass(BaseDexClassLoader.java:56)
08-16 14:40:31.159 I/MonitoringInstrumentation(22466): 	at java.lang.ClassLoader.loadClass(ClassLoader.java:511)
08-16 14:40:31.159 I/MonitoringInstrumentation(22466): 	at java.lang.ClassLoader.loadClass(ClassLoader.java:469)
08-16 14:40:31.159 I/MonitoringInstrumentation(22466): 	... 14 more
08-16 14:40:31.159 I/MonitoringInstrumentation(22466): 	Suppressed: java.lang.ClassNotFoundException: android.support.test.espresso.web.bridge.JavaScriptBridge
08-16 14:40:31.159 I/MonitoringInstrumentation(22466): 		at java.lang.Class.classForName(Native Method)
08-16 14:40:31.159 I/MonitoringInstrumentation(22466): 		at java.lang.BootClassLoader.findClass(ClassLoader.java:781)
08-16 14:40:31.159 I/MonitoringInstrumentation(22466): 		at java.lang.BootClassLoader.loadClass(ClassLoader.java:841)
08-16 14:40:31.159 I/MonitoringInstrumentation(22466): 		at java.lang.ClassLoader.loadClass(ClassLoader.java:504)
08-16 14:40:31.159 I/MonitoringInstrumentation(22466): 		... 15 more
08-16 14:40:31.159 I/MonitoringInstrumentation(22466): 	Caused by: java.lang.NoClassDefFoundError: Class not found using the boot class loader; no stack trace available
08-16 14:40:31.197 I/TestRunner(22466): run started: 1 tests
08-16 14:40:31.200 I/TestRunner(22466): started: testSound_Mode(com.letv.cases.leui.SmokeSetting)
08-16 14:40:31.203 I/MonitoringInstrumentation(22466): Activities that are still in CREATED to STOPPED: 0
08-16 14:40:31.219 I/LetvTestCase(22466): =====================case start time is :2018-8-16-2-40-31
08-16 14:40:31.221 I/System.out(22466): The folder /sdcard/AutoSmoke_UI30/testSound_Mode_20180816_144024 has existed!
08-16 14:40:31.221 I/System.out(22466): current_case_root_folder=testSound_Mode_20180816_144024
08-16 14:40:31.321 I/tvos    ( 1764): GetAudioOutputDevice, retval : 0
08-16 14:40:31.571 I/tvos    ( 1764): GetAudioOutputDevice, retval : 0
08-16 14:40:31.698 E/LetvRemoteupgradeManager-JNI( 2613): can't get LetvManager service!
08-16 14:40:31.720 W/InputDispatcher( 2207): findFocusedWindow finished: injectionResult=0, timeSpentWaitingForApplication=0.0ms
08-16 14:40:31.725 W/InputDispatcher( 2207): findFocusedWindow finished: injectionResult=0, timeSpentWaitingForApplication=0.0ms
08-16 14:40:31.822 I/tvos    ( 1764): GetAudioOutputDevice, retval : 0
08-16 14:40:32.072 I/tvos    ( 1764): GetAudioOutputDevice, retval : 0
08-16 14:40:32.233 I/WindowManager( 2207): startSettingMain------------------
08-16 14:40:32.234 I/SettingUtil( 2207):  startSettingMain
08-16 14:40:32.235 I/GlobalSettings( 2822): GlobalSettingService -- startSettingMain
08-16 14:40:32.235 I/GlobalSettings( 2822): SettingsApp -- updateStartTime time=1534401632235
08-16 14:40:32.235 I/GlobalSettings( 2822): GlobalSettingService -- isCanRecoverDialog=false
08-16 14:40:32.237 I/System.out( 2822): From style:
08-16 14:40:32.237 I/System.out( 2822): Attrs: 3010001=0.6 3010002=#0 3010003=null 3010004=true
08-16 14:40:32.247 W/InputDispatcher( 2207): findFocusedWindow finished: injectionResult=0, timeSpentWaitingForApplication=0.0ms
08-16 14:40:32.252 I/GlobalSettings( 2822): SettingDialog -- --------is main -------uiType:cibn
08-16 14:40:32.254 I/GlobalSettings( 2822): SettingDialog -- ---------LetvManager.getLetvDimensions()-----------2D
08-16 14:40:32.257 W/ContextImpl( 2822): Calling a method in the system process without a qualified user: android.app.ContextImpl.startService:1224 android.content.ContextWrapper.startService:581 com.stv.settingadapter.PqManager.updateBinder:2843 com.stv.settingadapter.PqManager.getInstance:616 com.stv.globalsetting.dialog.SettingDialog.onCreate:129 
08-16 14:40:32.315 W/InputDispatcher( 2207): Focus left window: Window{23c0535 u0 com.stv.launcher/com.stv.launcher.ui.activity.Launcher}
08-16 14:40:32.315 W/InputDispatcher( 2207): Focus entered window: Window{d42efdb u0 com.stv.globalsetting}
08-16 14:40:32.318 I/GlobalSettings( 2822): BaseMultiLayerDialogHelper -- setDisMissTime on start
08-16 14:40:32.319 W/ContextImpl( 2822): Calling a method in the system process without a qualified user: android.app.ContextImpl.sendBroadcast:766 android.content.ContextWrapper.sendBroadcast:396 com.stv.globalsetting.service.GlobalSettingService.sendSettingOpenMsg:433 com.stv.globalsetting.service.GlobalSettingService$ActionCreateAndShowDialog.run:321 android.os.Handler.handleCallback:739 
08-16 14:40:32.320 I/GlobalSettings( 2822): ReportEuiLog_U -- ReportEuiLog action is: tvaction and reportmsg is: action=quickSetOpen
08-16 14:40:32.322 I/tvos    ( 1764): GetAudioOutputDevice, retval : 0
08-16 14:40:32.323 I/GlobalSettings( 2822): GlobalSettingService -- quick_open_result is: true
08-16 14:40:32.355 E/BufferQueueProducer( 1749): [] connect(P): already connected (cur=1 req=1)
08-16 14:40:32.363 I/GlobalSettings( 2822): SettingDialog -- gain focus, report lunch time
08-16 14:40:32.363 I/GlobalSettings( 2822): SettingsApp -- reportStartTime time=1534401632363 lunch time=128
08-16 14:40:32.363 I/GlobalSettings( 2822): SettingsApp -- upload  boot time json {"app.launch_time":128,"attr":{"name":"com.stv.globalsetting"}}
08-16 14:40:32.367 W/InputMethodManagerService( 2207): Starting input on non-focused client com.android.internal.view.IInputMethodClient$Stub$Proxy@7163e83 (uid=1000 pid=3007)
08-16 14:40:32.446 I/LetvManager-LogReport( 1780): [send_msg] line: 490 report url = http://log.hdtv.cp21.ott.cibntv.net:80/api/log/tvAction
08-16 14:40:32.573 I/tvos    ( 1764): GetAudioOutputDevice, retval : 0
08-16 14:40:32.823 I/tvos    ( 1764): GetAudioOutputDevice, retval : 0
08-16 14:40:33.074 I/tvos    ( 1764): GetAudioOutputDevice, retval : 0
08-16 14:40:33.266 W/InputDispatcher( 2207): findTouchedWindow finished: injectionResult=0, injectionPermission=1, timeSpentWaitingForApplication=0.0ms
08-16 14:40:33.268 W/InputDispatcher( 2207): findTouchedWindow finished: injectionResult=0, injectionPermission=1, timeSpentWaitingForApplication=0.0ms
08-16 14:40:33.269 I/SoundPool( 2207): enter : func play
08-16 14:40:33.277 I/APM::AudioPolicyEngine( 1758): getDeviceForStrategy, 359
08-16 14:40:33.277 I/audio_hw_primary( 1758): version:a00004 adev_create_audio_patch::mix->device 
08-16 14:40:33.277 I/audio_hw_primary( 1758): adev_create_audio_patch *handle=-1420227928 num_audio_patch=3
08-16 14:40:33.283 E/AudioManagerService( 1803): setAudioVolume(callingPid 1758, clientPid 1758, enSoundPath 0, volumn:0 )
08-16 14:40:33.286 I/tvos    ( 1764): SetVolume, subWooExist 0!
08-16 14:40:33.286 I/tvos    ( 1764): mapi_audio_customer::SetAbsoluteVolume: project name is X440M
08-16 14:40:33.286 I/tvos    ( 1764): SetAbsoluteVolume: uPercent : 0, path=52(speaker), VolumeInt=7f, VolumeFra=0
08-16 14:40:33.286 I/tvos    ( 1764): SetAbsoluteVolume: uPercent(currVol) : 0, realPath=52(default), VolumeInt=7f, VolumeFra=0
08-16 14:40:33.286 I/tvos    ( 1764): mapi_audio_customer::SetAbsoluteVolume: project name is X440M
08-16 14:40:33.286 I/tvos    ( 1764): SetAbsoluteVolume: uPercent : 0, path=49(HP), VolumeInt=7f, VolumeFra=0
08-16 14:40:33.286 I/tvos    ( 1764): SetAbsoluteVolume: uPercent(currVol) : 0, realPath=49(default), VolumeInt=7f, VolumeFra=0
08-16 14:40:33.286 I/tvos    ( 1764): mapi_audio_customer::SetAbsoluteVolume: project name is X440M
08-16 14:40:33.286 I/tvos    ( 1764): SetAbsoluteVolume, m_bBTDetect is false! 
08-16 14:40:33.286 I/tvos    ( 1764): mapi_audio_customer::SetAbsoluteVolume: project name is X440M
08-16 14:40:33.286 I/tvos    ( 1764): SetAbsoluteVolume: uPercent : 0, path=255(speaker), VolumeInt=7f, VolumeFra=0
08-16 14:40:33.286 I/tvos    ( 1764): SetAbsoluteVolume: uPercent(currVol) : 0, realPath=255(default), VolumeInt=7f, VolumeFra=0
08-16 14:40:33.286 I/tvos    ( 1764): [SetMuteStatus] call SetSoundMuteStatus, line : 10369, muteType: 4, onOff : 0 
08-16 14:40:33.286 I/tvos    ( 1764): [audioBSP] #1 m_internalMute : 0 ..
08-16 14:40:33.286 I/tvos    ( 1764): #1|->SDK_bPermanentAudioMute:0<-|->SDK_bMomentAudioMute:0 <-|->SDK_bBySyncAudioMute:0<-|->SDK_bByBlockAudioMute:0<-|->SDK_bByVChipAudioMute:0<-|
08-16 14:40:33.286 I/tvos    ( 1764): #1|->SDK_bInternal1AudioMute:0<-|->SDK_bInternal2AudioMute:0<-|->SDK_bInternal3AudioMute:0<-|->SDK_bInternal4AudioMute:0<-|
08-16 14:40:33.286 I/tvos    ( 1764): #1|->SDK_bByScanInOutchgCHchg:0<-|->SDK_bByDuringLimitedTimeAudioMute:0<-|->SDK_bSourceSwitchAudioMute:0<-|
08-16 14:40:33.286 I/tvos    ( 1764): #1|->SDK_bMHEGApMute:0<-|->SDK_bAllAudioMuteCtrl:0<-|->SDK_bPowerOnMute:0<-|->SDK_bNullSourceMute0<-|->SDK_bSetInputSourceAudioMute:0<-|
08-16 14:40:33.286 I/tvos    ( 1764): [audioBSP] #2 m_spkrMute : 0 ..|->SDK_bUsrSpkrAudioMute:0<-|->SDK_bPowerOnMute:0<-|->SDK_bByUserAudioMute:0<-|
08-16 14:40:33.286 I/tvos    ( 1764): [audioBSP] #3 m_PcmCapture2Mute:0 |->SDK_bByUserPcmCapture2Mute:0<-|->SDK_SUB_bByUserAudioMute:0<-|->SDK_bByUserAudioMute:0<-|
08-16 14:40:33.286 I/tvos    ( 1764): [audioBSP] #5 m_hpMute : 1 ..|->SDK_bUsrHpAudioMute:1<-|->SDK_bPowerOnMute:0<-|->SDK_bByUserAudioMute:0<-|
08-16 14:40:33.286 I/tvos    ( 1764): [audioBSP] #12 m_spdifMute : 1 ..
08-16 14:40:33.286 I/tvos    ( 1764): #12|->SDK_bPermanentAudioMute:0<-|->SDK_bMomentAudioMute:0<-|->SDK_bByBlockAudioMute:0<-|
08-16 14:40:33.286 I/tvos    ( 1764): #12|->SDK_bByVChipAudioMute:0<-|->SDK_bInternal1AudioMute:0<-|->SDK_bInternal4AudioMute:0<-|
08-16 14:40:33.286 I/tvos    ( 1764): #12|->SDK_bByDuringLimitedTimeAudioMute:0<-|->SDK_bSourceSwitchAudioMute:0<-|->SDK_bMHEGApMute:0<-|
08-16 14:40:33.286 I/tvos    ( 1764): #12|->SDK_bPowerOnMute:0<-|->SDK_bUsrSpdifAudioMute:1<-|->SDK_bNullSourceMute:0<-|->SDK_bByAppMute:0<-|
08-16 14:40:33.286 I/tvos    ( 1764): ---Amplifier_ALC1310_LR_SWMute(0)
08-16 14:40:33.286 I/tvos    ( 1764): ALC1310 unmute good, addr: 0x13 readbackvalue: 4 
08-16 14:40:33.288 I/tvos    ( 1764): SetSoundMuteStatus : m_hpMute : 1, m_spdifMute : 1, m_DataInMute : 0, m_channel7Mute : 0, m_internalMute : 0, m_spkrMute : 0, m_PcmCapture1Mute : 0, m_PcmCapture2Mute : 0 
08-16 14:40:33.289 I/AudioUtil( 1758): setParameters spk_volume=0
08-16 14:40:33.289 I/audio_hw_primary( 1758): adev_set_parameters: spk_volume=0
08-16 14:40:33.291 I/tvos    ( 1764): GetAudioOutputDevice, retval : 0
08-16 14:40:33.291 I/tvos    ( 1764): [SetMuteStatus] call SetSoundMuteStatus, line : 10369, muteType: 67108864, onOff : 1 
08-16 14:40:33.291 I/tvos    ( 1764): _TransMSrvMuteTypeToSDKMuteType: Err! muteType(67108864) is out of Range
08-16 14:40:33.293 I/tvos    ( 1764): [SetMuteStatus] call SetSoundMuteStatus, line : 10369, muteType: 4, onOff : 1 
08-16 14:40:33.293 I/tvos    ( 1764): [audioBSP] #1 m_internalMute : 0 ..
08-16 14:40:33.293 I/tvos    ( 1764): #1|->SDK_bPermanentAudioMute:0<-|->SDK_bMomentAudioMute:0 <-|->SDK_bBySyncAudioMute:0<-|->SDK_bByBlockAudioMute:0<-|->SDK_bByVChipAudioMute:0<-|
08-16 14:40:33.293 I/tvos    ( 1764): #1|->SDK_bInternal1AudioMute:0<-|->SDK_bInternal2AudioMute:0<-|->SDK_bInternal3AudioMute:0<-|->SDK_bInternal4AudioMute:0<-|
08-16 14:40:33.293 I/tvos    ( 1764): #1|->SDK_bByScanInOutchgCHchg:0<-|->SDK_bByDuringLimitedTimeAudioMute:0<-|->SDK_bSourceSwitchAudioMute:0<-|
08-16 14:40:33.293 I/tvos    ( 1764): #1|->SDK_bMHEGApMute:0<-|->SDK_bAllAudioMuteCtrl:0<-|->SDK_bPowerOnMute:0<-|->SDK_bNullSourceMute0<-|->SDK_bSetInputSourceAudioMute:0<-|
08-16 14:40:33.293 I/tvos    ( 1764): [audioBSP] #2 m_spkrMute : 1 ..|->SDK_bUsrSpkrAudioMute:0<-|->SDK_bPowerOnMute:0<-|->SDK_bByUserAudioMute:1<-|
08-16 14:40:33.293 I/tvos    ( 1764): [audioBSP] #3 m_PcmCapture2Mute:1 |->SDK_bByUserPcmCapture2Mute:0<-|->SDK_SUB_bByUserAudioMute:0<-|->SDK_bByUserAudioMute:1<-|
08-16 14:40:33.293 I/tvos    ( 1764): [audioBSP] #5 m_hpMute : 1 ..|->SDK_bUsrHpAudioMute:1<-|->SDK_bPowerOnMute:0<-|->SDK_bByUserAudioMute:1<-|
08-16 14:40:33.293 I/tvos    ( 1764): [audioBSP] #12 m_spdifMute : 1 ..
08-16 14:40:33.293 I/tvos    ( 1764): #12|->SDK_bPermanentAudioMute:0<-|->SDK_bMomentAudioMute:0<-|->SDK_bByBlockAudioMute:0<-|
08-16 14:40:33.293 I/tvos    ( 1764): #12|->SDK_bByVChipAudioMute:0<-|->SDK_bInternal1AudioMute:0<-|->SDK_bInternal4AudioMute:0<-|
08-16 14:40:33.293 I/tvos    ( 1764): #12|->SDK_bByDuringLimitedTimeAudioMute:0<-|->SDK_bSourceSwitchAudioMute:0<-|->SDK_bMHEGApMute:0<-|
08-16 14:40:33.293 I/tvos    ( 1764): #12|->SDK_bPowerOnMute:0<-|->SDK_bUsrSpdifAudioMute:1<-|->SDK_bNullSourceMute:0<-|->SDK_bByAppMute:0<-|
08-16 14:40:33.293 I/tvos    ( 1764): ---Amplifier_ALC1310_LR_SWMute(1)
08-16 14:40:33.293 I/tvos    ( 1764): ALC1310 mute write good, addr: 0x13, readback data : 49164, write cmd times : 1
08-16 14:40:33.295 I/tvos    ( 1764): SetSoundMuteStatus : m_hpMute : 1, m_spdifMute : 1, m_DataInMute : 0, m_channel7Mute : 0, m_internalMute : 0, m_spkrMute : 1, m_PcmCapture1Mute : 0, m_PcmCapture2Mute : 1 
08-16 14:40:33.308 E/audio_hw_primary( 1758): out_get_presentation_position pcm_get_htimestamp(pcm, &avail, timestamp) != 0!!!
08-16 14:40:33.324 I/tvos    ( 1764): GetAudioOutputDevice, retval : 0
08-16 14:40:33.543 I/System.out( 2822): From style:
08-16 14:40:33.543 I/System.out( 2822): Attrs: 3010001=0.6 3010002=#0 3010003=null 3010004=true
08-16 14:40:33.547 W/ContextImpl( 2822): Calling a method in the system process without a qualified user: android.app.ContextImpl.startService:1224 android.content.ContextWrapper.startService:581 com.stv.settingadapter.EqManager.updateBinder:869 com.stv.settingadapter.EqManager.getInstance:176 com.stv.globalsetting.dialog.SoundDialog.initData:79 
08-16 14:40:33.575 I/tvos    ( 1764): GetAudioOutputDevice, retval : 0
08-16 14:40:33.669 W/InputDispatcher( 2207): Focus left window: Window{d42efdb u0 com.stv.globalsetting}
08-16 14:40:33.669 W/InputDispatcher( 2207): Focus entered window: Window{bce5624 u0 com.stv.globalsetting}
08-16 14:40:33.672 I/GlobalSettings( 2822): BaseMultiLayerDialogHelper -- setDisMissTime on start
08-16 14:40:33.673 I/GlobalSettings( 2822): ReportEuiLog_U -- ReportEuiLog action is: tvaction and reportmsg is: action=perQuickSetClick&setModule=7
08-16 14:40:33.675 I/GlobalSettings( 2822): SettingDialog -- Open_SoundDialog_Result is: true
08-16 14:40:33.694 E/BufferQueueProducer( 1749): [] connect(P): already connected (cur=1 req=1)
08-16 14:40:33.777 E/BufferQueueProducer( 1749): [] connect(P): already connected (cur=1 req=1)
08-16 14:40:33.790 E/SurfaceFlinger( 1749): rejecting buffer: bufWidth=601, bufHeight=1080, front.active.{w=600, h=1080}
08-16 14:40:33.797 E/BufferQueueProducer( 1749): [] connect(P): already connected (cur=1 req=1)
08-16 14:40:33.809 I/APM::AudioPolicyEngine( 1758): getDeviceForStrategy, 359
08-16 14:40:33.825 I/tvos    ( 1764): GetAudioOutputDevice, retval : 0
08-16 14:40:33.830 E/SurfaceFlinger( 1749): rejecting buffer: bufWidth=602, bufHeight=1080, front.active.{w=600, h=1080}
08-16 14:40:33.836 E/BufferQueueProducer( 1749): [] connect(P): already connected (cur=1 req=1)
08-16 14:40:33.851 I/LetvManager-LogReport( 1780): [send_msg] line: 490 report url = http://log.hdtv.cp21.ott.cibntv.net:80/api/log/tvAction
08-16 14:40:33.876 E/BufferQueueProducer( 1749): [] connect(P): already connected (cur=1 req=1)
08-16 14:40:33.916 E/BufferQueueProducer( 1749): [] connect(P): already connected (cur=1 req=1)
08-16 14:40:33.956 E/BufferQueueProducer( 1749): [] connect(P): already connected (cur=1 req=1)
08-16 14:40:33.996 E/BufferQueueProducer( 1749): [] connect(P): already connected (cur=1 req=1)
08-16 14:40:34.010 E/SurfaceFlinger( 1749): rejecting buffer: bufWidth=627, bufHeight=1080, front.active.{w=622, h=1080}
08-16 14:40:34.017 E/BufferQueueProducer( 1749): [] connect(P): already connected (cur=1 req=1)
08-16 14:40:34.030 E/SurfaceFlinger( 1749): rejecting buffer: bufWidth=629, bufHeight=1080, front.active.{w=622, h=1080}
08-16 14:40:34.037 E/BufferQueueProducer( 1749): [] connect(P): already connected (cur=1 req=1)
08-16 14:40:34.076 I/tvos    ( 1764): GetAudioOutputDevice, retval : 0
08-16 14:40:34.306 W/InputDispatcher( 2207): findTouchedWindow finished: injectionResult=0, injectionPermission=1, timeSpentWaitingForApplication=0.0ms
08-16 14:40:34.308 W/InputDispatcher( 2207): findTouchedWindow finished: injectionResult=0, injectionPermission=1, timeSpentWaitingForApplication=0.0ms
08-16 14:40:34.309 I/SoundPool( 2207): enter : func play
08-16 14:40:34.313 I/APM::AudioPolicyEngine( 1758): getDeviceForStrategy, 359
08-16 14:40:34.314 I/audio_hw_primary( 1758): version:a00004 adev_create_audio_patch::mix->device 
08-16 14:40:34.315 I/audio_hw_primary( 1758): adev_create_audio_patch *handle=-1420227928 num_audio_patch=3
08-16 14:40:34.316 E/AudioManagerService( 1803): setAudioVolume(callingPid 1758, clientPid 1758, enSoundPath 0, volumn:0 )
08-16 14:40:34.318 I/tvos    ( 1764): SetVolume, subWooExist 0!
08-16 14:40:34.318 I/tvos    ( 1764): mapi_audio_customer::SetAbsoluteVolume: project name is X440M
08-16 14:40:34.318 I/tvos    ( 1764): SetAbsoluteVolume: uPercent : 0, path=52(speaker), VolumeInt=7f, VolumeFra=0
08-16 14:40:34.318 I/tvos    ( 1764): SetAbsoluteVolume: uPercent(currVol) : 0, realPath=52(default), VolumeInt=7f, VolumeFra=0
08-16 14:40:34.318 I/tvos    ( 1764): mapi_audio_customer::SetAbsoluteVolume: project name is X440M
08-16 14:40:34.318 I/tvos    ( 1764): SetAbsoluteVolume: uPercent : 0, path=49(HP), VolumeInt=7f, VolumeFra=0
08-16 14:40:34.318 I/tvos    ( 1764): SetAbsoluteVolume: uPercent(currVol) : 0, realPath=49(default), VolumeInt=7f, VolumeFra=0
08-16 14:40:34.318 I/tvos    ( 1764): mapi_audio_customer::SetAbsoluteVolume: project name is X440M
08-16 14:40:34.318 I/tvos    ( 1764): SetAbsoluteVolume, m_bBTDetect is false! 
08-16 14:40:34.318 I/tvos    ( 1764): mapi_audio_customer::SetAbsoluteVolume: project name is X440M
08-16 14:40:34.318 I/tvos    ( 1764): SetAbsoluteVolume: uPercent : 0, path=255(speaker), VolumeInt=7f, VolumeFra=0
08-16 14:40:34.318 I/tvos    ( 1764): SetAbsoluteVolume: uPercent(currVol) : 0, realPath=255(default), VolumeInt=7f, VolumeFra=0
08-16 14:40:34.318 I/tvos    ( 1764): [SetMuteStatus] call SetSoundMuteStatus, line : 10369, muteType: 4, onOff : 0 
08-16 14:40:34.318 I/tvos    ( 1764): [audioBSP] #1 m_internalMute : 0 ..
08-16 14:40:34.318 I/tvos    ( 1764): #1|->SDK_bPermanentAudioMute:0<-|->SDK_bMomentAudioMute:0 <-|->SDK_bBySyncAudioMute:0<-|->SDK_bByBlockAudioMute:0<-|->SDK_bByVChipAudioMute:0<-|
08-16 14:40:34.318 I/tvos    ( 1764): #1|->SDK_bInternal1AudioMute:0<-|->SDK_bInternal2AudioMute:0<-|->SDK_bInternal3AudioMute:0<-|->SDK_bInternal4AudioMute:0<-|
08-16 14:40:34.318 I/tvos    ( 1764): #1|->SDK_bByScanInOutchgCHchg:0<-|->SDK_bByDuringLimitedTimeAudioMute:0<-|->SDK_bSourceSwitchAudioMute:0<-|
08-16 14:40:34.318 I/tvos    ( 1764): #1|->SDK_bMHEGApMute:0<-|->SDK_bAllAudioMuteCtrl:0<-|->SDK_bPowerOnMute:0<-|->SDK_bNullSourceMute0<-|->SDK_bSetInputSourceAudioMute:0<-|
08-16 14:40:34.318 I/tvos    ( 1764): [audioBSP] #2 m_spkrMute : 0 ..|->SDK_bUsrSpkrAudioMute:0<-|->SDK_bPowerOnMute:0<-|->SDK_bByUserAudioMute:0<-|
08-16 14:40:34.318 I/tvos    ( 1764): [audioBSP] #3 m_PcmCapture2Mute:0 |->SDK_bByUserPcmCapture2Mute:0<-|->SDK_SUB_bByUserAudioMute:0<-|->SDK_bByUserAudioMute:0<-|
08-16 14:40:34.318 I/tvos    ( 1764): [audioBSP] #5 m_hpMute : 1 ..|->SDK_bUsrHpAudioMute:1<-|->SDK_bPowerOnMute:0<-|->SDK_bByUserAudioMute:0<-|
08-16 14:40:34.318 I/tvos    ( 1764): [audioBSP] #12 m_spdifMute : 1 ..
08-16 14:40:34.318 I/tvos    ( 1764): #12|->SDK_bPermanentAudioMute:0<-|->SDK_bMomentAudioMute:0<-|->SDK_bByBlockAudioMute:0<-|
08-16 14:40:34.318 I/tvos    ( 1764): #12|->SDK_bByVChipAudioMute:0<-|->SDK_bInternal1AudioMute:0<-|->SDK_bInternal4AudioMute:0<-|
08-16 14:40:34.318 I/tvos    ( 1764): #12|->SDK_bByDuringLimitedTimeAudioMute:0<-|->SDK_bSourceSwitchAudioMute:0<-|->SDK_bMHEGApMute:0<-|
08-16 14:40:34.318 I/tvos    ( 1764): #12|->SDK_bPowerOnMute:0<-|->SDK_bUsrSpdifAudioMute:1<-|->SDK_bNullSourceMute:0<-|->SDK_bByAppMute:0<-|
08-16 14:40:34.318 I/tvos    ( 1764): ---Amplifier_ALC1310_LR_SWMute(0)
08-16 14:40:34.318 I/tvos    ( 1764): ALC1310 unmute good, addr: 0x13 readbackvalue: 4 
08-16 14:40:34.320 I/tvos    ( 1764): SetSoundMuteStatus : m_hpMute : 1, m_spdifMute : 1, m_DataInMute : 0, m_channel7Mute : 0, m_internalMute : 0, m_spkrMute : 0, m_PcmCapture1Mute : 0, m_PcmCapture2Mute : 0 
08-16 14:40:34.321 I/AudioUtil( 1758): setParameters spk_volume=0
08-16 14:40:34.321 I/audio_hw_primary( 1758): adev_set_parameters: spk_volume=0
08-16 14:40:34.321 I/tvos    ( 1764): GetAudioOutputDevice, retval : 0
08-16 14:40:34.324 I/tvos    ( 1764): [SetMuteStatus] call SetSoundMuteStatus, line : 10369, muteType: 67108864, onOff : 1 
08-16 14:40:34.324 I/tvos    ( 1764): _TransMSrvMuteTypeToSDKMuteType: Err! muteType(67108864) is out of Range
08-16 14:40:34.324 I/tvos    ( 1764): [SetMuteStatus] call SetSoundMuteStatus, line : 10369, muteType: 4, onOff : 1 
08-16 14:40:34.324 I/tvos    ( 1764): [audioBSP] #1 m_internalMute : 0 ..
08-16 14:40:34.324 I/tvos    ( 1764): #1|->SDK_bPermanentAudioMute:0<-|->SDK_bMomentAudioMute:0 <-|->SDK_bBySyncAudioMute:0<-|->SDK_bByBlockAudioMute:0<-|->SDK_bByVChipAudioMute:0<-|
08-16 14:40:34.324 I/tvos    ( 1764): #1|->SDK_bInternal1AudioMute:0<-|->SDK_bInternal2AudioMute:0<-|->SDK_bInternal3AudioMute:0<-|->SDK_bInternal4AudioMute:0<-|
08-16 14:40:34.324 I/tvos    ( 1764): #1|->SDK_bByScanInOutchgCHchg:0<-|->SDK_bByDuringLimitedTimeAudioMute:0<-|->SDK_bSourceSwitchAudioMute:0<-|
08-16 14:40:34.324 I/tvos    ( 1764): #1|->SDK_bMHEGApMute:0<-|->SDK_bAllAudioMuteCtrl:0<-|->SDK_bPowerOnMute:0<-|->SDK_bNullSourceMute0<-|->SDK_bSetInputSourceAudioMute:0<-|
08-16 14:40:34.324 I/tvos    ( 1764): [audioBSP] #2 m_spkrMute : 1 ..|->SDK_bUsrSpkrAudioMute:0<-|->SDK_bPowerOnMute:0<-|->SDK_bByUserAudioMute:1<-|
08-16 14:40:34.324 I/tvos    ( 1764): [audioBSP] #3 m_PcmCapture2Mute:1 |->SDK_bByUserPcmCapture2Mute:0<-|->SDK_SUB_bByUserAudioMute:0<-|->SDK_bByUserAudioMute:1<-|
08-16 14:40:34.324 I/tvos    ( 1764): [audioBSP] #5 m_hpMute : 1 ..|->SDK_bUsrHpAudioMute:1<-|->SDK_bPowerOnMute:0<-|->SDK_bByUserAudioMute:1<-|
08-16 14:40:34.324 I/tvos    ( 1764): [audioBSP] #12 m_spdifMute : 1 ..
08-16 14:40:34.324 I/tvos    ( 1764): #12|->SDK_bPermanentAudioMute:0<-|->SDK_bMomentAudioMute:0<-|->SDK_bByBlockAudioMute:0<-|
08-16 14:40:34.324 I/tvos    ( 1764): #12|->SDK_bByVChipAudioMute:0<-|->SDK_bInternal1AudioMute:0<-|->SDK_bInternal4AudioMute:0<-|
08-16 14:40:34.324 I/tvos    ( 1764): #12|->SDK_bByDuringLimitedTimeAudioMute:0<-|->SDK_bSourceSwitchAudioMute:0<-|->SDK_bMHEGApMute:0<-|
08-16 14:40:34.324 I/tvos    ( 1764): #12|->SDK_bPowerOnMute:0<-|->SDK_bUsrSpdifAudioMute:1<-|->SDK_bNullSourceMute:0<-|->SDK_bByAppMute:0<-|
08-16 14:40:34.324 I/tvos    ( 1764): ---Amplifier_ALC1310_LR_SWMute(1)
08-16 14:40:34.324 I/tvos    ( 1764): ALC1310 mute write good, addr: 0x13, readback data : 49164, write cmd times : 1
08-16 14:40:34.326 I/tvos    ( 1764): SetSoundMuteStatus : m_hpMute : 1, m_spdifMute : 1, m_DataInMute : 0, m_channel7Mute : 0, m_internalMute : 0, m_spkrMute : 1, m_PcmCapture1Mute : 0, m_PcmCapture2Mute : 1 
08-16 14:40:34.327 I/tvos    ( 1764): GetAudioOutputDevice, retval : 0
08-16 14:40:34.340 W/InputDispatcher( 2207): findTouchedWindow finished: injectionResult=0, injectionPermission=1, timeSpentWaitingForApplication=0.0ms
08-16 14:40:34.342 W/InputDispatcher( 2207): findTouchedWindow finished: injectionResult=0, injectionPermission=1, timeSpentWaitingForApplication=0.0ms
08-16 14:40:34.343 I/SoundPool( 2207): enter : func play
08-16 14:40:34.419 I/reService( 2207): onReportKeyEvent  type=type0 keycode=4*176 
08-16 14:40:34.420 E/LETV_DEVICE( 1780): no name sn for Mstar
08-16 14:40:34.434 E/ActivityThread( 2837): Failed to find provider info for com.letv.agnes.InfoProvider
08-16 14:40:34.437 E/ActivityThread( 2837): Failed to find provider info for com.letv.agnes.InfoProvider
08-16 14:40:34.437 W/System.err( 2837): java.lang.IllegalArgumentException: Unknown URL content://com.letv.agnes.InfoProvider
08-16 14:40:34.437 W/System.err( 2837): 	at android.content.ContentResolver.insert(ContentResolver.java:1227)
08-16 14:40:34.437 W/System.err( 2837): 	at com.letv.tracker2.agnes.Configuration.addDebugInfo(Configuration.java:289)
08-16 14:40:34.437 W/System.err( 2837): 	at com.letv.tracker2.agnes.MessageProcessor$SendEnvMsgTr$1.handleMessage(MessageProcessor.java:661)
08-16 14:40:34.437 W/System.err( 2837): 	at android.os.Handler.dispatchMessage(Handler.java:102)
08-16 14:40:34.437 W/System.err( 2837): 	at android.os.Looper.loop(Looper.java:148)
08-16 14:40:34.437 W/System.err( 2837): 	at com.letv.tracker2.agnes.MessageProcessor$SendEnvMsgTr.run(MessageProcessor.java:665)
08-16 14:40:34.443 I/[T1.0.6.3]EuiAgnes_Server( 2837): resCode:1
08-16 14:40:34.443 I/[T1.0.6.3]EuiAgnes_Server( 2837): b[0]:0
08-16 14:40:34.577 I/tvos    ( 1764): GetAudioOutputDevice, retval : 0
08-16 14:40:34.582 I/tvos    ( 1764): GetAudioOutputDevice, retval : 0
08-16 14:40:34.583 I/System.out( 2822): From style:
08-16 14:40:34.583 I/System.out( 2822): Attrs: 3010001=0.6 3010002=#0 3010003=null 3010004=true
08-16 14:40:34.589 W/ContextImpl( 2822): Calling a method in the system process without a qualified user: android.app.ContextImpl.startService:1224 android.content.ContextWrapper.startService:581 com.stv.settingadapter.EqManager.updateBinder:869 com.stv.settingadapter.EqManager.getInstance:176 com.stv.globalsetting.dialog.SoundSettingDialog.initData:71 
08-16 14:40:34.654 W/InputDispatcher( 2207): Focus left window: Window{bce5624 u0 com.stv.globalsetting}
08-16 14:40:34.654 W/InputDispatcher( 2207): Focus entered window: Window{eb33d89 u0 com.stv.globalsetting}
08-16 14:40:34.657 I/GlobalSettings( 2822): BaseMultiLayerDialogHelper -- setDisMissTime on start
08-16 14:40:34.694 E/BufferQueueProducer( 1749): [] connect(P): already connected (cur=1 req=1)
08-16 14:40:34.698 E/LetvRemoteupgradeManager-JNI( 2613): can't get LetvManager service!
08-16 14:40:34.777 E/BufferQueueProducer( 1749): [] connect(P): already connected (cur=1 req=1)
08-16 14:40:34.799 E/BufferQueueProducer( 1749): [] connect(P): already connected (cur=1 req=1)
08-16 14:40:34.817 E/BufferQueueProducer( 1749): [] connect(P): already connected (cur=1 req=1)
08-16 14:40:34.828 I/tvos    ( 1764): GetAudioOutputDevice, retval : 0
08-16 14:40:34.837 E/BufferQueueProducer( 1749): [] connect(P): already connected (cur=1 req=1)
08-16 14:40:34.857 E/BufferQueueProducer( 1749): [] connect(P): already connected (cur=1 req=1)
08-16 14:40:34.877 E/BufferQueueProducer( 1749): [] connect(P): already connected (cur=1 req=1)
08-16 14:40:34.897 E/BufferQueueProducer( 1749): [] connect(P): already connected (cur=1 req=1)
08-16 14:40:34.916 E/BufferQueueProducer( 1749): [] connect(P): already connected (cur=1 req=1)
08-16 14:40:34.939 E/BufferQueueProducer( 1749): [] connect(P): already connected (cur=1 req=1)
08-16 14:40:34.941 I/APM::AudioPolicyEngine( 1758): getDeviceForStrategy, 359
08-16 14:40:34.958 E/BufferQueueProducer( 1749): [] connect(P): already connected (cur=1 req=1)
08-16 14:40:34.978 E/BufferQueueProducer( 1749): [] connect(P): already connected (cur=1 req=1)
08-16 14:40:34.998 E/BufferQueueProducer( 1749): [] connect(P): already connected (cur=1 req=1)
08-16 14:40:35.018 E/BufferQueueProducer( 1749): [] connect(P): already connected (cur=1 req=1)
08-16 14:40:35.040 E/BufferQueueProducer( 1749): [] connect(P): already connected (cur=1 req=1)
08-16 14:40:35.061 E/BufferQueueProducer( 1749): [] connect(P): already connected (cur=1 req=1)
08-16 14:40:35.077 E/BufferQueueProducer( 1749): [] connect(P): already connected (cur=1 req=1)
08-16 14:40:35.078 I/tvos    ( 1764): GetAudioOutputDevice, retval : 0
08-16 14:40:35.329 I/tvos    ( 1764): GetAudioOutputDevice, retval : 0
08-16 14:40:35.352 W/InputDispatcher( 2207): findTouchedWindow finished: injectionResult=0, injectionPermission=1, timeSpentWaitingForApplication=0.0ms
08-16 14:40:35.354 W/InputDispatcher( 2207): findTouchedWindow finished: injectionResult=0, injectionPermission=1, timeSpentWaitingForApplication=0.0ms
08-16 14:40:35.355 I/SoundPool( 2207): enter : func play
08-16 14:40:35.359 I/APM::AudioPolicyEngine( 1758): getDeviceForStrategy, 359
08-16 14:40:35.365 W/InputDispatcher( 2207): findTouchedWindow finished: injectionResult=0, injectionPermission=1, timeSpentWaitingForApplication=0.0ms
08-16 14:40:35.365 I/audio_hw_primary( 1758): version:a00004 adev_create_audio_patch::mix->device 
08-16 14:40:35.365 I/audio_hw_primary( 1758): adev_create_audio_patch *handle=-1420227928 num_audio_patch=3
08-16 14:40:35.367 E/AudioManagerService( 1803): setAudioVolume(callingPid 1758, clientPid 1758, enSoundPath 0, volumn:0 )
08-16 14:40:35.368 W/InputDispatcher( 2207): findTouchedWindow finished: injectionResult=0, injectionPermission=1, timeSpentWaitingForApplication=0.0ms
08-16 14:40:35.370 I/tvos    ( 1764): SetVolume, subWooExist 0!
08-16 14:40:35.371 I/tvos    ( 1764): mapi_audio_customer::SetAbsoluteVolume: project name is X440M
08-16 14:40:35.371 I/tvos    ( 1764): SetAbsoluteVolume: uPercent : 0, path=52(speaker), VolumeInt=7f, VolumeFra=0
08-16 14:40:35.371 I/tvos    ( 1764): SetAbsoluteVolume: uPercent(currVol) : 0, realPath=52(default), VolumeInt=7f, VolumeFra=0
08-16 14:40:35.371 I/tvos    ( 1764): mapi_audio_customer::SetAbsoluteVolume: project name is X440M
08-16 14:40:35.371 I/tvos    ( 1764): SetAbsoluteVolume: uPercent : 0, path=49(HP), VolumeInt=7f, VolumeFra=0
08-16 14:40:35.371 I/tvos    ( 1764): SetAbsoluteVolume: uPercent(currVol) : 0, realPath=49(default), VolumeInt=7f, VolumeFra=0
08-16 14:40:35.371 I/tvos    ( 1764): mapi_audio_customer::SetAbsoluteVolume: project name is X440M
08-16 14:40:35.371 I/tvos    ( 1764): SetAbsoluteVolume, m_bBTDetect is false! 
08-16 14:40:35.371 I/tvos    ( 1764): mapi_audio_customer::SetAbsoluteVolume: project name is X440M
08-16 14:40:35.371 I/tvos    ( 1764): SetAbsoluteVolume: uPercent : 0, path=255(speaker), VolumeInt=7f, VolumeFra=0
08-16 14:40:35.371 I/tvos    ( 1764): SetAbsoluteVolume: uPercent(currVol) : 0, realPath=255(default), VolumeInt=7f, VolumeFra=0
08-16 14:40:35.371 I/tvos    ( 1764): [SetMuteStatus] call SetSoundMuteStatus, line : 10369, muteType: 4, onOff : 0 
08-16 14:40:35.371 I/tvos    ( 1764): [audioBSP] #1 m_internalMute : 0 ..
08-16 14:40:35.371 I/tvos    ( 1764): #1|->SDK_bPermanentAudioMute:0<-|->SDK_bMomentAudioMute:0 <-|->SDK_bBySyncAudioMute:0<-|->SDK_bByBlockAudioMute:0<-|->SDK_bByVChipAudioMute:0<-|
08-16 14:40:35.371 I/tvos    ( 1764): #1|->SDK_bInternal1AudioMute:0<-|->SDK_bInternal2AudioMute:0<-|->SDK_bInternal3AudioMute:0<-|->SDK_bInternal4AudioMute:0<-|
08-16 14:40:35.371 I/tvos    ( 1764): #1|->SDK_bByScanInOutchgCHchg:0<-|->SDK_bByDuringLimitedTimeAudioMute:0<-|->SDK_bSourceSwitchAudioMute:0<-|
08-16 14:40:35.371 I/tvos    ( 1764): #1|->SDK_bMHEGApMute:0<-|->SDK_bAllAudioMuteCtrl:0<-|->SDK_bPowerOnMute:0<-|->SDK_bNullSourceMute0<-|->SDK_bSetInputSourceAudioMute:0<-|
08-16 14:40:35.371 I/tvos    ( 1764): [audioBSP] #2 m_spkrMute : 0 ..|->SDK_bUsrSpkrAudioMute:0<-|->SDK_bPowerOnMute:0<-|->SDK_bByUserAudioMute:0<-|
08-16 14:40:35.371 I/tvos    ( 1764): [audioBSP] #3 m_PcmCapture2Mute:0 |->SDK_bByUserPcmCapture2Mute:0<-|->SDK_SUB_bByUserAudioMute:0<-|->SDK_bByUserAudioMute:0<-|
08-16 14:40:35.371 I/tvos    ( 1764): [audioBSP] #5 m_hpMute : 1 ..|->SDK_bUsrHpAudioMute:1<-|->SDK_bPowerOnMute:0<-|->SDK_bByUserAudioMute:0<-|
08-16 14:40:35.371 I/tvos    ( 1764): [audioBSP] #12 m_spdifMute : 1 ..
08-16 14:40:35.371 I/tvos    ( 1764): #12|->SDK_bPermanentAudioMute:0<-|->SDK_bMomentAudioMute:0<-|->SDK_bByBlockAudioMute:0<-|
08-16 14:40:35.371 I/tvos    ( 1764): #12|->SDK_bByVChipAudioMute:0<-|->SDK_bInternal1AudioMute:0<-|->SDK_bInternal4AudioMute:0<-|
08-16 14:40:35.371 I/tvos    ( 1764): #12|->SDK_bByDuringLimitedTimeAudioMute:0<-|->SDK_bSourceSwitchAudioMute:0<-|->SDK_bMHEGApMute:0<-|
08-16 14:40:35.371 I/tvos    ( 1764): #12|->SDK_bPowerOnMute:0<-|->SDK_bUsrSpdifAudioMute:1<-|->SDK_bNullSourceMute:0<-|->SDK_bByAppMute:0<-|
08-16 14:40:35.371 I/tvos    ( 1764): ---Amplifier_ALC1310_LR_SWMute(0)
08-16 14:40:35.371 I/tvos    ( 1764): ALC1310 unmute good, addr: 0x13 readbackvalue: 4 
08-16 14:40:35.372 I/tvos    ( 1764): SetSoundMuteStatus : m_hpMute : 1, m_spdifMute : 1, m_DataInMute : 0, m_channel7Mute : 0, m_internalMute : 0, m_spkrMute : 0, m_PcmCapture1Mute : 0, m_PcmCapture2Mute : 0 
08-16 14:40:35.374 I/AudioUtil( 1758): setParameters spk_volume=0
08-16 14:40:35.374 I/audio_hw_primary( 1758): adev_set_parameters: spk_volume=0
08-16 14:40:35.374 I/tvos    ( 1764): GetAudioOutputDevice, retval : 0
08-16 14:40:35.376 I/tvos    ( 1764): [SetMuteStatus] call SetSoundMuteStatus, line : 10369, muteType: 67108864, onOff : 1 
08-16 14:40:35.376 I/tvos    ( 1764): _TransMSrvMuteTypeToSDKMuteType: Err! muteType(67108864) is out of Range
08-16 14:40:35.378 I/tvos    ( 1764): [SetMuteStatus] call SetSoundMuteStatus, line : 10369, muteType: 4, onOff : 1 
08-16 14:40:35.378 I/tvos    ( 1764): [audioBSP] #1 m_internalMute : 0 ..
08-16 14:40:35.378 I/tvos    ( 1764): #1|->SDK_bPermanentAudioMute:0<-|->SDK_bMomentAudioMute:0 <-|->SDK_bBySyncAudioMute:0<-|->SDK_bByBlockAudioMute:0<-|->SDK_bByVChipAudioMute:0<-|
08-16 14:40:35.378 I/tvos    ( 1764): #1|->SDK_bInternal1AudioMute:0<-|->SDK_bInternal2AudioMute:0<-|->SDK_bInternal3AudioMute:0<-|->SDK_bInternal4AudioMute:0<-|
08-16 14:40:35.378 I/tvos    ( 1764): #1|->SDK_bByScanInOutchgCHchg:0<-|->SDK_bByDuringLimitedTimeAudioMute:0<-|->SDK_bSourceSwitchAudioMute:0<-|
08-16 14:40:35.378 I/tvos    ( 1764): #1|->SDK_bMHEGApMute:0<-|->SDK_bAllAudioMuteCtrl:0<-|->SDK_bPowerOnMute:0<-|->SDK_bNullSourceMute0<-|->SDK_bSetInputSourceAudioMute:0<-|
08-16 14:40:35.378 I/tvos    ( 1764): [audioBSP] #2 m_spkrMute : 1 ..|->SDK_bUsrSpkrAudioMute:0<-|->SDK_bPowerOnMute:0<-|->SDK_bByUserAudioMute:1<-|
08-16 14:40:35.378 I/tvos    ( 1764): [audioBSP] #3 m_PcmCapture2Mute:1 |->SDK_bByUserPcmCapture2Mute:0<-|->SDK_SUB_bByUserAudioMute:0<-|->SDK_bByUserAudioMute:1<-|
08-16 14:40:35.378 I/tvos    ( 1764): [audioBSP] #5 m_hpMute : 1 ..|->SDK_bUsrHpAudioMute:1<-|->SDK_bPowerOnMute:0<-|->SDK_bByUserAudioMute:1<-|
08-16 14:40:35.378 I/tvos    ( 1764): [audioBSP] #12 m_spdifMute : 1 ..
08-16 14:40:35.378 I/tvos    ( 1764): #12|->SDK_bPermanentAudioMute:0<-|->SDK_bMomentAudioMute:0<-|->SDK_bByBlockAudioMute:0<-|
08-16 14:40:35.378 I/tvos    ( 1764): #12|->SDK_bByVChipAudioMute:0<-|->SDK_bInternal1AudioMute:0<-|->SDK_bInternal4AudioMute:0<-|
08-16 14:40:35.378 I/tvos    ( 1764): #12|->SDK_bByDuringLimitedTimeAudioMute:0<-|->SDK_bSourceSwitchAudioMute:0<-|->SDK_bMHEGApMute:0<-|
08-16 14:40:35.378 I/tvos    ( 1764): #12|->SDK_bPowerOnMute:0<-|->SDK_bUsrSpdifAudioMute:1<-|->SDK_bNullSourceMute:0<-|->SDK_bByAppMute:0<-|
08-16 14:40:35.378 I/tvos    ( 1764): ---Amplifier_ALC1310_LR_SWMute(1)
08-16 14:40:35.378 I/tvos    ( 1764): ALC1310 mute write good, addr: 0x13, readback data : 49164, write cmd times : 1
08-16 14:40:35.380 I/tvos    ( 1764): SetSoundMuteStatus : m_hpMute : 1, m_spdifMute : 1, m_DataInMute : 0, m_channel7Mute : 0, m_internalMute : 0, m_spkrMute : 1, m_PcmCapture1Mute : 0, m_PcmCapture2Mute : 1 
08-16 14:40:35.381 I/SoundPool( 2207): enter : func play
08-16 14:40:35.579 I/tvos    ( 1764): GetAudioOutputDevice, retval : 0
08-16 14:40:35.632 I/AudioManager_JNI( 2881): --[hpan]exectueAudioEffectExtCmd--
08-16 14:40:35.639 I/tvos    ( 1764): @@@MSrv_System_Database::GetSoundSetting[1;40;32m[sora]line11063: u8SubCmd:5,m_AudioPreSoundMode:0,m_AudioPreOutDevice:0[0m
08-16 14:40:35.665 I/tvos    ( 1764): Mute ,mute Status repetition!
08-16 14:40:35.716 I/tvos    ( 1764): [LETV_OUT]::sound mode is 5, close wall sound mode
08-16 14:40:35.716 I/tvos    ( 1764): [Dolby][SetDolbyDapMode]eMode:5, m_DolbyDAPMode = 0 for zhengyang!
08-16 14:40:35.716 I/tvos    ( 1764): [SetDolbyDapMode] model:X440M
08-16 14:40:35.716 I/tvos    ( 1764):  it's x440N dolbyeffect 
08-16 14:40:35.716 I/tvos    ( 1764): [SetDolbyDapMode]:sora[16635] m_AudioPreOutDevice:0, DOLBY_DAP_EN_:0  
08-16 14:40:35.768 I/tvos    ( 1764): ---Amplifier_ALC1310_LR_SWMute(0)
08-16 14:40:35.768 I/tvos    ( 1764): ALC1310 unmute good, addr: 0x13 readbackvalue: 4 
08-16 14:40:35.770 I/AudioManager_JNI( 2881): --[hpan]exectueAudioEffectExtCmd end, return val : 1 
08-16 14:40:35.770 I/AudioManager_JNI( 2881): --
08-16 14:40:35.797 I/DatabaseManager_JNI(22042): setDatabaseDirtyByApplication
08-16 14:40:35.799 W/InputDispatcher( 2207): Focus left window: Window{eb33d89 u0 com.stv.globalsetting}
08-16 14:40:35.799 W/InputDispatcher( 2207): Focus entered window: Window{bce5624 u0 com.stv.globalsetting}
08-16 14:40:35.799 W/InputDispatcher( 2207): Window went away: Window{eb33d89 u0 com.stv.globalsetting}
08-16 14:40:35.799 E/DataBaseDeskImpl( 4876): ===========>>>> now change Index = 23
08-16 14:40:35.802 I/GlobalSettings( 2822): ReportEuiLog_U -- ReportEuiLog action is: tvaction and reportmsg is: action=soundModeQuit&soundModule=6
08-16 14:40:35.807 I/GlobalSettings( 2822): SoundSettingDialog -- set_soundmode_result is: true and the value is: 6
08-16 14:40:35.829 I/tvos    ( 1764): GetAudioOutputDevice, retval : 0
08-16 14:40:35.863 I/LetvManager-LogReport( 1780): [send_msg] line: 490 report url = http://log.hdtv.cp21.ott.cibntv.net:80/api/log/tvAction
08-16 14:40:35.893 I/tvos    ( 1764): [37m[INFO] Change to Voltage: 1130 mV (0x1F)[m
08-16 14:40:35.893 I/tvos    ( 1764): [37m[INFO] Change to Voltage: 1130 mV (0x22)[m
08-16 14:40:35.893 I/tvos    ( 1764): [37m[INFO] Change to Voltage: 1130 mV (0x25)[m
08-16 14:40:35.893 I/tvos    ( 1764): [37m[INFO] Change to Voltage: 1130 mV (0x28)[m
08-16 14:40:35.893 I/tvos    ( 1764): [37m[INFO] Change to Voltage: 1130 mV (0x2B)[m
08-16 14:40:35.893 I/tvos    ( 1764): [37m[INFO] Change to Voltage: 1130 mV (0x2C)[m
08-16 14:40:35.902 E/BufferQueueProducer( 1749): [] connect(P): already connected (cur=1 req=1)
08-16 14:40:35.937 E/BufferQueueProducer( 1749): [] connect(P): already connected (cur=1 req=1)
08-16 14:40:35.958 E/BufferQueueProducer( 1749): [] connect(P): already connected (cur=1 req=1)
08-16 14:40:35.969 I/APM::AudioPolicyEngine( 1758): getDeviceForStrategy, 359
08-16 14:40:35.987 I/tvos    ( 1764): [37m[INFO] Change to Voltage: 1000 mV (0x2C)[m
08-16 14:40:35.987 I/tvos    ( 1764): [37m[INFO] Change to Voltage: 1000 mV (0x29)[m
08-16 14:40:35.987 I/tvos    ( 1764): [37m[INFO] Change to Voltage: 1000 mV (0x26)[m
08-16 14:40:35.987 I/tvos    ( 1764): [37m[INFO] Change to Voltage: 1000 mV (0x23)[m
08-16 14:40:35.987 I/tvos    ( 1764): [37m[INFO] Change to Voltage: 1000 mV (0x20)[m
08-16 14:40:35.987 I/tvos    ( 1764): [37m[INFO] Change to Voltage: 1000 mV (0x1F)[m
08-16 14:40:35.996 E/BufferQueueProducer( 1749): [] connect(P): already connected (cur=1 req=1)
08-16 14:40:36.080 I/tvos    ( 1764): GetAudioOutputDevice, retval : 0
08-16 14:40:36.331 I/tvos    ( 1764): GetAudioOutputDevice, retval : 0
08-16 14:40:36.383 W/InputDispatcher( 2207): findTouchedWindow finished: injectionResult=0, injectionPermission=1, timeSpentWaitingForApplication=0.0ms
08-16 14:40:36.385 W/InputDispatcher( 2207): findTouchedWindow finished: injectionResult=0, injectionPermission=1, timeSpentWaitingForApplication=0.0ms
08-16 14:40:36.387 I/SoundPool( 2207): enter : func play
08-16 14:40:36.389 I/APM::AudioPolicyEngine( 1758): getDeviceForStrategy, 359
08-16 14:40:36.393 I/audio_hw_primary( 1758): version:a00004 adev_create_audio_patch::mix->device 
08-16 14:40:36.393 I/audio_hw_primary( 1758): adev_create_audio_patch *handle=-1420227928 num_audio_patch=3
08-16 14:40:36.395 E/AudioManagerService( 1803): setAudioVolume(callingPid 1758, clientPid 1758, enSoundPath 0, volumn:0 )
08-16 14:40:36.396 I/AudioUtil( 1758): setParameters spk_volume=0
08-16 14:40:36.397 I/audio_hw_primary( 1758): adev_set_parameters: spk_volume=0
08-16 14:40:36.397 I/tvos    ( 1764): SetVolume, subWooExist 0!
08-16 14:40:36.397 I/tvos    ( 1764): mapi_audio_customer::SetAbsoluteVolume: project name is X440M
08-16 14:40:36.397 I/tvos    ( 1764): SetAbsoluteVolume: uPercent : 0, path=52(speaker), VolumeInt=7f, VolumeFra=0
08-16 14:40:36.397 I/tvos    ( 1764): SetAbsoluteVolume: uPercent(currVol) : 0, realPath=52(default), VolumeInt=7f, VolumeFra=0
08-16 14:40:36.397 I/tvos    ( 1764): mapi_audio_customer::SetAbsoluteVolume: project name is X440M
08-16 14:40:36.397 I/tvos    ( 1764): SetAbsoluteVolume: uPercent : 0, path=49(HP), VolumeInt=7f, VolumeFra=0
08-16 14:40:36.397 I/tvos    ( 1764): SetAbsoluteVolume: uPercent(currVol) : 0, realPath=49(default), VolumeInt=7f, VolumeFra=0
08-16 14:40:36.397 I/tvos    ( 1764): mapi_audio_customer::SetAbsoluteVolume: project name is X440M
08-16 14:40:36.397 I/tvos    ( 1764): SetAbsoluteVolume, m_bBTDetect is false! 
08-16 14:40:36.397 I/tvos    ( 1764): mapi_audio_customer::SetAbsoluteVolume: project name is X440M
08-16 14:40:36.397 I/tvos    ( 1764): SetAbsoluteVolume: uPercent : 0, path=255(speaker), VolumeInt=7f, VolumeFra=0
08-16 14:40:36.397 I/tvos    ( 1764): SetAbsoluteVolume: uPercent(currVol) : 0, realPath=255(default), VolumeInt=7f, VolumeFra=0
08-16 14:40:36.397 I/tvos    ( 1764): [SetMuteStatus] call SetSoundMuteStatus, line : 10369, muteType: 4, onOff : 0 
08-16 14:40:36.397 I/tvos    ( 1764): [audioBSP] #1 m_internalMute : 0 ..
08-16 14:40:36.397 I/tvos    ( 1764): #1|->SDK_bPermanentAudioMute:0<-|->SDK_bMomentAudioMute:0 <-|->SDK_bBySyncAudioMute:0<-|->SDK_bByBlockAudioMute:0<-|->SDK_bByVChipAudioMute:0<-|
08-16 14:40:36.397 I/tvos    ( 1764): #1|->SDK_bInternal1AudioMute:0<-|->SDK_bInternal2AudioMute:0<-|->SDK_bInternal3AudioMute:0<-|->SDK_bInternal4AudioMute:0<-|
08-16 14:40:36.397 I/tvos    ( 1764): #1|->SDK_bByScanInOutchgCHchg:0<-|->SDK_bByDuringLimitedTimeAudioMute:0<-|->SDK_bSourceSwitchAudioMute:0<-|
08-16 14:40:36.397 I/tvos    ( 1764): #1|->SDK_bMHEGApMute:0<-|->SDK_bAllAudioMuteCtrl:0<-|->SDK_bPowerOnMute:0<-|->SDK_bNullSourceMute0<-|->SDK_bSetInputSourceAudioMute:0<-|
08-16 14:40:36.397 I/tvos    ( 1764): [audioBSP] #2 m_spkrMute : 0 ..|->SDK_bUsrSpkrAudioMute:0<-|->SDK_bPowerOnMute:0<-|->SDK_bByUserAudioMute:0<-|
08-16 14:40:36.397 I/tvos    ( 1764): [audioBSP] #3 m_PcmCapture2Mute:0 |->SDK_bByUserPcmCapture2Mute:0<-|->SDK_SUB_bByUserAudioMute:0<-|->SDK_bByUserAudioMute:0<-|
08-16 14:40:36.397 I/tvos    ( 1764): [audioBSP] #5 m_hpMute : 1 ..|->SDK_bUsrHpAudioMute:1<-|->SDK_bPowerOnMute:0<-|->SDK_bByUserAudioMute:0<-|
08-16 14:40:36.397 I/tvos    ( 1764): [audioBSP] #12 m_spdifMute : 1 ..
08-16 14:40:36.397 I/tvos    ( 1764): #12|->SDK_bPermanentAudioMute:0<-|->SDK_bMomentAudioMute:0<-|->SDK_bByBlockAudioMute:0<-|
08-16 14:40:36.397 I/tvos    ( 1764): #12|->SDK_bByVChipAudioMute:0<-|->SDK_bInternal1AudioMute:0<-|->SDK_bInternal4AudioMute:0<-|
08-16 14:40:36.397 I/tvos    ( 1764): #12|->SDK_bByDuringLimitedTimeAudioMute:0<-|->SDK_bSourceSwitchAudioMute:0<-|->SDK_bMHEGApMute:0<-|
08-16 14:40:36.397 I/tvos    ( 1764): #12|->SDK_bPowerOnMute:0<-|->SDK_bUsrSpdifAudioMute:1<-|->SDK_bNullSourceMute:0<-|->SDK_bByAppMute:0<-|
08-16 14:40:36.397 I/tvos    ( 1764): Mute ,mute Status repetition!
08-16 14:40:36.397 I/tvos    ( 1764): SetSoundMuteStatus : m_hpMute : 1, m_spdifMute : 1, m_DataInMute : 0, m_channel7Mute : 0, m_internalMute : 0, m_spkrMute : 0, m_PcmCapture1Mute : 0, m_PcmCapture2Mute : 0 
08-16 14:40:36.400 I/tvos    ( 1764): GetAudioOutputDevice, retval : 0
08-16 14:40:36.400 I/tvos    ( 1764): [SetMuteStatus] call SetSoundMuteStatus, line : 10369, muteType: 67108864, onOff : 1 
08-16 14:40:36.400 I/tvos    ( 1764): _TransMSrvMuteTypeToSDKMuteType: Err! muteType(67108864) is out of Range
08-16 14:40:36.405 I/tvos    ( 1764): [SetMuteStatus] call SetSoundMuteStatus, line : 10369, muteType: 4, onOff : 1 
08-16 14:40:36.405 I/tvos    ( 1764): [audioBSP] #1 m_internalMute : 0 ..
08-16 14:40:36.405 I/tvos    ( 1764): #1|->SDK_bPermanentAudioMute:0<-|->SDK_bMomentAudioMute:0 <-|->SDK_bBySyncAudioMute:0<-|->SDK_bByBlockAudioMute:0<-|->SDK_bByVChipAudioMute:0<-|
08-16 14:40:36.405 I/tvos    ( 1764): #1|->SDK_bInternal1AudioMute:0<-|->SDK_bInternal2AudioMute:0<-|->SDK_bInternal3AudioMute:0<-|->SDK_bInternal4AudioMute:0<-|
08-16 14:40:36.405 I/tvos    ( 1764): #1|->SDK_bByScanInOutchgCHchg:0<-|->SDK_bByDuringLimitedTimeAudioMute:0<-|->SDK_bSourceSwitchAudioMute:0<-|
08-16 14:40:36.405 I/tvos    ( 1764): #1|->SDK_bMHEGApMute:0<-|->SDK_bAllAudioMuteCtrl:0<-|->SDK_bPowerOnMute:0<-|->SDK_bNullSourceMute0<-|->SDK_bSetInputSourceAudioMute:0<-|
08-16 14:40:36.405 I/tvos    ( 1764): [audioBSP] #2 m_spkrMute : 1 ..|->SDK_bUsrSpkrAudioMute:0<-|->SDK_bPowerOnMute:0<-|->SDK_bByUserAudioMute:1<-|
08-16 14:40:36.405 I/tvos    ( 1764): [audioBSP] #3 m_PcmCapture2Mute:1 |->SDK_bByUserPcmCapture2Mute:0<-|->SDK_SUB_bByUserAudioMute:0<-|->SDK_bByUserAudioMute:1<-|
08-16 14:40:36.405 I/tvos    ( 1764): [audioBSP] #5 m_hpMute : 1 ..|->SDK_bUsrHpAudioMute:1<-|->SDK_bPowerOnMute:0<-|->SDK_bByUserAudioMute:1<-|
08-16 14:40:36.405 I/tvos    ( 1764): [audioBSP] #12 m_spdifMute : 1 ..
08-16 14:40:36.405 I/tvos    ( 1764): #12|->SDK_bPermanentAudioMute:0<-|->SDK_bMomentAudioMute:0<-|->SDK_bByBlockAudioMute:0<-|
08-16 14:40:36.405 I/tvos    ( 1764): #12|->SDK_bByVChipAudioMute:0<-|->SDK_bInternal1AudioMute:0<-|->SDK_bInternal4AudioMute:0<-|
