08-16 14:31:28.567 W/InputDispatcher( 2207): findFocusedWindow finished: injectionResult=0, timeSpentWaitingForApplication=0.0ms
08-16 14:31:28.567 I/TVFeedback(19205): MyReportFragment -- onClick: position is: 1
08-16 14:31:28.568 I/SoundPool( 2207): enter : func play
08-16 14:31:28.569 I/ActivityManager( 2207): START u0 {cmp=com.stv.feedback/.FeedbackDetailActivity (has extras)} from uid 1000 on display 0
08-16 14:31:28.570 I/APM::AudioPolicyEngine( 1758): getDeviceForStrategy, 359
08-16 14:31:28.573 I/audio_hw_primary( 1758): version:a00004 adev_create_audio_patch::mix->device 
08-16 14:31:28.573 I/audio_hw_primary( 1758): adev_create_audio_patch *handle=-1420227928 num_audio_patch=3
08-16 14:31:28.576 E/AudioManagerService( 1803): setAudioVolume(callingPid 1758, clientPid 1758, enSoundPath 0, volumn:0 )
08-16 14:31:28.578 I/tvos    ( 1764): SetVolume, subWooExist 0!
08-16 14:31:28.578 I/tvos    ( 1764): mapi_audio_customer::SetAbsoluteVolume: project name is X440M
08-16 14:31:28.578 I/tvos    ( 1764): SetAbsoluteVolume: uPercent : 0, path=52(speaker), VolumeInt=7f, VolumeFra=0
08-16 14:31:28.578 I/tvos    ( 1764): SetAbsoluteVolume: uPercent(currVol) : 0, realPath=52(default), VolumeInt=7f, VolumeFra=0
08-16 14:31:28.578 I/tvos    ( 1764): mapi_audio_customer::SetAbsoluteVolume: project name is X440M
08-16 14:31:28.578 I/tvos    ( 1764): SetAbsoluteVolume: uPercent : 0, path=49(HP), VolumeInt=7f, VolumeFra=0
08-16 14:31:28.578 I/tvos    ( 1764): SetAbsoluteVolume: uPercent(currVol) : 0, realPath=49(default), VolumeInt=7f, VolumeFra=0
08-16 14:31:28.578 I/tvos    ( 1764): mapi_audio_customer::SetAbsoluteVolume: project name is X440M
08-16 14:31:28.578 I/tvos    ( 1764): SetAbsoluteVolume, m_bBTDetect is false! 
08-16 14:31:28.578 I/tvos    ( 1764): mapi_audio_customer::SetAbsoluteVolume: project name is X440M
08-16 14:31:28.578 I/tvos    ( 1764): SetAbsoluteVolume: uPercent : 0, path=255(speaker), VolumeInt=7f, VolumeFra=0
08-16 14:31:28.578 I/tvos    ( 1764): SetAbsoluteVolume: uPercent(currVol) : 0, realPath=255(default), VolumeInt=7f, VolumeFra=0
08-16 14:31:28.578 I/tvos    ( 1764): [SetMuteStatus] call SetSoundMuteStatus, line : 10369, muteType: 4, onOff : 0 
08-16 14:31:28.578 I/tvos    ( 1764): [audioBSP] #1 m_internalMute : 0 ..
08-16 14:31:28.579 W/InputDispatcher( 2207): setFocusedApplication
08-16 14:31:28.579 I/tvos    ( 1764): #1|->SDK_bPermanentAudioMute:0<-|->SDK_bMomentAudioMute:0 <-|->SDK_bBySyncAudioMute:0<-|->SDK_bByBlockAudioMute:0<-|->SDK_bByVChipAudioMute:0<-|
08-16 14:31:28.579 I/tvos    ( 1764): #1|->SDK_bInternal1AudioMute:0<-|->SDK_bInternal2AudioMute:0<-|->SDK_bInternal3AudioMute:0<-|->SDK_bInternal4AudioMute:0<-|
08-16 14:31:28.579 I/tvos    ( 1764): #1|->SDK_bByScanInOutchgCHchg:0<-|->SDK_bByDuringLimitedTimeAudioMute:0<-|->SDK_bSourceSwitchAudioMute:0<-|
08-16 14:31:28.579 I/tvos    ( 1764): #1|->SDK_bMHEGApMute:0<-|->SDK_bAllAudioMuteCtrl:0<-|->SDK_bPowerOnMute:0<-|->SDK_bNullSourceMute0<-|->SDK_bSetInputSourceAudioMute:0<-|
08-16 14:31:28.579 I/tvos    ( 1764): [audioBSP] #2 m_spkrMute : 0 ..|->SDK_bUsrSpkrAudioMute:0<-|->SDK_bPowerOnMute:0<-|->SDK_bByUserAudioMute:0<-|
08-16 14:31:28.579 I/tvos    ( 1764): [audioBSP] #3 m_PcmCapture2Mute:0 |->SDK_bByUserPcmCapture2Mute:0<-|->SDK_SUB_bByUserAudioMute:0<-|->SDK_bByUserAudioMute:0<-|
08-16 14:31:28.579 I/tvos    ( 1764): [audioBSP] #5 m_hpMute : 1 ..|->SDK_bUsrHpAudioMute:1<-|->SDK_bPowerOnMute:0<-|->SDK_bByUserAudioMute:0<-|
08-16 14:31:28.579 I/tvos    ( 1764): [audioBSP] #12 m_spdifMute : 1 ..
08-16 14:31:28.579 I/tvos    ( 1764): #12|->SDK_bPermanentAudioMute:0<-|->SDK_bMomentAudioMute:0<-|->SDK_bByBlockAudioMute:0<-|
08-16 14:31:28.579 I/tvos    ( 1764): #12|->SDK_bByVChipAudioMute:0<-|->SDK_bInternal1AudioMute:0<-|->SDK_bInternal4AudioMute:0<-|
08-16 14:31:28.579 I/tvos    ( 1764): #12|->SDK_bByDuringLimitedTimeAudioMute:0<-|->SDK_bSourceSwitchAudioMute:0<-|->SDK_bMHEGApMute:0<-|
08-16 14:31:28.579 I/tvos    ( 1764): #12|->SDK_bPowerOnMute:0<-|->SDK_bUsrSpdifAudioMute:1<-|->SDK_bNullSourceMute:0<-|->SDK_bByAppMute:0<-|
08-16 14:31:28.579 I/tvos    ( 1764): ---Amplifier_ALC1310_LR_SWMute(0)
08-16 14:31:28.579 I/tvos    ( 1764): ALC1310 unmute good, addr: 0x13 readbackvalue: 4 
08-16 14:31:28.580 W/InputDispatcher( 2207): Focus left window: Window{c8405e2 u0 com.stv.feedback/com.stv.feedback.FeedbackActivity}
08-16 14:31:28.581 I/AudioUtil( 1758): setParameters spk_volume=0
08-16 14:31:28.581 I/tvos    ( 1764): SetSoundMuteStatus : m_hpMute : 1, m_spdifMute : 1, m_DataInMute : 0, m_channel7Mute : 0, m_internalMute : 0, m_spkrMute : 0, m_PcmCapture1Mute : 0, m_PcmCapture2Mute : 0 
08-16 14:31:28.581 I/audio_hw_primary( 1758): adev_set_parameters: spk_volume=0
08-16 14:31:28.582 I/tvos    ( 1764): GetAudioOutputDevice, retval : 0
08-16 14:31:28.582 E/LETV_DEVICE( 1780): no name sn for Mstar
08-16 14:31:28.583 I/tvos    ( 1764): [SetMuteStatus] call SetSoundMuteStatus, line : 10369, muteType: 67108864, onOff : 1 
08-16 14:31:28.583 I/tvos    ( 1764): _TransMSrvMuteTypeToSDKMuteType: Err! muteType(67108864) is out of Range
08-16 14:31:28.586 I/tvos    ( 1764): [SetMuteStatus] call SetSoundMuteStatus, line : 10369, muteType: 4, onOff : 1 
08-16 14:31:28.586 I/tvos    ( 1764): [audioBSP] #1 m_internalMute : 0 ..
08-16 14:31:28.586 I/tvos    ( 1764): #1|->SDK_bPermanentAudioMute:0<-|->SDK_bMomentAudioMute:0 <-|->SDK_bBySyncAudioMute:0<-|->SDK_bByBlockAudioMute:0<-|->SDK_bByVChipAudioMute:0<-|
08-16 14:31:28.586 I/tvos    ( 1764): #1|->SDK_bInternal1AudioMute:0<-|->SDK_bInternal2AudioMute:0<-|->SDK_bInternal3AudioMute:0<-|->SDK_bInternal4AudioMute:0<-|
08-16 14:31:28.586 I/tvos    ( 1764): #1|->SDK_bByScanInOutchgCHchg:0<-|->SDK_bByDuringLimitedTimeAudioMute:0<-|->SDK_bSourceSwitchAudioMute:0<-|
08-16 14:31:28.586 I/tvos    ( 1764): #1|->SDK_bMHEGApMute:0<-|->SDK_bAllAudioMuteCtrl:0<-|->SDK_bPowerOnMute:0<-|->SDK_bNullSourceMute0<-|->SDK_bSetInputSourceAudioMute:0<-|
08-16 14:31:28.586 I/tvos    ( 1764): [audioBSP] #2 m_spkrMute : 1 ..|->SDK_bUsrSpkrAudioMute:0<-|->SDK_bPowerOnMute:0<-|->SDK_bByUserAudioMute:1<-|
08-16 14:31:28.586 I/tvos    ( 1764): [audioBSP] #3 m_PcmCapture2Mute:1 |->SDK_bByUserPcmCapture2Mute:0<-|->SDK_SUB_bByUserAudioMute:0<-|->SDK_bByUserAudioMute:1<-|
08-16 14:31:28.586 I/tvos    ( 1764): [audioBSP] #5 m_hpMute : 1 ..|->SDK_bUsrHpAudioMute:1<-|->SDK_bPowerOnMute:0<-|->SDK_bByUserAudioMute:1<-|
08-16 14:31:28.586 I/tvos    ( 1764): [audioBSP] #12 m_spdifMute : 1 ..
08-16 14:31:28.586 I/tvos    ( 1764): #12|->SDK_bPermanentAudioMute:0<-|->SDK_bMomentAudioMute:0<-|->SDK_bByBlockAudioMute:0<-|
08-16 14:31:28.586 I/tvos    ( 1764): #12|->SDK_bByVChipAudioMute:0<-|->SDK_bInternal1AudioMute:0<-|->SDK_bInternal4AudioMute:0<-|
08-16 14:31:28.586 I/tvos    ( 1764): #12|->SDK_bByDuringLimitedTimeAudioMute:0<-|->SDK_bSourceSwitchAudioMute:0<-|->SDK_bMHEGApMute:0<-|
08-16 14:31:28.586 I/tvos    ( 1764): #12|->SDK_bPowerOnMute:0<-|->SDK_bUsrSpdifAudioMute:1<-|->SDK_bNullSourceMute:0<-|->SDK_bByAppMute:0<-|
08-16 14:31:28.586 I/tvos    ( 1764): ---Amplifier_ALC1310_LR_SWMute(1)
08-16 14:31:28.586 I/tvos    ( 1764): ALC1310 mute write good, addr: 0x13, readback data : 49164, write cmd times : 1
08-16 14:31:28.588 I/tvos    ( 1764): SetSoundMuteStatus : m_hpMute : 1, m_spdifMute : 1, m_DataInMute : 0, m_channel7Mute : 0, m_internalMute : 0, m_spkrMute : 1, m_PcmCapture1Mute : 0, m_PcmCapture2Mute : 1 
08-16 14:31:28.594 E/ActivityThread( 2837): Failed to find provider info for com.letv.agnes.InfoProvider
08-16 14:31:28.600 E/ActivityThread( 2837): Failed to find provider info for com.letv.agnes.InfoProvider
08-16 14:31:28.600 W/System.err( 2837): java.lang.IllegalArgumentException: Unknown URL content://com.letv.agnes.InfoProvider
08-16 14:31:28.601 W/System.err( 2837): 	at android.content.ContentResolver.insert(ContentResolver.java:1227)
08-16 14:31:28.601 W/System.err( 2837): 	at com.letv.tracker2.agnes.Configuration.addDebugInfo(Configuration.java:289)
08-16 14:31:28.602 W/System.err( 2837): 	at com.letv.tracker2.agnes.MessageProcessor$SendEnvMsgTr$1.handleMessage(MessageProcessor.java:661)
08-16 14:31:28.602 W/System.err( 2837): 	at android.os.Handler.dispatchMessage(Handler.java:102)
08-16 14:31:28.602 I/ActivityManager( 2207): accel TR12) TaskRecord{150a0ce #29 A=com.stv.feedback U=0 sz=2}
08-16 14:31:28.602 W/System.err( 2837): 	at android.os.Looper.loop(Looper.java:148)
08-16 14:31:28.602 I/ActivityManager( 2207): accel TR11) TaskRecord{14b0d11 #1 A=com.stv.launcher U=0 sz=1}
08-16 14:31:28.602 W/System.err( 2837): 	at com.letv.tracker2.agnes.MessageProcessor$SendEnvMsgTr.run(MessageProcessor.java:665)
08-16 14:31:28.613 I/System.out(19205): From style:
08-16 14:31:28.613 I/System.out(19205): Attrs: 3010001=0.6 3010002=res/drawable-hdpi-v4/ic_desk_app_bg.jpg 3010003=null 3010004=true
08-16 14:31:28.616 E/LetvRemoteupgradeManager-JNI( 2613): can't get LetvManager service!
08-16 14:31:28.648 E/LETV_DEVICE( 1780): no name sn for Mstar
08-16 14:31:28.662 I/[T1.0.6.3]EuiAgnes_Server( 2837): resCode:1
08-16 14:31:28.662 I/[T1.0.6.3]EuiAgnes_Server( 2837): b[0]:0
08-16 14:31:28.662 I/LetvAccount(14745): UserInfoProvider -- appName: com.stv.feedback, permission: system(true) app(true), match=1
08-16 14:31:28.663 I/AccountManagerService( 2207): getTypesVisibleToCaller: isPermitted? true
08-16 14:31:28.672 W/InputDispatcher( 2207): Focus entered window: Window{3a7ae19 u0 com.stv.feedback/com.stv.feedback.FeedbackDetailActivity}
08-16 14:31:28.683 I/TVFeedback(19205): FeedBackUtils -- getSystemUserId - ssoToken = 103XXXWLm5iFfp7oHVCl5Nm5QniTYMwRr1riQV7kzFHb0cKblm5JnT7VZ62yLz6NiwchqILK4Vglv7ZN0oREFxfOiiJUsxPtqnon9LQtCfSYWPGD5q0Qm4
08-16 14:31:28.684 I/TVFeedback(19205): UrlUtils -- getFeedbackDetailUrl - URL= http://xfeedback-scloud.cp21.ott.cibntv.net/api/v3/tvfeedbacklist/line?version=V2409RCN02C065307D08011D&versionName=6.5.307D_0801&model=X440M&ui=6.5&hwVersion=H5000&mac=b01bd2542d51&region=CN&user-prefer-language=zh-cn&_id=5b61fa18db47b5e45b425910&sso_tk=103XXXWLm5iFfp7oHVCl5Nm5QniTYMwRr1riQV7kzFHb0cKblm5JnT7VZ62yLz6NiwchqILK4Vglv7ZN0oREFxfOiiJUsxPtqnon9LQtCfSYWPGD5q0Qm4&&_ak=akfileup_YHoqMHgt&_time=1534401088684&_sign=5d77274e9e43797f7d5846ef1c496d39
08-16 14:31:28.687 I/tvos    ( 1764): [37m[INFO] Change to Voltage: 1130 mV (0x1F)[m
08-16 14:31:28.687 I/tvos    ( 1764): [37m[INFO] Change to Voltage: 1130 mV (0x22)[m
08-16 14:31:28.687 I/tvos    ( 1764): [37m[INFO] Change to Voltage: 1130 mV (0x25)[m
08-16 14:31:28.687 I/tvos    ( 1764): [37m[INFO] Change to Voltage: 1130 mV (0x28)[m
08-16 14:31:28.687 I/tvos    ( 1764): [37m[INFO] Change to Voltage: 1130 mV (0x2B)[m
08-16 14:31:28.687 E/BufferQueueProducer( 1749): [com.stv.feedback/com.stv.feedback.FeedbackDetailActivity] connect(P): already connected (cur=1 req=1)
08-16 14:31:28.687 I/tvos    ( 1764): [37m[INFO] Change to Voltage: 1130 mV (0x2C)[m
08-16 14:31:28.698 I/tvos    ( 1764): [37m[INFO] Change to Voltage: 1150 mV (0x22)[m
08-16 14:31:28.698 I/tvos    ( 1764): [37m[INFO] Change to Voltage: 1150 mV (0x25)[m
08-16 14:31:28.698 I/tvos    ( 1764): [37m[INFO] Change to Voltage: 1150 mV (0x28)[m
08-16 14:31:28.698 I/tvos    ( 1764): [37m[INFO] Change to Voltage: 1150 mV (0x2B)[m
08-16 14:31:28.698 I/tvos    ( 1764): [37m[INFO] Change to Voltage: 1150 mV (0x2E)[m
08-16 14:31:28.699 I/tvos    ( 1764): [37m[INFO] Change to Voltage: 1150 mV (0x2E)[m
08-16 14:31:28.728 I/tvos    ( 1764): bq32kDriver:rtc_read_time.
08-16 14:31:28.728 I/tvos    ( 1764): [hq]rtc_read_time: read 0x28 0x31 0xc6 0x05 0x16 0x08 0x18
08-16 14:31:28.728 I/tvos    ( 1764): rtc_read_time: date 28s 31m 6h 16md 7m 118y
08-16 14:31:28.728 I/tvos    ( 1764): rtc read time:2018-8-16 6:31:28.
08-16 14:31:28.728 I/tvos    ( 1764): tm_year = 2018, tm_mon = 8, tm_mday = 16, tm_hour = 6,tm_min= 31,  tm_sec = 28
08-16 14:31:28.728 I/tvos    ( 1764): timeSeconds:1534401088 rtcTimeSeconds:1534401088.
08-16 14:31:28.737 I/TVFeedback(19205): FeedBackUtils -- id is: 5b61fa18db47b5e45b425910
08-16 14:31:28.744 I/ActivityManager( 2207): Displayed com.stv.feedback/.FeedbackDetailActivity: +147ms
08-16 14:31:28.745 W/ContextImpl( 2207): Calling a method in the system process without a qualified user: android.app.ContextImpl.sendBroadcast:766 com.android.server.am.ActivityRecord.reportLaunchTimeLocked:1056 com.android.server.am.ActivityRecord.windowsDrawnLocked:1080 com.android.server.am.ActivityRecord$Token.windowsDrawn:345 com.android.server.wm.WindowManagerService$H.handleMessage:8042 
08-16 14:31:28.766 I/TVFeedback(19205): FeedbackDetailActivity -- position is = 0
08-16 14:31:28.767 I/tvos    ( 1764): GetAudioOutputDevice, retval : 0
08-16 14:31:28.785 I/tvos    ( 1764): [37m[INFO] Change to Voltage: 1000 mV (0x2C)[m
08-16 14:31:28.787 I/tvos    ( 1764): [37m[INFO] Change to Voltage: 1000 mV (0x29)[m
08-16 14:31:28.787 I/tvos    ( 1764): [37m[INFO] Change to Voltage: 1000 mV (0x26)[m
08-16 14:31:28.787 I/tvos    ( 1764): [37m[INFO] Change to Voltage: 1000 mV (0x23)[m
08-16 14:31:28.788 I/tvos    ( 1764): [37m[INFO] Change to Voltage: 1000 mV (0x20)[m
08-16 14:31:28.789 I/tvos    ( 1764): [37m[INFO] Change to Voltage: 1000 mV (0x1F)[m
08-16 14:31:28.886 I/tvos    ( 1764): [37m[INFO] Change to Voltage: 1030 mV (0x2E)[m
08-16 14:31:28.886 I/tvos    ( 1764): [37m[INFO] Change to Voltage: 1030 mV (0x2B)[m
08-16 14:31:28.886 I/tvos    ( 1764): [37m[INFO] Change to Voltage: 1030 mV (0x28)[m
08-16 14:31:28.887 I/tvos    ( 1764): [37m[INFO] Change to Voltage: 1030 mV (0x25)[m
08-16 14:31:28.888 I/tvos    ( 1764): [37m[INFO] Change to Voltage: 1030 mV (0x22)[m
08-16 14:31:28.889 I/tvos    ( 1764): [37m[INFO] Change to Voltage: 1030 mV (0x22)[m
08-16 14:31:29.017 I/tvos    ( 1764): GetAudioOutputDevice, retval : 0
08-16 14:31:29.169 I/APM::AudioPolicyEngine( 1758): getDeviceForStrategy, 359
08-16 14:31:29.267 I/tvos    ( 1764): GetAudioOutputDevice, retval : 0
08-16 14:31:29.518 I/tvos    ( 1764): GetAudioOutputDevice, retval : 0
08-16 14:31:29.768 I/tvos    ( 1764): GetAudioOutputDevice, retval : 0
08-16 14:31:30.019 I/tvos    ( 1764): GetAudioOutputDevice, retval : 0
08-16 14:31:30.099 W/InputDispatcher( 2207): findFocusedWindow finished: injectionResult=0, timeSpentWaitingForApplication=0.0ms
08-16 14:31:30.103 W/InputDispatcher( 2207): findFocusedWindow finished: injectionResult=0, timeSpentWaitingForApplication=0.0ms
08-16 14:31:30.105 W/InputDispatcher( 2207): setFocusedApplication
08-16 14:31:30.116 I/ActivityManager( 2207): accel TR12) TaskRecord{150a0ce #29 A=com.stv.feedback U=0 sz=2}
08-16 14:31:30.116 I/ActivityManager( 2207): accel TR11) TaskRecord{14b0d11 #1 A=com.stv.launcher U=0 sz=1}
08-16 14:31:30.134 I/TVFeedback(19205): FeedbackActivity -- onResume
08-16 14:31:30.134 I/TVFeedback(19205): FeedbackActivity -- dataFromDesktop:null
08-16 14:31:30.163 W/InputDispatcher( 2207): Focus left window: Window{3a7ae19 u0 com.stv.feedback/com.stv.feedback.FeedbackDetailActivity}
08-16 14:31:30.163 W/InputDispatcher( 2207): Focus entered window: Window{c8405e2 u0 com.stv.feedback/com.stv.feedback.FeedbackActivity}
08-16 14:31:30.165 E/BufferQueueProducer( 1749): [com.stv.feedback/com.stv.feedback.FeedbackActivity] connect(P): already connected (cur=1 req=1)
08-16 14:31:30.180 I/OMXClient(19205): Using client-side OMX mux.
08-16 14:31:30.269 I/tvos    ( 1764): GetAudioOutputDevice, retval : 0
08-16 14:31:30.520 I/tvos    ( 1764): GetAudioOutputDevice, retval : 0
08-16 14:31:30.619 I/TVFeedback(19205): MyApplication -- onActivityDestroyed mVisible = 1, mIsWorkInit = false
08-16 14:31:30.625 W/InputDispatcher( 2207): Window went away: Window{3a7ae19 u0 com.stv.feedback/com.stv.feedback.FeedbackDetailActivity}
08-16 14:31:30.771 I/tvos    ( 1764): GetAudioOutputDevice, retval : 0
08-16 14:31:31.021 I/tvos    ( 1764): GetAudioOutputDevice, retval : 0
08-16 14:31:31.271 I/tvos    ( 1764): GetAudioOutputDevice, retval : 0
08-16 14:31:31.522 I/tvos    ( 1764): GetAudioOutputDevice, retval : 0
08-16 14:31:31.616 E/LetvRemoteupgradeManager-JNI( 2613): can't get LetvManager service!
08-16 14:31:31.637 I/remotestatus( 2207): Msg.what is 101
08-16 14:31:31.637 I/WindowManager( 2207): turn cursor off
08-16 14:31:31.637 E/RemoteManager( 2207): RemoteManager is no longer support in eui6.5
08-16 14:31:31.637 W/InputDispatcher( 2207): findFocusedWindow finished: injectionResult=0, timeSpentWaitingForApplication=0.0ms
08-16 14:31:31.637 E/InputManager-JNI( 2207): call nativeDisableCursor method with hideCursor
08-16 14:31:31.641 W/InputDispatcher( 2207): findFocusedWindow finished: injectionResult=0, timeSpentWaitingForApplication=0.0ms
08-16 14:31:31.772 I/tvos    ( 1764): GetAudioOutputDevice, retval : 0
08-16 14:31:32.022 I/tvos    ( 1764): GetAudioOutputDevice, retval : 0
08-16 14:31:32.273 I/tvos    ( 1764): GetAudioOutputDevice, retval : 0
08-16 14:31:32.523 I/tvos    ( 1764): GetAudioOutputDevice, retval : 0
08-16 14:31:32.774 I/tvos    ( 1764): GetAudioOutputDevice, retval : 0
08-16 14:31:33.024 I/tvos    ( 1764): GetAudioOutputDevice, retval : 0
08-16 14:31:33.145 W/InputDispatcher( 2207): findFocusedWindow finished: injectionResult=0, timeSpentWaitingForApplication=0.0ms
08-16 14:31:33.148 W/InputDispatcher( 2207): findFocusedWindow finished: injectionResult=0, timeSpentWaitingForApplication=0.0ms
08-16 14:31:33.148 I/TVFeedback(19205): MyReportFragment -- onClick: position is: 1
08-16 14:31:33.149 I/SoundPool( 2207): enter : func play
08-16 14:31:33.150 I/ActivityManager( 2207): START u0 {cmp=com.stv.feedback/.FeedbackDetailActivity (has extras)} from uid 1000 on display 0
08-16 14:31:33.152 I/APM::AudioPolicyEngine( 1758): getDeviceForStrategy, 359
08-16 14:31:33.153 I/audio_hw_primary( 1758): version:a00004 adev_create_audio_patch::mix->device 
08-16 14:31:33.153 I/audio_hw_primary( 1758): adev_create_audio_patch *handle=-1420227928 num_audio_patch=3
08-16 14:31:33.155 E/AudioManagerService( 1803): setAudioVolume(callingPid 1758, clientPid 1758, enSoundPath 0, volumn:0 )
08-16 14:31:33.158 I/tvos    ( 1764): SetVolume, subWooExist 0!
08-16 14:31:33.158 I/tvos    ( 1764): mapi_audio_customer::SetAbsoluteVolume: project name is X440M
08-16 14:31:33.158 I/tvos    ( 1764): SetAbsoluteVolume: uPercent : 0, path=52(speaker), VolumeInt=7f, VolumeFra=0
08-16 14:31:33.158 I/tvos    ( 1764): SetAbsoluteVolume: uPercent(currVol) : 0, realPath=52(default), VolumeInt=7f, VolumeFra=0
08-16 14:31:33.158 I/tvos    ( 1764): mapi_audio_customer::SetAbsoluteVolume: project name is X440M
08-16 14:31:33.158 I/tvos    ( 1764): SetAbsoluteVolume: uPercent : 0, path=49(HP), VolumeInt=7f, VolumeFra=0
08-16 14:31:33.158 I/tvos    ( 1764): SetAbsoluteVolume: uPercent(currVol) : 0, realPath=49(default), VolumeInt=7f, VolumeFra=0
08-16 14:31:33.158 I/tvos    ( 1764): mapi_audio_customer::SetAbsoluteVolume: project name is X440M
08-16 14:31:33.158 I/tvos    ( 1764): SetAbsoluteVolume, m_bBTDetect is false! 
08-16 14:31:33.158 I/tvos    ( 1764): mapi_audio_customer::SetAbsoluteVolume: project name is X440M
08-16 14:31:33.158 I/tvos    ( 1764): SetAbsoluteVolume: uPercent : 0, path=255(speaker), VolumeInt=7f, VolumeFra=0
08-16 14:31:33.158 I/tvos    ( 1764): SetAbsoluteVolume: uPercent(currVol) : 0, realPath=255(default), VolumeInt=7f, VolumeFra=0
08-16 14:31:33.158 I/tvos    ( 1764): [SetMuteStatus] call SetSoundMuteStatus, line : 10369, muteType: 4, onOff : 0 
08-16 14:31:33.158 I/tvos    ( 1764): [audioBSP] #1 m_internalMute : 0 ..
08-16 14:31:33.158 I/tvos    ( 1764): #1|->SDK_bPermanentAudioMute:0<-|->SDK_bMomentAudioMute:0 <-|->SDK_bBySyncAudioMute:0<-|->SDK_bByBlockAudioMute:0<-|->SDK_bByVChipAudioMute:0<-|
08-16 14:31:33.158 I/tvos    ( 1764): #1|->SDK_bInternal1AudioMute:0<-|->SDK_bInternal2AudioMute:0<-|->SDK_bInternal3AudioMute:0<-|->SDK_bInternal4AudioMute:0<-|
08-16 14:31:33.158 I/tvos    ( 1764): #1|->SDK_bByScanInOutchgCHchg:0<-|->SDK_bByDuringLimitedTimeAudioMute:0<-|->SDK_bSourceSwitchAudioMute:0<-|
08-16 14:31:33.158 I/tvos    ( 1764): #1|->SDK_bMHEGApMute:0<-|->SDK_bAllAudioMuteCtrl:0<-|->SDK_bPowerOnMute:0<-|->SDK_bNullSourceMute0<-|->SDK_bSetInputSourceAudioMute:0<-|
08-16 14:31:33.158 I/tvos    ( 1764): [audioBSP] #2 m_spkrMute : 0 ..|->SDK_bUsrSpkrAudioMute:0<-|->SDK_bPowerOnMute:0<-|->SDK_bByUserAudioMute:0<-|
08-16 14:31:33.158 I/tvos    ( 1764): [audioBSP] #3 m_PcmCapture2Mute:0 |->SDK_bByUserPcmCapture2Mute:0<-|->SDK_SUB_bByUserAudioMute:0<-|->SDK_bByUserAudioMute:0<-|
08-16 14:31:33.158 I/tvos    ( 1764): [audioBSP] #5 m_hpMute : 1 ..|->SDK_bUsrHpAudioMute:1<-|->SDK_bPowerOnMute:0<-|->SDK_bByUserAudioMute:0<-|
08-16 14:31:33.158 I/tvos    ( 1764): [audioBSP] #12 m_spdifMute : 1 ..
08-16 14:31:33.158 I/tvos    ( 1764): #12|->SDK_bPermanentAudioMute:0<-|->SDK_bMomentAudioMute:0<-|->SDK_bByBlockAudioMute:0<-|
08-16 14:31:33.158 I/tvos    ( 1764): #12|->SDK_bByVChipAudioMute:0<-|->SDK_bInternal1AudioMute:0<-|->SDK_bInternal4AudioMute:0<-|
08-16 14:31:33.158 I/tvos    ( 1764): #12|->SDK_bByDuringLimitedTimeAudioMute:0<-|->SDK_bSourceSwitchAudioMute:0<-|->SDK_bMHEGApMute:0<-|
08-16 14:31:33.158 I/tvos    ( 1764): #12|->SDK_bPowerOnMute:0<-|->SDK_bUsrSpdifAudioMute:1<-|->SDK_bNullSourceMute:0<-|->SDK_bByAppMute:0<-|
08-16 14:31:33.158 I/tvos    ( 1764): ---Amplifier_ALC1310_LR_SWMute(0)
08-16 14:31:33.158 I/tvos    ( 1764): ALC1310 unmute good, addr: 0x13 readbackvalue: 4 
08-16 14:31:33.160 I/tvos    ( 1764): SetSoundMuteStatus : m_hpMute : 1, m_spdifMute : 1, m_DataInMute : 0, m_channel7Mute : 0, m_internalMute : 0, m_spkrMute : 0, m_PcmCapture1Mute : 0, m_PcmCapture2Mute : 0 
08-16 14:31:33.161 I/AudioUtil( 1758): setParameters spk_volume=0
08-16 14:31:33.161 I/audio_hw_primary( 1758): adev_set_parameters: spk_volume=0
08-16 14:31:33.161 W/InputDispatcher( 2207): setFocusedApplication
08-16 14:31:33.161 I/tvos    ( 1764): GetAudioOutputDevice, retval : 0
08-16 14:31:33.161 I/tvos    ( 1764): [SetMuteStatus] call SetSoundMuteStatus, line : 10369, muteType: 67108864, onOff : 1 
08-16 14:31:33.161 I/tvos    ( 1764): _TransMSrvMuteTypeToSDKMuteType: Err! muteType(67108864) is out of Range
08-16 14:31:33.162 W/InputDispatcher( 2207): Focus left window: Window{c8405e2 u0 com.stv.feedback/com.stv.feedback.FeedbackActivity}
08-16 14:31:33.164 I/tvos    ( 1764): [SetMuteStatus] call SetSoundMuteStatus, line : 10369, muteType: 4, onOff : 1 
08-16 14:31:33.164 I/tvos    ( 1764): [audioBSP] #1 m_internalMute : 0 ..
08-16 14:31:33.164 I/tvos    ( 1764): #1|->SDK_bPermanentAudioMute:0<-|->SDK_bMomentAudioMute:0 <-|->SDK_bBySyncAudioMute:0<-|->SDK_bByBlockAudioMute:0<-|->SDK_bByVChipAudioMute:0<-|
08-16 14:31:33.164 I/tvos    ( 1764): #1|->SDK_bInternal1AudioMute:0<-|->SDK_bInternal2AudioMute:0<-|->SDK_bInternal3AudioMute:0<-|->SDK_bInternal4AudioMute:0<-|
08-16 14:31:33.164 I/tvos    ( 1764): #1|->SDK_bByScanInOutchgCHchg:0<-|->SDK_bByDuringLimitedTimeAudioMute:0<-|->SDK_bSourceSwitchAudioMute:0<-|
08-16 14:31:33.164 I/tvos    ( 1764): #1|->SDK_bMHEGApMute:0<-|->SDK_bAllAudioMuteCtrl:0<-|->SDK_bPowerOnMute:0<-|->SDK_bNullSourceMute0<-|->SDK_bSetInputSourceAudioMute:0<-|
08-16 14:31:33.164 I/tvos    ( 1764): [audioBSP] #2 m_spkrMute : 1 ..|->SDK_bUsrSpkrAudioMute:0<-|->SDK_bPowerOnMute:0<-|->SDK_bByUserAudioMute:1<-|
08-16 14:31:33.164 I/tvos    ( 1764): [audioBSP] #3 m_PcmCapture2Mute:1 |->SDK_bByUserPcmCapture2Mute:0<-|->SDK_SUB_bByUserAudioMute:0<-|->SDK_bByUserAudioMute:1<-|
08-16 14:31:33.164 I/tvos    ( 1764): [audioBSP] #5 m_hpMute : 1 ..|->SDK_bUsrHpAudioMute:1<-|->SDK_bPowerOnMute:0<-|->SDK_bByUserAudioMute:1<-|
08-16 14:31:33.164 I/tvos    ( 1764): [audioBSP] #12 m_spdifMute : 1 ..
08-16 14:31:33.164 I/tvos    ( 1764): #12|->SDK_bPermanentAudioMute:0<-|->SDK_bMomentAudioMute:0<-|->SDK_bByBlockAudioMute:0<-|
08-16 14:31:33.164 I/tvos    ( 1764): #12|->SDK_bByVChipAudioMute:0<-|->SDK_bInternal1AudioMute:0<-|->SDK_bInternal4AudioMute:0<-|
08-16 14:31:33.164 I/tvos    ( 1764): #12|->SDK_bByDuringLimitedTimeAudioMute:0<-|->SDK_bSourceSwitchAudioMute:0<-|->SDK_bMHEGApMute:0<-|
08-16 14:31:33.164 I/tvos    ( 1764): #12|->SDK_bPowerOnMute:0<-|->SDK_bUsrSpdifAudioMute:1<-|->SDK_bNullSourceMute:0<-|->SDK_bByAppMute:0<-|
08-16 14:31:33.164 I/tvos    ( 1764): ---Amplifier_ALC1310_LR_SWMute(1)
08-16 14:31:33.164 I/tvos    ( 1764): ALC1310 mute write good, addr: 0x13, readback data : 49164, write cmd times : 1
08-16 14:31:33.164 E/LETV_DEVICE( 1780): no name sn for Mstar
08-16 14:31:33.166 I/tvos    ( 1764): SetSoundMuteStatus : m_hpMute : 1, m_spdifMute : 1, m_DataInMute : 0, m_channel7Mute : 0, m_internalMute : 0, m_spkrMute : 1, m_PcmCapture1Mute : 0, m_PcmCapture2Mute : 1 
08-16 14:31:33.183 E/audio_hw_primary( 1758): out_get_presentation_position pcm_get_htimestamp(pcm, &avail, timestamp) != 0!!!
08-16 14:31:33.184 E/ActivityThread( 2837): Failed to find provider info for com.letv.agnes.InfoProvider
08-16 14:31:33.187 I/ActivityManager( 2207): accel TR12) TaskRecord{150a0ce #29 A=com.stv.feedback U=0 sz=2}
08-16 14:31:33.187 I/ActivityManager( 2207): accel TR11) TaskRecord{14b0d11 #1 A=com.stv.launcher U=0 sz=1}
08-16 14:31:33.194 E/ActivityThread( 2837): Failed to find provider info for com.letv.agnes.InfoProvider
08-16 14:31:33.194 W/System.err( 2837): java.lang.IllegalArgumentException: Unknown URL content://com.letv.agnes.InfoProvider
08-16 14:31:33.194 W/System.err( 2837): 	at android.content.ContentResolver.insert(ContentResolver.java:1227)
08-16 14:31:33.194 W/System.err( 2837): 	at com.letv.tracker2.agnes.Configuration.addDebugInfo(Configuration.java:289)
08-16 14:31:33.194 W/System.err( 2837): 	at com.letv.tracker2.agnes.MessageProcessor$SendEnvMsgTr$1.handleMessage(MessageProcessor.java:661)
08-16 14:31:33.194 W/System.err( 2837): 	at android.os.Handler.dispatchMessage(Handler.java:102)
08-16 14:31:33.194 W/System.err( 2837): 	at android.os.Looper.loop(Looper.java:148)
08-16 14:31:33.194 W/System.err( 2837): 	at com.letv.tracker2.agnes.MessageProcessor$SendEnvMsgTr.run(MessageProcessor.java:665)
08-16 14:31:33.197 I/System.out(19205): From style:
08-16 14:31:33.197 I/System.out(19205): Attrs: 3010001=0.6 3010002=res/drawable-hdpi-v4/ic_desk_app_bg.jpg 3010003=null 3010004=true
08-16 14:31:33.198 I/[T1.0.6.3]EuiAgnes_Server( 2837): resCode:1
08-16 14:31:33.198 I/[T1.0.6.3]EuiAgnes_Server( 2837): b[0]:0
08-16 14:31:33.219 E/LETV_DEVICE( 1780): no name sn for Mstar
08-16 14:31:33.226 I/LetvAccount(14745): UserInfoProvider -- appName: com.stv.feedback, permission: system(true) app(true), match=1
08-16 14:31:33.227 I/AccountManagerService( 2207): getTypesVisibleToCaller: isPermitted? true
08-16 14:31:33.238 I/TVFeedback(19205): FeedBackUtils -- getSystemUserId - ssoToken = 103XXXWLm5iFfp7oHVCl5Nm5QniTYMwRr1riQV7kzFHb0cKblm5JnT7VZ62yLz6NiwchqILK4Vglv7ZN0oREFxfOiiJUsxPtqnon9LQtCfSYWPGD5q0Qm4
08-16 14:31:33.239 I/TVFeedback(19205): UrlUtils -- getFeedbackDetailUrl - URL= http://xfeedback-scloud.cp21.ott.cibntv.net/api/v3/tvfeedbacklist/line?version=V2409RCN02C065307D08011D&versionName=6.5.307D_0801&model=X440M&ui=6.5&hwVersion=H5000&mac=b01bd2542d51&region=CN&user-prefer-language=zh-cn&_id=5b61fa18db47b5e45b425910&sso_tk=103XXXWLm5iFfp7oHVCl5Nm5QniTYMwRr1riQV7kzFHb0cKblm5JnT7VZ62yLz6NiwchqILK4Vglv7ZN0oREFxfOiiJUsxPtqnon9LQtCfSYWPGD5q0Qm4&&_ak=akfileup_YHoqMHgt&_time=1534401093239&_sign=cd1249f437e6728a74bbfc428aa136ba
08-16 14:31:33.251 W/InputDispatcher( 2207): Focus entered window: Window{93fd0b7 u0 com.stv.feedback/com.stv.feedback.FeedbackDetailActivity}
08-16 14:31:33.255 E/BufferQueueProducer( 1749): [com.stv.feedback/com.stv.feedback.FeedbackDetailActivity] connect(P): already connected (cur=1 req=1)
08-16 14:31:33.274 I/tvos    ( 1764): GetAudioOutputDevice, retval : 0
08-16 14:31:33.282 I/TVFeedback(19205): FeedBackUtils -- id is: 5b61fa18db47b5e45b425910
08-16 14:31:33.287 I/tvos    ( 1764): [37m[INFO] Change to Voltage: 1150 mV (0x22)[m
08-16 14:31:33.287 I/tvos    ( 1764): [37m[INFO] Change to Voltage: 1150 mV (0x25)[m
08-16 14:31:33.287 I/tvos    ( 1764): [37m[INFO] Change to Voltage: 1150 mV (0x28)[m
08-16 14:31:33.287 I/tvos    ( 1764): [37m[INFO] Change to Voltage: 1150 mV (0x2B)[m
08-16 14:31:33.288 I/tvos    ( 1764): [37m[INFO] Change to Voltage: 1150 mV (0x2E)[m
08-16 14:31:33.289 I/tvos    ( 1764): [37m[INFO] Change to Voltage: 1150 mV (0x2E)[m
08-16 14:31:33.302 I/ActivityManager( 2207): Displayed com.stv.feedback/.FeedbackDetailActivity: +124ms
08-16 14:31:33.303 W/ContextImpl( 2207): Calling a method in the system process without a qualified user: android.app.ContextImpl.sendBroadcast:766 com.android.server.am.ActivityRecord.reportLaunchTimeLocked:1056 com.android.server.am.ActivityRecord.windowsDrawnLocked:1080 com.android.server.am.ActivityRecord$Token.windowsDrawn:345 com.android.server.wm.WindowManagerService$H.handleMessage:8042 
08-16 14:31:33.321 I/TVFeedback(19205): FeedbackDetailActivity -- position is = 0
08-16 14:31:33.486 I/tvos    ( 1764): [37m[INFO] Change to Voltage: 1030 mV (0x2E)[m
08-16 14:31:33.486 I/tvos    ( 1764): [37m[INFO] Change to Voltage: 1030 mV (0x2B)[m
08-16 14:31:33.486 I/tvos    ( 1764): [37m[INFO] Change to Voltage: 1030 mV (0x28)[m
08-16 14:31:33.487 I/tvos    ( 1764): [37m[INFO] Change to Voltage: 1030 mV (0x25)[m
08-16 14:31:33.488 I/tvos    ( 1764): [37m[INFO] Change to Voltage: 1030 mV (0x22)[m
08-16 14:31:33.489 I/tvos    ( 1764): [37m[INFO] Change to Voltage: 1030 mV (0x22)[m
08-16 14:31:33.525 I/tvos    ( 1764): GetAudioOutputDevice, retval : 0
08-16 14:31:33.689 I/APM::AudioPolicyEngine( 1758): getDeviceForStrategy, 359
08-16 14:31:33.776 I/tvos    ( 1764): GetAudioOutputDevice, retval : 0
08-16 14:31:34.026 I/tvos    ( 1764): GetAudioOutputDevice, retval : 0
08-16 14:31:34.069 I/reService( 2207): onReportKeyEvent  type=type0 keycode=21*22*22*23*4*22*23 
08-16 14:31:34.070 E/LETV_DEVICE( 1780): no name sn for Mstar
08-16 14:31:34.083 E/ActivityThread( 2837): Failed to find provider info for com.letv.agnes.InfoProvider
08-16 14:31:34.084 E/ActivityThread( 2837): Failed to find provider info for com.letv.agnes.InfoProvider
08-16 14:31:34.084 W/System.err( 2837): java.lang.IllegalArgumentException: Unknown URL content://com.letv.agnes.InfoProvider
08-16 14:31:34.084 W/System.err( 2837): 	at android.content.ContentResolver.insert(ContentResolver.java:1227)
08-16 14:31:34.084 W/System.err( 2837): 	at com.letv.tracker2.agnes.Configuration.addDebugInfo(Configuration.java:289)
08-16 14:31:34.084 W/System.err( 2837): 	at com.letv.tracker2.agnes.MessageProcessor$SendEnvMsgTr$1.handleMessage(MessageProcessor.java:661)
08-16 14:31:34.084 W/System.err( 2837): 	at android.os.Handler.dispatchMessage(Handler.java:102)
08-16 14:31:34.084 W/System.err( 2837): 	at android.os.Looper.loop(Looper.java:148)
08-16 14:31:34.084 W/System.err( 2837): 	at com.letv.tracker2.agnes.MessageProcessor$SendEnvMsgTr.run(MessageProcessor.java:665)
08-16 14:31:34.089 I/[T1.0.6.3]EuiAgnes_Server( 2837): resCode:1
08-16 14:31:34.090 I/[T1.0.6.3]EuiAgnes_Server( 2837): b[0]:0
08-16 14:31:34.276 I/tvos    ( 1764): GetAudioOutputDevice, retval : 0
08-16 14:31:34.527 I/tvos    ( 1764): GetAudioOutputDevice, retval : 0
08-16 14:31:34.616 E/LetvRemoteupgradeManager-JNI( 2613): can't get LetvManager service!
08-16 14:31:34.686 W/InputDispatcher( 2207): findFocusedWindow finished: injectionResult=0, timeSpentWaitingForApplication=0.0ms
08-16 14:31:34.689 W/InputDispatcher( 2207): findFocusedWindow finished: injectionResult=0, timeSpentWaitingForApplication=0.0ms
08-16 14:31:34.692 W/InputDispatcher( 2207): setFocusedApplication
08-16 14:31:34.697 I/ActivityManager( 2207): accel TR12) TaskRecord{150a0ce #29 A=com.stv.feedback U=0 sz=2}
08-16 14:31:34.697 I/ActivityManager( 2207): accel TR11) TaskRecord{14b0d11 #1 A=com.stv.launcher U=0 sz=1}
08-16 14:31:34.713 I/TVFeedback(19205): FeedbackActivity -- onResume
08-16 14:31:34.714 I/TVFeedback(19205): FeedbackActivity -- dataFromDesktop:null
08-16 14:31:34.742 W/InputDispatcher( 2207): Focus left window: Window{93fd0b7 u0 com.stv.feedback/com.stv.feedback.FeedbackDetailActivity}
08-16 14:31:34.742 W/InputDispatcher( 2207): Focus entered window: Window{c8405e2 u0 com.stv.feedback/com.stv.feedback.FeedbackActivity}
08-16 14:31:34.747 E/BufferQueueProducer( 1749): [com.stv.feedback/com.stv.feedback.FeedbackActivity] connect(P): already connected (cur=1 req=1)
08-16 14:31:34.756 I/OMXClient(19205): Using client-side OMX mux.
08-16 14:31:34.780 I/tvos    ( 1764): GetAudioOutputDevice, retval : 0
08-16 14:31:35.031 I/tvos    ( 1764): GetAudioOutputDevice, retval : 0
08-16 14:31:35.215 I/TVFeedback(19205): MyApplication -- onActivityDestroyed mVisible = 1, mIsWorkInit = false
08-16 14:31:35.215 I/art     (19205): Starting a blocking GC Explicit
08-16 14:31:35.235 I/art     (19205): Explicit concurrent mark sweep GC freed 19503(2MB) AllocSpace objects, 12(840KB) LOS objects, 40% free, 20MB/33MB, paused 305us total 19.553ms
08-16 14:31:35.246 I/art     (19205): Starting a blocking GC Explicit
08-16 14:31:35.259 I/art     (19205): Explicit concurrent mark sweep GC freed 2874(178KB) AllocSpace objects, 0(0B) LOS objects, 40% free, 20MB/33MB, paused 257us total 12.794ms
08-16 14:31:35.259 I/art     (19205): Starting a blocking GC Explicit
08-16 14:31:35.271 I/art     (19205): Explicit concurrent mark sweep GC freed 3(96B) AllocSpace objects, 0(0B) LOS objects, 40% free, 20MB/33MB, paused 265us total 12.166ms
08-16 14:31:35.280 W/InputDispatcher( 2207): Window went away: Window{93fd0b7 u0 com.stv.feedback/com.stv.feedback.FeedbackDetailActivity}
08-16 14:31:35.281 I/tvos    ( 1764): GetAudioOutputDevice, retval : 0
08-16 14:31:35.531 I/tvos    ( 1764): GetAudioOutputDevice, retval : 0
08-16 14:31:35.782 I/tvos    ( 1764): GetAudioOutputDevice, retval : 0
08-16 14:31:36.032 I/tvos    ( 1764): GetAudioOutputDevice, retval : 0
08-16 14:31:36.283 I/tvos    ( 1764): GetAudioOutputDevice, retval : 0
08-16 14:31:36.294 I/remotestatus( 2207): Msg.what is 101
08-16 14:31:36.294 I/WindowManager( 2207): turn cursor off
08-16 14:31:36.294 E/RemoteManager( 2207): RemoteManager is no longer support in eui6.5
08-16 14:31:36.295 W/InputDispatcher( 2207): findFocusedWindow finished: injectionResult=0, timeSpentWaitingForApplication=0.0ms
08-16 14:31:36.295 E/InputManager-JNI( 2207): call nativeDisableCursor method with hideCursor
08-16 14:31:36.298 W/InputDispatcher( 2207): findFocusedWindow finished: injectionResult=0, timeSpentWaitingForApplication=0.0ms
08-16 14:31:36.375 I/WifiStateMachine( 2207):  DisconnectedState !CMD_START_SCAN  rt=511962808/511962808 -2 34109 ic=1 proc(ms):15012 dur:2826 cnt=34109 rssi=-127 f=-1 sc=0 link=-1 tx=0.0, 0.0, 0.0  rx=0.0 fiv=20000 [on:0 tx:0 rx:0 period:15011] from screen [on:0 period:1097771703]
08-16 14:31:36.375 I/WifiStateMachine( 2207): handlescanrequest  starting scan for 
08-16 14:31:36.375 I/WifiStateMachine( 2207): startscannative  starting scan for 
08-16 14:31:36.533 I/tvos    ( 1764): GetAudioOutputDevice, retval : 0
08-16 14:31:36.784 I/tvos    ( 1764): GetAudioOutputDevice, retval : 0
08-16 14:31:37.034 I/tvos    ( 1764): GetAudioOutputDevice, retval : 0
08-16 14:31:37.284 I/tvos    ( 1764): GetAudioOutputDevice, retval : 0
08-16 14:31:37.535 I/tvos    ( 1764): GetAudioOutputDevice, retval : 0
08-16 14:31:37.617 E/LetvRemoteupgradeManager-JNI( 2613): can't get LetvManager service!
08-16 14:31:37.785 I/tvos    ( 1764): GetAudioOutputDevice, retval : 0
08-16 14:31:37.802 I/remotestatus( 2207): Msg.what is 101
08-16 14:31:37.802 I/WindowManager( 2207): turn cursor off
08-16 14:31:37.802 E/RemoteManager( 2207): RemoteManager is no longer support in eui6.5
08-16 14:31:37.802 W/InputDispatcher( 2207): findFocusedWindow finished: injectionResult=0, timeSpentWaitingForApplication=0.0ms
08-16 14:31:37.802 E/InputManager-JNI( 2207): call nativeDisableCursor method with hideCursor
08-16 14:31:37.804 I/TVFeedback(19205): MyReportFragment -- onFocusChange: hasFocus = false
08-16 14:31:37.809 I/TVFeedback(19205): MyReportFragment -- onFocusChange: hasFocus = true
08-16 14:31:37.812 I/SoundPool(19205): enter : func play
08-16 14:31:37.813 W/AudioTrack(19205): AUDIO_OUTPUT_FLAG_FAST denied by client; transfer 4, track 44100 Hz, output 48000 Hz
08-16 14:31:37.814 I/APM::AudioPolicyEngine( 1758): getDeviceForStrategy, 359
08-16 14:31:37.815 I/audio_hw_primary( 1758): version:a00004 adev_create_audio_patch::mix->device 
08-16 14:31:37.815 I/audio_hw_primary( 1758): adev_create_audio_patch *handle=-1420227928 num_audio_patch=3
08-16 14:31:37.817 E/AudioManagerService( 1803): setAudioVolume(callingPid 1758, clientPid 1758, enSoundPath 0, volumn:0 )
08-16 14:31:37.819 I/tvos    ( 1764): SetVolume, subWooExist 0!
08-16 14:31:37.819 I/tvos    ( 1764): mapi_audio_customer::SetAbsoluteVolume: project name is X440M
08-16 14:31:37.819 I/tvos    ( 1764): SetAbsoluteVolume: uPercent : 0, path=52(speaker), VolumeInt=7f, VolumeFra=0
08-16 14:31:37.819 I/tvos    ( 1764): SetAbsoluteVolume: uPercent(currVol) : 0, realPath=52(default), VolumeInt=7f, VolumeFra=0
08-16 14:31:37.819 I/tvos    ( 1764): mapi_audio_customer::SetAbsoluteVolume: project name is X440M
08-16 14:31:37.819 I/tvos    ( 1764): SetAbsoluteVolume: uPercent : 0, path=49(HP), VolumeInt=7f, VolumeFra=0
08-16 14:31:37.819 I/tvos    ( 1764): SetAbsoluteVolume: uPercent(currVol) : 0, realPath=49(default), VolumeInt=7f, VolumeFra=0
08-16 14:31:37.819 I/tvos    ( 1764): mapi_audio_customer::SetAbsoluteVolume: project name is X440M
08-16 14:31:37.819 I/tvos    ( 1764): SetAbsoluteVolume, m_bBTDetect is false! 
08-16 14:31:37.819 I/tvos    ( 1764): mapi_audio_customer::SetAbsoluteVolume: project name is X440M
08-16 14:31:37.819 I/tvos    ( 1764): SetAbsoluteVolume: uPercent : 0, path=255(speaker), VolumeInt=7f, VolumeFra=0
08-16 14:31:37.819 I/tvos    ( 1764): SetAbsoluteVolume: uPercent(currVol) : 0, realPath=255(default), VolumeInt=7f, VolumeFra=0
08-16 14:31:37.819 I/tvos    ( 1764): [SetMuteStatus] call SetSoundMuteStatus, line : 10369, muteType: 4, onOff : 0 
08-16 14:31:37.819 I/tvos    ( 1764): [audioBSP] #1 m_internalMute : 0 ..
08-16 14:31:37.819 I/tvos    ( 1764): #1|->SDK_bPermanentAudioMute:0<-|->SDK_bMomentAudioMute:0 <-|->SDK_bBySyncAudioMute:0<-|->SDK_bByBlockAudioMute:0<-|->SDK_bByVChipAudioMute:0<-|
08-16 14:31:37.819 I/tvos    ( 1764): #1|->SDK_bInternal1AudioMute:0<-|->SDK_bInternal2AudioMute:0<-|->SDK_bInternal3AudioMute:0<-|->SDK_bInternal4AudioMute:0<-|
08-16 14:31:37.819 I/tvos    ( 1764): #1|->SDK_bByScanInOutchgCHchg:0<-|->SDK_bByDuringLimitedTimeAudioMute:0<-|->SDK_bSourceSwitchAudioMute:0<-|
08-16 14:31:37.819 I/tvos    ( 1764): #1|->SDK_bMHEGApMute:0<-|->SDK_bAllAudioMuteCtrl:0<-|->SDK_bPowerOnMute:0<-|->SDK_bNullSourceMute0<-|->SDK_bSetInputSourceAudioMute:0<-|
08-16 14:31:37.819 I/tvos    ( 1764): [audioBSP] #2 m_spkrMute : 0 ..|->SDK_bUsrSpkrAudioMute:0<-|->SDK_bPowerOnMute:0<-|->SDK_bByUserAudioMute:0<-|
08-16 14:31:37.819 I/tvos    ( 1764): [audioBSP] #3 m_PcmCapture2Mute:0 |->SDK_bByUserPcmCapture2Mute:0<-|->SDK_SUB_bByUserAudioMute:0<-|->SDK_bByUserAudioMute:0<-|
08-16 14:31:37.819 I/tvos    ( 1764): [audioBSP] #5 m_hpMute : 1 ..|->SDK_bUsrHpAudioMute:1<-|->SDK_bPowerOnMute:0<-|->SDK_bByUserAudioMute:0<-|
08-16 14:31:37.819 I/tvos    ( 1764): [audioBSP] #12 m_spdifMute : 1 ..
08-16 14:31:37.819 I/tvos    ( 1764): #12|->SDK_bPermanentAudioMute:0<-|->SDK_bMomentAudioMute:0<-|->SDK_bByBlockAudioMute:0<-|
08-16 14:31:37.819 I/tvos    ( 1764): #12|->SDK_bByVChipAudioMute:0<-|->SDK_bInternal1AudioMute:0<-|->SDK_bInternal4AudioMute:0<-|
08-16 14:31:37.819 I/tvos    ( 1764): #12|->SDK_bByDuringLimitedTimeAudioMute:0<-|->SDK_bSourceSwitchAudioMute:0<-|->SDK_bMHEGApMute:0<-|
08-16 14:31:37.819 I/tvos    ( 1764): #12|->SDK_bPowerOnMute:0<-|->SDK_bUsrSpdifAudioMute:1<-|->SDK_bNullSourceMute:0<-|->SDK_bByAppMute:0<-|
08-16 14:31:37.819 I/tvos    ( 1764): ---Amplifier_ALC1310_LR_SWMute(0)
08-16 14:31:37.820 I/tvos    ( 1764): ALC1310 unmute good, addr: 0x13 readbackvalue: 4 
08-16 14:31:37.822 I/tvos    ( 1764): SetSoundMuteStatus : m_hpMute : 1, m_spdifMute : 1, m_DataInMute : 0, m_channel7Mute : 0, m_internalMute : 0, m_spkrMute : 0, m_PcmCapture1Mute : 0, m_PcmCapture2Mute : 0 
08-16 14:31:37.823 I/AudioUtil( 1758): setParameters spk_volume=0
08-16 14:31:37.823 I/audio_hw_primary( 1758): adev_set_parameters: spk_volume=0
08-16 14:31:37.823 I/tvos    ( 1764): GetAudioOutputDevice, retval : 0
08-16 14:31:37.825 I/tvos    ( 1764): [SetMuteStatus] call SetSoundMuteStatus, line : 10369, muteType: 67108864, onOff : 1 
08-16 14:31:37.825 I/tvos    ( 1764): _TransMSrvMuteTypeToSDKMuteType: Err! muteType(67108864) is out of Range
08-16 14:31:37.825 I/tvos    ( 1764): [SetMuteStatus] call SetSoundMuteStatus, line : 10369, muteType: 4, onOff : 1 
08-16 14:31:37.825 I/tvos    ( 1764): [audioBSP] #1 m_internalMute : 0 ..
08-16 14:31:37.825 I/tvos    ( 1764): #1|->SDK_bPermanentAudioMute:0<-|->SDK_bMomentAudioMute:0 <-|->SDK_bBySyncAudioMute:0<-|->SDK_bByBlockAudioMute:0<-|->SDK_bByVChipAudioMute:0<-|
08-16 14:31:37.825 I/tvos    ( 1764): #1|->SDK_bInternal1AudioMute:0<-|->SDK_bInternal2AudioMute:0<-|->SDK_bInternal3AudioMute:0<-|->SDK_bInternal4AudioMute:0<-|
08-16 14:31:37.825 I/tvos    ( 1764): #1|->SDK_bByScanInOutchgCHchg:0<-|->SDK_bByDuringLimitedTimeAudioMute:0<-|->SDK_bSourceSwitchAudioMute:0<-|
08-16 14:31:37.825 I/tvos    ( 1764): #1|->SDK_bMHEGApMute:0<-|->SDK_bAllAudioMuteCtrl:0<-|->SDK_bPowerOnMute:0<-|->SDK_bNullSourceMute0<-|->SDK_bSetInputSourceAudioMute:0<-|
08-16 14:31:37.825 I/tvos    ( 1764): [audioBSP] #2 m_spkrMute : 1 ..|->SDK_bUsrSpkrAudioMute:0<-|->SDK_bPowerOnMute:0<-|->SDK_bByUserAudioMute:1<-|
08-16 14:31:37.825 I/tvos    ( 1764): [audioBSP] #3 m_PcmCapture2Mute:1 |->SDK_bByUserPcmCapture2Mute:0<-|->SDK_SUB_bByUserAudioMute:0<-|->SDK_bByUserAudioMute:1<-|
08-16 14:31:37.825 I/tvos    ( 1764): [audioBSP] #5 m_hpMute : 1 ..|->SDK_bUsrHpAudioMute:1<-|->SDK_bPowerOnMute:0<-|->SDK_bByUserAudioMute:1<-|
08-16 14:31:37.825 I/tvos    ( 1764): [audioBSP] #12 m_spdifMute : 1 ..
08-16 14:31:37.825 I/tvos    ( 1764): #12|->SDK_bPermanentAudioMute:0<-|->SDK_bMomentAudioMute:0<-|->SDK_bByBlockAudioMute:0<-|
08-16 14:31:37.825 I/tvos    ( 1764): #12|->SDK_bByVChipAudioMute:0<-|->SDK_bInternal1AudioMute:0<-|->SDK_bInternal4AudioMute:0<-|
08-16 14:31:37.825 I/tvos    ( 1764): #12|->SDK_bByDuringLimitedTimeAudioMute:0<-|->SDK_bSourceSwitchAudioMute:0<-|->SDK_bMHEGApMute:0<-|
08-16 14:31:37.825 I/tvos    ( 1764): #12|->SDK_bPowerOnMute:0<-|->SDK_bUsrSpdifAudioMute:1<-|->SDK_bNullSourceMute:0<-|->SDK_bByAppMute:0<-|
08-16 14:31:37.825 I/tvos    ( 1764): ---Amplifier_ALC1310_LR_SWMute(1)
08-16 14:31:37.825 I/tvos    ( 1764): ALC1310 mute write good, addr: 0x13, readback data : 49164, write cmd times : 1
08-16 14:31:37.827 I/tvos    ( 1764): SetSoundMuteStatus : m_hpMute : 1, m_spdifMute : 1, m_DataInMute : 0, m_channel7Mute : 0, m_internalMute : 0, m_spkrMute : 1, m_PcmCapture1Mute : 0, m_PcmCapture2Mute : 1 
08-16 14:31:37.831 W/InputDispatcher( 2207): findFocusedWindow finished: injectionResult=0, timeSpentWaitingForApplication=0.0ms
08-16 14:31:37.847 E/audio_hw_primary( 1758): out_get_presentation_position pcm_get_htimestamp(pcm, &avail, timestamp) != 0!!!
08-16 14:31:37.880 I/APM::AudioPolicyEngine( 1758): getDeviceForStrategy, 359
08-16 14:31:38.036 I/tvos    ( 1764): GetAudioOutputDevice, retval : 0
08-16 14:31:38.286 I/tvos    ( 1764): GetAudioOutputDevice, retval : 0
08-16 14:31:38.536 I/tvos    ( 1764): GetAudioOutputDevice, retval : 0
08-16 14:31:38.787 I/tvos    ( 1764): GetAudioOutputDevice, retval : 0
08-16 14:31:39.037 I/tvos    ( 1764): GetAudioOutputDevice, retval : 0
08-16 14:31:39.219 I/WifiStateMachine( 2207):  DisconnectedState !SCAN_RESULTS_EVENT  rt=511965652/511965653 0 0 found=159 known=0 got=159 bcn=0 con=0
08-16 14:31:39.220 I/WifiStateMachine( 2207):  ConnectModeState !SCAN_RESULTS_EVENT  rt=511965653/511965653 0 0 found=159 known=0 got=159 bcn=0 con=0
08-16 14:31:39.220 I/WifiStateMachine( 2207):  DriverStartedState !SCAN_RESULTS_EVENT  rt=511965653/511965653 0 0 found=159 known=0 got=159 bcn=0 con=0
08-16 14:31:39.220 I/WifiStateMachine( 2207):  SupplicantStartedState !SCAN_RESULTS_EVENT  rt=511965653/511965653 0 0 found=159 known=0 got=159 bcn=0 con=0
08-16 14:31:39.283 I/WifiStateMachine( 2207): setscanresults newsupplicantresult
08-16 14:31:39.288 I/tvos    ( 1764): GetAudioOutputDevice, retval : 0
08-16 14:31:39.351 I/remotestatus( 2207): Msg.what is 101
08-16 14:31:39.351 I/WindowManager( 2207): turn cursor off
08-16 14:31:39.351 E/RemoteManager( 2207): RemoteManager is no longer support in eui6.5
08-16 14:31:39.351 W/InputDispatcher( 2207): findFocusedWindow finished: injectionResult=0, timeSpentWaitingForApplication=0.0ms
08-16 14:31:39.352 E/InputManager-JNI( 2207): call nativeDisableCursor method with hideCursor
08-16 14:31:39.353 I/TVFeedback(19205): MyReportFragment -- onFocusChange: hasFocus = false
08-16 14:31:39.358 I/TVFeedback(19205): MyReportFragment -- onFocusChange: hasFocus = true
08-16 14:31:39.361 I/SoundPool(19205): enter : func play
08-16 14:31:39.362 I/APM::AudioPolicyEngine( 1758): getDeviceForStrategy, 359
08-16 14:31:39.366 I/audio_hw_primary( 1758): version:a00004 adev_create_audio_patch::mix->device 
08-16 14:31:39.366 I/audio_hw_primary( 1758): adev_create_audio_patch *handle=-1420227928 num_audio_patch=3
08-16 14:31:39.368 E/AudioManagerService( 1803): setAudioVolume(callingPid 1758, clientPid 1758, enSoundPath 0, volumn:0 )
08-16 14:31:39.371 I/tvos    ( 1764): SetVolume, subWooExist 0!
08-16 14:31:39.371 I/tvos    ( 1764): mapi_audio_customer::SetAbsoluteVolume: project name is X440M
08-16 14:31:39.371 I/tvos    ( 1764): SetAbsoluteVolume: uPercent : 0, path=52(speaker), VolumeInt=7f, VolumeFra=0
08-16 14:31:39.371 I/tvos    ( 1764): SetAbsoluteVolume: uPercent(currVol) : 0, realPath=52(default), VolumeInt=7f, VolumeFra=0
08-16 14:31:39.371 I/tvos    ( 1764): mapi_audio_customer::SetAbsoluteVolume: project name is X440M
08-16 14:31:39.371 I/tvos    ( 1764): SetAbsoluteVolume: uPercent : 0, path=49(HP), VolumeInt=7f, VolumeFra=0
08-16 14:31:39.371 I/tvos    ( 1764): SetAbsoluteVolume: uPercent(currVol) : 0, realPath=49(default), VolumeInt=7f, VolumeFra=0
08-16 14:31:39.371 I/tvos    ( 1764): mapi_audio_customer::SetAbsoluteVolume: project name is X440M
08-16 14:31:39.371 I/tvos    ( 1764): SetAbsoluteVolume, m_bBTDetect is false! 
08-16 14:31:39.371 I/tvos    ( 1764): mapi_audio_customer::SetAbsoluteVolume: project name is X440M
08-16 14:31:39.371 I/tvos    ( 1764): SetAbsoluteVolume: uPercent : 0, path=255(speaker), VolumeInt=7f, VolumeFra=0
08-16 14:31:39.371 I/tvos    ( 1764): SetAbsoluteVolume: uPercent(currVol) : 0, realPath=255(default), VolumeInt=7f, VolumeFra=0
08-16 14:31:39.371 I/tvos    ( 1764): [SetMuteStatus] call SetSoundMuteStatus, line : 10369, muteType: 4, onOff : 0 
08-16 14:31:39.371 I/tvos    ( 1764): [audioBSP] #1 m_internalMute : 0 ..
08-16 14:31:39.371 I/tvos    ( 1764): #1|->SDK_bPermanentAudioMute:0<-|->SDK_bMomentAudioMute:0 <-|->SDK_bBySyncAudioMute:0<-|->SDK_bByBlockAudioMute:0<-|->SDK_bByVChipAudioMute:0<-|
08-16 14:31:39.371 I/tvos    ( 1764): #1|->SDK_bInternal1AudioMute:0<-|->SDK_bInternal2AudioMute:0<-|->SDK_bInternal3AudioMute:0<-|->SDK_bInternal4AudioMute:0<-|
08-16 14:31:39.371 I/tvos    ( 1764): #1|->SDK_bByScanInOutchgCHchg:0<-|->SDK_bByDuringLimitedTimeAudioMute:0<-|->SDK_bSourceSwitchAudioMute:0<-|
08-16 14:31:39.371 I/tvos    ( 1764): #1|->SDK_bMHEGApMute:0<-|->SDK_bAllAudioMuteCtrl:0<-|->SDK_bPowerOnMute:0<-|->SDK_bNullSourceMute0<-|->SDK_bSetInputSourceAudioMute:0<-|
08-16 14:31:39.371 I/tvos    ( 1764): [audioBSP] #2 m_spkrMute : 0 ..|->SDK_bUsrSpkrAudioMute:0<-|->SDK_bPowerOnMute:0<-|->SDK_bByUserAudioMute:0<-|
08-16 14:31:39.371 I/tvos    ( 1764): [audioBSP] #3 m_PcmCapture2Mute:0 |->SDK_bByUserPcmCapture2Mute:0<-|->SDK_SUB_bByUserAudioMute:0<-|->SDK_bByUserAudioMute:0<-|
08-16 14:31:39.371 I/tvos    ( 1764): [audioBSP] #5 m_hpMute : 1 ..|->SDK_bUsrHpAudioMute:1<-|->SDK_bPowerOnMute:0<-|->SDK_bByUserAudioMute:0<-|
08-16 14:31:39.371 I/tvos    ( 1764): [audioBSP] #12 m_spdifMute : 1 ..
08-16 14:31:39.371 I/tvos    ( 1764): #12|->SDK_bPermanentAudioMute:0<-|->SDK_bMomentAudioMute:0<-|->SDK_bByBlockAudioMute:0<-|
08-16 14:31:39.371 I/tvos    ( 1764): #12|->SDK_bByVChipAudioMute:0<-|->SDK_bInternal1AudioMute:0<-|->SDK_bInternal4AudioMute:0<-|
08-16 14:31:39.371 I/tvos    ( 1764): #12|->SDK_bByDuringLimitedTimeAudioMute:0<-|->SDK_bSourceSwitchAudioMute:0<-|->SDK_bMHEGApMute:0<-|
08-16 14:31:39.371 I/tvos    ( 1764): #12|->SDK_bPowerOnMute:0<-|->SDK_bUsrSpdifAudioMute:1<-|->SDK_bNullSourceMute:0<-|->SDK_bByAppMute:0<-|
08-16 14:31:39.371 I/tvos    ( 1764): ---Amplifier_ALC1310_LR_SWMute(0)
08-16 14:31:39.372 I/tvos    ( 1764): ALC1310 unmute good, addr: 0x13 readbackvalue: 4 
08-16 14:31:39.374 I/tvos    ( 1764): SetSoundMuteStatus : m_hpMute : 1, m_spdifMute : 1, m_DataInMute : 0, m_channel7Mute : 0, m_internalMute : 0, m_spkrMute : 0, m_PcmCapture1Mute : 0, m_PcmCapture2Mute : 0 
08-16 14:31:39.374 I/AudioUtil( 1758): setParameters spk_volume=0
08-16 14:31:39.374 I/audio_hw_primary( 1758): adev_set_parameters: spk_volume=0
08-16 14:31:39.375 I/tvos    ( 1764): GetAudioOutputDevice, retval : 0
08-16 14:31:39.375 I/tvos    ( 1764): [SetMuteStatus] call SetSoundMuteStatus, line : 10369, muteType: 67108864, onOff : 1 
08-16 14:31:39.375 I/tvos    ( 1764): _TransMSrvMuteTypeToSDKMuteType: Err! muteType(67108864) is out of Range
08-16 14:31:39.377 I/tvos    ( 1764): [SetMuteStatus] call SetSoundMuteStatus, line : 10369, muteType: 4, onOff : 1 
08-16 14:31:39.377 I/tvos    ( 1764): [audioBSP] #1 m_internalMute : 0 ..
08-16 14:31:39.377 I/tvos    ( 1764): #1|->SDK_bPermanentAudioMute:0<-|->SDK_bMomentAudioMute:0 <-|->SDK_bBySyncAudioMute:0<-|->SDK_bByBlockAudioMute:0<-|->SDK_bByVChipAudioMute:0<-|
