08-16 14:32:08.548 I/tvos    ( 1764): #12|->SDK_bPowerOnMute:0<-|->SDK_bUsrSpdifAudioMute:1<-|->SDK_bNullSourceMute:0<-|->SDK_bByAppMute:0<-|
08-16 14:32:08.548 I/tvos    ( 1764): ---Amplifier_ALC1310_LR_SWMute(1)
08-16 14:32:08.548 I/tvos    ( 1764): ALC1310 mute write good, addr: 0x13, readback data : 49164, write cmd times : 1
08-16 14:32:08.549 I/tvos    ( 1764): SetSoundMuteStatus : m_hpMute : 1, m_spdifMute : 1, m_DataInMute : 0, m_channel7Mute : 0, m_internalMute : 0, m_spkrMute : 1, m_PcmCapture1Mute : 0, m_PcmCapture2Mute : 1 
08-16 14:32:08.591 I/tvos    ( 1764): GetAudioOutputDevice, retval : 0
08-16 14:32:08.633 I/APM::AudioPolicyEngine( 1758): getDeviceForStrategy, 359
08-16 14:32:08.841 I/tvos    ( 1764): GetAudioOutputDevice, retval : 0
08-16 14:32:09.092 I/tvos    ( 1764): GetAudioOutputDevice, retval : 0
08-16 14:32:09.276 I/WifiStateMachine( 2207):  DisconnectedState !SCAN_RESULTS_EVENT  rt=511995709/511995709 0 0 found=173 known=0 got=173 bcn=0 con=0
08-16 14:32:09.276 I/WifiStateMachine( 2207):  ConnectModeState !SCAN_RESULTS_EVENT  rt=511995709/511995709 0 0 found=173 known=0 got=173 bcn=0 con=0
08-16 14:32:09.276 I/WifiStateMachine( 2207):  DriverStartedState !SCAN_RESULTS_EVENT  rt=511995710/511995710 0 0 found=173 known=0 got=173 bcn=0 con=0
08-16 14:32:09.277 I/WifiStateMachine( 2207):  SupplicantStartedState !SCAN_RESULTS_EVENT  rt=511995710/511995710 0 0 found=173 known=0 got=173 bcn=0 con=0
08-16 14:32:09.342 I/tvos    ( 1764): GetAudioOutputDevice, retval : 0
08-16 14:32:09.345 I/WifiStateMachine( 2207): setscanresults newsupplicantresult
08-16 14:32:09.593 I/tvos    ( 1764): GetAudioOutputDevice, retval : 0
08-16 14:32:09.843 I/tvos    ( 1764): GetAudioOutputDevice, retval : 0
08-16 14:32:10.027 W/InputDispatcher( 2207): findFocusedWindow finished: injectionResult=0, timeSpentWaitingForApplication=0.0ms
08-16 14:32:10.031 W/InputDispatcher( 2207): findFocusedWindow finished: injectionResult=0, timeSpentWaitingForApplication=0.0ms
08-16 14:32:10.031 I/TVFeedback(19205): MyReportFragment -- onClick: position is: 7
08-16 14:32:10.032 I/SoundPool( 2207): enter : func play
08-16 14:32:10.032 I/APM::AudioPolicyEngine( 1758): getDeviceForStrategy, 359
08-16 14:32:10.033 I/ActivityManager( 2207): START u0 {cmp=com.stv.feedback/.FeedbackDetailActivity (has extras)} from uid 1000 on display 0
08-16 14:32:10.037 W/InputDispatcher( 2207): setFocusedApplication
08-16 14:32:10.037 I/audio_hw_primary( 1758): version:a00004 adev_create_audio_patch::mix->device 
08-16 14:32:10.037 I/audio_hw_primary( 1758): adev_create_audio_patch *handle=-1420227928 num_audio_patch=3
08-16 14:32:10.038 W/InputDispatcher( 2207): Focus left window: Window{c8405e2 u0 com.stv.feedback/com.stv.feedback.FeedbackActivity}
08-16 14:32:10.040 E/AudioManagerService( 1803): setAudioVolume(callingPid 1758, clientPid 1758, enSoundPath 0, volumn:0 )
08-16 14:32:10.041 I/tvos    ( 1764): SetVolume, subWooExist 0!
08-16 14:32:10.041 I/tvos    ( 1764): mapi_audio_customer::SetAbsoluteVolume: project name is X440M
08-16 14:32:10.041 I/tvos    ( 1764): SetAbsoluteVolume: uPercent : 0, path=52(speaker), VolumeInt=7f, VolumeFra=0
08-16 14:32:10.041 I/tvos    ( 1764): SetAbsoluteVolume: uPercent(currVol) : 0, realPath=52(default), VolumeInt=7f, VolumeFra=0
08-16 14:32:10.041 I/tvos    ( 1764): mapi_audio_customer::SetAbsoluteVolume: project name is X440M
08-16 14:32:10.041 I/tvos    ( 1764): SetAbsoluteVolume: uPercent : 0, path=49(HP), VolumeInt=7f, VolumeFra=0
08-16 14:32:10.041 I/tvos    ( 1764): SetAbsoluteVolume: uPercent(currVol) : 0, realPath=49(default), VolumeInt=7f, VolumeFra=0
08-16 14:32:10.041 I/tvos    ( 1764): mapi_audio_customer::SetAbsoluteVolume: project name is X440M
08-16 14:32:10.043 E/LETV_DEVICE( 1780): no name sn for Mstar
08-16 14:32:10.043 I/tvos    ( 1764): SetAbsoluteVolume, m_bBTDetect is false! 
08-16 14:32:10.043 I/tvos    ( 1764): mapi_audio_customer::SetAbsoluteVolume: project name is X440M
08-16 14:32:10.043 I/tvos    ( 1764): SetAbsoluteVolume: uPercent : 0, path=255(speaker), VolumeInt=7f, VolumeFra=0
08-16 14:32:10.044 I/tvos    ( 1764): SetAbsoluteVolume: uPercent(currVol) : 0, realPath=255(default), VolumeInt=7f, VolumeFra=0
08-16 14:32:10.044 I/tvos    ( 1764): [SetMuteStatus] call SetSoundMuteStatus, line : 10369, muteType: 4, onOff : 0 
08-16 14:32:10.044 I/tvos    ( 1764): [audioBSP] #1 m_internalMute : 0 ..
08-16 14:32:10.044 I/tvos    ( 1764): #1|->SDK_bPermanentAudioMute:0<-|->SDK_bMomentAudioMute:0 <-|->SDK_bBySyncAudioMute:0<-|->SDK_bByBlockAudioMute:0<-|->SDK_bByVChipAudioMute:0<-|
08-16 14:32:10.044 I/tvos    ( 1764): #1|->SDK_bInternal1AudioMute:0<-|->SDK_bInternal2AudioMute:0<-|->SDK_bInternal3AudioMute:0<-|->SDK_bInternal4AudioMute:0<-|
08-16 14:32:10.044 I/tvos    ( 1764): #1|->SDK_bByScanInOutchgCHchg:0<-|->SDK_bByDuringLimitedTimeAudioMute:0<-|->SDK_bSourceSwitchAudioMute:0<-|
08-16 14:32:10.044 I/tvos    ( 1764): #1|->SDK_bMHEGApMute:0<-|->SDK_bAllAudioMuteCtrl:0<-|->SDK_bPowerOnMute:0<-|->SDK_bNullSourceMute0<-|->SDK_bSetInputSourceAudioMute:0<-|
08-16 14:32:10.044 I/tvos    ( 1764): [audioBSP] #2 m_spkrMute : 0 ..|->SDK_bUsrSpkrAudioMute:0<-|->SDK_bPowerOnMute:0<-|->SDK_bByUserAudioMute:0<-|
08-16 14:32:10.044 I/tvos    ( 1764): [audioBSP] #3 m_PcmCapture2Mute:0 |->SDK_bByUserPcmCapture2Mute:0<-|->SDK_SUB_bByUserAudioMute:0<-|->SDK_bByUserAudioMute:0<-|
08-16 14:32:10.044 I/tvos    ( 1764): [audioBSP] #5 m_hpMute : 1 ..|->SDK_bUsrHpAudioMute:1<-|->SDK_bPowerOnMute:0<-|->SDK_bByUserAudioMute:0<-|
08-16 14:32:10.044 I/tvos    ( 1764): [audioBSP] #12 m_spdifMute : 1 ..
08-16 14:32:10.044 I/tvos    ( 1764): #12|->SDK_bPermanentAudioMute:0<-|->SDK_bMomentAudioMute:0<-|->SDK_bByBlockAudioMute:0<-|
08-16 14:32:10.044 I/tvos    ( 1764): #12|->SDK_bByVChipAudioMute:0<-|->SDK_bInternal1AudioMute:0<-|->SDK_bInternal4AudioMute:0<-|
08-16 14:32:10.044 I/tvos    ( 1764): #12|->SDK_bByDuringLimitedTimeAudioMute:0<-|->SDK_bSourceSwitchAudioMute:0<-|->SDK_bMHEGApMute:0<-|
08-16 14:32:10.044 I/tvos    ( 1764): #12|->SDK_bPowerOnMute:0<-|->SDK_bUsrSpdifAudioMute:1<-|->SDK_bNullSourceMute:0<-|->SDK_bByAppMute:0<-|
08-16 14:32:10.044 I/tvos    ( 1764): ---Amplifier_ALC1310_LR_SWMute(0)
08-16 14:32:10.044 I/tvos    ( 1764): ALC1310 unmute good, addr: 0x13 readbackvalue: 4 
08-16 14:32:10.046 I/tvos    ( 1764): SetSoundMuteStatus : m_hpMute : 1, m_spdifMute : 1, m_DataInMute : 0, m_channel7Mute : 0, m_internalMute : 0, m_spkrMute : 0, m_PcmCapture1Mute : 0, m_PcmCapture2Mute : 0 
08-16 14:32:10.046 I/AudioUtil( 1758): setParameters spk_volume=0
08-16 14:32:10.046 I/audio_hw_primary( 1758): adev_set_parameters: spk_volume=0
08-16 14:32:10.046 I/tvos    ( 1764): GetAudioOutputDevice, retval : 0
08-16 14:32:10.049 I/tvos    ( 1764): [SetMuteStatus] call SetSoundMuteStatus, line : 10369, muteType: 67108864, onOff : 1 
08-16 14:32:10.049 I/tvos    ( 1764): _TransMSrvMuteTypeToSDKMuteType: Err! muteType(67108864) is out of Range
08-16 14:32:10.049 I/tvos    ( 1764): [SetMuteStatus] call SetSoundMuteStatus, line : 10369, muteType: 4, onOff : 1 
08-16 14:32:10.049 I/tvos    ( 1764): [audioBSP] #1 m_internalMute : 0 ..
08-16 14:32:10.049 I/tvos    ( 1764): #1|->SDK_bPermanentAudioMute:0<-|->SDK_bMomentAudioMute:0 <-|->SDK_bBySyncAudioMute:0<-|->SDK_bByBlockAudioMute:0<-|->SDK_bByVChipAudioMute:0<-|
08-16 14:32:10.049 I/tvos    ( 1764): #1|->SDK_bInternal1AudioMute:0<-|->SDK_bInternal2AudioMute:0<-|->SDK_bInternal3AudioMute:0<-|->SDK_bInternal4AudioMute:0<-|
08-16 14:32:10.049 I/tvos    ( 1764): #1|->SDK_bByScanInOutchgCHchg:0<-|->SDK_bByDuringLimitedTimeAudioMute:0<-|->SDK_bSourceSwitchAudioMute:0<-|
08-16 14:32:10.049 I/tvos    ( 1764): #1|->SDK_bMHEGApMute:0<-|->SDK_bAllAudioMuteCtrl:0<-|->SDK_bPowerOnMute:0<-|->SDK_bNullSourceMute0<-|->SDK_bSetInputSourceAudioMute:0<-|
08-16 14:32:10.049 I/tvos    ( 1764): [audioBSP] #2 m_spkrMute : 1 ..|->SDK_bUsrSpkrAudioMute:0<-|->SDK_bPowerOnMute:0<-|->SDK_bByUserAudioMute:1<-|
08-16 14:32:10.049 I/tvos    ( 1764): [audioBSP] #3 m_PcmCapture2Mute:1 |->SDK_bByUserPcmCapture2Mute:0<-|->SDK_SUB_bByUserAudioMute:0<-|->SDK_bByUserAudioMute:1<-|
08-16 14:32:10.049 I/tvos    ( 1764): [audioBSP] #5 m_hpMute : 1 ..|->SDK_bUsrHpAudioMute:1<-|->SDK_bPowerOnMute:0<-|->SDK_bByUserAudioMute:1<-|
08-16 14:32:10.049 I/tvos    ( 1764): [audioBSP] #12 m_spdifMute : 1 ..
08-16 14:32:10.049 I/tvos    ( 1764): #12|->SDK_bPermanentAudioMute:0<-|->SDK_bMomentAudioMute:0<-|->SDK_bByBlockAudioMute:0<-|
08-16 14:32:10.049 I/tvos    ( 1764): #12|->SDK_bByVChipAudioMute:0<-|->SDK_bInternal1AudioMute:0<-|->SDK_bInternal4AudioMute:0<-|
08-16 14:32:10.049 I/tvos    ( 1764): #12|->SDK_bByDuringLimitedTimeAudioMute:0<-|->SDK_bSourceSwitchAudioMute:0<-|->SDK_bMHEGApMute:0<-|
08-16 14:32:10.049 I/tvos    ( 1764): #12|->SDK_bPowerOnMute:0<-|->SDK_bUsrSpdifAudioMute:1<-|->SDK_bNullSourceMute:0<-|->SDK_bByAppMute:0<-|
08-16 14:32:10.049 I/tvos    ( 1764): ---Amplifier_ALC1310_LR_SWMute(1)
08-16 14:32:10.049 I/tvos    ( 1764): ALC1310 mute write good, addr: 0x13, readback data : 49164, write cmd times : 1
08-16 14:32:10.051 I/tvos    ( 1764): SetSoundMuteStatus : m_hpMute : 1, m_spdifMute : 1, m_DataInMute : 0, m_channel7Mute : 0, m_internalMute : 0, m_spkrMute : 1, m_PcmCapture1Mute : 0, m_PcmCapture2Mute : 1 
08-16 14:32:10.053 E/ActivityThread( 2837): Failed to find provider info for com.letv.agnes.InfoProvider
08-16 14:32:10.057 I/[T1.0.6.3]EuiAgnes_Server( 2837): resCode:1
08-16 14:32:10.057 I/[T1.0.6.3]EuiAgnes_Server( 2837): b[0]:0
08-16 14:32:10.063 I/ActivityManager( 2207): accel TR12) TaskRecord{150a0ce #29 A=com.stv.feedback U=0 sz=2}
08-16 14:32:10.063 I/ActivityManager( 2207): accel TR11) TaskRecord{14b0d11 #1 A=com.stv.launcher U=0 sz=1}
08-16 14:32:10.063 E/ActivityThread( 2837): Failed to find provider info for com.letv.agnes.InfoProvider
08-16 14:32:10.063 W/System.err( 2837): java.lang.IllegalArgumentException: Unknown URL content://com.letv.agnes.InfoProvider
08-16 14:32:10.063 W/System.err( 2837): 	at android.content.ContentResolver.insert(ContentResolver.java:1227)
08-16 14:32:10.063 W/System.err( 2837): 	at com.letv.tracker2.agnes.Configuration.addDebugInfo(Configuration.java:289)
08-16 14:32:10.063 W/System.err( 2837): 	at com.letv.tracker2.agnes.MessageProcessor$SendEnvMsgTr$1.handleMessage(MessageProcessor.java:661)
08-16 14:32:10.063 W/System.err( 2837): 	at android.os.Handler.dispatchMessage(Handler.java:102)
08-16 14:32:10.063 W/System.err( 2837): 	at android.os.Looper.loop(Looper.java:148)
08-16 14:32:10.063 W/System.err( 2837): 	at com.letv.tracker2.agnes.MessageProcessor$SendEnvMsgTr.run(MessageProcessor.java:665)
08-16 14:32:10.072 I/System.out(19205): From style:
08-16 14:32:10.073 I/System.out(19205): Attrs: 3010001=0.6 3010002=res/drawable-hdpi-v4/ic_desk_app_bg.jpg 3010003=null 3010004=true
08-16 14:32:10.095 I/tvos    ( 1764): GetAudioOutputDevice, retval : 0
08-16 14:32:10.097 E/LETV_DEVICE( 1780): no name sn for Mstar
08-16 14:32:10.104 I/LetvAccount(14745): UserInfoProvider -- appName: com.stv.feedback, permission: system(true) app(true), match=1
08-16 14:32:10.104 I/AccountManagerService( 2207): getTypesVisibleToCaller: isPermitted? true
08-16 14:32:10.115 I/TVFeedback(19205): FeedBackUtils -- getSystemUserId - ssoToken = 103XXXWLm5iFfp7oHVCl5Nm5QniTYMwRr1riQV7kzFHb0cKblm5JnT7VZ62yLz6NiwchqILK4Vglv7ZN0oREFxfOiiJUsxPtqnon9LQtCfSYWPGD5q0Qm4
08-16 14:32:10.117 I/TVFeedback(19205): UrlUtils -- getFeedbackDetailUrl - URL= http://xfeedback-scloud.cp21.ott.cibntv.net/api/v3/tvfeedbacklist/line?version=V2409RCN02C065307D08011D&versionName=6.5.307D_0801&model=X440M&ui=6.5&hwVersion=H5000&mac=b01bd2542d51&region=CN&user-prefer-language=zh-cn&_id=5b58c8b8db47b5e45b420c7d&sso_tk=103XXXWLm5iFfp7oHVCl5Nm5QniTYMwRr1riQV7kzFHb0cKblm5JnT7VZ62yLz6NiwchqILK4Vglv7ZN0oREFxfOiiJUsxPtqnon9LQtCfSYWPGD5q0Qm4&&_ak=akfileup_YHoqMHgt&_time=1534401130116&_sign=d4a4d511910ad0979fbb6b781e36eb4a
08-16 14:32:10.132 W/InputDispatcher( 2207): Focus entered window: Window{b00cd03 u0 com.stv.feedback/com.stv.feedback.FeedbackDetailActivity}
08-16 14:32:10.138 E/BufferQueueProducer( 1749): [com.stv.feedback/com.stv.feedback.FeedbackDetailActivity] connect(P): already connected (cur=1 req=1)
08-16 14:32:10.157 I/TVFeedback(19205): FeedBackUtils -- id is: 5b58c8b8db47b5e45b420c7d
08-16 14:32:10.174 I/TVFeedback(19205): FeedbackDetailActivity -- position is = 0
08-16 14:32:10.186 I/tvos    ( 1764): [37m[INFO] Change to Voltage: 1150 mV (0x22)[m
08-16 14:32:10.186 I/tvos    ( 1764): [37m[INFO] Change to Voltage: 1150 mV (0x25)[m
08-16 14:32:10.186 I/tvos    ( 1764): [37m[INFO] Change to Voltage: 1150 mV (0x28)[m
08-16 14:32:10.186 I/tvos    ( 1764): [37m[INFO] Change to Voltage: 1150 mV (0x2B)[m
08-16 14:32:10.186 I/tvos    ( 1764): [37m[INFO] Change to Voltage: 1150 mV (0x2E)[m
08-16 14:32:10.187 I/tvos    ( 1764): [37m[INFO] Change to Voltage: 1150 mV (0x2E)[m
08-16 14:32:10.200 I/ActivityManager( 2207): Displayed com.stv.feedback/.FeedbackDetailActivity: +143ms
08-16 14:32:10.200 W/ContextImpl( 2207): Calling a method in the system process without a qualified user: android.app.ContextImpl.sendBroadcast:766 com.android.server.am.ActivityRecord.reportLaunchTimeLocked:1056 com.android.server.am.ActivityRecord.windowsDrawnLocked:1080 com.android.server.am.ActivityRecord$Token.windowsDrawn:345 com.android.server.wm.WindowManagerService$H.handleMessage:8042 
08-16 14:32:10.345 I/tvos    ( 1764): GetAudioOutputDevice, retval : 0
08-16 14:32:10.387 I/tvos    ( 1764): [37m[INFO] Change to Voltage: 1030 mV (0x2E)[m
08-16 14:32:10.387 I/tvos    ( 1764): [37m[INFO] Change to Voltage: 1030 mV (0x2B)[m
08-16 14:32:10.387 I/tvos    ( 1764): [37m[INFO] Change to Voltage: 1030 mV (0x28)[m
08-16 14:32:10.387 I/tvos    ( 1764): [37m[INFO] Change to Voltage: 1030 mV (0x25)[m
08-16 14:32:10.387 I/tvos    ( 1764): [37m[INFO] Change to Voltage: 1030 mV (0x22)[m
08-16 14:32:10.387 I/tvos    ( 1764): [37m[INFO] Change to Voltage: 1030 mV (0x22)[m
08-16 14:32:10.596 I/tvos    ( 1764): GetAudioOutputDevice, retval : 0
08-16 14:32:10.621 E/LetvRemoteupgradeManager-JNI( 2613): can't get LetvManager service!
08-16 14:32:10.637 I/APM::AudioPolicyEngine( 1758): getDeviceForStrategy, 359
08-16 14:32:10.846 I/tvos    ( 1764): GetAudioOutputDevice, retval : 0
08-16 14:32:11.097 I/tvos    ( 1764): GetAudioOutputDevice, retval : 0
08-16 14:32:11.347 I/tvos    ( 1764): GetAudioOutputDevice, retval : 0
08-16 14:32:11.558 W/InputDispatcher( 2207): findFocusedWindow finished: injectionResult=0, timeSpentWaitingForApplication=0.0ms
08-16 14:32:11.562 W/InputDispatcher( 2207): findFocusedWindow finished: injectionResult=0, timeSpentWaitingForApplication=0.0ms
08-16 14:32:11.564 W/InputDispatcher( 2207): setFocusedApplication
08-16 14:32:11.575 I/ActivityManager( 2207): accel TR12) TaskRecord{150a0ce #29 A=com.stv.feedback U=0 sz=2}
08-16 14:32:11.575 I/ActivityManager( 2207): accel TR11) TaskRecord{14b0d11 #1 A=com.stv.launcher U=0 sz=1}
08-16 14:32:11.595 I/TVFeedback(19205): FeedbackActivity -- onResume
08-16 14:32:11.595 I/TVFeedback(19205): FeedbackActivity -- dataFromDesktop:null
08-16 14:32:11.597 I/tvos    ( 1764): GetAudioOutputDevice, retval : 0
08-16 14:32:11.620 W/InputDispatcher( 2207): Focus left window: Window{b00cd03 u0 com.stv.feedback/com.stv.feedback.FeedbackDetailActivity}
08-16 14:32:11.620 W/InputDispatcher( 2207): Focus entered window: Window{c8405e2 u0 com.stv.feedback/com.stv.feedback.FeedbackActivity}
08-16 14:32:11.624 E/BufferQueueProducer( 1749): [com.stv.feedback/com.stv.feedback.FeedbackActivity] connect(P): already connected (cur=1 req=1)
08-16 14:32:11.636 I/OMXClient(19205): Using client-side OMX mux.
08-16 14:32:11.688 I/tvos    ( 1764): [37m[INFO] Change to Voltage: 1150 mV (0x22)[m
08-16 14:32:11.688 I/tvos    ( 1764): [37m[INFO] Change to Voltage: 1150 mV (0x25)[m
08-16 14:32:11.688 I/tvos    ( 1764): [37m[INFO] Change to Voltage: 1150 mV (0x28)[m
08-16 14:32:11.688 I/tvos    ( 1764): [37m[INFO] Change to Voltage: 1150 mV (0x2B)[m
08-16 14:32:11.689 I/tvos    ( 1764): [37m[INFO] Change to Voltage: 1150 mV (0x2E)[m
08-16 14:32:11.691 I/tvos    ( 1764): [37m[INFO] Change to Voltage: 1150 mV (0x2E)[m
08-16 14:32:11.792 I/tvos    ( 1764): [37m[INFO] Change to Voltage: 1030 mV (0x2E)[m
08-16 14:32:11.792 I/tvos    ( 1764): [37m[INFO] Change to Voltage: 1030 mV (0x2B)[m
08-16 14:32:11.792 I/tvos    ( 1764): [37m[INFO] Change to Voltage: 1030 mV (0x28)[m
08-16 14:32:11.793 I/tvos    ( 1764): [37m[INFO] Change to Voltage: 1030 mV (0x25)[m
08-16 14:32:11.794 I/tvos    ( 1764): [37m[INFO] Change to Voltage: 1030 mV (0x22)[m
08-16 14:32:11.795 I/tvos    ( 1764): [37m[INFO] Change to Voltage: 1030 mV (0x22)[m
08-16 14:32:11.848 I/tvos    ( 1764): GetAudioOutputDevice, retval : 0
08-16 14:32:12.095 I/TVFeedback(19205): MyApplication -- onActivityDestroyed mVisible = 1, mIsWorkInit = false
08-16 14:32:12.095 I/art     (19205): Starting a blocking GC Explicit
08-16 14:32:12.098 I/tvos    ( 1764): GetAudioOutputDevice, retval : 0
08-16 14:32:12.115 I/art     (19205): Explicit concurrent mark sweep GC freed 2705(219KB) AllocSpace objects, 2(32KB) LOS objects, 40% free, 20MB/33MB, paused 326us total 20.323ms
08-16 14:32:12.119 I/art     (19205): Starting a blocking GC Explicit
08-16 14:32:12.132 I/art     (19205): Explicit concurrent mark sweep GC freed 1929(137KB) AllocSpace objects, 0(0B) LOS objects, 40% free, 20MB/33MB, paused 409us total 12.938ms
08-16 14:32:12.132 I/art     (19205): Starting a blocking GC Explicit
08-16 14:32:12.145 I/art     (19205): Explicit concurrent mark sweep GC freed 3(96B) AllocSpace objects, 0(0B) LOS objects, 40% free, 20MB/33MB, paused 312us total 12.523ms
08-16 14:32:12.153 W/InputDispatcher( 2207): Window went away: Window{b00cd03 u0 com.stv.feedback/com.stv.feedback.FeedbackDetailActivity}
08-16 14:32:12.349 I/tvos    ( 1764): GetAudioOutputDevice, retval : 0
08-16 14:32:12.599 I/tvos    ( 1764): GetAudioOutputDevice, retval : 0
08-16 14:32:12.850 I/tvos    ( 1764): GetAudioOutputDevice, retval : 0
08-16 14:32:13.100 I/tvos    ( 1764): GetAudioOutputDevice, retval : 0
08-16 14:32:13.159 I/remotestatus( 2207): Msg.what is 101
08-16 14:32:13.159 I/WindowManager( 2207): turn cursor off
08-16 14:32:13.159 E/RemoteManager( 2207): RemoteManager is no longer support in eui6.5
08-16 14:32:13.159 W/InputDispatcher( 2207): findFocusedWindow finished: injectionResult=0, timeSpentWaitingForApplication=0.0ms
08-16 14:32:13.159 E/InputManager-JNI( 2207): call nativeDisableCursor method with hideCursor
08-16 14:32:13.162 W/InputDispatcher( 2207): findFocusedWindow finished: injectionResult=0, timeSpentWaitingForApplication=0.0ms
08-16 14:32:13.351 I/tvos    ( 1764): GetAudioOutputDevice, retval : 0
08-16 14:32:13.601 I/tvos    ( 1764): GetAudioOutputDevice, retval : 0
08-16 14:32:13.622 E/LetvRemoteupgradeManager-JNI( 2613): can't get LetvManager service!
08-16 14:32:13.851 I/tvos    ( 1764): GetAudioOutputDevice, retval : 0
08-16 14:32:14.101 I/tvos    ( 1764): GetAudioOutputDevice, retval : 0
08-16 14:32:14.352 I/tvos    ( 1764): GetAudioOutputDevice, retval : 0
08-16 14:32:14.602 I/tvos    ( 1764): GetAudioOutputDevice, retval : 0
08-16 14:32:14.666 I/remotestatus( 2207): Msg.what is 101
08-16 14:32:14.666 I/WindowManager( 2207): turn cursor off
08-16 14:32:14.666 E/RemoteManager( 2207): RemoteManager is no longer support in eui6.5
08-16 14:32:14.666 W/InputDispatcher( 2207): findFocusedWindow finished: injectionResult=0, timeSpentWaitingForApplication=0.0ms
08-16 14:32:14.667 E/InputManager-JNI( 2207): call nativeDisableCursor method with hideCursor
08-16 14:32:14.668 I/TVFeedback(19205): MyReportFragment -- onFocusChange: hasFocus = false
08-16 14:32:14.673 I/TVFeedback(19205): MyReportFragment -- onFocusChange: hasFocus = true
08-16 14:32:14.676 I/SoundPool(19205): enter : func play
08-16 14:32:14.677 W/AudioTrack(19205): AUDIO_OUTPUT_FLAG_FAST denied by client; transfer 4, track 44100 Hz, output 48000 Hz
08-16 14:32:14.679 I/APM::AudioPolicyEngine( 1758): getDeviceForStrategy, 359
08-16 14:32:14.680 I/audio_hw_primary( 1758): version:a00004 adev_create_audio_patch::mix->device 
08-16 14:32:14.680 I/audio_hw_primary( 1758): adev_create_audio_patch *handle=-1420227928 num_audio_patch=3
08-16 14:32:14.682 E/AudioManagerService( 1803): setAudioVolume(callingPid 1758, clientPid 1758, enSoundPath 0, volumn:0 )
08-16 14:32:14.684 I/tvos    ( 1764): SetVolume, subWooExist 0!
08-16 14:32:14.684 I/tvos    ( 1764): mapi_audio_customer::SetAbsoluteVolume: project name is X440M
08-16 14:32:14.684 I/tvos    ( 1764): SetAbsoluteVolume: uPercent : 0, path=52(speaker), VolumeInt=7f, VolumeFra=0
08-16 14:32:14.684 I/tvos    ( 1764): SetAbsoluteVolume: uPercent(currVol) : 0, realPath=52(default), VolumeInt=7f, VolumeFra=0
08-16 14:32:14.684 I/tvos    ( 1764): mapi_audio_customer::SetAbsoluteVolume: project name is X440M
08-16 14:32:14.684 I/tvos    ( 1764): SetAbsoluteVolume: uPercent : 0, path=49(HP), VolumeInt=7f, VolumeFra=0
08-16 14:32:14.684 I/tvos    ( 1764): SetAbsoluteVolume: uPercent(currVol) : 0, realPath=49(default), VolumeInt=7f, VolumeFra=0
08-16 14:32:14.684 I/tvos    ( 1764): mapi_audio_customer::SetAbsoluteVolume: project name is X440M
08-16 14:32:14.684 I/tvos    ( 1764): SetAbsoluteVolume, m_bBTDetect is false! 
08-16 14:32:14.684 I/tvos    ( 1764): mapi_audio_customer::SetAbsoluteVolume: project name is X440M
08-16 14:32:14.684 I/tvos    ( 1764): SetAbsoluteVolume: uPercent : 0, path=255(speaker), VolumeInt=7f, VolumeFra=0
08-16 14:32:14.684 I/tvos    ( 1764): SetAbsoluteVolume: uPercent(currVol) : 0, realPath=255(default), VolumeInt=7f, VolumeFra=0
08-16 14:32:14.684 I/tvos    ( 1764): [SetMuteStatus] call SetSoundMuteStatus, line : 10369, muteType: 4, onOff : 0 
08-16 14:32:14.684 I/tvos    ( 1764): [audioBSP] #1 m_internalMute : 0 ..
08-16 14:32:14.684 I/tvos    ( 1764): #1|->SDK_bPermanentAudioMute:0<-|->SDK_bMomentAudioMute:0 <-|->SDK_bBySyncAudioMute:0<-|->SDK_bByBlockAudioMute:0<-|->SDK_bByVChipAudioMute:0<-|
08-16 14:32:14.684 I/tvos    ( 1764): #1|->SDK_bInternal1AudioMute:0<-|->SDK_bInternal2AudioMute:0<-|->SDK_bInternal3AudioMute:0<-|->SDK_bInternal4AudioMute:0<-|
08-16 14:32:14.684 I/tvos    ( 1764): #1|->SDK_bByScanInOutchgCHchg:0<-|->SDK_bByDuringLimitedTimeAudioMute:0<-|->SDK_bSourceSwitchAudioMute:0<-|
08-16 14:32:14.684 I/tvos    ( 1764): #1|->SDK_bMHEGApMute:0<-|->SDK_bAllAudioMuteCtrl:0<-|->SDK_bPowerOnMute:0<-|->SDK_bNullSourceMute0<-|->SDK_bSetInputSourceAudioMute:0<-|
08-16 14:32:14.684 I/tvos    ( 1764): [audioBSP] #2 m_spkrMute : 0 ..|->SDK_bUsrSpkrAudioMute:0<-|->SDK_bPowerOnMute:0<-|->SDK_bByUserAudioMute:0<-|
08-16 14:32:14.684 I/tvos    ( 1764): [audioBSP] #3 m_PcmCapture2Mute:0 |->SDK_bByUserPcmCapture2Mute:0<-|->SDK_SUB_bByUserAudioMute:0<-|->SDK_bByUserAudioMute:0<-|
08-16 14:32:14.684 I/tvos    ( 1764): [audioBSP] #5 m_hpMute : 1 ..|->SDK_bUsrHpAudioMute:1<-|->SDK_bPowerOnMute:0<-|->SDK_bByUserAudioMute:0<-|
08-16 14:32:14.684 I/tvos    ( 1764): [audioBSP] #12 m_spdifMute : 1 ..
08-16 14:32:14.684 I/tvos    ( 1764): #12|->SDK_bPermanentAudioMute:0<-|->SDK_bMomentAudioMute:0<-|->SDK_bByBlockAudioMute:0<-|
08-16 14:32:14.684 I/tvos    ( 1764): #12|->SDK_bByVChipAudioMute:0<-|->SDK_bInternal1AudioMute:0<-|->SDK_bInternal4AudioMute:0<-|
08-16 14:32:14.684 I/tvos    ( 1764): #12|->SDK_bByDuringLimitedTimeAudioMute:0<-|->SDK_bSourceSwitchAudioMute:0<-|->SDK_bMHEGApMute:0<-|
08-16 14:32:14.684 I/tvos    ( 1764): #12|->SDK_bPowerOnMute:0<-|->SDK_bUsrSpdifAudioMute:1<-|->SDK_bNullSourceMute:0<-|->SDK_bByAppMute:0<-|
08-16 14:32:14.684 I/tvos    ( 1764): ---Amplifier_ALC1310_LR_SWMute(0)
08-16 14:32:14.684 I/tvos    ( 1764): ALC1310 unmute good, addr: 0x13 readbackvalue: 4 
08-16 14:32:14.686 I/tvos    ( 1764): SetSoundMuteStatus : m_hpMute : 1, m_spdifMute : 1, m_DataInMute : 0, m_channel7Mute : 0, m_internalMute : 0, m_spkrMute : 0, m_PcmCapture1Mute : 0, m_PcmCapture2Mute : 0 
08-16 14:32:14.686 I/AudioUtil( 1758): setParameters spk_volume=0
08-16 14:32:14.686 I/audio_hw_primary( 1758): adev_set_parameters: spk_volume=0
08-16 14:32:14.687 I/tvos    ( 1764): GetAudioOutputDevice, retval : 0
08-16 14:32:14.689 I/tvos    ( 1764): [SetMuteStatus] call SetSoundMuteStatus, line : 10369, muteType: 67108864, onOff : 1 
08-16 14:32:14.689 I/tvos    ( 1764): _TransMSrvMuteTypeToSDKMuteType: Err! muteType(67108864) is out of Range
08-16 14:32:14.689 I/tvos    ( 1764): [SetMuteStatus] call SetSoundMuteStatus, line : 10369, muteType: 4, onOff : 1 
08-16 14:32:14.689 I/tvos    ( 1764): [audioBSP] #1 m_internalMute : 0 ..
08-16 14:32:14.689 I/tvos    ( 1764): #1|->SDK_bPermanentAudioMute:0<-|->SDK_bMomentAudioMute:0 <-|->SDK_bBySyncAudioMute:0<-|->SDK_bByBlockAudioMute:0<-|->SDK_bByVChipAudioMute:0<-|
08-16 14:32:14.689 I/tvos    ( 1764): #1|->SDK_bInternal1AudioMute:0<-|->SDK_bInternal2AudioMute:0<-|->SDK_bInternal3AudioMute:0<-|->SDK_bInternal4AudioMute:0<-|
08-16 14:32:14.689 I/tvos    ( 1764): #1|->SDK_bByScanInOutchgCHchg:0<-|->SDK_bByDuringLimitedTimeAudioMute:0<-|->SDK_bSourceSwitchAudioMute:0<-|
08-16 14:32:14.689 I/tvos    ( 1764): #1|->SDK_bMHEGApMute:0<-|->SDK_bAllAudioMuteCtrl:0<-|->SDK_bPowerOnMute:0<-|->SDK_bNullSourceMute0<-|->SDK_bSetInputSourceAudioMute:0<-|
08-16 14:32:14.689 I/tvos    ( 1764): [audioBSP] #2 m_spkrMute : 1 ..|->SDK_bUsrSpkrAudioMute:0<-|->SDK_bPowerOnMute:0<-|->SDK_bByUserAudioMute:1<-|
08-16 14:32:14.689 I/tvos    ( 1764): [audioBSP] #3 m_PcmCapture2Mute:1 |->SDK_bByUserPcmCapture2Mute:0<-|->SDK_SUB_bByUserAudioMute:0<-|->SDK_bByUserAudioMute:1<-|
08-16 14:32:14.689 I/tvos    ( 1764): [audioBSP] #5 m_hpMute : 1 ..|->SDK_bUsrHpAudioMute:1<-|->SDK_bPowerOnMute:0<-|->SDK_bByUserAudioMute:1<-|
08-16 14:32:14.689 I/tvos    ( 1764): [audioBSP] #12 m_spdifMute : 1 ..
08-16 14:32:14.689 I/tvos    ( 1764): #12|->SDK_bPermanentAudioMute:0<-|->SDK_bMomentAudioMute:0<-|->SDK_bByBlockAudioMute:0<-|
08-16 14:32:14.689 I/tvos    ( 1764): #12|->SDK_bByVChipAudioMute:0<-|->SDK_bInternal1AudioMute:0<-|->SDK_bInternal4AudioMute:0<-|
08-16 14:32:14.689 I/tvos    ( 1764): #12|->SDK_bByDuringLimitedTimeAudioMute:0<-|->SDK_bSourceSwitchAudioMute:0<-|->SDK_bMHEGApMute:0<-|
08-16 14:32:14.689 I/tvos    ( 1764): #12|->SDK_bPowerOnMute:0<-|->SDK_bUsrSpdifAudioMute:1<-|->SDK_bNullSourceMute:0<-|->SDK_bByAppMute:0<-|
08-16 14:32:14.689 I/tvos    ( 1764): ---Amplifier_ALC1310_LR_SWMute(1)
08-16 14:32:14.689 I/tvos    ( 1764): ALC1310 mute write good, addr: 0x13, readback data : 49164, write cmd times : 1
08-16 14:32:14.691 I/tvos    ( 1764): SetSoundMuteStatus : m_hpMute : 1, m_spdifMute : 1, m_DataInMute : 0, m_channel7Mute : 0, m_internalMute : 0, m_spkrMute : 1, m_PcmCapture1Mute : 0, m_PcmCapture2Mute : 1 
08-16 14:32:14.695 W/InputDispatcher( 2207): findFocusedWindow finished: injectionResult=0, timeSpentWaitingForApplication=0.0ms
08-16 14:32:14.712 E/audio_hw_primary( 1758): out_get_presentation_position pcm_get_htimestamp(pcm, &avail, timestamp) != 0!!!
08-16 14:32:14.745 I/APM::AudioPolicyEngine( 1758): getDeviceForStrategy, 359
08-16 14:32:14.853 I/tvos    ( 1764): GetAudioOutputDevice, retval : 0
08-16 14:32:15.103 I/tvos    ( 1764): GetAudioOutputDevice, retval : 0
08-16 14:32:15.353 I/tvos    ( 1764): GetAudioOutputDevice, retval : 0
08-16 14:32:15.604 I/tvos    ( 1764): GetAudioOutputDevice, retval : 0
08-16 14:32:15.854 I/tvos    ( 1764): GetAudioOutputDevice, retval : 0
08-16 14:32:16.105 I/tvos    ( 1764): GetAudioOutputDevice, retval : 0
08-16 14:32:16.201 I/remotestatus( 2207): Msg.what is 101
08-16 14:32:16.201 I/WindowManager( 2207): turn cursor off
08-16 14:32:16.201 E/RemoteManager( 2207): RemoteManager is no longer support in eui6.5
08-16 14:32:16.201 W/InputDispatcher( 2207): findFocusedWindow finished: injectionResult=0, timeSpentWaitingForApplication=0.0ms
08-16 14:32:16.202 E/InputManager-JNI( 2207): call nativeDisableCursor method with hideCursor
08-16 14:32:16.203 I/TVFeedback(19205): MyReportFragment -- onFocusChange: hasFocus = false
08-16 14:32:16.208 I/TVFeedback(19205): MyReportFragment -- onFocusChange: hasFocus = true
08-16 14:32:16.212 I/SoundPool(19205): enter : func play
08-16 14:32:16.212 I/APM::AudioPolicyEngine( 1758): getDeviceForStrategy, 359
08-16 14:32:16.217 I/audio_hw_primary( 1758): version:a00004 adev_create_audio_patch::mix->device 
08-16 14:32:16.217 I/audio_hw_primary( 1758): adev_create_audio_patch *handle=-1420227928 num_audio_patch=3
08-16 14:32:16.219 E/AudioManagerService( 1803): setAudioVolume(callingPid 1758, clientPid 1758, enSoundPath 0, volumn:0 )
08-16 14:32:16.221 I/tvos    ( 1764): SetVolume, subWooExist 0!
08-16 14:32:16.221 I/tvos    ( 1764): mapi_audio_customer::SetAbsoluteVolume: project name is X440M
08-16 14:32:16.221 I/tvos    ( 1764): SetAbsoluteVolume: uPercent : 0, path=52(speaker), VolumeInt=7f, VolumeFra=0
08-16 14:32:16.221 I/tvos    ( 1764): SetAbsoluteVolume: uPercent(currVol) : 0, realPath=52(default), VolumeInt=7f, VolumeFra=0
08-16 14:32:16.221 I/tvos    ( 1764): mapi_audio_customer::SetAbsoluteVolume: project name is X440M
08-16 14:32:16.221 I/tvos    ( 1764): SetAbsoluteVolume: uPercent : 0, path=49(HP), VolumeInt=7f, VolumeFra=0
08-16 14:32:16.221 I/tvos    ( 1764): SetAbsoluteVolume: uPercent(currVol) : 0, realPath=49(default), VolumeInt=7f, VolumeFra=0
08-16 14:32:16.221 I/tvos    ( 1764): mapi_audio_customer::SetAbsoluteVolume: project name is X440M
08-16 14:32:16.221 I/tvos    ( 1764): SetAbsoluteVolume, m_bBTDetect is false! 
08-16 14:32:16.221 I/tvos    ( 1764): mapi_audio_customer::SetAbsoluteVolume: project name is X440M
08-16 14:32:16.221 I/tvos    ( 1764): SetAbsoluteVolume: uPercent : 0, path=255(speaker), VolumeInt=7f, VolumeFra=0
08-16 14:32:16.221 I/tvos    ( 1764): SetAbsoluteVolume: uPercent(currVol) : 0, realPath=255(default), VolumeInt=7f, VolumeFra=0
08-16 14:32:16.221 I/tvos    ( 1764): [SetMuteStatus] call SetSoundMuteStatus, line : 10369, muteType: 4, onOff : 0 
08-16 14:32:16.221 I/tvos    ( 1764): [audioBSP] #1 m_internalMute : 0 ..
08-16 14:32:16.221 I/tvos    ( 1764): #1|->SDK_bPermanentAudioMute:0<-|->SDK_bMomentAudioMute:0 <-|->SDK_bBySyncAudioMute:0<-|->SDK_bByBlockAudioMute:0<-|->SDK_bByVChipAudioMute:0<-|
08-16 14:32:16.221 I/tvos    ( 1764): #1|->SDK_bInternal1AudioMute:0<-|->SDK_bInternal2AudioMute:0<-|->SDK_bInternal3AudioMute:0<-|->SDK_bInternal4AudioMute:0<-|
08-16 14:32:16.221 I/tvos    ( 1764): #1|->SDK_bByScanInOutchgCHchg:0<-|->SDK_bByDuringLimitedTimeAudioMute:0<-|->SDK_bSourceSwitchAudioMute:0<-|
08-16 14:32:16.221 I/tvos    ( 1764): #1|->SDK_bMHEGApMute:0<-|->SDK_bAllAudioMuteCtrl:0<-|->SDK_bPowerOnMute:0<-|->SDK_bNullSourceMute0<-|->SDK_bSetInputSourceAudioMute:0<-|
08-16 14:32:16.221 I/tvos    ( 1764): [audioBSP] #2 m_spkrMute : 0 ..|->SDK_bUsrSpkrAudioMute:0<-|->SDK_bPowerOnMute:0<-|->SDK_bByUserAudioMute:0<-|
08-16 14:32:16.221 I/tvos    ( 1764): [audioBSP] #3 m_PcmCapture2Mute:0 |->SDK_bByUserPcmCapture2Mute:0<-|->SDK_SUB_bByUserAudioMute:0<-|->SDK_bByUserAudioMute:0<-|
08-16 14:32:16.221 I/tvos    ( 1764): [audioBSP] #5 m_hpMute : 1 ..|->SDK_bUsrHpAudioMute:1<-|->SDK_bPowerOnMute:0<-|->SDK_bByUserAudioMute:0<-|
08-16 14:32:16.221 I/tvos    ( 1764): [audioBSP] #12 m_spdifMute : 1 ..
08-16 14:32:16.221 I/tvos    ( 1764): #12|->SDK_bPermanentAudioMute:0<-|->SDK_bMomentAudioMute:0<-|->SDK_bByBlockAudioMute:0<-|
08-16 14:32:16.221 I/tvos    ( 1764): #12|->SDK_bByVChipAudioMute:0<-|->SDK_bInternal1AudioMute:0<-|->SDK_bInternal4AudioMute:0<-|
08-16 14:32:16.221 I/tvos    ( 1764): #12|->SDK_bByDuringLimitedTimeAudioMute:0<-|->SDK_bSourceSwitchAudioMute:0<-|->SDK_bMHEGApMute:0<-|
08-16 14:32:16.221 I/tvos    ( 1764): #12|->SDK_bPowerOnMute:0<-|->SDK_bUsrSpdifAudioMute:1<-|->SDK_bNullSourceMute:0<-|->SDK_bByAppMute:0<-|
08-16 14:32:16.221 I/tvos    ( 1764): ---Amplifier_ALC1310_LR_SWMute(0)
08-16 14:32:16.221 I/tvos    ( 1764): ALC1310 unmute good, addr: 0x13 readbackvalue: 4 
08-16 14:32:16.223 I/tvos    ( 1764): SetSoundMuteStatus : m_hpMute : 1, m_spdifMute : 1, m_DataInMute : 0, m_channel7Mute : 0, m_internalMute : 0, m_spkrMute : 0, m_PcmCapture1Mute : 0, m_PcmCapture2Mute : 0 
08-16 14:32:16.223 I/AudioUtil( 1758): setParameters spk_volume=0
08-16 14:32:16.223 I/audio_hw_primary( 1758): adev_set_parameters: spk_volume=0
08-16 14:32:16.224 I/tvos    ( 1764): GetAudioOutputDevice, retval : 0
08-16 14:32:16.224 I/tvos    ( 1764): [SetMuteStatus] call SetSoundMuteStatus, line : 10369, muteType: 67108864, onOff : 1 
08-16 14:32:16.224 I/tvos    ( 1764): _TransMSrvMuteTypeToSDKMuteType: Err! muteType(67108864) is out of Range
08-16 14:32:16.226 I/tvos    ( 1764): [SetMuteStatus] call SetSoundMuteStatus, line : 10369, muteType: 4, onOff : 1 
08-16 14:32:16.226 I/tvos    ( 1764): [audioBSP] #1 m_internalMute : 0 ..
08-16 14:32:16.226 I/tvos    ( 1764): #1|->SDK_bPermanentAudioMute:0<-|->SDK_bMomentAudioMute:0 <-|->SDK_bBySyncAudioMute:0<-|->SDK_bByBlockAudioMute:0<-|->SDK_bByVChipAudioMute:0<-|
08-16 14:32:16.226 I/tvos    ( 1764): #1|->SDK_bInternal1AudioMute:0<-|->SDK_bInternal2AudioMute:0<-|->SDK_bInternal3AudioMute:0<-|->SDK_bInternal4AudioMute:0<-|
08-16 14:32:16.226 I/tvos    ( 1764): #1|->SDK_bByScanInOutchgCHchg:0<-|->SDK_bByDuringLimitedTimeAudioMute:0<-|->SDK_bSourceSwitchAudioMute:0<-|
08-16 14:32:16.226 I/tvos    ( 1764): #1|->SDK_bMHEGApMute:0<-|->SDK_bAllAudioMuteCtrl:0<-|->SDK_bPowerOnMute:0<-|->SDK_bNullSourceMute0<-|->SDK_bSetInputSourceAudioMute:0<-|
08-16 14:32:16.226 I/tvos    ( 1764): [audioBSP] #2 m_spkrMute : 1 ..|->SDK_bUsrSpkrAudioMute:0<-|->SDK_bPowerOnMute:0<-|->SDK_bByUserAudioMute:1<-|
08-16 14:32:16.226 I/tvos    ( 1764): [audioBSP] #3 m_PcmCapture2Mute:1 |->SDK_bByUserPcmCapture2Mute:0<-|->SDK_SUB_bByUserAudioMute:0<-|->SDK_bByUserAudioMute:1<-|
08-16 14:32:16.226 I/tvos    ( 1764): [audioBSP] #5 m_hpMute : 1 ..|->SDK_bUsrHpAudioMute:1<-|->SDK_bPowerOnMute:0<-|->SDK_bByUserAudioMute:1<-|
08-16 14:32:16.226 I/tvos    ( 1764): [audioBSP] #12 m_spdifMute : 1 ..
08-16 14:32:16.226 I/tvos    ( 1764): #12|->SDK_bPermanentAudioMute:0<-|->SDK_bMomentAudioMute:0<-|->SDK_bByBlockAudioMute:0<-|
08-16 14:32:16.226 I/tvos    ( 1764): #12|->SDK_bByVChipAudioMute:0<-|->SDK_bInternal1AudioMute:0<-|->SDK_bInternal4AudioMute:0<-|
08-16 14:32:16.226 I/tvos    ( 1764): #12|->SDK_bByDuringLimitedTimeAudioMute:0<-|->SDK_bSourceSwitchAudioMute:0<-|->SDK_bMHEGApMute:0<-|
08-16 14:32:16.226 I/tvos    ( 1764): #12|->SDK_bPowerOnMute:0<-|->SDK_bUsrSpdifAudioMute:1<-|->SDK_bNullSourceMute:0<-|->SDK_bByAppMute:0<-|
08-16 14:32:16.226 I/tvos    ( 1764): ---Amplifier_ALC1310_LR_SWMute(1)
08-16 14:32:16.226 I/tvos    ( 1764): ALC1310 mute write good, addr: 0x13, readback data : 49164, write cmd times : 1
08-16 14:32:16.228 I/tvos    ( 1764): SetSoundMuteStatus : m_hpMute : 1, m_spdifMute : 1, m_DataInMute : 0, m_channel7Mute : 0, m_internalMute : 0, m_spkrMute : 1, m_PcmCapture1Mute : 0, m_PcmCapture2Mute : 1 
08-16 14:32:16.232 W/InputDispatcher( 2207): findFocusedWindow finished: injectionResult=0, timeSpentWaitingForApplication=0.0ms
08-16 14:32:16.305 I/APM::AudioPolicyEngine( 1758): getDeviceForStrategy, 359
08-16 14:32:16.355 I/tvos    ( 1764): GetAudioOutputDevice, retval : 0
08-16 14:32:16.605 I/tvos    ( 1764): GetAudioOutputDevice, retval : 0
08-16 14:32:16.622 E/LetvRemoteupgradeManager-JNI( 2613): can't get LetvManager service!
08-16 14:32:16.856 I/tvos    ( 1764): GetAudioOutputDevice, retval : 0
08-16 14:32:17.106 I/tvos    ( 1764): GetAudioOutputDevice, retval : 0
08-16 14:32:17.357 I/tvos    ( 1764): GetAudioOutputDevice, retval : 0
08-16 14:32:17.607 I/tvos    ( 1764): GetAudioOutputDevice, retval : 0
08-16 14:32:17.708 I/lbplayer( 4071): [main]:ServiceDOWN:dlnaRender is running
08-16 14:32:17.708 I/lbplayer( 4071): [main]:ServiceDOWN:LeLinkService is running
08-16 14:32:17.708 I/lbplayer( 4071): [main]:ServiceDOWN:mainServer is running
08-16 14:32:17.737 W/InputDispatcher( 2207): findFocusedWindow finished: injectionResult=0, timeSpentWaitingForApplication=0.0ms
08-16 14:32:17.740 W/InputDispatcher( 2207): findFocusedWindow finished: injectionResult=0, timeSpentWaitingForApplication=0.0ms
08-16 14:32:17.741 I/TVFeedback(19205): MyReportFragment -- onClick: position is: 8
08-16 14:32:17.741 I/SoundPool( 2207): enter : func play
08-16 14:32:17.742 I/ActivityManager( 2207): START u0 {cmp=com.stv.feedback/.FeedbackDetailActivity (has extras)} from uid 1000 on display 0
08-16 14:32:17.742 I/APM::AudioPolicyEngine( 1758): getDeviceForStrategy, 359
08-16 14:32:17.746 W/InputDispatcher( 2207): setFocusedApplication
08-16 14:32:17.747 I/audio_hw_primary( 1758): version:a00004 adev_create_audio_patch::mix->device 
08-16 14:32:17.747 I/audio_hw_primary( 1758): adev_create_audio_patch *handle=-1420227928 num_audio_patch=3
08-16 14:32:17.747 W/InputDispatcher( 2207): Focus left window: Window{c8405e2 u0 com.stv.feedback/com.stv.feedback.FeedbackActivity}
08-16 14:32:17.749 E/AudioManagerService( 1803): setAudioVolume(callingPid 1758, clientPid 1758, enSoundPath 0, volumn:0 )
08-16 14:32:17.750 I/tvos    ( 1764): SetVolume, subWooExist 0!
08-16 14:32:17.750 I/tvos    ( 1764): mapi_audio_customer::SetAbsoluteVolume: project name is X440M
08-16 14:32:17.750 I/tvos    ( 1764): SetAbsoluteVolume: uPercent : 0, path=52(speaker), VolumeInt=7f, VolumeFra=0
08-16 14:32:17.750 I/tvos    ( 1764): SetAbsoluteVolume: uPercent(currVol) : 0, realPath=52(default), VolumeInt=7f, VolumeFra=0
08-16 14:32:17.750 I/tvos    ( 1764): mapi_audio_customer::SetAbsoluteVolume: project name is X440M
08-16 14:32:17.750 I/tvos    ( 1764): SetAbsoluteVolume: uPercent : 0, path=49(HP), VolumeInt=7f, VolumeFra=0
08-16 14:32:17.750 I/tvos    ( 1764): SetAbsoluteVolume: uPercent(currVol) : 0, realPath=49(default), VolumeInt=7f, VolumeFra=0
08-16 14:32:17.750 I/tvos    ( 1764): mapi_audio_customer::SetAbsoluteVolume: project name is X440M
08-16 14:32:17.750 I/tvos    ( 1764): SetAbsoluteVolume, m_bBTDetect is false! 
08-16 14:32:17.750 I/tvos    ( 1764): mapi_audio_customer::SetAbsoluteVolume: project name is X440M
08-16 14:32:17.750 I/tvos    ( 1764): SetAbsoluteVolume: uPercent : 0, path=255(speaker), VolumeInt=7f, VolumeFra=0
08-16 14:32:17.750 I/tvos    ( 1764): SetAbsoluteVolume: uPercent(currVol) : 0, realPath=255(default), VolumeInt=7f, VolumeFra=0
08-16 14:32:17.750 I/tvos    ( 1764): [SetMuteStatus] call SetSoundMuteStatus, line : 10369, muteType: 4, onOff : 0 
08-16 14:32:17.750 I/tvos    ( 1764): [audioBSP] #1 m_internalMute : 0 ..
08-16 14:32:17.750 I/tvos    ( 1764): #1|->SDK_bPermanentAudioMute:0<-|->SDK_bMomentAudioMute:0 <-|->SDK_bBySyncAudioMute:0<-|->SDK_bByBlockAudioMute:0<-|->SDK_bByVChipAudioMute:0<-|
08-16 14:32:17.750 I/tvos    ( 1764): #1|->SDK_bInternal1AudioMute:0<-|->SDK_bInternal2AudioMute:0<-|->SDK_bInternal3AudioMute:0<-|->SDK_bInternal4AudioMute:0<-|
08-16 14:32:17.750 I/tvos    ( 1764): #1|->SDK_bByScanInOutchgCHchg:0<-|->SDK_bByDuringLimitedTimeAudioMute:0<-|->SDK_bSourceSwitchAudioMute:0<-|
08-16 14:32:17.750 I/tvos    ( 1764): #1|->SDK_bMHEGApMute:0<-|->SDK_bAllAudioMuteCtrl:0<-|->SDK_bPowerOnMute:0<-|->SDK_bNullSourceMute0<-|->SDK_bSetInputSourceAudioMute:0<-|
08-16 14:32:17.750 I/tvos    ( 1764): [audioBSP] #2 m_spkrMute : 0 ..|->SDK_bUsrSpkrAudioMute:0<-|->SDK_bPowerOnMute:0<-|->SDK_bByUserAudioMute:0<-|
08-16 14:32:17.750 I/tvos    ( 1764): [audioBSP] #3 m_PcmCapture2Mute:0 |->SDK_bByUserPcmCapture2Mute:0<-|->SDK_SUB_bByUserAudioMute:0<-|->SDK_bByUserAudioMute:0<-|
08-16 14:32:17.750 I/tvos    ( 1764): [audioBSP] #5 m_hpMute : 1 ..|->SDK_bUsrHpAudioMute:1<-|->SDK_bPowerOnMute:0<-|->SDK_bByUserAudioMute:0<-|
08-16 14:32:17.751 I/tvos    ( 1764): [audioBSP] #12 m_spdifMute : 1 ..
08-16 14:32:17.751 I/tvos    ( 1764): #12|->SDK_bPermanentAudioMute:0<-|->SDK_bMomentAudioMute:0<-|->SDK_bByBlockAudioMute:0<-|
08-16 14:32:17.751 I/tvos    ( 1764): #12|->SDK_bByVChipAudioMute:0<-|->SDK_bInternal1AudioMute:0<-|->SDK_bInternal4AudioMute:0<-|
08-16 14:32:17.751 I/tvos    ( 1764): #12|->SDK_bByDuringLimitedTimeAudioMute:0<-|->SDK_bSourceSwitchAudioMute:0<-|->SDK_bMHEGApMute:0<-|
08-16 14:32:17.751 I/tvos    ( 1764): #12|->SDK_bPowerOnMute:0<-|->SDK_bUsrSpdifAudioMute:1<-|->SDK_bNullSourceMute:0<-|->SDK_bByAppMute:0<-|
08-16 14:32:17.751 I/tvos    ( 1764): ---Amplifier_ALC1310_LR_SWMute(0)
08-16 14:32:17.752 I/tvos    ( 1764): ALC1310 unmute good, addr: 0x13 readbackvalue: 4 
08-16 14:32:17.754 E/LETV_DEVICE( 1780): no name sn for Mstar
08-16 14:32:17.756 I/tvos    ( 1764): SetSoundMuteStatus : m_hpMute : 1, m_spdifMute : 1, m_DataInMute : 0, m_channel7Mute : 0, m_internalMute : 0, m_spkrMute : 0, m_PcmCapture1Mute : 0, m_PcmCapture2Mute : 0 
08-16 14:32:17.756 I/AudioUtil( 1758): setParameters spk_volume=0
08-16 14:32:17.756 I/audio_hw_primary( 1758): adev_set_parameters: spk_volume=0
08-16 14:32:17.757 I/tvos    ( 1764): GetAudioOutputDevice, retval : 0
08-16 14:32:17.757 I/tvos    ( 1764): [SetMuteStatus] call SetSoundMuteStatus, line : 10369, muteType: 67108864, onOff : 1 
08-16 14:32:17.757 I/tvos    ( 1764): _TransMSrvMuteTypeToSDKMuteType: Err! muteType(67108864) is out of Range
08-16 14:32:17.759 I/tvos    ( 1764): [SetMuteStatus] call SetSoundMuteStatus, line : 10369, muteType: 4, onOff : 1 
08-16 14:32:17.759 I/tvos    ( 1764): [audioBSP] #1 m_internalMute : 0 ..
08-16 14:32:17.759 I/tvos    ( 1764): #1|->SDK_bPermanentAudioMute:0<-|->SDK_bMomentAudioMute:0 <-|->SDK_bBySyncAudioMute:0<-|->SDK_bByBlockAudioMute:0<-|->SDK_bByVChipAudioMute:0<-|
08-16 14:32:17.759 I/tvos    ( 1764): #1|->SDK_bInternal1AudioMute:0<-|->SDK_bInternal2AudioMute:0<-|->SDK_bInternal3AudioMute:0<-|->SDK_bInternal4AudioMute:0<-|
08-16 14:32:17.759 I/tvos    ( 1764): #1|->SDK_bByScanInOutchgCHchg:0<-|->SDK_bByDuringLimitedTimeAudioMute:0<-|->SDK_bSourceSwitchAudioMute:0<-|
08-16 14:32:17.759 I/tvos    ( 1764): #1|->SDK_bMHEGApMute:0<-|->SDK_bAllAudioMuteCtrl:0<-|->SDK_bPowerOnMute:0<-|->SDK_bNullSourceMute0<-|->SDK_bSetInputSourceAudioMute:0<-|
08-16 14:32:17.759 I/tvos    ( 1764): [audioBSP] #2 m_spkrMute : 1 ..|->SDK_bUsrSpkrAudioMute:0<-|->SDK_bPowerOnMute:0<-|->SDK_bByUserAudioMute:1<-|
08-16 14:32:17.759 I/tvos    ( 1764): [audioBSP] #3 m_PcmCapture2Mute:1 |->SDK_bByUserPcmCapture2Mute:0<-|->SDK_SUB_bByUserAudioMute:0<-|->SDK_bByUserAudioMute:1<-|
08-16 14:32:17.759 I/tvos    ( 1764): [audioBSP] #5 m_hpMute : 1 ..|->SDK_bUsrHpAudioMute:1<-|->SDK_bPowerOnMute:0<-|->SDK_bByUserAudioMute:1<-|
08-16 14:32:17.759 I/tvos    ( 1764): [audioBSP] #12 m_spdifMute : 1 ..
08-16 14:32:17.759 I/tvos    ( 1764): #12|->SDK_bPermanentAudioMute:0<-|->SDK_bMomentAudioMute:0<-|->SDK_bByBlockAudioMute:0<-|
08-16 14:32:17.759 I/tvos    ( 1764): #12|->SDK_bByVChipAudioMute:0<-|->SDK_bInternal1AudioMute:0<-|->SDK_bInternal4AudioMute:0<-|
08-16 14:32:17.759 I/tvos    ( 1764): #12|->SDK_bByDuringLimitedTimeAudioMute:0<-|->SDK_bSourceSwitchAudioMute:0<-|->SDK_bMHEGApMute:0<-|
08-16 14:32:17.759 I/tvos    ( 1764): #12|->SDK_bPowerOnMute:0<-|->SDK_bUsrSpdifAudioMute:1<-|->SDK_bNullSourceMute:0<-|->SDK_bByAppMute:0<-|
08-16 14:32:17.759 I/tvos    ( 1764): ---Amplifier_ALC1310_LR_SWMute(1)
08-16 14:32:17.759 I/tvos    ( 1764): ALC1310 mute write good, addr: 0x13, readback data : 49164, write cmd times : 1
08-16 14:32:17.761 I/tvos    ( 1764): SetSoundMuteStatus : m_hpMute : 1, m_spdifMute : 1, m_DataInMute : 0, m_channel7Mute : 0, m_internalMute : 0, m_spkrMute : 1, m_PcmCapture1Mute : 0, m_PcmCapture2Mute : 1 
08-16 14:32:17.762 E/ActivityThread( 2837): Failed to find provider info for com.letv.agnes.InfoProvider
08-16 14:32:17.768 I/ActivityManager( 2207): accel TR12) TaskRecord{150a0ce #29 A=com.stv.feedback U=0 sz=2}
08-16 14:32:17.768 I/ActivityManager( 2207): accel TR11) TaskRecord{14b0d11 #1 A=com.stv.launcher U=0 sz=1}
08-16 14:32:17.775 E/ActivityThread( 2837): Failed to find provider info for com.letv.agnes.InfoProvider
08-16 14:32:17.775 W/System.err( 2837): java.lang.IllegalArgumentException: Unknown URL content://com.letv.agnes.InfoProvider
08-16 14:32:17.775 W/System.err( 2837): 	at android.content.ContentResolver.insert(ContentResolver.java:1227)
08-16 14:32:17.775 W/System.err( 2837): 	at com.letv.tracker2.agnes.Configuration.addDebugInfo(Configuration.java:289)
08-16 14:32:17.775 W/System.err( 2837): 	at com.letv.tracker2.agnes.MessageProcessor$SendEnvMsgTr$1.handleMessage(MessageProcessor.java:661)
08-16 14:32:17.777 I/System.out(19205): From style:
08-16 14:32:17.778 I/System.out(19205): Attrs: 3010001=0.6 3010002=res/drawable-hdpi-v4/ic_desk_app_bg.jpg 3010003=null 3010004=true
08-16 14:32:17.783 W/System.err( 2837): 	at android.os.Handler.dispatchMessage(Handler.java:102)
08-16 14:32:17.783 I/[T1.0.6.3]EuiAgnes_Server( 2837): resCode:1
08-16 14:32:17.783 W/System.err( 2837): 	at android.os.Looper.loop(Looper.java:148)
08-16 14:32:17.783 I/[T1.0.6.3]EuiAgnes_Server( 2837): b[0]:0
08-16 14:32:17.783 W/System.err( 2837): 	at com.letv.tracker2.agnes.MessageProcessor$SendEnvMsgTr.run(MessageProcessor.java:665)
08-16 14:32:17.800 E/LETV_DEVICE( 1780): no name sn for Mstar
08-16 14:32:17.807 I/LetvAccount(14745): UserInfoProvider -- appName: com.stv.feedback, permission: system(true) app(true), match=1
08-16 14:32:17.808 I/AccountManagerService( 2207): getTypesVisibleToCaller: isPermitted? true
08-16 14:32:17.816 I/TVFeedback(19205): FeedBackUtils -- getSystemUserId - ssoToken = 103XXXWLm5iFfp7oHVCl5Nm5QniTYMwRr1riQV7kzFHb0cKblm5JnT7VZ62yLz6NiwchqILK4Vglv7ZN0oREFxfOiiJUsxPtqnon9LQtCfSYWPGD5q0Qm4
08-16 14:32:17.817 I/TVFeedback(19205): UrlUtils -- getFeedbackDetailUrl - URL= http://xfeedback-scloud.cp21.ott.cibntv.net/api/v3/tvfeedbacklist/line?version=V2409RCN02C065307D08011D&versionName=6.5.307D_0801&model=X440M&ui=6.5&hwVersion=H5000&mac=b01bd2542d51&region=CN&user-prefer-language=zh-cn&_id=5b58c7bfdb47b5e45b420c7a&sso_tk=103XXXWLm5iFfp7oHVCl5Nm5QniTYMwRr1riQV7kzFHb0cKblm5JnT7VZ62yLz6NiwchqILK4Vglv7ZN0oREFxfOiiJUsxPtqnon9LQtCfSYWPGD5q0Qm4&&_ak=akfileup_YHoqMHgt&_time=1534401137817&_sign=3f99956da0aed17a027eaa88cecc2cfe
08-16 14:32:17.833 W/InputDispatcher( 2207): Focus entered window: Window{bd3722d u0 com.stv.feedback/com.stv.feedback.FeedbackDetailActivity}
08-16 14:32:17.836 E/BufferQueueProducer( 1749): [com.stv.feedback/com.stv.feedback.FeedbackDetailActivity] connect(P): already connected (cur=1 req=1)
08-16 14:32:17.850 I/TVFeedback(19205): FeedBackUtils -- id is: 5b58c7bfdb47b5e45b420c7a
08-16 14:32:17.858 I/TVFeedback(19205): FeedbackDetailActivity -- position is = 0
08-16 14:32:17.858 I/tvos    ( 1764): GetAudioOutputDevice, retval : 0
08-16 14:32:17.882 I/ActivityManager( 2207): Displayed com.stv.feedback/.FeedbackDetailActivity: +118ms
08-16 14:32:17.882 W/ContextImpl( 2207): Calling a method in the system process without a qualified user: android.app.ContextImpl.sendBroadcast:766 com.android.server.am.ActivityRecord.reportLaunchTimeLocked:1056 com.android.server.am.ActivityRecord.windowsDrawnLocked:1080 com.android.server.am.ActivityRecord$Token.windowsDrawn:345 com.android.server.wm.WindowManagerService$H.handleMessage:8042 
08-16 14:32:17.890 I/tvos    ( 1764): [37m[INFO] Change to Voltage: 1150 mV (0x22)[m
08-16 14:32:17.890 I/tvos    ( 1764): [37m[INFO] Change to Voltage: 1150 mV (0x25)[m
08-16 14:32:17.897 I/tvos    ( 1764): [37m[INFO] Change to Voltage: 1150 mV (0x28)[m
08-16 14:32:17.898 I/tvos    ( 1764): [37m[INFO] Change to Voltage: 1150 mV (0x2B)[m
08-16 14:32:17.901 I/tvos    ( 1764): [37m[INFO] Change to Voltage: 1150 mV (0x2E)[m
08-16 14:32:17.901 I/tvos    ( 1764): [37m[INFO] Change to Voltage: 1150 mV (0x2E)[m
08-16 14:32:18.089 I/tvos    ( 1764): [37m[INFO] Change to Voltage: 1030 mV (0x2E)[m
08-16 14:32:18.089 I/tvos    ( 1764): [37m[INFO] Change to Voltage: 1030 mV (0x2B)[m
08-16 14:32:18.089 I/tvos    ( 1764): [37m[INFO] Change to Voltage: 1030 mV (0x28)[m
08-16 14:32:18.089 I/tvos    ( 1764): [37m[INFO] Change to Voltage: 1030 mV (0x25)[m
08-16 14:32:18.089 I/tvos    ( 1764): [37m[INFO] Change to Voltage: 1030 mV (0x22)[m
08-16 14:32:18.089 I/tvos    ( 1764): [37m[INFO] Change to Voltage: 1030 mV (0x22)[m
08-16 14:32:18.108 I/tvos    ( 1764): GetAudioOutputDevice, retval : 0
08-16 14:32:18.353 I/APM::AudioPolicyEngine( 1758): getDeviceForStrategy, 359
08-16 14:32:18.358 I/tvos    ( 1764): GetAudioOutputDevice, retval : 0
08-16 14:32:18.609 I/tvos    ( 1764): GetAudioOutputDevice, retval : 0
08-16 14:32:18.619 E/InternetUtils( 4594): java.net.SocketTimeoutException: failed to connect to www.cibn.com/61.133.127.115 (port 80) after 3000ms
08-16 14:32:18.859 I/tvos    ( 1764): GetAudioOutputDevice, retval : 0
08-16 14:32:19.096 I/reService( 2207): onReportKeyEvent  type=type0 keycode=23*4*22*23*4*22*21*20*23 
08-16 14:32:19.097 E/LETV_DEVICE( 1780): no name sn for Mstar
08-16 14:32:19.103 E/ActivityThread( 2837): Failed to find provider info for com.letv.agnes.InfoProvider
08-16 14:32:19.104 E/ActivityThread( 2837): Failed to find provider info for com.letv.agnes.InfoProvider
08-16 14:32:19.104 W/System.err( 2837): java.lang.IllegalArgumentException: Unknown URL content://com.letv.agnes.InfoProvider
08-16 14:32:19.104 W/System.err( 2837): 	at android.content.ContentResolver.insert(ContentResolver.java:1227)
08-16 14:32:19.104 W/System.err( 2837): 	at com.letv.tracker2.agnes.Configuration.addDebugInfo(Configuration.java:289)
08-16 14:32:19.104 W/System.err( 2837): 	at com.letv.tracker2.agnes.MessageProcessor$SendEnvMsgTr$1.handleMessage(MessageProcessor.java:661)
08-16 14:32:19.104 W/System.err( 2837): 	at android.os.Handler.dispatchMessage(Handler.java:102)
08-16 14:32:19.104 W/System.err( 2837): 	at android.os.Looper.loop(Looper.java:148)
08-16 14:32:19.104 W/System.err( 2837): 	at com.letv.tracker2.agnes.MessageProcessor$SendEnvMsgTr.run(MessageProcessor.java:665)
08-16 14:32:19.109 I/[T1.0.6.3]EuiAgnes_Server( 2837): resCode:1
08-16 14:32:19.109 I/[T1.0.6.3]EuiAgnes_Server( 2837): b[0]:0
