08-16 14:31:50.059 I/tvos    ( 1764): #12|->SDK_bByDuringLimitedTimeAudioMute:0<-|->SDK_bSourceSwitchAudioMute:0<-|->SDK_bMHEGApMute:0<-|
08-16 14:31:50.059 I/tvos    ( 1764): #12|->SDK_bPowerOnMute:0<-|->SDK_bUsrSpdifAudioMute:1<-|->SDK_bNullSourceMute:0<-|->SDK_bByAppMute:0<-|
08-16 14:31:50.059 I/tvos    ( 1764): ---Amplifier_ALC1310_LR_SWMute(0)
08-16 14:31:50.059 I/tvos    ( 1764): ALC1310 unmute good, addr: 0x13 readbackvalue: 4 
08-16 14:31:50.059 I/tvos    ( 1764): GetAudioOutputDevice, retval : 0
08-16 14:31:50.060 I/tvos    ( 1764): SetSoundMuteStatus : m_hpMute : 1, m_spdifMute : 1, m_DataInMute : 0, m_channel7Mute : 0, m_internalMute : 0, m_spkrMute : 0, m_PcmCapture1Mute : 0, m_PcmCapture2Mute : 0 
08-16 14:31:50.061 I/AudioUtil( 1758): setParameters spk_volume=0
08-16 14:31:50.061 I/audio_hw_primary( 1758): adev_set_parameters: spk_volume=0
08-16 14:31:50.061 I/tvos    ( 1764): GetAudioOutputDevice, retval : 0
08-16 14:31:50.061 I/tvos    ( 1764): [SetMuteStatus] call SetSoundMuteStatus, line : 10369, muteType: 67108864, onOff : 1 
08-16 14:31:50.061 I/tvos    ( 1764): _TransMSrvMuteTypeToSDKMuteType: Err! muteType(67108864) is out of Range
08-16 14:31:50.063 I/tvos    ( 1764): [SetMuteStatus] call SetSoundMuteStatus, line : 10369, muteType: 4, onOff : 1 
08-16 14:31:50.063 I/tvos    ( 1764): [audioBSP] #1 m_internalMute : 0 ..
08-16 14:31:50.063 I/tvos    ( 1764): #1|->SDK_bPermanentAudioMute:0<-|->SDK_bMomentAudioMute:0 <-|->SDK_bBySyncAudioMute:0<-|->SDK_bByBlockAudioMute:0<-|->SDK_bByVChipAudioMute:0<-|
08-16 14:31:50.063 I/tvos    ( 1764): #1|->SDK_bInternal1AudioMute:0<-|->SDK_bInternal2AudioMute:0<-|->SDK_bInternal3AudioMute:0<-|->SDK_bInternal4AudioMute:0<-|
08-16 14:31:50.063 I/tvos    ( 1764): #1|->SDK_bByScanInOutchgCHchg:0<-|->SDK_bByDuringLimitedTimeAudioMute:0<-|->SDK_bSourceSwitchAudioMute:0<-|
08-16 14:31:50.063 I/tvos    ( 1764): #1|->SDK_bMHEGApMute:0<-|->SDK_bAllAudioMuteCtrl:0<-|->SDK_bPowerOnMute:0<-|->SDK_bNullSourceMute0<-|->SDK_bSetInputSourceAudioMute:0<-|
08-16 14:31:50.063 I/tvos    ( 1764): [audioBSP] #2 m_spkrMute : 1 ..|->SDK_bUsrSpkrAudioMute:0<-|->SDK_bPowerOnMute:0<-|->SDK_bByUserAudioMute:1<-|
08-16 14:31:50.063 I/tvos    ( 1764): [audioBSP] #3 m_PcmCapture2Mute:1 |->SDK_bByUserPcmCapture2Mute:0<-|->SDK_SUB_bByUserAudioMute:0<-|->SDK_bByUserAudioMute:1<-|
08-16 14:31:50.063 I/tvos    ( 1764): [audioBSP] #5 m_hpMute : 1 ..|->SDK_bUsrHpAudioMute:1<-|->SDK_bPowerOnMute:0<-|->SDK_bByUserAudioMute:1<-|
08-16 14:31:50.063 I/tvos    ( 1764): [audioBSP] #12 m_spdifMute : 1 ..
08-16 14:31:50.063 I/tvos    ( 1764): #12|->SDK_bPermanentAudioMute:0<-|->SDK_bMomentAudioMute:0<-|->SDK_bByBlockAudioMute:0<-|
08-16 14:31:50.063 I/tvos    ( 1764): #12|->SDK_bByVChipAudioMute:0<-|->SDK_bInternal1AudioMute:0<-|->SDK_bInternal4AudioMute:0<-|
08-16 14:31:50.063 I/tvos    ( 1764): #12|->SDK_bByDuringLimitedTimeAudioMute:0<-|->SDK_bSourceSwitchAudioMute:0<-|->SDK_bMHEGApMute:0<-|
08-16 14:31:50.064 I/tvos    ( 1764): #12|->SDK_bPowerOnMute:0<-|->SDK_bUsrSpdifAudioMute:1<-|->SDK_bNullSourceMute:0<-|->SDK_bByAppMute:0<-|
08-16 14:31:50.064 I/tvos    ( 1764): ---Amplifier_ALC1310_LR_SWMute(1)
08-16 14:31:50.064 I/tvos    ( 1764): ALC1310 mute write good, addr: 0x13, readback data : 49164, write cmd times : 1
08-16 14:31:50.066 I/tvos    ( 1764): SetSoundMuteStatus : m_hpMute : 1, m_spdifMute : 1, m_DataInMute : 0, m_channel7Mute : 0, m_internalMute : 0, m_spkrMute : 1, m_PcmCapture1Mute : 0, m_PcmCapture2Mute : 1 
08-16 14:31:50.073 W/InputDispatcher( 2207): findFocusedWindow finished: injectionResult=0, timeSpentWaitingForApplication=0.0ms
08-16 14:31:50.085 E/audio_hw_primary( 1758): out_get_presentation_position pcm_get_htimestamp(pcm, &avail, timestamp) != 0!!!
08-16 14:31:50.119 I/APM::AudioPolicyEngine( 1758): getDeviceForStrategy, 359
08-16 14:31:50.309 I/tvos    ( 1764): GetAudioOutputDevice, retval : 0
08-16 14:31:50.559 I/tvos    ( 1764): GetAudioOutputDevice, retval : 0
08-16 14:31:50.810 I/tvos    ( 1764): GetAudioOutputDevice, retval : 0
08-16 14:31:51.060 I/tvos    ( 1764): GetAudioOutputDevice, retval : 0
08-16 14:31:51.311 I/tvos    ( 1764): GetAudioOutputDevice, retval : 0
08-16 14:31:51.387 I/WifiStateMachine( 2207):  DisconnectedState !CMD_START_SCAN  rt=511977820/511977820 -2 34110 ic=1 proc(ms):15012 dur:2845 cnt=34110 rssi=-127 f=-1 sc=0 link=-1 tx=0.0, 0.0, 0.0  rx=0.0 fiv=20000 [on:0 tx:0 rx:0 period:15010] from screen [on:0 period:1097786715]
08-16 14:31:51.387 I/WifiStateMachine( 2207): handlescanrequest  starting scan for 
08-16 14:31:51.387 I/WifiStateMachine( 2207): startscannative  starting scan for 
08-16 14:31:51.561 I/tvos    ( 1764): GetAudioOutputDevice, retval : 0
08-16 14:31:51.597 I/remotestatus( 2207): Msg.what is 101
08-16 14:31:51.597 I/WindowManager( 2207): turn cursor off
08-16 14:31:51.597 E/RemoteManager( 2207): RemoteManager is no longer support in eui6.5
08-16 14:31:51.597 W/InputDispatcher( 2207): findFocusedWindow finished: injectionResult=0, timeSpentWaitingForApplication=0.0ms
08-16 14:31:51.599 E/InputManager-JNI( 2207): call nativeDisableCursor method with hideCursor
08-16 14:31:51.599 I/TVFeedback(19205): MyReportFragment -- onFocusChange: hasFocus = false
08-16 14:31:51.604 I/TVFeedback(19205): MyReportFragment -- onFocusChange: hasFocus = true
08-16 14:31:51.607 I/SoundPool(19205): enter : func play
08-16 14:31:51.608 I/APM::AudioPolicyEngine( 1758): getDeviceForStrategy, 359
08-16 14:31:51.613 I/audio_hw_primary( 1758): version:a00004 adev_create_audio_patch::mix->device 
08-16 14:31:51.613 I/audio_hw_primary( 1758): adev_create_audio_patch *handle=-1420227928 num_audio_patch=3
08-16 14:31:51.615 E/AudioManagerService( 1803): setAudioVolume(callingPid 1758, clientPid 1758, enSoundPath 0, volumn:0 )
08-16 14:31:51.617 I/tvos    ( 1764): SetVolume, subWooExist 0!
08-16 14:31:51.617 I/tvos    ( 1764): mapi_audio_customer::SetAbsoluteVolume: project name is X440M
08-16 14:31:51.617 I/tvos    ( 1764): SetAbsoluteVolume: uPercent : 0, path=52(speaker), VolumeInt=7f, VolumeFra=0
08-16 14:31:51.617 I/tvos    ( 1764): SetAbsoluteVolume: uPercent(currVol) : 0, realPath=52(default), VolumeInt=7f, VolumeFra=0
08-16 14:31:51.617 I/tvos    ( 1764): mapi_audio_customer::SetAbsoluteVolume: project name is X440M
08-16 14:31:51.617 I/tvos    ( 1764): SetAbsoluteVolume: uPercent : 0, path=49(HP), VolumeInt=7f, VolumeFra=0
08-16 14:31:51.617 I/tvos    ( 1764): SetAbsoluteVolume: uPercent(currVol) : 0, realPath=49(default), VolumeInt=7f, VolumeFra=0
08-16 14:31:51.617 I/tvos    ( 1764): mapi_audio_customer::SetAbsoluteVolume: project name is X440M
08-16 14:31:51.617 I/tvos    ( 1764): SetAbsoluteVolume, m_bBTDetect is false! 
08-16 14:31:51.617 I/tvos    ( 1764): mapi_audio_customer::SetAbsoluteVolume: project name is X440M
08-16 14:31:51.617 I/tvos    ( 1764): SetAbsoluteVolume: uPercent : 0, path=255(speaker), VolumeInt=7f, VolumeFra=0
08-16 14:31:51.617 I/tvos    ( 1764): SetAbsoluteVolume: uPercent(currVol) : 0, realPath=255(default), VolumeInt=7f, VolumeFra=0
08-16 14:31:51.617 I/tvos    ( 1764): [SetMuteStatus] call SetSoundMuteStatus, line : 10369, muteType: 4, onOff : 0 
08-16 14:31:51.617 I/tvos    ( 1764): [audioBSP] #1 m_internalMute : 0 ..
08-16 14:31:51.617 I/tvos    ( 1764): #1|->SDK_bPermanentAudioMute:0<-|->SDK_bMomentAudioMute:0 <-|->SDK_bBySyncAudioMute:0<-|->SDK_bByBlockAudioMute:0<-|->SDK_bByVChipAudioMute:0<-|
08-16 14:31:51.617 I/tvos    ( 1764): #1|->SDK_bInternal1AudioMute:0<-|->SDK_bInternal2AudioMute:0<-|->SDK_bInternal3AudioMute:0<-|->SDK_bInternal4AudioMute:0<-|
08-16 14:31:51.617 I/tvos    ( 1764): #1|->SDK_bByScanInOutchgCHchg:0<-|->SDK_bByDuringLimitedTimeAudioMute:0<-|->SDK_bSourceSwitchAudioMute:0<-|
08-16 14:31:51.617 I/tvos    ( 1764): #1|->SDK_bMHEGApMute:0<-|->SDK_bAllAudioMuteCtrl:0<-|->SDK_bPowerOnMute:0<-|->SDK_bNullSourceMute0<-|->SDK_bSetInputSourceAudioMute:0<-|
08-16 14:31:51.617 I/tvos    ( 1764): [audioBSP] #2 m_spkrMute : 0 ..|->SDK_bUsrSpkrAudioMute:0<-|->SDK_bPowerOnMute:0<-|->SDK_bByUserAudioMute:0<-|
08-16 14:31:51.617 I/tvos    ( 1764): [audioBSP] #3 m_PcmCapture2Mute:0 |->SDK_bByUserPcmCapture2Mute:0<-|->SDK_SUB_bByUserAudioMute:0<-|->SDK_bByUserAudioMute:0<-|
08-16 14:31:51.617 I/tvos    ( 1764): [audioBSP] #5 m_hpMute : 1 ..|->SDK_bUsrHpAudioMute:1<-|->SDK_bPowerOnMute:0<-|->SDK_bByUserAudioMute:0<-|
08-16 14:31:51.617 I/tvos    ( 1764): [audioBSP] #12 m_spdifMute : 1 ..
08-16 14:31:51.617 I/tvos    ( 1764): #12|->SDK_bPermanentAudioMute:0<-|->SDK_bMomentAudioMute:0<-|->SDK_bByBlockAudioMute:0<-|
08-16 14:31:51.617 I/tvos    ( 1764): #12|->SDK_bByVChipAudioMute:0<-|->SDK_bInternal1AudioMute:0<-|->SDK_bInternal4AudioMute:0<-|
08-16 14:31:51.617 I/tvos    ( 1764): #12|->SDK_bByDuringLimitedTimeAudioMute:0<-|->SDK_bSourceSwitchAudioMute:0<-|->SDK_bMHEGApMute:0<-|
08-16 14:31:51.617 I/tvos    ( 1764): #12|->SDK_bPowerOnMute:0<-|->SDK_bUsrSpdifAudioMute:1<-|->SDK_bNullSourceMute:0<-|->SDK_bByAppMute:0<-|
08-16 14:31:51.617 I/tvos    ( 1764): ---Amplifier_ALC1310_LR_SWMute(0)
08-16 14:31:51.617 I/tvos    ( 1764): ALC1310 unmute good, addr: 0x13 readbackvalue: 4 
08-16 14:31:51.619 I/tvos    ( 1764): SetSoundMuteStatus : m_hpMute : 1, m_spdifMute : 1, m_DataInMute : 0, m_channel7Mute : 0, m_internalMute : 0, m_spkrMute : 0, m_PcmCapture1Mute : 0, m_PcmCapture2Mute : 0 
08-16 14:31:51.619 I/AudioUtil( 1758): setParameters spk_volume=0
08-16 14:31:51.619 I/audio_hw_primary( 1758): adev_set_parameters: spk_volume=0
08-16 14:31:51.622 I/tvos    ( 1764): GetAudioOutputDevice, retval : 0
08-16 14:31:51.622 I/tvos    ( 1764): [SetMuteStatus] call SetSoundMuteStatus, line : 10369, muteType: 67108864, onOff : 1 
08-16 14:31:51.622 I/tvos    ( 1764): _TransMSrvMuteTypeToSDKMuteType: Err! muteType(67108864) is out of Range
08-16 14:31:51.622 I/tvos    ( 1764): [SetMuteStatus] call SetSoundMuteStatus, line : 10369, muteType: 4, onOff : 1 
08-16 14:31:51.622 I/tvos    ( 1764): [audioBSP] #1 m_internalMute : 0 ..
08-16 14:31:51.622 I/tvos    ( 1764): #1|->SDK_bPermanentAudioMute:0<-|->SDK_bMomentAudioMute:0 <-|->SDK_bBySyncAudioMute:0<-|->SDK_bByBlockAudioMute:0<-|->SDK_bByVChipAudioMute:0<-|
08-16 14:31:51.622 I/tvos    ( 1764): #1|->SDK_bInternal1AudioMute:0<-|->SDK_bInternal2AudioMute:0<-|->SDK_bInternal3AudioMute:0<-|->SDK_bInternal4AudioMute:0<-|
08-16 14:31:51.622 I/tvos    ( 1764): #1|->SDK_bByScanInOutchgCHchg:0<-|->SDK_bByDuringLimitedTimeAudioMute:0<-|->SDK_bSourceSwitchAudioMute:0<-|
08-16 14:31:51.622 I/tvos    ( 1764): #1|->SDK_bMHEGApMute:0<-|->SDK_bAllAudioMuteCtrl:0<-|->SDK_bPowerOnMute:0<-|->SDK_bNullSourceMute0<-|->SDK_bSetInputSourceAudioMute:0<-|
08-16 14:31:51.622 I/tvos    ( 1764): [audioBSP] #2 m_spkrMute : 1 ..|->SDK_bUsrSpkrAudioMute:0<-|->SDK_bPowerOnMute:0<-|->SDK_bByUserAudioMute:1<-|
08-16 14:31:51.622 I/tvos    ( 1764): [audioBSP] #3 m_PcmCapture2Mute:1 |->SDK_bByUserPcmCapture2Mute:0<-|->SDK_SUB_bByUserAudioMute:0<-|->SDK_bByUserAudioMute:1<-|
08-16 14:31:51.622 I/tvos    ( 1764): [audioBSP] #5 m_hpMute : 1 ..|->SDK_bUsrHpAudioMute:1<-|->SDK_bPowerOnMute:0<-|->SDK_bByUserAudioMute:1<-|
08-16 14:31:51.622 I/tvos    ( 1764): [audioBSP] #12 m_spdifMute : 1 ..
08-16 14:31:51.622 I/tvos    ( 1764): #12|->SDK_bPermanentAudioMute:0<-|->SDK_bMomentAudioMute:0<-|->SDK_bByBlockAudioMute:0<-|
08-16 14:31:51.622 I/tvos    ( 1764): #12|->SDK_bByVChipAudioMute:0<-|->SDK_bInternal1AudioMute:0<-|->SDK_bInternal4AudioMute:0<-|
08-16 14:31:51.622 I/tvos    ( 1764): #12|->SDK_bByDuringLimitedTimeAudioMute:0<-|->SDK_bSourceSwitchAudioMute:0<-|->SDK_bMHEGApMute:0<-|
08-16 14:31:51.622 I/tvos    ( 1764): #12|->SDK_bPowerOnMute:0<-|->SDK_bUsrSpdifAudioMute:1<-|->SDK_bNullSourceMute:0<-|->SDK_bByAppMute:0<-|
08-16 14:31:51.622 I/tvos    ( 1764): ---Amplifier_ALC1310_LR_SWMute(1)
08-16 14:31:51.622 I/tvos    ( 1764): ALC1310 mute write good, addr: 0x13, readback data : 49164, write cmd times : 1
08-16 14:31:51.624 I/tvos    ( 1764): SetSoundMuteStatus : m_hpMute : 1, m_spdifMute : 1, m_DataInMute : 0, m_channel7Mute : 0, m_internalMute : 0, m_spkrMute : 1, m_PcmCapture1Mute : 0, m_PcmCapture2Mute : 1 
08-16 14:31:51.629 W/InputDispatcher( 2207): findFocusedWindow finished: injectionResult=0, timeSpentWaitingForApplication=0.0ms
08-16 14:31:51.701 I/APM::AudioPolicyEngine( 1758): getDeviceForStrategy, 359
08-16 14:31:51.811 I/tvos    ( 1764): GetAudioOutputDevice, retval : 0
08-16 14:31:52.062 I/tvos    ( 1764): GetAudioOutputDevice, retval : 0
08-16 14:31:52.312 I/tvos    ( 1764): GetAudioOutputDevice, retval : 0
08-16 14:31:52.563 I/tvos    ( 1764): GetAudioOutputDevice, retval : 0
08-16 14:31:52.619 E/LetvRemoteupgradeManager-JNI( 2613): can't get LetvManager service!
08-16 14:31:52.813 I/tvos    ( 1764): GetAudioOutputDevice, retval : 0
08-16 14:31:53.063 I/tvos    ( 1764): GetAudioOutputDevice, retval : 0
08-16 14:31:53.134 W/InputDispatcher( 2207): findFocusedWindow finished: injectionResult=0, timeSpentWaitingForApplication=0.0ms
08-16 14:31:53.138 W/InputDispatcher( 2207): findFocusedWindow finished: injectionResult=0, timeSpentWaitingForApplication=0.0ms
08-16 14:31:53.138 I/TVFeedback(19205): MyReportFragment -- onClick: position is: 4
08-16 14:31:53.138 I/SoundPool( 2207): enter : func play
08-16 14:31:53.139 I/APM::AudioPolicyEngine( 1758): getDeviceForStrategy, 359
08-16 14:31:53.140 I/ActivityManager( 2207): START u0 {cmp=com.stv.feedback/.FeedbackDetailActivity (has extras)} from uid 1000 on display 0
08-16 14:31:53.145 I/audio_hw_primary( 1758): version:a00004 adev_create_audio_patch::mix->device 
08-16 14:31:53.145 I/audio_hw_primary( 1758): adev_create_audio_patch *handle=-1420227928 num_audio_patch=3
08-16 14:31:53.146 W/InputDispatcher( 2207): setFocusedApplication
08-16 14:31:53.147 E/AudioManagerService( 1803): setAudioVolume(callingPid 1758, clientPid 1758, enSoundPath 0, volumn:0 )
08-16 14:31:53.148 W/InputDispatcher( 2207): Focus left window: Window{c8405e2 u0 com.stv.feedback/com.stv.feedback.FeedbackActivity}
08-16 14:31:53.150 E/LETV_DEVICE( 1780): no name sn for Mstar
08-16 14:31:53.151 I/tvos    ( 1764): SetVolume, subWooExist 0!
08-16 14:31:53.151 I/tvos    ( 1764): mapi_audio_customer::SetAbsoluteVolume: project name is X440M
08-16 14:31:53.151 I/tvos    ( 1764): SetAbsoluteVolume: uPercent : 0, path=52(speaker), VolumeInt=7f, VolumeFra=0
08-16 14:31:53.151 I/tvos    ( 1764): SetAbsoluteVolume: uPercent(currVol) : 0, realPath=52(default), VolumeInt=7f, VolumeFra=0
08-16 14:31:53.151 I/tvos    ( 1764): mapi_audio_customer::SetAbsoluteVolume: project name is X440M
08-16 14:31:53.151 I/tvos    ( 1764): SetAbsoluteVolume: uPercent : 0, path=49(HP), VolumeInt=7f, VolumeFra=0
08-16 14:31:53.151 I/tvos    ( 1764): SetAbsoluteVolume: uPercent(currVol) : 0, realPath=49(default), VolumeInt=7f, VolumeFra=0
08-16 14:31:53.151 I/tvos    ( 1764): mapi_audio_customer::SetAbsoluteVolume: project name is X440M
08-16 14:31:53.151 I/tvos    ( 1764): SetAbsoluteVolume, m_bBTDetect is false! 
08-16 14:31:53.151 I/tvos    ( 1764): mapi_audio_customer::SetAbsoluteVolume: project name is X440M
08-16 14:31:53.151 I/tvos    ( 1764): SetAbsoluteVolume: uPercent : 0, path=255(speaker), VolumeInt=7f, VolumeFra=0
08-16 14:31:53.151 I/tvos    ( 1764): SetAbsoluteVolume: uPercent(currVol) : 0, realPath=255(default), VolumeInt=7f, VolumeFra=0
08-16 14:31:53.151 I/tvos    ( 1764): [SetMuteStatus] call SetSoundMuteStatus, line : 10369, muteType: 4, onOff : 0 
08-16 14:31:53.151 I/tvos    ( 1764): [audioBSP] #1 m_internalMute : 0 ..
08-16 14:31:53.151 I/tvos    ( 1764): #1|->SDK_bPermanentAudioMute:0<-|->SDK_bMomentAudioMute:0 <-|->SDK_bBySyncAudioMute:0<-|->SDK_bByBlockAudioMute:0<-|->SDK_bByVChipAudioMute:0<-|
08-16 14:31:53.151 I/tvos    ( 1764): #1|->SDK_bInternal1AudioMute:0<-|->SDK_bInternal2AudioMute:0<-|->SDK_bInternal3AudioMute:0<-|->SDK_bInternal4AudioMute:0<-|
08-16 14:31:53.151 I/tvos    ( 1764): #1|->SDK_bByScanInOutchgCHchg:0<-|->SDK_bByDuringLimitedTimeAudioMute:0<-|->SDK_bSourceSwitchAudioMute:0<-|
08-16 14:31:53.151 I/tvos    ( 1764): #1|->SDK_bMHEGApMute:0<-|->SDK_bAllAudioMuteCtrl:0<-|->SDK_bPowerOnMute:0<-|->SDK_bNullSourceMute0<-|->SDK_bSetInputSourceAudioMute:0<-|
08-16 14:31:53.151 I/tvos    ( 1764): [audioBSP] #2 m_spkrMute : 0 ..|->SDK_bUsrSpkrAudioMute:0<-|->SDK_bPowerOnMute:0<-|->SDK_bByUserAudioMute:0<-|
08-16 14:31:53.151 I/tvos    ( 1764): [audioBSP] #3 m_PcmCapture2Mute:0 |->SDK_bByUserPcmCapture2Mute:0<-|->SDK_SUB_bByUserAudioMute:0<-|->SDK_bByUserAudioMute:0<-|
08-16 14:31:53.151 I/tvos    ( 1764): [audioBSP] #5 m_hpMute : 1 ..|->SDK_bUsrHpAudioMute:1<-|->SDK_bPowerOnMute:0<-|->SDK_bByUserAudioMute:0<-|
08-16 14:31:53.151 I/tvos    ( 1764): [audioBSP] #12 m_spdifMute : 1 ..
08-16 14:31:53.151 I/tvos    ( 1764): #12|->SDK_bPermanentAudioMute:0<-|->SDK_bMomentAudioMute:0<-|->SDK_bByBlockAudioMute:0<-|
08-16 14:31:53.151 I/tvos    ( 1764): #12|->SDK_bByVChipAudioMute:0<-|->SDK_bInternal1AudioMute:0<-|->SDK_bInternal4AudioMute:0<-|
08-16 14:31:53.151 I/tvos    ( 1764): #12|->SDK_bByDuringLimitedTimeAudioMute:0<-|->SDK_bSourceSwitchAudioMute:0<-|->SDK_bMHEGApMute:0<-|
08-16 14:31:53.151 I/tvos    ( 1764): #12|->SDK_bPowerOnMute:0<-|->SDK_bUsrSpdifAudioMute:1<-|->SDK_bNullSourceMute:0<-|->SDK_bByAppMute:0<-|
08-16 14:31:53.151 I/tvos    ( 1764): ---Amplifier_ALC1310_LR_SWMute(0)
08-16 14:31:53.151 I/tvos    ( 1764): ALC1310 unmute good, addr: 0x13 readbackvalue: 4 
08-16 14:31:53.153 I/tvos    ( 1764): SetSoundMuteStatus : m_hpMute : 1, m_spdifMute : 1, m_DataInMute : 0, m_channel7Mute : 0, m_internalMute : 0, m_spkrMute : 0, m_PcmCapture1Mute : 0, m_PcmCapture2Mute : 0 
08-16 14:31:53.154 I/AudioUtil( 1758): setParameters spk_volume=0
08-16 14:31:53.154 I/audio_hw_primary( 1758): adev_set_parameters: spk_volume=0
08-16 14:31:53.155 I/tvos    ( 1764): GetAudioOutputDevice, retval : 0
08-16 14:31:53.156 I/tvos    ( 1764): [SetMuteStatus] call SetSoundMuteStatus, line : 10369, muteType: 67108864, onOff : 1 
08-16 14:31:53.156 I/tvos    ( 1764): _TransMSrvMuteTypeToSDKMuteType: Err! muteType(67108864) is out of Range
08-16 14:31:53.157 I/ActivityManager( 2207): accel TR12) TaskRecord{150a0ce #29 A=com.stv.feedback U=0 sz=2}
08-16 14:31:53.157 I/ActivityManager( 2207): accel TR11) TaskRecord{14b0d11 #1 A=com.stv.launcher U=0 sz=1}
08-16 14:31:53.160 I/tvos    ( 1764): [SetMuteStatus] call SetSoundMuteStatus, line : 10369, muteType: 4, onOff : 1 
08-16 14:31:53.160 I/tvos    ( 1764): [audioBSP] #1 m_internalMute : 0 ..
08-16 14:31:53.160 I/tvos    ( 1764): #1|->SDK_bPermanentAudioMute:0<-|->SDK_bMomentAudioMute:0 <-|->SDK_bBySyncAudioMute:0<-|->SDK_bByBlockAudioMute:0<-|->SDK_bByVChipAudioMute:0<-|
08-16 14:31:53.160 I/tvos    ( 1764): #1|->SDK_bInternal1AudioMute:0<-|->SDK_bInternal2AudioMute:0<-|->SDK_bInternal3AudioMute:0<-|->SDK_bInternal4AudioMute:0<-|
08-16 14:31:53.160 I/tvos    ( 1764): #1|->SDK_bByScanInOutchgCHchg:0<-|->SDK_bByDuringLimitedTimeAudioMute:0<-|->SDK_bSourceSwitchAudioMute:0<-|
08-16 14:31:53.160 I/tvos    ( 1764): #1|->SDK_bMHEGApMute:0<-|->SDK_bAllAudioMuteCtrl:0<-|->SDK_bPowerOnMute:0<-|->SDK_bNullSourceMute0<-|->SDK_bSetInputSourceAudioMute:0<-|
08-16 14:31:53.160 I/tvos    ( 1764): [audioBSP] #2 m_spkrMute : 1 ..|->SDK_bUsrSpkrAudioMute:0<-|->SDK_bPowerOnMute:0<-|->SDK_bByUserAudioMute:1<-|
08-16 14:31:53.160 I/tvos    ( 1764): [audioBSP] #3 m_PcmCapture2Mute:1 |->SDK_bByUserPcmCapture2Mute:0<-|->SDK_SUB_bByUserAudioMute:0<-|->SDK_bByUserAudioMute:1<-|
08-16 14:31:53.160 I/tvos    ( 1764): [audioBSP] #5 m_hpMute : 1 ..|->SDK_bUsrHpAudioMute:1<-|->SDK_bPowerOnMute:0<-|->SDK_bByUserAudioMute:1<-|
08-16 14:31:53.160 I/tvos    ( 1764): [audioBSP] #12 m_spdifMute : 1 ..
08-16 14:31:53.160 I/tvos    ( 1764): #12|->SDK_bPermanentAudioMute:0<-|->SDK_bMomentAudioMute:0<-|->SDK_bByBlockAudioMute:0<-|
08-16 14:31:53.160 I/tvos    ( 1764): #12|->SDK_bByVChipAudioMute:0<-|->SDK_bInternal1AudioMute:0<-|->SDK_bInternal4AudioMute:0<-|
08-16 14:31:53.160 I/tvos    ( 1764): #12|->SDK_bByDuringLimitedTimeAudioMute:0<-|->SDK_bSourceSwitchAudioMute:0<-|->SDK_bMHEGApMute:0<-|
08-16 14:31:53.160 I/tvos    ( 1764): #12|->SDK_bPowerOnMute:0<-|->SDK_bUsrSpdifAudioMute:1<-|->SDK_bNullSourceMute:0<-|->SDK_bByAppMute:0<-|
08-16 14:31:53.160 I/tvos    ( 1764): ---Amplifier_ALC1310_LR_SWMute(1)
08-16 14:31:53.160 I/tvos    ( 1764): ALC1310 mute write good, addr: 0x13, readback data : 49164, write cmd times : 1
08-16 14:31:53.160 E/ActivityThread( 2837): Failed to find provider info for com.letv.agnes.InfoProvider
08-16 14:31:53.161 I/tvos    ( 1764): SetSoundMuteStatus : m_hpMute : 1, m_spdifMute : 1, m_DataInMute : 0, m_channel7Mute : 0, m_internalMute : 0, m_spkrMute : 1, m_PcmCapture1Mute : 0, m_PcmCapture2Mute : 1 
08-16 14:31:53.162 I/System.out(19205): From style:
08-16 14:31:53.162 I/System.out(19205): Attrs: 3010001=0.6 3010002=res/drawable-hdpi-v4/ic_desk_app_bg.jpg 3010003=null 3010004=true
08-16 14:31:53.176 E/ActivityThread( 2837): Failed to find provider info for com.letv.agnes.InfoProvider
08-16 14:31:53.176 W/System.err( 2837): java.lang.IllegalArgumentException: Unknown URL content://com.letv.agnes.InfoProvider
08-16 14:31:53.176 W/System.err( 2837): 	at android.content.ContentResolver.insert(ContentResolver.java:1227)
08-16 14:31:53.176 W/System.err( 2837): 	at com.letv.tracker2.agnes.Configuration.addDebugInfo(Configuration.java:289)
08-16 14:31:53.176 W/System.err( 2837): 	at com.letv.tracker2.agnes.MessageProcessor$SendEnvMsgTr$1.handleMessage(MessageProcessor.java:661)
08-16 14:31:53.176 W/System.err( 2837): 	at android.os.Handler.dispatchMessage(Handler.java:102)
08-16 14:31:53.176 W/System.err( 2837): 	at android.os.Looper.loop(Looper.java:148)
08-16 14:31:53.176 W/System.err( 2837): 	at com.letv.tracker2.agnes.MessageProcessor$SendEnvMsgTr.run(MessageProcessor.java:665)
08-16 14:31:53.188 E/LETV_DEVICE( 1780): no name sn for Mstar
08-16 14:31:53.196 I/[T1.0.6.3]EuiAgnes_Server( 2837): resCode:1
08-16 14:31:53.196 I/[T1.0.6.3]EuiAgnes_Server( 2837): b[0]:0
08-16 14:31:53.203 I/LetvAccount(14745): UserInfoProvider -- appName: com.stv.feedback, permission: system(true) app(true), match=1
08-16 14:31:53.204 I/AccountManagerService( 2207): getTypesVisibleToCaller: isPermitted? true
08-16 14:31:53.224 W/InputDispatcher( 2207): Focus entered window: Window{c88e025 u0 com.stv.feedback/com.stv.feedback.FeedbackDetailActivity}
08-16 14:31:53.227 I/TVFeedback(19205): FeedBackUtils -- getSystemUserId - ssoToken = 103XXXWLm5iFfp7oHVCl5Nm5QniTYMwRr1riQV7kzFHb0cKblm5JnT7VZ62yLz6NiwchqILK4Vglv7ZN0oREFxfOiiJUsxPtqnon9LQtCfSYWPGD5q0Qm4
08-16 14:31:53.228 I/TVFeedback(19205): UrlUtils -- getFeedbackDetailUrl - URL= http://xfeedback-scloud.cp21.ott.cibntv.net/api/v3/tvfeedbacklist/line?version=V2409RCN02C065307D08011D&versionName=6.5.307D_0801&model=X440M&ui=6.5&hwVersion=H5000&mac=b01bd2542d51&region=CN&user-prefer-language=zh-cn&_id=5b5f6ac4db47b5e45b423d1a&sso_tk=103XXXWLm5iFfp7oHVCl5Nm5QniTYMwRr1riQV7kzFHb0cKblm5JnT7VZ62yLz6NiwchqILK4Vglv7ZN0oREFxfOiiJUsxPtqnon9LQtCfSYWPGD5q0Qm4&&_ak=akfileup_YHoqMHgt&_time=1534401113228&_sign=c4dffc0ea69031b6c2e3cfa7cb9a60e8
08-16 14:31:53.232 E/BufferQueueProducer( 1749): [com.stv.feedback/com.stv.feedback.FeedbackDetailActivity] connect(P): already connected (cur=1 req=1)
08-16 14:31:53.273 I/TVFeedback(19205): FeedBackUtils -- id is: 5b5f6ac4db47b5e45b423d1a
08-16 14:31:53.274 I/ActivityManager( 2207): Displayed com.stv.feedback/.FeedbackDetailActivity: +120ms
08-16 14:31:53.274 W/ContextImpl( 2207): Calling a method in the system process without a qualified user: android.app.ContextImpl.sendBroadcast:766 com.android.server.am.ActivityRecord.reportLaunchTimeLocked:1056 com.android.server.am.ActivityRecord.windowsDrawnLocked:1080 com.android.server.am.ActivityRecord$Token.windowsDrawn:345 com.android.server.wm.WindowManagerService$H.handleMessage:8042 
08-16 14:31:53.302 I/TVFeedback(19205): FeedbackDetailActivity -- position is = 0
08-16 14:31:53.314 I/tvos    ( 1764): GetAudioOutputDevice, retval : 0
08-16 14:31:53.564 I/tvos    ( 1764): GetAudioOutputDevice, retval : 0
08-16 14:31:53.745 I/APM::AudioPolicyEngine( 1758): getDeviceForStrategy, 359
08-16 14:31:53.815 I/tvos    ( 1764): GetAudioOutputDevice, retval : 0
08-16 14:31:54.065 I/tvos    ( 1764): GetAudioOutputDevice, retval : 0
08-16 14:31:54.246 I/WifiStateMachine( 2207):  DisconnectedState !SCAN_RESULTS_EVENT  rt=511980679/511980679 0 0 found=161 known=0 got=161 bcn=0 con=0
08-16 14:31:54.246 I/WifiStateMachine( 2207):  ConnectModeState !SCAN_RESULTS_EVENT  rt=511980680/511980680 0 0 found=161 known=0 got=161 bcn=0 con=0
08-16 14:31:54.247 I/WifiStateMachine( 2207):  DriverStartedState !SCAN_RESULTS_EVENT  rt=511980680/511980680 0 0 found=161 known=0 got=161 bcn=0 con=0
08-16 14:31:54.247 I/WifiStateMachine( 2207):  SupplicantStartedState !SCAN_RESULTS_EVENT  rt=511980680/511980680 0 0 found=161 known=0 got=161 bcn=0 con=0
08-16 14:31:54.316 I/tvos    ( 1764): GetAudioOutputDevice, retval : 0
08-16 14:31:54.340 I/WifiStateMachine( 2207): setscanresults newsupplicantresult
08-16 14:31:54.566 I/tvos    ( 1764): GetAudioOutputDevice, retval : 0
08-16 14:31:54.656 W/InputDispatcher( 2207): findFocusedWindow finished: injectionResult=0, timeSpentWaitingForApplication=0.0ms
08-16 14:31:54.659 W/InputDispatcher( 2207): findFocusedWindow finished: injectionResult=0, timeSpentWaitingForApplication=0.0ms
08-16 14:31:54.663 W/InputDispatcher( 2207): setFocusedApplication
08-16 14:31:54.674 I/ActivityManager( 2207): accel TR12) TaskRecord{150a0ce #29 A=com.stv.feedback U=0 sz=2}
08-16 14:31:54.674 I/ActivityManager( 2207): accel TR11) TaskRecord{14b0d11 #1 A=com.stv.launcher U=0 sz=1}
08-16 14:31:54.695 I/TVFeedback(19205): FeedbackActivity -- onResume
08-16 14:31:54.695 I/TVFeedback(19205): FeedbackActivity -- dataFromDesktop:null
08-16 14:31:54.721 W/InputDispatcher( 2207): Focus left window: Window{c88e025 u0 com.stv.feedback/com.stv.feedback.FeedbackDetailActivity}
08-16 14:31:54.722 W/InputDispatcher( 2207): Focus entered window: Window{c8405e2 u0 com.stv.feedback/com.stv.feedback.FeedbackActivity}
08-16 14:31:54.726 E/BufferQueueProducer( 1749): [com.stv.feedback/com.stv.feedback.FeedbackActivity] connect(P): already connected (cur=1 req=1)
08-16 14:31:54.735 I/OMXClient(19205): Using client-side OMX mux.
08-16 14:31:54.786 I/tvos    ( 1764): [37m[INFO] Change to Voltage: 1150 mV (0x22)[m
08-16 14:31:54.786 I/tvos    ( 1764): [37m[INFO] Change to Voltage: 1150 mV (0x25)[m
08-16 14:31:54.786 I/tvos    ( 1764): [37m[INFO] Change to Voltage: 1150 mV (0x28)[m
08-16 14:31:54.788 I/tvos    ( 1764): [37m[INFO] Change to Voltage: 1150 mV (0x2B)[m
08-16 14:31:54.790 I/tvos    ( 1764): [37m[INFO] Change to Voltage: 1150 mV (0x2E)[m
08-16 14:31:54.793 I/tvos    ( 1764): [37m[INFO] Change to Voltage: 1150 mV (0x2E)[m
08-16 14:31:54.817 I/tvos    ( 1764): GetAudioOutputDevice, retval : 0
08-16 14:31:54.887 I/tvos    ( 1764): [37m[INFO] Change to Voltage: 1030 mV (0x2E)[m
08-16 14:31:54.887 I/tvos    ( 1764): [37m[INFO] Change to Voltage: 1030 mV (0x2B)[m
08-16 14:31:54.887 I/tvos    ( 1764): [37m[INFO] Change to Voltage: 1030 mV (0x28)[m
08-16 14:31:54.887 I/tvos    ( 1764): [37m[INFO] Change to Voltage: 1030 mV (0x25)[m
08-16 14:31:54.889 I/tvos    ( 1764): [37m[INFO] Change to Voltage: 1030 mV (0x22)[m
08-16 14:31:54.889 I/tvos    ( 1764): [37m[INFO] Change to Voltage: 1030 mV (0x22)[m
08-16 14:31:55.067 I/tvos    ( 1764): GetAudioOutputDevice, retval : 0
08-16 14:31:55.211 I/TVFeedback(19205): MyApplication -- onActivityDestroyed mVisible = 1, mIsWorkInit = false
08-16 14:31:55.211 I/art     (19205): Starting a blocking GC Explicit
08-16 14:31:55.225 I/art     (19205): Explicit concurrent mark sweep GC freed 3014(240KB) AllocSpace objects, 2(32KB) LOS objects, 40% free, 20MB/33MB, paused 300us total 13.850ms
08-16 14:31:55.229 E/System  (19205): Uncaught exception thrown by finalizer
08-16 14:31:55.232 E/System  (19205): java.lang.NullPointerException: Attempt to invoke interface method 'android.os.IBinder com.android.internal.app.IAppOpsCallback.asBinder()' on a null object reference
08-16 14:31:55.232 E/System  (19205): 	at android.os.Parcel.readException(Parcel.java:1605)
08-16 14:31:55.232 E/System  (19205): 	at android.os.Parcel.readException(Parcel.java:1552)
08-16 14:31:55.232 E/System  (19205): 	at com.android.internal.app.IAppOpsService$Stub$Proxy.stopWatchingMode(IAppOpsService.java:420)
08-16 14:31:55.232 E/System  (19205): 	at android.media.SoundPool.release(SoundPool.java:194)
08-16 14:31:55.232 E/System  (19205): 	at android.media.SoundPool.finalize(SoundPool.java:203)
08-16 14:31:55.232 E/System  (19205): 	at java.lang.Daemons$FinalizerDaemon.doFinalize(Daemons.java:202)
08-16 14:31:55.232 E/System  (19205): 	at java.lang.Daemons$FinalizerDaemon.run(Daemons.java:185)
08-16 14:31:55.232 E/System  (19205): 	at java.lang.Thread.run(Thread.java:818)
08-16 14:31:55.236 E/System  (19205): Uncaught exception thrown by finalizer
08-16 14:31:55.237 E/System  (19205): java.lang.NullPointerException: Attempt to invoke interface method 'android.os.IBinder com.android.internal.app.IAppOpsCallback.asBinder()' on a null object reference
08-16 14:31:55.237 E/System  (19205): 	at android.os.Parcel.readException(Parcel.java:1605)
08-16 14:31:55.237 E/System  (19205): 	at android.os.Parcel.readException(Parcel.java:1552)
08-16 14:31:55.237 E/System  (19205): 	at com.android.internal.app.IAppOpsService$Stub$Proxy.stopWatchingMode(IAppOpsService.java:420)
08-16 14:31:55.237 E/System  (19205): 	at android.media.SoundPool.release(SoundPool.java:194)
08-16 14:31:55.237 E/System  (19205): 	at android.media.SoundPool.finalize(SoundPool.java:203)
08-16 14:31:55.237 E/System  (19205): 	at java.lang.Daemons$FinalizerDaemon.doFinalize(Daemons.java:202)
08-16 14:31:55.237 E/System  (19205): 	at java.lang.Daemons$FinalizerDaemon.run(Daemons.java:185)
08-16 14:31:55.237 E/System  (19205): 	at java.lang.Thread.run(Thread.java:818)
08-16 14:31:55.238 E/System  (19205): Uncaught exception thrown by finalizer
08-16 14:31:55.238 E/System  (19205): java.lang.NullPointerException: Attempt to invoke interface method 'android.os.IBinder com.android.internal.app.IAppOpsCallback.asBinder()' on a null object reference
08-16 14:31:55.238 E/System  (19205): 	at android.os.Parcel.readException(Parcel.java:1605)
08-16 14:31:55.238 E/System  (19205): 	at android.os.Parcel.readException(Parcel.java:1552)
08-16 14:31:55.238 E/System  (19205): 	at com.android.internal.app.IAppOpsService$Stub$Proxy.stopWatchingMode(IAppOpsService.java:420)
08-16 14:31:55.238 E/System  (19205): 	at android.media.SoundPool.release(SoundPool.java:194)
08-16 14:31:55.238 E/System  (19205): 	at android.media.SoundPool.finalize(SoundPool.java:203)
08-16 14:31:55.238 E/System  (19205): 	at java.lang.Daemons$FinalizerDaemon.doFinalize(Daemons.java:202)
08-16 14:31:55.238 E/System  (19205): 	at java.lang.Daemons$FinalizerDaemon.run(Daemons.java:185)
08-16 14:31:55.238 E/System  (19205): 	at java.lang.Thread.run(Thread.java:818)
08-16 14:31:55.239 E/System  (19205): Uncaught exception thrown by finalizer
08-16 14:31:55.240 E/System  (19205): java.lang.NullPointerException: Attempt to invoke interface method 'android.os.IBinder com.android.internal.app.IAppOpsCallback.asBinder()' on a null object reference
08-16 14:31:55.240 E/System  (19205): 	at android.os.Parcel.readException(Parcel.java:1605)
08-16 14:31:55.240 E/System  (19205): 	at android.os.Parcel.readException(Parcel.java:1552)
08-16 14:31:55.240 E/System  (19205): 	at com.android.internal.app.IAppOpsService$Stub$Proxy.stopWatchingMode(IAppOpsService.java:420)
08-16 14:31:55.240 E/System  (19205): 	at android.media.SoundPool.release(SoundPool.java:194)
08-16 14:31:55.240 E/System  (19205): 	at android.media.SoundPool.finalize(SoundPool.java:203)
08-16 14:31:55.240 E/System  (19205): 	at java.lang.Daemons$FinalizerDaemon.doFinalize(Daemons.java:202)
08-16 14:31:55.240 E/System  (19205): 	at java.lang.Daemons$FinalizerDaemon.run(Daemons.java:185)
08-16 14:31:55.240 E/System  (19205): 	at java.lang.Thread.run(Thread.java:818)
08-16 14:31:55.240 I/art     (19205): Starting a blocking GC Explicit
08-16 14:31:55.254 I/art     (19205): Explicit concurrent mark sweep GC freed 2431(204KB) AllocSpace objects, 0(0B) LOS objects, 40% free, 20MB/33MB, paused 275us total 14.384ms
08-16 14:31:55.254 I/art     (19205): Starting a blocking GC Explicit
08-16 14:31:55.267 I/art     (19205): Explicit concurrent mark sweep GC freed 3(96B) AllocSpace objects, 0(0B) LOS objects, 40% free, 20MB/33MB, paused 333us total 12.066ms
08-16 14:31:55.275 W/InputDispatcher( 2207): Window went away: Window{c88e025 u0 com.stv.feedback/com.stv.feedback.FeedbackDetailActivity}
08-16 14:31:55.317 I/tvos    ( 1764): GetAudioOutputDevice, retval : 0
08-16 14:31:55.568 I/tvos    ( 1764): GetAudioOutputDevice, retval : 0
08-16 14:31:55.619 E/LetvRemoteupgradeManager-JNI( 2613): can't get LetvManager service!
08-16 14:31:55.818 I/tvos    ( 1764): GetAudioOutputDevice, retval : 0
08-16 14:31:56.069 I/tvos    ( 1764): GetAudioOutputDevice, retval : 0
08-16 14:31:56.185 I/remotestatus( 2207): Msg.what is 101
08-16 14:31:56.185 I/WindowManager( 2207): turn cursor off
08-16 14:31:56.185 E/RemoteManager( 2207): RemoteManager is no longer support in eui6.5
08-16 14:31:56.185 W/InputDispatcher( 2207): findFocusedWindow finished: injectionResult=0, timeSpentWaitingForApplication=0.0ms
08-16 14:31:56.186 E/InputManager-JNI( 2207): call nativeDisableCursor method with hideCursor
08-16 14:31:56.187 I/TVFeedback(19205): MyReportFragment -- onFocusChange: hasFocus = false
08-16 14:31:56.194 I/TVFeedback(19205): MyReportFragment -- onFocusChange: hasFocus = true
08-16 14:31:56.198 I/SoundPool( 2207): enter : func play
08-16 14:31:56.199 I/APM::AudioPolicyEngine( 1758): getDeviceForStrategy, 359
08-16 14:31:56.203 W/InputDispatcher( 2207): findFocusedWindow finished: injectionResult=0, timeSpentWaitingForApplication=0.0ms
08-16 14:31:56.211 I/audio_hw_primary( 1758): version:a00004 adev_create_audio_patch::mix->device 
08-16 14:31:56.211 I/audio_hw_primary( 1758): adev_create_audio_patch *handle=-1420227928 num_audio_patch=3
08-16 14:31:56.215 E/AudioManagerService( 1803): setAudioVolume(callingPid 1758, clientPid 1758, enSoundPath 0, volumn:0 )
08-16 14:31:56.218 I/tvos    ( 1764): SetVolume, subWooExist 0!
08-16 14:31:56.218 I/tvos    ( 1764): mapi_audio_customer::SetAbsoluteVolume: project name is X440M
08-16 14:31:56.218 I/tvos    ( 1764): SetAbsoluteVolume: uPercent : 0, path=52(speaker), VolumeInt=7f, VolumeFra=0
08-16 14:31:56.218 I/tvos    ( 1764): SetAbsoluteVolume: uPercent(currVol) : 0, realPath=52(default), VolumeInt=7f, VolumeFra=0
08-16 14:31:56.218 I/tvos    ( 1764): mapi_audio_customer::SetAbsoluteVolume: project name is X440M
08-16 14:31:56.218 I/tvos    ( 1764): SetAbsoluteVolume: uPercent : 0, path=49(HP), VolumeInt=7f, VolumeFra=0
08-16 14:31:56.218 I/tvos    ( 1764): SetAbsoluteVolume: uPercent(currVol) : 0, realPath=49(default), VolumeInt=7f, VolumeFra=0
08-16 14:31:56.218 I/tvos    ( 1764): mapi_audio_customer::SetAbsoluteVolume: project name is X440M
08-16 14:31:56.218 I/tvos    ( 1764): SetAbsoluteVolume, m_bBTDetect is false! 
08-16 14:31:56.218 I/tvos    ( 1764): mapi_audio_customer::SetAbsoluteVolume: project name is X440M
08-16 14:31:56.218 I/tvos    ( 1764): SetAbsoluteVolume: uPercent : 0, path=255(speaker), VolumeInt=7f, VolumeFra=0
08-16 14:31:56.218 I/tvos    ( 1764): SetAbsoluteVolume: uPercent(currVol) : 0, realPath=255(default), VolumeInt=7f, VolumeFra=0
08-16 14:31:56.218 I/tvos    ( 1764): [SetMuteStatus] call SetSoundMuteStatus, line : 10369, muteType: 4, onOff : 0 
08-16 14:31:56.218 I/tvos    ( 1764): [audioBSP] #1 m_internalMute : 0 ..
08-16 14:31:56.218 I/tvos    ( 1764): #1|->SDK_bPermanentAudioMute:0<-|->SDK_bMomentAudioMute:0 <-|->SDK_bBySyncAudioMute:0<-|->SDK_bByBlockAudioMute:0<-|->SDK_bByVChipAudioMute:0<-|
08-16 14:31:56.218 I/tvos    ( 1764): #1|->SDK_bInternal1AudioMute:0<-|->SDK_bInternal2AudioMute:0<-|->SDK_bInternal3AudioMute:0<-|->SDK_bInternal4AudioMute:0<-|
08-16 14:31:56.218 I/tvos    ( 1764): #1|->SDK_bByScanInOutchgCHchg:0<-|->SDK_bByDuringLimitedTimeAudioMute:0<-|->SDK_bSourceSwitchAudioMute:0<-|
08-16 14:31:56.218 I/tvos    ( 1764): #1|->SDK_bMHEGApMute:0<-|->SDK_bAllAudioMuteCtrl:0<-|->SDK_bPowerOnMute:0<-|->SDK_bNullSourceMute0<-|->SDK_bSetInputSourceAudioMute:0<-|
08-16 14:31:56.218 I/tvos    ( 1764): [audioBSP] #2 m_spkrMute : 0 ..|->SDK_bUsrSpkrAudioMute:0<-|->SDK_bPowerOnMute:0<-|->SDK_bByUserAudioMute:0<-|
08-16 14:31:56.218 I/tvos    ( 1764): [audioBSP] #3 m_PcmCapture2Mute:0 |->SDK_bByUserPcmCapture2Mute:0<-|->SDK_SUB_bByUserAudioMute:0<-|->SDK_bByUserAudioMute:0<-|
08-16 14:31:56.218 I/tvos    ( 1764): [audioBSP] #5 m_hpMute : 1 ..|->SDK_bUsrHpAudioMute:1<-|->SDK_bPowerOnMute:0<-|->SDK_bByUserAudioMute:0<-|
08-16 14:31:56.218 I/tvos    ( 1764): [audioBSP] #12 m_spdifMute : 1 ..
08-16 14:31:56.218 I/tvos    ( 1764): #12|->SDK_bPermanentAudioMute:0<-|->SDK_bMomentAudioMute:0<-|->SDK_bByBlockAudioMute:0<-|
08-16 14:31:56.218 I/tvos    ( 1764): #12|->SDK_bByVChipAudioMute:0<-|->SDK_bInternal1AudioMute:0<-|->SDK_bInternal4AudioMute:0<-|
08-16 14:31:56.218 I/tvos    ( 1764): #12|->SDK_bByDuringLimitedTimeAudioMute:0<-|->SDK_bSourceSwitchAudioMute:0<-|->SDK_bMHEGApMute:0<-|
08-16 14:31:56.218 I/tvos    ( 1764): #12|->SDK_bPowerOnMute:0<-|->SDK_bUsrSpdifAudioMute:1<-|->SDK_bNullSourceMute:0<-|->SDK_bByAppMute:0<-|
08-16 14:31:56.218 I/tvos    ( 1764): ---Amplifier_ALC1310_LR_SWMute(0)
08-16 14:31:56.218 I/tvos    ( 1764): ALC1310 unmute good, addr: 0x13 readbackvalue: 4 
08-16 14:31:56.220 I/tvos    ( 1764): SetSoundMuteStatus : m_hpMute : 1, m_spdifMute : 1, m_DataInMute : 0, m_channel7Mute : 0, m_internalMute : 0, m_spkrMute : 0, m_PcmCapture1Mute : 0, m_PcmCapture2Mute : 0 
08-16 14:31:56.222 I/AudioUtil( 1758): setParameters spk_volume=0
08-16 14:31:56.222 I/audio_hw_primary( 1758): adev_set_parameters: spk_volume=0
08-16 14:31:56.222 I/tvos    ( 1764): GetAudioOutputDevice, retval : 0
08-16 14:31:56.223 I/tvos    ( 1764): [SetMuteStatus] call SetSoundMuteStatus, line : 10369, muteType: 67108864, onOff : 1 
08-16 14:31:56.223 I/tvos    ( 1764): _TransMSrvMuteTypeToSDKMuteType: Err! muteType(67108864) is out of Range
08-16 14:31:56.225 I/tvos    ( 1764): [SetMuteStatus] call SetSoundMuteStatus, line : 10369, muteType: 4, onOff : 1 
08-16 14:31:56.225 I/tvos    ( 1764): [audioBSP] #1 m_internalMute : 0 ..
08-16 14:31:56.225 I/tvos    ( 1764): #1|->SDK_bPermanentAudioMute:0<-|->SDK_bMomentAudioMute:0 <-|->SDK_bBySyncAudioMute:0<-|->SDK_bByBlockAudioMute:0<-|->SDK_bByVChipAudioMute:0<-|
08-16 14:31:56.225 I/tvos    ( 1764): #1|->SDK_bInternal1AudioMute:0<-|->SDK_bInternal2AudioMute:0<-|->SDK_bInternal3AudioMute:0<-|->SDK_bInternal4AudioMute:0<-|
08-16 14:31:56.225 I/tvos    ( 1764): #1|->SDK_bByScanInOutchgCHchg:0<-|->SDK_bByDuringLimitedTimeAudioMute:0<-|->SDK_bSourceSwitchAudioMute:0<-|
08-16 14:31:56.225 I/tvos    ( 1764): #1|->SDK_bMHEGApMute:0<-|->SDK_bAllAudioMuteCtrl:0<-|->SDK_bPowerOnMute:0<-|->SDK_bNullSourceMute0<-|->SDK_bSetInputSourceAudioMute:0<-|
08-16 14:31:56.226 I/tvos    ( 1764): [audioBSP] #2 m_spkrMute : 1 ..|->SDK_bUsrSpkrAudioMute:0<-|->SDK_bPowerOnMute:0<-|->SDK_bByUserAudioMute:1<-|
08-16 14:31:56.226 I/tvos    ( 1764): [audioBSP] #3 m_PcmCapture2Mute:1 |->SDK_bByUserPcmCapture2Mute:0<-|->SDK_SUB_bByUserAudioMute:0<-|->SDK_bByUserAudioMute:1<-|
08-16 14:31:56.226 I/tvos    ( 1764): [audioBSP] #5 m_hpMute : 1 ..|->SDK_bUsrHpAudioMute:1<-|->SDK_bPowerOnMute:0<-|->SDK_bByUserAudioMute:1<-|
08-16 14:31:56.226 I/tvos    ( 1764): [audioBSP] #12 m_spdifMute : 1 ..
08-16 14:31:56.226 I/tvos    ( 1764): #12|->SDK_bPermanentAudioMute:0<-|->SDK_bMomentAudioMute:0<-|->SDK_bByBlockAudioMute:0<-|
08-16 14:31:56.226 I/tvos    ( 1764): #12|->SDK_bByVChipAudioMute:0<-|->SDK_bInternal1AudioMute:0<-|->SDK_bInternal4AudioMute:0<-|
08-16 14:31:56.226 I/tvos    ( 1764): #12|->SDK_bByDuringLimitedTimeAudioMute:0<-|->SDK_bSourceSwitchAudioMute:0<-|->SDK_bMHEGApMute:0<-|
08-16 14:31:56.226 I/tvos    ( 1764): #12|->SDK_bPowerOnMute:0<-|->SDK_bUsrSpdifAudioMute:1<-|->SDK_bNullSourceMute:0<-|->SDK_bByAppMute:0<-|
08-16 14:31:56.226 I/tvos    ( 1764): ---Amplifier_ALC1310_LR_SWMute(1)
08-16 14:31:56.226 I/tvos    ( 1764): ALC1310 mute write good, addr: 0x13, readback data : 49164, write cmd times : 1
08-16 14:31:56.227 I/tvos    ( 1764): SetSoundMuteStatus : m_hpMute : 1, m_spdifMute : 1, m_DataInMute : 0, m_channel7Mute : 0, m_internalMute : 0, m_spkrMute : 1, m_PcmCapture1Mute : 0, m_PcmCapture2Mute : 1 
08-16 14:31:56.309 I/APM::AudioPolicyEngine( 1758): getDeviceForStrategy, 359
08-16 14:31:56.319 I/tvos    ( 1764): GetAudioOutputDevice, retval : 0
08-16 14:31:56.569 I/tvos    ( 1764): GetAudioOutputDevice, retval : 0
08-16 14:31:56.820 I/tvos    ( 1764): GetAudioOutputDevice, retval : 0
08-16 14:31:57.071 I/tvos    ( 1764): GetAudioOutputDevice, retval : 0
08-16 14:31:57.321 I/tvos    ( 1764): GetAudioOutputDevice, retval : 0
08-16 14:31:57.571 I/tvos    ( 1764): GetAudioOutputDevice, retval : 0
08-16 14:31:57.713 W/InputDispatcher( 2207): findFocusedWindow finished: injectionResult=0, timeSpentWaitingForApplication=0.0ms
08-16 14:31:57.718 W/InputDispatcher( 2207): findFocusedWindow finished: injectionResult=0, timeSpentWaitingForApplication=0.0ms
08-16 14:31:57.718 I/TVFeedback(19205): MyReportFragment -- onClick: position is: 5
08-16 14:31:57.719 I/SoundPool( 2207): enter : func play
08-16 14:31:57.720 I/ActivityManager( 2207): START u0 {cmp=com.stv.feedback/.FeedbackDetailActivity (has extras)} from uid 1000 on display 0
08-16 14:31:57.721 I/APM::AudioPolicyEngine( 1758): getDeviceForStrategy, 359
08-16 14:31:57.727 I/audio_hw_primary( 1758): version:a00004 adev_create_audio_patch::mix->device 
08-16 14:31:57.727 I/audio_hw_primary( 1758): adev_create_audio_patch *handle=-1420227928 num_audio_patch=3
08-16 14:31:57.727 W/InputDispatcher( 2207): setFocusedApplication
08-16 14:31:57.728 E/AudioManagerService( 1803): setAudioVolume(callingPid 1758, clientPid 1758, enSoundPath 0, volumn:0 )
08-16 14:31:57.729 W/InputDispatcher( 2207): Focus left window: Window{c8405e2 u0 com.stv.feedback/com.stv.feedback.FeedbackActivity}
08-16 14:31:57.731 I/tvos    ( 1764): SetVolume, subWooExist 0!
08-16 14:31:57.731 I/tvos    ( 1764): mapi_audio_customer::SetAbsoluteVolume: project name is X440M
08-16 14:31:57.731 I/tvos    ( 1764): SetAbsoluteVolume: uPercent : 0, path=52(speaker), VolumeInt=7f, VolumeFra=0
08-16 14:31:57.731 I/tvos    ( 1764): SetAbsoluteVolume: uPercent(currVol) : 0, realPath=52(default), VolumeInt=7f, VolumeFra=0
08-16 14:31:57.731 I/tvos    ( 1764): mapi_audio_customer::SetAbsoluteVolume: project name is X440M
08-16 14:31:57.731 I/tvos    ( 1764): SetAbsoluteVolume: uPercent : 0, path=49(HP), VolumeInt=7f, VolumeFra=0
08-16 14:31:57.731 I/tvos    ( 1764): SetAbsoluteVolume: uPercent(currVol) : 0, realPath=49(default), VolumeInt=7f, VolumeFra=0
08-16 14:31:57.731 I/tvos    ( 1764): mapi_audio_customer::SetAbsoluteVolume: project name is X440M
08-16 14:31:57.731 I/tvos    ( 1764): SetAbsoluteVolume, m_bBTDetect is false! 
08-16 14:31:57.731 I/tvos    ( 1764): mapi_audio_customer::SetAbsoluteVolume: project name is X440M
08-16 14:31:57.731 I/tvos    ( 1764): SetAbsoluteVolume: uPercent : 0, path=255(speaker), VolumeInt=7f, VolumeFra=0
08-16 14:31:57.731 I/tvos    ( 1764): SetAbsoluteVolume: uPercent(currVol) : 0, realPath=255(default), VolumeInt=7f, VolumeFra=0
08-16 14:31:57.731 I/tvos    ( 1764): [SetMuteStatus] call SetSoundMuteStatus, line : 10369, muteType: 4, onOff : 0 
08-16 14:31:57.731 I/tvos    ( 1764): [audioBSP] #1 m_internalMute : 0 ..
08-16 14:31:57.731 I/tvos    ( 1764): #1|->SDK_bPermanentAudioMute:0<-|->SDK_bMomentAudioMute:0 <-|->SDK_bBySyncAudioMute:0<-|->SDK_bByBlockAudioMute:0<-|->SDK_bByVChipAudioMute:0<-|
08-16 14:31:57.731 I/tvos    ( 1764): #1|->SDK_bInternal1AudioMute:0<-|->SDK_bInternal2AudioMute:0<-|->SDK_bInternal3AudioMute:0<-|->SDK_bInternal4AudioMute:0<-|
08-16 14:31:57.731 I/tvos    ( 1764): #1|->SDK_bByScanInOutchgCHchg:0<-|->SDK_bByDuringLimitedTimeAudioMute:0<-|->SDK_bSourceSwitchAudioMute:0<-|
08-16 14:31:57.731 I/tvos    ( 1764): #1|->SDK_bMHEGApMute:0<-|->SDK_bAllAudioMuteCtrl:0<-|->SDK_bPowerOnMute:0<-|->SDK_bNullSourceMute0<-|->SDK_bSetInputSourceAudioMute:0<-|
08-16 14:31:57.731 I/tvos    ( 1764): [audioBSP] #2 m_spkrMute : 0 ..|->SDK_bUsrSpkrAudioMute:0<-|->SDK_bPowerOnMute:0<-|->SDK_bByUserAudioMute:0<-|
08-16 14:31:57.731 I/tvos    ( 1764): [audioBSP] #3 m_PcmCapture2Mute:0 |->SDK_bByUserPcmCapture2Mute:0<-|->SDK_SUB_bByUserAudioMute:0<-|->SDK_bByUserAudioMute:0<-|
08-16 14:31:57.731 I/tvos    ( 1764): [audioBSP] #5 m_hpMute : 1 ..|->SDK_bUsrHpAudioMute:1<-|->SDK_bPowerOnMute:0<-|->SDK_bByUserAudioMute:0<-|
08-16 14:31:57.731 I/tvos    ( 1764): [audioBSP] #12 m_spdifMute : 1 ..
08-16 14:31:57.731 I/tvos    ( 1764): #12|->SDK_bPermanentAudioMute:0<-|->SDK_bMomentAudioMute:0<-|->SDK_bByBlockAudioMute:0<-|
08-16 14:31:57.731 I/tvos    ( 1764): #12|->SDK_bByVChipAudioMute:0<-|->SDK_bInternal1AudioMute:0<-|->SDK_bInternal4AudioMute:0<-|
08-16 14:31:57.731 I/tvos    ( 1764): #12|->SDK_bByDuringLimitedTimeAudioMute:0<-|->SDK_bSourceSwitchAudioMute:0<-|->SDK_bMHEGApMute:0<-|
08-16 14:31:57.731 I/tvos    ( 1764): #12|->SDK_bPowerOnMute:0<-|->SDK_bUsrSpdifAudioMute:1<-|->SDK_bNullSourceMute:0<-|->SDK_bByAppMute:0<-|
08-16 14:31:57.731 I/tvos    ( 1764): ---Amplifier_ALC1310_LR_SWMute(0)
08-16 14:31:57.731 E/LETV_DEVICE( 1780): no name sn for Mstar
08-16 14:31:57.732 I/tvos    ( 1764): ALC1310 unmute good, addr: 0x13 readbackvalue: 4 
08-16 14:31:57.735 I/tvos    ( 1764): SetSoundMuteStatus : m_hpMute : 1, m_spdifMute : 1, m_DataInMute : 0, m_channel7Mute : 0, m_internalMute : 0, m_spkrMute : 0, m_PcmCapture1Mute : 0, m_PcmCapture2Mute : 0 
08-16 14:31:57.735 E/ActivityThread( 2837): Failed to find provider info for com.letv.agnes.InfoProvider
08-16 14:31:57.735 I/AudioUtil( 1758): setParameters spk_volume=0
08-16 14:31:57.735 I/audio_hw_primary( 1758): adev_set_parameters: spk_volume=0
08-16 14:31:57.738 I/tvos    ( 1764): GetAudioOutputDevice, retval : 0
08-16 14:31:57.740 I/tvos    ( 1764): [SetMuteStatus] call SetSoundMuteStatus, line : 10369, muteType: 67108864, onOff : 1 
08-16 14:31:57.740 I/tvos    ( 1764): _TransMSrvMuteTypeToSDKMuteType: Err! muteType(67108864) is out of Range
08-16 14:31:57.743 I/ActivityManager( 2207): accel TR12) TaskRecord{150a0ce #29 A=com.stv.feedback U=0 sz=2}
08-16 14:31:57.743 I/ActivityManager( 2207): accel TR11) TaskRecord{14b0d11 #1 A=com.stv.launcher U=0 sz=1}
08-16 14:31:57.744 I/[T1.0.6.3]EuiAgnes_Server( 2837): resCode:1
08-16 14:31:57.744 I/[T1.0.6.3]EuiAgnes_Server( 2837): b[0]:0
08-16 14:31:57.745 I/tvos    ( 1764): [SetMuteStatus] call SetSoundMuteStatus, line : 10369, muteType: 4, onOff : 1 
08-16 14:31:57.745 I/tvos    ( 1764): [audioBSP] #1 m_internalMute : 0 ..
08-16 14:31:57.745 I/tvos    ( 1764): #1|->SDK_bPermanentAudioMute:0<-|->SDK_bMomentAudioMute:0 <-|->SDK_bBySyncAudioMute:0<-|->SDK_bByBlockAudioMute:0<-|->SDK_bByVChipAudioMute:0<-|
08-16 14:31:57.745 I/tvos    ( 1764): #1|->SDK_bInternal1AudioMute:0<-|->SDK_bInternal2AudioMute:0<-|->SDK_bInternal3AudioMute:0<-|->SDK_bInternal4AudioMute:0<-|
08-16 14:31:57.745 I/tvos    ( 1764): #1|->SDK_bByScanInOutchgCHchg:0<-|->SDK_bByDuringLimitedTimeAudioMute:0<-|->SDK_bSourceSwitchAudioMute:0<-|
08-16 14:31:57.745 I/tvos    ( 1764): #1|->SDK_bMHEGApMute:0<-|->SDK_bAllAudioMuteCtrl:0<-|->SDK_bPowerOnMute:0<-|->SDK_bNullSourceMute0<-|->SDK_bSetInputSourceAudioMute:0<-|
08-16 14:31:57.745 I/tvos    ( 1764): [audioBSP] #2 m_spkrMute : 1 ..|->SDK_bUsrSpkrAudioMute:0<-|->SDK_bPowerOnMute:0<-|->SDK_bByUserAudioMute:1<-|
08-16 14:31:57.745 I/tvos    ( 1764): [audioBSP] #3 m_PcmCapture2Mute:1 |->SDK_bByUserPcmCapture2Mute:0<-|->SDK_SUB_bByUserAudioMute:0<-|->SDK_bByUserAudioMute:1<-|
08-16 14:31:57.745 I/tvos    ( 1764): [audioBSP] #5 m_hpMute : 1 ..|->SDK_bUsrHpAudioMute:1<-|->SDK_bPowerOnMute:0<-|->SDK_bByUserAudioMute:1<-|
08-16 14:31:57.745 I/tvos    ( 1764): [audioBSP] #12 m_spdifMute : 1 ..
08-16 14:31:57.745 I/tvos    ( 1764): #12|->SDK_bPermanentAudioMute:0<-|->SDK_bMomentAudioMute:0<-|->SDK_bByBlockAudioMute:0<-|
08-16 14:31:57.745 I/tvos    ( 1764): #12|->SDK_bByVChipAudioMute:0<-|->SDK_bInternal1AudioMute:0<-|->SDK_bInternal4AudioMute:0<-|
08-16 14:31:57.745 I/tvos    ( 1764): #12|->SDK_bByDuringLimitedTimeAudioMute:0<-|->SDK_bSourceSwitchAudioMute:0<-|->SDK_bMHEGApMute:0<-|
08-16 14:31:57.745 I/tvos    ( 1764): #12|->SDK_bPowerOnMute:0<-|->SDK_bUsrSpdifAudioMute:1<-|->SDK_bNullSourceMute:0<-|->SDK_bByAppMute:0<-|
08-16 14:31:57.745 I/tvos    ( 1764): ---Amplifier_ALC1310_LR_SWMute(1)
08-16 14:31:57.745 I/tvos    ( 1764): ALC1310 mute write good, addr: 0x13, readback data : 49164, write cmd times : 1
08-16 14:31:57.748 I/tvos    ( 1764): SetSoundMuteStatus : m_hpMute : 1, m_spdifMute : 1, m_DataInMute : 0, m_channel7Mute : 0, m_internalMute : 0, m_spkrMute : 1, m_PcmCapture1Mute : 0, m_PcmCapture2Mute : 1 
08-16 14:31:57.750 E/ActivityThread( 2837): Failed to find provider info for com.letv.agnes.InfoProvider
08-16 14:31:57.750 W/System.err( 2837): java.lang.IllegalArgumentException: Unknown URL content://com.letv.agnes.InfoProvider
08-16 14:31:57.750 W/System.err( 2837): 	at android.content.ContentResolver.insert(ContentResolver.java:1227)
08-16 14:31:57.750 W/System.err( 2837): 	at com.letv.tracker2.agnes.Configuration.addDebugInfo(Configuration.java:289)
08-16 14:31:57.750 W/System.err( 2837): 	at com.letv.tracker2.agnes.MessageProcessor$SendEnvMsgTr$1.handleMessage(MessageProcessor.java:661)
08-16 14:31:57.750 W/System.err( 2837): 	at android.os.Handler.dispatchMessage(Handler.java:102)
