--------- beginning of main
08-16 14:31:06.726 I/tvos    ( 1764): GetAudioOutputDevice, retval : 0
08-16 14:31:06.976 I/tvos    ( 1764): GetAudioOutputDevice, retval : 0
08-16 14:31:07.086 I/tvos    ( 1764): [37m[INFO] Change to Voltage: 1150 mV (0x22)[m
08-16 14:31:07.087 I/tvos    ( 1764): [37m[INFO] Change to Voltage: 1150 mV (0x25)[m
08-16 14:31:07.087 I/tvos    ( 1764): [37m[INFO] Change to Voltage: 1150 mV (0x28)[m
08-16 14:31:07.087 I/tvos    ( 1764): [37m[INFO] Change to Voltage: 1150 mV (0x2B)[m
08-16 14:31:07.087 I/tvos    ( 1764): [37m[INFO] Change to Voltage: 1150 mV (0x2E)[m
08-16 14:31:07.087 I/tvos    ( 1764): [37m[INFO] Change to Voltage: 1150 mV (0x2E)[m
08-16 14:31:07.187 I/tvos    ( 1764): [37m[INFO] Change to Voltage: 1030 mV (0x2E)[m
08-16 14:31:07.187 I/tvos    ( 1764): [37m[INFO] Change to Voltage: 1030 mV (0x2B)[m
08-16 14:31:07.187 I/tvos    ( 1764): [37m[INFO] Change to Voltage: 1030 mV (0x28)[m
08-16 14:31:07.187 I/tvos    ( 1764): [37m[INFO] Change to Voltage: 1030 mV (0x25)[m
08-16 14:31:07.187 I/tvos    ( 1764): [37m[INFO] Change to Voltage: 1030 mV (0x22)[m
08-16 14:31:07.187 I/tvos    ( 1764): [37m[INFO] Change to Voltage: 1030 mV (0x22)[m
08-16 14:31:07.226 I/tvos    ( 1764): GetAudioOutputDevice, retval : 0
08-16 14:31:07.477 I/tvos    ( 1764): GetAudioOutputDevice, retval : 0
08-16 14:31:07.613 E/LetvRemoteupgradeManager-JNI( 2613): can't get LetvManager service!
08-16 14:31:07.727 I/tvos    ( 1764): GetAudioOutputDevice, retval : 0
08-16 14:31:07.789 I/Radio-JNI(19159): register_android_hardware_Radio DONE
--------- beginning of system
08-16 14:31:07.817 I/ActivityManager( 2207): Force stopping com.le.tcauto.uitest appid=10097 user=0: start instr
08-16 14:31:07.828 I/art     (19168): Late-enabling -Xcheck:jni
08-16 14:31:07.829 I/ActivityManager( 2207): Start proc 19168:com.le.tcauto.uitest/u0a97 for added application com.le.tcauto.uitest
08-16 14:31:07.874 W/System  (19168): ClassLoader referenced unknown path: /data/app/com.le.tcauto.uitest.test-1/lib/arm64
08-16 14:31:07.874 W/System  (19168): ClassLoader referenced unknown path: /data/app/com.le.tcauto.uitest-1/lib/arm64
08-16 14:31:07.885 I/tvos    ( 1764): [37m[INFO] Change to Voltage: 1150 mV (0x22)[m
08-16 14:31:07.885 I/tvos    ( 1764): [37m[INFO] Change to Voltage: 1150 mV (0x25)[m
08-16 14:31:07.885 I/tvos    ( 1764): [37m[INFO] Change to Voltage: 1150 mV (0x28)[m
08-16 14:31:07.886 I/tvos    ( 1764): [37m[INFO] Change to Voltage: 1150 mV (0x2B)[m
08-16 14:31:07.887 I/tvos    ( 1764): [37m[INFO] Change to Voltage: 1150 mV (0x2E)[m
08-16 14:31:07.888 I/tvos    ( 1764): [37m[INFO] Change to Voltage: 1150 mV (0x2E)[m
08-16 14:31:07.889 I/MonitoringInstrumentation(19168): Instrumentation Started!
08-16 14:31:07.889 I/MonitoringInstrumentation(19168): Setting context classloader to 'dalvik.system.PathClassLoader[DexPathList[[zip file "/system/framework/android.test.runner.jar", zip file "/data/app/com.le.tcauto.uitest.test-1/base.apk", zip file "/data/app/com.le.tcauto.uitest-1/base.apk"],nativeLibraryDirectories=[/data/app/com.le.tcauto.uitest.test-1/lib/arm64, /data/app/com.le.tcauto.uitest-1/lib/arm64, /vendor/lib64, /system/lib64]]]', Original: 'dalvik.system.PathClassLoader[DexPathList[[zip file "/system/framework/android.test.runner.jar", zip file "/data/app/com.le.tcauto.uitest.test-1/base.apk", zip file "/data/app/com.le.tcauto.uitest-1/base.apk"],nativeLibraryDirectories=[/data/app/com.le.tcauto.uitest.test-1/lib/arm64, /data/app/com.le.tcauto.uitest-1/lib/arm64, /vendor/lib64, /system/lib64]]]'
08-16 14:31:07.893 I/MonitoringInstrumentation(19168): No JSBridge.
08-16 14:31:07.893 I/MonitoringInstrumentation(19168): java.lang.ClassNotFoundException: android.support.test.espresso.web.bridge.JavaScriptBridge
08-16 14:31:07.893 I/MonitoringInstrumentation(19168): 	at java.lang.Class.classForName(Native Method)
08-16 14:31:07.893 I/MonitoringInstrumentation(19168): 	at java.lang.Class.forName(Class.java:324)
08-16 14:31:07.893 I/MonitoringInstrumentation(19168): 	at java.lang.Class.forName(Class.java:285)
08-16 14:31:07.893 I/MonitoringInstrumentation(19168): 	at android.support.test.runner.MonitoringInstrumentation.tryLoadingJsBridge(MonitoringInstrumentation.java:612)
08-16 14:31:07.893 I/MonitoringInstrumentation(19168): 	at android.support.test.runner.MonitoringInstrumentation.access$100(MonitoringInstrumentation.java:88)
08-16 14:31:07.893 I/MonitoringInstrumentation(19168): 	at android.support.test.runner.MonitoringInstrumentation$3.run(MonitoringInstrumentation.java:223)
08-16 14:31:07.893 I/MonitoringInstrumentation(19168): 	at android.app.Instrumentation$SyncRunnable.run(Instrumentation.java:1897)
08-16 14:31:07.893 I/MonitoringInstrumentation(19168): 	at android.os.Handler.handleCallback(Handler.java:739)
08-16 14:31:07.893 I/MonitoringInstrumentation(19168): 	at android.os.Handler.dispatchMessage(Handler.java:95)
08-16 14:31:07.893 I/MonitoringInstrumentation(19168): 	at android.os.Looper.loop(Looper.java:148)
08-16 14:31:07.893 I/MonitoringInstrumentation(19168): 	at android.app.ActivityThread.main(ActivityThread.java:5423)
08-16 14:31:07.893 I/MonitoringInstrumentation(19168): 	at java.lang.reflect.Method.invoke(Native Method)
08-16 14:31:07.893 I/MonitoringInstrumentation(19168): 	at com.android.internal.os.ZygoteInit$MethodAndArgsCaller.run(ZygoteInit.java:744)
08-16 14:31:07.893 I/MonitoringInstrumentation(19168): 	at com.android.internal.os.ZygoteInit.main(ZygoteInit.java:634)
08-16 14:31:07.893 I/MonitoringInstrumentation(19168): Caused by: java.lang.ClassNotFoundException: Didn't find class "android.support.test.espresso.web.bridge.JavaScriptBridge" on path: DexPathList[[zip file "/system/framework/android.test.runner.jar", zip file "/data/app/com.le.tcauto.uitest.test-1/base.apk", zip file "/data/app/com.le.tcauto.uitest-1/base.apk"],nativeLibraryDirectories=[/data/app/com.le.tcauto.uitest.test-1/lib/arm64, /data/app/com.le.tcauto.uitest-1/lib/arm64, /vendor/lib64, /system/lib64]]
08-16 14:31:07.893 I/MonitoringInstrumentation(19168): 	at dalvik.system.BaseDexClassLoader.findClass(BaseDexClassLoader.java:56)
08-16 14:31:07.893 I/MonitoringInstrumentation(19168): 	at java.lang.ClassLoader.loadClass(ClassLoader.java:511)
08-16 14:31:07.893 I/MonitoringInstrumentation(19168): 	at java.lang.ClassLoader.loadClass(ClassLoader.java:469)
08-16 14:31:07.893 I/MonitoringInstrumentation(19168): 	... 14 more
08-16 14:31:07.893 I/MonitoringInstrumentation(19168): 	Suppressed: java.lang.ClassNotFoundException: android.support.test.espresso.web.bridge.JavaScriptBridge
08-16 14:31:07.893 I/MonitoringInstrumentation(19168): 		at java.lang.Class.classForName(Native Method)
08-16 14:31:07.893 I/MonitoringInstrumentation(19168): 		at java.lang.BootClassLoader.findClass(ClassLoader.java:781)
08-16 14:31:07.893 I/MonitoringInstrumentation(19168): 		at java.lang.BootClassLoader.loadClass(ClassLoader.java:841)
08-16 14:31:07.893 I/MonitoringInstrumentation(19168): 		at java.lang.ClassLoader.loadClass(ClassLoader.java:504)
08-16 14:31:07.893 I/MonitoringInstrumentation(19168): 		... 15 more
08-16 14:31:07.893 I/MonitoringInstrumentation(19168): 	Caused by: java.lang.NoClassDefFoundError: Class not found using the boot class loader; no stack trace available
08-16 14:31:07.917 I/TestRunner(19168): run started: 1 tests
08-16 14:31:07.919 I/TestRunner(19168): started: testMySubitQuestion(com.letv.cases.leui.SmokeFeedback)
08-16 14:31:07.922 I/MonitoringInstrumentation(19168): Activities that are still in CREATED to STOPPED: 0
08-16 14:31:07.936 I/LetvTestCase(19168): =====================case start time is :2018-8-16-2-31-7
08-16 14:31:07.941 I/System.out(19168): The folder /sdcard/AutoSmoke_UI30/testMySubitQuestion_20180816_143101 has existed!
08-16 14:31:07.941 I/System.out(19168): current_case_root_folder=testMySubitQuestion_20180816_143101
08-16 14:31:07.978 I/tvos    ( 1764): GetAudioOutputDevice, retval : 0
08-16 14:31:07.989 I/tvos    ( 1764): [37m[INFO] Change to Voltage: 1030 mV (0x2E)[m
08-16 14:31:07.989 I/tvos    ( 1764): [37m[INFO] Change to Voltage: 1030 mV (0x2B)[m
08-16 14:31:07.989 I/tvos    ( 1764): [37m[INFO] Change to Voltage: 1030 mV (0x28)[m
08-16 14:31:07.989 I/tvos    ( 1764): [37m[INFO] Change to Voltage: 1030 mV (0x25)[m
08-16 14:31:07.989 I/tvos    ( 1764): [37m[INFO] Change to Voltage: 1030 mV (0x22)[m
08-16 14:31:07.989 I/tvos    ( 1764): [37m[INFO] Change to Voltage: 1030 mV (0x22)[m
08-16 14:31:08.035 E/InternetUtils( 4594): java.net.SocketTimeoutException: failed to connect to www.cibn.com/61.133.127.115 (port 80) after 3000ms
08-16 14:31:08.228 I/tvos    ( 1764): GetAudioOutputDevice, retval : 0
08-16 14:31:08.438 W/InputDispatcher( 2207): findFocusedWindow finished: injectionResult=0, timeSpentWaitingForApplication=0.0ms
08-16 14:31:08.443 W/InputDispatcher( 2207): findFocusedWindow finished: injectionResult=0, timeSpentWaitingForApplication=0.0ms
08-16 14:31:08.479 I/tvos    ( 1764): GetAudioOutputDevice, retval : 0
08-16 14:31:08.729 I/tvos    ( 1764): GetAudioOutputDevice, retval : 0
08-16 14:31:08.980 I/tvos    ( 1764): GetAudioOutputDevice, retval : 0
08-16 14:31:09.230 I/tvos    ( 1764): GetAudioOutputDevice, retval : 0
08-16 14:31:09.234 W/InputDispatcher( 2207): findFocusedWindow finished: injectionResult=0, timeSpentWaitingForApplication=0.0ms
08-16 14:31:09.234 I/AppPlugin( 3007): AppFragment -- onFocusRequested requestDirection = 18
08-16 14:31:09.234 I/AppPlugin( 3007): AppRecyclerView --  onFocus mFocusedView = null direction = 130
08-16 14:31:09.234 I/remotestatus( 2207): Msg.what is 101
08-16 14:31:09.234 I/WindowManager( 2207): turn cursor off
08-16 14:31:09.234 E/RemoteManager( 2207): RemoteManager is no longer support in eui6.5
08-16 14:31:09.234 I/AppPlugin( 3007): AppRecyclerView -- onFocus mFocusedView = com.stv.plugin.app.widget.RecommPosterCellView{354fae1 VFE...C.. ........ 0,0-312,416 #7f0a001e app:id/item_01}
08-16 14:31:09.235 E/InputManager-JNI( 2207): call nativeDisableCursor method with hideCursor
08-16 14:31:09.235 I/GlobalFocusChangedListe( 3007): com.stv.plugin.app.widget.RecommPosterCellView
08-16 14:31:09.241 I/SoundPool( 3007): enter : func play
08-16 14:31:09.242 I/APM::AudioPolicyEngine( 1758): getDeviceForStrategy, 359
08-16 14:31:09.242 I/audio_hw_primary( 1758): version:a00004 adev_create_audio_patch::mix->device 
08-16 14:31:09.242 I/audio_hw_primary( 1758): adev_create_audio_patch *handle=-1420227928 num_audio_patch=3
08-16 14:31:09.245 E/AudioManagerService( 1803): setAudioVolume(callingPid 1758, clientPid 1758, enSoundPath 0, volumn:0 )
08-16 14:31:09.247 I/tvos    ( 1764): SetVolume, subWooExist 0!
08-16 14:31:09.247 I/tvos    ( 1764): mapi_audio_customer::SetAbsoluteVolume: project name is X440M
08-16 14:31:09.247 I/tvos    ( 1764): SetAbsoluteVolume: uPercent : 0, path=52(speaker), VolumeInt=7f, VolumeFra=0
08-16 14:31:09.247 I/tvos    ( 1764): SetAbsoluteVolume: uPercent(currVol) : 0, realPath=52(default), VolumeInt=7f, VolumeFra=0
08-16 14:31:09.247 I/tvos    ( 1764): mapi_audio_customer::SetAbsoluteVolume: project name is X440M
08-16 14:31:09.247 I/tvos    ( 1764): SetAbsoluteVolume: uPercent : 0, path=49(HP), VolumeInt=7f, VolumeFra=0
08-16 14:31:09.247 I/tvos    ( 1764): SetAbsoluteVolume: uPercent(currVol) : 0, realPath=49(default), VolumeInt=7f, VolumeFra=0
08-16 14:31:09.247 I/tvos    ( 1764): mapi_audio_customer::SetAbsoluteVolume: project name is X440M
08-16 14:31:09.248 I/tvos    ( 1764): SetAbsoluteVolume, m_bBTDetect is false! 
08-16 14:31:09.248 I/tvos    ( 1764): mapi_audio_customer::SetAbsoluteVolume: project name is X440M
08-16 14:31:09.248 I/tvos    ( 1764): SetAbsoluteVolume: uPercent : 0, path=255(speaker), VolumeInt=7f, VolumeFra=0
08-16 14:31:09.248 I/tvos    ( 1764): SetAbsoluteVolume: uPercent(currVol) : 0, realPath=255(default), VolumeInt=7f, VolumeFra=0
08-16 14:31:09.248 I/tvos    ( 1764): [SetMuteStatus] call SetSoundMuteStatus, line : 10369, muteType: 4, onOff : 0 
08-16 14:31:09.248 I/tvos    ( 1764): [audioBSP] #1 m_internalMute : 0 ..
08-16 14:31:09.248 I/tvos    ( 1764): #1|->SDK_bPermanentAudioMute:0<-|->SDK_bMomentAudioMute:0 <-|->SDK_bBySyncAudioMute:0<-|->SDK_bByBlockAudioMute:0<-|->SDK_bByVChipAudioMute:0<-|
08-16 14:31:09.248 I/tvos    ( 1764): #1|->SDK_bInternal1AudioMute:0<-|->SDK_bInternal2AudioMute:0<-|->SDK_bInternal3AudioMute:0<-|->SDK_bInternal4AudioMute:0<-|
08-16 14:31:09.248 I/tvos    ( 1764): #1|->SDK_bByScanInOutchgCHchg:0<-|->SDK_bByDuringLimitedTimeAudioMute:0<-|->SDK_bSourceSwitchAudioMute:0<-|
08-16 14:31:09.248 I/tvos    ( 1764): #1|->SDK_bMHEGApMute:0<-|->SDK_bAllAudioMuteCtrl:0<-|->SDK_bPowerOnMute:0<-|->SDK_bNullSourceMute0<-|->SDK_bSetInputSourceAudioMute:0<-|
08-16 14:31:09.248 I/tvos    ( 1764): [audioBSP] #2 m_spkrMute : 0 ..|->SDK_bUsrSpkrAudioMute:0<-|->SDK_bPowerOnMute:0<-|->SDK_bByUserAudioMute:0<-|
08-16 14:31:09.248 I/tvos    ( 1764): [audioBSP] #3 m_PcmCapture2Mute:0 |->SDK_bByUserPcmCapture2Mute:0<-|->SDK_SUB_bByUserAudioMute:0<-|->SDK_bByUserAudioMute:0<-|
08-16 14:31:09.248 I/tvos    ( 1764): [audioBSP] #5 m_hpMute : 1 ..|->SDK_bUsrHpAudioMute:1<-|->SDK_bPowerOnMute:0<-|->SDK_bByUserAudioMute:0<-|
08-16 14:31:09.248 I/tvos    ( 1764): [audioBSP] #12 m_spdifMute : 1 ..
08-16 14:31:09.248 I/tvos    ( 1764): #12|->SDK_bPermanentAudioMute:0<-|->SDK_bMomentAudioMute:0<-|->SDK_bByBlockAudioMute:0<-|
08-16 14:31:09.248 I/tvos    ( 1764): #12|->SDK_bByVChipAudioMute:0<-|->SDK_bInternal1AudioMute:0<-|->SDK_bInternal4AudioMute:0<-|
08-16 14:31:09.248 I/tvos    ( 1764): #12|->SDK_bByDuringLimitedTimeAudioMute:0<-|->SDK_bSourceSwitchAudioMute:0<-|->SDK_bMHEGApMute:0<-|
08-16 14:31:09.248 I/tvos    ( 1764): #12|->SDK_bPowerOnMute:0<-|->SDK_bUsrSpdifAudioMute:1<-|->SDK_bNullSourceMute:0<-|->SDK_bByAppMute:0<-|
08-16 14:31:09.248 I/tvos    ( 1764): ---Amplifier_ALC1310_LR_SWMute(0)
08-16 14:31:09.248 I/tvos    ( 1764): ALC1310 unmute good, addr: 0x13 readbackvalue: 4 
08-16 14:31:09.250 I/tvos    ( 1764): SetSoundMuteStatus : m_hpMute : 1, m_spdifMute : 1, m_DataInMute : 0, m_channel7Mute : 0, m_internalMute : 0, m_spkrMute : 0, m_PcmCapture1Mute : 0, m_PcmCapture2Mute : 0 
08-16 14:31:09.250 I/AudioUtil( 1758): setParameters spk_volume=0
08-16 14:31:09.250 I/audio_hw_primary( 1758): adev_set_parameters: spk_volume=0
08-16 14:31:09.251 I/tvos    ( 1764): GetAudioOutputDevice, retval : 0
08-16 14:31:09.251 I/tvos    ( 1764): [SetMuteStatus] call SetSoundMuteStatus, line : 10369, muteType: 67108864, onOff : 1 
08-16 14:31:09.251 I/tvos    ( 1764): _TransMSrvMuteTypeToSDKMuteType: Err! muteType(67108864) is out of Range
08-16 14:31:09.253 I/tvos    ( 1764): [SetMuteStatus] call SetSoundMuteStatus, line : 10369, muteType: 4, onOff : 1 
08-16 14:31:09.253 I/tvos    ( 1764): [audioBSP] #1 m_internalMute : 0 ..
08-16 14:31:09.253 I/tvos    ( 1764): #1|->SDK_bPermanentAudioMute:0<-|->SDK_bMomentAudioMute:0 <-|->SDK_bBySyncAudioMute:0<-|->SDK_bByBlockAudioMute:0<-|->SDK_bByVChipAudioMute:0<-|
08-16 14:31:09.253 I/tvos    ( 1764): #1|->SDK_bInternal1AudioMute:0<-|->SDK_bInternal2AudioMute:0<-|->SDK_bInternal3AudioMute:0<-|->SDK_bInternal4AudioMute:0<-|
08-16 14:31:09.253 I/tvos    ( 1764): #1|->SDK_bByScanInOutchgCHchg:0<-|->SDK_bByDuringLimitedTimeAudioMute:0<-|->SDK_bSourceSwitchAudioMute:0<-|
08-16 14:31:09.253 I/tvos    ( 1764): #1|->SDK_bMHEGApMute:0<-|->SDK_bAllAudioMuteCtrl:0<-|->SDK_bPowerOnMute:0<-|->SDK_bNullSourceMute0<-|->SDK_bSetInputSourceAudioMute:0<-|
08-16 14:31:09.253 I/tvos    ( 1764): [audioBSP] #2 m_spkrMute : 1 ..|->SDK_bUsrSpkrAudioMute:0<-|->SDK_bPowerOnMute:0<-|->SDK_bByUserAudioMute:1<-|
08-16 14:31:09.253 I/tvos    ( 1764): [audioBSP] #3 m_PcmCapture2Mute:1 |->SDK_bByUserPcmCapture2Mute:0<-|->SDK_SUB_bByUserAudioMute:0<-|->SDK_bByUserAudioMute:1<-|
08-16 14:31:09.253 I/tvos    ( 1764): [audioBSP] #5 m_hpMute : 1 ..|->SDK_bUsrHpAudioMute:1<-|->SDK_bPowerOnMute:0<-|->SDK_bByUserAudioMute:1<-|
08-16 14:31:09.253 I/tvos    ( 1764): [audioBSP] #12 m_spdifMute : 1 ..
08-16 14:31:09.253 I/tvos    ( 1764): #12|->SDK_bPermanentAudioMute:0<-|->SDK_bMomentAudioMute:0<-|->SDK_bByBlockAudioMute:0<-|
08-16 14:31:09.253 I/tvos    ( 1764): #12|->SDK_bByVChipAudioMute:0<-|->SDK_bInternal1AudioMute:0<-|->SDK_bInternal4AudioMute:0<-|
08-16 14:31:09.253 I/tvos    ( 1764): #12|->SDK_bByDuringLimitedTimeAudioMute:0<-|->SDK_bSourceSwitchAudioMute:0<-|->SDK_bMHEGApMute:0<-|
08-16 14:31:09.253 I/tvos    ( 1764): #12|->SDK_bPowerOnMute:0<-|->SDK_bUsrSpdifAudioMute:1<-|->SDK_bNullSourceMute:0<-|->SDK_bByAppMute:0<-|
08-16 14:31:09.253 I/tvos    ( 1764): ---Amplifier_ALC1310_LR_SWMute(1)
08-16 14:31:09.253 I/tvos    ( 1764): ALC1310 mute write good, addr: 0x13, readback data : 49164, write cmd times : 1
08-16 14:31:09.256 I/tvos    ( 1764): SetSoundMuteStatus : m_hpMute : 1, m_spdifMute : 1, m_DataInMute : 0, m_channel7Mute : 0, m_internalMute : 0, m_spkrMute : 1, m_PcmCapture1Mute : 0, m_PcmCapture2Mute : 1 
08-16 14:31:09.262 W/InputDispatcher( 2207): findFocusedWindow finished: injectionResult=0, timeSpentWaitingForApplication=0.0ms
08-16 14:31:09.273 E/audio_hw_primary( 1758): out_get_presentation_position pcm_get_htimestamp(pcm, &avail, timestamp) != 0!!!
08-16 14:31:09.279 I/WifiStateMachine( 2207):  DisconnectedState !SCAN_RESULTS_EVENT  rt=511935712/511935712 0 0 found=175 known=0 got=175 bcn=0 con=0
08-16 14:31:09.280 I/WifiStateMachine( 2207):  ConnectModeState !SCAN_RESULTS_EVENT  rt=511935713/511935713 0 0 found=175 known=0 got=175 bcn=0 con=0
08-16 14:31:09.280 I/WifiStateMachine( 2207):  DriverStartedState !SCAN_RESULTS_EVENT  rt=511935713/511935713 0 0 found=175 known=0 got=175 bcn=0 con=0
08-16 14:31:09.282 I/WifiStateMachine( 2207):  SupplicantStartedState !SCAN_RESULTS_EVENT  rt=511935715/511935715 0 0 found=175 known=0 got=175 bcn=0 con=0
08-16 14:31:09.306 I/APM::AudioPolicyEngine( 1758): getDeviceForStrategy, 359
08-16 14:31:09.375 I/WifiStateMachine( 2207): setscanresults newsupplicantresult
08-16 14:31:09.480 I/tvos    ( 1764): GetAudioOutputDevice, retval : 0
08-16 14:31:09.731 I/tvos    ( 1764): GetAudioOutputDevice, retval : 0
08-16 14:31:09.981 I/tvos    ( 1764): GetAudioOutputDevice, retval : 0
08-16 14:31:10.232 I/tvos    ( 1764): GetAudioOutputDevice, retval : 0
08-16 14:31:10.243 I/remotestatus( 2207): Msg.what is 101
08-16 14:31:10.243 I/WindowManager( 2207): turn cursor off
08-16 14:31:10.243 E/RemoteManager( 2207): RemoteManager is no longer support in eui6.5
08-16 14:31:10.243 W/InputDispatcher( 2207): findFocusedWindow finished: injectionResult=0, timeSpentWaitingForApplication=0.0ms
08-16 14:31:10.245 E/InputManager-JNI( 2207): call nativeDisableCursor method with hideCursor
08-16 14:31:10.250 W/Launcher( 3007): [SDK][EcoFrescoViewImpl]:UnSupport subscriber
08-16 14:31:10.251 I/GlobalFocusChangedListe( 3007): com.stv.plugin.app.widget.RecommPosterCellView
08-16 14:31:10.257 I/SoundPool( 2207): enter : func play
08-16 14:31:10.258 I/APM::AudioPolicyEngine( 1758): getDeviceForStrategy, 359
08-16 14:31:10.258 I/audio_hw_primary( 1758): version:a00004 adev_create_audio_patch::mix->device 
08-16 14:31:10.258 I/audio_hw_primary( 1758): adev_create_audio_patch *handle=-1420227928 num_audio_patch=3
08-16 14:31:10.264 W/InputDispatcher( 2207): findFocusedWindow finished: injectionResult=0, timeSpentWaitingForApplication=0.0ms
08-16 14:31:10.269 E/AudioManagerService( 1803): setAudioVolume(callingPid 1758, clientPid 1758, enSoundPath 0, volumn:0 )
08-16 14:31:10.273 I/tvos    ( 1764): SetVolume, subWooExist 0!
08-16 14:31:10.273 I/tvos    ( 1764): mapi_audio_customer::SetAbsoluteVolume: project name is X440M
08-16 14:31:10.273 I/tvos    ( 1764): SetAbsoluteVolume: uPercent : 0, path=52(speaker), VolumeInt=7f, VolumeFra=0
08-16 14:31:10.273 I/tvos    ( 1764): SetAbsoluteVolume: uPercent(currVol) : 0, realPath=52(default), VolumeInt=7f, VolumeFra=0
08-16 14:31:10.273 I/tvos    ( 1764): mapi_audio_customer::SetAbsoluteVolume: project name is X440M
08-16 14:31:10.273 I/tvos    ( 1764): SetAbsoluteVolume: uPercent : 0, path=49(HP), VolumeInt=7f, VolumeFra=0
08-16 14:31:10.273 I/tvos    ( 1764): SetAbsoluteVolume: uPercent(currVol) : 0, realPath=49(default), VolumeInt=7f, VolumeFra=0
08-16 14:31:10.273 I/tvos    ( 1764): mapi_audio_customer::SetAbsoluteVolume: project name is X440M
08-16 14:31:10.273 I/tvos    ( 1764): SetAbsoluteVolume, m_bBTDetect is false! 
08-16 14:31:10.273 I/tvos    ( 1764): mapi_audio_customer::SetAbsoluteVolume: project name is X440M
08-16 14:31:10.273 I/tvos    ( 1764): SetAbsoluteVolume: uPercent : 0, path=255(speaker), VolumeInt=7f, VolumeFra=0
08-16 14:31:10.273 I/tvos    ( 1764): SetAbsoluteVolume: uPercent(currVol) : 0, realPath=255(default), VolumeInt=7f, VolumeFra=0
08-16 14:31:10.273 I/tvos    ( 1764): [SetMuteStatus] call SetSoundMuteStatus, line : 10369, muteType: 4, onOff : 0 
08-16 14:31:10.273 I/tvos    ( 1764): [audioBSP] #1 m_internalMute : 0 ..
08-16 14:31:10.273 I/tvos    ( 1764): #1|->SDK_bPermanentAudioMute:0<-|->SDK_bMomentAudioMute:0 <-|->SDK_bBySyncAudioMute:0<-|->SDK_bByBlockAudioMute:0<-|->SDK_bByVChipAudioMute:0<-|
08-16 14:31:10.273 I/tvos    ( 1764): #1|->SDK_bInternal1AudioMute:0<-|->SDK_bInternal2AudioMute:0<-|->SDK_bInternal3AudioMute:0<-|->SDK_bInternal4AudioMute:0<-|
08-16 14:31:10.273 I/tvos    ( 1764): #1|->SDK_bByScanInOutchgCHchg:0<-|->SDK_bByDuringLimitedTimeAudioMute:0<-|->SDK_bSourceSwitchAudioMute:0<-|
08-16 14:31:10.273 I/tvos    ( 1764): #1|->SDK_bMHEGApMute:0<-|->SDK_bAllAudioMuteCtrl:0<-|->SDK_bPowerOnMute:0<-|->SDK_bNullSourceMute0<-|->SDK_bSetInputSourceAudioMute:0<-|
08-16 14:31:10.274 I/tvos    ( 1764): [audioBSP] #2 m_spkrMute : 0 ..|->SDK_bUsrSpkrAudioMute:0<-|->SDK_bPowerOnMute:0<-|->SDK_bByUserAudioMute:0<-|
08-16 14:31:10.274 I/tvos    ( 1764): [audioBSP] #3 m_PcmCapture2Mute:0 |->SDK_bByUserPcmCapture2Mute:0<-|->SDK_SUB_bByUserAudioMute:0<-|->SDK_bByUserAudioMute:0<-|
08-16 14:31:10.274 I/tvos    ( 1764): [audioBSP] #5 m_hpMute : 1 ..|->SDK_bUsrHpAudioMute:1<-|->SDK_bPowerOnMute:0<-|->SDK_bByUserAudioMute:0<-|
08-16 14:31:10.274 I/tvos    ( 1764): [audioBSP] #12 m_spdifMute : 1 ..
08-16 14:31:10.274 I/tvos    ( 1764): #12|->SDK_bPermanentAudioMute:0<-|->SDK_bMomentAudioMute:0<-|->SDK_bByBlockAudioMute:0<-|
08-16 14:31:10.274 I/tvos    ( 1764): #12|->SDK_bByVChipAudioMute:0<-|->SDK_bInternal1AudioMute:0<-|->SDK_bInternal4AudioMute:0<-|
08-16 14:31:10.274 I/tvos    ( 1764): #12|->SDK_bByDuringLimitedTimeAudioMute:0<-|->SDK_bSourceSwitchAudioMute:0<-|->SDK_bMHEGApMute:0<-|
08-16 14:31:10.274 I/tvos    ( 1764): #12|->SDK_bPowerOnMute:0<-|->SDK_bUsrSpdifAudioMute:1<-|->SDK_bNullSourceMute:0<-|->SDK_bByAppMute:0<-|
08-16 14:31:10.274 I/tvos    ( 1764): ---Amplifier_ALC1310_LR_SWMute(0)
08-16 14:31:10.274 I/tvos    ( 1764): ALC1310 unmute good, addr: 0x13 readbackvalue: 4 
08-16 14:31:10.280 I/tvos    ( 1764): SetSoundMuteStatus : m_hpMute : 1, m_spdifMute : 1, m_DataInMute : 0, m_channel7Mute : 0, m_internalMute : 0, m_spkrMute : 0, m_PcmCapture1Mute : 0, m_PcmCapture2Mute : 0 
08-16 14:31:10.280 I/AudioUtil( 1758): setParameters spk_volume=0
08-16 14:31:10.280 I/audio_hw_primary( 1758): adev_set_parameters: spk_volume=0
08-16 14:31:10.281 I/tvos    ( 1764): GetAudioOutputDevice, retval : 0
08-16 14:31:10.281 I/tvos    ( 1764): [SetMuteStatus] call SetSoundMuteStatus, line : 10369, muteType: 67108864, onOff : 1 
08-16 14:31:10.281 I/tvos    ( 1764): _TransMSrvMuteTypeToSDKMuteType: Err! muteType(67108864) is out of Range
08-16 14:31:10.283 I/tvos    ( 1764): [SetMuteStatus] call SetSoundMuteStatus, line : 10369, muteType: 4, onOff : 1 
08-16 14:31:10.283 I/tvos    ( 1764): [audioBSP] #1 m_internalMute : 0 ..
08-16 14:31:10.283 I/tvos    ( 1764): #1|->SDK_bPermanentAudioMute:0<-|->SDK_bMomentAudioMute:0 <-|->SDK_bBySyncAudioMute:0<-|->SDK_bByBlockAudioMute:0<-|->SDK_bByVChipAudioMute:0<-|
08-16 14:31:10.283 I/tvos    ( 1764): #1|->SDK_bInternal1AudioMute:0<-|->SDK_bInternal2AudioMute:0<-|->SDK_bInternal3AudioMute:0<-|->SDK_bInternal4AudioMute:0<-|
08-16 14:31:10.283 I/tvos    ( 1764): #1|->SDK_bByScanInOutchgCHchg:0<-|->SDK_bByDuringLimitedTimeAudioMute:0<-|->SDK_bSourceSwitchAudioMute:0<-|
08-16 14:31:10.283 I/tvos    ( 1764): #1|->SDK_bMHEGApMute:0<-|->SDK_bAllAudioMuteCtrl:0<-|->SDK_bPowerOnMute:0<-|->SDK_bNullSourceMute0<-|->SDK_bSetInputSourceAudioMute:0<-|
08-16 14:31:10.283 I/tvos    ( 1764): [audioBSP] #2 m_spkrMute : 1 ..|->SDK_bUsrSpkrAudioMute:0<-|->SDK_bPowerOnMute:0<-|->SDK_bByUserAudioMute:1<-|
08-16 14:31:10.283 I/tvos    ( 1764): [audioBSP] #3 m_PcmCapture2Mute:1 |->SDK_bByUserPcmCapture2Mute:0<-|->SDK_SUB_bByUserAudioMute:0<-|->SDK_bByUserAudioMute:1<-|
08-16 14:31:10.283 I/tvos    ( 1764): [audioBSP] #5 m_hpMute : 1 ..|->SDK_bUsrHpAudioMute:1<-|->SDK_bPowerOnMute:0<-|->SDK_bByUserAudioMute:1<-|
08-16 14:31:10.283 I/tvos    ( 1764): [audioBSP] #12 m_spdifMute : 1 ..
08-16 14:31:10.283 I/tvos    ( 1764): #12|->SDK_bPermanentAudioMute:0<-|->SDK_bMomentAudioMute:0<-|->SDK_bByBlockAudioMute:0<-|
08-16 14:31:10.283 I/tvos    ( 1764): #12|->SDK_bByVChipAudioMute:0<-|->SDK_bInternal1AudioMute:0<-|->SDK_bInternal4AudioMute:0<-|
08-16 14:31:10.283 I/tvos    ( 1764): #12|->SDK_bByDuringLimitedTimeAudioMute:0<-|->SDK_bSourceSwitchAudioMute:0<-|->SDK_bMHEGApMute:0<-|
08-16 14:31:10.283 I/tvos    ( 1764): #12|->SDK_bPowerOnMute:0<-|->SDK_bUsrSpdifAudioMute:1<-|->SDK_bNullSourceMute:0<-|->SDK_bByAppMute:0<-|
08-16 14:31:10.283 I/tvos    ( 1764): ---Amplifier_ALC1310_LR_SWMute(1)
08-16 14:31:10.283 I/tvos    ( 1764): ALC1310 mute write good, addr: 0x13, readback data : 49164, write cmd times : 1
08-16 14:31:10.285 I/tvos    ( 1764): SetSoundMuteStatus : m_hpMute : 1, m_spdifMute : 1, m_DataInMute : 0, m_channel7Mute : 0, m_internalMute : 0, m_spkrMute : 1, m_PcmCapture1Mute : 0, m_PcmCapture2Mute : 1 
08-16 14:31:10.373 I/APM::AudioPolicyEngine( 1758): getDeviceForStrategy, 359
08-16 14:31:10.482 I/tvos    ( 1764): GetAudioOutputDevice, retval : 0
08-16 14:31:10.613 E/LetvRemoteupgradeManager-JNI( 2613): can't get LetvManager service!
08-16 14:31:10.732 I/tvos    ( 1764): GetAudioOutputDevice, retval : 0
08-16 14:31:10.983 I/tvos    ( 1764): GetAudioOutputDevice, retval : 0
08-16 14:31:11.233 I/tvos    ( 1764): GetAudioOutputDevice, retval : 0
08-16 14:31:11.257 I/remotestatus( 2207): Msg.what is 101
08-16 14:31:11.258 I/WindowManager( 2207): turn cursor off
08-16 14:31:11.258 E/RemoteManager( 2207): RemoteManager is no longer support in eui6.5
08-16 14:31:11.258 W/InputDispatcher( 2207): findFocusedWindow finished: injectionResult=0, timeSpentWaitingForApplication=0.0ms
08-16 14:31:11.258 E/InputManager-JNI( 2207): call nativeDisableCursor method with hideCursor
08-16 14:31:11.263 W/Launcher( 3007): [SDK][EcoFrescoViewImpl]:UnSupport subscriber
08-16 14:31:11.263 I/GlobalFocusChangedListe( 3007): com.stv.plugin.app.widget.AppCellView
08-16 14:31:11.266 I/SoundPool( 2207): enter : func play
08-16 14:31:11.267 I/APM::AudioPolicyEngine( 1758): getDeviceForStrategy, 359
08-16 14:31:11.268 W/InputDispatcher( 2207): findFocusedWindow finished: injectionResult=0, timeSpentWaitingForApplication=0.0ms
08-16 14:31:11.273 I/audio_hw_primary( 1758): version:a00004 adev_create_audio_patch::mix->device 
08-16 14:31:11.273 I/audio_hw_primary( 1758): adev_create_audio_patch *handle=-1420227928 num_audio_patch=3
08-16 14:31:11.280 E/AudioManagerService( 1803): setAudioVolume(callingPid 1758, clientPid 1758, enSoundPath 0, volumn:0 )
08-16 14:31:11.283 I/tvos    ( 1764): SetVolume, subWooExist 0!
08-16 14:31:11.283 I/tvos    ( 1764): mapi_audio_customer::SetAbsoluteVolume: project name is X440M
08-16 14:31:11.283 I/tvos    ( 1764): SetAbsoluteVolume: uPercent : 0, path=52(speaker), VolumeInt=7f, VolumeFra=0
08-16 14:31:11.283 I/tvos    ( 1764): SetAbsoluteVolume: uPercent(currVol) : 0, realPath=52(default), VolumeInt=7f, VolumeFra=0
08-16 14:31:11.283 I/tvos    ( 1764): mapi_audio_customer::SetAbsoluteVolume: project name is X440M
08-16 14:31:11.283 I/tvos    ( 1764): SetAbsoluteVolume: uPercent : 0, path=49(HP), VolumeInt=7f, VolumeFra=0
08-16 14:31:11.283 I/tvos    ( 1764): SetAbsoluteVolume: uPercent(currVol) : 0, realPath=49(default), VolumeInt=7f, VolumeFra=0
08-16 14:31:11.283 I/tvos    ( 1764): mapi_audio_customer::SetAbsoluteVolume: project name is X440M
08-16 14:31:11.283 I/tvos    ( 1764): SetAbsoluteVolume, m_bBTDetect is false! 
08-16 14:31:11.283 I/tvos    ( 1764): mapi_audio_customer::SetAbsoluteVolume: project name is X440M
08-16 14:31:11.283 I/tvos    ( 1764): SetAbsoluteVolume: uPercent : 0, path=255(speaker), VolumeInt=7f, VolumeFra=0
08-16 14:31:11.283 I/tvos    ( 1764): SetAbsoluteVolume: uPercent(currVol) : 0, realPath=255(default), VolumeInt=7f, VolumeFra=0
08-16 14:31:11.283 I/tvos    ( 1764): [SetMuteStatus] call SetSoundMuteStatus, line : 10369, muteType: 4, onOff : 0 
08-16 14:31:11.283 I/tvos    ( 1764): [audioBSP] #1 m_internalMute : 0 ..
08-16 14:31:11.283 I/tvos    ( 1764): #1|->SDK_bPermanentAudioMute:0<-|->SDK_bMomentAudioMute:0 <-|->SDK_bBySyncAudioMute:0<-|->SDK_bByBlockAudioMute:0<-|->SDK_bByVChipAudioMute:0<-|
08-16 14:31:11.283 I/tvos    ( 1764): #1|->SDK_bInternal1AudioMute:0<-|->SDK_bInternal2AudioMute:0<-|->SDK_bInternal3AudioMute:0<-|->SDK_bInternal4AudioMute:0<-|
08-16 14:31:11.283 I/tvos    ( 1764): #1|->SDK_bByScanInOutchgCHchg:0<-|->SDK_bByDuringLimitedTimeAudioMute:0<-|->SDK_bSourceSwitchAudioMute:0<-|
08-16 14:31:11.283 I/tvos    ( 1764): #1|->SDK_bMHEGApMute:0<-|->SDK_bAllAudioMuteCtrl:0<-|->SDK_bPowerOnMute:0<-|->SDK_bNullSourceMute0<-|->SDK_bSetInputSourceAudioMute:0<-|
08-16 14:31:11.283 I/tvos    ( 1764): [audioBSP] #2 m_spkrMute : 0 ..|->SDK_bUsrSpkrAudioMute:0<-|->SDK_bPowerOnMute:0<-|->SDK_bByUserAudioMute:0<-|
08-16 14:31:11.283 I/tvos    ( 1764): [audioBSP] #3 m_PcmCapture2Mute:0 |->SDK_bByUserPcmCapture2Mute:0<-|->SDK_SUB_bByUserAudioMute:0<-|->SDK_bByUserAudioMute:0<-|
08-16 14:31:11.283 I/tvos    ( 1764): [audioBSP] #5 m_hpMute : 1 ..|->SDK_bUsrHpAudioMute:1<-|->SDK_bPowerOnMute:0<-|->SDK_bByUserAudioMute:0<-|
08-16 14:31:11.283 I/tvos    ( 1764): [audioBSP] #12 m_spdifMute : 1 ..
08-16 14:31:11.283 I/tvos    ( 1764): #12|->SDK_bPermanentAudioMute:0<-|->SDK_bMomentAudioMute:0<-|->SDK_bByBlockAudioMute:0<-|
08-16 14:31:11.283 I/tvos    ( 1764): #12|->SDK_bByVChipAudioMute:0<-|->SDK_bInternal1AudioMute:0<-|->SDK_bInternal4AudioMute:0<-|
08-16 14:31:11.283 I/tvos    ( 1764): #12|->SDK_bByDuringLimitedTimeAudioMute:0<-|->SDK_bSourceSwitchAudioMute:0<-|->SDK_bMHEGApMute:0<-|
08-16 14:31:11.283 I/tvos    ( 1764): #12|->SDK_bPowerOnMute:0<-|->SDK_bUsrSpdifAudioMute:1<-|->SDK_bNullSourceMute:0<-|->SDK_bByAppMute:0<-|
08-16 14:31:11.283 I/tvos    ( 1764): ---Amplifier_ALC1310_LR_SWMute(0)
08-16 14:31:11.283 I/tvos    ( 1764): ALC1310 unmute good, addr: 0x13 readbackvalue: 4 
08-16 14:31:11.285 I/tvos    ( 1764): SetSoundMuteStatus : m_hpMute : 1, m_spdifMute : 1, m_DataInMute : 0, m_channel7Mute : 0, m_internalMute : 0, m_spkrMute : 0, m_PcmCapture1Mute : 0, m_PcmCapture2Mute : 0 
08-16 14:31:11.286 I/AudioUtil( 1758): setParameters spk_volume=0
08-16 14:31:11.286 I/audio_hw_primary( 1758): adev_set_parameters: spk_volume=0
08-16 14:31:11.286 I/tvos    ( 1764): GetAudioOutputDevice, retval : 0
08-16 14:31:11.287 I/tvos    ( 1764): [SetMuteStatus] call SetSoundMuteStatus, line : 10369, muteType: 67108864, onOff : 1 
08-16 14:31:11.287 I/tvos    ( 1764): _TransMSrvMuteTypeToSDKMuteType: Err! muteType(67108864) is out of Range
08-16 14:31:11.289 I/tvos    ( 1764): [SetMuteStatus] call SetSoundMuteStatus, line : 10369, muteType: 4, onOff : 1 
08-16 14:31:11.289 I/tvos    ( 1764): [audioBSP] #1 m_internalMute : 0 ..
08-16 14:31:11.289 I/tvos    ( 1764): #1|->SDK_bPermanentAudioMute:0<-|->SDK_bMomentAudioMute:0 <-|->SDK_bBySyncAudioMute:0<-|->SDK_bByBlockAudioMute:0<-|->SDK_bByVChipAudioMute:0<-|
08-16 14:31:11.289 I/tvos    ( 1764): #1|->SDK_bInternal1AudioMute:0<-|->SDK_bInternal2AudioMute:0<-|->SDK_bInternal3AudioMute:0<-|->SDK_bInternal4AudioMute:0<-|
08-16 14:31:11.289 I/tvos    ( 1764): #1|->SDK_bByScanInOutchgCHchg:0<-|->SDK_bByDuringLimitedTimeAudioMute:0<-|->SDK_bSourceSwitchAudioMute:0<-|
08-16 14:31:11.290 I/tvos    ( 1764): #1|->SDK_bMHEGApMute:0<-|->SDK_bAllAudioMuteCtrl:0<-|->SDK_bPowerOnMute:0<-|->SDK_bNullSourceMute0<-|->SDK_bSetInputSourceAudioMute:0<-|
08-16 14:31:11.290 I/tvos    ( 1764): [audioBSP] #2 m_spkrMute : 1 ..|->SDK_bUsrSpkrAudioMute:0<-|->SDK_bPowerOnMute:0<-|->SDK_bByUserAudioMute:1<-|
08-16 14:31:11.290 I/tvos    ( 1764): [audioBSP] #3 m_PcmCapture2Mute:1 |->SDK_bByUserPcmCapture2Mute:0<-|->SDK_SUB_bByUserAudioMute:0<-|->SDK_bByUserAudioMute:1<-|
08-16 14:31:11.290 I/tvos    ( 1764): [audioBSP] #5 m_hpMute : 1 ..|->SDK_bUsrHpAudioMute:1<-|->SDK_bPowerOnMute:0<-|->SDK_bByUserAudioMute:1<-|
08-16 14:31:11.290 I/tvos    ( 1764): [audioBSP] #12 m_spdifMute : 1 ..
08-16 14:31:11.290 I/tvos    ( 1764): #12|->SDK_bPermanentAudioMute:0<-|->SDK_bMomentAudioMute:0<-|->SDK_bByBlockAudioMute:0<-|
08-16 14:31:11.290 I/tvos    ( 1764): #12|->SDK_bByVChipAudioMute:0<-|->SDK_bInternal1AudioMute:0<-|->SDK_bInternal4AudioMute:0<-|
08-16 14:31:11.290 I/tvos    ( 1764): #12|->SDK_bByDuringLimitedTimeAudioMute:0<-|->SDK_bSourceSwitchAudioMute:0<-|->SDK_bMHEGApMute:0<-|
08-16 14:31:11.290 I/tvos    ( 1764): #12|->SDK_bPowerOnMute:0<-|->SDK_bUsrSpdifAudioMute:1<-|->SDK_bNullSourceMute:0<-|->SDK_bByAppMute:0<-|
08-16 14:31:11.290 I/tvos    ( 1764): ---Amplifier_ALC1310_LR_SWMute(1)
08-16 14:31:11.290 I/tvos    ( 1764): ALC1310 mute write good, addr: 0x13, readback data : 49164, write cmd times : 1
08-16 14:31:11.292 I/tvos    ( 1764): SetSoundMuteStatus : m_hpMute : 1, m_spdifMute : 1, m_DataInMute : 0, m_channel7Mute : 0, m_internalMute : 0, m_spkrMute : 1, m_PcmCapture1Mute : 0, m_PcmCapture2Mute : 1 
08-16 14:31:11.351 I/AppPlugin( 3007): AppFolderItem --  updateSuperscriptView msg count = -1type = -1
08-16 14:31:11.351 I/AppPlugin( 3007): AppFolderItem --  updateSuperscriptView msg count = -1type = -1
08-16 14:31:11.351 I/AppPlugin( 3007): AppFolderItem --  updateSuperscriptView msg count = -1type = -1
08-16 14:31:11.352 I/AppPlugin( 3007): CellView --  updateSuperscriptView msg count = -1type = -1
08-16 14:31:11.352 I/AppPlugin( 3007): CellView --  updateSuperscriptView msg count = -1type = -1
08-16 14:31:11.373 I/APM::AudioPolicyEngine( 1758): getDeviceForStrategy, 359
08-16 14:31:11.484 I/tvos    ( 1764): GetAudioOutputDevice, retval : 0
08-16 14:31:11.590 I/AppPlugin( 3007): ReportLogUtil -- startExposureReport
08-16 14:31:11.734 I/tvos    ( 1764): GetAudioOutputDevice, retval : 0
08-16 14:31:11.985 I/tvos    ( 1764): GetAudioOutputDevice, retval : 0
08-16 14:31:12.235 I/tvos    ( 1764): GetAudioOutputDevice, retval : 0
08-16 14:31:12.486 I/tvos    ( 1764): GetAudioOutputDevice, retval : 0
08-16 14:31:12.736 I/tvos    ( 1764): GetAudioOutputDevice, retval : 0
08-16 14:31:12.987 I/tvos    ( 1764): GetAudioOutputDevice, retval : 0
08-16 14:31:13.237 I/tvos    ( 1764): GetAudioOutputDevice, retval : 0
08-16 14:31:13.487 I/tvos    ( 1764): GetAudioOutputDevice, retval : 0
08-16 14:31:13.593 I/PluginFramework -- WidgetManager( 3007): getWidget id =#com.stv.plugin.app#
08-16 14:31:13.593 I/PluginFramework -- WidgetManager( 3007): getWidget widget = Widget{, mWidgetId=com.stv.plugin.app, mState=15, mLocation='/data/user/0/com.stv.launcher/files/plugins/com.stv.plugin.app_LetvAppPlugin_2.5.0.005_2018050710.apk', mVersionName='2.5.0.005', mVersionCode=2018050710, mName='LetvAppPlugin', mDexDir='/data/user/0/com.stv.launcher/files/plugins_data/com.stv.plugin.app/dex/', mLibDir='/data/user/0/com.stv.launcher/files/plugins_data/com.stv.plugin.app/libs/', mDataDir='/data/user/0/com.stv.launcher/files/plugins_data/com.stv.plugin.app'}
08-16 14:31:13.594 I/PluginFramework -- WidgetManager( 3007): getWidget id =#com.stv.plugin.app#
08-16 14:31:13.594 I/PluginFramework -- WidgetManager( 3007): getWidget widget = Widget{, mWidgetId=com.stv.plugin.app, mState=15, mLocation='/data/user/0/com.stv.launcher/files/plugins/com.stv.plugin.app_LetvAppPlugin_2.5.0.005_2018050710.apk', mVersionName='2.5.0.005', mVersionCode=2018050710, mName='LetvAppPlugin', mDexDir='/data/user/0/com.stv.launcher/files/plugins_data/com.stv.plugin.app/dex/', mLibDir='/data/user/0/com.stv.launcher/files/plugins_data/com.stv.plugin.app/libs/', mDataDir='/data/user/0/com.stv.launcher/files/plugins_data/com.stv.plugin.app'}
08-16 14:31:13.594 I/PluginFramework -- WidgetManager( 3007): getWidget id =#com.stv.plugin.app#
08-16 14:31:13.594 I/PluginFramework -- WidgetManager( 3007): getWidget widget = Widget{, mWidgetId=com.stv.plugin.app, mState=15, mLocation='/data/user/0/com.stv.launcher/files/plugins/com.stv.plugin.app_LetvAppPlugin_2.5.0.005_2018050710.apk', mVersionName='2.5.0.005', mVersionCode=2018050710, mName='LetvAppPlugin', mDexDir='/data/user/0/com.stv.launcher/files/plugins_data/com.stv.plugin.app/dex/', mLibDir='/data/user/0/com.stv.launcher/files/plugins_data/com.stv.plugin.app/libs/', mDataDir='/data/user/0/com.stv.launcher/files/plugins_data/com.stv.plugin.app'}
08-16 14:31:13.595 I/PluginFramework -- WidgetManager( 3007): getWidget id =#com.stv.plugin.app#
08-16 14:31:13.595 I/PluginFramework -- WidgetManager( 3007): getWidget widget = Widget{, mWidgetId=com.stv.plugin.app, mState=15, mLocation='/data/user/0/com.stv.launcher/files/plugins/com.stv.plugin.app_LetvAppPlugin_2.5.0.005_2018050710.apk', mVersionName='2.5.0.005', mVersionCode=2018050710, mName='LetvAppPlugin', mDexDir='/data/user/0/com.stv.launcher/files/plugins_data/com.stv.plugin.app/dex/', mLibDir='/data/user/0/com.stv.launcher/files/plugins_data/com.stv.plugin.app/libs/', mDataDir='/data/user/0/com.stv.launcher/files/plugins_data/com.stv.plugin.app'}
08-16 14:31:13.596 I/PluginFramework -- WidgetManager( 3007): getWidget id =#com.stv.plugin.app#
08-16 14:31:13.596 I/PluginFramework -- WidgetManager( 3007): getWidget widget = Widget{, mWidgetId=com.stv.plugin.app, mState=15, mLocation='/data/user/0/com.stv.launcher/files/plugins/com.stv.plugin.app_LetvAppPlugin_2.5.0.005_2018050710.apk', mVersionName='2.5.0.005', mVersionCode=2018050710, mName='LetvAppPlugin', mDexDir='/data/user/0/com.stv.launcher/files/plugins_data/com.stv.plugin.app/dex/', mLibDir='/data/user/0/com.stv.launcher/files/plugins_data/com.stv.plugin.app/libs/', mDataDir='/data/user/0/com.stv.launcher/files/plugins_data/com.stv.plugin.app'}
08-16 14:31:13.614 E/LetvRemoteupgradeManager-JNI( 2613): can't get LetvManager service!
08-16 14:31:13.728 I/LetvManager-LogReport( 1780): [send_msg] line: 490 report url = http://log.hdtv.cp21.ott.cibntv.net:80/api/log/tvAction
08-16 14:31:13.738 I/tvos    ( 1764): GetAudioOutputDevice, retval : 0
08-16 14:31:13.933 I/LetvManager-LogReport( 1780): [send_msg] line: 490 report url = http://log.hdtv.cp21.ott.cibntv.net:80/api/log/tvAction
08-16 14:31:13.988 I/tvos    ( 1764): GetAudioOutputDevice, retval : 0
08-16 14:31:14.138 I/LetvManager-LogReport( 1780): [send_msg] line: 490 report url = http://log.hdtv.cp21.ott.cibntv.net:80/api/log/tvAction
08-16 14:31:14.239 I/tvos    ( 1764): GetAudioOutputDevice, retval : 0
08-16 14:31:14.344 I/LetvManager-LogReport( 1780): [send_msg] line: 490 report url = http://log.hdtv.cp21.ott.cibntv.net:80/api/log/tvAction
08-16 14:31:14.489 I/tvos    ( 1764): GetAudioOutputDevice, retval : 0
08-16 14:31:14.548 I/LetvManager-LogReport( 1780): [send_msg] line: 490 report url = http://log.hdtv.cp21.ott.cibntv.net:80/api/log/tvAction
08-16 14:31:14.740 I/tvos    ( 1764): GetAudioOutputDevice, retval : 0
08-16 14:31:14.990 I/tvos    ( 1764): GetAudioOutputDevice, retval : 0
08-16 14:31:15.240 I/tvos    ( 1764): GetAudioOutputDevice, retval : 0
08-16 14:31:15.491 I/tvos    ( 1764): GetAudioOutputDevice, retval : 0
08-16 14:31:15.741 I/tvos    ( 1764): GetAudioOutputDevice, retval : 0
08-16 14:31:15.992 I/tvos    ( 1764): GetAudioOutputDevice, retval : 0
08-16 14:31:16.242 I/tvos    ( 1764): GetAudioOutputDevice, retval : 0
08-16 14:31:16.492 I/tvos    ( 1764): GetAudioOutputDevice, retval : 0
08-16 14:31:16.614 E/LetvRemoteupgradeManager-JNI( 2613): can't get LetvManager service!
08-16 14:31:16.743 I/tvos    ( 1764): GetAudioOutputDevice, retval : 0
08-16 14:31:16.993 I/tvos    ( 1764): GetAudioOutputDevice, retval : 0
08-16 14:31:17.244 I/tvos    ( 1764): GetAudioOutputDevice, retval : 0
08-16 14:31:17.494 I/tvos    ( 1764): GetAudioOutputDevice, retval : 0
08-16 14:31:17.603 I/lbplayer( 4071): [main]:ServiceDOWN:dlnaRender is running
08-16 14:31:17.603 I/lbplayer( 4071): [main]:ServiceDOWN:LeLinkService is running
08-16 14:31:17.603 I/lbplayer( 4071): [main]:ServiceDOWN:mainServer is running
08-16 14:31:17.744 I/tvos    ( 1764): GetAudioOutputDevice, retval : 0
08-16 14:31:17.943 I/Radio-JNI(19195): register_android_hardware_Radio DONE
08-16 14:31:17.969 I/ActivityManager( 2207): Force stopping com.stv.feedback appid=1000 user=0: from pid 19195
08-16 14:31:17.970 I/ActivityManager( 2207): Killing 18809:com.stv.feedback/1000 (adj 9): stop com.stv.feedback
08-16 14:31:17.995 I/tvos    ( 1764): GetAudioOutputDevice, retval : 0
08-16 14:31:18.091 E/critical_path_log( 5085): com.letv.tv : letv_3820f7d3a20b3a40_onTrimMemory: level = 5
08-16 14:31:18.091 E/critical_path_log( 5085): com.letv.tv : letv_02fb16e5d46e18f0_will clear cache
08-16 14:31:18.095 I/Launcher( 3007): [com.stv.launcher] LauncherApplication -- ========= tryTrimMemoryCache =========5
08-16 14:31:18.095 E/critical_path_log( 3007): superlive_7799adbbe191b8ab_onTrimMemory: level = 5
08-16 14:31:18.097 W/ActivityManager( 2207): Spurious death for ProcessRecord{f312488 0:com.stv.feedback/1000}, curProc for 18809: null
08-16 14:31:18.092 E/critical_path_log( 5085): com.letv.tv : letv_02fb16e5d46e18f0_clear cache finished
08-16 14:31:18.245 I/tvos    ( 1764): GetAudioOutputDevice, retval : 0
08-16 14:31:18.347 I/ActivityManager( 2207): START u0 {act=android.intent.action.MAIN cat=[android.intent.category.LAUNCHER] flg=0x10000000 cmp=com.stv.feedback/.FeedbackActivity} from uid 0 on display 0
08-16 14:31:18.353 I/TvLiveBaseFragment( 3007): onPause
08-16 14:31:18.353 I/ShoppingPlugin-stv-PluginFragment( 3007): onPause ->in
08-16 14:31:18.353 I/ShoppingPlugin-stv-PluginRootLayout( 3007): onFragmentPause ---> in
08-16 14:31:18.353 I/Launcher( 3007): [com.stv.launcher] LauncherActivity -- onPause  mBootSignalFirst=false sCurrentScreen = com.stv.plugin.app
08-16 14:31:18.355 I/Launcher( 3007): [com.stv.launcher] ===== enalbeAllKey =====
08-16 14:31:18.355 I/WindowManager( 2207): setBlockVoiceKey = false
08-16 14:31:18.356 I/WindowManager( 2207): setBlockSourceKey = false
08-16 14:31:18.358 I/System.out( 2207): From style:
08-16 14:31:18.358 I/System.out( 2207): Attrs: 3010001=0.6 3010002=res/drawable-hdpi-v4/ic_desk_app_bg.jpg 3010003=null 3010004=true
08-16 14:31:18.358 W/InputDispatcher( 2207): setFocusedApplication
08-16 14:31:18.360 W/InputDispatcher( 2207): Focus left window: Window{23c0535 u0 com.stv.launcher/com.stv.launcher.ui.activity.Launcher}
08-16 14:31:18.363 I/WindowManager( 2207): setBlockSettingKey = false
08-16 14:31:18.364 I/WindowManager( 2207): setBlockFunctionKeys = false
08-16 14:31:18.364 I/WindowManager( 2207): setBlockHomeKey = false
08-16 14:31:18.387 I/ActivityManager( 2207): Start proc 19205:com.stv.feedback/1000 for activity com.stv.feedback/.FeedbackActivity
08-16 14:31:18.433 I/ActivityManager( 2207): TR12) TaskRecord{150a0ce #29 A=com.stv.feedback U=0 sz=1}
08-16 14:31:18.433 I/ActivityManager( 2207): TR11) TaskRecord{14b0d11 #1 A=com.stv.launcher U=0 sz=1}
08-16 14:31:18.439 I/ActivityManager( 2207): accel TR12) TaskRecord{150a0ce #29 A=com.stv.feedback U=0 sz=1}
08-16 14:31:18.439 I/ActivityManager( 2207): accel TR11) TaskRecord{14b0d11 #1 A=com.stv.launcher U=0 sz=1}
08-16 14:31:18.448 I/Launcher( 3007): [com.stv.launcher] LauncherApplication -- ========= tryTrimMemoryCache =========20
08-16 14:31:18.463 E/LETV_DEVICE( 1780): no name sn for Mstar
08-16 14:31:18.477 E/ActivityThread( 2837): Failed to find provider info for com.letv.agnes.InfoProvider
08-16 14:31:18.478 E/ActivityThread( 2837): Failed to find provider info for com.letv.agnes.InfoProvider
08-16 14:31:18.478 W/System.err( 2837): java.lang.IllegalArgumentException: Unknown URL content://com.letv.agnes.InfoProvider
08-16 14:31:18.478 W/System.err( 2837): 	at android.content.ContentResolver.insert(ContentResolver.java:1227)
08-16 14:31:18.478 W/System.err( 2837): 	at com.letv.tracker2.agnes.Configuration.addDebugInfo(Configuration.java:289)
08-16 14:31:18.478 W/System.err( 2837): 	at com.letv.tracker2.agnes.MessageProcessor$SendEnvMsgTr$1.handleMessage(MessageProcessor.java:661)
08-16 14:31:18.478 W/System.err( 2837): 	at android.os.Handler.dispatchMessage(Handler.java:102)
08-16 14:31:18.478 W/System.err( 2837): 	at android.os.Looper.loop(Looper.java:148)
08-16 14:31:18.478 W/System.err( 2837): 	at com.letv.tracker2.agnes.MessageProcessor$SendEnvMsgTr.run(MessageProcessor.java:665)
08-16 14:31:18.487 I/tvos    ( 1764): [37m[INFO] Change to Voltage: 1150 mV (0x22)[m
08-16 14:31:18.487 I/tvos    ( 1764): [37m[INFO] Change to Voltage: 1150 mV (0x25)[m
08-16 14:31:18.487 I/tvos    ( 1764): [37m[INFO] Change to Voltage: 1150 mV (0x28)[m
08-16 14:31:18.487 I/tvos    ( 1764): [37m[INFO] Change to Voltage: 1150 mV (0x2B)[m
08-16 14:31:18.487 I/tvos    ( 1764): [37m[INFO] Change to Voltage: 1150 mV (0x2E)[m
08-16 14:31:18.487 I/tvos    ( 1764): [37m[INFO] Change to Voltage: 1150 mV (0x2E)[m
08-16 14:31:18.489 W/System  (19205): ClassLoader referenced unknown path: /system/app/StvFeedback/lib/arm64
08-16 14:31:18.490 I/tvos    ( 1764): [37m[INFO] Change to Voltage: 1130 mV (0x1F)[m
08-16 14:31:18.490 I/tvos    ( 1764): [37m[INFO] Change to Voltage: 1130 mV (0x22)[m
08-16 14:31:18.495 I/tvos    ( 1764): [37m[INFO] Change to Voltage: 1130 mV (0x25)[m
08-16 14:31:18.496 I/tvos    ( 1764): GetAudioOutputDevice, retval : 0
08-16 14:31:18.496 I/tvos    ( 1764): [37m[INFO] Change to Voltage: 1130 mV (0x28)[m
08-16 14:31:18.497 I/tvos    ( 1764): [37m[INFO] Change to Voltage: 1130 mV (0x2B)[m
08-16 14:31:18.500 I/tvos    ( 1764): [37m[INFO] Change to Voltage: 1130 mV (0x2C)[m
08-16 14:31:18.515 I/TVFeedback(19205): FeedbackActivity -- onCreate
08-16 14:31:18.515 I/TVFeedback(19205): BaseActivity -- onCreate
08-16 14:31:18.520 I/TVFeedback(19205): MyApplication -- register Letv Push
08-16 14:31:18.528 W/ContextImpl(19205): Calling a method in the system process without a qualified user: android.app.ContextImpl.startService:1224 android.content.ContextWrapper.startService:581 com.letv.android.lcm.WaitForString.waitFor:31 com.letv.android.lcm.RegistEngine.registAfter:175 com.letv.android.lcm.RegistEngine.register:53 
08-16 14:31:18.532 I/LePush  ( 3655): [StvPushService] Receive from com.stv.feedback com.stv.stvpush.EXTRA_VALUE_REGISTER
08-16 14:31:18.536 I/System.out(19205): From style:
08-16 14:31:18.536 I/System.out(19205): Attrs: 3010001=0.6 3010002=res/drawable-hdpi-v4/ic_desk_app_bg.jpg 3010003=null 3010004=true
08-16 14:31:18.571 I/StvLogReport( 2837): StargazerReportTask, action=appClose&name=桌面&packagename=com.stv.launcher&versionCode=20180321&appVersionName=1.0.5&appType=1&mark=70&totalTime=56
08-16 14:31:18.573 I/[T1.0.6.3]EuiAgnes_Server( 2837): resCode:1
08-16 14:31:18.573 I/[T1.0.6.3]EuiAgnes_Server( 2837): b[0]:0
08-16 14:31:18.581 E/LETV_DEVICE( 1780): no name sn for Mstar
08-16 14:31:18.582 I/StvLogReport( 2837): StargazerReportTask, reponse2 : {"status":"OK","statusCode":200,"message":"succeefully"}
08-16 14:31:18.611 I/StvLogReport( 2837): StargazerReportTask, action=appOpen&name=问题反馈&packagename=com.stv.feedback&versionCode=1&appVersionName=1.0.0&appType=1&mark=71
08-16 14:31:18.623 I/StvLogReport( 2837): StargazerReportTask, reponse2 : {"status":"OK","statusCode":200,"message":"succeefully"}
08-16 14:31:18.686 I/tvos    ( 1764): [37m[INFO] Change to Voltage: 1000 mV (0x2C)[m
08-16 14:31:18.686 I/tvos    ( 1764): [37m[INFO] Change to Voltage: 1000 mV (0x29)[m
08-16 14:31:18.686 I/tvos    ( 1764): [37m[INFO] Change to Voltage: 1000 mV (0x26)[m
08-16 14:31:18.686 I/tvos    ( 1764): [37m[INFO] Change to Voltage: 1000 mV (0x23)[m
08-16 14:31:18.687 I/tvos    ( 1764): [37m[INFO] Change to Voltage: 1000 mV (0x20)[m
08-16 14:31:18.687 I/tvos    ( 1764): [37m[INFO] Change to Voltage: 1000 mV (0x1F)[m
08-16 14:31:18.691 E/critical_path_log( 3007): superlive_7799adbbe191b8ab_onTrimMemory: level = 20
08-16 14:31:18.717 E/ActivityThread( 2837): Failed to find provider info for com.letv.agnes.InfoProvider
08-16 14:31:18.718 E/ActivityThread( 2837): Failed to find provider info for com.letv.agnes.InfoProvider
08-16 14:31:18.719 W/System.err( 2837): java.lang.IllegalArgumentException: Unknown URL content://com.letv.agnes.InfoProvider
08-16 14:31:18.719 W/System.err( 2837): 	at android.content.ContentResolver.insert(ContentResolver.java:1227)
08-16 14:31:18.719 W/System.err( 2837): 	at com.letv.tracker2.agnes.Configuration.addDebugInfo(Configuration.java:289)
08-16 14:31:18.719 W/System.err( 2837): 	at com.letv.tracker2.agnes.MessageProcessor$SendEnvMsgTr$1.handleMessage(MessageProcessor.java:661)
08-16 14:31:18.720 W/System.err( 2837): 	at android.os.Handler.dispatchMessage(Handler.java:102)
08-16 14:31:18.720 W/System.err( 2837): 	at android.os.Looper.loop(Looper.java:148)
08-16 14:31:18.720 W/System.err( 2837): 	at com.letv.tracker2.agnes.MessageProcessor$SendEnvMsgTr.run(MessageProcessor.java:665)
08-16 14:31:18.726 I/[T1.0.6.3]EuiAgnes_Server( 2837): resCode:1
08-16 14:31:18.726 I/[T1.0.6.3]EuiAgnes_Server( 2837): b[0]:0
08-16 14:31:18.748 I/tvos    ( 1764): GetAudioOutputDevice, retval : 0
08-16 14:31:18.755 I/LetvManager-LogReport( 1780): [send_msg] line: 490 report url = http://log.hdtv.cp21.ott.cibntv.net:80/api/log/tvAction
08-16 14:31:18.888 I/TVFeedback(19205): PermissionUtil -- no permission :[]
