--------- beginning of main
08-16 14:35:03.928 I/tvos    ( 1764): GetAudioOutputDevice, retval : 0
08-16 14:35:04.179 I/tvos    ( 1764): GetAudioOutputDevice, retval : 0
08-16 14:35:04.429 I/tvos    ( 1764): GetAudioOutputDevice, retval : 0
08-16 14:35:04.645 E/LetvRemoteupgradeManager-JNI( 2613): can't get LetvManager service!
08-16 14:35:04.680 I/tvos    ( 1764): GetAudioOutputDevice, retval : 0
08-16 14:35:04.930 I/tvos    ( 1764): GetAudioOutputDevice, retval : 0
08-16 14:35:05.040 I/Radio-JNI(20624): register_android_hardware_Radio DONE
--------- beginning of system
08-16 14:35:05.068 I/ActivityManager( 2207): Force stopping com.le.tcauto.uitest appid=10097 user=0: start instr
08-16 14:35:05.080 I/art     (20636): Late-enabling -Xcheck:jni
08-16 14:35:05.081 I/ActivityManager( 2207): Start proc 20636:com.le.tcauto.uitest/u0a97 for added application com.le.tcauto.uitest
08-16 14:35:05.123 W/System  (20636): ClassLoader referenced unknown path: /data/app/com.le.tcauto.uitest.test-1/lib/arm64
08-16 14:35:05.123 W/System  (20636): ClassLoader referenced unknown path: /data/app/com.le.tcauto.uitest-1/lib/arm64
08-16 14:35:05.138 I/MonitoringInstrumentation(20636): Instrumentation Started!
08-16 14:35:05.139 I/MonitoringInstrumentation(20636): Setting context classloader to 'dalvik.system.PathClassLoader[DexPathList[[zip file "/system/framework/android.test.runner.jar", zip file "/data/app/com.le.tcauto.uitest.test-1/base.apk", zip file "/data/app/com.le.tcauto.uitest-1/base.apk"],nativeLibraryDirectories=[/data/app/com.le.tcauto.uitest.test-1/lib/arm64, /data/app/com.le.tcauto.uitest-1/lib/arm64, /vendor/lib64, /system/lib64]]]', Original: 'dalvik.system.PathClassLoader[DexPathList[[zip file "/system/framework/android.test.runner.jar", zip file "/data/app/com.le.tcauto.uitest.test-1/base.apk", zip file "/data/app/com.le.tcauto.uitest-1/base.apk"],nativeLibraryDirectories=[/data/app/com.le.tcauto.uitest.test-1/lib/arm64, /data/app/com.le.tcauto.uitest-1/lib/arm64, /vendor/lib64, /system/lib64]]]'
08-16 14:35:05.142 I/MonitoringInstrumentation(20636): No JSBridge.
08-16 14:35:05.142 I/MonitoringInstrumentation(20636): java.lang.ClassNotFoundException: android.support.test.espresso.web.bridge.JavaScriptBridge
08-16 14:35:05.142 I/MonitoringInstrumentation(20636): 	at java.lang.Class.classForName(Native Method)
08-16 14:35:05.142 I/MonitoringInstrumentation(20636): 	at java.lang.Class.forName(Class.java:324)
08-16 14:35:05.142 I/MonitoringInstrumentation(20636): 	at java.lang.Class.forName(Class.java:285)
08-16 14:35:05.142 I/MonitoringInstrumentation(20636): 	at android.support.test.runner.MonitoringInstrumentation.tryLoadingJsBridge(MonitoringInstrumentation.java:612)
08-16 14:35:05.142 I/MonitoringInstrumentation(20636): 	at android.support.test.runner.MonitoringInstrumentation.access$100(MonitoringInstrumentation.java:88)
08-16 14:35:05.142 I/MonitoringInstrumentation(20636): 	at android.support.test.runner.MonitoringInstrumentation$3.run(MonitoringInstrumentation.java:223)
08-16 14:35:05.142 I/MonitoringInstrumentation(20636): 	at android.app.Instrumentation$SyncRunnable.run(Instrumentation.java:1897)
08-16 14:35:05.142 I/MonitoringInstrumentation(20636): 	at android.os.Handler.handleCallback(Handler.java:739)
08-16 14:35:05.142 I/MonitoringInstrumentation(20636): 	at android.os.Handler.dispatchMessage(Handler.java:95)
08-16 14:35:05.142 I/MonitoringInstrumentation(20636): 	at android.os.Looper.loop(Looper.java:148)
08-16 14:35:05.142 I/MonitoringInstrumentation(20636): 	at android.app.ActivityThread.main(ActivityThread.java:5423)
08-16 14:35:05.142 I/MonitoringInstrumentation(20636): 	at java.lang.reflect.Method.invoke(Native Method)
08-16 14:35:05.142 I/MonitoringInstrumentation(20636): 	at com.android.internal.os.ZygoteInit$MethodAndArgsCaller.run(ZygoteInit.java:744)
08-16 14:35:05.142 I/MonitoringInstrumentation(20636): 	at com.android.internal.os.ZygoteInit.main(ZygoteInit.java:634)
08-16 14:35:05.142 I/MonitoringInstrumentation(20636): Caused by: java.lang.ClassNotFoundException: Didn't find class "android.support.test.espresso.web.bridge.JavaScriptBridge" on path: DexPathList[[zip file "/system/framework/android.test.runner.jar", zip file "/data/app/com.le.tcauto.uitest.test-1/base.apk", zip file "/data/app/com.le.tcauto.uitest-1/base.apk"],nativeLibraryDirectories=[/data/app/com.le.tcauto.uitest.test-1/lib/arm64, /data/app/com.le.tcauto.uitest-1/lib/arm64, /vendor/lib64, /system/lib64]]
08-16 14:35:05.142 I/MonitoringInstrumentation(20636): 	at dalvik.system.BaseDexClassLoader.findClass(BaseDexClassLoader.java:56)
08-16 14:35:05.142 I/MonitoringInstrumentation(20636): 	at java.lang.ClassLoader.loadClass(ClassLoader.java:511)
08-16 14:35:05.142 I/MonitoringInstrumentation(20636): 	at java.lang.ClassLoader.loadClass(ClassLoader.java:469)
08-16 14:35:05.142 I/MonitoringInstrumentation(20636): 	... 14 more
08-16 14:35:05.142 I/MonitoringInstrumentation(20636): 	Suppressed: java.lang.ClassNotFoundException: android.support.test.espresso.web.bridge.JavaScriptBridge
08-16 14:35:05.142 I/MonitoringInstrumentation(20636): 		at java.lang.Class.classForName(Native Method)
08-16 14:35:05.142 I/MonitoringInstrumentation(20636): 		at java.lang.BootClassLoader.findClass(ClassLoader.java:781)
08-16 14:35:05.142 I/MonitoringInstrumentation(20636): 		at java.lang.BootClassLoader.loadClass(ClassLoader.java:841)
08-16 14:35:05.142 I/MonitoringInstrumentation(20636): 		at java.lang.ClassLoader.loadClass(ClassLoader.java:504)
08-16 14:35:05.142 I/MonitoringInstrumentation(20636): 		... 15 more
08-16 14:35:05.142 I/MonitoringInstrumentation(20636): 	Caused by: java.lang.NoClassDefFoundError: Class not found using the boot class loader; no stack trace available
08-16 14:35:05.169 I/TestRunner(20636): run started: 1 tests
08-16 14:35:05.175 I/TestRunner(20636): started: testLoadCenterAdd(com.letv.cases.leui.SmokeDownLoad)
08-16 14:35:05.179 I/MonitoringInstrumentation(20636): Activities that are still in CREATED to STOPPED: 0
08-16 14:35:05.181 I/tvos    ( 1764): GetAudioOutputDevice, retval : 0
08-16 14:35:05.195 I/LetvTestCase(20636): =====================case start time is :2018-8-16-2-35-5
08-16 14:35:05.201 I/System.out(20636): The folder /sdcard/AutoSmoke_UI30/testLoadCenterAdd_20180816_143458 has existed!
08-16 14:35:05.201 I/System.out(20636): current_case_root_folder=testLoadCenterAdd_20180816_143458
08-16 14:35:05.431 I/tvos    ( 1764): GetAudioOutputDevice, retval : 0
08-16 14:35:05.681 I/tvos    ( 1764): GetAudioOutputDevice, retval : 0
08-16 14:35:05.700 W/InputDispatcher( 2207): findFocusedWindow finished: injectionResult=0, timeSpentWaitingForApplication=0.0ms
08-16 14:35:05.705 W/InputDispatcher( 2207): findFocusedWindow finished: injectionResult=0, timeSpentWaitingForApplication=0.0ms
08-16 14:35:05.932 I/tvos    ( 1764): GetAudioOutputDevice, retval : 0
08-16 14:35:06.183 I/tvos    ( 1764): GetAudioOutputDevice, retval : 0
08-16 14:35:06.433 I/tvos    ( 1764): GetAudioOutputDevice, retval : 0
08-16 14:35:06.485 I/remotestatus( 2207): Msg.what is 101
08-16 14:35:06.485 I/WindowManager( 2207): turn cursor off
08-16 14:35:06.485 E/RemoteManager( 2207): RemoteManager is no longer support in eui6.5
08-16 14:35:06.486 W/InputDispatcher( 2207): findFocusedWindow finished: injectionResult=0, timeSpentWaitingForApplication=0.0ms
08-16 14:35:06.486 I/AppPlugin( 3007): AppFragment -- onFocusRequested requestDirection = 18
08-16 14:35:06.486 E/InputManager-JNI( 2207): call nativeDisableCursor method with hideCursor
08-16 14:35:06.486 I/AppPlugin( 3007): AppRecyclerView --  onFocus mFocusedView = null direction = 130
08-16 14:35:06.486 I/AppPlugin( 3007): AppRecyclerView -- onFocus mFocusedView = com.stv.plugin.app.widget.RecommPosterCellView{354fae1 VFE...C.. ........ 0,0-312,416 #7f0a001e app:id/item_01}
08-16 14:35:06.488 I/GlobalFocusChangedListe( 3007): com.stv.plugin.app.widget.RecommPosterCellView
08-16 14:35:06.493 I/SoundPool( 3007): enter : func play
08-16 14:35:06.494 I/APM::AudioPolicyEngine( 1758): getDeviceForStrategy, 359
08-16 14:35:06.494 I/audio_hw_primary( 1758): version:a00004 adev_create_audio_patch::mix->device 
08-16 14:35:06.494 I/audio_hw_primary( 1758): adev_create_audio_patch *handle=-1420227928 num_audio_patch=3
08-16 14:35:06.496 E/AudioManagerService( 1803): setAudioVolume(callingPid 1758, clientPid 1758, enSoundPath 0, volumn:0 )
08-16 14:35:06.499 I/tvos    ( 1764): SetVolume, subWooExist 0!
08-16 14:35:06.499 I/tvos    ( 1764): mapi_audio_customer::SetAbsoluteVolume: project name is X440M
08-16 14:35:06.499 I/tvos    ( 1764): SetAbsoluteVolume: uPercent : 0, path=52(speaker), VolumeInt=7f, VolumeFra=0
08-16 14:35:06.499 I/tvos    ( 1764): SetAbsoluteVolume: uPercent(currVol) : 0, realPath=52(default), VolumeInt=7f, VolumeFra=0
08-16 14:35:06.499 I/tvos    ( 1764): mapi_audio_customer::SetAbsoluteVolume: project name is X440M
08-16 14:35:06.499 I/tvos    ( 1764): SetAbsoluteVolume: uPercent : 0, path=49(HP), VolumeInt=7f, VolumeFra=0
08-16 14:35:06.499 I/tvos    ( 1764): SetAbsoluteVolume: uPercent(currVol) : 0, realPath=49(default), VolumeInt=7f, VolumeFra=0
08-16 14:35:06.499 I/tvos    ( 1764): mapi_audio_customer::SetAbsoluteVolume: project name is X440M
08-16 14:35:06.499 I/tvos    ( 1764): SetAbsoluteVolume, m_bBTDetect is false! 
08-16 14:35:06.499 I/tvos    ( 1764): mapi_audio_customer::SetAbsoluteVolume: project name is X440M
08-16 14:35:06.499 I/tvos    ( 1764): SetAbsoluteVolume: uPercent : 0, path=255(speaker), VolumeInt=7f, VolumeFra=0
08-16 14:35:06.499 I/tvos    ( 1764): SetAbsoluteVolume: uPercent(currVol) : 0, realPath=255(default), VolumeInt=7f, VolumeFra=0
08-16 14:35:06.499 I/tvos    ( 1764): [SetMuteStatus] call SetSoundMuteStatus, line : 10369, muteType: 4, onOff : 0 
08-16 14:35:06.499 I/tvos    ( 1764): [audioBSP] #1 m_internalMute : 0 ..
08-16 14:35:06.499 I/tvos    ( 1764): #1|->SDK_bPermanentAudioMute:0<-|->SDK_bMomentAudioMute:0 <-|->SDK_bBySyncAudioMute:0<-|->SDK_bByBlockAudioMute:0<-|->SDK_bByVChipAudioMute:0<-|
08-16 14:35:06.499 I/tvos    ( 1764): #1|->SDK_bInternal1AudioMute:0<-|->SDK_bInternal2AudioMute:0<-|->SDK_bInternal3AudioMute:0<-|->SDK_bInternal4AudioMute:0<-|
08-16 14:35:06.499 I/tvos    ( 1764): #1|->SDK_bByScanInOutchgCHchg:0<-|->SDK_bByDuringLimitedTimeAudioMute:0<-|->SDK_bSourceSwitchAudioMute:0<-|
08-16 14:35:06.499 I/tvos    ( 1764): #1|->SDK_bMHEGApMute:0<-|->SDK_bAllAudioMuteCtrl:0<-|->SDK_bPowerOnMute:0<-|->SDK_bNullSourceMute0<-|->SDK_bSetInputSourceAudioMute:0<-|
08-16 14:35:06.499 I/tvos    ( 1764): [audioBSP] #2 m_spkrMute : 0 ..|->SDK_bUsrSpkrAudioMute:0<-|->SDK_bPowerOnMute:0<-|->SDK_bByUserAudioMute:0<-|
08-16 14:35:06.499 I/tvos    ( 1764): [audioBSP] #3 m_PcmCapture2Mute:0 |->SDK_bByUserPcmCapture2Mute:0<-|->SDK_SUB_bByUserAudioMute:0<-|->SDK_bByUserAudioMute:0<-|
08-16 14:35:06.499 I/tvos    ( 1764): [audioBSP] #5 m_hpMute : 1 ..|->SDK_bUsrHpAudioMute:1<-|->SDK_bPowerOnMute:0<-|->SDK_bByUserAudioMute:0<-|
08-16 14:35:06.499 I/tvos    ( 1764): [audioBSP] #12 m_spdifMute : 1 ..
08-16 14:35:06.499 I/tvos    ( 1764): #12|->SDK_bPermanentAudioMute:0<-|->SDK_bMomentAudioMute:0<-|->SDK_bByBlockAudioMute:0<-|
08-16 14:35:06.499 I/tvos    ( 1764): #12|->SDK_bByVChipAudioMute:0<-|->SDK_bInternal1AudioMute:0<-|->SDK_bInternal4AudioMute:0<-|
08-16 14:35:06.499 I/tvos    ( 1764): #12|->SDK_bByDuringLimitedTimeAudioMute:0<-|->SDK_bSourceSwitchAudioMute:0<-|->SDK_bMHEGApMute:0<-|
08-16 14:35:06.499 I/tvos    ( 1764): #12|->SDK_bPowerOnMute:0<-|->SDK_bUsrSpdifAudioMute:1<-|->SDK_bNullSourceMute:0<-|->SDK_bByAppMute:0<-|
08-16 14:35:06.499 I/tvos    ( 1764): ---Amplifier_ALC1310_LR_SWMute(0)
08-16 14:35:06.499 I/tvos    ( 1764): ALC1310 unmute good, addr: 0x13 readbackvalue: 4 
08-16 14:35:06.501 I/tvos    ( 1764): SetSoundMuteStatus : m_hpMute : 1, m_spdifMute : 1, m_DataInMute : 0, m_channel7Mute : 0, m_internalMute : 0, m_spkrMute : 0, m_PcmCapture1Mute : 0, m_PcmCapture2Mute : 0 
08-16 14:35:06.501 I/AudioUtil( 1758): setParameters spk_volume=0
08-16 14:35:06.501 I/audio_hw_primary( 1758): adev_set_parameters: spk_volume=0
08-16 14:35:06.502 I/tvos    ( 1764): GetAudioOutputDevice, retval : 0
08-16 14:35:06.502 I/tvos    ( 1764): [SetMuteStatus] call SetSoundMuteStatus, line : 10369, muteType: 67108864, onOff : 1 
08-16 14:35:06.502 I/tvos    ( 1764): _TransMSrvMuteTypeToSDKMuteType: Err! muteType(67108864) is out of Range
08-16 14:35:06.504 I/tvos    ( 1764): [SetMuteStatus] call SetSoundMuteStatus, line : 10369, muteType: 4, onOff : 1 
08-16 14:35:06.504 I/tvos    ( 1764): [audioBSP] #1 m_internalMute : 0 ..
08-16 14:35:06.504 I/tvos    ( 1764): #1|->SDK_bPermanentAudioMute:0<-|->SDK_bMomentAudioMute:0 <-|->SDK_bBySyncAudioMute:0<-|->SDK_bByBlockAudioMute:0<-|->SDK_bByVChipAudioMute:0<-|
08-16 14:35:06.504 I/tvos    ( 1764): #1|->SDK_bInternal1AudioMute:0<-|->SDK_bInternal2AudioMute:0<-|->SDK_bInternal3AudioMute:0<-|->SDK_bInternal4AudioMute:0<-|
08-16 14:35:06.504 I/tvos    ( 1764): #1|->SDK_bByScanInOutchgCHchg:0<-|->SDK_bByDuringLimitedTimeAudioMute:0<-|->SDK_bSourceSwitchAudioMute:0<-|
08-16 14:35:06.504 I/tvos    ( 1764): #1|->SDK_bMHEGApMute:0<-|->SDK_bAllAudioMuteCtrl:0<-|->SDK_bPowerOnMute:0<-|->SDK_bNullSourceMute0<-|->SDK_bSetInputSourceAudioMute:0<-|
08-16 14:35:06.504 I/tvos    ( 1764): [audioBSP] #2 m_spkrMute : 1 ..|->SDK_bUsrSpkrAudioMute:0<-|->SDK_bPowerOnMute:0<-|->SDK_bByUserAudioMute:1<-|
08-16 14:35:06.504 I/tvos    ( 1764): [audioBSP] #3 m_PcmCapture2Mute:1 |->SDK_bByUserPcmCapture2Mute:0<-|->SDK_SUB_bByUserAudioMute:0<-|->SDK_bByUserAudioMute:1<-|
08-16 14:35:06.504 I/tvos    ( 1764): [audioBSP] #5 m_hpMute : 1 ..|->SDK_bUsrHpAudioMute:1<-|->SDK_bPowerOnMute:0<-|->SDK_bByUserAudioMute:1<-|
08-16 14:35:06.504 I/tvos    ( 1764): [audioBSP] #12 m_spdifMute : 1 ..
08-16 14:35:06.504 I/tvos    ( 1764): #12|->SDK_bPermanentAudioMute:0<-|->SDK_bMomentAudioMute:0<-|->SDK_bByBlockAudioMute:0<-|
08-16 14:35:06.504 I/tvos    ( 1764): #12|->SDK_bByVChipAudioMute:0<-|->SDK_bInternal1AudioMute:0<-|->SDK_bInternal4AudioMute:0<-|
08-16 14:35:06.504 I/tvos    ( 1764): #12|->SDK_bByDuringLimitedTimeAudioMute:0<-|->SDK_bSourceSwitchAudioMute:0<-|->SDK_bMHEGApMute:0<-|
08-16 14:35:06.504 I/tvos    ( 1764): #12|->SDK_bPowerOnMute:0<-|->SDK_bUsrSpdifAudioMute:1<-|->SDK_bNullSourceMute:0<-|->SDK_bByAppMute:0<-|
08-16 14:35:06.504 I/tvos    ( 1764): ---Amplifier_ALC1310_LR_SWMute(1)
08-16 14:35:06.504 I/tvos    ( 1764): ALC1310 mute write good, addr: 0x13, readback data : 49164, write cmd times : 1
08-16 14:35:06.506 I/tvos    ( 1764): SetSoundMuteStatus : m_hpMute : 1, m_spdifMute : 1, m_DataInMute : 0, m_channel7Mute : 0, m_internalMute : 0, m_spkrMute : 1, m_PcmCapture1Mute : 0, m_PcmCapture2Mute : 1 
08-16 14:35:06.512 W/InputDispatcher( 2207): findFocusedWindow finished: injectionResult=0, timeSpentWaitingForApplication=0.0ms
08-16 14:35:06.525 E/audio_hw_primary( 1758): out_get_presentation_position pcm_get_htimestamp(pcm, &avail, timestamp) != 0!!!
08-16 14:35:06.543 I/WifiStateMachine( 2207):  DisconnectedState !CMD_START_SCAN  rt=512172976/512172976 -2 34123 ic=1 proc(ms):15011 dur:2886 cnt=34123 rssi=-127 f=-1 sc=0 link=-1 tx=0.0, 0.0, 0.0  rx=0.0 fiv=20000 [on:0 tx:0 rx:0 period:15010] from screen [on:0 period:1097981871]
08-16 14:35:06.544 I/WifiStateMachine( 2207): handlescanrequest  starting scan for 
08-16 14:35:06.544 I/WifiStateMachine( 2207): startscannative  starting scan for 
08-16 14:35:06.558 I/APM::AudioPolicyEngine( 1758): getDeviceForStrategy, 359
08-16 14:35:06.586 I/tvos    ( 1764): [37m[INFO] Change to Voltage: 1130 mV (0x1F)[m
08-16 14:35:06.586 I/tvos    ( 1764): [37m[INFO] Change to Voltage: 1130 mV (0x22)[m
08-16 14:35:06.586 I/tvos    ( 1764): [37m[INFO] Change to Voltage: 1130 mV (0x25)[m
08-16 14:35:06.586 I/tvos    ( 1764): [37m[INFO] Change to Voltage: 1130 mV (0x28)[m
08-16 14:35:06.586 I/tvos    ( 1764): [37m[INFO] Change to Voltage: 1130 mV (0x2B)[m
08-16 14:35:06.587 I/tvos    ( 1764): [37m[INFO] Change to Voltage: 1130 mV (0x2C)[m
08-16 14:35:06.687 I/tvos    ( 1764): GetAudioOutputDevice, retval : 0
08-16 14:35:06.687 I/tvos    ( 1764): [37m[INFO] Change to Voltage: 1000 mV (0x2C)[m
08-16 14:35:06.687 I/tvos    ( 1764): [37m[INFO] Change to Voltage: 1000 mV (0x29)[m
08-16 14:35:06.687 I/tvos    ( 1764): [37m[INFO] Change to Voltage: 1000 mV (0x26)[m
08-16 14:35:06.687 I/tvos    ( 1764): [37m[INFO] Change to Voltage: 1000 mV (0x23)[m
08-16 14:35:06.687 I/tvos    ( 1764): [37m[INFO] Change to Voltage: 1000 mV (0x20)[m
08-16 14:35:06.687 I/tvos    ( 1764): [37m[INFO] Change to Voltage: 1000 mV (0x1F)[m
08-16 14:35:06.934 I/tvos    ( 1764): GetAudioOutputDevice, retval : 0
08-16 14:35:07.184 I/tvos    ( 1764): GetAudioOutputDevice, retval : 0
08-16 14:35:07.435 I/tvos    ( 1764): GetAudioOutputDevice, retval : 0
08-16 14:35:07.496 I/remotestatus( 2207): Msg.what is 101
08-16 14:35:07.496 I/WindowManager( 2207): turn cursor off
08-16 14:35:07.496 E/RemoteManager( 2207): RemoteManager is no longer support in eui6.5
08-16 14:35:07.496 W/InputDispatcher( 2207): findFocusedWindow finished: injectionResult=0, timeSpentWaitingForApplication=0.0ms
08-16 14:35:07.496 E/InputManager-JNI( 2207): call nativeDisableCursor method with hideCursor
08-16 14:35:07.501 W/Launcher( 3007): [SDK][EcoFrescoViewImpl]:UnSupport subscriber
08-16 14:35:07.501 I/GlobalFocusChangedListe( 3007): com.stv.plugin.app.widget.RecommPosterCellView
08-16 14:35:07.505 I/SoundPool( 2207): enter : func play
08-16 14:35:07.506 I/APM::AudioPolicyEngine( 1758): getDeviceForStrategy, 359
08-16 14:35:07.506 I/audio_hw_primary( 1758): version:a00004 adev_create_audio_patch::mix->device 
08-16 14:35:07.507 I/audio_hw_primary( 1758): adev_create_audio_patch *handle=-1420227928 num_audio_patch=3
08-16 14:35:07.508 E/AudioManagerService( 1803): setAudioVolume(callingPid 1758, clientPid 1758, enSoundPath 0, volumn:0 )
08-16 14:35:07.510 W/InputDispatcher( 2207): findFocusedWindow finished: injectionResult=0, timeSpentWaitingForApplication=0.0ms
08-16 14:35:07.510 I/tvos    ( 1764): SetVolume, subWooExist 0!
08-16 14:35:07.510 I/tvos    ( 1764): mapi_audio_customer::SetAbsoluteVolume: project name is X440M
08-16 14:35:07.510 I/tvos    ( 1764): SetAbsoluteVolume: uPercent : 0, path=52(speaker), VolumeInt=7f, VolumeFra=0
08-16 14:35:07.510 I/tvos    ( 1764): SetAbsoluteVolume: uPercent(currVol) : 0, realPath=52(default), VolumeInt=7f, VolumeFra=0
08-16 14:35:07.510 I/tvos    ( 1764): mapi_audio_customer::SetAbsoluteVolume: project name is X440M
08-16 14:35:07.510 I/tvos    ( 1764): SetAbsoluteVolume: uPercent : 0, path=49(HP), VolumeInt=7f, VolumeFra=0
08-16 14:35:07.510 I/tvos    ( 1764): SetAbsoluteVolume: uPercent(currVol) : 0, realPath=49(default), VolumeInt=7f, VolumeFra=0
08-16 14:35:07.510 I/tvos    ( 1764): mapi_audio_customer::SetAbsoluteVolume: project name is X440M
08-16 14:35:07.510 I/tvos    ( 1764): SetAbsoluteVolume, m_bBTDetect is false! 
08-16 14:35:07.510 I/tvos    ( 1764): mapi_audio_customer::SetAbsoluteVolume: project name is X440M
08-16 14:35:07.510 I/tvos    ( 1764): SetAbsoluteVolume: uPercent : 0, path=255(speaker), VolumeInt=7f, VolumeFra=0
08-16 14:35:07.510 I/tvos    ( 1764): SetAbsoluteVolume: uPercent(currVol) : 0, realPath=255(default), VolumeInt=7f, VolumeFra=0
08-16 14:35:07.510 I/tvos    ( 1764): [SetMuteStatus] call SetSoundMuteStatus, line : 10369, muteType: 4, onOff : 0 
08-16 14:35:07.510 I/tvos    ( 1764): [audioBSP] #1 m_internalMute : 0 ..
08-16 14:35:07.510 I/tvos    ( 1764): #1|->SDK_bPermanentAudioMute:0<-|->SDK_bMomentAudioMute:0 <-|->SDK_bBySyncAudioMute:0<-|->SDK_bByBlockAudioMute:0<-|->SDK_bByVChipAudioMute:0<-|
08-16 14:35:07.510 I/tvos    ( 1764): #1|->SDK_bInternal1AudioMute:0<-|->SDK_bInternal2AudioMute:0<-|->SDK_bInternal3AudioMute:0<-|->SDK_bInternal4AudioMute:0<-|
08-16 14:35:07.510 I/tvos    ( 1764): #1|->SDK_bByScanInOutchgCHchg:0<-|->SDK_bByDuringLimitedTimeAudioMute:0<-|->SDK_bSourceSwitchAudioMute:0<-|
08-16 14:35:07.510 I/tvos    ( 1764): #1|->SDK_bMHEGApMute:0<-|->SDK_bAllAudioMuteCtrl:0<-|->SDK_bPowerOnMute:0<-|->SDK_bNullSourceMute0<-|->SDK_bSetInputSourceAudioMute:0<-|
08-16 14:35:07.510 I/tvos    ( 1764): [audioBSP] #2 m_spkrMute : 0 ..|->SDK_bUsrSpkrAudioMute:0<-|->SDK_bPowerOnMute:0<-|->SDK_bByUserAudioMute:0<-|
08-16 14:35:07.511 I/tvos    ( 1764): [audioBSP] #3 m_PcmCapture2Mute:0 |->SDK_bByUserPcmCapture2Mute:0<-|->SDK_SUB_bByUserAudioMute:0<-|->SDK_bByUserAudioMute:0<-|
08-16 14:35:07.511 I/tvos    ( 1764): [audioBSP] #5 m_hpMute : 1 ..|->SDK_bUsrHpAudioMute:1<-|->SDK_bPowerOnMute:0<-|->SDK_bByUserAudioMute:0<-|
08-16 14:35:07.511 I/tvos    ( 1764): [audioBSP] #12 m_spdifMute : 1 ..
08-16 14:35:07.511 I/tvos    ( 1764): #12|->SDK_bPermanentAudioMute:0<-|->SDK_bMomentAudioMute:0<-|->SDK_bByBlockAudioMute:0<-|
08-16 14:35:07.511 I/tvos    ( 1764): #12|->SDK_bByVChipAudioMute:0<-|->SDK_bInternal1AudioMute:0<-|->SDK_bInternal4AudioMute:0<-|
08-16 14:35:07.511 I/tvos    ( 1764): #12|->SDK_bByDuringLimitedTimeAudioMute:0<-|->SDK_bSourceSwitchAudioMute:0<-|->SDK_bMHEGApMute:0<-|
08-16 14:35:07.511 I/tvos    ( 1764): #12|->SDK_bPowerOnMute:0<-|->SDK_bUsrSpdifAudioMute:1<-|->SDK_bNullSourceMute:0<-|->SDK_bByAppMute:0<-|
08-16 14:35:07.511 I/tvos    ( 1764): ---Amplifier_ALC1310_LR_SWMute(0)
08-16 14:35:07.512 I/tvos    ( 1764): ALC1310 unmute good, addr: 0x13 readbackvalue: 4 
08-16 14:35:07.514 I/tvos    ( 1764): SetSoundMuteStatus : m_hpMute : 1, m_spdifMute : 1, m_DataInMute : 0, m_channel7Mute : 0, m_internalMute : 0, m_spkrMute : 0, m_PcmCapture1Mute : 0, m_PcmCapture2Mute : 0 
08-16 14:35:07.514 I/AudioUtil( 1758): setParameters spk_volume=0
08-16 14:35:07.514 I/audio_hw_primary( 1758): adev_set_parameters: spk_volume=0
08-16 14:35:07.514 I/tvos    ( 1764): GetAudioOutputDevice, retval : 0
08-16 14:35:07.515 I/tvos    ( 1764): [SetMuteStatus] call SetSoundMuteStatus, line : 10369, muteType: 67108864, onOff : 1 
08-16 14:35:07.515 I/tvos    ( 1764): _TransMSrvMuteTypeToSDKMuteType: Err! muteType(67108864) is out of Range
08-16 14:35:07.518 I/tvos    ( 1764): [SetMuteStatus] call SetSoundMuteStatus, line : 10369, muteType: 4, onOff : 1 
08-16 14:35:07.518 I/tvos    ( 1764): [audioBSP] #1 m_internalMute : 0 ..
08-16 14:35:07.518 I/tvos    ( 1764): #1|->SDK_bPermanentAudioMute:0<-|->SDK_bMomentAudioMute:0 <-|->SDK_bBySyncAudioMute:0<-|->SDK_bByBlockAudioMute:0<-|->SDK_bByVChipAudioMute:0<-|
08-16 14:35:07.518 I/tvos    ( 1764): #1|->SDK_bInternal1AudioMute:0<-|->SDK_bInternal2AudioMute:0<-|->SDK_bInternal3AudioMute:0<-|->SDK_bInternal4AudioMute:0<-|
08-16 14:35:07.518 I/tvos    ( 1764): #1|->SDK_bByScanInOutchgCHchg:0<-|->SDK_bByDuringLimitedTimeAudioMute:0<-|->SDK_bSourceSwitchAudioMute:0<-|
08-16 14:35:07.518 I/tvos    ( 1764): #1|->SDK_bMHEGApMute:0<-|->SDK_bAllAudioMuteCtrl:0<-|->SDK_bPowerOnMute:0<-|->SDK_bNullSourceMute0<-|->SDK_bSetInputSourceAudioMute:0<-|
08-16 14:35:07.518 I/tvos    ( 1764): [audioBSP] #2 m_spkrMute : 1 ..|->SDK_bUsrSpkrAudioMute:0<-|->SDK_bPowerOnMute:0<-|->SDK_bByUserAudioMute:1<-|
08-16 14:35:07.518 I/tvos    ( 1764): [audioBSP] #3 m_PcmCapture2Mute:1 |->SDK_bByUserPcmCapture2Mute:0<-|->SDK_SUB_bByUserAudioMute:0<-|->SDK_bByUserAudioMute:1<-|
08-16 14:35:07.518 I/tvos    ( 1764): [audioBSP] #5 m_hpMute : 1 ..|->SDK_bUsrHpAudioMute:1<-|->SDK_bPowerOnMute:0<-|->SDK_bByUserAudioMute:1<-|
08-16 14:35:07.518 I/tvos    ( 1764): [audioBSP] #12 m_spdifMute : 1 ..
08-16 14:35:07.518 I/tvos    ( 1764): #12|->SDK_bPermanentAudioMute:0<-|->SDK_bMomentAudioMute:0<-|->SDK_bByBlockAudioMute:0<-|
08-16 14:35:07.518 I/tvos    ( 1764): #12|->SDK_bByVChipAudioMute:0<-|->SDK_bInternal1AudioMute:0<-|->SDK_bInternal4AudioMute:0<-|
08-16 14:35:07.518 I/tvos    ( 1764): #12|->SDK_bByDuringLimitedTimeAudioMute:0<-|->SDK_bSourceSwitchAudioMute:0<-|->SDK_bMHEGApMute:0<-|
08-16 14:35:07.518 I/tvos    ( 1764): #12|->SDK_bPowerOnMute:0<-|->SDK_bUsrSpdifAudioMute:1<-|->SDK_bNullSourceMute:0<-|->SDK_bByAppMute:0<-|
08-16 14:35:07.518 I/tvos    ( 1764): ---Amplifier_ALC1310_LR_SWMute(1)
08-16 14:35:07.518 I/tvos    ( 1764): ALC1310 mute write good, addr: 0x13, readback data : 49164, write cmd times : 1
08-16 14:35:07.521 I/tvos    ( 1764): SetSoundMuteStatus : m_hpMute : 1, m_spdifMute : 1, m_DataInMute : 0, m_channel7Mute : 0, m_internalMute : 0, m_spkrMute : 1, m_PcmCapture1Mute : 0, m_PcmCapture2Mute : 1 
08-16 14:35:07.601 I/APM::AudioPolicyEngine( 1758): getDeviceForStrategy, 359
08-16 14:35:07.645 E/LetvRemoteupgradeManager-JNI( 2613): can't get LetvManager service!
08-16 14:35:07.685 I/tvos    ( 1764): GetAudioOutputDevice, retval : 0
08-16 14:35:07.936 I/tvos    ( 1764): GetAudioOutputDevice, retval : 0
08-16 14:35:08.186 I/tvos    ( 1764): GetAudioOutputDevice, retval : 0
08-16 14:35:08.437 I/tvos    ( 1764): GetAudioOutputDevice, retval : 0
08-16 14:35:08.507 W/InputDispatcher( 2207): findFocusedWindow finished: injectionResult=0, timeSpentWaitingForApplication=0.0ms
08-16 14:35:08.508 I/remotestatus( 2207): Msg.what is 101
08-16 14:35:08.508 I/WindowManager( 2207): turn cursor off
08-16 14:35:08.508 E/RemoteManager( 2207): RemoteManager is no longer support in eui6.5
08-16 14:35:08.508 E/InputManager-JNI( 2207): call nativeDisableCursor method with hideCursor
08-16 14:35:08.513 W/Launcher( 3007): [SDK][EcoFrescoViewImpl]:UnSupport subscriber
08-16 14:35:08.513 I/GlobalFocusChangedListe( 3007): com.stv.plugin.app.widget.AppCellView
08-16 14:35:08.514 I/SoundPool( 2207): enter : func play
08-16 14:35:08.519 I/APM::AudioPolicyEngine( 1758): getDeviceForStrategy, 359
08-16 14:35:08.520 W/InputDispatcher( 2207): findFocusedWindow finished: injectionResult=0, timeSpentWaitingForApplication=0.0ms
08-16 14:35:08.521 I/audio_hw_primary( 1758): version:a00004 adev_create_audio_patch::mix->device 
08-16 14:35:08.521 I/audio_hw_primary( 1758): adev_create_audio_patch *handle=-1420227928 num_audio_patch=3
08-16 14:35:08.530 E/AudioManagerService( 1803): setAudioVolume(callingPid 1758, clientPid 1758, enSoundPath 0, volumn:0 )
08-16 14:35:08.533 I/tvos    ( 1764): SetVolume, subWooExist 0!
08-16 14:35:08.533 I/tvos    ( 1764): mapi_audio_customer::SetAbsoluteVolume: project name is X440M
08-16 14:35:08.533 I/tvos    ( 1764): SetAbsoluteVolume: uPercent : 0, path=52(speaker), VolumeInt=7f, VolumeFra=0
08-16 14:35:08.533 I/tvos    ( 1764): SetAbsoluteVolume: uPercent(currVol) : 0, realPath=52(default), VolumeInt=7f, VolumeFra=0
08-16 14:35:08.533 I/tvos    ( 1764): mapi_audio_customer::SetAbsoluteVolume: project name is X440M
08-16 14:35:08.533 I/tvos    ( 1764): SetAbsoluteVolume: uPercent : 0, path=49(HP), VolumeInt=7f, VolumeFra=0
08-16 14:35:08.533 I/tvos    ( 1764): SetAbsoluteVolume: uPercent(currVol) : 0, realPath=49(default), VolumeInt=7f, VolumeFra=0
08-16 14:35:08.533 I/tvos    ( 1764): mapi_audio_customer::SetAbsoluteVolume: project name is X440M
08-16 14:35:08.533 I/tvos    ( 1764): SetAbsoluteVolume, m_bBTDetect is false! 
08-16 14:35:08.533 I/tvos    ( 1764): mapi_audio_customer::SetAbsoluteVolume: project name is X440M
08-16 14:35:08.533 I/tvos    ( 1764): SetAbsoluteVolume: uPercent : 0, path=255(speaker), VolumeInt=7f, VolumeFra=0
08-16 14:35:08.533 I/tvos    ( 1764): SetAbsoluteVolume: uPercent(currVol) : 0, realPath=255(default), VolumeInt=7f, VolumeFra=0
08-16 14:35:08.533 I/tvos    ( 1764): [SetMuteStatus] call SetSoundMuteStatus, line : 10369, muteType: 4, onOff : 0 
08-16 14:35:08.533 I/tvos    ( 1764): [audioBSP] #1 m_internalMute : 0 ..
08-16 14:35:08.533 I/tvos    ( 1764): #1|->SDK_bPermanentAudioMute:0<-|->SDK_bMomentAudioMute:0 <-|->SDK_bBySyncAudioMute:0<-|->SDK_bByBlockAudioMute:0<-|->SDK_bByVChipAudioMute:0<-|
08-16 14:35:08.533 I/tvos    ( 1764): #1|->SDK_bInternal1AudioMute:0<-|->SDK_bInternal2AudioMute:0<-|->SDK_bInternal3AudioMute:0<-|->SDK_bInternal4AudioMute:0<-|
08-16 14:35:08.533 I/tvos    ( 1764): #1|->SDK_bByScanInOutchgCHchg:0<-|->SDK_bByDuringLimitedTimeAudioMute:0<-|->SDK_bSourceSwitchAudioMute:0<-|
08-16 14:35:08.533 I/tvos    ( 1764): #1|->SDK_bMHEGApMute:0<-|->SDK_bAllAudioMuteCtrl:0<-|->SDK_bPowerOnMute:0<-|->SDK_bNullSourceMute0<-|->SDK_bSetInputSourceAudioMute:0<-|
08-16 14:35:08.533 I/tvos    ( 1764): [audioBSP] #2 m_spkrMute : 0 ..|->SDK_bUsrSpkrAudioMute:0<-|->SDK_bPowerOnMute:0<-|->SDK_bByUserAudioMute:0<-|
08-16 14:35:08.533 I/tvos    ( 1764): [audioBSP] #3 m_PcmCapture2Mute:0 |->SDK_bByUserPcmCapture2Mute:0<-|->SDK_SUB_bByUserAudioMute:0<-|->SDK_bByUserAudioMute:0<-|
08-16 14:35:08.533 I/tvos    ( 1764): [audioBSP] #5 m_hpMute : 1 ..|->SDK_bUsrHpAudioMute:1<-|->SDK_bPowerOnMute:0<-|->SDK_bByUserAudioMute:0<-|
08-16 14:35:08.533 I/tvos    ( 1764): [audioBSP] #12 m_spdifMute : 1 ..
08-16 14:35:08.533 I/tvos    ( 1764): #12|->SDK_bPermanentAudioMute:0<-|->SDK_bMomentAudioMute:0<-|->SDK_bByBlockAudioMute:0<-|
08-16 14:35:08.533 I/tvos    ( 1764): #12|->SDK_bByVChipAudioMute:0<-|->SDK_bInternal1AudioMute:0<-|->SDK_bInternal4AudioMute:0<-|
08-16 14:35:08.533 I/tvos    ( 1764): #12|->SDK_bByDuringLimitedTimeAudioMute:0<-|->SDK_bSourceSwitchAudioMute:0<-|->SDK_bMHEGApMute:0<-|
08-16 14:35:08.533 I/tvos    ( 1764): #12|->SDK_bPowerOnMute:0<-|->SDK_bUsrSpdifAudioMute:1<-|->SDK_bNullSourceMute:0<-|->SDK_bByAppMute:0<-|
08-16 14:35:08.533 I/tvos    ( 1764): ---Amplifier_ALC1310_LR_SWMute(0)
08-16 14:35:08.533 I/tvos    ( 1764): ALC1310 unmute good, addr: 0x13 readbackvalue: 4 
08-16 14:35:08.534 I/tvos    ( 1764): SetSoundMuteStatus : m_hpMute : 1, m_spdifMute : 1, m_DataInMute : 0, m_channel7Mute : 0, m_internalMute : 0, m_spkrMute : 0, m_PcmCapture1Mute : 0, m_PcmCapture2Mute : 0 
08-16 14:35:08.535 I/AudioUtil( 1758): setParameters spk_volume=0
08-16 14:35:08.535 I/audio_hw_primary( 1758): adev_set_parameters: spk_volume=0
08-16 14:35:08.536 I/tvos    ( 1764): GetAudioOutputDevice, retval : 0
08-16 14:35:08.536 I/tvos    ( 1764): [SetMuteStatus] call SetSoundMuteStatus, line : 10369, muteType: 67108864, onOff : 1 
08-16 14:35:08.536 I/tvos    ( 1764): _TransMSrvMuteTypeToSDKMuteType: Err! muteType(67108864) is out of Range
08-16 14:35:08.538 I/tvos    ( 1764): [SetMuteStatus] call SetSoundMuteStatus, line : 10369, muteType: 4, onOff : 1 
08-16 14:35:08.538 I/tvos    ( 1764): [audioBSP] #1 m_internalMute : 0 ..
08-16 14:35:08.538 I/tvos    ( 1764): #1|->SDK_bPermanentAudioMute:0<-|->SDK_bMomentAudioMute:0 <-|->SDK_bBySyncAudioMute:0<-|->SDK_bByBlockAudioMute:0<-|->SDK_bByVChipAudioMute:0<-|
08-16 14:35:08.538 I/tvos    ( 1764): #1|->SDK_bInternal1AudioMute:0<-|->SDK_bInternal2AudioMute:0<-|->SDK_bInternal3AudioMute:0<-|->SDK_bInternal4AudioMute:0<-|
08-16 14:35:08.538 I/tvos    ( 1764): #1|->SDK_bByScanInOutchgCHchg:0<-|->SDK_bByDuringLimitedTimeAudioMute:0<-|->SDK_bSourceSwitchAudioMute:0<-|
08-16 14:35:08.538 I/tvos    ( 1764): #1|->SDK_bMHEGApMute:0<-|->SDK_bAllAudioMuteCtrl:0<-|->SDK_bPowerOnMute:0<-|->SDK_bNullSourceMute0<-|->SDK_bSetInputSourceAudioMute:0<-|
08-16 14:35:08.538 I/tvos    ( 1764): [audioBSP] #2 m_spkrMute : 1 ..|->SDK_bUsrSpkrAudioMute:0<-|->SDK_bPowerOnMute:0<-|->SDK_bByUserAudioMute:1<-|
08-16 14:35:08.538 I/tvos    ( 1764): [audioBSP] #3 m_PcmCapture2Mute:1 |->SDK_bByUserPcmCapture2Mute:0<-|->SDK_SUB_bByUserAudioMute:0<-|->SDK_bByUserAudioMute:1<-|
08-16 14:35:08.538 I/tvos    ( 1764): [audioBSP] #5 m_hpMute : 1 ..|->SDK_bUsrHpAudioMute:1<-|->SDK_bPowerOnMute:0<-|->SDK_bByUserAudioMute:1<-|
08-16 14:35:08.538 I/tvos    ( 1764): [audioBSP] #12 m_spdifMute : 1 ..
08-16 14:35:08.538 I/tvos    ( 1764): #12|->SDK_bPermanentAudioMute:0<-|->SDK_bMomentAudioMute:0<-|->SDK_bByBlockAudioMute:0<-|
08-16 14:35:08.538 I/tvos    ( 1764): #12|->SDK_bByVChipAudioMute:0<-|->SDK_bInternal1AudioMute:0<-|->SDK_bInternal4AudioMute:0<-|
08-16 14:35:08.538 I/tvos    ( 1764): #12|->SDK_bByDuringLimitedTimeAudioMute:0<-|->SDK_bSourceSwitchAudioMute:0<-|->SDK_bMHEGApMute:0<-|
08-16 14:35:08.538 I/tvos    ( 1764): #12|->SDK_bPowerOnMute:0<-|->SDK_bUsrSpdifAudioMute:1<-|->SDK_bNullSourceMute:0<-|->SDK_bByAppMute:0<-|
08-16 14:35:08.538 I/tvos    ( 1764): ---Amplifier_ALC1310_LR_SWMute(1)
08-16 14:35:08.538 I/tvos    ( 1764): ALC1310 mute write good, addr: 0x13, readback data : 49164, write cmd times : 1
08-16 14:35:08.541 I/tvos    ( 1764): SetSoundMuteStatus : m_hpMute : 1, m_spdifMute : 1, m_DataInMute : 0, m_channel7Mute : 0, m_internalMute : 0, m_spkrMute : 1, m_PcmCapture1Mute : 0, m_PcmCapture2Mute : 1 
08-16 14:35:08.609 I/APM::AudioPolicyEngine( 1758): getDeviceForStrategy, 359
08-16 14:35:08.611 I/AppPlugin( 3007): AppFolderItem --  updateSuperscriptView msg count = -1type = -1
08-16 14:35:08.611 I/AppPlugin( 3007): AppFolderItem --  updateSuperscriptView msg count = -1type = -1
08-16 14:35:08.611 I/AppPlugin( 3007): AppFolderItem --  updateSuperscriptView msg count = -1type = -1
08-16 14:35:08.612 I/AppPlugin( 3007): CellView --  updateSuperscriptView msg count = -1type = -1
08-16 14:35:08.612 I/AppPlugin( 3007): CellView --  updateSuperscriptView msg count = -1type = -1
08-16 14:35:08.687 I/tvos    ( 1764): GetAudioOutputDevice, retval : 0
08-16 14:35:08.850 I/AppPlugin( 3007): ReportLogUtil -- startExposureReport
08-16 14:35:08.938 I/tvos    ( 1764): GetAudioOutputDevice, retval : 0
08-16 14:35:09.188 I/tvos    ( 1764): GetAudioOutputDevice, retval : 0
08-16 14:35:09.439 I/tvos    ( 1764): GetAudioOutputDevice, retval : 0
08-16 14:35:09.439 I/WifiStateMachine( 2207):  DisconnectedState !SCAN_RESULTS_EVENT  rt=512175872/512175872 0 0 found=171 known=0 got=171 bcn=0 con=0
08-16 14:35:09.440 I/WifiStateMachine( 2207):  ConnectModeState !SCAN_RESULTS_EVENT  rt=512175873/512175873 0 0 found=171 known=0 got=171 bcn=0 con=0
08-16 14:35:09.440 I/WifiStateMachine( 2207):  DriverStartedState !SCAN_RESULTS_EVENT  rt=512175873/512175873 0 0 found=171 known=0 got=171 bcn=0 con=0
08-16 14:35:09.441 I/WifiStateMachine( 2207):  SupplicantStartedState !SCAN_RESULTS_EVENT  rt=512175874/512175874 0 0 found=171 known=0 got=171 bcn=0 con=0
08-16 14:35:09.522 I/WifiStateMachine( 2207): setscanresults newsupplicantresult
08-16 14:35:09.689 I/tvos    ( 1764): GetAudioOutputDevice, retval : 0
08-16 14:35:09.939 I/tvos    ( 1764): GetAudioOutputDevice, retval : 0
08-16 14:35:10.190 I/tvos    ( 1764): GetAudioOutputDevice, retval : 0
08-16 14:35:10.440 I/tvos    ( 1764): GetAudioOutputDevice, retval : 0
08-16 14:35:10.645 E/LetvRemoteupgradeManager-JNI( 2613): can't get LetvManager service!
08-16 14:35:10.691 I/tvos    ( 1764): GetAudioOutputDevice, retval : 0
08-16 14:35:10.853 I/PluginFramework -- WidgetManager( 3007): getWidget id =#com.stv.plugin.app#
08-16 14:35:10.853 I/PluginFramework -- WidgetManager( 3007): getWidget widget = Widget{, mWidgetId=com.stv.plugin.app, mState=15, mLocation='/data/user/0/com.stv.launcher/files/plugins/com.stv.plugin.app_LetvAppPlugin_2.5.0.005_2018050710.apk', mVersionName='2.5.0.005', mVersionCode=2018050710, mName='LetvAppPlugin', mDexDir='/data/user/0/com.stv.launcher/files/plugins_data/com.stv.plugin.app/dex/', mLibDir='/data/user/0/com.stv.launcher/files/plugins_data/com.stv.plugin.app/libs/', mDataDir='/data/user/0/com.stv.launcher/files/plugins_data/com.stv.plugin.app'}
08-16 14:35:10.854 I/PluginFramework -- WidgetManager( 3007): getWidget id =#com.stv.plugin.app#
08-16 14:35:10.854 I/PluginFramework -- WidgetManager( 3007): getWidget widget = Widget{, mWidgetId=com.stv.plugin.app, mState=15, mLocation='/data/user/0/com.stv.launcher/files/plugins/com.stv.plugin.app_LetvAppPlugin_2.5.0.005_2018050710.apk', mVersionName='2.5.0.005', mVersionCode=2018050710, mName='LetvAppPlugin', mDexDir='/data/user/0/com.stv.launcher/files/plugins_data/com.stv.plugin.app/dex/', mLibDir='/data/user/0/com.stv.launcher/files/plugins_data/com.stv.plugin.app/libs/', mDataDir='/data/user/0/com.stv.launcher/files/plugins_data/com.stv.plugin.app'}
08-16 14:35:10.854 I/PluginFramework -- WidgetManager( 3007): getWidget id =#com.stv.plugin.app#
08-16 14:35:10.854 I/PluginFramework -- WidgetManager( 3007): getWidget widget = Widget{, mWidgetId=com.stv.plugin.app, mState=15, mLocation='/data/user/0/com.stv.launcher/files/plugins/com.stv.plugin.app_LetvAppPlugin_2.5.0.005_2018050710.apk', mVersionName='2.5.0.005', mVersionCode=2018050710, mName='LetvAppPlugin', mDexDir='/data/user/0/com.stv.launcher/files/plugins_data/com.stv.plugin.app/dex/', mLibDir='/data/user/0/com.stv.launcher/files/plugins_data/com.stv.plugin.app/libs/', mDataDir='/data/user/0/com.stv.launcher/files/plugins_data/com.stv.plugin.app'}
08-16 14:35:10.854 I/PluginFramework -- WidgetManager( 3007): getWidget id =#com.stv.plugin.app#
08-16 14:35:10.855 I/PluginFramework -- WidgetManager( 3007): getWidget widget = Widget{, mWidgetId=com.stv.plugin.app, mState=15, mLocation='/data/user/0/com.stv.launcher/files/plugins/com.stv.plugin.app_LetvAppPlugin_2.5.0.005_2018050710.apk', mVersionName='2.5.0.005', mVersionCode=2018050710, mName='LetvAppPlugin', mDexDir='/data/user/0/com.stv.launcher/files/plugins_data/com.stv.plugin.app/dex/', mLibDir='/data/user/0/com.stv.launcher/files/plugins_data/com.stv.plugin.app/libs/', mDataDir='/data/user/0/com.stv.launcher/files/plugins_data/com.stv.plugin.app'}
08-16 14:35:10.855 I/PluginFramework -- WidgetManager( 3007): getWidget id =#com.stv.plugin.app#
08-16 14:35:10.855 I/PluginFramework -- WidgetManager( 3007): getWidget widget = Widget{, mWidgetId=com.stv.plugin.app, mState=15, mLocation='/data/user/0/com.stv.launcher/files/plugins/com.stv.plugin.app_LetvAppPlugin_2.5.0.005_2018050710.apk', mVersionName='2.5.0.005', mVersionCode=2018050710, mName='LetvAppPlugin', mDexDir='/data/user/0/com.stv.launcher/files/plugins_data/com.stv.plugin.app/dex/', mLibDir='/data/user/0/com.stv.launcher/files/plugins_data/com.stv.plugin.app/libs/', mDataDir='/data/user/0/com.stv.launcher/files/plugins_data/com.stv.plugin.app'}
08-16 14:35:10.941 I/tvos    ( 1764): GetAudioOutputDevice, retval : 0
08-16 14:35:11.017 I/LetvManager-LogReport( 1780): [send_msg] line: 490 report url = http://log.hdtv.cp21.ott.cibntv.net:80/api/log/tvAction
08-16 14:35:11.192 I/tvos    ( 1764): GetAudioOutputDevice, retval : 0
08-16 14:35:11.224 I/LetvManager-LogReport( 1780): [send_msg] line: 490 report url = http://log.hdtv.cp21.ott.cibntv.net:80/api/log/tvAction
08-16 14:35:11.431 I/LetvManager-LogReport( 1780): [send_msg] line: 490 report url = http://log.hdtv.cp21.ott.cibntv.net:80/api/log/tvAction
08-16 14:35:11.442 I/tvos    ( 1764): GetAudioOutputDevice, retval : 0
08-16 14:35:11.637 I/LetvManager-LogReport( 1780): [send_msg] line: 490 report url = http://log.hdtv.cp21.ott.cibntv.net:80/api/log/tvAction
08-16 14:35:11.692 I/tvos    ( 1764): GetAudioOutputDevice, retval : 0
08-16 14:35:11.845 I/LetvManager-LogReport( 1780): [send_msg] line: 490 report url = http://log.hdtv.cp21.ott.cibntv.net:80/api/log/tvAction
08-16 14:35:11.943 I/tvos    ( 1764): GetAudioOutputDevice, retval : 0
08-16 14:35:12.193 I/tvos    ( 1764): GetAudioOutputDevice, retval : 0
08-16 14:35:12.444 I/tvos    ( 1764): GetAudioOutputDevice, retval : 0
08-16 14:35:12.694 I/tvos    ( 1764): GetAudioOutputDevice, retval : 0
08-16 14:35:12.944 I/tvos    ( 1764): GetAudioOutputDevice, retval : 0
08-16 14:35:13.195 I/tvos    ( 1764): GetAudioOutputDevice, retval : 0
08-16 14:35:13.445 I/tvos    ( 1764): GetAudioOutputDevice, retval : 0
08-16 14:35:13.646 E/LetvRemoteupgradeManager-JNI( 2613): can't get LetvManager service!
08-16 14:35:13.696 I/tvos    ( 1764): GetAudioOutputDevice, retval : 0
08-16 14:35:13.946 I/tvos    ( 1764): GetAudioOutputDevice, retval : 0
08-16 14:35:14.196 I/tvos    ( 1764): GetAudioOutputDevice, retval : 0
08-16 14:35:14.294 I/tvos    ( 1764): [37m[INFO] Change to Voltage: 1150 mV (0x22)[m
08-16 14:35:14.294 I/tvos    ( 1764): [37m[INFO] Change to Voltage: 1150 mV (0x25)[m
08-16 14:35:14.294 I/tvos    ( 1764): [37m[INFO] Change to Voltage: 1150 mV (0x28)[m
08-16 14:35:14.294 I/tvos    ( 1764): [37m[INFO] Change to Voltage: 1150 mV (0x2B)[m
08-16 14:35:14.294 I/tvos    ( 1764): [37m[INFO] Change to Voltage: 1150 mV (0x2E)[m
08-16 14:35:14.294 I/tvos    ( 1764): [37m[INFO] Change to Voltage: 1150 mV (0x2E)[m
08-16 14:35:14.387 I/tvos    ( 1764): [37m[INFO] Change to Voltage: 1030 mV (0x2E)[m
08-16 14:35:14.387 I/tvos    ( 1764): [37m[INFO] Change to Voltage: 1030 mV (0x2B)[m
08-16 14:35:14.387 I/tvos    ( 1764): [37m[INFO] Change to Voltage: 1030 mV (0x28)[m
08-16 14:35:14.387 I/tvos    ( 1764): [37m[INFO] Change to Voltage: 1030 mV (0x25)[m
08-16 14:35:14.387 I/tvos    ( 1764): [37m[INFO] Change to Voltage: 1030 mV (0x22)[m
08-16 14:35:14.387 I/tvos    ( 1764): [37m[INFO] Change to Voltage: 1030 mV (0x22)[m
08-16 14:35:14.447 I/tvos    ( 1764): GetAudioOutputDevice, retval : 0
08-16 14:35:14.487 I/tvos    ( 1764): [37m[INFO] Change to Voltage: 1150 mV (0x22)[m
08-16 14:35:14.487 I/tvos    ( 1764): [37m[INFO] Change to Voltage: 1150 mV (0x25)[m
08-16 14:35:14.487 I/tvos    ( 1764): [37m[INFO] Change to Voltage: 1150 mV (0x28)[m
08-16 14:35:14.487 I/tvos    ( 1764): [37m[INFO] Change to Voltage: 1150 mV (0x2B)[m
08-16 14:35:14.487 I/tvos    ( 1764): [37m[INFO] Change to Voltage: 1150 mV (0x2E)[m
08-16 14:35:14.487 I/tvos    ( 1764): [37m[INFO] Change to Voltage: 1150 mV (0x2E)[m
08-16 14:35:14.697 I/tvos    ( 1764): GetAudioOutputDevice, retval : 0
08-16 14:35:14.948 I/tvos    ( 1764): GetAudioOutputDevice, retval : 0
08-16 14:35:15.057 I/Radio-JNI(20675): register_android_hardware_Radio DONE
08-16 14:35:15.079 I/ActivityManager( 2207): Force stopping com.stv.filemanager appid=10023 user=0: from pid 20675
08-16 14:35:15.079 I/ActivityManager( 2207): Killing 9391:com.stv.filemanager/u0a23 (adj 9): stop com.stv.filemanager
08-16 14:35:15.144 I/WindowState( 2207): WIN DEATH: Window{47ae50f u0 com.stv.filemanager/com.stv.filemanager.activities.FileExplorerTabActivity}
08-16 14:35:15.148 W/InputDispatcher( 2207): Window went away: Window{47ae50f u0 com.stv.filemanager/com.stv.filemanager.activities.FileExplorerTabActivity}
08-16 14:35:15.149 I/WindowState( 2207): WIN DEATH: Window{9515b2a u0 com.stv.filemanager/com.stv.filemanager.netstorage.ui.BuildConnectActivity}
08-16 14:35:15.151 W/InputDispatcher( 2207): Window went away: Window{9515b2a u0 com.stv.filemanager/com.stv.filemanager.netstorage.ui.BuildConnectActivity}
08-16 14:35:15.152 I/WindowState( 2207): WIN DEATH: Window{eaa3034 u0 com.stv.filemanager/com.stv.filemanager.activities.RemoteListActivity}
08-16 14:35:15.153 W/InputDispatcher( 2207): Window went away: Window{eaa3034 u0 com.stv.filemanager/com.stv.filemanager.activities.RemoteListActivity}
08-16 14:35:15.154 I/WindowState( 2207): WIN DEATH: Window{b75acd0 u0 com.stv.filemanager/com.stv.filemanager.netstorage.ui.SmbMainActivity}
08-16 14:35:15.155 W/InputDispatcher( 2207): Window went away: Window{b75acd0 u0 com.stv.filemanager/com.stv.filemanager.netstorage.ui.SmbMainActivity}
08-16 14:35:15.164 W/ActivityManager( 2207): Scheduling restart of crashed service com.stv.filemanager/.netstorage.service.SmbService in 1000ms
08-16 14:35:15.166 I/ActivityManager( 2207):   Force finishing activity ActivityRecord{33128 u0 com.stv.filemanager/.activities.FileExplorerTabActivity t8}
08-16 14:35:15.166 I/ActivityManager( 2207):   Force finishing activity ActivityRecord{98d0fa5 u0 com.stv.filemanager/.activities.RemoteListActivity t8}
08-16 14:35:15.167 I/ActivityManager( 2207):   Force finishing activity ActivityRecord{4b9ab1e u0 com.stv.filemanager/.netstorage.ui.BuildConnectActivity t8}
08-16 14:35:15.167 I/ActivityManager( 2207):   Force finishing activity ActivityRecord{de6cd1b u0 com.stv.filemanager/.netstorage.ui.SmbMainActivity t8}
08-16 14:35:15.168 W/ActivityManager( 2207): Spurious death for ProcessRecord{8758479 0:com.stv.filemanager/u0a23}, curProc for 9391: null
08-16 14:35:15.186 I/tvos    ( 1764): [37m[INFO] Change to Voltage: 1030 mV (0x2E)[m
08-16 14:35:15.186 I/tvos    ( 1764): [37m[INFO] Change to Voltage: 1030 mV (0x2B)[m
08-16 14:35:15.186 I/tvos    ( 1764): [37m[INFO] Change to Voltage: 1030 mV (0x28)[m
08-16 14:35:15.186 I/tvos    ( 1764): [37m[INFO] Change to Voltage: 1030 mV (0x25)[m
08-16 14:35:15.186 I/tvos    ( 1764): [37m[INFO] Change to Voltage: 1030 mV (0x22)[m
08-16 14:35:15.187 I/tvos    ( 1764): [37m[INFO] Change to Voltage: 1030 mV (0x22)[m
08-16 14:35:15.198 I/tvos    ( 1764): GetAudioOutputDevice, retval : 0
08-16 14:35:15.420 I/ActivityManager( 2207): START u0 {act=android.intent.action.MAIN cat=[android.intent.category.LAUNCHER] flg=0x10000000 cmp=com.stv.filemanager/.activities.FileExplorerTabActivity} from uid 0 on display 0
08-16 14:35:15.424 I/TvLiveBaseFragment( 3007): onPause
08-16 14:35:15.424 I/ShoppingPlugin-stv-PluginFragment( 3007): onPause ->in
08-16 14:35:15.424 I/ShoppingPlugin-stv-PluginRootLayout( 3007): onFragmentPause ---> in
08-16 14:35:15.425 I/Launcher( 3007): [com.stv.launcher] LauncherActivity -- onPause  mBootSignalFirst=false sCurrentScreen = com.stv.plugin.app
08-16 14:35:15.426 I/Launcher( 3007): [com.stv.launcher] ===== enalbeAllKey =====
08-16 14:35:15.426 I/WindowManager( 2207): setBlockVoiceKey = false
08-16 14:35:15.429 I/System.out( 2207): From style:
08-16 14:35:15.429 I/System.out( 2207): Attrs: 3010001=0.6 3010002=res/drawable-hdpi-v4/ic_desk_app_bg.jpg 3010003=null 3010004=true
08-16 14:35:15.433 I/WindowManager( 2207): setBlockSourceKey = false
08-16 14:35:15.434 I/WindowManager( 2207): setBlockSettingKey = false
08-16 14:35:15.436 W/InputDispatcher( 2207): setFocusedApplication
08-16 14:35:15.436 I/WindowManager( 2207): setBlockFunctionKeys = false
08-16 14:35:15.437 I/WindowManager( 2207): setBlockHomeKey = false
08-16 14:35:15.438 W/InputDispatcher( 2207): Focus left window: Window{23c0535 u0 com.stv.launcher/com.stv.launcher.ui.activity.Launcher}
08-16 14:35:15.449 I/tvos    ( 1764): GetAudioOutputDevice, retval : 0
08-16 14:35:15.467 I/ActivityManager( 2207): Start proc 20685:com.stv.filemanager/u0a23 for activity com.stv.filemanager/.activities.FileExplorerTabActivity
08-16 14:35:15.510 I/ActivityManager( 2207): TR12) TaskRecord{a4c2801 #31 A=com.stv.filemanager U=0 sz=1}
08-16 14:35:15.510 I/ActivityManager( 2207): TR11) TaskRecord{14b0d11 #1 A=com.stv.launcher U=0 sz=1}
08-16 14:35:15.519 I/ActivityManager( 2207): accel TR12) TaskRecord{a4c2801 #31 A=com.stv.filemanager U=0 sz=1}
08-16 14:35:15.519 I/ActivityManager( 2207): accel TR11) TaskRecord{14b0d11 #1 A=com.stv.launcher U=0 sz=1}
08-16 14:35:15.525 I/Launcher( 3007): [com.stv.launcher] LauncherApplication -- ========= tryTrimMemoryCache =========20
08-16 14:35:15.567 I/tvos    ( 1764): [37m[INFO] Change to Voltage: 1150 mV (0x22)[m
08-16 14:35:15.567 I/tvos    ( 1764): [37m[INFO] Change to Voltage: 1150 mV (0x25)[m
08-16 14:35:15.567 I/tvos    ( 1764): [37m[INFO] Change to Voltage: 1150 mV (0x28)[m
08-16 14:35:15.567 I/tvos    ( 1764): [37m[INFO] Change to Voltage: 1150 mV (0x2B)[m
08-16 14:35:15.568 I/tvos    ( 1764): [37m[INFO] Change to Voltage: 1150 mV (0x2E)[m
08-16 14:35:15.571 I/tvos    ( 1764): [37m[INFO] Change to Voltage: 1150 mV (0x2E)[m
08-16 14:35:15.632 W/System  (20685): ClassLoader referenced unknown path: /system/app/StvFileManager/lib/arm64
08-16 14:35:15.647 E/LETV_DEVICE( 1780): no name sn for Mstar
08-16 14:35:15.685 I/tvos    ( 1764): [37m[INFO] Change to Voltage: 1130 mV (0x1F)[m
08-16 14:35:15.685 I/tvos    ( 1764): [37m[INFO] Change to Voltage: 1130 mV (0x22)[m
08-16 14:35:15.686 I/tvos    ( 1764): [37m[INFO] Change to Voltage: 1130 mV (0x25)[m
08-16 14:35:15.687 I/tvos    ( 1764): [37m[INFO] Change to Voltage: 1130 mV (0x28)[m
08-16 14:35:15.688 I/tvos    ( 1764): [37m[INFO] Change to Voltage: 1130 mV (0x2B)[m
08-16 14:35:15.689 I/tvos    ( 1764): [37m[INFO] Change to Voltage: 1130 mV (0x2C)[m
08-16 14:35:15.693 E/critical_path_log( 3007): superlive_7799adbbe191b8ab_onTrimMemory: level = 20
08-16 14:35:15.699 I/tvos    ( 1764): GetAudioOutputDevice, retval : 0
08-16 14:35:15.702 E/ActivityThread( 2837): Failed to find provider info for com.letv.agnes.InfoProvider
08-16 14:35:15.708 E/ActivityThread( 2837): Failed to find provider info for com.letv.agnes.InfoProvider
08-16 14:35:15.708 W/System.err( 2837): java.lang.IllegalArgumentException: Unknown URL content://com.letv.agnes.InfoProvider
08-16 14:35:15.709 W/System.err( 2837): 	at android.content.ContentResolver.insert(ContentResolver.java:1227)
08-16 14:35:15.709 W/System.err( 2837): 	at com.letv.tracker2.agnes.Configuration.addDebugInfo(Configuration.java:289)
08-16 14:35:15.709 W/System.err( 2837): 	at com.letv.tracker2.agnes.MessageProcessor$SendEnvMsgTr$1.handleMessage(MessageProcessor.java:661)
08-16 14:35:15.709 W/System.err( 2837): 	at android.os.Handler.dispatchMessage(Handler.java:102)
08-16 14:35:15.709 W/System.err( 2837): 	at android.os.Looper.loop(Looper.java:148)
08-16 14:35:15.709 W/System.err( 2837): 	at com.letv.tracker2.agnes.MessageProcessor$SendEnvMsgTr.run(MessageProcessor.java:665)
08-16 14:35:15.710 I/[T1.0.6.3]EuiAgnes_Server( 2837): resCode:1
08-16 14:35:15.710 I/[T1.0.6.3]EuiAgnes_Server( 2837): b[0]:0
08-16 14:35:15.731 I/FileManager(20685): LetvFileManagerApplication -- 100dp = 150px
08-16 14:35:15.744 I/StvLogReport( 2837): StargazerReportTask, action=appClose&name=桌面&packagename=com.stv.launcher&versionCode=20180321&appVersionName=1.0.5&appType=1&mark=74&totalTime=60
08-16 14:35:15.757 I/FileManager(20685): LetvFileManagerApplication -- localVersion: 1
08-16 14:35:15.767 I/StvLogReport( 2837): StargazerReportTask, reponse2 : {"status":"OK","statusCode":200,"message":"succeefully"}
08-16 14:35:15.767 E/LETV_DEVICE( 1780): no name sn for Mstar
08-16 14:35:15.782 I/FileManager(20685): FileExplorerTabActivity -- onCreate isCibn=true
08-16 14:35:15.785 I/System.out(20685): From style:
08-16 14:35:15.785 I/System.out(20685): Attrs: 3010001=0.6 3010002=res/drawable-hdpi-v4/ic_desk_app_bg.jpg 3010003=null 3010004=true
