08-16 14:35:47.272 I/MonitoringInstrumentation(20636): Activities that are still in CREATED to STOPPED: 0
08-16 14:35:47.273 W/WindowManager( 2207): Attempted to remove non-existing token: android.os.Binder@e2dcbce
08-16 14:35:47.287 I/ActivityManager( 2207): Force stopping com.le.tcauto.uitest appid=10097 user=0: finished inst
08-16 14:35:47.288 I/ActivityManager( 2207): Killing 20636:com.le.tcauto.uitest/u0a97 (adj 0): stop com.le.tcauto.uitest
08-16 14:35:47.448 I/LetvManager-LogReport( 1780): [send_msg] line: 490 report url = http://log.hdtv.cp21.ott.cibntv.net:80/api/log/tvAction
08-16 14:35:47.514 I/tvos    ( 1764): GetAudioOutputDevice, retval : 0
08-16 14:35:47.653 I/LetvManager-LogReport( 1780): [send_msg] line: 490 report url = http://log.hdtv.cp21.ott.cibntv.net:80/api/log/tvAction
08-16 14:35:47.765 I/tvos    ( 1764): GetAudioOutputDevice, retval : 0
08-16 14:35:47.980 E/LETV_DEVICE( 1780): no name sn for Mstar
08-16 14:35:48.013 E/ActivityThread( 2837): Failed to find provider info for com.letv.agnes.InfoProvider
08-16 14:35:48.016 I/tvos    ( 1764): GetAudioOutputDevice, retval : 0
08-16 14:35:48.016 E/ActivityThread( 2837): Failed to find provider info for com.letv.agnes.InfoProvider
08-16 14:35:48.016 W/System.err( 2837): java.lang.IllegalArgumentException: Unknown URL content://com.letv.agnes.InfoProvider
08-16 14:35:48.016 W/System.err( 2837): 	at android.content.ContentResolver.insert(ContentResolver.java:1227)
08-16 14:35:48.016 W/System.err( 2837): 	at com.letv.tracker2.agnes.Configuration.addDebugInfo(Configuration.java:289)
08-16 14:35:48.016 W/System.err( 2837): 	at com.letv.tracker2.agnes.MessageProcessor$SendEnvMsgTr$1.handleMessage(MessageProcessor.java:661)
08-16 14:35:48.016 W/System.err( 2837): 	at android.os.Handler.dispatchMessage(Handler.java:102)
08-16 14:35:48.016 W/System.err( 2837): 	at android.os.Looper.loop(Looper.java:148)
08-16 14:35:48.016 W/System.err( 2837): 	at com.letv.tracker2.agnes.MessageProcessor$SendEnvMsgTr.run(MessageProcessor.java:665)
08-16 14:35:48.026 I/[T1.0.6.3]EuiAgnes_Server( 2837): resCode:1
08-16 14:35:48.026 I/[T1.0.6.3]EuiAgnes_Server( 2837): b[0]:0
08-16 14:35:48.058 I/LetvManager-LogReport( 1780): [send_msg] line: 490 report url = http://log.hdtv.cp21.ott.cibntv.net:80/api/log/tvAction
08-16 14:35:48.087 I/tvos    ( 1764): [37m[INFO] Change to Voltage: 1030 mV (0x2E)[m
08-16 14:35:48.087 I/tvos    ( 1764): [37m[INFO] Change to Voltage: 1030 mV (0x2B)[m
08-16 14:35:48.087 I/tvos    ( 1764): [37m[INFO] Change to Voltage: 1030 mV (0x28)[m
08-16 14:35:48.087 I/tvos    ( 1764): [37m[INFO] Change to Voltage: 1030 mV (0x25)[m
08-16 14:35:48.087 I/tvos    ( 1764): [37m[INFO] Change to Voltage: 1030 mV (0x22)[m
08-16 14:35:48.087 I/tvos    ( 1764): [37m[INFO] Change to Voltage: 1030 mV (0x22)[m
08-16 14:35:48.266 I/LetvManager-LogReport( 1780): [send_msg] line: 490 report url = http://log.hdtv.cp21.ott.cibntv.net:80/api/log/tvAction
08-16 14:35:48.266 I/tvos    ( 1764): GetAudioOutputDevice, retval : 0
08-16 14:35:48.516 I/tvos    ( 1764): GetAudioOutputDevice, retval : 0
08-16 14:35:48.767 I/tvos    ( 1764): GetAudioOutputDevice, retval : 0
08-16 14:35:49.017 I/tvos    ( 1764): GetAudioOutputDevice, retval : 0
08-16 14:35:49.230 I/reService( 2207): onReportKeyEvent  type=type0 keycode=4*4*4*4*4 
08-16 14:35:49.233 E/LETV_DEVICE( 1780): no name sn for Mstar
08-16 14:35:49.249 E/ActivityThread( 2837): Failed to find provider info for com.letv.agnes.InfoProvider
08-16 14:35:49.252 E/ActivityThread( 2837): Failed to find provider info for com.letv.agnes.InfoProvider
08-16 14:35:49.252 W/System.err( 2837): java.lang.IllegalArgumentException: Unknown URL content://com.letv.agnes.InfoProvider
08-16 14:35:49.252 W/System.err( 2837): 	at android.content.ContentResolver.insert(ContentResolver.java:1227)
08-16 14:35:49.252 W/System.err( 2837): 	at com.letv.tracker2.agnes.Configuration.addDebugInfo(Configuration.java:289)
08-16 14:35:49.252 W/System.err( 2837): 	at com.letv.tracker2.agnes.MessageProcessor$SendEnvMsgTr$1.handleMessage(MessageProcessor.java:661)
08-16 14:35:49.252 W/System.err( 2837): 	at android.os.Handler.dispatchMessage(Handler.java:102)
08-16 14:35:49.252 W/System.err( 2837): 	at android.os.Looper.loop(Looper.java:148)
08-16 14:35:49.252 W/System.err( 2837): 	at com.letv.tracker2.agnes.MessageProcessor$SendEnvMsgTr.run(MessageProcessor.java:665)
08-16 14:35:49.260 I/[T1.0.6.3]EuiAgnes_Server( 2837): resCode:1
08-16 14:35:49.260 I/[T1.0.6.3]EuiAgnes_Server( 2837): b[0]:0
08-16 14:35:49.268 I/tvos    ( 1764): GetAudioOutputDevice, retval : 0
08-16 14:35:49.518 I/tvos    ( 1764): GetAudioOutputDevice, retval : 0
08-16 14:35:49.651 E/LetvRemoteupgradeManager-JNI( 2613): can't get LetvManager service!
08-16 14:35:49.769 I/tvos    ( 1764): GetAudioOutputDevice, retval : 0
08-16 14:35:50.019 I/tvos    ( 1764): GetAudioOutputDevice, retval : 0
08-16 14:35:50.269 I/tvos    ( 1764): GetAudioOutputDevice, retval : 0
08-16 14:35:50.520 I/tvos    ( 1764): GetAudioOutputDevice, retval : 0
08-16 14:35:50.771 I/tvos    ( 1764): GetAudioOutputDevice, retval : 0
08-16 14:35:51.021 I/tvos    ( 1764): GetAudioOutputDevice, retval : 0
08-16 14:35:51.271 I/tvos    ( 1764): GetAudioOutputDevice, retval : 0
08-16 14:35:51.522 I/tvos    ( 1764): GetAudioOutputDevice, retval : 0
08-16 14:35:51.579 I/WifiStateMachine( 2207):  DisconnectedState !CMD_START_SCAN  rt=512218012/512218012 -2 34126 ic=1 proc(ms):15012 dur:2896 cnt=34126 rssi=-127 f=-1 sc=0 link=-1 tx=0.0, 0.0, 0.0  rx=0.0 fiv=20000 [on:0 tx:0 rx:0 period:15010] from screen [on:0 period:1098026907]
08-16 14:35:51.580 I/WifiStateMachine( 2207): handlescanrequest  starting scan for 
08-16 14:35:51.580 I/WifiStateMachine( 2207): startscannative  starting scan for 
08-16 14:35:51.772 I/tvos    ( 1764): GetAudioOutputDevice, retval : 0
08-16 14:35:52.023 I/tvos    ( 1764): GetAudioOutputDevice, retval : 0
08-16 14:35:52.273 I/tvos    ( 1764): GetAudioOutputDevice, retval : 0
08-16 14:35:52.524 I/tvos    ( 1764): GetAudioOutputDevice, retval : 0
08-16 14:35:52.652 E/LetvRemoteupgradeManager-JNI( 2613): can't get LetvManager service!
08-16 14:35:52.774 I/tvos    ( 1764): GetAudioOutputDevice, retval : 0
08-16 14:35:53.025 I/tvos    ( 1764): GetAudioOutputDevice, retval : 0
08-16 14:35:53.277 I/tvos    ( 1764): GetAudioOutputDevice, retval : 0
08-16 14:35:53.526 I/tvos    ( 1764): GetAudioOutputDevice, retval : 0
08-16 14:35:53.776 I/tvos    ( 1764): GetAudioOutputDevice, retval : 0
08-16 14:35:53.986 I/tvos    ( 1764): [37m[INFO] Change to Voltage: 1130 mV (0x1F)[m
08-16 14:35:53.987 I/tvos    ( 1764): [37m[INFO] Change to Voltage: 1130 mV (0x22)[m
08-16 14:35:53.987 I/tvos    ( 1764): [37m[INFO] Change to Voltage: 1130 mV (0x25)[m
08-16 14:35:53.987 I/tvos    ( 1764): [37m[INFO] Change to Voltage: 1130 mV (0x28)[m
08-16 14:35:53.987 I/tvos    ( 1764): [37m[INFO] Change to Voltage: 1130 mV (0x2B)[m
08-16 14:35:53.987 I/tvos    ( 1764): [37m[INFO] Change to Voltage: 1130 mV (0x2C)[m
08-16 14:35:54.026 I/tvos    ( 1764): GetAudioOutputDevice, retval : 0
08-16 14:35:54.088 I/tvos    ( 1764): [37m[INFO] Change to Voltage: 1000 mV (0x2C)[m
08-16 14:35:54.088 I/tvos    ( 1764): [37m[INFO] Change to Voltage: 1000 mV (0x29)[m
08-16 14:35:54.088 I/tvos    ( 1764): [37m[INFO] Change to Voltage: 1000 mV (0x26)[m
08-16 14:35:54.088 I/tvos    ( 1764): [37m[INFO] Change to Voltage: 1000 mV (0x23)[m
08-16 14:35:54.088 I/tvos    ( 1764): [37m[INFO] Change to Voltage: 1000 mV (0x20)[m
08-16 14:35:54.089 I/tvos    ( 1764): [37m[INFO] Change to Voltage: 1000 mV (0x1F)[m
08-16 14:35:54.278 I/tvos    ( 1764): GetAudioOutputDevice, retval : 0
08-16 14:35:54.516 I/WifiStateMachine( 2207):  DisconnectedState !SCAN_RESULTS_EVENT  rt=512220949/512220950 0 0 found=176 known=0 got=176 bcn=0 con=0
08-16 14:35:54.517 I/WifiStateMachine( 2207):  ConnectModeState !SCAN_RESULTS_EVENT  rt=512220950/512220950 0 0 found=176 known=0 got=176 bcn=0 con=0
08-16 14:35:54.517 I/WifiStateMachine( 2207):  DriverStartedState !SCAN_RESULTS_EVENT  rt=512220950/512220950 0 0 found=176 known=0 got=176 bcn=0 con=0
08-16 14:35:54.518 I/WifiStateMachine( 2207):  SupplicantStartedState !SCAN_RESULTS_EVENT  rt=512220951/512220951 0 0 found=176 known=0 got=176 bcn=0 con=0
08-16 14:35:54.529 I/tvos    ( 1764): GetAudioOutputDevice, retval : 0
08-16 14:35:54.641 I/WifiStateMachine( 2207): setscanresults newsupplicantresult
08-16 14:35:54.779 I/tvos    ( 1764): GetAudioOutputDevice, retval : 0
08-16 14:35:55.030 I/tvos    ( 1764): GetAudioOutputDevice, retval : 0
08-16 14:35:55.280 I/tvos    ( 1764): GetAudioOutputDevice, retval : 0
08-16 14:35:55.531 I/tvos    ( 1764): GetAudioOutputDevice, retval : 0
08-16 14:35:55.652 E/LetvRemoteupgradeManager-JNI( 2613): can't get LetvManager service!
08-16 14:35:55.781 I/tvos    ( 1764): GetAudioOutputDevice, retval : 0
08-16 14:35:56.031 I/tvos    ( 1764): GetAudioOutputDevice, retval : 0
08-16 14:35:56.282 I/tvos    ( 1764): GetAudioOutputDevice, retval : 0
08-16 14:35:56.532 I/tvos    ( 1764): GetAudioOutputDevice, retval : 0
08-16 14:35:56.783 I/tvos    ( 1764): GetAudioOutputDevice, retval : 0
08-16 14:35:57.033 I/tvos    ( 1764): GetAudioOutputDevice, retval : 0
08-16 14:35:57.284 I/tvos    ( 1764): GetAudioOutputDevice, retval : 0
08-16 14:35:57.534 I/tvos    ( 1764): GetAudioOutputDevice, retval : 0
08-16 14:35:57.785 I/tvos    ( 1764): GetAudioOutputDevice, retval : 0
08-16 14:35:58.035 I/tvos    ( 1764): GetAudioOutputDevice, retval : 0
08-16 14:35:58.285 I/tvos    ( 1764): GetAudioOutputDevice, retval : 0
08-16 14:35:58.536 I/tvos    ( 1764): GetAudioOutputDevice, retval : 0
08-16 14:35:58.652 E/LetvRemoteupgradeManager-JNI( 2613): can't get LetvManager service!
08-16 14:35:58.741 I/tvos    ( 1764): bq32kDriver:rtc_read_time.
08-16 14:35:58.741 I/tvos    ( 1764): [hq]rtc_read_time: read 0x58 0x35 0xc6 0x05 0x16 0x08 0x18
08-16 14:35:58.741 I/tvos    ( 1764): rtc_read_time: date 58s 35m 6h 16md 7m 118y
08-16 14:35:58.741 I/tvos    ( 1764): rtc read time:2018-8-16 6:35:58.
08-16 14:35:58.741 I/tvos    ( 1764): tm_year = 2018, tm_mon = 8, tm_mday = 16, tm_hour = 6,tm_min= 35,  tm_sec = 58
08-16 14:35:58.741 I/tvos    ( 1764): timeSeconds:1534401358 rtcTimeSeconds:1534401358.
08-16 14:35:58.786 I/tvos    ( 1764): GetAudioOutputDevice, retval : 0
08-16 14:35:59.037 I/tvos    ( 1764): GetAudioOutputDevice, retval : 0
08-16 14:35:59.287 I/tvos    ( 1764): GetAudioOutputDevice, retval : 0
08-16 14:35:59.520 E/InternetUtils( 4594): java.net.SocketTimeoutException: failed to connect to www.cibn.com/61.133.127.115 (port 80) after 3000ms
08-16 14:35:59.538 I/tvos    ( 1764): GetAudioOutputDevice, retval : 0
08-16 14:35:59.789 I/tvos    ( 1764): GetAudioOutputDevice, retval : 0
08-16 14:36:00.039 I/tvos    ( 1764): GetAudioOutputDevice, retval : 0
08-16 14:36:00.290 I/tvos    ( 1764): GetAudioOutputDevice, retval : 0
08-16 14:36:00.540 I/tvos    ( 1764): GetAudioOutputDevice, retval : 0
08-16 14:36:00.791 I/tvos    ( 1764): GetAudioOutputDevice, retval : 0
08-16 14:36:01.041 I/tvos    ( 1764): GetAudioOutputDevice, retval : 0
08-16 14:36:01.292 I/tvos    ( 1764): GetAudioOutputDevice, retval : 0
08-16 14:36:01.542 I/tvos    ( 1764): GetAudioOutputDevice, retval : 0
08-16 14:36:01.653 E/LetvRemoteupgradeManager-JNI( 2613): can't get LetvManager service!
08-16 14:36:01.792 I/tvos    ( 1764): GetAudioOutputDevice, retval : 0
08-16 14:36:02.043 I/tvos    ( 1764): GetAudioOutputDevice, retval : 0
08-16 14:36:02.293 I/tvos    ( 1764): GetAudioOutputDevice, retval : 0
08-16 14:36:02.544 I/tvos    ( 1764): GetAudioOutputDevice, retval : 0
08-16 14:36:02.794 I/tvos    ( 1764): GetAudioOutputDevice, retval : 0
08-16 14:36:03.044 I/tvos    ( 1764): GetAudioOutputDevice, retval : 0
08-16 14:36:03.295 I/tvos    ( 1764): GetAudioOutputDevice, retval : 0
08-16 14:36:03.545 I/tvos    ( 1764): GetAudioOutputDevice, retval : 0
08-16 14:36:03.796 I/tvos    ( 1764): GetAudioOutputDevice, retval : 0
08-16 14:36:04.046 I/tvos    ( 1764): GetAudioOutputDevice, retval : 0
08-16 14:36:04.297 I/tvos    ( 1764): GetAudioOutputDevice, retval : 0
08-16 14:36:04.548 I/tvos    ( 1764): GetAudioOutputDevice, retval : 0
08-16 14:36:04.653 E/LetvRemoteupgradeManager-JNI( 2613): can't get LetvManager service!
08-16 14:36:04.798 I/tvos    ( 1764): GetAudioOutputDevice, retval : 0
08-16 14:36:05.048 I/tvos    ( 1764): GetAudioOutputDevice, retval : 0
08-16 14:36:05.299 I/tvos    ( 1764): GetAudioOutputDevice, retval : 0
08-16 14:36:05.549 I/tvos    ( 1764): GetAudioOutputDevice, retval : 0
08-16 14:36:05.800 I/tvos    ( 1764): GetAudioOutputDevice, retval : 0
08-16 14:36:06.050 I/tvos    ( 1764): GetAudioOutputDevice, retval : 0
08-16 14:36:06.301 I/tvos    ( 1764): GetAudioOutputDevice, retval : 0
08-16 14:36:06.551 I/tvos    ( 1764): GetAudioOutputDevice, retval : 0
08-16 14:36:06.592 I/WifiStateMachine( 2207):  DisconnectedState !CMD_START_SCAN  rt=512233024/512233025 -2 34127 ic=1 proc(ms):15012 dur:2940 cnt=34127 rssi=-127 f=-1 sc=0 link=-1 tx=0.0, 0.0, 0.0  rx=0.0 fiv=20000 [on:0 tx:0 rx:0 period:15011] from screen [on:0 period:1098041920]
08-16 14:36:06.592 I/WifiStateMachine( 2207): handlescanrequest  starting scan for 
08-16 14:36:06.592 I/WifiStateMachine( 2207): startscannative  starting scan for 
08-16 14:36:06.802 I/tvos    ( 1764): GetAudioOutputDevice, retval : 0
08-16 14:36:07.052 I/tvos    ( 1764): GetAudioOutputDevice, retval : 0
08-16 14:36:07.086 I/tvos    ( 1764): [37m[INFO] Change to Voltage: 1130 mV (0x1F)[m
08-16 14:36:07.087 I/tvos    ( 1764): [37m[INFO] Change to Voltage: 1130 mV (0x22)[m
08-16 14:36:07.087 I/tvos    ( 1764): [37m[INFO] Change to Voltage: 1130 mV (0x25)[m
08-16 14:36:07.087 I/tvos    ( 1764): [37m[INFO] Change to Voltage: 1130 mV (0x28)[m
08-16 14:36:07.087 I/tvos    ( 1764): [37m[INFO] Change to Voltage: 1130 mV (0x2B)[m
08-16 14:36:07.087 I/tvos    ( 1764): [37m[INFO] Change to Voltage: 1130 mV (0x2C)[m
08-16 14:36:07.187 I/tvos    ( 1764): [37m[INFO] Change to Voltage: 1000 mV (0x2C)[m
08-16 14:36:07.187 I/tvos    ( 1764): [37m[INFO] Change to Voltage: 1000 mV (0x29)[m
08-16 14:36:07.187 I/tvos    ( 1764): [37m[INFO] Change to Voltage: 1000 mV (0x26)[m
08-16 14:36:07.187 I/tvos    ( 1764): [37m[INFO] Change to Voltage: 1000 mV (0x23)[m
08-16 14:36:07.187 I/tvos    ( 1764): [37m[INFO] Change to Voltage: 1000 mV (0x20)[m
08-16 14:36:07.187 I/tvos    ( 1764): [37m[INFO] Change to Voltage: 1000 mV (0x1F)[m
08-16 14:36:07.303 I/tvos    ( 1764): GetAudioOutputDevice, retval : 0
08-16 14:36:07.553 I/tvos    ( 1764): GetAudioOutputDevice, retval : 0
08-16 14:36:07.654 E/LetvRemoteupgradeManager-JNI( 2613): can't get LetvManager service!
08-16 14:36:07.804 I/tvos    ( 1764): GetAudioOutputDevice, retval : 0
08-16 14:36:08.054 I/tvos    ( 1764): GetAudioOutputDevice, retval : 0
