08-16 14:35:15.826 I/StvLogReport( 2837): StargazerReportTask, action=appOpen&name=文件管理&packagename=com.stv.filemanager&versionCode=1&appVersionName=1.0&appType=1&mark=75
08-16 14:35:15.839 I/StvLogReport( 2837): StargazerReportTask, reponse2 : {"status":"OK","statusCode":200,"message":"succeefully"}
08-16 14:35:15.856 I/LetvManager-LogReport( 1780): [send_msg] line: 490 report url = http://log.hdtv.cp21.ott.cibntv.net:80/api/log/tvAction
08-16 14:35:15.858 E/ActivityThread( 2837): Failed to find provider info for com.letv.agnes.InfoProvider
08-16 14:35:15.860 E/ActivityThread( 2837): Failed to find provider info for com.letv.agnes.InfoProvider
08-16 14:35:15.860 W/System.err( 2837): java.lang.IllegalArgumentException: Unknown URL content://com.letv.agnes.InfoProvider
08-16 14:35:15.860 W/System.err( 2837): 	at android.content.ContentResolver.insert(ContentResolver.java:1227)
08-16 14:35:15.860 W/System.err( 2837): 	at com.letv.tracker2.agnes.Configuration.addDebugInfo(Configuration.java:289)
08-16 14:35:15.860 W/System.err( 2837): 	at com.letv.tracker2.agnes.MessageProcessor$SendEnvMsgTr$1.handleMessage(MessageProcessor.java:661)
08-16 14:35:15.860 W/System.err( 2837): 	at android.os.Handler.dispatchMessage(Handler.java:102)
08-16 14:35:15.860 W/System.err( 2837): 	at android.os.Looper.loop(Looper.java:148)
08-16 14:35:15.860 W/System.err( 2837): 	at com.letv.tracker2.agnes.MessageProcessor$SendEnvMsgTr.run(MessageProcessor.java:665)
08-16 14:35:15.875 I/[T1.0.6.3]EuiAgnes_Server( 2837): resCode:1
08-16 14:35:15.875 I/[T1.0.6.3]EuiAgnes_Server( 2837): b[0]:0
08-16 14:35:15.949 I/tvos    ( 1764): GetAudioOutputDevice, retval : 0
08-16 14:35:15.959 I/FileManager(20685): PermissionUtil -- no permission :[]
08-16 14:35:15.960 I/FileManager(20685): FileExplorerTabActivity -- onResume
08-16 14:35:15.987 I/tvos    ( 1764): [37m[INFO] Change to Voltage: 1000 mV (0x2C)[m
08-16 14:35:15.987 I/tvos    ( 1764): [37m[INFO] Change to Voltage: 1000 mV (0x29)[m
08-16 14:35:15.987 I/tvos    ( 1764): [37m[INFO] Change to Voltage: 1000 mV (0x26)[m
08-16 14:35:15.987 I/tvos    ( 1764): [37m[INFO] Change to Voltage: 1000 mV (0x23)[m
08-16 14:35:15.987 I/tvos    ( 1764): [37m[INFO] Change to Voltage: 1000 mV (0x20)[m
08-16 14:35:15.988 I/tvos    ( 1764): [37m[INFO] Change to Voltage: 1000 mV (0x1F)[m
08-16 14:35:16.032 W/InputDispatcher( 2207): Focus entered window: Window{7466730 u0 com.stv.filemanager/com.stv.filemanager.activities.FileExplorerTabActivity}
08-16 14:35:16.047 I/OpenGLRenderer(20685): Initialized EGL, version 1.4
08-16 14:35:16.061 E/BufferQueueProducer( 1749): [com.stv.filemanager/com.stv.filemanager.activities.FileExplorerTabActivity] connect(P): already connected (cur=1 req=1)
08-16 14:35:16.065 I/LetvManager-LogReport( 1780): [send_msg] line: 490 report url = http://log.hdtv.cp21.ott.cibntv.net:80/api/log/tvAction
08-16 14:35:16.189 I/tvos    ( 1764): [37m[INFO] Change to Voltage: 1130 mV (0x1F)[m
08-16 14:35:16.189 I/tvos    ( 1764): [37m[INFO] Change to Voltage: 1130 mV (0x22)[m
08-16 14:35:16.189 I/tvos    ( 1764): [37m[INFO] Change to Voltage: 1130 mV (0x25)[m
08-16 14:35:16.191 I/tvos    ( 1764): [37m[INFO] Change to Voltage: 1130 mV (0x28)[m
08-16 14:35:16.192 I/tvos    ( 1764): [37m[INFO] Change to Voltage: 1130 mV (0x2B)[m
08-16 14:35:16.193 I/tvos    ( 1764): [37m[INFO] Change to Voltage: 1130 mV (0x2C)[m
08-16 14:35:16.203 I/tvos    ( 1764): GetAudioOutputDevice, retval : 0
08-16 14:35:16.211 I/ActivityManager( 2207): Displayed com.stv.filemanager/.activities.FileExplorerTabActivity: +764ms (total +763ms)
08-16 14:35:16.211 W/ContextImpl( 2207): Calling a method in the system process without a qualified user: android.app.ContextImpl.sendBroadcast:766 com.android.server.am.ActivityRecord.reportLaunchTimeLocked:1056 com.android.server.am.ActivityRecord.windowsDrawnLocked:1080 com.android.server.am.ActivityRecord$Token.windowsDrawn:345 com.android.server.wm.WindowManagerService$H.handleMessage:8042 
08-16 14:35:16.212 W/ContextImpl( 2613): Calling a method in the system process without a qualified user: android.app.ContextImpl.startService:1224 android.content.ContextWrapper.startService:581 com.stv.helper.service.TvMasterService.noteLaunchTime:169 letv.tvmaster.ITvMasterService$Stub.onTransact:136 android.os.Binder.execTransact:453 
08-16 14:35:16.225 W/InputDispatcher( 2207): Window went away: Window{b52433d u0 Starting com.stv.filemanager}
08-16 14:35:16.264 I/AnalysisLog( 3007): Plugin:onFragmentShowChanged_hide:com.stv.plugin.app----start:time='512182698'
08-16 14:35:16.265 I/AppPlugin( 3007): AppFragment -- onFragmentShowChanged gainSelect true screen = com.stv.plugin.app packageName = com.stv.plugin.app
08-16 14:35:16.267 I/AnalysisLog( 3007): Plugin:onFragmentShowChanged_hide:com.stv.plugin.app----end:time='512182701'
08-16 14:35:16.268 I/TvLiveBaseFragment( 3007): onStop
08-16 14:35:16.287 E/LETV_DEVICE( 1780): no name sn for Mstar
08-16 14:35:16.299 E/ActivityThread( 2837): Failed to find provider info for com.letv.agnes.InfoProvider
08-16 14:35:16.305 E/ActivityThread( 2837): Failed to find provider info for com.letv.agnes.InfoProvider
08-16 14:35:16.305 W/System.err( 2837): java.lang.IllegalArgumentException: Unknown URL content://com.letv.agnes.InfoProvider
08-16 14:35:16.305 W/System.err( 2837): 	at android.content.ContentResolver.insert(ContentResolver.java:1227)
08-16 14:35:16.305 W/System.err( 2837): 	at com.letv.tracker2.agnes.Configuration.addDebugInfo(Configuration.java:289)
08-16 14:35:16.305 W/System.err( 2837): 	at com.letv.tracker2.agnes.MessageProcessor$SendEnvMsgTr$1.handleMessage(MessageProcessor.java:661)
08-16 14:35:16.305 W/System.err( 2837): 	at android.os.Handler.dispatchMessage(Handler.java:102)
08-16 14:35:16.306 W/System.err( 2837): 	at android.os.Looper.loop(Looper.java:148)
08-16 14:35:16.306 W/System.err( 2837): 	at com.letv.tracker2.agnes.MessageProcessor$SendEnvMsgTr.run(MessageProcessor.java:665)
08-16 14:35:16.329 I/[T1.0.6.3]EuiAgnes_Server( 2837): resCode:1
08-16 14:35:16.329 I/[T1.0.6.3]EuiAgnes_Server( 2837): b[0]:0
08-16 14:35:16.386 I/tvos    ( 1764): [37m[INFO] Change to Voltage: 1000 mV (0x2C)[m
08-16 14:35:16.386 I/tvos    ( 1764): [37m[INFO] Change to Voltage: 1000 mV (0x29)[m
08-16 14:35:16.386 I/tvos    ( 1764): [37m[INFO] Change to Voltage: 1000 mV (0x26)[m
08-16 14:35:16.387 I/tvos    ( 1764): [37m[INFO] Change to Voltage: 1000 mV (0x23)[m
08-16 14:35:16.388 I/tvos    ( 1764): [37m[INFO] Change to Voltage: 1000 mV (0x20)[m
08-16 14:35:16.388 I/tvos    ( 1764): [37m[INFO] Change to Voltage: 1000 mV (0x1F)[m
08-16 14:35:16.453 I/tvos    ( 1764): GetAudioOutputDevice, retval : 0
08-16 14:35:16.465 W/art     ( 4071): Suspending all threads took: 7.480ms
08-16 14:35:16.473 I/LetvManager-LogReport( 1780): [send_msg] line: 490 report url = http://log.hdtv.cp21.ott.cibntv.net:80/api/log/tvAction
08-16 14:35:16.485 I/tvos    ( 1764): [37m[INFO] Change to Voltage: 1130 mV (0x1F)[m
08-16 14:35:16.485 I/tvos    ( 1764): [37m[INFO] Change to Voltage: 1130 mV (0x22)[m
08-16 14:35:16.485 I/tvos    ( 1764): [37m[INFO] Change to Voltage: 1130 mV (0x25)[m
08-16 14:35:16.486 I/tvos    ( 1764): [37m[INFO] Change to Voltage: 1130 mV (0x28)[m
08-16 14:35:16.486 I/tvos    ( 1764): [37m[INFO] Change to Voltage: 1130 mV (0x2B)[m
08-16 14:35:16.487 I/tvos    ( 1764): [37m[INFO] Change to Voltage: 1130 mV (0x2C)[m
08-16 14:35:16.587 I/tvos    ( 1764): [37m[INFO] Change to Voltage: 1000 mV (0x2C)[m
08-16 14:35:16.587 I/tvos    ( 1764): [37m[INFO] Change to Voltage: 1000 mV (0x29)[m
08-16 14:35:16.587 I/tvos    ( 1764): [37m[INFO] Change to Voltage: 1000 mV (0x26)[m
08-16 14:35:16.587 I/tvos    ( 1764): [37m[INFO] Change to Voltage: 1000 mV (0x23)[m
08-16 14:35:16.587 I/tvos    ( 1764): [37m[INFO] Change to Voltage: 1000 mV (0x20)[m
08-16 14:35:16.587 I/tvos    ( 1764): [37m[INFO] Change to Voltage: 1000 mV (0x1F)[m
08-16 14:35:16.646 E/LetvRemoteupgradeManager-JNI( 2613): can't get LetvManager service!
08-16 14:35:16.704 I/tvos    ( 1764): GetAudioOutputDevice, retval : 0
08-16 14:35:16.954 I/tvos    ( 1764): GetAudioOutputDevice, retval : 0
08-16 14:35:17.205 I/tvos    ( 1764): GetAudioOutputDevice, retval : 0
08-16 14:35:17.455 I/tvos    ( 1764): GetAudioOutputDevice, retval : 0
08-16 14:35:17.705 I/tvos    ( 1764): GetAudioOutputDevice, retval : 0
08-16 14:35:17.956 I/tvos    ( 1764): GetAudioOutputDevice, retval : 0
08-16 14:35:18.157 I/lbplayer( 4071): [main]:ServiceDOWN:dlnaRender is running
08-16 14:35:18.157 I/lbplayer( 4071): [main]:ServiceDOWN:LeLinkService is running
08-16 14:35:18.157 I/lbplayer( 4071): [main]:ServiceDOWN:mainServer is running
08-16 14:35:18.206 I/tvos    ( 1764): GetAudioOutputDevice, retval : 0
08-16 14:35:18.457 I/tvos    ( 1764): GetAudioOutputDevice, retval : 0
08-16 14:35:18.707 I/tvos    ( 1764): GetAudioOutputDevice, retval : 0
08-16 14:35:18.957 I/tvos    ( 1764): GetAudioOutputDevice, retval : 0
08-16 14:35:19.208 I/tvos    ( 1764): GetAudioOutputDevice, retval : 0
08-16 14:35:19.208 I/reService( 2207): onReportKeyEvent  type=type0 keycode=4*20*20*20 
08-16 14:35:19.209 E/LETV_DEVICE( 1780): no name sn for Mstar
08-16 14:35:19.215 E/ActivityThread( 2837): Failed to find provider info for com.letv.agnes.InfoProvider
08-16 14:35:19.216 E/ActivityThread( 2837): Failed to find provider info for com.letv.agnes.InfoProvider
08-16 14:35:19.216 W/System.err( 2837): java.lang.IllegalArgumentException: Unknown URL content://com.letv.agnes.InfoProvider
08-16 14:35:19.216 W/System.err( 2837): 	at android.content.ContentResolver.insert(ContentResolver.java:1227)
08-16 14:35:19.216 W/System.err( 2837): 	at com.letv.tracker2.agnes.Configuration.addDebugInfo(Configuration.java:289)
08-16 14:35:19.216 W/System.err( 2837): 	at com.letv.tracker2.agnes.MessageProcessor$SendEnvMsgTr$1.handleMessage(MessageProcessor.java:661)
08-16 14:35:19.216 W/System.err( 2837): 	at android.os.Handler.dispatchMessage(Handler.java:102)
08-16 14:35:19.216 W/System.err( 2837): 	at android.os.Looper.loop(Looper.java:148)
08-16 14:35:19.216 W/System.err( 2837): 	at com.letv.tracker2.agnes.MessageProcessor$SendEnvMsgTr.run(MessageProcessor.java:665)
08-16 14:35:19.220 I/[T1.0.6.3]EuiAgnes_Server( 2837): resCode:1
08-16 14:35:19.220 I/[T1.0.6.3]EuiAgnes_Server( 2837): b[0]:0
08-16 14:35:19.458 I/tvos    ( 1764): GetAudioOutputDevice, retval : 0
08-16 14:35:19.647 E/LetvRemoteupgradeManager-JNI( 2613): can't get LetvManager service!
08-16 14:35:19.709 I/tvos    ( 1764): GetAudioOutputDevice, retval : 0
08-16 14:35:19.959 I/tvos    ( 1764): GetAudioOutputDevice, retval : 0
08-16 14:35:20.209 I/tvos    ( 1764): GetAudioOutputDevice, retval : 0
08-16 14:35:20.460 I/tvos    ( 1764): GetAudioOutputDevice, retval : 0
08-16 14:35:20.586 I/tvos    ( 1764): [37m[INFO] Change to Voltage: 1030 mV (0x2E)[m
08-16 14:35:20.586 I/tvos    ( 1764): [37m[INFO] Change to Voltage: 1030 mV (0x2B)[m
08-16 14:35:20.586 I/tvos    ( 1764): [37m[INFO] Change to Voltage: 1030 mV (0x28)[m
08-16 14:35:20.586 I/tvos    ( 1764): [37m[INFO] Change to Voltage: 1030 mV (0x25)[m
08-16 14:35:20.587 I/tvos    ( 1764): [37m[INFO] Change to Voltage: 1030 mV (0x22)[m
08-16 14:35:20.587 I/tvos    ( 1764): [37m[INFO] Change to Voltage: 1030 mV (0x22)[m
08-16 14:35:20.698 I/remotestatus( 2207): Msg.what is 101
08-16 14:35:20.698 I/WindowManager( 2207): turn cursor off
08-16 14:35:20.698 E/RemoteManager( 2207): RemoteManager is no longer support in eui6.5
08-16 14:35:20.698 W/InputDispatcher( 2207): findFocusedWindow finished: injectionResult=0, timeSpentWaitingForApplication=0.0ms
08-16 14:35:20.698 E/InputManager-JNI( 2207): call nativeDisableCursor method with hideCursor
08-16 14:35:20.709 I/SoundPool( 2207): enter : func play
08-16 14:35:20.710 I/APM::AudioPolicyEngine( 1758): getDeviceForStrategy, 359
08-16 14:35:20.710 I/audio_hw_primary( 1758): version:a00004 adev_create_audio_patch::mix->device 
08-16 14:35:20.710 I/audio_hw_primary( 1758): adev_create_audio_patch *handle=-1420227928 num_audio_patch=3
08-16 14:35:20.711 I/tvos    ( 1764): GetAudioOutputDevice, retval : 0
08-16 14:35:20.714 W/InputDispatcher( 2207): findFocusedWindow finished: injectionResult=0, timeSpentWaitingForApplication=0.0ms
08-16 14:35:20.719 E/AudioManagerService( 1803): setAudioVolume(callingPid 1758, clientPid 1758, enSoundPath 0, volumn:0 )
08-16 14:35:20.721 I/tvos    ( 1764): SetVolume, subWooExist 0!
08-16 14:35:20.721 I/tvos    ( 1764): mapi_audio_customer::SetAbsoluteVolume: project name is X440M
08-16 14:35:20.721 I/tvos    ( 1764): SetAbsoluteVolume: uPercent : 0, path=52(speaker), VolumeInt=7f, VolumeFra=0
08-16 14:35:20.721 I/tvos    ( 1764): SetAbsoluteVolume: uPercent(currVol) : 0, realPath=52(default), VolumeInt=7f, VolumeFra=0
08-16 14:35:20.721 I/tvos    ( 1764): mapi_audio_customer::SetAbsoluteVolume: project name is X440M
08-16 14:35:20.721 I/tvos    ( 1764): SetAbsoluteVolume: uPercent : 0, path=49(HP), VolumeInt=7f, VolumeFra=0
08-16 14:35:20.721 I/tvos    ( 1764): SetAbsoluteVolume: uPercent(currVol) : 0, realPath=49(default), VolumeInt=7f, VolumeFra=0
08-16 14:35:20.721 I/tvos    ( 1764): mapi_audio_customer::SetAbsoluteVolume: project name is X440M
08-16 14:35:20.721 I/tvos    ( 1764): SetAbsoluteVolume, m_bBTDetect is false! 
08-16 14:35:20.721 I/tvos    ( 1764): mapi_audio_customer::SetAbsoluteVolume: project name is X440M
08-16 14:35:20.721 I/tvos    ( 1764): SetAbsoluteVolume: uPercent : 0, path=255(speaker), VolumeInt=7f, VolumeFra=0
08-16 14:35:20.721 I/tvos    ( 1764): SetAbsoluteVolume: uPercent(currVol) : 0, realPath=255(default), VolumeInt=7f, VolumeFra=0
08-16 14:35:20.721 I/tvos    ( 1764): [SetMuteStatus] call SetSoundMuteStatus, line : 10369, muteType: 4, onOff : 0 
08-16 14:35:20.721 I/tvos    ( 1764): [audioBSP] #1 m_internalMute : 0 ..
08-16 14:35:20.721 I/tvos    ( 1764): #1|->SDK_bPermanentAudioMute:0<-|->SDK_bMomentAudioMute:0 <-|->SDK_bBySyncAudioMute:0<-|->SDK_bByBlockAudioMute:0<-|->SDK_bByVChipAudioMute:0<-|
08-16 14:35:20.721 I/tvos    ( 1764): #1|->SDK_bInternal1AudioMute:0<-|->SDK_bInternal2AudioMute:0<-|->SDK_bInternal3AudioMute:0<-|->SDK_bInternal4AudioMute:0<-|
08-16 14:35:20.721 I/tvos    ( 1764): #1|->SDK_bByScanInOutchgCHchg:0<-|->SDK_bByDuringLimitedTimeAudioMute:0<-|->SDK_bSourceSwitchAudioMute:0<-|
08-16 14:35:20.721 I/tvos    ( 1764): #1|->SDK_bMHEGApMute:0<-|->SDK_bAllAudioMuteCtrl:0<-|->SDK_bPowerOnMute:0<-|->SDK_bNullSourceMute0<-|->SDK_bSetInputSourceAudioMute:0<-|
08-16 14:35:20.721 I/tvos    ( 1764): [audioBSP] #2 m_spkrMute : 0 ..|->SDK_bUsrSpkrAudioMute:0<-|->SDK_bPowerOnMute:0<-|->SDK_bByUserAudioMute:0<-|
08-16 14:35:20.721 I/tvos    ( 1764): [audioBSP] #3 m_PcmCapture2Mute:0 |->SDK_bByUserPcmCapture2Mute:0<-|->SDK_SUB_bByUserAudioMute:0<-|->SDK_bByUserAudioMute:0<-|
08-16 14:35:20.721 I/tvos    ( 1764): [audioBSP] #5 m_hpMute : 1 ..|->SDK_bUsrHpAudioMute:1<-|->SDK_bPowerOnMute:0<-|->SDK_bByUserAudioMute:0<-|
08-16 14:35:20.721 I/tvos    ( 1764): [audioBSP] #12 m_spdifMute : 1 ..
08-16 14:35:20.721 I/tvos    ( 1764): #12|->SDK_bPermanentAudioMute:0<-|->SDK_bMomentAudioMute:0<-|->SDK_bByBlockAudioMute:0<-|
08-16 14:35:20.721 I/tvos    ( 1764): #12|->SDK_bByVChipAudioMute:0<-|->SDK_bInternal1AudioMute:0<-|->SDK_bInternal4AudioMute:0<-|
08-16 14:35:20.721 I/tvos    ( 1764): #12|->SDK_bByDuringLimitedTimeAudioMute:0<-|->SDK_bSourceSwitchAudioMute:0<-|->SDK_bMHEGApMute:0<-|
08-16 14:35:20.721 I/tvos    ( 1764): #12|->SDK_bPowerOnMute:0<-|->SDK_bUsrSpdifAudioMute:1<-|->SDK_bNullSourceMute:0<-|->SDK_bByAppMute:0<-|
08-16 14:35:20.721 I/tvos    ( 1764): ---Amplifier_ALC1310_LR_SWMute(0)
08-16 14:35:20.721 I/tvos    ( 1764): ALC1310 unmute good, addr: 0x13 readbackvalue: 4 
08-16 14:35:20.723 I/tvos    ( 1764): SetSoundMuteStatus : m_hpMute : 1, m_spdifMute : 1, m_DataInMute : 0, m_channel7Mute : 0, m_internalMute : 0, m_spkrMute : 0, m_PcmCapture1Mute : 0, m_PcmCapture2Mute : 0 
08-16 14:35:20.724 I/AudioUtil( 1758): setParameters spk_volume=0
08-16 14:35:20.724 I/audio_hw_primary( 1758): adev_set_parameters: spk_volume=0
08-16 14:35:20.724 I/tvos    ( 1764): GetAudioOutputDevice, retval : 0
08-16 14:35:20.726 I/tvos    ( 1764): [SetMuteStatus] call SetSoundMuteStatus, line : 10369, muteType: 67108864, onOff : 1 
08-16 14:35:20.726 I/tvos    ( 1764): _TransMSrvMuteTypeToSDKMuteType: Err! muteType(67108864) is out of Range
08-16 14:35:20.726 I/tvos    ( 1764): [SetMuteStatus] call SetSoundMuteStatus, line : 10369, muteType: 4, onOff : 1 
08-16 14:35:20.726 I/tvos    ( 1764): [audioBSP] #1 m_internalMute : 0 ..
08-16 14:35:20.726 I/tvos    ( 1764): #1|->SDK_bPermanentAudioMute:0<-|->SDK_bMomentAudioMute:0 <-|->SDK_bBySyncAudioMute:0<-|->SDK_bByBlockAudioMute:0<-|->SDK_bByVChipAudioMute:0<-|
08-16 14:35:20.726 I/tvos    ( 1764): #1|->SDK_bInternal1AudioMute:0<-|->SDK_bInternal2AudioMute:0<-|->SDK_bInternal3AudioMute:0<-|->SDK_bInternal4AudioMute:0<-|
08-16 14:35:20.726 I/tvos    ( 1764): #1|->SDK_bByScanInOutchgCHchg:0<-|->SDK_bByDuringLimitedTimeAudioMute:0<-|->SDK_bSourceSwitchAudioMute:0<-|
08-16 14:35:20.726 I/tvos    ( 1764): #1|->SDK_bMHEGApMute:0<-|->SDK_bAllAudioMuteCtrl:0<-|->SDK_bPowerOnMute:0<-|->SDK_bNullSourceMute0<-|->SDK_bSetInputSourceAudioMute:0<-|
08-16 14:35:20.726 I/tvos    ( 1764): [audioBSP] #2 m_spkrMute : 1 ..|->SDK_bUsrSpkrAudioMute:0<-|->SDK_bPowerOnMute:0<-|->SDK_bByUserAudioMute:1<-|
08-16 14:35:20.726 I/tvos    ( 1764): [audioBSP] #3 m_PcmCapture2Mute:1 |->SDK_bByUserPcmCapture2Mute:0<-|->SDK_SUB_bByUserAudioMute:0<-|->SDK_bByUserAudioMute:1<-|
08-16 14:35:20.726 I/tvos    ( 1764): [audioBSP] #5 m_hpMute : 1 ..|->SDK_bUsrHpAudioMute:1<-|->SDK_bPowerOnMute:0<-|->SDK_bByUserAudioMute:1<-|
08-16 14:35:20.726 I/tvos    ( 1764): [audioBSP] #12 m_spdifMute : 1 ..
08-16 14:35:20.726 I/tvos    ( 1764): #12|->SDK_bPermanentAudioMute:0<-|->SDK_bMomentAudioMute:0<-|->SDK_bByBlockAudioMute:0<-|
08-16 14:35:20.726 I/tvos    ( 1764): #12|->SDK_bByVChipAudioMute:0<-|->SDK_bInternal1AudioMute:0<-|->SDK_bInternal4AudioMute:0<-|
08-16 14:35:20.726 I/tvos    ( 1764): #12|->SDK_bByDuringLimitedTimeAudioMute:0<-|->SDK_bSourceSwitchAudioMute:0<-|->SDK_bMHEGApMute:0<-|
08-16 14:35:20.726 I/tvos    ( 1764): #12|->SDK_bPowerOnMute:0<-|->SDK_bUsrSpdifAudioMute:1<-|->SDK_bNullSourceMute:0<-|->SDK_bByAppMute:0<-|
08-16 14:35:20.726 I/tvos    ( 1764): ---Amplifier_ALC1310_LR_SWMute(1)
08-16 14:35:20.726 I/tvos    ( 1764): ALC1310 mute write good, addr: 0x13, readback data : 49164, write cmd times : 1
08-16 14:35:20.728 I/tvos    ( 1764): SetSoundMuteStatus : m_hpMute : 1, m_spdifMute : 1, m_DataInMute : 0, m_channel7Mute : 0, m_internalMute : 0, m_spkrMute : 1, m_PcmCapture1Mute : 0, m_PcmCapture2Mute : 1 
08-16 14:35:20.741 E/audio_hw_primary( 1758): out_get_presentation_position pcm_get_htimestamp(pcm, &avail, timestamp) != 0!!!
08-16 14:35:20.774 I/APM::AudioPolicyEngine( 1758): getDeviceForStrategy, 359
08-16 14:35:20.961 I/tvos    ( 1764): GetAudioOutputDevice, retval : 0
08-16 14:35:21.212 I/tvos    ( 1764): GetAudioOutputDevice, retval : 0
08-16 14:35:21.260 W/InputDispatcher( 2207): findTouchedWindow finished: injectionResult=0, injectionPermission=1, timeSpentWaitingForApplication=0.0ms
08-16 14:35:21.268 W/InputDispatcher( 2207): findTouchedWindow finished: injectionResult=0, injectionPermission=1, timeSpentWaitingForApplication=0.0ms
08-16 14:35:21.355 I/SoundPool( 2207): enter : func play
08-16 14:35:21.359 I/ActivityManager( 2207): START u0 {cmp=com.stv.filemanager/.activities.RemoteListActivity} from uid 10023 on display 0
08-16 14:35:21.361 I/APM::AudioPolicyEngine( 1758): getDeviceForStrategy, 359
08-16 14:35:21.362 E/LETV_DEVICE( 1780): no name sn for Mstar
08-16 14:35:21.363 I/audio_hw_primary( 1758): version:a00004 adev_create_audio_patch::mix->device 
08-16 14:35:21.363 I/audio_hw_primary( 1758): adev_create_audio_patch *handle=-1420227928 num_audio_patch=3
08-16 14:35:21.367 E/AudioManagerService( 1803): setAudioVolume(callingPid 1758, clientPid 1758, enSoundPath 0, volumn:0 )
08-16 14:35:21.370 I/tvos    ( 1764): SetVolume, subWooExist 0!
08-16 14:35:21.370 I/tvos    ( 1764): mapi_audio_customer::SetAbsoluteVolume: project name is X440M
08-16 14:35:21.370 I/tvos    ( 1764): SetAbsoluteVolume: uPercent : 0, path=52(speaker), VolumeInt=7f, VolumeFra=0
08-16 14:35:21.370 I/tvos    ( 1764): SetAbsoluteVolume: uPercent(currVol) : 0, realPath=52(default), VolumeInt=7f, VolumeFra=0
08-16 14:35:21.370 I/tvos    ( 1764): mapi_audio_customer::SetAbsoluteVolume: project name is X440M
08-16 14:35:21.370 I/tvos    ( 1764): SetAbsoluteVolume: uPercent : 0, path=49(HP), VolumeInt=7f, VolumeFra=0
08-16 14:35:21.370 I/tvos    ( 1764): SetAbsoluteVolume: uPercent(currVol) : 0, realPath=49(default), VolumeInt=7f, VolumeFra=0
08-16 14:35:21.370 I/tvos    ( 1764): mapi_audio_customer::SetAbsoluteVolume: project name is X440M
08-16 14:35:21.370 I/tvos    ( 1764): SetAbsoluteVolume, m_bBTDetect is false! 
08-16 14:35:21.370 I/tvos    ( 1764): mapi_audio_customer::SetAbsoluteVolume: project name is X440M
08-16 14:35:21.370 I/tvos    ( 1764): SetAbsoluteVolume: uPercent : 0, path=255(speaker), VolumeInt=7f, VolumeFra=0
08-16 14:35:21.370 I/tvos    ( 1764): SetAbsoluteVolume: uPercent(currVol) : 0, realPath=255(default), VolumeInt=7f, VolumeFra=0
08-16 14:35:21.370 I/tvos    ( 1764): [SetMuteStatus] call SetSoundMuteStatus, line : 10369, muteType: 4, onOff : 0 
08-16 14:35:21.370 I/tvos    ( 1764): [audioBSP] #1 m_internalMute : 0 ..
08-16 14:35:21.370 I/tvos    ( 1764): #1|->SDK_bPermanentAudioMute:0<-|->SDK_bMomentAudioMute:0 <-|->SDK_bBySyncAudioMute:0<-|->SDK_bByBlockAudioMute:0<-|->SDK_bByVChipAudioMute:0<-|
08-16 14:35:21.371 I/tvos    ( 1764): #1|->SDK_bInternal1AudioMute:0<-|->SDK_bInternal2AudioMute:0<-|->SDK_bInternal3AudioMute:0<-|->SDK_bInternal4AudioMute:0<-|
08-16 14:35:21.371 I/tvos    ( 1764): #1|->SDK_bByScanInOutchgCHchg:0<-|->SDK_bByDuringLimitedTimeAudioMute:0<-|->SDK_bSourceSwitchAudioMute:0<-|
08-16 14:35:21.371 I/tvos    ( 1764): #1|->SDK_bMHEGApMute:0<-|->SDK_bAllAudioMuteCtrl:0<-|->SDK_bPowerOnMute:0<-|->SDK_bNullSourceMute0<-|->SDK_bSetInputSourceAudioMute:0<-|
08-16 14:35:21.371 I/tvos    ( 1764): [audioBSP] #2 m_spkrMute : 0 ..|->SDK_bUsrSpkrAudioMute:0<-|->SDK_bPowerOnMute:0<-|->SDK_bByUserAudioMute:0<-|
08-16 14:35:21.371 I/tvos    ( 1764): [audioBSP] #3 m_PcmCapture2Mute:0 |->SDK_bByUserPcmCapture2Mute:0<-|->SDK_SUB_bByUserAudioMute:0<-|->SDK_bByUserAudioMute:0<-|
08-16 14:35:21.371 I/tvos    ( 1764): [audioBSP] #5 m_hpMute : 1 ..|->SDK_bUsrHpAudioMute:1<-|->SDK_bPowerOnMute:0<-|->SDK_bByUserAudioMute:0<-|
08-16 14:35:21.371 I/tvos    ( 1764): [audioBSP] #12 m_spdifMute : 1 ..
08-16 14:35:21.371 I/tvos    ( 1764): #12|->SDK_bPermanentAudioMute:0<-|->SDK_bMomentAudioMute:0<-|->SDK_bByBlockAudioMute:0<-|
08-16 14:35:21.371 I/tvos    ( 1764): #12|->SDK_bByVChipAudioMute:0<-|->SDK_bInternal1AudioMute:0<-|->SDK_bInternal4AudioMute:0<-|
08-16 14:35:21.371 I/tvos    ( 1764): #12|->SDK_bByDuringLimitedTimeAudioMute:0<-|->SDK_bSourceSwitchAudioMute:0<-|->SDK_bMHEGApMute:0<-|
08-16 14:35:21.371 I/tvos    ( 1764): #12|->SDK_bPowerOnMute:0<-|->SDK_bUsrSpdifAudioMute:1<-|->SDK_bNullSourceMute:0<-|->SDK_bByAppMute:0<-|
08-16 14:35:21.371 I/tvos    ( 1764): ---Amplifier_ALC1310_LR_SWMute(0)
08-16 14:35:21.372 I/tvos    ( 1764): ALC1310 unmute good, addr: 0x13 readbackvalue: 4 
08-16 14:35:21.375 I/tvos    ( 1764): SetSoundMuteStatus : m_hpMute : 1, m_spdifMute : 1, m_DataInMute : 0, m_channel7Mute : 0, m_internalMute : 0, m_spkrMute : 0, m_PcmCapture1Mute : 0, m_PcmCapture2Mute : 0 
08-16 14:35:21.376 I/AudioUtil( 1758): setParameters spk_volume=0
08-16 14:35:21.376 I/audio_hw_primary( 1758): adev_set_parameters: spk_volume=0
08-16 14:35:21.376 W/InputDispatcher( 2207): setFocusedApplication
08-16 14:35:21.376 I/tvos    ( 1764): GetAudioOutputDevice, retval : 0
08-16 14:35:21.376 I/tvos    ( 1764): [SetMuteStatus] call SetSoundMuteStatus, line : 10369, muteType: 67108864, onOff : 1 
08-16 14:35:21.376 I/tvos    ( 1764): _TransMSrvMuteTypeToSDKMuteType: Err! muteType(67108864) is out of Range
08-16 14:35:21.379 I/tvos    ( 1764): [SetMuteStatus] call SetSoundMuteStatus, line : 10369, muteType: 4, onOff : 1 
08-16 14:35:21.379 I/tvos    ( 1764): [audioBSP] #1 m_internalMute : 0 ..
08-16 14:35:21.379 I/tvos    ( 1764): #1|->SDK_bPermanentAudioMute:0<-|->SDK_bMomentAudioMute:0 <-|->SDK_bBySyncAudioMute:0<-|->SDK_bByBlockAudioMute:0<-|->SDK_bByVChipAudioMute:0<-|
08-16 14:35:21.379 I/tvos    ( 1764): #1|->SDK_bInternal1AudioMute:0<-|->SDK_bInternal2AudioMute:0<-|->SDK_bInternal3AudioMute:0<-|->SDK_bInternal4AudioMute:0<-|
08-16 14:35:21.379 I/tvos    ( 1764): #1|->SDK_bByScanInOutchgCHchg:0<-|->SDK_bByDuringLimitedTimeAudioMute:0<-|->SDK_bSourceSwitchAudioMute:0<-|
08-16 14:35:21.379 I/tvos    ( 1764): #1|->SDK_bMHEGApMute:0<-|->SDK_bAllAudioMuteCtrl:0<-|->SDK_bPowerOnMute:0<-|->SDK_bNullSourceMute0<-|->SDK_bSetInputSourceAudioMute:0<-|
08-16 14:35:21.379 I/tvos    ( 1764): [audioBSP] #2 m_spkrMute : 1 ..|->SDK_bUsrSpkrAudioMute:0<-|->SDK_bPowerOnMute:0<-|->SDK_bByUserAudioMute:1<-|
08-16 14:35:21.379 I/tvos    ( 1764): [audioBSP] #3 m_PcmCapture2Mute:1 |->SDK_bByUserPcmCapture2Mute:0<-|->SDK_SUB_bByUserAudioMute:0<-|->SDK_bByUserAudioMute:1<-|
08-16 14:35:21.379 I/tvos    ( 1764): [audioBSP] #5 m_hpMute : 1 ..|->SDK_bUsrHpAudioMute:1<-|->SDK_bPowerOnMute:0<-|->SDK_bByUserAudioMute:1<-|
08-16 14:35:21.379 I/tvos    ( 1764): [audioBSP] #12 m_spdifMute : 1 ..
08-16 14:35:21.379 I/tvos    ( 1764): #12|->SDK_bPermanentAudioMute:0<-|->SDK_bMomentAudioMute:0<-|->SDK_bByBlockAudioMute:0<-|
08-16 14:35:21.379 I/tvos    ( 1764): #12|->SDK_bByVChipAudioMute:0<-|->SDK_bInternal1AudioMute:0<-|->SDK_bInternal4AudioMute:0<-|
08-16 14:35:21.379 I/tvos    ( 1764): #12|->SDK_bByDuringLimitedTimeAudioMute:0<-|->SDK_bSourceSwitchAudioMute:0<-|->SDK_bMHEGApMute:0<-|
08-16 14:35:21.379 I/tvos    ( 1764): #12|->SDK_bPowerOnMute:0<-|->SDK_bUsrSpdifAudioMute:1<-|->SDK_bNullSourceMute:0<-|->SDK_bByAppMute:0<-|
08-16 14:35:21.379 I/tvos    ( 1764): ---Amplifier_ALC1310_LR_SWMute(1)
08-16 14:35:21.379 I/tvos    ( 1764): ALC1310 mute write good, addr: 0x13, readback data : 49164, write cmd times : 1
08-16 14:35:21.380 W/InputDispatcher( 2207): Focus left window: Window{7466730 u0 com.stv.filemanager/com.stv.filemanager.activities.FileExplorerTabActivity}
08-16 14:35:21.380 E/ActivityThread( 2837): Failed to find provider info for com.letv.agnes.InfoProvider
08-16 14:35:21.381 I/tvos    ( 1764): SetSoundMuteStatus : m_hpMute : 1, m_spdifMute : 1, m_DataInMute : 0, m_channel7Mute : 0, m_internalMute : 0, m_spkrMute : 1, m_PcmCapture1Mute : 0, m_PcmCapture2Mute : 1 
08-16 14:35:21.383 E/ActivityThread( 2837): Failed to find provider info for com.letv.agnes.InfoProvider
08-16 14:35:21.383 W/System.err( 2837): java.lang.IllegalArgumentException: Unknown URL content://com.letv.agnes.InfoProvider
08-16 14:35:21.385 W/System.err( 2837): 	at android.content.ContentResolver.insert(ContentResolver.java:1227)
08-16 14:35:21.385 W/System.err( 2837): 	at com.letv.tracker2.agnes.Configuration.addDebugInfo(Configuration.java:289)
08-16 14:35:21.385 W/System.err( 2837): 	at com.letv.tracker2.agnes.MessageProcessor$SendEnvMsgTr$1.handleMessage(MessageProcessor.java:661)
08-16 14:35:21.385 I/FileManager(20685): FileExplorerTabActivity -- onPause
08-16 14:35:21.389 I/ActivityManager( 2207): accel TR12) TaskRecord{a4c2801 #31 A=com.stv.filemanager U=0 sz=2}
08-16 14:35:21.389 I/ActivityManager( 2207): accel TR11) TaskRecord{14b0d11 #1 A=com.stv.launcher U=0 sz=1}
08-16 14:35:21.385 W/System.err( 2837): 	at android.os.Handler.dispatchMessage(Handler.java:102)
08-16 14:35:21.395 W/System.err( 2837): 	at android.os.Looper.loop(Looper.java:148)
08-16 14:35:21.397 W/System.err( 2837): 	at com.letv.tracker2.agnes.MessageProcessor$SendEnvMsgTr.run(MessageProcessor.java:665)
08-16 14:35:21.403 I/System.out(20685): From style:
08-16 14:35:21.403 I/System.out(20685): Attrs: 3010001=0.6 3010002=res/drawable-hdpi-v4/ic_desk_app_bg.jpg 3010003=null 3010004=true
08-16 14:35:21.462 I/FileManager(20685): NetInfo -- IPv6 detected and not supported yet!
08-16 14:35:21.462 I/tvos    ( 1764): GetAudioOutputDevice, retval : 0
08-16 14:35:21.462 I/[T1.0.6.3]EuiAgnes_Server( 2837): resCode:1
08-16 14:35:21.462 I/[T1.0.6.3]EuiAgnes_Server( 2837): b[0]:0
08-16 14:35:21.480 I/FileManager(20685): RemoteListActivity -- Network info has changed
08-16 14:35:21.481 E/FileManager(20685): RemoteListActivity -- stopDiscovering()
08-16 14:35:21.484 I/tvos    ( 1764): [37m[INFO] Change to Voltage: 1150 mV (0x22)[m
08-16 14:35:21.487 I/tvos    ( 1764): [37m[INFO] Change to Voltage: 1150 mV (0x25)[m
08-16 14:35:21.487 I/tvos    ( 1764): [37m[INFO] Change to Voltage: 1150 mV (0x28)[m
08-16 14:35:21.487 I/tvos    ( 1764): [37m[INFO] Change to Voltage: 1150 mV (0x2B)[m
08-16 14:35:21.487 I/tvos    ( 1764): [37m[INFO] Change to Voltage: 1150 mV (0x2E)[m
08-16 14:35:21.487 I/tvos    ( 1764): [37m[INFO] Change to Voltage: 1150 mV (0x2E)[m
08-16 14:35:21.511 W/InputDispatcher( 2207): Focus entered window: Window{583ec48 u0 com.stv.filemanager/com.stv.filemanager.activities.RemoteListActivity}
08-16 14:35:21.516 E/BufferQueueProducer( 1749): [com.stv.filemanager/com.stv.filemanager.activities.RemoteListActivity] connect(P): already connected (cur=1 req=1)
08-16 14:35:21.555 I/WifiStateMachine( 2207):  DisconnectedState !CMD_START_SCAN  rt=512187988/512187988 -2 34124 ic=1 proc(ms):15012 dur:2895 cnt=34124 rssi=-127 f=-1 sc=0 link=-1 tx=0.0, 0.0, 0.0  rx=0.0 fiv=20000 [on:0 tx:0 rx:0 period:15008] from screen [on:0 period:1097996883]
08-16 14:35:21.556 I/WifiStateMachine( 2207): handlescanrequest  starting scan for 
08-16 14:35:21.556 I/WifiStateMachine( 2207): startscannative  starting scan for 
08-16 14:35:21.568 W/System.err(20685): java.lang.UnsupportedOperationException: java.lang.ClassCastException: java.lang.Long cannot be cast to java.lang.Integer
08-16 14:35:21.569 W/System.err(20685): 	at com.db4o.internal.DalvikVM$Dalvik3ObjectFactoryFactory.<init>(DalvikVM.java:122)
08-16 14:35:21.569 W/System.err(20685): 	at com.db4o.internal.DalvikVM.factory(DalvikVM.java:77)
08-16 14:35:21.569 W/System.err(20685): 	at com.db4o.internal.DalvikVM.supportSkipConstructorCall(DalvikVM.java:57)
08-16 14:35:21.569 W/System.err(20685): 	at com.db4o.internal.Platform4.callConstructor(Platform4.java:460)
08-16 14:35:21.569 W/System.err(20685): 	at com.db4o.reflect.core.ConstructorSupport.createConstructor(ConstructorSupport.java:21)
08-16 14:35:21.569 W/System.err(20685): 	at com.db4o.reflect.jdk.JdkClass.constructorSpec(JdkClass.java:176)
08-16 14:35:21.569 W/System.err(20685): 	at com.db4o.reflect.jdk.JdkClass.ensureCanBeInstantiated(JdkClass.java:182)
08-16 14:35:21.569 W/System.err(20685): 	at com.db4o.reflect.generic.GenericClass.ensureCanBeInstantiated(GenericClass.java:282)
08-16 14:35:21.569 W/System.err(20685): 	at com.db4o.internal.ClassMetadata.createConstructor(ClassMetadata.java:646)
08-16 14:35:21.569 W/System.err(20685): 	at com.db4o.internal.ClassMetadata.initializeConstructor(ClassMetadata.java:610)
08-16 14:35:21.569 W/System.err(20685): 	at com.db4o.internal.ClassMetadata.initializeAspects(ClassMetadata.java:264)
08-16 14:35:21.569 W/System.err(20685): 	at com.db4o.internal.ClassMetadata.checkChanges(ClassMetadata.java:456)
08-16 14:35:21.569 W/System.err(20685): 	at com.db4o.internal.ClassMetadataRepository.readClassMetadata(ClassMetadataRepository.java:463)
08-16 14:35:21.569 W/System.err(20685): 	at com.db4o.internal.ClassMetadataRepository.classMetadataForId(ClassMetadataRepository.java:259)
08-16 14:35:21.569 W/System.err(20685): 	at com.db4o.internal.ObjectContainerBase.classMetadataForID(ObjectContainerBase.java:1065)
08-16 14:35:21.569 W/System.err(20685): 	at com.db4o.internal.marshall.ObjectHeader.<init>(ObjectHeader.java:39)
08-16 14:35:21.569 W/System.err(20685): 	at com.db4o.internal.marshall.ObjectHeader.<init>(ObjectHeader.java:23)
08-16 14:35:21.569 W/System.err(20685): 	at com.db4o.internal.marshall.UnmarshallingContext.readObjectHeader(UnmarshallingContext.java:124)
08-16 14:35:21.569 W/System.err(20685): 	at com.db4o.internal.marshall.UnmarshallingContext.read(UnmarshallingContext.java:47)
08-16 14:35:21.569 W/System.err(20685): 	at com.db4o.internal.ObjectReference.read(ObjectReference.java:306)
08-16 14:35:21.570 W/System.err(20685): 	at com.db4o.internal.ObjectReference.read(ObjectReference.java:292)
08-16 14:35:21.570 W/System.err(20685): 	at com.db4o.internal.ObjectContainerBase.getByID2(ObjectContainerBase.java:882)
08-16 14:35:21.570 W/System.err(20685): 	at com.db4o.internal.ObjectContainerBase.getByID(ObjectContainerBase.java:853)
08-16 14:35:21.570 W/System.err(20685): 	at com.db4o.internal.fileheader.FileHeaderVariablePart.readIdentity(FileHeaderVariablePart.java:44)
08-16 14:35:21.570 W/System.err(20685): 	at com.db4o.internal.fileheader.NewFileHeaderBase.readIdentity(NewFileHeaderBase.java:92)
08-16 14:35:21.570 W/System.err(20685): 	at com.db4o.internal.LocalObjectContainer.readThis(LocalObjectContainer.java:492)
08-16 14:35:21.570 W/System.err(20685): 	at com.db4o.internal.IoAdaptedObjectContainer.openImpl(IoAdaptedObjectContainer.java:71)
08-16 14:35:21.570 W/System.err(20685): 	at com.db4o.internal.ObjectContainerBase$1.run(ObjectContainerBase.java:140)
08-16 14:35:21.570 W/System.err(20685): 	at com.db4o.foundation.DynamicVariable.with(DynamicVariable.java:54)
08-16 14:35:21.570 W/System.err(20685): 	at com.db4o.foundation.Environments.runWith(Environments.java:28)
08-16 14:35:21.570 W/System.err(20685): 	at com.db4o.internal.ObjectContainerBase.withEnvironment(ObjectContainerBase.java:161)
08-16 14:35:21.570 W/System.err(20685): 	at com.db4o.internal.ObjectContainerBase.open(ObjectContainerBase.java:131)
08-16 14:35:21.570 W/System.err(20685): 	at com.db4o.internal.IoAdaptedObjectContainer.<init>(IoAdaptedObjectContainer.java:35)
08-16 14:35:21.570 W/System.err(20685): 	at com.db4o.internal.ObjectContainerFactory.openObjectContainer(ObjectContainerFactory.java:18)
08-16 14:35:21.570 W/System.err(20685): 	at com.db4o.Db4oEmbedded.openFile(Db4oEmbedded.java:65)
08-16 14:35:21.570 W/System.err(20685): 	at com.stv.filemanager.netstorage.entity.DBHelperNew.getNetDevices(DBHelperNew.java:93)
08-16 14:35:21.570 W/System.err(20685): 	at com.stv.filemanager.activities.RemoteListActivity$LoadDBTask.run(RemoteListActivity.java:598)
08-16 14:35:21.570 W/System.err(20685): Caused by: java.lang.ClassCastException: java.lang.Long cannot be cast to java.lang.Integer
08-16 14:35:21.570 W/System.err(20685): 	at com.db4o.internal.DalvikVM$Dalvik3ObjectFactoryFactory.<init>(DalvikVM.java:120)
08-16 14:35:21.570 W/System.err(20685): 	... 36 more
08-16 14:35:21.610 I/ActivityManager( 2207): Displayed com.stv.filemanager/.activities.RemoteListActivity: +224ms
08-16 14:35:21.610 W/ContextImpl( 2207): Calling a method in the system process without a qualified user: android.app.ContextImpl.sendBroadcast:766 com.android.server.am.ActivityRecord.reportLaunchTimeLocked:1056 com.android.server.am.ActivityRecord.windowsDrawnLocked:1080 com.android.server.am.ActivityRecord$Token.windowsDrawn:345 com.android.server.wm.WindowManagerService$H.handleMessage:8042 
08-16 14:35:21.713 I/tvos    ( 1764): GetAudioOutputDevice, retval : 0
08-16 14:35:21.787 I/tvos    ( 1764): [37m[INFO] Change to Voltage: 1030 mV (0x2E)[m
08-16 14:35:21.787 I/tvos    ( 1764): [37m[INFO] Change to Voltage: 1030 mV (0x2B)[m
08-16 14:35:21.787 I/tvos    ( 1764): [37m[INFO] Change to Voltage: 1030 mV (0x28)[m
08-16 14:35:21.787 I/tvos    ( 1764): [37m[INFO] Change to Voltage: 1030 mV (0x25)[m
08-16 14:35:21.787 I/tvos    ( 1764): [37m[INFO] Change to Voltage: 1030 mV (0x22)[m
08-16 14:35:21.787 I/tvos    ( 1764): [37m[INFO] Change to Voltage: 1030 mV (0x22)[m
08-16 14:35:21.963 I/tvos    ( 1764): GetAudioOutputDevice, retval : 0
08-16 14:35:21.969 I/APM::AudioPolicyEngine( 1758): getDeviceForStrategy, 359
08-16 14:35:22.213 I/tvos    ( 1764): GetAudioOutputDevice, retval : 0
08-16 14:35:22.464 I/tvos    ( 1764): GetAudioOutputDevice, retval : 0
08-16 14:35:22.490 W/System.err(20685): java.net.ConnectException: failed to connect to /10.58.80.200 (port 139) after 800ms: isConnected failed: ECONNREFUSED (Connection refused)
08-16 14:35:22.490 W/System.err(20685): java.net.ConnectException: failed to connect to /10.58.80.1 (port 139) after 800ms: isConnected failed: ECONNREFUSED (Connection refused)
08-16 14:35:22.491 W/System.err(20685): 	at 	at libcore.io.IoBridge.isConnected(IoBridge.java:234)
08-16 14:35:22.491 W/System.err(20685): 	at libcore.io.IoBridge.isConnected(IoBridge.java:234)
08-16 14:35:22.491 W/System.err(20685): 	at libcore.io.IoBridge.connectErrno(IoBridge.java:171)
08-16 14:35:22.491 W/System.err(20685): 	at libcore.io.IoBridge.connectErrno(IoBridge.java:171)
08-16 14:35:22.491 W/System.err(20685): 	at libcore.io.IoBridge.connect(IoBridge.java:122)
08-16 14:35:22.491 W/System.err(20685): 	at libcore.io.IoBridge.connect(IoBridge.java:122)
08-16 14:35:22.491 W/System.err(20685): 	at java.net.PlainSocketImpl.connect(PlainSocketImpl.java:183)
08-16 14:35:22.491 W/System.err(20685): 	at java.net.PlainSocketImpl.connect(PlainSocketImpl.java:183)
08-16 14:35:22.491 W/System.err(20685): 	at java.net.PlainSocketImpl.connect(PlainSocketImpl.java:452)
08-16 14:35:22.491 W/System.err(20685): 	at java.net.PlainSocketImpl.connect(PlainSocketImpl.java:452)
08-16 14:35:22.491 W/System.err(20685): 	at java.net.Socket.connect(Socket.java:884)
08-16 14:35:22.491 W/System.err(20685): 	at java.net.Socket.connect(Socket.java:884)
08-16 14:35:22.491 W/System.err(20685): 	at com.stv.filemanager.netstorage.scansmb.DefaultDiscovery.SendSmbNegotiate(DefaultDiscovery.java:185)
08-16 14:35:22.491 W/System.err(20685): 	at com.stv.filemanager.netstorage.scansmb.DefaultDiscovery.SendSmbNegotiate(DefaultDiscovery.java:185)
08-16 14:35:22.491 W/System.err(20685): 	at com.stv.filemanager.netstorage.scansmb.DefaultDiscovery.-wrap0(DefaultDiscovery.java)
08-16 14:35:22.491 W/System.err(20685): 	at com.stv.filemanager.netstorage.scansmb.DefaultDiscovery.-wrap0(DefaultDiscovery.java)
08-16 14:35:22.491 W/System.err(20685): 	at com.stv.filemanager.netstorage.scansmb.DefaultDiscovery$CheckRunnable.run(DefaultDiscovery.java:158)
08-16 14:35:22.491 W/System.err(20685): 	at com.stv.filemanager.netstorage.scansmb.DefaultDiscovery$CheckRunnable.run(DefaultDiscovery.java:158)
08-16 14:35:22.491 W/System.err(20685): 	at java.util.concurrent.ThreadPoolExecutor.runWorker(ThreadPoolExecutor.java:1113)
08-16 14:35:22.491 W/System.err(20685): 	at java.util.concurrent.ThreadPoolExecutor.runWorker(ThreadPoolExecutor.java:1113)
08-16 14:35:22.491 W/System.err(20685): 	at java.util.concurrent.ThreadPoolExecutor$Worker.run(ThreadPoolExecutor.java:588)
08-16 14:35:22.491 W/System.err(20685): 	at java.util.concurrent.ThreadPoolExecutor$Worker.run(ThreadPoolExecutor.java:588)
08-16 14:35:22.491 W/System.err(20685): 	at java.lang.Thread.run(Thread.java:818)
08-16 14:35:22.491 W/System.err(20685): java.lang.Thread.run(Thread.java:818)
08-16 14:35:22.491 W/System.err(20685): Caused by: Caused by: android.system.ErrnoException: isConnected failed: ECONNREFUSED (Connection refused)
08-16 14:35:22.491 W/System.err(20685): android.system.ErrnoException: isConnected failed: ECONNREFUSED (Connection refused)
08-16 14:35:22.491 W/System.err(20685): 	at libcore.io.IoBridge.isConnected(IoBridge.java:223)
08-16 14:35:22.491 W/System.err(20685): 	... 	at 11 more
08-16 14:35:22.491 W/System.err(20685): libcore.io.IoBridge.isConnected(IoBridge.java:223)
08-16 14:35:22.491 W/System.err(20685): 	... 11 more
08-16 14:35:22.492 W/System.err(20685): java.net.ConnectException: failed to connect to /10.58.80.199 (port 139) after 800ms: isConnected failed: ECONNREFUSED (Connection refused)
08-16 14:35:22.492 W/System.err(20685): 	at libcore.io.IoBridge.isConnected(IoBridge.java:234)
08-16 14:35:22.492 W/System.err(20685): 	at libcore.io.IoBridge.connectErrno(IoBridge.java:171)
08-16 14:35:22.492 W/System.err(20685): 	at libcore.io.IoBridge.connect(IoBridge.java:122)
08-16 14:35:22.493 W/System.err(20685): 	at java.net.PlainSocketImpl.connect(PlainSocketImpl.java:183)
08-16 14:35:22.493 W/System.err(20685): 	at java.net.PlainSocketImpl.connect(PlainSocketImpl.java:452)
08-16 14:35:22.493 W/System.err(20685): 	at java.net.Socket.connect(Socket.java:884)
08-16 14:35:22.493 W/System.err(20685): 	at com.stv.filemanager.netstorage.scansmb.DefaultDiscovery.SendSmbNegotiate(DefaultDiscovery.java:185)
08-16 14:35:22.493 W/System.err(20685): 	at com.stv.filemanager.netstorage.scansmb.DefaultDiscovery.-wrap0(DefaultDiscovery.java)
08-16 14:35:22.493 W/System.err(20685): 	at com.stv.filemanager.netstorage.scansmb.DefaultDiscovery$CheckRunnable.run(DefaultDiscovery.java:158)
08-16 14:35:22.493 W/System.err(20685): 	at java.util.concurrent.ThreadPoolExecutor.runWorker(ThreadPoolExecutor.java:1113)
08-16 14:35:22.493 W/System.err(20685): 	at java.util.concurrent.ThreadPoolExecutor$Worker.run(ThreadPoolExecutor.java:588)
08-16 14:35:22.493 W/System.err(20685): 	at java.lang.Thread.run(Thread.java:818)
08-16 14:35:22.493 W/System.err(20685): Caused by: android.system.ErrnoException: isConnected failed: ECONNREFUSED (Connection refused)
08-16 14:35:22.493 W/System.err(20685): 	at libcore.io.IoBridge.isConnected(IoBridge.java:223)
08-16 14:35:22.493 W/System.err(20685): 	... 11 more
08-16 14:35:22.495 W/System.err(20685): java.net.ConnectException: failed to connect to /10.58.80.197 (port 139) after 800ms: isConnected failed: ECONNREFUSED (Connection refused)
08-16 14:35:22.495 W/System.err(20685): 	at libcore.io.IoBridge.isConnected(IoBridge.java:234)
08-16 14:35:22.495 W/System.err(20685): 	at libcore.io.IoBridge.connectErrno(IoBridge.java:171)
08-16 14:35:22.495 W/System.err(20685): 	at libcore.io.IoBridge.connect(IoBridge.java:122)
08-16 14:35:22.495 W/System.err(20685): 	at java.net.PlainSocketImpl.connect(PlainSocketImpl.java:183)
08-16 14:35:22.495 W/System.err(20685): 	at java.net.PlainSocketImpl.connect(PlainSocketImpl.java:452)
08-16 14:35:22.495 W/System.err(20685): 	at java.net.Socket.connect(Socket.java:884)
08-16 14:35:22.495 W/System.err(20685): 	at com.stv.filemanager.netstorage.scansmb.DefaultDiscovery.SendSmbNegotiate(DefaultDiscovery.java:185)
08-16 14:35:22.495 W/System.err(20685): 	at com.stv.filemanager.netstorage.scansmb.DefaultDiscovery.-wrap0(DefaultDiscovery.java)
08-16 14:35:22.495 W/System.err(20685): 	at com.stv.filemanager.netstorage.scansmb.DefaultDiscovery$CheckRunnable.run(DefaultDiscovery.java:158)
08-16 14:35:22.495 W/System.err(20685): 	at java.util.concurrent.ThreadPoolExecutor.runWorker(ThreadPoolExecutor.java:1113)
08-16 14:35:22.495 W/System.err(20685): 	at java.util.concurrent.ThreadPoolExecutor$Worker.run(ThreadPoolExecutor.java:588)
08-16 14:35:22.495 W/System.err(20685): 	at java.lang.Thread.run(Thread.java:818)
08-16 14:35:22.496 W/System.err(20685): Caused by: android.system.ErrnoException: isConnected failed: ECONNREFUSED (Connection refused)
08-16 14:35:22.496 W/System.err(20685): 	at libcore.io.IoBridge.isConnected(IoBridge.java:223)
08-16 14:35:22.496 W/System.err(20685): 	... 11 more
08-16 14:35:22.498 W/System.err(20685): java.net.ConnectException: failed to connect to /10.58.80.205 (port 139) after 800ms: isConnected failed: ECONNREFUSED (Connection refused)
08-16 14:35:22.499 W/System.err(20685): 	at libcore.io.IoBridge.isConnected(IoBridge.java:234)
08-16 14:35:22.499 W/System.err(20685): 	at libcore.io.IoBridge.connectErrno(IoBridge.java:171)
08-16 14:35:22.499 W/System.err(20685): 	at libcore.io.IoBridge.connect(IoBridge.java:122)
08-16 14:35:22.499 W/System.err(20685): 	at java.net.PlainSocketImpl.connect(PlainSocketImpl.java:183)
08-16 14:35:22.499 W/System.err(20685): 	at java.net.PlainSocketImpl.connect(PlainSocketImpl.java:452)
08-16 14:35:22.499 W/System.err(20685): 	at java.net.Socket.connect(Socket.java:884)
08-16 14:35:22.499 W/System.err(20685): 	at com.stv.filemanager.netstorage.scansmb.DefaultDiscovery.SendSmbNegotiate(DefaultDiscovery.java:185)
08-16 14:35:22.499 W/System.err(20685): 	at com.stv.filemanager.netstorage.scansmb.DefaultDiscovery.-wrap0(DefaultDiscovery.java)
08-16 14:35:22.499 W/System.err(20685): 	at com.stv.filemanager.netstorage.scansmb.DefaultDiscovery$CheckRunnable.run(DefaultDiscovery.java:158)
08-16 14:35:22.499 W/System.err(20685): 	at java.util.concurrent.ThreadPoolExecutor.runWorker(ThreadPoolExecutor.java:1113)
08-16 14:35:22.499 W/System.err(20685): 	at java.util.concurrent.ThreadPoolExecutor$Worker.run(ThreadPoolExecutor.java:588)
08-16 14:35:22.499 W/System.err(20685): 	at java.lang.Thread.run(Thread.java:818)
08-16 14:35:22.499 W/System.err(20685): Caused by: android.system.ErrnoException: isConnected failed: ECONNREFUSED (Connection refused)
08-16 14:35:22.499 W/System.err(20685): 	at libcore.io.IoBridge.isConnected(IoBridge.java:223)
08-16 14:35:22.499 W/System.err(20685): 	... 11 more
08-16 14:35:22.647 E/LetvRemoteupgradeManager-JNI( 2613): can't get LetvManager service!
08-16 14:35:22.714 I/tvos    ( 1764): GetAudioOutputDevice, retval : 0
08-16 14:35:22.965 I/tvos    ( 1764): GetAudioOutputDevice, retval : 0
08-16 14:35:23.164 I/remotestatus( 2207): Msg.what is 101
08-16 14:35:23.164 I/WindowManager( 2207): turn cursor off
08-16 14:35:23.164 W/InputDispatcher( 2207): findFocusedWindow finished: injectionResult=0, timeSpentWaitingForApplication=0.0ms
08-16 14:35:23.164 E/RemoteManager( 2207): RemoteManager is no longer support in eui6.5
08-16 14:35:23.165 E/InputManager-JNI( 2207): call nativeDisableCursor method with hideCursor
08-16 14:35:23.177 W/InputDispatcher( 2207): findFocusedWindow finished: injectionResult=0, timeSpentWaitingForApplication=0.0ms
08-16 14:35:23.215 I/tvos    ( 1764): GetAudioOutputDevice, retval : 0
08-16 14:35:23.291 W/System.err(20685): java.net.SocketTimeoutException: failed to connect to /10.58.80.198 (port 139) after 800ms
08-16 14:35:23.291 W/System.err(20685): 	at libcore.io.IoBridge.connectErrno(IoBridge.java:169)
08-16 14:35:23.291 W/System.err(20685): 	at libcore.io.IoBridge.connect(IoBridge.java:122)
08-16 14:35:23.291 W/System.err(20685): 	at java.net.PlainSocketImpl.connect(PlainSocketImpl.java:183)
08-16 14:35:23.291 W/System.err(20685): 	at java.net.PlainSocketImpl.connect(PlainSocketImpl.java:452)
08-16 14:35:23.291 W/System.err(20685): 	at java.net.Socket.connect(Socket.java:884)
08-16 14:35:23.291 W/System.err(20685): 	at com.stv.filemanager.netstorage.scansmb.DefaultDiscovery.SendSmbNegotiate(DefaultDiscovery.java:185)
08-16 14:35:23.291 W/System.err(20685): 	at com.stv.filemanager.netstorage.scansmb.DefaultDiscovery.-wrap0(DefaultDiscovery.java)
08-16 14:35:23.291 W/System.err(20685): 	at com.stv.filemanager.netstorage.scansmb.DefaultDiscovery$CheckRunnable.run(DefaultDiscovery.java:158)
08-16 14:35:23.291 W/System.err(20685): 	at java.util.concurrent.ThreadPoolExecutor.runWorker(ThreadPoolExecutor.java:1113)
08-16 14:35:23.291 W/System.err(20685): 	at java.util.concurrent.ThreadPoolExecutor$Worker.run(ThreadPoolExecutor.java:588)
08-16 14:35:23.291 W/System.err(20685): 	at java.lang.Thread.run(Thread.java:818)
08-16 14:35:23.293 W/System.err(20685): java.net.SocketTimeoutException: failed to connect to /10.58.80.201 (port 139) after 800ms
08-16 14:35:23.293 W/System.err(20685): 	at libcore.io.IoBridge.connectErrno(IoBridge.java:169)
08-16 14:35:23.293 W/System.err(20685): 	at libcore.io.IoBridge.connect(IoBridge.java:122)
08-16 14:35:23.293 W/System.err(20685): 	at java.net.PlainSocketImpl.connect(PlainSocketImpl.java:183)
08-16 14:35:23.293 W/System.err(20685): 	at java.net.PlainSocketImpl.connect(PlainSocketImpl.java:452)
08-16 14:35:23.293 W/System.err(20685): 	at java.net.Socket.connect(Socket.java:884)
08-16 14:35:23.293 W/System.err(20685): 	at com.stv.filemanager.netstorage.scansmb.DefaultDiscovery.SendSmbNegotiate(DefaultDiscovery.java:185)
08-16 14:35:23.293 W/System.err(20685): 	at com.stv.filemanager.netstorage.scansmb.DefaultDiscovery.-wrap0(DefaultDiscovery.java)
08-16 14:35:23.293 W/System.err(20685): 	at com.stv.filemanager.netstorage.scansmb.DefaultDiscovery$CheckRunnable.run(DefaultDiscovery.java:158)
08-16 14:35:23.293 W/System.err(20685): 	at java.util.concurrent.ThreadPoolExecutor.runWorker(ThreadPoolExecutor.java:1113)
08-16 14:35:23.293 W/System.err(20685): 	at java.util.concurrent.ThreadPoolExecutor$Worker.run(ThreadPoolExecutor.java:588)
08-16 14:35:23.293 W/System.err(20685): 	at java.lang.Thread.run(Thread.java:818)
08-16 14:35:23.296 W/System.err(20685): java.net.SocketTimeoutException: failed to connect to /10.58.80.203 (port 139) after 800ms
08-16 14:35:23.296 W/System.err(20685): java.net.SocketTimeoutException: failed to connect to /10.58.80.195 (port 139) after 800ms
08-16 14:35:23.296 W/System.err(20685): 	at 	at libcore.io.IoBridge.connectErrno(IoBridge.java:169)
08-16 14:35:23.296 W/System.err(20685): 	at libcore.io.IoBridge.connectErrno(IoBridge.java:169)
08-16 14:35:23.296 W/System.err(20685): 	at libcore.io.IoBridge.connect(IoBridge.java:122)
08-16 14:35:23.296 W/System.err(20685): 	at java.net.PlainSocketImpl.connect(PlainSocketImpl.java:183)
08-16 14:35:23.296 W/System.err(20685): 	at java.net.PlainSocketImpl.connect(PlainSocketImpl.java:452)
08-16 14:35:23.296 W/System.err(20685): 	at java.net.Socket.connect(Socket.java:884)
08-16 14:35:23.296 W/System.err(20685): 	at com.stv.filemanager.netstorage.scansmb.DefaultDiscovery.SendSmbNegotiate(DefaultDiscovery.java:185)
08-16 14:35:23.296 W/System.err(20685): 	at libcore.io.IoBridge.connect(IoBridge.java:122)com.stv.filemanager.netstorage.scansmb.DefaultDiscovery.-wrap0(DefaultDiscovery.java)
08-16 14:35:23.296 W/System.err(20685): 	at 
