08-16 14:35:23.296 W/System.err(20685): 	at com.stv.filemanager.netstorage.scansmb.DefaultDiscovery$CheckRunnable.run(DefaultDiscovery.java:158)
08-16 14:35:23.296 W/System.err(20685): 	at java.util.concurrent.ThreadPoolExecutor.runWorker(ThreadPoolExecutor.java:1113)
08-16 14:35:23.296 W/System.err(20685): 	at java.net.PlainSocketImpl.connect(PlainSocketImpl.java:183)
08-16 14:35:23.296 W/System.err(20685): 	at java.util.concurrent.ThreadPoolExecutor$Worker.run(ThreadPoolExecutor.java:588)
08-16 14:35:23.296 W/System.err(20685): 	at java.net.PlainSocketImpl.connect(PlainSocketImpl.java:452)
08-16 14:35:23.296 W/System.err(20685): 	at java.lang.Thread.run(Thread.java:818)
08-16 14:35:23.296 W/System.err(20685): java.net.Socket.connect(Socket.java:884)
08-16 14:35:23.296 W/System.err(20685): 	at com.stv.filemanager.netstorage.scansmb.DefaultDiscovery.SendSmbNegotiate(DefaultDiscovery.java:185)
08-16 14:35:23.296 W/System.err(20685): 	at com.stv.filemanager.netstorage.scansmb.DefaultDiscovery.-wrap0(DefaultDiscovery.java)
08-16 14:35:23.296 W/System.err(20685): 	at com.stv.filemanager.netstorage.scansmb.DefaultDiscovery$CheckRunnable.run(DefaultDiscovery.java:158)
08-16 14:35:23.296 W/System.err(20685): 	at java.util.concurrent.ThreadPoolExecutor.runWorker(ThreadPoolExecutor.java:1113)
08-16 14:35:23.296 W/System.err(20685): 	at java.util.concurrent.ThreadPoolExecutor$Worker.run(ThreadPoolExecutor.java:588)
08-16 14:35:23.296 W/System.err(20685): 	at java.lang.Thread.run(Thread.java:818)
08-16 14:35:23.297 W/System.err(20685): java.net.SocketTimeoutException: failed to connect to /10.58.80.194 (port 139) after 800ms
08-16 14:35:23.297 W/System.err(20685): 	at libcore.io.IoBridge.connectErrno(IoBridge.java:169)
08-16 14:35:23.297 W/System.err(20685): 	at libcore.io.IoBridge.connect(IoBridge.java:122)
08-16 14:35:23.297 W/System.err(20685): 	at java.net.PlainSocketImpl.connect(PlainSocketImpl.java:183)
08-16 14:35:23.297 W/System.err(20685): 	at java.net.PlainSocketImpl.connect(PlainSocketImpl.java:452)
08-16 14:35:23.297 W/System.err(20685): 	at java.net.Socket.connect(Socket.java:884)
08-16 14:35:23.297 W/System.err(20685): 	at com.stv.filemanager.netstorage.scansmb.DefaultDiscovery.SendSmbNegotiate(DefaultDiscovery.java:185)
08-16 14:35:23.297 W/System.err(20685): 	at com.stv.filemanager.netstorage.scansmb.DefaultDiscovery.-wrap0(DefaultDiscovery.java)
08-16 14:35:23.297 W/System.err(20685): 	at com.stv.filemanager.netstorage.scansmb.DefaultDiscovery$CheckRunnable.run(DefaultDiscovery.java:158)
08-16 14:35:23.297 W/System.err(20685): 	at java.util.concurrent.ThreadPoolExecutor.runWorker(ThreadPoolExecutor.java:1113)
08-16 14:35:23.297 W/System.err(20685): 	at java.util.concurrent.ThreadPoolExecutor$Worker.run(ThreadPoolExecutor.java:588)
08-16 14:35:23.297 W/System.err(20685): 	at java.lang.Thread.run(Thread.java:818)
08-16 14:35:23.297 W/System.err(20685): java.net.SocketTimeoutException: failed to connect to /10.58.80.193 (port 139) after 800ms
08-16 14:35:23.298 W/System.err(20685): 	at libcore.io.IoBridge.connectErrno(IoBridge.java:169)
08-16 14:35:23.298 W/System.err(20685): 	at libcore.io.IoBridge.connect(IoBridge.java:122)
08-16 14:35:23.298 W/System.err(20685): 	at java.net.PlainSocketImpl.connect(PlainSocketImpl.java:183)
08-16 14:35:23.298 W/System.err(20685): 	at java.net.PlainSocketImpl.connect(PlainSocketImpl.java:452)
08-16 14:35:23.298 W/System.err(20685): 	at java.net.Socket.connect(Socket.java:884)
08-16 14:35:23.298 W/System.err(20685): 	at com.stv.filemanager.netstorage.scansmb.DefaultDiscovery.SendSmbNegotiate(DefaultDiscovery.java:185)
08-16 14:35:23.298 W/System.err(20685): 	at com.stv.filemanager.netstorage.scansmb.DefaultDiscovery.-wrap0(DefaultDiscovery.java)
08-16 14:35:23.298 W/System.err(20685): 	at com.stv.filemanager.netstorage.scansmb.DefaultDiscovery$CheckRunnable.run(DefaultDiscovery.java:158)
08-16 14:35:23.298 W/System.err(20685): 	at java.util.concurrent.ThreadPoolExecutor.runWorker(ThreadPoolExecutor.java:1113)
08-16 14:35:23.298 W/System.err(20685): 	at java.util.concurrent.ThreadPoolExecutor$Worker.run(ThreadPoolExecutor.java:588)
08-16 14:35:23.298 W/System.err(20685): 	at java.lang.Thread.run(Thread.java:818)
08-16 14:35:23.298 W/System.err(20685): java.net.SocketTimeoutException: failed to connect to /10.58.80.206 (port 139) after 800ms
08-16 14:35:23.298 W/System.err(20685): 	at libcore.io.IoBridge.connectErrno(IoBridge.java:169)
08-16 14:35:23.298 W/System.err(20685): 	at libcore.io.IoBridge.connect(IoBridge.java:122)
08-16 14:35:23.299 W/System.err(20685): 	at java.net.PlainSocketImpl.connect(PlainSocketImpl.java:183)
08-16 14:35:23.299 W/System.err(20685): 	at java.net.PlainSocketImpl.connect(PlainSocketImpl.java:452)
08-16 14:35:23.299 W/System.err(20685): 	at java.net.Socket.connect(Socket.java:884)
08-16 14:35:23.299 W/System.err(20685): 	at com.stv.filemanager.netstorage.scansmb.DefaultDiscovery.SendSmbNegotiate(DefaultDiscovery.java:185)
08-16 14:35:23.299 W/System.err(20685): 	at com.stv.filemanager.netstorage.scansmb.DefaultDiscovery.-wrap0(DefaultDiscovery.java)
08-16 14:35:23.299 W/System.err(20685): 	at com.stv.filemanager.netstorage.scansmb.DefaultDiscovery$CheckRunnable.run(DefaultDiscovery.java:158)
08-16 14:35:23.299 W/System.err(20685): 	at java.util.concurrent.ThreadPoolExecutor.runWorker(ThreadPoolExecutor.java:1113)
08-16 14:35:23.299 W/System.err(20685): 	at java.util.concurrent.ThreadPoolExecutor$Worker.run(ThreadPoolExecutor.java:588)
08-16 14:35:23.299 W/System.err(20685): 	at java.lang.Thread.run(Thread.java:818)
08-16 14:35:23.300 W/System.err(20685): java.net.SocketTimeoutException: failed to connect to /10.58.80.207 (port 139) after 800ms
08-16 14:35:23.300 W/System.err(20685): 	at libcore.io.IoBridge.connectErrno(IoBridge.java:169)
08-16 14:35:23.300 W/System.err(20685): 	at libcore.io.IoBridge.connect(IoBridge.java:122)
08-16 14:35:23.300 W/System.err(20685): 	at java.net.PlainSocketImpl.connect(PlainSocketImpl.java:183)
08-16 14:35:23.300 W/System.err(20685): 	at java.net.PlainSocketImpl.connect(PlainSocketImpl.java:452)
08-16 14:35:23.300 W/System.err(20685): 	at java.net.Socket.connect(Socket.java:884)
08-16 14:35:23.300 W/System.err(20685): 	at com.stv.filemanager.netstorage.scansmb.DefaultDiscovery.SendSmbNegotiate(DefaultDiscovery.java:185)
08-16 14:35:23.300 W/System.err(20685): 	at com.stv.filemanager.netstorage.scansmb.DefaultDiscovery.-wrap0(DefaultDiscovery.java)
08-16 14:35:23.300 W/System.err(20685): 	at com.stv.filemanager.netstorage.scansmb.DefaultDiscovery$CheckRunnable.run(DefaultDiscovery.java:158)
08-16 14:35:23.300 W/System.err(20685): 	at java.util.concurrent.ThreadPoolExecutor.runWorker(ThreadPoolExecutor.java:1113)
08-16 14:35:23.300 W/System.err(20685): 	at java.util.concurrent.ThreadPoolExecutor$Worker.run(ThreadPoolExecutor.java:588)
08-16 14:35:23.300 W/System.err(20685): 	at java.lang.Thread.run(Thread.java:818)
08-16 14:35:23.300 W/System.err(20685): java.net.SocketTimeoutException: failed to connect to /10.58.80.192 (port 139) after 800ms
08-16 14:35:23.300 W/System.err(20685): 	at libcore.io.IoBridge.connectErrno(IoBridge.java:169)
08-16 14:35:23.300 W/System.err(20685): 	at libcore.io.IoBridge.connect(IoBridge.java:122)
08-16 14:35:23.300 W/System.err(20685): 	at java.net.PlainSocketImpl.connect(PlainSocketImpl.java:183)
08-16 14:35:23.300 W/System.err(20685): 	at java.net.PlainSocketImpl.connect(PlainSocketImpl.java:452)
08-16 14:35:23.300 W/System.err(20685): 	at java.net.Socket.connect(Socket.java:884)
08-16 14:35:23.300 W/System.err(20685): 	at com.stv.filemanager.netstorage.scansmb.DefaultDiscovery.SendSmbNegotiate(DefaultDiscovery.java:185)
08-16 14:35:23.300 W/System.err(20685): 	at com.stv.filemanager.netstorage.scansmb.DefaultDiscovery.-wrap0(DefaultDiscovery.java)
08-16 14:35:23.300 W/System.err(20685): 	at com.stv.filemanager.netstorage.scansmb.DefaultDiscovery$CheckRunnable.run(DefaultDiscovery.java:158)
08-16 14:35:23.300 W/System.err(20685): 	at java.util.concurrent.ThreadPoolExecutor.runWorker(ThreadPoolExecutor.java:1113)
08-16 14:35:23.300 W/System.err(20685): 	at java.util.concurrent.ThreadPoolExecutor$Worker.run(ThreadPoolExecutor.java:588)
08-16 14:35:23.300 W/System.err(20685): 	at java.lang.Thread.run(Thread.java:818)
08-16 14:35:23.301 W/System.err(20685): java.net.SocketTimeoutException: failed to connect to /10.58.80.204 (port 139) after 800ms
08-16 14:35:23.301 W/System.err(20685): 	at libcore.io.IoBridge.connectErrno(IoBridge.java:169)
08-16 14:35:23.301 W/System.err(20685): 	at libcore.io.IoBridge.connect(IoBridge.java:122)
08-16 14:35:23.301 W/System.err(20685): 	at java.net.PlainSocketImpl.connect(PlainSocketImpl.java:183)
08-16 14:35:23.301 W/System.err(20685): 	at java.net.PlainSocketImpl.connect(PlainSocketImpl.java:452)
08-16 14:35:23.301 W/System.err(20685): 	at java.net.Socket.connect(Socket.java:884)
08-16 14:35:23.301 W/System.err(20685): 	at com.stv.filemanager.netstorage.scansmb.DefaultDiscovery.SendSmbNegotiate(DefaultDiscovery.java:185)
08-16 14:35:23.301 W/System.err(20685): 	at com.stv.filemanager.netstorage.scansmb.DefaultDiscovery.-wrap0(DefaultDiscovery.java)
08-16 14:35:23.301 W/System.err(20685): 	at com.stv.filemanager.netstorage.scansmb.DefaultDiscovery$CheckRunnable.run(DefaultDiscovery.java:158)
08-16 14:35:23.301 W/System.err(20685): 	at java.util.concurrent.ThreadPoolExecutor.runWorker(ThreadPoolExecutor.java:1113)
08-16 14:35:23.301 W/System.err(20685): 	at java.util.concurrent.ThreadPoolExecutor$Worker.run(ThreadPoolExecutor.java:588)
08-16 14:35:23.301 W/System.err(20685): 	at java.lang.Thread.run(Thread.java:818)
08-16 14:35:23.466 I/tvos    ( 1764): GetAudioOutputDevice, retval : 0
08-16 14:35:23.567 W/art     (20685): Long monitor contention event with owner method=void org.cybergarage.upnp.ControlPoint.addDevice(org.cybergarage.upnp.ssdp.SSDPPacket) from ControlPoint.java:4294967295 waiters=0 for 979ms
08-16 14:35:23.716 I/tvos    ( 1764): GetAudioOutputDevice, retval : 0
08-16 14:35:23.966 I/tvos    ( 1764): GetAudioOutputDevice, retval : 0
08-16 14:35:24.092 W/System.err(20685): java.net.SocketTimeoutException: failed to connect to /10.58.80.208 (port 139) after 800ms
08-16 14:35:24.092 W/System.err(20685): 	at libcore.io.IoBridge.connectErrno(IoBridge.java:169)
08-16 14:35:24.092 W/System.err(20685): 	at libcore.io.IoBridge.connect(IoBridge.java:122)
08-16 14:35:24.092 W/System.err(20685): 	at java.net.PlainSocketImpl.connect(PlainSocketImpl.java:183)
08-16 14:35:24.092 W/System.err(20685): 	at java.net.PlainSocketImpl.connect(PlainSocketImpl.java:452)
08-16 14:35:24.092 W/System.err(20685): 	at java.net.Socket.connect(Socket.java:884)
08-16 14:35:24.092 W/System.err(20685): 	at com.stv.filemanager.netstorage.scansmb.DefaultDiscovery.SendSmbNegotiate(DefaultDiscovery.java:185)
08-16 14:35:24.092 W/System.err(20685): 	at com.stv.filemanager.netstorage.scansmb.DefaultDiscovery.-wrap0(DefaultDiscovery.java)
08-16 14:35:24.093 W/System.err(20685): 	at com.stv.filemanager.netstorage.scansmb.DefaultDiscovery$CheckRunnable.run(DefaultDiscovery.java:158)
08-16 14:35:24.093 W/System.err(20685): 	at java.util.concurrent.ThreadPoolExecutor.runWorker(ThreadPoolExecutor.java:1113)
08-16 14:35:24.093 W/System.err(20685): 	at java.util.concurrent.ThreadPoolExecutor$Worker.run(ThreadPoolExecutor.java:588)
08-16 14:35:24.093 W/System.err(20685): 	at java.lang.Thread.run(Thread.java:818)
08-16 14:35:24.094 W/System.err(20685): java.net.SocketTimeoutException: failed to connect to /10.58.80.191 (port 139) after 800ms
08-16 14:35:24.095 W/System.err(20685): 	at libcore.io.IoBridge.connectErrno(IoBridge.java:169)
08-16 14:35:24.095 W/System.err(20685): 	at libcore.io.IoBridge.connect(IoBridge.java:122)
08-16 14:35:24.095 W/System.err(20685): 	at java.net.PlainSocketImpl.connect(PlainSocketImpl.java:183)
08-16 14:35:24.095 W/System.err(20685): 	at java.net.PlainSocketImpl.connect(PlainSocketImpl.java:452)
08-16 14:35:24.095 W/System.err(20685): 	at java.net.Socket.connect(Socket.java:884)
08-16 14:35:24.095 W/System.err(20685): 	at com.stv.filemanager.netstorage.scansmb.DefaultDiscovery.SendSmbNegotiate(DefaultDiscovery.java:185)
08-16 14:35:24.095 W/System.err(20685): 	at com.stv.filemanager.netstorage.scansmb.DefaultDiscovery.-wrap0(DefaultDiscovery.java)
08-16 14:35:24.095 W/System.err(20685): 	at com.stv.filemanager.netstorage.scansmb.DefaultDiscovery$CheckRunnable.run(DefaultDiscovery.java:158)
08-16 14:35:24.095 W/System.err(20685): 	at java.util.concurrent.ThreadPoolExecutor.runWorker(ThreadPoolExecutor.java:1113)
08-16 14:35:24.095 W/System.err(20685): 	at java.util.concurrent.ThreadPoolExecutor$Worker.run(ThreadPoolExecutor.java:588)
08-16 14:35:24.095 W/System.err(20685): 	at java.lang.Thread.run(Thread.java:818)
08-16 14:35:24.098 W/System.err(20685): java.net.SocketTimeoutException: failed to connect to /10.58.80.190 (port 139) after 800ms
08-16 14:35:24.098 W/System.err(20685): java.net.SocketTimeoutException: failed to connect to /10.58.80.210 (port 139) after 800ms
08-16 14:35:24.098 W/System.err(20685): 	at 	at libcore.io.IoBridge.connectErrno(IoBridge.java:169)
08-16 14:35:24.098 W/System.err(20685): 	at libcore.io.IoBridge.connectErrno(IoBridge.java:169)
08-16 14:35:24.098 W/System.err(20685): 	at libcore.io.IoBridge.connect(IoBridge.java:122)
08-16 14:35:24.098 W/System.err(20685): libcore.io.IoBridge.connect(IoBridge.java:122)
08-16 14:35:24.098 W/System.err(20685): 	at 	at java.net.PlainSocketImpl.connect(PlainSocketImpl.java:183)
08-16 14:35:24.098 W/System.err(20685): 	at java.net.PlainSocketImpl.connect(PlainSocketImpl.java:183)
08-16 14:35:24.098 W/System.err(20685): 	at java.net.PlainSocketImpl.connect(PlainSocketImpl.java:452)
08-16 14:35:24.098 W/System.err(20685): java.net.PlainSocketImpl.connect(PlainSocketImpl.java:452)
08-16 14:35:24.098 W/System.err(20685): 	at 	at java.net.Socket.connect(Socket.java:884)
08-16 14:35:24.098 W/System.err(20685): 	at com.stv.filemanager.netstorage.scansmb.DefaultDiscovery.SendSmbNegotiate(DefaultDiscovery.java:185)
08-16 14:35:24.098 W/System.err(20685): 	at com.stv.filemanager.netstorage.scansmb.DefaultDiscovery.-wrap0(DefaultDiscovery.java)
08-16 14:35:24.098 W/System.err(20685): 	at com.stv.filemanager.netstorage.scansmb.DefaultDiscovery$CheckRunnable.run(DefaultDiscovery.java:158)
08-16 14:35:24.098 W/System.err(20685): 	at java.util.concurrent.ThreadPoolExecutor.runWorker(ThreadPoolExecutor.java:1113)
08-16 14:35:24.098 W/System.err(20685): 	at java.util.concurrent.ThreadPoolExecutor$Worker.run(ThreadPoolExecutor.java:588)
08-16 14:35:24.098 W/System.err(20685): 	at java.lang.Thread.run(Thread.java:818)
08-16 14:35:24.098 W/System.err(20685): java.net.SocketTimeoutException: failed to connect to /10.58.80.209 (port 139) after 800ms
08-16 14:35:24.098 W/System.err(20685): 	at libcore.io.IoBridge.connectErrno(IoBridge.java:169)
08-16 14:35:24.098 W/System.err(20685): 	at libcore.io.IoBridge.connect(IoBridge.java:122)
08-16 14:35:24.098 W/System.err(20685): 	at java.net.PlainSocketImpl.connect(PlainSocketImpl.java:183)
08-16 14:35:24.098 W/System.err(20685): 	at java.net.PlainSocketImpl.connect(PlainSocketImpl.java:452)
08-16 14:35:24.098 W/System.err(20685): 	at java.net.Socket.connect(Socket.java:884)
08-16 14:35:24.098 W/System.err(20685): 	at com.stv.filemanager.netstorage.scansmb.DefaultDiscovery.SendSmbNegotiate(DefaultDiscovery.java:185)
08-16 14:35:24.098 W/System.err(20685): 	at com.stv.filemanager.netstorage.scansmb.DefaultDiscovery.-wrap0(DefaultDiscovery.java)
08-16 14:35:24.098 W/System.err(20685): 	at com.stv.filemanager.netstorage.scansmb.DefaultDiscovery$CheckRunnable.run(DefaultDiscovery.java:158)
08-16 14:35:24.098 W/System.err(20685): 	at java.util.concurrent.ThreadPoolExecutor.runWorker(ThreadPoolExecutor.java:1113)
08-16 14:35:24.098 W/System.err(20685): 	at java.util.concurrent.ThreadPoolExecutor$Worker.run(ThreadPoolExecutor.java:588)
08-16 14:35:24.098 W/System.err(20685): 	at java.lang.Thread.run(Thread.java:818)
08-16 14:35:24.099 W/System.err(20685): java.net.Socket.connect(Socket.java:884)
08-16 14:35:24.099 W/System.err(20685): 	at com.stv.filemanager.netstorage.scansmb.DefaultDiscovery.SendSmbNegotiate(DefaultDiscovery.java:185)
08-16 14:35:24.099 W/System.err(20685): 	at com.stv.filemanager.netstorage.scansmb.DefaultDiscovery.-wrap0(DefaultDiscovery.java)
08-16 14:35:24.099 W/System.err(20685): 	at com.stv.filemanager.netstorage.scansmb.DefaultDiscovery$CheckRunnable.run(DefaultDiscovery.java:158)
08-16 14:35:24.099 W/System.err(20685): 	at java.util.concurrent.ThreadPoolExecutor.runWorker(ThreadPoolExecutor.java:1113)
08-16 14:35:24.099 W/System.err(20685): 	at java.util.concurrent.ThreadPoolExecutor$Worker.run(ThreadPoolExecutor.java:588)
08-16 14:35:24.099 W/System.err(20685): 	at java.lang.Thread.run(Thread.java:818)
08-16 14:35:24.100 W/System.err(20685): java.net.SocketTimeoutException: failed to connect to /10.58.80.189 (port 139) after 800ms
08-16 14:35:24.100 W/System.err(20685): 	at libcore.io.IoBridge.connectErrno(IoBridge.java:169)
08-16 14:35:24.100 W/System.err(20685): 	at libcore.io.IoBridge.connect(IoBridge.java:122)
08-16 14:35:24.100 W/System.err(20685): 	at java.net.PlainSocketImpl.connect(PlainSocketImpl.java:183)
08-16 14:35:24.100 W/System.err(20685): 	at java.net.PlainSocketImpl.connect(PlainSocketImpl.java:452)
08-16 14:35:24.100 W/System.err(20685): 	at java.net.Socket.connect(Socket.java:884)
08-16 14:35:24.100 W/System.err(20685): 	at com.stv.filemanager.netstorage.scansmb.DefaultDiscovery.SendSmbNegotiate(DefaultDiscovery.java:185)
08-16 14:35:24.100 W/System.err(20685): 	at com.stv.filemanager.netstorage.scansmb.DefaultDiscovery.-wrap0(DefaultDiscovery.java)
08-16 14:35:24.100 W/System.err(20685): 	at com.stv.filemanager.netstorage.scansmb.DefaultDiscovery$CheckRunnable.run(DefaultDiscovery.java:158)
08-16 14:35:24.100 W/System.err(20685): 	at java.util.concurrent.ThreadPoolExecutor.runWorker(ThreadPoolExecutor.java:1113)
08-16 14:35:24.100 W/System.err(20685): 	at java.util.concurrent.ThreadPoolExecutor$Worker.run(ThreadPoolExecutor.java:588)
08-16 14:35:24.100 W/System.err(20685): 	at java.lang.Thread.run(Thread.java:818)
08-16 14:35:24.101 W/System.err(20685): java.net.SocketTimeoutException: failed to connect to /10.58.80.211 (port 139) after 800ms
08-16 14:35:24.101 W/System.err(20685): java.net.SocketTimeoutException: failed to connect to /10.58.80.188 (port 139) after 800ms
08-16 14:35:24.101 W/System.err(20685): 	at 	at libcore.io.IoBridge.connectErrno(IoBridge.java:169)
08-16 14:35:24.101 W/System.err(20685): 	at libcore.io.IoBridge.connect(IoBridge.java:122)
08-16 14:35:24.101 W/System.err(20685): 	at java.net.PlainSocketImpl.connect(PlainSocketImpl.java:183)
08-16 14:35:24.101 W/System.err(20685): 	at java.net.PlainSocketImpl.connect(PlainSocketImpl.java:452)
08-16 14:35:24.101 W/System.err(20685): 	at java.net.Socket.connect(Socket.java:884)
08-16 14:35:24.101 W/System.err(20685): 	at com.stv.filemanager.netstorage.scansmb.DefaultDiscovery.SendSmbNegotiate(DefaultDiscovery.java:185)
08-16 14:35:24.101 W/System.err(20685): 	at com.stv.filemanager.netstorage.scansmb.DefaultDiscovery.-wrap0(DefaultDiscovery.java)
08-16 14:35:24.101 W/System.err(20685): 	at com.stv.filemanager.netstorage.scansmb.DefaultDiscovery$CheckRunnable.run(DefaultDiscovery.java:158)
08-16 14:35:24.101 W/System.err(20685): 	at java.util.concurrent.ThreadPoolExecutor.runWorker(ThreadPoolExecutor.java:1113)
08-16 14:35:24.101 W/System.err(20685): 	at java.util.concurrent.ThreadPoolExecutor$Worker.run(ThreadPoolExecutor.java:588)
08-16 14:35:24.101 W/System.err(20685): 	at java.lang.Thread.run(Thread.java:818)
08-16 14:35:24.103 W/System.err(20685): java.net.SocketTimeoutException: failed to connect to /10.58.80.187 (port 139) after 800ms
08-16 14:35:24.103 W/System.err(20685): 	at libcore.io.IoBridge.connectErrno(IoBridge.java:169)
08-16 14:35:24.103 W/System.err(20685): 	at libcore.io.IoBridge.connect(IoBridge.java:122)
08-16 14:35:24.103 W/System.err(20685): 	at java.net.PlainSocketImpl.connect(PlainSocketImpl.java:183)
08-16 14:35:24.103 W/System.err(20685): 	at java.net.PlainSocketImpl.connect(PlainSocketImpl.java:452)
08-16 14:35:24.103 W/System.err(20685): 	at java.net.Socket.connect(Socket.java:884)
08-16 14:35:24.103 W/System.err(20685): 	at com.stv.filemanager.netstorage.scansmb.DefaultDiscovery.SendSmbNegotiate(DefaultDiscovery.java:185)
08-16 14:35:24.103 W/System.err(20685): 	at com.stv.filemanager.netstorage.scansmb.DefaultDiscovery.-wrap0(DefaultDiscovery.java)
08-16 14:35:24.103 W/System.err(20685): 	at com.stv.filemanager.netstorage.scansmb.DefaultDiscovery$CheckRunnable.run(DefaultDiscovery.java:158)
08-16 14:35:24.103 W/System.err(20685): 	at java.util.concurrent.ThreadPoolExecutor.runWorker(ThreadPoolExecutor.java:1113)
08-16 14:35:24.103 W/System.err(20685): 	at java.util.concurrent.ThreadPoolExecutor$Worker.run(ThreadPoolExecutor.java:588)
08-16 14:35:24.103 W/System.err(20685): 	at java.lang.Thread.run(Thread.java:818)
08-16 14:35:24.104 W/System.err(20685): libcore.io.IoBridge.connectErrno(IoBridge.java:169)
08-16 14:35:24.104 W/System.err(20685): 	at libcore.io.IoBridge.connect(IoBridge.java:122)
08-16 14:35:24.104 W/System.err(20685): 	at java.net.PlainSocketImpl.connect(PlainSocketImpl.java:183)
08-16 14:35:24.104 W/System.err(20685): 	at java.net.PlainSocketImpl.connect(PlainSocketImpl.java:452)
08-16 14:35:24.104 W/System.err(20685): 	at java.net.Socket.connect(Socket.java:884)
08-16 14:35:24.104 W/System.err(20685): 	at com.stv.filemanager.netstorage.scansmb.DefaultDiscovery.SendSmbNegotiate(DefaultDiscovery.java:185)
08-16 14:35:24.105 W/System.err(20685): 	at com.stv.filemanager.netstorage.scansmb.DefaultDiscovery.-wrap0(DefaultDiscovery.java)
08-16 14:35:24.105 W/System.err(20685): 	at com.stv.filemanager.netstorage.scansmb.DefaultDiscovery$CheckRunnable.run(DefaultDiscovery.java:158)
08-16 14:35:24.105 W/System.err(20685): 	at java.util.concurrent.ThreadPoolExecutor.runWorker(ThreadPoolExecutor.java:1113)
08-16 14:35:24.105 W/System.err(20685): 	at java.util.concurrent.ThreadPoolExecutor$Worker.run(ThreadPoolExecutor.java:588)
08-16 14:35:24.105 W/System.err(20685): 	at java.lang.Thread.run(Thread.java:818)
08-16 14:35:24.109 W/System.err(20685): java.net.ConnectException: failed to connect to /10.58.80.218 (port 139) after 800ms: isConnected failed: ECONNREFUSED (Connection refused)
08-16 14:35:24.109 W/System.err(20685): java.net.SocketTimeoutException: failed to connect to /10.58.80.186 (port 139) after 800ms
08-16 14:35:24.109 W/System.err(20685): 	at 	at libcore.io.IoBridge.connectErrno(IoBridge.java:169)
08-16 14:35:24.109 W/System.err(20685): 	at libcore.io.IoBridge.isConnected(IoBridge.java:234)
08-16 14:35:24.109 W/System.err(20685): 	at libcore.io.IoBridge.connect(IoBridge.java:122)
08-16 14:35:24.109 W/System.err(20685): 	at libcore.io.IoBridge.connectErrno(IoBridge.java:171)
08-16 14:35:24.109 W/System.err(20685): 	at java.net.PlainSocketImpl.connect(PlainSocketImpl.java:183)
08-16 14:35:24.109 W/System.err(20685): 	at libcore.io.IoBridge.connect(IoBridge.java:122)
08-16 14:35:24.109 W/System.err(20685): 	at java.net.PlainSocketImpl.connect(PlainSocketImpl.java:452)
08-16 14:35:24.109 W/System.err(20685): 	at java.net.PlainSocketImpl.connect(PlainSocketImpl.java:183)
08-16 14:35:24.109 W/System.err(20685): 	at java.net.Socket.connect(Socket.java:884)
08-16 14:35:24.109 W/System.err(20685): 	at java.net.PlainSocketImpl.connect(PlainSocketImpl.java:452)
08-16 14:35:24.109 W/System.err(20685): 	at com.stv.filemanager.netstorage.scansmb.DefaultDiscovery.SendSmbNegotiate(DefaultDiscovery.java:185)
08-16 14:35:24.109 W/System.err(20685): 	at java.net.Socket.connect(Socket.java:884)
08-16 14:35:24.109 W/System.err(20685): 	at com.stv.filemanager.netstorage.scansmb.DefaultDiscovery.-wrap0(DefaultDiscovery.java)
08-16 14:35:24.109 W/System.err(20685): 	at com.stv.filemanager.netstorage.scansmb.DefaultDiscovery.SendSmbNegotiate(DefaultDiscovery.java:185)
08-16 14:35:24.109 W/System.err(20685): 	at com.stv.filemanager.netstorage.scansmb.DefaultDiscovery$CheckRunnable.run(DefaultDiscovery.java:158)
08-16 14:35:24.109 W/System.err(20685): 	at com.stv.filemanager.netstorage.scansmb.DefaultDiscovery.-wrap0(DefaultDiscovery.java)
08-16 14:35:24.109 W/System.err(20685): 	at java.util.concurrent.ThreadPoolExecutor.runWorker(ThreadPoolExecutor.java:1113)
08-16 14:35:24.109 W/System.err(20685): 	at com.stv.filemanager.netstorage.scansmb.DefaultDiscovery$CheckRunnable.run(DefaultDiscovery.java:158)
08-16 14:35:24.109 W/System.err(20685): 	at java.util.concurrent.ThreadPoolExecutor$Worker.run(ThreadPoolExecutor.java:588)
08-16 14:35:24.109 W/System.err(20685): 	at java.util.concurrent.ThreadPoolExecutor.runWorker(ThreadPoolExecutor.java:1113)
08-16 14:35:24.109 W/System.err(20685): 	at java.lang.Thread.run(Thread.java:818)
08-16 14:35:24.109 W/System.err(20685): java.util.concurrent.ThreadPoolExecutor$Worker.run(ThreadPoolExecutor.java:588)
08-16 14:35:24.109 W/System.err(20685): 	at java.lang.Thread.run(Thread.java:818)
08-16 14:35:24.109 W/System.err(20685): Caused by: android.system.ErrnoException: isConnected failed: ECONNREFUSED (Connection refused)
08-16 14:35:24.109 W/System.err(20685): 	at libcore.io.IoBridge.isConnected(IoBridge.java:223)
08-16 14:35:24.110 W/System.err(20685): 	... 11 more
08-16 14:35:24.113 W/System.err(20685): java.net.ConnectException: failed to connect to /10.58.80.180 (port 139) after 800ms: isConnected failed: ECONNREFUSED (Connection refused)
08-16 14:35:24.113 W/System.err(20685): 	at libcore.io.IoBridge.isConnected(IoBridge.java:234)
08-16 14:35:24.113 W/System.err(20685): 	at libcore.io.IoBridge.connectErrno(IoBridge.java:171)
08-16 14:35:24.113 W/System.err(20685): 	at libcore.io.IoBridge.connect(IoBridge.java:122)
08-16 14:35:24.113 W/System.err(20685): 	at java.net.PlainSocketImpl.connect(PlainSocketImpl.java:183)
08-16 14:35:24.113 W/System.err(20685): 	at java.net.PlainSocketImpl.connect(PlainSocketImpl.java:452)
08-16 14:35:24.113 W/System.err(20685): 	at java.net.Socket.connect(Socket.java:884)
08-16 14:35:24.113 W/System.err(20685): 	at com.stv.filemanager.netstorage.scansmb.DefaultDiscovery.SendSmbNegotiate(DefaultDiscovery.java:185)
08-16 14:35:24.113 W/System.err(20685): 	at com.stv.filemanager.netstorage.scansmb.DefaultDiscovery.-wrap0(DefaultDiscovery.java)
08-16 14:35:24.113 W/System.err(20685): 	at com.stv.filemanager.netstorage.scansmb.DefaultDiscovery$CheckRunnable.run(DefaultDiscovery.java:158)
08-16 14:35:24.113 W/System.err(20685): 	at java.util.concurrent.ThreadPoolExecutor.runWorker(ThreadPoolExecutor.java:1113)
08-16 14:35:24.113 W/System.err(20685): 	at java.util.concurrent.ThreadPoolExecutor$Worker.run(ThreadPoolExecutor.java:588)
08-16 14:35:24.113 W/System.err(20685): 	at java.lang.Thread.run(Thread.java:818)
08-16 14:35:24.114 W/System.err(20685): Caused by: android.system.ErrnoException: isConnected failed: ECONNREFUSED (Connection refused)
08-16 14:35:24.114 W/System.err(20685): 	at libcore.io.IoBridge.isConnected(IoBridge.java:223)
08-16 14:35:24.114 W/System.err(20685): 	... 11 more
08-16 14:35:24.218 I/tvos    ( 1764): GetAudioOutputDevice, retval : 0
08-16 14:35:24.456 I/WifiStateMachine( 2207):  DisconnectedState !SCAN_RESULTS_EVENT  rt=512190889/512190889 0 0 found=182 known=0 got=182 bcn=0 con=0
08-16 14:35:24.457 I/WifiStateMachine( 2207):  ConnectModeState !SCAN_RESULTS_EVENT  rt=512190890/512190890 0 0 found=182 known=0 got=182 bcn=0 con=0
08-16 14:35:24.457 I/WifiStateMachine( 2207):  DriverStartedState !SCAN_RESULTS_EVENT  rt=512190890/512190890 0 0 found=182 known=0 got=182 bcn=0 con=0
08-16 14:35:24.457 I/WifiStateMachine( 2207):  SupplicantStartedState !SCAN_RESULTS_EVENT  rt=512190891/512190891 0 0 found=182 known=0 got=182 bcn=0 con=0
08-16 14:35:24.468 I/tvos    ( 1764): GetAudioOutputDevice, retval : 0
08-16 14:35:24.487 I/StvLogReport( 2837): MiaoZhenReporter, ===retryCachedRequests===
08-16 14:35:24.541 I/WifiStateMachine( 2207): setscanresults newsupplicantresult
08-16 14:35:24.719 I/tvos    ( 1764): GetAudioOutputDevice, retval : 0
08-16 14:35:24.888 W/InputDispatcher( 2207): findFocusedWindow finished: injectionResult=0, timeSpentWaitingForApplication=0.0ms
08-16 14:35:24.888 I/remotestatus( 2207): Msg.what is 101
08-16 14:35:24.888 I/WindowManager( 2207): turn cursor off
08-16 14:35:24.888 E/RemoteManager( 2207): RemoteManager is no longer support in eui6.5
08-16 14:35:24.892 E/InputManager-JNI( 2207): call nativeDisableCursor method with hideCursor
08-16 14:35:24.897 W/System.err(20685): java.net.SocketTimeoutException: failed to connect to /10.58.80.185 (port 139) after 800ms
08-16 14:35:24.897 W/System.err(20685): 	at libcore.io.IoBridge.connectErrno(IoBridge.java:169)
08-16 14:35:24.897 W/System.err(20685): 	at libcore.io.IoBridge.connect(IoBridge.java:122)
08-16 14:35:24.897 W/System.err(20685): 	at java.net.PlainSocketImpl.connect(PlainSocketImpl.java:183)
08-16 14:35:24.897 W/System.err(20685): 	at java.net.PlainSocketImpl.connect(PlainSocketImpl.java:452)
08-16 14:35:24.897 W/System.err(20685): 	at java.net.Socket.connect(Socket.java:884)
08-16 14:35:24.897 W/System.err(20685): 	at com.stv.filemanager.netstorage.scansmb.DefaultDiscovery.SendSmbNegotiate(DefaultDiscovery.java:185)
08-16 14:35:24.897 W/System.err(20685): 	at com.stv.filemanager.netstorage.scansmb.DefaultDiscovery.-wrap0(DefaultDiscovery.java)
08-16 14:35:24.897 W/System.err(20685): 	at com.stv.filemanager.netstorage.scansmb.DefaultDiscovery$CheckRunnable.run(DefaultDiscovery.java:158)
08-16 14:35:24.897 W/System.err(20685): 	at java.util.concurrent.ThreadPoolExecutor.runWorker(ThreadPoolExecutor.java:1113)
08-16 14:35:24.897 W/System.err(20685): 	at java.util.concurrent.ThreadPoolExecutor$Worker.run(ThreadPoolExecutor.java:588)
08-16 14:35:24.897 W/System.err(20685): 	at java.lang.Thread.run(Thread.java:818)
08-16 14:35:24.899 W/System.err(20685): java.net.SocketTimeoutException: failed to connect to /10.58.80.215 (port 139) after 800ms
08-16 14:35:24.899 W/System.err(20685): 	at libcore.io.IoBridge.connectErrno(IoBridge.java:169)
08-16 14:35:24.899 W/System.err(20685): 	at libcore.io.IoBridge.connect(IoBridge.java:122)
08-16 14:35:24.899 W/System.err(20685): 	at java.net.PlainSocketImpl.connect(PlainSocketImpl.java:183)
08-16 14:35:24.899 W/System.err(20685): 	at java.net.PlainSocketImpl.connect(PlainSocketImpl.java:452)
08-16 14:35:24.899 W/System.err(20685): 	at java.net.Socket.connect(Socket.java:884)
08-16 14:35:24.900 W/System.err(20685): 	at com.stv.filemanager.netstorage.scansmb.DefaultDiscovery.SendSmbNegotiate(DefaultDiscovery.java:185)
08-16 14:35:24.900 W/System.err(20685): 	at com.stv.filemanager.netstorage.scansmb.DefaultDiscovery.-wrap0(DefaultDiscovery.java)
08-16 14:35:24.900 W/System.err(20685): 	at com.stv.filemanager.netstorage.scansmb.DefaultDiscovery$CheckRunnable.run(DefaultDiscovery.java:158)
08-16 14:35:24.900 W/System.err(20685): 	at java.util.concurrent.ThreadPoolExecutor.runWorker(ThreadPoolExecutor.java:1113)
08-16 14:35:24.900 W/System.err(20685): 	at java.util.concurrent.ThreadPoolExecutor$Worker.run(ThreadPoolExecutor.java:588)
08-16 14:35:24.900 W/System.err(20685): 	at java.lang.Thread.run(Thread.java:818)
08-16 14:35:24.900 W/System.err(20685): java.net.SocketTimeoutException: failed to connect to /10.58.80.216 (port 139) after 800ms
08-16 14:35:24.900 W/System.err(20685): 	at libcore.io.IoBridge.connectErrno(IoBridge.java:169)
08-16 14:35:24.901 W/System.err(20685): 	at libcore.io.IoBridge.connect(IoBridge.java:122)
08-16 14:35:24.901 W/System.err(20685): 	at java.net.PlainSocketImpl.connect(PlainSocketImpl.java:183)
08-16 14:35:24.901 W/System.err(20685): 	at java.net.PlainSocketImpl.connect(PlainSocketImpl.java:452)
08-16 14:35:24.901 W/System.err(20685): 	at java.net.Socket.connect(Socket.java:884)
08-16 14:35:24.901 W/System.err(20685): 	at com.stv.filemanager.netstorage.scansmb.DefaultDiscovery.SendSmbNegotiate(DefaultDiscovery.java:185)
08-16 14:35:24.901 W/System.err(20685): 	at com.stv.filemanager.netstorage.scansmb.DefaultDiscovery.-wrap0(DefaultDiscovery.java)
08-16 14:35:24.901 W/System.err(20685): 	at com.stv.filemanager.netstorage.scansmb.DefaultDiscovery$CheckRunnable.run(DefaultDiscovery.java:158)
08-16 14:35:24.901 W/System.err(20685): 	at java.net.SocketTimeoutException: failed to connect to /10.58.80.184 (port 139) after 800ms
08-16 14:35:24.901 W/System.err(20685): 	at libcore.io.IoBridge.connectErrno(IoBridge.java:169)
08-16 14:35:24.901 W/System.err(20685): 	at libcore.io.IoBridge.connect(IoBridge.java:122)
08-16 14:35:24.901 W/System.err(20685): 	at java.net.PlainSocketImpl.connect(PlainSocketImpl.java:183)
08-16 14:35:24.901 W/System.err(20685): 	at java.net.PlainSocketImpl.connect(PlainSocketImpl.java:452)
08-16 14:35:24.901 W/System.err(20685): 	at java.net.Socket.connect(Socket.java:884)
08-16 14:35:24.901 W/System.err(20685): 	at com.stv.filemanager.netstorage.scansmb.DefaultDiscovery.SendSmbNegotiate(DefaultDiscovery.java:185)
08-16 14:35:24.901 W/System.err(20685): 	at com.stv.filemanager.netstorage.scansmb.DefaultDiscovery.-wrap0(DefaultDiscovery.java)
08-16 14:35:24.901 W/System.err(20685): 	at com.stv.filemanager.netstorage.scansmb.DefaultDiscovery$CheckRunnable.run(DefaultDiscovery.java:158)
08-16 14:35:24.901 W/System.err(20685): 	at java.util.concurrent.ThreadPoolExecutor.runWorker(ThreadPoolExecutor.java:1113)
08-16 14:35:24.901 W/System.err(20685): 	at java.util.concurrent.ThreadPoolExecutor$Worker.run(ThreadPoolExecutor.java:588)
08-16 14:35:24.901 W/System.err(20685): 	at java.lang.Thread.run(Thread.java:818)
08-16 14:35:24.902 W/System.err(20685): java.net.SocketTimeoutException: failed to connect to /10.58.80.183 (port 139) after 800ms
08-16 14:35:24.902 W/System.err(20685): 	at libcore.io.IoBridge.connectErrno(IoBridge.java:169)
08-16 14:35:24.902 W/System.err(20685): 	at libcore.io.IoBridge.connect(IoBridge.java:122)
08-16 14:35:24.902 W/System.err(20685): 	at java.net.PlainSocketImpl.connect(PlainSocketImpl.java:183)
08-16 14:35:24.902 W/System.err(20685): 	at java.net.PlainSocketImpl.connect(PlainSocketImpl.java:452)
08-16 14:35:24.902 W/System.err(20685): 	at java.net.Socket.connect(Socket.java:884)
08-16 14:35:24.902 W/System.err(20685): 	at com.stv.filemanager.netstorage.scansmb.DefaultDiscovery.SendSmbNegotiate(DefaultDiscovery.java:185)
08-16 14:35:24.902 W/System.err(20685): 	at com.stv.filemanager.netstorage.scansmb.DefaultDiscovery.-wrap0(DefaultDiscovery.java)
08-16 14:35:24.902 W/System.err(20685): 	at com.stv.filemanager.netstorage.scansmb.DefaultDiscovery$CheckRunnable.run(DefaultDiscovery.java:158)
08-16 14:35:24.902 W/System.err(20685): 	at java.util.concurrent.ThreadPoolExecutor.runWorker(ThreadPoolExecutor.java:1113)
08-16 14:35:24.902 W/System.err(20685): 	at java.util.concurrent.ThreadPoolExecutor$Worker.run(ThreadPoolExecutor.java:588)
08-16 14:35:24.902 W/System.err(20685): 	at java.lang.Thread.run(Thread.java:818)
08-16 14:35:24.902 W/System.err(20685): java.net.SocketTimeoutException: failed to connect to /10.58.80.217 (port 139) after 800ms
08-16 14:35:24.903 W/System.err(20685): 	at libcore.io.IoBridge.connectErrno(IoBridge.java:169)
08-16 14:35:24.903 W/System.err(20685): 	at libcore.io.IoBridge.connect(IoBridge.java:122)
08-16 14:35:24.903 W/System.err(20685): 	at java.net.PlainSocketImpl.connect(PlainSocketImpl.java:183)
08-16 14:35:24.903 W/System.err(20685): 	at java.net.PlainSocketImpl.connect(PlainSocketImpl.java:452)
08-16 14:35:24.903 W/System.err(20685): 	at java.net.Socket.connect(Socket.java:884)
08-16 14:35:24.903 W/System.err(20685): 	at com.stv.filemanager.netstorage.scansmb.DefaultDiscovery.SendSmbNegotiate(DefaultDiscovery.java:185)
08-16 14:35:24.903 W/System.err(20685): 	at com.stv.filemanager.netstorage.scansmb.DefaultDiscovery.-wrap0(DefaultDiscovery.java)
08-16 14:35:24.903 W/System.err(20685): 	at com.stv.filemanager.netstorage.scansmb.DefaultDiscovery$CheckRunnable.run(DefaultDiscovery.java:158)
08-16 14:35:24.903 W/System.err(20685): 	at java.util.concurrent.ThreadPoolExecutor.runWorker(ThreadPoolExecutor.java:1113)
08-16 14:35:24.903 W/System.err(20685): 	at java.util.concurrent.ThreadPoolExecutor$Worker.run(ThreadPoolExecutor.java:588)
08-16 14:35:24.903 W/System.err(20685): 	at java.lang.Thread.run(Thread.java:818)
08-16 14:35:24.906 W/System.err(20685): java.util.concurrent.ThreadPoolExecutor.runWorker(ThreadPoolExecutor.java:1113)
08-16 14:35:24.906 W/System.err(20685): 	at java.util.concurrent.ThreadPoolExecutor$Worker.run(ThreadPoolExecutor.java:588)
08-16 14:35:24.906 W/System.err(20685): 	at java.lang.Thread.run(Thread.java:818)
08-16 14:35:24.908 W/System.err(20685): java.net.SocketTimeoutException: failed to connect to /10.58.80.219 (port 139) after 800ms
08-16 14:35:24.909 W/System.err(20685): 	at libcore.io.IoBridge.connectErrno(IoBridge.java:169)
08-16 14:35:24.909 W/System.err(20685): 	at libcore.io.IoBridge.connect(IoBridge.java:122)
08-16 14:35:24.909 W/System.err(20685): 	at java.net.PlainSocketImpl.connect(PlainSocketImpl.java:183)
08-16 14:35:24.909 W/System.err(20685): 	at java.net.PlainSocketImpl.connect(PlainSocketImpl.java:452)
08-16 14:35:24.909 W/System.err(20685): 	at java.net.Socket.connect(Socket.java:884)
08-16 14:35:24.909 W/System.err(20685): 	at com.stv.filemanager.netstorage.scansmb.DefaultDiscovery.SendSmbNegotiate(DefaultDiscovery.java:185)
08-16 14:35:24.909 W/System.err(20685): 	at com.stv.filemanager.netstorage.scansmb.DefaultDiscovery.-wrap0(DefaultDiscovery.java)
08-16 14:35:24.909 W/System.err(20685): 	at com.stv.filemanager.netstorage.scansmb.DefaultDiscovery$CheckRunnable.run(DefaultDiscovery.java:158)
08-16 14:35:24.909 W/System.err(20685): 	at java.util.concurrent.ThreadPoolExecutor.runWorker(ThreadPoolExecutor.java:1113)
08-16 14:35:24.909 W/System.err(20685): 	at java.util.concurrent.ThreadPoolExecutor$Worker.run(ThreadPoolExecutor.java:588)
08-16 14:35:24.909 W/System.err(20685): 	at java.lang.Thread.run(Thread.java:818)
08-16 14:35:24.911 W/System.err(20685): java.net.ConnectException: failed to connect to /10.58.80.173 (port 139) after 800ms: isConnected failed: ECONNREFUSED (Connection refused)
08-16 14:35:24.912 W/System.err(20685): 	at libcore.io.IoBridge.isConnected(IoBridge.java:234)
08-16 14:35:24.912 W/System.err(20685): 	at libcore.io.IoBridge.connectErrno(IoBridge.java:171)
08-16 14:35:24.912 W/System.err(20685): 	at libcore.io.IoBridge.connect(IoBridge.java:122)
08-16 14:35:24.912 W/System.err(20685): 	at java.net.PlainSocketImpl.connect(PlainSocketImpl.java:183)
08-16 14:35:24.912 W/System.err(20685): 	at java.net.PlainSocketImpl.connect(PlainSocketImpl.java:452)
08-16 14:35:24.912 W/System.err(20685): 	at java.net.Socket.connect(Socket.java:884)
08-16 14:35:24.912 W/System.err(20685): 	at com.stv.filemanager.netstorage.scansmb.DefaultDiscovery.SendSmbNegotiate(DefaultDiscovery.java:185)
08-16 14:35:24.912 W/System.err(20685): 	at com.stv.filemanager.netstorage.scansmb.DefaultDiscovery.-wrap0(DefaultDiscovery.java)
08-16 14:35:24.912 W/System.err(20685): 	at com.stv.filemanager.netstorage.scansmb.DefaultDiscovery$CheckRunnable.run(DefaultDiscovery.java:158)
08-16 14:35:24.912 W/System.err(20685): 	at java.util.concurrent.ThreadPoolExecutor.runWorker(ThreadPoolExecutor.java:1113)
08-16 14:35:24.912 W/System.err(20685): 	at java.util.concurrent.ThreadPoolExecutor$Worker.run(ThreadPoolExecutor.java:588)
08-16 14:35:24.912 W/System.err(20685): 	at java.lang.Thread.run(Thread.java:818)
08-16 14:35:24.912 W/System.err(20685): Caused by: android.system.ErrnoException: isConnected failed: ECONNREFUSED (Connection refused)
08-16 14:35:24.912 W/System.err(20685): 	at libcore.io.IoBridge.isConnected(IoBridge.java:223)
08-16 14:35:24.912 W/System.err(20685): 	... 11 more
08-16 14:35:24.912 W/System.err(20685): java.net.ConnectException: failed to connect to /10.58.80.174 (port 139) after 800ms: isConnected failed: ECONNREFUSED (Connection refused)
08-16 14:35:24.913 W/System.err(20685): 	at libcore.io.IoBridge.isConnected(IoBridge.java:234)
08-16 14:35:24.913 W/System.err(20685): 	at libcore.io.IoBridge.connectErrno(IoBridge.java:171)
08-16 14:35:24.913 W/System.err(20685): 	at libcore.io.IoBridge.connect(IoBridge.java:122)
08-16 14:35:24.913 W/System.err(20685): 	at java.net.PlainSocketImpl.connect(PlainSocketImpl.java:183)
08-16 14:35:24.913 W/System.err(20685): 	at java.net.PlainSocketImpl.connect(PlainSocketImpl.java:452)
08-16 14:35:24.913 W/System.err(20685): 	at java.net.Socket.connect(Socket.java:884)
08-16 14:35:24.913 W/System.err(20685): 	at com.stv.filemanager.netstorage.scansmb.DefaultDiscovery.SendSmbNegotiate(DefaultDiscovery.java:185)
08-16 14:35:24.913 W/System.err(20685): 	at com.stv.filemanager.netstorage.scansmb.DefaultDiscovery.-wrap0(DefaultDiscovery.java)
08-16 14:35:24.913 W/System.err(20685): 	at com.stv.filemanager.netstorage.scansmb.DefaultDiscovery$CheckRunnable.run(DefaultDiscovery.java:158)
08-16 14:35:24.913 W/System.err(20685): 	at java.util.concurrent.ThreadPoolExecutor.runWorker(ThreadPoolExecutor.java:1113)
08-16 14:35:24.913 W/System.err(20685): 	at java.util.concurrent.ThreadPoolExecutor$Worker.run(ThreadPoolExecutor.java:588)
08-16 14:35:24.913 W/System.err(20685): 	at java.lang.Thread.run(Thread.java:818)
08-16 14:35:24.913 W/System.err(20685): Caused by: android.system.ErrnoException: isConnected failed: ECONNREFUSED (Connection refused)
08-16 14:35:24.913 W/System.err(20685): 	at libcore.io.IoBridge.isConnected(IoBridge.java:223)
08-16 14:35:24.913 W/System.err(20685): 	... 11 more
08-16 14:35:24.916 W/System.err(20685): java.net.SocketTimeoutException: failed to connect to /10.58.80.221 (port 139) after 800ms
08-16 14:35:24.916 W/System.err(20685): java.net.ConnectException: failed to connect to /10.58.80.227 (port 139) after 800ms: isConnected failed: ECONNREFUSED (Connection refused)
08-16 14:35:24.916 W/System.err(20685): 	at libcore.io.IoBridge.connectErrno(IoBridge.java:169)
08-16 14:35:24.916 W/System.err(20685): 	at libcore.io.IoBridge.connect(IoBridge.java:122)
08-16 14:35:24.916 W/System.err(20685): 	at java.net.PlainSocketImpl.connect(PlainSocketImpl.java:183)
08-16 14:35:24.916 W/System.err(20685): 	at java.net.PlainSocketImpl.connect(PlainSocketImpl.java:452)
08-16 14:35:24.916 W/System.err(20685): 	at 	at java.net.Socket.connect(Socket.java:884)
08-16 14:35:24.916 W/System.err(20685): 	at com.stv.filemanager.netstorage.scansmb.DefaultDiscovery.SendSmbNegotiate(DefaultDiscovery.java:185)
08-16 14:35:24.916 W/System.err(20685): 	at com.stv.filemanager.netstorage.scansmb.DefaultDiscovery.-wrap0(DefaultDiscovery.java)
08-16 14:35:24.916 W/System.err(20685): 	at com.stv.filemanager.netstorage.scansmb.DefaultDiscovery$CheckRunnable.run(DefaultDiscovery.java:158)
08-16 14:35:24.916 W/System.err(20685): 	at java.util.concurrent.ThreadPoolExecutor.runWorker(ThreadPoolExecutor.java:1113)
08-16 14:35:24.916 W/System.err(20685): 	at java.util.concurrent.ThreadPoolExecutor$Worker.run(ThreadPoolExecutor.java:588)
08-16 14:35:24.916 W/System.err(20685): 	at java.lang.Thread.run(Thread.java:818)
08-16 14:35:24.918 W/System.err(20685): java.net.ConnectException: failed to connect to /10.58.80.172 (port 139) after 800ms: isConnected failed: ECONNREFUSED (Connection refused)
08-16 14:35:24.918 W/System.err(20685): 	at libcore.io.IoBridge.isConnected(IoBridge.java:234)
08-16 14:35:24.918 W/System.err(20685): 	at libcore.io.IoBridge.connectErrno(IoBridge.java:171)
08-16 14:35:24.918 W/System.err(20685): 	at libcore.io.IoBridge.connect(IoBridge.java:122)
08-16 14:35:24.918 W/System.err(20685): 	at java.net.PlainSocketImpl.connect(PlainSocketImpl.java:183)
08-16 14:35:24.918 W/System.err(20685): 	at java.net.PlainSocketImpl.connect(PlainSocketImpl.java:452)
08-16 14:35:24.918 W/System.err(20685): 	at java.net.Socket.connect(Socket.java:884)
08-16 14:35:24.918 W/System.err(20685): 	at com.stv.filemanager.netstorage.scansmb.DefaultDiscovery.SendSmbNegotiate(DefaultDiscovery.java:185)
08-16 14:35:24.919 W/System.err(20685): 	at com.stv.filemanager.netstorage.scansmb.DefaultDiscovery.-wrap0(DefaultDiscovery.java)
08-16 14:35:24.921 W/System.err(20685): 	at java.net.SocketTimeoutException: failed to connect to /10.58.80.177 (port 139) after 800ms
08-16 14:35:24.921 W/System.err(20685): 	at libcore.io.IoBridge.connectErrno(IoBridge.java:169)
08-16 14:35:24.921 W/System.err(20685): 	at libcore.io.IoBridge.connect(IoBridge.java:122)
08-16 14:35:24.921 W/System.err(20685): 	at java.net.PlainSocketImpl.connect(PlainSocketImpl.java:183)
08-16 14:35:24.921 W/System.err(20685): 	at java.net.PlainSocketImpl.connect(PlainSocketImpl.java:452)
08-16 14:35:24.921 W/System.err(20685): 	at java.net.Socket.connect(Socket.java:884)
08-16 14:35:24.921 W/System.err(20685): 	at com.stv.filemanager.netstorage.scansmb.DefaultDiscovery.SendSmbNegotiate(DefaultDiscovery.java:185)
08-16 14:35:24.921 W/System.err(20685): 	at com.stv.filemanager.netstorage.scansmb.DefaultDiscovery.-wrap0(DefaultDiscovery.java)
08-16 14:35:24.921 W/System.err(20685): 	at com.stv.filemanager.netstorage.scansmb.DefaultDiscovery$CheckRunnable.run(DefaultDiscovery.java:158)
08-16 14:35:24.921 W/System.err(20685): 	at java.util.concurrent.ThreadPoolExecutor.runWorker(ThreadPoolExecutor.java:1113)
08-16 14:35:24.921 W/System.err(20685): 	at java.util.concurrent.ThreadPoolExecutor$Worker.run(ThreadPoolExecutor.java:588)
08-16 14:35:24.921 W/System.err(20685): 	at java.lang.Thread.run(Thread.java:818)
08-16 14:35:24.922 W/System.err(20685): com.stv.filemanager.netstorage.scansmb.DefaultDiscovery$CheckRunnable.run(DefaultDiscovery.java:158)
08-16 14:35:24.922 W/System.err(20685): 	at java.util.concurrent.ThreadPoolExecutor.runWorker(ThreadPoolExecutor.java:1113)
08-16 14:35:24.922 W/System.err(20685): 	at java.util.concurrent.ThreadPoolExecutor$Worker.run(ThreadPoolExecutor.java:588)
08-16 14:35:24.922 W/System.err(20685): 	at java.lang.Thread.run(Thread.java:818)
08-16 14:35:24.922 W/System.err(20685): Caused by: android.system.ErrnoException: isConnected failed: ECONNREFUSED (Connection refused)
08-16 14:35:24.922 W/System.err(20685): 	at libcore.io.IoBridge.isConnected(IoBridge.java:223)
08-16 14:35:24.922 W/System.err(20685): 	... 11 more
08-16 14:35:24.924 W/System.err(20685): java.net.ConnectException: failed to connect to /10.58.80.228 (port 139) after 800ms: isConnected failed: ECONNREFUSED (Connection refused)
08-16 14:35:24.924 W/System.err(20685): 	at libcore.io.IoBridge.isConnected(IoBridge.java:234)
08-16 14:35:24.924 W/System.err(20685): 	at libcore.io.IoBridge.connectErrno(IoBridge.java:171)
08-16 14:35:24.924 W/System.err(20685): 	at libcore.io.IoBridge.connect(IoBridge.java:122)
08-16 14:35:24.924 W/System.err(20685): 	at java.net.PlainSocketImpl.connect(PlainSocketImpl.java:183)
08-16 14:35:24.924 W/System.err(20685): 	at java.net.PlainSocketImpl.connect(PlainSocketImpl.java:452)
08-16 14:35:24.924 W/System.err(20685): 	at java.net.Socket.connect(Socket.java:884)
08-16 14:35:24.924 W/System.err(20685): 	at com.stv.filemanager.netstorage.scansmb.DefaultDiscovery.SendSmbNegotiate(DefaultDiscovery.java:185)
08-16 14:35:24.924 W/System.err(20685): 	at com.stv.filemanager.netstorage.scansmb.DefaultDiscovery.-wrap0(DefaultDiscovery.java)
08-16 14:35:24.924 W/System.err(20685): 	at com.stv.filemanager.netstorage.scansmb.DefaultDiscovery$CheckRunnable.run(DefaultDiscovery.java:158)
08-16 14:35:24.924 W/System.err(20685): 	at java.util.concurrent.ThreadPoolExecutor.runWorker(ThreadPoolExecutor.java:1113)
08-16 14:35:24.924 W/System.err(20685): 	at java.util.concurrent.ThreadPoolExecutor$Worker.run(ThreadPoolExecutor.java:588)
08-16 14:35:24.924 W/System.err(20685): 	at java.lang.Thread.run(Thread.java:818)
08-16 14:35:24.924 W/System.err(20685): Caused by: android.system.ErrnoException: isConnected failed: ECONNREFUSED (Connection refused)
08-16 14:35:24.925 W/System.err(20685): libcore.io.IoBridge.isConnected(IoBridge.java:234)
08-16 14:35:24.925 W/System.err(20685): 	at libcore.io.IoBridge.connectErrno(IoBridge.java:171)
08-16 14:35:24.925 W/System.err(20685): 	at libcore.io.IoBridge.connect(IoBridge.java:122)
08-16 14:35:24.925 W/System.err(20685): 	at java.net.PlainSocketImpl.connect(PlainSocketImpl.java:183)
08-16 14:35:24.925 W/System.err(20685): 	at java.net.PlainSocketImpl.connect(PlainSocketImpl.java:452)
08-16 14:35:24.925 I/SoundPool( 2207): enter : func play
08-16 14:35:24.926 W/System.err(20685): 	at java.net.Socket.connect(Socket.java:884)
08-16 14:35:24.926 W/System.err(20685): 	at com.stv.filemanager.netstorage.scansmb.DefaultDiscovery.SendSmbNegotiate(DefaultDiscovery.java:185)
08-16 14:35:24.926 W/System.err(20685): 	at com.stv.filemanager.netstorage.scansmb.DefaultDiscovery.-wrap0(DefaultDiscovery.java)
08-16 14:35:24.926 W/System.err(20685): 	at com.stv.filemanager.netstorage.scansmb.DefaultDiscovery$CheckRunnable.run(DefaultDiscovery.java:158)
08-16 14:35:24.926 W/System.err(20685): 	at java.util.concurrent.ThreadPoolExecutor.runWorker(ThreadPoolExecutor.java:1113)
08-16 14:35:24.926 W/System.err(20685): 	at java.util.concurrent.ThreadPoolExecutor$Worker.run(ThreadPoolExecutor.java:588)
08-16 14:35:24.927 W/System.err(20685): 	at java.lang.Thread.run(Thread.java:818)
08-16 14:35:24.927 W/System.err(20685): Caused by: android.system.ErrnoException: isConnected failed: ECONNREFUSED (Connection refused)
08-16 14:35:24.928 W/System.err(20685): 	at libcore.io.IoBridge.isConnected(IoBridge.java:223)
08-16 14:35:24.928 W/System.err(20685): 	... 11 more
08-16 14:35:24.929 W/System.err(20685): 	at libcore.io.IoBridge.isConnected(IoBridge.java:223)
08-16 14:35:24.929 W/System.err(20685): 	... 11 more
